11-26 12:27:04.485  2237  2254 D DroidFlux:Dispatcher: An action of type [GIF_LIST_FETCHING] was dispatched, but no reducer handled it
11-26 12:27:04.486  2237  2254 I DroidFlux:Dispatcher: [COMPLETED] dispatch of action [GIF_LIST_FETCHING]
11-26 12:27:04.486  2237  2254 I DroidFlux:Dispatcher: [STARTED] dispatch of action [GIF_LIST_FETCHING]
11-26 12:27:04.486  2237  2254 D DroidFlux:Dispatcher: An action of type [GIF_LIST_FETCHING] was dispatched, but no reducer handled it
11-26 12:27:04.486  2237  2254 I DroidFlux:Dispatcher: [COMPLETED] dispatch of action [GIF_LIST_FETCHING]
11-26 12:27:04.486  2237  2254 I DroidFlux:Dispatcher: [STARTED] dispatch of action [GIF_LIST_FETCHING]
11-26 12:27:04.487  2237  2254 D DroidFlux:Dispatcher: An action of type [GIF_LIST_FETCHING] was dispatched, but no reducer handled it
11-26 12:27:04.487  2237  2254 I DroidFlux:Dispatcher: [COMPLETED] dispatch of action [GIF_LIST_FETCHING]
11-26 12:27:04.487  2237  2254 I DroidFlux:Dispatcher: [STARTED] dispatch of action [GIF_LIST_FETCHING]
11-26 12:27:04.487  2237  2254 D DroidFlux:Dispatcher: An action of type [GIF_LIST_FETCHING] was dispatched, but no reducer handled it
11-26 12:27:04.488  2237  2254 I DroidFlux:Dispatcher: [COMPLETED] dispatch of action [GIF_LIST_FETCHING]
11-26 12:27:04.488  2237  2254 I DroidFlux:Dispatcher: [STARTED] dispatch of action [GIF_LIST_FETCHING]
11-26 12:27:04.488  2237  2254 D DroidFlux:Dispatcher: An action of type [GIF_LIST_FETCHING] was dispatched, but no reducer handled it
11-26 12:27:04.514  2237  2254 I DroidFlux:Dispatcher: [COMPLETED] dispatch of action [GIF_LIST_FETCHING]
11-26 12:27:04.514  2237  2254 I DroidFlux:Dispatcher: [STARTED] dispatch of action [GIF_LIST_FETCHING]
11-26 12:27:04.514  2237  2254 D DroidFlux:Dispatcher: An action of type [GIF_LIST_FETCHING] was dispatched, but no reducer handled it
11-26 12:27:04.514  2237  2254 I DroidFlux:Dispatcher: [COMPLETED] dispatch of action [GIF_LIST_FETCHING]
11-26 12:27:04.515  2237  2254 I DroidFlux:Dispatcher: [STARTED] dispatch of action [GIF_LIST_FETCHING]
11-26 12:27:04.515  2237  2254 D DroidFlux:Dispatcher: An action of type [GIF_LIST_FETCHING] was dispatched, but no reducer handled it
11-26 12:27:04.515  2237  2254 I DroidFlux:Dispatcher: [COMPLETED] dispatch of action [GIF_LIST_FETCHING]
11-26 12:27:04.515  2237  2254 I DroidFlux:Dispatcher: [STARTED] dispatch of action [GIF_LIST_FETCHING]
11-26 12:27:04.516  2237  2254 D DroidFlux:Dispatcher: An action of type [GIF_LIST_FETCHING] was dispatched, but no reducer handled it
11-26 12:27:04.516  2237  2254 I DroidFlux:Dispatcher: [COMPLETED] dispatch of action [GIF_LIST_FETCHING]
11-26 12:27:04.516  2237  2254 I DroidFlux:Dispatcher: [STARTED] dispatch of action [GIF_LIST_FETCHING]
11-26 12:27:04.516  2237  2254 D DroidFlux:Dispatcher: An action of type [GIF_LIST_FETCHING] was dispatched, but no reducer handled it
11-26 12:27:04.517  2237  2254 I DroidFlux:Dispatcher: [COMPLETED] dispatch of action [GIF_LIST_FETCHING]
11-26 12:27:04.517  2237  2254 I DroidFlux:Dispatcher: [STARTED] dispatch of action [GIF_LIST_FETCHING]
11-26 12:27:04.517  2237  2254 D DroidFlux:Dispatcher: An action of type [GIF_LIST_FETCHING] was dispatched, but no reducer handled it
11-26 12:27:04.517  2237  2254 I DroidFlux:Dispatcher: [COMPLETED] dispatch of action [GIF_LIST_FETCHING]
11-26 12:27:04.517  2237  2254 I DroidFlux:Dispatcher: [STARTED] dispatch of action [GIF_LIST_FETCHING]
11-26 12:27:04.517  2237  2254 D DroidFlux:Dispatcher: An action of type [GIF_LIST_FETCHING] was dispatched, but no reducer handled it
11-26 12:27:04.517  2237  2254 I DroidFlux:Dispatcher: [COMPLETED] dispatch of action [GIF_LIST_FETCHING]
11-26 12:27:04.776  2237  2237 W ResourceType: No package identifier when getting name for resource number 0x000000ba
11-26 12:27:04.794  2237  2237 W ResourceType: No package identifier when getting name for resource number 0x000000c2
11-26 12:27:04.795  2237  2237 I ViewInteraction: Performing 'single click' action on view with id: 194 (resource name not found)
11-26 12:27:04.857  2237  2254 I DroidFlux:Dispatcher: [STARTED] dispatch of action [GIF_PLAY]
11-26 12:27:04.874  2237  2254 I DroidFlux:Dispatcher: [COMPLETED] dispatch of action [GIF_PLAY]
11-26 12:27:05.463  2237  2237 W ResourceType: No package identifier when getting name for resource number 0x000000c6
11-26 12:27:05.463  2237  2237 I ViewInteraction: Performing 'scroll RecyclerView to position: 17' action on view with id: 198 (resource name not found)
11-26 12:27:05.476  2237  2254 I DroidFlux:Dispatcher: [STARTED] dispatch of action [GIF_LIST_FETCHING]
11-26 12:27:05.476  2237  2254 D DroidFlux:Dispatcher: An action of type [GIF_LIST_FETCHING] was dispatched, but no reducer handled it
11-26 12:27:05.477  2237  2254 I DroidFlux:Dispatcher: [COMPLETED] dispatch of action [GIF_LIST_FETCHING]
11-26 12:27:05.477  2237  2254 I DroidFlux:Dispatcher: [STARTED] dispatch of action [GIF_LIST_FETCHING]
11-26 12:27:05.477  2237  2254 D DroidFlux:Dispatcher: An action of type [GIF_LIST_FETCHING] was dispatched, but no reducer handled it
11-26 12:27:05.477  2237  2254 I DroidFlux:Dispatcher: [COMPLETED] dispatch of action [GIF_LIST_FETCHING]
11-26 12:27:05.742  2237  2237 W ResourceType: No package identifier when getting name for resource number 0x000000c6
11-26 12:27:05.747  2237  2237 W ResourceType: No package identifier when getting name for resource number 0x000000ce
11-26 12:27:05.747  2237  2237 I ViewInteraction: Performing 'single click' action on view with id: 206 (resource name not found)
11-26 12:27:05.803  2237  2254 I DroidFlux:Dispatcher: [STARTED] dispatch of action [GIF_PLAY]
11-26 12:27:05.805  2237  2254 I DroidFlux:Dispatcher: [COMPLETED] dispatch of action [GIF_PLAY]
11-26 12:27:06.375  2237  2237 W ResourceType: No package identifier when getting name for resource number 0x000000d2
11-26 12:27:06.375  2237  2237 I ViewInteraction: Performing 'scroll RecyclerView to position: 18' action on view with id: 210 (resource name not found)
11-26 12:27:06.388  2237  2254 I DroidFlux:Dispatcher: [STARTED] dispatch of action [GIF_LIST_FETCHING]
11-26 12:27:06.399  2237  2254 D DroidFlux:Dispatcher: An action of type [GIF_LIST_FETCHING] was dispatched, but no reducer handled it
11-26 12:27:06.399  2237  2254 I DroidFlux:Dispatcher: [COMPLETED] dispatch of action [GIF_LIST_FETCHING]
11-26 12:27:06.399  2237  2254 I DroidFlux:Dispatcher: [STARTED] dispatch of action [GIF_LIST_FETCHING]
11-26 12:27:06.400  2237  2254 D DroidFlux:Dispatcher: An action of type [GIF_LIST_FETCHING] was dispatched, but no reducer handled it
11-26 12:27:06.400  2237  2254 I DroidFlux:Dispatcher: [COMPLETED] dispatch of action [GIF_LIST_FETCHING]
11-26 12:27:06.662  2237  2237 W ResourceType: No package identifier when getting name for resource number 0x000000d2
11-26 12:27:06.667  2237  2237 W ResourceType: No package identifier when getting name for resource number 0x000000da
11-26 12:27:06.667  2237  2237 I ViewInteraction: Performing 'single click' action on view with id: 218 (resource name not found)
11-26 12:27:06.719  2237  2254 I DroidFlux:Dispatcher: [STARTED] dispatch of action [GIF_PLAY]
11-26 12:27:06.720  2237  2254 I DroidFlux:Dispatcher: [COMPLETED] dispatch of action [GIF_PLAY]
11-26 12:27:07.276  2237  2237 W ResourceType: No package identifier when getting name for resource number 0x000000de
11-26 12:27:07.276  2237  2237 I ViewInteraction: Performing 'scroll RecyclerView to position: 19' action on view with id: 222 (resource name not found)
11-26 12:27:07.302  2237  2254 I DroidFlux:Dispatcher: [STARTED] dispatch of action [GIF_LIST_FETCHING]
11-26 12:27:07.303  2237  2254 D DroidFlux:Dispatcher: An action of type [GIF_LIST_FETCHING] was dispatched, but no reducer handled it
11-26 12:27:07.303  2237  2254 I DroidFlux:Dispatcher: [COMPLETED] dispatch of action [GIF_LIST_FETCHING]
11-26 12:27:07.309  2237  2254 I DroidFlux:Dispatcher: [STARTED] dispatch of action [GIF_LIST_FETCHING]
11-26 12:27:07.310  2237  2254 D DroidFlux:Dispatcher: An action of type [GIF_LIST_FETCHING] was dispatched, but no reducer handled it
11-26 12:27:07.310  2237  2254 I DroidFlux:Dispatcher: [COMPLETED] dispatch of action [GIF_LIST_FETCHING]
11-26 12:27:07.583  2237  2237 W ResourceType: No package identifier when getting name for resource number 0x000000de
11-26 12:27:07.618  2237  2237 W ResourceType: No package identifier when getting name for resource number 0x000000e6
11-26 12:27:07.618  2237  2237 I ViewInteraction: Performing 'single click' action on view with id: 230 (resource name not found)
11-26 12:27:07.679  2237  2254 I DroidFlux:Dispatcher: [STARTED] dispatch of action [GIF_PLAY]
11-26 12:27:07.680  2237  2254 I DroidFlux:Dispatcher: [COMPLETED] dispatch of action [GIF_PLAY]
11-26 12:27:08.274  2237  2237 W ResourceType: No package identifier when getting name for resource number 0x000000f1
11-26 12:27:08.274  2237  2237 I ViewInteraction: Performing 'single click' action on view with id: 241 (resource name not found)
11-26 12:27:08.347  2237  2254 I DroidFlux:Dispatcher: [STARTED] dispatch of action [GIF_PAUSE]
11-26 12:27:08.359  2237  2254 I DroidFlux:Dispatcher: [COMPLETED] dispatch of action [GIF_PAUSE]
11-26 12:27:08.933  2237  2253 I TestRunner: finished: whenListKeepOrderedAfterPlayTest(br.com.catbag.gifreduxsample.ui.giflist.GifListActivityTest)
11-26 12:27:08.966  2237  2237 D LifecycleMonitor: Lifecycle status change: br.com.catbag.gifreduxsample.ui.GifListActivity@101335 in: PAUSED
11-26 12:27:09.031   979   979 D gralloc : Registering a buffer in the process that created it. This may cause memory ordering problems.
11-26 12:27:09.031   979   979 E libEGL  : called unimplemented OpenGL ES API
11-26 12:27:09.031   979   979 E SurfaceFlinger: glCheckFramebufferStatusOES error 826700772
11-26 12:27:09.032   979   979 E SurfaceFlinger: got GL_FRAMEBUFFER_COMPLETE_OES error while taking screenshot
11-26 12:27:09.040  1238  1464 W WindowManager: Screenshot failure taking screenshot for (480x800) to layer 21005
11-26 12:27:09.057  2237  2237 I MonitoringInstrumentation: Activities that are still in CREATED to STOPPED: 1
11-26 12:27:09.067  2237  2253 I TestRunner: started: whenGifIsWatchedTest(br.com.catbag.gifreduxsample.ui.giflist.GifListActivityTest)
11-26 12:27:09.122  2237  2237 I MonitoringInstrumentation: Activities that are still in CREATED to STOPPED: 1
11-26 12:27:09.137  2237  2254 I DroidFlux:Dispatcher: [STARTED] dispatch of action [FAKE_REDUCE_ACTION]
11-26 12:27:09.137  2237  2254 I DroidFlux:Dispatcher: [COMPLETED] dispatch of action [FAKE_REDUCE_ACTION]
11-26 12:27:09.137  2237  2282 D ActivityTestRule: Launching activity br.com.catbag.gifreduxsample.ui.GifListActivity
11-26 12:27:09.375  2237  2283 D MonitoringInstrumentation: execStartActivity(context, ibinder, ibinder, activity, intent, int, bundle
11-26 12:27:09.375  1238  1341 I ActivityManager: START u0 {flg=0x10000000 cmp=br.com.catbag.gifreduxsample/.ui.GifListActivity} from uid 10060 on display 0
11-26 12:27:09.454  2237  2237 D LifecycleMonitor: Lifecycle status change: br.com.catbag.gifreduxsample.ui.GifListActivity@8e165cb in: PRE_ON_CREATE
11-26 12:27:09.513  2237  2237 D LifecycleMonitor: Lifecycle status change: br.com.catbag.gifreduxsample.ui.GifListActivity@8e165cb in: CREATED
11-26 12:27:09.514  2237  2254 I DroidFlux:Dispatcher: [STARTED] dispatch of action [APP_STATE_LOAD]
11-26 12:27:09.515  2237  2254 D DroidFlux:Dispatcher: An action of type [APP_STATE_LOAD] was dispatched, but no reducer handled it
11-26 12:27:09.515  2237  2254 I DroidFlux:Dispatcher: [COMPLETED] dispatch of action [APP_STATE_LOAD]
11-26 12:27:09.515  2237  2237 D LifecycleMonitor: Lifecycle status change: br.com.catbag.gifreduxsample.ui.GifListActivity@8e165cb in: STARTED
11-26 12:27:09.516  2237  2237 D LifecycleMonitor: Lifecycle status change: br.com.catbag.gifreduxsample.ui.GifListActivity@8e165cb in: RESUMED
11-26 12:27:09.582  2237  2237 E Feed    : Gif{uuid=ece0256d-e83a-40cb-9f1c-cce17bf4cf86, path=, url=, title=, watched=true, status=DOWNLOADED}
11-26 12:27:09.582  2237  2237 E Feed    : pl.droidsonroids.gif.GifIOException: GifError 101: Failed to open given input
11-26 12:27:09.582  2237  2237 E Feed    : 	at pl.droidsonroids.gif.GifInfoHandle.openFile(Native Method)
11-26 12:27:09.582  2237  2237 E Feed    : 	at pl.droidsonroids.gif.GifInfoHandle.<init>(GifInfoHandle.java:46)
11-26 12:27:09.582  2237  2237 E Feed    : 	at pl.droidsonroids.gif.GifDrawable.<init>(GifDrawable.java:124)
11-26 12:27:09.582  2237  2237 E Feed    : 	at br.com.catbag.gifreduxsample.ui.views.FeedView.createDrawable(FeedView.java:123)
11-26 12:27:09.582  2237  2237 E Feed    : 	at br.com.catbag.gifreduxsample.ui.views.FeedView.lambda$renderGifView$1(FeedView.java:110)
11-26 12:27:09.582  2237  2237 E Feed    : 	at br.com.catbag.gifreduxsample.ui.views.FeedView$$Lambda$4.view(Unknown Source)
11-26 12:27:09.582  2237  2237 E Feed    : 	at trikita.anvil.BaseDSL.v(BaseDSL.java:670)
11-26 12:27:09.582  2237  2237 E Feed    : 	at br.com.catbag.gifreduxsample.ui.views.FeedView.renderGifView(FeedView.java:109)
11-26 12:27:09.582  2237  2237 E Feed    : 	at br.com.catbag.gifreduxsample.ui.views.FeedView.access$lambda$0(FeedView.java)
11-26 12:27:09.582  2237  2237 E Feed    : 	at br.com.catbag.gifreduxsample.ui.views.FeedView$$Lambda$5.view(Unknown Source)
11-26 12:27:09.582  2237  2237 E Feed    : 	at br.com.catbag.gifreduxsample.ui.views.GifsAdapter.view(GifsAdapter.java:55)
11-26 12:27:09.582  2237  2237 E Feed    : 	at trikita.anvil.RenderableRecyclerViewAdapter$1.view(RenderableRecyclerViewAdapter.java:24)
11-26 12:27:09.582  2237  2237 E Feed    : 	at trikita.anvil.Anvil$Mount.render(Anvil.java:204)
11-26 12:27:09.582  2237  2237 E Feed    : 	at trikita.anvil.Anvil.render(Anvil.java:173)
11-26 12:27:09.582  2237  2237 E Feed    : 	at trikita.anvil.RenderableRecyclerViewAdapter.onBindViewHolder(RenderableRecyclerViewAdapter.java:27)
11-26 12:27:09.582  2237  2237 E Feed    : 	at trikita.anvil.RenderableRecyclerViewAdapter.onBindViewHolder(RenderableRecyclerViewAdapter.java:7)
11-26 12:27:09.582  2237  2237 E Feed    : 	at android.support.v7.widget.RecyclerView$Adapter.onBindViewHolder(RecyclerView.java:5768)
11-26 12:27:09.582  2237  2237 E Feed    : 	at android.support.v7.widget.RecyclerView$Adapter.bindViewHolder(RecyclerView.java:5801)
11-26 12:27:09.582  2237  2237 E Feed    : 	at android.support.v7.widget.RecyclerView$Recycler.getViewForPosition(RecyclerView.java:5037)
11-26 12:27:09.582  2237  2237 E Feed    : 	at android.support.v7.widget.RecyclerView$Recycler.getViewForPosition(RecyclerView.java:4913)
11-26 12:27:09.582  2237  2237 E Feed    : 	at android.support.v7.widget.LinearLayoutManager$LayoutState.next(LinearLayoutManager.java:2029)
11-26 12:27:09.582  2237  2237 E Feed    : 	at android.support.v7.widget.LinearLayoutManager.layoutChunk(LinearLayoutManager.java:1414)
11-26 12:27:09.582  2237  2237 E Feed    : 	at android.support.v7.widget.LinearLayoutManager.fill(LinearLayoutManager.java:1377)
11-26 12:27:09.582  2237  2237 E Feed    : 	at android.support.v7.widget.LinearLayoutManager.onLayoutChildren(LinearLayoutManager.java:578)
11-26 12:27:09.582  2237  2237 E Feed    : 	at android.support.v7.widget.RecyclerView.dispatchLayoutStep2(RecyclerView.java:3260)
11-26 12:27:09.582  2237  2237 E Feed    : 	at android.support.v7.widget.RecyclerView.dispatchLayout(RecyclerView.java:3069)
11-26 12:27:09.582  2237  2237 E Feed    : 	at android.support.v7.widget.RecyclerView.onLayout(RecyclerView.java:3518)
11-26 12:27:09.582  2237  2237 E Feed    : 	at android.view.View.layout(View.java:17520)
11-26 12:27:09.582  2237  2237 E Feed    : 	at android.view.ViewGroup.layout(ViewGroup.java:5612)
11-26 12:27:09.582  2237  2237 E Feed    : 	at android.widget.FrameLayout.layoutChildren(FrameLayout.java:323)
11-26 12:27:09.582  2237  2237 E Feed    : 	at android.widget.FrameLayout.onLayout(FrameLayout.java:261)
11-26 12:27:09.582  2237  2237 E Feed    : 	at android.view.View.layout(View.java:17520)
11-26 12:27:09.582  2237  2237 E Feed    : 	at android.view.ViewGroup.layout(ViewGroup.java:5612)
11-26 12:27:09.582  2237  2237 E Feed    : 	at android.widget.RelativeLayout.onLayout(RelativeLayout.java:1079)
11-26 12:27:09.582  2237  2237 E Feed    : 	at android.view.View.layout(View.java:17520)
11-26 12:27:09.582  2237  2237 E Feed    : 	at android.view.ViewGroup.layout(ViewGroup.java:5612)
11-26 12:27:09.582  2237  2237 E Feed    : 	at android.widget.FrameLayout.layoutChildren(FrameLayout.java:323)
11-26 12:27:09.582  2237  2237 E Feed    : 	at android.widget.FrameLayout.onLayout(FrameLayout.java:261)
11-26 12:27:09.582  2237  2237 E Feed    : 	at android.view.View.layout(View.java:17520)
11-26 12:27:09.582  2237  2237 E Feed    : 	at android.view.ViewGroup.layout(ViewGroup.java:5612)
11-26 12:27:09.582  2237  2237 E Feed    : 	at android.support.v7.widget.ActionBarOverlayLayout.onLayout(ActionBarOverlayLayout.java:435)
11-26 12:27:09.582  2237  2237 E Feed    : 	at android.view.View.layout(View.java:17520)
11-26 12:27:09.582  2237  2237 E Feed    : 	at android.view.ViewGroup.layout(ViewGroup.java:5612)
11-26 12:27:09.582  2237  2237 E Feed    : 	at android.widget.FrameLayout.layoutChildren(FrameLayout.java:323)
11-26 12:27:09.582  2237  2237 E Feed    : 	at android.widget.FrameLayout.onLayout(FrameLayout.java:261)
11-26 12:27:09.582  2237  2237 E Feed    : 	at android.view.View.layout(View.java:17520)
11-26 12:27:09.582  2237  2237 E Feed    : 	at android.view.ViewGroup.layout(ViewGroup.java:5612)
11-26 12:27:09.582  2237  2237 E Feed    : 	at android.widget.LinearLayout.setChildFrame(LinearLayout.java:1741)
11-26 12:27:09.582  2237  2237 E Feed    : 	at android.widget.LinearLayout.layoutVertical(LinearLayout.java:1585)
11-26 12:27:09.582  2237  2237 E Feed    : 	at android.widget.LinearLayout.onLayout(LinearLayout.java:1494)
11-26 12:27:09.582  2237  2237 E Feed    : 	at android.view.View.layout(View.java:17520)
11-26 12:27:09.582  2237  2237 E Feed    : 	at android.view.ViewGroup.layout(ViewGroup.java:5612)
11-26 12:27:09.582  2237  2237 E Feed    : 	at android.widget.FrameLayout.layoutChildren(FrameLayout.java:323)
11-26 12:27:09.582  2237  2237 E Feed    : 	at android.widget.FrameLayout.onLayout(FrameLayout.java:261)
11-26 12:27:09.583  2237  2237 E Feed    : 	at com.android.internal.policy.DecorView.onLayout(DecorView.java:724)
11-26 12:27:09.583  2237  2237 E Feed    : 	at android.view.View.layout(View.java:17520)
11-26 12:27:09.583  2237  2237 E Feed    : 	at android.view.ViewGroup.layout(ViewGroup.java:5612)
11-26 12:27:09.583  2237  2237 E Feed    : 	at android.view.ViewRootImpl.performLayout(ViewRootImpl.java:2342)
11-26 12:27:09.583  2237  2237 E Feed    : 	at android.view.ViewRootImpl.performTraversals(ViewRootImpl.java:2069)
11-26 12:27:09.583  2237  2237 E Feed    : 	at android.view.ViewRootImpl.doTraversal(ViewRootImpl.java:1246)
11-26 12:27:09.583  2237  2237 E Feed    : 	at android.view.ViewRootImpl$TraversalRunnable.run(ViewRootImpl.java:6301)
11-26 12:27:09.583  2237  2237 E Feed    : 	at android.view.Choreographer$CallbackRecord.run(Choreographer.java:871)
11-26 12:27:09.583  2237  2237 E Feed    : 	at android.view.Choreographer.doCallbacks(Choreographer.java:683)
11-26 12:27:09.583  2237  2237 E Feed    : 	at android.view.Choreographer.doFrame(Choreographer.java:619)
11-26 12:27:09.583  2237  2237 E Feed    : 	at android.view.Choreographer$FrameDisplayEventReceiver.run(Choreographer.java:857)
11-26 12:27:09.583  2237  2237 E Feed    : 	at android.os.Handler.handleCallback(Handler.java:751)
11-26 12:27:09.583  2237  2237 E Feed    : 	at android.os.Handler.dispatchMessage(Handler.java:95)
11-26 12:27:09.583  2237  2237 E Feed    : 	at android.os.Looper.loop(Looper.java:154)
11-26 12:27:09.583  2237  2237 E Feed    : 	at android.app.ActivityThread.main(ActivityThread.java:6077)
11-26 12:27:09.583  2237  2237 E Feed    : 	at java.lang.reflect.Method.invoke(Native Method)
11-26 12:27:09.583  2237  2237 E Feed    : 	at com.android.internal.os.ZygoteInit$MethodAndArgsCaller.run(ZygoteInit.java:865)
11-26 12:27:09.583  2237  2237 E Feed    : 	at com.android.internal.os.ZygoteInit.main(ZygoteInit.java:755)
11-26 12:27:09.706  2237  2237 D LifecycleMonitor: Lifecycle status change: br.com.catbag.gifreduxsample.ui.GifListActivity@8e165cb in: PAUSED
11-26 12:27:09.715  1238  1668 I WindowManager: Failed to capture screenshot of Token{b00c774 ActivityRecord{5b1d347 u0 br.com.catbag.gifreduxsample/.ui.GifListActivity t10 f}} appWin=Window{778855b u0 br.com.catbag.gifreduxsample/br.com.catbag.gifreduxsample.ui.GifListActivity} drawState=4
11-26 12:27:09.732  2237  2253 I TestRunner: finished: whenGifIsWatchedTest(br.com.catbag.gifreduxsample.ui.giflist.GifListActivityTest)
11-26 12:27:09.762  2237  2237 I MonitoringInstrumentation: Activities that are still in CREATED to STOPPED: 2
11-26 12:27:09.764  2237  2253 I TestRunner: started: whenScrollUpAndPlayFirstItemTest(br.com.catbag.gifreduxsample.ui.giflist.GifListActivityTest)
11-26 12:27:09.811  2237  2237 I MonitoringInstrumentation: Activities that are still in CREATED to STOPPED: 2
11-26 12:27:09.860  2237  2254 I DroidFlux:Dispatcher: [STARTED] dispatch of action [FAKE_REDUCE_ACTION]
11-26 12:27:09.860  2237  2254 I DroidFlux:Dispatcher: [COMPLETED] dispatch of action [FAKE_REDUCE_ACTION]
11-26 12:27:09.879  2237  2285 D ActivityTestRule: Launching activity br.com.catbag.gifreduxsample.ui.GifListActivity
11-26 12:27:09.885  2237  2286 D MonitoringInstrumentation: execStartActivity(context, ibinder, ibinder, activity, intent, int, bundle
11-26 12:27:09.886  1238  1249 I ActivityManager: START u0 {flg=0x10000000 cmp=br.com.catbag.gifreduxsample/.ui.GifListActivity} from uid 10060 on display 0
11-26 12:27:09.985  2237  2237 W IInputConnectionWrapper: reportFullscreenMode on inexistent InputConnection
11-26 12:27:10.090  2237  2237 D LifecycleMonitor: Lifecycle status change: br.com.catbag.gifreduxsample.ui.GifListActivity@79ef187 in: PRE_ON_CREATE
11-26 12:27:10.130  2237  2248 I art     : WaitForGcToComplete blocked for 39.604ms for cause Background
11-26 12:27:10.135  2237  2237 D LifecycleMonitor: Lifecycle status change: br.com.catbag.gifreduxsample.ui.GifListActivity@79ef187 in: CREATED
11-26 12:27:10.135  2237  2237 D LifecycleMonitor: Lifecycle status change: br.com.catbag.gifreduxsample.ui.GifListActivity@79ef187 in: STARTED
11-26 12:27:10.137  2237  2254 I DroidFlux:Dispatcher: [STARTED] dispatch of action [APP_STATE_LOAD]
11-26 12:27:10.137  2237  2254 D DroidFlux:Dispatcher: An action of type [APP_STATE_LOAD] was dispatched, but no reducer handled it
11-26 12:27:10.137  2237  2254 I DroidFlux:Dispatcher: [COMPLETED] dispatch of action [APP_STATE_LOAD]
11-26 12:27:10.169  2237  2237 D LifecycleMonitor: Lifecycle status change: br.com.catbag.gifreduxsample.ui.GifListActivity@79ef187 in: RESUMED
11-26 12:27:10.274  1238  1259 I Choreographer: Skipped 58 frames!  The application may be doing too much work on its main thread.
11-26 12:27:10.371  1238  1259 I WindowManager: Destroying surface Surface(name=Starting br.com.catbag.gifreduxsample) called by com.android.server.wm.WindowStateAnimator.destroySurface:2014 com.android.server.wm.WindowStateAnimator.destroySurfaceLocked:881 com.android.server.wm.WindowState.removeLocked:1449 com.android.server.wm.WindowManagerService.removeWindowInnerLocked:2478 com.android.server.wm.AppWindowToken.destroySurfaces:365 com.android.server.wm.WindowStateAnimator.finishExit:565 com.android.server.wm.AppWindowAnimator.stepAnimationLocked:427 com.android.server.wm.WindowAnimator.updateAppWindowsLocked:176 
11-26 12:27:10.509  2237  2248 I art     : Background sticky concurrent mark sweep GC freed 30816(2MB) AllocSpace objects, 13(272KB) LOS objects, 16% free, 11MB/14MB, paused 88.360ms total 367.181ms
11-26 12:27:10.556  2237  2254 I DroidFlux:Dispatcher: [STARTED] dispatch of action [GIF_LIST_FETCHING]
11-26 12:27:10.556  2237  2254 D DroidFlux:Dispatcher: An action of type [GIF_LIST_FETCHING] was dispatched, but no reducer handled it
11-26 12:27:10.557  2237  2254 I DroidFlux:Dispatcher: [COMPLETED] dispatch of action [GIF_LIST_FETCHING]
11-26 12:27:10.692  2237  2237 D LifecycleMonitor: Lifecycle status change: br.com.catbag.gifreduxsample.ui.GifListActivity@8e165cb in: STOPPED
11-26 12:27:10.692  2237  2237 D LifecycleMonitor: Lifecycle status change: br.com.catbag.gifreduxsample.ui.GifListActivity@8e165cb in: DESTROYED
11-26 12:27:10.699  1238  1667 I WindowManager: Destroying surface Surface(name=br.com.catbag.gifreduxsample/br.com.catbag.gifreduxsample.ui.GifListActivity) called by com.android.server.wm.WindowStateAnimator.destroySurface:2014 com.android.server.wm.WindowStateAnimator.destroySurfaceLocked:881 com.android.server.wm.WindowState.removeLocked:1449 com.android.server.wm.WindowManagerService.removeWindowInnerLocked:2478 com.android.server.wm.WindowManagerService.removeWindowLocked:2436 com.android.server.wm.WindowManagerService.removeWindowLocked:2305 com.android.server.wm.WindowManagerService.removeWindow:2300 com.android.server.wm.Session.remove:193 
11-26 12:27:10.705  2237  2237 D LifecycleMonitor: Lifecycle status change: br.com.catbag.gifreduxsample.ui.GifListActivity@101335 in: STOPPED
11-26 12:27:10.706  2237  2237 D LifecycleMonitor: Lifecycle status change: br.com.catbag.gifreduxsample.ui.GifListActivity@101335 in: DESTROYED
11-26 12:27:10.707  1238  1249 I WindowManager: Destroying surface Surface(name=br.com.catbag.gifreduxsample/br.com.catbag.gifreduxsample.ui.GifListActivity) called by com.android.server.wm.WindowStateAnimator.destroySurface:2014 com.android.server.wm.WindowStateAnimator.destroySurfaceLocked:881 com.android.server.wm.WindowState.removeLocked:1449 com.android.server.wm.WindowManagerService.removeWindowInnerLocked:2478 com.android.server.wm.WindowManagerService.removeWindowLocked:2436 com.android.server.wm.WindowManagerService.removeWindowLocked:2305 com.android.server.wm.WindowManagerService.removeWindow:2300 com.android.server.wm.Session.remove:193 
11-26 12:27:10.730  1238  1248 I art     : Background sticky concurrent mark sweep GC freed 31634(2MB) AllocSpace objects, 6(120KB) LOS objects, 27% free, 7MB/10MB, paused 14.452ms total 360.677ms
11-26 12:27:10.764  2237  2237 I Choreographer: Skipped 49 frames!  The application may be doing too much work on its main thread.
11-26 12:27:10.800  1238  1259 I WindowManager: Destroying surface Surface(name=com.android.launcher3/com.android.launcher3.Launcher) called by com.android.server.wm.WindowStateAnimator.destroySurface:2014 com.android.server.wm.WindowStateAnimator.destroySurfaceLocked:881 com.android.server.wm.WindowState.destroyOrSaveSurface:2073 com.android.server.wm.AppWindowToken.destroySurfaces:363 com.android.server.wm.WindowStateAnimator.finishExit:565 com.android.server.wm.AppWindowAnimator.stepAnimationLocked:427 com.android.server.wm.WindowAnimator.updateAppWindowsLocked:176 com.android.server.wm.WindowAnimator.animateLocked:678 
11-26 12:27:10.867  2237  2237 W ResourceType: No package identifier when getting name for resource number 0x000000f7
11-26 12:27:10.867  2237  2237 I ViewInteraction: Performing 'scroll RecyclerView to position: 4' action on view with id: 247 (resource name not found)
11-26 12:27:10.933  1238  1259 I ActivityManager: Displayed br.com.catbag.gifreduxsample/.ui.GifListActivity: +879ms (total +1s516ms)
11-26 12:27:10.981  2237  2238 I art     : Do partial code cache collection, code=122KB, data=117KB
11-26 12:27:10.981  2237  2238 I art     : After code cache collection, code=121KB, data=117KB
11-26 12:27:10.982  2237  2238 I art     : Increasing code cache capacity to 512KB
11-26 12:27:11.164  1238  1259 I WindowManager: Destroying surface Surface(name=Starting br.com.catbag.gifreduxsample) called by com.android.server.wm.WindowStateAnimator.destroySurface:2014 com.android.server.wm.WindowStateAnimator.destroySurfaceLocked:881 com.android.server.wm.WindowState.destroyOrSaveSurface:2073 com.android.server.wm.AppWindowToken.destroySurfaces:363 com.android.server.wm.WindowStateAnimator.finishExit:565 com.android.server.wm.WindowStateAnimator.stepAnimationLocked:491 com.android.server.wm.WindowAnimator.updateWindowsLocked:303 com.android.server.wm.WindowAnimator.animateLocked:704 
11-26 12:27:11.174  2237  2237 W ResourceType: No package identifier when getting name for resource number 0x000000f7
11-26 12:27:11.203  2237  2237 W ResourceType: No package identifier when getting name for resource number 0x000000f8
11-26 12:27:11.203  2237  2237 I ViewInteraction: Performing 'actionOnItemAtPosition performing ViewAction: single click on item at position: 0' action on view with id: 248 (resource name not found)
11-26 12:27:11.288  2237  2254 I DroidFlux:Dispatcher: [STARTED] dispatch of action [GIF_PLAY]
11-26 12:27:11.299  2237  2254 I DroidFlux:Dispatcher: [COMPLETED] dispatch of action [GIF_PLAY]
11-26 12:27:11.906  2237  2253 I TestRunner: finished: whenScrollUpAndPlayFirstItemTest(br.com.catbag.gifreduxsample.ui.giflist.GifListActivityTest)
11-26 12:27:11.936  2237  2237 D LifecycleMonitor: Lifecycle status change: br.com.catbag.gifreduxsample.ui.GifListActivity@79ef187 in: PAUSED
11-26 12:27:11.975   979   979 D gralloc : Registering a buffer in the process that created it. This may cause memory ordering problems.
11-26 12:27:11.975   979   979 E libEGL  : called unimplemented OpenGL ES API
11-26 12:27:11.976   979   979 E SurfaceFlinger: glCheckFramebufferStatusOES error 826700772
11-26 12:27:11.976   979   979 E SurfaceFlinger: got GL_FRAMEBUFFER_COMPLETE_OES error while taking screenshot
11-26 12:27:11.977  1238  1668 W WindowManager: Screenshot failure taking screenshot for (480x800) to layer 21005
11-26 12:27:11.995  2237  2237 I MonitoringInstrumentation: Activities that are still in CREATED to STOPPED: 1
11-26 12:27:12.019  2237  2253 I TestRunner: started: whenEndlessScrollTriggered(br.com.catbag.gifreduxsample.ui.giflist.GifListActivityTest)
11-26 12:27:12.020  2237  2237 I MonitoringInstrumentation: Activities that are still in CREATED to STOPPED: 1
11-26 12:27:12.133  2237  2254 I DroidFlux:Dispatcher: [STARTED] dispatch of action [FAKE_REDUCE_ACTION]
11-26 12:27:12.133  2237  2254 I DroidFlux:Dispatcher: [COMPLETED] dispatch of action [FAKE_REDUCE_ACTION]
11-26 12:27:12.140  2237  2287 D ActivityTestRule: Launching activity br.com.catbag.gifreduxsample.ui.GifListActivity
11-26 12:27:12.221  2237  2289 D MonitoringInstrumentation: execStartActivity(context, ibinder, ibinder, activity, intent, int, bundle
11-26 12:27:12.222  1238  1629 I ActivityManager: START u0 {flg=0x10000000 cmp=br.com.catbag.gifreduxsample/.ui.GifListActivity} from uid 10060 on display 0
11-26 12:27:12.387  2237  2237 D LifecycleMonitor: Lifecycle status change: br.com.catbag.gifreduxsample.ui.GifListActivity@423054b in: PRE_ON_CREATE
11-26 12:27:12.432  2237  2237 D LifecycleMonitor: Lifecycle status change: br.com.catbag.gifreduxsample.ui.GifListActivity@423054b in: CREATED
11-26 12:27:12.433  2237  2254 I DroidFlux:Dispatcher: [STARTED] dispatch of action [APP_STATE_LOAD]
11-26 12:27:12.434  2237  2254 D DroidFlux:Dispatcher: An action of type [APP_STATE_LOAD] was dispatched, but no reducer handled it
11-26 12:27:12.434  2237  2254 I DroidFlux:Dispatcher: [COMPLETED] dispatch of action [APP_STATE_LOAD]
11-26 12:27:12.435  2237  2237 D LifecycleMonitor: Lifecycle status change: br.com.catbag.gifreduxsample.ui.GifListActivity@423054b in: STARTED
11-26 12:27:12.438  2237  2237 D LifecycleMonitor: Lifecycle status change: br.com.catbag.gifreduxsample.ui.GifListActivity@423054b in: RESUMED
11-26 12:27:12.719  2237  2237 W ResourceType: No package identifier when getting name for resource number 0x000000fb
11-26 12:27:12.719  2237  2237 I ViewInteraction: Performing 'scroll RecyclerView to position: 9' action on view with id: 251 (resource name not found)
11-26 12:27:12.759  2237  2254 I DroidFlux:Dispatcher: [STARTED] dispatch of action [GIF_LIST_FETCHING]
11-26 12:27:12.760  2237  2254 D DroidFlux:Dispatcher: An action of type [GIF_LIST_FETCHING] was dispatched, but no reducer handled it
11-26 12:27:12.761  2237  2254 I DroidFlux:Dispatcher: [COMPLETED] dispatch of action [GIF_LIST_FETCHING]
11-26 12:27:12.782  2237  2254 I DroidFlux:Dispatcher: [STARTED] dispatch of action [GIF_LIST_UPDATED]
11-26 12:27:12.783  2237  2254 I DroidFlux:Dispatcher: [COMPLETED] dispatch of action [GIF_LIST_UPDATED]
11-26 12:27:12.804  1238  1259 I ActivityManager: Displayed br.com.catbag.gifreduxsample/.ui.GifListActivity: +479ms
11-26 12:27:12.958  2237  2248 I art     : Background partial concurrent mark sweep GC freed 14139(930KB) AllocSpace objects, 9(1152KB) LOS objects, 24% free, 12MB/16MB, paused 23.446ms total 190.251ms
11-26 12:27:13.037  1238  1259 I WindowManager: Destroying surface Surface(name=Starting br.com.catbag.gifreduxsample) called by com.android.server.wm.WindowStateAnimator.destroySurface:2014 com.android.server.wm.WindowStateAnimator.destroySurfaceLocked:881 com.android.server.wm.WindowState.destroyOrSaveSurface:2073 com.android.server.wm.AppWindowToken.destroySurfaces:363 com.android.server.wm.WindowStateAnimator.finishExit:565 com.android.server.wm.WindowStateAnimator.stepAnimationLocked:491 com.android.server.wm.WindowAnimator.updateWindowsLocked:303 com.android.server.wm.WindowAnimator.animateLocked:704 
11-26 12:27:13.054  2237  2237 W ResourceType: No package identifier when getting name for resource number 0x000000fb
11-26 12:27:13.137  2237  2237 D LifecycleMonitor: Lifecycle status change: br.com.catbag.gifreduxsample.ui.GifListActivity@423054b in: PAUSED
11-26 12:27:13.154  2237  2253 I TestRunner: finished: whenEndlessScrollTriggered(br.com.catbag.gifreduxsample.ui.giflist.GifListActivityTest)
11-26 12:27:13.171   979   979 D gralloc : Registering a buffer in the process that created it. This may cause memory ordering problems.
11-26 12:27:13.171   979   979 E libEGL  : called unimplemented OpenGL ES API
11-26 12:27:13.171   979   979 E SurfaceFlinger: glCheckFramebufferStatusOES error 826700772
11-26 12:27:13.172   979   979 E SurfaceFlinger: got GL_FRAMEBUFFER_COMPLETE_OES error while taking screenshot
11-26 12:27:13.180  1238  1667 W WindowManager: Screenshot failure taking screenshot for (480x800) to layer 22015
11-26 12:27:13.189  2237  2237 I MonitoringInstrumentation: Activities that are still in CREATED to STOPPED: 2
11-26 12:27:13.190  2237  2253 I TestRunner: started: whenGifIsDownloadedTest(br.com.catbag.gifreduxsample.ui.giflist.GifListActivityTest)
11-26 12:27:13.192  2237  2237 I MonitoringInstrumentation: Activities that are still in CREATED to STOPPED: 2
11-26 12:27:13.260  2237  2254 I DroidFlux:Dispatcher: [STARTED] dispatch of action [FAKE_REDUCE_ACTION]
11-26 12:27:13.261  2237  2254 I DroidFlux:Dispatcher: [COMPLETED] dispatch of action [FAKE_REDUCE_ACTION]
11-26 12:27:13.293  2237  2291 D ActivityTestRule: Launching activity br.com.catbag.gifreduxsample.ui.GifListActivity
11-26 12:27:13.299  2237  2292 D MonitoringInstrumentation: execStartActivity(context, ibinder, ibinder, activity, intent, int, bundle
11-26 12:27:13.300  1238  1250 I ActivityManager: START u0 {flg=0x10000000 cmp=br.com.catbag.gifreduxsample/.ui.GifListActivity} from uid 10060 on display 0
11-26 12:27:13.370  1721  1721 I Choreographer: Skipped 32 frames!  The application may be doing too much work on its main thread.
11-26 12:27:13.467  2237  2237 D LifecycleMonitor: Lifecycle status change: br.com.catbag.gifreduxsample.ui.GifListActivity@b39c7d7 in: PRE_ON_CREATE
11-26 12:27:13.503  1721  1721 I Choreographer: Skipped 32 frames!  The application may be doing too much work on its main thread.
11-26 12:27:13.608  2237  2237 D LifecycleMonitor: Lifecycle status change: br.com.catbag.gifreduxsample.ui.GifListActivity@b39c7d7 in: CREATED
11-26 12:27:13.623  2237  2254 I DroidFlux:Dispatcher: [STARTED] dispatch of action [APP_STATE_LOAD]
11-26 12:27:13.625  2237  2254 D DroidFlux:Dispatcher: An action of type [APP_STATE_LOAD] was dispatched, but no reducer handled it
11-26 12:27:13.625  2237  2254 I DroidFlux:Dispatcher: [COMPLETED] dispatch of action [APP_STATE_LOAD]
11-26 12:27:13.626  2237  2237 D LifecycleMonitor: Lifecycle status change: br.com.catbag.gifreduxsample.ui.GifListActivity@b39c7d7 in: STARTED
11-26 12:27:13.646  2237  2237 D LifecycleMonitor: Lifecycle status change: br.com.catbag.gifreduxsample.ui.GifListActivity@b39c7d7 in: RESUMED
11-26 12:27:13.783  2237  2237 I Choreographer: Skipped 34 frames!  The application may be doing too much work on its main thread.
11-26 12:27:14.137  2237  2237 D LifecycleMonitor: Lifecycle status change: br.com.catbag.gifreduxsample.ui.GifListActivity@b39c7d7 in: PAUSED
11-26 12:27:14.164  2237  2253 I TestRunner: finished: whenGifIsDownloadedTest(br.com.catbag.gifreduxsample.ui.giflist.GifListActivityTest)
11-26 12:27:14.170  1238  1259 I Choreographer: Skipped 30 frames!  The application may be doing too much work on its main thread.
11-26 12:27:14.196   979   979 D gralloc : Registering a buffer in the process that created it. This may cause memory ordering problems.
11-26 12:27:14.196   979   979 E libEGL  : called unimplemented OpenGL ES API
11-26 12:27:14.196   979   979 E SurfaceFlinger: glCheckFramebufferStatusOES error 826700772
11-26 12:27:14.196   979   979 E SurfaceFlinger: got GL_FRAMEBUFFER_COMPLETE_OES error while taking screenshot
11-26 12:27:14.210  1238  1664 W WindowManager: Screenshot failure taking screenshot for (480x800) to layer 22025
11-26 12:27:14.216  2237  2237 I MonitoringInstrumentation: Activities that are still in CREATED to STOPPED: 3
11-26 12:27:14.217  2237  2253 I TestRunner: started: whenPlayGifTest(br.com.catbag.gifreduxsample.ui.giflist.GifListActivityTest)
11-26 12:27:14.255  2237  2237 I MonitoringInstrumentation: Activities that are still in CREATED to STOPPED: 3
11-26 12:27:14.274  2237  2254 I DroidFlux:Dispatcher: [STARTED] dispatch of action [FAKE_REDUCE_ACTION]
11-26 12:27:14.275  2237  2254 I DroidFlux:Dispatcher: [COMPLETED] dispatch of action [FAKE_REDUCE_ACTION]
11-26 12:27:14.285  2237  2293 D ActivityTestRule: Launching activity br.com.catbag.gifreduxsample.ui.GifListActivity
11-26 12:27:14.286  2237  2294 D MonitoringInstrumentation: execStartActivity(context, ibinder, ibinder, activity, intent, int, bundle
11-26 12:27:14.287  1238  1667 I ActivityManager: START u0 {flg=0x10000000 cmp=br.com.catbag.gifreduxsample/.ui.GifListActivity} from uid 10060 on display 0
11-26 12:27:14.435  2237  2237 D LifecycleMonitor: Lifecycle status change: br.com.catbag.gifreduxsample.ui.GifListActivity@b848390 in: PRE_ON_CREATE
11-26 12:27:14.446  2237  2237 D LifecycleMonitor: Lifecycle status change: br.com.catbag.gifreduxsample.ui.GifListActivity@b848390 in: CREATED
11-26 12:27:14.447  2237  2237 D LifecycleMonitor: Lifecycle status change: br.com.catbag.gifreduxsample.ui.GifListActivity@b848390 in: STARTED
11-26 12:27:14.447  2237  2254 I DroidFlux:Dispatcher: [STARTED] dispatch of action [APP_STATE_LOAD]
11-26 12:27:14.449  2237  2237 D LifecycleMonitor: Lifecycle status change: br.com.catbag.gifreduxsample.ui.GifListActivity@b848390 in: RESUMED
11-26 12:27:14.497  2237  2254 D DroidFlux:Dispatcher: An action of type [APP_STATE_LOAD] was dispatched, but no reducer handled it
11-26 12:27:14.497  2237  2254 I DroidFlux:Dispatcher: [COMPLETED] dispatch of action [APP_STATE_LOAD]
11-26 12:27:14.620  1238  1259 I WindowManager: Destroying surface Surface(name=Starting br.com.catbag.gifreduxsample) called by com.android.server.wm.WindowStateAnimator.destroySurface:2014 com.android.server.wm.WindowStateAnimator.destroySurfaceLocked:881 com.android.server.wm.WindowState.removeLocked:1449 com.android.server.wm.WindowManagerService.removeWindowInnerLocked:2478 com.android.server.wm.AppWindowToken.destroySurfaces:365 com.android.server.wm.WindowStateAnimator.finishExit:565 com.android.server.wm.AppWindowAnimator.stepAnimationLocked:427 com.android.server.wm.WindowAnimator.updateAppWindowsLocked:176 
11-26 12:27:14.687  1238  1259 I ActivityManager: Displayed br.com.catbag.gifreduxsample/.ui.GifListActivity: +268ms (total +1s246ms)
11-26 12:27:14.696  2237  2237 I ViewInteraction: Performing 'single click' action on view with id: br.com.catbag.gifreduxsample:id/gif_image
11-26 12:27:14.779  2237  2254 I DroidFlux:Dispatcher: [STARTED] dispatch of action [GIF_PLAY]
11-26 12:27:14.780  2237  2254 I DroidFlux:Dispatcher: [COMPLETED] dispatch of action [GIF_PLAY]
11-26 12:27:14.799   992  1028 D AudioFlinger: mixer(0xb2c837c0) throttle end: throttle time(11)
11-26 12:27:14.819   992  1028 D AudioFlinger: mixer(0xb2c837c0) throttle end: throttle time(11)
11-26 12:27:14.910  1238  1259 I WindowManager: Destroying surface Surface(name=Starting br.com.catbag.gifreduxsample) called by com.android.server.wm.WindowStateAnimator.destroySurface:2014 com.android.server.wm.WindowStateAnimator.destroySurfaceLocked:881 com.android.server.wm.WindowState.destroyOrSaveSurface:2073 com.android.server.wm.AppWindowToken.destroySurfaces:363 com.android.server.wm.WindowStateAnimator.finishExit:565 com.android.server.wm.WindowStateAnimator.stepAnimationLocked:491 com.android.server.wm.WindowAnimator.updateWindowsLocked:303 com.android.server.wm.WindowAnimator.animateLocked:704 
11-26 12:27:15.328  2237  2237 D LifecycleMonitor: Lifecycle status change: br.com.catbag.gifreduxsample.ui.GifListActivity@b39c7d7 in: STOPPED
11-26 12:27:15.343  1238  1667 I WindowManager: Destroying surface Surface(name=com.android.launcher3/com.android.launcher3.Launcher) called by com.android.server.wm.WindowStateAnimator.destroySurface:2014 com.android.server.wm.WindowStateAnimator.destroySurfaceLocked:881 com.android.server.wm.WindowState.destroyOrSaveSurface:2073 com.android.server.wm.AppWindowToken.destroySurfaces:363 com.android.server.wm.AppWindowToken.notifyAppStopped:389 com.android.server.wm.WindowManagerService.notifyAppStopped:4456 com.android.server.am.ActivityStack.activityStoppedLocked:1252 com.android.server.am.ActivityManagerService.activityStopped:6873 
11-26 12:27:15.359  2237  2237 D LifecycleMonitor: Lifecycle status change: br.com.catbag.gifreduxsample.ui.GifListActivity@b39c7d7 in: DESTROYED
11-26 12:27:15.362  1238  1668 I WindowManager: Destroying surface Surface(name=br.com.catbag.gifreduxsample/br.com.catbag.gifreduxsample.ui.GifListActivity) called by com.android.server.wm.WindowStateAnimator.destroySurface:2014 com.android.server.wm.WindowStateAnimator.destroySurfaceLocked:881 com.android.server.wm.WindowState.removeLocked:1449 com.android.server.wm.WindowManagerService.removeWindowInnerLocked:2478 com.android.server.wm.WindowManagerService.removeWindowLocked:2436 com.android.server.wm.WindowManagerService.removeWindowLocked:2305 com.android.server.wm.WindowManagerService.removeWindow:2300 com.android.server.wm.Session.remove:193 
11-26 12:27:15.367  2237  2237 D LifecycleMonitor: Lifecycle status change: br.com.catbag.gifreduxsample.ui.GifListActivity@423054b in: STOPPED
11-26 12:27:15.367  2237  2237 D LifecycleMonitor: Lifecycle status change: br.com.catbag.gifreduxsample.ui.GifListActivity@423054b in: DESTROYED
11-26 12:27:15.370  1238  1463 I WindowManager: Destroying surface Surface(name=br.com.catbag.gifreduxsample/br.com.catbag.gifreduxsample.ui.GifListActivity) called by com.android.server.wm.WindowStateAnimator.destroySurface:2014 com.android.server.wm.WindowStateAnimator.destroySurfaceLocked:881 com.android.server.wm.WindowState.removeLocked:1449 com.android.server.wm.WindowManagerService.removeWindowInnerLocked:2478 com.android.server.wm.WindowManagerService.removeWindowLocked:2436 com.android.server.wm.WindowManagerService.removeWindowLocked:2305 com.android.server.wm.WindowManagerService.removeWindow:2300 com.android.server.wm.Session.remove:193 
11-26 12:27:15.374  2237  2237 D LifecycleMonitor: Lifecycle status change: br.com.catbag.gifreduxsample.ui.GifListActivity@79ef187 in: STOPPED
11-26 12:27:15.374  2237  2237 D LifecycleMonitor: Lifecycle status change: br.com.catbag.gifreduxsample.ui.GifListActivity@79ef187 in: DESTROYED
11-26 12:27:15.376  1238  1664 I WindowManager: Destroying surface Surface(name=br.com.catbag.gifreduxsample/br.com.catbag.gifreduxsample.ui.GifListActivity) called by com.android.server.wm.WindowStateAnimator.destroySurface:2014 com.android.server.wm.WindowStateAnimator.destroySurfaceLocked:881 com.android.server.wm.WindowState.removeLocked:1449 com.android.server.wm.WindowManagerService.removeWindowInnerLocked:2478 com.android.server.wm.WindowManagerService.removeWindowLocked:2436 com.android.server.wm.WindowManagerService.removeWindowLocked:2305 com.android.server.wm.WindowManagerService.removeWindow:2300 com.android.server.wm.Session.remove:193 
11-26 12:27:15.455  2237  2237 D LifecycleMonitor: Lifecycle status change: br.com.catbag.gifreduxsample.ui.GifListActivity@b848390 in: PAUSED
11-26 12:27:15.456  2237  2253 I TestRunner: finished: whenPlayGifTest(br.com.catbag.gifreduxsample.ui.giflist.GifListActivityTest)
11-26 12:27:15.506   979   979 D gralloc : Registering a buffer in the process that created it. This may cause memory ordering problems.
11-26 12:27:15.507   979   979 E libEGL  : called unimplemented OpenGL ES API
11-26 12:27:15.507   979   979 E SurfaceFlinger: glCheckFramebufferStatusOES error 826700772
11-26 12:27:15.507   979   979 E SurfaceFlinger: got GL_FRAMEBUFFER_COMPLETE_OES error while taking screenshot
11-26 12:27:15.510  1238  1669 W WindowManager: Screenshot failure taking screenshot for (480x800) to layer 21010
11-26 12:27:15.528  2237  2237 I MonitoringInstrumentation: Activities that are still in CREATED to STOPPED: 1
11-26 12:27:15.529  2237  2253 I TestRunner: started: whenGifListIsEmpty(br.com.catbag.gifreduxsample.ui.giflist.GifListActivityTest)
11-26 12:27:15.635  2237  2237 I MonitoringInstrumentation: Activities that are still in CREATED to STOPPED: 1
11-26 12:27:15.657  2237  2254 I DroidFlux:Dispatcher: [STARTED] dispatch of action [FAKE_REDUCE_ACTION]
11-26 12:27:15.658  2237  2254 I DroidFlux:Dispatcher: [COMPLETED] dispatch of action [FAKE_REDUCE_ACTION]
11-26 12:27:15.711  2237  2295 D ActivityTestRule: Launching activity br.com.catbag.gifreduxsample.ui.GifListActivity
11-26 12:27:15.712  2237  2296 D MonitoringInstrumentation: execStartActivity(context, ibinder, ibinder, activity, intent, int, bundle
11-26 12:27:15.713  1238  1463 I ActivityManager: START u0 {flg=0x10000000 cmp=br.com.catbag.gifreduxsample/.ui.GifListActivity} from uid 10060 on display 0
11-26 12:27:15.887  2237  2237 D LifecycleMonitor: Lifecycle status change: br.com.catbag.gifreduxsample.ui.GifListActivity@8a1a087 in: PRE_ON_CREATE
11-26 12:27:15.910  1721  1721 I Choreographer: Skipped 35 frames!  The application may be doing too much work on its main thread.
11-26 12:27:15.925  2237  2237 D LifecycleMonitor: Lifecycle status change: br.com.catbag.gifreduxsample.ui.GifListActivity@8a1a087 in: CREATED
11-26 12:27:15.925  2237  2254 I DroidFlux:Dispatcher: [STARTED] dispatch of action [APP_STATE_LOAD]
11-26 12:27:15.926  2237  2254 D DroidFlux:Dispatcher: An action of type [APP_STATE_LOAD] was dispatched, but no reducer handled it
11-26 12:27:15.926  2237  2254 I DroidFlux:Dispatcher: [COMPLETED] dispatch of action [APP_STATE_LOAD]
11-26 12:27:15.926  2237  2237 D LifecycleMonitor: Lifecycle status change: br.com.catbag.gifreduxsample.ui.GifListActivity@8a1a087 in: STARTED
11-26 12:27:15.968  2237  2237 D LifecycleMonitor: Lifecycle status change: br.com.catbag.gifreduxsample.ui.GifListActivity@8a1a087 in: RESUMED
11-26 12:27:16.198  2237  2237 D LifecycleMonitor: Lifecycle status change: br.com.catbag.gifreduxsample.ui.GifListActivity@8a1a087 in: PAUSED
11-26 12:27:16.215  2237  2253 I TestRunner: finished: whenGifListIsEmpty(br.com.catbag.gifreduxsample.ui.giflist.GifListActivityTest)
11-26 12:27:16.238   979   979 D gralloc : Registering a buffer in the process that created it. This may cause memory ordering problems.
11-26 12:27:16.238   979   979 E SurfaceFlinger: glCheckFramebufferStatusOES error 826700772
11-26 12:27:16.238   979   979 E SurfaceFlinger: got GL_FRAMEBUFFER_COMPLETE_OES error while taking screenshot
11-26 12:27:16.240  1238  1667 W WindowManager: Screenshot failure taking screenshot for (480x800) to layer 22020
11-26 12:27:16.246  1238  1341 D WindowManager: relayoutVisibleWindow: Window{3958a48 u0 com.android.launcher3/com.android.launcher3.Launcher EXITING} mAnimatingExit=true, mRemoveOnExit=false, mDestroying=false
11-26 12:27:16.247  2237  2237 I MonitoringInstrumentation: Activities that are still in CREATED to STOPPED: 2
11-26 12:27:16.279  2237  2253 I TestRunner: started: whenGifDownloadFailTest(br.com.catbag.gifreduxsample.ui.giflist.GifListActivityTest)
11-26 12:27:16.383  2237  2237 I MonitoringInstrumentation: Activities that are still in CREATED to STOPPED: 2
11-26 12:27:16.391  2237  2254 I DroidFlux:Dispatcher: [STARTED] dispatch of action [FAKE_REDUCE_ACTION]
11-26 12:27:16.392  2237  2254 I DroidFlux:Dispatcher: [COMPLETED] dispatch of action [FAKE_REDUCE_ACTION]
11-26 12:27:16.520  2237  2297 D ActivityTestRule: Launching activity br.com.catbag.gifreduxsample.ui.GifListActivity
11-26 12:27:16.541  2237  2298 D MonitoringInstrumentation: execStartActivity(context, ibinder, ibinder, activity, intent, int, bundle
11-26 12:27:16.554  1238  1249 I ActivityManager: START u0 {flg=0x10000000 cmp=br.com.catbag.gifreduxsample/.ui.GifListActivity} from uid 10060 on display 0
