11-22 16:50:14.585  2314  2314 D ICU     : No timezone override file found: /data/misc/zoneinfo/current/icu/icu_tzdata.dat
11-22 16:50:14.661  2314  2314 E memtrack: Couldn't load memtrack module (No such file or directory)
11-22 16:50:14.662  2314  2314 E android.os.Debug: failed to load memtrack module: -2
11-22 16:50:14.677  2314  2314 I Radio-JNI: register_android_hardware_Radio DONE
11-22 16:50:14.709  2314  2314 D AndroidRuntime: Calling main entry com.android.commands.am.Am
11-22 16:50:14.734  1239  1657 I ActivityManager: Force stopping br.com.catbag.gifreduxsample appid=10060 user=0: start instr
11-22 16:50:14.770  1239  1657 I ActivityManager: Start proc 2324:br.com.catbag.gifreduxsample/u0a60 for added application br.com.catbag.gifreduxsample
11-22 16:50:14.777  2324  2324 I art     : Not late-enabling -Xcheck:jni (already on)
11-22 16:50:14.778  2324  2324 W art     : Unexpected CPU variant for X86 using defaults: x86
11-22 16:50:14.852  2324  2324 W System  : ClassLoader referenced unknown path: /data/app/br.com.catbag.gifreduxsample.test-1/lib/x86
11-22 16:50:14.878  2324  2324 W System  : ClassLoader referenced unknown path: 
11-22 16:50:14.987  2324  2324 W System.err: java.io.FileNotFoundException: /jacoco.exec (Read-only file system)
11-22 16:50:14.990  2324  2324 W System.err: 	at java.io.FileOutputStream.open(Native Method)
11-22 16:50:14.990  2324  2324 W System.err: 	at java.io.FileOutputStream.<init>(FileOutputStream.java:221)
11-22 16:50:14.991  2324  2324 W System.err: 	at org.jacoco.agent.rt.internal_e6e56f0.output.FileOutput.openFile(FileOutput.java:67)
11-22 16:50:14.991  2324  2324 W System.err: 	at org.jacoco.agent.rt.internal_e6e56f0.output.FileOutput.startup(FileOutput.java:49)
11-22 16:50:14.991  2324  2324 W System.err: 	at org.jacoco.agent.rt.internal_e6e56f0.Agent.startup(Agent.java:122)
11-22 16:50:14.991  2324  2324 W System.err: 	at org.jacoco.agent.rt.internal_e6e56f0.Agent.getInstance(Agent.java:50)
11-22 16:50:14.992  2324  2324 W System.err: 	at org.jacoco.agent.rt.internal_e6e56f0.Offline.<clinit>(Offline.java:31)
11-22 16:50:14.992  2324  2324 W System.err: 	at org.jacoco.agent.rt.internal_e6e56f0.Offline.getProbes(Offline.java:51)
11-22 16:50:14.992  2324  2324 W System.err: 	at br.com.catbag.gifreduxsample.MyApp.$jacocoInit(MyApp.java)
11-22 16:50:14.992  2324  2324 W System.err: 	at br.com.catbag.gifreduxsample.MyApp.<clinit>(MyApp.java)
11-22 16:50:14.993  2324  2324 W System.err: 	at java.lang.Class.newInstance(Native Method)
11-22 16:50:14.993  2324  2324 W System.err: 	at android.app.Instrumentation.newApplication(Instrumentation.java:1007)
11-22 16:50:15.019  2324  2324 W System.err: 	at android.app.Instrumentation.newApplication(Instrumentation.java:992)
11-22 16:50:15.019  2324  2324 W System.err: 	at android.app.LoadedApk.makeApplication(LoadedApk.java:796)
11-22 16:50:15.019  2324  2324 W System.err: 	at android.app.ActivityThread.handleBindApplication(ActivityThread.java:5335)
11-22 16:50:15.019  2324  2324 W System.err: 	at android.app.ActivityThread.-wrap2(ActivityThread.java)
11-22 16:50:15.019  2324  2324 W System.err: 	at android.app.ActivityThread$H.handleMessage(ActivityThread.java:1528)
11-22 16:50:15.020  2324  2324 W System.err: 	at android.os.Handler.dispatchMessage(Handler.java:102)
11-22 16:50:15.020  2324  2324 W System.err: 	at android.os.Looper.loop(Looper.java:154)
11-22 16:50:15.020  2324  2324 W System.err: 	at android.app.ActivityThread.main(ActivityThread.java:6077)
11-22 16:50:15.020  2324  2324 W System.err: 	at java.lang.reflect.Method.invoke(Native Method)
11-22 16:50:15.020  2324  2324 W System.err: 	at com.android.internal.os.ZygoteInit$MethodAndArgsCaller.run(ZygoteInit.java:865)
11-22 16:50:15.020  2324  2324 W System.err: 	at com.android.internal.os.ZygoteInit.main(ZygoteInit.java:755)
11-22 16:50:15.046  2324  2324 I MonitoringInstrumentation: Instrumentation Started!
11-22 16:50:15.058  2324  2324 I MonitoringInstrumentation: Setting context classloader to 'dalvik.system.PathClassLoader[DexPathList[[zip file "/system/framework/android.test.runner.jar", zip file "/data/app/br.com.catbag.gifreduxsample.test-1/base.apk", zip file "/data/app/br.com.catbag.gifreduxsample-1/base.apk"],nativeLibraryDirectories=[/data/app/br.com.catbag.gifreduxsample.test-1/lib/x86, /data/app/br.com.catbag.gifreduxsample-1/lib/x86, /system/fake-libs, /data/app/br.com.catbag.gifreduxsample.test-1/base.apk!/lib/x86, /data/app/br.com.catbag.gifreduxsample-1/base.apk!/lib/x86, /system/lib, /vendor/lib]]]', Original: 'dalvik.system.PathClassLoader[DexPathList[[zip file "/system/framework/android.test.runner.jar", zip file "/data/app/br.com.catbag.gifreduxsample.test-1/base.apk", zip file "/data/app/br.com.catbag.gifreduxsample-1/base.apk"],nativeLibraryDirectories=[/data/app/br.com.catbag.gifreduxsample.test-1/lib/x86, /data/app/br.com.catbag.gifreduxsample-1/lib/x86, /system/fake-libs, /data/app/br.com.catbag.gifreduxsample.test-1/base.apk!/lib/x86, /data/app/br.com.catbag.gifreduxsample-1/base.apk!/lib/x86, /system/lib, /vendor/lib]]]'
11-22 16:50:15.191  2324  2324 D NetworkSecurityConfig: No Network Security Config specified, using platform default
11-22 16:50:15.262  2324  2324 I MonitoringInstrumentation: No JSBridge.
11-22 16:50:15.301  2324  2339 I UsageTrackerFacilitator: Usage tracking enabled
11-22 16:50:15.303  2324  2339 I TestRequestBuilder: Scanning classpath to find tests in apks [/data/app/br.com.catbag.gifreduxsample.test-1/base.apk]
11-22 16:50:16.096  2324  2339 I art     : Rejecting re-init on previously-failed class java.lang.Class<org.objectweb.asm.commons.JSRInlinerAdapter>: java.lang.NoClassDefFoundError: Failed resolution of: Lorg/objectweb/asm/tree/MethodNode;
11-22 16:50:16.096  2324  2339 I art     :   at java.lang.Class java.lang.Class.classForName!(java.lang.String, boolean, java.lang.ClassLoader) (Class.java:-2)
11-22 16:50:16.096  2324  2339 I art     :   at java.lang.Class java.lang.Class.forName(java.lang.String, boolean, java.lang.ClassLoader) (Class.java:400)
11-22 16:50:16.096  2324  2339 I art     :   at java.lang.Class android.support.test.internal.runner.TestLoader.doLoadClass(java.lang.String) (TestLoader.java:92)
11-22 16:50:16.097  2324  2339 I art     :   at java.lang.Class android.support.test.internal.runner.TestLoader.loadIfTest(java.lang.String) (TestLoader.java:113)
11-22 16:50:16.097  2324  2339 I art     :   at void android.support.test.internal.runner.TestRequestBuilder.loadClassesFromClassPath(android.support.test.internal.runner.TestLoader, java.util.Set) (TestRequestBuilder.java:801)
11-22 16:50:16.097  2324  2339 I art     :   at android.support.test.internal.runner.TestRequest android.support.test.internal.runner.TestRequestBuilder.build() (TestRequestBuilder.java:747)
11-22 16:50:16.097  2324  2339 I art     :   at android.support.test.internal.runner.TestRequest android.support.test.runner.AndroidJUnitRunner.buildRequest(android.support.test.internal.runner.RunnerArgs, android.os.Bundle) (AndroidJUnitRunner.java:354)
11-22 16:50:16.097  2324  2339 I art     :   at void android.support.test.runner.AndroidJUnitRunner.onStart() (AndroidJUnitRunner.java:260)
11-22 16:50:16.097  2324  2339 I art     :   at void android.app.Instrumentation$InstrumentationThread.run() (Instrumentation.java:1932)
11-22 16:50:16.098  2324  2339 I art     : Caused by: java.lang.ClassNotFoundException: Didn't find class "org.objectweb.asm.tree.MethodNode" on path: DexPathList[[zip file "/system/framework/android.test.runner.jar", zip file "/data/app/br.com.catbag.gifreduxsample.test-1/base.apk", zip file "/data/app/br.com.catbag.gifreduxsample-1/base.apk"],nativeLibraryDirectories=[/data/app/br.com.catbag.gifreduxsample.test-1/lib/x86, /data/app/br.com.catbag.gifreduxsample-1/lib/x86, /system/fake-libs, /data/app/br.com.catbag.gifreduxsample.test-1/base.apk!/lib/x86, /data/app/br.com.catbag.gifreduxsample-1/base.apk!/lib/x86, /system/lib, /vendor/lib]]
11-22 16:50:16.099  2324  2339 I art     :   at java.lang.Class dalvik.system.BaseDexClassLoader.findClass(java.lang.String) (BaseDexClassLoader.java:56)
11-22 16:50:16.099  2324  2339 I art     :   at java.lang.Class java.lang.ClassLoader.loadClass(java.lang.String, boolean) (ClassLoader.java:380)
11-22 16:50:16.099  2324  2339 I art     :   at java.lang.Class java.lang.ClassLoader.loadClass(java.lang.String) (ClassLoader.java:312)
11-22 16:50:16.099  2324  2339 I art     :   at java.lang.Class java.lang.Class.classForName!(java.lang.String, boolean, java.lang.ClassLoader) (Class.java:-2)
11-22 16:50:16.099  2324  2339 I art     :   at java.lang.Class java.lang.Class.forName(java.lang.String, boolean, java.lang.ClassLoader) (Class.java:400)
11-22 16:50:16.099  2324  2339 I art     :   at java.lang.Class android.support.test.internal.runner.TestLoader.doLoadClass(java.lang.String) (TestLoader.java:92)
11-22 16:50:16.100  2324  2339 I art     :   at java.lang.Class android.support.test.internal.runner.TestLoader.loadIfTest(java.lang.String) (TestLoader.java:113)
11-22 16:50:16.100  2324  2339 I art     :   at void android.support.test.internal.runner.TestRequestBuilder.loadClassesFromClassPath(android.support.test.internal.runner.TestLoader, java.util.Set) (TestRequestBuilder.java:801)
11-22 16:50:16.100  2324  2339 I art     :   at android.support.test.internal.runner.TestRequest android.support.test.internal.runner.TestRequestBuilder.build() (TestRequestBuilder.java:747)
11-22 16:50:16.100  2324  2339 I art     :   at android.support.test.internal.runner.TestRequest android.support.test.runner.AndroidJUnitRunner.buildRequest(android.support.test.internal.runner.RunnerArgs, android.os.Bundle) (AndroidJUnitRunner.java:354)
11-22 16:50:16.100  2324  2339 I art     :   at void android.support.test.runner.AndroidJUnitRunner.onStart() (AndroidJUnitRunner.java:260)
11-22 16:50:16.100  2324  2339 I art     :   at void android.app.Instrumentation$InstrumentationThread.run() (Instrumentation.java:1932)
11-22 16:50:16.100  2324  2339 I art     : 
11-22 16:50:16.101  2324  2339 E TestLoader: Could not find class: org.objectweb.asm.commons.JSRInlinerAdapter
11-22 16:50:16.140  2324  2339 I art     : Rejecting re-init on previously-failed class java.lang.Class<org.objectweb.asm.commons.TryCatchBlockSorter>: java.lang.NoClassDefFoundError: Failed resolution of: Lorg/objectweb/asm/tree/MethodNode;
11-22 16:50:16.140  2324  2339 I art     :   at java.lang.Class java.lang.Class.classForName!(java.lang.String, boolean, java.lang.ClassLoader) (Class.java:-2)
11-22 16:50:16.140  2324  2339 I art     :   at java.lang.Class java.lang.Class.forName(java.lang.String, boolean, java.lang.ClassLoader) (Class.java:400)
11-22 16:50:16.140  2324  2339 I art     :   at java.lang.Class android.support.test.internal.runner.TestLoader.doLoadClass(java.lang.String) (TestLoader.java:92)
11-22 16:50:16.140  2324  2339 I art     :   at java.lang.Class android.support.test.internal.runner.TestLoader.loadIfTest(java.lang.String) (TestLoader.java:113)
11-22 16:50:16.142  2324  2339 I art     :   at void android.support.test.internal.runner.TestRequestBuilder.loadClassesFromClassPath(android.support.test.internal.runner.TestLoader, java.util.Set) (TestRequestBuilder.java:801)
11-22 16:50:16.142  2324  2339 I art     :   at android.support.test.internal.runner.TestRequest android.support.test.internal.runner.TestRequestBuilder.build() (TestRequestBuilder.java:747)
11-22 16:50:16.142  2324  2339 I art     :   at android.support.test.internal.runner.TestRequest android.support.test.runner.AndroidJUnitRunner.buildRequest(android.support.test.internal.runner.RunnerArgs, android.os.Bundle) (AndroidJUnitRunner.java:354)
11-22 16:50:16.143  2324  2339 I art     :   at void android.support.test.runner.AndroidJUnitRunner.onStart() (AndroidJUnitRunner.java:260)
11-22 16:50:16.143  2324  2339 I art     :   at void android.app.Instrumentation$InstrumentationThread.run() (Instrumentation.java:1932)
11-22 16:50:16.143  2324  2339 I art     : Caused by: java.lang.ClassNotFoundException: Didn't find class "org.objectweb.asm.tree.MethodNode" on path: DexPathList[[zip file "/system/framework/android.test.runner.jar", zip file "/data/app/br.com.catbag.gifreduxsample.test-1/base.apk", zip file "/data/app/br.com.catbag.gifreduxsample-1/base.apk"],nativeLibraryDirectories=[/data/app/br.com.catbag.gifreduxsample.test-1/lib/x86, /data/app/br.com.catbag.gifreduxsample-1/lib/x86, /system/fake-libs, /data/app/br.com.catbag.gifreduxsample.test-1/base.apk!/lib/x86, /data/app/br.com.catbag.gifreduxsample-1/base.apk!/lib/x86, /system/lib, /vendor/lib]]
11-22 16:50:16.143  2324  2339 I art     :   at java.lang.Class dalvik.system.BaseDexClassLoader.findClass(java.lang.String) (BaseDexClassLoader.java:56)
11-22 16:50:16.143  2324  2339 I art     :   at java.lang.Class java.lang.ClassLoader.loadClass(java.lang.String, boolean) (ClassLoader.java:380)
11-22 16:50:16.143  2324  2339 I art     :   at java.lang.Class java.lang.ClassLoader.loadClass(java.lang.String) (ClassLoader.java:312)
11-22 16:50:16.144  2324  2339 I art     :   at java.lang.Class java.lang.Class.classForName!(java.lang.String, boolean, java.lang.ClassLoader) (Class.java:-2)
11-22 16:50:16.144  2324  2339 I art     :   at java.lang.Class java.lang.Class.forName(java.lang.String, boolean, java.lang.ClassLoader) (Class.java:400)
11-22 16:50:16.144  2324  2339 I art     :   at java.lang.Class android.support.test.internal.runner.TestLoader.doLoadClass(java.lang.String) (TestLoader.java:92)
11-22 16:50:16.145  2324  2339 I art     :   at java.lang.Class android.support.test.internal.runner.TestLoader.loadIfTest(java.lang.String) (TestLoader.java:113)
11-22 16:50:16.145  2324  2339 I art     :   at void android.support.test.internal.runner.TestRequestBuilder.loadClassesFromClassPath(android.support.test.internal.runner.TestLoader, java.util.Set) (TestRequestBuilder.java:801)
11-22 16:50:16.145  2324  2339 I art     :   at android.support.test.internal.runner.TestRequest android.support.test.internal.runner.TestRequestBuilder.build() (TestRequestBuilder.java:747)
11-22 16:50:16.145  2324  2339 I art     :   at android.support.test.internal.runner.TestRequest android.support.test.runner.AndroidJUnitRunner.buildRequest(android.support.test.internal.runner.RunnerArgs, android.os.Bundle) (AndroidJUnitRunner.java:354)
11-22 16:50:16.145  2324  2339 I art     :   at void android.support.test.runner.AndroidJUnitRunner.onStart() (AndroidJUnitRunner.java:260)
11-22 16:50:16.145  2324  2339 I art     :   at void android.app.Instrumentation$InstrumentationThread.run() (Instrumentation.java:1932)
11-22 16:50:16.146  2324  2339 I art     : 
11-22 16:50:16.146  2324  2339 E TestLoader: Could not find class: org.objectweb.asm.commons.TryCatchBlockSorter
11-22 16:50:16.201  2324  2339 D TestExecutor: Adding listener android.support.test.internal.runner.listener.LogRunListener
11-22 16:50:16.203  2324  2339 D TestExecutor: Adding listener android.support.test.internal.runner.listener.InstrumentationResultPrinter
11-22 16:50:16.203  2324  2339 D TestExecutor: Adding listener android.support.test.internal.runner.listener.ActivityFinisherRunListener
11-22 16:50:16.203  2324  2339 D TestExecutor: Adding listener android.support.test.internal.runner.listener.CoverageListener
11-22 16:50:16.222  2324  2339 I TestRunner: run started: 15 tests
11-22 16:50:16.233  2324  2339 I TestRunner: started: whenAppStateSavedSeveralTime(br.com.catbag.gifreduxsample.asyncs.data.DataManagerTest)
11-22 16:50:16.262  2324  2324 I MonitoringInstrumentation: Activities that are still in CREATED to STOPPED: 0
11-22 16:50:16.329  2324  2335 I art     : Background sticky concurrent mark sweep GC freed 111993(4MB) AllocSpace objects, 0(0B) LOS objects, 26% free, 5MB/6MB, paused 10.214ms total 629.422ms
11-22 16:50:16.812  2324  2342 W Java7Support: Unable to load JDK7 types (annotations, java.nio.file.Path): no Java7 support added
11-22 16:50:17.433  2324  2335 I art     : Background partial concurrent mark sweep GC freed 68474(2MB) AllocSpace objects, 0(0B) LOS objects, 40% free, 3MB/5MB, paused 5.800ms total 124.159ms
11-22 16:50:17.461  2324  2339 I TestRunner: finished: whenAppStateSavedSeveralTime(br.com.catbag.gifreduxsample.asyncs.data.DataManagerTest)
11-22 16:50:17.490  2324  2324 I MonitoringInstrumentation: Activities that are still in CREATED to STOPPED: 0
11-22 16:50:17.492  2324  2339 I TestRunner: started: whenAppStateSavedOnceTime(br.com.catbag.gifreduxsample.asyncs.data.DataManagerTest)
11-22 16:50:17.495  2324  2324 I MonitoringInstrumentation: Activities that are still in CREATED to STOPPED: 0
11-22 16:50:17.842  2324  2339 I TestRunner: finished: whenAppStateSavedOnceTime(br.com.catbag.gifreduxsample.asyncs.data.DataManagerTest)
11-22 16:50:17.867  2324  2324 I MonitoringInstrumentation: Activities that are still in CREATED to STOPPED: 0
11-22 16:50:17.868  2324  2339 I TestRunner: started: whenUnsavedAppStateIsLoaded(br.com.catbag.gifreduxsample.asyncs.data.DataManagerTest)
11-22 16:50:17.870  2324  2324 I MonitoringInstrumentation: Activities that are still in CREATED to STOPPED: 0
11-22 16:50:18.010  2324  2348 E DataManager: appstate not loaded
11-22 16:50:18.010  2324  2348 E DataManager: com.snappydb.SnappydbException: Failed to get a String: NotFound: 
11-22 16:50:18.010  2324  2348 E DataManager: 	at com.snappydb.internal.DBImpl.__get(Native Method)
11-22 16:50:18.010  2324  2348 E DataManager: 	at com.snappydb.internal.DBImpl.get(DBImpl.java:348)
11-22 16:50:18.010  2324  2348 E DataManager: 	at br.com.catbag.gifreduxsample.asyncs.data.storage.Database.getAppState(Database.java:29)
11-22 16:50:18.010  2324  2348 E DataManager: 	at br.com.catbag.gifreduxsample.asyncs.data.DataManager.lambda$loadAppState$0(DataManager.java:61)
11-22 16:50:18.010  2324  2348 E DataManager: 	at br.com.catbag.gifreduxsample.asyncs.data.DataManager$$Lambda$1.run(Unknown Source)
11-22 16:50:18.010  2324  2348 E DataManager: 	at java.lang.Thread.run(Thread.java:761)
11-22 16:50:18.012  2324  2339 I TestRunner: finished: whenUnsavedAppStateIsLoaded(br.com.catbag.gifreduxsample.asyncs.data.DataManagerTest)
11-22 16:50:18.023  2324  2324 I MonitoringInstrumentation: Activities that are still in CREATED to STOPPED: 0
11-22 16:50:18.027  2324  2339 I TestRunner: started: whenSavedAppStateIsLoaded(br.com.catbag.gifreduxsample.asyncs.data.DataManagerTest)
11-22 16:50:18.063  2324  2324 I MonitoringInstrumentation: Activities that are still in CREATED to STOPPED: 0
11-22 16:50:18.321  2324  2339 I TestRunner: finished: whenSavedAppStateIsLoaded(br.com.catbag.gifreduxsample.asyncs.data.DataManagerTest)
11-22 16:50:18.331  2324  2324 I MonitoringInstrumentation: Activities that are still in CREATED to STOPPED: 0
11-22 16:50:18.362  2324  2339 I TestRunner: started: whenScrollDownAndPlayLastItemTest(br.com.catbag.gifreduxsample.ui.giflist.GifListActivityTest)
11-22 16:50:18.366  2324  2324 I MonitoringInstrumentation: Activities that are still in CREATED to STOPPED: 0
11-22 16:50:18.737  2352  2352 W dex2oat : Unexpected CPU variant for X86 using defaults: x86
11-22 16:50:18.738  2352  2352 W dex2oat : Mismatch between dex2oat instruction set features (ISA: X86 Feature string: smp,-ssse3,-sse4.1,-sse4.2,-avx,-avx2,-lock_add,-popcnt) and those of dex2oat executable (ISA: X86 Feature string: smp,ssse3,-sse4.1,-sse4.2,-avx,-avx2,-lock_add,-popcnt) for the command line:
11-22 16:50:18.739  2352  2352 W dex2oat : /system/bin/dex2oat --runtime-arg -classpath --runtime-arg & --instruction-set=x86 --instruction-set-features=smp,ssse3,-sse4.1,-sse4.2,-avx,-avx2,-lock_add,-popcnt --runtime-arg -Xrelocate --boot-image=/system/framework/boot.art --runtime-arg -Xms64m --runtime-arg -Xmx512m --instruction-set-variant=x86 --instruction-set-features=default --dex-file=/data/user/0/br.com.catbag.gifreduxsample/app_dxmaker_cache/Generated_1497766805.jar --oat-fd=38 --oat-location=/data/user/0/br.com.catbag.gifreduxsample/app_dxmaker_cache/Generated_1497766805.dex --compiler-filter=speed
11-22 16:50:18.739  2352  2352 I dex2oat : /system/bin/dex2oat --dex-file=/data/user/0/br.com.catbag.gifreduxsample/app_dxmaker_cache/Generated_1497766805.jar --oat-fd=38 --oat-location=/data/user/0/br.com.catbag.gifreduxsample/app_dxmaker_cache/Generated_1497766805.dex --compiler-filter=speed
11-22 16:50:18.818  2324  2335 I art     : Background sticky concurrent mark sweep GC freed 35328(1513KB) AllocSpace objects, 2(40KB) LOS objects, 30% free, 4MB/5MB, paused 4.930ms total 173.883ms
11-22 16:50:18.985  2352  2352 I dex2oat : dex2oat took 247.737ms (threads: 1) arena alloc=41KB (42016B) java alloc=28KB (28768B) native alloc=736KB (753768B) free=799KB (819096B)
11-22 16:50:19.042  1239  1657 D VoldConnector: SND -> {29 volume mkdirs /storage/emulated/0/Android/data/br.com.catbag.gifreduxsample/cache/}
11-22 16:50:19.067  1239  1281 D VoldConnector: RCV <- {200 29 Command succeeded}
11-22 16:50:19.082  2324  2340 I DroidFlux:Dispatcher: [STARTED] dispatch of action [FAKE_REDUCE_ACTION]
11-22 16:50:19.129  2324  2340 I DroidFlux:Dispatcher: [COMPLETED] dispatch of action [FAKE_REDUCE_ACTION]
11-22 16:50:19.150  2324  2351 D ActivityTestRule: Launching activity br.com.catbag.gifreduxsample.ui.GifListActivity
11-22 16:50:19.169  2324  2355 D MonitoringInstrumentation: execStartActivity(context, ibinder, ibinder, activity, intent, int, bundle
11-22 16:50:19.181  1239  2148 I ActivityManager: START u0 {flg=0x14000000 cmp=br.com.catbag.gifreduxsample/.ui.GifListActivity} from uid 10060 on display 0
11-22 16:50:19.517  1239  1253 W art     : Long monitor contention with owner Binder:1239_8 (2148) at int com.android.server.am.ActivityStarter.startActivityMayWait(android.app.IApplicationThread, int, java.lang.String, android.content.Intent, java.lang.String, android.service.voice.IVoiceInteractionSession, com.android.internal.app.IVoiceInteractor, android.os.IBinder, java.lang.String, int, int, android.app.ProfilerInfo, android.app.IActivityManager$WaitResult, android.content.res.Configuration, android.os.Bundle, boolean, int, android.app.IActivityContainer, com.android.server.am.TaskRecord)(ActivityStarter.java:725) waiters=0 in void com.android.server.am.ActivityManagerService$MainHandler.handleMessage(android.os.Message) for 129ms
11-22 16:50:19.749  2324  2324 D LifecycleMonitor: Lifecycle status change: br.com.catbag.gifreduxsample.ui.GifListActivity@c5455ef in: PRE_ON_CREATE
11-22 16:50:19.961  1239  1260 I Choreographer: Skipped 37 frames!  The application may be doing too much work on its main thread.
11-22 16:50:20.406  1239  1260 I Choreographer: Skipped 40 frames!  The application may be doing too much work on its main thread.
11-22 16:50:20.588  1239  1260 I Choreographer: Skipped 40 frames!  The application may be doing too much work on its main thread.
11-22 16:50:20.616  2324  2324 D LifecycleMonitor: Lifecycle status change: br.com.catbag.gifreduxsample.ui.GifListActivity@c5455ef in: CREATED
11-22 16:50:20.618  2324  2340 I DroidFlux:Dispatcher: [STARTED] dispatch of action [APP_STATE_LOAD]
11-22 16:50:20.619  2324  2340 D DroidFlux:Dispatcher: An action of type [APP_STATE_LOAD] was dispatched, but no reducer handled it
11-22 16:50:20.620  2324  2340 I DroidFlux:Dispatcher: [COMPLETED] dispatch of action [APP_STATE_LOAD]
11-22 16:50:20.620  2324  2324 D LifecycleMonitor: Lifecycle status change: br.com.catbag.gifreduxsample.ui.GifListActivity@c5455ef in: STARTED
11-22 16:50:20.730  2324  2324 D LifecycleMonitor: Lifecycle status change: br.com.catbag.gifreduxsample.ui.GifListActivity@c5455ef in: RESUMED
11-22 16:50:20.888  1239  1260 I Choreographer: Skipped 75 frames!  The application may be doing too much work on its main thread.
11-22 16:50:20.892  1239  1446 W art     : Long monitor contention with owner android.display (1260) at void com.android.server.wm.WindowAnimator$1.doFrame(long)(WindowAnimator.java:138) waiters=0 in int com.android.server.wm.WindowManagerService.relayoutWindow(com.android.server.wm.Session, android.view.IWindow, int, android.view.WindowManager$LayoutParams, int, int, int, int, android.graphics.Rect, android.graphics.Rect, android.graphics.Rect, android.graphics.Rect, android.graphics.Rect, android.graphics.Rect, android.graphics.Rect, android.content.res.Configuration, android.view.Surface) for 299ms
11-22 16:50:21.167  2324  2340 I DroidFlux:Dispatcher: [STARTED] dispatch of action [APP_STATE_LOADED]
11-22 16:50:21.169  2324  2340 I DroidFlux:Dispatcher: [COMPLETED] dispatch of action [APP_STATE_LOADED]
11-22 16:50:21.188  1239  1260 I Choreographer: Skipped 70 frames!  The application may be doing too much work on its main thread.
11-22 16:50:21.193  1239  1251 W art     : Long monitor contention with owner android.display (1260) at void com.android.server.wm.WindowAnimator$1.doFrame(long)(WindowAnimator.java:138) waiters=1 in float com.android.server.wm.WindowManagerService.getCurrentAnimatorScale() for 350ms
11-22 16:50:21.382  1239  1446 W art     : Long monitor contention with owner android.display (1260) at void com.android.server.wm.WindowAnimator$1.doFrame(long)(WindowAnimator.java:138) waiters=1 in int com.android.server.wm.WindowManagerService.relayoutWindow(com.android.server.wm.Session, android.view.IWindow, int, android.view.WindowManager$LayoutParams, int, int, int, int, android.graphics.Rect, android.graphics.Rect, android.graphics.Rect, android.graphics.Rect, android.graphics.Rect, android.graphics.Rect, android.graphics.Rect, android.content.res.Configuration, android.view.Surface) for 489ms
11-22 16:50:21.443  1239  1446 I WindowManager: Destroying surface Surface(name=com.android.launcher3/com.android.launcher3.Launcher) called by com.android.server.wm.WindowStateAnimator.destroySurface:2014 com.android.server.wm.WindowStateAnimator.destroySurfaceLocked:881 com.android.server.wm.WindowState.destroyOrSaveSurface:2073 com.android.server.wm.WindowManagerService.tryStartExitingAnimation:3017 com.android.server.wm.WindowManagerService.relayoutWindow:2897 com.android.server.wm.Session.relayout:215 android.view.IWindowSession$Stub.onTransact:286 com.android.server.wm.Session.onTransact:136 
11-22 16:50:21.533  2324  2324 I Choreographer: Skipped 33 frames!  The application may be doing too much work on its main thread.
11-22 16:50:21.666  1726  1726 I Choreographer: Skipped 30 frames!  The application may be doing too much work on its main thread.
11-22 16:50:21.998  2324  2335 I art     : Background partial concurrent mark sweep GC freed 24698(1166KB) AllocSpace objects, 0(0B) LOS objects, 39% free, 4MB/8MB, paused 7.098ms total 101.705ms
11-22 16:50:22.077  2324  2324 D gralloc_ranchu: Emulator without host-side GPU emulation detected.
11-22 16:50:22.172  1239  1260 I ActivityManager: Displayed br.com.catbag.gifreduxsample/.ui.GifListActivity: +2s611ms
11-22 16:50:22.311  1239  1325 E TaskPersister: File error accessing recents directory (directory doesn't exist?).
11-22 16:50:22.342  2324  2351 D InputManagerEventInjectionStrategy: Creating injection strategy with input manager.
11-22 16:50:22.506  2324  2329 I art     : Do partial code cache collection, code=27KB, data=30KB
11-22 16:50:22.506  2324  2329 I art     : After code cache collection, code=26KB, data=30KB
11-22 16:50:22.506  2324  2329 I art     : Increasing code cache capacity to 128KB
11-22 16:50:22.510  1239  1260 I WindowManager: Destroying surface Surface(name=Starting br.com.catbag.gifreduxsample) called by com.android.server.wm.WindowStateAnimator.destroySurface:2014 com.android.server.wm.WindowStateAnimator.destroySurfaceLocked:881 com.android.server.wm.WindowState.destroyOrSaveSurface:2073 com.android.server.wm.AppWindowToken.destroySurfaces:363 com.android.server.wm.WindowStateAnimator.finishExit:565 com.android.server.wm.WindowStateAnimator.stepAnimationLocked:491 com.android.server.wm.WindowAnimator.updateWindowsLocked:303 com.android.server.wm.WindowAnimator.animateLocked:704 
11-22 16:50:51.541  2324  2324 D LifecycleMonitor: Lifecycle status change: br.com.catbag.gifreduxsample.ui.GifListActivity@c5455ef in: PAUSED
11-22 16:50:51.590  2324  2339 I TestRunner: failed: whenScrollDownAndPlayLastItemTest(br.com.catbag.gifreduxsample.ui.giflist.GifListActivityTest)
11-22 16:50:51.590  2324  2339 I TestRunner: ----- begin exception -----
11-22 16:50:51.592  2324  2339 I TestRunner: java.lang.RuntimeException: Waited for the root of the view hierarchy to have window focus and not be requesting layout for over 10 seconds. If you specified a non default root matcher, it may be picking a root that never takes focus. Otherwise, something is seriously wrong. Selected Root:
11-22 16:50:51.592  2324  2339 I TestRunner: Root{application-window-token=android.view.ViewRootImpl$W@75377cf, window-token=android.view.ViewRootImpl$W@75377cf, has-window-focus=false, layout-params-type=1, layout-params-string=WM.LayoutParams{(0,0)(fillxfill) sim=#100 ty=1 fl=#81810100 wanim=0x1030465 needsMenuKey=2}, decor-view-string=DecorView{id=-1, visibility=VISIBLE, width=480, height=800, has-focus=true, has-focusable=true, has-window-focus=false, is-clickable=false, is-enabled=true, is-focused=false, is-focusable=false, is-layout-requested=false, is-selected=false, root-is-layout-requested=false, has-input-connection=false, x=0.0, y=0.0, child-count=1}}
11-22 16:50:51.592  2324  2339 I TestRunner: . All Roots:
11-22 16:50:51.592  2324  2339 I TestRunner: Root{application-window-token=android.view.ViewRootImpl$W@75377cf, window-token=android.view.ViewRootImpl$W@75377cf, has-window-focus=false, layout-params-type=1, layout-params-string=WM.LayoutParams{(0,0)(fillxfill) sim=#100 ty=1 fl=#81810100 wanim=0x1030465 needsMenuKey=2}, decor-view-string=DecorView{id=-1, visibility=VISIBLE, width=480, height=800, has-focus=true, has-focusable=true, has-window-focus=false, is-clickable=false, is-enabled=true, is-focused=false, is-focusable=false, is-layout-requested=false, is-selected=false, root-is-layout-requested=false, has-input-connection=false, x=0.0, y=0.0, child-count=1}}
11-22 16:50:51.592  2324  2339 I TestRunner: 	at android.support.test.espresso.base.RootViewPicker.get(RootViewPicker.java:99)
11-22 16:50:51.592  2324  2339 I TestRunner: 	at android.support.test.espresso.ViewInteractionModule.provideRootView(ViewInteractionModule.java:69)
11-22 16:50:51.592  2324  2339 I TestRunner: 	at android.support.test.espresso.ViewInteractionModule_ProvideRootViewFactory.get(ViewInteractionModule_ProvideRootViewFactory.java:23)
11-22 16:50:51.592  2324  2339 I TestRunner: 	at android.support.test.espresso.ViewInteractionModule_ProvideRootViewFactory.get(ViewInteractionModule_ProvideRootViewFactory.java:9)
11-22 16:50:51.592  2324  2339 I TestRunner: 	at android.support.test.espresso.base.ViewFinderImpl.getView(ViewFinderImpl.java:68)
11-22 16:50:51.592  2324  2339 I TestRunner: 	at android.support.test.espresso.ViewInteraction$1.run(ViewInteraction.java:120)
11-22 16:50:51.592  2324  2339 I TestRunner: 	at java.util.concurrent.Executors$RunnableAdapter.call(Executors.java:428)
11-22 16:50:51.592  2324  2339 I TestRunner: 	at java.util.concurrent.FutureTask.run(FutureTask.java:237)
11-22 16:50:51.592  2324  2339 I TestRunner: 	at android.os.Handler.handleCallback(Handler.java:751)
11-22 16:50:51.592  2324  2339 I TestRunner: 	at android.os.Handler.dispatchMessage(Handler.java:95)
11-22 16:50:51.592  2324  2339 I TestRunner: 	at android.os.Looper.loop(Looper.java:154)
11-22 16:50:51.592  2324  2339 I TestRunner: 	at android.app.ActivityThread.main(ActivityThread.java:6077)
11-22 16:50:51.592  2324  2339 I TestRunner: 	at java.lang.reflect.Method.invoke(Native Method)
11-22 16:50:51.592  2324  2339 I TestRunner: 	at com.android.internal.os.ZygoteInit$MethodAndArgsCaller.run(ZygoteInit.java:865)
11-22 16:50:51.592  2324  2339 I TestRunner: 	at com.android.internal.os.ZygoteInit.main(ZygoteInit.java:755)
11-22 16:50:51.593  2324  2339 I TestRunner: ----- end exception -----
11-22 16:50:51.595  2324  2339 I TestRunner: finished: whenScrollDownAndPlayLastItemTest(br.com.catbag.gifreduxsample.ui.giflist.GifListActivityTest)
11-22 16:50:51.730   978   978 D gralloc : Registering a buffer in the process that created it. This may cause memory ordering problems.
11-22 16:50:51.732   978   978 E libEGL  : called unimplemented OpenGL ES API
11-22 16:50:51.736   978   978 E SurfaceFlinger: glCheckFramebufferStatusOES error -345084039
11-22 16:50:51.736   978   978 E SurfaceFlinger: got GL_FRAMEBUFFER_COMPLETE_OES error while taking screenshot
11-22 16:50:51.739  1239  1354 W WindowManager: Screenshot failure taking screenshot for (480x800) to layer 21000
11-22 16:50:51.798  1239  1254 W art     : Long monitor contention with owner Binder:1239_3 (1354) at void com.android.server.am.ActivityManagerService.activityPaused(android.os.IBinder)(ActivityManagerService.java:6849) waiters=1 in void com.android.server.am.ActivityManagerService.dispatchProcessesChanged() for 174ms
11-22 16:50:51.825  2324  2324 I MonitoringInstrumentation: Activities that are still in CREATED to STOPPED: 1
11-22 16:50:51.827  2324  2339 I TestRunner: started: whenGifIsNotWatchedTest(br.com.catbag.gifreduxsample.ui.giflist.GifListActivityTest)
11-22 16:50:51.831  2324  2324 I MonitoringInstrumentation: Activities that are still in CREATED to STOPPED: 1
11-22 16:50:51.843  2324  2340 I DroidFlux:Dispatcher: [STARTED] dispatch of action [FAKE_REDUCE_ACTION]
11-22 16:50:51.843  2324  2340 I DroidFlux:Dispatcher: [COMPLETED] dispatch of action [FAKE_REDUCE_ACTION]
11-22 16:50:51.846  2324  2360 D ActivityTestRule: Launching activity br.com.catbag.gifreduxsample.ui.GifListActivity
11-22 16:50:51.850  2324  2362 D MonitoringInstrumentation: execStartActivity(context, ibinder, ibinder, activity, intent, int, bundle
11-22 16:50:51.852  1239  1446 I ActivityManager: START u0 {flg=0x10000000 cmp=br.com.catbag.gifreduxsample/.ui.GifListActivity} from uid 10060 on display 0
11-22 16:50:52.113  2324  2324 I Choreographer: Skipped 53 frames!  The application may be doing too much work on its main thread.
11-22 16:50:52.241  1239  1260 I Choreographer: Skipped 116 frames!  The application may be doing too much work on its main thread.
11-22 16:50:52.416  1239  1260 I Choreographer: Skipped 45 frames!  The application may be doing too much work on its main thread.
11-22 16:50:52.529  1239  1253 W ActivityManager: Activity pause timeout for ActivityRecord{fab4858 u0 com.android.launcher3/.Launcher t3}
11-22 16:50:52.771  1239  1260 I Choreographer: Skipped 90 frames!  The application may be doing too much work on its main thread.
11-22 16:50:52.920  1239  1260 I Choreographer: Skipped 37 frames!  The application may be doing too much work on its main thread.
11-22 16:50:53.121  2324  2324 E Feed    : Gif{uuid=8a14b09b-9e65-4fb7-91bf-e01d4b4015e6, path=, url=, title=, watched=false, status=DOWNLOADED}
11-22 16:50:53.121  2324  2324 E Feed    : pl.droidsonroids.gif.GifIOException: GifError 101: Failed to open given input
11-22 16:50:53.121  2324  2324 E Feed    : 	at pl.droidsonroids.gif.GifInfoHandle.openFile(Native Method)
11-22 16:50:53.121  2324  2324 E Feed    : 	at pl.droidsonroids.gif.GifInfoHandle.<init>(GifInfoHandle.java:46)
11-22 16:50:53.121  2324  2324 E Feed    : 	at pl.droidsonroids.gif.GifDrawable.<init>(GifDrawable.java:124)
11-22 16:50:53.121  2324  2324 E Feed    : 	at br.com.catbag.gifreduxsample.ui.components.FeedComponent.createDrawable(FeedComponent.java:104)
11-22 16:50:53.121  2324  2324 E Feed    : 	at br.com.catbag.gifreduxsample.ui.components.FeedComponent.lambda$renderGifView$2(FeedComponent.java:90)
11-22 16:50:53.121  2324  2324 E Feed    : 	at br.com.catbag.gifreduxsample.ui.components.FeedComponent$$Lambda$2.view(Unknown Source)
11-22 16:50:53.121  2324  2324 E Feed    : 	at trikita.anvil.BaseDSL.v(BaseDSL.java:670)
11-22 16:50:53.121  2324  2324 E Feed    : 	at br.com.catbag.gifreduxsample.ui.components.FeedComponent.renderGifView(FeedComponent.java:88)
11-22 16:50:53.121  2324  2324 E Feed    : 	at br.com.catbag.gifreduxsample.ui.components.FeedComponent.lambda$null$0(FeedComponent.java:55)
11-22 16:50:53.121  2324  2324 E Feed    : 	at br.com.catbag.gifreduxsample.ui.components.FeedComponent$$Lambda$3.view(Unknown Source)
11-22 16:50:53.121  2324  2324 E Feed    : 	at br.com.catbag.gifreduxsample.ui.components.GifsAdapter.view(GifsAdapter.java:55)
11-22 16:50:53.121  2324  2324 E Feed    : 	at trikita.anvil.RenderableRecyclerViewAdapter$1.view(RenderableRecyclerViewAdapter.java:24)
11-22 16:50:53.121  2324  2324 E Feed    : 	at trikita.anvil.Anvil$Mount.render(Anvil.java:204)
11-22 16:50:53.121  2324  2324 E Feed    : 	at trikita.anvil.Anvil.render(Anvil.java:173)
11-22 16:50:53.121  2324  2324 E Feed    : 	at trikita.anvil.RenderableRecyclerViewAdapter.onBindViewHolder(RenderableRecyclerViewAdapter.java:29)
11-22 16:50:53.121  2324  2324 E Feed    : 	at trikita.anvil.RenderableRecyclerViewAdapter.onBindViewHolder(RenderableRecyclerViewAdapter.java:7)
11-22 16:50:53.121  2324  2324 E Feed    : 	at android.support.v7.widget.RecyclerView$Adapter.onBindViewHolder(RecyclerView.java:5768)
11-22 16:50:53.121  2324  2324 E Feed    : 	at android.support.v7.widget.RecyclerView$Adapter.bindViewHolder(RecyclerView.java:5801)
11-22 16:50:53.121  2324  2324 E Feed    : 	at android.support.v7.widget.RecyclerView$Recycler.getViewForPosition(RecyclerView.java:5037)
11-22 16:50:53.121  2324  2324 E Feed    : 	at android.support.v7.widget.RecyclerView$Recycler.getViewForPosition(RecyclerView.java:4913)
11-22 16:50:53.121  2324  2324 E Feed    : 	at android.support.v7.widget.LinearLayoutManager$LayoutState.next(LinearLayoutManager.java:2029)
11-22 16:50:53.121  2324  2324 E Feed    : 	at android.support.v7.widget.LinearLayoutManager.layoutChunk(LinearLayoutManager.java:1414)
11-22 16:50:53.121  2324  2324 E Feed    : 	at android.support.v7.widget.LinearLayoutManager.fill(LinearLayoutManager.java:1377)
11-22 16:50:53.121  2324  2324 E Feed    : 	at android.support.v7.widget.LinearLayoutManager.onLayoutChildren(LinearLayoutManager.java:578)
11-22 16:50:53.121  2324  2324 E Feed    : 	at android.support.v7.widget.RecyclerView.dispatchLayoutStep2(RecyclerView.java:3260)
11-22 16:50:53.121  2324  2324 E Feed    : 	at android.support.v7.widget.RecyclerView.dispatchLayout(RecyclerView.java:3069)
11-22 16:50:53.121  2324  2324 E Feed    : 	at android.support.v7.widget.RecyclerView.onLayout(RecyclerView.java:3518)
11-22 16:50:53.121  2324  2324 E Feed    : 	at android.view.View.layout(View.java:17520)
11-22 16:50:53.121  2324  2324 E Feed    : 	at android.view.ViewGroup.layout(ViewGroup.java:5612)
11-22 16:50:53.121  2324  2324 E Feed    : 	at android.widget.FrameLayout.layoutChildren(FrameLayout.java:323)
11-22 16:50:53.121  2324  2324 E Feed    : 	at android.widget.FrameLayout.onLayout(FrameLayout.java:261)
11-22 16:50:53.121  2324  2324 E Feed    : 	at android.view.View.layout(View.java:17520)
11-22 16:50:53.121  2324  2324 E Feed    : 	at android.view.ViewGroup.layout(ViewGroup.java:5612)
11-22 16:50:53.121  2324  2324 E Feed    : 	at android.widget.RelativeLayout.onLayout(RelativeLayout.java:1079)
11-22 16:50:53.121  2324  2324 E Feed    : 	at android.view.View.layout(View.java:17520)
11-22 16:50:53.121  2324  2324 E Feed    : 	at android.view.ViewGroup.layout(ViewGroup.java:5612)
11-22 16:50:53.121  2324  2324 E Feed    : 	at android.widget.FrameLayout.layoutChildren(FrameLayout.java:323)
11-22 16:50:53.121  2324  2324 E Feed    : 	at android.widget.FrameLayout.onLayout(FrameLayout.java:261)
11-22 16:50:53.121  2324  2324 E Feed    : 	at android.view.View.layout(View.java:17520)
11-22 16:50:53.121  2324  2324 E Feed    : 	at android.view.ViewGroup.layout(ViewGroup.java:5612)
11-22 16:50:53.121  2324  2324 E Feed    : 	at android.support.v7.widget.ActionBarOverlayLayout.onLayout(ActionBarOverlayLayout.java:435)
11-22 16:50:53.121  2324  2324 E Feed    : 	at android.view.View.layout(View.java:17520)
11-22 16:50:53.121  2324  2324 E Feed    : 	at android.view.ViewGroup.layout(ViewGroup.java:5612)
11-22 16:50:53.121  2324  2324 E Feed    : 	at android.widget.FrameLayout.layoutChildren(FrameLayout.java:323)
11-22 16:50:53.121  2324  2324 E Feed    : 	at android.widget.FrameLayout.onLayout(FrameLayout.java:261)
11-22 16:50:53.121  2324  2324 E Feed    : 	at android.view.View.layout(View.java:17520)
11-22 16:50:53.121  2324  2324 E Feed    : 	at android.view.ViewGroup.layout(ViewGroup.java:5612)
11-22 16:50:53.121  2324  2324 E Feed    : 	at android.widget.LinearLayout.setChildFrame(LinearLayout.java:1741)
11-22 16:50:53.121  2324  2324 E Feed    : 	at android.widget.LinearLayout.layoutVertical(LinearLayout.java:1585)
11-22 16:50:53.121  2324  2324 E Feed    : 	at android.widget.LinearLayout.onLayout(LinearLayout.java:1494)
11-22 16:50:53.121  2324  2324 E Feed    : 	at android.view.View.layout(View.java:17520)
11-22 16:50:53.121  2324  2324 E Feed    : 	at android.view.ViewGroup.layout(ViewGroup.java:5612)
11-22 16:50:53.121  2324  2324 E Feed    : 	at android.widget.FrameLayout.layoutChildren(FrameLayout.java:323)
11-22 16:50:53.195  2324  2324 E Feed    : 	at android.widget.FrameLayout.onLayout(FrameLayout.java:261)
11-22 16:50:53.195  2324  2324 E Feed    : 	at com.android.internal.policy.DecorView.onLayout(DecorView.java:724)
11-22 16:50:53.195  2324  2324 E Feed    : 	at android.view.View.layout(View.java:17520)
11-22 16:50:53.195  2324  2324 E Feed    : 	at android.view.ViewGroup.layout(ViewGroup.java:5612)
11-22 16:50:53.195  2324  2324 E Feed    : 	at android.view.ViewRootImpl.performLayout(ViewRootImpl.java:2342)
11-22 16:50:53.195  2324  2324 E Feed    : 	at android.view.ViewRootImpl.performTraversals(ViewRootImpl.java:2069)
11-22 16:50:53.195  2324  2324 E Feed    : 	at android.view.ViewRootImpl.doTraversal(ViewRootImpl.java:1246)
11-22 16:50:53.195  2324  2324 E Feed    : 	at android.view.ViewRootImpl$TraversalRunnable.run(ViewRootImpl.java:6301)
11-22 16:50:53.195  2324  2324 E Feed    : 	at android.view.Choreographer$CallbackRecord.run(Choreographer.java:871)
11-22 16:50:53.195  2324  2324 E Feed    : 	at android.view.Choreographer.doCallbacks(Choreographer.java:683)
11-22 16:50:53.195  2324  2324 E Feed    : 	at android.view.Choreographer.doFrame(Choreographer.java:619)
11-22 16:50:53.195  2324  2324 E Feed    : 	at android.view.Choreographer$FrameDisplayEventReceiver.run(Choreographer.java:857)
11-22 16:50:53.195  2324  2324 E Feed    : 	at android.os.Handler.handleCallback(Handler.java:751)
11-22 16:50:53.195  2324  2324 E Feed    : 	at android.os.Handler.dispatchMessage(Handler.java:95)
11-22 16:50:53.195  2324  2324 E Feed    : 	at android.os.Looper.loop(Looper.java:154)
11-22 16:50:53.195  2324  2324 E Feed    : 	at android.app.ActivityThread.main(ActivityThread.java:6077)
11-22 16:50:53.195  2324  2324 E Feed    : 	at java.lang.reflect.Method.invoke(Native Method)
11-22 16:50:53.195  2324  2324 E Feed    : 	at com.android.internal.os.ZygoteInit$MethodAndArgsCaller.run(ZygoteInit.java:865)
11-22 16:50:53.195  2324  2324 E Feed    : 	at com.android.internal.os.ZygoteInit.main(ZygoteInit.java:755)
11-22 16:50:53.277  1239  1260 I Choreographer: Skipped 48 frames!  The application may be doing too much work on its main thread.
11-22 16:50:53.467  1239  1260 I Choreographer: Skipped 45 frames!  The application may be doing too much work on its main thread.
11-22 16:50:53.470  1239  1703 W art     : Long monitor contention with owner android.display (1260) at void com.android.server.wm.WindowAnimator$1.doFrame(long)(WindowAnimator.java:138) waiters=0 in void com.android.server.wm.WindowManagerService.finishDrawingWindow(com.android.server.wm.Session, android.view.IWindow) for 189ms
11-22 16:50:53.634  1239  1260 I Choreographer: Skipped 41 frames!  The application may be doing too much work on its main thread.
11-22 16:50:53.635  1239  1703 W art     : Long monitor contention with owner android.display (1260) at void com.android.server.wm.WindowAnimator$1.doFrame(long)(WindowAnimator.java:138) waiters=0 in void com.android.server.wm.WindowManagerService.finishDrawingWindow(com.android.server.wm.Session, android.view.IWindow) for 164ms
11-22 16:50:53.641  1726  1726 I Choreographer: Skipped 286 frames!  The application may be doing too much work on its main thread.
11-22 16:50:53.853  1239  1260 I Choreographer: Skipped 42 frames!  The application may be doing too much work on its main thread.
11-22 16:50:53.973  2324  2324 D LifecycleMonitor: Lifecycle status change: br.com.catbag.gifreduxsample.ui.GifListActivity@bab8819 in: PRE_ON_CREATE
11-22 16:50:53.978  1239  2149 I WindowManager: Destroying surface Surface(name=com.android.launcher3/com.android.launcher3.Launcher) called by com.android.server.wm.WindowStateAnimator.destroySurface:2014 com.android.server.wm.WindowStateAnimator.destroySurfaceLocked:881 com.android.server.wm.WindowState.destroyOrSaveSurface:2073 com.android.server.wm.WindowManagerService.tryStartExitingAnimation:3017 com.android.server.wm.WindowManagerService.relayoutWindow:2897 com.android.server.wm.Session.relayout:215 android.view.IWindowSession$Stub.onTransact:286 com.android.server.wm.Session.onTransact:136 
11-22 16:50:54.058  2324  2324 D LifecycleMonitor: Lifecycle status change: br.com.catbag.gifreduxsample.ui.GifListActivity@bab8819 in: CREATED
11-22 16:50:54.059  2324  2340 I DroidFlux:Dispatcher: [STARTED] dispatch of action [APP_STATE_LOAD]
11-22 16:50:54.060  2324  2340 D DroidFlux:Dispatcher: An action of type [APP_STATE_LOAD] was dispatched, but no reducer handled it
11-22 16:50:54.060  2324  2340 I DroidFlux:Dispatcher: [COMPLETED] dispatch of action [APP_STATE_LOAD]
11-22 16:50:54.060  2324  2324 D LifecycleMonitor: Lifecycle status change: br.com.catbag.gifreduxsample.ui.GifListActivity@bab8819 in: STARTED
11-22 16:50:54.063  2324  2324 D LifecycleMonitor: Lifecycle status change: br.com.catbag.gifreduxsample.ui.GifListActivity@bab8819 in: RESUMED
11-22 16:50:54.288  2324  2324 E Feed    : Gif{uuid=8a14b09b-9e65-4fb7-91bf-e01d4b4015e6, path=, url=, title=, watched=false, status=DOWNLOADED}
11-22 16:50:54.288  2324  2324 E Feed    : pl.droidsonroids.gif.GifIOException: GifError 101: Failed to open given input
11-22 16:50:54.288  2324  2324 E Feed    : 	at pl.droidsonroids.gif.GifInfoHandle.openFile(Native Method)
11-22 16:50:54.288  2324  2324 E Feed    : 	at pl.droidsonroids.gif.GifInfoHandle.<init>(GifInfoHandle.java:46)
11-22 16:50:54.288  2324  2324 E Feed    : 	at pl.droidsonroids.gif.GifDrawable.<init>(GifDrawable.java:124)
11-22 16:50:54.288  2324  2324 E Feed    : 	at br.com.catbag.gifreduxsample.ui.components.FeedComponent.createDrawable(FeedComponent.java:104)
11-22 16:50:54.288  2324  2324 E Feed    : 	at br.com.catbag.gifreduxsample.ui.components.FeedComponent.lambda$renderGifView$2(FeedComponent.java:90)
11-22 16:50:54.288  2324  2324 E Feed    : 	at br.com.catbag.gifreduxsample.ui.components.FeedComponent$$Lambda$2.view(Unknown Source)
11-22 16:50:54.288  2324  2324 E Feed    : 	at trikita.anvil.BaseDSL.v(BaseDSL.java:670)
11-22 16:50:54.288  2324  2324 E Feed    : 	at br.com.catbag.gifreduxsample.ui.components.FeedComponent.renderGifView(FeedComponent.java:88)
11-22 16:50:54.288  2324  2324 E Feed    : 	at br.com.catbag.gifreduxsample.ui.components.FeedComponent.lambda$null$0(FeedComponent.java:55)
11-22 16:50:54.288  2324  2324 E Feed    : 	at br.com.catbag.gifreduxsample.ui.components.FeedComponent$$Lambda$3.view(Unknown Source)
11-22 16:50:54.288  2324  2324 E Feed    : 	at br.com.catbag.gifreduxsample.ui.components.GifsAdapter.view(GifsAdapter.java:55)
11-22 16:50:54.288  2324  2324 E Feed    : 	at trikita.anvil.RenderableRecyclerViewAdapter$1.view(RenderableRecyclerViewAdapter.java:24)
11-22 16:50:54.288  2324  2324 E Feed    : 	at trikita.anvil.Anvil$Mount.render(Anvil.java:204)
11-22 16:50:54.288  2324  2324 E Feed    : 	at trikita.anvil.Anvil.render(Anvil.java:173)
11-22 16:50:54.288  2324  2324 E Feed    : 	at trikita.anvil.RenderableRecyclerViewAdapter.onBindViewHolder(RenderableRecyclerViewAdapter.java:27)
11-22 16:50:54.288  2324  2324 E Feed    : 	at trikita.anvil.RenderableRecyclerViewAdapter.onBindViewHolder(RenderableRecyclerViewAdapter.java:7)
11-22 16:50:54.288  2324  2324 E Feed    : 	at android.support.v7.widget.RecyclerView$Adapter.onBindViewHolder(RecyclerView.java:5768)
11-22 16:50:54.288  2324  2324 E Feed    : 	at android.support.v7.widget.RecyclerView$Adapter.bindViewHolder(RecyclerView.java:5801)
11-22 16:50:54.288  2324  2324 E Feed    : 	at android.support.v7.widget.RecyclerView$Recycler.getViewForPosition(RecyclerView.java:5037)
11-22 16:50:54.288  2324  2324 E Feed    : 	at android.support.v7.widget.RecyclerView$Recycler.getViewForPosition(RecyclerView.java:4913)
11-22 16:50:54.288  2324  2324 E Feed    : 	at android.support.v7.widget.LinearLayoutManager$LayoutState.next(LinearLayoutManager.java:2029)
11-22 16:50:54.288  2324  2324 E Feed    : 	at android.support.v7.widget.LinearLayoutManager.layoutChunk(LinearLayoutManager.java:1414)
11-22 16:50:54.288  2324  2324 E Feed    : 	at android.support.v7.widget.LinearLayoutManager.fill(LinearLayoutManager.java:1377)
11-22 16:50:54.288  2324  2324 E Feed    : 	at android.support.v7.widget.LinearLayoutManager.onLayoutChildren(LinearLayoutManager.java:578)
11-22 16:50:54.288  2324  2324 E Feed    : 	at android.support.v7.widget.RecyclerView.dispatchLayoutStep2(RecyclerView.java:3260)
11-22 16:50:54.288  2324  2324 E Feed    : 	at android.support.v7.widget.RecyclerView.dispatchLayout(RecyclerView.java:3069)
11-22 16:50:54.288  2324  2324 E Feed    : 	at android.support.v7.widget.RecyclerView.onLayout(RecyclerView.java:3518)
11-22 16:50:54.288  2324  2324 E Feed    : 	at android.view.View.layout(View.java:17520)
