11-23 11:53:42.999  1238  1520 W art     : Long monitor contention with owner android.display (1259) at void com.android.server.wm.WindowAnimator$1.doFrame(long)(WindowAnimator.java:138) waiters=1 in int com.android.server.wm.WindowManagerService.relayoutWindow(com.android.server.wm.Session, android.view.IWindow, int, android.view.WindowManager$LayoutParams, int, int, int, int, android.graphics.Rect, android.graphics.Rect, android.graphics.Rect, android.graphics.Rect, android.graphics.Rect, android.graphics.Rect, android.graphics.Rect, android.content.res.Configuration, android.view.Surface) for 342ms
11-23 11:53:43.139  1238  1259 I Choreographer: Skipped 34 frames!  The application may be doing too much work on its main thread.
11-23 11:53:43.143  1238  1249 W art     : Long monitor contention with owner android.display (1259) at void com.android.server.wm.WindowAnimator$1.doFrame(long)(WindowAnimator.java:138) waiters=1 in int com.android.server.wm.WindowManagerService.relayoutWindow(com.android.server.wm.Session, android.view.IWindow, int, android.view.WindowManager$LayoutParams, int, int, int, int, android.graphics.Rect, android.graphics.Rect, android.graphics.Rect, android.graphics.Rect, android.graphics.Rect, android.graphics.Rect, android.graphics.Rect, android.content.res.Configuration, android.view.Surface) for 270ms
11-23 11:53:43.204  1238  1249 I WindowManager: Destroying surface Surface(name=com.android.launcher3/com.android.launcher3.Launcher) called by com.android.server.wm.WindowStateAnimator.destroySurface:2014 com.android.server.wm.WindowStateAnimator.destroySurfaceLocked:881 com.android.server.wm.WindowState.destroyOrSaveSurface:2073 com.android.server.wm.WindowManagerService.tryStartExitingAnimation:3017 com.android.server.wm.WindowManagerService.relayoutWindow:2897 com.android.server.wm.Session.relayout:215 android.view.IWindowSession$Stub.onTransact:286 com.android.server.wm.Session.onTransact:136 
11-23 11:53:43.367  2283  2283 E Feed    : Gif{uuid=e0fcced5-17f4-4f17-846b-24c4b53e657c, path=, url=, title=, watched=false, status=DOWNLOADED}
11-23 11:53:43.367  2283  2283 E Feed    : pl.droidsonroids.gif.GifIOException: GifError 101: Failed to open given input
11-23 11:53:43.367  2283  2283 E Feed    : 	at pl.droidsonroids.gif.GifInfoHandle.openFile(Native Method)
11-23 11:53:43.367  2283  2283 E Feed    : 	at pl.droidsonroids.gif.GifInfoHandle.<init>(GifInfoHandle.java:46)
11-23 11:53:43.367  2283  2283 E Feed    : 	at pl.droidsonroids.gif.GifDrawable.<init>(GifDrawable.java:124)
11-23 11:53:43.367  2283  2283 E Feed    : 	at br.com.catbag.gifreduxsample.ui.components.FeedComponent.createDrawable(FeedComponent.java:104)
11-23 11:53:43.367  2283  2283 E Feed    : 	at br.com.catbag.gifreduxsample.ui.components.FeedComponent.lambda$renderGifView$2(FeedComponent.java:90)
11-23 11:53:43.367  2283  2283 E Feed    : 	at br.com.catbag.gifreduxsample.ui.components.FeedComponent$$Lambda$2.view(Unknown Source)
11-23 11:53:43.367  2283  2283 E Feed    : 	at trikita.anvil.BaseDSL.v(BaseDSL.java:670)
11-23 11:53:43.367  2283  2283 E Feed    : 	at br.com.catbag.gifreduxsample.ui.components.FeedComponent.renderGifView(FeedComponent.java:88)
11-23 11:53:43.367  2283  2283 E Feed    : 	at br.com.catbag.gifreduxsample.ui.components.FeedComponent.lambda$null$0(FeedComponent.java:55)
11-23 11:53:43.367  2283  2283 E Feed    : 	at br.com.catbag.gifreduxsample.ui.components.FeedComponent$$Lambda$3.view(Unknown Source)
11-23 11:53:43.367  2283  2283 E Feed    : 	at br.com.catbag.gifreduxsample.ui.components.GifsAdapter.view(GifsAdapter.java:55)
11-23 11:53:43.367  2283  2283 E Feed    : 	at trikita.anvil.RenderableRecyclerViewAdapter$1.view(RenderableRecyclerViewAdapter.java:24)
11-23 11:53:43.367  2283  2283 E Feed    : 	at trikita.anvil.Anvil$Mount.render(Anvil.java:204)
11-23 11:53:43.367  2283  2283 E Feed    : 	at trikita.anvil.Anvil.render(Anvil.java:173)
11-23 11:53:43.367  2283  2283 E Feed    : 	at trikita.anvil.RenderableRecyclerViewAdapter.onBindViewHolder(RenderableRecyclerViewAdapter.java:27)
11-23 11:53:43.367  2283  2283 E Feed    : 	at trikita.anvil.RenderableRecyclerViewAdapter.onBindViewHolder(RenderableRecyclerViewAdapter.java:7)
11-23 11:53:43.367  2283  2283 E Feed    : 	at android.support.v7.widget.RecyclerView$Adapter.onBindViewHolder(RecyclerView.java:5768)
11-23 11:53:43.367  2283  2283 E Feed    : 	at android.support.v7.widget.RecyclerView$Adapter.bindViewHolder(RecyclerView.java:5801)
11-23 11:53:43.367  2283  2283 E Feed    : 	at android.support.v7.widget.RecyclerView$Recycler.getViewForPosition(RecyclerView.java:5037)
11-23 11:53:43.367  2283  2283 E Feed    : 	at android.support.v7.widget.RecyclerView$Recycler.getViewForPosition(RecyclerView.java:4913)
11-23 11:53:43.367  2283  2283 E Feed    : 	at android.support.v7.widget.LinearLayoutManager$LayoutState.next(LinearLayoutManager.java:2029)
11-23 11:53:43.367  2283  2283 E Feed    : 	at android.support.v7.widget.LinearLayoutManager.layoutChunk(LinearLayoutManager.java:1414)
11-23 11:53:43.367  2283  2283 E Feed    : 	at android.support.v7.widget.LinearLayoutManager.fill(LinearLayoutManager.java:1377)
11-23 11:53:43.367  2283  2283 E Feed    : 	at android.support.v7.widget.LinearLayoutManager.onLayoutChildren(LinearLayoutManager.java:578)
11-23 11:53:43.367  2283  2283 E Feed    : 	at android.support.v7.widget.RecyclerView.dispatchLayoutStep2(RecyclerView.java:3260)
11-23 11:53:43.367  2283  2283 E Feed    : 	at android.support.v7.widget.RecyclerView.dispatchLayout(RecyclerView.java:3069)
11-23 11:53:43.367  2283  2283 E Feed    : 	at android.support.v7.widget.RecyclerView.onLayout(RecyclerView.java:3518)
11-23 11:53:43.367  2283  2283 E Feed    : 	at android.view.View.layout(View.java:17520)
11-23 11:53:43.367  2283  2283 E Feed    : 	at android.view.ViewGroup.layout(ViewGroup.java:5612)
11-23 11:53:43.367  2283  2283 E Feed    : 	at android.widget.FrameLayout.layoutChildren(FrameLayout.java:323)
11-23 11:53:43.367  2283  2283 E Feed    : 	at android.widget.FrameLayout.onLayout(FrameLayout.java:261)
11-23 11:53:43.367  2283  2283 E Feed    : 	at android.view.View.layout(View.java:17520)
11-23 11:53:43.367  2283  2283 E Feed    : 	at android.view.ViewGroup.layout(ViewGroup.java:5612)
11-23 11:53:43.367  2283  2283 E Feed    : 	at android.widget.RelativeLayout.onLayout(RelativeLayout.java:1079)
11-23 11:53:43.367  2283  2283 E Feed    : 	at android.view.View.layout(View.java:17520)
11-23 11:53:43.367  2283  2283 E Feed    : 	at android.view.ViewGroup.layout(ViewGroup.java:5612)
11-23 11:53:43.367  2283  2283 E Feed    : 	at android.widget.FrameLayout.layoutChildren(FrameLayout.java:323)
11-23 11:53:43.367  2283  2283 E Feed    : 	at android.widget.FrameLayout.onLayout(FrameLayout.java:261)
11-23 11:53:43.367  2283  2283 E Feed    : 	at android.view.View.layout(View.java:17520)
11-23 11:53:43.367  2283  2283 E Feed    : 	at android.view.ViewGroup.layout(ViewGroup.java:5612)
11-23 11:53:43.367  2283  2283 E Feed    : 	at android.support.v7.widget.ActionBarOverlayLayout.onLayout(ActionBarOverlayLayout.java:435)
11-23 11:53:43.367  2283  2283 E Feed    : 	at android.view.View.layout(View.java:17520)
11-23 11:53:43.367  2283  2283 E Feed    : 	at android.view.ViewGroup.layout(ViewGroup.java:5612)
11-23 11:53:43.367  2283  2283 E Feed    : 	at android.widget.FrameLayout.layoutChildren(FrameLayout.java:323)
11-23 11:53:43.367  2283  2283 E Feed    : 	at android.widget.FrameLayout.onLayout(FrameLayout.java:261)
11-23 11:53:43.367  2283  2283 E Feed    : 	at android.view.View.layout(View.java:17520)
11-23 11:53:43.367  2283  2283 E Feed    : 	at android.view.ViewGroup.layout(ViewGroup.java:5612)
11-23 11:53:43.367  2283  2283 E Feed    : 	at android.widget.LinearLayout.setChildFrame(LinearLayout.java:1741)
11-23 11:53:43.367  2283  2283 E Feed    : 	at android.widget.LinearLayout.layoutVertical(LinearLayout.java:1585)
11-23 11:53:43.367  2283  2283 E Feed    : 	at android.widget.LinearLayout.onLayout(LinearLayout.java:1494)
11-23 11:53:43.367  2283  2283 E Feed    : 	at android.view.View.layout(View.java:17520)
11-23 11:53:43.367  2283  2283 E Feed    : 	at android.view.ViewGroup.layout(ViewGroup.java:5612)
11-23 11:53:43.367  2283  2283 E Feed    : 	at android.widget.FrameLayout.layoutChildren(FrameLayout.java:323)
11-23 11:53:43.367  2283  2283 E Feed    : 	at android.widget.FrameLayout.onLayout(FrameLayout.java:261)
11-23 11:53:43.367  2283  2283 E Feed    : 	at com.android.internal.policy.DecorView.onLayout(DecorView.java:724)
11-23 11:53:43.367  2283  2283 E Feed    : 	at android.view.View.layout(View.java:17520)
11-23 11:53:43.367  2283  2283 E Feed    : 	at android.view.ViewGroup.layout(ViewGroup.java:5612)
11-23 11:53:43.367  2283  2283 E Feed    : 	at android.view.ViewRootImpl.performLayout(ViewRootImpl.java:2342)
11-23 11:53:43.367  2283  2283 E Feed    : 	at android.view.ViewRootImpl.performTraversals(ViewRootImpl.java:2069)
11-23 11:53:43.367  2283  2283 E Feed    : 	at android.view.ViewRootImpl.doTraversal(ViewRootImpl.java:1246)
11-23 11:53:43.367  2283  2283 E Feed    : 	at android.view.ViewRootImpl$TraversalRunnable.run(ViewRootImpl.java:6301)
11-23 11:53:43.367  2283  2283 E Feed    : 	at android.view.Choreographer$CallbackRecord.run(Choreographer.java:871)
11-23 11:53:43.367  2283  2283 E Feed    : 	at android.view.Choreographer.doCallbacks(Choreographer.java:683)
11-23 11:53:43.367  2283  2283 E Feed    : 	at android.view.Choreographer.doFrame(Choreographer.java:619)
11-23 11:53:43.367  2283  2283 E Feed    : 	at android.view.Choreographer$FrameDisplayEventReceiver.run(Choreographer.java:857)
11-23 11:53:43.367  2283  2283 E Feed    : 	at android.os.Handler.handleCallback(Handler.java:751)
11-23 11:53:43.367  2283  2283 E Feed    : 	at android.os.Handler.dispatchMessage(Handler.java:95)
11-23 11:53:43.367  2283  2283 E Feed    : 	at android.os.Looper.loop(Looper.java:154)
11-23 11:53:43.367  2283  2283 E Feed    : 	at android.app.ActivityThread.main(ActivityThread.java:6077)
11-23 11:53:43.367  2283  2283 E Feed    : 	at java.lang.reflect.Method.invoke(Native Method)
11-23 11:53:43.367  2283  2283 E Feed    : 	at com.android.internal.os.ZygoteInit$MethodAndArgsCaller.run(ZygoteInit.java:865)
11-23 11:53:43.367  2283  2283 E Feed    : 	at com.android.internal.os.ZygoteInit.main(ZygoteInit.java:755)
11-23 11:53:43.474  1238  1259 I ActivityManager: Displayed br.com.catbag.gifreduxsample/.ui.GifListActivity: +1s595ms
11-23 11:53:43.538  2283  2283 D LifecycleMonitor: Lifecycle status change: br.com.catbag.gifreduxsample.ui.GifListActivity@e2f132c in: STOPPED
11-23 11:53:43.539  2283  2283 D LifecycleMonitor: Lifecycle status change: br.com.catbag.gifreduxsample.ui.GifListActivity@e2f132c in: DESTROYED
11-23 11:53:43.569  1238  1519 I WindowManager: Destroying surface Surface(name=br.com.catbag.gifreduxsample/br.com.catbag.gifreduxsample.ui.GifListActivity) called by com.android.server.wm.WindowStateAnimator.destroySurface:2014 com.android.server.wm.WindowStateAnimator.destroySurfaceLocked:881 com.android.server.wm.WindowState.removeLocked:1449 com.android.server.wm.WindowManagerService.removeWindowInnerLocked:2478 com.android.server.wm.WindowManagerService.removeWindowLocked:2436 com.android.server.wm.WindowManagerService.removeWindowLocked:2305 com.android.server.wm.WindowManagerService.removeWindow:2300 com.android.server.wm.Session.remove:193 
11-23 11:53:43.610  2283  2299 I TestRunner: finished: whenGifIsNotWatchedTest(br.com.catbag.gifreduxsample.ui.giflist.GifListActivityTest)
11-23 11:53:43.624  1238  1259 I WindowManager: Destroying surface Surface(name=Starting br.com.catbag.gifreduxsample) called by com.android.server.wm.WindowStateAnimator.destroySurface:2014 com.android.server.wm.WindowStateAnimator.destroySurfaceLocked:881 com.android.server.wm.WindowState.removeLocked:1449 com.android.server.wm.WindowManagerService.removeWindowInnerLocked:2478 com.android.server.wm.WindowManagerService.removeWindowLocked:2436 com.android.server.wm.WindowManagerService.removeWindowLocked:2305 com.android.server.wm.WindowManagerService.removeWindow:2300 com.android.server.wm.Session.remove:193 
11-23 11:53:43.649  2283  2283 D LifecycleMonitor: Lifecycle status change: br.com.catbag.gifreduxsample.ui.GifListActivity@3613eb4 in: PAUSED
11-23 11:53:43.818   978   978 D gralloc : Registering a buffer in the process that created it. This may cause memory ordering problems.
11-23 11:53:43.818   978   978 E libEGL  : called unimplemented OpenGL ES API
11-23 11:53:43.819   978   978 E SurfaceFlinger: glCheckFramebufferStatusOES error -237227574
11-23 11:53:43.819   978   978 E SurfaceFlinger: got GL_FRAMEBUFFER_COMPLETE_OES error while taking screenshot
11-23 11:53:43.820  1238  1249 W WindowManager: Screenshot failure taking screenshot for (480x800) to layer 21005
11-23 11:53:43.853  2283  2283 I MonitoringInstrumentation: Activities that are still in CREATED to STOPPED: 1
11-23 11:53:43.854  2283  2283 I Choreographer: Skipped 57 frames!  The application may be doing too much work on its main thread.
11-23 11:53:43.856  2283  2299 I TestRunner: started: whenGifIsDownloadingTest(br.com.catbag.gifreduxsample.ui.giflist.GifListActivityTest)
11-23 11:53:43.868  2283  2283 I MonitoringInstrumentation: Activities that are still in CREATED to STOPPED: 1
11-23 11:53:43.930  2283  2300 I DroidFlux:Dispatcher: [STARTED] dispatch of action [FAKE_REDUCE_ACTION]
11-23 11:53:43.931  2283  2300 I DroidFlux:Dispatcher: [COMPLETED] dispatch of action [FAKE_REDUCE_ACTION]
11-23 11:53:43.951  2283  2324 D ActivityTestRule: Launching activity br.com.catbag.gifreduxsample.ui.GifListActivity
11-23 11:53:44.019  2283  2326 D MonitoringInstrumentation: execStartActivity(context, ibinder, ibinder, activity, intent, int, bundle
11-23 11:53:44.031  1238  1783 I ActivityManager: START u0 {flg=0x10000000 cmp=br.com.catbag.gifreduxsample/.ui.GifListActivity} from uid 10060 on display 0
11-23 11:53:44.115  2283  2283 I Choreographer: Skipped 32 frames!  The application may be doing too much work on its main thread.
11-23 11:53:44.176  1778  1778 I Choreographer: Skipped 42 frames!  The application may be doing too much work on its main thread.
11-23 11:53:44.348  1778  1778 I Choreographer: Skipped 44 frames!  The application may be doing too much work on its main thread.
11-23 11:53:44.377  2283  2283 D LifecycleMonitor: Lifecycle status change: br.com.catbag.gifreduxsample.ui.GifListActivity@887903 in: PRE_ON_CREATE
11-23 11:53:44.390  2283  2283 D LifecycleMonitor: Lifecycle status change: br.com.catbag.gifreduxsample.ui.GifListActivity@887903 in: CREATED
11-23 11:53:44.391  2283  2300 I DroidFlux:Dispatcher: [STARTED] dispatch of action [APP_STATE_LOAD]
11-23 11:53:44.392  2283  2283 D LifecycleMonitor: Lifecycle status change: br.com.catbag.gifreduxsample.ui.GifListActivity@887903 in: STARTED
11-23 11:53:44.394  2283  2283 D LifecycleMonitor: Lifecycle status change: br.com.catbag.gifreduxsample.ui.GifListActivity@887903 in: RESUMED
11-23 11:53:44.454  2283  2300 D DroidFlux:Dispatcher: An action of type [APP_STATE_LOAD] was dispatched, but no reducer handled it
11-23 11:53:44.454  2283  2300 I DroidFlux:Dispatcher: [COMPLETED] dispatch of action [APP_STATE_LOAD]
11-23 11:53:44.695  1238  1259 I ActivityManager: Displayed br.com.catbag.gifreduxsample/.ui.GifListActivity: +430ms
11-23 11:53:44.881  2283  2283 D LifecycleMonitor: Lifecycle status change: br.com.catbag.gifreduxsample.ui.GifListActivity@887903 in: PAUSED
11-23 11:53:44.900   978   978 D gralloc : Registering a buffer in the process that created it. This may cause memory ordering problems.
11-23 11:53:44.901   978   978 E libEGL  : called unimplemented OpenGL ES API
11-23 11:53:44.901   978   978 E SurfaceFlinger: glCheckFramebufferStatusOES error -237227574
11-23 11:53:44.901   978   978 E SurfaceFlinger: got GL_FRAMEBUFFER_COMPLETE_OES error while taking screenshot
11-23 11:53:44.903  1238  1381 W WindowManager: Screenshot failure taking screenshot for (480x800) to layer 22015
11-23 11:53:44.931  2283  2299 I TestRunner: finished: whenGifIsDownloadingTest(br.com.catbag.gifreduxsample.ui.giflist.GifListActivityTest)
11-23 11:53:44.963  2283  2283 I MonitoringInstrumentation: Activities that are still in CREATED to STOPPED: 2
11-23 11:53:44.963  2283  2299 I TestRunner: started: whenListKeepOrderedAfterPlayTest(br.com.catbag.gifreduxsample.ui.giflist.GifListActivityTest)
11-23 11:53:44.991  2283  2283 I MonitoringInstrumentation: Activities that are still in CREATED to STOPPED: 2
11-23 11:53:45.006  2283  2300 I DroidFlux:Dispatcher: [STARTED] dispatch of action [FAKE_REDUCE_ACTION]
11-23 11:53:45.007  2283  2300 I DroidFlux:Dispatcher: [COMPLETED] dispatch of action [FAKE_REDUCE_ACTION]
11-23 11:53:45.037  1238  1518 W art     : Long monitor contention with owner Binder:1238_9 (1783) at int com.android.server.wm.WindowManagerService.relayoutWindow(com.android.server.wm.Session, android.view.IWindow, int, android.view.WindowManager$LayoutParams, int, int, int, int, android.graphics.Rect, android.graphics.Rect, android.graphics.Rect, android.graphics.Rect, android.graphics.Rect, android.graphics.Rect, android.graphics.Rect, android.content.res.Configuration, android.view.Surface)(WindowManagerService.java:2759) waiters=0 in void com.android.server.wm.WindowManagerService.statusBarVisibilityChanged(int) for 119ms
11-23 11:53:45.043  2283  2327 D ActivityTestRule: Launching activity br.com.catbag.gifreduxsample.ui.GifListActivity
11-23 11:53:45.045  1238  1259 I Choreographer: Skipped 53 frames!  The application may be doing too much work on its main thread.
11-23 11:53:45.081  1238  1259 I WindowManager: Destroying surface Surface(name=Starting br.com.catbag.gifreduxsample) called by com.android.server.wm.WindowStateAnimator.destroySurface:2014 com.android.server.wm.WindowStateAnimator.destroySurfaceLocked:881 com.android.server.wm.WindowState.removeLocked:1449 com.android.server.wm.WindowManagerService.removeWindowInnerLocked:2478 com.android.server.wm.AppWindowToken.destroySurfaces:365 com.android.server.wm.WindowStateAnimator.finishExit:565 com.android.server.wm.WindowStateAnimator.stepAnimationLocked:491 com.android.server.wm.WindowAnimator.updateWindowsLocked:303 
11-23 11:53:45.146  2283  2329 D MonitoringInstrumentation: execStartActivity(context, ibinder, ibinder, activity, intent, int, bundle
11-23 11:53:45.147  1238  1250 I ActivityManager: START u0 {flg=0x10000000 cmp=br.com.catbag.gifreduxsample/.ui.GifListActivity} from uid 10060 on display 0
11-23 11:53:45.346  1778  1778 I Choreographer: Skipped 30 frames!  The application may be doing too much work on its main thread.
11-23 11:53:45.670  1238  1252 W ActivityManager: Activity pause timeout for ActivityRecord{f3b7889 u0 com.android.launcher3/.Launcher t3}
11-23 11:53:45.885  2283  2283 D LifecycleMonitor: Lifecycle status change: br.com.catbag.gifreduxsample.ui.GifListActivity@7c129f8 in: PRE_ON_CREATE
11-23 11:53:46.002  2283  2283 D LifecycleMonitor: Lifecycle status change: br.com.catbag.gifreduxsample.ui.GifListActivity@7c129f8 in: CREATED
11-23 11:53:46.014  2283  2300 I DroidFlux:Dispatcher: [STARTED] dispatch of action [APP_STATE_LOAD]
11-23 11:53:46.015  2283  2300 D DroidFlux:Dispatcher: An action of type [APP_STATE_LOAD] was dispatched, but no reducer handled it
11-23 11:53:46.015  2283  2300 I DroidFlux:Dispatcher: [COMPLETED] dispatch of action [APP_STATE_LOAD]
11-23 11:53:46.016  2283  2283 D LifecycleMonitor: Lifecycle status change: br.com.catbag.gifreduxsample.ui.GifListActivity@7c129f8 in: STARTED
11-23 11:53:46.019  2283  2283 D LifecycleMonitor: Lifecycle status change: br.com.catbag.gifreduxsample.ui.GifListActivity@7c129f8 in: RESUMED
11-23 11:53:46.146  1778  1778 I Choreographer: Skipped 206 frames!  The application may be doing too much work on its main thread.
11-23 11:53:46.387  2283  2288 I art     : Do partial code cache collection, code=53KB, data=62KB
11-23 11:53:46.388  2283  2288 I art     : After code cache collection, code=52KB, data=62KB
11-23 11:53:46.388  2283  2288 I art     : Increasing code cache capacity to 256KB
11-23 11:53:46.611  1238  1259 I ActivityManager: Displayed br.com.catbag.gifreduxsample/.ui.GifListActivity: +934ms
11-23 11:53:46.719  1238  1249 I WindowManager: Destroying surface Surface(name=com.android.launcher3/com.android.launcher3.Launcher) called by com.android.server.wm.WindowStateAnimator.destroySurface:2014 com.android.server.wm.WindowStateAnimator.destroySurfaceLocked:881 com.android.server.wm.WindowState.destroyOrSaveSurface:2073 com.android.server.wm.AppWindowToken.destroySurfaces:363 com.android.server.wm.AppWindowToken.notifyAppStopped:389 com.android.server.wm.WindowManagerService.notifyAppStopped:4456 com.android.server.am.ActivityStack.activityStoppedLocked:1252 com.android.server.am.ActivityManagerService.activityStopped:6873 
11-23 11:53:46.769  2283  2283 I Choreographer: Skipped 46 frames!  The application may be doing too much work on its main thread.
11-23 11:53:46.793  2283  2283 D LifecycleMonitor: Lifecycle status change: br.com.catbag.gifreduxsample.ui.GifListActivity@887903 in: STOPPED
11-23 11:53:46.793  2283  2283 D LifecycleMonitor: Lifecycle status change: br.com.catbag.gifreduxsample.ui.GifListActivity@887903 in: DESTROYED
11-23 11:53:46.914  1238  1250 I WindowManager: Destroying surface Surface(name=br.com.catbag.gifreduxsample/br.com.catbag.gifreduxsample.ui.GifListActivity) called by com.android.server.wm.WindowStateAnimator.destroySurface:2014 com.android.server.wm.WindowStateAnimator.destroySurfaceLocked:881 com.android.server.wm.WindowState.removeLocked:1449 com.android.server.wm.WindowManagerService.removeWindowInnerLocked:2478 com.android.server.wm.WindowManagerService.removeWindowLocked:2436 com.android.server.wm.WindowManagerService.removeWindowLocked:2305 com.android.server.wm.WindowManagerService.removeWindow:2300 com.android.server.wm.Session.remove:193 
11-23 11:53:46.954  2283  2283 D LifecycleMonitor: Lifecycle status change: br.com.catbag.gifreduxsample.ui.GifListActivity@3613eb4 in: STOPPED
11-23 11:53:46.955  2283  2283 D LifecycleMonitor: Lifecycle status change: br.com.catbag.gifreduxsample.ui.GifListActivity@3613eb4 in: DESTROYED
11-23 11:53:46.957  1238  1519 I WindowManager: Destroying surface Surface(name=br.com.catbag.gifreduxsample/br.com.catbag.gifreduxsample.ui.GifListActivity) called by com.android.server.wm.WindowStateAnimator.destroySurface:2014 com.android.server.wm.WindowStateAnimator.destroySurfaceLocked:881 com.android.server.wm.WindowState.removeLocked:1449 com.android.server.wm.WindowManagerService.removeWindowInnerLocked:2478 com.android.server.wm.WindowManagerService.removeWindowLocked:2436 com.android.server.wm.WindowManagerService.removeWindowLocked:2305 com.android.server.wm.WindowManagerService.removeWindow:2300 com.android.server.wm.Session.remove:193 
11-23 11:53:46.965  2283  2283 I Choreographer: Skipped 49 frames!  The application may be doing too much work on its main thread.
11-23 11:53:47.030  1238  1259 I Choreographer: Skipped 36 frames!  The application may be doing too much work on its main thread.
11-23 11:53:47.036  1238  1259 I WindowManager: Destroying surface Surface(name=Starting br.com.catbag.gifreduxsample) called by com.android.server.wm.WindowStateAnimator.destroySurface:2014 com.android.server.wm.WindowStateAnimator.destroySurfaceLocked:881 com.android.server.wm.WindowState.destroyOrSaveSurface:2073 com.android.server.wm.AppWindowToken.destroySurfaces:363 com.android.server.wm.WindowStateAnimator.finishExit:565 com.android.server.wm.WindowStateAnimator.stepAnimationLocked:491 com.android.server.wm.WindowAnimator.updateWindowsLocked:303 com.android.server.wm.WindowAnimator.animateLocked:704 
11-23 11:53:47.078  2283  2283 W ResourceType: No package identifier when getting name for resource number 0x0000000c
11-23 11:53:47.078  2283  2283 I ViewInteraction: Performing 'single click' action on view with id: 12 (resource name not found)
11-23 11:53:47.163  2283  2300 I DroidFlux:Dispatcher: [STARTED] dispatch of action [GIF_PLAY]
11-23 11:53:47.166  2283  2300 I DroidFlux:Dispatcher: [COMPLETED] dispatch of action [GIF_PLAY]
11-23 11:53:47.212   988  1032 D AudioFlinger: mixer(0xb2c837c0) throttle end: throttle time(7)
11-23 11:53:47.233   988  1032 D AudioFlinger: mixer(0xb2c837c0) throttle end: throttle time(11)
11-23 11:53:47.839  2283  2283 W ResourceType: No package identifier when getting name for resource number 0x00000010
11-23 11:53:47.839  2283  2283 I ViewInteraction: Performing 'scroll RecyclerView to position: 2' action on view with id: 16 (resource name not found)
11-23 11:53:48.164  2283  2283 W ResourceType: No package identifier when getting name for resource number 0x00000010
11-23 11:53:48.217  2283  2283 W ResourceType: No package identifier when getting name for resource number 0x00000018
11-23 11:53:48.217  2283  2283 I ViewInteraction: Performing 'single click' action on view with id: 24 (resource name not found)
11-23 11:53:48.292  2283  2300 I DroidFlux:Dispatcher: [STARTED] dispatch of action [GIF_PLAY]
11-23 11:53:48.303  2283  2300 I DroidFlux:Dispatcher: [COMPLETED] dispatch of action [GIF_PLAY]
11-23 11:53:48.415  1238  1324 E TaskPersister: File error accessing recents directory (directory doesn't exist?).
11-23 11:53:48.514  2283  2294 I art     : Background sticky concurrent mark sweep GC freed 34246(1754KB) AllocSpace objects, 1(16KB) LOS objects, 22% free, 7MB/9MB, paused 11.604ms total 316.431ms
11-23 11:53:48.940  2283  2283 W ResourceType: No package identifier when getting name for resource number 0x0000001c
11-23 11:53:48.940  2283  2283 I ViewInteraction: Performing 'scroll RecyclerView to position: 3' action on view with id: 28 (resource name not found)
11-23 11:53:49.251  2283  2283 W ResourceType: No package identifier when getting name for resource number 0x0000001c
11-23 11:53:49.276  2283  2283 W ResourceType: No package identifier when getting name for resource number 0x00000024
11-23 11:53:49.276  2283  2283 I ViewInteraction: Performing 'single click' action on view with id: 36 (resource name not found)
11-23 11:53:49.353  2283  2300 I DroidFlux:Dispatcher: [STARTED] dispatch of action [GIF_PLAY]
11-23 11:53:49.355  2283  2300 I DroidFlux:Dispatcher: [COMPLETED] dispatch of action [GIF_PLAY]
11-23 11:53:50.125  2283  2283 W ResourceType: No package identifier when getting name for resource number 0x00000028
11-23 11:53:50.126  2283  2283 I ViewInteraction: Performing 'scroll RecyclerView to position: 4' action on view with id: 40 (resource name not found)
11-23 11:53:50.438  2283  2283 W ResourceType: No package identifier when getting name for resource number 0x00000028
11-23 11:53:50.469  2283  2283 W ResourceType: No package identifier when getting name for resource number 0x00000030
11-23 11:53:50.469  2283  2283 I ViewInteraction: Performing 'single click' action on view with id: 48 (resource name not found)
11-23 11:53:50.545  2283  2300 I DroidFlux:Dispatcher: [STARTED] dispatch of action [GIF_PLAY]
11-23 11:53:50.547  2283  2300 I DroidFlux:Dispatcher: [COMPLETED] dispatch of action [GIF_PLAY]
11-23 11:53:50.931  2283  2294 I art     : Background sticky concurrent mark sweep GC freed 26720(1436KB) AllocSpace objects, 6(128KB) LOS objects, 15% free, 7MB/9MB, paused 6.553ms total 203.070ms
11-23 11:53:51.237  2283  2283 W ResourceType: No package identifier when getting name for resource number 0x00000034
11-23 11:53:51.237  2283  2283 I ViewInteraction: Performing 'scroll RecyclerView to position: 5' action on view with id: 52 (resource name not found)
11-23 11:53:51.559  2283  2283 W ResourceType: No package identifier when getting name for resource number 0x00000034
11-23 11:53:51.620  2283  2283 W ResourceType: No package identifier when getting name for resource number 0x0000003c
11-23 11:53:51.621  2283  2283 I ViewInteraction: Performing 'single click' action on view with id: 60 (resource name not found)
11-23 11:53:51.703  2283  2300 I DroidFlux:Dispatcher: [STARTED] dispatch of action [GIF_PLAY]
11-23 11:53:51.705  2283  2300 I DroidFlux:Dispatcher: [COMPLETED] dispatch of action [GIF_PLAY]
11-23 11:53:52.651  2283  2283 W ResourceType: No package identifier when getting name for resource number 0x00000040
11-23 11:53:52.651  2283  2283 I ViewInteraction: Performing 'scroll RecyclerView to position: 6' action on view with id: 64 (resource name not found)
11-23 11:53:52.699  2283  2288 I art     : Do full code cache collection, code=124KB, data=119KB
11-23 11:53:52.700  2283  2288 I art     : After code cache collection, code=100KB, data=79KB
11-23 11:53:52.814  2283  2294 I art     : Background sticky concurrent mark sweep GC freed 12426(823KB) AllocSpace objects, 3(64KB) LOS objects, 9% free, 8MB/9MB, paused 12.620ms total 108.590ms
11-23 11:53:53.089  2283  2283 W ResourceType: No package identifier when getting name for resource number 0x00000040
11-23 11:53:53.105  2283  2283 W ResourceType: No package identifier when getting name for resource number 0x00000048
11-23 11:53:53.105  2283  2283 I ViewInteraction: Performing 'single click' action on view with id: 72 (resource name not found)
11-23 11:53:53.176  2283  2300 I DroidFlux:Dispatcher: [STARTED] dispatch of action [GIF_PLAY]
11-23 11:53:53.177  2283  2300 I DroidFlux:Dispatcher: [COMPLETED] dispatch of action [GIF_PLAY]
11-23 11:53:53.989  2283  2283 W ResourceType: No package identifier when getting name for resource number 0x0000004c
11-23 11:53:53.991  2283  2283 I ViewInteraction: Performing 'scroll RecyclerView to position: 7' action on view with id: 76 (resource name not found)
11-23 11:53:54.102  2283  2294 I art     : Background sticky concurrent mark sweep GC freed 11058(653KB) AllocSpace objects, 3(64KB) LOS objects, 6% free, 8MB/9MB, paused 10.690ms total 83.563ms
11-23 11:53:54.350  2283  2283 W ResourceType: No package identifier when getting name for resource number 0x0000004c
11-23 11:53:54.416  2283  2283 W ResourceType: No package identifier when getting name for resource number 0x00000054
11-23 11:53:54.417  2283  2283 I ViewInteraction: Performing 'single click' action on view with id: 84 (resource name not found)
11-23 11:53:54.503  2283  2300 I DroidFlux:Dispatcher: [STARTED] dispatch of action [GIF_PLAY]
11-23 11:53:54.505  2283  2300 I DroidFlux:Dispatcher: [COMPLETED] dispatch of action [GIF_PLAY]
11-23 11:53:54.760  2283  2294 I art     : Background sticky concurrent mark sweep GC freed 8925(551KB) AllocSpace objects, 3(64KB) LOS objects, 5% free, 8MB/9MB, paused 8.555ms total 83.899ms
11-23 11:53:55.216  2283  2283 W ResourceType: No package identifier when getting name for resource number 0x00000058
11-23 11:53:55.216  2283  2283 I ViewInteraction: Performing 'scroll RecyclerView to position: 8' action on view with id: 88 (resource name not found)
11-23 11:53:55.528  2283  2283 W ResourceType: No package identifier when getting name for resource number 0x00000058
11-23 11:53:55.629  2283  2283 W ResourceType: No package identifier when getting name for resource number 0x00000060
11-23 11:53:55.629  2283  2283 I ViewInteraction: Performing 'single click' action on view with id: 96 (resource name not found)
11-23 11:53:55.669  2283  2294 I art     : Background sticky concurrent mark sweep GC freed 3591(326KB) AllocSpace objects, 1(16KB) LOS objects, 2% free, 9MB/9MB, paused 20.400ms total 114.347ms
11-23 11:53:55.698  2283  2300 I DroidFlux:Dispatcher: [STARTED] dispatch of action [GIF_PLAY]
11-23 11:53:55.700  2283  2300 I DroidFlux:Dispatcher: [COMPLETED] dispatch of action [GIF_PLAY]
11-23 11:53:56.093  2283  2294 I art     : Background partial concurrent mark sweep GC freed 14402(677KB) AllocSpace objects, 5(112KB) LOS objects, 31% free, 8MB/12MB, paused 14.480ms total 153.440ms
11-23 11:53:56.315  2283  2283 W ResourceType: No package identifier when getting name for resource number 0x00000064
11-23 11:53:56.315  2283  2283 I ViewInteraction: Performing 'scroll RecyclerView to position: 9' action on view with id: 100 (resource name not found)
11-23 11:53:56.654  2283  2283 W ResourceType: No package identifier when getting name for resource number 0x00000064
11-23 11:53:56.670  2283  2283 W ResourceType: No package identifier when getting name for resource number 0x0000006c
11-23 11:53:56.670  2283  2283 I ViewInteraction: Performing 'single click' action on view with id: 108 (resource name not found)
11-23 11:53:56.740  2283  2300 I DroidFlux:Dispatcher: [STARTED] dispatch of action [GIF_PLAY]
11-23 11:53:56.762  2283  2300 I DroidFlux:Dispatcher: [COMPLETED] dispatch of action [GIF_PLAY]
11-23 11:53:57.388  2283  2283 W ResourceType: No package identifier when getting name for resource number 0x00000070
11-23 11:53:57.388  2283  2283 I ViewInteraction: Performing 'scroll RecyclerView to position: 10' action on view with id: 112 (resource name not found)
11-23 11:53:57.738  2283  2283 W ResourceType: No package identifier when getting name for resource number 0x00000070
11-23 11:53:57.796  2283  2283 W ResourceType: No package identifier when getting name for resource number 0x00000078
11-23 11:53:57.796  2283  2283 I ViewInteraction: Performing 'single click' action on view with id: 120 (resource name not found)
11-23 11:53:57.870  2283  2300 I DroidFlux:Dispatcher: [STARTED] dispatch of action [GIF_PLAY]
11-23 11:53:57.900  2283  2300 I DroidFlux:Dispatcher: [COMPLETED] dispatch of action [GIF_PLAY]
11-23 11:53:58.471  2283  2283 W ResourceType: No package identifier when getting name for resource number 0x0000007c
11-23 11:53:58.489  2283  2283 I ViewInteraction: Performing 'scroll RecyclerView to position: 11' action on view with id: 124 (resource name not found)
11-23 11:53:58.824  2283  2283 W ResourceType: No package identifier when getting name for resource number 0x0000007c
11-23 11:53:58.845  2283  2283 W ResourceType: No package identifier when getting name for resource number 0x00000084
11-23 11:53:58.846  2283  2283 I ViewInteraction: Performing 'single click' action on view with id: 132 (resource name not found)
11-23 11:53:58.917  2283  2300 I DroidFlux:Dispatcher: [STARTED] dispatch of action [GIF_PLAY]
11-23 11:53:58.921  2283  2300 I DroidFlux:Dispatcher: [COMPLETED] dispatch of action [GIF_PLAY]
11-23 11:53:59.589  2283  2283 W ResourceType: No package identifier when getting name for resource number 0x00000088
11-23 11:53:59.589  2283  2283 I ViewInteraction: Performing 'scroll RecyclerView to position: 12' action on view with id: 136 (resource name not found)
11-23 11:53:59.911  2283  2283 W ResourceType: No package identifier when getting name for resource number 0x00000088
11-23 11:53:59.954  2283  2283 W ResourceType: No package identifier when getting name for resource number 0x00000090
11-23 11:53:59.955  2283  2283 I ViewInteraction: Performing 'single click' action on view with id: 144 (resource name not found)
11-23 11:54:00.177  2283  2300 I DroidFlux:Dispatcher: [STARTED] dispatch of action [GIF_PLAY]
11-23 11:54:00.181  2283  2300 I DroidFlux:Dispatcher: [COMPLETED] dispatch of action [GIF_PLAY]
11-23 11:54:00.729  2283  2294 I art     : Background sticky concurrent mark sweep GC freed 44133(2MB) AllocSpace objects, 12(256KB) LOS objects, 22% free, 9MB/12MB, paused 5.587ms total 237.802ms
11-23 11:54:00.908  2283  2283 W ResourceType: No package identifier when getting name for resource number 0x00000094
11-23 11:54:00.908  2283  2283 I ViewInteraction: Performing 'scroll RecyclerView to position: 13' action on view with id: 148 (resource name not found)
11-23 11:54:01.230  2283  2283 W ResourceType: No package identifier when getting name for resource number 0x00000094
11-23 11:54:01.277  2283  2283 W ResourceType: No package identifier when getting name for resource number 0x0000009c
11-23 11:54:01.277  2283  2283 I ViewInteraction: Performing 'single click' action on view with id: 156 (resource name not found)
11-23 11:54:01.383  2283  2300 I DroidFlux:Dispatcher: [STARTED] dispatch of action [GIF_PLAY]
11-23 11:54:01.385  2283  2300 I DroidFlux:Dispatcher: [COMPLETED] dispatch of action [GIF_PLAY]
11-23 11:54:02.190  2283  2283 W ResourceType: No package identifier when getting name for resource number 0x000000a0
11-23 11:54:02.191  2283  2283 I ViewInteraction: Performing 'scroll RecyclerView to position: 14' action on view with id: 160 (resource name not found)
11-23 11:54:02.498  2283  2283 W ResourceType: No package identifier when getting name for resource number 0x000000a0
11-23 11:54:02.544  2283  2283 W ResourceType: No package identifier when getting name for resource number 0x000000a8
11-23 11:54:02.545  2283  2283 I ViewInteraction: Performing 'single click' action on view with id: 168 (resource name not found)
11-23 11:54:02.618  2283  2300 I DroidFlux:Dispatcher: [STARTED] dispatch of action [GIF_PLAY]
11-23 11:54:02.620  2283  2300 I DroidFlux:Dispatcher: [COMPLETED] dispatch of action [GIF_PLAY]
11-23 11:54:03.270  2283  2283 W ResourceType: No package identifier when getting name for resource number 0x000000ac
11-23 11:54:03.270  2283  2283 I ViewInteraction: Performing 'scroll RecyclerView to position: 15' action on view with id: 172 (resource name not found)
11-23 11:54:03.347  2283  2288 I art     : Do partial code cache collection, code=121KB, data=112KB
11-23 11:54:03.347  2283  2288 I art     : After code cache collection, code=121KB, data=112KB
11-23 11:54:03.347  2283  2288 I art     : Increasing code cache capacity to 512KB
11-23 11:54:03.640  2283  2283 W ResourceType: No package identifier when getting name for resource number 0x000000ac
11-23 11:54:03.659  2283  2283 W ResourceType: No package identifier when getting name for resource number 0x000000b4
11-23 11:54:03.659  2283  2283 I ViewInteraction: Performing 'single click' action on view with id: 180 (resource name not found)
11-23 11:54:03.740  2283  2300 I DroidFlux:Dispatcher: [STARTED] dispatch of action [GIF_PLAY]
11-23 11:54:03.784  2283  2300 I DroidFlux:Dispatcher: [COMPLETED] dispatch of action [GIF_PLAY]
11-23 11:54:03.928  2283  2294 I art     : Background sticky concurrent mark sweep GC freed 26293(1656KB) AllocSpace objects, 9(192KB) LOS objects, 15% free, 10MB/12MB, paused 27.379ms total 181.903ms
11-23 11:54:04.558  2283  2283 W ResourceType: No package identifier when getting name for resource number 0x000000b8
11-23 11:54:04.559  2283  2283 I ViewInteraction: Performing 'scroll RecyclerView to position: 16' action on view with id: 184 (resource name not found)
11-23 11:54:04.864  2283  2283 W ResourceType: No package identifier when getting name for resource number 0x000000b8
11-23 11:54:04.908  2283  2283 W ResourceType: No package identifier when getting name for resource number 0x000000c0
11-23 11:54:04.908  2283  2283 I ViewInteraction: Performing 'single click' action on view with id: 192 (resource name not found)
11-23 11:54:04.996  2283  2300 I DroidFlux:Dispatcher: [STARTED] dispatch of action [GIF_PLAY]
11-23 11:54:04.997  2283  2300 I DroidFlux:Dispatcher: [COMPLETED] dispatch of action [GIF_PLAY]
11-23 11:54:05.821  2283  2283 W ResourceType: No package identifier when getting name for resource number 0x000000c4
11-23 11:54:05.839  2283  2283 I ViewInteraction: Performing 'scroll RecyclerView to position: 17' action on view with id: 196 (resource name not found)
11-23 11:54:06.149  2283  2283 W ResourceType: No package identifier when getting name for resource number 0x000000c4
11-23 11:54:06.210  2283  2283 W ResourceType: No package identifier when getting name for resource number 0x000000cc
11-23 11:54:06.211  2283  2283 I ViewInteraction: Performing 'single click' action on view with id: 204 (resource name not found)
11-23 11:54:06.285  2283  2300 I DroidFlux:Dispatcher: [STARTED] dispatch of action [GIF_PLAY]
11-23 11:54:06.288  2283  2300 I DroidFlux:Dispatcher: [COMPLETED] dispatch of action [GIF_PLAY]
11-23 11:54:06.424  2283  2294 W art     : Suspending all threads took: 16.725ms
11-23 11:54:06.540  2283  2294 I art     : Background sticky concurrent mark sweep GC freed 22020(1277KB) AllocSpace objects, 6(128KB) LOS objects, 8% free, 11MB/12MB, paused 23.990ms total 380.687ms
11-23 11:54:06.965  2283  2283 W ResourceType: No package identifier when getting name for resource number 0x000000d0
11-23 11:54:06.965  2283  2283 I ViewInteraction: Performing 'scroll RecyclerView to position: 18' action on view with id: 208 (resource name not found)
11-23 11:54:07.288  2283  2283 W ResourceType: No package identifier when getting name for resource number 0x000000d0
11-23 11:54:07.317  2283  2283 W ResourceType: No package identifier when getting name for resource number 0x000000d8
11-23 11:54:07.318  2283  2283 I ViewInteraction: Performing 'single click' action on view with id: 216 (resource name not found)
11-23 11:54:07.393  2283  2300 I DroidFlux:Dispatcher: [STARTED] dispatch of action [GIF_PLAY]
11-23 11:54:07.395  2283  2300 I DroidFlux:Dispatcher: [COMPLETED] dispatch of action [GIF_PLAY]
11-23 11:54:07.701  2283  2294 I art     : Background partial concurrent mark sweep GC freed 23329(1289KB) AllocSpace objects, 12(2MB) LOS objects, 30% free, 9MB/13MB, paused 6.569ms total 135.473ms
11-23 11:54:08.069  2283  2283 W ResourceType: No package identifier when getting name for resource number 0x000000e3
11-23 11:54:08.069  2283  2283 I ViewInteraction: Performing 'single click' action on view with id: 227 (resource name not found)
11-23 11:54:08.146  2283  2300 I DroidFlux:Dispatcher: [STARTED] dispatch of action [GIF_PAUSE]
11-23 11:54:08.148  2283  2300 I DroidFlux:Dispatcher: [COMPLETED] dispatch of action [GIF_PAUSE]
11-23 11:54:08.847  2283  2299 I TestRunner: finished: whenListKeepOrderedAfterPlayTest(br.com.catbag.gifreduxsample.ui.giflist.GifListActivityTest)
11-23 11:54:08.897  2283  2283 D LifecycleMonitor: Lifecycle status change: br.com.catbag.gifreduxsample.ui.GifListActivity@7c129f8 in: PAUSED
11-23 11:54:08.972   978   978 D gralloc : Registering a buffer in the process that created it. This may cause memory ordering problems.
11-23 11:54:08.973   978   978 E libEGL  : called unimplemented OpenGL ES API
11-23 11:54:08.973   978   978 E SurfaceFlinger: glCheckFramebufferStatusOES error -237227574
11-23 11:54:08.973   978   978 E SurfaceFlinger: got GL_FRAMEBUFFER_COMPLETE_OES error while taking screenshot
11-23 11:54:08.988  1238  1250 W WindowManager: Screenshot failure taking screenshot for (480x800) to layer 21005
11-23 11:54:09.000  2283  2283 I MonitoringInstrumentation: Activities that are still in CREATED to STOPPED: 1
11-23 11:54:09.005  2283  2299 I TestRunner: started: whenGifIsWatchedTest(br.com.catbag.gifreduxsample.ui.giflist.GifListActivityTest)
11-23 11:54:09.179  2283  2283 I MonitoringInstrumentation: Activities that are still in CREATED to STOPPED: 1
11-23 11:54:09.484  2283  2300 I DroidFlux:Dispatcher: [STARTED] dispatch of action [FAKE_REDUCE_ACTION]
11-23 11:54:09.485  2283  2300 I DroidFlux:Dispatcher: [COMPLETED] dispatch of action [FAKE_REDUCE_ACTION]
11-23 11:54:09.499  2283  2352 D ActivityTestRule: Launching activity br.com.catbag.gifreduxsample.ui.GifListActivity
11-23 11:54:09.514  2283  2354 D MonitoringInstrumentation: execStartActivity(context, ibinder, ibinder, activity, intent, int, bundle
11-23 11:54:09.515  1238  1250 I ActivityManager: START u0 {flg=0x10000000 cmp=br.com.catbag.gifreduxsample/.ui.GifListActivity} from uid 10060 on display 0
11-23 11:54:09.619  1778  1778 I Choreographer: Skipped 41 frames!  The application may be doing too much work on its main thread.
11-23 11:54:09.744  1238  1259 I Choreographer: Skipped 31 frames!  The application may be doing too much work on its main thread.
11-23 11:54:09.795  1778  1778 I Choreographer: Skipped 39 frames!  The application may be doing too much work on its main thread.
11-23 11:54:09.917  2283  2283 D LifecycleMonitor: Lifecycle status change: br.com.catbag.gifreduxsample.ui.GifListActivity@90d902e in: PRE_ON_CREATE
11-23 11:54:10.009  2283  2283 D LifecycleMonitor: Lifecycle status change: br.com.catbag.gifreduxsample.ui.GifListActivity@90d902e in: CREATED
11-23 11:54:10.012  2283  2283 D LifecycleMonitor: Lifecycle status change: br.com.catbag.gifreduxsample.ui.GifListActivity@90d902e in: STARTED
11-23 11:54:10.016  2283  2283 D LifecycleMonitor: Lifecycle status change: br.com.catbag.gifreduxsample.ui.GifListActivity@90d902e in: RESUMED
11-23 11:54:10.048  2283  2300 I DroidFlux:Dispatcher: [STARTED] dispatch of action [APP_STATE_LOAD]
11-23 11:54:10.048  2283  2300 D DroidFlux:Dispatcher: An action of type [APP_STATE_LOAD] was dispatched, but no reducer handled it
11-23 11:54:10.049  2283  2300 I DroidFlux:Dispatcher: [COMPLETED] dispatch of action [APP_STATE_LOAD]
11-23 11:54:10.127  1238  1259 I Choreographer: Skipped 62 frames!  The application may be doing too much work on its main thread.
11-23 11:54:10.208  2283  2283 E Feed    : Gif{uuid=353e4a4f-5c46-4320-944c-b1984c0c1de0, path=, url=, title=, watched=true, status=DOWNLOADED}
11-23 11:54:10.208  2283  2283 E Feed    : pl.droidsonroids.gif.GifIOException: GifError 101: Failed to open given input
11-23 11:54:10.208  2283  2283 E Feed    : 	at pl.droidsonroids.gif.GifInfoHandle.openFile(Native Method)
11-23 11:54:10.208  2283  2283 E Feed    : 	at pl.droidsonroids.gif.GifInfoHandle.<init>(GifInfoHandle.java:46)
11-23 11:54:10.208  2283  2283 E Feed    : 	at pl.droidsonroids.gif.GifDrawable.<init>(GifDrawable.java:124)
11-23 11:54:10.208  2283  2283 E Feed    : 	at br.com.catbag.gifreduxsample.ui.components.FeedComponent.createDrawable(FeedComponent.java:104)
11-23 11:54:10.208  2283  2283 E Feed    : 	at br.com.catbag.gifreduxsample.ui.components.FeedComponent.lambda$renderGifView$2(FeedComponent.java:90)
11-23 11:54:10.208  2283  2283 E Feed    : 	at br.com.catbag.gifreduxsample.ui.components.FeedComponent$$Lambda$2.view(Unknown Source)
11-23 11:54:10.208  2283  2283 E Feed    : 	at trikita.anvil.BaseDSL.v(BaseDSL.java:670)
11-23 11:54:10.208  2283  2283 E Feed    : 	at br.com.catbag.gifreduxsample.ui.components.FeedComponent.renderGifView(FeedComponent.java:88)
11-23 11:54:10.208  2283  2283 E Feed    : 	at br.com.catbag.gifreduxsample.ui.components.FeedComponent.lambda$null$0(FeedComponent.java:55)
11-23 11:54:10.208  2283  2283 E Feed    : 	at br.com.catbag.gifreduxsample.ui.components.FeedComponent$$Lambda$3.view(Unknown Source)
11-23 11:54:10.208  2283  2283 E Feed    : 	at br.com.catbag.gifreduxsample.ui.components.GifsAdapter.view(GifsAdapter.java:55)
11-23 11:54:10.208  2283  2283 E Feed    : 	at trikita.anvil.RenderableRecyclerViewAdapter$1.view(RenderableRecyclerViewAdapter.java:24)
11-23 11:54:10.208  2283  2283 E Feed    : 	at trikita.anvil.Anvil$Mount.render(Anvil.java:204)
11-23 11:54:10.208  2283  2283 E Feed    : 	at trikita.anvil.Anvil.render(Anvil.java:173)
11-23 11:54:10.208  2283  2283 E Feed    : 	at trikita.anvil.RenderableRecyclerViewAdapter.onBindViewHolder(RenderableRecyclerViewAdapter.java:27)
11-23 11:54:10.208  2283  2283 E Feed    : 	at trikita.anvil.RenderableRecyclerViewAdapter.onBindViewHolder(RenderableRecyclerViewAdapter.java:7)
11-23 11:54:10.208  2283  2283 E Feed    : 	at android.support.v7.widget.RecyclerView$Adapter.onBindViewHolder(RecyclerView.java:5768)
11-23 11:54:10.208  2283  2283 E Feed    : 	at android.support.v7.widget.RecyclerView$Adapter.bindViewHolder(RecyclerView.java:5801)
11-23 11:54:10.208  2283  2283 E Feed    : 	at android.support.v7.widget.RecyclerView$Recycler.getViewForPosition(RecyclerView.java:5037)
11-23 11:54:10.208  2283  2283 E Feed    : 	at android.support.v7.widget.RecyclerView$Recycler.getViewForPosition(RecyclerView.java:4913)
11-23 11:54:10.208  2283  2283 E Feed    : 	at android.support.v7.widget.LinearLayoutManager$LayoutState.next(LinearLayoutManager.java:2029)
11-23 11:54:10.208  2283  2283 E Feed    : 	at android.support.v7.widget.LinearLayoutManager.layoutChunk(LinearLayoutManager.java:1414)
11-23 11:54:10.208  2283  2283 E Feed    : 	at android.support.v7.widget.LinearLayoutManager.fill(LinearLayoutManager.java:1377)
11-23 11:54:10.208  2283  2283 E Feed    : 	at android.support.v7.widget.LinearLayoutManager.onLayoutChildren(LinearLayoutManager.java:578)
11-23 11:54:10.208  2283  2283 E Feed    : 	at android.support.v7.widget.RecyclerView.dispatchLayoutStep2(RecyclerView.java:3260)
11-23 11:54:10.208  2283  2283 E Feed    : 	at android.support.v7.widget.RecyclerView.dispatchLayout(RecyclerView.java:3069)
11-23 11:54:10.208  2283  2283 E Feed    : 	at android.support.v7.widget.RecyclerView.onLayout(RecyclerView.java:3518)
11-23 11:54:10.208  2283  2283 E Feed    : 	at android.view.View.layout(View.java:17520)
11-23 11:54:10.208  2283  2283 E Feed    : 	at android.view.ViewGroup.layout(ViewGroup.java:5612)
11-23 11:54:10.208  2283  2283 E Feed    : 	at android.widget.FrameLayout.layoutChildren(FrameLayout.java:323)
11-23 11:54:10.208  2283  2283 E Feed    : 	at android.widget.FrameLayout.onLayout(FrameLayout.java:261)
11-23 11:54:10.208  2283  2283 E Feed    : 	at android.view.View.layout(View.java:17520)
11-23 11:54:10.208  2283  2283 E Feed    : 	at android.view.ViewGroup.layout(ViewGroup.java:5612)
11-23 11:54:10.208  2283  2283 E Feed    : 	at android.widget.RelativeLayout.onLayout(RelativeLayout.java:1079)
11-23 11:54:10.208  2283  2283 E Feed    : 	at android.view.View.layout(View.java:17520)
11-23 11:54:10.208  2283  2283 E Feed    : 	at android.view.ViewGroup.layout(ViewGroup.java:5612)
11-23 11:54:10.208  2283  2283 E Feed    : 	at android.widget.FrameLayout.layoutChildren(FrameLayout.java:323)
11-23 11:54:10.208  2283  2283 E Feed    : 	at android.widget.FrameLayout.onLayout(FrameLayout.java:261)
