--------- beginning of main
11-25 19:12:11.585  2104  2104 D AndroidRuntime: >>>>>> START com.android.internal.os.RuntimeInit uid 2000 <<<<<<
11-25 19:12:11.628  2104  2104 D AndroidRuntime: CheckJNI is ON
11-25 19:12:11.844  2104  2104 W art     : Unexpected CPU variant for X86 using defaults: x86
11-25 19:12:11.950  2104  2104 D ICU     : No timezone override file found: /data/misc/zoneinfo/current/icu/icu_tzdata.dat
11-25 19:12:12.146  2104  2104 E memtrack: Couldn't load memtrack module (No such file or directory)
11-25 19:12:12.146  2104  2104 E android.os.Debug: failed to load memtrack module: -2
11-25 19:12:12.165  2104  2104 I Radio-JNI: register_android_hardware_Radio DONE
11-25 19:12:12.280  2104  2104 D AndroidRuntime: Calling main entry com.android.commands.am.Am
11-25 19:12:12.311  2104  2104 D AndroidRuntime: Shutting down VM
11-25 19:12:12.708  2114  2114 D AndroidRuntime: >>>>>> START com.android.internal.os.RuntimeInit uid 2000 <<<<<<
11-25 19:12:12.710  2114  2114 D AndroidRuntime: CheckJNI is ON
11-25 19:12:12.762  2114  2114 W art     : Unexpected CPU variant for X86 using defaults: x86
11-25 19:12:12.771  2114  2114 D ICU     : No timezone override file found: /data/misc/zoneinfo/current/icu/icu_tzdata.dat
11-25 19:12:12.804  2114  2114 E memtrack: Couldn't load memtrack module (No such file or directory)
11-25 19:12:12.804  2114  2114 E android.os.Debug: failed to load memtrack module: -2
11-25 19:12:12.812  2114  2114 I Radio-JNI: register_android_hardware_Radio DONE
11-25 19:12:12.830  2114  2114 D AndroidRuntime: Calling main entry com.android.commands.pm.Pm
11-25 19:12:12.924  2114  2114 I art     : System.exit called, status: 0
11-25 19:12:12.925  2114  2114 I AndroidRuntime: VM exiting with result code 0.
11-25 19:12:13.569  2125  2125 D AndroidRuntime: >>>>>> START com.android.internal.os.RuntimeInit uid 2000 <<<<<<
11-25 19:12:13.572  2125  2125 D AndroidRuntime: CheckJNI is ON
11-25 19:12:13.622  2125  2125 W art     : Unexpected CPU variant for X86 using defaults: x86
11-25 19:12:13.630  2125  2125 D ICU     : No timezone override file found: /data/misc/zoneinfo/current/icu/icu_tzdata.dat
11-25 19:12:13.662  2125  2125 E memtrack: Couldn't load memtrack module (No such file or directory)
11-25 19:12:13.663  2125  2125 E android.os.Debug: failed to load memtrack module: -2
11-25 19:12:13.664  2125  2125 I Radio-JNI: register_android_hardware_Radio DONE
11-25 19:12:13.690  2125  2125 D AndroidRuntime: Calling main entry com.android.commands.pm.Pm
11-25 19:12:13.746   990   990 I         : free_cache(7065937) avail 512585728
11-25 19:12:22.389  2125  2125 I art     : System.exit called, status: 0
11-25 19:12:22.390  2125  2125 I AndroidRuntime: VM exiting with result code 0.
11-25 19:12:22.732  2137  2137 D AndroidRuntime: >>>>>> START com.android.internal.os.RuntimeInit uid 2000 <<<<<<
11-25 19:12:22.734  2137  2137 D AndroidRuntime: CheckJNI is ON
11-25 19:12:22.776  2137  2137 W art     : Unexpected CPU variant for X86 using defaults: x86
11-25 19:12:22.798  2137  2137 D ICU     : No timezone override file found: /data/misc/zoneinfo/current/icu/icu_tzdata.dat
11-25 19:12:22.837  2137  2137 E memtrack: Couldn't load memtrack module (No such file or directory)
11-25 19:12:22.837  2137  2137 E android.os.Debug: failed to load memtrack module: -2
11-25 19:12:22.839  2137  2137 I Radio-JNI: register_android_hardware_Radio DONE
11-25 19:12:22.862  2137  2137 D AndroidRuntime: Calling main entry com.android.commands.pm.Pm
--------- beginning of system
11-25 19:12:23.251  1237  1263 W ActivityManager: Slow operation: 69ms so far, now at startProcess: returned from zygote!
11-25 19:12:23.251  1237  1263 W ActivityManager: Slow operation: 70ms so far, now at startProcess: done updating battery stats
11-25 19:12:23.252  1237  1263 W ActivityManager: Slow operation: 71ms so far, now at startProcess: building log message
11-25 19:12:23.253  1237  1263 I ActivityManager: Start proc 2147:com.android.defcontainer/u0a5 for service com.android.defcontainer/.DefaultContainerService
11-25 19:12:23.254  1237  1263 W ActivityManager: Slow operation: 72ms so far, now at startProcess: starting to update pids map
11-25 19:12:23.254  1237  1263 W ActivityManager: Slow operation: 73ms so far, now at startProcess: done updating pids map
11-25 19:12:23.255  1237  1263 W ActivityManager: Slow operation: 78ms so far, now at startProcess: done starting proc!
11-25 19:12:23.274  2147  2147 W art     : Unexpected CPU variant for X86 using defaults: x86
11-25 19:12:23.546  1237  1263 I PackageManager.DexOptimizer: Running dexopt (dex2oat) on: /data/app/vmdl952769644.tmp/base.apk pkg=br.com.catbag.gifreduxsample isa=x86 vmSafeMode=false debuggable=true target-filter=interpret-only oatDir = /data/app/vmdl952769644.tmp/oat sharedLibraries=null
11-25 19:12:23.590  2162  2162 W dex2oat : Unexpected CPU variant for X86 using defaults: x86
11-25 19:12:23.591  2162  2162 W dex2oat : Mismatch between dex2oat instruction set features (ISA: X86 Feature string: smp,-ssse3,-sse4.1,-sse4.2,-avx,-avx2,-lock_add,-popcnt) and those of dex2oat executable (ISA: X86 Feature string: smp,ssse3,-sse4.1,-sse4.2,-avx,-avx2,-lock_add,-popcnt) for the command line:
11-25 19:12:23.591  2162  2162 W dex2oat : /system/bin/dex2oat --zip-fd=6 --zip-location=base.apk --oat-fd=7 --oat-location=/data/app/vmdl952769644.tmp/oat/x86/base.odex --instruction-set=x86 --instruction-set-variant=x86 --instruction-set-features=default --runtime-arg -Xms64m --runtime-arg -Xmx512m --compiler-filter=interpret-only --swap-fd=9 --debuggable
11-25 19:12:23.593  2162  2162 I dex2oat : /system/bin/dex2oat --compiler-filter=interpret-only --debuggable
11-25 19:12:26.168  2162  2162 W dex2oat : Before Android 4.1, method android.graphics.PorterDuffColorFilter android.support.graphics.drawable.VectorDrawableCompat.updateTintFilter(android.graphics.PorterDuffColorFilter, android.content.res.ColorStateList, android.graphics.PorterDuff$Mode) would have incorrectly overridden the package-private method in android.graphics.drawable.Drawable
11-25 19:12:26.264  2162  2162 W dex2oat : Before Android 4.1, method int android.support.v7.widget.ListViewCompat.lookForSelectablePosition(int, boolean) would have incorrectly overridden the package-private method in android.widget.ListView
11-25 19:12:39.261  2162  2162 W dex2oat : Verification of void org.immutables.value.internal.$processor$.meta.$StyleMirror.<init>(javax.lang.model.element.AnnotationMirror) took 182.009ms
11-25 19:12:39.394  2162  2162 W dex2oat : Verification of void org.immutables.value.internal.$processor$.meta.$StyleMirror.<init>(javax.lang.model.element.TypeElement) took 129.787ms
11-25 19:12:59.104  2162  2162 W dex2oat : Compilation of com.fasterxml.jackson.databind.introspect.AnnotatedConstructor com.fasterxml.jackson.databind.introspect.AnnotatedClass._constructNonDefaultConstructor(com.fasterxml.jackson.databind.util.ClassUtil$Ctor, com.fasterxml.jackson.databind.introspect.TypeResolutionContext) took 201.941ms
11-25 19:13:00.135  2162  2162 W dex2oat : Compilation of java.lang.Object com.fasterxml.jackson.datatype.guava.GuavaSerializers$FluentConverter.convert(java.lang.Object) took 109.932ms
11-25 19:13:04.067  2162  2162 W dex2oat : Compilation of void okio.Buffer.readFully(okio.Buffer, long) took 141.594ms
11-25 19:13:08.521  2162  2162 I dex2oat : dex2oat took 44.933s (threads: 1) arena alloc=1402KB (1436528B) java alloc=7MB (8051088B) native alloc=13MB (14288128B) free=2MB (3144448B)
11-25 19:13:08.727  1237  1263 W PackageManager: Not granting permission android.permission.SET_DEBUG_APP to package br.com.catbag.gifreduxsample (protectionLevel=50 flags=0x3848be46)
11-25 19:13:08.988  1237  1247 I art     : Background sticky concurrent mark sweep GC freed 38750(2MB) AllocSpace objects, 14(348KB) LOS objects, 28% free, 7MB/10MB, paused 5.761ms total 224.940ms
11-25 19:13:09.012  1237  1249 W art     : Long monitor contention with owner PackageManager (1263) at void com.android.server.pm.PackageManagerService.updateSettingsInternalLI(android.content.pm.PackageParser$Package, java.lang.String, int[], int[], com.android.server.pm.PackageManagerService$PackageInstalledInfo, android.os.UserHandle)(PackageManagerService.java:14768) waiters=0 in int com.android.server.pm.PackageManagerService.checkUidPermission(java.lang.String, int) for 112ms
11-25 19:13:09.058  1237  1263 V BackupManagerService: restoreAtInstall pkg=br.com.catbag.gifreduxsample token=1 restoreSet=0
11-25 19:13:09.060  1237  1263 W BackupManagerService: Requested unavailable transport: android/com.android.internal.backup.LocalTransport
11-25 19:13:09.061  1237  1263 W BackupManagerService: No transport
11-25 19:13:09.062  1237  1263 V BackupManagerService: Finishing install immediately
11-25 19:13:09.085  1237  1263 I art     : Starting a blocking GC Explicit
11-25 19:13:09.317  1237  1263 I art     : Explicit concurrent mark sweep GC freed 5613(342KB) AllocSpace objects, 6(256KB) LOS objects, 33% free, 6MB/10MB, paused 4.223ms total 215.005ms
11-25 19:13:09.318   990   990 E         : Couldn't opendir /data/app/vmdl952769644.tmp: No such file or directory
11-25 19:13:09.437  2137  2137 I art     : System.exit called, status: 0
11-25 19:13:09.438  2137  2137 I AndroidRuntime: VM exiting with result code 0.
11-25 19:13:09.464  1237  1277 I InputReader: Reconfiguring input devices.  changes=0x00000010
11-25 19:13:09.633  1447  1447 D CarrierSvcBindHelper: No carrier app for: 0
11-25 19:13:09.667  1447  1447 D CarrierConfigLoader: mHandler: 9 phoneId: 0
11-25 19:13:09.958  1237  1250 W VoiceInteractionManagerService: no available voice recognition services found for user 0
11-25 19:13:09.959  1237  1250 W LocationProviderProxy-network: Odd, no component found for service com.android.location.service.v3.NetworkLocationProvider
11-25 19:13:09.959  1237  1250 W GeocoderProxy: Odd, no component found for service com.android.location.service.GeocodeProvider
11-25 19:13:09.959  1237  1250 W GeofenceProxy: Odd, no component found for service com.android.location.service.GeofenceProvider
11-25 19:13:09.960  1237  1250 W ActivityRecognitionProxy: Odd, no component found for service com.android.location.service.ActivityRecognitionProvider
11-25 19:13:10.325  2167  2167 D AndroidRuntime: >>>>>> START com.android.internal.os.RuntimeInit uid 2000 <<<<<<
11-25 19:13:10.328  2167  2167 D AndroidRuntime: CheckJNI is ON
11-25 19:13:10.371  2167  2167 W art     : Unexpected CPU variant for X86 using defaults: x86
11-25 19:13:10.371  2167  2167 D ICU     : No timezone override file found: /data/misc/zoneinfo/current/icu/icu_tzdata.dat
11-25 19:13:10.423  2167  2167 E memtrack: Couldn't load memtrack module (No such file or directory)
11-25 19:13:10.423  2167  2167 E android.os.Debug: failed to load memtrack module: -2
11-25 19:13:10.425  2167  2167 I Radio-JNI: register_android_hardware_Radio DONE
11-25 19:13:10.441  2167  2167 D AndroidRuntime: Calling main entry com.android.commands.pm.Pm
11-25 19:13:10.454  2167  2167 I art     : System.exit called, status: 0
11-25 19:13:10.454  2167  2167 I AndroidRuntime: VM exiting with result code 0.
11-25 19:13:11.022  2184  2184 D AndroidRuntime: >>>>>> START com.android.internal.os.RuntimeInit uid 2000 <<<<<<
11-25 19:13:11.024  2184  2184 D AndroidRuntime: CheckJNI is ON
11-25 19:13:11.064  2184  2184 W art     : Unexpected CPU variant for X86 using defaults: x86
11-25 19:13:11.090  2184  2184 D ICU     : No timezone override file found: /data/misc/zoneinfo/current/icu/icu_tzdata.dat
11-25 19:13:11.142  2184  2184 E memtrack: Couldn't load memtrack module (No such file or directory)
11-25 19:13:11.142  2184  2184 E android.os.Debug: failed to load memtrack module: -2
11-25 19:13:11.143  2184  2184 I Radio-JNI: register_android_hardware_Radio DONE
11-25 19:13:11.169  2184  2184 D AndroidRuntime: Calling main entry com.android.commands.pm.Pm
11-25 19:13:11.189   990   990 I         : free_cache(2041039) avail 492634112
11-25 19:13:12.784  1237  1665 I ActivityManager: Start proc 2197:com.svox.pico/u0a46 for broadcast com.svox.pico/.VoiceDataInstallerReceiver
11-25 19:13:12.803  2197  2197 W art     : Unexpected CPU variant for X86 using defaults: x86
11-25 19:13:13.078  1364  1379 W art     : Long monitor contention with owner PhoneStatusBar (1594) at long android.os.SystemClock.uptimeMillis()(SystemClock.java:-2) waiters=0 in boolean android.os.MessageQueue.enqueueMessage(android.os.Message, long) for 1.061s
11-25 19:13:13.586  2184  2184 I art     : System.exit called, status: 0
11-25 19:13:13.587  2184  2184 I AndroidRuntime: VM exiting with result code 0.
11-25 19:13:13.899  2212  2212 D AndroidRuntime: >>>>>> START com.android.internal.os.RuntimeInit uid 2000 <<<<<<
11-25 19:13:13.901  2212  2212 D AndroidRuntime: CheckJNI is ON
11-25 19:13:13.940  2212  2212 W art     : Unexpected CPU variant for X86 using defaults: x86
11-25 19:13:13.944  2212  2212 D ICU     : No timezone override file found: /data/misc/zoneinfo/current/icu/icu_tzdata.dat
11-25 19:13:13.995  2212  2212 E memtrack: Couldn't load memtrack module (No such file or directory)
11-25 19:13:13.995  2212  2212 E android.os.Debug: failed to load memtrack module: -2
11-25 19:13:13.995  2212  2212 I Radio-JNI: register_android_hardware_Radio DONE
11-25 19:13:14.031  2212  2212 D AndroidRuntime: Calling main entry com.android.commands.pm.Pm
11-25 19:13:14.121  1237  1263 I PackageManager.DexOptimizer: Running dexopt (dex2oat) on: /data/app/vmdl1228253233.tmp/base.apk pkg=br.com.catbag.gifreduxsample.test isa=x86 vmSafeMode=false debuggable=true target-filter=interpret-only oatDir = /data/app/vmdl1228253233.tmp/oat sharedLibraries=/system/framework/android.test.runner.jar
11-25 19:13:14.144  2223  2223 W dex2oat : Unexpected CPU variant for X86 using defaults: x86
11-25 19:13:14.144  2223  2223 W dex2oat : Mismatch between dex2oat instruction set features (ISA: X86 Feature string: smp,-ssse3,-sse4.1,-sse4.2,-avx,-avx2,-lock_add,-popcnt) and those of dex2oat executable (ISA: X86 Feature string: smp,ssse3,-sse4.1,-sse4.2,-avx,-avx2,-lock_add,-popcnt) for the command line:
11-25 19:13:14.145  2223  2223 W dex2oat : /system/bin/dex2oat --zip-fd=6 --zip-location=base.apk --oat-fd=7 --oat-location=/data/app/vmdl1228253233.tmp/oat/x86/base.odex --instruction-set=x86 --instruction-set-variant=x86 --instruction-set-features=default --runtime-arg -Xms64m --runtime-arg -Xmx512m --compiler-filter=interpret-only --swap-fd=9 --debuggable --runtime-arg -classpath --runtime-arg /system/framework/android.test.runner.jar
11-25 19:13:14.145  2223  2223 I dex2oat : /system/bin/dex2oat --compiler-filter=interpret-only --debuggable
11-25 19:13:34.432  2223  2223 W dex2oat : Compilation of boolean org.objectweb.asm.commons.SerialVersionUIDAdder$Item.equals(java.lang.Object) took 204.754ms
11-25 19:13:34.690  2223  2223 I dex2oat : dex2oat took 20.546s (threads: 1) arena alloc=1408B (1408B) java alloc=3MB (3870112B) native alloc=6MB (6972664B) free=2MB (2464520B)
11-25 19:13:34.884  1237  1263 V BackupManagerService: restoreAtInstall pkg=br.com.catbag.gifreduxsample.test token=2 restoreSet=0
11-25 19:13:34.884  1237  1263 W BackupManagerService: Requested unavailable transport: android/com.android.internal.backup.LocalTransport
11-25 19:13:34.884  1237  1263 W BackupManagerService: No transport
11-25 19:13:34.884  1237  1263 V BackupManagerService: Finishing install immediately
11-25 19:13:34.908  1237  1263 I art     : Starting a blocking GC Explicit
11-25 19:13:34.921  1237  1665 I ActivityManager: Killing 1455:com.android.settings:CryptKeeper/1000 (adj 906): empty #17
11-25 19:13:35.008  1237  1263 I art     : Explicit concurrent mark sweep GC freed 37832(2MB) AllocSpace objects, 12(288KB) LOS objects, 33% free, 6MB/10MB, paused 4.030ms total 94.317ms
11-25 19:13:35.014   990   990 E         : Couldn't opendir /data/app/vmdl1228253233.tmp: No such file or directory
11-25 19:13:35.046  2212  2212 I art     : System.exit called, status: 0
11-25 19:13:35.046  2212  2212 I AndroidRuntime: VM exiting with result code 0.
11-25 19:13:35.079  1237  1277 I InputReader: Reconfiguring input devices.  changes=0x00000010
11-25 19:13:35.199  1447  1447 D CarrierSvcBindHelper: No carrier app for: 0
11-25 19:13:35.212  1447  1447 D CarrierConfigLoader: mHandler: 9 phoneId: 0
11-25 19:13:35.262  1237  1250 W VoiceInteractionManagerService: no available voice recognition services found for user 0
11-25 19:13:35.262  1237  1250 W LocationProviderProxy-network: Odd, no component found for service com.android.location.service.v3.NetworkLocationProvider
11-25 19:13:35.263  1237  1250 W GeocoderProxy: Odd, no component found for service com.android.location.service.GeocodeProvider
11-25 19:13:35.263  1237  1250 W GeofenceProxy: Odd, no component found for service com.android.location.service.GeofenceProvider
11-25 19:13:35.263  1237  1250 W ActivityRecognitionProxy: Odd, no component found for service com.android.location.service.ActivityRecognitionProvider
11-25 19:13:35.578  2229  2229 D AndroidRuntime: >>>>>> START com.android.internal.os.RuntimeInit uid 2000 <<<<<<
11-25 19:13:35.580  2229  2229 D AndroidRuntime: CheckJNI is ON
11-25 19:13:35.623  2229  2229 W art     : Unexpected CPU variant for X86 using defaults: x86
11-25 19:13:35.628  2229  2229 D ICU     : No timezone override file found: /data/misc/zoneinfo/current/icu/icu_tzdata.dat
11-25 19:13:35.689  2229  2229 E memtrack: Couldn't load memtrack module (No such file or directory)
11-25 19:13:35.689  2229  2229 E android.os.Debug: failed to load memtrack module: -2
11-25 19:13:35.690  2229  2229 I Radio-JNI: register_android_hardware_Radio DONE
11-25 19:13:35.716  2229  2229 D AndroidRuntime: Calling main entry com.android.commands.am.Am
11-25 19:13:35.727  1237  1351 I ActivityManager: Force stopping br.com.catbag.gifreduxsample appid=10060 user=0: start instr
11-25 19:13:35.739  2239  2239 I art     : Not late-enabling -Xcheck:jni (already on)
11-25 19:13:35.739  2239  2239 W art     : Unexpected CPU variant for X86 using defaults: x86
11-25 19:13:35.742  1237  1351 I ActivityManager: Start proc 2239:br.com.catbag.gifreduxsample/u0a60 for added application br.com.catbag.gifreduxsample
11-25 19:13:35.776  2239  2239 W System  : ClassLoader referenced unknown path: /data/app/br.com.catbag.gifreduxsample.test-1/lib/x86
11-25 19:13:35.786  2239  2239 W System  : ClassLoader referenced unknown path: 
11-25 19:13:35.832  2239  2239 W System.err: java.io.FileNotFoundException: /jacoco.exec (Read-only file system)
11-25 19:13:35.834  2239  2239 W System.err: 	at java.io.FileOutputStream.open(Native Method)
11-25 19:13:35.834  2239  2239 W System.err: 	at java.io.FileOutputStream.<init>(FileOutputStream.java:221)
11-25 19:13:35.834  2239  2239 W System.err: 	at org.jacoco.agent.rt.internal_e6e56f0.output.FileOutput.openFile(FileOutput.java:67)
11-25 19:13:35.834  2239  2239 W System.err: 	at org.jacoco.agent.rt.internal_e6e56f0.output.FileOutput.startup(FileOutput.java:49)
11-25 19:13:35.834  2239  2239 W System.err: 	at org.jacoco.agent.rt.internal_e6e56f0.Agent.startup(Agent.java:122)
11-25 19:13:35.834  2239  2239 W System.err: 	at org.jacoco.agent.rt.internal_e6e56f0.Agent.getInstance(Agent.java:50)
11-25 19:13:35.834  2239  2239 W System.err: 	at org.jacoco.agent.rt.internal_e6e56f0.Offline.<clinit>(Offline.java:31)
11-25 19:13:35.835  2239  2239 W System.err: 	at org.jacoco.agent.rt.internal_e6e56f0.Offline.getProbes(Offline.java:51)
11-25 19:13:35.835  2239  2239 W System.err: 	at br.com.catbag.gifreduxsample.MyApp.$jacocoInit(MyApp.java)
11-25 19:13:35.835  2239  2239 W System.err: 	at br.com.catbag.gifreduxsample.MyApp.<clinit>(MyApp.java)
11-25 19:13:35.835  2239  2239 W System.err: 	at java.lang.Class.newInstance(Native Method)
11-25 19:13:35.835  2239  2239 W System.err: 	at android.app.Instrumentation.newApplication(Instrumentation.java:1007)
11-25 19:13:35.835  2239  2239 W System.err: 	at android.app.Instrumentation.newApplication(Instrumentation.java:992)
11-25 19:13:35.835  2239  2239 W System.err: 	at android.app.LoadedApk.makeApplication(LoadedApk.java:796)
11-25 19:13:35.835  2239  2239 W System.err: 	at android.app.ActivityThread.handleBindApplication(ActivityThread.java:5335)
11-25 19:13:35.836  2239  2239 W System.err: 	at android.app.ActivityThread.-wrap2(ActivityThread.java)
11-25 19:13:35.836  2239  2239 W System.err: 	at android.app.ActivityThread$H.handleMessage(ActivityThread.java:1528)
11-25 19:13:35.836  2239  2239 W System.err: 	at android.os.Handler.dispatchMessage(Handler.java:102)
11-25 19:13:35.836  2239  2239 W System.err: 	at android.os.Looper.loop(Looper.java:154)
11-25 19:13:35.836  2239  2239 W System.err: 	at android.app.ActivityThread.main(ActivityThread.java:6077)
11-25 19:13:35.836  2239  2239 W System.err: 	at java.lang.reflect.Method.invoke(Native Method)
11-25 19:13:35.836  2239  2239 W System.err: 	at com.android.internal.os.ZygoteInit$MethodAndArgsCaller.run(ZygoteInit.java:865)
11-25 19:13:35.836  2239  2239 W System.err: 	at com.android.internal.os.ZygoteInit.main(ZygoteInit.java:755)
11-25 19:13:35.842  2239  2239 I MonitoringInstrumentation: Instrumentation Started!
11-25 19:13:35.846  2239  2239 I MonitoringInstrumentation: Setting context classloader to 'dalvik.system.PathClassLoader[DexPathList[[zip file "/system/framework/android.test.runner.jar", zip file "/data/app/br.com.catbag.gifreduxsample.test-1/base.apk", zip file "/data/app/br.com.catbag.gifreduxsample-1/base.apk"],nativeLibraryDirectories=[/data/app/br.com.catbag.gifreduxsample.test-1/lib/x86, /data/app/br.com.catbag.gifreduxsample-1/lib/x86, /system/fake-libs, /data/app/br.com.catbag.gifreduxsample.test-1/base.apk!/lib/x86, /data/app/br.com.catbag.gifreduxsample-1/base.apk!/lib/x86, /system/lib, /vendor/lib]]]', Original: 'dalvik.system.PathClassLoader[DexPathList[[zip file "/system/framework/android.test.runner.jar", zip file "/data/app/br.com.catbag.gifreduxsample.test-1/base.apk", zip file "/data/app/br.com.catbag.gifreduxsample-1/base.apk"],nativeLibraryDirectories=[/data/app/br.com.catbag.gifreduxsample.test-1/lib/x86, /data/app/br.com.catbag.gifreduxsample-1/lib/x86, /system/fake-libs, /data/app/br.com.catbag.gifreduxsample.test-1/base.apk!/lib/x86, /data/app/br.com.catbag.gifreduxsample-1/base.apk!/lib/x86, /system/lib, /vendor/lib]]]'
11-25 19:13:35.920  2239  2239 D NetworkSecurityConfig: No Network Security Config specified, using platform default
11-25 19:13:35.954  2239  2239 I MonitoringInstrumentation: No JSBridge.
11-25 19:13:35.974  2239  2255 I UsageTrackerFacilitator: Usage tracking enabled
11-25 19:13:35.975  2239  2255 I TestRequestBuilder: Scanning classpath to find tests in apks [/data/app/br.com.catbag.gifreduxsample.test-1/base.apk]
11-25 19:13:36.490  2239  2255 I art     : Rejecting re-init on previously-failed class java.lang.Class<org.objectweb.asm.commons.JSRInlinerAdapter>: java.lang.NoClassDefFoundError: Failed resolution of: Lorg/objectweb/asm/tree/MethodNode;
11-25 19:13:36.490  2239  2255 I art     :   at java.lang.Class java.lang.Class.classForName!(java.lang.String, boolean, java.lang.ClassLoader) (Class.java:-2)
11-25 19:13:36.490  2239  2255 I art     :   at java.lang.Class java.lang.Class.forName(java.lang.String, boolean, java.lang.ClassLoader) (Class.java:400)
11-25 19:13:36.490  2239  2255 I art     :   at java.lang.Class android.support.test.internal.runner.TestLoader.doLoadClass(java.lang.String) (TestLoader.java:92)
11-25 19:13:36.490  2239  2255 I art     :   at java.lang.Class android.support.test.internal.runner.TestLoader.loadIfTest(java.lang.String) (TestLoader.java:113)
11-25 19:13:36.490  2239  2255 I art     :   at void android.support.test.internal.runner.TestRequestBuilder.loadClassesFromClassPath(android.support.test.internal.runner.TestLoader, java.util.Set) (TestRequestBuilder.java:801)
11-25 19:13:36.490  2239  2255 I art     :   at android.support.test.internal.runner.TestRequest android.support.test.internal.runner.TestRequestBuilder.build() (TestRequestBuilder.java:747)
11-25 19:13:36.490  2239  2255 I art     :   at android.support.test.internal.runner.TestRequest android.support.test.runner.AndroidJUnitRunner.buildRequest(android.support.test.internal.runner.RunnerArgs, android.os.Bundle) (AndroidJUnitRunner.java:354)
11-25 19:13:36.491  2239  2255 I art     :   at void android.support.test.runner.AndroidJUnitRunner.onStart() (AndroidJUnitRunner.java:260)
11-25 19:13:36.491  2239  2255 I art     :   at void android.app.Instrumentation$InstrumentationThread.run() (Instrumentation.java:1932)
11-25 19:13:36.491  2239  2255 I art     : Caused by: java.lang.ClassNotFoundException: Didn't find class "org.objectweb.asm.tree.MethodNode" on path: DexPathList[[zip file "/system/framework/android.test.runner.jar", zip file "/data/app/br.com.catbag.gifreduxsample.test-1/base.apk", zip file "/data/app/br.com.catbag.gifreduxsample-1/base.apk"],nativeLibraryDirectories=[/data/app/br.com.catbag.gifreduxsample.test-1/lib/x86, /data/app/br.com.catbag.gifreduxsample-1/lib/x86, /system/fake-libs, /data/app/br.com.catbag.gifreduxsample.test-1/base.apk!/lib/x86, /data/app/br.com.catbag.gifreduxsample-1/base.apk!/lib/x86, /system/lib, /vendor/lib]]
11-25 19:13:36.491  2239  2255 I art     :   at java.lang.Class dalvik.system.BaseDexClassLoader.findClass(java.lang.String) (BaseDexClassLoader.java:56)
11-25 19:13:36.491  2239  2255 I art     :   at java.lang.Class java.lang.ClassLoader.loadClass(java.lang.String, boolean) (ClassLoader.java:380)
11-25 19:13:36.491  2239  2255 I art     :   at java.lang.Class java.lang.ClassLoader.loadClass(java.lang.String) (ClassLoader.java:312)
11-25 19:13:36.491  2239  2255 I art     :   at java.lang.Class java.lang.Class.classForName!(java.lang.String, boolean, java.lang.ClassLoader) (Class.java:-2)
11-25 19:13:36.491  2239  2255 I art     :   at java.lang.Class java.lang.Class.forName(java.lang.String, boolean, java.lang.ClassLoader) (Class.java:400)
11-25 19:13:36.491  2239  2255 I art     :   at java.lang.Class android.support.test.internal.runner.TestLoader.doLoadClass(java.lang.String) (TestLoader.java:92)
11-25 19:13:36.492  2239  2255 I art     :   at java.lang.Class android.support.test.internal.runner.TestLoader.loadIfTest(java.lang.String) (TestLoader.java:113)
11-25 19:13:36.492  2239  2255 I art     :   at void android.support.test.internal.runner.TestRequestBuilder.loadClassesFromClassPath(android.support.test.internal.runner.TestLoader, java.util.Set) (TestRequestBuilder.java:801)
11-25 19:13:36.492  2239  2255 I art     :   at android.support.test.internal.runner.TestRequest android.support.test.internal.runner.TestRequestBuilder.build() (TestRequestBuilder.java:747)
11-25 19:13:36.492  2239  2255 I art     :   at android.support.test.internal.runner.TestRequest android.support.test.runner.AndroidJUnitRunner.buildRequest(android.support.test.internal.runner.RunnerArgs, android.os.Bundle) (AndroidJUnitRunner.java:354)
11-25 19:13:36.492  2239  2255 I art     :   at void android.support.test.runner.AndroidJUnitRunner.onStart() (AndroidJUnitRunner.java:260)
11-25 19:13:36.492  2239  2255 I art     :   at void android.app.Instrumentation$InstrumentationThread.run() (Instrumentation.java:1932)
11-25 19:13:36.492  2239  2255 I art     : 
11-25 19:13:36.492  2239  2255 E TestLoader: Could not find class: org.objectweb.asm.commons.JSRInlinerAdapter
11-25 19:13:36.493  2239  2255 I art     : Rejecting re-init on previously-failed class java.lang.Class<org.objectweb.asm.commons.TryCatchBlockSorter>: java.lang.NoClassDefFoundError: Failed resolution of: Lorg/objectweb/asm/tree/MethodNode;
11-25 19:13:36.493  2239  2255 I art     :   at java.lang.Class java.lang.Class.classForName!(java.lang.String, boolean, java.lang.ClassLoader) (Class.java:-2)
11-25 19:13:36.499  2239  2255 I art     :   at java.lang.Class java.lang.Class.forName(java.lang.String, boolean, java.lang.ClassLoader) (Class.java:400)
11-25 19:13:36.500  2239  2255 I art     :   at java.lang.Class android.support.test.internal.runner.TestLoader.doLoadClass(java.lang.String) (TestLoader.java:92)
11-25 19:13:36.500  2239  2255 I art     :   at java.lang.Class android.support.test.internal.runner.TestLoader.loadIfTest(java.lang.String) (TestLoader.java:113)
11-25 19:13:36.500  2239  2255 I art     :   at void android.support.test.internal.runner.TestRequestBuilder.loadClassesFromClassPath(android.support.test.internal.runner.TestLoader, java.util.Set) (TestRequestBuilder.java:801)
11-25 19:13:36.500  2239  2255 I art     :   at android.support.test.internal.runner.TestRequest android.support.test.internal.runner.TestRequestBuilder.build() (TestRequestBuilder.java:747)
11-25 19:13:36.500  2239  2255 I art     :   at android.support.test.internal.runner.TestRequest android.support.test.runner.AndroidJUnitRunner.buildRequest(android.support.test.internal.runner.RunnerArgs, android.os.Bundle) (AndroidJUnitRunner.java:354)
11-25 19:13:36.500  2239  2255 I art     :   at void android.support.test.runner.AndroidJUnitRunner.onStart() (AndroidJUnitRunner.java:260)
11-25 19:13:36.500  2239  2255 I art     :   at void android.app.Instrumentation$InstrumentationThread.run() (Instrumentation.java:1932)
11-25 19:13:36.500  2239  2255 I art     : Caused by: java.lang.ClassNotFoundException: Didn't find class "org.objectweb.asm.tree.MethodNode" on path: DexPathList[[zip file "/system/framework/android.test.runner.jar", zip file "/data/app/br.com.catbag.gifreduxsample.test-1/base.apk", zip file "/data/app/br.com.catbag.gifreduxsample-1/base.apk"],nativeLibraryDirectories=[/data/app/br.com.catbag.gifreduxsample.test-1/lib/x86, /data/app/br.com.catbag.gifreduxsample-1/lib/x86, /system/fake-libs, /data/app/br.com.catbag.gifreduxsample.test-1/base.apk!/lib/x86, /data/app/br.com.catbag.gifreduxsample-1/base.apk!/lib/x86, /system/lib, /vendor/lib]]
11-25 19:13:36.500  2239  2255 I art     :   at java.lang.Class dalvik.system.BaseDexClassLoader.findClass(java.lang.String) (BaseDexClassLoader.java:56)
11-25 19:13:36.501  2239  2255 I art     :   at java.lang.Class java.lang.ClassLoader.loadClass(java.lang.String, boolean) (ClassLoader.java:380)
11-25 19:13:36.501  2239  2255 I art     :   at java.lang.Class java.lang.ClassLoader.loadClass(java.lang.String) (ClassLoader.java:312)
11-25 19:13:36.501  2239  2255 I art     :   at java.lang.Class java.lang.Class.classForName!(java.lang.String, boolean, java.lang.ClassLoader) (Class.java:-2)
11-25 19:13:36.501  2239  2255 I art     :   at java.lang.Class java.lang.Class.forName(java.lang.String, boolean, java.lang.ClassLoader) (Class.java:400)
11-25 19:13:36.501  2239  2255 I art     :   at java.lang.Class android.support.test.internal.runner.TestLoader.doLoadClass(java.lang.String) (TestLoader.java:92)
11-25 19:13:36.501  2239  2255 I art     :   at java.lang.Class android.support.test.internal.runner.TestLoader.loadIfTest(java.lang.String) (TestLoader.java:113)
11-25 19:13:36.501  2239  2255 I art     :   at void android.support.test.internal.runner.TestRequestBuilder.loadClassesFromClassPath(android.support.test.internal.runner.TestLoader, java.util.Set) (TestRequestBuilder.java:801)
11-25 19:13:36.501  2239  2255 I art     :   at android.support.test.internal.runner.TestRequest android.support.test.internal.runner.TestRequestBuilder.build() (TestRequestBuilder.java:747)
11-25 19:13:36.501  2239  2255 I art     :   at android.support.test.internal.runner.TestRequest android.support.test.runner.AndroidJUnitRunner.buildRequest(android.support.test.internal.runner.RunnerArgs, android.os.Bundle) (AndroidJUnitRunner.java:354)
11-25 19:13:36.502  2239  2255 I art     :   at void android.support.test.runner.AndroidJUnitRunner.onStart() (AndroidJUnitRunner.java:260)
11-25 19:13:36.502  2239  2255 I art     :   at void android.app.Instrumentation$InstrumentationThread.run() (Instrumentation.java:1932)
11-25 19:13:36.502  2239  2255 I art     : 
11-25 19:13:36.502  2239  2255 E TestLoader: Could not find class: org.objectweb.asm.commons.TryCatchBlockSorter
11-25 19:13:36.549  2239  2255 D TestExecutor: Adding listener android.support.test.internal.runner.listener.LogRunListener
11-25 19:13:36.550  2239  2255 D TestExecutor: Adding listener android.support.test.internal.runner.listener.InstrumentationResultPrinter
11-25 19:13:36.550  2239  2255 D TestExecutor: Adding listener android.support.test.internal.runner.listener.ActivityFinisherRunListener
11-25 19:13:36.550  2239  2255 D TestExecutor: Adding listener android.support.test.internal.runner.listener.CoverageListener
11-25 19:13:36.555  2239  2255 I TestRunner: run started: 20 tests
11-25 19:13:36.564  2239  2255 I TestRunner: started: whenAppStateSavedSeveralTime(br.com.catbag.gifreduxsample.asyncs.data.DataManagerTest)
11-25 19:13:36.591  2239  2239 I MonitoringInstrumentation: Activities that are still in CREATED to STOPPED: 0
11-25 19:13:36.604  2239  2250 I art     : Background sticky concurrent mark sweep GC freed 107973(4MB) AllocSpace objects, 0(0B) LOS objects, 28% free, 4MB/6MB, paused 5.636ms total 349.825ms
11-25 19:13:36.730  2239  2258 W Java7Support: Unable to load JDK7 types (annotations, java.nio.file.Path): no Java7 support added
11-25 19:13:37.117  2239  2255 I TestRunner: finished: whenAppStateSavedSeveralTime(br.com.catbag.gifreduxsample.asyncs.data.DataManagerTest)
11-25 19:13:37.129  2239  2239 I MonitoringInstrumentation: Activities that are still in CREATED to STOPPED: 0
11-25 19:13:37.130  2239  2255 I TestRunner: started: whenAppStateSavedOnceTime(br.com.catbag.gifreduxsample.asyncs.data.DataManagerTest)
11-25 19:13:37.132  2239  2239 I MonitoringInstrumentation: Activities that are still in CREATED to STOPPED: 0
11-25 19:13:37.195  2239  2250 I art     : Background partial concurrent mark sweep GC freed 67289(2MB) AllocSpace objects, 0(0B) LOS objects, 39% free, 3MB/6MB, paused 16.821ms total 129.325ms
11-25 19:13:37.361  2239  2255 I TestRunner: finished: whenAppStateSavedOnceTime(br.com.catbag.gifreduxsample.asyncs.data.DataManagerTest)
11-25 19:13:37.368  2239  2239 I MonitoringInstrumentation: Activities that are still in CREATED to STOPPED: 0
11-25 19:13:37.369  2239  2255 I TestRunner: started: whenUnsavedAppStateIsLoaded(br.com.catbag.gifreduxsample.asyncs.data.DataManagerTest)
11-25 19:13:37.371  2239  2239 I MonitoringInstrumentation: Activities that are still in CREATED to STOPPED: 0
11-25 19:13:37.452  2239  2263 E DataManager: appstate not loaded
11-25 19:13:37.452  2239  2263 E DataManager: com.snappydb.SnappydbException: Failed to get a String: NotFound: 
11-25 19:13:37.452  2239  2263 E DataManager: 	at com.snappydb.internal.DBImpl.__get(Native Method)
11-25 19:13:37.452  2239  2263 E DataManager: 	at com.snappydb.internal.DBImpl.get(DBImpl.java:348)
11-25 19:13:37.452  2239  2263 E DataManager: 	at br.com.catbag.gifreduxsample.asyncs.data.storage.Database.getAppState(Database.java:29)
11-25 19:13:37.452  2239  2263 E DataManager: 	at br.com.catbag.gifreduxsample.asyncs.data.DataManager.lambda$loadAppState$0(DataManager.java:61)
11-25 19:13:37.452  2239  2263 E DataManager: 	at br.com.catbag.gifreduxsample.asyncs.data.DataManager$$Lambda$1.run(Unknown Source)
11-25 19:13:37.452  2239  2263 E DataManager: 	at java.lang.Thread.run(Thread.java:761)
11-25 19:13:37.454  2239  2255 I TestRunner: finished: whenUnsavedAppStateIsLoaded(br.com.catbag.gifreduxsample.asyncs.data.DataManagerTest)
11-25 19:13:37.461  2239  2239 I MonitoringInstrumentation: Activities that are still in CREATED to STOPPED: 0
11-25 19:13:37.462  2239  2255 I TestRunner: started: whenSavedAppStateIsLoaded(br.com.catbag.gifreduxsample.asyncs.data.DataManagerTest)
11-25 19:13:37.463  2239  2239 I MonitoringInstrumentation: Activities that are still in CREATED to STOPPED: 0
11-25 19:13:37.669  2239  2255 I TestRunner: finished: whenSavedAppStateIsLoaded(br.com.catbag.gifreduxsample.asyncs.data.DataManagerTest)
11-25 19:13:37.679  2239  2239 I MonitoringInstrumentation: Activities that are still in CREATED to STOPPED: 0
11-25 19:13:37.700  2239  2255 I TestRunner: started: whenScrollDownAndPlayLastItemTest(br.com.catbag.gifreduxsample.ui.giflist.GifListActivityTest)
11-25 19:13:37.701  2239  2239 I MonitoringInstrumentation: Activities that are still in CREATED to STOPPED: 0
11-25 19:13:37.925  2267  2267 W dex2oat : Unexpected CPU variant for X86 using defaults: x86
11-25 19:13:37.926  2267  2267 W dex2oat : Mismatch between dex2oat instruction set features (ISA: X86 Feature string: smp,-ssse3,-sse4.1,-sse4.2,-avx,-avx2,-lock_add,-popcnt) and those of dex2oat executable (ISA: X86 Feature string: smp,ssse3,-sse4.1,-sse4.2,-avx,-avx2,-lock_add,-popcnt) for the command line:
11-25 19:13:37.926  2267  2267 W dex2oat : /system/bin/dex2oat --runtime-arg -classpath --runtime-arg & --instruction-set=x86 --instruction-set-features=smp,ssse3,-sse4.1,-sse4.2,-avx,-avx2,-lock_add,-popcnt --runtime-arg -Xrelocate --boot-image=/system/framework/boot.art --runtime-arg -Xms64m --runtime-arg -Xmx512m --instruction-set-variant=x86 --instruction-set-features=default --dex-file=/data/user/0/br.com.catbag.gifreduxsample/app_dxmaker_cache/Generated_1497766805.jar --oat-fd=38 --oat-location=/data/user/0/br.com.catbag.gifreduxsample/app_dxmaker_cache/Generated_1497766805.dex --compiler-filter=speed
11-25 19:13:37.926  2267  2267 I dex2oat : /system/bin/dex2oat --dex-file=/data/user/0/br.com.catbag.gifreduxsample/app_dxmaker_cache/Generated_1497766805.jar --oat-fd=38 --oat-location=/data/user/0/br.com.catbag.gifreduxsample/app_dxmaker_cache/Generated_1497766805.dex --compiler-filter=speed
11-25 19:13:38.040  2267  2267 I dex2oat : dex2oat took 114.671ms (threads: 1) arena alloc=41KB (42016B) java alloc=28KB (28768B) native alloc=736KB (753768B) free=799KB (819096B)
11-25 19:13:38.070  1237  1351 D VoldConnector: SND -> {29 volume mkdirs /storage/emulated/0/Android/data/br.com.catbag.gifreduxsample/cache/}
11-25 19:13:38.077  1237  1279 D VoldConnector: RCV <- {200 29 Command succeeded}
11-25 19:13:38.089  2239  2256 I DroidFlux:Dispatcher: [STARTED] dispatch of action [FAKE_REDUCE_ACTION]
11-25 19:13:38.108  2239  2256 I DroidFlux:Dispatcher: [COMPLETED] dispatch of action [FAKE_REDUCE_ACTION]
11-25 19:13:38.119  2239  2266 D ActivityTestRule: Launching activity br.com.catbag.gifreduxsample.ui.GifListActivity
11-25 19:13:38.128  2239  2269 D MonitoringInstrumentation: execStartActivity(context, ibinder, ibinder, activity, intent, int, bundle
11-25 19:13:38.132  1237  1731 I ActivityManager: START u0 {flg=0x14000000 cmp=br.com.catbag.gifreduxsample/.ui.GifListActivity} from uid 10060 on display 0
11-25 19:13:38.352  2239  2250 I art     : Background sticky concurrent mark sweep GC freed 37199(1610KB) AllocSpace objects, 2(40KB) LOS objects, 30% free, 4MB/6MB, paused 45.567ms total 250.608ms
11-25 19:13:38.378  2239  2239 D LifecycleMonitor: Lifecycle status change: br.com.catbag.gifreduxsample.ui.GifListActivity@5acdb2b in: PRE_ON_CREATE
11-25 19:13:38.658  1748  1748 I Choreographer: Skipped 42 frames!  The application may be doing too much work on its main thread.
11-25 19:13:38.951  2239  2239 D LifecycleMonitor: Lifecycle status change: br.com.catbag.gifreduxsample.ui.GifListActivity@5acdb2b in: CREATED
11-25 19:13:38.953  2239  2256 I DroidFlux:Dispatcher: [STARTED] dispatch of action [APP_STATE_LOAD]
11-25 19:13:38.954  2239  2256 D DroidFlux:Dispatcher: An action of type [APP_STATE_LOAD] was dispatched, but no reducer handled it
11-25 19:13:38.954  2239  2256 I DroidFlux:Dispatcher: [COMPLETED] dispatch of action [APP_STATE_LOAD]
11-25 19:13:38.954  2239  2239 D LifecycleMonitor: Lifecycle status change: br.com.catbag.gifreduxsample.ui.GifListActivity@5acdb2b in: STARTED
11-25 19:13:38.990  2239  2239 D LifecycleMonitor: Lifecycle status change: br.com.catbag.gifreduxsample.ui.GifListActivity@5acdb2b in: RESUMED
11-25 19:13:39.351  2239  2256 I DroidFlux:Dispatcher: [STARTED] dispatch of action [GIF_LIST_FETCHING]
11-25 19:13:39.352  2239  2256 D DroidFlux:Dispatcher: An action of type [GIF_LIST_FETCHING] was dispatched, but no reducer handled it
11-25 19:13:39.352  2239  2256 I DroidFlux:Dispatcher: [COMPLETED] dispatch of action [GIF_LIST_FETCHING]
11-25 19:13:39.417  2239  2239 D gralloc_ranchu: Emulator without host-side GPU emulation detected.
11-25 19:13:39.474  1237  1258 I ActivityManager: Displayed br.com.catbag.gifreduxsample/.ui.GifListActivity: +1s185ms
11-25 19:13:39.511  2239  2266 D InputManagerEventInjectionStrategy: Creating injection strategy with input manager.
11-25 19:13:39.599  2239  2239 W ResourceType: No package identifier when getting name for resource number 0x00000001
11-25 19:13:39.600  2239  2239 I ViewInteraction: Performing 'scroll RecyclerView to position: 4' action on view with id: 1 (resource name not found)
11-25 19:13:39.705  1237  1258 I WindowManager: Destroying surface Surface(name=Starting br.com.catbag.gifreduxsample) called by com.android.server.wm.WindowStateAnimator.destroySurface:2014 com.android.server.wm.WindowStateAnimator.destroySurfaceLocked:881 com.android.server.wm.WindowState.destroyOrSaveSurface:2073 com.android.server.wm.AppWindowToken.destroySurfaces:363 com.android.server.wm.WindowStateAnimator.finishExit:565 com.android.server.wm.WindowStateAnimator.stepAnimationLocked:491 com.android.server.wm.WindowAnimator.updateWindowsLocked:303 com.android.server.wm.WindowAnimator.animateLocked:704 
11-25 19:13:39.737  2239  2250 I art     : Background partial concurrent mark sweep GC freed 4824(516KB) AllocSpace objects, 0(0B) LOS objects, 40% free, 5MB/9MB, paused 3.871ms total 114.386ms
11-25 19:13:39.815  1237  1731 I WindowManager: Destroying surface Surface(name=com.android.launcher3/com.android.launcher3.Launcher) called by com.android.server.wm.WindowStateAnimator.destroySurface:2014 com.android.server.wm.WindowStateAnimator.destroySurfaceLocked:881 com.android.server.wm.WindowState.destroyOrSaveSurface:2073 com.android.server.wm.AppWindowToken.destroySurfaces:363 com.android.server.wm.AppWindowToken.notifyAppStopped:389 com.android.server.wm.WindowManagerService.notifyAppStopped:4456 com.android.server.am.ActivityStack.activityStoppedLocked:1252 com.android.server.am.ActivityManagerService.activityStopped:6873 
11-25 19:13:39.962  2239  2239 W ResourceType: No package identifier when getting name for resource number 0x00000001
11-25 19:13:39.977  2239  2239 W ResourceType: No package identifier when getting name for resource number 0x00000004
11-25 19:13:39.977  2239  2239 I ViewInteraction: Performing 'single click' action on view with id: 4 (resource name not found)
11-25 19:13:40.035  2239  2240 I art     : Do partial code cache collection, code=26KB, data=30KB
11-25 19:13:40.035  2239  2240 I art     : After code cache collection, code=25KB, data=29KB
11-25 19:13:40.035  2239  2240 I art     : Increasing code cache capacity to 128KB
11-25 19:13:40.054  2239  2256 I DroidFlux:Dispatcher: [STARTED] dispatch of action [GIF_PLAY]
11-25 19:13:40.055  2239  2256 I DroidFlux:Dispatcher: [COMPLETED] dispatch of action [GIF_PLAY]
11-25 19:13:40.146  1237  1311 W AudioTrack: AUDIO_OUTPUT_FLAG_FAST denied by client; transfer 4, track 48000 Hz, output 44100 Hz
11-25 19:13:40.267   987  1035 D AudioFlinger: mixer(0xaf803440) throttle end: throttle time(10)
11-25 19:13:40.289   987  1035 D AudioFlinger: mixer(0xaf803440) throttle end: throttle time(11)
11-25 19:13:40.572  2239  2239 D LifecycleMonitor: Lifecycle status change: br.com.catbag.gifreduxsample.ui.GifListActivity@5acdb2b in: PAUSED
11-25 19:13:40.574  2239  2255 I TestRunner: finished: whenScrollDownAndPlayLastItemTest(br.com.catbag.gifreduxsample.ui.giflist.GifListActivityTest)
11-25 19:13:40.651   978   978 D gralloc : Registering a buffer in the process that created it. This may cause memory ordering problems.
11-25 19:13:40.651   978   978 E libEGL  : called unimplemented OpenGL ES API
11-25 19:13:40.652   978   978 E SurfaceFlinger: glCheckFramebufferStatusOES error 25970820
11-25 19:13:40.652   978   978 E SurfaceFlinger: got GL_FRAMEBUFFER_COMPLETE_OES error while taking screenshot
11-25 19:13:40.655  1237  1249 W WindowManager: Screenshot failure taking screenshot for (480x800) to layer 21010
11-25 19:13:40.686  2239  2239 I MonitoringInstrumentation: Activities that are still in CREATED to STOPPED: 1
11-25 19:13:40.686  2239  2255 I TestRunner: started: whenGifIsNotWatchedTest(br.com.catbag.gifreduxsample.ui.giflist.GifListActivityTest)
11-25 19:13:40.723  2239  2239 I MonitoringInstrumentation: Activities that are still in CREATED to STOPPED: 1
11-25 19:13:40.736  2239  2256 I DroidFlux:Dispatcher: [STARTED] dispatch of action [FAKE_REDUCE_ACTION]
11-25 19:13:40.736  2239  2256 I DroidFlux:Dispatcher: [COMPLETED] dispatch of action [FAKE_REDUCE_ACTION]
11-25 19:13:40.740  2239  2273 D ActivityTestRule: Launching activity br.com.catbag.gifreduxsample.ui.GifListActivity
11-25 19:13:40.752  2239  2275 D MonitoringInstrumentation: execStartActivity(context, ibinder, ibinder, activity, intent, int, bundle
11-25 19:13:40.753  1237  1249 I ActivityManager: START u0 {flg=0x10000000 cmp=br.com.catbag.gifreduxsample/.ui.GifListActivity} from uid 10060 on display 0
11-25 19:13:40.843  2239  2239 D LifecycleMonitor: Lifecycle status change: br.com.catbag.gifreduxsample.ui.GifListActivity@d48d453 in: PRE_ON_CREATE
11-25 19:13:40.869  2239  2239 D LifecycleMonitor: Lifecycle status change: br.com.catbag.gifreduxsample.ui.GifListActivity@d48d453 in: CREATED
11-25 19:13:40.870  2239  2256 I DroidFlux:Dispatcher: [STARTED] dispatch of action [APP_STATE_LOAD]
11-25 19:13:40.870  2239  2256 D DroidFlux:Dispatcher: An action of type [APP_STATE_LOAD] was dispatched, but no reducer handled it
11-25 19:13:40.870  2239  2256 I DroidFlux:Dispatcher: [COMPLETED] dispatch of action [APP_STATE_LOAD]
11-25 19:13:40.871  2239  2239 D LifecycleMonitor: Lifecycle status change: br.com.catbag.gifreduxsample.ui.GifListActivity@d48d453 in: STARTED
11-25 19:13:40.872  2239  2239 D LifecycleMonitor: Lifecycle status change: br.com.catbag.gifreduxsample.ui.GifListActivity@d48d453 in: RESUMED
11-25 19:13:41.006  1748  1748 I Choreographer: Skipped 33 frames!  The application may be doing too much work on its main thread.
11-25 19:13:41.100  2239  2239 E Feed    : Gif{uuid=a11f8966-ab92-4757-b6ac-4797d0fcb9f1, path=, url=, title=, watched=false, status=DOWNLOADED}
11-25 19:13:41.100  2239  2239 E Feed    : pl.droidsonroids.gif.GifIOException: GifError 101: Failed to open given input
11-25 19:13:41.100  2239  2239 E Feed    : 	at pl.droidsonroids.gif.GifInfoHandle.openFile(Native Method)
11-25 19:13:41.100  2239  2239 E Feed    : 	at pl.droidsonroids.gif.GifInfoHandle.<init>(GifInfoHandle.java:46)
11-25 19:13:41.100  2239  2239 E Feed    : 	at pl.droidsonroids.gif.GifDrawable.<init>(GifDrawable.java:124)
11-25 19:13:41.100  2239  2239 E Feed    : 	at br.com.catbag.gifreduxsample.ui.views.FeedView.createDrawable(FeedView.java:123)
11-25 19:13:41.100  2239  2239 E Feed    : 	at br.com.catbag.gifreduxsample.ui.views.FeedView.lambda$renderGifView$1(FeedView.java:110)
11-25 19:13:41.100  2239  2239 E Feed    : 	at br.com.catbag.gifreduxsample.ui.views.FeedView$$Lambda$4.view(Unknown Source)
11-25 19:13:41.100  2239  2239 E Feed    : 	at trikita.anvil.BaseDSL.v(BaseDSL.java:670)
11-25 19:13:41.100  2239  2239 E Feed    : 	at br.com.catbag.gifreduxsample.ui.views.FeedView.renderGifView(FeedView.java:109)
11-25 19:13:41.100  2239  2239 E Feed    : 	at br.com.catbag.gifreduxsample.ui.views.FeedView.access$lambda$0(FeedView.java)
11-25 19:13:41.100  2239  2239 E Feed    : 	at br.com.catbag.gifreduxsample.ui.views.FeedView$$Lambda$5.view(Unknown Source)
11-25 19:13:41.100  2239  2239 E Feed    : 	at br.com.catbag.gifreduxsample.ui.views.GifsAdapter.view(GifsAdapter.java:55)
11-25 19:13:41.100  2239  2239 E Feed    : 	at trikita.anvil.RenderableRecyclerViewAdapter$1.view(RenderableRecyclerViewAdapter.java:24)
11-25 19:13:41.100  2239  2239 E Feed    : 	at trikita.anvil.Anvil$Mount.render(Anvil.java:204)
11-25 19:13:41.100  2239  2239 E Feed    : 	at trikita.anvil.Anvil.render(Anvil.java:173)
11-25 19:13:41.100  2239  2239 E Feed    : 	at trikita.anvil.RenderableRecyclerViewAdapter.onBindViewHolder(RenderableRecyclerViewAdapter.java:27)
11-25 19:13:41.100  2239  2239 E Feed    : 	at trikita.anvil.RenderableRecyclerViewAdapter.onBindViewHolder(RenderableRecyclerViewAdapter.java:7)
11-25 19:13:41.100  2239  2239 E Feed    : 	at android.support.v7.widget.RecyclerView$Adapter.onBindViewHolder(RecyclerView.java:5768)
11-25 19:13:41.100  2239  2239 E Feed    : 	at android.support.v7.widget.RecyclerView$Adapter.bindViewHolder(RecyclerView.java:5801)
11-25 19:13:41.100  2239  2239 E Feed    : 	at android.support.v7.widget.RecyclerView$Recycler.getViewForPosition(RecyclerView.java:5037)
11-25 19:13:41.100  2239  2239 E Feed    : 	at android.support.v7.widget.RecyclerView$Recycler.getViewForPosition(RecyclerView.java:4913)
11-25 19:13:41.100  2239  2239 E Feed    : 	at android.support.v7.widget.LinearLayoutManager$LayoutState.next(LinearLayoutManager.java:2029)
11-25 19:13:41.100  2239  2239 E Feed    : 	at android.support.v7.widget.LinearLayoutManager.layoutChunk(LinearLayoutManager.java:1414)
11-25 19:13:41.100  2239  2239 E Feed    : 	at android.support.v7.widget.LinearLayoutManager.fill(LinearLayoutManager.java:1377)
11-25 19:13:41.100  2239  2239 E Feed    : 	at android.support.v7.widget.LinearLayoutManager.onLayoutChildren(LinearLayoutManager.java:578)
11-25 19:13:41.100  2239  2239 E Feed    : 	at android.support.v7.widget.RecyclerView.dispatchLayoutStep2(RecyclerView.java:3260)
