11-22 14:36:46.091  2276  2276 E Feed    : 	at android.widget.FrameLayout.layoutChildren(FrameLayout.java:323)
11-22 14:36:46.091  2276  2276 E Feed    : 	at android.widget.FrameLayout.onLayout(FrameLayout.java:261)
11-22 14:36:46.091  2276  2276 E Feed    : 	at android.view.View.layout(View.java:17520)
11-22 14:36:46.091  2276  2276 E Feed    : 	at android.view.ViewGroup.layout(ViewGroup.java:5612)
11-22 14:36:46.091  2276  2276 E Feed    : 	at android.support.v7.widget.ActionBarOverlayLayout.onLayout(ActionBarOverlayLayout.java:435)
11-22 14:36:46.091  2276  2276 E Feed    : 	at android.view.View.layout(View.java:17520)
11-22 14:36:46.091  2276  2276 E Feed    : 	at android.view.ViewGroup.layout(ViewGroup.java:5612)
11-22 14:36:46.091  2276  2276 E Feed    : 	at android.widget.FrameLayout.layoutChildren(FrameLayout.java:323)
11-22 14:36:46.091  2276  2276 E Feed    : 	at android.widget.FrameLayout.onLayout(FrameLayout.java:261)
11-22 14:36:46.091  2276  2276 E Feed    : 	at android.view.View.layout(View.java:17520)
11-22 14:36:46.091  2276  2276 E Feed    : 	at android.view.ViewGroup.layout(ViewGroup.java:5612)
11-22 14:36:46.091  2276  2276 E Feed    : 	at android.widget.LinearLayout.setChildFrame(LinearLayout.java:1741)
11-22 14:36:46.091  2276  2276 E Feed    : 	at android.widget.LinearLayout.layoutVertical(LinearLayout.java:1585)
11-22 14:36:46.091  2276  2276 E Feed    : 	at android.widget.LinearLayout.onLayout(LinearLayout.java:1494)
11-22 14:36:46.091  2276  2276 E Feed    : 	at android.view.View.layout(View.java:17520)
11-22 14:36:46.091  2276  2276 E Feed    : 	at android.view.ViewGroup.layout(ViewGroup.java:5612)
11-22 14:36:46.091  2276  2276 E Feed    : 	at android.widget.FrameLayout.layoutChildren(FrameLayout.java:323)
11-22 14:36:46.092  2276  2276 E Feed    : 	at android.widget.FrameLayout.onLayout(FrameLayout.java:261)
11-22 14:36:46.092  2276  2276 E Feed    : 	at com.android.internal.policy.DecorView.onLayout(DecorView.java:724)
11-22 14:36:46.092  2276  2276 E Feed    : 	at android.view.View.layout(View.java:17520)
11-22 14:36:46.092  2276  2276 E Feed    : 	at android.view.ViewGroup.layout(ViewGroup.java:5612)
11-22 14:36:46.092  2276  2276 E Feed    : 	at android.view.ViewRootImpl.performLayout(ViewRootImpl.java:2342)
11-22 14:36:46.092  2276  2276 E Feed    : 	at android.view.ViewRootImpl.performTraversals(ViewRootImpl.java:2069)
11-22 14:36:46.092  2276  2276 E Feed    : 	at android.view.ViewRootImpl.doTraversal(ViewRootImpl.java:1246)
11-22 14:36:46.092  2276  2276 E Feed    : 	at android.view.ViewRootImpl$TraversalRunnable.run(ViewRootImpl.java:6301)
11-22 14:36:46.092  2276  2276 E Feed    : 	at android.view.Choreographer$CallbackRecord.run(Choreographer.java:871)
11-22 14:36:46.092  2276  2276 E Feed    : 	at android.view.Choreographer.doCallbacks(Choreographer.java:683)
11-22 14:36:46.092  2276  2276 E Feed    : 	at android.view.Choreographer.doFrame(Choreographer.java:619)
11-22 14:36:46.092  2276  2276 E Feed    : 	at android.view.Choreographer$FrameDisplayEventReceiver.run(Choreographer.java:857)
11-22 14:36:46.092  2276  2276 E Feed    : 	at android.os.Handler.handleCallback(Handler.java:751)
11-22 14:36:46.092  2276  2276 E Feed    : 	at android.os.Handler.dispatchMessage(Handler.java:95)
11-22 14:36:46.092  2276  2276 E Feed    : 	at android.os.Looper.loop(Looper.java:154)
11-22 14:36:46.092  2276  2276 E Feed    : 	at android.app.ActivityThread.main(ActivityThread.java:6077)
11-22 14:36:46.092  2276  2276 E Feed    : 	at java.lang.reflect.Method.invoke(Native Method)
11-22 14:36:46.092  2276  2276 E Feed    : 	at com.android.internal.os.ZygoteInit$MethodAndArgsCaller.run(ZygoteInit.java:865)
11-22 14:36:46.092  2276  2276 E Feed    : 	at com.android.internal.os.ZygoteInit.main(ZygoteInit.java:755)
11-22 14:36:46.302  2276  2276 D LifecycleMonitor: Lifecycle status change: br.com.catbag.gifreduxsample.ui.GifListActivity@c566ae5 in: PAUSED
11-22 14:36:46.344  2276  2291 I TestRunner: finished: whenGifIsNotWatchedTest(br.com.catbag.gifreduxsample.ui.giflist.GifListActivityTest)
11-22 14:36:46.430  1237  1670 I WindowManager: Failed to capture screenshot of Token{7042ade ActivityRecord{2e45a19 u0 br.com.catbag.gifreduxsample/.ui.GifListActivity t5 f}} appWin=Window{7dfdcb7 u0 Starting br.com.catbag.gifreduxsample} drawState=4
11-22 14:36:46.595  1237  1258 I Choreographer: Skipped 86 frames!  The application may be doing too much work on its main thread.
11-22 14:36:46.651  2276  2276 I MonitoringInstrumentation: Activities that are still in CREATED to STOPPED: 2
11-22 14:36:46.652  2276  2276 D LifecycleMonitor: Lifecycle status change: br.com.catbag.gifreduxsample.ui.GifListActivity@c566ae5 in: STOPPED
11-22 14:36:46.660  2276  2291 I TestRunner: started: whenGifIsDownloadingTest(br.com.catbag.gifreduxsample.ui.giflist.GifListActivityTest)
11-22 14:36:46.693  2276  2276 D LifecycleMonitor: Lifecycle status change: br.com.catbag.gifreduxsample.ui.GifListActivity@c566ae5 in: DESTROYED
11-22 14:36:46.719  1237  1248 I WindowManager: Destroying surface Surface(name=br.com.catbag.gifreduxsample/br.com.catbag.gifreduxsample.ui.GifListActivity) called by com.android.server.wm.WindowStateAnimator.destroySurface:2014 com.android.server.wm.WindowStateAnimator.destroySurfaceLocked:881 com.android.server.wm.WindowState.removeLocked:1449 com.android.server.wm.WindowManagerService.removeWindowInnerLocked:2478 com.android.server.wm.WindowManagerService.removeWindowLocked:2436 com.android.server.wm.WindowManagerService.removeWindowLocked:2305 com.android.server.wm.WindowManagerService.removeWindow:2300 com.android.server.wm.Session.remove:193 
11-22 14:36:46.762  2276  2276 I MonitoringInstrumentation: Activities that are still in CREATED to STOPPED: 1
11-22 14:36:46.827  2276  2276 D LifecycleMonitor: Lifecycle status change: br.com.catbag.gifreduxsample.ui.GifListActivity@e2200a8 in: STOPPED
11-22 14:36:46.828  2276  2276 D LifecycleMonitor: Lifecycle status change: br.com.catbag.gifreduxsample.ui.GifListActivity@e2200a8 in: DESTROYED
11-22 14:36:46.899  2276  2292 I DroidFlux:Dispatcher: [STARTED] dispatch of action [FAKE_REDUCE_ACTION]
11-22 14:36:46.900  2276  2292 I DroidFlux:Dispatcher: [COMPLETED] dispatch of action [FAKE_REDUCE_ACTION]
11-22 14:36:46.936  1237  1248 I WindowManager: Destroying surface Surface(name=br.com.catbag.gifreduxsample/br.com.catbag.gifreduxsample.ui.GifListActivity) called by com.android.server.wm.WindowStateAnimator.destroySurface:2014 com.android.server.wm.WindowStateAnimator.destroySurfaceLocked:881 com.android.server.wm.WindowState.removeLocked:1449 com.android.server.wm.WindowManagerService.removeWindowInnerLocked:2478 com.android.server.wm.WindowManagerService.removeWindowLocked:2436 com.android.server.wm.WindowManagerService.removeWindowLocked:2305 com.android.server.wm.WindowManagerService.removeWindow:2300 com.android.server.wm.Session.remove:193 
11-22 14:36:46.966  1730  1730 I Choreographer: Skipped 69 frames!  The application may be doing too much work on its main thread.
11-22 14:36:46.983  2276  2305 D ActivityTestRule: Launching activity br.com.catbag.gifreduxsample.ui.GifListActivity
11-22 14:36:47.020  1237  1258 I WindowManager: Destroying surface Surface(name=Starting br.com.catbag.gifreduxsample) called by com.android.server.wm.WindowStateAnimator.destroySurface:2014 com.android.server.wm.WindowStateAnimator.destroySurfaceLocked:881 com.android.server.wm.WindowState.destroyOrSaveSurface:2073 com.android.server.wm.AppWindowToken.destroySurfaces:363 com.android.server.wm.WindowStateAnimator.finishExit:565 com.android.server.wm.AppWindowAnimator.stepAnimationLocked:427 com.android.server.wm.WindowAnimator.updateAppWindowsLocked:196 com.android.server.wm.WindowAnimator.animateLocked:678 
11-22 14:36:47.076  2276  2276 I Choreographer: Skipped 64 frames!  The application may be doing too much work on its main thread.
11-22 14:36:47.174  2276  2306 D MonitoringInstrumentation: execStartActivity(context, ibinder, ibinder, activity, intent, int, bundle
11-22 14:36:47.186  1237  1642 I ActivityManager: START u0 {flg=0x10000000 cmp=br.com.catbag.gifreduxsample/.ui.GifListActivity} from uid 10060 on display 0
11-22 14:36:47.262  2276  2276 D LifecycleMonitor: Lifecycle status change: br.com.catbag.gifreduxsample.ui.GifListActivity@38bc04b in: PRE_ON_CREATE
11-22 14:36:47.272  2276  2276 D LifecycleMonitor: Lifecycle status change: br.com.catbag.gifreduxsample.ui.GifListActivity@38bc04b in: CREATED
11-22 14:36:47.319  2276  2292 I DroidFlux:Dispatcher: [STARTED] dispatch of action [GIF_LIST_FETCHING]
11-22 14:36:47.319  2276  2292 D DroidFlux:Dispatcher: An action of type [GIF_LIST_FETCHING] was dispatched, but no reducer handled it
11-22 14:36:47.319  2276  2292 I DroidFlux:Dispatcher: [COMPLETED] dispatch of action [GIF_LIST_FETCHING]
11-22 14:36:47.328  2276  2276 D LifecycleMonitor: Lifecycle status change: br.com.catbag.gifreduxsample.ui.GifListActivity@38bc04b in: STARTED
11-22 14:36:47.330  2276  2276 D LifecycleMonitor: Lifecycle status change: br.com.catbag.gifreduxsample.ui.GifListActivity@38bc04b in: RESUMED
11-22 14:36:47.487  1237  1258 I Choreographer: Skipped 35 frames!  The application may be doing too much work on its main thread.
11-22 14:36:47.592  2276  2276 D LifecycleMonitor: Lifecycle status change: br.com.catbag.gifreduxsample.ui.GifListActivity@38bc04b in: PAUSED
11-22 14:36:47.612  2276  2291 I TestRunner: finished: whenGifIsDownloadingTest(br.com.catbag.gifreduxsample.ui.giflist.GifListActivityTest)
11-22 14:36:47.674   978   978 D gralloc : Registering a buffer in the process that created it. This may cause memory ordering problems.
11-22 14:36:47.675   978   978 E libEGL  : called unimplemented OpenGL ES API
11-22 14:36:47.675   978   978 E SurfaceFlinger: glCheckFramebufferStatusOES error -944636200
11-22 14:36:47.676   978   978 E SurfaceFlinger: got GL_FRAMEBUFFER_COMPLETE_OES error while taking screenshot
11-22 14:36:47.699  1237  1669 W WindowManager: Screenshot failure taking screenshot for (480x800) to layer 22015
11-22 14:36:47.710  2276  2276 I MonitoringInstrumentation: Activities that are still in CREATED to STOPPED: 1
11-22 14:36:47.714  2276  2291 I TestRunner: started: whenListKeepOrderedAfterPlayTest(br.com.catbag.gifreduxsample.ui.giflist.GifListActivityTest)
11-22 14:36:47.740  2276  2276 I MonitoringInstrumentation: Activities that are still in CREATED to STOPPED: 1
11-22 14:36:47.776  2276  2292 I DroidFlux:Dispatcher: [STARTED] dispatch of action [FAKE_REDUCE_ACTION]
11-22 14:36:47.778  2276  2292 I DroidFlux:Dispatcher: [COMPLETED] dispatch of action [FAKE_REDUCE_ACTION]
11-22 14:36:47.783  2276  2307 D ActivityTestRule: Launching activity br.com.catbag.gifreduxsample.ui.GifListActivity
11-22 14:36:47.788  2276  2308 D MonitoringInstrumentation: execStartActivity(context, ibinder, ibinder, activity, intent, int, bundle
11-22 14:36:47.809  1237  1642 I ActivityManager: START u0 {flg=0x10000000 cmp=br.com.catbag.gifreduxsample/.ui.GifListActivity} from uid 10060 on display 0
11-22 14:36:47.836  1237  1667 W art     : Long monitor contention with owner Binder:1237_A (1669) at android.graphics.Bitmap com.android.server.wm.WindowManagerService.screenshotApplicationsInner(android.os.IBinder, int, int, int, boolean, float, android.graphics.Bitmap$Config)(WindowManagerService.java:6252) waiters=1 in int com.android.server.wm.WindowManagerService.relayoutWindow(com.android.server.wm.Session, android.view.IWindow, int, android.view.WindowManager$LayoutParams, int, int, int, int, android.graphics.Rect, android.graphics.Rect, android.graphics.Rect, android.graphics.Rect, android.graphics.Rect, android.graphics.Rect, android.graphics.Rect, android.content.res.Configuration, android.view.Surface) for 178ms
11-22 14:36:48.049  1237  1258 I WindowManager: Destroying surface Surface(name=Starting br.com.catbag.gifreduxsample) called by com.android.server.wm.WindowStateAnimator.destroySurface:2014 com.android.server.wm.WindowStateAnimator.destroySurfaceLocked:881 com.android.server.wm.WindowState.removeLocked:1449 com.android.server.wm.WindowManagerService.removeWindowInnerLocked:2478 com.android.server.wm.AppWindowToken.destroySurfaces:365 com.android.server.wm.WindowStateAnimator.finishExit:565 com.android.server.wm.WindowStateAnimator.stepAnimationLocked:491 com.android.server.wm.WindowAnimator.updateWindowsLocked:303 
11-22 14:36:48.166  1237  1441 W art     : Long monitor contention with owner Binder:1237_7 (1642) at int com.android.server.am.ActivityStarter.startActivityMayWait(android.app.IApplicationThread, int, java.lang.String, android.content.Intent, java.lang.String, android.service.voice.IVoiceInteractionSession, com.android.internal.app.IVoiceInteractor, android.os.IBinder, java.lang.String, int, int, android.app.ProfilerInfo, android.app.IActivityManager$WaitResult, android.content.res.Configuration, android.os.Bundle, boolean, int, android.app.IActivityContainer, com.android.server.am.TaskRecord)(ActivityStarter.java:725) waiters=1 in int com.android.server.am.ActivityManagerService.broadcastIntent(android.app.IApplicationThread, android.content.Intent, java.lang.String, android.content.IIntentReceiver, int, java.lang.String, android.os.Bundle, java.lang.String[], int, android.os.Bundle, boolean, boolean, int) for 292ms
11-22 14:36:48.205  1237  1667 D WindowManager: relayoutVisibleWindow: Window{c529af4 u0 com.android.launcher3/com.android.launcher3.Launcher EXITING} mAnimatingExit=true, mRemoveOnExit=false, mDestroying=false
11-22 14:36:48.239  2276  2276 D LifecycleMonitor: Lifecycle status change: br.com.catbag.gifreduxsample.ui.GifListActivity@f4974a0 in: PRE_ON_CREATE
11-22 14:36:48.288  2276  2276 D LifecycleMonitor: Lifecycle status change: br.com.catbag.gifreduxsample.ui.GifListActivity@f4974a0 in: CREATED
11-22 14:36:48.290  2276  2292 I DroidFlux:Dispatcher: [STARTED] dispatch of action [GIF_LIST_FETCHING]
11-22 14:36:48.290  2276  2292 D DroidFlux:Dispatcher: An action of type [GIF_LIST_FETCHING] was dispatched, but no reducer handled it
11-22 14:36:48.291  2276  2292 I DroidFlux:Dispatcher: [COMPLETED] dispatch of action [GIF_LIST_FETCHING]
11-22 14:36:48.291  2276  2276 D LifecycleMonitor: Lifecycle status change: br.com.catbag.gifreduxsample.ui.GifListActivity@f4974a0 in: STARTED
11-22 14:36:48.292  2276  2276 D LifecycleMonitor: Lifecycle status change: br.com.catbag.gifreduxsample.ui.GifListActivity@f4974a0 in: RESUMED
11-22 14:36:48.548  1237  1642 I WindowManager: Destroying surface Surface(name=com.android.launcher3/com.android.launcher3.Launcher) called by com.android.server.wm.WindowStateAnimator.destroySurface:2014 com.android.server.wm.WindowStateAnimator.destroySurfaceLocked:881 com.android.server.wm.WindowState.destroyOrSaveSurface:2073 com.android.server.wm.WindowManagerService.tryStartExitingAnimation:3017 com.android.server.wm.WindowManagerService.relayoutWindow:2897 com.android.server.wm.Session.relayout:215 android.view.IWindowSession$Stub.onTransact:286 com.android.server.wm.Session.onTransact:136 
11-22 14:36:48.669  2276  2276 D LifecycleMonitor: Lifecycle status change: br.com.catbag.gifreduxsample.ui.GifListActivity@38bc04b in: STOPPED
11-22 14:36:48.669  2276  2276 D LifecycleMonitor: Lifecycle status change: br.com.catbag.gifreduxsample.ui.GifListActivity@38bc04b in: DESTROYED
11-22 14:36:48.687  1237  1248 I WindowManager: Destroying surface Surface(name=br.com.catbag.gifreduxsample/br.com.catbag.gifreduxsample.ui.GifListActivity) called by com.android.server.wm.WindowStateAnimator.destroySurface:2014 com.android.server.wm.WindowStateAnimator.destroySurfaceLocked:881 com.android.server.wm.WindowState.removeLocked:1449 com.android.server.wm.WindowManagerService.removeWindowInnerLocked:2478 com.android.server.wm.WindowManagerService.removeWindowLocked:2436 com.android.server.wm.WindowManagerService.removeWindowLocked:2305 com.android.server.wm.WindowManagerService.removeWindow:2300 com.android.server.wm.Session.remove:193 
11-22 14:36:48.752  2276  2276 W ResourceType: No package identifier when getting name for resource number 0x0000000c
11-22 14:36:48.752  2276  2276 I ViewInteraction: Performing 'single click' action on view with id: 12 (resource name not found)
11-22 14:36:48.801  1237  1258 I ActivityManager: Displayed br.com.catbag.gifreduxsample/.ui.GifListActivity: +580ms (total +1s577ms)
11-22 14:36:48.885  2276  2292 I DroidFlux:Dispatcher: [STARTED] dispatch of action [GIF_PLAY]
11-22 14:36:48.886  2276  2292 I DroidFlux:Dispatcher: [COMPLETED] dispatch of action [GIF_PLAY]
11-22 14:36:48.898   986  1030 D AudioFlinger: mixer(0xabd83800) throttle end: throttle time(9)
11-22 14:36:48.925   986  1030 D AudioFlinger: mixer(0xabd83800) throttle end: throttle time(10)
11-22 14:36:48.935  1237  1258 I Choreographer: Skipped 32 frames!  The application may be doing too much work on its main thread.
11-22 14:36:49.231  1237  1258 I WindowManager: Destroying surface Surface(name=Starting br.com.catbag.gifreduxsample) called by com.android.server.wm.WindowStateAnimator.destroySurface:2014 com.android.server.wm.WindowStateAnimator.destroySurfaceLocked:881 com.android.server.wm.WindowState.destroyOrSaveSurface:2073 com.android.server.wm.AppWindowToken.destroySurfaces:363 com.android.server.wm.WindowStateAnimator.finishExit:565 com.android.server.wm.WindowStateAnimator.stepAnimationLocked:491 com.android.server.wm.WindowAnimator.updateWindowsLocked:303 com.android.server.wm.WindowAnimator.animateLocked:704 
11-22 14:36:49.740  2276  2276 W ResourceType: No package identifier when getting name for resource number 0x00000010
11-22 14:36:49.740  2276  2276 I ViewInteraction: Performing 'scroll RecyclerView to position: 2' action on view with id: 16 (resource name not found)
11-22 14:36:50.068  2276  2276 W ResourceType: No package identifier when getting name for resource number 0x00000010
11-22 14:36:50.130  2276  2276 W ResourceType: No package identifier when getting name for resource number 0x00000018
11-22 14:36:50.131  2276  2276 I ViewInteraction: Performing 'single click' action on view with id: 24 (resource name not found)
11-22 14:36:50.228  2276  2292 I DroidFlux:Dispatcher: [STARTED] dispatch of action [GIF_PLAY]
11-22 14:36:50.230  2276  2292 I DroidFlux:Dispatcher: [COMPLETED] dispatch of action [GIF_PLAY]
11-22 14:36:50.296  1237  1323 E TaskPersister: File error accessing recents directory (directory doesn't exist?).
11-22 14:36:50.380  2276  2287 I art     : Background sticky concurrent mark sweep GC freed 17958(1333KB) AllocSpace objects, 4(80KB) LOS objects, 18% free, 7MB/8MB, paused 8.954ms total 277.867ms
11-22 14:36:50.889  2276  2281 I art     : Do partial code cache collection, code=60KB, data=62KB
11-22 14:36:50.889  2276  2281 I art     : After code cache collection, code=58KB, data=60KB
11-22 14:36:50.889  2276  2281 I art     : Increasing code cache capacity to 256KB
11-22 14:36:50.948  2276  2276 W ResourceType: No package identifier when getting name for resource number 0x0000001c
11-22 14:36:50.948  2276  2276 I ViewInteraction: Performing 'scroll RecyclerView to position: 3' action on view with id: 28 (resource name not found)
11-22 14:36:51.274  2276  2276 W ResourceType: No package identifier when getting name for resource number 0x0000001c
11-22 14:36:51.307  2276  2276 W ResourceType: No package identifier when getting name for resource number 0x00000024
11-22 14:36:51.307  2276  2276 I ViewInteraction: Performing 'single click' action on view with id: 36 (resource name not found)
11-22 14:36:51.399  2276  2292 I DroidFlux:Dispatcher: [STARTED] dispatch of action [GIF_PLAY]
11-22 14:36:51.427   986  1030 D AudioFlinger: mixer(0xabd83800) throttle end: throttle time(6)
11-22 14:36:51.436  2276  2292 I DroidFlux:Dispatcher: [COMPLETED] dispatch of action [GIF_PLAY]
11-22 14:36:51.454   986  1030 D AudioFlinger: mixer(0xabd83800) throttle end: throttle time(11)
11-22 14:36:52.141  2276  2276 W ResourceType: No package identifier when getting name for resource number 0x00000028
11-22 14:36:52.142  2276  2276 I ViewInteraction: Performing 'scroll RecyclerView to position: 4' action on view with id: 40 (resource name not found)
11-22 14:36:52.479  2276  2276 W ResourceType: No package identifier when getting name for resource number 0x00000028
11-22 14:36:52.537  2276  2276 W ResourceType: No package identifier when getting name for resource number 0x00000030
11-22 14:36:52.537  2276  2276 I ViewInteraction: Performing 'single click' action on view with id: 48 (resource name not found)
11-22 14:36:52.620  2276  2292 I DroidFlux:Dispatcher: [STARTED] dispatch of action [GIF_PLAY]
11-22 14:36:52.622  2276  2292 I DroidFlux:Dispatcher: [COMPLETED] dispatch of action [GIF_PLAY]
11-22 14:36:52.666   986  1030 D AudioFlinger: mixer(0xabd83800) throttle end: throttle time(11)
11-22 14:36:53.292  2276  2276 W ResourceType: No package identifier when getting name for resource number 0x00000034
11-22 14:36:53.292  2276  2276 I ViewInteraction: Performing 'scroll RecyclerView to position: 5' action on view with id: 52 (resource name not found)
11-22 14:36:53.508  2276  2287 I art     : Background partial concurrent mark sweep GC freed 12835(949KB) AllocSpace objects, 9(192KB) LOS objects, 34% free, 7MB/11MB, paused 10.307ms total 167.097ms
11-22 14:36:53.698  2276  2276 W ResourceType: No package identifier when getting name for resource number 0x00000034
11-22 14:36:53.749  2276  2276 W ResourceType: No package identifier when getting name for resource number 0x0000003c
11-22 14:36:53.750  2276  2276 I ViewInteraction: Performing 'single click' action on view with id: 60 (resource name not found)
11-22 14:36:53.843  2276  2292 I DroidFlux:Dispatcher: [STARTED] dispatch of action [GIF_PLAY]
11-22 14:36:53.872   986  1030 D AudioFlinger: mixer(0xabd83800) throttle end: throttle time(4)
11-22 14:36:53.878  2276  2292 I DroidFlux:Dispatcher: [COMPLETED] dispatch of action [GIF_PLAY]
11-22 14:36:54.802  2276  2276 W ResourceType: No package identifier when getting name for resource number 0x00000040
11-22 14:36:54.802  2276  2276 I ViewInteraction: Performing 'scroll RecyclerView to position: 6' action on view with id: 64 (resource name not found)
11-22 14:36:55.272  2276  2276 W ResourceType: No package identifier when getting name for resource number 0x00000040
11-22 14:36:55.342  2276  2276 W ResourceType: No package identifier when getting name for resource number 0x00000048
11-22 14:36:55.343  2276  2276 I ViewInteraction: Performing 'single click' action on view with id: 72 (resource name not found)
11-22 14:36:55.507  2276  2292 I DroidFlux:Dispatcher: [STARTED] dispatch of action [GIF_PLAY]
11-22 14:36:55.511  2276  2292 I DroidFlux:Dispatcher: [COMPLETED] dispatch of action [GIF_PLAY]
11-22 14:36:55.524   986  1030 D AudioFlinger: mixer(0xabd83800) throttle end: throttle time(10)
11-22 14:36:56.642  2276  2276 W ResourceType: No package identifier when getting name for resource number 0x0000004c
11-22 14:36:56.662  2276  2276 I ViewInteraction: Performing 'scroll RecyclerView to position: 7' action on view with id: 76 (resource name not found)
11-22 14:36:57.042  2276  2276 W ResourceType: No package identifier when getting name for resource number 0x0000004c
11-22 14:36:57.129  2276  2276 W ResourceType: No package identifier when getting name for resource number 0x00000054
11-22 14:36:57.129  2276  2276 I ViewInteraction: Performing 'single click' action on view with id: 84 (resource name not found)
11-22 14:36:57.220  2276  2292 I DroidFlux:Dispatcher: [STARTED] dispatch of action [GIF_PLAY]
11-22 14:36:57.270   986  1030 D AudioFlinger: mixer(0xabd83800) throttle end: throttle time(10)
11-22 14:36:57.278  2276  2292 I DroidFlux:Dispatcher: [COMPLETED] dispatch of action [GIF_PLAY]
11-22 14:36:57.296   986  1030 D AudioFlinger: mixer(0xabd83800) throttle end: throttle time(11)
11-22 14:36:57.782  2276  2276 W ResourceType: No package identifier when getting name for resource number 0x00000058
11-22 14:36:57.782  2276  2276 I ViewInteraction: Performing 'scroll RecyclerView to position: 8' action on view with id: 88 (resource name not found)
11-22 14:36:58.248  2276  2276 W ResourceType: No package identifier when getting name for resource number 0x00000058
11-22 14:36:58.309  2276  2276 W ResourceType: No package identifier when getting name for resource number 0x00000060
11-22 14:36:58.310  2276  2276 I ViewInteraction: Performing 'single click' action on view with id: 96 (resource name not found)
11-22 14:36:58.406  2276  2292 I DroidFlux:Dispatcher: [STARTED] dispatch of action [GIF_PLAY]
11-22 14:36:58.408  2276  2292 I DroidFlux:Dispatcher: [COMPLETED] dispatch of action [GIF_PLAY]
11-22 14:36:58.524   986  1030 D AudioFlinger: mixer(0xabd83800) throttle end: throttle time(10)
11-22 14:36:59.180  2276  2276 W ResourceType: No package identifier when getting name for resource number 0x00000064
11-22 14:36:59.180  2276  2276 I ViewInteraction: Performing 'scroll RecyclerView to position: 9' action on view with id: 100 (resource name not found)
11-22 14:36:59.491  2276  2276 W ResourceType: No package identifier when getting name for resource number 0x00000064
11-22 14:36:59.522  2276  2276 W ResourceType: No package identifier when getting name for resource number 0x0000006c
11-22 14:36:59.522  2276  2276 I ViewInteraction: Performing 'single click' action on view with id: 108 (resource name not found)
11-22 14:36:59.614  2276  2292 I DroidFlux:Dispatcher: [STARTED] dispatch of action [GIF_PLAY]
11-22 14:36:59.615  2276  2292 I DroidFlux:Dispatcher: [COMPLETED] dispatch of action [GIF_PLAY]
11-22 14:36:59.656   986  1030 D AudioFlinger: mixer(0xabd83800) throttle end: throttle time(9)
11-22 14:37:00.286  2276  2276 W ResourceType: No package identifier when getting name for resource number 0x00000070
11-22 14:37:00.287  2276  2276 I ViewInteraction: Performing 'scroll RecyclerView to position: 10' action on view with id: 112 (resource name not found)
11-22 14:37:00.636  2276  2276 W ResourceType: No package identifier when getting name for resource number 0x00000070
11-22 14:37:00.700  2276  2276 W ResourceType: No package identifier when getting name for resource number 0x00000078
11-22 14:37:00.700  2276  2276 I ViewInteraction: Performing 'single click' action on view with id: 120 (resource name not found)
11-22 14:37:00.768  2276  2292 I DroidFlux:Dispatcher: [STARTED] dispatch of action [GIF_PLAY]
11-22 14:37:00.770  2276  2292 I DroidFlux:Dispatcher: [COMPLETED] dispatch of action [GIF_PLAY]
11-22 14:37:00.795   986  1030 D AudioFlinger: mixer(0xabd83800) throttle end: throttle time(11)
11-22 14:37:00.826   986  1030 D AudioFlinger: mixer(0xabd83800) throttle end: throttle time(4)
11-22 14:37:00.958  2276  2287 I art     : Background sticky concurrent mark sweep GC freed 26399(2MB) AllocSpace objects, 16(336KB) LOS objects, 20% free, 9MB/11MB, paused 17.254ms total 319.408ms
11-22 14:37:01.436  2276  2276 W ResourceType: No package identifier when getting name for resource number 0x0000007c
11-22 14:37:01.436  2276  2276 I ViewInteraction: Performing 'scroll RecyclerView to position: 11' action on view with id: 124 (resource name not found)
11-22 14:37:01.786  2276  2276 W ResourceType: No package identifier when getting name for resource number 0x0000007c
11-22 14:37:01.803  2276  2276 W ResourceType: No package identifier when getting name for resource number 0x00000084
11-22 14:37:01.803  2276  2276 I ViewInteraction: Performing 'single click' action on view with id: 132 (resource name not found)
11-22 14:37:01.898  2276  2292 I DroidFlux:Dispatcher: [STARTED] dispatch of action [GIF_PLAY]
11-22 14:37:01.900  2276  2292 I DroidFlux:Dispatcher: [COMPLETED] dispatch of action [GIF_PLAY]
11-22 14:37:01.915   986  1030 D AudioFlinger: mixer(0xabd83800) throttle end: throttle time(9)
11-22 14:37:02.535  2276  2276 W ResourceType: No package identifier when getting name for resource number 0x00000088
11-22 14:37:02.535  2276  2276 I ViewInteraction: Performing 'scroll RecyclerView to position: 12' action on view with id: 136 (resource name not found)
11-22 14:37:02.852  2276  2276 W ResourceType: No package identifier when getting name for resource number 0x00000088
11-22 14:37:02.952  2276  2276 W ResourceType: No package identifier when getting name for resource number 0x00000090
11-22 14:37:02.952  2276  2276 I ViewInteraction: Performing 'single click' action on view with id: 144 (resource name not found)
11-22 14:37:03.058  2276  2292 I DroidFlux:Dispatcher: [STARTED] dispatch of action [GIF_PLAY]
11-22 14:37:03.060  2276  2292 I DroidFlux:Dispatcher: [COMPLETED] dispatch of action [GIF_PLAY]
11-22 14:37:03.074   986  1030 D AudioFlinger: mixer(0xabd83800) throttle end: throttle time(11)
11-22 14:37:03.727  2276  2276 W ResourceType: No package identifier when getting name for resource number 0x00000094
11-22 14:37:03.728  2276  2276 I ViewInteraction: Performing 'scroll RecyclerView to position: 13' action on view with id: 148 (resource name not found)
11-22 14:37:04.040  2276  2276 W ResourceType: No package identifier when getting name for resource number 0x00000094
11-22 14:37:04.059  2276  2276 W ResourceType: No package identifier when getting name for resource number 0x0000009c
11-22 14:37:04.060  2276  2276 I ViewInteraction: Performing 'single click' action on view with id: 156 (resource name not found)
11-22 14:37:04.132  2276  2292 I DroidFlux:Dispatcher: [STARTED] dispatch of action [GIF_PLAY]
11-22 14:37:04.154   986  1030 D AudioFlinger: mixer(0xabd83800) throttle end: throttle time(11)
11-22 14:37:04.164  2276  2292 I DroidFlux:Dispatcher: [COMPLETED] dispatch of action [GIF_PLAY]
11-22 14:37:04.179   986  1030 D AudioFlinger: mixer(0xabd83800) throttle end: throttle time(11)
11-22 14:37:04.571  2276  2281 I art     : Do full code cache collection, code=124KB, data=116KB
11-22 14:37:04.583  2276  2281 I art     : After code cache collection, code=97KB, data=80KB
11-22 14:37:04.905  2276  2276 W ResourceType: No package identifier when getting name for resource number 0x000000a0
11-22 14:37:04.905  2276  2276 I ViewInteraction: Performing 'scroll RecyclerView to position: 14' action on view with id: 160 (resource name not found)
11-22 14:37:05.053  2276  2287 I art     : Background partial concurrent mark sweep GC freed 18832(1410KB) AllocSpace objects, 16(1540KB) LOS objects, 31% free, 8MB/12MB, paused 12.305ms total 102.906ms
11-22 14:37:05.267  2276  2276 W ResourceType: No package identifier when getting name for resource number 0x000000a0
11-22 14:37:05.312  2276  2276 W ResourceType: No package identifier when getting name for resource number 0x000000a8
11-22 14:37:05.329  2276  2276 I ViewInteraction: Performing 'single click' action on view with id: 168 (resource name not found)
11-22 14:37:05.421  2276  2292 I DroidFlux:Dispatcher: [STARTED] dispatch of action [GIF_PLAY]
11-22 14:37:05.423  2276  2292 I DroidFlux:Dispatcher: [COMPLETED] dispatch of action [GIF_PLAY]
11-22 14:37:05.434   986  1030 D AudioFlinger: mixer(0xabd83800) throttle end: throttle time(9)
11-22 14:37:06.097  2276  2276 W ResourceType: No package identifier when getting name for resource number 0x000000ac
11-22 14:37:06.098  2276  2276 I ViewInteraction: Performing 'scroll RecyclerView to position: 15' action on view with id: 172 (resource name not found)
11-22 14:37:06.456  2276  2276 W ResourceType: No package identifier when getting name for resource number 0x000000ac
11-22 14:37:06.470  2276  2276 W ResourceType: No package identifier when getting name for resource number 0x000000b4
11-22 14:37:06.470  2276  2276 I ViewInteraction: Performing 'single click' action on view with id: 180 (resource name not found)
11-22 14:37:06.520  2276  2292 I DroidFlux:Dispatcher: [STARTED] dispatch of action [GIF_PLAY]
11-22 14:37:06.522  2276  2292 I DroidFlux:Dispatcher: [COMPLETED] dispatch of action [GIF_PLAY]
11-22 14:37:07.132  2276  2276 W ResourceType: No package identifier when getting name for resource number 0x000000b8
11-22 14:37:07.132  2276  2276 I ViewInteraction: Performing 'scroll RecyclerView to position: 16' action on view with id: 184 (resource name not found)
11-22 14:37:07.455  2276  2276 W ResourceType: No package identifier when getting name for resource number 0x000000b8
11-22 14:37:07.477  2276  2276 W ResourceType: No package identifier when getting name for resource number 0x000000c0
11-22 14:37:07.478  2276  2276 I ViewInteraction: Performing 'single click' action on view with id: 192 (resource name not found)
11-22 14:37:07.549  2276  2292 I DroidFlux:Dispatcher: [STARTED] dispatch of action [GIF_PLAY]
11-22 14:37:07.551  2276  2292 I DroidFlux:Dispatcher: [COMPLETED] dispatch of action [GIF_PLAY]
11-22 14:37:08.282  2276  2276 W ResourceType: No package identifier when getting name for resource number 0x000000c4
11-22 14:37:08.282  2276  2276 I ViewInteraction: Performing 'scroll RecyclerView to position: 17' action on view with id: 196 (resource name not found)
11-22 14:37:08.618  2276  2276 W ResourceType: No package identifier when getting name for resource number 0x000000c4
11-22 14:37:08.678  2276  2276 W ResourceType: No package identifier when getting name for resource number 0x000000cc
11-22 14:37:08.678  2276  2276 I ViewInteraction: Performing 'single click' action on view with id: 204 (resource name not found)
11-22 14:37:08.821  2276  2292 I DroidFlux:Dispatcher: [STARTED] dispatch of action [GIF_PLAY]
11-22 14:37:08.845   986  1030 D AudioFlinger: mixer(0xabd83800) throttle end: throttle time(11)
11-22 14:37:08.887  2276  2292 I DroidFlux:Dispatcher: [COMPLETED] dispatch of action [GIF_PLAY]
11-22 14:37:09.589  2276  2276 W ResourceType: No package identifier when getting name for resource number 0x000000d0
11-22 14:37:09.589  2276  2276 I ViewInteraction: Performing 'scroll RecyclerView to position: 18' action on view with id: 208 (resource name not found)
11-22 14:37:09.941  2276  2276 W ResourceType: No package identifier when getting name for resource number 0x000000d0
11-22 14:37:10.002  2276  2276 W ResourceType: No package identifier when getting name for resource number 0x000000d8
11-22 14:37:10.002  2276  2276 I ViewInteraction: Performing 'single click' action on view with id: 216 (resource name not found)
11-22 14:37:10.068  2276  2292 I DroidFlux:Dispatcher: [STARTED] dispatch of action [GIF_PLAY]
11-22 14:37:10.069  2276  2292 I DroidFlux:Dispatcher: [COMPLETED] dispatch of action [GIF_PLAY]
11-22 14:37:10.105   986  1030 D AudioFlinger: mixer(0xabd83800) throttle end: throttle time(8)
11-22 14:37:10.811  2276  2276 W ResourceType: No package identifier when getting name for resource number 0x000000e3
11-22 14:37:10.812  2276  2276 I ViewInteraction: Performing 'single click' action on view with id: 227 (resource name not found)
11-22 14:37:10.891  2276  2292 I DroidFlux:Dispatcher: [STARTED] dispatch of action [GIF_PAUSE]
11-22 14:37:10.892  2276  2292 I DroidFlux:Dispatcher: [COMPLETED] dispatch of action [GIF_PAUSE]
11-22 14:37:11.622  2276  2291 I TestRunner: finished: whenListKeepOrderedAfterPlayTest(br.com.catbag.gifreduxsample.ui.giflist.GifListActivityTest)
11-22 14:37:11.716  2276  2276 D LifecycleMonitor: Lifecycle status change: br.com.catbag.gifreduxsample.ui.GifListActivity@f4974a0 in: PAUSED
11-22 14:37:11.871   978   978 D gralloc : Registering a buffer in the process that created it. This may cause memory ordering problems.
11-22 14:37:11.871   978   978 E libEGL  : called unimplemented OpenGL ES API
11-22 14:37:11.872   978   978 E SurfaceFlinger: glCheckFramebufferStatusOES error -944636200
11-22 14:37:11.872   978   978 E SurfaceFlinger: got GL_FRAMEBUFFER_COMPLETE_OES error while taking screenshot
11-22 14:37:11.880  1237  1574 W WindowManager: Screenshot failure taking screenshot for (480x800) to layer 21005
11-22 14:37:11.940  1237  1252 W art     : Long monitor contention with owner Binder:1237_5 (1574) at void com.android.server.am.ActivityManagerService.activityPaused(android.os.IBinder)(ActivityManagerService.java:6849) waiters=1 in void com.android.server.am.ActivityManagerService.dispatchProcessesChanged() for 137ms
11-22 14:37:11.959  2276  2276 I MonitoringInstrumentation: Activities that are still in CREATED to STOPPED: 1
11-22 14:37:11.959  2276  2276 I Choreographer: Skipped 71 frames!  The application may be doing too much work on its main thread.
11-22 14:37:11.963  2276  2291 I TestRunner: started: whenGifIsWatchedTest(br.com.catbag.gifreduxsample.ui.giflist.GifListActivityTest)
11-22 14:37:11.985  2276  2276 I MonitoringInstrumentation: Activities that are still in CREATED to STOPPED: 1
11-22 14:37:12.108  1730  1730 I Choreographer: Skipped 53 frames!  The application may be doing too much work on its main thread.
11-22 14:37:12.197  2276  2292 I DroidFlux:Dispatcher: [STARTED] dispatch of action [FAKE_REDUCE_ACTION]
11-22 14:37:12.198  2276  2292 I DroidFlux:Dispatcher: [COMPLETED] dispatch of action [FAKE_REDUCE_ACTION]
11-22 14:37:12.200  2276  2309 D ActivityTestRule: Launching activity br.com.catbag.gifreduxsample.ui.GifListActivity
11-22 14:37:12.210  2276  2310 D MonitoringInstrumentation: execStartActivity(context, ibinder, ibinder, activity, intent, int, bundle
11-22 14:37:12.211  1237  1638 I ActivityManager: START u0 {flg=0x10000000 cmp=br.com.catbag.gifreduxsample/.ui.GifListActivity} from uid 10060 on display 0
11-22 14:37:12.377  1237  1258 I Choreographer: Skipped 50 frames!  The application may be doing too much work on its main thread.
11-22 14:37:12.607  1730  1730 I Choreographer: Skipped 33 frames!  The application may be doing too much work on its main thread.
11-22 14:37:12.660  2276  2276 D LifecycleMonitor: Lifecycle status change: br.com.catbag.gifreduxsample.ui.GifListActivity@50209d8 in: PRE_ON_CREATE
11-22 14:37:12.680  1237  1258 I Choreographer: Skipped 59 frames!  The application may be doing too much work on its main thread.
11-22 14:37:12.863  2276  2276 D LifecycleMonitor: Lifecycle status change: br.com.catbag.gifreduxsample.ui.GifListActivity@50209d8 in: CREATED
11-22 14:37:12.867  2276  2276 D LifecycleMonitor: Lifecycle status change: br.com.catbag.gifreduxsample.ui.GifListActivity@50209d8 in: STARTED
11-22 14:37:12.871  2276  2292 I DroidFlux:Dispatcher: [STARTED] dispatch of action [GIF_LIST_FETCHING]
11-22 14:37:12.872  2276  2292 D DroidFlux:Dispatcher: An action of type [GIF_LIST_FETCHING] was dispatched, but no reducer handled it
11-22 14:37:12.872  2276  2292 I DroidFlux:Dispatcher: [COMPLETED] dispatch of action [GIF_LIST_FETCHING]
11-22 14:37:12.879  2276  2276 D LifecycleMonitor: Lifecycle status change: br.com.catbag.gifreduxsample.ui.GifListActivity@50209d8 in: RESUMED
11-22 14:37:12.905  2276  2276 I Choreographer: Skipped 70 frames!  The application may be doing too much work on its main thread.
11-22 14:37:13.018  2276  2276 E Feed    : Gif{uuid=96cbcfcf-6fb4-48ba-abc1-d159923ea70b, path=, url=, title=, watched=true, status=DOWNLOADED}
11-22 14:37:13.018  2276  2276 E Feed    : pl.droidsonroids.gif.GifIOException: GifError 101: Failed to open given input
11-22 14:37:13.018  2276  2276 E Feed    : 	at pl.droidsonroids.gif.GifInfoHandle.openFile(Native Method)
11-22 14:37:13.018  2276  2276 E Feed    : 	at pl.droidsonroids.gif.GifInfoHandle.<init>(GifInfoHandle.java:46)
11-22 14:37:13.018  2276  2276 E Feed    : 	at pl.droidsonroids.gif.GifDrawable.<init>(GifDrawable.java:124)
11-22 14:37:13.018  2276  2276 E Feed    : 	at br.com.catbag.gifreduxsample.ui.components.FeedComponent.createDrawable(FeedComponent.java:104)
11-22 14:37:13.018  2276  2276 E Feed    : 	at br.com.catbag.gifreduxsample.ui.components.FeedComponent.lambda$renderGifView$2(FeedComponent.java:90)
11-22 14:37:13.018  2276  2276 E Feed    : 	at br.com.catbag.gifreduxsample.ui.components.FeedComponent$$Lambda$2.view(Unknown Source)
11-22 14:37:13.018  2276  2276 E Feed    : 	at trikita.anvil.BaseDSL.v(BaseDSL.java:670)
11-22 14:37:13.018  2276  2276 E Feed    : 	at br.com.catbag.gifreduxsample.ui.components.FeedComponent.renderGifView(FeedComponent.java:88)
11-22 14:37:13.018  2276  2276 E Feed    : 	at br.com.catbag.gifreduxsample.ui.components.FeedComponent.lambda$null$0(FeedComponent.java:55)
11-22 14:37:13.018  2276  2276 E Feed    : 	at br.com.catbag.gifreduxsample.ui.components.FeedComponent$$Lambda$3.view(Unknown Source)
11-22 14:37:13.018  2276  2276 E Feed    : 	at br.com.catbag.gifreduxsample.ui.components.GifsAdapter.view(GifsAdapter.java:55)
11-22 14:37:13.018  2276  2276 E Feed    : 	at trikita.anvil.RenderableRecyclerViewAdapter$1.view(RenderableRecyclerViewAdapter.java:24)
11-22 14:37:13.018  2276  2276 E Feed    : 	at trikita.anvil.Anvil$Mount.render(Anvil.java:204)
11-22 14:37:13.018  2276  2276 E Feed    : 	at trikita.anvil.Anvil.render(Anvil.java:173)
11-22 14:37:13.018  2276  2276 E Feed    : 	at trikita.anvil.RenderableRecyclerViewAdapter.onBindViewHolder(RenderableRecyclerViewAdapter.java:27)
11-22 14:37:13.018  2276  2276 E Feed    : 	at trikita.anvil.RenderableRecyclerViewAdapter.onBindViewHolder(RenderableRecyclerViewAdapter.java:7)
11-22 14:37:13.018  2276  2276 E Feed    : 	at android.support.v7.widget.RecyclerView$Adapter.onBindViewHolder(RecyclerView.java:5768)
11-22 14:37:13.018  2276  2276 E Feed    : 	at android.support.v7.widget.RecyclerView$Adapter.bindViewHolder(RecyclerView.java:5801)
11-22 14:37:13.018  2276  2276 E Feed    : 	at android.support.v7.widget.RecyclerView$Recycler.getViewForPosition(RecyclerView.java:5037)
11-22 14:37:13.018  2276  2276 E Feed    : 	at android.support.v7.widget.RecyclerView$Recycler.getViewForPosition(RecyclerView.java:4913)
11-22 14:37:13.018  2276  2276 E Feed    : 	at android.support.v7.widget.LinearLayoutManager$LayoutState.next(LinearLayoutManager.java:2029)
11-22 14:37:13.018  2276  2276 E Feed    : 	at android.support.v7.widget.LinearLayoutManager.layoutChunk(LinearLayoutManager.java:1414)
11-22 14:37:13.018  2276  2276 E Feed    : 	at android.support.v7.widget.LinearLayoutManager.fill(LinearLayoutManager.java:1377)
11-22 14:37:13.018  2276  2276 E Feed    : 	at android.support.v7.widget.LinearLayoutManager.onLayoutChildren(LinearLayoutManager.java:578)
11-22 14:37:13.018  2276  2276 E Feed    : 	at android.support.v7.widget.RecyclerView.dispatchLayoutStep2(RecyclerView.java:3260)
11-22 14:37:13.018  2276  2276 E Feed    : 	at android.support.v7.widget.RecyclerView.dispatchLayout(RecyclerView.java:3069)
11-22 14:37:13.018  2276  2276 E Feed    : 	at android.support.v7.widget.RecyclerView.onLayout(RecyclerView.java:3518)
11-22 14:37:13.018  2276  2276 E Feed    : 	at android.view.View.layout(View.java:17520)
11-22 14:37:13.018  2276  2276 E Feed    : 	at android.view.ViewGroup.layout(ViewGroup.java:5612)
11-22 14:37:13.018  2276  2276 E Feed    : 	at android.widget.FrameLayout.layoutChildren(FrameLayout.java:323)
11-22 14:37:13.018  2276  2276 E Feed    : 	at android.widget.FrameLayout.onLayout(FrameLayout.java:261)
11-22 14:37:13.018  2276  2276 E Feed    : 	at android.view.View.layout(View.java:17520)
11-22 14:37:13.018  2276  2276 E Feed    : 	at android.view.ViewGroup.layout(ViewGroup.java:5612)
11-22 14:37:13.018  2276  2276 E Feed    : 	at android.widget.RelativeLayout.onLayout(RelativeLayout.java:1079)
11-22 14:37:13.018  2276  2276 E Feed    : 	at android.view.View.layout(View.java:17520)
11-22 14:37:13.018  2276  2276 E Feed    : 	at android.view.ViewGroup.layout(ViewGroup.java:5612)
11-22 14:37:13.018  2276  2276 E Feed    : 	at android.widget.FrameLayout.layoutChildren(FrameLayout.java:323)
11-22 14:37:13.018  2276  2276 E Feed    : 	at android.widget.FrameLayout.onLayout(FrameLayout.java:261)
11-22 14:37:13.018  2276  2276 E Feed    : 	at android.view.View.layout(View.java:17520)
11-22 14:37:13.018  2276  2276 E Feed    : 	at android.view.ViewGroup.layout(ViewGroup.java:5612)
11-22 14:37:13.018  2276  2276 E Feed    : 	at android.support.v7.widget.ActionBarOverlayLayout.onLayout(ActionBarOverlayLayout.java:435)
11-22 14:37:13.018  2276  2276 E Feed    : 	at android.view.View.layout(View.java:17520)
11-22 14:37:13.018  2276  2276 E Feed    : 	at android.view.ViewGroup.layout(ViewGroup.java:5612)
11-22 14:37:13.018  2276  2276 E Feed    : 	at android.widget.FrameLayout.layoutChildren(FrameLayout.java:323)
11-22 14:37:13.018  2276  2276 E Feed    : 	at android.widget.FrameLayout.onLayout(FrameLayout.java:261)
11-22 14:37:13.018  2276  2276 E Feed    : 	at android.view.View.layout(View.java:17520)
11-22 14:37:13.018  2276  2276 E Feed    : 	at android.view.ViewGroup.layout(ViewGroup.java:5612)
11-22 14:37:13.018  2276  2276 E Feed    : 	at android.widget.LinearLayout.setChildFrame(LinearLayout.java:1741)
11-22 14:37:13.018  2276  2276 E Feed    : 	at android.widget.LinearLayout.layoutVertical(LinearLayout.java:1585)
11-22 14:37:13.018  2276  2276 E Feed    : 	at android.widget.LinearLayout.onLayout(LinearLayout.java:1494)
11-22 14:37:13.018  2276  2276 E Feed    : 	at android.view.View.layout(View.java:17520)
11-22 14:37:13.018  2276  2276 E Feed    : 	at android.view.ViewGroup.layout(ViewGroup.java:5612)
11-22 14:37:13.018  2276  2276 E Feed    : 	at android.widget.FrameLayout.layoutChildren(FrameLayout.java:323)
11-22 14:37:13.060  2276  2276 E Feed    : 	at android.widget.FrameLayout.onLayout(FrameLayout.java:261)
11-22 14:37:13.060  2276  2276 E Feed    : 	at com.android.internal.policy.DecorView.onLayout(DecorView.java:724)
11-22 14:37:13.060  2276  2276 E Feed    : 	at android.view.View.layout(View.java:17520)
11-22 14:37:13.060  2276  2276 E Feed    : 	at android.view.ViewGroup.layout(ViewGroup.java:5612)
11-22 14:37:13.060  2276  2276 E Feed    : 	at android.view.ViewRootImpl.performLayout(ViewRootImpl.java:2342)
11-22 14:37:13.060  2276  2276 E Feed    : 	at android.view.ViewRootImpl.performTraversals(ViewRootImpl.java:2069)
11-22 14:37:13.060  2276  2276 E Feed    : 	at android.view.ViewRootImpl.doTraversal(ViewRootImpl.java:1246)
11-22 14:37:13.060  2276  2276 E Feed    : 	at android.view.ViewRootImpl$TraversalRunnable.run(ViewRootImpl.java:6301)
11-22 14:37:13.060  2276  2276 E Feed    : 	at android.view.Choreographer$CallbackRecord.run(Choreographer.java:871)
11-22 14:37:13.060  2276  2276 E Feed    : 	at android.view.Choreographer.doCallbacks(Choreographer.java:683)
11-22 14:37:13.060  2276  2276 E Feed    : 	at android.view.Choreographer.doFrame(Choreographer.java:619)
11-22 14:37:13.060  2276  2276 E Feed    : 	at android.view.Choreographer$FrameDisplayEventReceiver.run(Choreographer.java:857)
11-22 14:37:13.060  2276  2276 E Feed    : 	at android.os.Handler.handleCallback(Handler.java:751)
11-22 14:37:13.060  2276  2276 E Feed    : 	at android.os.Handler.dispatchMessage(Handler.java:95)
11-22 14:37:13.060  2276  2276 E Feed    : 	at android.os.Looper.loop(Looper.java:154)
11-22 14:37:13.060  2276  2276 E Feed    : 	at android.app.ActivityThread.main(ActivityThread.java:6077)
11-22 14:37:13.060  2276  2276 E Feed    : 	at java.lang.reflect.Method.invoke(Native Method)
11-22 14:37:13.060  2276  2276 E Feed    : 	at com.android.internal.os.ZygoteInit$MethodAndArgsCaller.run(ZygoteInit.java:865)
11-22 14:37:13.060  2276  2276 E Feed    : 	at com.android.internal.os.ZygoteInit.main(ZygoteInit.java:755)
11-22 14:37:13.367  1237  1258 I Choreographer: Skipped 31 frames!  The application may be doing too much work on its main thread.
11-22 14:37:13.388  1237  1258 I ActivityManager: Displayed br.com.catbag.gifreduxsample/.ui.GifListActivity: +880ms
11-22 14:37:13.568  2276  2276 I Choreographer: Skipped 30 frames!  The application may be doing too much work on its main thread.
11-22 14:37:13.599  2276  2287 W art     : Suspending all threads took: 19.479ms
11-22 14:37:13.630  1237  1258 I WindowManager: Destroying surface Surface(name=Starting br.com.catbag.gifreduxsample) called by com.android.server.wm.WindowStateAnimator.destroySurface:2014 com.android.server.wm.WindowStateAnimator.destroySurfaceLocked:881 com.android.server.wm.WindowState.destroyOrSaveSurface:2073 com.android.server.wm.AppWindowToken.destroySurfaces:363 com.android.server.wm.WindowStateAnimator.finishExit:565 com.android.server.wm.WindowStateAnimator.stepAnimationLocked:491 com.android.server.wm.WindowAnimator.updateWindowsLocked:303 com.android.server.wm.WindowAnimator.animateLocked:704 
11-22 14:37:13.708  2276  2276 D LifecycleMonitor: Lifecycle status change: br.com.catbag.gifreduxsample.ui.GifListActivity@f4974a0 in: STOPPED
11-22 14:37:13.708  2276  2276 D LifecycleMonitor: Lifecycle status change: br.com.catbag.gifreduxsample.ui.GifListActivity@f4974a0 in: DESTROYED
11-22 14:37:13.719  1237  1667 I WindowManager: Destroying surface Surface(name=br.com.catbag.gifreduxsample/br.com.catbag.gifreduxsample.ui.GifListActivity) called by com.android.server.wm.WindowStateAnimator.destroySurface:2014 com.android.server.wm.WindowStateAnimator.destroySurfaceLocked:881 com.android.server.wm.WindowState.removeLocked:1449 com.android.server.wm.WindowManagerService.removeWindowInnerLocked:2478 com.android.server.wm.WindowManagerService.removeWindowLocked:2436 com.android.server.wm.WindowManagerService.removeWindowLocked:2305 com.android.server.wm.WindowManagerService.removeWindow:2300 com.android.server.wm.Session.remove:193 
11-22 14:37:13.745  2276  2287 I art     : Background sticky concurrent mark sweep GC freed 27584(2MB) AllocSpace objects, 16(336KB) LOS objects, 21% free, 9MB/12MB, paused 57.388ms total 633.199ms
11-22 14:37:13.788  2276  2276 D LifecycleMonitor: Lifecycle status change: br.com.catbag.gifreduxsample.ui.GifListActivity@50209d8 in: PAUSED
11-22 14:37:13.795  2276  2291 I TestRunner: finished: whenGifIsWatchedTest(br.com.catbag.gifreduxsample.ui.giflist.GifListActivityTest)
