11-23 18:31:44.582  1716  1716 I Choreographer: Skipped 47 frames!  The application may be doing too much work on its main thread.
11-23 18:31:44.677  1239  1260 I Choreographer: Skipped 45 frames!  The application may be doing too much work on its main thread.
11-23 18:31:44.789  1716  1716 I Choreographer: Skipped 39 frames!  The application may be doing too much work on its main thread.
11-23 18:31:44.889  2283  2283 D LifecycleMonitor: Lifecycle status change: br.com.catbag.gifreduxsample.ui.GifListActivity@e55b3ff in: PRE_ON_CREATE
11-23 18:31:44.942  1239  1260 I Choreographer: Skipped 52 frames!  The application may be doing too much work on its main thread.
11-23 18:31:45.016  2283  2283 D LifecycleMonitor: Lifecycle status change: br.com.catbag.gifreduxsample.ui.GifListActivity@e55b3ff in: CREATED
11-23 18:31:45.017  2283  2300 I DroidFlux:Dispatcher: [STARTED] dispatch of action [APP_STATE_LOAD]
11-23 18:31:45.017  2283  2300 D DroidFlux:Dispatcher: An action of type [APP_STATE_LOAD] was dispatched, but no reducer handled it
11-23 18:31:45.019  2283  2283 D LifecycleMonitor: Lifecycle status change: br.com.catbag.gifreduxsample.ui.GifListActivity@e55b3ff in: STARTED
11-23 18:31:45.020  2283  2283 D LifecycleMonitor: Lifecycle status change: br.com.catbag.gifreduxsample.ui.GifListActivity@e55b3ff in: RESUMED
11-23 18:31:45.075  2283  2300 I DroidFlux:Dispatcher: [COMPLETED] dispatch of action [APP_STATE_LOAD]
11-23 18:31:45.200  2283  2283 I Choreographer: Skipped 45 frames!  The application may be doing too much work on its main thread.
11-23 18:31:45.312  1239  1260 I Choreographer: Skipped 45 frames!  The application may be doing too much work on its main thread.
11-23 18:31:45.544  1239  1260 I Choreographer: Skipped 60 frames!  The application may be doing too much work on its main thread.
11-23 18:31:45.550  1239  1906 W art     : Long monitor contention with owner android.display (1260) at void com.android.server.wm.WindowAnimator$1.doFrame(long)(WindowAnimator.java:138) waiters=0 in int com.android.server.wm.WindowManagerService.relayoutWindow(com.android.server.wm.Session, android.view.IWindow, int, android.view.WindowManager$LayoutParams, int, int, int, int, android.graphics.Rect, android.graphics.Rect, android.graphics.Rect, android.graphics.Rect, android.graphics.Rect, android.graphics.Rect, android.graphics.Rect, android.content.res.Configuration, android.view.Surface) for 235ms
11-23 18:31:45.750  1239  1260 I Choreographer: Skipped 50 frames!  The application may be doing too much work on its main thread.
11-23 18:31:45.753  1239  1773 W art     : Long monitor contention with owner android.display (1260) at void com.android.server.wm.WindowAnimator$1.doFrame(long)(WindowAnimator.java:138) waiters=1 in void com.android.server.wm.WindowManagerService.finishDrawingWindow(com.android.server.wm.Session, android.view.IWindow) for 238ms
11-23 18:31:45.905  1239  1260 I Choreographer: Skipped 39 frames!  The application may be doing too much work on its main thread.
11-23 18:31:45.921  1239  1773 W art     : Long monitor contention with owner android.display (1260) at void com.android.server.wm.WindowAnimator$1.doFrame(long)(WindowAnimator.java:138) waiters=1 in void com.android.server.wm.WindowManagerService.finishDrawingWindow(com.android.server.wm.Session, android.view.IWindow) for 167ms
11-23 18:31:46.063  1716  1716 I Choreographer: Skipped 266 frames!  The application may be doing too much work on its main thread.
11-23 18:31:46.180  1239  1476 I WindowManager: Destroying surface Surface(name=com.android.launcher3/com.android.launcher3.Launcher) called by com.android.server.wm.WindowStateAnimator.destroySurface:2014 com.android.server.wm.WindowStateAnimator.destroySurfaceLocked:881 com.android.server.wm.WindowState.destroyOrSaveSurface:2073 com.android.server.wm.WindowManagerService.tryStartExitingAnimation:3017 com.android.server.wm.WindowManagerService.relayoutWindow:2897 com.android.server.wm.Session.relayout:215 android.view.IWindowSession$Stub.onTransact:286 com.android.server.wm.Session.onTransact:136 
11-23 18:31:46.393  2283  2283 E Feed    : Gif{uuid=62015802-6dec-41ef-8093-f43c239e6402, path=, url=, title=, watched=false, status=DOWNLOADED}
11-23 18:31:46.393  2283  2283 E Feed    : pl.droidsonroids.gif.GifIOException: GifError 101: Failed to open given input
11-23 18:31:46.393  2283  2283 E Feed    : 	at pl.droidsonroids.gif.GifInfoHandle.openFile(Native Method)
11-23 18:31:46.393  2283  2283 E Feed    : 	at pl.droidsonroids.gif.GifInfoHandle.<init>(GifInfoHandle.java:46)
11-23 18:31:46.393  2283  2283 E Feed    : 	at pl.droidsonroids.gif.GifDrawable.<init>(GifDrawable.java:124)
11-23 18:31:46.393  2283  2283 E Feed    : 	at br.com.catbag.gifreduxsample.ui.components.FeedComponent.createDrawable(FeedComponent.java:104)
11-23 18:31:46.393  2283  2283 E Feed    : 	at br.com.catbag.gifreduxsample.ui.components.FeedComponent.lambda$renderGifView$2(FeedComponent.java:90)
11-23 18:31:46.393  2283  2283 E Feed    : 	at br.com.catbag.gifreduxsample.ui.components.FeedComponent$$Lambda$2.view(Unknown Source)
11-23 18:31:46.393  2283  2283 E Feed    : 	at trikita.anvil.BaseDSL.v(BaseDSL.java:670)
11-23 18:31:46.393  2283  2283 E Feed    : 	at br.com.catbag.gifreduxsample.ui.components.FeedComponent.renderGifView(FeedComponent.java:88)
11-23 18:31:46.393  2283  2283 E Feed    : 	at br.com.catbag.gifreduxsample.ui.components.FeedComponent.lambda$null$0(FeedComponent.java:55)
11-23 18:31:46.393  2283  2283 E Feed    : 	at br.com.catbag.gifreduxsample.ui.components.FeedComponent$$Lambda$3.view(Unknown Source)
11-23 18:31:46.393  2283  2283 E Feed    : 	at br.com.catbag.gifreduxsample.ui.components.GifsAdapter.view(GifsAdapter.java:55)
11-23 18:31:46.393  2283  2283 E Feed    : 	at trikita.anvil.RenderableRecyclerViewAdapter$1.view(RenderableRecyclerViewAdapter.java:24)
11-23 18:31:46.393  2283  2283 E Feed    : 	at trikita.anvil.Anvil$Mount.render(Anvil.java:204)
11-23 18:31:46.393  2283  2283 E Feed    : 	at trikita.anvil.Anvil.render(Anvil.java:173)
11-23 18:31:46.393  2283  2283 E Feed    : 	at trikita.anvil.RenderableRecyclerViewAdapter.onBindViewHolder(RenderableRecyclerViewAdapter.java:27)
11-23 18:31:46.393  2283  2283 E Feed    : 	at trikita.anvil.RenderableRecyclerViewAdapter.onBindViewHolder(RenderableRecyclerViewAdapter.java:7)
11-23 18:31:46.393  2283  2283 E Feed    : 	at android.support.v7.widget.RecyclerView$Adapter.onBindViewHolder(RecyclerView.java:5768)
11-23 18:31:46.393  2283  2283 E Feed    : 	at android.support.v7.widget.RecyclerView$Adapter.bindViewHolder(RecyclerView.java:5801)
11-23 18:31:46.393  2283  2283 E Feed    : 	at android.support.v7.widget.RecyclerView$Recycler.getViewForPosition(RecyclerView.java:5037)
11-23 18:31:46.393  2283  2283 E Feed    : 	at android.support.v7.widget.RecyclerView$Recycler.getViewForPosition(RecyclerView.java:4913)
11-23 18:31:46.393  2283  2283 E Feed    : 	at android.support.v7.widget.LinearLayoutManager$LayoutState.next(LinearLayoutManager.java:2029)
11-23 18:31:46.393  2283  2283 E Feed    : 	at android.support.v7.widget.LinearLayoutManager.layoutChunk(LinearLayoutManager.java:1414)
11-23 18:31:46.393  2283  2283 E Feed    : 	at android.support.v7.widget.LinearLayoutManager.fill(LinearLayoutManager.java:1377)
11-23 18:31:46.393  2283  2283 E Feed    : 	at android.support.v7.widget.LinearLayoutManager.onLayoutChildren(LinearLayoutManager.java:578)
11-23 18:31:46.393  2283  2283 E Feed    : 	at android.support.v7.widget.RecyclerView.dispatchLayoutStep2(RecyclerView.java:3260)
11-23 18:31:46.393  2283  2283 E Feed    : 	at android.support.v7.widget.RecyclerView.dispatchLayout(RecyclerView.java:3069)
11-23 18:31:46.393  2283  2283 E Feed    : 	at android.support.v7.widget.RecyclerView.onLayout(RecyclerView.java:3518)
11-23 18:31:46.393  2283  2283 E Feed    : 	at android.view.View.layout(View.java:17520)
11-23 18:31:46.393  2283  2283 E Feed    : 	at android.view.ViewGroup.layout(ViewGroup.java:5612)
11-23 18:31:46.393  2283  2283 E Feed    : 	at android.widget.FrameLayout.layoutChildren(FrameLayout.java:323)
11-23 18:31:46.393  2283  2283 E Feed    : 	at android.widget.FrameLayout.onLayout(FrameLayout.java:261)
11-23 18:31:46.393  2283  2283 E Feed    : 	at android.view.View.layout(View.java:17520)
11-23 18:31:46.393  2283  2283 E Feed    : 	at android.view.ViewGroup.layout(ViewGroup.java:5612)
11-23 18:31:46.393  2283  2283 E Feed    : 	at android.widget.RelativeLayout.onLayout(RelativeLayout.java:1079)
11-23 18:31:46.393  2283  2283 E Feed    : 	at android.view.View.layout(View.java:17520)
11-23 18:31:46.393  2283  2283 E Feed    : 	at android.view.ViewGroup.layout(ViewGroup.java:5612)
11-23 18:31:46.393  2283  2283 E Feed    : 	at android.widget.FrameLayout.layoutChildren(FrameLayout.java:323)
11-23 18:31:46.393  2283  2283 E Feed    : 	at android.widget.FrameLayout.onLayout(FrameLayout.java:261)
11-23 18:31:46.393  2283  2283 E Feed    : 	at android.view.View.layout(View.java:17520)
11-23 18:31:46.393  2283  2283 E Feed    : 	at android.view.ViewGroup.layout(ViewGroup.java:5612)
11-23 18:31:46.393  2283  2283 E Feed    : 	at android.support.v7.widget.ActionBarOverlayLayout.onLayout(ActionBarOverlayLayout.java:435)
11-23 18:31:46.393  2283  2283 E Feed    : 	at android.view.View.layout(View.java:17520)
11-23 18:31:46.393  2283  2283 E Feed    : 	at android.view.ViewGroup.layout(ViewGroup.java:5612)
11-23 18:31:46.393  2283  2283 E Feed    : 	at android.widget.FrameLayout.layoutChildren(FrameLayout.java:323)
11-23 18:31:46.393  2283  2283 E Feed    : 	at android.widget.FrameLayout.onLayout(FrameLayout.java:261)
11-23 18:31:46.393  2283  2283 E Feed    : 	at android.view.View.layout(View.java:17520)
11-23 18:31:46.393  2283  2283 E Feed    : 	at android.view.ViewGroup.layout(ViewGroup.java:5612)
11-23 18:31:46.393  2283  2283 E Feed    : 	at android.widget.LinearLayout.setChildFrame(LinearLayout.java:1741)
11-23 18:31:46.393  2283  2283 E Feed    : 	at android.widget.LinearLayout.layoutVertical(LinearLayout.java:1585)
11-23 18:31:46.393  2283  2283 E Feed    : 	at android.widget.LinearLayout.onLayout(LinearLayout.java:1494)
11-23 18:31:46.393  2283  2283 E Feed    : 	at android.view.View.layout(View.java:17520)
11-23 18:31:46.393  2283  2283 E Feed    : 	at android.view.ViewGroup.layout(ViewGroup.java:5612)
11-23 18:31:46.393  2283  2283 E Feed    : 	at android.widget.FrameLayout.layoutChildren(FrameLayout.java:323)
11-23 18:31:46.394  2283  2283 E Feed    : 	at android.widget.FrameLayout.onLayout(FrameLayout.java:261)
11-23 18:31:46.394  2283  2283 E Feed    : 	at com.android.internal.policy.DecorView.onLayout(DecorView.java:724)
11-23 18:31:46.394  2283  2283 E Feed    : 	at android.view.View.layout(View.java:17520)
11-23 18:31:46.394  2283  2283 E Feed    : 	at android.view.ViewGroup.layout(ViewGroup.java:5612)
11-23 18:31:46.394  2283  2283 E Feed    : 	at android.view.ViewRootImpl.performLayout(ViewRootImpl.java:2342)
11-23 18:31:46.394  2283  2283 E Feed    : 	at android.view.ViewRootImpl.performTraversals(ViewRootImpl.java:2069)
11-23 18:31:46.394  2283  2283 E Feed    : 	at android.view.ViewRootImpl.doTraversal(ViewRootImpl.java:1246)
11-23 18:31:46.394  2283  2283 E Feed    : 	at android.view.ViewRootImpl$TraversalRunnable.run(ViewRootImpl.java:6301)
11-23 18:31:46.394  2283  2283 E Feed    : 	at android.view.Choreographer$CallbackRecord.run(Choreographer.java:871)
11-23 18:31:46.394  2283  2283 E Feed    : 	at android.view.Choreographer.doCallbacks(Choreographer.java:683)
11-23 18:31:46.394  2283  2283 E Feed    : 	at android.view.Choreographer.doFrame(Choreographer.java:619)
11-23 18:31:46.394  2283  2283 E Feed    : 	at android.view.Choreographer$FrameDisplayEventReceiver.run(Choreographer.java:857)
11-23 18:31:46.394  2283  2283 E Feed    : 	at android.os.Handler.handleCallback(Handler.java:751)
11-23 18:31:46.394  2283  2283 E Feed    : 	at android.os.Handler.dispatchMessage(Handler.java:95)
11-23 18:31:46.394  2283  2283 E Feed    : 	at android.os.Looper.loop(Looper.java:154)
11-23 18:31:46.394  2283  2283 E Feed    : 	at android.app.ActivityThread.main(ActivityThread.java:6077)
11-23 18:31:46.394  2283  2283 E Feed    : 	at java.lang.reflect.Method.invoke(Native Method)
11-23 18:31:46.394  2283  2283 E Feed    : 	at com.android.internal.os.ZygoteInit$MethodAndArgsCaller.run(ZygoteInit.java:865)
11-23 18:31:46.394  2283  2283 E Feed    : 	at com.android.internal.os.ZygoteInit.main(ZygoteInit.java:755)
11-23 18:31:46.543  2283  2283 D LifecycleMonitor: Lifecycle status change: br.com.catbag.gifreduxsample.ui.GifListActivity@e55b3ff in: PAUSED
11-23 18:31:46.550  2283  2299 I TestRunner: finished: whenGifIsNotWatchedTest(br.com.catbag.gifreduxsample.ui.giflist.GifListActivityTest)
11-23 18:31:46.562  1239  1250 I WindowManager: Failed to capture screenshot of Token{97b7ab5 ActivityRecord{6a036ec u0 br.com.catbag.gifreduxsample/.ui.GifListActivity t5 f}} appWin=Window{69283a2 u0 Starting br.com.catbag.gifreduxsample} drawState=4
11-23 18:31:46.636  1239  1260 I Choreographer: Skipped 32 frames!  The application may be doing too much work on its main thread.
11-23 18:31:46.650  2283  2283 I MonitoringInstrumentation: Activities that are still in CREATED to STOPPED: 2
11-23 18:31:46.652  2283  2299 I TestRunner: started: whenGifIsDownloadingTest(br.com.catbag.gifreduxsample.ui.giflist.GifListActivityTest)
11-23 18:31:46.653  2283  2283 I MonitoringInstrumentation: Activities that are still in CREATED to STOPPED: 2
11-23 18:31:46.689  1239  1254 W art     : Long monitor contention with owner Binder:1239_1 (1250) at void com.android.server.am.ActivityManagerService.activityPaused(android.os.IBinder)(ActivityManagerService.java:6849) waiters=1 in void com.android.server.am.ActivityManagerService$UiHandler.handleMessage(android.os.Message) for 112ms
11-23 18:31:46.714  2283  2283 D LifecycleMonitor: Lifecycle status change: br.com.catbag.gifreduxsample.ui.GifListActivity@e55b3ff in: STOPPED
11-23 18:31:46.714  2283  2283 D LifecycleMonitor: Lifecycle status change: br.com.catbag.gifreduxsample.ui.GifListActivity@e55b3ff in: DESTROYED
11-23 18:31:46.736  1239  1260 I WindowManager: Destroying surface Surface(name=Starting br.com.catbag.gifreduxsample) called by com.android.server.wm.WindowStateAnimator.destroySurface:2014 com.android.server.wm.WindowStateAnimator.destroySurfaceLocked:881 com.android.server.wm.WindowState.removeLocked:1449 com.android.server.wm.WindowManagerService.removeWindowInnerLocked:2478 com.android.server.wm.WindowManagerService.removeWindowLocked:2436 com.android.server.wm.WindowManagerService.removeWindowLocked:2305 com.android.server.wm.WindowManagerService.removeWindow:2300 com.android.server.wm.Session.remove:193 
11-23 18:31:46.804  2283  2300 I DroidFlux:Dispatcher: [STARTED] dispatch of action [FAKE_REDUCE_ACTION]
11-23 18:31:46.805  2283  2300 I DroidFlux:Dispatcher: [COMPLETED] dispatch of action [FAKE_REDUCE_ACTION]
11-23 18:31:46.806  1239  1907 I WindowManager: Destroying surface Surface(name=br.com.catbag.gifreduxsample/br.com.catbag.gifreduxsample.ui.GifListActivity) called by com.android.server.wm.WindowStateAnimator.destroySurface:2014 com.android.server.wm.WindowStateAnimator.destroySurfaceLocked:881 com.android.server.wm.WindowState.removeLocked:1449 com.android.server.wm.WindowManagerService.removeWindowInnerLocked:2478 com.android.server.wm.WindowManagerService.removeWindowLocked:2436 com.android.server.wm.WindowManagerService.removeWindowLocked:2305 com.android.server.wm.WindowManagerService.removeWindow:2300 com.android.server.wm.Session.remove:193 
11-23 18:31:46.830  2283  2320 D ActivityTestRule: Launching activity br.com.catbag.gifreduxsample.ui.GifListActivity
11-23 18:31:46.845  2283  2283 D LifecycleMonitor: Lifecycle status change: br.com.catbag.gifreduxsample.ui.GifListActivity@fae7257 in: STOPPED
11-23 18:31:46.846  2283  2283 D LifecycleMonitor: Lifecycle status change: br.com.catbag.gifreduxsample.ui.GifListActivity@fae7257 in: DESTROYED
11-23 18:31:46.850  2283  2321 D MonitoringInstrumentation: execStartActivity(context, ibinder, ibinder, activity, intent, int, bundle
11-23 18:31:46.890  1239  1326 I ActivityManager: START u0 {flg=0x10000000 cmp=br.com.catbag.gifreduxsample/.ui.GifListActivity} from uid 10060 on display 0
11-23 18:31:46.977  1239  1476 I WindowManager: Destroying surface Surface(name=br.com.catbag.gifreduxsample/br.com.catbag.gifreduxsample.ui.GifListActivity) called by com.android.server.wm.WindowStateAnimator.destroySurface:2014 com.android.server.wm.WindowStateAnimator.destroySurfaceLocked:881 com.android.server.wm.WindowState.removeLocked:1449 com.android.server.wm.WindowManagerService.removeWindowInnerLocked:2478 com.android.server.wm.WindowManagerService.removeWindowLocked:2436 com.android.server.wm.WindowManagerService.removeWindowLocked:2305 com.android.server.wm.WindowManagerService.removeWindow:2300 com.android.server.wm.Session.remove:193 
11-23 18:31:47.000  2283  2283 I Choreographer: Skipped 63 frames!  The application may be doing too much work on its main thread.
11-23 18:31:47.032  1239  1260 I Choreographer: Skipped 50 frames!  The application may be doing too much work on its main thread.
11-23 18:31:47.042  2283  2283 D LifecycleMonitor: Lifecycle status change: br.com.catbag.gifreduxsample.ui.GifListActivity@2037cf5 in: PRE_ON_CREATE
11-23 18:31:47.113  1716  1716 I Choreographer: Skipped 34 frames!  The application may be doing too much work on its main thread.
11-23 18:31:47.134  2283  2283 D LifecycleMonitor: Lifecycle status change: br.com.catbag.gifreduxsample.ui.GifListActivity@2037cf5 in: CREATED
11-23 18:31:47.137  2283  2300 I DroidFlux:Dispatcher: [STARTED] dispatch of action [APP_STATE_LOAD]
11-23 18:31:47.167  2283  2283 D LifecycleMonitor: Lifecycle status change: br.com.catbag.gifreduxsample.ui.GifListActivity@2037cf5 in: STARTED
11-23 18:31:47.190  2283  2300 D DroidFlux:Dispatcher: An action of type [APP_STATE_LOAD] was dispatched, but no reducer handled it
11-23 18:31:47.190  2283  2300 I DroidFlux:Dispatcher: [COMPLETED] dispatch of action [APP_STATE_LOAD]
11-23 18:31:47.191  1239  1260 I Choreographer: Skipped 38 frames!  The application may be doing too much work on its main thread.
11-23 18:31:47.214  2283  2283 D LifecycleMonitor: Lifecycle status change: br.com.catbag.gifreduxsample.ui.GifListActivity@2037cf5 in: RESUMED
11-23 18:31:47.677  2283  2283 I Choreographer: Skipped 82 frames!  The application may be doing too much work on its main thread.
11-23 18:31:47.982  2283  2283 I Choreographer: Skipped 39 frames!  The application may be doing too much work on its main thread.
11-23 18:31:48.066  2283  2299 I TestRunner: finished: whenGifIsDownloadingTest(br.com.catbag.gifreduxsample.ui.giflist.GifListActivityTest)
11-23 18:31:48.082  1239  1260 I Choreographer: Skipped 49 frames!  The application may be doing too much work on its main thread.
11-23 18:31:48.121  2283  2283 I Choreographer: Skipped 35 frames!  The application may be doing too much work on its main thread.
11-23 18:31:48.146  2283  2283 D LifecycleMonitor: Lifecycle status change: br.com.catbag.gifreduxsample.ui.GifListActivity@2037cf5 in: PAUSED
11-23 18:31:48.197   978   978 D gralloc : Registering a buffer in the process that created it. This may cause memory ordering problems.
11-23 18:31:48.198   978   978 E libEGL  : called unimplemented OpenGL ES API
11-23 18:31:48.199   978   978 E SurfaceFlinger: glCheckFramebufferStatusOES error 2095471427
11-23 18:31:48.199   978   978 E SurfaceFlinger: got GL_FRAMEBUFFER_COMPLETE_OES error while taking screenshot
11-23 18:31:48.201  1239  1326 W WindowManager: Screenshot failure taking screenshot for (480x800) to layer 22010
11-23 18:31:48.213  2283  2283 I MonitoringInstrumentation: Activities that are still in CREATED to STOPPED: 1
11-23 18:31:48.222  2283  2299 I TestRunner: started: whenListKeepOrderedAfterPlayTest(br.com.catbag.gifreduxsample.ui.giflist.GifListActivityTest)
11-23 18:31:48.262  2283  2283 I MonitoringInstrumentation: Activities that are still in CREATED to STOPPED: 1
11-23 18:31:48.377  1239  1260 I Choreographer: Skipped 32 frames!  The application may be doing too much work on its main thread.
11-23 18:31:48.401  2283  2300 I DroidFlux:Dispatcher: [STARTED] dispatch of action [FAKE_REDUCE_ACTION]
11-23 18:31:48.402  2283  2300 I DroidFlux:Dispatcher: [COMPLETED] dispatch of action [FAKE_REDUCE_ACTION]
11-23 18:31:48.440  2283  2322 D ActivityTestRule: Launching activity br.com.catbag.gifreduxsample.ui.GifListActivity
11-23 18:31:48.460  2283  2323 D MonitoringInstrumentation: execStartActivity(context, ibinder, ibinder, activity, intent, int, bundle
11-23 18:31:48.461  1239  1476 I ActivityManager: START u0 {flg=0x10000000 cmp=br.com.catbag.gifreduxsample/.ui.GifListActivity} from uid 10060 on display 0
11-23 18:31:48.682  2283  2283 D LifecycleMonitor: Lifecycle status change: br.com.catbag.gifreduxsample.ui.GifListActivity@6185778 in: PRE_ON_CREATE
11-23 18:31:48.722  1239  1260 I Choreographer: Skipped 69 frames!  The application may be doing too much work on its main thread.
11-23 18:31:48.724  1239  1260 I WindowManager: Destroying surface Surface(name=Starting br.com.catbag.gifreduxsample) called by com.android.server.wm.WindowStateAnimator.destroySurface:2014 com.android.server.wm.WindowStateAnimator.destroySurfaceLocked:881 com.android.server.wm.WindowState.removeLocked:1449 com.android.server.wm.WindowManagerService.removeWindowInnerLocked:2478 com.android.server.wm.AppWindowToken.destroySurfaces:365 com.android.server.wm.WindowStateAnimator.finishExit:565 com.android.server.wm.WindowStateAnimator.stepAnimationLocked:491 com.android.server.wm.WindowAnimator.updateWindowsLocked:303 
11-23 18:31:48.751  1716  1716 I Choreographer: Skipped 50 frames!  The application may be doing too much work on its main thread.
11-23 18:31:48.862  2283  2283 D LifecycleMonitor: Lifecycle status change: br.com.catbag.gifreduxsample.ui.GifListActivity@6185778 in: CREATED
11-23 18:31:48.865  2283  2300 I DroidFlux:Dispatcher: [STARTED] dispatch of action [APP_STATE_LOAD]
11-23 18:31:48.866  2283  2300 D DroidFlux:Dispatcher: An action of type [APP_STATE_LOAD] was dispatched, but no reducer handled it
11-23 18:31:48.866  2283  2300 I DroidFlux:Dispatcher: [COMPLETED] dispatch of action [APP_STATE_LOAD]
11-23 18:31:48.866  2283  2283 D LifecycleMonitor: Lifecycle status change: br.com.catbag.gifreduxsample.ui.GifListActivity@6185778 in: STARTED
11-23 18:31:48.909  2283  2283 D LifecycleMonitor: Lifecycle status change: br.com.catbag.gifreduxsample.ui.GifListActivity@6185778 in: RESUMED
11-23 18:31:49.384  2283  2283 I Choreographer: Skipped 36 frames!  The application may be doing too much work on its main thread.
11-23 18:31:49.426  2283  2283 W ResourceType: No package identifier when getting name for resource number 0x0000000c
11-23 18:31:49.427  2283  2283 I ViewInteraction: Performing 'single click' action on view with id: 12 (resource name not found)
11-23 18:31:49.579  1239  1260 I Choreographer: Skipped 41 frames!  The application may be doing too much work on its main thread.
11-23 18:31:49.640  1239  1260 I ActivityManager: Displayed br.com.catbag.gifreduxsample/.ui.GifListActivity: +983ms (total +4s898ms)
11-23 18:31:49.922  1239  1260 I WindowManager: Destroying surface Surface(name=Starting br.com.catbag.gifreduxsample) called by com.android.server.wm.WindowStateAnimator.destroySurface:2014 com.android.server.wm.WindowStateAnimator.destroySurfaceLocked:881 com.android.server.wm.WindowState.destroyOrSaveSurface:2073 com.android.server.wm.AppWindowToken.destroySurfaces:363 com.android.server.wm.WindowStateAnimator.finishExit:565 com.android.server.wm.WindowStateAnimator.stepAnimationLocked:491 com.android.server.wm.WindowAnimator.updateWindowsLocked:303 com.android.server.wm.WindowAnimator.animateLocked:704 
11-23 18:31:49.977  2283  2283 I Choreographer: Skipped 86 frames!  The application may be doing too much work on its main thread.
11-23 18:31:50.017  2283  2283 E MotionEvents: Overslept and turned a tap into a long press
11-23 18:31:50.044  1239  1905 I WindowManager: Destroying surface Surface(name=com.android.launcher3/com.android.launcher3.Launcher) called by com.android.server.wm.WindowStateAnimator.destroySurface:2014 com.android.server.wm.WindowStateAnimator.destroySurfaceLocked:881 com.android.server.wm.WindowState.destroyOrSaveSurface:2073 com.android.server.wm.AppWindowToken.destroySurfaces:363 com.android.server.wm.AppWindowToken.notifyAppStopped:389 com.android.server.wm.WindowManagerService.notifyAppStopped:4456 com.android.server.am.ActivityStack.activityStoppedLocked:1252 com.android.server.am.ActivityManagerService.activityStopped:6873 
11-23 18:31:50.062  1239  1260 I Choreographer: Skipped 31 frames!  The application may be doing too much work on its main thread.
11-23 18:31:50.100  2283  2283 D LifecycleMonitor: Lifecycle status change: br.com.catbag.gifreduxsample.ui.GifListActivity@2037cf5 in: STOPPED
11-23 18:31:50.101  2283  2283 D LifecycleMonitor: Lifecycle status change: br.com.catbag.gifreduxsample.ui.GifListActivity@2037cf5 in: DESTROYED
11-23 18:31:50.119  1239  1422 I WindowManager: Destroying surface Surface(name=br.com.catbag.gifreduxsample/br.com.catbag.gifreduxsample.ui.GifListActivity) called by com.android.server.wm.WindowStateAnimator.destroySurface:2014 com.android.server.wm.WindowStateAnimator.destroySurfaceLocked:881 com.android.server.wm.WindowState.removeLocked:1449 com.android.server.wm.WindowManagerService.removeWindowInnerLocked:2478 com.android.server.wm.WindowManagerService.removeWindowLocked:2436 com.android.server.wm.WindowManagerService.removeWindowLocked:2305 com.android.server.wm.WindowManagerService.removeWindow:2300 com.android.server.wm.Session.remove:193 
11-23 18:31:50.139  2283  2300 I DroidFlux:Dispatcher: [STARTED] dispatch of action [GIF_PLAY]
11-23 18:31:50.141  2283  2300 I DroidFlux:Dispatcher: [COMPLETED] dispatch of action [GIF_PLAY]
11-23 18:31:50.179   989  1026 D AudioFlinger: mixer(0xa6f83240) throttle end: throttle time(11)
11-23 18:31:50.200   989  1026 D AudioFlinger: mixer(0xa6f83240) throttle end: throttle time(11)
11-23 18:31:50.277  2283  2288 I art     : Do partial code cache collection, code=54KB, data=62KB
11-23 18:31:50.277  2283  2288 I art     : After code cache collection, code=52KB, data=60KB
11-23 18:31:50.277  2283  2288 I art     : Increasing code cache capacity to 256KB
11-23 18:31:50.674  2283  2283 W ResourceType: No package identifier when getting name for resource number 0x00000010
11-23 18:31:50.674  2283  2283 I ViewInteraction: Performing 'scroll RecyclerView to position: 2' action on view with id: 16 (resource name not found)
11-23 18:31:50.789  1239  1327 E TaskPersister: File error accessing recents directory (directory doesn't exist?).
11-23 18:31:51.020  2283  2283 W ResourceType: No package identifier when getting name for resource number 0x00000010
11-23 18:31:51.040  2283  2283 W ResourceType: No package identifier when getting name for resource number 0x00000018
11-23 18:31:51.040  2283  2283 I ViewInteraction: Performing 'single click' action on view with id: 24 (resource name not found)
11-23 18:31:51.104  2283  2300 I DroidFlux:Dispatcher: [STARTED] dispatch of action [GIF_PLAY]
11-23 18:31:51.106  2283  2300 I DroidFlux:Dispatcher: [COMPLETED] dispatch of action [GIF_PLAY]
11-23 18:31:51.754  2283  2283 W ResourceType: No package identifier when getting name for resource number 0x0000001c
11-23 18:31:51.754  2283  2283 I ViewInteraction: Performing 'scroll RecyclerView to position: 3' action on view with id: 28 (resource name not found)
11-23 18:31:52.066  2283  2283 W ResourceType: No package identifier when getting name for resource number 0x0000001c
11-23 18:31:52.146  2283  2283 W ResourceType: No package identifier when getting name for resource number 0x00000024
11-23 18:31:52.165  2283  2283 I ViewInteraction: Performing 'single click' action on view with id: 36 (resource name not found)
11-23 18:31:52.325  2283  2300 I DroidFlux:Dispatcher: [STARTED] dispatch of action [GIF_PLAY]
11-23 18:31:52.369  2283  2300 I DroidFlux:Dispatcher: [COMPLETED] dispatch of action [GIF_PLAY]
11-23 18:31:52.568  2283  2294 I art     : Background sticky concurrent mark sweep GC freed 21976(1699KB) AllocSpace objects, 10(208KB) LOS objects, 23% free, 6MB/9MB, paused 15.499ms total 434.617ms
11-23 18:31:53.137  2283  2283 W ResourceType: No package identifier when getting name for resource number 0x00000028
11-23 18:31:53.162  2283  2283 I ViewInteraction: Performing 'scroll RecyclerView to position: 4' action on view with id: 40 (resource name not found)
11-23 18:31:53.515  2283  2283 W ResourceType: No package identifier when getting name for resource number 0x00000028
11-23 18:31:53.582  2283  2283 W ResourceType: No package identifier when getting name for resource number 0x00000030
11-23 18:31:53.583  2283  2283 I ViewInteraction: Performing 'single click' action on view with id: 48 (resource name not found)
11-23 18:31:53.701  2283  2300 I DroidFlux:Dispatcher: [STARTED] dispatch of action [GIF_PLAY]
11-23 18:31:53.703  2283  2300 I DroidFlux:Dispatcher: [COMPLETED] dispatch of action [GIF_PLAY]
11-23 18:31:54.498  2283  2283 W ResourceType: No package identifier when getting name for resource number 0x00000034
11-23 18:31:54.499  2283  2283 I ViewInteraction: Performing 'scroll RecyclerView to position: 5' action on view with id: 52 (resource name not found)
11-23 18:31:54.827  2283  2283 W ResourceType: No package identifier when getting name for resource number 0x00000034
11-23 18:31:54.853  2283  2283 W ResourceType: No package identifier when getting name for resource number 0x0000003c
11-23 18:31:54.853  2283  2283 I ViewInteraction: Performing 'single click' action on view with id: 60 (resource name not found)
11-23 18:31:54.929  2283  2300 I DroidFlux:Dispatcher: [STARTED] dispatch of action [GIF_PLAY]
11-23 18:31:54.930  2283  2300 I DroidFlux:Dispatcher: [COMPLETED] dispatch of action [GIF_PLAY]
11-23 18:31:55.905  2283  2283 W ResourceType: No package identifier when getting name for resource number 0x00000040
11-23 18:31:55.906  2283  2283 I ViewInteraction: Performing 'scroll RecyclerView to position: 6' action on view with id: 64 (resource name not found)
11-23 18:31:56.306  2283  2283 W ResourceType: No package identifier when getting name for resource number 0x00000040
11-23 18:31:56.362  2283  2283 W ResourceType: No package identifier when getting name for resource number 0x00000048
11-23 18:31:56.362  2283  2283 I ViewInteraction: Performing 'single click' action on view with id: 72 (resource name not found)
11-23 18:31:56.539  2283  2300 I DroidFlux:Dispatcher: [STARTED] dispatch of action [GIF_PLAY]
11-23 18:31:56.541  2283  2300 I DroidFlux:Dispatcher: [COMPLETED] dispatch of action [GIF_PLAY]
11-23 18:31:56.582   989  1026 D AudioFlinger: mixer(0xa6f83240) throttle end: throttle time(9)
11-23 18:31:56.872  2283  2294 I art     : Background partial concurrent mark sweep GC freed 16125(1242KB) AllocSpace objects, 9(192KB) LOS objects, 34% free, 7MB/11MB, paused 34.566ms total 546.365ms
11-23 18:31:57.321  2283  2283 W ResourceType: No package identifier when getting name for resource number 0x0000004c
11-23 18:31:57.321  2283  2283 I ViewInteraction: Performing 'scroll RecyclerView to position: 7' action on view with id: 76 (resource name not found)
11-23 18:31:57.693  2283  2283 W ResourceType: No package identifier when getting name for resource number 0x0000004c
11-23 18:31:57.723  2283  2283 W ResourceType: No package identifier when getting name for resource number 0x00000054
11-23 18:31:57.724  2283  2283 I ViewInteraction: Performing 'single click' action on view with id: 84 (resource name not found)
11-23 18:31:57.810  2283  2300 I DroidFlux:Dispatcher: [STARTED] dispatch of action [GIF_PLAY]
11-23 18:31:57.813  2283  2300 I DroidFlux:Dispatcher: [COMPLETED] dispatch of action [GIF_PLAY]
11-23 18:31:58.583  2283  2283 W ResourceType: No package identifier when getting name for resource number 0x00000058
11-23 18:31:58.583  2283  2283 I ViewInteraction: Performing 'scroll RecyclerView to position: 8' action on view with id: 88 (resource name not found)
11-23 18:31:58.929  2283  2283 W ResourceType: No package identifier when getting name for resource number 0x00000058
11-23 18:31:58.993  2283  2283 W ResourceType: No package identifier when getting name for resource number 0x00000060
11-23 18:31:58.993  2283  2283 I ViewInteraction: Performing 'single click' action on view with id: 96 (resource name not found)
11-23 18:31:59.099  2283  2300 I DroidFlux:Dispatcher: [STARTED] dispatch of action [GIF_PLAY]
11-23 18:31:59.101  2283  2300 I DroidFlux:Dispatcher: [COMPLETED] dispatch of action [GIF_PLAY]
11-23 18:31:59.902  2283  2283 W ResourceType: No package identifier when getting name for resource number 0x00000064
11-23 18:31:59.902  2283  2283 I ViewInteraction: Performing 'scroll RecyclerView to position: 9' action on view with id: 100 (resource name not found)
11-23 18:32:00.214  2283  2283 W ResourceType: No package identifier when getting name for resource number 0x00000064
11-23 18:32:00.272  2283  2283 W ResourceType: No package identifier when getting name for resource number 0x0000006c
11-23 18:32:00.272  2283  2283 I ViewInteraction: Performing 'single click' action on view with id: 108 (resource name not found)
11-23 18:32:00.404  2283  2300 I DroidFlux:Dispatcher: [STARTED] dispatch of action [GIF_PLAY]
11-23 18:32:00.405  2283  2300 I DroidFlux:Dispatcher: [COMPLETED] dispatch of action [GIF_PLAY]
11-23 18:32:01.184  2283  2283 W ResourceType: No package identifier when getting name for resource number 0x00000070
11-23 18:32:01.185  2283  2283 I ViewInteraction: Performing 'scroll RecyclerView to position: 10' action on view with id: 112 (resource name not found)
11-23 18:32:01.606  2283  2283 W ResourceType: No package identifier when getting name for resource number 0x00000070
11-23 18:32:01.674  2283  2283 W ResourceType: No package identifier when getting name for resource number 0x00000078
11-23 18:32:01.675  2283  2283 I ViewInteraction: Performing 'single click' action on view with id: 120 (resource name not found)
11-23 18:32:01.749  2283  2300 I DroidFlux:Dispatcher: [STARTED] dispatch of action [GIF_PLAY]
11-23 18:32:01.750  2283  2300 I DroidFlux:Dispatcher: [COMPLETED] dispatch of action [GIF_PLAY]
11-23 18:32:02.517  2283  2283 W ResourceType: No package identifier when getting name for resource number 0x0000007c
11-23 18:32:02.540  2283  2283 I ViewInteraction: Performing 'scroll RecyclerView to position: 11' action on view with id: 124 (resource name not found)
11-23 18:32:02.866  2283  2283 W ResourceType: No package identifier when getting name for resource number 0x0000007c
11-23 18:32:02.927  2283  2283 W ResourceType: No package identifier when getting name for resource number 0x00000084
11-23 18:32:02.927  2283  2283 I ViewInteraction: Performing 'single click' action on view with id: 132 (resource name not found)
11-23 18:32:02.994  2283  2300 I DroidFlux:Dispatcher: [STARTED] dispatch of action [GIF_PLAY]
11-23 18:32:03.049  2283  2300 I DroidFlux:Dispatcher: [COMPLETED] dispatch of action [GIF_PLAY]
11-23 18:32:03.737  2283  2283 W ResourceType: No package identifier when getting name for resource number 0x00000088
11-23 18:32:03.770  2283  2283 I ViewInteraction: Performing 'scroll RecyclerView to position: 12' action on view with id: 136 (resource name not found)
11-23 18:32:03.954  2283  2294 I art     : Background sticky concurrent mark sweep GC freed 24080(2046KB) AllocSpace objects, 15(320KB) LOS objects, 19% free, 9MB/11MB, paused 7.896ms total 147.125ms
11-23 18:32:04.009  2283  2288 I art     : Do full code cache collection, code=122KB, data=121KB
11-23 18:32:04.010  2283  2288 I art     : After code cache collection, code=87KB, data=72KB
11-23 18:32:04.106  2283  2283 W ResourceType: No package identifier when getting name for resource number 0x00000088
11-23 18:32:04.157  2283  2283 W ResourceType: No package identifier when getting name for resource number 0x00000090
11-23 18:32:04.157  2283  2283 I ViewInteraction: Performing 'single click' action on view with id: 144 (resource name not found)
11-23 18:32:04.250  2283  2300 I DroidFlux:Dispatcher: [STARTED] dispatch of action [GIF_PLAY]
11-23 18:32:04.254  2283  2300 I DroidFlux:Dispatcher: [COMPLETED] dispatch of action [GIF_PLAY]
11-23 18:32:04.943  2283  2283 W ResourceType: No package identifier when getting name for resource number 0x00000094
11-23 18:32:04.943  2283  2283 I ViewInteraction: Performing 'scroll RecyclerView to position: 13' action on view with id: 148 (resource name not found)
11-23 18:32:05.314  2283  2283 W ResourceType: No package identifier when getting name for resource number 0x00000094
11-23 18:32:05.347  2283  2283 W ResourceType: No package identifier when getting name for resource number 0x0000009c
11-23 18:32:05.352  2283  2283 I ViewInteraction: Performing 'single click' action on view with id: 156 (resource name not found)
11-23 18:32:05.417  2283  2300 I DroidFlux:Dispatcher: [STARTED] dispatch of action [GIF_PLAY]
11-23 18:32:05.459   989  1026 D AudioFlinger: mixer(0xa6f83240) throttle end: throttle time(2)
11-23 18:32:05.466  2283  2300 I DroidFlux:Dispatcher: [COMPLETED] dispatch of action [GIF_PLAY]
11-23 18:32:05.966  2283  2283 W ResourceType: No package identifier when getting name for resource number 0x000000a0
11-23 18:32:05.966  2283  2283 I ViewInteraction: Performing 'scroll RecyclerView to position: 14' action on view with id: 160 (resource name not found)
11-23 18:32:06.342  2283  2283 W ResourceType: No package identifier when getting name for resource number 0x000000a0
11-23 18:32:06.393  2283  2283 W ResourceType: No package identifier when getting name for resource number 0x000000a8
11-23 18:32:06.393  2283  2283 I ViewInteraction: Performing 'single click' action on view with id: 168 (resource name not found)
11-23 18:32:06.526  2283  2300 I DroidFlux:Dispatcher: [STARTED] dispatch of action [GIF_PLAY]
11-23 18:32:06.563  2283  2300 I DroidFlux:Dispatcher: [COMPLETED] dispatch of action [GIF_PLAY]
11-23 18:32:07.433  2283  2283 W ResourceType: No package identifier when getting name for resource number 0x000000ac
11-23 18:32:07.433  2283  2283 I ViewInteraction: Performing 'scroll RecyclerView to position: 15' action on view with id: 172 (resource name not found)
11-23 18:32:07.793  2283  2283 W ResourceType: No package identifier when getting name for resource number 0x000000ac
11-23 18:32:07.823  2283  2294 I art     : Background sticky concurrent mark sweep GC freed 13732(1135KB) AllocSpace objects, 9(192KB) LOS objects, 10% free, 10MB/11MB, paused 8.285ms total 346.365ms
11-23 18:32:07.851  2283  2283 W ResourceType: No package identifier when getting name for resource number 0x000000b4
11-23 18:32:07.852  2283  2283 I ViewInteraction: Performing 'single click' action on view with id: 180 (resource name not found)
11-23 18:32:08.032  2283  2300 I DroidFlux:Dispatcher: [STARTED] dispatch of action [GIF_PLAY]
11-23 18:32:08.034  2283  2300 I DroidFlux:Dispatcher: [COMPLETED] dispatch of action [GIF_PLAY]
11-23 18:32:08.770  2283  2283 W ResourceType: No package identifier when getting name for resource number 0x000000b8
11-23 18:32:08.793  2283  2283 I ViewInteraction: Performing 'scroll RecyclerView to position: 16' action on view with id: 184 (resource name not found)
11-23 18:32:09.140  2283  2283 W ResourceType: No package identifier when getting name for resource number 0x000000b8
11-23 18:32:09.204  2283  2283 W ResourceType: No package identifier when getting name for resource number 0x000000c0
11-23 18:32:09.204  2283  2283 I ViewInteraction: Performing 'single click' action on view with id: 192 (resource name not found)
11-23 18:32:09.340  2283  2300 I DroidFlux:Dispatcher: [STARTED] dispatch of action [GIF_PLAY]
11-23 18:32:09.344  2283  2300 I DroidFlux:Dispatcher: [COMPLETED] dispatch of action [GIF_PLAY]
11-23 18:32:09.413   989  1026 D AudioFlinger: mixer(0xa6f83240) throttle end: throttle time(3)
11-23 18:32:10.274  2283  2283 W ResourceType: No package identifier when getting name for resource number 0x000000c4
11-23 18:32:10.291  2283  2283 I ViewInteraction: Performing 'scroll RecyclerView to position: 17' action on view with id: 196 (resource name not found)
11-23 18:32:10.529  2283  2294 I art     : Background partial concurrent mark sweep GC freed 14360(1042KB) AllocSpace objects, 14(2MB) LOS objects, 31% free, 8MB/12MB, paused 7.983ms total 215.158ms
11-23 18:32:10.643  2283  2283 W ResourceType: No package identifier when getting name for resource number 0x000000c4
11-23 18:32:10.701  2283  2283 W ResourceType: No package identifier when getting name for resource number 0x000000cc
11-23 18:32:10.701  2283  2283 I ViewInteraction: Performing 'single click' action on view with id: 204 (resource name not found)
11-23 18:32:10.800  2283  2300 I DroidFlux:Dispatcher: [STARTED] dispatch of action [GIF_PLAY]
11-23 18:32:10.803  2283  2300 I DroidFlux:Dispatcher: [COMPLETED] dispatch of action [GIF_PLAY]
11-23 18:32:11.502  2283  2283 W ResourceType: No package identifier when getting name for resource number 0x000000d0
11-23 18:32:11.503  2283  2283 I ViewInteraction: Performing 'scroll RecyclerView to position: 18' action on view with id: 208 (resource name not found)
11-23 18:32:11.817  2283  2283 W ResourceType: No package identifier when getting name for resource number 0x000000d0
11-23 18:32:11.862  2283  2283 W ResourceType: No package identifier when getting name for resource number 0x000000d8
11-23 18:32:11.862  2283  2283 I ViewInteraction: Performing 'single click' action on view with id: 216 (resource name not found)
11-23 18:32:11.944  2283  2300 I DroidFlux:Dispatcher: [STARTED] dispatch of action [GIF_PLAY]
11-23 18:32:11.946  2283  2300 I DroidFlux:Dispatcher: [COMPLETED] dispatch of action [GIF_PLAY]
11-23 18:32:12.777  2283  2283 W ResourceType: No package identifier when getting name for resource number 0x000000e3
11-23 18:32:12.777  2283  2283 I ViewInteraction: Performing 'single click' action on view with id: 227 (resource name not found)
11-23 18:32:12.905  2283  2300 I DroidFlux:Dispatcher: [STARTED] dispatch of action [GIF_PAUSE]
11-23 18:32:12.969  2283  2300 I DroidFlux:Dispatcher: [COMPLETED] dispatch of action [GIF_PAUSE]
11-23 18:32:13.562  2283  2283 D LifecycleMonitor: Lifecycle status change: br.com.catbag.gifreduxsample.ui.GifListActivity@6185778 in: PAUSED
11-23 18:32:13.584  2283  2299 I TestRunner: finished: whenListKeepOrderedAfterPlayTest(br.com.catbag.gifreduxsample.ui.giflist.GifListActivityTest)
11-23 18:32:13.717   978   978 D gralloc : Registering a buffer in the process that created it. This may cause memory ordering problems.
11-23 18:32:13.725   978   978 E libEGL  : called unimplemented OpenGL ES API
11-23 18:32:13.726   978   978 E SurfaceFlinger: glCheckFramebufferStatusOES error 2095471427
11-23 18:32:13.726   978   978 E SurfaceFlinger: got GL_FRAMEBUFFER_COMPLETE_OES error while taking screenshot
11-23 18:32:13.729  1239  1437 W WindowManager: Screenshot failure taking screenshot for (480x800) to layer 21005
11-23 18:32:13.756  2283  2283 I MonitoringInstrumentation: Activities that are still in CREATED to STOPPED: 1
11-23 18:32:13.756  2283  2299 I TestRunner: started: whenGifIsWatchedTest(br.com.catbag.gifreduxsample.ui.giflist.GifListActivityTest)
11-23 18:32:13.804  2283  2283 I MonitoringInstrumentation: Activities that are still in CREATED to STOPPED: 1
11-23 18:32:13.935  2283  2300 I DroidFlux:Dispatcher: [STARTED] dispatch of action [FAKE_REDUCE_ACTION]
11-23 18:32:13.936  2283  2300 I DroidFlux:Dispatcher: [COMPLETED] dispatch of action [FAKE_REDUCE_ACTION]
11-23 18:32:13.969  2283  2324 D ActivityTestRule: Launching activity br.com.catbag.gifreduxsample.ui.GifListActivity
11-23 18:32:13.977  1716  1716 I Choreographer: Skipped 49 frames!  The application may be doing too much work on its main thread.
11-23 18:32:14.045  2283  2325 D MonitoringInstrumentation: execStartActivity(context, ibinder, ibinder, activity, intent, int, bundle
11-23 18:32:14.046  1239  1422 I ActivityManager: START u0 {flg=0x10000000 cmp=br.com.catbag.gifreduxsample/.ui.GifListActivity} from uid 10060 on display 0
11-23 18:32:14.239  1239  1252 W art     : Long monitor contention with owner Binder:1239_4 (1422) at int com.android.server.am.ActivityStarter.startActivityMayWait(android.app.IApplicationThread, int, java.lang.String, android.content.Intent, java.lang.String, android.service.voice.IVoiceInteractionSession, com.android.internal.app.IVoiceInteractor, android.os.IBinder, java.lang.String, int, int, android.app.ProfilerInfo, android.app.IActivityManager$WaitResult, android.content.res.Configuration, android.os.Bundle, boolean, int, android.app.IActivityContainer, com.android.server.am.TaskRecord)(ActivityStarter.java:725) waiters=0 in void com.android.server.am.ActivityManagerService$3.handleMessage(android.os.Message) for 176ms
11-23 18:32:14.243  1239  1253 W art     : Long monitor contention with owner Binder:1239_4 (1422) at int com.android.server.am.ActivityStarter.startActivityMayWait(android.app.IApplicationThread, int, java.lang.String, android.content.Intent, java.lang.String, android.service.voice.IVoiceInteractionSession, com.android.internal.app.IVoiceInteractor, android.os.IBinder, java.lang.String, int, int, android.app.ProfilerInfo, android.app.IActivityManager$WaitResult, android.content.res.Configuration, android.os.Bundle, boolean, int, android.app.IActivityContainer, com.android.server.am.TaskRecord)(ActivityStarter.java:725) waiters=1 in void com.android.server.am.ActivityStack$ActivityStackHandler.handleMessage(android.os.Message) for 140ms
11-23 18:32:14.291  1239  1260 I Choreographer: Skipped 48 frames!  The application may be doing too much work on its main thread.
11-23 18:32:14.446  1239  1260 I Choreographer: Skipped 35 frames!  The application may be doing too much work on its main thread.
11-23 18:32:14.454  1716  1716 I Choreographer: Skipped 61 frames!  The application may be doing too much work on its main thread.
11-23 18:32:14.496  2283  2283 D LifecycleMonitor: Lifecycle status change: br.com.catbag.gifreduxsample.ui.GifListActivity@43a5057 in: PRE_ON_CREATE
11-23 18:32:14.638  2283  2283 D LifecycleMonitor: Lifecycle status change: br.com.catbag.gifreduxsample.ui.GifListActivity@43a5057 in: CREATED
11-23 18:32:14.641  2283  2300 I DroidFlux:Dispatcher: [STARTED] dispatch of action [APP_STATE_LOAD]
11-23 18:32:14.642  2283  2300 D DroidFlux:Dispatcher: An action of type [APP_STATE_LOAD] was dispatched, but no reducer handled it
11-23 18:32:14.642  2283  2300 I DroidFlux:Dispatcher: [COMPLETED] dispatch of action [APP_STATE_LOAD]
11-23 18:32:14.643  2283  2283 D LifecycleMonitor: Lifecycle status change: br.com.catbag.gifreduxsample.ui.GifListActivity@43a5057 in: STARTED
11-23 18:32:14.645  2283  2283 D LifecycleMonitor: Lifecycle status change: br.com.catbag.gifreduxsample.ui.GifListActivity@43a5057 in: RESUMED
11-23 18:32:14.850  1239  1476 W art     : Long monitor contention with owner android.display (1260) at void com.android.server.wm.WindowAnimator$1.doFrame(long)(WindowAnimator.java:138) waiters=1 in int com.android.server.wm.WindowManagerService.addWindow(com.android.server.wm.Session, android.view.IWindow, int, android.view.WindowManager$LayoutParams, int, int, android.graphics.Rect, android.graphics.Rect, android.graphics.Rect, android.view.InputChannel) for 144ms
11-23 18:32:14.872  2283  2283 I Choreographer: Skipped 106 frames!  The application may be doing too much work on its main thread.
11-23 18:32:14.967  1239  1437 I WindowManager: Destroying surface Surface(name=com.android.launcher3/com.android.launcher3.Launcher) called by com.android.server.wm.WindowStateAnimator.destroySurface:2014 com.android.server.wm.WindowStateAnimator.destroySurfaceLocked:881 com.android.server.wm.WindowState.destroyOrSaveSurface:2073 com.android.server.wm.AppWindowToken.destroySurfaces:363 com.android.server.wm.AppWindowToken.notifyAppStopped:389 com.android.server.wm.WindowManagerService.notifyAppStopped:4456 com.android.server.am.ActivityStack.activityStoppedLocked:1252 com.android.server.am.ActivityManagerService.activityStopped:6873 
11-23 18:32:15.215  2283  2283 E Feed    : Gif{uuid=1e1a66b8-2252-49db-9291-13453ab4998f, path=, url=, title=, watched=true, status=DOWNLOADED}
11-23 18:32:15.215  2283  2283 E Feed    : pl.droidsonroids.gif.GifIOException: GifError 101: Failed to open given input
11-23 18:32:15.215  2283  2283 E Feed    : 	at pl.droidsonroids.gif.GifInfoHandle.openFile(Native Method)
11-23 18:32:15.215  2283  2283 E Feed    : 	at pl.droidsonroids.gif.GifInfoHandle.<init>(GifInfoHandle.java:46)
11-23 18:32:15.215  2283  2283 E Feed    : 	at pl.droidsonroids.gif.GifDrawable.<init>(GifDrawable.java:124)
11-23 18:32:15.215  2283  2283 E Feed    : 	at br.com.catbag.gifreduxsample.ui.components.FeedComponent.createDrawable(FeedComponent.java:104)
11-23 18:32:15.215  2283  2283 E Feed    : 	at br.com.catbag.gifreduxsample.ui.components.FeedComponent.lambda$renderGifView$2(FeedComponent.java:90)
11-23 18:32:15.215  2283  2283 E Feed    : 	at br.com.catbag.gifreduxsample.ui.components.FeedComponent$$Lambda$2.view(Unknown Source)
11-23 18:32:15.215  2283  2283 E Feed    : 	at trikita.anvil.BaseDSL.v(BaseDSL.java:670)
11-23 18:32:15.215  2283  2283 E Feed    : 	at br.com.catbag.gifreduxsample.ui.components.FeedComponent.renderGifView(FeedComponent.java:88)
