11-23 13:43:42.432  1237  1258 I WindowManager: Destroying surface Surface(name=br.com.catbag.gifreduxsample/br.com.catbag.gifreduxsample.ui.GifListActivity) called by com.android.server.wm.WindowStateAnimator.destroySurface:2014 com.android.server.wm.WindowStateAnimator.destroySurfaceLocked:881 com.android.server.wm.WindowState.removeLocked:1449 com.android.server.wm.WindowManagerService.removeWindowInnerLocked:2478 com.android.server.wm.AppWindowToken.destroySurfaces:365 com.android.server.wm.WindowStateAnimator.finishExit:565 com.android.server.wm.WindowStateAnimator.stepAnimationLocked:491 com.android.server.wm.WindowAnimator.updateWindowsLocked:303 
11-23 13:43:43.455  2382  2382 D AndroidRuntime: >>>>>> START com.android.internal.os.RuntimeInit uid 2000 <<<<<<
11-23 13:43:43.459  2382  2382 D AndroidRuntime: CheckJNI is ON
11-23 13:43:43.540  2382  2382 W art     : Unexpected CPU variant for X86 using defaults: x86
11-23 13:43:43.553  2382  2382 D ICU     : No timezone override file found: /data/misc/zoneinfo/current/icu/icu_tzdata.dat
11-23 13:43:43.602  2382  2382 E memtrack: Couldn't load memtrack module (No such file or directory)
11-23 13:43:43.602  2382  2382 E android.os.Debug: failed to load memtrack module: -2
11-23 13:43:43.613  2382  2382 I Radio-JNI: register_android_hardware_Radio DONE
11-23 13:43:43.648  2382  2382 D AndroidRuntime: Calling main entry com.android.commands.pm.Pm
11-23 13:43:43.697  1237  1251 I ActivityManager: Force stopping br.com.catbag.gifreduxsample.test appid=10061 user=-1: deletePackageX
11-23 13:43:43.889  1237  1263 I art     : Starting a blocking GC Explicit
11-23 13:43:43.992  1237  1263 I art     : Explicit concurrent mark sweep GC freed 28570(1934KB) AllocSpace objects, 9(180KB) LOS objects, 33% free, 7MB/10MB, paused 5.809ms total 96.561ms
11-23 13:43:44.024  2382  2382 I art     : System.exit called, status: 0
11-23 13:43:44.024  2382  2382 I AndroidRuntime: VM exiting with result code 0.
11-23 13:43:44.077  1237  1263 I ActivityManager: Force stopping br.com.catbag.gifreduxsample.test appid=10061 user=0: pkg removed
11-23 13:43:44.438  1237  1263 W art     : Long monitor contention with owner Binder:1237_5 (1544) at android.content.pm.PackageCleanItem com.android.server.pm.PackageManagerService.nextPackageToClean(android.content.pm.PackageCleanItem)(PackageManagerService.java:11429) waiters=0 in boolean com.android.server.pm.PackageManagerService.isProtectedBroadcast(java.lang.String) for 190ms
11-23 13:43:44.448  1237  1251 W art     : Long monitor contention with owner PackageManager (1263) at int com.android.server.am.ActivityManagerService.broadcastIntent(android.app.IApplicationThread, android.content.Intent, java.lang.String, android.content.IIntentReceiver, int, java.lang.String, android.os.Bundle, java.lang.String[], int, android.os.Bundle, boolean, boolean, int)(ActivityManagerService.java:18249) waiters=1 in void com.android.server.am.BroadcastQueue.processNextBroadcast(boolean) for 201ms
11-23 13:43:44.484  1237  1279 I InputReader: Reconfiguring input devices.  changes=0x00000010
11-23 13:43:44.536  1237  1263 E KernelUidCpuTimeReader: failed to remove uid from uid_cputime module
11-23 13:43:44.536  1237  1263 E KernelUidCpuTimeReader: java.io.FileNotFoundException: /proc/uid_cputime/remove_uid_range (No such file or directory)
11-23 13:43:44.536  1237  1263 E KernelUidCpuTimeReader: 	at java.io.FileOutputStream.open(Native Method)
11-23 13:43:44.536  1237  1263 E KernelUidCpuTimeReader: 	at java.io.FileOutputStream.<init>(FileOutputStream.java:221)
11-23 13:43:44.536  1237  1263 E KernelUidCpuTimeReader: 	at java.io.FileOutputStream.<init>(FileOutputStream.java:108)
11-23 13:43:44.536  1237  1263 E KernelUidCpuTimeReader: 	at java.io.FileWriter.<init>(FileWriter.java:63)
11-23 13:43:44.536  1237  1263 E KernelUidCpuTimeReader: 	at com.android.internal.os.KernelUidCpuTimeReader.removeUid(KernelUidCpuTimeReader.java:158)
11-23 13:43:44.536  1237  1263 E KernelUidCpuTimeReader: 	at com.android.internal.os.BatteryStatsImpl.removeUidStatsLocked(BatteryStatsImpl.java:9805)
11-23 13:43:44.536  1237  1263 E KernelUidCpuTimeReader: 	at com.android.server.am.BatteryStatsService.removeUid(BatteryStatsService.java:291)
11-23 13:43:44.536  1237  1263 E KernelUidCpuTimeReader: 	at com.android.server.am.ActivityManagerService.broadcastIntentLocked(ActivityManagerService.java:17767)
11-23 13:43:44.536  1237  1263 E KernelUidCpuTimeReader: 	at com.android.server.am.ActivityManagerService.broadcastIntent(ActivityManagerService.java:18256)
11-23 13:43:44.536  1237  1263 E KernelUidCpuTimeReader: 	at com.android.server.pm.PackageManagerService$8.run(PackageManagerService.java:11407)
11-23 13:43:44.536  1237  1263 E KernelUidCpuTimeReader: 	at android.os.Handler.handleCallback(Handler.java:751)
11-23 13:43:44.536  1237  1263 E KernelUidCpuTimeReader: 	at android.os.Handler.dispatchMessage(Handler.java:95)
11-23 13:43:44.536  1237  1263 E KernelUidCpuTimeReader: 	at android.os.Looper.loop(Looper.java:154)
11-23 13:43:44.536  1237  1263 E KernelUidCpuTimeReader: 	at android.os.HandlerThread.run(HandlerThread.java:61)
11-23 13:43:44.536  1237  1263 E KernelUidCpuTimeReader: 	at com.android.server.ServiceThread.run(ServiceThread.java:46)
11-23 13:43:44.809  1237  1252 W art     : Long monitor contention with owner NetworkPolicy (1300) at boolean java.io.UnixFileSystem.rename0(java.io.File, java.io.File)(UnixFileSystem.java:-2) waiters=0 in void com.android.server.net.NetworkPolicyManagerService$1.onUidStateChanged(int, int) for 293ms
11-23 13:43:44.948  1439  1439 D CarrierSvcBindHelper: No carrier app for: 0
11-23 13:43:45.314  1237  1250 W LocationProviderProxy-network: Odd, no component found for service com.android.location.service.v3.NetworkLocationProvider
11-23 13:43:45.326  1237  1250 W GeocoderProxy: Odd, no component found for service com.android.location.service.GeocodeProvider
11-23 13:43:45.326  1237  1250 W GeofenceProxy: Odd, no component found for service com.android.location.service.GeofenceProvider
11-23 13:43:45.327  1237  1250 W ActivityRecognitionProxy: Odd, no component found for service com.android.location.service.ActivityRecognitionProvider
11-23 13:43:45.497  1659  1703 I art     : Background sticky concurrent mark sweep GC freed 2787(282KB) AllocSpace objects, 0(0B) LOS objects, 21% free, 2MB/2MB, paused 52.187ms total 274.321ms
11-23 13:43:45.498  1237  1324 E TaskPersister: File error accessing recents directory (directory doesn't exist?).
11-23 13:43:45.837  2396  2396 D AndroidRuntime: >>>>>> START com.android.internal.os.RuntimeInit uid 2000 <<<<<<
11-23 13:43:45.849  2396  2396 D AndroidRuntime: CheckJNI is ON
11-23 13:43:45.912  2396  2396 W art     : Unexpected CPU variant for X86 using defaults: x86
11-23 13:43:45.918  2396  2396 D ICU     : No timezone override file found: /data/misc/zoneinfo/current/icu/icu_tzdata.dat
11-23 13:43:45.953  2396  2396 E memtrack: Couldn't load memtrack module (No such file or directory)
11-23 13:43:45.953  2396  2396 E android.os.Debug: failed to load memtrack module: -2
11-23 13:43:45.954  2396  2396 I Radio-JNI: register_android_hardware_Radio DONE
11-23 13:43:46.028  2396  2396 D AndroidRuntime: Calling main entry com.android.commands.pm.Pm
11-23 13:43:46.053  1237  1251 I ActivityManager: Force stopping br.com.catbag.gifreduxsample appid=10060 user=-1: deletePackageX
11-23 13:43:46.070  1749  1749 I Choreographer: Skipped 145 frames!  The application may be doing too much work on its main thread.
11-23 13:43:46.246  1237  1263 I art     : Starting a blocking GC Explicit
11-23 13:43:46.318  1237  1263 I art     : Explicit concurrent mark sweep GC freed 31128(1639KB) AllocSpace objects, 8(160KB) LOS objects, 33% free, 6MB/10MB, paused 7.108ms total 67.423ms
11-23 13:43:46.336  2396  2396 I art     : System.exit called, status: 0
11-23 13:43:46.336  2396  2396 I AndroidRuntime: VM exiting with result code 0.
11-23 13:43:48.487  1721  1721 W ContextImpl: Calling a method in the system process without a qualified user: android.app.ContextImpl.startService:1385 android.content.ContextWrapper.startService:613 android.content.ContextWrapper.startService:613 com.android.keychain.KeyChainBroadcastReceiver.onReceive:12 android.app.ActivityThread.handleReceiver:3011 
11-23 13:43:49.603  1721  1732 I art     : WaitForGcToComplete blocked for 41.222ms for cause Background
11-23 13:43:50.300  1680  2410 D VoicemailCleanupService: Cleaning up data for package: br.com.catbag.gifreduxsample.test
11-23 13:43:50.720  1325  1477 I LatinIME:LogUtils: Dictionary info: dictionary = main:en ; version = 54 ; date = 1414726273
11-23 13:43:50.929  1659  1703 I art     : WaitForGcToComplete blocked for 69.344ms for cause HeapTrim
11-23 13:43:51.288  1237  1555 W art     : Long monitor contention with owner PackageManager (1263) at int android.content.res.AssetManager.loadResourceValue!(int, short, android.util.TypedValue, boolean)(AssetManager.java:-2) waiters=0 in boolean com.android.server.MountService.isUserKeyUnlocked(int) for 1.332s
11-23 13:43:51.293  1237  1555 W ActivityManager: Slow operation: 2079ms so far, now at startProcess: getting gids from package manager
11-23 13:43:51.375  1237  1555 W ActivityManager: Slow operation: 2080ms so far, now at startProcess: building args
11-23 13:43:51.375  1237  1555 W ActivityManager: Slow operation: 2161ms so far, now at startProcess: asking zygote to start proc
11-23 13:43:51.550  1237  1555 W ActivityManager: Slow operation: 2336ms so far, now at startProcess: returned from zygote!
11-23 13:43:51.629  1237  1555 W ActivityManager: Slow operation: 2337ms so far, now at startProcess: done updating battery stats
11-23 13:43:51.630  1237  1555 W ActivityManager: Slow operation: 2416ms so far, now at startProcess: building log message
11-23 13:43:51.630  1237  1555 I ActivityManager: Start proc 2413:com.android.documentsui/u0a7 for broadcast com.android.documentsui/.PackageReceiver
11-23 13:43:51.631  1237  1555 W ActivityManager: Slow operation: 2416ms so far, now at startProcess: starting to update pids map
11-23 13:43:51.639  1237  1555 W ActivityManager: Slow operation: 2417ms so far, now at startProcess: done updating pids map
11-23 13:43:51.639  1237  1555 W ActivityManager: Slow operation: 2433ms so far, now at startProcess: done starting proc!
11-23 13:43:51.640  1237  1252 W art     : Long monitor contention with owner Binder:1237_6 (1555) at void com.android.server.am.BroadcastQueue.processNextBroadcast(boolean)(BroadcastQueue.java:754) waiters=0 in void com.android.server.am.ActivityManagerService.dispatchUidsChanged() for 2.426s
11-23 13:43:51.649  1237  1267 W art     : Long monitor contention with owner Binder:1237_6 (1555) at void com.android.server.am.BroadcastQueue.processNextBroadcast(boolean)(BroadcastQueue.java:754) waiters=1 in boolean com.android.server.am.ActivityManagerService.unbindService(android.app.IServiceConnection) for 742ms
11-23 13:43:51.669  2413  2413 W art     : Unexpected CPU variant for X86 using defaults: x86
11-23 13:43:52.104  1237  1263 W art     : Long monitor contention with owner Binder:1237_6 (1555) at void com.android.server.am.BroadcastQueue.processNextBroadcast(boolean)(BroadcastQueue.java:754) waiters=2 in android.content.ComponentName com.android.server.am.ActivityManagerService.startService(android.app.IApplicationThread, android.content.Intent, java.lang.String, java.lang.String, int) for 797ms
11-23 13:43:53.349  1237  1263 I ActivityManager: Force stopping br.com.catbag.gifreduxsample appid=10060 user=0: pkg removed
11-23 13:43:53.608  1749  1749 W art     : Long monitor contention with owner Binder:1749_4 (2364) at boolean android.os.MessageQueue.enqueueMessage(android.os.Message, long)(MessageQueue.java:541) waiters=0 in android.os.Message android.os.MessageQueue.next() for 135ms
11-23 13:43:53.941  1237  1263 E KernelUidCpuTimeReader: failed to remove uid from uid_cputime module
11-23 13:43:53.941  1237  1263 E KernelUidCpuTimeReader: java.io.FileNotFoundException: /proc/uid_cputime/remove_uid_range (No such file or directory)
11-23 13:43:53.941  1237  1263 E KernelUidCpuTimeReader: 	at java.io.FileOutputStream.open(Native Method)
11-23 13:43:53.941  1237  1263 E KernelUidCpuTimeReader: 	at java.io.FileOutputStream.<init>(FileOutputStream.java:221)
11-23 13:43:53.941  1237  1263 E KernelUidCpuTimeReader: 	at java.io.FileOutputStream.<init>(FileOutputStream.java:108)
11-23 13:43:53.941  1237  1263 E KernelUidCpuTimeReader: 	at java.io.FileWriter.<init>(FileWriter.java:63)
11-23 13:43:53.941  1237  1263 E KernelUidCpuTimeReader: 	at com.android.internal.os.KernelUidCpuTimeReader.removeUid(KernelUidCpuTimeReader.java:158)
11-23 13:43:53.941  1237  1263 E KernelUidCpuTimeReader: 	at com.android.internal.os.BatteryStatsImpl.removeUidStatsLocked(BatteryStatsImpl.java:9805)
11-23 13:43:53.941  1237  1263 E KernelUidCpuTimeReader: 	at com.android.server.am.BatteryStatsService.removeUid(BatteryStatsService.java:291)
11-23 13:43:53.941  1237  1263 E KernelUidCpuTimeReader: 	at com.android.server.am.ActivityManagerService.broadcastIntentLocked(ActivityManagerService.java:17767)
11-23 13:43:53.941  1237  1263 E KernelUidCpuTimeReader: 	at com.android.server.am.ActivityManagerService.broadcastIntent(ActivityManagerService.java:18256)
11-23 13:43:53.941  1237  1263 E KernelUidCpuTimeReader: 	at com.android.server.pm.PackageManagerService$8.run(PackageManagerService.java:11407)
11-23 13:43:53.941  1237  1263 E KernelUidCpuTimeReader: 	at android.os.Handler.handleCallback(Handler.java:751)
11-23 13:43:53.941  1237  1263 E KernelUidCpuTimeReader: 	at android.os.Handler.dispatchMessage(Handler.java:95)
11-23 13:43:53.941  1237  1263 E KernelUidCpuTimeReader: 	at android.os.Looper.loop(Looper.java:154)
11-23 13:43:53.941  1237  1263 E KernelUidCpuTimeReader: 	at android.os.HandlerThread.run(HandlerThread.java:61)
11-23 13:43:53.941  1237  1263 E KernelUidCpuTimeReader: 	at com.android.server.ServiceThread.run(ServiceThread.java:46)
11-23 13:43:54.439  1237  1324 W art     : Long monitor contention with owner PackageManager (1263) at int com.android.server.am.ActivityManagerService.broadcastIntent(android.app.IApplicationThread, android.content.Intent, java.lang.String, android.content.IIntentReceiver, int, java.lang.String, android.os.Bundle, java.lang.String[], int, android.os.Bundle, boolean, boolean, int)(ActivityManagerService.java:18249) waiters=1 in void com.android.server.am.TaskPersister$LazyTaskWriterThread.run() for 461ms
11-23 13:43:54.459  1237  1324 E TaskPersister: File error accessing recents directory (directory doesn't exist?).
11-23 13:43:55.194  1237  1250 W art     : Long monitor contention with owner PackageManager (1263) at void com.android.server.pm.PackageManagerService$PackageHandler.doHandleMessage(android.os.Message)(PackageManagerService.java:1666) waiters=0 in java.util.List com.android.server.pm.PackageManagerService.queryIntentServicesInternal(android.content.Intent, java.lang.String, int, int) for 1.123s
11-23 13:43:55.198  1237  1555 W art     : Long monitor contention with owner PackageManager (1263) at void com.android.server.pm.PackageManagerService$PackageHandler.doHandleMessage(android.os.Message)(PackageManagerService.java:1666) waiters=1 in java.util.List com.android.server.pm.PackageManagerService.queryIntentReceiversInternal(android.content.Intent, java.lang.String, int, int) for 1.045s
11-23 13:43:55.220  1237  1258 W art     : Long monitor contention with owner PackageManager (1263) at void com.android.server.pm.PackageManagerService$PackageHandler.doHandleMessage(android.os.Message)(PackageManagerService.java:1666) waiters=2 in java.util.List com.android.server.pm.PackageManagerService.queryIntentReceiversInternal(android.content.Intent, java.lang.String, int, int) for 792ms
11-23 13:43:55.777  1237  1279 I InputReader: Reconfiguring input devices.  changes=0x00000010
11-23 13:43:56.152  1237  1633 W art     : Long monitor contention with owner main (1237) at android.content.pm.UserInfo com.android.server.pm.UserManagerService.getUserInfoNoChecks(int)(UserManagerService.java:920) waiters=0 in android.content.pm.UserInfo com.android.server.pm.UserManagerService.getUserInfoNoChecks(int) for 192ms
11-23 13:43:56.605  1439  1439 D CarrierSvcBindHelper: No carrier app for: 0
11-23 13:43:56.741  1749  1760 I art     : Background partial concurrent mark sweep GC freed 2417(148KB) AllocSpace objects, 7(124KB) LOS objects, 40% free, 3MB/6MB, paused 276.799ms total 2.794s
11-23 13:43:58.000  1659  1703 I art     : HomogeneousSpaceCompact marksweep + semispace GC freed 250(42KB) AllocSpace objects, 0(0B) LOS objects, 39% free, 2029KB/3MB, paused 426.631ms total 426.631ms
11-23 13:43:58.141  1237  1250 W LocationProviderProxy-network: Odd, no component found for service com.android.location.service.v3.NetworkLocationProvider
11-23 13:43:58.143  1237  1250 W GeocoderProxy: Odd, no component found for service com.android.location.service.GeocodeProvider
11-23 13:43:58.143  1237  1250 W GeofenceProxy: Odd, no component found for service com.android.location.service.GeofenceProvider
11-23 13:43:58.144  1237  1250 W ActivityRecognitionProxy: Odd, no component found for service com.android.location.service.ActivityRecognitionProvider
11-23 13:43:58.856  1749  1749 I Choreographer: Skipped 39 frames!  The application may be doing too much work on its main thread.
11-23 13:43:59.254  1749  1749 I Choreographer: Skipped 31 frames!  The application may be doing too much work on its main thread.
11-23 13:43:59.387  1348  1371 W art     : Suspending all threads took: 11.248ms
11-23 13:44:00.042  1348  1371 I art     : Background partial concurrent mark sweep GC freed 45715(1710KB) AllocSpace objects, 12(5MB) LOS objects, 39% free, 4MB/7MB, paused 28.197ms total 1.726s
11-23 13:44:01.049  1721  1732 W art     : Suspending all threads took: 281.294ms
11-23 13:44:01.992  1325  1477 I LatinIME:LogUtils: Dictionary info: dictionary = main:en ; version = 54 ; date = 1414726273
11-23 13:44:02.007  2413  2413 W System  : ClassLoader referenced unknown path: /system/priv-app/DocumentsUI/lib/x86
11-23 13:44:02.906  2413  2424 W art     : Suspending all threads took: 273.389ms
11-23 13:44:04.433  2413  2424 W art     : Suspending all threads took: 70.110ms
11-23 13:44:05.265  1237  1249 W ActivityManager: Slow operation: 176ms so far, now at startProcess: returned from zygote!
11-23 13:44:05.266  1237  1249 W ActivityManager: Slow operation: 183ms so far, now at startProcess: done updating battery stats
11-23 13:44:05.267  1237  1249 W ActivityManager: Slow operation: 184ms so far, now at startProcess: building log message
11-23 13:44:05.281  1237  1249 I ActivityManager: Start proc 2433:com.android.externalstorage/u0a11 for content provider com.android.externalstorage/.ExternalStorageProvider
11-23 13:44:05.282  1237  1249 W ActivityManager: Slow operation: 198ms so far, now at startProcess: starting to update pids map
11-23 13:44:05.306  1237  1249 W ActivityManager: Slow operation: 199ms so far, now at startProcess: done updating pids map
11-23 13:44:05.306  1237  1249 W ActivityManager: Slow operation: 239ms so far, now at startProcess: done starting proc!
11-23 13:44:05.307  1237  1249 W ActivityManager: Slow operation: 259ms so far, now at getContentProviderImpl: after start process
11-23 13:44:05.307  1237  1249 W ActivityManager: Slow operation: 260ms so far, now at getContentProviderImpl: updating data structures
11-23 13:44:05.313  1237  1249 W ActivityManager: Slow operation: 266ms so far, now at getContentProviderImpl: done!
11-23 13:44:05.482  2433  2433 W art     : Unexpected CPU variant for X86 using defaults: x86
11-23 13:44:05.689  1237  1544 I ActivityManager: Killing 1498:com.android.settings/1000 (adj 906): empty #17
11-23 13:44:05.696  1237  1544 I ActivityManager: Killing 2001:com.android.quicksearchbox/u0a50 (adj 906): empty #18
11-23 13:44:06.990  2433  2433 W System  : ClassLoader referenced unknown path: /system/priv-app/ExternalStorageProvider/lib/x86
11-23 13:44:07.612  2433  2433 D ExternalStorage: After updating volumes, found 2 active roots
11-23 13:44:07.677  1918  1929 W art     : Suspending all threads took: 177.011ms
11-23 13:44:08.261  1659  1703 W art     : Suspending all threads took: 9.352ms
11-23 13:44:08.977  1237  1544 W ActivityManager: Slow operation: 166ms so far, now at startProcess: returned from zygote!
11-23 13:44:09.020  2451  2451 W art     : Unexpected CPU variant for X86 using defaults: x86
11-23 13:44:09.027  1237  1544 W ActivityManager: Slow operation: 166ms so far, now at startProcess: done updating battery stats
11-23 13:44:09.027  1237  1544 W ActivityManager: Slow operation: 216ms so far, now at startProcess: building log message
11-23 13:44:09.027  1237  1544 I ActivityManager: Start proc 2451:com.android.mtp/u0a8 for content provider com.android.mtp/.MtpDocumentsProvider
11-23 13:44:09.028  1237  1544 W ActivityManager: Slow operation: 217ms so far, now at startProcess: starting to update pids map
11-23 13:44:09.028  1237  1544 W ActivityManager: Slow operation: 217ms so far, now at startProcess: done updating pids map
11-23 13:44:09.029  1237  1544 W ActivityManager: Slow operation: 233ms so far, now at startProcess: done starting proc!
11-23 13:44:09.034  1237  1544 W ActivityManager: Slow operation: 269ms so far, now at getContentProviderImpl: after start process
11-23 13:44:09.035  1237  1544 W ActivityManager: Slow operation: 274ms so far, now at getContentProviderImpl: updating data structures
11-23 13:44:09.035  1237  1544 W ActivityManager: Slow operation: 275ms so far, now at getContentProviderImpl: done!
11-23 13:44:10.047  1721  1721 W ContextImpl: Calling a method in the system process without a qualified user: android.app.ContextImpl.startService:1385 android.content.ContextWrapper.startService:613 android.content.ContextWrapper.startService:613 com.android.keychain.KeyChainBroadcastReceiver.onReceive:12 android.app.ActivityThread.handleReceiver:3011 
11-23 13:44:10.609  1680  2467 D VoicemailCleanupService: Cleaning up data for package: br.com.catbag.gifreduxsample
11-23 13:44:12.391  1237  1248 D VoldConnector: SND -> {30 appfuse mount 10008 2451 MtpDocumentsProvider}
11-23 13:44:12.851  1237  1658 I ActivityManager: Killing 2037:com.android.dialer/u0a6 (adj 906): empty #17
11-23 13:44:13.005  1237  1281 D VoldConnector: RCV <- {200 30 AppFuse command succeeded}
11-23 13:44:13.019  1237  1248 E VoldConnector: NDC Command {30 appfuse mount 10008 2451 MtpDocumentsProvider} took too long (629ms)
11-23 13:44:29.550  1237  1321 D LightsService: Excessive delay setting light: 68ms
