--------- beginning of main
11-22 13:42:49.584  2175  2175 D AndroidRuntime: >>>>>> START com.android.internal.os.RuntimeInit uid 2000 <<<<<<
11-22 13:42:49.701  2175  2175 D AndroidRuntime: CheckJNI is ON
11-22 13:42:50.384  2175  2175 W art     : Unexpected CPU variant for X86 using defaults: x86
11-22 13:42:50.673  2175  2175 D ICU     : No timezone override file found: /data/misc/zoneinfo/current/icu/icu_tzdata.dat
11-22 13:42:51.574  2175  2175 E memtrack: Couldn't load memtrack module (No such file or directory)
11-22 13:42:51.575  2175  2175 E android.os.Debug: failed to load memtrack module: -2
11-22 13:42:51.625  2175  2175 I Radio-JNI: register_android_hardware_Radio DONE
11-22 13:42:51.910  2175  2175 D AndroidRuntime: Calling main entry com.android.commands.am.Am
11-22 13:42:52.010  2175  2175 D AndroidRuntime: Shutting down VM
11-22 13:42:52.698  2185  2185 D AndroidRuntime: >>>>>> START com.android.internal.os.RuntimeInit uid 2000 <<<<<<
11-22 13:42:52.700  2185  2185 D AndroidRuntime: CheckJNI is ON
11-22 13:42:52.768  2185  2185 W art     : Unexpected CPU variant for X86 using defaults: x86
11-22 13:42:52.780  2185  2185 D ICU     : No timezone override file found: /data/misc/zoneinfo/current/icu/icu_tzdata.dat
11-22 13:42:52.830  2185  2185 E memtrack: Couldn't load memtrack module (No such file or directory)
11-22 13:42:52.830  2185  2185 E android.os.Debug: failed to load memtrack module: -2
11-22 13:42:52.842  2185  2185 I Radio-JNI: register_android_hardware_Radio DONE
11-22 13:42:52.870  2185  2185 D AndroidRuntime: Calling main entry com.android.commands.pm.Pm
11-22 13:42:53.435  2185  2185 I art     : System.exit called, status: 0
11-22 13:42:53.435  2185  2185 I AndroidRuntime: VM exiting with result code 0.
11-22 13:42:54.230  1237  2134 W art     : Long monitor contention with owner android.io (1257) at boolean java.io.UnixFileSystem.checkAccess0(java.io.File, int)(UnixFileSystem.java:-2) waiters=0 in android.content.pm.PackageInstaller$SessionInfo com.android.server.pm.PackageInstallerService.getSessionInfo(int) for 371ms
11-22 13:42:55.705  2196  2196 D AndroidRuntime: >>>>>> START com.android.internal.os.RuntimeInit uid 2000 <<<<<<
11-22 13:42:55.708  2196  2196 D AndroidRuntime: CheckJNI is ON
11-22 13:42:55.870  2196  2196 W art     : Unexpected CPU variant for X86 using defaults: x86
11-22 13:42:55.915  2196  2196 D ICU     : No timezone override file found: /data/misc/zoneinfo/current/icu/icu_tzdata.dat
11-22 13:42:56.003  2196  2196 E memtrack: Couldn't load memtrack module (No such file or directory)
11-22 13:42:56.003  2196  2196 E android.os.Debug: failed to load memtrack module: -2
11-22 13:42:56.008  2196  2196 I Radio-JNI: register_android_hardware_Radio DONE
11-22 13:42:56.096  2196  2196 D AndroidRuntime: Calling main entry com.android.commands.pm.Pm
11-22 13:42:56.551   992   992 I         : free_cache(7064194) avail 512552960
11-22 13:43:17.886  2196  2196 I art     : System.exit called, status: 0
11-22 13:43:17.886  2196  2196 I AndroidRuntime: VM exiting with result code 0.
11-22 13:43:18.346  2209  2209 D AndroidRuntime: >>>>>> START com.android.internal.os.RuntimeInit uid 2000 <<<<<<
11-22 13:43:18.350  2209  2209 D AndroidRuntime: CheckJNI is ON
11-22 13:43:18.428  2209  2209 W art     : Unexpected CPU variant for X86 using defaults: x86
11-22 13:43:18.448  2209  2209 D ICU     : No timezone override file found: /data/misc/zoneinfo/current/icu/icu_tzdata.dat
11-22 13:43:18.499  2209  2209 E memtrack: Couldn't load memtrack module (No such file or directory)
11-22 13:43:18.509  2209  2209 E android.os.Debug: failed to load memtrack module: -2
11-22 13:43:18.509  2209  2209 I Radio-JNI: register_android_hardware_Radio DONE
11-22 13:43:18.549  2209  2209 D AndroidRuntime: Calling main entry com.android.commands.pm.Pm
--------- beginning of system
11-22 13:43:19.405  1237  1263 W ActivityManager: Slow operation: 165ms so far, now at startProcess: returned from zygote!
11-22 13:43:19.407  1237  1263 W ActivityManager: Slow operation: 168ms so far, now at startProcess: done updating battery stats
11-22 13:43:19.409  1237  1263 W ActivityManager: Slow operation: 170ms so far, now at startProcess: building log message
11-22 13:43:19.409  1237  1263 I ActivityManager: Start proc 2219:com.android.defcontainer/u0a5 for service com.android.defcontainer/.DefaultContainerService
11-22 13:43:19.409  1237  1263 W ActivityManager: Slow operation: 171ms so far, now at startProcess: starting to update pids map
11-22 13:43:19.410  1237  1263 W ActivityManager: Slow operation: 172ms so far, now at startProcess: done updating pids map
11-22 13:43:19.411  1237  1263 W ActivityManager: Slow operation: 180ms so far, now at startProcess: done starting proc!
11-22 13:43:19.445  1237  1252 W art     : Long monitor contention with owner PackageManager (1263) at int com.android.server.am.ActivityManagerService.bindService(android.app.IApplicationThread, android.os.IBinder, android.content.Intent, java.lang.String, android.app.IServiceConnection, int, java.lang.String, int)(ActivityManagerService.java:17045) waiters=0 in void com.android.server.am.ActivityManagerService.dispatchUidsChanged() for 205ms
11-22 13:43:19.482  2219  2219 W art     : Unexpected CPU variant for X86 using defaults: x86
11-22 13:43:20.477  1237  1263 I PackageManager.DexOptimizer: Running dexopt (dex2oat) on: /data/app/vmdl970712551.tmp/base.apk pkg=br.com.catbag.gifreduxsample isa=x86 vmSafeMode=false debuggable=true target-filter=interpret-only oatDir = /data/app/vmdl970712551.tmp/oat sharedLibraries=null
11-22 13:43:20.600  2234  2234 W dex2oat : Unexpected CPU variant for X86 using defaults: x86
11-22 13:43:20.616  2234  2234 W dex2oat : Mismatch between dex2oat instruction set features (ISA: X86 Feature string: smp,-ssse3,-sse4.1,-sse4.2,-avx,-avx2,-lock_add,-popcnt) and those of dex2oat executable (ISA: X86 Feature string: smp,ssse3,-sse4.1,-sse4.2,-avx,-avx2,-lock_add,-popcnt) for the command line:
11-22 13:43:20.616  2234  2234 W dex2oat : /system/bin/dex2oat --zip-fd=6 --zip-location=base.apk --oat-fd=7 --oat-location=/data/app/vmdl970712551.tmp/oat/x86/base.odex --instruction-set=x86 --instruction-set-variant=x86 --instruction-set-features=default --runtime-arg -Xms64m --runtime-arg -Xmx512m --compiler-filter=interpret-only --swap-fd=9 --debuggable
11-22 13:43:20.620  2234  2234 I dex2oat : /system/bin/dex2oat --compiler-filter=interpret-only --debuggable
11-22 13:43:25.250  2234  2234 W dex2oat : Before Android 4.1, method android.graphics.PorterDuffColorFilter android.support.graphics.drawable.VectorDrawableCompat.updateTintFilter(android.graphics.PorterDuffColorFilter, android.content.res.ColorStateList, android.graphics.PorterDuff$Mode) would have incorrectly overridden the package-private method in android.graphics.drawable.Drawable
11-22 13:43:25.406  2234  2234 W dex2oat : Before Android 4.1, method int android.support.v7.widget.ListViewCompat.lookForSelectablePosition(int, boolean) would have incorrectly overridden the package-private method in android.widget.ListView
11-22 13:43:34.357  2234  2234 W dex2oat : Verification of com.fasterxml.jackson.databind.ser.impl.ObjectIdWriter com.fasterxml.jackson.databind.ser.impl.ObjectIdWriter.withSerializer(com.fasterxml.jackson.databind.JsonSerializer) took 145.943ms
11-22 13:43:43.634  2234  2234 W dex2oat : Verification of void org.immutables.value.internal.$processor$.meta.$StyleMirror.<init>(javax.lang.model.element.AnnotationMirror) took 272.951ms
11-22 13:43:43.739  2234  2234 W dex2oat : Verification of void org.immutables.value.internal.$processor$.meta.$StyleMirror.<init>(javax.lang.model.element.TypeElement) took 102.965ms
11-22 13:44:07.975  2234  2234 W dex2oat : Compilation of int com.fasterxml.jackson.core.filter.FilteringParserDelegate.getTextLength() took 177.959ms
11-22 13:44:12.968  2234  2234 W dex2oat : Compilation of com.google.common.hash.Hasher com.google.common.hash.AbstractCompositeHashFunction.newHasher() took 154.726ms
11-22 13:44:18.019  2234  2234 W dex2oat : Compilation of void org.immutables.value.internal.$processor$.$Generator_Immutables$25.<init>(org.immutables.value.internal.$processor$.$Generator_Immutables, int) took 186.621ms
11-22 13:44:20.743  2234  2234 I dex2oat : dex2oat took 60.146s (threads: 1) arena alloc=1402KB (1436528B) java alloc=7MB (8034384B) native alloc=13MB (14278032B) free=2MB (2630256B)
11-22 13:44:21.514  1237  1247 I art     : Background sticky concurrent mark sweep GC freed 25238(2MB) AllocSpace objects, 7(188KB) LOS objects, 31% free, 7MB/10MB, paused 9.783ms total 398.139ms
11-22 13:44:21.718  1237  2134 W art     : Long monitor contention with owner PackageManager (1263) at void com.android.server.pm.PackageManagerService.updateSettingsInternalLI(android.content.pm.PackageParser$Package, java.lang.String, int[], int[], com.android.server.pm.PackageManagerService$PackageInstalledInfo, android.os.UserHandle)(PackageManagerService.java:14757) waiters=0 in int com.android.server.pm.PackageManagerService.checkUidPermission(java.lang.String, int) for 610ms
11-22 13:44:21.785  1237  1263 W PackageManager: Not granting permission android.permission.SET_DEBUG_APP to package br.com.catbag.gifreduxsample (protectionLevel=50 flags=0x3848be46)
11-22 13:44:22.047  1237  1263 V BackupManagerService: restoreAtInstall pkg=br.com.catbag.gifreduxsample token=1 restoreSet=0
11-22 13:44:22.047  1237  1263 W BackupManagerService: Requested unavailable transport: android/com.android.internal.backup.LocalTransport
11-22 13:44:22.065  1237  1263 W BackupManagerService: No transport
11-22 13:44:22.066  1237  1263 V BackupManagerService: Finishing install immediately
11-22 13:44:22.111  1237  2136 I ActivityManager: Killing 1468:com.android.settings:CryptKeeper/1000 (adj 906): empty #17
11-22 13:44:22.254  1237  1263 I art     : Starting a blocking GC Explicit
11-22 13:44:22.703  1237  1263 I art     : Explicit concurrent mark sweep GC freed 16533(945KB) AllocSpace objects, 8(160KB) LOS objects, 33% free, 6MB/10MB, paused 6.852ms total 439.868ms
11-22 13:44:22.714   992   992 E         : Couldn't opendir /data/app/vmdl970712551.tmp: No such file or directory
11-22 13:44:22.774  2209  2209 I art     : System.exit called, status: 0
11-22 13:44:22.774  2209  2209 I AndroidRuntime: VM exiting with result code 0.
11-22 13:44:23.609  1237  1278 I InputReader: Reconfiguring input devices.  changes=0x00000010
11-22 13:44:23.783  1452  1452 D CarrierSvcBindHelper: No carrier app for: 0
11-22 13:44:23.804  1452  1452 D CarrierConfigLoader: mHandler: 9 phoneId: 0
11-22 13:44:24.625  1237  1250 W VoiceInteractionManagerService: no available voice recognition services found for user 0
11-22 13:44:24.627  1237  1250 W LocationProviderProxy-network: Odd, no component found for service com.android.location.service.v3.NetworkLocationProvider
11-22 13:44:24.628  1237  1250 W GeocoderProxy: Odd, no component found for service com.android.location.service.GeocodeProvider
11-22 13:44:24.629  1237  1250 W GeofenceProxy: Odd, no component found for service com.android.location.service.GeofenceProvider
11-22 13:44:24.629  1237  1250 W ActivityRecognitionProxy: Odd, no component found for service com.android.location.service.ActivityRecognitionProvider
11-22 13:44:24.739  2239  2239 D AndroidRuntime: >>>>>> START com.android.internal.os.RuntimeInit uid 2000 <<<<<<
11-22 13:44:24.753  2239  2239 D AndroidRuntime: CheckJNI is ON
11-22 13:44:24.899  2239  2239 W art     : Unexpected CPU variant for X86 using defaults: x86
11-22 13:44:24.939  2239  2239 D ICU     : No timezone override file found: /data/misc/zoneinfo/current/icu/icu_tzdata.dat
11-22 13:44:25.105  2239  2239 E memtrack: Couldn't load memtrack module (No such file or directory)
11-22 13:44:25.105  2239  2239 E android.os.Debug: failed to load memtrack module: -2
11-22 13:44:25.110  2239  2239 I Radio-JNI: register_android_hardware_Radio DONE
11-22 13:44:25.460  2239  2239 D AndroidRuntime: Calling main entry com.android.commands.pm.Pm
11-22 13:44:25.494  2239  2239 I art     : System.exit called, status: 0
11-22 13:44:25.495  2239  2239 I AndroidRuntime: VM exiting with result code 0.
11-22 13:44:26.516  2256  2256 D AndroidRuntime: >>>>>> START com.android.internal.os.RuntimeInit uid 2000 <<<<<<
11-22 13:44:26.519  2256  2256 D AndroidRuntime: CheckJNI is ON
11-22 13:44:26.580  2256  2256 W art     : Unexpected CPU variant for X86 using defaults: x86
11-22 13:44:26.589  2256  2256 D ICU     : No timezone override file found: /data/misc/zoneinfo/current/icu/icu_tzdata.dat
11-22 13:44:26.667  2256  2256 E memtrack: Couldn't load memtrack module (No such file or directory)
11-22 13:44:26.667  2256  2256 E android.os.Debug: failed to load memtrack module: -2
11-22 13:44:26.669  2256  2256 I Radio-JNI: register_android_hardware_Radio DONE
11-22 13:44:26.688  2256  2256 D AndroidRuntime: Calling main entry com.android.commands.pm.Pm
11-22 13:44:26.725   992   992 I         : free_cache(2038382) avail 492617728
11-22 13:44:29.440  1237  1267 W ActivityManager: Slow operation: 54ms so far, now at startProcess: returned from zygote!
11-22 13:44:29.441  1237  1267 W ActivityManager: Slow operation: 54ms so far, now at startProcess: done updating battery stats
11-22 13:44:29.441  1237  1267 W ActivityManager: Slow operation: 55ms so far, now at startProcess: building log message
11-22 13:44:29.441  1237  1267 I ActivityManager: Start proc 2269:com.svox.pico/u0a46 for broadcast com.svox.pico/.VoiceDataInstallerReceiver
11-22 13:44:29.442  1237  1267 W ActivityManager: Slow operation: 55ms so far, now at startProcess: starting to update pids map
11-22 13:44:29.443  1237  1267 W ActivityManager: Slow operation: 57ms so far, now at startProcess: done updating pids map
11-22 13:44:29.443  1237  1267 W ActivityManager: Slow operation: 58ms so far, now at startProcess: done starting proc!
11-22 13:44:29.601  2269  2269 W art     : Unexpected CPU variant for X86 using defaults: x86
11-22 13:44:30.824  2256  2256 I art     : System.exit called, status: 0
11-22 13:44:30.824  2256  2256 I AndroidRuntime: VM exiting with result code 0.
11-22 13:44:31.524  2284  2284 D AndroidRuntime: >>>>>> START com.android.internal.os.RuntimeInit uid 2000 <<<<<<
11-22 13:44:31.530  2284  2284 D AndroidRuntime: CheckJNI is ON
11-22 13:44:31.609  2284  2284 W art     : Unexpected CPU variant for X86 using defaults: x86
11-22 13:44:31.620  2284  2284 D ICU     : No timezone override file found: /data/misc/zoneinfo/current/icu/icu_tzdata.dat
11-22 13:44:31.665  2284  2284 E memtrack: Couldn't load memtrack module (No such file or directory)
11-22 13:44:31.665  2284  2284 E android.os.Debug: failed to load memtrack module: -2
11-22 13:44:31.667  2284  2284 I Radio-JNI: register_android_hardware_Radio DONE
11-22 13:44:31.713  2284  2284 D AndroidRuntime: Calling main entry com.android.commands.pm.Pm
11-22 13:44:31.863  2219  2230 I art     : HomogeneousSpaceCompact marksweep + semispace GC freed 7527(460KB) AllocSpace objects, 0(0B) LOS objects, 39% free, 2MB/3MB, paused 4.467s total 172.523ms
11-22 13:44:32.017  1237  1263 I PackageManager.DexOptimizer: Running dexopt (dex2oat) on: /data/app/vmdl1912089351.tmp/base.apk pkg=br.com.catbag.gifreduxsample.test isa=x86 vmSafeMode=false debuggable=true target-filter=interpret-only oatDir = /data/app/vmdl1912089351.tmp/oat sharedLibraries=/system/framework/android.test.runner.jar
11-22 13:44:32.123  2295  2295 W dex2oat : Unexpected CPU variant for X86 using defaults: x86
11-22 13:44:32.124  2295  2295 W dex2oat : Mismatch between dex2oat instruction set features (ISA: X86 Feature string: smp,-ssse3,-sse4.1,-sse4.2,-avx,-avx2,-lock_add,-popcnt) and those of dex2oat executable (ISA: X86 Feature string: smp,ssse3,-sse4.1,-sse4.2,-avx,-avx2,-lock_add,-popcnt) for the command line:
11-22 13:44:32.124  2295  2295 W dex2oat : /system/bin/dex2oat --zip-fd=6 --zip-location=base.apk --oat-fd=7 --oat-location=/data/app/vmdl1912089351.tmp/oat/x86/base.odex --instruction-set=x86 --instruction-set-variant=x86 --instruction-set-features=default --runtime-arg -Xms64m --runtime-arg -Xmx512m --compiler-filter=interpret-only --swap-fd=9 --debuggable --runtime-arg -classpath --runtime-arg /system/framework/android.test.runner.jar
11-22 13:44:32.125  2295  2295 I dex2oat : /system/bin/dex2oat --compiler-filter=interpret-only --debuggable
11-22 13:44:58.100  2295  2295 W dex2oat : Compilation of boolean com.android.dx.ssa.LocalVariableInfo.mergeStarts(int, com.android.dx.rop.code.RegisterSpecSet) took 176.020ms
11-22 13:45:02.152  2295  2295 I dex2oat : dex2oat took 30.041s (threads: 1) arena alloc=824B (824B) java alloc=3MB (3868560B) native alloc=6MB (6986080B) free=2MB (2451104B)
11-22 13:45:02.512  1237  1263 V BackupManagerService: restoreAtInstall pkg=br.com.catbag.gifreduxsample.test token=2 restoreSet=0
11-22 13:45:02.512  1237  1263 W BackupManagerService: Requested unavailable transport: android/com.android.internal.backup.LocalTransport
11-22 13:45:02.512  1237  1263 W BackupManagerService: No transport
11-22 13:45:02.538  1237  1263 V BackupManagerService: Finishing install immediately
11-22 13:45:02.566  1237  1263 I art     : Starting a blocking GC Explicit
11-22 13:45:02.574  1237  2133 I ActivityManager: Killing 1694:com.android.sdksetup/u0a16 (adj 906): empty #17
11-22 13:45:02.813  1237  1263 I art     : Explicit concurrent mark sweep GC freed 38477(2MB) AllocSpace objects, 13(308KB) LOS objects, 33% free, 6MB/10MB, paused 8.898ms total 244.801ms
11-22 13:45:02.823   992   992 E         : Couldn't opendir /data/app/vmdl1912089351.tmp: No such file or directory
11-22 13:45:02.896  1237  1278 I InputReader: Reconfiguring input devices.  changes=0x00000010
11-22 13:45:03.006  2284  2284 I art     : System.exit called, status: 0
11-22 13:45:03.006  2284  2284 I AndroidRuntime: VM exiting with result code 0.
11-22 13:45:03.079  1452  1452 D CarrierSvcBindHelper: No carrier app for: 0
11-22 13:45:03.080  1452  1452 D CarrierConfigLoader: mHandler: 9 phoneId: 0
11-22 13:45:03.309  1237  1250 W VoiceInteractionManagerService: no available voice recognition services found for user 0
11-22 13:45:03.309  1237  1250 W LocationProviderProxy-network: Odd, no component found for service com.android.location.service.v3.NetworkLocationProvider
11-22 13:45:03.310  1237  1250 W GeocoderProxy: Odd, no component found for service com.android.location.service.GeocodeProvider
11-22 13:45:03.311  1237  1250 W GeofenceProxy: Odd, no component found for service com.android.location.service.GeofenceProvider
11-22 13:45:03.311  1237  1250 W ActivityRecognitionProxy: Odd, no component found for service com.android.location.service.ActivityRecognitionProvider
11-22 13:45:03.879  2301  2301 D AndroidRuntime: >>>>>> START com.android.internal.os.RuntimeInit uid 2000 <<<<<<
11-22 13:45:03.884  2301  2301 D AndroidRuntime: CheckJNI is ON
11-22 13:45:03.988  2301  2301 W art     : Unexpected CPU variant for X86 using defaults: x86
11-22 13:45:04.010  2301  2301 D ICU     : No timezone override file found: /data/misc/zoneinfo/current/icu/icu_tzdata.dat
11-22 13:45:04.088  2301  2301 E memtrack: Couldn't load memtrack module (No such file or directory)
11-22 13:45:04.088  2301  2301 E android.os.Debug: failed to load memtrack module: -2
11-22 13:45:04.114  2301  2301 I Radio-JNI: register_android_hardware_Radio DONE
11-22 13:45:04.158  2301  2301 D AndroidRuntime: Calling main entry com.android.commands.am.Am
11-22 13:45:04.182  1237  1665 I ActivityManager: Force stopping br.com.catbag.gifreduxsample appid=10060 user=0: start instr
11-22 13:45:04.216  2311  2311 I art     : Not late-enabling -Xcheck:jni (already on)
11-22 13:45:04.216  2311  2311 W art     : Unexpected CPU variant for X86 using defaults: x86
11-22 13:45:04.244  1237  1665 W ActivityManager: Slow operation: 52ms so far, now at startProcess: returned from zygote!
11-22 13:45:04.245  1237  1665 W ActivityManager: Slow operation: 52ms so far, now at startProcess: done updating battery stats
11-22 13:45:04.245  1237  1665 W ActivityManager: Slow operation: 53ms so far, now at startProcess: building log message
11-22 13:45:04.245  1237  1665 I ActivityManager: Start proc 2311:br.com.catbag.gifreduxsample/u0a60 for added application br.com.catbag.gifreduxsample
11-22 13:45:04.246  1237  1665 W ActivityManager: Slow operation: 53ms so far, now at startProcess: starting to update pids map
11-22 13:45:04.246  1237  1665 W ActivityManager: Slow operation: 54ms so far, now at startProcess: done updating pids map
11-22 13:45:04.313  2311  2311 W System  : ClassLoader referenced unknown path: /data/app/br.com.catbag.gifreduxsample.test-1/lib/x86
11-22 13:45:04.327  2311  2311 W System  : ClassLoader referenced unknown path: 
11-22 13:45:04.405  2311  2311 W System.err: java.io.FileNotFoundException: /jacoco.exec (Read-only file system)
11-22 13:45:04.407  2311  2311 W System.err: 	at java.io.FileOutputStream.open(Native Method)
11-22 13:45:04.407  2311  2311 W System.err: 	at java.io.FileOutputStream.<init>(FileOutputStream.java:221)
11-22 13:45:04.407  2311  2311 W System.err: 	at org.jacoco.agent.rt.internal_e6e56f0.output.FileOutput.openFile(FileOutput.java:67)
11-22 13:45:04.408  2311  2311 W System.err: 	at org.jacoco.agent.rt.internal_e6e56f0.output.FileOutput.startup(FileOutput.java:49)
11-22 13:45:04.408  2311  2311 W System.err: 	at org.jacoco.agent.rt.internal_e6e56f0.Agent.startup(Agent.java:122)
11-22 13:45:04.409  2311  2311 W System.err: 	at org.jacoco.agent.rt.internal_e6e56f0.Agent.getInstance(Agent.java:50)
11-22 13:45:04.409  2311  2311 W System.err: 	at org.jacoco.agent.rt.internal_e6e56f0.Offline.<clinit>(Offline.java:31)
11-22 13:45:04.409  2311  2311 W System.err: 	at org.jacoco.agent.rt.internal_e6e56f0.Offline.getProbes(Offline.java:51)
11-22 13:45:04.409  2311  2311 W System.err: 	at br.com.catbag.gifreduxsample.MyApp.$jacocoInit(MyApp.java)
11-22 13:45:04.409  2311  2311 W System.err: 	at br.com.catbag.gifreduxsample.MyApp.<clinit>(MyApp.java)
11-22 13:45:04.410  2311  2311 W System.err: 	at java.lang.Class.newInstance(Native Method)
11-22 13:45:04.410  2311  2311 W System.err: 	at android.app.Instrumentation.newApplication(Instrumentation.java:1007)
11-22 13:45:04.410  2311  2311 W System.err: 	at android.app.Instrumentation.newApplication(Instrumentation.java:992)
11-22 13:45:04.410  2311  2311 W System.err: 	at android.app.LoadedApk.makeApplication(LoadedApk.java:796)
11-22 13:45:04.410  2311  2311 W System.err: 	at android.app.ActivityThread.handleBindApplication(ActivityThread.java:5335)
11-22 13:45:04.410  2311  2311 W System.err: 	at android.app.ActivityThread.-wrap2(ActivityThread.java)
11-22 13:45:04.411  2311  2311 W System.err: 	at android.app.ActivityThread$H.handleMessage(ActivityThread.java:1528)
11-22 13:45:04.411  2311  2311 W System.err: 	at android.os.Handler.dispatchMessage(Handler.java:102)
11-22 13:45:04.411  2311  2311 W System.err: 	at android.os.Looper.loop(Looper.java:154)
11-22 13:45:04.411  2311  2311 W System.err: 	at android.app.ActivityThread.main(ActivityThread.java:6077)
11-22 13:45:04.411  2311  2311 W System.err: 	at java.lang.reflect.Method.invoke(Native Method)
11-22 13:45:04.411  2311  2311 W System.err: 	at com.android.internal.os.ZygoteInit$MethodAndArgsCaller.run(ZygoteInit.java:865)
11-22 13:45:04.412  2311  2311 W System.err: 	at com.android.internal.os.ZygoteInit.main(ZygoteInit.java:755)
11-22 13:45:04.419  2311  2311 I MonitoringInstrumentation: Instrumentation Started!
11-22 13:45:04.426  2311  2311 I MonitoringInstrumentation: Setting context classloader to 'dalvik.system.PathClassLoader[DexPathList[[zip file "/system/framework/android.test.runner.jar", zip file "/data/app/br.com.catbag.gifreduxsample.test-1/base.apk", zip file "/data/app/br.com.catbag.gifreduxsample-1/base.apk"],nativeLibraryDirectories=[/data/app/br.com.catbag.gifreduxsample.test-1/lib/x86, /data/app/br.com.catbag.gifreduxsample-1/lib/x86, /system/fake-libs, /data/app/br.com.catbag.gifreduxsample.test-1/base.apk!/lib/x86, /data/app/br.com.catbag.gifreduxsample-1/base.apk!/lib/x86, /system/lib, /vendor/lib]]]', Original: 'dalvik.system.PathClassLoader[DexPathList[[zip file "/system/framework/android.test.runner.jar", zip file "/data/app/br.com.catbag.gifreduxsample.test-1/base.apk", zip file "/data/app/br.com.catbag.gifreduxsample-1/base.apk"],nativeLibraryDirectories=[/data/app/br.com.catbag.gifreduxsample.test-1/lib/x86, /data/app/br.com.catbag.gifreduxsample-1/lib/x86, /system/fake-libs, /data/app/br.com.catbag.gifreduxsample.test-1/base.apk!/lib/x86, /data/app/br.com.catbag.gifreduxsample-1/base.apk!/lib/x86, /system/lib, /vendor/lib]]]'
11-22 13:45:04.532  2311  2311 D NetworkSecurityConfig: No Network Security Config specified, using platform default
11-22 13:45:04.654  2311  2311 I MonitoringInstrumentation: No JSBridge.
11-22 13:45:04.685  2311  2326 I UsageTrackerFacilitator: Usage tracking enabled
11-22 13:45:04.686  2311  2326 I TestRequestBuilder: Scanning classpath to find tests in apks [/data/app/br.com.catbag.gifreduxsample.test-1/base.apk]
11-22 13:45:05.420  2311  2326 I art     : Rejecting re-init on previously-failed class java.lang.Class<org.objectweb.asm.commons.JSRInlinerAdapter>: java.lang.NoClassDefFoundError: Failed resolution of: Lorg/objectweb/asm/tree/MethodNode;
11-22 13:45:05.420  2311  2326 I art     :   at java.lang.Class java.lang.Class.classForName!(java.lang.String, boolean, java.lang.ClassLoader) (Class.java:-2)
11-22 13:45:05.421  2311  2326 I art     :   at java.lang.Class java.lang.Class.forName(java.lang.String, boolean, java.lang.ClassLoader) (Class.java:400)
11-22 13:45:05.421  2311  2326 I art     :   at java.lang.Class android.support.test.internal.runner.TestLoader.doLoadClass(java.lang.String) (TestLoader.java:92)
11-22 13:45:05.422  2311  2326 I art     :   at java.lang.Class android.support.test.internal.runner.TestLoader.loadIfTest(java.lang.String) (TestLoader.java:113)
11-22 13:45:05.422  2311  2326 I art     :   at void android.support.test.internal.runner.TestRequestBuilder.loadClassesFromClassPath(android.support.test.internal.runner.TestLoader, java.util.Set) (TestRequestBuilder.java:801)
11-22 13:45:05.422  2311  2326 I art     :   at android.support.test.internal.runner.TestRequest android.support.test.internal.runner.TestRequestBuilder.build() (TestRequestBuilder.java:747)
11-22 13:45:05.422  2311  2326 I art     :   at android.support.test.internal.runner.TestRequest android.support.test.runner.AndroidJUnitRunner.buildRequest(android.support.test.internal.runner.RunnerArgs, android.os.Bundle) (AndroidJUnitRunner.java:354)
11-22 13:45:05.422  2311  2326 I art     :   at void android.support.test.runner.AndroidJUnitRunner.onStart() (AndroidJUnitRunner.java:260)
11-22 13:45:05.422  2311  2326 I art     :   at void android.app.Instrumentation$InstrumentationThread.run() (Instrumentation.java:1932)
11-22 13:45:05.425  2311  2326 I art     : Caused by: java.lang.ClassNotFoundException: Didn't find class "org.objectweb.asm.tree.MethodNode" on path: DexPathList[[zip file "/system/framework/android.test.runner.jar", zip file "/data/app/br.com.catbag.gifreduxsample.test-1/base.apk", zip file "/data/app/br.com.catbag.gifreduxsample-1/base.apk"],nativeLibraryDirectories=[/data/app/br.com.catbag.gifreduxsample.test-1/lib/x86, /data/app/br.com.catbag.gifreduxsample-1/lib/x86, /system/fake-libs, /data/app/br.com.catbag.gifreduxsample.test-1/base.apk!/lib/x86, /data/app/br.com.catbag.gifreduxsample-1/base.apk!/lib/x86, /system/lib, /vendor/lib]]
11-22 13:45:05.425  2311  2326 I art     :   at java.lang.Class dalvik.system.BaseDexClassLoader.findClass(java.lang.String) (BaseDexClassLoader.java:56)
11-22 13:45:05.425  2311  2326 I art     :   at java.lang.Class java.lang.ClassLoader.loadClass(java.lang.String, boolean) (ClassLoader.java:380)
11-22 13:45:05.426  2311  2326 I art     :   at java.lang.Class java.lang.ClassLoader.loadClass(java.lang.String) (ClassLoader.java:312)
11-22 13:45:05.426  2311  2326 I art     :   at java.lang.Class java.lang.Class.classForName!(java.lang.String, boolean, java.lang.ClassLoader) (Class.java:-2)
11-22 13:45:05.427  2311  2326 I art     :   at java.lang.Class java.lang.Class.forName(java.lang.String, boolean, java.lang.ClassLoader) (Class.java:400)
11-22 13:45:05.427  2311  2326 I art     :   at java.lang.Class android.support.test.internal.runner.TestLoader.doLoadClass(java.lang.String) (TestLoader.java:92)
11-22 13:45:05.427  2311  2326 I art     :   at java.lang.Class android.support.test.internal.runner.TestLoader.loadIfTest(java.lang.String) (TestLoader.java:113)
11-22 13:45:05.427  2311  2326 I art     :   at void android.support.test.internal.runner.TestRequestBuilder.loadClassesFromClassPath(android.support.test.internal.runner.TestLoader, java.util.Set) (TestRequestBuilder.java:801)
11-22 13:45:05.427  2311  2326 I art     :   at android.support.test.internal.runner.TestRequest android.support.test.internal.runner.TestRequestBuilder.build() (TestRequestBuilder.java:747)
11-22 13:45:05.428  2311  2326 I art     :   at android.support.test.internal.runner.TestRequest android.support.test.runner.AndroidJUnitRunner.buildRequest(android.support.test.internal.runner.RunnerArgs, android.os.Bundle) (AndroidJUnitRunner.java:354)
11-22 13:45:05.428  2311  2326 I art     :   at void android.support.test.runner.AndroidJUnitRunner.onStart() (AndroidJUnitRunner.java:260)
11-22 13:45:05.428  2311  2326 I art     :   at void android.app.Instrumentation$InstrumentationThread.run() (Instrumentation.java:1932)
11-22 13:45:05.428  2311  2326 I art     : 
11-22 13:45:05.428  2311  2326 E TestLoader: Could not find class: org.objectweb.asm.commons.JSRInlinerAdapter
11-22 13:45:05.462  2311  2326 I art     : Rejecting re-init on previously-failed class java.lang.Class<org.objectweb.asm.commons.TryCatchBlockSorter>: java.lang.NoClassDefFoundError: Failed resolution of: Lorg/objectweb/asm/tree/MethodNode;
11-22 13:45:05.462  2311  2326 I art     :   at java.lang.Class java.lang.Class.classForName!(java.lang.String, boolean, java.lang.ClassLoader) (Class.java:-2)
11-22 13:45:05.462  2311  2326 I art     :   at java.lang.Class java.lang.Class.forName(java.lang.String, boolean, java.lang.ClassLoader) (Class.java:400)
11-22 13:45:05.462  2311  2326 I art     :   at java.lang.Class android.support.test.internal.runner.TestLoader.doLoadClass(java.lang.String) (TestLoader.java:92)
11-22 13:45:05.462  2311  2326 I art     :   at java.lang.Class android.support.test.internal.runner.TestLoader.loadIfTest(java.lang.String) (TestLoader.java:113)
11-22 13:45:05.462  2311  2326 I art     :   at void android.support.test.internal.runner.TestRequestBuilder.loadClassesFromClassPath(android.support.test.internal.runner.TestLoader, java.util.Set) (TestRequestBuilder.java:801)
11-22 13:45:05.464  2311  2326 I art     :   at android.support.test.internal.runner.TestRequest android.support.test.internal.runner.TestRequestBuilder.build() (TestRequestBuilder.java:747)
11-22 13:45:05.464  2311  2326 I art     :   at android.support.test.internal.runner.TestRequest android.support.test.runner.AndroidJUnitRunner.buildRequest(android.support.test.internal.runner.RunnerArgs, android.os.Bundle) (AndroidJUnitRunner.java:354)
11-22 13:45:05.465  2311  2326 I art     :   at void android.support.test.runner.AndroidJUnitRunner.onStart() (AndroidJUnitRunner.java:260)
11-22 13:45:05.465  2311  2326 I art     :   at void android.app.Instrumentation$InstrumentationThread.run() (Instrumentation.java:1932)
11-22 13:45:05.465  2311  2326 I art     : Caused by: java.lang.ClassNotFoundException: Didn't find class "org.objectweb.asm.tree.MethodNode" on path: DexPathList[[zip file "/system/framework/android.test.runner.jar", zip file "/data/app/br.com.catbag.gifreduxsample.test-1/base.apk", zip file "/data/app/br.com.catbag.gifreduxsample-1/base.apk"],nativeLibraryDirectories=[/data/app/br.com.catbag.gifreduxsample.test-1/lib/x86, /data/app/br.com.catbag.gifreduxsample-1/lib/x86, /system/fake-libs, /data/app/br.com.catbag.gifreduxsample.test-1/base.apk!/lib/x86, /data/app/br.com.catbag.gifreduxsample-1/base.apk!/lib/x86, /system/lib, /vendor/lib]]
11-22 13:45:05.465  2311  2326 I art     :   at java.lang.Class dalvik.system.BaseDexClassLoader.findClass(java.lang.String) (BaseDexClassLoader.java:56)
11-22 13:45:05.465  2311  2326 I art     :   at java.lang.Class java.lang.ClassLoader.loadClass(java.lang.String, boolean) (ClassLoader.java:380)
11-22 13:45:05.465  2311  2326 I art     :   at java.lang.Class java.lang.ClassLoader.loadClass(java.lang.String) (ClassLoader.java:312)
11-22 13:45:05.465  2311  2326 I art     :   at java.lang.Class java.lang.Class.classForName!(java.lang.String, boolean, java.lang.ClassLoader) (Class.java:-2)
11-22 13:45:05.466  2311  2326 I art     :   at java.lang.Class java.lang.Class.forName(java.lang.String, boolean, java.lang.ClassLoader) (Class.java:400)
11-22 13:45:05.466  2311  2326 I art     :   at java.lang.Class android.support.test.internal.runner.TestLoader.doLoadClass(java.lang.String) (TestLoader.java:92)
11-22 13:45:05.466  2311  2326 I art     :   at java.lang.Class android.support.test.internal.runner.TestLoader.loadIfTest(java.lang.String) (TestLoader.java:113)
11-22 13:45:05.466  2311  2326 I art     :   at void android.support.test.internal.runner.TestRequestBuilder.loadClassesFromClassPath(android.support.test.internal.runner.TestLoader, java.util.Set) (TestRequestBuilder.java:801)
11-22 13:45:05.466  2311  2326 I art     :   at android.support.test.internal.runner.TestRequest android.support.test.internal.runner.TestRequestBuilder.build() (TestRequestBuilder.java:747)
11-22 13:45:05.466  2311  2326 I art     :   at android.support.test.internal.runner.TestRequest android.support.test.runner.AndroidJUnitRunner.buildRequest(android.support.test.internal.runner.RunnerArgs, android.os.Bundle) (AndroidJUnitRunner.java:354)
11-22 13:45:05.466  2311  2326 I art     :   at void android.support.test.runner.AndroidJUnitRunner.onStart() (AndroidJUnitRunner.java:260)
11-22 13:45:05.466  2311  2326 I art     :   at void android.app.Instrumentation$InstrumentationThread.run() (Instrumentation.java:1932)
11-22 13:45:05.467  2311  2326 I art     : 
11-22 13:45:05.467  2311  2326 E TestLoader: Could not find class: org.objectweb.asm.commons.TryCatchBlockSorter
11-22 13:45:05.664  2311  2326 D TestExecutor: Adding listener android.support.test.internal.runner.listener.LogRunListener
11-22 13:45:05.665  2311  2326 D TestExecutor: Adding listener android.support.test.internal.runner.listener.InstrumentationResultPrinter
11-22 13:45:05.665  2311  2326 D TestExecutor: Adding listener android.support.test.internal.runner.listener.ActivityFinisherRunListener
11-22 13:45:05.666  2311  2326 D TestExecutor: Adding listener android.support.test.internal.runner.listener.CoverageListener
11-22 13:45:05.678  2311  2326 I TestRunner: run started: 15 tests
11-22 13:45:05.694  2311  2326 I TestRunner: started: whenLoadAlreadyUnsavedAppState(br.com.catbag.gifreduxsample.asyncs.data.DataManagerTest)
11-22 13:45:05.759  2311  2311 I MonitoringInstrumentation: Activities that are still in CREATED to STOPPED: 0
11-22 13:45:06.008  2311  2322 I art     : Background sticky concurrent mark sweep GC freed 144019(5MB) AllocSpace objects, 0(0B) LOS objects, 47% free, 3MB/6MB, paused 9.602ms total 895.012ms
11-22 13:45:06.117  2311  2326 I TestRunner: finished: whenLoadAlreadyUnsavedAppState(br.com.catbag.gifreduxsample.asyncs.data.DataManagerTest)
11-22 13:45:06.126  2311  2311 I MonitoringInstrumentation: Activities that are still in CREATED to STOPPED: 0
11-22 13:45:06.128  2311  2326 I TestRunner: started: whenAppStateChangesOnceTime(br.com.catbag.gifreduxsample.asyncs.data.DataManagerTest)
11-22 13:45:06.129  2311  2311 I MonitoringInstrumentation: Activities that are still in CREATED to STOPPED: 0
11-22 13:45:06.132  2311  2329 E DataManager: appstate not loaded
11-22 13:45:06.132  2311  2329 E DataManager: com.snappydb.SnappydbException: Failed to get a String: NotFound: 
11-22 13:45:06.132  2311  2329 E DataManager: 	at com.snappydb.internal.DBImpl.__get(Native Method)
11-22 13:45:06.132  2311  2329 E DataManager: 	at com.snappydb.internal.DBImpl.get(DBImpl.java:348)
11-22 13:45:06.132  2311  2329 E DataManager: 	at br.com.catbag.gifreduxsample.asyncs.data.storage.Database.getAppState(Database.java:29)
11-22 13:45:06.132  2311  2329 E DataManager: 	at br.com.catbag.gifreduxsample.asyncs.data.DataManager.lambda$getAppState$0(DataManager.java:78)
11-22 13:45:06.132  2311  2329 E DataManager: 	at br.com.catbag.gifreduxsample.asyncs.data.DataManager$$Lambda$1.run(Unknown Source)
11-22 13:45:06.132  2311  2329 E DataManager: 	at java.lang.Thread.run(Thread.java:761)
11-22 13:45:06.267  2311  2331 W Java7Support: Unable to load JDK7 types (annotations, java.nio.file.Path): no Java7 support added
11-22 13:45:06.738  2311  2326 I TestRunner: finished: whenAppStateChangesOnceTime(br.com.catbag.gifreduxsample.asyncs.data.DataManagerTest)
11-22 13:45:06.759  2311  2311 I MonitoringInstrumentation: Activities that are still in CREATED to STOPPED: 0
11-22 13:45:06.760  2311  2326 I TestRunner: started: whenAppStateChangesSeveralTime(br.com.catbag.gifreduxsample.asyncs.data.DataManagerTest)
11-22 13:45:06.761  2311  2311 I MonitoringInstrumentation: Activities that are still in CREATED to STOPPED: 0
11-22 13:45:07.136  2311  2322 I art     : Background partial concurrent mark sweep GC freed 72374(3MB) AllocSpace objects, 0(0B) LOS objects, 39% free, 3MB/5MB, paused 19.766ms total 127.775ms
11-22 13:45:07.227  2311  2326 I TestRunner: finished: whenAppStateChangesSeveralTime(br.com.catbag.gifreduxsample.asyncs.data.DataManagerTest)
11-22 13:45:07.236  2311  2311 I MonitoringInstrumentation: Activities that are still in CREATED to STOPPED: 0
11-22 13:45:07.238  2311  2326 I TestRunner: started: whenLoadAlreadySavedAppState(br.com.catbag.gifreduxsample.asyncs.data.DataManagerTest)
11-22 13:45:07.240  2311  2311 I MonitoringInstrumentation: Activities that are still in CREATED to STOPPED: 0
11-22 13:45:07.522  2311  2326 I TestRunner: finished: whenLoadAlreadySavedAppState(br.com.catbag.gifreduxsample.asyncs.data.DataManagerTest)
11-22 13:45:07.535  2311  2311 I MonitoringInstrumentation: Activities that are still in CREATED to STOPPED: 0
11-22 13:45:07.559  2311  2326 I TestRunner: started: whenScrollDownAndPlayLastItemTest(br.com.catbag.gifreduxsample.ui.giflist.GifListActivityTest)
11-22 13:45:07.561  2311  2311 I MonitoringInstrumentation: Activities that are still in CREATED to STOPPED: 0
11-22 13:45:07.962  2311  2322 I art     : Background sticky concurrent mark sweep GC freed 38023(1673KB) AllocSpace objects, 2(40KB) LOS objects, 28% free, 4MB/5MB, paused 7.169ms total 176.895ms
11-22 13:45:08.062  2338  2338 W dex2oat : Unexpected CPU variant for X86 using defaults: x86
11-22 13:45:08.062  2338  2338 W dex2oat : Mismatch between dex2oat instruction set features (ISA: X86 Feature string: smp,-ssse3,-sse4.1,-sse4.2,-avx,-avx2,-lock_add,-popcnt) and those of dex2oat executable (ISA: X86 Feature string: smp,ssse3,-sse4.1,-sse4.2,-avx,-avx2,-lock_add,-popcnt) for the command line:
11-22 13:45:08.062  2338  2338 W dex2oat : /system/bin/dex2oat --runtime-arg -classpath --runtime-arg & --instruction-set=x86 --instruction-set-features=smp,ssse3,-sse4.1,-sse4.2,-avx,-avx2,-lock_add,-popcnt --runtime-arg -Xrelocate --boot-image=/system/framework/boot.art --runtime-arg -Xms64m --runtime-arg -Xmx512m --instruction-set-variant=x86 --instruction-set-features=default --dex-file=/data/user/0/br.com.catbag.gifreduxsample/app_dxmaker_cache/Generated_875170230.jar --oat-fd=38 --oat-location=/data/user/0/br.com.catbag.gifreduxsample/app_dxmaker_cache/Generated_875170230.dex --compiler-filter=speed
11-22 13:45:08.064  2338  2338 I dex2oat : /system/bin/dex2oat --dex-file=/data/user/0/br.com.catbag.gifreduxsample/app_dxmaker_cache/Generated_875170230.jar --oat-fd=38 --oat-location=/data/user/0/br.com.catbag.gifreduxsample/app_dxmaker_cache/Generated_875170230.dex --compiler-filter=speed
11-22 13:45:08.098  2311  2315 I art     : Do partial code cache collection, code=28KB, data=30KB
11-22 13:45:08.099  2311  2315 I art     : After code cache collection, code=26KB, data=29KB
11-22 13:45:08.099  2311  2315 I art     : Increasing code cache capacity to 128KB
11-22 13:45:08.261  2338  2338 I dex2oat : dex2oat took 198.647ms (threads: 1) arena alloc=41KB (42016B) java alloc=28KB (28768B) native alloc=740KB (758760B) free=795KB (814104B)
11-22 13:45:08.304  1237  1438 D VoldConnector: SND -> {29 volume mkdirs /storage/emulated/0/Android/data/br.com.catbag.gifreduxsample/cache/}
11-22 13:45:08.319  1237  1281 D VoldConnector: RCV <- {200 29 Command succeeded}
11-22 13:45:08.350  2311  2327 I DroidFlux:Dispatcher: [STARTED] dispatch of action [FAKE_REDUCE_ACTION]
11-22 13:45:08.352  2311  2327 I DroidFlux:Dispatcher: [COMPLETED] dispatch of action [FAKE_REDUCE_ACTION]
11-22 13:45:08.366  2311  2337 D ActivityTestRule: Launching activity br.com.catbag.gifreduxsample.ui.GifListActivity
11-22 13:45:08.371  2311  2341 D MonitoringInstrumentation: execStartActivity(context, ibinder, ibinder, activity, intent, int, bundle
11-22 13:45:08.388  1237  1248 I ActivityManager: START u0 {flg=0x14000000 cmp=br.com.catbag.gifreduxsample/.ui.GifListActivity} from uid 10060 on display 0
11-22 13:45:09.018  2311  2311 D LifecycleMonitor: Lifecycle status change: br.com.catbag.gifreduxsample.ui.GifListActivity@435cedb in: PRE_ON_CREATE
11-22 13:45:09.329  1237  1258 I Choreographer: Skipped 45 frames!  The application may be doing too much work on its main thread.
11-22 13:45:09.820  2311  2311 D LifecycleMonitor: Lifecycle status change: br.com.catbag.gifreduxsample.ui.GifListActivity@435cedb in: CREATED
11-22 13:45:09.866  1237  1258 I Choreographer: Skipped 36 frames!  The application may be doing too much work on its main thread.
11-22 13:45:09.871  1237  1742 W art     : Long monitor contention with owner android.display (1258) at void com.android.server.wm.WindowAnimator$1.doFrame(long)(WindowAnimator.java:138) waiters=0 in int com.android.server.wm.WindowManagerService.relayoutWindow(com.android.server.wm.Session, android.view.IWindow, int, android.view.WindowManager$LayoutParams, int, int, int, int, android.graphics.Rect, android.graphics.Rect, android.graphics.Rect, android.graphics.Rect, android.graphics.Rect, android.graphics.Rect, android.graphics.Rect, android.content.res.Configuration, android.view.Surface) for 114ms
11-22 13:45:09.882  2311  2311 D LifecycleMonitor: Lifecycle status change: br.com.catbag.gifreduxsample.ui.GifListActivity@435cedb in: STARTED
11-22 13:45:09.952  2311  2311 D LifecycleMonitor: Lifecycle status change: br.com.catbag.gifreduxsample.ui.GifListActivity@435cedb in: RESUMED
11-22 13:45:10.038  1237  1258 I Choreographer: Skipped 41 frames!  The application may be doing too much work on its main thread.
11-22 13:45:10.205  1237  1258 I Choreographer: Skipped 42 frames!  The application may be doing too much work on its main thread.
11-22 13:45:10.415  1237  1258 I Choreographer: Skipped 51 frames!  The application may be doing too much work on its main thread.
11-22 13:45:10.965  2311  2322 I art     : Background partial concurrent mark sweep GC freed 27990(1323KB) AllocSpace objects, 0(0B) LOS objects, 39% free, 4MB/8MB, paused 8.853ms total 200.889ms
11-22 13:45:11.049  2311  2311 D gralloc_ranchu: Emulator without host-side GPU emulation detected.
11-22 13:45:11.151  1237  1258 I ActivityManager: Displayed br.com.catbag.gifreduxsample/.ui.GifListActivity: +2s329ms
11-22 13:45:11.276  2311  2337 D InputManagerEventInjectionStrategy: Creating injection strategy with input manager.
11-22 13:45:11.534  1237  1324 E TaskPersister: File error accessing recents directory (directory doesn't exist?).
11-22 13:45:11.540  1237  1258 I WindowManager: Destroying surface Surface(name=Starting br.com.catbag.gifreduxsample) called by com.android.server.wm.WindowStateAnimator.destroySurface:2014 com.android.server.wm.WindowStateAnimator.destroySurfaceLocked:881 com.android.server.wm.WindowState.destroyOrSaveSurface:2073 com.android.server.wm.AppWindowToken.destroySurfaces:363 com.android.server.wm.WindowStateAnimator.finishExit:565 com.android.server.wm.WindowStateAnimator.stepAnimationLocked:491 com.android.server.wm.WindowAnimator.updateWindowsLocked:303 com.android.server.wm.WindowAnimator.animateLocked:704 
11-22 13:45:11.720  1237  1267 I WindowManager: Destroying surface Surface(name=com.android.launcher3/com.android.launcher3.Launcher) called by com.android.server.wm.WindowStateAnimator.destroySurface:2014 com.android.server.wm.WindowStateAnimator.destroySurfaceLocked:881 com.android.server.wm.WindowState.destroyOrSaveSurface:2073 com.android.server.wm.AppWindowToken.destroySurfaces:363 com.android.server.wm.AppWindowToken.notifyAppStopped:389 com.android.server.wm.WindowManagerService.notifyAppStopped:4456 com.android.server.am.ActivityStack.activityStoppedLocked:1252 com.android.server.am.ActivityManagerService.activityStopped:6873 
11-22 13:45:31.638  2311  2311 D LifecycleMonitor: Lifecycle status change: br.com.catbag.gifreduxsample.ui.GifListActivity@435cedb in: PAUSED
11-22 13:45:31.686  2311  2326 I TestRunner: failed: whenScrollDownAndPlayLastItemTest(br.com.catbag.gifreduxsample.ui.giflist.GifListActivityTest)
11-22 13:45:31.686  2311  2326 I TestRunner: ----- begin exception -----
11-22 13:45:31.689  2311  2326 I TestRunner: java.lang.RuntimeException: Waited for the root of the view hierarchy to have window focus and not be requesting layout for over 10 seconds. If you specified a non default root matcher, it may be picking a root that never takes focus. Otherwise, something is seriously wrong. Selected Root:
11-22 13:45:31.689  2311  2326 I TestRunner: Root{application-window-token=android.view.ViewRootImpl$W@dfe35a2, window-token=android.view.ViewRootImpl$W@dfe35a2, has-window-focus=false, layout-params-type=1, layout-params-string=WM.LayoutParams{(0,0)(fillxfill) sim=#100 ty=1 fl=#81810100 wanim=0x1030465 needsMenuKey=2}, decor-view-string=DecorView{id=-1, visibility=VISIBLE, width=480, height=800, has-focus=true, has-focusable=true, has-window-focus=false, is-clickable=false, is-enabled=true, is-focused=false, is-focusable=false, is-layout-requested=false, is-selected=false, root-is-layout-requested=false, has-input-connection=false, x=0.0, y=0.0, child-count=1}}
11-22 13:45:31.689  2311  2326 I TestRunner: . All Roots:
11-22 13:45:31.689  2311  2326 I TestRunner: Root{application-window-token=android.view.ViewRootImpl$W@dfe35a2, window-token=android.view.ViewRootImpl$W@dfe35a2, has-window-focus=false, layout-params-type=1, layout-params-string=WM.LayoutParams{(0,0)(fillxfill) sim=#100 ty=1 fl=#81810100 wanim=0x1030465 needsMenuKey=2}, decor-view-string=DecorView{id=-1, visibility=VISIBLE, width=480, height=800, has-focus=true, has-focusable=true, has-window-focus=false, is-clickable=false, is-enabled=true, is-focused=false, is-focusable=false, is-layout-requested=false, is-selected=false, root-is-layout-requested=false, has-input-connection=false, x=0.0, y=0.0, child-count=1}}
11-22 13:45:31.689  2311  2326 I TestRunner: 	at android.support.test.espresso.base.RootViewPicker.get(RootViewPicker.java:99)
11-22 13:45:31.689  2311  2326 I TestRunner: 	at android.support.test.espresso.ViewInteractionModule.provideRootView(ViewInteractionModule.java:69)
11-22 13:45:31.689  2311  2326 I TestRunner: 	at android.support.test.espresso.ViewInteractionModule_ProvideRootViewFactory.get(ViewInteractionModule_ProvideRootViewFactory.java:23)
11-22 13:45:31.689  2311  2326 I TestRunner: 	at android.support.test.espresso.ViewInteractionModule_ProvideRootViewFactory.get(ViewInteractionModule_ProvideRootViewFactory.java:9)
11-22 13:45:31.689  2311  2326 I TestRunner: 	at android.support.test.espresso.base.ViewFinderImpl.getView(ViewFinderImpl.java:68)
11-22 13:45:31.689  2311  2326 I TestRunner: 	at android.support.test.espresso.ViewInteraction$1.run(ViewInteraction.java:120)
11-22 13:45:31.689  2311  2326 I TestRunner: 	at java.util.concurrent.Executors$RunnableAdapter.call(Executors.java:428)
11-22 13:45:31.689  2311  2326 I TestRunner: 	at java.util.concurrent.FutureTask.run(FutureTask.java:237)
11-22 13:45:31.689  2311  2326 I TestRunner: 	at android.os.Handler.handleCallback(Handler.java:751)
11-22 13:45:31.689  2311  2326 I TestRunner: 	at android.os.Handler.dispatchMessage(Handler.java:95)
11-22 13:45:31.689  2311  2326 I TestRunner: 	at android.os.Looper.loop(Looper.java:154)
11-22 13:45:31.689  2311  2326 I TestRunner: 	at android.app.ActivityThread.main(ActivityThread.java:6077)
11-22 13:45:31.689  2311  2326 I TestRunner: 	at java.lang.reflect.Method.invoke(Native Method)
11-22 13:45:31.689  2311  2326 I TestRunner: 	at com.android.internal.os.ZygoteInit$MethodAndArgsCaller.run(ZygoteInit.java:865)
11-22 13:45:31.689  2311  2326 I TestRunner: 	at com.android.internal.os.ZygoteInit.main(ZygoteInit.java:755)
11-22 13:45:31.689  2311  2326 I TestRunner: ----- end exception -----
11-22 13:45:31.738  2311  2326 I TestRunner: finished: whenScrollDownAndPlayLastItemTest(br.com.catbag.gifreduxsample.ui.giflist.GifListActivityTest)
11-22 13:45:31.967   977   977 D gralloc : Registering a buffer in the process that created it. This may cause memory ordering problems.
11-22 13:45:31.970   977   977 E libEGL  : called unimplemented OpenGL ES API
11-22 13:45:31.971   977   977 E SurfaceFlinger: glCheckFramebufferStatusOES error 608550104
11-22 13:45:31.971   977   977 E SurfaceFlinger: got GL_FRAMEBUFFER_COMPLETE_OES error while taking screenshot
