11-23 19:06:09.286  2308  2324 I TestRunner: Root{application-window-token=android.view.ViewRootImpl$W@ce9d72c, window-token=android.view.ViewRootImpl$W@ce9d72c, has-window-focus=false, layout-params-type=1, layout-params-string=WM.LayoutParams{(0,0)(fillxfill) sim=#100 ty=1 fl=#81810100 wanim=0x1030465 needsMenuKey=2}, decor-view-string=DecorView{id=-1, visibility=VISIBLE, width=480, height=800, has-focus=true, has-focusable=true, has-window-focus=false, is-clickable=false, is-enabled=true, is-focused=false, is-focusable=false, is-layout-requested=false, is-selected=false, root-is-layout-requested=false, has-input-connection=false, x=0.0, y=0.0, child-count=1}}
11-23 19:06:09.286  2308  2324 I TestRunner: 	at android.support.test.espresso.base.RootViewPicker.get(RootViewPicker.java:99)
11-23 19:06:09.286  2308  2324 I TestRunner: 	at android.support.test.espresso.ViewInteractionModule.provideRootView(ViewInteractionModule.java:69)
11-23 19:06:09.286  2308  2324 I TestRunner: 	at android.support.test.espresso.ViewInteractionModule_ProvideRootViewFactory.get(ViewInteractionModule_ProvideRootViewFactory.java:23)
11-23 19:06:09.286  2308  2324 I TestRunner: 	at android.support.test.espresso.ViewInteractionModule_ProvideRootViewFactory.get(ViewInteractionModule_ProvideRootViewFactory.java:9)
11-23 19:06:09.286  2308  2324 I TestRunner: 	at android.support.test.espresso.base.ViewFinderImpl.getView(ViewFinderImpl.java:68)
11-23 19:06:09.286  2308  2324 I TestRunner: 	at android.support.test.espresso.ViewInteraction$2.run(ViewInteraction.java:166)
11-23 19:06:09.286  2308  2324 I TestRunner: 	at java.util.concurrent.Executors$RunnableAdapter.call(Executors.java:428)
11-23 19:06:09.286  2308  2324 I TestRunner: 	at java.util.concurrent.FutureTask.run(FutureTask.java:237)
11-23 19:06:09.286  2308  2324 I TestRunner: 	at android.os.Handler.handleCallback(Handler.java:751)
11-23 19:06:09.286  2308  2324 I TestRunner: 	at android.os.Handler.dispatchMessage(Handler.java:95)
11-23 19:06:09.286  2308  2324 I TestRunner: 	at android.os.Looper.loop(Looper.java:154)
11-23 19:06:09.286  2308  2324 I TestRunner: 	at android.app.ActivityThread.main(ActivityThread.java:6077)
11-23 19:06:09.286  2308  2324 I TestRunner: 	at java.lang.reflect.Method.invoke(Native Method)
11-23 19:06:09.286  2308  2324 I TestRunner: 	at com.android.internal.os.ZygoteInit$MethodAndArgsCaller.run(ZygoteInit.java:865)
11-23 19:06:09.286  2308  2324 I TestRunner: 	at com.android.internal.os.ZygoteInit.main(ZygoteInit.java:755)
11-23 19:06:09.286  2308  2324 I TestRunner: ----- end exception -----
11-23 19:06:09.287  2308  2324 I TestRunner: finished: whenGifIsDownloadedTest(br.com.catbag.gifreduxsample.ui.giflist.GifListActivityTest)
11-23 19:06:09.486   978   978 D gralloc : Registering a buffer in the process that created it. This may cause memory ordering problems.
11-23 19:06:09.487   978   978 E libEGL  : called unimplemented OpenGL ES API
11-23 19:06:09.487   978   978 E SurfaceFlinger: glCheckFramebufferStatusOES error -221756020
11-23 19:06:09.488   978   978 E SurfaceFlinger: got GL_FRAMEBUFFER_COMPLETE_OES error while taking screenshot
11-23 19:06:09.490  1239  2129 W WindowManager: Screenshot failure taking screenshot for (480x800) to layer 21000
11-23 19:06:09.533  1239  1254 W art     : Long monitor contention with owner Binder:1239_9 (2129) at void com.android.server.am.ActivityManagerService.activityPaused(android.os.IBinder)(ActivityManagerService.java:6849) waiters=1 in void com.android.server.am.ActivityManagerService.dispatchProcessesChanged() for 114ms
11-23 19:06:09.559  2308  2308 I MonitoringInstrumentation: Activities that are still in CREATED to STOPPED: 1
11-23 19:06:09.562  2308  2324 I TestRunner: started: whenPlayGifTest(br.com.catbag.gifreduxsample.ui.giflist.GifListActivityTest)
11-23 19:06:09.642  2308  2308 I MonitoringInstrumentation: Activities that are still in CREATED to STOPPED: 1
11-23 19:06:09.687  1713  1713 I Choreographer: Skipped 41 frames!  The application may be doing too much work on its main thread.
11-23 19:06:09.882  2308  2325 I DroidFlux:Dispatcher: [STARTED] dispatch of action [FAKE_REDUCE_ACTION]
11-23 19:06:09.883  2308  2325 I DroidFlux:Dispatcher: [COMPLETED] dispatch of action [FAKE_REDUCE_ACTION]
11-23 19:06:09.989  2308  2370 D ActivityTestRule: Launching activity br.com.catbag.gifreduxsample.ui.GifListActivity
11-23 19:06:09.993  1713  1713 I Choreographer: Skipped 48 frames!  The application may be doing too much work on its main thread.
11-23 19:06:10.036  2308  2371 D MonitoringInstrumentation: execStartActivity(context, ibinder, ibinder, activity, intent, int, bundle
11-23 19:06:10.038  1239  2130 I ActivityManager: START u0 {flg=0x10000000 cmp=br.com.catbag.gifreduxsample/.ui.GifListActivity} from uid 10060 on display 0
11-23 19:06:10.264  2308  2308 D LifecycleMonitor: Lifecycle status change: br.com.catbag.gifreduxsample.ui.GifListActivity@7334dcf in: PRE_ON_CREATE
11-23 19:06:10.323  2308  2308 D LifecycleMonitor: Lifecycle status change: br.com.catbag.gifreduxsample.ui.GifListActivity@7334dcf in: CREATED
11-23 19:06:10.324  2308  2325 I DroidFlux:Dispatcher: [STARTED] dispatch of action [APP_STATE_LOAD]
11-23 19:06:10.324  2308  2325 D DroidFlux:Dispatcher: An action of type [APP_STATE_LOAD] was dispatched, but no reducer handled it
11-23 19:06:10.324  2308  2325 I DroidFlux:Dispatcher: [COMPLETED] dispatch of action [APP_STATE_LOAD]
11-23 19:06:10.324  2308  2308 D LifecycleMonitor: Lifecycle status change: br.com.catbag.gifreduxsample.ui.GifListActivity@7334dcf in: STARTED
11-23 19:06:10.428  2308  2308 D LifecycleMonitor: Lifecycle status change: br.com.catbag.gifreduxsample.ui.GifListActivity@7334dcf in: RESUMED
11-23 19:06:10.432  2308  2308 I Choreographer: Skipped 64 frames!  The application may be doing too much work on its main thread.
11-23 19:06:10.758  1239  1260 I Choreographer: Skipped 53 frames!  The application may be doing too much work on its main thread.
11-23 19:06:10.760  1239  2130 W art     : Long monitor contention with owner android.display (1260) at void com.android.server.wm.WindowAnimator$1.doFrame(long)(WindowAnimator.java:138) waiters=0 in int com.android.server.wm.WindowManagerService.relayoutWindow(com.android.server.wm.Session, android.view.IWindow, int, android.view.WindowManager$LayoutParams, int, int, int, int, android.graphics.Rect, android.graphics.Rect, android.graphics.Rect, android.graphics.Rect, android.graphics.Rect, android.graphics.Rect, android.graphics.Rect, android.content.res.Configuration, android.view.Surface) for 181ms
11-23 19:06:11.037  1239  1260 I Choreographer: Skipped 70 frames!  The application may be doing too much work on its main thread.
11-23 19:06:11.174  1239  1260 I Choreographer: Skipped 31 frames!  The application may be doing too much work on its main thread.
11-23 19:06:11.292  1239  1260 I ActivityManager: Displayed br.com.catbag.gifreduxsample/.ui.GifListActivity: +1s160ms
11-23 19:06:11.297  2308  2308 D LifecycleMonitor: Lifecycle status change: br.com.catbag.gifreduxsample.ui.GifListActivity@fe9a191 in: STOPPED
11-23 19:06:11.298  2308  2308 D LifecycleMonitor: Lifecycle status change: br.com.catbag.gifreduxsample.ui.GifListActivity@fe9a191 in: DESTROYED
11-23 19:06:11.301  1239  1251 I WindowManager: Destroying surface Surface(name=br.com.catbag.gifreduxsample/br.com.catbag.gifreduxsample.ui.GifListActivity) called by com.android.server.wm.WindowStateAnimator.destroySurface:2014 com.android.server.wm.WindowStateAnimator.destroySurfaceLocked:881 com.android.server.wm.WindowState.removeLocked:1449 com.android.server.wm.WindowManagerService.removeWindowInnerLocked:2478 com.android.server.wm.WindowManagerService.removeWindowLocked:2436 com.android.server.wm.WindowManagerService.removeWindowLocked:2305 com.android.server.wm.WindowManagerService.removeWindow:2300 com.android.server.wm.Session.remove:193 
11-23 19:06:11.487  1239  2129 I WindowManager: Destroying surface Surface(name=com.android.launcher3/com.android.launcher3.Launcher) called by com.android.server.wm.WindowStateAnimator.destroySurface:2014 com.android.server.wm.WindowStateAnimator.destroySurfaceLocked:881 com.android.server.wm.WindowState.destroyOrSaveSurface:2073 com.android.server.wm.AppWindowToken.destroySurfaces:363 com.android.server.wm.AppWindowToken.notifyAppStopped:389 com.android.server.wm.WindowManagerService.notifyAppStopped:4456 com.android.server.am.ActivityStack.activityStoppedLocked:1252 com.android.server.am.ActivityManagerService.activityStopped:6873 
11-23 19:06:11.541  1239  1260 I WindowManager: Destroying surface Surface(name=Starting br.com.catbag.gifreduxsample) called by com.android.server.wm.WindowStateAnimator.destroySurface:2014 com.android.server.wm.WindowStateAnimator.destroySurfaceLocked:881 com.android.server.wm.WindowState.destroyOrSaveSurface:2073 com.android.server.wm.AppWindowToken.destroySurfaces:363 com.android.server.wm.WindowStateAnimator.finishExit:565 com.android.server.wm.WindowStateAnimator.stepAnimationLocked:491 com.android.server.wm.WindowAnimator.updateWindowsLocked:303 com.android.server.wm.WindowAnimator.animateLocked:704 
11-23 19:06:13.637  1239  1324 E TaskPersister: File error accessing recents directory (directory doesn't exist?).
11-23 19:06:15.473  2308  2319 I art     : Background sticky concurrent mark sweep GC freed 88310(2MB) AllocSpace objects, 0(0B) LOS objects, 26% free, 8MB/12MB, paused 7.810ms total 165.942ms
11-23 19:06:37.642  2308  2324 I TestRunner: failed: whenPlayGifTest(br.com.catbag.gifreduxsample.ui.giflist.GifListActivityTest)
11-23 19:06:37.642  2308  2324 I TestRunner: ----- begin exception -----
11-23 19:06:37.644  2308  2324 I TestRunner: java.lang.RuntimeException: Waited for the root of the view hierarchy to have window focus and not be requesting layout for over 10 seconds. If you specified a non default root matcher, it may be picking a root that never takes focus. Otherwise, something is seriously wrong. Selected Root:
11-23 19:06:37.644  2308  2324 I TestRunner: Root{application-window-token=android.view.ViewRootImpl$W@470dd42, window-token=android.view.ViewRootImpl$W@470dd42, has-window-focus=false, layout-params-type=1, layout-params-string=WM.LayoutParams{(0,0)(fillxfill) sim=#100 ty=1 fl=#81810100 wanim=0x1030465 needsMenuKey=2}, decor-view-string=DecorView{id=-1, visibility=VISIBLE, width=480, height=800, has-focus=true, has-focusable=true, has-window-focus=false, is-clickable=false, is-enabled=true, is-focused=false, is-focusable=false, is-layout-requested=false, is-selected=false, root-is-layout-requested=false, has-input-connection=false, x=0.0, y=0.0, child-count=1}}
11-23 19:06:37.644  2308  2324 I TestRunner: . All Roots:
11-23 19:06:37.644  2308  2324 I TestRunner: Root{application-window-token=android.view.ViewRootImpl$W@470dd42, window-token=android.view.ViewRootImpl$W@470dd42, has-window-focus=false, layout-params-type=1, layout-params-string=WM.LayoutParams{(0,0)(fillxfill) sim=#100 ty=1 fl=#81810100 wanim=0x1030465 needsMenuKey=2}, decor-view-string=DecorView{id=-1, visibility=VISIBLE, width=480, height=800, has-focus=true, has-focusable=true, has-window-focus=false, is-clickable=false, is-enabled=true, is-focused=false, is-focusable=false, is-layout-requested=false, is-selected=false, root-is-layout-requested=false, has-input-connection=false, x=0.0, y=0.0, child-count=1}}
11-23 19:06:37.644  2308  2324 I TestRunner: 	at android.support.test.espresso.base.RootViewPicker.get(RootViewPicker.java:99)
11-23 19:06:37.644  2308  2324 I TestRunner: 	at android.support.test.espresso.ViewInteractionModule.provideRootView(ViewInteractionModule.java:69)
11-23 19:06:37.644  2308  2324 I TestRunner: 	at android.support.test.espresso.ViewInteractionModule_ProvideRootViewFactory.get(ViewInteractionModule_ProvideRootViewFactory.java:23)
11-23 19:06:37.644  2308  2324 I TestRunner: 	at android.support.test.espresso.ViewInteractionModule_ProvideRootViewFactory.get(ViewInteractionModule_ProvideRootViewFactory.java:9)
11-23 19:06:37.644  2308  2324 I TestRunner: 	at android.support.test.espresso.base.ViewFinderImpl.getView(ViewFinderImpl.java:68)
11-23 19:06:37.644  2308  2324 I TestRunner: 	at android.support.test.espresso.ViewInteraction$1.run(ViewInteraction.java:120)
11-23 19:06:37.644  2308  2324 I TestRunner: 	at java.util.concurrent.Executors$RunnableAdapter.call(Executors.java:428)
11-23 19:06:37.644  2308  2324 I TestRunner: 	at java.util.concurrent.FutureTask.run(FutureTask.java:237)
11-23 19:06:37.644  2308  2324 I TestRunner: 	at android.os.Handler.handleCallback(Handler.java:751)
11-23 19:06:37.644  2308  2324 I TestRunner: 	at android.os.Handler.dispatchMessage(Handler.java:95)
11-23 19:06:37.644  2308  2324 I TestRunner: 	at android.os.Looper.loop(Looper.java:154)
11-23 19:06:37.644  2308  2324 I TestRunner: 	at android.app.ActivityThread.main(ActivityThread.java:6077)
11-23 19:06:37.644  2308  2324 I TestRunner: 	at java.lang.reflect.Method.invoke(Native Method)
11-23 19:06:37.644  2308  2324 I TestRunner: 	at com.android.internal.os.ZygoteInit$MethodAndArgsCaller.run(ZygoteInit.java:865)
11-23 19:06:37.644  2308  2324 I TestRunner: 	at com.android.internal.os.ZygoteInit.main(ZygoteInit.java:755)
11-23 19:06:37.644  2308  2324 I TestRunner: ----- end exception -----
11-23 19:06:37.650  2308  2324 I TestRunner: finished: whenPlayGifTest(br.com.catbag.gifreduxsample.ui.giflist.GifListActivityTest)
11-23 19:06:37.770  2308  2308 D LifecycleMonitor: Lifecycle status change: br.com.catbag.gifreduxsample.ui.GifListActivity@7334dcf in: PAUSED
11-23 19:06:37.870   978   978 D gralloc : Registering a buffer in the process that created it. This may cause memory ordering problems.
11-23 19:06:37.870   978   978 E libEGL  : called unimplemented OpenGL ES API
11-23 19:06:37.872   978   978 E SurfaceFlinger: glCheckFramebufferStatusOES error -221756020
11-23 19:06:37.872   978   978 E SurfaceFlinger: got GL_FRAMEBUFFER_COMPLETE_OES error while taking screenshot
11-23 19:06:37.874  1239  1250 W WindowManager: Screenshot failure taking screenshot for (480x800) to layer 21000
11-23 19:06:38.002  2308  2308 I MonitoringInstrumentation: Activities that are still in CREATED to STOPPED: 1
11-23 19:06:38.003  2308  2308 I Choreographer: Skipped 60 frames!  The application may be doing too much work on its main thread.
11-23 19:06:38.017  2308  2324 I TestRunner: started: whenGifDownloadFailTest(br.com.catbag.gifreduxsample.ui.giflist.GifListActivityTest)
11-23 19:06:38.038  2308  2308 I MonitoringInstrumentation: Activities that are still in CREATED to STOPPED: 1
11-23 19:06:38.054  2308  2325 I DroidFlux:Dispatcher: [STARTED] dispatch of action [FAKE_REDUCE_ACTION]
11-23 19:06:38.077  2308  2325 I DroidFlux:Dispatcher: [COMPLETED] dispatch of action [FAKE_REDUCE_ACTION]
11-23 19:06:38.087  2308  2374 D ActivityTestRule: Launching activity br.com.catbag.gifreduxsample.ui.GifListActivity
11-23 19:06:38.108  2308  2375 D MonitoringInstrumentation: execStartActivity(context, ibinder, ibinder, activity, intent, int, bundle
11-23 19:06:38.109  1239  1251 I ActivityManager: START u0 {flg=0x10000000 cmp=br.com.catbag.gifreduxsample/.ui.GifListActivity} from uid 10060 on display 0
11-23 19:06:38.304  2308  2308 D LifecycleMonitor: Lifecycle status change: br.com.catbag.gifreduxsample.ui.GifListActivity@2364a54 in: PRE_ON_CREATE
11-23 19:06:38.361  2308  2308 D LifecycleMonitor: Lifecycle status change: br.com.catbag.gifreduxsample.ui.GifListActivity@2364a54 in: CREATED
11-23 19:06:38.362  2308  2325 I DroidFlux:Dispatcher: [STARTED] dispatch of action [APP_STATE_LOAD]
11-23 19:06:38.363  2308  2325 D DroidFlux:Dispatcher: An action of type [APP_STATE_LOAD] was dispatched, but no reducer handled it
11-23 19:06:38.363  2308  2325 I DroidFlux:Dispatcher: [COMPLETED] dispatch of action [APP_STATE_LOAD]
11-23 19:06:38.363  2308  2308 D LifecycleMonitor: Lifecycle status change: br.com.catbag.gifreduxsample.ui.GifListActivity@2364a54 in: STARTED
11-23 19:06:38.366  2308  2308 D LifecycleMonitor: Lifecycle status change: br.com.catbag.gifreduxsample.ui.GifListActivity@2364a54 in: RESUMED
11-23 19:06:38.408  1713  1713 I Choreographer: Skipped 53 frames!  The application may be doing too much work on its main thread.
11-23 19:06:38.494  1239  1677 I WindowManager: Destroying surface Surface(name=com.android.launcher3/com.android.launcher3.Launcher) called by com.android.server.wm.WindowStateAnimator.destroySurface:2014 com.android.server.wm.WindowStateAnimator.destroySurfaceLocked:881 com.android.server.wm.WindowState.destroyOrSaveSurface:2073 com.android.server.wm.WindowManagerService.tryStartExitingAnimation:3017 com.android.server.wm.WindowManagerService.relayoutWindow:2897 com.android.server.wm.Session.relayout:215 android.view.IWindowSession$Stub.onTransact:286 com.android.server.wm.Session.onTransact:136 
11-23 19:06:38.612  2308  2308 D LifecycleMonitor: Lifecycle status change: br.com.catbag.gifreduxsample.ui.GifListActivity@7334dcf in: STOPPED
11-23 19:06:38.612  2308  2308 D LifecycleMonitor: Lifecycle status change: br.com.catbag.gifreduxsample.ui.GifListActivity@7334dcf in: DESTROYED
11-23 19:06:38.785  1239  1260 I Choreographer: Skipped 34 frames!  The application may be doing too much work on its main thread.
11-23 19:06:39.033  1239  1260 I Choreographer: Skipped 30 frames!  The application may be doing too much work on its main thread.
11-23 19:06:39.174  1239  1260 I Choreographer: Skipped 32 frames!  The application may be doing too much work on its main thread.
11-23 19:06:39.179  1239  1678 I WindowManager: Destroying surface Surface(name=br.com.catbag.gifreduxsample/br.com.catbag.gifreduxsample.ui.GifListActivity) called by com.android.server.wm.WindowStateAnimator.destroySurface:2014 com.android.server.wm.WindowStateAnimator.destroySurfaceLocked:881 com.android.server.wm.WindowState.removeLocked:1449 com.android.server.wm.WindowManagerService.removeWindowInnerLocked:2478 com.android.server.wm.WindowManagerService.removeWindowLocked:2436 com.android.server.wm.WindowManagerService.removeWindowLocked:2305 com.android.server.wm.WindowManagerService.removeWindow:2300 com.android.server.wm.Session.remove:193 
11-23 19:06:39.240  2308  2308 I Choreographer: Skipped 164 frames!  The application may be doing too much work on its main thread.
11-23 19:06:39.391  1239  1260 I Choreographer: Skipped 35 frames!  The application may be doing too much work on its main thread.
11-23 19:06:39.465  1239  1260 I ActivityManager: Displayed br.com.catbag.gifreduxsample/.ui.GifListActivity: +1s186ms
11-23 19:06:39.731  1239  1260 I WindowManager: Destroying surface Surface(name=Starting br.com.catbag.gifreduxsample) called by com.android.server.wm.WindowStateAnimator.destroySurface:2014 com.android.server.wm.WindowStateAnimator.destroySurfaceLocked:881 com.android.server.wm.WindowState.destroyOrSaveSurface:2073 com.android.server.wm.AppWindowToken.destroySurfaces:363 com.android.server.wm.WindowStateAnimator.finishExit:565 com.android.server.wm.WindowStateAnimator.stepAnimationLocked:491 com.android.server.wm.WindowAnimator.updateWindowsLocked:303 com.android.server.wm.WindowAnimator.animateLocked:704 
11-23 19:06:41.647  1239  1324 E TaskPersister: File error accessing recents directory (directory doesn't exist?).
11-23 19:06:52.243  2308  2319 I art     : Background sticky concurrent mark sweep GC freed 100983(2MB) AllocSpace objects, 0(0B) LOS objects, 25% free, 8MB/12MB, paused 7.822ms total 171.231ms
11-23 19:07:05.667  2308  2324 I TestRunner: failed: whenGifDownloadFailTest(br.com.catbag.gifreduxsample.ui.giflist.GifListActivityTest)
11-23 19:07:05.667  2308  2324 I TestRunner: ----- begin exception -----
11-23 19:07:05.668  2308  2324 I TestRunner: java.lang.RuntimeException: Waited for the root of the view hierarchy to have window focus and not be requesting layout for over 10 seconds. If you specified a non default root matcher, it may be picking a root that never takes focus. Otherwise, something is seriously wrong. Selected Root:
11-23 19:07:05.668  2308  2324 I TestRunner: Root{application-window-token=android.view.ViewRootImpl$W@a2607ab, window-token=android.view.ViewRootImpl$W@a2607ab, has-window-focus=false, layout-params-type=1, layout-params-string=WM.LayoutParams{(0,0)(fillxfill) sim=#100 ty=1 fl=#81810100 wanim=0x1030465 needsMenuKey=2}, decor-view-string=DecorView{id=-1, visibility=VISIBLE, width=480, height=800, has-focus=true, has-focusable=true, has-window-focus=false, is-clickable=false, is-enabled=true, is-focused=false, is-focusable=false, is-layout-requested=false, is-selected=false, root-is-layout-requested=false, has-input-connection=false, x=0.0, y=0.0, child-count=1}}
11-23 19:07:05.668  2308  2324 I TestRunner: . All Roots:
11-23 19:07:05.668  2308  2324 I TestRunner: Root{application-window-token=android.view.ViewRootImpl$W@a2607ab, window-token=android.view.ViewRootImpl$W@a2607ab, has-window-focus=false, layout-params-type=1, layout-params-string=WM.LayoutParams{(0,0)(fillxfill) sim=#100 ty=1 fl=#81810100 wanim=0x1030465 needsMenuKey=2}, decor-view-string=DecorView{id=-1, visibility=VISIBLE, width=480, height=800, has-focus=true, has-focusable=true, has-window-focus=false, is-clickable=false, is-enabled=true, is-focused=false, is-focusable=false, is-layout-requested=false, is-selected=false, root-is-layout-requested=false, has-input-connection=false, x=0.0, y=0.0, child-count=1}}
11-23 19:07:05.668  2308  2324 I TestRunner: 	at android.support.test.espresso.base.RootViewPicker.get(RootViewPicker.java:99)
11-23 19:07:05.668  2308  2324 I TestRunner: 	at android.support.test.espresso.ViewInteractionModule.provideRootView(ViewInteractionModule.java:69)
11-23 19:07:05.668  2308  2324 I TestRunner: 	at android.support.test.espresso.ViewInteractionModule_ProvideRootViewFactory.get(ViewInteractionModule_ProvideRootViewFactory.java:23)
11-23 19:07:05.668  2308  2324 I TestRunner: 	at android.support.test.espresso.ViewInteractionModule_ProvideRootViewFactory.get(ViewInteractionModule_ProvideRootViewFactory.java:9)
11-23 19:07:05.668  2308  2324 I TestRunner: 	at android.support.test.espresso.base.ViewFinderImpl.getView(ViewFinderImpl.java:68)
11-23 19:07:05.668  2308  2324 I TestRunner: 	at android.support.test.espresso.ViewInteraction$2.run(ViewInteraction.java:166)
11-23 19:07:05.668  2308  2324 I TestRunner: 	at java.util.concurrent.Executors$RunnableAdapter.call(Executors.java:428)
11-23 19:07:05.668  2308  2324 I TestRunner: 	at java.util.concurrent.FutureTask.run(FutureTask.java:237)
11-23 19:07:05.668  2308  2324 I TestRunner: 	at android.os.Handler.handleCallback(Handler.java:751)
11-23 19:07:05.668  2308  2324 I TestRunner: 	at android.os.Handler.dispatchMessage(Handler.java:95)
11-23 19:07:05.668  2308  2324 I TestRunner: 	at android.os.Looper.loop(Looper.java:154)
11-23 19:07:05.668  2308  2324 I TestRunner: 	at android.app.ActivityThread.main(ActivityThread.java:6077)
11-23 19:07:05.668  2308  2324 I TestRunner: 	at java.lang.reflect.Method.invoke(Native Method)
11-23 19:07:05.668  2308  2324 I TestRunner: 	at com.android.internal.os.ZygoteInit$MethodAndArgsCaller.run(ZygoteInit.java:865)
11-23 19:07:05.668  2308  2324 I TestRunner: 	at com.android.internal.os.ZygoteInit.main(ZygoteInit.java:755)
11-23 19:07:05.668  2308  2324 I TestRunner: ----- end exception -----
11-23 19:07:05.669  2308  2324 I TestRunner: finished: whenGifDownloadFailTest(br.com.catbag.gifreduxsample.ui.giflist.GifListActivityTest)
11-23 19:07:05.739  2308  2308 D LifecycleMonitor: Lifecycle status change: br.com.catbag.gifreduxsample.ui.GifListActivity@2364a54 in: PAUSED
11-23 19:07:05.965   978   978 D gralloc : Registering a buffer in the process that created it. This may cause memory ordering problems.
11-23 19:07:05.965   978   978 E libEGL  : called unimplemented OpenGL ES API
11-23 19:07:05.966   978   978 E SurfaceFlinger: glCheckFramebufferStatusOES error -221756020
11-23 19:07:05.966   978   978 E SurfaceFlinger: got GL_FRAMEBUFFER_COMPLETE_OES error while taking screenshot
11-23 19:07:05.970  1239  1250 W WindowManager: Screenshot failure taking screenshot for (480x800) to layer 21000
11-23 19:07:05.985  2308  2308 I MonitoringInstrumentation: Activities that are still in CREATED to STOPPED: 1
11-23 19:07:05.989  2308  2324 I TestRunner: started: whenPauseGifTest(br.com.catbag.gifreduxsample.ui.giflist.GifListActivityTest)
11-23 19:07:06.087  2308  2308 I Choreographer: Skipped 96 frames!  The application may be doing too much work on its main thread.
11-23 19:07:06.092  2308  2308 I MonitoringInstrumentation: Activities that are still in CREATED to STOPPED: 1
11-23 19:07:06.206  2308  2325 I DroidFlux:Dispatcher: [STARTED] dispatch of action [FAKE_REDUCE_ACTION]
11-23 19:07:06.208  2308  2325 I DroidFlux:Dispatcher: [COMPLETED] dispatch of action [FAKE_REDUCE_ACTION]
11-23 19:07:06.237  1239  1260 I Choreographer: Skipped 34 frames!  The application may be doing too much work on its main thread.
11-23 19:07:06.291  2308  2380 D ActivityTestRule: Launching activity br.com.catbag.gifreduxsample.ui.GifListActivity
11-23 19:07:06.299  2308  2381 D MonitoringInstrumentation: execStartActivity(context, ibinder, ibinder, activity, intent, int, bundle
11-23 19:07:06.299  1239  2129 I ActivityManager: START u0 {flg=0x10000000 cmp=br.com.catbag.gifreduxsample/.ui.GifListActivity} from uid 10060 on display 0
11-23 19:07:06.380  2308  2308 D LifecycleMonitor: Lifecycle status change: br.com.catbag.gifreduxsample.ui.GifListActivity@f2381aa in: PRE_ON_CREATE
11-23 19:07:06.411  2308  2308 D LifecycleMonitor: Lifecycle status change: br.com.catbag.gifreduxsample.ui.GifListActivity@f2381aa in: CREATED
11-23 19:07:06.412  2308  2325 I DroidFlux:Dispatcher: [STARTED] dispatch of action [APP_STATE_LOAD]
11-23 19:07:06.413  2308  2325 D DroidFlux:Dispatcher: An action of type [APP_STATE_LOAD] was dispatched, but no reducer handled it
11-23 19:07:06.413  2308  2325 I DroidFlux:Dispatcher: [COMPLETED] dispatch of action [APP_STATE_LOAD]
11-23 19:07:06.413  2308  2308 D LifecycleMonitor: Lifecycle status change: br.com.catbag.gifreduxsample.ui.GifListActivity@f2381aa in: STARTED
11-23 19:07:06.415  2308  2308 D LifecycleMonitor: Lifecycle status change: br.com.catbag.gifreduxsample.ui.GifListActivity@f2381aa in: RESUMED
11-23 19:07:06.778  1239  1260 I Choreographer: Skipped 36 frames!  The application may be doing too much work on its main thread.
11-23 19:07:06.948  1239  1260 I Choreographer: Skipped 43 frames!  The application may be doing too much work on its main thread.
11-23 19:07:07.134  1239  1260 I Choreographer: Skipped 43 frames!  The application may be doing too much work on its main thread.
11-23 19:07:07.267  1239  1260 I Choreographer: Skipped 30 frames!  The application may be doing too much work on its main thread.
11-23 19:07:07.415  1239  1260 I Choreographer: Skipped 37 frames!  The application may be doing too much work on its main thread.
11-23 19:07:07.452  1239  1260 I ActivityManager: Displayed br.com.catbag.gifreduxsample/.ui.GifListActivity: +1s127ms
11-23 19:07:07.724  1239  1260 I WindowManager: Destroying surface Surface(name=Starting br.com.catbag.gifreduxsample) called by com.android.server.wm.WindowStateAnimator.destroySurface:2014 com.android.server.wm.WindowStateAnimator.destroySurfaceLocked:881 com.android.server.wm.WindowState.destroyOrSaveSurface:2073 com.android.server.wm.AppWindowToken.destroySurfaces:363 com.android.server.wm.WindowStateAnimator.finishExit:565 com.android.server.wm.WindowStateAnimator.stepAnimationLocked:491 com.android.server.wm.WindowAnimator.updateWindowsLocked:303 com.android.server.wm.WindowAnimator.animateLocked:704 
11-23 19:07:07.779  2308  2308 D LifecycleMonitor: Lifecycle status change: br.com.catbag.gifreduxsample.ui.GifListActivity@2364a54 in: STOPPED
11-23 19:07:07.779  2308  2308 D LifecycleMonitor: Lifecycle status change: br.com.catbag.gifreduxsample.ui.GifListActivity@2364a54 in: DESTROYED
11-23 19:07:07.782  1239  1250 I WindowManager: Destroying surface Surface(name=br.com.catbag.gifreduxsample/br.com.catbag.gifreduxsample.ui.GifListActivity) called by com.android.server.wm.WindowStateAnimator.destroySurface:2014 com.android.server.wm.WindowStateAnimator.destroySurfaceLocked:881 com.android.server.wm.WindowState.removeLocked:1449 com.android.server.wm.WindowManagerService.removeWindowInnerLocked:2478 com.android.server.wm.WindowManagerService.removeWindowLocked:2436 com.android.server.wm.WindowManagerService.removeWindowLocked:2305 com.android.server.wm.WindowManagerService.removeWindow:2300 com.android.server.wm.Session.remove:193 
11-23 19:07:07.875  1239  1483 I WindowManager: Destroying surface Surface(name=com.android.launcher3/com.android.launcher3.Launcher) called by com.android.server.wm.WindowStateAnimator.destroySurface:2014 com.android.server.wm.WindowStateAnimator.destroySurfaceLocked:881 com.android.server.wm.WindowState.destroyOrSaveSurface:2073 com.android.server.wm.AppWindowToken.destroySurfaces:363 com.android.server.wm.AppWindowToken.notifyAppStopped:389 com.android.server.wm.WindowManagerService.notifyAppStopped:4456 com.android.server.am.ActivityStack.activityStoppedLocked:1252 com.android.server.am.ActivityManagerService.activityStopped:6873 
11-23 19:07:09.867  1239  1324 E TaskPersister: File error accessing recents directory (directory doesn't exist?).
11-23 19:07:24.925  2308  2319 I art     : Background sticky concurrent mark sweep GC freed 74575(2MB) AllocSpace objects, 0(0B) LOS objects, 20% free, 9MB/12MB, paused 7.525ms total 154.688ms
11-23 19:07:47.062  2308  2308 D LifecycleMonitor: Lifecycle status change: br.com.catbag.gifreduxsample.ui.GifListActivity@f2381aa in: PAUSED
11-23 19:07:47.116  2308  2324 I TestRunner: failed: whenPauseGifTest(br.com.catbag.gifreduxsample.ui.giflist.GifListActivityTest)
11-23 19:07:47.116  2308  2324 I TestRunner: ----- begin exception -----
11-23 19:07:47.117  2308  2324 I TestRunner: java.lang.RuntimeException: Waited for the root of the view hierarchy to have window focus and not be requesting layout for over 10 seconds. If you specified a non default root matcher, it may be picking a root that never takes focus. Otherwise, something is seriously wrong. Selected Root:
11-23 19:07:47.117  2308  2324 I TestRunner: Root{application-window-token=android.view.ViewRootImpl$W@c30efe, window-token=android.view.ViewRootImpl$W@c30efe, has-window-focus=false, layout-params-type=1, layout-params-string=WM.LayoutParams{(0,0)(fillxfill) sim=#100 ty=1 fl=#81810100 wanim=0x1030465 needsMenuKey=2}, decor-view-string=DecorView{id=-1, visibility=VISIBLE, width=480, height=800, has-focus=true, has-focusable=true, has-window-focus=false, is-clickable=false, is-enabled=true, is-focused=false, is-focusable=false, is-layout-requested=false, is-selected=false, root-is-layout-requested=false, has-input-connection=false, x=0.0, y=0.0, child-count=1}}
11-23 19:07:47.117  2308  2324 I TestRunner: . All Roots:
11-23 19:07:47.117  2308  2324 I TestRunner: Root{application-window-token=android.view.ViewRootImpl$W@c30efe, window-token=android.view.ViewRootImpl$W@c30efe, has-window-focus=false, layout-params-type=1, layout-params-string=WM.LayoutParams{(0,0)(fillxfill) sim=#100 ty=1 fl=#81810100 wanim=0x1030465 needsMenuKey=2}, decor-view-string=DecorView{id=-1, visibility=VISIBLE, width=480, height=800, has-focus=true, has-focusable=true, has-window-focus=false, is-clickable=false, is-enabled=true, is-focused=false, is-focusable=false, is-layout-requested=false, is-selected=false, root-is-layout-requested=false, has-input-connection=false, x=0.0, y=0.0, child-count=1}}
11-23 19:07:47.117  2308  2324 I TestRunner: 	at android.support.test.espresso.base.RootViewPicker.get(RootViewPicker.java:99)
11-23 19:07:47.117  2308  2324 I TestRunner: 	at android.support.test.espresso.ViewInteractionModule.provideRootView(ViewInteractionModule.java:69)
11-23 19:07:47.117  2308  2324 I TestRunner: 	at android.support.test.espresso.ViewInteractionModule_ProvideRootViewFactory.get(ViewInteractionModule_ProvideRootViewFactory.java:23)
11-23 19:07:47.117  2308  2324 I TestRunner: 	at android.support.test.espresso.ViewInteractionModule_ProvideRootViewFactory.get(ViewInteractionModule_ProvideRootViewFactory.java:9)
11-23 19:07:47.117  2308  2324 I TestRunner: 	at android.support.test.espresso.base.ViewFinderImpl.getView(ViewFinderImpl.java:68)
11-23 19:07:47.117  2308  2324 I TestRunner: 	at android.support.test.espresso.ViewInteraction$1.run(ViewInteraction.java:120)
11-23 19:07:47.117  2308  2324 I TestRunner: 	at java.util.concurrent.Executors$RunnableAdapter.call(Executors.java:428)
11-23 19:07:47.117  2308  2324 I TestRunner: 	at java.util.concurrent.FutureTask.run(FutureTask.java:237)
11-23 19:07:47.117  2308  2324 I TestRunner: 	at android.os.Handler.handleCallback(Handler.java:751)
11-23 19:07:47.117  2308  2324 I TestRunner: 	at android.os.Handler.dispatchMessage(Handler.java:95)
11-23 19:07:47.117  2308  2324 I TestRunner: 	at android.os.Looper.loop(Looper.java:154)
11-23 19:07:47.117  2308  2324 I TestRunner: 	at android.app.ActivityThread.main(ActivityThread.java:6077)
11-23 19:07:47.117  2308  2324 I TestRunner: 	at java.lang.reflect.Method.invoke(Native Method)
11-23 19:07:47.117  2308  2324 I TestRunner: 	at com.android.internal.os.ZygoteInit$MethodAndArgsCaller.run(ZygoteInit.java:865)
11-23 19:07:47.117  2308  2324 I TestRunner: 	at com.android.internal.os.ZygoteInit.main(ZygoteInit.java:755)
11-23 19:07:47.118  2308  2324 I TestRunner: ----- end exception -----
11-23 19:07:47.118  2308  2324 I TestRunner: finished: whenPauseGifTest(br.com.catbag.gifreduxsample.ui.giflist.GifListActivityTest)
11-23 19:07:47.131   978   978 D gralloc : Registering a buffer in the process that created it. This may cause memory ordering problems.
11-23 19:07:47.131   978   978 E libEGL  : called unimplemented OpenGL ES API
11-23 19:07:47.132   978   978 E SurfaceFlinger: glCheckFramebufferStatusOES error -221756020
11-23 19:07:47.132   978   978 E SurfaceFlinger: got GL_FRAMEBUFFER_COMPLETE_OES error while taking screenshot
11-23 19:07:47.134  1239  1678 W WindowManager: Screenshot failure taking screenshot for (480x800) to layer 21000
11-23 19:07:47.202  2308  2308 I MonitoringInstrumentation: Activities that are still in CREATED to STOPPED: 1
11-23 19:07:47.204  2308  2324 I TestRunner: started: whenLoadMultipleGifsOnAppStateTest(br.com.catbag.gifreduxsample.ui.giflist.GifListActivityTest)
11-23 19:07:47.323  2308  2308 I MonitoringInstrumentation: Activities that are still in CREATED to STOPPED: 1
11-23 19:07:47.361  1713  1713 I Choreographer: Skipped 42 frames!  The application may be doing too much work on its main thread.
11-23 19:07:47.623  2308  2325 I DroidFlux:Dispatcher: [STARTED] dispatch of action [FAKE_REDUCE_ACTION]
11-23 19:07:47.625  2308  2325 I DroidFlux:Dispatcher: [COMPLETED] dispatch of action [FAKE_REDUCE_ACTION]
11-23 19:07:47.649  2308  2387 D ActivityTestRule: Launching activity br.com.catbag.gifreduxsample.ui.GifListActivity
11-23 19:07:47.680  2308  2388 D MonitoringInstrumentation: execStartActivity(context, ibinder, ibinder, activity, intent, int, bundle
11-23 19:07:47.681  1239  2130 I ActivityManager: START u0 {flg=0x10000000 cmp=br.com.catbag.gifreduxsample/.ui.GifListActivity} from uid 10060 on display 0
11-23 19:07:47.893  2308  2308 D LifecycleMonitor: Lifecycle status change: br.com.catbag.gifreduxsample.ui.GifListActivity@6cbcf3 in: PRE_ON_CREATE
11-23 19:07:47.955  2308  2308 D LifecycleMonitor: Lifecycle status change: br.com.catbag.gifreduxsample.ui.GifListActivity@6cbcf3 in: CREATED
11-23 19:07:47.956  2308  2325 I DroidFlux:Dispatcher: [STARTED] dispatch of action [APP_STATE_LOAD]
11-23 19:07:47.956  2308  2325 D DroidFlux:Dispatcher: An action of type [APP_STATE_LOAD] was dispatched, but no reducer handled it
11-23 19:07:47.956  2308  2325 I DroidFlux:Dispatcher: [COMPLETED] dispatch of action [APP_STATE_LOAD]
11-23 19:07:47.959  2308  2308 D LifecycleMonitor: Lifecycle status change: br.com.catbag.gifreduxsample.ui.GifListActivity@6cbcf3 in: STARTED
11-23 19:07:47.960  2308  2308 D LifecycleMonitor: Lifecycle status change: br.com.catbag.gifreduxsample.ui.GifListActivity@6cbcf3 in: RESUMED
11-23 19:07:47.964  2308  2308 I Choreographer: Skipped 42 frames!  The application may be doing too much work on its main thread.
11-23 19:07:48.014  1239  1260 I Choreographer: Skipped 36 frames!  The application may be doing too much work on its main thread.
11-23 19:07:48.204  1239  1260 I Choreographer: Skipped 48 frames!  The application may be doing too much work on its main thread.
11-23 19:07:48.368  2308  2319 W art     : Suspending all threads took: 26.384ms
11-23 19:07:48.380  1239  1260 I Choreographer: Skipped 43 frames!  The application may be doing too much work on its main thread.
11-23 19:07:48.575  1239  1260 I Choreographer: Skipped 46 frames!  The application may be doing too much work on its main thread.
11-23 19:07:48.672  2308  2319 I art     : Background sticky concurrent mark sweep GC freed 47600(1508KB) AllocSpace objects, 0(0B) LOS objects, 10% free, 10MB/12MB, paused 31.617ms total 461.712ms
11-23 19:07:48.878  1239  1260 I Choreographer: Skipped 61 frames!  The application may be doing too much work on its main thread.
11-23 19:07:48.912  1239  1260 I ActivityManager: Displayed br.com.catbag.gifreduxsample/.ui.GifListActivity: +1s184ms
11-23 19:07:49.090  1239  1250 I WindowManager: Destroying surface Surface(name=com.android.launcher3/com.android.launcher3.Launcher) called by com.android.server.wm.WindowStateAnimator.destroySurface:2014 com.android.server.wm.WindowStateAnimator.destroySurfaceLocked:881 com.android.server.wm.WindowState.destroyOrSaveSurface:2073 com.android.server.wm.AppWindowToken.destroySurfaces:363 com.android.server.wm.AppWindowToken.notifyAppStopped:389 com.android.server.wm.WindowManagerService.notifyAppStopped:4456 com.android.server.am.ActivityStack.activityStoppedLocked:1252 com.android.server.am.ActivityManagerService.activityStopped:6873 
11-23 19:07:49.132  2308  2308 D LifecycleMonitor: Lifecycle status change: br.com.catbag.gifreduxsample.ui.GifListActivity@f2381aa in: STOPPED
11-23 19:07:49.132  2308  2308 D LifecycleMonitor: Lifecycle status change: br.com.catbag.gifreduxsample.ui.GifListActivity@f2381aa in: DESTROYED
11-23 19:07:49.154  1239  1483 I WindowManager: Destroying surface Surface(name=br.com.catbag.gifreduxsample/br.com.catbag.gifreduxsample.ui.GifListActivity) called by com.android.server.wm.WindowStateAnimator.destroySurface:2014 com.android.server.wm.WindowStateAnimator.destroySurfaceLocked:881 com.android.server.wm.WindowState.removeLocked:1449 com.android.server.wm.WindowManagerService.removeWindowInnerLocked:2478 com.android.server.wm.WindowManagerService.removeWindowLocked:2436 com.android.server.wm.WindowManagerService.removeWindowLocked:2305 com.android.server.wm.WindowManagerService.removeWindow:2300 com.android.server.wm.Session.remove:193 
11-23 19:07:49.298  1239  1260 I WindowManager: Destroying surface Surface(name=Starting br.com.catbag.gifreduxsample) called by com.android.server.wm.WindowStateAnimator.destroySurface:2014 com.android.server.wm.WindowStateAnimator.destroySurfaceLocked:881 com.android.server.wm.WindowState.destroyOrSaveSurface:2073 com.android.server.wm.AppWindowToken.destroySurfaces:363 com.android.server.wm.WindowStateAnimator.finishExit:565 com.android.server.wm.WindowStateAnimator.stepAnimationLocked:491 com.android.server.wm.WindowAnimator.updateWindowsLocked:303 com.android.server.wm.WindowAnimator.animateLocked:704 
11-23 19:07:51.209  1239  1324 E TaskPersister: File error accessing recents directory (directory doesn't exist?).
11-23 19:08:04.850  2308  2319 I art     : Background partial concurrent mark sweep GC freed 46077(1329KB) AllocSpace objects, 0(0B) LOS objects, 27% free, 10MB/14MB, paused 8.611ms total 130.094ms
11-23 19:08:15.941  2308  2324 I TestRunner: failed: whenLoadMultipleGifsOnAppStateTest(br.com.catbag.gifreduxsample.ui.giflist.GifListActivityTest)
11-23 19:08:15.942  2308  2324 I TestRunner: ----- begin exception -----
11-23 19:08:15.942  2308  2324 I TestRunner: java.lang.RuntimeException: Waited for the root of the view hierarchy to have window focus and not be requesting layout for over 10 seconds. If you specified a non default root matcher, it may be picking a root that never takes focus. Otherwise, something is seriously wrong. Selected Root:
11-23 19:08:15.942  2308  2324 I TestRunner: Root{application-window-token=android.view.ViewRootImpl$W@ada113c, window-token=android.view.ViewRootImpl$W@ada113c, has-window-focus=false, layout-params-type=1, layout-params-string=WM.LayoutParams{(0,0)(fillxfill) sim=#100 ty=1 fl=#81810100 wanim=0x1030465 needsMenuKey=2}, decor-view-string=DecorView{id=-1, visibility=VISIBLE, width=480, height=800, has-focus=true, has-focusable=true, has-window-focus=false, is-clickable=false, is-enabled=true, is-focused=false, is-focusable=false, is-layout-requested=false, is-selected=false, root-is-layout-requested=false, has-input-connection=false, x=0.0, y=0.0, child-count=1}}
11-23 19:08:15.942  2308  2324 I TestRunner: . All Roots:
11-23 19:08:15.942  2308  2324 I TestRunner: Root{application-window-token=android.view.ViewRootImpl$W@ada113c, window-token=android.view.ViewRootImpl$W@ada113c, has-window-focus=false, layout-params-type=1, layout-params-string=WM.LayoutParams{(0,0)(fillxfill) sim=#100 ty=1 fl=#81810100 wanim=0x1030465 needsMenuKey=2}, decor-view-string=DecorView{id=-1, visibility=VISIBLE, width=480, height=800, has-focus=true, has-focusable=true, has-window-focus=false, is-clickable=false, is-enabled=true, is-focused=false, is-focusable=false, is-layout-requested=false, is-selected=false, root-is-layout-requested=false, has-input-connection=false, x=0.0, y=0.0, child-count=1}}
11-23 19:08:15.942  2308  2324 I TestRunner: 	at android.support.test.espresso.base.RootViewPicker.get(RootViewPicker.java:99)
11-23 19:08:15.942  2308  2324 I TestRunner: 	at android.support.test.espresso.ViewInteractionModule.provideRootView(ViewInteractionModule.java:69)
11-23 19:08:15.942  2308  2324 I TestRunner: 	at android.support.test.espresso.ViewInteractionModule_ProvideRootViewFactory.get(ViewInteractionModule_ProvideRootViewFactory.java:23)
11-23 19:08:15.942  2308  2324 I TestRunner: 	at android.support.test.espresso.ViewInteractionModule_ProvideRootViewFactory.get(ViewInteractionModule_ProvideRootViewFactory.java:9)
11-23 19:08:15.942  2308  2324 I TestRunner: 	at android.support.test.espresso.base.ViewFinderImpl.getView(ViewFinderImpl.java:68)
11-23 19:08:15.942  2308  2324 I TestRunner: 	at android.support.test.espresso.ViewInteraction$2.run(ViewInteraction.java:166)
11-23 19:08:15.942  2308  2324 I TestRunner: 	at java.util.concurrent.Executors$RunnableAdapter.call(Executors.java:428)
11-23 19:08:15.942  2308  2324 I TestRunner: 	at java.util.concurrent.FutureTask.run(FutureTask.java:237)
11-23 19:08:15.942  2308  2324 I TestRunner: 	at android.os.Handler.handleCallback(Handler.java:751)
11-23 19:08:15.942  2308  2324 I TestRunner: 	at android.os.Handler.dispatchMessage(Handler.java:95)
11-23 19:08:15.942  2308  2324 I TestRunner: 	at android.os.Looper.loop(Looper.java:154)
11-23 19:08:15.942  2308  2324 I TestRunner: 	at android.app.ActivityThread.main(ActivityThread.java:6077)
11-23 19:08:15.942  2308  2324 I TestRunner: 	at java.lang.reflect.Method.invoke(Native Method)
11-23 19:08:15.942  2308  2324 I TestRunner: 	at com.android.internal.os.ZygoteInit$MethodAndArgsCaller.run(ZygoteInit.java:865)
11-23 19:08:15.942  2308  2324 I TestRunner: 	at com.android.internal.os.ZygoteInit.main(ZygoteInit.java:755)
11-23 19:08:15.943  2308  2324 I TestRunner: ----- end exception -----
11-23 19:08:15.943  2308  2324 I TestRunner: finished: whenLoadMultipleGifsOnAppStateTest(br.com.catbag.gifreduxsample.ui.giflist.GifListActivityTest)
11-23 19:08:16.010  2308  2308 D LifecycleMonitor: Lifecycle status change: br.com.catbag.gifreduxsample.ui.GifListActivity@6cbcf3 in: PAUSED
11-23 19:08:16.072   978   978 D gralloc : Registering a buffer in the process that created it. This may cause memory ordering problems.
11-23 19:08:16.072   978   978 E libEGL  : called unimplemented OpenGL ES API
11-23 19:08:16.072   978   978 E SurfaceFlinger: glCheckFramebufferStatusOES error -221756020
11-23 19:08:16.073   978   978 E SurfaceFlinger: got GL_FRAMEBUFFER_COMPLETE_OES error while taking screenshot
11-23 19:08:16.075  1239  2131 W WindowManager: Screenshot failure taking screenshot for (480x800) to layer 21000
11-23 19:08:16.120  2308  2308 I MonitoringInstrumentation: Activities that are still in CREATED to STOPPED: 1
11-23 19:08:16.122  2308  2324 I TestRunner: run finished: 15 tests, 11 failed, 0 ignored
11-23 19:08:16.743  2308  2324 I MonitoringInstrumentation: Unstopped activity count: 1
11-23 19:08:16.748  1239  1260 I Choreographer: Skipped 39 frames!  The application may be doing too much work on its main thread.
11-23 19:08:16.781  2308  2308 I MonitoringInstrumentation: Activities that are still in CREATED to STOPPED: 1
11-23 19:08:16.798  2308  2324 I MonitoringInstrumentation: Unstopped activity count: 1
11-23 19:08:16.859  2308  2324 I MonitoringInstrumentation: Unstopped activity count: 1
11-23 19:08:16.919  2308  2324 I MonitoringInstrumentation: Unstopped activity count: 1
11-23 19:08:16.978  2308  2324 I MonitoringInstrumentation: Unstopped activity count: 1
11-23 19:08:17.041  2308  2324 I MonitoringInstrumentation: Unstopped activity count: 1
11-23 19:08:17.099  2308  2324 I MonitoringInstrumentation: Unstopped activity count: 1
11-23 19:08:17.159  2308  2324 I MonitoringInstrumentation: Unstopped activity count: 1
11-23 19:08:17.173  1239  1260 I Choreographer: Skipped 32 frames!  The application may be doing too much work on its main thread.
11-23 19:08:17.221  2308  2324 I MonitoringInstrumentation: Unstopped activity count: 1
11-23 19:08:17.278  2308  2324 I MonitoringInstrumentation: Unstopped activity count: 1
11-23 19:08:17.339  2308  2324 I MonitoringInstrumentation: Unstopped activity count: 1
11-23 19:08:17.354  1239  1260 I Choreographer: Skipped 45 frames!  The application may be doing too much work on its main thread.
11-23 19:08:17.400  2308  2324 I MonitoringInstrumentation: Unstopped activity count: 1
11-23 19:08:17.458  2308  2324 I MonitoringInstrumentation: Unstopped activity count: 1
11-23 19:08:17.515  1239  1260 I Choreographer: Skipped 41 frames!  The application may be doing too much work on its main thread.
11-23 19:08:17.519  2308  2324 I MonitoringInstrumentation: Unstopped activity count: 1
11-23 19:08:17.578  2308  2324 I MonitoringInstrumentation: Unstopped activity count: 1
11-23 19:08:17.638  2308  2324 I MonitoringInstrumentation: Unstopped activity count: 1
11-23 19:08:17.698  2308  2324 I MonitoringInstrumentation: Unstopped activity count: 1
11-23 19:08:17.726  1239  1260 I Choreographer: Skipped 40 frames!  The application may be doing too much work on its main thread.
11-23 19:08:17.759  2308  2324 I MonitoringInstrumentation: Unstopped activity count: 1
11-23 19:08:17.819  2308  2324 I MonitoringInstrumentation: Unstopped activity count: 1
11-23 19:08:17.879  2308  2324 I MonitoringInstrumentation: Unstopped activity count: 1
11-23 19:08:17.939  2308  2324 I MonitoringInstrumentation: Unstopped activity count: 1
11-23 19:08:17.999  2308  2324 I MonitoringInstrumentation: Unstopped activity count: 1
11-23 19:08:18.035  2308  2308 D LifecycleMonitor: Lifecycle status change: br.com.catbag.gifreduxsample.ui.GifListActivity@6cbcf3 in: STOPPED
11-23 19:08:18.035  2308  2308 D LifecycleMonitor: Lifecycle status change: br.com.catbag.gifreduxsample.ui.GifListActivity@6cbcf3 in: DESTROYED
11-23 19:08:18.059  2308  2324 I MonitoringInstrumentation: waitForActivitiesToComplete() took: 1315ms
11-23 19:08:18.064  1239  1374 I ActivityManager: Force stopping br.com.catbag.gifreduxsample appid=10060 user=0: finished inst
11-23 19:08:18.065  1239  1374 I ActivityManager: Killing 2308:br.com.catbag.gifreduxsample/u0a60 (adj 0): stop br.com.catbag.gifreduxsample
11-23 19:08:18.096  1239  1374 I WindowManager: Destroying surface Surface(name=br.com.catbag.gifreduxsample/br.com.catbag.gifreduxsample.ui.GifListActivity) called by com.android.server.wm.WindowStateAnimator.destroySurface:2014 com.android.server.wm.WindowStateAnimator.destroySurfaceLocked:881 com.android.server.wm.WindowState.removeLocked:1449 com.android.server.wm.WindowManagerService.removeWindowInnerLocked:2478 com.android.server.wm.WindowManagerService.removeWindowLocked:2436 com.android.server.wm.WindowManagerService.removeWindowLocked:2305 com.android.server.wm.AppWindowToken.removeAllWindows:530 com.android.server.wm.AppWindowToken.removeAppFromTaskLocked:326 
11-23 19:08:18.143  2297  2297 D AndroidRuntime: Shutting down VM
11-23 19:08:18.236  2297  2297 W art     : Suspending all threads took: 19.948ms
11-23 19:08:19.665  2403  2403 D AndroidRuntime: >>>>>> START com.android.internal.os.RuntimeInit uid 2000 <<<<<<
11-23 19:08:19.682  2403  2403 D AndroidRuntime: CheckJNI is ON
11-23 19:08:19.757  2403  2403 W art     : Unexpected CPU variant for X86 using defaults: x86
11-23 19:08:19.774  2403  2403 D ICU     : No timezone override file found: /data/misc/zoneinfo/current/icu/icu_tzdata.dat
11-23 19:08:19.820  2403  2403 E memtrack: Couldn't load memtrack module (No such file or directory)
11-23 19:08:19.820  2403  2403 E android.os.Debug: failed to load memtrack module: -2
11-23 19:08:19.824  2403  2403 I Radio-JNI: register_android_hardware_Radio DONE
