--------- beginning of main
11-25 22:46:20.830  2107  2107 D AndroidRuntime: >>>>>> START com.android.internal.os.RuntimeInit uid 2000 <<<<<<
11-25 22:46:20.886  2107  2107 D AndroidRuntime: CheckJNI is ON
11-25 22:46:21.183  2107  2107 W art     : Unexpected CPU variant for X86 using defaults: x86
11-25 22:46:21.304  2107  2107 D ICU     : No timezone override file found: /data/misc/zoneinfo/current/icu/icu_tzdata.dat
11-25 22:46:21.546  2107  2107 E memtrack: Couldn't load memtrack module (No such file or directory)
11-25 22:46:21.546  2107  2107 E android.os.Debug: failed to load memtrack module: -2
11-25 22:46:21.571  2107  2107 I Radio-JNI: register_android_hardware_Radio DONE
11-25 22:46:21.735  2107  2107 D AndroidRuntime: Calling main entry com.android.commands.am.Am
11-25 22:46:21.816  2107  2107 D AndroidRuntime: Shutting down VM
11-25 22:46:22.274  2117  2117 D AndroidRuntime: >>>>>> START com.android.internal.os.RuntimeInit uid 2000 <<<<<<
11-25 22:46:22.284  2117  2117 D AndroidRuntime: CheckJNI is ON
11-25 22:46:22.335  2117  2117 W art     : Unexpected CPU variant for X86 using defaults: x86
11-25 22:46:22.345  2117  2117 D ICU     : No timezone override file found: /data/misc/zoneinfo/current/icu/icu_tzdata.dat
11-25 22:46:22.381  2117  2117 E memtrack: Couldn't load memtrack module (No such file or directory)
11-25 22:46:22.381  2117  2117 E android.os.Debug: failed to load memtrack module: -2
11-25 22:46:22.382  2117  2117 I Radio-JNI: register_android_hardware_Radio DONE
11-25 22:46:22.405  2117  2117 D AndroidRuntime: Calling main entry com.android.commands.pm.Pm
11-25 22:46:22.504  2117  2117 I art     : System.exit called, status: 0
11-25 22:46:22.504  2117  2117 I AndroidRuntime: VM exiting with result code 0.
11-25 22:46:23.149  2128  2128 D AndroidRuntime: >>>>>> START com.android.internal.os.RuntimeInit uid 2000 <<<<<<
11-25 22:46:23.152  2128  2128 D AndroidRuntime: CheckJNI is ON
11-25 22:46:23.203  2128  2128 W art     : Unexpected CPU variant for X86 using defaults: x86
11-25 22:46:23.212  2128  2128 D ICU     : No timezone override file found: /data/misc/zoneinfo/current/icu/icu_tzdata.dat
11-25 22:46:23.241  2128  2128 E memtrack: Couldn't load memtrack module (No such file or directory)
11-25 22:46:23.242  2128  2128 E android.os.Debug: failed to load memtrack module: -2
11-25 22:46:23.243  2128  2128 I Radio-JNI: register_android_hardware_Radio DONE
11-25 22:46:23.260  2128  2128 D AndroidRuntime: Calling main entry com.android.commands.pm.Pm
11-25 22:46:23.325   988   988 I         : free_cache(7065903) avail 512598016
11-25 22:46:31.438  1237  1247 I art     : Background partial concurrent mark sweep GC freed 33762(2MB) AllocSpace objects, 14(524KB) LOS objects, 33% free, 6MB/10MB, paused 15.914ms total 1.204s
11-25 22:46:32.409  2128  2128 I art     : System.exit called, status: 0
11-25 22:46:32.409  2128  2128 I AndroidRuntime: VM exiting with result code 0.
11-25 22:46:32.776  2141  2141 D AndroidRuntime: >>>>>> START com.android.internal.os.RuntimeInit uid 2000 <<<<<<
11-25 22:46:32.783  2141  2141 D AndroidRuntime: CheckJNI is ON
11-25 22:46:32.851  2141  2141 W art     : Unexpected CPU variant for X86 using defaults: x86
11-25 22:46:32.898  2141  2141 D ICU     : No timezone override file found: /data/misc/zoneinfo/current/icu/icu_tzdata.dat
11-25 22:46:32.963  2141  2141 E memtrack: Couldn't load memtrack module (No such file or directory)
11-25 22:46:32.963  2141  2141 E android.os.Debug: failed to load memtrack module: -2
11-25 22:46:32.966  2141  2141 I Radio-JNI: register_android_hardware_Radio DONE
11-25 22:46:32.995  2141  2141 D AndroidRuntime: Calling main entry com.android.commands.pm.Pm
--------- beginning of system
11-25 22:46:33.382  1237  1263 W ActivityManager: Slow operation: 92ms so far, now at startProcess: returned from zygote!
11-25 22:46:33.383  1237  1263 W ActivityManager: Slow operation: 93ms so far, now at startProcess: done updating battery stats
11-25 22:46:33.385  1237  1263 W ActivityManager: Slow operation: 94ms so far, now at startProcess: building log message
11-25 22:46:33.385  1237  1263 I ActivityManager: Start proc 2151:com.android.defcontainer/u0a5 for service com.android.defcontainer/.DefaultContainerService
11-25 22:46:33.385  1237  1263 W ActivityManager: Slow operation: 94ms so far, now at startProcess: starting to update pids map
11-25 22:46:33.386  1237  1263 W ActivityManager: Slow operation: 95ms so far, now at startProcess: done updating pids map
11-25 22:46:33.386  1237  1263 W ActivityManager: Slow operation: 101ms so far, now at startProcess: done starting proc!
11-25 22:46:33.421  2151  2151 W art     : Unexpected CPU variant for X86 using defaults: x86
11-25 22:46:33.771  1237  1263 I PackageManager.DexOptimizer: Running dexopt (dex2oat) on: /data/app/vmdl1850107712.tmp/base.apk pkg=br.com.catbag.gifreduxsample isa=x86 vmSafeMode=false debuggable=true target-filter=interpret-only oatDir = /data/app/vmdl1850107712.tmp/oat sharedLibraries=null
11-25 22:46:33.820  2166  2166 W dex2oat : Unexpected CPU variant for X86 using defaults: x86
11-25 22:46:33.822  2166  2166 W dex2oat : Mismatch between dex2oat instruction set features (ISA: X86 Feature string: smp,-ssse3,-sse4.1,-sse4.2,-avx,-avx2,-lock_add,-popcnt) and those of dex2oat executable (ISA: X86 Feature string: smp,ssse3,-sse4.1,-sse4.2,-avx,-avx2,-lock_add,-popcnt) for the command line:
11-25 22:46:33.822  2166  2166 W dex2oat : /system/bin/dex2oat --zip-fd=6 --zip-location=base.apk --oat-fd=7 --oat-location=/data/app/vmdl1850107712.tmp/oat/x86/base.odex --instruction-set=x86 --instruction-set-variant=x86 --instruction-set-features=default --runtime-arg -Xms64m --runtime-arg -Xmx512m --compiler-filter=interpret-only --swap-fd=9 --debuggable
11-25 22:46:33.823  2166  2166 I dex2oat : /system/bin/dex2oat --compiler-filter=interpret-only --debuggable
11-25 22:46:36.518  2166  2166 W dex2oat : Before Android 4.1, method android.graphics.PorterDuffColorFilter android.support.graphics.drawable.VectorDrawableCompat.updateTintFilter(android.graphics.PorterDuffColorFilter, android.content.res.ColorStateList, android.graphics.PorterDuff$Mode) would have incorrectly overridden the package-private method in android.graphics.drawable.Drawable
11-25 22:46:36.678  2166  2166 W dex2oat : Before Android 4.1, method int android.support.v7.widget.ListViewCompat.lookForSelectablePosition(int, boolean) would have incorrectly overridden the package-private method in android.widget.ListView
11-25 22:46:38.229  2166  2166 W dex2oat : Verification of void android.support.v4.media.session.MediaSessionCompat$ResultReceiverWrapper.writeToParcel(android.os.Parcel, int) took 181.658ms
11-25 22:47:00.289  2166  2166 W dex2oat : Compilation of java.lang.String com.google.common.hash.MessageDigestHashFunction.toString() took 251.690ms
11-25 22:47:10.312  2166  2166 W dex2oat : Compilation of com.fasterxml.jackson.databind.node.ArrayNode com.fasterxml.jackson.databind.node.ArrayNode.add(com.fasterxml.jackson.databind.JsonNode) took 318.068ms
11-25 22:47:15.209  2166  2166 W dex2oat : Compilation of void org.immutables.value.internal.$guava$.base.$Throwables.propagateIfPossible(java.lang.Throwable) took 189.971ms
11-25 22:47:19.732  2166  2166 I dex2oat : dex2oat took 45.914s (threads: 1) arena alloc=1402KB (1436528B) java alloc=7MB (8051088B) native alloc=13MB (14287648B) free=2MB (2620640B)
11-25 22:47:19.961  1237  1263 W PackageManager: Not granting permission android.permission.SET_DEBUG_APP to package br.com.catbag.gifreduxsample (protectionLevel=50 flags=0x3848be46)
11-25 22:47:20.106  1237  1263 V BackupManagerService: restoreAtInstall pkg=br.com.catbag.gifreduxsample token=1 restoreSet=0
11-25 22:47:20.116  1237  1263 W BackupManagerService: Requested unavailable transport: android/com.android.internal.backup.LocalTransport
11-25 22:47:20.116  1237  1263 W BackupManagerService: No transport
11-25 22:47:20.117  1237  1263 V BackupManagerService: Finishing install immediately
11-25 22:47:20.147  1237  1263 I art     : Starting a blocking GC Explicit
11-25 22:47:20.259  1237  1263 I art     : Explicit concurrent mark sweep GC freed 19925(1192KB) AllocSpace objects, 9(228KB) LOS objects, 33% free, 6MB/10MB, paused 9.920ms total 107.933ms
11-25 22:47:20.265   988   988 E         : Couldn't opendir /data/app/vmdl1850107712.tmp: No such file or directory
11-25 22:47:20.333  2141  2141 I art     : System.exit called, status: 0
11-25 22:47:20.334  2141  2141 I AndroidRuntime: VM exiting with result code 0.
11-25 22:47:20.455  1237  1277 I InputReader: Reconfiguring input devices.  changes=0x00000010
11-25 22:47:20.684  1449  1449 D CarrierSvcBindHelper: No carrier app for: 0
11-25 22:47:20.721  1449  1449 D CarrierConfigLoader: mHandler: 9 phoneId: 0
11-25 22:47:21.106  1237  1250 W VoiceInteractionManagerService: no available voice recognition services found for user 0
11-25 22:47:21.107  1237  1250 W LocationProviderProxy-network: Odd, no component found for service com.android.location.service.v3.NetworkLocationProvider
11-25 22:47:21.119  1237  1250 W GeocoderProxy: Odd, no component found for service com.android.location.service.GeocodeProvider
11-25 22:47:21.119  1237  1250 W GeofenceProxy: Odd, no component found for service com.android.location.service.GeofenceProvider
11-25 22:47:21.119  1237  1250 W ActivityRecognitionProxy: Odd, no component found for service com.android.location.service.ActivityRecognitionProvider
11-25 22:47:21.706  2171  2171 D AndroidRuntime: >>>>>> START com.android.internal.os.RuntimeInit uid 2000 <<<<<<
11-25 22:47:21.719  2171  2171 D AndroidRuntime: CheckJNI is ON
11-25 22:47:21.822  2171  2171 W art     : Unexpected CPU variant for X86 using defaults: x86
11-25 22:47:21.844  2171  2171 D ICU     : No timezone override file found: /data/misc/zoneinfo/current/icu/icu_tzdata.dat
11-25 22:47:21.934  2171  2171 E memtrack: Couldn't load memtrack module (No such file or directory)
11-25 22:47:21.934  2171  2171 E android.os.Debug: failed to load memtrack module: -2
11-25 22:47:21.939  2171  2171 I Radio-JNI: register_android_hardware_Radio DONE
11-25 22:47:21.976  2171  2171 D AndroidRuntime: Calling main entry com.android.commands.pm.Pm
11-25 22:47:21.993  2171  2171 I art     : System.exit called, status: 0
11-25 22:47:21.994  2171  2171 I AndroidRuntime: VM exiting with result code 0.
11-25 22:47:22.709  2187  2187 D AndroidRuntime: >>>>>> START com.android.internal.os.RuntimeInit uid 2000 <<<<<<
11-25 22:47:22.711  2187  2187 D AndroidRuntime: CheckJNI is ON
11-25 22:47:22.753  2187  2187 W art     : Unexpected CPU variant for X86 using defaults: x86
11-25 22:47:22.753  2187  2187 D ICU     : No timezone override file found: /data/misc/zoneinfo/current/icu/icu_tzdata.dat
11-25 22:47:22.795  2187  2187 E memtrack: Couldn't load memtrack module (No such file or directory)
11-25 22:47:22.796  2187  2187 E android.os.Debug: failed to load memtrack module: -2
11-25 22:47:22.797  2187  2187 I Radio-JNI: register_android_hardware_Radio DONE
11-25 22:47:22.813  2187  2187 D AndroidRuntime: Calling main entry com.android.commands.pm.Pm
11-25 22:47:22.843   988   988 I         : free_cache(2040950) avail 492646400
11-25 22:47:23.972  2201  2201 W art     : Unexpected CPU variant for X86 using defaults: x86
11-25 22:47:23.982  1237  1557 I ActivityManager: Start proc 2201:com.svox.pico/u0a46 for broadcast com.svox.pico/.VoiceDataInstallerReceiver
11-25 22:47:25.436  2187  2187 I art     : System.exit called, status: 0
11-25 22:47:25.436  2187  2187 I AndroidRuntime: VM exiting with result code 0.
11-25 22:47:25.784  2216  2216 D AndroidRuntime: >>>>>> START com.android.internal.os.RuntimeInit uid 2000 <<<<<<
11-25 22:47:25.787  2216  2216 D AndroidRuntime: CheckJNI is ON
11-25 22:47:25.855  2216  2216 W art     : Unexpected CPU variant for X86 using defaults: x86
11-25 22:47:25.869  2216  2216 D ICU     : No timezone override file found: /data/misc/zoneinfo/current/icu/icu_tzdata.dat
11-25 22:47:25.907  2216  2216 E memtrack: Couldn't load memtrack module (No such file or directory)
11-25 22:47:25.908  2216  2216 E android.os.Debug: failed to load memtrack module: -2
11-25 22:47:25.911  2216  2216 I Radio-JNI: register_android_hardware_Radio DONE
11-25 22:47:25.931  2216  2216 D AndroidRuntime: Calling main entry com.android.commands.pm.Pm
11-25 22:47:26.029  2151  2162 I art     : HomogeneousSpaceCompact marksweep + semispace GC freed 4863(363KB) AllocSpace objects, 0(0B) LOS objects, 39% free, 2MB/3MB, paused 805.810ms total 805.810ms
11-25 22:47:26.084  1237  1263 I PackageManager.DexOptimizer: Running dexopt (dex2oat) on: /data/app/vmdl1739551572.tmp/base.apk pkg=br.com.catbag.gifreduxsample.test isa=x86 vmSafeMode=false debuggable=true target-filter=interpret-only oatDir = /data/app/vmdl1739551572.tmp/oat sharedLibraries=/system/framework/android.test.runner.jar
11-25 22:47:26.117  2227  2227 W dex2oat : Unexpected CPU variant for X86 using defaults: x86
11-25 22:47:26.128  2227  2227 W dex2oat : Mismatch between dex2oat instruction set features (ISA: X86 Feature string: smp,-ssse3,-sse4.1,-sse4.2,-avx,-avx2,-lock_add,-popcnt) and those of dex2oat executable (ISA: X86 Feature string: smp,ssse3,-sse4.1,-sse4.2,-avx,-avx2,-lock_add,-popcnt) for the command line:
11-25 22:47:26.129  2227  2227 W dex2oat : /system/bin/dex2oat --zip-fd=6 --zip-location=base.apk --oat-fd=7 --oat-location=/data/app/vmdl1739551572.tmp/oat/x86/base.odex --instruction-set=x86 --instruction-set-variant=x86 --instruction-set-features=default --runtime-arg -Xms64m --runtime-arg -Xmx512m --compiler-filter=interpret-only --swap-fd=9 --debuggable --runtime-arg -classpath --runtime-arg /system/framework/android.test.runner.jar
11-25 22:47:26.129  2227  2227 I dex2oat : /system/bin/dex2oat --compiler-filter=interpret-only --debuggable
11-25 22:47:46.268  2227  2227 W dex2oat : Compilation of net.bytebuddy.matcher.ElementMatcher$Junction net.bytebuddy.matcher.ElementMatchers.noneOf(java.lang.Object[]) took 170.443ms
11-25 22:47:47.668  2227  2227 I dex2oat : dex2oat took 21.550s (threads: 1) arena alloc=1408B (1408B) java alloc=3MB (3870112B) native alloc=6MB (6972928B) free=2MB (2464256B)
11-25 22:47:47.880  1237  1263 V BackupManagerService: restoreAtInstall pkg=br.com.catbag.gifreduxsample.test token=2 restoreSet=0
11-25 22:47:47.881  1237  1263 W BackupManagerService: Requested unavailable transport: android/com.android.internal.backup.LocalTransport
11-25 22:47:47.881  1237  1263 W BackupManagerService: No transport
11-25 22:47:47.881  1237  1263 V BackupManagerService: Finishing install immediately
11-25 22:47:47.909  1237  1557 I ActivityManager: Killing 1466:com.android.settings:CryptKeeper/1000 (adj 906): empty #17
11-25 22:47:47.926  1237  1263 I art     : Starting a blocking GC Explicit
11-25 22:47:48.060  1237  1263 I art     : Explicit concurrent mark sweep GC freed 37827(2MB) AllocSpace objects, 13(308KB) LOS objects, 33% free, 6MB/10MB, paused 4.762ms total 125.972ms
11-25 22:47:48.067   988   988 E         : Couldn't opendir /data/app/vmdl1739551572.tmp: No such file or directory
11-25 22:47:48.110  2216  2216 I art     : System.exit called, status: 0
11-25 22:47:48.110  2216  2216 I AndroidRuntime: VM exiting with result code 0.
11-25 22:47:48.245  1237  1277 I InputReader: Reconfiguring input devices.  changes=0x00000010
11-25 22:47:48.335  1449  1449 D CarrierSvcBindHelper: No carrier app for: 0
11-25 22:47:48.349  1449  1449 D CarrierConfigLoader: mHandler: 9 phoneId: 0
11-25 22:47:48.395  1237  1250 W VoiceInteractionManagerService: no available voice recognition services found for user 0
11-25 22:47:48.395  1237  1250 W LocationProviderProxy-network: Odd, no component found for service com.android.location.service.v3.NetworkLocationProvider
11-25 22:47:48.396  1237  1250 W GeocoderProxy: Odd, no component found for service com.android.location.service.GeocodeProvider
11-25 22:47:48.396  1237  1250 W GeofenceProxy: Odd, no component found for service com.android.location.service.GeofenceProvider
11-25 22:47:48.397  1237  1250 W ActivityRecognitionProxy: Odd, no component found for service com.android.location.service.ActivityRecognitionProvider
11-25 22:47:48.723  2232  2232 D AndroidRuntime: >>>>>> START com.android.internal.os.RuntimeInit uid 2000 <<<<<<
11-25 22:47:48.726  2232  2232 D AndroidRuntime: CheckJNI is ON
11-25 22:47:48.774  2232  2232 W art     : Unexpected CPU variant for X86 using defaults: x86
11-25 22:47:48.780  2232  2232 D ICU     : No timezone override file found: /data/misc/zoneinfo/current/icu/icu_tzdata.dat
11-25 22:47:48.834  2232  2232 E memtrack: Couldn't load memtrack module (No such file or directory)
11-25 22:47:48.834  2232  2232 E android.os.Debug: failed to load memtrack module: -2
11-25 22:47:48.836  2232  2232 I Radio-JNI: register_android_hardware_Radio DONE
11-25 22:47:48.857  2232  2232 D AndroidRuntime: Calling main entry com.android.commands.am.Am
11-25 22:47:48.873  1237  1249 I ActivityManager: Force stopping br.com.catbag.gifreduxsample appid=10060 user=0: start instr
11-25 22:47:48.887  1237  1249 I ActivityManager: Start proc 2243:br.com.catbag.gifreduxsample/u0a60 for added application br.com.catbag.gifreduxsample
11-25 22:47:48.892  2243  2243 I art     : Not late-enabling -Xcheck:jni (already on)
11-25 22:47:48.901  2243  2243 W art     : Unexpected CPU variant for X86 using defaults: x86
11-25 22:47:48.937  2243  2243 W System  : ClassLoader referenced unknown path: /data/app/br.com.catbag.gifreduxsample.test-1/lib/x86
11-25 22:47:48.947  2243  2243 W System  : ClassLoader referenced unknown path: 
11-25 22:47:49.018  2243  2243 W System.err: java.io.FileNotFoundException: /jacoco.exec (Read-only file system)
11-25 22:47:49.020  2243  2243 W System.err: 	at java.io.FileOutputStream.open(Native Method)
11-25 22:47:49.020  2243  2243 W System.err: 	at java.io.FileOutputStream.<init>(FileOutputStream.java:221)
11-25 22:47:49.020  2243  2243 W System.err: 	at org.jacoco.agent.rt.internal_e6e56f0.output.FileOutput.openFile(FileOutput.java:67)
11-25 22:47:49.020  2243  2243 W System.err: 	at org.jacoco.agent.rt.internal_e6e56f0.output.FileOutput.startup(FileOutput.java:49)
11-25 22:47:49.020  2243  2243 W System.err: 	at org.jacoco.agent.rt.internal_e6e56f0.Agent.startup(Agent.java:122)
11-25 22:47:49.021  2243  2243 W System.err: 	at org.jacoco.agent.rt.internal_e6e56f0.Agent.getInstance(Agent.java:50)
11-25 22:47:49.021  2243  2243 W System.err: 	at org.jacoco.agent.rt.internal_e6e56f0.Offline.<clinit>(Offline.java:31)
11-25 22:47:49.021  2243  2243 W System.err: 	at org.jacoco.agent.rt.internal_e6e56f0.Offline.getProbes(Offline.java:51)
11-25 22:47:49.021  2243  2243 W System.err: 	at br.com.catbag.gifreduxsample.MyApp.$jacocoInit(MyApp.java)
11-25 22:47:49.021  2243  2243 W System.err: 	at br.com.catbag.gifreduxsample.MyApp.<clinit>(MyApp.java)
11-25 22:47:49.021  2243  2243 W System.err: 	at java.lang.Class.newInstance(Native Method)
11-25 22:47:49.021  2243  2243 W System.err: 	at android.app.Instrumentation.newApplication(Instrumentation.java:1007)
11-25 22:47:49.022  2243  2243 W System.err: 	at android.app.Instrumentation.newApplication(Instrumentation.java:992)
11-25 22:47:49.022  2243  2243 W System.err: 	at android.app.LoadedApk.makeApplication(LoadedApk.java:796)
11-25 22:47:49.022  2243  2243 W System.err: 	at android.app.ActivityThread.handleBindApplication(ActivityThread.java:5335)
11-25 22:47:49.022  2243  2243 W System.err: 	at android.app.ActivityThread.-wrap2(ActivityThread.java)
11-25 22:47:49.022  2243  2243 W System.err: 	at android.app.ActivityThread$H.handleMessage(ActivityThread.java:1528)
11-25 22:47:49.022  2243  2243 W System.err: 	at android.os.Handler.dispatchMessage(Handler.java:102)
11-25 22:47:49.022  2243  2243 W System.err: 	at android.os.Looper.loop(Looper.java:154)
11-25 22:47:49.023  2243  2243 W System.err: 	at android.app.ActivityThread.main(ActivityThread.java:6077)
11-25 22:47:49.023  2243  2243 W System.err: 	at java.lang.reflect.Method.invoke(Native Method)
11-25 22:47:49.023  2243  2243 W System.err: 	at com.android.internal.os.ZygoteInit$MethodAndArgsCaller.run(ZygoteInit.java:865)
11-25 22:47:49.023  2243  2243 W System.err: 	at com.android.internal.os.ZygoteInit.main(ZygoteInit.java:755)
11-25 22:47:49.030  2243  2243 I MonitoringInstrumentation: Instrumentation Started!
11-25 22:47:49.034  2243  2243 I MonitoringInstrumentation: Setting context classloader to 'dalvik.system.PathClassLoader[DexPathList[[zip file "/system/framework/android.test.runner.jar", zip file "/data/app/br.com.catbag.gifreduxsample.test-1/base.apk", zip file "/data/app/br.com.catbag.gifreduxsample-1/base.apk"],nativeLibraryDirectories=[/data/app/br.com.catbag.gifreduxsample.test-1/lib/x86, /data/app/br.com.catbag.gifreduxsample-1/lib/x86, /system/fake-libs, /data/app/br.com.catbag.gifreduxsample.test-1/base.apk!/lib/x86, /data/app/br.com.catbag.gifreduxsample-1/base.apk!/lib/x86, /system/lib, /vendor/lib]]]', Original: 'dalvik.system.PathClassLoader[DexPathList[[zip file "/system/framework/android.test.runner.jar", zip file "/data/app/br.com.catbag.gifreduxsample.test-1/base.apk", zip file "/data/app/br.com.catbag.gifreduxsample-1/base.apk"],nativeLibraryDirectories=[/data/app/br.com.catbag.gifreduxsample.test-1/lib/x86, /data/app/br.com.catbag.gifreduxsample-1/lib/x86, /system/fake-libs, /data/app/br.com.catbag.gifreduxsample.test-1/base.apk!/lib/x86, /data/app/br.com.catbag.gifreduxsample-1/base.apk!/lib/x86, /system/lib, /vendor/lib]]]'
11-25 22:47:49.104  2243  2243 D NetworkSecurityConfig: No Network Security Config specified, using platform default
11-25 22:47:49.137  2243  2243 I MonitoringInstrumentation: No JSBridge.
11-25 22:47:49.156  2243  2258 I UsageTrackerFacilitator: Usage tracking enabled
11-25 22:47:49.157  2243  2258 I TestRequestBuilder: Scanning classpath to find tests in apks [/data/app/br.com.catbag.gifreduxsample.test-1/base.apk]
11-25 22:47:49.766  2243  2258 I art     : Rejecting re-init on previously-failed class java.lang.Class<org.objectweb.asm.commons.JSRInlinerAdapter>: java.lang.NoClassDefFoundError: Failed resolution of: Lorg/objectweb/asm/tree/MethodNode;
11-25 22:47:49.766  2243  2258 I art     :   at java.lang.Class java.lang.Class.classForName!(java.lang.String, boolean, java.lang.ClassLoader) (Class.java:-2)
11-25 22:47:49.766  2243  2258 I art     :   at java.lang.Class java.lang.Class.forName(java.lang.String, boolean, java.lang.ClassLoader) (Class.java:400)
11-25 22:47:49.766  2243  2258 I art     :   at java.lang.Class android.support.test.internal.runner.TestLoader.doLoadClass(java.lang.String) (TestLoader.java:92)
11-25 22:47:49.766  2243  2258 I art     :   at java.lang.Class android.support.test.internal.runner.TestLoader.loadIfTest(java.lang.String) (TestLoader.java:113)
11-25 22:47:49.767  2243  2258 I art     :   at void android.support.test.internal.runner.TestRequestBuilder.loadClassesFromClassPath(android.support.test.internal.runner.TestLoader, java.util.Set) (TestRequestBuilder.java:801)
11-25 22:47:49.767  2243  2258 I art     :   at android.support.test.internal.runner.TestRequest android.support.test.internal.runner.TestRequestBuilder.build() (TestRequestBuilder.java:747)
11-25 22:47:49.767  2243  2258 I art     :   at android.support.test.internal.runner.TestRequest android.support.test.runner.AndroidJUnitRunner.buildRequest(android.support.test.internal.runner.RunnerArgs, android.os.Bundle) (AndroidJUnitRunner.java:354)
11-25 22:47:49.767  2243  2258 I art     :   at void android.support.test.runner.AndroidJUnitRunner.onStart() (AndroidJUnitRunner.java:260)
11-25 22:47:49.767  2243  2258 I art     :   at void android.app.Instrumentation$InstrumentationThread.run() (Instrumentation.java:1932)
11-25 22:47:49.767  2243  2258 I art     : Caused by: java.lang.ClassNotFoundException: Didn't find class "org.objectweb.asm.tree.MethodNode" on path: DexPathList[[zip file "/system/framework/android.test.runner.jar", zip file "/data/app/br.com.catbag.gifreduxsample.test-1/base.apk", zip file "/data/app/br.com.catbag.gifreduxsample-1/base.apk"],nativeLibraryDirectories=[/data/app/br.com.catbag.gifreduxsample.test-1/lib/x86, /data/app/br.com.catbag.gifreduxsample-1/lib/x86, /system/fake-libs, /data/app/br.com.catbag.gifreduxsample.test-1/base.apk!/lib/x86, /data/app/br.com.catbag.gifreduxsample-1/base.apk!/lib/x86, /system/lib, /vendor/lib]]
11-25 22:47:49.767  2243  2258 I art     :   at java.lang.Class dalvik.system.BaseDexClassLoader.findClass(java.lang.String) (BaseDexClassLoader.java:56)
11-25 22:47:49.767  2243  2258 I art     :   at java.lang.Class java.lang.ClassLoader.loadClass(java.lang.String, boolean) (ClassLoader.java:380)
11-25 22:47:49.767  2243  2258 I art     :   at java.lang.Class java.lang.ClassLoader.loadClass(java.lang.String) (ClassLoader.java:312)
11-25 22:47:49.768  2243  2258 I art     :   at java.lang.Class java.lang.Class.classForName!(java.lang.String, boolean, java.lang.ClassLoader) (Class.java:-2)
11-25 22:47:49.768  2243  2258 I art     :   at java.lang.Class java.lang.Class.forName(java.lang.String, boolean, java.lang.ClassLoader) (Class.java:400)
11-25 22:47:49.768  2243  2258 I art     :   at java.lang.Class android.support.test.internal.runner.TestLoader.doLoadClass(java.lang.String) (TestLoader.java:92)
11-25 22:47:49.768  2243  2258 I art     :   at java.lang.Class android.support.test.internal.runner.TestLoader.loadIfTest(java.lang.String) (TestLoader.java:113)
11-25 22:47:49.768  2243  2258 I art     :   at void android.support.test.internal.runner.TestRequestBuilder.loadClassesFromClassPath(android.support.test.internal.runner.TestLoader, java.util.Set) (TestRequestBuilder.java:801)
11-25 22:47:49.769  2243  2258 I art     :   at android.support.test.internal.runner.TestRequest android.support.test.internal.runner.TestRequestBuilder.build() (TestRequestBuilder.java:747)
11-25 22:47:49.769  2243  2258 I art     :   at android.support.test.internal.runner.TestRequest android.support.test.runner.AndroidJUnitRunner.buildRequest(android.support.test.internal.runner.RunnerArgs, android.os.Bundle) (AndroidJUnitRunner.java:354)
11-25 22:47:49.770  2243  2258 I art     :   at void android.support.test.runner.AndroidJUnitRunner.onStart() (AndroidJUnitRunner.java:260)
11-25 22:47:49.770  2243  2258 I art     :   at void android.app.Instrumentation$InstrumentationThread.run() (Instrumentation.java:1932)
11-25 22:47:49.770  2243  2258 I art     : 
11-25 22:47:49.770  2243  2258 E TestLoader: Could not find class: org.objectweb.asm.commons.JSRInlinerAdapter
11-25 22:47:49.776  2243  2258 I art     : Rejecting re-init on previously-failed class java.lang.Class<org.objectweb.asm.commons.TryCatchBlockSorter>: java.lang.NoClassDefFoundError: Failed resolution of: Lorg/objectweb/asm/tree/MethodNode;
11-25 22:47:49.777  2243  2258 I art     :   at java.lang.Class java.lang.Class.classForName!(java.lang.String, boolean, java.lang.ClassLoader) (Class.java:-2)
11-25 22:47:49.777  2243  2258 I art     :   at java.lang.Class java.lang.Class.forName(java.lang.String, boolean, java.lang.ClassLoader) (Class.java:400)
11-25 22:47:49.777  2243  2258 I art     :   at java.lang.Class android.support.test.internal.runner.TestLoader.doLoadClass(java.lang.String) (TestLoader.java:92)
11-25 22:47:49.777  2243  2258 I art     :   at java.lang.Class android.support.test.internal.runner.TestLoader.loadIfTest(java.lang.String) (TestLoader.java:113)
11-25 22:47:49.777  2243  2258 I art     :   at void android.support.test.internal.runner.TestRequestBuilder.loadClassesFromClassPath(android.support.test.internal.runner.TestLoader, java.util.Set) (TestRequestBuilder.java:801)
11-25 22:47:49.777  2243  2258 I art     :   at android.support.test.internal.runner.TestRequest android.support.test.internal.runner.TestRequestBuilder.build() (TestRequestBuilder.java:747)
11-25 22:47:49.777  2243  2258 I art     :   at android.support.test.internal.runner.TestRequest android.support.test.runner.AndroidJUnitRunner.buildRequest(android.support.test.internal.runner.RunnerArgs, android.os.Bundle) (AndroidJUnitRunner.java:354)
11-25 22:47:49.777  2243  2258 I art     :   at void android.support.test.runner.AndroidJUnitRunner.onStart() (AndroidJUnitRunner.java:260)
11-25 22:47:49.777  2243  2258 I art     :   at void android.app.Instrumentation$InstrumentationThread.run() (Instrumentation.java:1932)
11-25 22:47:49.777  2243  2258 I art     : Caused by: java.lang.ClassNotFoundException: Didn't find class "org.objectweb.asm.tree.MethodNode" on path: DexPathList[[zip file "/system/framework/android.test.runner.jar", zip file "/data/app/br.com.catbag.gifreduxsample.test-1/base.apk", zip file "/data/app/br.com.catbag.gifreduxsample-1/base.apk"],nativeLibraryDirectories=[/data/app/br.com.catbag.gifreduxsample.test-1/lib/x86, /data/app/br.com.catbag.gifreduxsample-1/lib/x86, /system/fake-libs, /data/app/br.com.catbag.gifreduxsample.test-1/base.apk!/lib/x86, /data/app/br.com.catbag.gifreduxsample-1/base.apk!/lib/x86, /system/lib, /vendor/lib]]
11-25 22:47:49.777  2243  2258 I art     :   at java.lang.Class dalvik.system.BaseDexClassLoader.findClass(java.lang.String) (BaseDexClassLoader.java:56)
11-25 22:47:49.777  2243  2258 I art     :   at java.lang.Class java.lang.ClassLoader.loadClass(java.lang.String, boolean) (ClassLoader.java:380)
11-25 22:47:49.777  2243  2258 I art     :   at java.lang.Class java.lang.ClassLoader.loadClass(java.lang.String) (ClassLoader.java:312)
11-25 22:47:49.777  2243  2258 I art     :   at java.lang.Class java.lang.Class.classForName!(java.lang.String, boolean, java.lang.ClassLoader) (Class.java:-2)
11-25 22:47:49.789  2243  2258 I art     :   at java.lang.Class java.lang.Class.forName(java.lang.String, boolean, java.lang.ClassLoader) (Class.java:400)
11-25 22:47:49.789  2243  2258 I art     :   at java.lang.Class android.support.test.internal.runner.TestLoader.doLoadClass(java.lang.String) (TestLoader.java:92)
11-25 22:47:49.789  2243  2258 I art     :   at java.lang.Class android.support.test.internal.runner.TestLoader.loadIfTest(java.lang.String) (TestLoader.java:113)
11-25 22:47:49.789  2243  2258 I art     :   at void android.support.test.internal.runner.TestRequestBuilder.loadClassesFromClassPath(android.support.test.internal.runner.TestLoader, java.util.Set) (TestRequestBuilder.java:801)
11-25 22:47:49.789  2243  2258 I art     :   at android.support.test.internal.runner.TestRequest android.support.test.internal.runner.TestRequestBuilder.build() (TestRequestBuilder.java:747)
11-25 22:47:49.789  2243  2258 I art     :   at android.support.test.internal.runner.TestRequest android.support.test.runner.AndroidJUnitRunner.buildRequest(android.support.test.internal.runner.RunnerArgs, android.os.Bundle) (AndroidJUnitRunner.java:354)
11-25 22:47:49.790  2243  2258 I art     :   at void android.support.test.runner.AndroidJUnitRunner.onStart() (AndroidJUnitRunner.java:260)
11-25 22:47:49.790  2243  2258 I art     :   at void android.app.Instrumentation$InstrumentationThread.run() (Instrumentation.java:1932)
11-25 22:47:49.790  2243  2258 I art     : 
11-25 22:47:49.790  2243  2258 E TestLoader: Could not find class: org.objectweb.asm.commons.TryCatchBlockSorter
11-25 22:47:49.838  2243  2258 D TestExecutor: Adding listener android.support.test.internal.runner.listener.LogRunListener
11-25 22:47:49.839  2243  2258 D TestExecutor: Adding listener android.support.test.internal.runner.listener.InstrumentationResultPrinter
11-25 22:47:49.839  2243  2258 D TestExecutor: Adding listener android.support.test.internal.runner.listener.ActivityFinisherRunListener
11-25 22:47:49.841  2243  2258 D TestExecutor: Adding listener android.support.test.internal.runner.listener.CoverageListener
11-25 22:47:49.846  2243  2258 I TestRunner: run started: 20 tests
11-25 22:47:49.855  2243  2258 I TestRunner: started: whenAppStateSavedSeveralTime(br.com.catbag.gifreduxsample.asyncs.data.DataManagerTest)
11-25 22:47:49.862  2243  2243 I MonitoringInstrumentation: Activities that are still in CREATED to STOPPED: 0
11-25 22:47:50.072  2243  2254 I art     : Background sticky concurrent mark sweep GC freed 130932(5MB) AllocSpace objects, 0(0B) LOS objects, 38% free, 4MB/6MB, paused 4.814ms total 603.901ms
11-25 22:47:50.084  2243  2261 W Java7Support: Unable to load JDK7 types (annotations, java.nio.file.Path): no Java7 support added
11-25 22:47:50.473  2243  2258 I TestRunner: finished: whenAppStateSavedSeveralTime(br.com.catbag.gifreduxsample.asyncs.data.DataManagerTest)
11-25 22:47:50.480  2243  2243 I MonitoringInstrumentation: Activities that are still in CREATED to STOPPED: 0
11-25 22:47:50.481  2243  2258 I TestRunner: started: whenAppStateSavedOnceTime(br.com.catbag.gifreduxsample.asyncs.data.DataManagerTest)
11-25 22:47:50.482  2243  2243 I MonitoringInstrumentation: Activities that are still in CREATED to STOPPED: 0
11-25 22:47:50.697  2243  2258 I TestRunner: finished: whenAppStateSavedOnceTime(br.com.catbag.gifreduxsample.asyncs.data.DataManagerTest)
11-25 22:47:50.710  2243  2243 I MonitoringInstrumentation: Activities that are still in CREATED to STOPPED: 0
11-25 22:47:50.714  2243  2258 I TestRunner: started: whenUnsavedAppStateIsLoaded(br.com.catbag.gifreduxsample.asyncs.data.DataManagerTest)
11-25 22:47:50.720  2243  2243 I MonitoringInstrumentation: Activities that are still in CREATED to STOPPED: 0
11-25 22:47:50.797  2243  2266 E DataManager: appstate not loaded
11-25 22:47:50.797  2243  2266 E DataManager: com.snappydb.SnappydbException: Failed to get a String: NotFound: 
11-25 22:47:50.797  2243  2266 E DataManager: 	at com.snappydb.internal.DBImpl.__get(Native Method)
11-25 22:47:50.797  2243  2266 E DataManager: 	at com.snappydb.internal.DBImpl.get(DBImpl.java:348)
11-25 22:47:50.797  2243  2266 E DataManager: 	at br.com.catbag.gifreduxsample.asyncs.data.storage.Database.getAppState(Database.java:29)
11-25 22:47:50.797  2243  2266 E DataManager: 	at br.com.catbag.gifreduxsample.asyncs.data.DataManager.lambda$loadAppState$0(DataManager.java:61)
11-25 22:47:50.797  2243  2266 E DataManager: 	at br.com.catbag.gifreduxsample.asyncs.data.DataManager$$Lambda$1.run(Unknown Source)
11-25 22:47:50.797  2243  2266 E DataManager: 	at java.lang.Thread.run(Thread.java:761)
11-25 22:47:50.811  2243  2258 I TestRunner: finished: whenUnsavedAppStateIsLoaded(br.com.catbag.gifreduxsample.asyncs.data.DataManagerTest)
11-25 22:47:50.813  2243  2243 I MonitoringInstrumentation: Activities that are still in CREATED to STOPPED: 0
11-25 22:47:50.814  2243  2258 I TestRunner: started: whenSavedAppStateIsLoaded(br.com.catbag.gifreduxsample.asyncs.data.DataManagerTest)
11-25 22:47:50.815  2243  2243 I MonitoringInstrumentation: Activities that are still in CREATED to STOPPED: 0
11-25 22:47:50.993  2243  2254 I art     : Background partial concurrent mark sweep GC freed 62700(2MB) AllocSpace objects, 0(0B) LOS objects, 40% free, 3MB/6MB, paused 14.857ms total 99.139ms
11-25 22:47:51.032  2243  2258 I TestRunner: finished: whenSavedAppStateIsLoaded(br.com.catbag.gifreduxsample.asyncs.data.DataManagerTest)
11-25 22:47:51.045  2243  2243 I MonitoringInstrumentation: Activities that are still in CREATED to STOPPED: 0
11-25 22:47:51.070  2243  2258 I TestRunner: started: whenScrollDownAndPlayLastItemTest(br.com.catbag.gifreduxsample.ui.giflist.GifListActivityTest)
11-25 22:47:51.104  2243  2243 I MonitoringInstrumentation: Activities that are still in CREATED to STOPPED: 0
11-25 22:47:51.321  2270  2270 W dex2oat : Unexpected CPU variant for X86 using defaults: x86
11-25 22:47:51.321  2270  2270 W dex2oat : Mismatch between dex2oat instruction set features (ISA: X86 Feature string: smp,-ssse3,-sse4.1,-sse4.2,-avx,-avx2,-lock_add,-popcnt) and those of dex2oat executable (ISA: X86 Feature string: smp,ssse3,-sse4.1,-sse4.2,-avx,-avx2,-lock_add,-popcnt) for the command line:
11-25 22:47:51.321  2270  2270 W dex2oat : /system/bin/dex2oat --runtime-arg -classpath --runtime-arg & --instruction-set=x86 --instruction-set-features=smp,ssse3,-sse4.1,-sse4.2,-avx,-avx2,-lock_add,-popcnt --runtime-arg -Xrelocate --boot-image=/system/framework/boot.art --runtime-arg -Xms64m --runtime-arg -Xmx512m --instruction-set-variant=x86 --instruction-set-features=default --dex-file=/data/user/0/br.com.catbag.gifreduxsample/app_dxmaker_cache/Generated_1497766805.jar --oat-fd=38 --oat-location=/data/user/0/br.com.catbag.gifreduxsample/app_dxmaker_cache/Generated_1497766805.dex --compiler-filter=speed
11-25 22:47:51.322  2270  2270 I dex2oat : /system/bin/dex2oat --dex-file=/data/user/0/br.com.catbag.gifreduxsample/app_dxmaker_cache/Generated_1497766805.jar --oat-fd=38 --oat-location=/data/user/0/br.com.catbag.gifreduxsample/app_dxmaker_cache/Generated_1497766805.dex --compiler-filter=speed
11-25 22:47:51.435  2270  2270 I dex2oat : dex2oat took 114.895ms (threads: 1) arena alloc=41KB (42016B) java alloc=28KB (28768B) native alloc=736KB (753768B) free=799KB (819096B)
11-25 22:47:51.474  1237  1379 D VoldConnector: SND -> {29 volume mkdirs /storage/emulated/0/Android/data/br.com.catbag.gifreduxsample/cache/}
11-25 22:47:51.491  1237  1279 D VoldConnector: RCV <- {200 29 Command succeeded}
11-25 22:47:51.502  2243  2259 I DroidFlux:Dispatcher: [STARTED] dispatch of action [FAKE_REDUCE_ACTION]
11-25 22:47:51.531  2243  2259 I DroidFlux:Dispatcher: [COMPLETED] dispatch of action [FAKE_REDUCE_ACTION]
11-25 22:47:51.542  2243  2269 D ActivityTestRule: Launching activity br.com.catbag.gifreduxsample.ui.GifListActivity
11-25 22:47:51.546  2243  2272 D MonitoringInstrumentation: execStartActivity(context, ibinder, ibinder, activity, intent, int, bundle
11-25 22:47:51.559  1237  1557 I ActivityManager: START u0 {flg=0x14000000 cmp=br.com.catbag.gifreduxsample/.ui.GifListActivity} from uid 10060 on display 0
11-25 22:47:51.813  2243  2243 D LifecycleMonitor: Lifecycle status change: br.com.catbag.gifreduxsample.ui.GifListActivity@b549a93 in: PRE_ON_CREATE
11-25 22:47:52.051  1237  1258 I Choreographer: Skipped 51 frames!  The application may be doing too much work on its main thread.
11-25 22:47:52.451  2243  2243 D LifecycleMonitor: Lifecycle status change: br.com.catbag.gifreduxsample.ui.GifListActivity@b549a93 in: CREATED
11-25 22:47:52.453  2243  2259 I DroidFlux:Dispatcher: [STARTED] dispatch of action [APP_STATE_LOAD]
11-25 22:47:52.453  2243  2259 D DroidFlux:Dispatcher: An action of type [APP_STATE_LOAD] was dispatched, but no reducer handled it
11-25 22:47:52.454  2243  2259 I DroidFlux:Dispatcher: [COMPLETED] dispatch of action [APP_STATE_LOAD]
11-25 22:47:52.454  2243  2243 D LifecycleMonitor: Lifecycle status change: br.com.catbag.gifreduxsample.ui.GifListActivity@b549a93 in: STARTED
11-25 22:47:52.496  2243  2243 D LifecycleMonitor: Lifecycle status change: br.com.catbag.gifreduxsample.ui.GifListActivity@b549a93 in: RESUMED
11-25 22:47:52.566  1696  1696 I Choreographer: Skipped 59 frames!  The application may be doing too much work on its main thread.
11-25 22:47:53.019  2243  2259 I DroidFlux:Dispatcher: [STARTED] dispatch of action [GIF_LIST_FETCHING]
11-25 22:47:53.020  2243  2259 D DroidFlux:Dispatcher: An action of type [GIF_LIST_FETCHING] was dispatched, but no reducer handled it
11-25 22:47:53.020  2243  2259 I DroidFlux:Dispatcher: [COMPLETED] dispatch of action [GIF_LIST_FETCHING]
11-25 22:47:53.041  2243  2254 I art     : Background sticky concurrent mark sweep GC freed 20847(1249KB) AllocSpace objects, 2(40KB) LOS objects, 17% free, 5MB/6MB, paused 4.172ms total 154.216ms
11-25 22:47:53.104  2243  2243 D gralloc_ranchu: Emulator without host-side GPU emulation detected.
11-25 22:47:53.136  1237  1258 I ActivityManager: Displayed br.com.catbag.gifreduxsample/.ui.GifListActivity: +1s410ms
11-25 22:47:53.184  2243  2269 D InputManagerEventInjectionStrategy: Creating injection strategy with input manager.
11-25 22:47:53.241  2243  2243 W ResourceType: No package identifier when getting name for resource number 0x00000001
11-25 22:47:53.242  2243  2243 I ViewInteraction: Performing 'scroll RecyclerView to position: 4' action on view with id: 1 (resource name not found)
11-25 22:47:53.402  1237  1258 I WindowManager: Destroying surface Surface(name=Starting br.com.catbag.gifreduxsample) called by com.android.server.wm.WindowStateAnimator.destroySurface:2014 com.android.server.wm.WindowStateAnimator.destroySurfaceLocked:881 com.android.server.wm.WindowState.destroyOrSaveSurface:2073 com.android.server.wm.AppWindowToken.destroySurfaces:363 com.android.server.wm.WindowStateAnimator.finishExit:565 com.android.server.wm.WindowStateAnimator.stepAnimationLocked:491 com.android.server.wm.WindowAnimator.updateWindowsLocked:303 com.android.server.wm.WindowAnimator.animateLocked:704 
11-25 22:47:53.527  1237  1248 I WindowManager: Destroying surface Surface(name=com.android.launcher3/com.android.launcher3.Launcher) called by com.android.server.wm.WindowStateAnimator.destroySurface:2014 com.android.server.wm.WindowStateAnimator.destroySurfaceLocked:881 com.android.server.wm.WindowState.destroyOrSaveSurface:2073 com.android.server.wm.AppWindowToken.destroySurfaces:363 com.android.server.wm.AppWindowToken.notifyAppStopped:389 com.android.server.wm.WindowManagerService.notifyAppStopped:4456 com.android.server.am.ActivityStack.activityStoppedLocked:1252 com.android.server.am.ActivityManagerService.activityStopped:6873 
11-25 22:47:53.621  2243  2248 I art     : Do partial code cache collection, code=26KB, data=30KB
11-25 22:47:53.626  2243  2243 W ResourceType: No package identifier when getting name for resource number 0x00000001
11-25 22:47:53.627  2243  2248 I art     : After code cache collection, code=25KB, data=29KB
11-25 22:47:53.627  2243  2248 I art     : Increasing code cache capacity to 128KB
11-25 22:47:53.639  2243  2254 I art     : WaitForGcToComplete blocked for 5.621ms for cause Background
11-25 22:47:53.659  2243  2243 W ResourceType: No package identifier when getting name for resource number 0x00000004
11-25 22:47:53.659  2243  2243 I ViewInteraction: Performing 'single click' action on view with id: 4 (resource name not found)
11-25 22:47:53.729  2243  2259 I DroidFlux:Dispatcher: [STARTED] dispatch of action [GIF_PLAY]
11-25 22:47:53.730  2243  2259 I DroidFlux:Dispatcher: [COMPLETED] dispatch of action [GIF_PLAY]
11-25 22:47:53.903  1237  1312 W AudioTrack: AUDIO_OUTPUT_FLAG_FAST denied by client; transfer 4, track 48000 Hz, output 44100 Hz
11-25 22:47:54.049   985  1022 D AudioFlinger: mixer(0xa7a83040) throttle end: throttle time(4)
11-25 22:47:54.062  2243  2254 I art     : Background partial concurrent mark sweep GC freed 5464(525KB) AllocSpace objects, 1(16KB) LOS objects, 40% free, 5MB/9MB, paused 11.321ms total 422.343ms
11-25 22:47:54.068   985  1022 D AudioFlinger: mixer(0xa7a83040) throttle end: throttle time(10)
11-25 22:47:54.353  2243  2243 D LifecycleMonitor: Lifecycle status change: br.com.catbag.gifreduxsample.ui.GifListActivity@b549a93 in: PAUSED
11-25 22:47:54.376  2243  2258 I TestRunner: finished: whenScrollDownAndPlayLastItemTest(br.com.catbag.gifreduxsample.ui.giflist.GifListActivityTest)
11-25 22:47:54.431   978   978 D gralloc : Registering a buffer in the process that created it. This may cause memory ordering problems.
11-25 22:47:54.432   978   978 E libEGL  : called unimplemented OpenGL ES API
11-25 22:47:54.433   978   978 E SurfaceFlinger: glCheckFramebufferStatusOES error 2054343128
11-25 22:47:54.433   978   978 E SurfaceFlinger: got GL_FRAMEBUFFER_COMPLETE_OES error while taking screenshot
11-25 22:47:54.435  1237  1558 W WindowManager: Screenshot failure taking screenshot for (480x800) to layer 21005
11-25 22:47:54.451  2243  2243 I MonitoringInstrumentation: Activities that are still in CREATED to STOPPED: 1
11-25 22:47:54.452  2243  2258 I TestRunner: started: whenGifIsNotWatchedTest(br.com.catbag.gifreduxsample.ui.giflist.GifListActivityTest)
11-25 22:47:54.477  2243  2243 I MonitoringInstrumentation: Activities that are still in CREATED to STOPPED: 1
11-25 22:47:54.520  2243  2259 I DroidFlux:Dispatcher: [STARTED] dispatch of action [FAKE_REDUCE_ACTION]
11-25 22:47:54.520  2243  2259 I DroidFlux:Dispatcher: [COMPLETED] dispatch of action [FAKE_REDUCE_ACTION]
11-25 22:47:54.551  2243  2276 D ActivityTestRule: Launching activity br.com.catbag.gifreduxsample.ui.GifListActivity
11-25 22:47:54.567  2243  2277 D MonitoringInstrumentation: execStartActivity(context, ibinder, ibinder, activity, intent, int, bundle
11-25 22:47:54.567  1237  1557 I ActivityManager: START u0 {flg=0x10000000 cmp=br.com.catbag.gifreduxsample/.ui.GifListActivity} from uid 10060 on display 0
11-25 22:47:54.823  1696  1696 I Choreographer: Skipped 49 frames!  The application may be doing too much work on its main thread.
11-25 22:47:54.844  2243  2243 D LifecycleMonitor: Lifecycle status change: br.com.catbag.gifreduxsample.ui.GifListActivity@122aabb in: PRE_ON_CREATE
11-25 22:47:54.882  2243  2243 D LifecycleMonitor: Lifecycle status change: br.com.catbag.gifreduxsample.ui.GifListActivity@122aabb in: CREATED
11-25 22:47:54.884  2243  2259 I DroidFlux:Dispatcher: [STARTED] dispatch of action [APP_STATE_LOAD]
11-25 22:47:54.884  2243  2259 D DroidFlux:Dispatcher: An action of type [APP_STATE_LOAD] was dispatched, but no reducer handled it
11-25 22:47:54.884  2243  2259 I DroidFlux:Dispatcher: [COMPLETED] dispatch of action [APP_STATE_LOAD]
11-25 22:47:54.884  2243  2243 D LifecycleMonitor: Lifecycle status change: br.com.catbag.gifreduxsample.ui.GifListActivity@122aabb in: STARTED
11-25 22:47:54.886  2243  2243 D LifecycleMonitor: Lifecycle status change: br.com.catbag.gifreduxsample.ui.GifListActivity@122aabb in: RESUMED
11-25 22:47:54.981  1237  1314 I WindowManager: Destroying surface Surface(name=com.android.launcher3/com.android.launcher3.Launcher) called by com.android.server.wm.WindowStateAnimator.destroySurface:2014 com.android.server.wm.WindowStateAnimator.destroySurfaceLocked:881 com.android.server.wm.WindowState.destroyOrSaveSurface:2073 com.android.server.wm.WindowManagerService.tryStartExitingAnimation:3017 com.android.server.wm.WindowManagerService.relayoutWindow:2897 com.android.server.wm.Session.relayout:215 android.view.IWindowSession$Stub.onTransact:286 com.android.server.wm.Session.onTransact:136 
11-25 22:47:55.133  2243  2243 E Feed    : Gif{uuid=60bc1969-c98a-45a2-b2ac-cd5cf26a9a53, path=, url=, title=, watched=false, status=DOWNLOADED}
11-25 22:47:55.133  2243  2243 E Feed    : pl.droidsonroids.gif.GifIOException: GifError 101: Failed to open given input
11-25 22:47:55.133  2243  2243 E Feed    : 	at pl.droidsonroids.gif.GifInfoHandle.openFile(Native Method)
11-25 22:47:55.133  2243  2243 E Feed    : 	at pl.droidsonroids.gif.GifInfoHandle.<init>(GifInfoHandle.java:46)
11-25 22:47:55.133  2243  2243 E Feed    : 	at pl.droidsonroids.gif.GifDrawable.<init>(GifDrawable.java:124)
11-25 22:47:55.133  2243  2243 E Feed    : 	at br.com.catbag.gifreduxsample.ui.views.FeedView.createDrawable(FeedView.java:123)
11-25 22:47:55.133  2243  2243 E Feed    : 	at br.com.catbag.gifreduxsample.ui.views.FeedView.lambda$renderGifView$1(FeedView.java:110)
11-25 22:47:55.133  2243  2243 E Feed    : 	at br.com.catbag.gifreduxsample.ui.views.FeedView$$Lambda$4.view(Unknown Source)
11-25 22:47:55.133  2243  2243 E Feed    : 	at trikita.anvil.BaseDSL.v(BaseDSL.java:670)
11-25 22:47:55.133  2243  2243 E Feed    : 	at br.com.catbag.gifreduxsample.ui.views.FeedView.renderGifView(FeedView.java:109)
11-25 22:47:55.133  2243  2243 E Feed    : 	at br.com.catbag.gifreduxsample.ui.views.FeedView.access$lambda$0(FeedView.java)
11-25 22:47:55.133  2243  2243 E Feed    : 	at br.com.catbag.gifreduxsample.ui.views.FeedView$$Lambda$5.view(Unknown Source)
11-25 22:47:55.133  2243  2243 E Feed    : 	at br.com.catbag.gifreduxsample.ui.views.GifsAdapter.view(GifsAdapter.java:55)
11-25 22:47:55.133  2243  2243 E Feed    : 	at trikita.anvil.RenderableRecyclerViewAdapter$1.view(RenderableRecyclerViewAdapter.java:24)
11-25 22:47:55.133  2243  2243 E Feed    : 	at trikita.anvil.Anvil$Mount.render(Anvil.java:204)
11-25 22:47:55.133  2243  2243 E Feed    : 	at trikita.anvil.Anvil.render(Anvil.java:173)
11-25 22:47:55.133  2243  2243 E Feed    : 	at trikita.anvil.RenderableRecyclerViewAdapter.onBindViewHolder(RenderableRecyclerViewAdapter.java:27)
11-25 22:47:55.133  2243  2243 E Feed    : 	at trikita.anvil.RenderableRecyclerViewAdapter.onBindViewHolder(RenderableRecyclerViewAdapter.java:7)
11-25 22:47:55.133  2243  2243 E Feed    : 	at android.support.v7.widget.RecyclerView$Adapter.onBindViewHolder(RecyclerView.java:5768)
11-25 22:47:55.133  2243  2243 E Feed    : 	at android.support.v7.widget.RecyclerView$Adapter.bindViewHolder(RecyclerView.java:5801)
11-25 22:47:55.133  2243  2243 E Feed    : 	at android.support.v7.widget.RecyclerView$Recycler.getViewForPosition(RecyclerView.java:5037)
11-25 22:47:55.133  2243  2243 E Feed    : 	at android.support.v7.widget.RecyclerView$Recycler.getViewForPosition(RecyclerView.java:4913)
11-25 22:47:55.133  2243  2243 E Feed    : 	at android.support.v7.widget.LinearLayoutManager$LayoutState.next(LinearLayoutManager.java:2029)
11-25 22:47:55.133  2243  2243 E Feed    : 	at android.support.v7.widget.LinearLayoutManager.layoutChunk(LinearLayoutManager.java:1414)
11-25 22:47:55.133  2243  2243 E Feed    : 	at android.support.v7.widget.LinearLayoutManager.fill(LinearLayoutManager.java:1377)
11-25 22:47:55.133  2243  2243 E Feed    : 	at android.support.v7.widget.LinearLayoutManager.onLayoutChildren(LinearLayoutManager.java:578)
11-25 22:47:55.133  2243  2243 E Feed    : 	at android.support.v7.widget.RecyclerView.dispatchLayoutStep2(RecyclerView.java:3260)
