--------- beginning of main
11-24 13:54:15.552  2111  2111 D AndroidRuntime: >>>>>> START com.android.internal.os.RuntimeInit uid 2000 <<<<<<
11-24 13:54:15.603  2111  2111 D AndroidRuntime: CheckJNI is ON
11-24 13:54:15.883  2111  2111 W art     : Unexpected CPU variant for X86 using defaults: x86
11-24 13:54:16.007  2111  2111 D ICU     : No timezone override file found: /data/misc/zoneinfo/current/icu/icu_tzdata.dat
11-24 13:54:16.268  2111  2111 E memtrack: Couldn't load memtrack module (No such file or directory)
11-24 13:54:16.276  2111  2111 E android.os.Debug: failed to load memtrack module: -2
11-24 13:54:16.303  2111  2111 I Radio-JNI: register_android_hardware_Radio DONE
11-24 13:54:16.449  2111  2111 D AndroidRuntime: Calling main entry com.android.commands.am.Am
11-24 13:54:16.497  2111  2111 D AndroidRuntime: Shutting down VM
11-24 13:54:16.914  2121  2121 D AndroidRuntime: >>>>>> START com.android.internal.os.RuntimeInit uid 2000 <<<<<<
11-24 13:54:16.917  2121  2121 D AndroidRuntime: CheckJNI is ON
11-24 13:54:16.978  2121  2121 W art     : Unexpected CPU variant for X86 using defaults: x86
11-24 13:54:16.991  2121  2121 D ICU     : No timezone override file found: /data/misc/zoneinfo/current/icu/icu_tzdata.dat
11-24 13:54:17.046  2121  2121 E memtrack: Couldn't load memtrack module (No such file or directory)
11-24 13:54:17.046  2121  2121 E android.os.Debug: failed to load memtrack module: -2
11-24 13:54:17.047  2121  2121 I Radio-JNI: register_android_hardware_Radio DONE
11-24 13:54:17.076  2121  2121 D AndroidRuntime: Calling main entry com.android.commands.pm.Pm
11-24 13:54:17.181  2121  2121 I art     : System.exit called, status: 0
11-24 13:54:17.181  2121  2121 I AndroidRuntime: VM exiting with result code 0.
11-24 13:54:17.925  2132  2132 D AndroidRuntime: >>>>>> START com.android.internal.os.RuntimeInit uid 2000 <<<<<<
11-24 13:54:17.941  2132  2132 D AndroidRuntime: CheckJNI is ON
11-24 13:54:17.999  2132  2132 W art     : Unexpected CPU variant for X86 using defaults: x86
11-24 13:54:18.009  2132  2132 D ICU     : No timezone override file found: /data/misc/zoneinfo/current/icu/icu_tzdata.dat
11-24 13:54:18.045  2132  2132 E memtrack: Couldn't load memtrack module (No such file or directory)
11-24 13:54:18.045  2132  2132 E android.os.Debug: failed to load memtrack module: -2
11-24 13:54:18.046  2132  2132 I Radio-JNI: register_android_hardware_Radio DONE
11-24 13:54:18.075  2132  2132 D AndroidRuntime: Calling main entry com.android.commands.pm.Pm
11-24 13:54:18.141   992   992 I         : free_cache(7064484) avail 512589824
11-24 13:54:28.838  2132  2132 I art     : System.exit called, status: 0
11-24 13:54:28.838  2132  2132 I AndroidRuntime: VM exiting with result code 0.
11-24 13:54:29.179  2144  2144 D AndroidRuntime: >>>>>> START com.android.internal.os.RuntimeInit uid 2000 <<<<<<
11-24 13:54:29.188  2144  2144 D AndroidRuntime: CheckJNI is ON
11-24 13:54:29.248  2144  2144 W art     : Unexpected CPU variant for X86 using defaults: x86
11-24 13:54:29.259  2144  2144 D ICU     : No timezone override file found: /data/misc/zoneinfo/current/icu/icu_tzdata.dat
11-24 13:54:29.297  2144  2144 E memtrack: Couldn't load memtrack module (No such file or directory)
11-24 13:54:29.297  2144  2144 E android.os.Debug: failed to load memtrack module: -2
11-24 13:54:29.298  2144  2144 I Radio-JNI: register_android_hardware_Radio DONE
11-24 13:54:29.329  2144  2144 D AndroidRuntime: Calling main entry com.android.commands.pm.Pm
--------- beginning of system
11-24 13:54:29.771  1237  1263 W ActivityManager: Slow operation: 74ms so far, now at startProcess: returned from zygote!
11-24 13:54:29.771  1237  1263 W ActivityManager: Slow operation: 75ms so far, now at startProcess: done updating battery stats
11-24 13:54:29.794  1237  1263 W ActivityManager: Slow operation: 97ms so far, now at startProcess: building log message
11-24 13:54:29.794  1237  1263 I ActivityManager: Start proc 2154:com.android.defcontainer/u0a5 for service com.android.defcontainer/.DefaultContainerService
11-24 13:54:29.795  1237  1263 W ActivityManager: Slow operation: 98ms so far, now at startProcess: starting to update pids map
11-24 13:54:29.795  1237  1263 W ActivityManager: Slow operation: 98ms so far, now at startProcess: done updating pids map
11-24 13:54:29.795  1237  1263 W ActivityManager: Slow operation: 105ms so far, now at startProcess: done starting proc!
11-24 13:54:29.817  2154  2154 W art     : Unexpected CPU variant for X86 using defaults: x86
11-24 13:54:30.180  1237  1263 I PackageManager.DexOptimizer: Running dexopt (dex2oat) on: /data/app/vmdl899451798.tmp/base.apk pkg=br.com.catbag.gifreduxsample isa=x86 vmSafeMode=false debuggable=true target-filter=interpret-only oatDir = /data/app/vmdl899451798.tmp/oat sharedLibraries=null
11-24 13:54:30.239  2169  2169 W dex2oat : Unexpected CPU variant for X86 using defaults: x86
11-24 13:54:30.240  2169  2169 W dex2oat : Mismatch between dex2oat instruction set features (ISA: X86 Feature string: smp,-ssse3,-sse4.1,-sse4.2,-avx,-avx2,-lock_add,-popcnt) and those of dex2oat executable (ISA: X86 Feature string: smp,ssse3,-sse4.1,-sse4.2,-avx,-avx2,-lock_add,-popcnt) for the command line:
11-24 13:54:30.241  2169  2169 W dex2oat : /system/bin/dex2oat --zip-fd=6 --zip-location=base.apk --oat-fd=7 --oat-location=/data/app/vmdl899451798.tmp/oat/x86/base.odex --instruction-set=x86 --instruction-set-variant=x86 --instruction-set-features=default --runtime-arg -Xms64m --runtime-arg -Xmx512m --compiler-filter=interpret-only --swap-fd=9 --debuggable
11-24 13:54:30.255  2169  2169 I dex2oat : /system/bin/dex2oat --compiler-filter=interpret-only --debuggable
11-24 13:54:33.343  2169  2169 W dex2oat : Before Android 4.1, method android.graphics.PorterDuffColorFilter android.support.graphics.drawable.VectorDrawableCompat.updateTintFilter(android.graphics.PorterDuffColorFilter, android.content.res.ColorStateList, android.graphics.PorterDuff$Mode) would have incorrectly overridden the package-private method in android.graphics.drawable.Drawable
11-24 13:54:33.445  2169  2169 W dex2oat : Before Android 4.1, method int android.support.v7.widget.ListViewCompat.lookForSelectablePosition(int, boolean) would have incorrectly overridden the package-private method in android.widget.ListView
11-24 13:54:50.026  2169  2169 W dex2oat : Verification of void org.immutables.value.internal.$processor$.meta.$StyleMirror.<init>(javax.lang.model.element.AnnotationMirror) took 110.198ms
11-24 13:55:00.171  2169  2169 W dex2oat : Compilation of com.fasterxml.jackson.databind.JavaType com.fasterxml.jackson.databind.type.MapLikeType.refine(java.lang.Class, com.fasterxml.jackson.databind.type.TypeBindings, com.fasterxml.jackson.databind.JavaType, com.fasterxml.jackson.databind.JavaType[]) took 128.655ms
11-24 13:55:14.305  2169  2169 W dex2oat : Compilation of char[] com.fasterxml.jackson.core.util.BufferRecycler.allocCharBuffer(int, int) took 184.475ms
11-24 13:55:19.274  2169  2169 W dex2oat : Compilation of boolean com.google.common.math.LongMath$MillerRabinTester.testWitness(long, long) took 139.299ms
11-24 13:55:24.364  2169  2169 W dex2oat : Compilation of boolean org.immutables.value.internal.$processor$.meta.$Constitution.isOutsideBuilder() took 221.748ms
11-24 13:55:26.364  2169  2169 I dex2oat : dex2oat took 56.132s (threads: 1) arena alloc=1402KB (1436528B) java alloc=7MB (8050336B) native alloc=13MB (14283152B) free=3MB (3149424B)
11-24 13:55:26.856  1237  1247 I art     : Background partial concurrent mark sweep GC freed 38226(2MB) AllocSpace objects, 12(424KB) LOS objects, 33% free, 6MB/10MB, paused 6.606ms total 398.427ms
11-24 13:55:26.975  1237  1263 W PackageManager: Not granting permission android.permission.SET_DEBUG_APP to package br.com.catbag.gifreduxsample (protectionLevel=50 flags=0x3848be46)
11-24 13:55:27.097  1237  1263 V BackupManagerService: restoreAtInstall pkg=br.com.catbag.gifreduxsample token=1 restoreSet=0
11-24 13:55:27.099  1237  1263 W BackupManagerService: Requested unavailable transport: android/com.android.internal.backup.LocalTransport
11-24 13:55:27.099  1237  1263 W BackupManagerService: No transport
11-24 13:55:27.100  1237  1263 V BackupManagerService: Finishing install immediately
11-24 13:55:27.142  1237  1263 I art     : Starting a blocking GC Explicit
11-24 13:55:27.221  1237  1263 I art     : Explicit concurrent mark sweep GC freed 9696(619KB) AllocSpace objects, 6(120KB) LOS objects, 33% free, 6MB/10MB, paused 5.272ms total 76.746ms
11-24 13:55:27.227   992   992 E         : Couldn't opendir /data/app/vmdl899451798.tmp: No such file or directory
11-24 13:55:27.357  1237  1277 I InputReader: Reconfiguring input devices.  changes=0x00000010
11-24 13:55:27.404  2144  2144 I art     : System.exit called, status: 0
11-24 13:55:27.404  2144  2144 I AndroidRuntime: VM exiting with result code 0.
11-24 13:55:27.484  1449  1449 D CarrierSvcBindHelper: No carrier app for: 0
11-24 13:55:27.489  1449  1449 D CarrierConfigLoader: mHandler: 9 phoneId: 0
11-24 13:55:27.891  1237  1250 W VoiceInteractionManagerService: no available voice recognition services found for user 0
11-24 13:55:27.892  1237  1250 W LocationProviderProxy-network: Odd, no component found for service com.android.location.service.v3.NetworkLocationProvider
11-24 13:55:27.892  1237  1250 W GeocoderProxy: Odd, no component found for service com.android.location.service.GeocodeProvider
11-24 13:55:27.892  1237  1250 W GeofenceProxy: Odd, no component found for service com.android.location.service.GeofenceProvider
11-24 13:55:27.904  1237  1250 W ActivityRecognitionProxy: Odd, no component found for service com.android.location.service.ActivityRecognitionProvider
11-24 13:55:28.339  2178  2178 D AndroidRuntime: >>>>>> START com.android.internal.os.RuntimeInit uid 2000 <<<<<<
11-24 13:55:28.342  2178  2178 D AndroidRuntime: CheckJNI is ON
11-24 13:55:28.407  2178  2178 W art     : Unexpected CPU variant for X86 using defaults: x86
11-24 13:55:28.416  2178  2178 D ICU     : No timezone override file found: /data/misc/zoneinfo/current/icu/icu_tzdata.dat
11-24 13:55:28.447  2178  2178 E memtrack: Couldn't load memtrack module (No such file or directory)
11-24 13:55:28.447  2178  2178 E android.os.Debug: failed to load memtrack module: -2
11-24 13:55:28.449  2178  2178 I Radio-JNI: register_android_hardware_Radio DONE
11-24 13:55:28.469  2178  2178 D AndroidRuntime: Calling main entry com.android.commands.pm.Pm
11-24 13:55:28.501  2178  2178 I art     : System.exit called, status: 0
11-24 13:55:28.501  2178  2178 I AndroidRuntime: VM exiting with result code 0.
11-24 13:55:29.388  2195  2195 D AndroidRuntime: >>>>>> START com.android.internal.os.RuntimeInit uid 2000 <<<<<<
11-24 13:55:29.391  2195  2195 D AndroidRuntime: CheckJNI is ON
11-24 13:55:29.449  2195  2195 W art     : Unexpected CPU variant for X86 using defaults: x86
11-24 13:55:29.454  2195  2195 D ICU     : No timezone override file found: /data/misc/zoneinfo/current/icu/icu_tzdata.dat
11-24 13:55:29.477  2195  2195 E memtrack: Couldn't load memtrack module (No such file or directory)
11-24 13:55:29.477  2195  2195 E android.os.Debug: failed to load memtrack module: -2
11-24 13:55:29.478  2195  2195 I Radio-JNI: register_android_hardware_Radio DONE
11-24 13:55:29.495  2195  2195 D AndroidRuntime: Calling main entry com.android.commands.pm.Pm
11-24 13:55:29.518   992   992 I         : free_cache(2038434) avail 492650496
11-24 13:55:30.859  2208  2208 W art     : Unexpected CPU variant for X86 using defaults: x86
11-24 13:55:30.866  1237  1249 I ActivityManager: Start proc 2208:com.svox.pico/u0a46 for broadcast com.svox.pico/.VoiceDataInstallerReceiver
11-24 13:55:32.506  1237  1249 I ActivityManager: Killing 1817:com.android.sdksetup/u0a16 (adj 906): empty #17
11-24 13:55:32.664  2195  2195 I art     : System.exit called, status: 0
11-24 13:55:32.665  2195  2195 I AndroidRuntime: VM exiting with result code 0.
11-24 13:55:33.063  2223  2223 D AndroidRuntime: >>>>>> START com.android.internal.os.RuntimeInit uid 2000 <<<<<<
11-24 13:55:33.066  2223  2223 D AndroidRuntime: CheckJNI is ON
11-24 13:55:33.134  2223  2223 W art     : Unexpected CPU variant for X86 using defaults: x86
11-24 13:55:33.139  2223  2223 D ICU     : No timezone override file found: /data/misc/zoneinfo/current/icu/icu_tzdata.dat
11-24 13:55:33.166  2223  2223 E memtrack: Couldn't load memtrack module (No such file or directory)
11-24 13:55:33.166  2223  2223 E android.os.Debug: failed to load memtrack module: -2
11-24 13:55:33.168  2223  2223 I Radio-JNI: register_android_hardware_Radio DONE
11-24 13:55:33.187  2223  2223 D AndroidRuntime: Calling main entry com.android.commands.pm.Pm
11-24 13:55:33.306  2154  2165 I art     : HomogeneousSpaceCompact marksweep + semispace GC freed 12799(658KB) AllocSpace objects, 0(0B) LOS objects, 39% free, 2MB/3MB, paused 1.033s total 1.033s
11-24 13:55:33.345  1237  1263 I PackageManager.DexOptimizer: Running dexopt (dex2oat) on: /data/app/vmdl1612174900.tmp/base.apk pkg=br.com.catbag.gifreduxsample.test isa=x86 vmSafeMode=false debuggable=true target-filter=interpret-only oatDir = /data/app/vmdl1612174900.tmp/oat sharedLibraries=/system/framework/android.test.runner.jar
11-24 13:55:33.397  2234  2234 W dex2oat : Unexpected CPU variant for X86 using defaults: x86
11-24 13:55:33.398  2234  2234 W dex2oat : Mismatch between dex2oat instruction set features (ISA: X86 Feature string: smp,-ssse3,-sse4.1,-sse4.2,-avx,-avx2,-lock_add,-popcnt) and those of dex2oat executable (ISA: X86 Feature string: smp,ssse3,-sse4.1,-sse4.2,-avx,-avx2,-lock_add,-popcnt) for the command line:
11-24 13:55:33.398  2234  2234 W dex2oat : /system/bin/dex2oat --zip-fd=6 --zip-location=base.apk --oat-fd=7 --oat-location=/data/app/vmdl1612174900.tmp/oat/x86/base.odex --instruction-set=x86 --instruction-set-variant=x86 --instruction-set-features=default --runtime-arg -Xms64m --runtime-arg -Xmx512m --compiler-filter=interpret-only --swap-fd=9 --debuggable --runtime-arg -classpath --runtime-arg /system/framework/android.test.runner.jar
11-24 13:55:33.398  2234  2234 I dex2oat : /system/bin/dex2oat --compiler-filter=interpret-only --debuggable
11-24 13:55:56.985  2234  2234 W dex2oat : Compilation of net.bytebuddy.ByteBuddy$Definable net.bytebuddy.ByteBuddy.getModifiers() took 151.126ms
11-24 13:56:00.323  2234  2234 I dex2oat : dex2oat took 26.925s (threads: 1) arena alloc=824B (824B) java alloc=3MB (3868560B) native alloc=6MB (6969808B) free=2MB (2467376B)
11-24 13:56:00.595  1237  1263 V BackupManagerService: restoreAtInstall pkg=br.com.catbag.gifreduxsample.test token=2 restoreSet=0
11-24 13:56:00.595  1237  1263 W BackupManagerService: Requested unavailable transport: android/com.android.internal.backup.LocalTransport
11-24 13:56:00.596  1237  1263 W BackupManagerService: No transport
11-24 13:56:00.596  1237  1263 V BackupManagerService: Finishing install immediately
11-24 13:56:00.617  1237  1263 I art     : Starting a blocking GC Explicit
11-24 13:56:00.705  1237  1263 I art     : Explicit concurrent mark sweep GC freed 38026(2MB) AllocSpace objects, 13(308KB) LOS objects, 33% free, 6MB/10MB, paused 5.957ms total 80.614ms
11-24 13:56:00.713   992   992 E         : Couldn't opendir /data/app/vmdl1612174900.tmp: No such file or directory
11-24 13:56:00.817  1237  1277 I InputReader: Reconfiguring input devices.  changes=0x00000010
11-24 13:56:00.832  1449  1449 D CarrierSvcBindHelper: No carrier app for: 0
11-24 13:56:00.834  1449  1449 D CarrierConfigLoader: mHandler: 9 phoneId: 0
11-24 13:56:00.865  2223  2223 I art     : System.exit called, status: 0
11-24 13:56:00.865  2223  2223 I AndroidRuntime: VM exiting with result code 0.
11-24 13:56:00.993  1237  1250 W VoiceInteractionManagerService: no available voice recognition services found for user 0
11-24 13:56:01.005  1237  1250 W LocationProviderProxy-network: Odd, no component found for service com.android.location.service.v3.NetworkLocationProvider
11-24 13:56:01.006  1237  1250 W GeocoderProxy: Odd, no component found for service com.android.location.service.GeocodeProvider
11-24 13:56:01.006  1237  1250 W GeofenceProxy: Odd, no component found for service com.android.location.service.GeofenceProvider
11-24 13:56:01.006  1237  1250 W ActivityRecognitionProxy: Odd, no component found for service com.android.location.service.ActivityRecognitionProvider
11-24 13:56:01.307  2240  2240 D AndroidRuntime: >>>>>> START com.android.internal.os.RuntimeInit uid 2000 <<<<<<
11-24 13:56:01.309  2240  2240 D AndroidRuntime: CheckJNI is ON
11-24 13:56:01.436  2240  2240 W art     : Unexpected CPU variant for X86 using defaults: x86
11-24 13:56:01.441  2240  2240 D ICU     : No timezone override file found: /data/misc/zoneinfo/current/icu/icu_tzdata.dat
11-24 13:56:01.466  2240  2240 E memtrack: Couldn't load memtrack module (No such file or directory)
11-24 13:56:01.466  2240  2240 E android.os.Debug: failed to load memtrack module: -2
11-24 13:56:01.467  2240  2240 I Radio-JNI: register_android_hardware_Radio DONE
11-24 13:56:01.487  2240  2240 D AndroidRuntime: Calling main entry com.android.commands.am.Am
11-24 13:56:01.499  1237  1248 I ActivityManager: Force stopping br.com.catbag.gifreduxsample appid=10060 user=0: start instr
11-24 13:56:01.513  1237  1248 I ActivityManager: Start proc 2250:br.com.catbag.gifreduxsample/u0a60 for added application br.com.catbag.gifreduxsample
11-24 13:56:01.517  2250  2250 I art     : Not late-enabling -Xcheck:jni (already on)
11-24 13:56:01.518  2250  2250 W art     : Unexpected CPU variant for X86 using defaults: x86
11-24 13:56:01.555  2250  2250 W System  : ClassLoader referenced unknown path: /data/app/br.com.catbag.gifreduxsample.test-1/lib/x86
11-24 13:56:01.561  2250  2250 W System  : ClassLoader referenced unknown path: 
11-24 13:56:01.607  2250  2250 W System.err: java.io.FileNotFoundException: /jacoco.exec (Read-only file system)
11-24 13:56:01.608  2250  2250 W System.err: 	at java.io.FileOutputStream.open(Native Method)
11-24 13:56:01.609  2250  2250 W System.err: 	at java.io.FileOutputStream.<init>(FileOutputStream.java:221)
11-24 13:56:01.609  2250  2250 W System.err: 	at org.jacoco.agent.rt.internal_e6e56f0.output.FileOutput.openFile(FileOutput.java:67)
11-24 13:56:01.609  2250  2250 W System.err: 	at org.jacoco.agent.rt.internal_e6e56f0.output.FileOutput.startup(FileOutput.java:49)
11-24 13:56:01.609  2250  2250 W System.err: 	at org.jacoco.agent.rt.internal_e6e56f0.Agent.startup(Agent.java:122)
11-24 13:56:01.609  2250  2250 W System.err: 	at org.jacoco.agent.rt.internal_e6e56f0.Agent.getInstance(Agent.java:50)
11-24 13:56:01.609  2250  2250 W System.err: 	at org.jacoco.agent.rt.internal_e6e56f0.Offline.<clinit>(Offline.java:31)
11-24 13:56:01.610  2250  2250 W System.err: 	at org.jacoco.agent.rt.internal_e6e56f0.Offline.getProbes(Offline.java:51)
11-24 13:56:01.610  2250  2250 W System.err: 	at br.com.catbag.gifreduxsample.MyApp.$jacocoInit(MyApp.java)
11-24 13:56:01.610  2250  2250 W System.err: 	at br.com.catbag.gifreduxsample.MyApp.<clinit>(MyApp.java)
11-24 13:56:01.610  2250  2250 W System.err: 	at java.lang.Class.newInstance(Native Method)
11-24 13:56:01.610  2250  2250 W System.err: 	at android.app.Instrumentation.newApplication(Instrumentation.java:1007)
11-24 13:56:01.611  2250  2250 W System.err: 	at android.app.Instrumentation.newApplication(Instrumentation.java:992)
11-24 13:56:01.611  2250  2250 W System.err: 	at android.app.LoadedApk.makeApplication(LoadedApk.java:796)
11-24 13:56:01.611  2250  2250 W System.err: 	at android.app.ActivityThread.handleBindApplication(ActivityThread.java:5335)
11-24 13:56:01.611  2250  2250 W System.err: 	at android.app.ActivityThread.-wrap2(ActivityThread.java)
11-24 13:56:01.611  2250  2250 W System.err: 	at android.app.ActivityThread$H.handleMessage(ActivityThread.java:1528)
11-24 13:56:01.611  2250  2250 W System.err: 	at android.os.Handler.dispatchMessage(Handler.java:102)
11-24 13:56:01.612  2250  2250 W System.err: 	at android.os.Looper.loop(Looper.java:154)
11-24 13:56:01.612  2250  2250 W System.err: 	at android.app.ActivityThread.main(ActivityThread.java:6077)
11-24 13:56:01.612  2250  2250 W System.err: 	at java.lang.reflect.Method.invoke(Native Method)
11-24 13:56:01.612  2250  2250 W System.err: 	at com.android.internal.os.ZygoteInit$MethodAndArgsCaller.run(ZygoteInit.java:865)
11-24 13:56:01.612  2250  2250 W System.err: 	at com.android.internal.os.ZygoteInit.main(ZygoteInit.java:755)
11-24 13:56:01.618  2250  2250 I MonitoringInstrumentation: Instrumentation Started!
11-24 13:56:01.622  2250  2250 I MonitoringInstrumentation: Setting context classloader to 'dalvik.system.PathClassLoader[DexPathList[[zip file "/system/framework/android.test.runner.jar", zip file "/data/app/br.com.catbag.gifreduxsample.test-1/base.apk", zip file "/data/app/br.com.catbag.gifreduxsample-1/base.apk"],nativeLibraryDirectories=[/data/app/br.com.catbag.gifreduxsample.test-1/lib/x86, /data/app/br.com.catbag.gifreduxsample-1/lib/x86, /system/fake-libs, /data/app/br.com.catbag.gifreduxsample.test-1/base.apk!/lib/x86, /data/app/br.com.catbag.gifreduxsample-1/base.apk!/lib/x86, /system/lib, /vendor/lib]]]', Original: 'dalvik.system.PathClassLoader[DexPathList[[zip file "/system/framework/android.test.runner.jar", zip file "/data/app/br.com.catbag.gifreduxsample.test-1/base.apk", zip file "/data/app/br.com.catbag.gifreduxsample-1/base.apk"],nativeLibraryDirectories=[/data/app/br.com.catbag.gifreduxsample.test-1/lib/x86, /data/app/br.com.catbag.gifreduxsample-1/lib/x86, /system/fake-libs, /data/app/br.com.catbag.gifreduxsample.test-1/base.apk!/lib/x86, /data/app/br.com.catbag.gifreduxsample-1/base.apk!/lib/x86, /system/lib, /vendor/lib]]]'
11-24 13:56:01.781  2250  2250 D NetworkSecurityConfig: No Network Security Config specified, using platform default
11-24 13:56:01.816  2250  2250 I MonitoringInstrumentation: No JSBridge.
11-24 13:56:01.849  2250  2265 I UsageTrackerFacilitator: Usage tracking enabled
11-24 13:56:01.852  2250  2265 I TestRequestBuilder: Scanning classpath to find tests in apks [/data/app/br.com.catbag.gifreduxsample.test-1/base.apk]
11-24 13:56:02.366  2250  2265 I art     : Rejecting re-init on previously-failed class java.lang.Class<org.objectweb.asm.commons.JSRInlinerAdapter>: java.lang.NoClassDefFoundError: Failed resolution of: Lorg/objectweb/asm/tree/MethodNode;
11-24 13:56:02.366  2250  2265 I art     :   at java.lang.Class java.lang.Class.classForName!(java.lang.String, boolean, java.lang.ClassLoader) (Class.java:-2)
11-24 13:56:02.366  2250  2265 I art     :   at java.lang.Class java.lang.Class.forName(java.lang.String, boolean, java.lang.ClassLoader) (Class.java:400)
11-24 13:56:02.366  2250  2265 I art     :   at java.lang.Class android.support.test.internal.runner.TestLoader.doLoadClass(java.lang.String) (TestLoader.java:92)
11-24 13:56:02.366  2250  2265 I art     :   at java.lang.Class android.support.test.internal.runner.TestLoader.loadIfTest(java.lang.String) (TestLoader.java:113)
11-24 13:56:02.366  2250  2265 I art     :   at void android.support.test.internal.runner.TestRequestBuilder.loadClassesFromClassPath(android.support.test.internal.runner.TestLoader, java.util.Set) (TestRequestBuilder.java:801)
11-24 13:56:02.366  2250  2265 I art     :   at android.support.test.internal.runner.TestRequest android.support.test.internal.runner.TestRequestBuilder.build() (TestRequestBuilder.java:747)
11-24 13:56:02.367  2250  2265 I art     :   at android.support.test.internal.runner.TestRequest android.support.test.runner.AndroidJUnitRunner.buildRequest(android.support.test.internal.runner.RunnerArgs, android.os.Bundle) (AndroidJUnitRunner.java:354)
11-24 13:56:02.367  2250  2265 I art     :   at void android.support.test.runner.AndroidJUnitRunner.onStart() (AndroidJUnitRunner.java:260)
11-24 13:56:02.367  2250  2265 I art     :   at void android.app.Instrumentation$InstrumentationThread.run() (Instrumentation.java:1932)
11-24 13:56:02.367  2250  2265 I art     : Caused by: java.lang.ClassNotFoundException: Didn't find class "org.objectweb.asm.tree.MethodNode" on path: DexPathList[[zip file "/system/framework/android.test.runner.jar", zip file "/data/app/br.com.catbag.gifreduxsample.test-1/base.apk", zip file "/data/app/br.com.catbag.gifreduxsample-1/base.apk"],nativeLibraryDirectories=[/data/app/br.com.catbag.gifreduxsample.test-1/lib/x86, /data/app/br.com.catbag.gifreduxsample-1/lib/x86, /system/fake-libs, /data/app/br.com.catbag.gifreduxsample.test-1/base.apk!/lib/x86, /data/app/br.com.catbag.gifreduxsample-1/base.apk!/lib/x86, /system/lib, /vendor/lib]]
11-24 13:56:02.367  2250  2265 I art     :   at java.lang.Class dalvik.system.BaseDexClassLoader.findClass(java.lang.String) (BaseDexClassLoader.java:56)
11-24 13:56:02.367  2250  2265 I art     :   at java.lang.Class java.lang.ClassLoader.loadClass(java.lang.String, boolean) (ClassLoader.java:380)
11-24 13:56:02.367  2250  2265 I art     :   at java.lang.Class java.lang.ClassLoader.loadClass(java.lang.String) (ClassLoader.java:312)
11-24 13:56:02.368  2250  2265 I art     :   at java.lang.Class java.lang.Class.classForName!(java.lang.String, boolean, java.lang.ClassLoader) (Class.java:-2)
11-24 13:56:02.368  2250  2265 I art     :   at java.lang.Class java.lang.Class.forName(java.lang.String, boolean, java.lang.ClassLoader) (Class.java:400)
11-24 13:56:02.368  2250  2265 I art     :   at java.lang.Class android.support.test.internal.runner.TestLoader.doLoadClass(java.lang.String) (TestLoader.java:92)
11-24 13:56:02.368  2250  2265 I art     :   at java.lang.Class android.support.test.internal.runner.TestLoader.loadIfTest(java.lang.String) (TestLoader.java:113)
11-24 13:56:02.368  2250  2265 I art     :   at void android.support.test.internal.runner.TestRequestBuilder.loadClassesFromClassPath(android.support.test.internal.runner.TestLoader, java.util.Set) (TestRequestBuilder.java:801)
11-24 13:56:02.368  2250  2265 I art     :   at android.support.test.internal.runner.TestRequest android.support.test.internal.runner.TestRequestBuilder.build() (TestRequestBuilder.java:747)
11-24 13:56:02.368  2250  2265 I art     :   at android.support.test.internal.runner.TestRequest android.support.test.runner.AndroidJUnitRunner.buildRequest(android.support.test.internal.runner.RunnerArgs, android.os.Bundle) (AndroidJUnitRunner.java:354)
11-24 13:56:02.369  2250  2265 I art     :   at void android.support.test.runner.AndroidJUnitRunner.onStart() (AndroidJUnitRunner.java:260)
11-24 13:56:02.369  2250  2265 I art     :   at void android.app.Instrumentation$InstrumentationThread.run() (Instrumentation.java:1932)
11-24 13:56:02.369  2250  2265 I art     : 
11-24 13:56:02.369  2250  2265 E TestLoader: Could not find class: org.objectweb.asm.commons.JSRInlinerAdapter
11-24 13:56:02.392  2250  2265 I art     : Rejecting re-init on previously-failed class java.lang.Class<org.objectweb.asm.commons.TryCatchBlockSorter>: java.lang.NoClassDefFoundError: Failed resolution of: Lorg/objectweb/asm/tree/MethodNode;
11-24 13:56:02.392  2250  2265 I art     :   at java.lang.Class java.lang.Class.classForName!(java.lang.String, boolean, java.lang.ClassLoader) (Class.java:-2)
11-24 13:56:02.392  2250  2265 I art     :   at java.lang.Class java.lang.Class.forName(java.lang.String, boolean, java.lang.ClassLoader) (Class.java:400)
11-24 13:56:02.393  2250  2265 I art     :   at java.lang.Class android.support.test.internal.runner.TestLoader.doLoadClass(java.lang.String) (TestLoader.java:92)
11-24 13:56:02.393  2250  2265 I art     :   at java.lang.Class android.support.test.internal.runner.TestLoader.loadIfTest(java.lang.String) (TestLoader.java:113)
11-24 13:56:02.393  2250  2265 I art     :   at void android.support.test.internal.runner.TestRequestBuilder.loadClassesFromClassPath(android.support.test.internal.runner.TestLoader, java.util.Set) (TestRequestBuilder.java:801)
11-24 13:56:02.393  2250  2265 I art     :   at android.support.test.internal.runner.TestRequest android.support.test.internal.runner.TestRequestBuilder.build() (TestRequestBuilder.java:747)
11-24 13:56:02.393  2250  2265 I art     :   at android.support.test.internal.runner.TestRequest android.support.test.runner.AndroidJUnitRunner.buildRequest(android.support.test.internal.runner.RunnerArgs, android.os.Bundle) (AndroidJUnitRunner.java:354)
11-24 13:56:02.393  2250  2265 I art     :   at void android.support.test.runner.AndroidJUnitRunner.onStart() (AndroidJUnitRunner.java:260)
11-24 13:56:02.393  2250  2265 I art     :   at void android.app.Instrumentation$InstrumentationThread.run() (Instrumentation.java:1932)
11-24 13:56:02.404  2250  2265 I art     : Caused by: java.lang.ClassNotFoundException: Didn't find class "org.objectweb.asm.tree.MethodNode" on path: DexPathList[[zip file "/system/framework/android.test.runner.jar", zip file "/data/app/br.com.catbag.gifreduxsample.test-1/base.apk", zip file "/data/app/br.com.catbag.gifreduxsample-1/base.apk"],nativeLibraryDirectories=[/data/app/br.com.catbag.gifreduxsample.test-1/lib/x86, /data/app/br.com.catbag.gifreduxsample-1/lib/x86, /system/fake-libs, /data/app/br.com.catbag.gifreduxsample.test-1/base.apk!/lib/x86, /data/app/br.com.catbag.gifreduxsample-1/base.apk!/lib/x86, /system/lib, /vendor/lib]]
11-24 13:56:02.404  2250  2265 I art     :   at java.lang.Class dalvik.system.BaseDexClassLoader.findClass(java.lang.String) (BaseDexClassLoader.java:56)
11-24 13:56:02.404  2250  2265 I art     :   at java.lang.Class java.lang.ClassLoader.loadClass(java.lang.String, boolean) (ClassLoader.java:380)
11-24 13:56:02.404  2250  2265 I art     :   at java.lang.Class java.lang.ClassLoader.loadClass(java.lang.String) (ClassLoader.java:312)
11-24 13:56:02.405  2250  2265 I art     :   at java.lang.Class java.lang.Class.classForName!(java.lang.String, boolean, java.lang.ClassLoader) (Class.java:-2)
11-24 13:56:02.405  2250  2265 I art     :   at java.lang.Class java.lang.Class.forName(java.lang.String, boolean, java.lang.ClassLoader) (Class.java:400)
11-24 13:56:02.405  2250  2265 I art     :   at java.lang.Class android.support.test.internal.runner.TestLoader.doLoadClass(java.lang.String) (TestLoader.java:92)
11-24 13:56:02.405  2250  2265 I art     :   at java.lang.Class android.support.test.internal.runner.TestLoader.loadIfTest(java.lang.String) (TestLoader.java:113)
11-24 13:56:02.405  2250  2265 I art     :   at void android.support.test.internal.runner.TestRequestBuilder.loadClassesFromClassPath(android.support.test.internal.runner.TestLoader, java.util.Set) (TestRequestBuilder.java:801)
11-24 13:56:02.405  2250  2265 I art     :   at android.support.test.internal.runner.TestRequest android.support.test.internal.runner.TestRequestBuilder.build() (TestRequestBuilder.java:747)
11-24 13:56:02.405  2250  2265 I art     :   at android.support.test.internal.runner.TestRequest android.support.test.runner.AndroidJUnitRunner.buildRequest(android.support.test.internal.runner.RunnerArgs, android.os.Bundle) (AndroidJUnitRunner.java:354)
11-24 13:56:02.406  2250  2265 I art     :   at void android.support.test.runner.AndroidJUnitRunner.onStart() (AndroidJUnitRunner.java:260)
11-24 13:56:02.406  2250  2265 I art     :   at void android.app.Instrumentation$InstrumentationThread.run() (Instrumentation.java:1932)
11-24 13:56:02.406  2250  2265 I art     : 
11-24 13:56:02.407  2250  2265 E TestLoader: Could not find class: org.objectweb.asm.commons.TryCatchBlockSorter
11-24 13:56:02.461  2250  2265 D TestExecutor: Adding listener android.support.test.internal.runner.listener.LogRunListener
11-24 13:56:02.461  2250  2265 D TestExecutor: Adding listener android.support.test.internal.runner.listener.InstrumentationResultPrinter
11-24 13:56:02.461  2250  2265 D TestExecutor: Adding listener android.support.test.internal.runner.listener.ActivityFinisherRunListener
11-24 13:56:02.462  2250  2265 D TestExecutor: Adding listener android.support.test.internal.runner.listener.CoverageListener
11-24 13:56:02.467  2250  2265 I TestRunner: run started: 15 tests
11-24 13:56:02.488  2250  2265 I TestRunner: started: whenAppStateSavedSeveralTime(br.com.catbag.gifreduxsample.asyncs.data.DataManagerTest)
11-24 13:56:02.492  2250  2250 I MonitoringInstrumentation: Activities that are still in CREATED to STOPPED: 0
11-24 13:56:02.533  2250  2261 I art     : Background sticky concurrent mark sweep GC freed 113418(4MB) AllocSpace objects, 0(0B) LOS objects, 27% free, 4MB/6MB, paused 6.258ms total 399.509ms
11-24 13:56:02.681  2250  2268 W Java7Support: Unable to load JDK7 types (annotations, java.nio.file.Path): no Java7 support added
11-24 13:56:03.049  2250  2261 I art     : Background partial concurrent mark sweep GC freed 67779(2MB) AllocSpace objects, 0(0B) LOS objects, 40% free, 3MB/5MB, paused 5.306ms total 91.101ms
11-24 13:56:03.058  2250  2265 I TestRunner: finished: whenAppStateSavedSeveralTime(br.com.catbag.gifreduxsample.asyncs.data.DataManagerTest)
11-24 13:56:03.060  2250  2250 I MonitoringInstrumentation: Activities that are still in CREATED to STOPPED: 0
11-24 13:56:03.061  2250  2265 I TestRunner: started: whenAppStateSavedOnceTime(br.com.catbag.gifreduxsample.asyncs.data.DataManagerTest)
11-24 13:56:03.062  2250  2250 I MonitoringInstrumentation: Activities that are still in CREATED to STOPPED: 0
11-24 13:56:03.321  2250  2265 I TestRunner: finished: whenAppStateSavedOnceTime(br.com.catbag.gifreduxsample.asyncs.data.DataManagerTest)
11-24 13:56:03.329  2250  2250 I MonitoringInstrumentation: Activities that are still in CREATED to STOPPED: 0
11-24 13:56:03.330  2250  2265 I TestRunner: started: whenUnsavedAppStateIsLoaded(br.com.catbag.gifreduxsample.asyncs.data.DataManagerTest)
11-24 13:56:03.332  2250  2250 I MonitoringInstrumentation: Activities that are still in CREATED to STOPPED: 0
11-24 13:56:03.421  2250  2273 E DataManager: appstate not loaded
11-24 13:56:03.421  2250  2273 E DataManager: com.snappydb.SnappydbException: Failed to get a String: NotFound: 
11-24 13:56:03.421  2250  2273 E DataManager: 	at com.snappydb.internal.DBImpl.__get(Native Method)
11-24 13:56:03.421  2250  2273 E DataManager: 	at com.snappydb.internal.DBImpl.get(DBImpl.java:348)
11-24 13:56:03.421  2250  2273 E DataManager: 	at br.com.catbag.gifreduxsample.asyncs.data.storage.Database.getAppState(Database.java:29)
11-24 13:56:03.421  2250  2273 E DataManager: 	at br.com.catbag.gifreduxsample.asyncs.data.DataManager.lambda$loadAppState$0(DataManager.java:61)
11-24 13:56:03.421  2250  2273 E DataManager: 	at br.com.catbag.gifreduxsample.asyncs.data.DataManager$$Lambda$1.run(Unknown Source)
11-24 13:56:03.421  2250  2273 E DataManager: 	at java.lang.Thread.run(Thread.java:761)
11-24 13:56:03.422  2250  2265 I TestRunner: finished: whenUnsavedAppStateIsLoaded(br.com.catbag.gifreduxsample.asyncs.data.DataManagerTest)
11-24 13:56:03.424  2250  2250 I MonitoringInstrumentation: Activities that are still in CREATED to STOPPED: 0
11-24 13:56:03.425  2250  2265 I TestRunner: started: whenSavedAppStateIsLoaded(br.com.catbag.gifreduxsample.asyncs.data.DataManagerTest)
11-24 13:56:03.427  2250  2250 I MonitoringInstrumentation: Activities that are still in CREATED to STOPPED: 0
11-24 13:56:03.663  2250  2265 I TestRunner: finished: whenSavedAppStateIsLoaded(br.com.catbag.gifreduxsample.asyncs.data.DataManagerTest)
11-24 13:56:03.675  2250  2250 I MonitoringInstrumentation: Activities that are still in CREATED to STOPPED: 0
11-24 13:56:03.695  2250  2265 I TestRunner: started: whenScrollDownAndPlayLastItemTest(br.com.catbag.gifreduxsample.ui.giflist.GifListActivityTest)
11-24 13:56:03.698  2250  2250 I MonitoringInstrumentation: Activities that are still in CREATED to STOPPED: 0
11-24 13:56:03.980  2278  2278 W dex2oat : Unexpected CPU variant for X86 using defaults: x86
11-24 13:56:03.980  2278  2278 W dex2oat : Mismatch between dex2oat instruction set features (ISA: X86 Feature string: smp,-ssse3,-sse4.1,-sse4.2,-avx,-avx2,-lock_add,-popcnt) and those of dex2oat executable (ISA: X86 Feature string: smp,ssse3,-sse4.1,-sse4.2,-avx,-avx2,-lock_add,-popcnt) for the command line:
11-24 13:56:03.980  2278  2278 W dex2oat : /system/bin/dex2oat --runtime-arg -classpath --runtime-arg & --instruction-set=x86 --instruction-set-features=smp,ssse3,-sse4.1,-sse4.2,-avx,-avx2,-lock_add,-popcnt --runtime-arg -Xrelocate --boot-image=/system/framework/boot.art --runtime-arg -Xms64m --runtime-arg -Xmx512m --instruction-set-variant=x86 --instruction-set-features=default --dex-file=/data/user/0/br.com.catbag.gifreduxsample/app_dxmaker_cache/Generated_1497766805.jar --oat-fd=38 --oat-location=/data/user/0/br.com.catbag.gifreduxsample/app_dxmaker_cache/Generated_1497766805.dex --compiler-filter=speed
11-24 13:56:03.981  2278  2278 I dex2oat : /system/bin/dex2oat --dex-file=/data/user/0/br.com.catbag.gifreduxsample/app_dxmaker_cache/Generated_1497766805.jar --oat-fd=38 --oat-location=/data/user/0/br.com.catbag.gifreduxsample/app_dxmaker_cache/Generated_1497766805.dex --compiler-filter=speed
11-24 13:56:04.048  2250  2261 I art     : Background sticky concurrent mark sweep GC freed 35322(1513KB) AllocSpace objects, 2(40KB) LOS objects, 31% free, 4MB/5MB, paused 4.706ms total 159.010ms
11-24 13:56:04.117  2278  2278 I dex2oat : dex2oat took 137.918ms (threads: 1) arena alloc=41KB (42016B) java alloc=28KB (28768B) native alloc=736KB (753768B) free=799KB (819096B)
11-24 13:56:04.158  1237  1249 D VoldConnector: SND -> {29 volume mkdirs /storage/emulated/0/Android/data/br.com.catbag.gifreduxsample/cache/}
11-24 13:56:04.168  1237  1279 D VoldConnector: RCV <- {200 29 Command succeeded}
11-24 13:56:04.180  2250  2266 I DroidFlux:Dispatcher: [STARTED] dispatch of action [FAKE_REDUCE_ACTION]
11-24 13:56:04.205  2250  2266 I DroidFlux:Dispatcher: [COMPLETED] dispatch of action [FAKE_REDUCE_ACTION]
11-24 13:56:04.220  2250  2277 D ActivityTestRule: Launching activity br.com.catbag.gifreduxsample.ui.GifListActivity
11-24 13:56:04.228  2250  2280 D MonitoringInstrumentation: execStartActivity(context, ibinder, ibinder, activity, intent, int, bundle
11-24 13:56:04.231  1237  1248 I ActivityManager: START u0 {flg=0x14000000 cmp=br.com.catbag.gifreduxsample/.ui.GifListActivity} from uid 10060 on display 0
11-24 13:56:04.494  2250  2250 D LifecycleMonitor: Lifecycle status change: br.com.catbag.gifreduxsample.ui.GifListActivity@e1c4024 in: PRE_ON_CREATE
11-24 13:56:04.687  1237  1258 I Choreographer: Skipped 34 frames!  The application may be doing too much work on its main thread.
11-24 13:56:05.038  2250  2250 D LifecycleMonitor: Lifecycle status change: br.com.catbag.gifreduxsample.ui.GifListActivity@e1c4024 in: CREATED
11-24 13:56:05.050  2250  2266 I DroidFlux:Dispatcher: [STARTED] dispatch of action [APP_STATE_LOAD]
11-24 13:56:05.051  2250  2266 D DroidFlux:Dispatcher: An action of type [APP_STATE_LOAD] was dispatched, but no reducer handled it
11-24 13:56:05.052  2250  2266 I DroidFlux:Dispatcher: [COMPLETED] dispatch of action [APP_STATE_LOAD]
11-24 13:56:05.052  2250  2250 D LifecycleMonitor: Lifecycle status change: br.com.catbag.gifreduxsample.ui.GifListActivity@e1c4024 in: STARTED
11-24 13:56:05.067  2250  2250 D LifecycleMonitor: Lifecycle status change: br.com.catbag.gifreduxsample.ui.GifListActivity@e1c4024 in: RESUMED
11-24 13:56:05.413  1831  1831 I Choreographer: Skipped 72 frames!  The application may be doing too much work on its main thread.
11-24 13:56:05.511  1237  1342 I WindowManager: Destroying surface Surface(name=com.android.launcher3/com.android.launcher3.Launcher) called by com.android.server.wm.WindowStateAnimator.destroySurface:2014 com.android.server.wm.WindowStateAnimator.destroySurfaceLocked:881 com.android.server.wm.WindowState.destroyOrSaveSurface:2073 com.android.server.wm.WindowManagerService.tryStartExitingAnimation:3017 com.android.server.wm.WindowManagerService.relayoutWindow:2897 com.android.server.wm.Session.relayout:215 android.view.IWindowSession$Stub.onTransact:286 com.android.server.wm.Session.onTransact:136 
11-24 13:56:05.692  2250  2250 D gralloc_ranchu: Emulator without host-side GPU emulation detected.
11-24 13:56:05.776  1237  1258 I ActivityManager: Displayed br.com.catbag.gifreduxsample/.ui.GifListActivity: +1s360ms
11-24 13:56:05.837  2250  2277 D InputManagerEventInjectionStrategy: Creating injection strategy with input manager.
11-24 13:56:05.975  2250  2250 W ResourceType: No package identifier when getting name for resource number 0x00000001
11-24 13:56:05.977  2250  2250 I ViewInteraction: Performing 'scroll RecyclerView to position: 4' action on view with id: 1 (resource name not found)
11-24 13:56:06.001  1237  1258 I WindowManager: Destroying surface Surface(name=Starting br.com.catbag.gifreduxsample) called by com.android.server.wm.WindowStateAnimator.destroySurface:2014 com.android.server.wm.WindowStateAnimator.destroySurfaceLocked:881 com.android.server.wm.WindowState.destroyOrSaveSurface:2073 com.android.server.wm.AppWindowToken.destroySurfaces:363 com.android.server.wm.WindowStateAnimator.finishExit:565 com.android.server.wm.WindowStateAnimator.stepAnimationLocked:491 com.android.server.wm.WindowAnimator.updateWindowsLocked:303 com.android.server.wm.WindowAnimator.animateLocked:704 
11-24 13:56:06.109  2250  2261 I art     : Background partial concurrent mark sweep GC freed 6931(606KB) AllocSpace objects, 0(0B) LOS objects, 39% free, 5MB/9MB, paused 6.470ms total 120.909ms
11-24 13:56:06.390  2250  2250 W ResourceType: No package identifier when getting name for resource number 0x00000001
11-24 13:56:06.398  2250  2255 I art     : Do partial code cache collection, code=24KB, data=30KB
11-24 13:56:06.399  2250  2255 I art     : After code cache collection, code=24KB, data=30KB
11-24 13:56:06.399  2250  2255 I art     : Increasing code cache capacity to 128KB
11-24 13:56:06.422  2250  2250 W ResourceType: No package identifier when getting name for resource number 0x00000004
11-24 13:56:06.423  2250  2250 I ViewInteraction: Performing 'single click' action on view with id: 4 (resource name not found)
11-24 13:56:06.635  2250  2266 I DroidFlux:Dispatcher: [STARTED] dispatch of action [GIF_PLAY]
11-24 13:56:06.637  2250  2266 I DroidFlux:Dispatcher: [COMPLETED] dispatch of action [GIF_PLAY]
11-24 13:56:06.753  1237  1311 W AudioTrack: AUDIO_OUTPUT_FLAG_FAST denied by client; transfer 4, track 48000 Hz, output 44100 Hz
11-24 13:56:06.916   988  1030 D AudioFlinger: mixer(0xb2b03940) throttle end: throttle time(11)
11-24 13:56:06.935   988  1030 D AudioFlinger: mixer(0xb2b03940) throttle end: throttle time(10)
11-24 13:56:07.340  2250  2250 D LifecycleMonitor: Lifecycle status change: br.com.catbag.gifreduxsample.ui.GifListActivity@e1c4024 in: PAUSED
11-24 13:56:07.380  2250  2265 I TestRunner: finished: whenScrollDownAndPlayLastItemTest(br.com.catbag.gifreduxsample.ui.giflist.GifListActivityTest)
11-24 13:56:07.399   978   978 D gralloc : Registering a buffer in the process that created it. This may cause memory ordering problems.
11-24 13:56:07.400   978   978 E libEGL  : called unimplemented OpenGL ES API
11-24 13:56:07.400   978   978 E SurfaceFlinger: glCheckFramebufferStatusOES error -1439337609
11-24 13:56:07.401   978   978 E SurfaceFlinger: got GL_FRAMEBUFFER_COMPLETE_OES error while taking screenshot
11-24 13:56:07.405  1237  1343 W WindowManager: Screenshot failure taking screenshot for (480x800) to layer 21005
11-24 13:56:07.452  1237  1322 W art     : Long monitor contention with owner ActivityManager (1251) at void com.android.server.am.ActivityManagerService$MainHandler.handleMessage(android.os.Message)(ActivityManagerService.java:2304) waiters=1 in void com.android.server.am.TaskPersister.removeObsoleteFiles(android.util.ArraySet) for 102ms
11-24 13:56:07.455  1237  1322 E TaskPersister: File error accessing recents directory (directory doesn't exist?).
11-24 13:56:07.457  2250  2250 I MonitoringInstrumentation: Activities that are still in CREATED to STOPPED: 1
11-24 13:56:07.458  2250  2265 I TestRunner: started: whenGifIsNotWatchedTest(br.com.catbag.gifreduxsample.ui.giflist.GifListActivityTest)
11-24 13:56:07.471  2250  2250 I MonitoringInstrumentation: Activities that are still in CREATED to STOPPED: 1
11-24 13:56:07.592  2250  2266 I DroidFlux:Dispatcher: [STARTED] dispatch of action [FAKE_REDUCE_ACTION]
11-24 13:56:07.592  2250  2266 I DroidFlux:Dispatcher: [COMPLETED] dispatch of action [FAKE_REDUCE_ACTION]
11-24 13:56:07.628  1831  1831 I Choreographer: Skipped 30 frames!  The application may be doing too much work on its main thread.
11-24 13:56:07.665  2250  2284 D ActivityTestRule: Launching activity br.com.catbag.gifreduxsample.ui.GifListActivity
11-24 13:56:07.667  2250  2287 D MonitoringInstrumentation: execStartActivity(context, ibinder, ibinder, activity, intent, int, bundle
11-24 13:56:07.668  1237  1775 I ActivityManager: START u0 {flg=0x10000000 cmp=br.com.catbag.gifreduxsample/.ui.GifListActivity} from uid 10060 on display 0
11-24 13:56:07.840  1831  1831 I Choreographer: Skipped 55 frames!  The application may be doing too much work on its main thread.
11-24 13:56:07.916  2250  2250 D LifecycleMonitor: Lifecycle status change: br.com.catbag.gifreduxsample.ui.GifListActivity@d7fb8ac in: PRE_ON_CREATE
11-24 13:56:07.946  2250  2250 D LifecycleMonitor: Lifecycle status change: br.com.catbag.gifreduxsample.ui.GifListActivity@d7fb8ac in: CREATED
11-24 13:56:07.946  2250  2266 I DroidFlux:Dispatcher: [STARTED] dispatch of action [APP_STATE_LOAD]
11-24 13:56:07.947  2250  2266 D DroidFlux:Dispatcher: An action of type [APP_STATE_LOAD] was dispatched, but no reducer handled it
11-24 13:56:07.948  2250  2266 I DroidFlux:Dispatcher: [COMPLETED] dispatch of action [APP_STATE_LOAD]
11-24 13:56:07.948  2250  2250 D LifecycleMonitor: Lifecycle status change: br.com.catbag.gifreduxsample.ui.GifListActivity@d7fb8ac in: STARTED
11-24 13:56:07.950  2250  2250 D LifecycleMonitor: Lifecycle status change: br.com.catbag.gifreduxsample.ui.GifListActivity@d7fb8ac in: RESUMED
11-24 13:56:07.999  1237  1342 I WindowManager: Destroying surface Surface(name=com.android.launcher3/com.android.launcher3.Launcher) called by com.android.server.wm.WindowStateAnimator.destroySurface:2014 com.android.server.wm.WindowStateAnimator.destroySurfaceLocked:881 com.android.server.wm.WindowState.destroyOrSaveSurface:2073 com.android.server.wm.WindowManagerService.tryStartExitingAnimation:3017 com.android.server.wm.WindowManagerService.relayoutWindow:2897 com.android.server.wm.Session.relayout:215 android.view.IWindowSession$Stub.onTransact:286 com.android.server.wm.Session.onTransact:136 
11-24 13:56:08.089  1237  1258 I Choreographer: Skipped 32 frames!  The application may be doing too much work on its main thread.
11-24 13:56:08.236  2250  2250 E Feed    : Gif{uuid=49bac378-79da-42db-ae5c-a3341ccaed55, path=, url=, title=, watched=false, status=DOWNLOADED}
11-24 13:56:08.236  2250  2250 E Feed    : pl.droidsonroids.gif.GifIOException: GifError 101: Failed to open given input
11-24 13:56:08.236  2250  2250 E Feed    : 	at pl.droidsonroids.gif.GifInfoHandle.openFile(Native Method)
11-24 13:56:08.236  2250  2250 E Feed    : 	at pl.droidsonroids.gif.GifInfoHandle.<init>(GifInfoHandle.java:46)
11-24 13:56:08.236  2250  2250 E Feed    : 	at pl.droidsonroids.gif.GifDrawable.<init>(GifDrawable.java:124)
11-24 13:56:08.236  2250  2250 E Feed    : 	at br.com.catbag.gifreduxsample.ui.components.FeedView.createDrawable(FeedView.java:102)
11-24 13:56:08.236  2250  2250 E Feed    : 	at br.com.catbag.gifreduxsample.ui.components.FeedView.lambda$renderGifView$1(FeedView.java:89)
11-24 13:56:08.236  2250  2250 E Feed    : 	at br.com.catbag.gifreduxsample.ui.components.FeedView$$Lambda$2.view(Unknown Source)
11-24 13:56:08.236  2250  2250 E Feed    : 	at trikita.anvil.BaseDSL.v(BaseDSL.java:670)
11-24 13:56:08.236  2250  2250 E Feed    : 	at br.com.catbag.gifreduxsample.ui.components.FeedView.renderGifView(FeedView.java:88)
11-24 13:56:08.236  2250  2250 E Feed    : 	at br.com.catbag.gifreduxsample.ui.components.FeedView.access$lambda$0(FeedView.java)
11-24 13:56:08.236  2250  2250 E Feed    : 	at br.com.catbag.gifreduxsample.ui.components.FeedView$$Lambda$3.view(Unknown Source)
11-24 13:56:08.236  2250  2250 E Feed    : 	at br.com.catbag.gifreduxsample.ui.components.GifsAdapter.view(GifsAdapter.java:55)
11-24 13:56:08.236  2250  2250 E Feed    : 	at trikita.anvil.RenderableRecyclerViewAdapter$1.view(RenderableRecyclerViewAdapter.java:24)
11-24 13:56:08.236  2250  2250 E Feed    : 	at trikita.anvil.Anvil$Mount.render(Anvil.java:204)
11-24 13:56:08.236  2250  2250 E Feed    : 	at trikita.anvil.Anvil.render(Anvil.java:173)
11-24 13:56:08.236  2250  2250 E Feed    : 	at trikita.anvil.RenderableRecyclerViewAdapter.onBindViewHolder(RenderableRecyclerViewAdapter.java:27)
11-24 13:56:08.236  2250  2250 E Feed    : 	at trikita.anvil.RenderableRecyclerViewAdapter.onBindViewHolder(RenderableRecyclerViewAdapter.java:7)
11-24 13:56:08.236  2250  2250 E Feed    : 	at android.support.v7.widget.RecyclerView$Adapter.onBindViewHolder(RecyclerView.java:5768)
11-24 13:56:08.236  2250  2250 E Feed    : 	at android.support.v7.widget.RecyclerView$Adapter.bindViewHolder(RecyclerView.java:5801)
11-24 13:56:08.236  2250  2250 E Feed    : 	at android.support.v7.widget.RecyclerView$Recycler.getViewForPosition(RecyclerView.java:5037)
11-24 13:56:08.236  2250  2250 E Feed    : 	at android.support.v7.widget.RecyclerView$Recycler.getViewForPosition(RecyclerView.java:4913)
11-24 13:56:08.236  2250  2250 E Feed    : 	at android.support.v7.widget.LinearLayoutManager$LayoutState.next(LinearLayoutManager.java:2029)
11-24 13:56:08.236  2250  2250 E Feed    : 	at android.support.v7.widget.LinearLayoutManager.layoutChunk(LinearLayoutManager.java:1414)
