11-24 14:15:20.356  2243  2243 W IInputConnectionWrapper: reportFullscreenMode on inexistent InputConnection
11-24 14:15:20.359  2243  2259 I TestRunner: started: whenScrollUpAndPlayFirstItemTest(br.com.catbag.gifreduxsample.ui.giflist.GifListActivityTest)
11-24 14:15:20.369  1237  1258 I Choreographer: Skipped 48 frames!  The application may be doing too much work on its main thread.
11-24 14:15:20.383  2243  2243 I MonitoringInstrumentation: Activities that are still in CREATED to STOPPED: 1
11-24 14:15:20.400  1237  1258 I WindowManager: Destroying surface Surface(name=Starting br.com.catbag.gifreduxsample) called by com.android.server.wm.WindowStateAnimator.destroySurface:2014 com.android.server.wm.WindowStateAnimator.destroySurfaceLocked:881 com.android.server.wm.WindowState.removeLocked:1449 com.android.server.wm.WindowManagerService.removeWindowInnerLocked:2478 com.android.server.wm.AppWindowToken.destroySurfaces:365 com.android.server.wm.WindowStateAnimator.finishExit:565 com.android.server.wm.WindowStateAnimator.stepAnimationLocked:491 com.android.server.wm.WindowAnimator.updateWindowsLocked:303 
11-24 14:15:20.422  1237  1249 I ActivityManager: Activity reported stop, but no longer stopping: ActivityRecord{c2a2d76 u0 com.android.launcher3/.Launcher t3}
11-24 14:15:20.438  2243  2260 I DroidFlux:Dispatcher: [STARTED] dispatch of action [FAKE_REDUCE_ACTION]
11-24 14:15:20.439  2243  2260 I DroidFlux:Dispatcher: [COMPLETED] dispatch of action [FAKE_REDUCE_ACTION]
11-24 14:15:20.442  2243  2289 D ActivityTestRule: Launching activity br.com.catbag.gifreduxsample.ui.GifListActivity
11-24 14:15:20.444  2243  2290 D MonitoringInstrumentation: execStartActivity(context, ibinder, ibinder, activity, intent, int, bundle
11-24 14:15:20.445  1237  1248 I ActivityManager: START u0 {flg=0x10000000 cmp=br.com.catbag.gifreduxsample/.ui.GifListActivity} from uid 10060 on display 0
11-24 14:15:20.506  1237  1258 I WindowManager: Destroying surface Surface(name=br.com.catbag.gifreduxsample/br.com.catbag.gifreduxsample.ui.GifListActivity) called by com.android.server.wm.WindowStateAnimator.destroySurface:2014 com.android.server.wm.WindowStateAnimator.destroySurfaceLocked:881 com.android.server.wm.WindowState.removeLocked:1449 com.android.server.wm.WindowManagerService.removeWindowInnerLocked:2478 com.android.server.wm.AppWindowToken.destroySurfaces:365 com.android.server.wm.WindowStateAnimator.finishExit:565 com.android.server.wm.AppWindowAnimator.stepAnimationLocked:427 com.android.server.wm.WindowAnimator.updateAppWindowsLocked:196 
11-24 14:15:20.565  1237  1249 D WindowManager: relayoutVisibleWindow: Window{1c47cd7 u0 com.android.launcher3/com.android.launcher3.Launcher EXITING} mAnimatingExit=true, mRemoveOnExit=false, mDestroying=false
11-24 14:15:20.709  2243  2243 D LifecycleMonitor: Lifecycle status change: br.com.catbag.gifreduxsample.ui.GifListActivity@1027927 in: PRE_ON_CREATE
11-24 14:15:20.769  2243  2243 D LifecycleMonitor: Lifecycle status change: br.com.catbag.gifreduxsample.ui.GifListActivity@1027927 in: CREATED
11-24 14:15:20.770  2243  2260 I DroidFlux:Dispatcher: [STARTED] dispatch of action [APP_STATE_LOAD]
11-24 14:15:20.771  2243  2260 D DroidFlux:Dispatcher: An action of type [APP_STATE_LOAD] was dispatched, but no reducer handled it
11-24 14:15:20.771  2243  2260 I DroidFlux:Dispatcher: [COMPLETED] dispatch of action [APP_STATE_LOAD]
11-24 14:15:20.772  2243  2243 D LifecycleMonitor: Lifecycle status change: br.com.catbag.gifreduxsample.ui.GifListActivity@1027927 in: STARTED
11-24 14:15:20.773  2243  2243 D LifecycleMonitor: Lifecycle status change: br.com.catbag.gifreduxsample.ui.GifListActivity@1027927 in: RESUMED
11-24 14:15:20.881  2243  2243 D LifecycleMonitor: Lifecycle status change: br.com.catbag.gifreduxsample.ui.GifListActivity@32e636b in: STOPPED
11-24 14:15:20.882  2243  2243 D LifecycleMonitor: Lifecycle status change: br.com.catbag.gifreduxsample.ui.GifListActivity@32e636b in: DESTROYED
11-24 14:15:20.894  2243  2243 I Choreographer: Skipped 30 frames!  The application may be doing too much work on its main thread.
11-24 14:15:20.952  1237  1258 I WindowManager: Destroying surface Surface(name=br.com.catbag.gifreduxsample/br.com.catbag.gifreduxsample.ui.GifListActivity) called by com.android.server.wm.WindowStateAnimator.destroySurface:2014 com.android.server.wm.WindowStateAnimator.destroySurfaceLocked:881 com.android.server.wm.WindowState.destroyOrSaveSurface:2073 com.android.server.wm.AppWindowToken.destroySurfaces:363 com.android.server.wm.WindowStateAnimator.finishExit:565 com.android.server.wm.AppWindowAnimator.stepAnimationLocked:427 com.android.server.wm.WindowAnimator.updateAppWindowsLocked:176 com.android.server.wm.WindowAnimator.animateLocked:678 
11-24 14:15:21.126  1237  1258 I ActivityManager: Displayed br.com.catbag.gifreduxsample/.ui.GifListActivity: +511ms
11-24 14:15:21.139  2243  2243 W ResourceType: No package identifier when getting name for resource number 0x000000e9
11-24 14:15:21.139  2243  2243 I ViewInteraction: Performing 'scroll RecyclerView to position: 4' action on view with id: 233 (resource name not found)
11-24 14:15:21.375  1237  1258 I WindowManager: Destroying surface Surface(name=Starting br.com.catbag.gifreduxsample) called by com.android.server.wm.WindowStateAnimator.destroySurface:2014 com.android.server.wm.WindowStateAnimator.destroySurfaceLocked:881 com.android.server.wm.WindowState.destroyOrSaveSurface:2073 com.android.server.wm.AppWindowToken.destroySurfaces:363 com.android.server.wm.WindowStateAnimator.finishExit:565 com.android.server.wm.WindowStateAnimator.stepAnimationLocked:491 com.android.server.wm.WindowAnimator.updateWindowsLocked:303 com.android.server.wm.WindowAnimator.animateLocked:704 
11-24 14:15:21.499  2243  2243 W ResourceType: No package identifier when getting name for resource number 0x000000e9
11-24 14:15:21.525  2243  2243 W ResourceType: No package identifier when getting name for resource number 0x000000ea
11-24 14:15:21.525  2243  2243 I ViewInteraction: Performing 'actionOnItemAtPosition performing ViewAction: single click on item at position: 0' action on view with id: 234 (resource name not found)
11-24 14:15:21.550  1237  1366 I WindowManager: Destroying surface Surface(name=com.android.launcher3/com.android.launcher3.Launcher) called by com.android.server.wm.WindowStateAnimator.destroySurface:2014 com.android.server.wm.WindowStateAnimator.destroySurfaceLocked:881 com.android.server.wm.WindowState.destroyOrSaveSurface:2073 com.android.server.wm.AppWindowToken.destroySurfaces:363 com.android.server.wm.AppWindowToken.notifyAppStopped:389 com.android.server.wm.WindowManagerService.notifyAppStopped:4456 com.android.server.am.ActivityStack.activityStoppedLocked:1252 com.android.server.am.ActivityManagerService.activityStopped:6873 
11-24 14:15:21.687  2243  2260 I DroidFlux:Dispatcher: [STARTED] dispatch of action [GIF_PLAY]
11-24 14:15:21.688  2243  2260 I DroidFlux:Dispatcher: [COMPLETED] dispatch of action [GIF_PLAY]
11-24 14:15:21.738   986  1037 D AudioFlinger: mixer(0xac803bc0) throttle end: throttle time(11)
11-24 14:15:21.757   986  1037 D AudioFlinger: mixer(0xac803bc0) throttle end: throttle time(11)
11-24 14:15:21.801  2243  2254 I art     : Background partial concurrent mark sweep GC freed 12942(865KB) AllocSpace objects, 11(2MB) LOS objects, 29% free, 9MB/13MB, paused 9.583ms total 292.307ms
11-24 14:15:22.281  2243  2243 D LifecycleMonitor: Lifecycle status change: br.com.catbag.gifreduxsample.ui.GifListActivity@1027927 in: PAUSED
11-24 14:15:22.302  2243  2259 I TestRunner: finished: whenScrollUpAndPlayFirstItemTest(br.com.catbag.gifreduxsample.ui.giflist.GifListActivityTest)
11-24 14:15:22.370   978   978 D gralloc : Registering a buffer in the process that created it. This may cause memory ordering problems.
11-24 14:15:22.370   978   978 E libEGL  : called unimplemented OpenGL ES API
11-24 14:15:22.371   978   978 E SurfaceFlinger: glCheckFramebufferStatusOES error 154783791
11-24 14:15:22.371   978   978 E SurfaceFlinger: got GL_FRAMEBUFFER_COMPLETE_OES error while taking screenshot
11-24 14:15:22.373  1237  1484 W WindowManager: Screenshot failure taking screenshot for (480x800) to layer 21005
11-24 14:15:22.391  2243  2243 I MonitoringInstrumentation: Activities that are still in CREATED to STOPPED: 1
11-24 14:15:22.392  2243  2259 I TestRunner: started: whenGifIsDownloadedTest(br.com.catbag.gifreduxsample.ui.giflist.GifListActivityTest)
11-24 14:15:22.459  2243  2243 I MonitoringInstrumentation: Activities that are still in CREATED to STOPPED: 1
11-24 14:15:22.491  2243  2260 I DroidFlux:Dispatcher: [STARTED] dispatch of action [FAKE_REDUCE_ACTION]
11-24 14:15:22.492  2243  2260 I DroidFlux:Dispatcher: [COMPLETED] dispatch of action [FAKE_REDUCE_ACTION]
11-24 14:15:22.494  2243  2291 D ActivityTestRule: Launching activity br.com.catbag.gifreduxsample.ui.GifListActivity
11-24 14:15:22.495  2243  2292 D MonitoringInstrumentation: execStartActivity(context, ibinder, ibinder, activity, intent, int, bundle
11-24 14:15:22.531  1237  1249 I ActivityManager: START u0 {flg=0x10000000 cmp=br.com.catbag.gifreduxsample/.ui.GifListActivity} from uid 10060 on display 0
11-24 14:15:22.656  2243  2243 D LifecycleMonitor: Lifecycle status change: br.com.catbag.gifreduxsample.ui.GifListActivity@e1d42eb in: PRE_ON_CREATE
11-24 14:15:22.724  2243  2243 D LifecycleMonitor: Lifecycle status change: br.com.catbag.gifreduxsample.ui.GifListActivity@e1d42eb in: CREATED
11-24 14:15:22.725  2243  2260 I DroidFlux:Dispatcher: [STARTED] dispatch of action [APP_STATE_LOAD]
11-24 14:15:22.725  2243  2260 D DroidFlux:Dispatcher: An action of type [APP_STATE_LOAD] was dispatched, but no reducer handled it
11-24 14:15:22.725  2243  2260 I DroidFlux:Dispatcher: [COMPLETED] dispatch of action [APP_STATE_LOAD]
11-24 14:15:22.726  2243  2243 D LifecycleMonitor: Lifecycle status change: br.com.catbag.gifreduxsample.ui.GifListActivity@e1d42eb in: STARTED
11-24 14:15:22.768  2243  2243 D LifecycleMonitor: Lifecycle status change: br.com.catbag.gifreduxsample.ui.GifListActivity@e1d42eb in: RESUMED
11-24 14:15:22.822  1237  1484 I WindowManager: Destroying surface Surface(name=com.android.launcher3/com.android.launcher3.Launcher) called by com.android.server.wm.WindowStateAnimator.destroySurface:2014 com.android.server.wm.WindowStateAnimator.destroySurfaceLocked:881 com.android.server.wm.WindowState.destroyOrSaveSurface:2073 com.android.server.wm.WindowManagerService.tryStartExitingAnimation:3017 com.android.server.wm.WindowManagerService.relayoutWindow:2897 com.android.server.wm.Session.relayout:215 android.view.IWindowSession$Stub.onTransact:286 com.android.server.wm.Session.onTransact:136 
11-24 14:15:22.870  1237  1258 I Choreographer: Skipped 32 frames!  The application may be doing too much work on its main thread.
11-24 14:15:22.907  2243  2243 D LifecycleMonitor: Lifecycle status change: br.com.catbag.gifreduxsample.ui.GifListActivity@1027927 in: STOPPED
11-24 14:15:22.908  2243  2243 D LifecycleMonitor: Lifecycle status change: br.com.catbag.gifreduxsample.ui.GifListActivity@1027927 in: DESTROYED
11-24 14:15:22.985  2243  2243 D LifecycleMonitor: Lifecycle status change: br.com.catbag.gifreduxsample.ui.GifListActivity@e1d42eb in: PAUSED
11-24 14:15:23.005  2243  2259 I TestRunner: finished: whenGifIsDownloadedTest(br.com.catbag.gifreduxsample.ui.giflist.GifListActivityTest)
11-24 14:15:23.025   978   978 D gralloc : Registering a buffer in the process that created it. This may cause memory ordering problems.
11-24 14:15:23.025   978   978 E SurfaceFlinger: glCheckFramebufferStatusOES error 154783791
11-24 14:15:23.026   978   978 E SurfaceFlinger: got GL_FRAMEBUFFER_COMPLETE_OES error while taking screenshot
11-24 14:15:23.031  1237  1791 W WindowManager: Screenshot failure taking screenshot for (480x800) to layer 22020
11-24 14:15:23.054  1237  1249 I ActivityManager: Activity reported stop, but no longer stopping: ActivityRecord{c2a2d76 u0 com.android.launcher3/.Launcher t3}
11-24 14:15:23.057  1237  1258 I Choreographer: Skipped 31 frames!  The application may be doing too much work on its main thread.
11-24 14:15:23.074  2243  2243 I MonitoringInstrumentation: Activities that are still in CREATED to STOPPED: 1
11-24 14:15:23.075  2243  2259 I TestRunner: started: whenPlayGifTest(br.com.catbag.gifreduxsample.ui.giflist.GifListActivityTest)
11-24 14:15:23.090  2243  2243 I MonitoringInstrumentation: Activities that are still in CREATED to STOPPED: 1
11-24 14:15:23.250  2243  2260 I DroidFlux:Dispatcher: [STARTED] dispatch of action [FAKE_REDUCE_ACTION]
11-24 14:15:23.251  2243  2260 I DroidFlux:Dispatcher: [COMPLETED] dispatch of action [FAKE_REDUCE_ACTION]
11-24 14:15:23.272  1237  1258 I WindowManager: Destroying surface Surface(name=Starting br.com.catbag.gifreduxsample) called by com.android.server.wm.WindowStateAnimator.destroySurface:2014 com.android.server.wm.WindowStateAnimator.destroySurfaceLocked:881 com.android.server.wm.WindowState.removeLocked:1449 com.android.server.wm.WindowManagerService.removeWindowInnerLocked:2478 com.android.server.wm.AppWindowToken.destroySurfaces:365 com.android.server.wm.WindowStateAnimator.finishExit:565 com.android.server.wm.WindowStateAnimator.stepAnimationLocked:491 com.android.server.wm.WindowAnimator.updateWindowsLocked:303 
11-24 14:15:23.301  1237  1258 I WindowManager: Destroying surface Surface(name=br.com.catbag.gifreduxsample/br.com.catbag.gifreduxsample.ui.GifListActivity) called by com.android.server.wm.WindowStateAnimator.destroySurface:2014 com.android.server.wm.WindowStateAnimator.destroySurfaceLocked:881 com.android.server.wm.WindowState.removeLocked:1449 com.android.server.wm.WindowManagerService.removeWindowInnerLocked:2478 com.android.server.wm.AppWindowToken.destroySurfaces:365 com.android.server.wm.WindowStateAnimator.finishExit:565 com.android.server.wm.WindowStateAnimator.stepAnimationLocked:491 com.android.server.wm.WindowAnimator.updateWindowsLocked:303 
11-24 14:15:23.380  2243  2293 D ActivityTestRule: Launching activity br.com.catbag.gifreduxsample.ui.GifListActivity
11-24 14:15:23.398  2243  2294 D MonitoringInstrumentation: execStartActivity(context, ibinder, ibinder, activity, intent, int, bundle
11-24 14:15:23.399  1237  1248 I ActivityManager: START u0 {flg=0x10000000 cmp=br.com.catbag.gifreduxsample/.ui.GifListActivity} from uid 10060 on display 0
11-24 14:15:23.465  2243  2243 D LifecycleMonitor: Lifecycle status change: br.com.catbag.gifreduxsample.ui.GifListActivity@7ce0566 in: PRE_ON_CREATE
11-24 14:15:23.525  2243  2243 D LifecycleMonitor: Lifecycle status change: br.com.catbag.gifreduxsample.ui.GifListActivity@7ce0566 in: CREATED
11-24 14:15:23.525  2243  2243 D LifecycleMonitor: Lifecycle status change: br.com.catbag.gifreduxsample.ui.GifListActivity@7ce0566 in: STARTED
11-24 14:15:23.528  2243  2260 I DroidFlux:Dispatcher: [STARTED] dispatch of action [APP_STATE_LOAD]
11-24 14:15:23.528  2243  2260 D DroidFlux:Dispatcher: An action of type [APP_STATE_LOAD] was dispatched, but no reducer handled it
11-24 14:15:23.528  2243  2260 I DroidFlux:Dispatcher: [COMPLETED] dispatch of action [APP_STATE_LOAD]
11-24 14:15:23.598  2243  2243 D LifecycleMonitor: Lifecycle status change: br.com.catbag.gifreduxsample.ui.GifListActivity@7ce0566 in: RESUMED
11-24 14:15:23.779  1237  1247 I art     : Background sticky concurrent mark sweep GC freed 31954(2MB) AllocSpace objects, 10(200KB) LOS objects, 27% free, 7MB/10MB, paused 18.386ms total 472.525ms
11-24 14:15:23.806  1694  1694 I Choreographer: Skipped 51 frames!  The application may be doing too much work on its main thread.
11-24 14:15:23.814  2243  2243 I ViewInteraction: Performing 'single click' action on view with id: br.com.catbag.gifreduxsample:id/gif_image
11-24 14:15:23.893  1237  1258 I ActivityManager: Displayed br.com.catbag.gifreduxsample/.ui.GifListActivity: +441ms (total +1s337ms)
11-24 14:15:23.915  2243  2260 I DroidFlux:Dispatcher: [STARTED] dispatch of action [GIF_PLAY]
11-24 14:15:23.916  2243  2260 I DroidFlux:Dispatcher: [COMPLETED] dispatch of action [GIF_PLAY]
11-24 14:15:24.174  1237  1258 I WindowManager: Destroying surface Surface(name=Starting br.com.catbag.gifreduxsample) called by com.android.server.wm.WindowStateAnimator.destroySurface:2014 com.android.server.wm.WindowStateAnimator.destroySurfaceLocked:881 com.android.server.wm.WindowState.destroyOrSaveSurface:2073 com.android.server.wm.AppWindowToken.destroySurfaces:363 com.android.server.wm.WindowStateAnimator.finishExit:565 com.android.server.wm.WindowStateAnimator.stepAnimationLocked:491 com.android.server.wm.WindowAnimator.updateWindowsLocked:303 com.android.server.wm.WindowAnimator.animateLocked:704 
11-24 14:15:24.266  1694  1694 W IInputConnectionWrapper: reportFullscreenMode on inexistent InputConnection
11-24 14:15:24.454  2243  2243 D LifecycleMonitor: Lifecycle status change: br.com.catbag.gifreduxsample.ui.GifListActivity@e1d42eb in: STOPPED
11-24 14:15:24.454  2243  2243 D LifecycleMonitor: Lifecycle status change: br.com.catbag.gifreduxsample.ui.GifListActivity@e1d42eb in: DESTROYED
11-24 14:15:24.473  1237  1353 I WindowManager: Destroying surface Surface(name=br.com.catbag.gifreduxsample/br.com.catbag.gifreduxsample.ui.GifListActivity) called by com.android.server.wm.WindowStateAnimator.destroySurface:2014 com.android.server.wm.WindowStateAnimator.destroySurfaceLocked:881 com.android.server.wm.WindowState.removeLocked:1449 com.android.server.wm.WindowManagerService.removeWindowInnerLocked:2478 com.android.server.wm.WindowManagerService.removeWindowLocked:2436 com.android.server.wm.WindowManagerService.removeWindowLocked:2305 com.android.server.wm.WindowManagerService.removeWindow:2300 com.android.server.wm.Session.remove:193 
11-24 14:15:24.551  1237  1484 I WindowManager: Destroying surface Surface(name=com.android.launcher3/com.android.launcher3.Launcher) called by com.android.server.wm.WindowStateAnimator.destroySurface:2014 com.android.server.wm.WindowStateAnimator.destroySurfaceLocked:881 com.android.server.wm.WindowState.destroyOrSaveSurface:2073 com.android.server.wm.AppWindowToken.destroySurfaces:363 com.android.server.wm.AppWindowToken.notifyAppStopped:389 com.android.server.wm.WindowManagerService.notifyAppStopped:4456 com.android.server.am.ActivityStack.activityStoppedLocked:1252 com.android.server.am.ActivityManagerService.activityStopped:6873 
11-24 14:15:24.732  2243  2259 I TestRunner: finished: whenPlayGifTest(br.com.catbag.gifreduxsample.ui.giflist.GifListActivityTest)
11-24 14:15:24.748  2243  2243 D LifecycleMonitor: Lifecycle status change: br.com.catbag.gifreduxsample.ui.GifListActivity@7ce0566 in: PAUSED
11-24 14:15:24.783   978   978 D gralloc : Registering a buffer in the process that created it. This may cause memory ordering problems.
11-24 14:15:24.783   978   978 E libEGL  : called unimplemented OpenGL ES API
11-24 14:15:24.784   978   978 E SurfaceFlinger: glCheckFramebufferStatusOES error 154783791
11-24 14:15:24.784   978   978 E SurfaceFlinger: got GL_FRAMEBUFFER_COMPLETE_OES error while taking screenshot
11-24 14:15:24.785  1237  1248 W WindowManager: Screenshot failure taking screenshot for (480x800) to layer 21005
11-24 14:15:24.793  2243  2243 I MonitoringInstrumentation: Activities that are still in CREATED to STOPPED: 1
11-24 14:15:24.795  2243  2259 I TestRunner: started: whenGifDownloadFailTest(br.com.catbag.gifreduxsample.ui.giflist.GifListActivityTest)
11-24 14:15:24.871  2243  2243 I MonitoringInstrumentation: Activities that are still in CREATED to STOPPED: 1
11-24 14:15:24.922  2243  2260 I DroidFlux:Dispatcher: [STARTED] dispatch of action [FAKE_REDUCE_ACTION]
11-24 14:15:24.923  2243  2260 I DroidFlux:Dispatcher: [COMPLETED] dispatch of action [FAKE_REDUCE_ACTION]
11-24 14:15:24.924  2243  2295 D ActivityTestRule: Launching activity br.com.catbag.gifreduxsample.ui.GifListActivity
11-24 14:15:24.981  2243  2296 D MonitoringInstrumentation: execStartActivity(context, ibinder, ibinder, activity, intent, int, bundle
11-24 14:15:24.981  1237  1456 I ActivityManager: START u0 {flg=0x10000000 cmp=br.com.catbag.gifreduxsample/.ui.GifListActivity} from uid 10060 on display 0
11-24 14:15:25.083  2243  2243 D LifecycleMonitor: Lifecycle status change: br.com.catbag.gifreduxsample.ui.GifListActivity@20c509e in: PRE_ON_CREATE
11-24 14:15:25.103  1237  1258 I Choreographer: Skipped 35 frames!  The application may be doing too much work on its main thread.
11-24 14:15:25.148  2243  2243 D LifecycleMonitor: Lifecycle status change: br.com.catbag.gifreduxsample.ui.GifListActivity@20c509e in: CREATED
11-24 14:15:25.162  2243  2260 I DroidFlux:Dispatcher: [STARTED] dispatch of action [APP_STATE_LOAD]
11-24 14:15:25.162  2243  2260 D DroidFlux:Dispatcher: An action of type [APP_STATE_LOAD] was dispatched, but no reducer handled it
11-24 14:15:25.163  2243  2260 I DroidFlux:Dispatcher: [COMPLETED] dispatch of action [APP_STATE_LOAD]
11-24 14:15:25.163  2243  2243 D LifecycleMonitor: Lifecycle status change: br.com.catbag.gifreduxsample.ui.GifListActivity@20c509e in: STARTED
11-24 14:15:25.165  2243  2243 D LifecycleMonitor: Lifecycle status change: br.com.catbag.gifreduxsample.ui.GifListActivity@20c509e in: RESUMED
11-24 14:15:25.241  1237  1258 I Choreographer: Skipped 36 frames!  The application may be doing too much work on its main thread.
11-24 14:15:25.282  2243  2243 I Choreographer: Skipped 48 frames!  The application may be doing too much work on its main thread.
11-24 14:15:25.403  2243  2243 D LifecycleMonitor: Lifecycle status change: br.com.catbag.gifreduxsample.ui.GifListActivity@7ce0566 in: STOPPED
11-24 14:15:25.404  2243  2243 D LifecycleMonitor: Lifecycle status change: br.com.catbag.gifreduxsample.ui.GifListActivity@7ce0566 in: DESTROYED
11-24 14:15:25.408  1237  1483 I WindowManager: Destroying surface Surface(name=br.com.catbag.gifreduxsample/br.com.catbag.gifreduxsample.ui.GifListActivity) called by com.android.server.wm.WindowStateAnimator.destroySurface:2014 com.android.server.wm.WindowStateAnimator.destroySurfaceLocked:881 com.android.server.wm.WindowState.removeLocked:1449 com.android.server.wm.WindowManagerService.removeWindowInnerLocked:2478 com.android.server.wm.WindowManagerService.removeWindowLocked:2436 com.android.server.wm.WindowManagerService.removeWindowLocked:2305 com.android.server.wm.WindowManagerService.removeWindow:2300 com.android.server.wm.Session.remove:193 
11-24 14:15:25.512  2243  2243 D LifecycleMonitor: Lifecycle status change: br.com.catbag.gifreduxsample.ui.GifListActivity@20c509e in: PAUSED
11-24 14:15:25.522  2243  2259 I TestRunner: finished: whenGifDownloadFailTest(br.com.catbag.gifreduxsample.ui.giflist.GifListActivityTest)
11-24 14:15:25.542  1694  1694 I Choreographer: Skipped 39 frames!  The application may be doing too much work on its main thread.
11-24 14:15:25.566   978   978 D gralloc : Registering a buffer in the process that created it. This may cause memory ordering problems.
11-24 14:15:25.569   978   978 E SurfaceFlinger: glCheckFramebufferStatusOES error 154783791
11-24 14:15:25.569   978   978 E SurfaceFlinger: got GL_FRAMEBUFFER_COMPLETE_OES error while taking screenshot
11-24 14:15:25.571  1237  1484 W WindowManager: Screenshot failure taking screenshot for (480x800) to layer 22010
11-24 14:15:25.582  1237  1456 I ActivityManager: Activity reported stop, but no longer stopping: ActivityRecord{c2a2d76 u0 com.android.launcher3/.Launcher t3}
11-24 14:15:25.597  2243  2243 I MonitoringInstrumentation: Activities that are still in CREATED to STOPPED: 1
11-24 14:15:25.599  2243  2259 I TestRunner: started: whenPauseGifTest(br.com.catbag.gifreduxsample.ui.giflist.GifListActivityTest)
11-24 14:15:25.608  2243  2243 I MonitoringInstrumentation: Activities that are still in CREATED to STOPPED: 1
11-24 14:15:25.638  2243  2260 I DroidFlux:Dispatcher: [STARTED] dispatch of action [FAKE_REDUCE_ACTION]
11-24 14:15:25.639  2243  2260 I DroidFlux:Dispatcher: [COMPLETED] dispatch of action [FAKE_REDUCE_ACTION]
11-24 14:15:25.647  2243  2298 D ActivityTestRule: Launching activity br.com.catbag.gifreduxsample.ui.GifListActivity
11-24 14:15:25.652  1237  1353 D WindowManager: relayoutVisibleWindow: Window{1c47cd7 u0 com.android.launcher3/com.android.launcher3.Launcher EXITING} mAnimatingExit=true, mRemoveOnExit=false, mDestroying=true
11-24 14:15:25.686  1237  1258 I Choreographer: Skipped 44 frames!  The application may be doing too much work on its main thread.
11-24 14:15:25.710  2243  2299 D MonitoringInstrumentation: execStartActivity(context, ibinder, ibinder, activity, intent, int, bundle
11-24 14:15:25.710  1237  1456 I ActivityManager: START u0 {flg=0x10000000 cmp=br.com.catbag.gifreduxsample/.ui.GifListActivity} from uid 10060 on display 0
11-24 14:15:25.817  2243  2243 D LifecycleMonitor: Lifecycle status change: br.com.catbag.gifreduxsample.ui.GifListActivity@b833298 in: PRE_ON_CREATE
11-24 14:15:25.842  2243  2243 D LifecycleMonitor: Lifecycle status change: br.com.catbag.gifreduxsample.ui.GifListActivity@b833298 in: CREATED
11-24 14:15:25.843  2243  2243 D LifecycleMonitor: Lifecycle status change: br.com.catbag.gifreduxsample.ui.GifListActivity@b833298 in: STARTED
11-24 14:15:25.844  2243  2260 I DroidFlux:Dispatcher: [STARTED] dispatch of action [APP_STATE_LOAD]
11-24 14:15:25.844  2243  2260 D DroidFlux:Dispatcher: An action of type [APP_STATE_LOAD] was dispatched, but no reducer handled it
11-24 14:15:25.845  2243  2260 I DroidFlux:Dispatcher: [COMPLETED] dispatch of action [APP_STATE_LOAD]
11-24 14:15:25.845  2243  2243 D LifecycleMonitor: Lifecycle status change: br.com.catbag.gifreduxsample.ui.GifListActivity@b833298 in: RESUMED
11-24 14:15:25.973  2243  2243 W IInputConnectionWrapper: reportFullscreenMode on inexistent InputConnection
11-24 14:15:25.976  1237  1258 I Choreographer: Skipped 33 frames!  The application may be doing too much work on its main thread.
11-24 14:15:26.155  1237  1258 I ActivityManager: Displayed br.com.catbag.gifreduxsample/.ui.GifListActivity: +381ms (total +1s94ms)
11-24 14:15:26.195  1237  1258 I WindowManager: Destroying surface Surface(name=Starting br.com.catbag.gifreduxsample) called by com.android.server.wm.WindowStateAnimator.destroySurface:2014 com.android.server.wm.WindowStateAnimator.destroySurfaceLocked:881 com.android.server.wm.WindowState.removeLocked:1449 com.android.server.wm.WindowManagerService.removeWindowInnerLocked:2478 com.android.server.wm.AppWindowToken.destroySurfaces:365 com.android.server.wm.WindowStateAnimator.finishExit:565 com.android.server.wm.WindowStateAnimator.stepAnimationLocked:491 com.android.server.wm.WindowAnimator.updateWindowsLocked:303 
11-24 14:15:26.254  2243  2243 I ViewInteraction: Performing 'single click' action on view with id: br.com.catbag.gifreduxsample:id/gif_image
11-24 14:15:26.379  2243  2260 I DroidFlux:Dispatcher: [STARTED] dispatch of action [GIF_PAUSE]
11-24 14:15:26.380  2243  2260 I DroidFlux:Dispatcher: [COMPLETED] dispatch of action [GIF_PAUSE]
11-24 14:15:26.403  1237  1258 I WindowManager: Destroying surface Surface(name=Starting br.com.catbag.gifreduxsample) called by com.android.server.wm.WindowStateAnimator.destroySurface:2014 com.android.server.wm.WindowStateAnimator.destroySurfaceLocked:881 com.android.server.wm.WindowState.destroyOrSaveSurface:2073 com.android.server.wm.AppWindowToken.destroySurfaces:363 com.android.server.wm.WindowStateAnimator.finishExit:565 com.android.server.wm.WindowStateAnimator.stepAnimationLocked:491 com.android.server.wm.WindowAnimator.updateWindowsLocked:303 com.android.server.wm.WindowAnimator.animateLocked:704 
11-24 14:15:26.922  2243  2243 D LifecycleMonitor: Lifecycle status change: br.com.catbag.gifreduxsample.ui.GifListActivity@20c509e in: STOPPED
11-24 14:15:26.923  2243  2243 D LifecycleMonitor: Lifecycle status change: br.com.catbag.gifreduxsample.ui.GifListActivity@20c509e in: DESTROYED
11-24 14:15:26.925  1237  1483 I WindowManager: Destroying surface Surface(name=br.com.catbag.gifreduxsample/br.com.catbag.gifreduxsample.ui.GifListActivity) called by com.android.server.wm.WindowStateAnimator.destroySurface:2014 com.android.server.wm.WindowStateAnimator.destroySurfaceLocked:881 com.android.server.wm.WindowState.removeLocked:1449 com.android.server.wm.WindowManagerService.removeWindowInnerLocked:2478 com.android.server.wm.WindowManagerService.removeWindowLocked:2436 com.android.server.wm.WindowManagerService.removeWindowLocked:2305 com.android.server.wm.WindowManagerService.removeWindow:2300 com.android.server.wm.Session.remove:193 
11-24 14:15:26.957  1237  1248 I WindowManager: Destroying surface Surface(name=com.android.launcher3/com.android.launcher3.Launcher) called by com.android.server.wm.WindowStateAnimator.destroySurface:2014 com.android.server.wm.WindowStateAnimator.destroySurfaceLocked:881 com.android.server.wm.WindowState.destroyOrSaveSurface:2073 com.android.server.wm.AppWindowToken.destroySurfaces:363 com.android.server.wm.AppWindowToken.notifyAppStopped:389 com.android.server.wm.WindowManagerService.notifyAppStopped:4456 com.android.server.am.ActivityStack.activityStoppedLocked:1252 com.android.server.am.ActivityManagerService.activityStopped:6873 
11-24 14:15:27.044  2243  2243 D LifecycleMonitor: Lifecycle status change: br.com.catbag.gifreduxsample.ui.GifListActivity@b833298 in: PAUSED
11-24 14:15:27.045  2243  2259 I TestRunner: finished: whenPauseGifTest(br.com.catbag.gifreduxsample.ui.giflist.GifListActivityTest)
11-24 14:15:27.106   978   978 D gralloc : Registering a buffer in the process that created it. This may cause memory ordering problems.
11-24 14:15:27.106   978   978 E libEGL  : called unimplemented OpenGL ES API
11-24 14:15:27.106   978   978 E SurfaceFlinger: glCheckFramebufferStatusOES error 154783791
11-24 14:15:27.106   978   978 E SurfaceFlinger: got GL_FRAMEBUFFER_COMPLETE_OES error while taking screenshot
11-24 14:15:27.117  1237  1249 W WindowManager: Screenshot failure taking screenshot for (480x800) to layer 21005
11-24 14:15:27.146  2243  2243 I MonitoringInstrumentation: Activities that are still in CREATED to STOPPED: 1
11-24 14:15:27.148  2243  2259 I TestRunner: started: whenLoadMultipleGifsOnAppStateTest(br.com.catbag.gifreduxsample.ui.giflist.GifListActivityTest)
11-24 14:15:27.211  2243  2243 I MonitoringInstrumentation: Activities that are still in CREATED to STOPPED: 1
11-24 14:15:27.241  2243  2260 I DroidFlux:Dispatcher: [STARTED] dispatch of action [FAKE_REDUCE_ACTION]
11-24 14:15:27.242  2243  2260 I DroidFlux:Dispatcher: [COMPLETED] dispatch of action [FAKE_REDUCE_ACTION]
11-24 14:15:27.284  2243  2300 D ActivityTestRule: Launching activity br.com.catbag.gifreduxsample.ui.GifListActivity
11-24 14:15:27.336  2243  2301 D MonitoringInstrumentation: execStartActivity(context, ibinder, ibinder, activity, intent, int, bundle
11-24 14:15:27.368  1237  1248 I ActivityManager: START u0 {flg=0x10000000 cmp=br.com.catbag.gifreduxsample/.ui.GifListActivity} from uid 10060 on display 0
11-24 14:15:27.435  2243  2243 D LifecycleMonitor: Lifecycle status change: br.com.catbag.gifreduxsample.ui.GifListActivity@348903c in: PRE_ON_CREATE
11-24 14:15:27.445  2243  2243 D LifecycleMonitor: Lifecycle status change: br.com.catbag.gifreduxsample.ui.GifListActivity@348903c in: CREATED
11-24 14:15:27.446  2243  2243 D LifecycleMonitor: Lifecycle status change: br.com.catbag.gifreduxsample.ui.GifListActivity@348903c in: STARTED
11-24 14:15:27.447  2243  2260 I DroidFlux:Dispatcher: [STARTED] dispatch of action [APP_STATE_LOAD]
11-24 14:15:27.448  2243  2260 D DroidFlux:Dispatcher: An action of type [APP_STATE_LOAD] was dispatched, but no reducer handled it
11-24 14:15:27.448  2243  2260 I DroidFlux:Dispatcher: [COMPLETED] dispatch of action [APP_STATE_LOAD]
11-24 14:15:27.468  2243  2243 D LifecycleMonitor: Lifecycle status change: br.com.catbag.gifreduxsample.ui.GifListActivity@348903c in: RESUMED
11-24 14:15:27.589  1237  1249 W InputMethodManagerService: Starting input on non-focused client com.android.internal.view.IInputMethodClient$Stub$Proxy@d7a87f8 (uid=10012 pid=1694)
11-24 14:15:27.650  1237  1483 W InputMethodManagerService: Starting input on non-focused client com.android.internal.view.IInputMethodClient$Stub$Proxy@d7a87f8 (uid=10012 pid=1694)
11-24 14:15:27.809  1237  1258 I ActivityManager: Displayed br.com.catbag.gifreduxsample/.ui.GifListActivity: +400ms
11-24 14:15:27.827  2243  2243 W ResourceType: No package identifier when getting name for resource number 0x000000f5
11-24 14:15:27.827  2243  2243 I ViewInteraction: Performing 'scroll RecyclerView to position: 2' action on view with id: 245 (resource name not found)
11-24 14:15:28.006  2243  2248 I art     : Do partial code cache collection, code=123KB, data=120KB
11-24 14:15:28.020  2243  2248 I art     : After code cache collection, code=121KB, data=120KB
11-24 14:15:28.020  2243  2248 I art     : Increasing code cache capacity to 512KB
11-24 14:15:28.046  1237  1258 I WindowManager: Destroying surface Surface(name=Starting br.com.catbag.gifreduxsample) called by com.android.server.wm.WindowStateAnimator.destroySurface:2014 com.android.server.wm.WindowStateAnimator.destroySurfaceLocked:881 com.android.server.wm.WindowState.destroyOrSaveSurface:2073 com.android.server.wm.AppWindowToken.destroySurfaces:363 com.android.server.wm.WindowStateAnimator.finishExit:565 com.android.server.wm.WindowStateAnimator.stepAnimationLocked:491 com.android.server.wm.WindowAnimator.updateWindowsLocked:303 com.android.server.wm.WindowAnimator.animateLocked:704 
11-24 14:15:28.203  2243  2243 W ResourceType: No package identifier when getting name for resource number 0x000000f5
11-24 14:15:28.261  2243  2243 W ResourceType: No package identifier when getting name for resource number 0x000000fc
11-24 14:15:28.261  2243  2243 I ViewInteraction: Performing 'scroll RecyclerView to position: 3' action on view with id: 252 (resource name not found)
11-24 14:15:28.424  2243  2254 I art     : Background sticky concurrent mark sweep GC freed 18780(1145KB) AllocSpace objects, 3(64KB) LOS objects, 10% free, 12MB/13MB, paused 6.845ms total 139.607ms
11-24 14:15:28.481  1237  1249 I WindowManager: Destroying surface Surface(name=com.android.launcher3/com.android.launcher3.Launcher) called by com.android.server.wm.WindowStateAnimator.destroySurface:2014 com.android.server.wm.WindowStateAnimator.destroySurfaceLocked:881 com.android.server.wm.WindowState.destroyOrSaveSurface:2073 com.android.server.wm.AppWindowToken.destroySurfaces:363 com.android.server.wm.AppWindowToken.notifyAppStopped:389 com.android.server.wm.WindowManagerService.notifyAppStopped:4456 com.android.server.am.ActivityStack.activityStoppedLocked:1252 com.android.server.am.ActivityManagerService.activityStopped:6873 
11-24 14:15:28.504  2243  2243 D LifecycleMonitor: Lifecycle status change: br.com.catbag.gifreduxsample.ui.GifListActivity@b833298 in: STOPPED
11-24 14:15:28.504  2243  2243 D LifecycleMonitor: Lifecycle status change: br.com.catbag.gifreduxsample.ui.GifListActivity@b833298 in: DESTROYED
11-24 14:15:28.540  1237  1248 I WindowManager: Destroying surface Surface(name=br.com.catbag.gifreduxsample/br.com.catbag.gifreduxsample.ui.GifListActivity) called by com.android.server.wm.WindowStateAnimator.destroySurface:2014 com.android.server.wm.WindowStateAnimator.destroySurfaceLocked:881 com.android.server.wm.WindowState.removeLocked:1449 com.android.server.wm.WindowManagerService.removeWindowInnerLocked:2478 com.android.server.wm.WindowManagerService.removeWindowLocked:2436 com.android.server.wm.WindowManagerService.removeWindowLocked:2305 com.android.server.wm.WindowManagerService.removeWindow:2300 com.android.server.wm.Session.remove:193 
11-24 14:15:28.592  2243  2243 W ResourceType: No package identifier when getting name for resource number 0x000000fc
11-24 14:15:28.611  2243  2243 W ResourceType: No package identifier when getting name for resource number 0x00000103
11-24 14:15:28.611  2243  2243 I ViewInteraction: Performing 'scroll RecyclerView to position: 4' action on view with id: 259 (resource name not found)
11-24 14:15:28.901  2243  2243 W ResourceType: No package identifier when getting name for resource number 0x00000103
11-24 14:15:28.934  2243  2243 W ResourceType: No package identifier when getting name for resource number 0x0000010a
11-24 14:15:28.934  2243  2243 I ViewInteraction: Performing 'scroll RecyclerView to position: 5' action on view with id: 266 (resource name not found)
11-24 14:15:29.011  2243  2254 I art     : Background sticky concurrent mark sweep GC freed 6961(663KB) AllocSpace objects, 6(128KB) LOS objects, 6% free, 12MB/13MB, paused 7.925ms total 55.397ms
11-24 14:15:29.208  1237  1323 E TaskPersister: File error accessing recents directory (directory doesn't exist?).
11-24 14:15:29.240  2243  2243 W ResourceType: No package identifier when getting name for resource number 0x0000010a
11-24 14:15:29.255  2243  2243 W ResourceType: No package identifier when getting name for resource number 0x00000111
11-24 14:15:29.256  2243  2243 I ViewInteraction: Performing 'scroll RecyclerView to position: 6' action on view with id: 273 (resource name not found)
11-24 14:15:29.552  2243  2243 W ResourceType: No package identifier when getting name for resource number 0x00000111
11-24 14:15:29.593  2243  2243 W ResourceType: No package identifier when getting name for resource number 0x00000118
11-24 14:15:29.593  2243  2243 I ViewInteraction: Performing 'scroll RecyclerView to position: 7' action on view with id: 280 (resource name not found)
11-24 14:15:29.656  2243  2254 I art     : Background sticky concurrent mark sweep GC freed 6886(654KB) AllocSpace objects, 6(128KB) LOS objects, 2% free, 13MB/13MB, paused 5.839ms total 100.087ms
11-24 14:15:29.881  2243  2243 W ResourceType: No package identifier when getting name for resource number 0x00000118
11-24 14:15:29.928  2243  2243 W ResourceType: No package identifier when getting name for resource number 0x0000011f
11-24 14:15:29.928  2243  2243 I ViewInteraction: Performing 'scroll RecyclerView to position: 8' action on view with id: 287 (resource name not found)
11-24 14:15:29.961  2243  2254 I art     : Background sticky concurrent mark sweep GC freed 3317(317KB) AllocSpace objects, 1(16KB) LOS objects, 0% free, 13MB/13MB, paused 6.826ms total 69.312ms
11-24 14:15:30.048  2243  2254 I art     : Background partial concurrent mark sweep GC freed 4692(230KB) AllocSpace objects, 2(48KB) LOS objects, 22% free, 13MB/17MB, paused 5.745ms total 76.638ms
11-24 14:15:30.241  2243  2243 W ResourceType: No package identifier when getting name for resource number 0x0000011f
11-24 14:15:30.270  2243  2243 W ResourceType: No package identifier when getting name for resource number 0x00000126
11-24 14:15:30.270  2243  2243 I ViewInteraction: Performing 'scroll RecyclerView to position: 9' action on view with id: 294 (resource name not found)
11-24 14:15:30.574  2243  2243 W ResourceType: No package identifier when getting name for resource number 0x00000126
11-24 14:15:30.610  2243  2243 D LifecycleMonitor: Lifecycle status change: br.com.catbag.gifreduxsample.ui.GifListActivity@348903c in: PAUSED
11-24 14:15:30.628  2243  2259 I TestRunner: finished: whenLoadMultipleGifsOnAppStateTest(br.com.catbag.gifreduxsample.ui.giflist.GifListActivityTest)
11-24 14:15:30.791   978   978 D gralloc : Registering a buffer in the process that created it. This may cause memory ordering problems.
11-24 14:15:30.792   978   978 E libEGL  : called unimplemented OpenGL ES API
11-24 14:15:30.792   978   978 E SurfaceFlinger: glCheckFramebufferStatusOES error 154783791
11-24 14:15:30.792   978   978 E SurfaceFlinger: got GL_FRAMEBUFFER_COMPLETE_OES error while taking screenshot
11-24 14:15:30.799  1237  1456 W WindowManager: Screenshot failure taking screenshot for (480x800) to layer 21005
11-24 14:15:30.807  1237  1251 W art     : Long monitor contention with owner Binder:1237_5 (1456) at void com.android.server.am.ActivityManagerService.activityPaused(android.os.IBinder)(ActivityManagerService.java:6849) waiters=0 in void com.android.server.am.ActivityStackSupervisor$ActivityStackSupervisorHandler.activityIdleInternal(com.android.server.am.ActivityRecord) for 189ms
11-24 14:15:30.809  2243  2243 I MonitoringInstrumentation: Activities that are still in CREATED to STOPPED: 1
11-24 14:15:30.812  2243  2259 I TestRunner: run finished: 15 tests, 0 failed, 0 ignored
11-24 14:15:30.928  1237  1258 I Choreographer: Skipped 30 frames!  The application may be doing too much work on its main thread.
11-24 14:15:31.030  2243  2243 I MonitoringInstrumentation: Activities that are still in CREATED to STOPPED: 1
11-24 14:15:31.046  2243  2259 I MonitoringInstrumentation: Unstopped activity count: 1
11-24 14:15:31.109  2243  2259 I MonitoringInstrumentation: Unstopped activity count: 1
11-24 14:15:31.169  2243  2259 I MonitoringInstrumentation: Unstopped activity count: 1
11-24 14:15:31.227  2243  2259 I MonitoringInstrumentation: Unstopped activity count: 1
11-24 14:15:31.287  2243  2259 I MonitoringInstrumentation: Unstopped activity count: 1
11-24 14:15:31.348  2243  2259 I MonitoringInstrumentation: Unstopped activity count: 1
11-24 14:15:31.407  2243  2259 I MonitoringInstrumentation: Unstopped activity count: 1
11-24 14:15:31.460  2243  2243 D LifecycleMonitor: Lifecycle status change: br.com.catbag.gifreduxsample.ui.GifListActivity@348903c in: STOPPED
11-24 14:15:31.460  2243  2243 D LifecycleMonitor: Lifecycle status change: br.com.catbag.gifreduxsample.ui.GifListActivity@348903c in: DESTROYED
11-24 14:15:31.467  2243  2259 I MonitoringInstrumentation: waitForActivitiesToComplete() took: 421ms
11-24 14:15:31.495  1237  1456 I ActivityManager: Force stopping br.com.catbag.gifreduxsample appid=10060 user=0: finished inst
11-24 14:15:31.495  1237  1456 I ActivityManager: Killing 2243:br.com.catbag.gifreduxsample/u0a60 (adj 0): stop br.com.catbag.gifreduxsample
11-24 14:15:31.521  2233  2233 D AndroidRuntime: Shutting down VM
11-24 14:15:31.539  2233  2233 I art     : WaitForGcToComplete blocked for 12.642ms for cause Background
11-24 14:15:31.564  1237  1366 I WindowManager: WIN DEATH: Window{78045cd u0 br.com.catbag.gifreduxsample/br.com.catbag.gifreduxsample.ui.GifListActivity EXITING}
11-24 14:15:31.580  1237  1258 I WindowManager: Destroying surface Surface(name=br.com.catbag.gifreduxsample/br.com.catbag.gifreduxsample.ui.GifListActivity) called by com.android.server.wm.WindowStateAnimator.destroySurface:2014 com.android.server.wm.WindowStateAnimator.destroySurfaceLocked:881 com.android.server.wm.WindowState.removeLocked:1449 com.android.server.wm.WindowManagerService.removeWindowInnerLocked:2478 com.android.server.wm.AppWindowToken.destroySurfaces:365 com.android.server.wm.WindowStateAnimator.finishExit:565 com.android.server.wm.AppWindowAnimator.stepAnimationLocked:427 com.android.server.wm.WindowAnimator.updateAppWindowsLocked:196 
11-24 14:15:32.211  2312  2312 D AndroidRuntime: >>>>>> START com.android.internal.os.RuntimeInit uid 2000 <<<<<<
11-24 14:15:32.214  2312  2312 D AndroidRuntime: CheckJNI is ON
11-24 14:15:32.273  2312  2312 W art     : Unexpected CPU variant for X86 using defaults: x86
11-24 14:15:32.283  2312  2312 D ICU     : No timezone override file found: /data/misc/zoneinfo/current/icu/icu_tzdata.dat
11-24 14:15:32.317  2312  2312 E memtrack: Couldn't load memtrack module (No such file or directory)
11-24 14:15:32.317  2312  2312 E android.os.Debug: failed to load memtrack module: -2
11-24 14:15:32.318  2312  2312 I Radio-JNI: register_android_hardware_Radio DONE
11-24 14:15:32.351  2312  2312 D AndroidRuntime: Calling main entry com.android.commands.pm.Pm
11-24 14:15:32.389  1237  1251 I ActivityManager: Force stopping br.com.catbag.gifreduxsample.test appid=10061 user=-1: deletePackageX
11-24 14:15:32.539  1237  1263 I art     : Starting a blocking GC Explicit
11-24 14:15:32.613  1237  1263 I art     : Explicit concurrent mark sweep GC freed 28009(1848KB) AllocSpace objects, 10(200KB) LOS objects, 33% free, 7MB/10MB, paused 6.467ms total 68.551ms
11-24 14:15:32.637  2312  2312 I art     : System.exit called, status: 0
11-24 14:15:32.637  2312  2312 I AndroidRuntime: VM exiting with result code 0.
11-24 14:15:32.669  1237  1263 I ActivityManager: Force stopping br.com.catbag.gifreduxsample.test appid=10061 user=0: pkg removed
11-24 14:15:32.983  1237  1263 E KernelUidCpuTimeReader: failed to remove uid from uid_cputime module
11-24 14:15:32.983  1237  1263 E KernelUidCpuTimeReader: java.io.FileNotFoundException: /proc/uid_cputime/remove_uid_range (No such file or directory)
11-24 14:15:32.983  1237  1263 E KernelUidCpuTimeReader: 	at java.io.FileOutputStream.open(Native Method)
11-24 14:15:32.983  1237  1263 E KernelUidCpuTimeReader: 	at java.io.FileOutputStream.<init>(FileOutputStream.java:221)
11-24 14:15:32.983  1237  1263 E KernelUidCpuTimeReader: 	at java.io.FileOutputStream.<init>(FileOutputStream.java:108)
11-24 14:15:32.983  1237  1263 E KernelUidCpuTimeReader: 	at java.io.FileWriter.<init>(FileWriter.java:63)
11-24 14:15:32.983  1237  1263 E KernelUidCpuTimeReader: 	at com.android.internal.os.KernelUidCpuTimeReader.removeUid(KernelUidCpuTimeReader.java:158)
11-24 14:15:32.983  1237  1263 E KernelUidCpuTimeReader: 	at com.android.internal.os.BatteryStatsImpl.removeUidStatsLocked(BatteryStatsImpl.java:9805)
11-24 14:15:32.983  1237  1263 E KernelUidCpuTimeReader: 	at com.android.server.am.BatteryStatsService.removeUid(BatteryStatsService.java:291)
11-24 14:15:32.983  1237  1263 E KernelUidCpuTimeReader: 	at com.android.server.am.ActivityManagerService.broadcastIntentLocked(ActivityManagerService.java:17767)
11-24 14:15:32.983  1237  1263 E KernelUidCpuTimeReader: 	at com.android.server.am.ActivityManagerService.broadcastIntent(ActivityManagerService.java:18256)
11-24 14:15:32.983  1237  1263 E KernelUidCpuTimeReader: 	at com.android.server.pm.PackageManagerService$8.run(PackageManagerService.java:11407)
11-24 14:15:32.983  1237  1263 E KernelUidCpuTimeReader: 	at android.os.Handler.handleCallback(Handler.java:751)
11-24 14:15:32.983  1237  1263 E KernelUidCpuTimeReader: 	at android.os.Handler.dispatchMessage(Handler.java:95)
11-24 14:15:32.983  1237  1263 E KernelUidCpuTimeReader: 	at android.os.Looper.loop(Looper.java:154)
11-24 14:15:32.983  1237  1263 E KernelUidCpuTimeReader: 	at android.os.HandlerThread.run(HandlerThread.java:61)
11-24 14:15:32.983  1237  1263 E KernelUidCpuTimeReader: 	at com.android.server.ServiceThread.run(ServiceThread.java:46)
11-24 14:15:33.002  1237  1278 I InputReader: Reconfiguring input devices.  changes=0x00000010
11-24 14:15:33.092  1449  1449 D CarrierSvcBindHelper: No carrier app for: 0
11-24 14:15:33.328  1237  1250 W LocationProviderProxy-network: Odd, no component found for service com.android.location.service.v3.NetworkLocationProvider
11-24 14:15:33.329  1237  1250 W GeocoderProxy: Odd, no component found for service com.android.location.service.GeocodeProvider
11-24 14:15:33.329  1237  1250 W GeofenceProxy: Odd, no component found for service com.android.location.service.GeofenceProvider
11-24 14:15:33.329  1237  1250 W ActivityRecognitionProxy: Odd, no component found for service com.android.location.service.ActivityRecognitionProvider
11-24 14:15:33.795  2324  2324 D AndroidRuntime: >>>>>> START com.android.internal.os.RuntimeInit uid 2000 <<<<<<
11-24 14:15:33.798  2324  2324 D AndroidRuntime: CheckJNI is ON
11-24 14:15:33.862  2324  2324 W art     : Unexpected CPU variant for X86 using defaults: x86
11-24 14:15:33.870  2324  2324 D ICU     : No timezone override file found: /data/misc/zoneinfo/current/icu/icu_tzdata.dat
11-24 14:15:33.902  2324  2324 E memtrack: Couldn't load memtrack module (No such file or directory)
11-24 14:15:33.902  2324  2324 E android.os.Debug: failed to load memtrack module: -2
11-24 14:15:33.904  2324  2324 I Radio-JNI: register_android_hardware_Radio DONE
11-24 14:15:33.924  2324  2324 D AndroidRuntime: Calling main entry com.android.commands.pm.Pm
11-24 14:15:33.934  1237  1251 I ActivityManager: Force stopping br.com.catbag.gifreduxsample appid=10060 user=-1: deletePackageX
11-24 14:15:34.058  1237  1263 I art     : Starting a blocking GC Explicit
11-24 14:15:34.133  1237  1263 I art     : Explicit concurrent mark sweep GC freed 30060(1568KB) AllocSpace objects, 7(140KB) LOS objects, 33% free, 6MB/10MB, paused 6.599ms total 72.555ms
11-24 14:15:34.204  2324  2324 I art     : System.exit called, status: 0
11-24 14:15:34.205  2324  2324 I AndroidRuntime: VM exiting with result code 0.
11-24 14:15:34.211  2324  2334 W MessageQueue: Handler (android.os.Handler) {edb5853} sending message to a Handler on a dead thread
11-24 14:15:34.211  2324  2334 W MessageQueue: java.lang.IllegalStateException: Handler (android.os.Handler) {edb5853} sending message to a Handler on a dead thread
11-24 14:15:34.211  2324  2334 W MessageQueue: 	at android.os.MessageQueue.enqueueMessage(MessageQueue.java:543)
11-24 14:15:34.211  2324  2334 W MessageQueue: 	at android.os.Handler.enqueueMessage(Handler.java:643)
11-24 14:15:34.211  2324  2334 W MessageQueue: 	at android.os.Handler.sendMessageAtTime(Handler.java:612)
11-24 14:15:34.211  2324  2334 W MessageQueue: 	at android.os.Handler.sendMessageDelayed(Handler.java:582)
11-24 14:15:34.211  2324  2334 W MessageQueue: 	at android.os.Handler.post(Handler.java:338)
11-24 14:15:34.211  2324  2334 W MessageQueue: 	at android.os.ResultReceiver$MyResultReceiver.send(ResultReceiver.java:57)
11-24 14:15:34.211  2324  2334 W MessageQueue: 	at com.android.internal.os.IResultReceiver$Stub.onTransact(IResultReceiver.java:58)
