11-23 14:11:42.501  2278  2278 I Choreographer: Skipped 38 frames!  The application may be doing too much work on its main thread.
11-23 14:11:42.791  1239  1260 I Choreographer: Skipped 59 frames!  The application may be doing too much work on its main thread.
11-23 14:11:42.949  2278  2278 I Choreographer: Skipped 100 frames!  The application may be doing too much work on its main thread.
11-23 14:11:43.061  1753  1753 I Choreographer: Skipped 39 frames!  The application may be doing too much work on its main thread.
11-23 14:11:43.108  1239  1260 I Choreographer: Skipped 46 frames!  The application may be doing too much work on its main thread.
11-23 14:11:43.163  2278  2289 I art     : Background sticky concurrent mark sweep GC freed 21885(2MB) AllocSpace objects, 19(404KB) LOS objects, 16% free, 13MB/16MB, paused 36.071ms total 759.354ms
11-23 14:11:43.236  1753  1753 I Choreographer: Skipped 40 frames!  The application may be doing too much work on its main thread.
11-23 14:11:43.384  1239  1260 I Choreographer: Skipped 73 frames!  The application may be doing too much work on its main thread.
11-23 14:11:43.416  2278  2294 I MonitoringInstrumentation: Unstopped activity count: 1
11-23 14:11:43.462  2278  2278 I MonitoringInstrumentation: Activities that are still in CREATED to STOPPED: 1
11-23 14:11:43.478  2278  2294 I MonitoringInstrumentation: Unstopped activity count: 1
11-23 14:11:43.537  2278  2294 I MonitoringInstrumentation: Unstopped activity count: 1
11-23 14:11:43.609  2278  2294 I MonitoringInstrumentation: Unstopped activity count: 1
11-23 14:11:43.677  2278  2294 I MonitoringInstrumentation: Unstopped activity count: 1
11-23 14:11:43.729  2278  2278 D LifecycleMonitor: Lifecycle status change: br.com.catbag.gifreduxsample.ui.GifListActivity@de1e3a1 in: STOPPED
11-23 14:11:43.729  2278  2278 D LifecycleMonitor: Lifecycle status change: br.com.catbag.gifreduxsample.ui.GifListActivity@de1e3a1 in: DESTROYED
11-23 14:11:43.740  2278  2294 I MonitoringInstrumentation: waitForActivitiesToComplete() took: 324ms
11-23 14:11:43.800  1239  1791 I ActivityManager: Force stopping br.com.catbag.gifreduxsample appid=10060 user=0: finished inst
11-23 14:11:43.800  1239  1791 I ActivityManager: Killing 2278:br.com.catbag.gifreduxsample/u0a60 (adj 0): stop br.com.catbag.gifreduxsample
11-23 14:11:43.813  2267  2267 D AndroidRuntime: Shutting down VM
11-23 14:11:43.891  1239  1260 I Choreographer: Skipped 35 frames!  The application may be doing too much work on its main thread.
11-23 14:11:43.895  1239  1260 I WindowManager: Destroying surface Surface(name=br.com.catbag.gifreduxsample/br.com.catbag.gifreduxsample.ui.GifListActivity) called by com.android.server.wm.WindowStateAnimator.destroySurface:2014 com.android.server.wm.WindowStateAnimator.destroySurfaceLocked:881 com.android.server.wm.WindowState.removeLocked:1449 com.android.server.wm.WindowManagerService.removeWindowInnerLocked:2478 com.android.server.wm.AppWindowToken.destroySurfaces:365 com.android.server.wm.WindowStateAnimator.finishExit:565 com.android.server.wm.WindowStateAnimator.stepAnimationLocked:491 com.android.server.wm.WindowAnimator.updateWindowsLocked:303 
11-23 14:11:45.113  2382  2382 D AndroidRuntime: >>>>>> START com.android.internal.os.RuntimeInit uid 2000 <<<<<<
11-23 14:11:45.136  2382  2382 D AndroidRuntime: CheckJNI is ON
11-23 14:11:45.278  2382  2382 W art     : Unexpected CPU variant for X86 using defaults: x86
11-23 14:11:45.336  2382  2382 D ICU     : No timezone override file found: /data/misc/zoneinfo/current/icu/icu_tzdata.dat
11-23 14:11:45.453  2382  2382 E memtrack: Couldn't load memtrack module (No such file or directory)
11-23 14:11:45.453  2382  2382 E android.os.Debug: failed to load memtrack module: -2
11-23 14:11:45.471  2382  2382 I Radio-JNI: register_android_hardware_Radio DONE
11-23 14:11:45.540  2382  2382 D AndroidRuntime: Calling main entry com.android.commands.pm.Pm
11-23 14:11:45.601  1239  1253 I ActivityManager: Force stopping br.com.catbag.gifreduxsample.test appid=10061 user=-1: deletePackageX
11-23 14:11:45.804  1239  1265 I art     : Starting a blocking GC Explicit
11-23 14:11:45.908  1239  1265 I art     : Explicit concurrent mark sweep GC freed 28713(1952KB) AllocSpace objects, 10(200KB) LOS objects, 33% free, 7MB/10MB, paused 6.653ms total 101.803ms
11-23 14:11:45.928  2382  2382 I art     : System.exit called, status: 0
11-23 14:11:45.928  2382  2382 I AndroidRuntime: VM exiting with result code 0.
11-23 14:11:46.175  1239  1265 I ActivityManager: Force stopping br.com.catbag.gifreduxsample.test appid=10061 user=0: pkg removed
11-23 14:11:46.338  1239  1250 W art     : Long monitor contention with owner PackageManager (1265) at int com.android.server.am.ActivityManagerService.broadcastIntent(android.app.IApplicationThread, android.content.Intent, java.lang.String, android.content.IIntentReceiver, int, java.lang.String, android.os.Bundle, java.lang.String[], int, android.os.Bundle, boolean, boolean, int)(ActivityManagerService.java:18249) waiters=1 in void com.android.server.am.ActivityManagerService.serviceDoneExecuting(android.os.IBinder, int, int, int) for 147ms
11-23 14:11:46.391  1239  1265 E KernelUidCpuTimeReader: failed to remove uid from uid_cputime module
11-23 14:11:46.391  1239  1265 E KernelUidCpuTimeReader: java.io.FileNotFoundException: /proc/uid_cputime/remove_uid_range (No such file or directory)
11-23 14:11:46.391  1239  1265 E KernelUidCpuTimeReader: 	at java.io.FileOutputStream.open(Native Method)
11-23 14:11:46.391  1239  1265 E KernelUidCpuTimeReader: 	at java.io.FileOutputStream.<init>(FileOutputStream.java:221)
11-23 14:11:46.391  1239  1265 E KernelUidCpuTimeReader: 	at java.io.FileOutputStream.<init>(FileOutputStream.java:108)
11-23 14:11:46.391  1239  1265 E KernelUidCpuTimeReader: 	at java.io.FileWriter.<init>(FileWriter.java:63)
11-23 14:11:46.391  1239  1265 E KernelUidCpuTimeReader: 	at com.android.internal.os.KernelUidCpuTimeReader.removeUid(KernelUidCpuTimeReader.java:158)
11-23 14:11:46.391  1239  1265 E KernelUidCpuTimeReader: 	at com.android.internal.os.BatteryStatsImpl.removeUidStatsLocked(BatteryStatsImpl.java:9805)
11-23 14:11:46.391  1239  1265 E KernelUidCpuTimeReader: 	at com.android.server.am.BatteryStatsService.removeUid(BatteryStatsService.java:291)
11-23 14:11:46.391  1239  1265 E KernelUidCpuTimeReader: 	at com.android.server.am.ActivityManagerService.broadcastIntentLocked(ActivityManagerService.java:17767)
11-23 14:11:46.391  1239  1265 E KernelUidCpuTimeReader: 	at com.android.server.am.ActivityManagerService.broadcastIntent(ActivityManagerService.java:18256)
11-23 14:11:46.391  1239  1265 E KernelUidCpuTimeReader: 	at com.android.server.pm.PackageManagerService$8.run(PackageManagerService.java:11407)
11-23 14:11:46.391  1239  1265 E KernelUidCpuTimeReader: 	at android.os.Handler.handleCallback(Handler.java:751)
11-23 14:11:46.391  1239  1265 E KernelUidCpuTimeReader: 	at android.os.Handler.dispatchMessage(Handler.java:95)
11-23 14:11:46.391  1239  1265 E KernelUidCpuTimeReader: 	at android.os.Looper.loop(Looper.java:154)
11-23 14:11:46.391  1239  1265 E KernelUidCpuTimeReader: 	at android.os.HandlerThread.run(HandlerThread.java:61)
11-23 14:11:46.391  1239  1265 E KernelUidCpuTimeReader: 	at com.android.server.ServiceThread.run(ServiceThread.java:46)
11-23 14:11:46.554  1239  1279 I InputReader: Reconfiguring input devices.  changes=0x00000010
11-23 14:11:46.961  1447  1447 D CarrierSvcBindHelper: No carrier app for: 0
11-23 14:11:47.046  1239  1325 E TaskPersister: File error accessing recents directory (directory doesn't exist?).
11-23 14:11:47.278  1239  1252 W LocationProviderProxy-network: Odd, no component found for service com.android.location.service.v3.NetworkLocationProvider
11-23 14:11:47.279  1239  1252 W GeocoderProxy: Odd, no component found for service com.android.location.service.GeocodeProvider
11-23 14:11:47.279  1239  1252 W GeofenceProxy: Odd, no component found for service com.android.location.service.GeofenceProvider
11-23 14:11:47.280  1239  1252 W ActivityRecognitionProxy: Odd, no component found for service com.android.location.service.ActivityRecognitionProvider
11-23 14:11:47.679  1665  1707 I art     : Background sticky concurrent mark sweep GC freed 2796(295KB) AllocSpace objects, 0(0B) LOS objects, 21% free, 2MB/2MB, paused 41.740ms total 495.183ms
11-23 14:11:48.071  2394  2394 D AndroidRuntime: >>>>>> START com.android.internal.os.RuntimeInit uid 2000 <<<<<<
11-23 14:11:48.074  2394  2394 D AndroidRuntime: CheckJNI is ON
11-23 14:11:48.139  2394  2394 W art     : Unexpected CPU variant for X86 using defaults: x86
11-23 14:11:48.149  2394  2394 D ICU     : No timezone override file found: /data/misc/zoneinfo/current/icu/icu_tzdata.dat
11-23 14:11:48.189  2394  2394 E memtrack: Couldn't load memtrack module (No such file or directory)
11-23 14:11:48.189  2394  2394 E android.os.Debug: failed to load memtrack module: -2
11-23 14:11:48.192  2394  2394 I Radio-JNI: register_android_hardware_Radio DONE
11-23 14:11:48.263  2394  2394 D AndroidRuntime: Calling main entry com.android.commands.pm.Pm
11-23 14:11:48.308  1239  1253 I ActivityManager: Force stopping br.com.catbag.gifreduxsample appid=10060 user=-1: deletePackageX
11-23 14:11:48.562  1239  1265 I art     : Starting a blocking GC Explicit
11-23 14:11:48.709  1239  1265 I art     : Explicit concurrent mark sweep GC freed 31416(1642KB) AllocSpace objects, 8(160KB) LOS objects, 33% free, 6MB/10MB, paused 14.831ms total 143.514ms
11-23 14:11:48.736  2394  2394 I art     : System.exit called, status: 0
11-23 14:11:48.738  2394  2394 I AndroidRuntime: VM exiting with result code 0.
11-23 14:11:49.424  1786  1786 W ContextImpl: Calling a method in the system process without a qualified user: android.app.ContextImpl.startService:1385 android.content.ContextWrapper.startService:613 android.content.ContextWrapper.startService:613 com.android.keychain.KeyChainBroadcastReceiver.onReceive:12 android.app.ActivityThread.handleReceiver:3011 
11-23 14:11:50.969  1239  1265 I ActivityManager: Force stopping br.com.catbag.gifreduxsample appid=10060 user=0: pkg removed
11-23 14:11:51.293  1239  1325 E TaskPersister: File error accessing recents directory (directory doesn't exist?).
11-23 14:11:52.029  1239  1265 W art     : Long monitor contention with owner ActivityManager (1253) at void com.android.server.am.BroadcastQueue.processNextBroadcast(boolean)(BroadcastQueue.java:754) waiters=0 in int com.android.server.am.ActivityManagerService.broadcastIntent(android.app.IApplicationThread, android.content.Intent, java.lang.String, android.content.IIntentReceiver, int, java.lang.String, android.os.Bundle, java.lang.String[], int, android.os.Bundle, boolean, boolean, int) for 468ms
11-23 14:11:52.716  1239  1265 E KernelUidCpuTimeReader: failed to remove uid from uid_cputime module
11-23 14:11:52.716  1239  1265 E KernelUidCpuTimeReader: java.io.FileNotFoundException: /proc/uid_cputime/remove_uid_range (No such file or directory)
11-23 14:11:52.716  1239  1265 E KernelUidCpuTimeReader: 	at java.io.FileOutputStream.open(Native Method)
11-23 14:11:52.716  1239  1265 E KernelUidCpuTimeReader: 	at java.io.FileOutputStream.<init>(FileOutputStream.java:221)
11-23 14:11:52.716  1239  1265 E KernelUidCpuTimeReader: 	at java.io.FileOutputStream.<init>(FileOutputStream.java:108)
11-23 14:11:52.716  1239  1265 E KernelUidCpuTimeReader: 	at java.io.FileWriter.<init>(FileWriter.java:63)
11-23 14:11:52.716  1239  1265 E KernelUidCpuTimeReader: 	at com.android.internal.os.KernelUidCpuTimeReader.removeUid(KernelUidCpuTimeReader.java:158)
11-23 14:11:52.716  1239  1265 E KernelUidCpuTimeReader: 	at com.android.internal.os.BatteryStatsImpl.removeUidStatsLocked(BatteryStatsImpl.java:9805)
11-23 14:11:52.716  1239  1265 E KernelUidCpuTimeReader: 	at com.android.server.am.BatteryStatsService.removeUid(BatteryStatsService.java:291)
11-23 14:11:52.716  1239  1265 E KernelUidCpuTimeReader: 	at com.android.server.am.ActivityManagerService.broadcastIntentLocked(ActivityManagerService.java:17767)
11-23 14:11:52.716  1239  1265 E KernelUidCpuTimeReader: 	at com.android.server.am.ActivityManagerService.broadcastIntent(ActivityManagerService.java:18256)
11-23 14:11:52.716  1239  1265 E KernelUidCpuTimeReader: 	at com.android.server.pm.PackageManagerService$8.run(PackageManagerService.java:11407)
11-23 14:11:52.716  1239  1265 E KernelUidCpuTimeReader: 	at android.os.Handler.handleCallback(Handler.java:751)
11-23 14:11:52.716  1239  1265 E KernelUidCpuTimeReader: 	at android.os.Handler.dispatchMessage(Handler.java:95)
11-23 14:11:52.716  1239  1265 E KernelUidCpuTimeReader: 	at android.os.Looper.loop(Looper.java:154)
11-23 14:11:52.716  1239  1265 E KernelUidCpuTimeReader: 	at android.os.HandlerThread.run(HandlerThread.java:61)
11-23 14:11:52.716  1239  1265 E KernelUidCpuTimeReader: 	at com.android.server.ServiceThread.run(ServiceThread.java:46)
11-23 14:11:53.563  1239  1279 I InputReader: Reconfiguring input devices.  changes=0x00000010
11-23 14:11:53.775  1753  1775 W art     : Suspending all threads took: 183.939ms
11-23 14:11:54.243  1447  1447 D CarrierSvcBindHelper: No carrier app for: 0
11-23 14:11:54.334  1753  1775 I art     : Background partial concurrent mark sweep GC freed 2128(137KB) AllocSpace objects, 7(124KB) LOS objects, 39% free, 3MB/6MB, paused 487.934ms total 3.200s
11-23 14:11:55.130  1239  1252 W LocationProviderProxy-network: Odd, no component found for service com.android.location.service.v3.NetworkLocationProvider
11-23 14:11:55.151  1239  1252 W GeocoderProxy: Odd, no component found for service com.android.location.service.GeocodeProvider
11-23 14:11:55.151  1239  1252 W GeofenceProxy: Odd, no component found for service com.android.location.service.GeofenceProvider
11-23 14:11:55.152  1239  1252 W ActivityRecognitionProxy: Odd, no component found for service com.android.location.service.ActivityRecognitionProvider
11-23 14:11:56.159  1753  1753 I Choreographer: Skipped 102 frames!  The application may be doing too much work on its main thread.
11-23 14:11:56.558  1753  1753 I Choreographer: Skipped 68 frames!  The application may be doing too much work on its main thread.
11-23 14:11:56.689  1753  1753 I Choreographer: Skipped 33 frames!  The application may be doing too much work on its main thread.
11-23 14:11:58.249  1360  1367 I art     : Background partial concurrent mark sweep GC freed 44528(1704KB) AllocSpace objects, 12(5MB) LOS objects, 39% free, 4MB/7MB, paused 114.991ms total 2.117s
11-23 14:11:58.586  1239  1351 W ActivityManager: Slow operation: 128ms so far, now at startProcess: returned from zygote!
11-23 14:11:58.595  1239  1351 W ActivityManager: Slow operation: 136ms so far, now at startProcess: done updating battery stats
11-23 14:11:58.596  1239  1351 W ActivityManager: Slow operation: 137ms so far, now at startProcess: building log message
11-23 14:11:58.596  1239  1351 I ActivityManager: Start proc 2413:com.android.documentsui/u0a7 for broadcast com.android.documentsui/.PackageReceiver
11-23 14:11:58.597  1239  1351 W ActivityManager: Slow operation: 138ms so far, now at startProcess: starting to update pids map
11-23 14:11:58.597  1239  1351 W ActivityManager: Slow operation: 138ms so far, now at startProcess: done updating pids map
11-23 14:11:58.597  1239  1351 W ActivityManager: Slow operation: 157ms so far, now at startProcess: done starting proc!
11-23 14:11:58.645  2413  2413 W art     : Unexpected CPU variant for X86 using defaults: x86
11-23 14:11:59.746  1660  2427 D VoicemailCleanupService: Cleaning up data for package: br.com.catbag.gifreduxsample.test
11-23 14:12:00.984  2413  2413 W System  : ClassLoader referenced unknown path: /system/priv-app/DocumentsUI/lib/x86
11-23 14:12:01.098  1786  1799 W art     : Suspending all threads took: 82.910ms
11-23 14:12:01.548  1326  1484 I LatinIME:LogUtils: Dictionary info: dictionary = main:en ; version = 54 ; date = 1414726273
11-23 14:12:03.026  1326  1484 I LatinIME:LogUtils: Dictionary info: dictionary = main:en ; version = 54 ; date = 1414726273
11-23 14:12:04.949  1239  1437 W ActivityManager: Slow operation: 180ms so far, now at startProcess: returned from zygote!
11-23 14:12:04.949  1239  1437 W ActivityManager: Slow operation: 180ms so far, now at startProcess: done updating battery stats
11-23 14:12:04.951  1239  1437 W ActivityManager: Slow operation: 182ms so far, now at startProcess: building log message
11-23 14:12:04.967  2432  2432 W art     : Unexpected CPU variant for X86 using defaults: x86
11-23 14:12:04.972  1239  1437 I ActivityManager: Start proc 2432:com.android.externalstorage/u0a11 for content provider com.android.externalstorage/.ExternalStorageProvider
11-23 14:12:04.972  1239  1437 W ActivityManager: Slow operation: 203ms so far, now at startProcess: starting to update pids map
11-23 14:12:04.972  1239  1437 W ActivityManager: Slow operation: 204ms so far, now at startProcess: done updating pids map
11-23 14:12:04.973  1239  1437 W ActivityManager: Slow operation: 216ms so far, now at startProcess: done starting proc!
11-23 14:12:04.973  1239  1437 W ActivityManager: Slow operation: 232ms so far, now at getContentProviderImpl: after start process
11-23 14:12:04.973  1239  1437 W ActivityManager: Slow operation: 232ms so far, now at getContentProviderImpl: updating data structures
11-23 14:12:04.990  1239  1437 W ActivityManager: Slow operation: 249ms so far, now at getContentProviderImpl: done!
11-23 14:12:04.992  1239  1254 W art     : Long monitor contention with owner Binder:1239_4 (1437) at android.app.IActivityManager$ContentProviderHolder com.android.server.am.ActivityManagerService.getContentProviderImpl(android.app.IApplicationThread, java.lang.String, android.os.IBinder, boolean, int)(ActivityManagerService.java:10555) waiters=0 in void com.android.server.am.ActivityManagerService.dispatchUidsChanged() for 221ms
11-23 14:12:05.363  2432  2432 W System  : ClassLoader referenced unknown path: /system/priv-app/ExternalStorageProvider/lib/x86
11-23 14:12:06.065  1239  1791 I ActivityManager: Killing 1504:com.android.settings/1000 (adj 906): empty #17
11-23 14:12:06.069  1239  1791 I ActivityManager: Killing 1995:com.android.quicksearchbox/u0a50 (adj 906): empty #18
11-23 14:12:06.910  2432  2432 D ExternalStorage: After updating volumes, found 2 active roots
11-23 14:12:07.699  1786  1786 W ContextImpl: Calling a method in the system process without a qualified user: android.app.ContextImpl.startService:1385 android.content.ContextWrapper.startService:613 android.content.ContextWrapper.startService:613 com.android.keychain.KeyChainBroadcastReceiver.onReceive:12 android.app.ActivityThread.handleReceiver:3011 
11-23 14:12:08.666  1660  2450 D VoicemailCleanupService: Cleaning up data for package: br.com.catbag.gifreduxsample
11-23 14:12:09.238  1239  1251 W ActivityManager: Slow operation: 169ms so far, now at startProcess: returned from zygote!
11-23 14:12:09.238  1239  1251 W ActivityManager: Slow operation: 170ms so far, now at startProcess: done updating battery stats
11-23 14:12:09.240  1239  1251 W ActivityManager: Slow operation: 171ms so far, now at startProcess: building log message
11-23 14:12:09.240  1239  1251 I ActivityManager: Start proc 2451:com.android.mtp/u0a8 for content provider com.android.mtp/.MtpDocumentsProvider
11-23 14:12:09.240  1239  1251 W ActivityManager: Slow operation: 171ms so far, now at startProcess: starting to update pids map
11-23 14:12:09.240  1239  1251 W ActivityManager: Slow operation: 172ms so far, now at startProcess: done updating pids map
11-23 14:12:09.241  1239  1251 W ActivityManager: Slow operation: 176ms so far, now at startProcess: done starting proc!
11-23 14:12:09.241  1239  1251 W ActivityManager: Slow operation: 202ms so far, now at getContentProviderImpl: after start process
11-23 14:12:09.241  1239  1251 W ActivityManager: Slow operation: 202ms so far, now at getContentProviderImpl: updating data structures
11-23 14:12:09.242  1239  1251 W ActivityManager: Slow operation: 203ms so far, now at getContentProviderImpl: done!
11-23 14:12:09.361  2413  2431 W art     : Long monitor contention with owner AsyncTask #2 (2447) at boolean android.os.BinderProxy.transactNative(int, android.os.Parcel, android.os.Parcel, int)(Binder.java:-2) waiters=0 in java.util.Collection com.android.documentsui.RootsCache.loadRootsForAuthority(android.content.ContentResolver, java.lang.String, boolean, com.android.documentsui.RootsCache) for 1.353s
11-23 14:12:09.522  2451  2451 W art     : Unexpected CPU variant for X86 using defaults: x86
11-23 14:12:09.980  1239  1776 I ActivityManager: Killing 2041:com.android.dialer/u0a6 (adj 906): empty #17
11-23 14:12:11.368  1239  1472 D VoldConnector: SND -> {30 appfuse mount 10008 2451 MtpDocumentsProvider}
11-23 14:12:11.484  1239  1281 D VoldConnector: RCV <- {200 30 AppFuse command succeeded}
11-23 14:12:11.725  2432  2443 I art     : WaitForGcToComplete blocked for 20.125ms for cause HomogeneousSpaceCompact
11-23 14:12:31.187  1239  1322 D LightsService: Excessive delay setting light: 73ms
