--------- beginning of main
11-24 14:55:06.250  2120  2120 D AndroidRuntime: >>>>>> START com.android.internal.os.RuntimeInit uid 2000 <<<<<<
11-24 14:55:06.300  2120  2120 D AndroidRuntime: CheckJNI is ON
11-24 14:55:06.559  2120  2120 W art     : Unexpected CPU variant for X86 using defaults: x86
11-24 14:55:06.655  2120  2120 D ICU     : No timezone override file found: /data/misc/zoneinfo/current/icu/icu_tzdata.dat
11-24 14:55:06.877  2120  2120 E memtrack: Couldn't load memtrack module (No such file or directory)
11-24 14:55:06.877  2120  2120 E android.os.Debug: failed to load memtrack module: -2
11-24 14:55:06.894  2120  2120 I Radio-JNI: register_android_hardware_Radio DONE
11-24 14:55:07.026  2120  2120 D AndroidRuntime: Calling main entry com.android.commands.am.Am
11-24 14:55:07.081  2120  2120 D AndroidRuntime: Shutting down VM
11-24 14:55:07.467  2130  2130 D AndroidRuntime: >>>>>> START com.android.internal.os.RuntimeInit uid 2000 <<<<<<
11-24 14:55:07.475  2130  2130 D AndroidRuntime: CheckJNI is ON
11-24 14:55:07.529  2130  2130 W art     : Unexpected CPU variant for X86 using defaults: x86
11-24 14:55:07.535  2130  2130 D ICU     : No timezone override file found: /data/misc/zoneinfo/current/icu/icu_tzdata.dat
11-24 14:55:07.589  2130  2130 E memtrack: Couldn't load memtrack module (No such file or directory)
11-24 14:55:07.589  2130  2130 E android.os.Debug: failed to load memtrack module: -2
11-24 14:55:07.595  2130  2130 I Radio-JNI: register_android_hardware_Radio DONE
11-24 14:55:07.616  2130  2130 D AndroidRuntime: Calling main entry com.android.commands.pm.Pm
11-24 14:55:07.754  2130  2130 I art     : System.exit called, status: 0
11-24 14:55:07.754  2130  2130 I AndroidRuntime: VM exiting with result code 0.
11-24 14:55:08.513  2141  2141 D AndroidRuntime: >>>>>> START com.android.internal.os.RuntimeInit uid 2000 <<<<<<
11-24 14:55:08.515  2141  2141 D AndroidRuntime: CheckJNI is ON
11-24 14:55:08.572  2141  2141 W art     : Unexpected CPU variant for X86 using defaults: x86
11-24 14:55:08.583  2141  2141 D ICU     : No timezone override file found: /data/misc/zoneinfo/current/icu/icu_tzdata.dat
11-24 14:55:08.614  2141  2141 E memtrack: Couldn't load memtrack module (No such file or directory)
11-24 14:55:08.614  2141  2141 E android.os.Debug: failed to load memtrack module: -2
11-24 14:55:08.615  2141  2141 I Radio-JNI: register_android_hardware_Radio DONE
11-24 14:55:08.638  2141  2141 D AndroidRuntime: Calling main entry com.android.commands.pm.Pm
11-24 14:55:08.714   993   993 I         : free_cache(7064542) avail 512557056
11-24 14:55:19.431  2141  2141 I art     : System.exit called, status: 0
11-24 14:55:19.431  2141  2141 I AndroidRuntime: VM exiting with result code 0.
11-24 14:55:19.781  2153  2153 D AndroidRuntime: >>>>>> START com.android.internal.os.RuntimeInit uid 2000 <<<<<<
11-24 14:55:19.784  2153  2153 D AndroidRuntime: CheckJNI is ON
11-24 14:55:19.845  2153  2153 W art     : Unexpected CPU variant for X86 using defaults: x86
11-24 14:55:19.856  2153  2153 D ICU     : No timezone override file found: /data/misc/zoneinfo/current/icu/icu_tzdata.dat
11-24 14:55:19.893  2153  2153 E memtrack: Couldn't load memtrack module (No such file or directory)
11-24 14:55:19.894  2153  2153 E android.os.Debug: failed to load memtrack module: -2
11-24 14:55:19.895  2153  2153 I Radio-JNI: register_android_hardware_Radio DONE
11-24 14:55:19.924  2153  2153 D AndroidRuntime: Calling main entry com.android.commands.pm.Pm
--------- beginning of system
11-24 14:55:20.385  1237  1263 W ActivityManager: Slow operation: 91ms so far, now at startProcess: returned from zygote!
11-24 14:55:20.385  1237  1263 W ActivityManager: Slow operation: 91ms so far, now at startProcess: done updating battery stats
11-24 14:55:20.386  1237  1263 W ActivityManager: Slow operation: 93ms so far, now at startProcess: building log message
11-24 14:55:20.387  1237  1263 I ActivityManager: Start proc 2163:com.android.defcontainer/u0a5 for service com.android.defcontainer/.DefaultContainerService
11-24 14:55:20.388  1237  1263 W ActivityManager: Slow operation: 94ms so far, now at startProcess: starting to update pids map
11-24 14:55:20.389  1237  1263 W ActivityManager: Slow operation: 95ms so far, now at startProcess: done updating pids map
11-24 14:55:20.389  1237  1263 W ActivityManager: Slow operation: 101ms so far, now at startProcess: done starting proc!
11-24 14:55:20.402  2163  2163 W art     : Unexpected CPU variant for X86 using defaults: x86
11-24 14:55:20.751  1237  1263 I PackageManager.DexOptimizer: Running dexopt (dex2oat) on: /data/app/vmdl1227480664.tmp/base.apk pkg=br.com.catbag.gifreduxsample isa=x86 vmSafeMode=false debuggable=true target-filter=interpret-only oatDir = /data/app/vmdl1227480664.tmp/oat sharedLibraries=null
11-24 14:55:20.797  2178  2178 W dex2oat : Unexpected CPU variant for X86 using defaults: x86
11-24 14:55:20.798  2178  2178 W dex2oat : Mismatch between dex2oat instruction set features (ISA: X86 Feature string: smp,-ssse3,-sse4.1,-sse4.2,-avx,-avx2,-lock_add,-popcnt) and those of dex2oat executable (ISA: X86 Feature string: smp,ssse3,-sse4.1,-sse4.2,-avx,-avx2,-lock_add,-popcnt) for the command line:
11-24 14:55:20.798  2178  2178 W dex2oat : /system/bin/dex2oat --zip-fd=6 --zip-location=base.apk --oat-fd=7 --oat-location=/data/app/vmdl1227480664.tmp/oat/x86/base.odex --instruction-set=x86 --instruction-set-variant=x86 --instruction-set-features=default --runtime-arg -Xms64m --runtime-arg -Xmx512m --compiler-filter=interpret-only --swap-fd=9 --debuggable
11-24 14:55:20.814  2178  2178 I dex2oat : /system/bin/dex2oat --compiler-filter=interpret-only --debuggable
11-24 14:55:24.004  2178  2178 W dex2oat : Before Android 4.1, method android.graphics.PorterDuffColorFilter android.support.graphics.drawable.VectorDrawableCompat.updateTintFilter(android.graphics.PorterDuffColorFilter, android.content.res.ColorStateList, android.graphics.PorterDuff$Mode) would have incorrectly overridden the package-private method in android.graphics.drawable.Drawable
11-24 14:55:24.118  2178  2178 W dex2oat : Before Android 4.1, method int android.support.v7.widget.ListViewCompat.lookForSelectablePosition(int, boolean) would have incorrectly overridden the package-private method in android.widget.ListView
11-24 14:55:40.679  2178  2178 W dex2oat : Verification of void org.immutables.value.internal.$processor$.meta.$StyleMirror.<init>(javax.lang.model.element.AnnotationMirror) took 111.079ms
11-24 14:56:00.255  2178  2178 W dex2oat : Compilation of void trikita.anvil.DSL$RightStripDrawableFunc8567756a.<init>() took 215.301ms
11-24 14:56:05.755  2178  2178 W dex2oat : Compilation of void com.fasterxml.jackson.core.json.UTF8DataInputJsonParser.<init>(com.fasterxml.jackson.core.io.IOContext, int, java.io.DataInput, com.fasterxml.jackson.core.ObjectCodec, com.fasterxml.jackson.core.sym.ByteQuadsCanonicalizer, int) took 203.818ms
11-24 14:56:10.705  2178  2178 W dex2oat : Compilation of int com.google.common.collect.UsingToStringOrdering.compare(java.lang.Object, java.lang.Object) took 156.684ms
11-24 14:56:15.714  2178  2178 W dex2oat : Compilation of org.jacoco.agent.rt.internal_e6e56f0.output.IAgentOutput org.jacoco.agent.rt.internal_e6e56f0.Agent.createAgentOutput() took 164.092ms
11-24 14:56:18.287  2178  2178 I dex2oat : dex2oat took 57.493s (threads: 1) arena alloc=1402KB (1436528B) java alloc=7MB (8050336B) native alloc=13MB (14283232B) free=3MB (3149344B)
11-24 14:56:18.575  1237  1263 W PackageManager: Not granting permission android.permission.SET_DEBUG_APP to package br.com.catbag.gifreduxsample (protectionLevel=50 flags=0x3848be46)
11-24 14:56:18.720  1237  1263 V BackupManagerService: restoreAtInstall pkg=br.com.catbag.gifreduxsample token=1 restoreSet=0
11-24 14:56:18.733  1237  1263 W BackupManagerService: Requested unavailable transport: android/com.android.internal.backup.LocalTransport
11-24 14:56:18.734  1237  1263 W BackupManagerService: No transport
11-24 14:56:18.734  1237  1263 V BackupManagerService: Finishing install immediately
11-24 14:56:18.782  1237  1263 I art     : Starting a blocking GC Explicit
11-24 14:56:19.162  1237  1263 I art     : Explicit concurrent mark sweep GC freed 30025(1949KB) AllocSpace objects, 13(308KB) LOS objects, 33% free, 6MB/10MB, paused 6.273ms total 356.111ms
11-24 14:56:19.172   993   993 E         : Couldn't opendir /data/app/vmdl1227480664.tmp: No such file or directory
11-24 14:56:19.214  2153  2153 I art     : System.exit called, status: 0
11-24 14:56:19.214  2153  2153 I AndroidRuntime: VM exiting with result code 0.
11-24 14:56:19.439  1237  1278 I InputReader: Reconfiguring input devices.  changes=0x00000010
11-24 14:56:19.606  1437  1437 D CarrierSvcBindHelper: No carrier app for: 0
11-24 14:56:19.643  1437  1437 D CarrierConfigLoader: mHandler: 9 phoneId: 0
11-24 14:56:20.010  1237  1250 W VoiceInteractionManagerService: no available voice recognition services found for user 0
11-24 14:56:20.021  1237  1250 W LocationProviderProxy-network: Odd, no component found for service com.android.location.service.v3.NetworkLocationProvider
11-24 14:56:20.022  1237  1250 W GeocoderProxy: Odd, no component found for service com.android.location.service.GeocodeProvider
11-24 14:56:20.022  1237  1250 W GeofenceProxy: Odd, no component found for service com.android.location.service.GeofenceProvider
11-24 14:56:20.023  1237  1250 W ActivityRecognitionProxy: Odd, no component found for service com.android.location.service.ActivityRecognitionProvider
11-24 14:56:20.426  2185  2185 D AndroidRuntime: >>>>>> START com.android.internal.os.RuntimeInit uid 2000 <<<<<<
11-24 14:56:20.429  2185  2185 D AndroidRuntime: CheckJNI is ON
11-24 14:56:20.629  2185  2185 W art     : Unexpected CPU variant for X86 using defaults: x86
11-24 14:56:20.651  2185  2185 D ICU     : No timezone override file found: /data/misc/zoneinfo/current/icu/icu_tzdata.dat
11-24 14:56:20.694  2185  2185 E memtrack: Couldn't load memtrack module (No such file or directory)
11-24 14:56:20.694  2185  2185 E android.os.Debug: failed to load memtrack module: -2
11-24 14:56:20.696  2185  2185 I Radio-JNI: register_android_hardware_Radio DONE
11-24 14:56:20.722  2185  2185 D AndroidRuntime: Calling main entry com.android.commands.pm.Pm
11-24 14:56:20.744  2185  2185 I art     : System.exit called, status: 0
11-24 14:56:20.745  2185  2185 I AndroidRuntime: VM exiting with result code 0.
11-24 14:56:21.575  2201  2201 D AndroidRuntime: >>>>>> START com.android.internal.os.RuntimeInit uid 2000 <<<<<<
11-24 14:56:21.579  2201  2201 D AndroidRuntime: CheckJNI is ON
11-24 14:56:21.664  2201  2201 W art     : Unexpected CPU variant for X86 using defaults: x86
11-24 14:56:21.670  2201  2201 D ICU     : No timezone override file found: /data/misc/zoneinfo/current/icu/icu_tzdata.dat
11-24 14:56:21.698  2201  2201 E memtrack: Couldn't load memtrack module (No such file or directory)
11-24 14:56:21.698  2201  2201 E android.os.Debug: failed to load memtrack module: -2
11-24 14:56:21.699  2201  2201 I Radio-JNI: register_android_hardware_Radio DONE
11-24 14:56:21.721  2201  2201 D AndroidRuntime: Calling main entry com.android.commands.pm.Pm
11-24 14:56:21.777   993   993 I         : free_cache(2038438) avail 492617728
11-24 14:56:22.565  1237  1454 W ActivityManager: Slow operation: 70ms so far, now at startProcess: building log message
11-24 14:56:22.565  1237  1454 I ActivityManager: Start proc 2214:com.svox.pico/u0a46 for broadcast com.svox.pico/.VoiceDataInstallerReceiver
11-24 14:56:22.565  1237  1454 W ActivityManager: Slow operation: 70ms so far, now at startProcess: starting to update pids map
11-24 14:56:22.566  1237  1454 W ActivityManager: Slow operation: 71ms so far, now at startProcess: done updating pids map
11-24 14:56:22.566  1237  1454 W ActivityManager: Slow operation: 73ms so far, now at startProcess: done starting proc!
11-24 14:56:22.604  2214  2214 W art     : Unexpected CPU variant for X86 using defaults: x86
11-24 14:56:24.772  1237  1703 I ActivityManager: Killing 1755:com.android.sdksetup/u0a16 (adj 906): empty #17
11-24 14:56:25.176  2201  2201 I art     : System.exit called, status: 0
11-24 14:56:25.176  2201  2201 I AndroidRuntime: VM exiting with result code 0.
11-24 14:56:25.639  2229  2229 D AndroidRuntime: >>>>>> START com.android.internal.os.RuntimeInit uid 2000 <<<<<<
11-24 14:56:25.663  2229  2229 D AndroidRuntime: CheckJNI is ON
11-24 14:56:25.734  2229  2229 W art     : Unexpected CPU variant for X86 using defaults: x86
11-24 14:56:25.741  2229  2229 D ICU     : No timezone override file found: /data/misc/zoneinfo/current/icu/icu_tzdata.dat
11-24 14:56:25.772  2229  2229 E memtrack: Couldn't load memtrack module (No such file or directory)
11-24 14:56:25.772  2229  2229 E android.os.Debug: failed to load memtrack module: -2
11-24 14:56:25.773  2229  2229 I Radio-JNI: register_android_hardware_Radio DONE
11-24 14:56:25.805  2229  2229 D AndroidRuntime: Calling main entry com.android.commands.pm.Pm
11-24 14:56:25.870  2163  2174 I art     : HomogeneousSpaceCompact marksweep + semispace GC freed 6548(420KB) AllocSpace objects, 0(0B) LOS objects, 39% free, 1972KB/3MB, paused 1.830s total 1.830s
11-24 14:56:25.926  1237  1263 I PackageManager.DexOptimizer: Running dexopt (dex2oat) on: /data/app/vmdl307032539.tmp/base.apk pkg=br.com.catbag.gifreduxsample.test isa=x86 vmSafeMode=false debuggable=true target-filter=interpret-only oatDir = /data/app/vmdl307032539.tmp/oat sharedLibraries=/system/framework/android.test.runner.jar
11-24 14:56:25.966  2240  2240 W dex2oat : Unexpected CPU variant for X86 using defaults: x86
11-24 14:56:25.966  2240  2240 W dex2oat : Mismatch between dex2oat instruction set features (ISA: X86 Feature string: smp,-ssse3,-sse4.1,-sse4.2,-avx,-avx2,-lock_add,-popcnt) and those of dex2oat executable (ISA: X86 Feature string: smp,ssse3,-sse4.1,-sse4.2,-avx,-avx2,-lock_add,-popcnt) for the command line:
11-24 14:56:25.967  2240  2240 W dex2oat : /system/bin/dex2oat --zip-fd=6 --zip-location=base.apk --oat-fd=7 --oat-location=/data/app/vmdl307032539.tmp/oat/x86/base.odex --instruction-set=x86 --instruction-set-variant=x86 --instruction-set-features=default --runtime-arg -Xms64m --runtime-arg -Xmx512m --compiler-filter=interpret-only --swap-fd=9 --debuggable --runtime-arg -classpath --runtime-arg /system/framework/android.test.runner.jar
11-24 14:56:25.967  2240  2240 I dex2oat : /system/bin/dex2oat --compiler-filter=interpret-only --debuggable
11-24 14:56:50.789  2240  2240 W dex2oat : Compilation of void com.google.android.apps.common.testing.accessibility.framework.AccessibilityCheckUtils.<init>() took 161.976ms
11-24 14:56:54.120  2240  2240 I dex2oat : dex2oat took 28.153s (threads: 1) arena alloc=824B (824B) java alloc=3MB (3868560B) native alloc=6MB (6969808B) free=2MB (2467376B)
11-24 14:56:54.363  1237  1263 V BackupManagerService: restoreAtInstall pkg=br.com.catbag.gifreduxsample.test token=2 restoreSet=0
11-24 14:56:54.363  1237  1263 W BackupManagerService: Requested unavailable transport: android/com.android.internal.backup.LocalTransport
11-24 14:56:54.364  1237  1263 W BackupManagerService: No transport
11-24 14:56:54.364  1237  1263 V BackupManagerService: Finishing install immediately
11-24 14:56:54.477  1237  1263 I art     : Starting a blocking GC Explicit
11-24 14:56:54.582  1237  1263 I art     : Explicit concurrent mark sweep GC freed 37898(2MB) AllocSpace objects, 12(288KB) LOS objects, 33% free, 6MB/10MB, paused 5.454ms total 90.738ms
11-24 14:56:54.589   993   993 E         : Couldn't opendir /data/app/vmdl307032539.tmp: No such file or directory
11-24 14:56:54.635  2229  2229 I art     : System.exit called, status: 0
11-24 14:56:54.635  2229  2229 I AndroidRuntime: VM exiting with result code 0.
11-24 14:56:54.655  1237  1278 I InputReader: Reconfiguring input devices.  changes=0x00000010
11-24 14:56:54.773  1437  1437 D CarrierSvcBindHelper: No carrier app for: 0
11-24 14:56:54.788  1437  1437 D CarrierConfigLoader: mHandler: 9 phoneId: 0
11-24 14:56:54.985  1237  1250 W VoiceInteractionManagerService: no available voice recognition services found for user 0
11-24 14:56:54.986  1237  1250 W LocationProviderProxy-network: Odd, no component found for service com.android.location.service.v3.NetworkLocationProvider
11-24 14:56:54.987  1237  1250 W GeocoderProxy: Odd, no component found for service com.android.location.service.GeocodeProvider
11-24 14:56:54.987  1237  1250 W GeofenceProxy: Odd, no component found for service com.android.location.service.GeofenceProvider
11-24 14:56:54.988  1237  1250 W ActivityRecognitionProxy: Odd, no component found for service com.android.location.service.ActivityRecognitionProvider
11-24 14:56:55.483  2245  2245 D AndroidRuntime: >>>>>> START com.android.internal.os.RuntimeInit uid 2000 <<<<<<
11-24 14:56:55.485  2245  2245 D AndroidRuntime: CheckJNI is ON
11-24 14:56:55.536  2245  2245 W art     : Unexpected CPU variant for X86 using defaults: x86
11-24 14:56:55.543  2245  2245 D ICU     : No timezone override file found: /data/misc/zoneinfo/current/icu/icu_tzdata.dat
11-24 14:56:55.572  2245  2245 E memtrack: Couldn't load memtrack module (No such file or directory)
11-24 14:56:55.572  2245  2245 E android.os.Debug: failed to load memtrack module: -2
11-24 14:56:55.574  2245  2245 I Radio-JNI: register_android_hardware_Radio DONE
11-24 14:56:55.592  2245  2245 D AndroidRuntime: Calling main entry com.android.commands.am.Am
11-24 14:56:55.605  1237  1248 I ActivityManager: Force stopping br.com.catbag.gifreduxsample appid=10060 user=0: start instr
11-24 14:56:55.620  1237  1248 I ActivityManager: Start proc 2256:br.com.catbag.gifreduxsample/u0a60 for added application br.com.catbag.gifreduxsample
11-24 14:56:55.627  2256  2256 I art     : Not late-enabling -Xcheck:jni (already on)
11-24 14:56:55.628  2256  2256 W art     : Unexpected CPU variant for X86 using defaults: x86
11-24 14:56:55.710  2256  2256 W System  : ClassLoader referenced unknown path: /data/app/br.com.catbag.gifreduxsample.test-1/lib/x86
11-24 14:56:55.722  2256  2256 W System  : ClassLoader referenced unknown path: 
11-24 14:56:55.776  2256  2256 W System.err: java.io.FileNotFoundException: /jacoco.exec (Read-only file system)
11-24 14:56:55.778  2256  2256 W System.err: 	at java.io.FileOutputStream.open(Native Method)
11-24 14:56:55.778  2256  2256 W System.err: 	at java.io.FileOutputStream.<init>(FileOutputStream.java:221)
11-24 14:56:55.778  2256  2256 W System.err: 	at org.jacoco.agent.rt.internal_e6e56f0.output.FileOutput.openFile(FileOutput.java:67)
11-24 14:56:55.779  2256  2256 W System.err: 	at org.jacoco.agent.rt.internal_e6e56f0.output.FileOutput.startup(FileOutput.java:49)
11-24 14:56:55.779  2256  2256 W System.err: 	at org.jacoco.agent.rt.internal_e6e56f0.Agent.startup(Agent.java:122)
11-24 14:56:55.779  2256  2256 W System.err: 	at org.jacoco.agent.rt.internal_e6e56f0.Agent.getInstance(Agent.java:50)
11-24 14:56:55.779  2256  2256 W System.err: 	at org.jacoco.agent.rt.internal_e6e56f0.Offline.<clinit>(Offline.java:31)
11-24 14:56:55.779  2256  2256 W System.err: 	at org.jacoco.agent.rt.internal_e6e56f0.Offline.getProbes(Offline.java:51)
11-24 14:56:55.779  2256  2256 W System.err: 	at br.com.catbag.gifreduxsample.MyApp.$jacocoInit(MyApp.java)
11-24 14:56:55.780  2256  2256 W System.err: 	at br.com.catbag.gifreduxsample.MyApp.<clinit>(MyApp.java)
11-24 14:56:55.780  2256  2256 W System.err: 	at java.lang.Class.newInstance(Native Method)
11-24 14:56:55.780  2256  2256 W System.err: 	at android.app.Instrumentation.newApplication(Instrumentation.java:1007)
11-24 14:56:55.780  2256  2256 W System.err: 	at android.app.Instrumentation.newApplication(Instrumentation.java:992)
11-24 14:56:55.780  2256  2256 W System.err: 	at android.app.LoadedApk.makeApplication(LoadedApk.java:796)
11-24 14:56:55.780  2256  2256 W System.err: 	at android.app.ActivityThread.handleBindApplication(ActivityThread.java:5335)
11-24 14:56:55.781  2256  2256 W System.err: 	at android.app.ActivityThread.-wrap2(ActivityThread.java)
11-24 14:56:55.781  2256  2256 W System.err: 	at android.app.ActivityThread$H.handleMessage(ActivityThread.java:1528)
11-24 14:56:55.781  2256  2256 W System.err: 	at android.os.Handler.dispatchMessage(Handler.java:102)
11-24 14:56:55.806  2256  2256 W System.err: 	at android.os.Looper.loop(Looper.java:154)
11-24 14:56:55.806  2256  2256 W System.err: 	at android.app.ActivityThread.main(ActivityThread.java:6077)
11-24 14:56:55.807  2256  2256 W System.err: 	at java.lang.reflect.Method.invoke(Native Method)
11-24 14:56:55.807  2256  2256 W System.err: 	at com.android.internal.os.ZygoteInit$MethodAndArgsCaller.run(ZygoteInit.java:865)
11-24 14:56:55.807  2256  2256 W System.err: 	at com.android.internal.os.ZygoteInit.main(ZygoteInit.java:755)
11-24 14:56:55.825  2256  2256 I MonitoringInstrumentation: Instrumentation Started!
11-24 14:56:55.830  2256  2256 I MonitoringInstrumentation: Setting context classloader to 'dalvik.system.PathClassLoader[DexPathList[[zip file "/system/framework/android.test.runner.jar", zip file "/data/app/br.com.catbag.gifreduxsample.test-1/base.apk", zip file "/data/app/br.com.catbag.gifreduxsample-1/base.apk"],nativeLibraryDirectories=[/data/app/br.com.catbag.gifreduxsample.test-1/lib/x86, /data/app/br.com.catbag.gifreduxsample-1/lib/x86, /system/fake-libs, /data/app/br.com.catbag.gifreduxsample.test-1/base.apk!/lib/x86, /data/app/br.com.catbag.gifreduxsample-1/base.apk!/lib/x86, /system/lib, /vendor/lib]]]', Original: 'dalvik.system.PathClassLoader[DexPathList[[zip file "/system/framework/android.test.runner.jar", zip file "/data/app/br.com.catbag.gifreduxsample.test-1/base.apk", zip file "/data/app/br.com.catbag.gifreduxsample-1/base.apk"],nativeLibraryDirectories=[/data/app/br.com.catbag.gifreduxsample.test-1/lib/x86, /data/app/br.com.catbag.gifreduxsample-1/lib/x86, /system/fake-libs, /data/app/br.com.catbag.gifreduxsample.test-1/base.apk!/lib/x86, /data/app/br.com.catbag.gifreduxsample-1/base.apk!/lib/x86, /system/lib, /vendor/lib]]]'
11-24 14:56:55.910  2256  2256 D NetworkSecurityConfig: No Network Security Config specified, using platform default
11-24 14:56:55.949  2256  2256 I MonitoringInstrumentation: No JSBridge.
11-24 14:56:55.974  2256  2272 I UsageTrackerFacilitator: Usage tracking enabled
11-24 14:56:55.975  2256  2272 I TestRequestBuilder: Scanning classpath to find tests in apks [/data/app/br.com.catbag.gifreduxsample.test-1/base.apk]
11-24 14:56:56.457  2256  2272 I art     : Rejecting re-init on previously-failed class java.lang.Class<org.objectweb.asm.commons.JSRInlinerAdapter>: java.lang.NoClassDefFoundError: Failed resolution of: Lorg/objectweb/asm/tree/MethodNode;
11-24 14:56:56.457  2256  2272 I art     :   at java.lang.Class java.lang.Class.classForName!(java.lang.String, boolean, java.lang.ClassLoader) (Class.java:-2)
11-24 14:56:56.457  2256  2272 I art     :   at java.lang.Class java.lang.Class.forName(java.lang.String, boolean, java.lang.ClassLoader) (Class.java:400)
11-24 14:56:56.457  2256  2272 I art     :   at java.lang.Class android.support.test.internal.runner.TestLoader.doLoadClass(java.lang.String) (TestLoader.java:92)
11-24 14:56:56.457  2256  2272 I art     :   at java.lang.Class android.support.test.internal.runner.TestLoader.loadIfTest(java.lang.String) (TestLoader.java:113)
11-24 14:56:56.457  2256  2272 I art     :   at void android.support.test.internal.runner.TestRequestBuilder.loadClassesFromClassPath(android.support.test.internal.runner.TestLoader, java.util.Set) (TestRequestBuilder.java:801)
11-24 14:56:56.458  2256  2272 I art     :   at android.support.test.internal.runner.TestRequest android.support.test.internal.runner.TestRequestBuilder.build() (TestRequestBuilder.java:747)
11-24 14:56:56.458  2256  2272 I art     :   at android.support.test.internal.runner.TestRequest android.support.test.runner.AndroidJUnitRunner.buildRequest(android.support.test.internal.runner.RunnerArgs, android.os.Bundle) (AndroidJUnitRunner.java:354)
11-24 14:56:56.458  2256  2272 I art     :   at void android.support.test.runner.AndroidJUnitRunner.onStart() (AndroidJUnitRunner.java:260)
11-24 14:56:56.458  2256  2272 I art     :   at void android.app.Instrumentation$InstrumentationThread.run() (Instrumentation.java:1932)
11-24 14:56:56.458  2256  2272 I art     : Caused by: java.lang.ClassNotFoundException: Didn't find class "org.objectweb.asm.tree.MethodNode" on path: DexPathList[[zip file "/system/framework/android.test.runner.jar", zip file "/data/app/br.com.catbag.gifreduxsample.test-1/base.apk", zip file "/data/app/br.com.catbag.gifreduxsample-1/base.apk"],nativeLibraryDirectories=[/data/app/br.com.catbag.gifreduxsample.test-1/lib/x86, /data/app/br.com.catbag.gifreduxsample-1/lib/x86, /system/fake-libs, /data/app/br.com.catbag.gifreduxsample.test-1/base.apk!/lib/x86, /data/app/br.com.catbag.gifreduxsample-1/base.apk!/lib/x86, /system/lib, /vendor/lib]]
11-24 14:56:56.458  2256  2272 I art     :   at java.lang.Class dalvik.system.BaseDexClassLoader.findClass(java.lang.String) (BaseDexClassLoader.java:56)
11-24 14:56:56.458  2256  2272 I art     :   at java.lang.Class java.lang.ClassLoader.loadClass(java.lang.String, boolean) (ClassLoader.java:380)
11-24 14:56:56.458  2256  2272 I art     :   at java.lang.Class java.lang.ClassLoader.loadClass(java.lang.String) (ClassLoader.java:312)
11-24 14:56:56.459  2256  2272 I art     :   at java.lang.Class java.lang.Class.classForName!(java.lang.String, boolean, java.lang.ClassLoader) (Class.java:-2)
11-24 14:56:56.459  2256  2272 I art     :   at java.lang.Class java.lang.Class.forName(java.lang.String, boolean, java.lang.ClassLoader) (Class.java:400)
11-24 14:56:56.459  2256  2272 I art     :   at java.lang.Class android.support.test.internal.runner.TestLoader.doLoadClass(java.lang.String) (TestLoader.java:92)
11-24 14:56:56.459  2256  2272 I art     :   at java.lang.Class android.support.test.internal.runner.TestLoader.loadIfTest(java.lang.String) (TestLoader.java:113)
11-24 14:56:56.459  2256  2272 I art     :   at void android.support.test.internal.runner.TestRequestBuilder.loadClassesFromClassPath(android.support.test.internal.runner.TestLoader, java.util.Set) (TestRequestBuilder.java:801)
11-24 14:56:56.459  2256  2272 I art     :   at android.support.test.internal.runner.TestRequest android.support.test.internal.runner.TestRequestBuilder.build() (TestRequestBuilder.java:747)
11-24 14:56:56.460  2256  2272 I art     :   at android.support.test.internal.runner.TestRequest android.support.test.runner.AndroidJUnitRunner.buildRequest(android.support.test.internal.runner.RunnerArgs, android.os.Bundle) (AndroidJUnitRunner.java:354)
11-24 14:56:56.460  2256  2272 I art     :   at void android.support.test.runner.AndroidJUnitRunner.onStart() (AndroidJUnitRunner.java:260)
11-24 14:56:56.460  2256  2272 I art     :   at void android.app.Instrumentation$InstrumentationThread.run() (Instrumentation.java:1932)
11-24 14:56:56.460  2256  2272 I art     : 
11-24 14:56:56.460  2256  2272 E TestLoader: Could not find class: org.objectweb.asm.commons.JSRInlinerAdapter
11-24 14:56:56.496  2256  2272 I art     : Rejecting re-init on previously-failed class java.lang.Class<org.objectweb.asm.commons.TryCatchBlockSorter>: java.lang.NoClassDefFoundError: Failed resolution of: Lorg/objectweb/asm/tree/MethodNode;
11-24 14:56:56.496  2256  2272 I art     :   at java.lang.Class java.lang.Class.classForName!(java.lang.String, boolean, java.lang.ClassLoader) (Class.java:-2)
11-24 14:56:56.496  2256  2272 I art     :   at java.lang.Class java.lang.Class.forName(java.lang.String, boolean, java.lang.ClassLoader) (Class.java:400)
11-24 14:56:56.497  2256  2272 I art     :   at java.lang.Class android.support.test.internal.runner.TestLoader.doLoadClass(java.lang.String) (TestLoader.java:92)
11-24 14:56:56.497  2256  2272 I art     :   at java.lang.Class android.support.test.internal.runner.TestLoader.loadIfTest(java.lang.String) (TestLoader.java:113)
11-24 14:56:56.497  2256  2272 I art     :   at void android.support.test.internal.runner.TestRequestBuilder.loadClassesFromClassPath(android.support.test.internal.runner.TestLoader, java.util.Set) (TestRequestBuilder.java:801)
11-24 14:56:56.497  2256  2272 I art     :   at android.support.test.internal.runner.TestRequest android.support.test.internal.runner.TestRequestBuilder.build() (TestRequestBuilder.java:747)
11-24 14:56:56.497  2256  2272 I art     :   at android.support.test.internal.runner.TestRequest android.support.test.runner.AndroidJUnitRunner.buildRequest(android.support.test.internal.runner.RunnerArgs, android.os.Bundle) (AndroidJUnitRunner.java:354)
11-24 14:56:56.497  2256  2272 I art     :   at void android.support.test.runner.AndroidJUnitRunner.onStart() (AndroidJUnitRunner.java:260)
11-24 14:56:56.497  2256  2272 I art     :   at void android.app.Instrumentation$InstrumentationThread.run() (Instrumentation.java:1932)
11-24 14:56:56.497  2256  2272 I art     : Caused by: java.lang.ClassNotFoundException: Didn't find class "org.objectweb.asm.tree.MethodNode" on path: DexPathList[[zip file "/system/framework/android.test.runner.jar", zip file "/data/app/br.com.catbag.gifreduxsample.test-1/base.apk", zip file "/data/app/br.com.catbag.gifreduxsample-1/base.apk"],nativeLibraryDirectories=[/data/app/br.com.catbag.gifreduxsample.test-1/lib/x86, /data/app/br.com.catbag.gifreduxsample-1/lib/x86, /system/fake-libs, /data/app/br.com.catbag.gifreduxsample.test-1/base.apk!/lib/x86, /data/app/br.com.catbag.gifreduxsample-1/base.apk!/lib/x86, /system/lib, /vendor/lib]]
11-24 14:56:56.498  2256  2272 I art     :   at java.lang.Class dalvik.system.BaseDexClassLoader.findClass(java.lang.String) (BaseDexClassLoader.java:56)
11-24 14:56:56.498  2256  2272 I art     :   at java.lang.Class java.lang.ClassLoader.loadClass(java.lang.String, boolean) (ClassLoader.java:380)
11-24 14:56:56.498  2256  2272 I art     :   at java.lang.Class java.lang.ClassLoader.loadClass(java.lang.String) (ClassLoader.java:312)
11-24 14:56:56.498  2256  2272 I art     :   at java.lang.Class java.lang.Class.classForName!(java.lang.String, boolean, java.lang.ClassLoader) (Class.java:-2)
11-24 14:56:56.498  2256  2272 I art     :   at java.lang.Class java.lang.Class.forName(java.lang.String, boolean, java.lang.ClassLoader) (Class.java:400)
11-24 14:56:56.498  2256  2272 I art     :   at java.lang.Class android.support.test.internal.runner.TestLoader.doLoadClass(java.lang.String) (TestLoader.java:92)
11-24 14:56:56.499  2256  2272 I art     :   at java.lang.Class android.support.test.internal.runner.TestLoader.loadIfTest(java.lang.String) (TestLoader.java:113)
11-24 14:56:56.499  2256  2272 I art     :   at void android.support.test.internal.runner.TestRequestBuilder.loadClassesFromClassPath(android.support.test.internal.runner.TestLoader, java.util.Set) (TestRequestBuilder.java:801)
11-24 14:56:56.499  2256  2272 I art     :   at android.support.test.internal.runner.TestRequest android.support.test.internal.runner.TestRequestBuilder.build() (TestRequestBuilder.java:747)
11-24 14:56:56.499  2256  2272 I art     :   at android.support.test.internal.runner.TestRequest android.support.test.runner.AndroidJUnitRunner.buildRequest(android.support.test.internal.runner.RunnerArgs, android.os.Bundle) (AndroidJUnitRunner.java:354)
11-24 14:56:56.499  2256  2272 I art     :   at void android.support.test.runner.AndroidJUnitRunner.onStart() (AndroidJUnitRunner.java:260)
11-24 14:56:56.500  2256  2272 I art     :   at void android.app.Instrumentation$InstrumentationThread.run() (Instrumentation.java:1932)
11-24 14:56:56.500  2256  2272 I art     : 
11-24 14:56:56.500  2256  2272 E TestLoader: Could not find class: org.objectweb.asm.commons.TryCatchBlockSorter
11-24 14:56:56.570  2256  2272 D TestExecutor: Adding listener android.support.test.internal.runner.listener.LogRunListener
11-24 14:56:56.571  2256  2272 D TestExecutor: Adding listener android.support.test.internal.runner.listener.InstrumentationResultPrinter
11-24 14:56:56.571  2256  2272 D TestExecutor: Adding listener android.support.test.internal.runner.listener.ActivityFinisherRunListener
11-24 14:56:56.571  2256  2272 D TestExecutor: Adding listener android.support.test.internal.runner.listener.CoverageListener
11-24 14:56:56.577  2256  2272 I TestRunner: run started: 15 tests
11-24 14:56:56.588  2256  2272 I TestRunner: started: whenAppStateSavedSeveralTime(br.com.catbag.gifreduxsample.asyncs.data.DataManagerTest)
11-24 14:56:56.609  2256  2256 I MonitoringInstrumentation: Activities that are still in CREATED to STOPPED: 0
11-24 14:56:56.826  2256  2275 W Java7Support: Unable to load JDK7 types (annotations, java.nio.file.Path): no Java7 support added
11-24 14:56:56.922  2256  2267 I art     : Background sticky concurrent mark sweep GC freed 147164(6MB) AllocSpace objects, 0(0B) LOS objects, 44% free, 3MB/6MB, paused 17.689ms total 661.283ms
11-24 14:56:57.298  2256  2272 I TestRunner: finished: whenAppStateSavedSeveralTime(br.com.catbag.gifreduxsample.asyncs.data.DataManagerTest)
11-24 14:56:57.306  2256  2256 I MonitoringInstrumentation: Activities that are still in CREATED to STOPPED: 0
11-24 14:56:57.307  2256  2272 I TestRunner: started: whenAppStateSavedOnceTime(br.com.catbag.gifreduxsample.asyncs.data.DataManagerTest)
11-24 14:56:57.309  2256  2256 I MonitoringInstrumentation: Activities that are still in CREATED to STOPPED: 0
11-24 14:56:57.572  2256  2272 I TestRunner: finished: whenAppStateSavedOnceTime(br.com.catbag.gifreduxsample.asyncs.data.DataManagerTest)
11-24 14:56:57.588  2256  2256 I MonitoringInstrumentation: Activities that are still in CREATED to STOPPED: 0
11-24 14:56:57.589  2256  2272 I TestRunner: started: whenUnsavedAppStateIsLoaded(br.com.catbag.gifreduxsample.asyncs.data.DataManagerTest)
11-24 14:56:57.591  2256  2256 I MonitoringInstrumentation: Activities that are still in CREATED to STOPPED: 0
11-24 14:56:57.670  2256  2280 E DataManager: appstate not loaded
11-24 14:56:57.670  2256  2280 E DataManager: com.snappydb.SnappydbException: Failed to get a String: NotFound: 
11-24 14:56:57.670  2256  2280 E DataManager: 	at com.snappydb.internal.DBImpl.__get(Native Method)
11-24 14:56:57.670  2256  2280 E DataManager: 	at com.snappydb.internal.DBImpl.get(DBImpl.java:348)
11-24 14:56:57.670  2256  2280 E DataManager: 	at br.com.catbag.gifreduxsample.asyncs.data.storage.Database.getAppState(Database.java:29)
11-24 14:56:57.670  2256  2280 E DataManager: 	at br.com.catbag.gifreduxsample.asyncs.data.DataManager.lambda$loadAppState$0(DataManager.java:61)
11-24 14:56:57.670  2256  2280 E DataManager: 	at br.com.catbag.gifreduxsample.asyncs.data.DataManager$$Lambda$1.run(Unknown Source)
11-24 14:56:57.670  2256  2280 E DataManager: 	at java.lang.Thread.run(Thread.java:761)
11-24 14:56:57.670  2256  2272 I TestRunner: finished: whenUnsavedAppStateIsLoaded(br.com.catbag.gifreduxsample.asyncs.data.DataManagerTest)
11-24 14:56:57.694  2256  2256 I MonitoringInstrumentation: Activities that are still in CREATED to STOPPED: 0
11-24 14:56:57.695  2256  2272 I TestRunner: started: whenSavedAppStateIsLoaded(br.com.catbag.gifreduxsample.asyncs.data.DataManagerTest)
11-24 14:56:57.698  2256  2256 I MonitoringInstrumentation: Activities that are still in CREATED to STOPPED: 0
11-24 14:56:57.899  2256  2272 I TestRunner: finished: whenSavedAppStateIsLoaded(br.com.catbag.gifreduxsample.asyncs.data.DataManagerTest)
11-24 14:56:57.907  2256  2256 I MonitoringInstrumentation: Activities that are still in CREATED to STOPPED: 0
11-24 14:56:57.929  2256  2272 I TestRunner: started: whenScrollDownAndPlayLastItemTest(br.com.catbag.gifreduxsample.ui.giflist.GifListActivityTest)
11-24 14:56:57.944  2256  2256 I MonitoringInstrumentation: Activities that are still in CREATED to STOPPED: 0
11-24 14:56:58.128  2256  2267 I art     : Background partial concurrent mark sweep GC freed 59964(2MB) AllocSpace objects, 2(40KB) LOS objects, 39% free, 3MB/6MB, paused 6.180ms total 101.572ms
11-24 14:56:58.290  2284  2284 W dex2oat : Unexpected CPU variant for X86 using defaults: x86
11-24 14:56:58.290  2284  2284 W dex2oat : Mismatch between dex2oat instruction set features (ISA: X86 Feature string: smp,-ssse3,-sse4.1,-sse4.2,-avx,-avx2,-lock_add,-popcnt) and those of dex2oat executable (ISA: X86 Feature string: smp,ssse3,-sse4.1,-sse4.2,-avx,-avx2,-lock_add,-popcnt) for the command line:
11-24 14:56:58.290  2284  2284 W dex2oat : /system/bin/dex2oat --runtime-arg -classpath --runtime-arg & --instruction-set=x86 --instruction-set-features=smp,ssse3,-sse4.1,-sse4.2,-avx,-avx2,-lock_add,-popcnt --runtime-arg -Xrelocate --boot-image=/system/framework/boot.art --runtime-arg -Xms64m --runtime-arg -Xmx512m --instruction-set-variant=x86 --instruction-set-features=default --dex-file=/data/user/0/br.com.catbag.gifreduxsample/app_dxmaker_cache/Generated_1497766805.jar --oat-fd=38 --oat-location=/data/user/0/br.com.catbag.gifreduxsample/app_dxmaker_cache/Generated_1497766805.dex --compiler-filter=speed
11-24 14:56:58.291  2284  2284 I dex2oat : /system/bin/dex2oat --dex-file=/data/user/0/br.com.catbag.gifreduxsample/app_dxmaker_cache/Generated_1497766805.jar --oat-fd=38 --oat-location=/data/user/0/br.com.catbag.gifreduxsample/app_dxmaker_cache/Generated_1497766805.dex --compiler-filter=speed
11-24 14:56:58.424  2284  2284 I dex2oat : dex2oat took 134.599ms (threads: 1) arena alloc=41KB (42016B) java alloc=28KB (28768B) native alloc=736KB (753768B) free=799KB (819096B)
11-24 14:56:58.467  1237  1715 D VoldConnector: SND -> {29 volume mkdirs /storage/emulated/0/Android/data/br.com.catbag.gifreduxsample/cache/}
11-24 14:56:58.487  1237  1280 D VoldConnector: RCV <- {200 29 Command succeeded}
11-24 14:56:58.501  2256  2273 I DroidFlux:Dispatcher: [STARTED] dispatch of action [FAKE_REDUCE_ACTION]
11-24 14:56:58.538  2256  2273 I DroidFlux:Dispatcher: [COMPLETED] dispatch of action [FAKE_REDUCE_ACTION]
11-24 14:56:58.555  2256  2283 D ActivityTestRule: Launching activity br.com.catbag.gifreduxsample.ui.GifListActivity
11-24 14:56:58.566  2256  2286 D MonitoringInstrumentation: execStartActivity(context, ibinder, ibinder, activity, intent, int, bundle
11-24 14:56:58.576  1237  1725 I ActivityManager: START u0 {flg=0x14000000 cmp=br.com.catbag.gifreduxsample/.ui.GifListActivity} from uid 10060 on display 0
11-24 14:56:58.830  2256  2256 D LifecycleMonitor: Lifecycle status change: br.com.catbag.gifreduxsample.ui.GifListActivity@6a02064 in: PRE_ON_CREATE
11-24 14:56:59.014  1237  1258 I Choreographer: Skipped 31 frames!  The application may be doing too much work on its main thread.
11-24 14:56:59.416  2256  2256 D LifecycleMonitor: Lifecycle status change: br.com.catbag.gifreduxsample.ui.GifListActivity@6a02064 in: CREATED
11-24 14:56:59.418  2256  2273 I DroidFlux:Dispatcher: [STARTED] dispatch of action [APP_STATE_LOAD]
11-24 14:56:59.418  2256  2273 D DroidFlux:Dispatcher: An action of type [APP_STATE_LOAD] was dispatched, but no reducer handled it
11-24 14:56:59.418  2256  2273 I DroidFlux:Dispatcher: [COMPLETED] dispatch of action [APP_STATE_LOAD]
11-24 14:56:59.419  2256  2256 D LifecycleMonitor: Lifecycle status change: br.com.catbag.gifreduxsample.ui.GifListActivity@6a02064 in: STARTED
11-24 14:56:59.490  2256  2256 D LifecycleMonitor: Lifecycle status change: br.com.catbag.gifreduxsample.ui.GifListActivity@6a02064 in: RESUMED
11-24 14:56:59.564  2163  2174 W art     : Suspending all threads took: 14.007ms
11-24 14:56:59.644  1763  1763 I Choreographer: Skipped 68 frames!  The application may be doing too much work on its main thread.
11-24 14:56:59.692  1237  1725 I WindowManager: Destroying surface Surface(name=com.android.launcher3/com.android.launcher3.Launcher) called by com.android.server.wm.WindowStateAnimator.destroySurface:2014 com.android.server.wm.WindowStateAnimator.destroySurfaceLocked:881 com.android.server.wm.WindowState.destroyOrSaveSurface:2073 com.android.server.wm.WindowManagerService.tryStartExitingAnimation:3017 com.android.server.wm.WindowManagerService.relayoutWindow:2897 com.android.server.wm.Session.relayout:215 android.view.IWindowSession$Stub.onTransact:286 com.android.server.wm.Session.onTransact:136 
11-24 14:56:59.979  2256  2256 I Choreographer: Skipped 46 frames!  The application may be doing too much work on its main thread.
11-24 14:57:00.330  2256  2256 D gralloc_ranchu: Emulator without host-side GPU emulation detected.
11-24 14:57:00.388  1237  1258 I ActivityManager: Displayed br.com.catbag.gifreduxsample/.ui.GifListActivity: +1s681ms
11-24 14:57:00.541  2256  2283 D InputManagerEventInjectionStrategy: Creating injection strategy with input manager.
11-24 14:57:00.669  1237  1258 I WindowManager: Destroying surface Surface(name=Starting br.com.catbag.gifreduxsample) called by com.android.server.wm.WindowStateAnimator.destroySurface:2014 com.android.server.wm.WindowStateAnimator.destroySurfaceLocked:881 com.android.server.wm.WindowState.destroyOrSaveSurface:2073 com.android.server.wm.AppWindowToken.destroySurfaces:363 com.android.server.wm.WindowStateAnimator.finishExit:565 com.android.server.wm.WindowStateAnimator.stepAnimationLocked:491 com.android.server.wm.WindowAnimator.updateWindowsLocked:303 com.android.server.wm.WindowAnimator.animateLocked:704 
11-24 14:57:00.696  2256  2256 W ResourceType: No package identifier when getting name for resource number 0x00000001
11-24 14:57:00.697  2256  2256 I ViewInteraction: Performing 'scroll RecyclerView to position: 4' action on view with id: 1 (resource name not found)
11-24 14:57:00.820  2256  2267 I art     : Background sticky concurrent mark sweep GC freed 8170(686KB) AllocSpace objects, 0(0B) LOS objects, 13% free, 5MB/6MB, paused 5.843ms total 79.967ms
11-24 14:57:01.054  2256  2256 W ResourceType: No package identifier when getting name for resource number 0x00000001
11-24 14:57:01.060  2256  2261 I art     : Do partial code cache collection, code=26KB, data=30KB
11-24 14:57:01.087  2256  2256 W ResourceType: No package identifier when getting name for resource number 0x00000004
11-24 14:57:01.088  2256  2256 I ViewInteraction: Performing 'single click' action on view with id: 4 (resource name not found)
11-24 14:57:01.153  2256  2261 I art     : After code cache collection, code=24KB, data=30KB
11-24 14:57:01.153  2256  2261 I art     : Increasing code cache capacity to 128KB
11-24 14:57:01.204  2256  2273 I DroidFlux:Dispatcher: [STARTED] dispatch of action [GIF_PLAY]
11-24 14:57:01.205  2256  2273 I DroidFlux:Dispatcher: [COMPLETED] dispatch of action [GIF_PLAY]
11-24 14:57:01.319  1237  1312 W AudioTrack: AUDIO_OUTPUT_FLAG_FAST denied by client; transfer 4, track 48000 Hz, output 44100 Hz
11-24 14:57:01.433   986  1026 D AudioFlinger: mixer(0xac1838c0) throttle end: throttle time(10)
11-24 14:57:01.456   986  1026 D AudioFlinger: mixer(0xac1838c0) throttle end: throttle time(10)
11-24 14:57:01.662  1237  1323 E TaskPersister: File error accessing recents directory (directory doesn't exist?).
11-24 14:57:01.870  2256  2256 D LifecycleMonitor: Lifecycle status change: br.com.catbag.gifreduxsample.ui.GifListActivity@6a02064 in: PAUSED
11-24 14:57:01.891  2256  2272 I TestRunner: finished: whenScrollDownAndPlayLastItemTest(br.com.catbag.gifreduxsample.ui.giflist.GifListActivityTest)
11-24 14:57:01.934   978   978 D gralloc : Registering a buffer in the process that created it. This may cause memory ordering problems.
11-24 14:57:01.935   978   978 E libEGL  : called unimplemented OpenGL ES API
11-24 14:57:01.936   978   978 E SurfaceFlinger: glCheckFramebufferStatusOES error 1249757531
11-24 14:57:01.936   978   978 E SurfaceFlinger: got GL_FRAMEBUFFER_COMPLETE_OES error while taking screenshot
11-24 14:57:01.940  1237  1715 W WindowManager: Screenshot failure taking screenshot for (480x800) to layer 21010
11-24 14:57:01.948  2256  2256 I MonitoringInstrumentation: Activities that are still in CREATED to STOPPED: 1
11-24 14:57:01.950  2256  2272 I TestRunner: started: whenGifIsNotWatchedTest(br.com.catbag.gifreduxsample.ui.giflist.GifListActivityTest)
11-24 14:57:01.983  2256  2256 I MonitoringInstrumentation: Activities that are still in CREATED to STOPPED: 1
11-24 14:57:02.017  2256  2273 I DroidFlux:Dispatcher: [STARTED] dispatch of action [FAKE_REDUCE_ACTION]
11-24 14:57:02.018  2256  2273 I DroidFlux:Dispatcher: [COMPLETED] dispatch of action [FAKE_REDUCE_ACTION]
11-24 14:57:02.030  2256  2291 D ActivityTestRule: Launching activity br.com.catbag.gifreduxsample.ui.GifListActivity
11-24 14:57:02.032  2256  2293 D MonitoringInstrumentation: execStartActivity(context, ibinder, ibinder, activity, intent, int, bundle
11-24 14:57:02.033  1237  1716 I ActivityManager: START u0 {flg=0x10000000 cmp=br.com.catbag.gifreduxsample/.ui.GifListActivity} from uid 10060 on display 0
11-24 14:57:02.106  1763  1763 I Choreographer: Skipped 30 frames!  The application may be doing too much work on its main thread.
11-24 14:57:02.356  2256  2256 D LifecycleMonitor: Lifecycle status change: br.com.catbag.gifreduxsample.ui.GifListActivity@d8430ec in: PRE_ON_CREATE
11-24 14:57:02.363  1763  1763 I Choreographer: Skipped 38 frames!  The application may be doing too much work on its main thread.
11-24 14:57:02.622  1237  1258 I Choreographer: Skipped 47 frames!  The application may be doing too much work on its main thread.
11-24 14:57:02.638  2256  2256 D LifecycleMonitor: Lifecycle status change: br.com.catbag.gifreduxsample.ui.GifListActivity@d8430ec in: CREATED
11-24 14:57:02.639  2256  2273 I DroidFlux:Dispatcher: [STARTED] dispatch of action [APP_STATE_LOAD]
11-24 14:57:02.639  2256  2273 D DroidFlux:Dispatcher: An action of type [APP_STATE_LOAD] was dispatched, but no reducer handled it
11-24 14:57:02.639  2256  2273 I DroidFlux:Dispatcher: [COMPLETED] dispatch of action [APP_STATE_LOAD]
11-24 14:57:02.639  2256  2256 D LifecycleMonitor: Lifecycle status change: br.com.catbag.gifreduxsample.ui.GifListActivity@d8430ec in: STARTED
11-24 14:57:02.812  2256  2256 D LifecycleMonitor: Lifecycle status change: br.com.catbag.gifreduxsample.ui.GifListActivity@d8430ec in: RESUMED
11-24 14:57:02.884  1237  1258 I Choreographer: Skipped 42 frames!  The application may be doing too much work on its main thread.
11-24 14:57:02.909  2256  2267 I art     : Background partial concurrent mark sweep GC freed 8013(549KB) AllocSpace objects, 3(64KB) LOS objects, 39% free, 5MB/9MB, paused 51.785ms total 355.329ms
11-24 14:57:03.026  1237  1454 W art     : Long monitor contention with owner android.display (1258) at void com.android.server.wm.WindowAnimator$1.doFrame(long)(WindowAnimator.java:138) waiters=1 in void com.android.server.wm.WindowManagerService.finishDrawingWindow(com.android.server.wm.Session, android.view.IWindow) for 139ms
11-24 14:57:03.030  1763  1763 I Choreographer: Skipped 80 frames!  The application may be doing too much work on its main thread.
11-24 14:57:03.043  2256  2256 I Choreographer: Skipped 57 frames!  The application may be doing too much work on its main thread.
11-24 14:57:03.118  1237  1471 I WindowManager: Destroying surface Surface(name=com.android.launcher3/com.android.launcher3.Launcher) called by com.android.server.wm.WindowStateAnimator.destroySurface:2014 com.android.server.wm.WindowStateAnimator.destroySurfaceLocked:881 com.android.server.wm.WindowState.destroyOrSaveSurface:2073 com.android.server.wm.WindowManagerService.tryStartExitingAnimation:3017 com.android.server.wm.WindowManagerService.relayoutWindow:2897 com.android.server.wm.Session.relayout:215 android.view.IWindowSession$Stub.onTransact:286 com.android.server.wm.Session.onTransact:136 
11-24 14:57:03.264  2256  2256 E Feed    : Gif{uuid=c43701f2-3a58-45c1-9b6e-afcccd0123df, path=, url=, title=, watched=false, status=DOWNLOADED}
11-24 14:57:03.264  2256  2256 E Feed    : pl.droidsonroids.gif.GifIOException: GifError 101: Failed to open given input
11-24 14:57:03.264  2256  2256 E Feed    : 	at pl.droidsonroids.gif.GifInfoHandle.openFile(Native Method)
11-24 14:57:03.264  2256  2256 E Feed    : 	at pl.droidsonroids.gif.GifInfoHandle.<init>(GifInfoHandle.java:46)
11-24 14:57:03.264  2256  2256 E Feed    : 	at pl.droidsonroids.gif.GifDrawable.<init>(GifDrawable.java:124)
11-24 14:57:03.264  2256  2256 E Feed    : 	at br.com.catbag.gifreduxsample.ui.components.FeedView.createDrawable(FeedView.java:102)
11-24 14:57:03.264  2256  2256 E Feed    : 	at br.com.catbag.gifreduxsample.ui.components.FeedView.lambda$renderGifView$1(FeedView.java:89)
11-24 14:57:03.264  2256  2256 E Feed    : 	at br.com.catbag.gifreduxsample.ui.components.FeedView$$Lambda$2.view(Unknown Source)
11-24 14:57:03.264  2256  2256 E Feed    : 	at trikita.anvil.BaseDSL.v(BaseDSL.java:670)
11-24 14:57:03.264  2256  2256 E Feed    : 	at br.com.catbag.gifreduxsample.ui.components.FeedView.renderGifView(FeedView.java:88)
11-24 14:57:03.264  2256  2256 E Feed    : 	at br.com.catbag.gifreduxsample.ui.components.FeedView.access$lambda$0(FeedView.java)
11-24 14:57:03.264  2256  2256 E Feed    : 	at br.com.catbag.gifreduxsample.ui.components.FeedView$$Lambda$3.view(Unknown Source)
11-24 14:57:03.264  2256  2256 E Feed    : 	at br.com.catbag.gifreduxsample.ui.components.GifsAdapter.view(GifsAdapter.java:55)
11-24 14:57:03.264  2256  2256 E Feed    : 	at trikita.anvil.RenderableRecyclerViewAdapter$1.view(RenderableRecyclerViewAdapter.java:24)
11-24 14:57:03.264  2256  2256 E Feed    : 	at trikita.anvil.Anvil$Mount.render(Anvil.java:204)
11-24 14:57:03.264  2256  2256 E Feed    : 	at trikita.anvil.Anvil.render(Anvil.java:173)
11-24 14:57:03.264  2256  2256 E Feed    : 	at trikita.anvil.RenderableRecyclerViewAdapter.onBindViewHolder(RenderableRecyclerViewAdapter.java:27)
