I/TestRunner( 2325): 	at java.lang.reflect.Method.invoke(Method.java:372)
I/TestRunner( 2325): 	at com.android.internal.os.ZygoteInit$MethodAndArgsCaller.run(ZygoteInit.java:903)
I/TestRunner( 2325): 	at com.android.internal.os.ZygoteInit.main(ZygoteInit.java:698)
I/TestRunner( 2325): ----- end exception -----
I/TestRunner( 2325): finished: whenPauseGifTest(br.com.catbag.gifreduxsample.ui.giflist.GifListActivityTest)
I/MonitoringInstrumentation( 2325): Activities that are still in CREATED to STOPPED: 1
I/TestRunner( 2325): started: whenLoadMultipleGifsOnAppStateTest(br.com.catbag.gifreduxsample.ui.giflist.GifListActivityTest)
I/MonitoringInstrumentation( 2325): Activities that are still in CREATED to STOPPED: 1
E/Vold    (  922): Failed to find mounted volume for /storage/sdcard/Android/data/br.com.catbag.gifreduxsample/cache/
W/Vold    (  922): Returning OperationFailed - no handler for errno 0
W/ContextImpl( 2325): Failed to ensure directory: /storage/sdcard/Android/data/br.com.catbag.gifreduxsample/cache
E/FileUtils( 2325): 
E/FileUtils( 2325): java.io.FileNotFoundException: null/test.gif: open failed: ENOENT (No such file or directory)
E/FileUtils( 2325): 	at libcore.io.IoBridge.open(IoBridge.java:456)
E/FileUtils( 2325): 	at java.io.FileOutputStream.<init>(FileOutputStream.java:87)
E/FileUtils( 2325): 	at java.io.FileOutputStream.<init>(FileOutputStream.java:72)
E/FileUtils( 2325): 	at br.com.catbag.gifreduxsample.utils.FileUtils.createFakeGifFile(FileUtils.java:27)
E/FileUtils( 2325): 	at br.com.catbag.gifreduxsample.ui.giflist.GifListActivityTest.createFakeGifList(GifListActivityTest.java:364)
E/FileUtils( 2325): 	at br.com.catbag.gifreduxsample.ui.giflist.GifListActivityTest.whenLoadMultipleGifsOnAppStateTest(GifListActivityTest.java:219)
E/FileUtils( 2325): 	at java.lang.reflect.Method.invoke(Native Method)
E/FileUtils( 2325): 	at java.lang.reflect.Method.invoke(Method.java:372)
E/FileUtils( 2325): 	at org.junit.runners.model.FrameworkMethod$1.runReflectiveCall(FrameworkMethod.java:50)
E/FileUtils( 2325): 	at org.junit.internal.runners.model.ReflectiveCallable.run(ReflectiveCallable.java:12)
E/FileUtils( 2325): 	at org.junit.runners.model.FrameworkMethod.invokeExplosively(FrameworkMethod.java:47)
E/FileUtils( 2325): 	at org.junit.internal.runners.statements.InvokeMethod.evaluate(InvokeMethod.java:17)
E/FileUtils( 2325): 	at org.junit.internal.runners.statements.RunBefores.evaluate(RunBefores.java:26)
E/FileUtils( 2325): 	at org.junit.internal.runners.statements.RunAfters.evaluate(RunAfters.java:27)
E/FileUtils( 2325): 	at android.support.test.internal.statement.UiThreadStatement.evaluate(UiThreadStatement.java:55)
E/FileUtils( 2325): 	at android.support.test.rule.ActivityTestRule$ActivityStatement.evaluate(ActivityTestRule.java:270)
E/FileUtils( 2325): 	at org.junit.internal.runners.statements.FailOnTimeout$CallableStatement.call(FailOnTimeout.java:298)
E/FileUtils( 2325): 	at org.junit.internal.runners.statements.FailOnTimeout$CallableStatement.call(FailOnTimeout.java:292)
E/FileUtils( 2325): 	at java.util.concurrent.FutureTask.run(FutureTask.java:237)
E/FileUtils( 2325): 	at java.lang.Thread.run(Thread.java:818)
E/FileUtils( 2325): Caused by: android.system.ErrnoException: open failed: ENOENT (No such file or directory)
E/FileUtils( 2325): 	at libcore.io.Posix.open(Native Method)
E/FileUtils( 2325): 	at libcore.io.BlockGuardOs.open(BlockGuardOs.java:186)
E/FileUtils( 2325): 	at libcore.io.IoBridge.open(IoBridge.java:442)
E/FileUtils( 2325): 	... 19 more
I/DroidFlux:Dispatcher( 2325): [STARTED] dispatch of action [FAKE_REDUCE_ACTION]
I/DroidFlux:Dispatcher( 2325): [COMPLETED] dispatch of action [FAKE_REDUCE_ACTION]
D/ActivityTestRule( 2325): Launching activity br.com.catbag.gifreduxsample.ui.GifListActivity
D/MonitoringInstrumentation( 2325): execStartActivity(context, ibinder, ibinder, activity, intent, int, bundle
I/ActivityManager( 1232): START u0 {flg=0x10000000 cmp=br.com.catbag.gifreduxsample/.ui.GifListActivity} from uid 10053 on display 0
W/IInputConnectionWrapper( 1747): showStatusIcon on inactive InputConnection
V/WindowManager( 1232): addAppToken: AppWindowToken{36a6980b token=Token{13b6bbda ActivityRecord{2e8ae185 u0 br.com.catbag.gifreduxsample/.ui.GifListActivity t14}}} to stack=1 task=14 at 0
V/WindowManager( 1232): Adding window Window{3680ec32 u0 Starting br.com.catbag.gifreduxsample} at 3 of 6 (after Window{1e7edf64 u0 br.com.catbag.gifreduxsample/br.com.catbag.gifreduxsample.ui.GifListActivity EXITING})
D/LifecycleMonitor( 2325): Lifecycle status change: br.com.catbag.gifreduxsample.ui.GifListActivity@2a3831e3 in: PRE_ON_CREATE
D/LifecycleMonitor( 2325): Lifecycle status change: br.com.catbag.gifreduxsample.ui.GifListActivity@2a3831e3 in: CREATED
D/LifecycleMonitor( 2325): Lifecycle status change: br.com.catbag.gifreduxsample.ui.GifListActivity@2a3831e3 in: STARTED
D/LifecycleMonitor( 2325): Lifecycle status change: br.com.catbag.gifreduxsample.ui.GifListActivity@2a3831e3 in: RESUMED
I/DroidFlux:Dispatcher( 2325): [STARTED] dispatch of action [APP_STATE_LOAD]
D/DroidFlux:Dispatcher( 2325): An action of type [APP_STATE_LOAD] was dispatched, but no reducer handled it
I/DroidFlux:Dispatcher( 2325): [COMPLETED] dispatch of action [APP_STATE_LOAD]
V/WindowManager( 1232): Adding window Window{6c1d72c u0 br.com.catbag.gifreduxsample/br.com.catbag.gifreduxsample.ui.GifListActivity} at 3 of 7 (before Window{3680ec32 u0 Starting br.com.catbag.gifreduxsample})
D/LifecycleMonitor( 2325): Lifecycle status change: br.com.catbag.gifreduxsample.ui.GifListActivity@184b6d81 in: STOPPED
D/LifecycleMonitor( 2325): Lifecycle status change: br.com.catbag.gifreduxsample.ui.GifListActivity@184b6d81 in: DESTROYED
I/Choreographer( 2325): Skipped 74 frames!  The application may be doing too much work on its main thread.
E/Feed    ( 2325): Gif{uuid=8a86e265-8be2-4b83-bef3-e90fd4fb7b0d, path=/null/test.gif, url=, title=gif0, watched=false, status=DOWNLOADED}
E/Feed    ( 2325): pl.droidsonroids.gif.GifIOException: GifError 101: Failed to open given input
E/Feed    ( 2325): 	at pl.droidsonroids.gif.GifInfoHandle.openFile(Native Method)
E/Feed    ( 2325): 	at pl.droidsonroids.gif.GifInfoHandle.<init>(GifInfoHandle.java:46)
E/Feed    ( 2325): 	at pl.droidsonroids.gif.GifDrawable.<init>(GifDrawable.java:124)
E/Feed    ( 2325): 	at br.com.catbag.gifreduxsample.ui.components.FeedComponent.createDrawable(FeedComponent.java:104)
E/Feed    ( 2325): 	at br.com.catbag.gifreduxsample.ui.components.FeedComponent.lambda$renderGifView$2(FeedComponent.java:90)
E/Feed    ( 2325): 	at br.com.catbag.gifreduxsample.ui.components.FeedComponent$$Lambda$2.view(Unknown Source)
E/Feed    ( 2325): 	at trikita.anvil.BaseDSL.v(BaseDSL.java:670)
E/Feed    ( 2325): 	at br.com.catbag.gifreduxsample.ui.components.FeedComponent.renderGifView(FeedComponent.java:88)
E/Feed    ( 2325): 	at br.com.catbag.gifreduxsample.ui.components.FeedComponent.lambda$null$0(FeedComponent.java:55)
E/Feed    ( 2325): 	at br.com.catbag.gifreduxsample.ui.components.FeedComponent$$Lambda$3.view(Unknown Source)
E/Feed    ( 2325): 	at br.com.catbag.gifreduxsample.ui.components.GifsAdapter.view(GifsAdapter.java:55)
E/Feed    ( 2325): 	at trikita.anvil.RenderableRecyclerViewAdapter$1.view(RenderableRecyclerViewAdapter.java:24)
E/Feed    ( 2325): 	at trikita.anvil.Anvil$Mount.render(Anvil.java:204)
E/Feed    ( 2325): 	at trikita.anvil.Anvil.render(Anvil.java:173)
E/Feed    ( 2325): 	at trikita.anvil.RenderableRecyclerViewAdapter.onBindViewHolder(RenderableRecyclerViewAdapter.java:27)
E/Feed    ( 2325): 	at trikita.anvil.RenderableRecyclerViewAdapter.onBindViewHolder(RenderableRecyclerViewAdapter.java:7)
E/Feed    ( 2325): 	at android.support.v7.widget.RecyclerView$Adapter.onBindViewHolder(RecyclerView.java:5768)
E/Feed    ( 2325): 	at android.support.v7.widget.RecyclerView$Adapter.bindViewHolder(RecyclerView.java:5801)
E/Feed    ( 2325): 	at android.support.v7.widget.RecyclerView$Recycler.getViewForPosition(RecyclerView.java:5037)
E/Feed    ( 2325): 	at android.support.v7.widget.RecyclerView$Recycler.getViewForPosition(RecyclerView.java:4913)
E/Feed    ( 2325): 	at android.support.v7.widget.LinearLayoutManager$LayoutState.next(LinearLayoutManager.java:2029)
E/Feed    ( 2325): 	at android.support.v7.widget.LinearLayoutManager.layoutChunk(LinearLayoutManager.java:1414)
E/Feed    ( 2325): 	at android.support.v7.widget.LinearLayoutManager.fill(LinearLayoutManager.java:1377)
E/Feed    ( 2325): 	at android.support.v7.widget.LinearLayoutManager.onLayoutChildren(LinearLayoutManager.java:578)
E/Feed    ( 2325): 	at android.support.v7.widget.RecyclerView.dispatchLayoutStep2(RecyclerView.java:3260)
E/Feed    ( 2325): 	at android.support.v7.widget.RecyclerView.dispatchLayout(RecyclerView.java:3069)
E/Feed    ( 2325): 	at android.support.v7.widget.RecyclerView.onLayout(RecyclerView.java:3518)
E/Feed    ( 2325): 	at android.view.View.layout(View.java:15671)
E/Feed    ( 2325): 	at android.view.ViewGroup.layout(ViewGroup.java:5038)
E/Feed    ( 2325): 	at android.widget.FrameLayout.layoutChildren(FrameLayout.java:579)
E/Feed    ( 2325): 	at android.widget.FrameLayout.onLayout(FrameLayout.java:514)
E/Feed    ( 2325): 	at android.view.View.layout(View.java:15671)
E/Feed    ( 2325): 	at android.view.ViewGroup.layout(ViewGroup.java:5038)
E/Feed    ( 2325): 	at android.widget.RelativeLayout.onLayout(RelativeLayout.java:1076)
E/Feed    ( 2325): 	at android.view.View.layout(View.java:15671)
E/Feed    ( 2325): 	at android.view.ViewGroup.layout(ViewGroup.java:5038)
E/Feed    ( 2325): 	at android.widget.FrameLayout.layoutChildren(FrameLayout.java:579)
E/Feed    ( 2325): 	at android.widget.FrameLayout.onLayout(FrameLayout.java:514)
E/Feed    ( 2325): 	at android.view.View.layout(View.java:15671)
E/Feed    ( 2325): 	at android.view.ViewGroup.layout(ViewGroup.java:5038)
E/Feed    ( 2325): 	at android.support.v7.widget.ActionBarOverlayLayout.onLayout(ActionBarOverlayLayout.java:435)
E/Feed    ( 2325): 	at android.view.View.layout(View.java:15671)
E/Feed    ( 2325): 	at android.view.ViewGroup.layout(ViewGroup.java:5038)
E/Feed    ( 2325): 	at android.widget.FrameLayout.layoutChildren(FrameLayout.java:579)
E/Feed    ( 2325): 	at android.widget.FrameLayout.onLayout(FrameLayout.java:514)
E/Feed    ( 2325): 	at android.view.View.layout(View.java:15671)
E/Feed    ( 2325): 	at android.view.ViewGroup.layout(ViewGroup.java:5038)
E/Feed    ( 2325): 	at android.widget.LinearLayout.setChildFrame(LinearLayout.java:1703)
E/Feed    ( 2325): 	at android.widget.LinearLayout.layoutVertical(LinearLayout.java:1557)
E/Feed    ( 2325): 	at android.widget.LinearLayout.onLayout(LinearLayout.java:1466)
E/Feed    ( 2325): 	at android.view.View.layout(View.java:15671)
E/Feed    ( 2325): 	at android.view.ViewGroup.layout(ViewGroup.java:5038)
E/Feed    ( 2325): 	at android.widget.FrameLayout.layoutChildren(FrameLayout.java:579)
E/Feed    ( 2325): 	at android.widget.FrameLayo
E/Feed    ( 2325): Gif{uuid=f8b00ce3-9e62-4291-b259-f31771f15409, path=/null/test.gif, url=, title=gif1, watched=false, status=DOWNLOADED}
E/Feed    ( 2325): pl.droidsonroids.gif.GifIOException: GifError 101: Failed to open given input
E/Feed    ( 2325): 	at pl.droidsonroids.gif.GifInfoHandle.openFile(Native Method)
E/Feed    ( 2325): 	at pl.droidsonroids.gif.GifInfoHandle.<init>(GifInfoHandle.java:46)
E/Feed    ( 2325): 	at pl.droidsonroids.gif.GifDrawable.<init>(GifDrawable.java:124)
E/Feed    ( 2325): 	at br.com.catbag.gifreduxsample.ui.components.FeedComponent.createDrawable(FeedComponent.java:104)
E/Feed    ( 2325): 	at br.com.catbag.gifreduxsample.ui.components.FeedComponent.lambda$renderGifView$2(FeedComponent.java:90)
E/Feed    ( 2325): 	at br.com.catbag.gifreduxsample.ui.components.FeedComponent$$Lambda$2.view(Unknown Source)
E/Feed    ( 2325): 	at trikita.anvil.BaseDSL.v(BaseDSL.java:670)
E/Feed    ( 2325): 	at br.com.catbag.gifreduxsample.ui.components.FeedComponent.renderGifView(FeedComponent.java:88)
E/Feed    ( 2325): 	at br.com.catbag.gifreduxsample.ui.components.FeedComponent.lambda$null$0(FeedComponent.java:55)
E/Feed    ( 2325): 	at br.com.catbag.gifreduxsample.ui.components.FeedComponent$$Lambda$3.view(Unknown Source)
E/Feed    ( 2325): 	at br.com.catbag.gifreduxsample.ui.components.GifsAdapter.view(GifsAdapter.java:55)
E/Feed    ( 2325): 	at trikita.anvil.RenderableRecyclerViewAdapter$1.view(RenderableRecyclerViewAdapter.java:24)
E/Feed    ( 2325): 	at trikita.anvil.Anvil$Mount.render(Anvil.java:204)
E/Feed    ( 2325): 	at trikita.anvil.Anvil.render(Anvil.java:173)
E/Feed    ( 2325): 	at trikita.anvil.RenderableRecyclerViewAdapter.onBindViewHolder(RenderableRecyclerViewAdapter.java:27)
E/Feed    ( 2325): 	at trikita.anvil.RenderableRecyclerViewAdapter.onBindViewHolder(RenderableRecyclerViewAdapter.java:7)
E/Feed    ( 2325): 	at android.support.v7.widget.RecyclerView$Adapter.onBindViewHolder(RecyclerView.java:5768)
E/Feed    ( 2325): 	at android.support.v7.widget.RecyclerView$Adapter.bindViewHolder(RecyclerView.java:5801)
E/Feed    ( 2325): 	at android.support.v7.widget.RecyclerView$Recycler.getViewForPosition(RecyclerView.java:5037)
E/Feed    ( 2325): 	at android.support.v7.widget.RecyclerView$Recycler.getViewForPosition(RecyclerView.java:4913)
E/Feed    ( 2325): 	at android.support.v7.widget.LinearLayoutManager$LayoutState.next(LinearLayoutManager.java:2029)
E/Feed    ( 2325): 	at android.support.v7.widget.LinearLayoutManager.layoutChunk(LinearLayoutManager.java:1414)
E/Feed    ( 2325): 	at android.support.v7.widget.LinearLayoutManager.fill(LinearLayoutManager.java:1377)
E/Feed    ( 2325): 	at android.support.v7.widget.LinearLayoutManager.onLayoutChildren(LinearLayoutManager.java:578)
E/Feed    ( 2325): 	at android.support.v7.widget.RecyclerView.dispatchLayoutStep2(RecyclerView.java:3260)
E/Feed    ( 2325): 	at android.support.v7.widget.RecyclerView.dispatchLayout(RecyclerView.java:3069)
E/Feed    ( 2325): 	at android.support.v7.widget.RecyclerView.onLayout(RecyclerView.java:3518)
E/Feed    ( 2325): 	at android.view.View.layout(View.java:15671)
E/Feed    ( 2325): 	at android.view.ViewGroup.layout(ViewGroup.java:5038)
E/Feed    ( 2325): 	at android.widget.FrameLayout.layoutChildren(FrameLayout.java:579)
E/Feed    ( 2325): 	at android.widget.FrameLayout.onLayout(FrameLayout.java:514)
E/Feed    ( 2325): 	at android.view.View.layout(View.java:15671)
E/Feed    ( 2325): 	at android.view.ViewGroup.layout(ViewGroup.java:5038)
E/Feed    ( 2325): 	at android.widget.RelativeLayout.onLayout(RelativeLayout.java:1076)
E/Feed    ( 2325): 	at android.view.View.layout(View.java:15671)
E/Feed    ( 2325): 	at android.view.ViewGroup.layout(ViewGroup.java:5038)
E/Feed    ( 2325): 	at android.widget.FrameLayout.layoutChildren(FrameLayout.java:579)
E/Feed    ( 2325): 	at android.widget.FrameLayout.onLayout(FrameLayout.java:514)
E/Feed    ( 2325): 	at android.view.View.layout(View.java:15671)
E/Feed    ( 2325): 	at android.view.ViewGroup.layout(ViewGroup.java:5038)
E/Feed    ( 2325): 	at android.support.v7.widget.ActionBarOverlayLayout.onLayout(ActionBarOverlayLayout.java:435)
E/Feed    ( 2325): 	at android.view.View.layout(View.java:15671)
E/Feed    ( 2325): 	at android.view.ViewGroup.layout(ViewGroup.java:5038)
E/Feed    ( 2325): 	at android.widget.FrameLayout.layoutChildren(FrameLayout.java:579)
E/Feed    ( 2325): 	at android.widget.FrameLayout.onLayout(FrameLayout.java:514)
E/Feed    ( 2325): 	at android.view.View.layout(View.java:15671)
E/Feed    ( 2325): 	at android.view.ViewGroup.layout(ViewGroup.java:5038)
E/Feed    ( 2325): 	at android.widget.LinearLayout.setChildFrame(LinearLayout.java:1703)
E/Feed    ( 2325): 	at android.widget.LinearLayout.layoutVertical(LinearLayout.java:1557)
E/Feed    ( 2325): 	at android.widget.LinearLayout.onLayout(LinearLayout.java:1466)
E/Feed    ( 2325): 	at android.view.View.layout(View.java:15671)
E/Feed    ( 2325): 	at android.view.ViewGroup.layout(ViewGroup.java:5038)
E/Feed    ( 2325): 	at android.widget.FrameLayout.layoutChildren(FrameLayout.java:579)
E/Feed    ( 2325): 	at android.widget.FrameLayo
I/WindowManager( 1232): Screenshot max retries 4 of Token{13b6bbda ActivityRecord{2e8ae185 u0 br.com.catbag.gifreduxsample/.ui.GifListActivity t14 f}} appWin=Window{6c1d72c u0 br.com.catbag.gifreduxsample/br.com.catbag.gifreduxsample.ui.GifListActivity} drawState=4
D/LifecycleMonitor( 2325): Lifecycle status change: br.com.catbag.gifreduxsample.ui.GifListActivity@2a3831e3 in: PAUSED
W/art     ( 1232): Long monitor contention event with owner method=void com.android.server.am.ActivityManagerService.activityIdle(android.os.IBinder, android.content.res.Configuration, boolean) from ActivityManagerService.java:6096 waiters=1 for 381ms
W/ResourceType( 1544): No package identifier when getting value for resource number 0x00000000
W/PackageManager( 1544): Failure retrieving resources for br.com.catbag.gifreduxsample: Resource ID #0x0
D/LifecycleMonitor( 2325): Lifecycle status change: br.com.catbag.gifreduxsample.ui.GifListActivity@2a3831e3 in: STOPPED
D/LifecycleMonitor( 2325): Lifecycle status change: br.com.catbag.gifreduxsample.ui.GifListActivity@2a3831e3 in: DESTROYED
I/TestRunner( 2325): failed: whenLoadMultipleGifsOnAppStateTest(br.com.catbag.gifreduxsample.ui.giflist.GifListActivityTest)
I/TestRunner( 2325): ----- begin exception -----
I/TestRunner( 2325): android.support.test.espresso.base.DefaultFailureHandler$AssertionFailedWithCauseError: 'with a not null drawable' doesn't match the selected view.
I/TestRunner( 2325): Expected: with a not null drawable
I/TestRunner( 2325):      Got: "FrameLayout{id=-1, visibility=VISIBLE, width=432, height=480, has-focus=false, has-focusable=false, has-window-focus=true, is-clickable=false, is-enabled=true, is-focused=false, is-focusable=false, is-layout-requested=false, is-selected=false, root-is-layout-requested=false, has-input-connection=false, x=0.0, y=0.0, child-count=1}"
I/TestRunner( 2325): 
I/TestRunner( 2325): 	at dalvik.system.VMStack.getThreadStackTrace(Native Method)
I/TestRunner( 2325): 	at java.lang.Thread.getStackTrace(Thread.java:580)
I/TestRunner( 2325): 	at android.support.test.espresso.base.DefaultFailureHandler.getUserFriendlyError(DefaultFailureHandler.java:92)
I/TestRunner( 2325): 	at android.support.test.espresso.base.DefaultFailureHandler.handle(DefaultFailureHandler.java:56)
I/TestRunner( 2325): 	at android.support.test.espresso.ViewInteraction.runSynchronouslyOnUiThread(ViewInteraction.java:184)
I/TestRunner( 2325): 	at android.support.test.espresso.ViewInteraction.check(ViewInteraction.java:158)
I/TestRunner( 2325): 	at br.com.catbag.gifreduxsample.ui.giflist.GifListActivityTest.whenLoadMultipleGifsOnAppStateTest(GifListActivityTest.java:227)
I/TestRunner( 2325): 	at java.lang.reflect.Method.invoke(Native Method)
I/TestRunner( 2325): 	at java.lang.reflect.Method.invoke(Method.java:372)
I/TestRunner( 2325): 	at org.junit.runners.model.FrameworkMethod$1.runReflectiveCall(FrameworkMethod.java:50)
I/TestRunner( 2325): 	at org.junit.internal.runners.model.ReflectiveCallable.run(ReflectiveCallable.java:12)
I/TestRunner( 2325): 	at org.junit.runners.model.FrameworkMethod.invokeExplosively(FrameworkMethod.java:47)
I/TestRunner( 2325): 	at org.junit.internal.runners.statements.InvokeMethod.evaluate(InvokeMethod.java:17)
I/TestRunner( 2325): 	at org.junit.internal.runners.statements.RunBefores.evaluate(RunBefores.java:26)
I/TestRunner( 2325): 	at org.junit.internal.runners.statements.RunAfters.evaluate(RunAfters.java:27)
I/TestRunner( 2325): 	at android.support.test.internal.statement.UiThreadStatement.evaluate(UiThreadStatement.java:55)
I/TestRunner( 2325): 	at android.support.test.rule.ActivityTestRule$ActivityStatement.evaluate(ActivityTestRule.java:270)
I/TestRunner( 2325): 	at org.junit.internal.runners.statements.FailOnTimeout$CallableStatement.call(FailOnTimeout.java:298)
I/TestRunner( 2325): 	at org.junit.internal.runners.statements.FailOnTimeout$CallableStatement.call(FailOnTimeout.java:292)
I/TestRunner( 2325): 	at java.util.concurrent.FutureTask.run(FutureTask.java:237)
I/TestRunner( 2325): 	at java.lang.Thread.run(Thread.java:818)
I/TestRunner( 2325): Caused by: junit.framework.AssertionFailedError: 'with a not null drawable' doesn't match the selected view.
I/TestRunner( 2325): Expected: with a not null drawable
I/TestRunner( 2325):      Got: "FrameLayout{id=-1, visibility=VISIBLE, width=432, height=480, has-focus=false, has-focusable=false, has-window-focus=true, is-clickable=false, is-enabled=true, is-focused=false, is-focusable=false, is-layout-requested=false, is-selected=false, root-is-layout-requested=false, has-input-connection=false, x=0.0, y=0.0, child-count=1}"
I/TestRunner( 2325): 
I/TestRunner( 2325): 	at android.support.test.espresso.matcher.ViewMatchers.assertThat(ViewMatchers.java:1053)
I/TestRunner( 2325): 	at android.support.test.espresso.assertion.ViewAssertions$2.check(ViewAssertions.java:89)
I/TestRunner( 2325): 	at android.support.test.espresso.ViewInteraction$2.run(ViewInteraction.java:170)
I/TestRunner( 2325): 	at java.util.concurrent.Executors$RunnableAdapter.call(Executors.java:422)
I/TestRunner( 2325): 	at java.util.concurrent.FutureTask.run(FutureTask.java:237)
I/TestRunner( 2325): 	at android.os.Handler.handleCallback(Handler.java:739)
I/TestRunner( 2325): 	at android.os.Handler.dispatchMessage(Handler.java:95)
I/TestRunner( 2325): 	at android.os.Looper.loop(Looper.java:135)
I/TestRunner( 2325): 	at android.app.ActivityThread.main(ActivityThread.java:5254)
I/TestRunner( 2325): 	at java.lang.reflect.Method.invoke(Native Method)
I/TestRunner( 2325): 	at java.lang.reflect.Method.invoke(Method.java:372)
I/TestRunner( 2325): 	at com.android.internal.os.ZygoteInit$MethodAndArgsCaller.run(ZygoteInit.java:903)
I/TestRunner( 2325): 	at com.android.internal.os.ZygoteInit.main(ZygoteInit.java:698)
I/TestRunner( 2325): ----- end exception -----
I/TestRunner( 2325): finished: whenLoadMultipleGifsOnAppStateTest(br.com.catbag.gifreduxsample.ui.giflist.GifListActivityTest)
I/MonitoringInstrumentation( 2325): Activities that are still in CREATED to STOPPED: 0
I/TestRunner( 2325): run finished: 15 tests, 6 failed, 0 ignored
I/MonitoringInstrumentation( 2325): Activities that are still in CREATED to STOPPED: 0
I/MonitoringInstrumentation( 2325): waitForActivitiesToComplete() took: 1ms
I/ActivityManager( 1232): Force stopping br.com.catbag.gifreduxsample appid=10053 user=0: finished inst
I/ActivityManager( 1232): Killing 2325:br.com.catbag.gifreduxsample/u0a53 (adj 0): stop br.com.catbag.gifreduxsample
D/AndroidRuntime( 2315): Shutting down VM
E/art     ( 2315): Thread attaching while runtime is shutting down: Binder_3
I/AndroidRuntime( 2315): NOTE: attach of thread 'Binder_3' failed
I/WindowState( 1232): WIN DEATH: Window{6c1d72c u0 br.com.catbag.gifreduxsample/br.com.catbag.gifreduxsample.ui.GifListActivity EXITING}
W/ActivityManager( 1232): Spurious death for ProcessRecord{189199fb 2325:br.com.catbag.gifreduxsample/u0a53}, curProc for 2325: null
D/AndroidRuntime( 2389): >>>>>> START com.android.internal.os.RuntimeInit uid 0 <<<<<<
D/AndroidRuntime( 2389): CheckJNI is ON
D/TaskPersister( 1232): removeObsoleteFile: deleting file=7_task.xml
E/memtrack( 2389): Couldn't load memtrack module (No such file or directory)
E/android.os.Debug( 2389): failed to load memtrack module: -2
D/AndroidRuntime( 2389): Calling main entry com.android.commands.pm.Pm
I/ActivityManager( 1232): Force stopping br.com.catbag.gifreduxsample.test appid=10054 user=-1: uninstall pkg
I/ActivityManager( 1232): Force stopping br.com.catbag.gifreduxsample.test appid=10054 user=0: pkg removed
W/art     ( 1232): Long monitor contention event with owner method=int com.android.server.am.ActivityManagerService.broadcastIntent(android.app.IApplicationThread, android.content.Intent, java.lang.String, android.content.IIntentReceiver, int, java.lang.String, android.os.Bundle, java.lang.String, int, boolean, boolean, int) from ActivityManagerService.java:16327 waiters=0 for 353ms
I/InputReader( 1232): Reconfiguring input devices.  changes=0x00000010
D/JobSchedulerService( 1232): Receieved: android.intent.action.PACKAGE_REMOVED
D/BackupManagerService( 1232): Received broadcast Intent { act=android.intent.action.PACKAGE_REMOVED dat=package:br.com.catbag.gifreduxsample.test flg=0x4000010 (has extras) }
I/LatinIME:LogUtils( 1590): Dictionary info: dictionary = main:en ; version = 47 ; date = 1402373178
D/VoicemailCleanupService( 1529): Cleaning up data for package: br.com.catbag.gifreduxsample.test
W/ContextImpl( 2001): Calling a method in the system process without a qualified user: android.app.ContextImpl.startService:1692 android.content.ContextWrapper.startService:516 android.content.ContextWrapper.startService:516 com.android.keychain.KeyChainBroadcastReceiver.onReceive:12 android.app.ActivityThread.handleReceiver:2609 
I/ActivityManager( 1232): Start proc 2402:com.android.documentsui/u0a24 for broadcast com.android.documentsui/.PackageReceiver
I/art     ( 1232): Explicit concurrent mark sweep GC freed 24408(1653KB) AllocSpace objects, 8(128KB) LOS objects, 33% free, 7MB/10MB, paused 2.622ms total 926.522ms
I/art     ( 2389): System.exit called, status: 0
I/AndroidRuntime( 2389): VM exiting with result code 0.
I/art     (  939): Background concurrent mark sweep GC freed 780(32KB) AllocSpace objects, 0(0B) LOS objects, 91% free, 93KB/1117KB, paused 32.901ms total 59.684ms
I/ActivityManager( 1232): Start proc 2422:com.android.externalstorage/u0a6 for content provider com.android.externalstorage/.ExternalStorageProvider
I/art     (  939): Explicit concurrent mark sweep GC freed 704(30KB) AllocSpace objects, 0(0B) LOS objects, 91% free, 92KB/1116KB, paused 2.383ms total 47.395ms
I/art     (  939): Explicit concurrent mark sweep GC freed 3(96B) AllocSpace objects, 0(0B) LOS objects, 91% free, 92KB/1116KB, paused 2.687ms total 26.903ms
I/art     (  939): Explicit concurrent mark sweep GC freed 7(224B) AllocSpace objects, 0(0B) LOS objects, 91% free, 92KB/1116KB, paused 2.452ms total 36.745ms
D/AndroidRuntime( 2420): >>>>>> START com.android.internal.os.RuntimeInit uid 0 <<<<<<
D/AndroidRuntime( 2420): CheckJNI is ON
E/memtrack( 2420): Couldn't load memtrack module (No such file or directory)
E/android.os.Debug( 2420): failed to load memtrack module: -2
D/AndroidRuntime( 2420): Calling main entry com.android.commands.pm.Pm
I/ActivityManager( 1232): Force stopping br.com.catbag.gifreduxsample appid=10053 user=-1: uninstall pkg
I/ActivityManager( 1232): Force stopping br.com.catbag.gifreduxsample appid=10053 user=0: pkg removed
I/art     ( 1747): Explicit concurrent mark sweep GC freed 4301(235KB) AllocSpace objects, 7(220KB) LOS objects, 37% free, 6MB/10MB, paused 2.501ms total 23.950ms
D/ExternalStorage( 2422): After updating volumes, found 0 active roots
I/art     ( 1544): Explicit concurrent mark sweep GC freed 14706(1098KB) AllocSpace objects, 0(0B) LOS objects, 40% free, 3MB/5MB, paused 2.619ms total 203.992ms
W/art     ( 1232): Long monitor contention event with owner method=int com.android.server.am.ActivityManagerService.broadcastIntent(android.app.IApplicationThread, android.content.Intent, java.lang.String, android.content.IIntentReceiver, int, java.lang.String, android.os.Bundle, java.lang.String, int, boolean, boolean, int) from ActivityManagerService.java:16327 waiters=0 for 349ms
D/JobSchedulerService( 1232): Receieved: android.intent.action.PACKAGE_REMOVED
D/BackupManagerService( 1232): Received broadcast Intent { act=android.intent.action.PACKAGE_REMOVED dat=package:br.com.catbag.gifreduxsample flg=0x4000010 (has extras) }
I/InputReader( 1232): Reconfiguring input devices.  changes=0x00000010
W/art     ( 1232): Long monitor contention event with owner method=int com.android.server.am.ActivityManagerService.broadcastIntent(android.app.IApplicationThread, android.content.Intent, java.lang.String, android.content.IIntentReceiver, int, java.lang.String, android.os.Bundle, java.lang.String, int, boolean, boolean, int) from ActivityManagerService.java:16327 waiters=2 for 110ms
D/TaskPersister( 1232): removeObsoleteFile: deleting file=14_task.xml
I/LatinIME:LogUtils( 1590): Dictionary info: dictionary = main:en ; version = 47 ; date = 1402373178
I/ActivityManager( 1232): Killing 1715:com.android.printspooler/u0a39 (adj 15): empty #17
I/art     ( 1232): Explicit concurrent mark sweep GC freed 18856(1128KB) AllocSpace objects, 2(32KB) LOS objects, 33% free, 6MB/9MB, paused 2.448ms total 260.312ms
I/art     ( 2420): System.exit called, status: 0
I/AndroidRuntime( 2420): VM exiting with result code 0.
D/Documents( 2402): Update found 5 roots in 1933ms
W/art     ( 1232): Long monitor contention event with owner method=void com.android.server.am.BroadcastQueue.processNextBroadcast(boolean) from BroadcastQueue.java:542 waiters=1 for 163ms
W/ContextImpl( 2001): Calling a method in the system process without a qualified user: android.app.ContextImpl.startService:1692 android.content.ContextWrapper.startService:516 android.content.ContextWrapper.startService:516 com.android.keychain.KeyChainBroadcastReceiver.onReceive:12 android.app.ActivityThread.handleReceiver:2609 
D/VoicemailCleanupService( 1529): Cleaning up data for package: br.com.catbag.gifreduxsample
I/ActivityManager( 1232): Killing 1860:com.android.music/u0a33 (adj 15): empty #17
D/Documents( 2402): Update found 5 roots in 375ms
D/Documents( 2402): Update found 5 roots in 390ms
