--------- beginning of main
11-24 18:05:03.034  2112  2112 D AndroidRuntime: >>>>>> START com.android.internal.os.RuntimeInit uid 2000 <<<<<<
11-24 18:05:03.087  2112  2112 D AndroidRuntime: CheckJNI is ON
11-24 18:05:03.357  2112  2112 W art     : Unexpected CPU variant for X86 using defaults: x86
11-24 18:05:03.487  2112  2112 D ICU     : No timezone override file found: /data/misc/zoneinfo/current/icu/icu_tzdata.dat
11-24 18:05:03.733  2112  2112 E memtrack: Couldn't load memtrack module (No such file or directory)
11-24 18:05:03.733  2112  2112 E android.os.Debug: failed to load memtrack module: -2
11-24 18:05:03.758  2112  2112 I Radio-JNI: register_android_hardware_Radio DONE
11-24 18:05:03.888  2112  2112 D AndroidRuntime: Calling main entry com.android.commands.am.Am
11-24 18:05:03.948  2112  2112 D AndroidRuntime: Shutting down VM
11-24 18:05:04.357  2122  2122 D AndroidRuntime: >>>>>> START com.android.internal.os.RuntimeInit uid 2000 <<<<<<
11-24 18:05:04.360  2122  2122 D AndroidRuntime: CheckJNI is ON
11-24 18:05:04.418  2122  2122 W art     : Unexpected CPU variant for X86 using defaults: x86
11-24 18:05:04.428  2122  2122 D ICU     : No timezone override file found: /data/misc/zoneinfo/current/icu/icu_tzdata.dat
11-24 18:05:04.463  2122  2122 E memtrack: Couldn't load memtrack module (No such file or directory)
11-24 18:05:04.463  2122  2122 E android.os.Debug: failed to load memtrack module: -2
11-24 18:05:04.464  2122  2122 I Radio-JNI: register_android_hardware_Radio DONE
11-24 18:05:04.498  2122  2122 D AndroidRuntime: Calling main entry com.android.commands.pm.Pm
11-24 18:05:04.599  2122  2122 I art     : System.exit called, status: 0
11-24 18:05:04.599  2122  2122 I AndroidRuntime: VM exiting with result code 0.
11-24 18:05:05.390  2133  2133 D AndroidRuntime: >>>>>> START com.android.internal.os.RuntimeInit uid 2000 <<<<<<
11-24 18:05:05.397  2133  2133 D AndroidRuntime: CheckJNI is ON
11-24 18:05:05.450  2133  2133 W art     : Unexpected CPU variant for X86 using defaults: x86
11-24 18:05:05.461  2133  2133 D ICU     : No timezone override file found: /data/misc/zoneinfo/current/icu/icu_tzdata.dat
11-24 18:05:05.490  2133  2133 E memtrack: Couldn't load memtrack module (No such file or directory)
11-24 18:05:05.491  2133  2133 E android.os.Debug: failed to load memtrack module: -2
11-24 18:05:05.491  2133  2133 I Radio-JNI: register_android_hardware_Radio DONE
11-24 18:05:05.513  2133  2133 D AndroidRuntime: Calling main entry com.android.commands.pm.Pm
11-24 18:05:05.564   993   993 I         : free_cache(7064425) avail 512573440
11-24 18:05:16.120  2133  2133 I art     : System.exit called, status: 0
11-24 18:05:16.120  2133  2133 I AndroidRuntime: VM exiting with result code 0.
11-24 18:05:16.460  2145  2145 D AndroidRuntime: >>>>>> START com.android.internal.os.RuntimeInit uid 2000 <<<<<<
11-24 18:05:16.469  2145  2145 D AndroidRuntime: CheckJNI is ON
11-24 18:05:16.527  2145  2145 W art     : Unexpected CPU variant for X86 using defaults: x86
11-24 18:05:16.538  2145  2145 D ICU     : No timezone override file found: /data/misc/zoneinfo/current/icu/icu_tzdata.dat
11-24 18:05:16.576  2145  2145 E memtrack: Couldn't load memtrack module (No such file or directory)
11-24 18:05:16.576  2145  2145 E android.os.Debug: failed to load memtrack module: -2
11-24 18:05:16.578  2145  2145 I Radio-JNI: register_android_hardware_Radio DONE
11-24 18:05:16.606  2145  2145 D AndroidRuntime: Calling main entry com.android.commands.pm.Pm
--------- beginning of system
11-24 18:05:17.377  1238  1264 W ActivityManager: Slow operation: 153ms so far, now at startProcess: returned from zygote!
11-24 18:05:17.378  1238  1264 W ActivityManager: Slow operation: 154ms so far, now at startProcess: done updating battery stats
11-24 18:05:17.379  1238  1264 W ActivityManager: Slow operation: 155ms so far, now at startProcess: building log message
11-24 18:05:17.379  1238  1264 I ActivityManager: Start proc 2155:com.android.defcontainer/u0a5 for service com.android.defcontainer/.DefaultContainerService
11-24 18:05:17.379  1238  1264 W ActivityManager: Slow operation: 155ms so far, now at startProcess: starting to update pids map
11-24 18:05:17.380  1238  1264 W ActivityManager: Slow operation: 156ms so far, now at startProcess: done updating pids map
11-24 18:05:17.380  1238  1264 W ActivityManager: Slow operation: 161ms so far, now at startProcess: done starting proc!
11-24 18:05:17.400  2155  2155 W art     : Unexpected CPU variant for X86 using defaults: x86
11-24 18:05:17.404  1238  1253 W art     : Long monitor contention with owner PackageManager (1264) at int com.android.server.am.ActivityManagerService.bindService(android.app.IApplicationThread, android.os.IBinder, android.content.Intent, java.lang.String, android.app.IServiceConnection, int, java.lang.String, int)(ActivityManagerService.java:17045) waiters=0 in void com.android.server.am.ActivityManagerService.dispatchUidsChanged() for 158ms
11-24 18:05:17.673  1238  1248 I art     : Background partial concurrent mark sweep GC freed 34167(2MB) AllocSpace objects, 17(448KB) LOS objects, 33% free, 6MB/10MB, paused 18.311ms total 1.016s
11-24 18:05:17.959  1238  1264 I PackageManager.DexOptimizer: Running dexopt (dex2oat) on: /data/app/vmdl508929231.tmp/base.apk pkg=br.com.catbag.gifreduxsample isa=x86 vmSafeMode=false debuggable=true target-filter=interpret-only oatDir = /data/app/vmdl508929231.tmp/oat sharedLibraries=null
11-24 18:05:18.016  2171  2171 W dex2oat : Unexpected CPU variant for X86 using defaults: x86
11-24 18:05:18.018  2171  2171 W dex2oat : Mismatch between dex2oat instruction set features (ISA: X86 Feature string: smp,-ssse3,-sse4.1,-sse4.2,-avx,-avx2,-lock_add,-popcnt) and those of dex2oat executable (ISA: X86 Feature string: smp,ssse3,-sse4.1,-sse4.2,-avx,-avx2,-lock_add,-popcnt) for the command line:
11-24 18:05:18.018  2171  2171 W dex2oat : /system/bin/dex2oat --zip-fd=6 --zip-location=base.apk --oat-fd=7 --oat-location=/data/app/vmdl508929231.tmp/oat/x86/base.odex --instruction-set=x86 --instruction-set-variant=x86 --instruction-set-features=default --runtime-arg -Xms64m --runtime-arg -Xmx512m --compiler-filter=interpret-only --swap-fd=9 --debuggable
11-24 18:05:18.019  2171  2171 I dex2oat : /system/bin/dex2oat --compiler-filter=interpret-only --debuggable
11-24 18:05:21.316  2171  2171 W dex2oat : Before Android 4.1, method android.graphics.PorterDuffColorFilter android.support.graphics.drawable.VectorDrawableCompat.updateTintFilter(android.graphics.PorterDuffColorFilter, android.content.res.ColorStateList, android.graphics.PorterDuff$Mode) would have incorrectly overridden the package-private method in android.graphics.drawable.Drawable
11-24 18:05:21.446  2171  2171 W dex2oat : Before Android 4.1, method int android.support.v7.widget.ListViewCompat.lookForSelectablePosition(int, boolean) would have incorrectly overridden the package-private method in android.widget.ListView
11-24 18:05:38.225  2171  2171 W dex2oat : Verification of void org.immutables.value.internal.$processor$.meta.$StyleMirror.<init>(javax.lang.model.element.AnnotationMirror) took 108.133ms
11-24 18:06:02.638  2171  2171 W dex2oat : Compilation of void com.fasterxml.jackson.core.JsonGenerator.writeRawValue(com.fasterxml.jackson.core.SerializableString) took 169.942ms
11-24 18:06:07.625  2171  2171 W dex2oat : Compilation of java.util.List com.google.common.collect.Synchronized$SynchronizedListMultimap.replaceValues(java.lang.Object, java.lang.Iterable) took 153.320ms
11-24 18:06:15.440  2171  2171 I dex2oat : dex2oat took 57.426s (threads: 1) arena alloc=1402KB (1436528B) java alloc=7MB (8050336B) native alloc=13MB (14282688B) free=3MB (3149888B)
11-24 18:06:15.638  1238  1264 W PackageManager: Not granting permission android.permission.SET_DEBUG_APP to package br.com.catbag.gifreduxsample (protectionLevel=50 flags=0x3848be46)
11-24 18:06:15.767  1238  1264 V BackupManagerService: restoreAtInstall pkg=br.com.catbag.gifreduxsample token=1 restoreSet=0
11-24 18:06:15.769  1238  1264 W BackupManagerService: Requested unavailable transport: android/com.android.internal.backup.LocalTransport
11-24 18:06:15.769  1238  1264 W BackupManagerService: No transport
11-24 18:06:15.770  1238  1264 V BackupManagerService: Finishing install immediately
11-24 18:06:15.810  1238  1264 I art     : Starting a blocking GC Explicit
11-24 18:06:15.907  1238  1264 I art     : Explicit concurrent mark sweep GC freed 19996(1162KB) AllocSpace objects, 7(140KB) LOS objects, 33% free, 6MB/10MB, paused 6.334ms total 95.376ms
11-24 18:06:15.914   993   993 E         : Couldn't opendir /data/app/vmdl508929231.tmp: No such file or directory
11-24 18:06:16.028  2145  2145 I art     : System.exit called, status: 0
11-24 18:06:16.028  2145  2145 I AndroidRuntime: VM exiting with result code 0.
11-24 18:06:16.112  1238  1278 I InputReader: Reconfiguring input devices.  changes=0x00000010
11-24 18:06:16.287  1449  1449 D CarrierSvcBindHelper: No carrier app for: 0
11-24 18:06:16.335  1449  1449 D CarrierConfigLoader: mHandler: 9 phoneId: 0
11-24 18:06:16.734  1238  1251 W VoiceInteractionManagerService: no available voice recognition services found for user 0
11-24 18:06:16.735  1238  1251 W LocationProviderProxy-network: Odd, no component found for service com.android.location.service.v3.NetworkLocationProvider
11-24 18:06:16.736  1238  1251 W GeocoderProxy: Odd, no component found for service com.android.location.service.GeocodeProvider
11-24 18:06:16.751  1238  1251 W GeofenceProxy: Odd, no component found for service com.android.location.service.GeofenceProvider
11-24 18:06:16.773  1238  1251 W ActivityRecognitionProxy: Odd, no component found for service com.android.location.service.ActivityRecognitionProvider
11-24 18:06:17.341  2178  2178 D AndroidRuntime: >>>>>> START com.android.internal.os.RuntimeInit uid 2000 <<<<<<
11-24 18:06:17.353  2178  2178 D AndroidRuntime: CheckJNI is ON
11-24 18:06:17.384  1449  1461 I art     : Background partial concurrent mark sweep GC freed 24434(1712KB) AllocSpace objects, 1(20KB) LOS objects, 39% free, 2MB/4MB, paused 26.255ms total 999.638ms
11-24 18:06:17.483  2178  2178 W art     : Unexpected CPU variant for X86 using defaults: x86
11-24 18:06:17.499  2178  2178 D ICU     : No timezone override file found: /data/misc/zoneinfo/current/icu/icu_tzdata.dat
11-24 18:06:17.538  2178  2178 E memtrack: Couldn't load memtrack module (No such file or directory)
11-24 18:06:17.538  2178  2178 E android.os.Debug: failed to load memtrack module: -2
11-24 18:06:17.539  2178  2178 I Radio-JNI: register_android_hardware_Radio DONE
11-24 18:06:17.575  2178  2178 D AndroidRuntime: Calling main entry com.android.commands.pm.Pm
11-24 18:06:17.594  2178  2178 I art     : System.exit called, status: 0
11-24 18:06:17.594  2178  2178 I AndroidRuntime: VM exiting with result code 0.
11-24 18:06:18.337  2194  2194 D AndroidRuntime: >>>>>> START com.android.internal.os.RuntimeInit uid 2000 <<<<<<
11-24 18:06:18.345  2194  2194 D AndroidRuntime: CheckJNI is ON
11-24 18:06:18.390  2194  2194 W art     : Unexpected CPU variant for X86 using defaults: x86
11-24 18:06:18.394  2194  2194 D ICU     : No timezone override file found: /data/misc/zoneinfo/current/icu/icu_tzdata.dat
11-24 18:06:18.418  2194  2194 E memtrack: Couldn't load memtrack module (No such file or directory)
11-24 18:06:18.418  2194  2194 E android.os.Debug: failed to load memtrack module: -2
11-24 18:06:18.419  2194  2194 I Radio-JNI: register_android_hardware_Radio DONE
11-24 18:06:18.435  2194  2194 D AndroidRuntime: Calling main entry com.android.commands.pm.Pm
11-24 18:06:18.469   993   993 I         : free_cache(2038438) avail 492630016
11-24 18:06:19.611  1238  1348 I ActivityManager: Start proc 2207:com.svox.pico/u0a46 for broadcast com.svox.pico/.VoiceDataInstallerReceiver
11-24 18:06:19.614  2207  2207 W art     : Unexpected CPU variant for X86 using defaults: x86
11-24 18:06:21.705  2194  2194 I art     : System.exit called, status: 0
11-24 18:06:21.705  2194  2194 I AndroidRuntime: VM exiting with result code 0.
11-24 18:06:22.053  2222  2222 D AndroidRuntime: >>>>>> START com.android.internal.os.RuntimeInit uid 2000 <<<<<<
11-24 18:06:22.055  2222  2222 D AndroidRuntime: CheckJNI is ON
11-24 18:06:22.102  2222  2222 W art     : Unexpected CPU variant for X86 using defaults: x86
11-24 18:06:22.106  2222  2222 D ICU     : No timezone override file found: /data/misc/zoneinfo/current/icu/icu_tzdata.dat
11-24 18:06:22.128  2222  2222 E memtrack: Couldn't load memtrack module (No such file or directory)
11-24 18:06:22.128  2222  2222 E android.os.Debug: failed to load memtrack module: -2
11-24 18:06:22.129  2222  2222 I Radio-JNI: register_android_hardware_Radio DONE
11-24 18:06:22.145  2222  2222 D AndroidRuntime: Calling main entry com.android.commands.pm.Pm
11-24 18:06:22.224  2155  2166 I art     : HomogeneousSpaceCompact marksweep + semispace GC freed 10871(586KB) AllocSpace objects, 0(0B) LOS objects, 39% free, 2MB/3MB, paused 656.915ms total 656.915ms
11-24 18:06:22.317  1238  1264 I PackageManager.DexOptimizer: Running dexopt (dex2oat) on: /data/app/vmdl1712560663.tmp/base.apk pkg=br.com.catbag.gifreduxsample.test isa=x86 vmSafeMode=false debuggable=true target-filter=interpret-only oatDir = /data/app/vmdl1712560663.tmp/oat sharedLibraries=/system/framework/android.test.runner.jar
11-24 18:06:22.402  2233  2233 W dex2oat : Unexpected CPU variant for X86 using defaults: x86
11-24 18:06:22.402  2233  2233 W dex2oat : Mismatch between dex2oat instruction set features (ISA: X86 Feature string: smp,-ssse3,-sse4.1,-sse4.2,-avx,-avx2,-lock_add,-popcnt) and those of dex2oat executable (ISA: X86 Feature string: smp,ssse3,-sse4.1,-sse4.2,-avx,-avx2,-lock_add,-popcnt) for the command line:
11-24 18:06:22.402  2233  2233 W dex2oat : /system/bin/dex2oat --zip-fd=6 --zip-location=base.apk --oat-fd=7 --oat-location=/data/app/vmdl1712560663.tmp/oat/x86/base.odex --instruction-set=x86 --instruction-set-variant=x86 --instruction-set-features=default --runtime-arg -Xms64m --runtime-arg -Xmx512m --compiler-filter=interpret-only --swap-fd=9 --debuggable --runtime-arg -classpath --runtime-arg /system/framework/android.test.runner.jar
11-24 18:06:22.418  2233  2233 I dex2oat : /system/bin/dex2oat --compiler-filter=interpret-only --debuggable
11-24 18:06:46.292  2233  2233 W dex2oat : Compilation of void com.android.dx.ssa.back.FirstFitLocalCombiningAllocator$1.visitNonMoveInsn(com.android.dx.ssa.NormalSsaInsn) took 172.154ms
11-24 18:06:49.912  2233  2233 I dex2oat : dex2oat took 27.510s (threads: 1) arena alloc=824B (824B) java alloc=3MB (3868560B) native alloc=6MB (6969808B) free=2MB (2467376B)
11-24 18:06:50.187  1238  1264 V BackupManagerService: restoreAtInstall pkg=br.com.catbag.gifreduxsample.test token=2 restoreSet=0
11-24 18:06:50.187  1238  1264 W BackupManagerService: Requested unavailable transport: android/com.android.internal.backup.LocalTransport
11-24 18:06:50.187  1238  1264 W BackupManagerService: No transport
11-24 18:06:50.187  1238  1264 V BackupManagerService: Finishing install immediately
11-24 18:06:50.211  1238  1264 I art     : Starting a blocking GC Explicit
11-24 18:06:50.235  1238  1479 I ActivityManager: Killing 1462:com.android.settings:CryptKeeper/1000 (adj 906): empty #17
11-24 18:06:50.454  1238  1264 I art     : Explicit concurrent mark sweep GC freed 38216(2MB) AllocSpace objects, 13(308KB) LOS objects, 33% free, 6MB/10MB, paused 7.007ms total 237.548ms
11-24 18:06:50.465   993   993 E         : Couldn't opendir /data/app/vmdl1712560663.tmp: No such file or directory
11-24 18:06:50.518  2222  2222 I art     : System.exit called, status: 0
11-24 18:06:50.519  2222  2222 I AndroidRuntime: VM exiting with result code 0.
11-24 18:06:50.655  1238  1278 I InputReader: Reconfiguring input devices.  changes=0x00000010
11-24 18:06:50.748  1238  1251 W VoiceInteractionManagerService: no available voice recognition services found for user 0
11-24 18:06:50.748  1238  1251 W LocationProviderProxy-network: Odd, no component found for service com.android.location.service.v3.NetworkLocationProvider
11-24 18:06:50.749  1238  1251 W GeocoderProxy: Odd, no component found for service com.android.location.service.GeocodeProvider
11-24 18:06:50.749  1238  1251 W GeofenceProxy: Odd, no component found for service com.android.location.service.GeofenceProvider
11-24 18:06:50.750  1238  1251 W ActivityRecognitionProxy: Odd, no component found for service com.android.location.service.ActivityRecognitionProvider
11-24 18:06:50.810  1449  1449 D CarrierSvcBindHelper: No carrier app for: 0
11-24 18:06:50.814  1449  1449 D CarrierConfigLoader: mHandler: 9 phoneId: 0
11-24 18:06:51.212  2239  2239 D AndroidRuntime: >>>>>> START com.android.internal.os.RuntimeInit uid 2000 <<<<<<
11-24 18:06:51.227  2239  2239 D AndroidRuntime: CheckJNI is ON
11-24 18:06:51.285  2239  2239 W art     : Unexpected CPU variant for X86 using defaults: x86
11-24 18:06:51.291  2239  2239 D ICU     : No timezone override file found: /data/misc/zoneinfo/current/icu/icu_tzdata.dat
11-24 18:06:51.339  2239  2239 E memtrack: Couldn't load memtrack module (No such file or directory)
11-24 18:06:51.339  2239  2239 E android.os.Debug: failed to load memtrack module: -2
11-24 18:06:51.346  2239  2239 I Radio-JNI: register_android_hardware_Radio DONE
11-24 18:06:51.369  2239  2239 D AndroidRuntime: Calling main entry com.android.commands.am.Am
11-24 18:06:51.388  1238  1763 I ActivityManager: Force stopping br.com.catbag.gifreduxsample appid=10060 user=0: start instr
11-24 18:06:51.405  2249  2249 I art     : Not late-enabling -Xcheck:jni (already on)
11-24 18:06:51.406  2249  2249 W art     : Unexpected CPU variant for X86 using defaults: x86
11-24 18:06:51.410  1238  1763 I ActivityManager: Start proc 2249:br.com.catbag.gifreduxsample/u0a60 for added application br.com.catbag.gifreduxsample
11-24 18:06:51.451  2249  2249 W System  : ClassLoader referenced unknown path: /data/app/br.com.catbag.gifreduxsample.test-1/lib/x86
11-24 18:06:51.460  2249  2249 W System  : ClassLoader referenced unknown path: 
11-24 18:06:51.588  2249  2249 W System.err: java.io.FileNotFoundException: /jacoco.exec (Read-only file system)
11-24 18:06:51.590  2249  2249 W System.err: 	at java.io.FileOutputStream.open(Native Method)
11-24 18:06:51.590  2249  2249 W System.err: 	at java.io.FileOutputStream.<init>(FileOutputStream.java:221)
11-24 18:06:51.590  2249  2249 W System.err: 	at org.jacoco.agent.rt.internal_e6e56f0.output.FileOutput.openFile(FileOutput.java:67)
11-24 18:06:51.591  2249  2249 W System.err: 	at org.jacoco.agent.rt.internal_e6e56f0.output.FileOutput.startup(FileOutput.java:49)
11-24 18:06:51.591  2249  2249 W System.err: 	at org.jacoco.agent.rt.internal_e6e56f0.Agent.startup(Agent.java:122)
11-24 18:06:51.591  2249  2249 W System.err: 	at org.jacoco.agent.rt.internal_e6e56f0.Agent.getInstance(Agent.java:50)
11-24 18:06:51.591  2249  2249 W System.err: 	at org.jacoco.agent.rt.internal_e6e56f0.Offline.<clinit>(Offline.java:31)
11-24 18:06:51.592  2249  2249 W System.err: 	at org.jacoco.agent.rt.internal_e6e56f0.Offline.getProbes(Offline.java:51)
11-24 18:06:51.592  2249  2249 W System.err: 	at br.com.catbag.gifreduxsample.MyApp.$jacocoInit(MyApp.java)
11-24 18:06:51.592  2249  2249 W System.err: 	at br.com.catbag.gifreduxsample.MyApp.<clinit>(MyApp.java)
11-24 18:06:51.592  2249  2249 W System.err: 	at java.lang.Class.newInstance(Native Method)
11-24 18:06:51.611  2249  2249 W System.err: 	at android.app.Instrumentation.newApplication(Instrumentation.java:1007)
11-24 18:06:51.611  2249  2249 W System.err: 	at android.app.Instrumentation.newApplication(Instrumentation.java:992)
11-24 18:06:51.611  2249  2249 W System.err: 	at android.app.LoadedApk.makeApplication(LoadedApk.java:796)
11-24 18:06:51.611  2249  2249 W System.err: 	at android.app.ActivityThread.handleBindApplication(ActivityThread.java:5335)
11-24 18:06:51.611  2249  2249 W System.err: 	at android.app.ActivityThread.-wrap2(ActivityThread.java)
11-24 18:06:51.611  2249  2249 W System.err: 	at android.app.ActivityThread$H.handleMessage(ActivityThread.java:1528)
11-24 18:06:51.612  2249  2249 W System.err: 	at android.os.Handler.dispatchMessage(Handler.java:102)
11-24 18:06:51.612  2249  2249 W System.err: 	at android.os.Looper.loop(Looper.java:154)
11-24 18:06:51.612  2249  2249 W System.err: 	at android.app.ActivityThread.main(ActivityThread.java:6077)
11-24 18:06:51.612  2249  2249 W System.err: 	at java.lang.reflect.Method.invoke(Native Method)
11-24 18:06:51.629  2249  2249 W System.err: 	at com.android.internal.os.ZygoteInit$MethodAndArgsCaller.run(ZygoteInit.java:865)
11-24 18:06:51.629  2249  2249 W System.err: 	at com.android.internal.os.ZygoteInit.main(ZygoteInit.java:755)
11-24 18:06:51.647  2249  2249 I MonitoringInstrumentation: Instrumentation Started!
11-24 18:06:51.658  2249  2249 I MonitoringInstrumentation: Setting context classloader to 'dalvik.system.PathClassLoader[DexPathList[[zip file "/system/framework/android.test.runner.jar", zip file "/data/app/br.com.catbag.gifreduxsample.test-1/base.apk", zip file "/data/app/br.com.catbag.gifreduxsample-1/base.apk"],nativeLibraryDirectories=[/data/app/br.com.catbag.gifreduxsample.test-1/lib/x86, /data/app/br.com.catbag.gifreduxsample-1/lib/x86, /system/fake-libs, /data/app/br.com.catbag.gifreduxsample.test-1/base.apk!/lib/x86, /data/app/br.com.catbag.gifreduxsample-1/base.apk!/lib/x86, /system/lib, /vendor/lib]]]', Original: 'dalvik.system.PathClassLoader[DexPathList[[zip file "/system/framework/android.test.runner.jar", zip file "/data/app/br.com.catbag.gifreduxsample.test-1/base.apk", zip file "/data/app/br.com.catbag.gifreduxsample-1/base.apk"],nativeLibraryDirectories=[/data/app/br.com.catbag.gifreduxsample.test-1/lib/x86, /data/app/br.com.catbag.gifreduxsample-1/lib/x86, /system/fake-libs, /data/app/br.com.catbag.gifreduxsample.test-1/base.apk!/lib/x86, /data/app/br.com.catbag.gifreduxsample-1/base.apk!/lib/x86, /system/lib, /vendor/lib]]]'
11-24 18:06:51.747  2249  2249 D NetworkSecurityConfig: No Network Security Config specified, using platform default
11-24 18:06:51.791  2249  2249 I MonitoringInstrumentation: No JSBridge.
11-24 18:06:51.815  2249  2264 I UsageTrackerFacilitator: Usage tracking enabled
11-24 18:06:51.816  2249  2264 I TestRequestBuilder: Scanning classpath to find tests in apks [/data/app/br.com.catbag.gifreduxsample.test-1/base.apk]
11-24 18:06:52.394  2249  2264 I art     : Rejecting re-init on previously-failed class java.lang.Class<org.objectweb.asm.commons.JSRInlinerAdapter>: java.lang.NoClassDefFoundError: Failed resolution of: Lorg/objectweb/asm/tree/MethodNode;
11-24 18:06:52.394  2249  2264 I art     :   at java.lang.Class java.lang.Class.classForName!(java.lang.String, boolean, java.lang.ClassLoader) (Class.java:-2)
11-24 18:06:52.394  2249  2264 I art     :   at java.lang.Class java.lang.Class.forName(java.lang.String, boolean, java.lang.ClassLoader) (Class.java:400)
11-24 18:06:52.394  2249  2264 I art     :   at java.lang.Class android.support.test.internal.runner.TestLoader.doLoadClass(java.lang.String) (TestLoader.java:92)
11-24 18:06:52.394  2249  2264 I art     :   at java.lang.Class android.support.test.internal.runner.TestLoader.loadIfTest(java.lang.String) (TestLoader.java:113)
11-24 18:06:52.394  2249  2264 I art     :   at void android.support.test.internal.runner.TestRequestBuilder.loadClassesFromClassPath(android.support.test.internal.runner.TestLoader, java.util.Set) (TestRequestBuilder.java:801)
11-24 18:06:52.394  2249  2264 I art     :   at android.support.test.internal.runner.TestRequest android.support.test.internal.runner.TestRequestBuilder.build() (TestRequestBuilder.java:747)
11-24 18:06:52.395  2249  2264 I art     :   at android.support.test.internal.runner.TestRequest android.support.test.runner.AndroidJUnitRunner.buildRequest(android.support.test.internal.runner.RunnerArgs, android.os.Bundle) (AndroidJUnitRunner.java:354)
11-24 18:06:52.395  2249  2264 I art     :   at void android.support.test.runner.AndroidJUnitRunner.onStart() (AndroidJUnitRunner.java:260)
11-24 18:06:52.395  2249  2264 I art     :   at void android.app.Instrumentation$InstrumentationThread.run() (Instrumentation.java:1932)
11-24 18:06:52.395  2249  2264 I art     : Caused by: java.lang.ClassNotFoundException: Didn't find class "org.objectweb.asm.tree.MethodNode" on path: DexPathList[[zip file "/system/framework/android.test.runner.jar", zip file "/data/app/br.com.catbag.gifreduxsample.test-1/base.apk", zip file "/data/app/br.com.catbag.gifreduxsample-1/base.apk"],nativeLibraryDirectories=[/data/app/br.com.catbag.gifreduxsample.test-1/lib/x86, /data/app/br.com.catbag.gifreduxsample-1/lib/x86, /system/fake-libs, /data/app/br.com.catbag.gifreduxsample.test-1/base.apk!/lib/x86, /data/app/br.com.catbag.gifreduxsample-1/base.apk!/lib/x86, /system/lib, /vendor/lib]]
11-24 18:06:52.395  2249  2264 I art     :   at java.lang.Class dalvik.system.BaseDexClassLoader.findClass(java.lang.String) (BaseDexClassLoader.java:56)
11-24 18:06:52.395  2249  2264 I art     :   at java.lang.Class java.lang.ClassLoader.loadClass(java.lang.String, boolean) (ClassLoader.java:380)
11-24 18:06:52.395  2249  2264 I art     :   at java.lang.Class java.lang.ClassLoader.loadClass(java.lang.String) (ClassLoader.java:312)
11-24 18:06:52.396  2249  2264 I art     :   at java.lang.Class java.lang.Class.classForName!(java.lang.String, boolean, java.lang.ClassLoader) (Class.java:-2)
11-24 18:06:52.396  2249  2264 I art     :   at java.lang.Class java.lang.Class.forName(java.lang.String, boolean, java.lang.ClassLoader) (Class.java:400)
11-24 18:06:52.396  2249  2264 I art     :   at java.lang.Class android.support.test.internal.runner.TestLoader.doLoadClass(java.lang.String) (TestLoader.java:92)
11-24 18:06:52.396  2249  2264 I art     :   at java.lang.Class android.support.test.internal.runner.TestLoader.loadIfTest(java.lang.String) (TestLoader.java:113)
11-24 18:06:52.396  2249  2264 I art     :   at void android.support.test.internal.runner.TestRequestBuilder.loadClassesFromClassPath(android.support.test.internal.runner.TestLoader, java.util.Set) (TestRequestBuilder.java:801)
11-24 18:06:52.396  2249  2264 I art     :   at android.support.test.internal.runner.TestRequest android.support.test.internal.runner.TestRequestBuilder.build() (TestRequestBuilder.java:747)
11-24 18:06:52.396  2249  2264 I art     :   at android.support.test.internal.runner.TestRequest android.support.test.runner.AndroidJUnitRunner.buildRequest(android.support.test.internal.runner.RunnerArgs, android.os.Bundle) (AndroidJUnitRunner.java:354)
11-24 18:06:52.396  2249  2264 I art     :   at void android.support.test.runner.AndroidJUnitRunner.onStart() (AndroidJUnitRunner.java:260)
11-24 18:06:52.397  2249  2264 I art     :   at void android.app.Instrumentation$InstrumentationThread.run() (Instrumentation.java:1932)
11-24 18:06:52.397  2249  2264 I art     : 
11-24 18:06:52.397  2249  2264 E TestLoader: Could not find class: org.objectweb.asm.commons.JSRInlinerAdapter
11-24 18:06:52.402  2249  2264 I art     : Rejecting re-init on previously-failed class java.lang.Class<org.objectweb.asm.commons.TryCatchBlockSorter>: java.lang.NoClassDefFoundError: Failed resolution of: Lorg/objectweb/asm/tree/MethodNode;
11-24 18:06:52.402  2249  2264 I art     :   at java.lang.Class java.lang.Class.classForName!(java.lang.String, boolean, java.lang.ClassLoader) (Class.java:-2)
11-24 18:06:52.402  2249  2264 I art     :   at java.lang.Class java.lang.Class.forName(java.lang.String, boolean, java.lang.ClassLoader) (Class.java:400)
11-24 18:06:52.420  2249  2264 I art     :   at java.lang.Class android.support.test.internal.runner.TestLoader.doLoadClass(java.lang.String) (TestLoader.java:92)
11-24 18:06:52.420  2249  2264 I art     :   at java.lang.Class android.support.test.internal.runner.TestLoader.loadIfTest(java.lang.String) (TestLoader.java:113)
11-24 18:06:52.420  2249  2264 I art     :   at void android.support.test.internal.runner.TestRequestBuilder.loadClassesFromClassPath(android.support.test.internal.runner.TestLoader, java.util.Set) (TestRequestBuilder.java:801)
11-24 18:06:52.420  2249  2264 I art     :   at android.support.test.internal.runner.TestRequest android.support.test.internal.runner.TestRequestBuilder.build() (TestRequestBuilder.java:747)
11-24 18:06:52.421  2249  2264 I art     :   at android.support.test.internal.runner.TestRequest android.support.test.runner.AndroidJUnitRunner.buildRequest(android.support.test.internal.runner.RunnerArgs, android.os.Bundle) (AndroidJUnitRunner.java:354)
11-24 18:06:52.421  2249  2264 I art     :   at void android.support.test.runner.AndroidJUnitRunner.onStart() (AndroidJUnitRunner.java:260)
11-24 18:06:52.421  2249  2264 I art     :   at void android.app.Instrumentation$InstrumentationThread.run() (Instrumentation.java:1932)
11-24 18:06:52.421  2249  2264 I art     : Caused by: java.lang.ClassNotFoundException: Didn't find class "org.objectweb.asm.tree.MethodNode" on path: DexPathList[[zip file "/system/framework/android.test.runner.jar", zip file "/data/app/br.com.catbag.gifreduxsample.test-1/base.apk", zip file "/data/app/br.com.catbag.gifreduxsample-1/base.apk"],nativeLibraryDirectories=[/data/app/br.com.catbag.gifreduxsample.test-1/lib/x86, /data/app/br.com.catbag.gifreduxsample-1/lib/x86, /system/fake-libs, /data/app/br.com.catbag.gifreduxsample.test-1/base.apk!/lib/x86, /data/app/br.com.catbag.gifreduxsample-1/base.apk!/lib/x86, /system/lib, /vendor/lib]]
11-24 18:06:52.421  2249  2264 I art     :   at java.lang.Class dalvik.system.BaseDexClassLoader.findClass(java.lang.String) (BaseDexClassLoader.java:56)
11-24 18:06:52.422  2249  2264 I art     :   at java.lang.Class java.lang.ClassLoader.loadClass(java.lang.String, boolean) (ClassLoader.java:380)
11-24 18:06:52.422  2249  2264 I art     :   at java.lang.Class java.lang.ClassLoader.loadClass(java.lang.String) (ClassLoader.java:312)
11-24 18:06:52.422  2249  2264 I art     :   at java.lang.Class java.lang.Class.classForName!(java.lang.String, boolean, java.lang.ClassLoader) (Class.java:-2)
11-24 18:06:52.422  2249  2264 I art     :   at java.lang.Class java.lang.Class.forName(java.lang.String, boolean, java.lang.ClassLoader) (Class.java:400)
11-24 18:06:52.422  2249  2264 I art     :   at java.lang.Class android.support.test.internal.runner.TestLoader.doLoadClass(java.lang.String) (TestLoader.java:92)
11-24 18:06:52.422  2249  2264 I art     :   at java.lang.Class android.support.test.internal.runner.TestLoader.loadIfTest(java.lang.String) (TestLoader.java:113)
11-24 18:06:52.422  2249  2264 I art     :   at void android.support.test.internal.runner.TestRequestBuilder.loadClassesFromClassPath(android.support.test.internal.runner.TestLoader, java.util.Set) (TestRequestBuilder.java:801)
11-24 18:06:52.433  2249  2264 I art     :   at android.support.test.internal.runner.TestRequest android.support.test.internal.runner.TestRequestBuilder.build() (TestRequestBuilder.java:747)
11-24 18:06:52.433  2249  2264 I art     :   at android.support.test.internal.runner.TestRequest android.support.test.runner.AndroidJUnitRunner.buildRequest(android.support.test.internal.runner.RunnerArgs, android.os.Bundle) (AndroidJUnitRunner.java:354)
11-24 18:06:52.433  2249  2264 I art     :   at void android.support.test.runner.AndroidJUnitRunner.onStart() (AndroidJUnitRunner.java:260)
11-24 18:06:52.434  2249  2264 I art     :   at void android.app.Instrumentation$InstrumentationThread.run() (Instrumentation.java:1932)
11-24 18:06:52.434  2249  2264 I art     : 
11-24 18:06:52.435  2249  2264 E TestLoader: Could not find class: org.objectweb.asm.commons.TryCatchBlockSorter
11-24 18:06:52.494  2249  2264 D TestExecutor: Adding listener android.support.test.internal.runner.listener.LogRunListener
11-24 18:06:52.495  2249  2264 D TestExecutor: Adding listener android.support.test.internal.runner.listener.InstrumentationResultPrinter
11-24 18:06:52.495  2249  2264 D TestExecutor: Adding listener android.support.test.internal.runner.listener.ActivityFinisherRunListener
11-24 18:06:52.495  2249  2264 D TestExecutor: Adding listener android.support.test.internal.runner.listener.CoverageListener
11-24 18:06:52.502  2249  2264 I TestRunner: run started: 15 tests
11-24 18:06:52.538  2249  2264 I TestRunner: started: whenAppStateSavedSeveralTime(br.com.catbag.gifreduxsample.asyncs.data.DataManagerTest)
11-24 18:06:52.546  2249  2249 I MonitoringInstrumentation: Activities that are still in CREATED to STOPPED: 0
11-24 18:06:52.700  2249  2260 I art     : Background sticky concurrent mark sweep GC freed 134528(5MB) AllocSpace objects, 0(0B) LOS objects, 38% free, 4MB/6MB, paused 6.208ms total 577.227ms
11-24 18:06:52.776  2249  2267 W Java7Support: Unable to load JDK7 types (annotations, java.nio.file.Path): no Java7 support added
11-24 18:06:53.142  2249  2264 I TestRunner: finished: whenAppStateSavedSeveralTime(br.com.catbag.gifreduxsample.asyncs.data.DataManagerTest)
11-24 18:06:53.158  2249  2249 I MonitoringInstrumentation: Activities that are still in CREATED to STOPPED: 0
11-24 18:06:53.159  2249  2264 I TestRunner: started: whenAppStateSavedOnceTime(br.com.catbag.gifreduxsample.asyncs.data.DataManagerTest)
11-24 18:06:53.161  2249  2249 I MonitoringInstrumentation: Activities that are still in CREATED to STOPPED: 0
11-24 18:06:53.420  2249  2264 I TestRunner: finished: whenAppStateSavedOnceTime(br.com.catbag.gifreduxsample.asyncs.data.DataManagerTest)
11-24 18:06:53.432  2249  2249 I MonitoringInstrumentation: Activities that are still in CREATED to STOPPED: 0
11-24 18:06:53.434  2249  2264 I TestRunner: started: whenUnsavedAppStateIsLoaded(br.com.catbag.gifreduxsample.asyncs.data.DataManagerTest)
11-24 18:06:53.448  2249  2249 I MonitoringInstrumentation: Activities that are still in CREATED to STOPPED: 0
11-24 18:06:53.532  2249  2272 E DataManager: appstate not loaded
11-24 18:06:53.532  2249  2272 E DataManager: com.snappydb.SnappydbException: Failed to get a String: NotFound: 
11-24 18:06:53.532  2249  2272 E DataManager: 	at com.snappydb.internal.DBImpl.__get(Native Method)
11-24 18:06:53.532  2249  2272 E DataManager: 	at com.snappydb.internal.DBImpl.get(DBImpl.java:348)
11-24 18:06:53.532  2249  2272 E DataManager: 	at br.com.catbag.gifreduxsample.asyncs.data.storage.Database.getAppState(Database.java:29)
11-24 18:06:53.532  2249  2272 E DataManager: 	at br.com.catbag.gifreduxsample.asyncs.data.DataManager.lambda$loadAppState$0(DataManager.java:61)
11-24 18:06:53.532  2249  2272 E DataManager: 	at br.com.catbag.gifreduxsample.asyncs.data.DataManager$$Lambda$1.run(Unknown Source)
11-24 18:06:53.532  2249  2272 E DataManager: 	at java.lang.Thread.run(Thread.java:761)
11-24 18:06:53.533  2249  2264 I TestRunner: finished: whenUnsavedAppStateIsLoaded(br.com.catbag.gifreduxsample.asyncs.data.DataManagerTest)
11-24 18:06:53.542  2249  2249 I MonitoringInstrumentation: Activities that are still in CREATED to STOPPED: 0
11-24 18:06:53.544  2249  2264 I TestRunner: started: whenSavedAppStateIsLoaded(br.com.catbag.gifreduxsample.asyncs.data.DataManagerTest)
11-24 18:06:53.555  2249  2249 I MonitoringInstrumentation: Activities that are still in CREATED to STOPPED: 0
11-24 18:06:53.713  2249  2260 I art     : Background partial concurrent mark sweep GC freed 63779(2MB) AllocSpace objects, 0(0B) LOS objects, 39% free, 3MB/5MB, paused 6.294ms total 80.617ms
11-24 18:06:53.786  2249  2264 I TestRunner: finished: whenSavedAppStateIsLoaded(br.com.catbag.gifreduxsample.asyncs.data.DataManagerTest)
11-24 18:06:53.794  2249  2249 I MonitoringInstrumentation: Activities that are still in CREATED to STOPPED: 0
11-24 18:06:53.817  2249  2264 I TestRunner: started: whenScrollDownAndPlayLastItemTest(br.com.catbag.gifreduxsample.ui.giflist.GifListActivityTest)
11-24 18:06:53.840  2249  2249 I MonitoringInstrumentation: Activities that are still in CREATED to STOPPED: 0
11-24 18:06:54.099  2276  2276 W dex2oat : Unexpected CPU variant for X86 using defaults: x86
11-24 18:06:54.100  2276  2276 W dex2oat : Mismatch between dex2oat instruction set features (ISA: X86 Feature string: smp,-ssse3,-sse4.1,-sse4.2,-avx,-avx2,-lock_add,-popcnt) and those of dex2oat executable (ISA: X86 Feature string: smp,ssse3,-sse4.1,-sse4.2,-avx,-avx2,-lock_add,-popcnt) for the command line:
11-24 18:06:54.100  2276  2276 W dex2oat : /system/bin/dex2oat --runtime-arg -classpath --runtime-arg & --instruction-set=x86 --instruction-set-features=smp,ssse3,-sse4.1,-sse4.2,-avx,-avx2,-lock_add,-popcnt --runtime-arg -Xrelocate --boot-image=/system/framework/boot.art --runtime-arg -Xms64m --runtime-arg -Xmx512m --instruction-set-variant=x86 --instruction-set-features=default --dex-file=/data/user/0/br.com.catbag.gifreduxsample/app_dxmaker_cache/Generated_1497766805.jar --oat-fd=38 --oat-location=/data/user/0/br.com.catbag.gifreduxsample/app_dxmaker_cache/Generated_1497766805.dex --compiler-filter=speed
11-24 18:06:54.100  2276  2276 I dex2oat : /system/bin/dex2oat --dex-file=/data/user/0/br.com.catbag.gifreduxsample/app_dxmaker_cache/Generated_1497766805.jar --oat-fd=38 --oat-location=/data/user/0/br.com.catbag.gifreduxsample/app_dxmaker_cache/Generated_1497766805.dex --compiler-filter=speed
11-24 18:06:54.245  2276  2276 I dex2oat : dex2oat took 146.064ms (threads: 1) arena alloc=41KB (42016B) java alloc=28KB (28768B) native alloc=736KB (753768B) free=799KB (819096B)
11-24 18:06:54.285  1238  1477 D VoldConnector: SND -> {29 volume mkdirs /storage/emulated/0/Android/data/br.com.catbag.gifreduxsample/cache/}
11-24 18:06:54.299  1238  1280 D VoldConnector: RCV <- {200 29 Command succeeded}
11-24 18:06:54.308  2249  2265 I DroidFlux:Dispatcher: [STARTED] dispatch of action [FAKE_REDUCE_ACTION]
11-24 18:06:54.331  2249  2265 I DroidFlux:Dispatcher: [COMPLETED] dispatch of action [FAKE_REDUCE_ACTION]
11-24 18:06:54.336  2249  2275 D ActivityTestRule: Launching activity br.com.catbag.gifreduxsample.ui.GifListActivity
11-24 18:06:54.339  2249  2278 D MonitoringInstrumentation: execStartActivity(context, ibinder, ibinder, activity, intent, int, bundle
11-24 18:06:54.355  1238  1250 I ActivityManager: START u0 {flg=0x14000000 cmp=br.com.catbag.gifreduxsample/.ui.GifListActivity} from uid 10060 on display 0
11-24 18:06:54.636  2249  2249 D LifecycleMonitor: Lifecycle status change: br.com.catbag.gifreduxsample.ui.GifListActivity@f3dd091 in: PRE_ON_CREATE
11-24 18:06:54.752  1238  1259 I Choreographer: Skipped 33 frames!  The application may be doing too much work on its main thread.
11-24 18:06:54.819  1683  1683 I Choreographer: Skipped 32 frames!  The application may be doing too much work on its main thread.
11-24 18:06:54.931  1238  1259 I Choreographer: Skipped 37 frames!  The application may be doing too much work on its main thread.
11-24 18:06:55.655  2249  2249 D LifecycleMonitor: Lifecycle status change: br.com.catbag.gifreduxsample.ui.GifListActivity@f3dd091 in: CREATED
11-24 18:06:55.660  2249  2265 I DroidFlux:Dispatcher: [STARTED] dispatch of action [APP_STATE_LOAD]
11-24 18:06:55.661  2249  2265 D DroidFlux:Dispatcher: An action of type [APP_STATE_LOAD] was dispatched, but no reducer handled it
11-24 18:06:55.661  2249  2265 I DroidFlux:Dispatcher: [COMPLETED] dispatch of action [APP_STATE_LOAD]
11-24 18:06:55.662  2249  2249 D LifecycleMonitor: Lifecycle status change: br.com.catbag.gifreduxsample.ui.GifListActivity@f3dd091 in: STARTED
11-24 18:06:55.709  1683  1683 I Choreographer: Skipped 48 frames!  The application may be doing too much work on its main thread.
11-24 18:06:55.718  2249  2249 D LifecycleMonitor: Lifecycle status change: br.com.catbag.gifreduxsample.ui.GifListActivity@f3dd091 in: RESUMED
11-24 18:06:55.725  1238  1249 I WindowManager: Destroying surface Surface(name=com.android.launcher3/com.android.launcher3.Launcher) called by com.android.server.wm.WindowStateAnimator.destroySurface:2014 com.android.server.wm.WindowStateAnimator.destroySurfaceLocked:881 com.android.server.wm.WindowState.destroyOrSaveSurface:2073 com.android.server.wm.WindowManagerService.tryStartExitingAnimation:3017 com.android.server.wm.WindowManagerService.relayoutWindow:2897 com.android.server.wm.Session.relayout:215 android.view.IWindowSession$Stub.onTransact:286 com.android.server.wm.Session.onTransact:136 
11-24 18:06:56.077  2249  2260 I art     : Background sticky concurrent mark sweep GC freed 20880(1254KB) AllocSpace objects, 2(40KB) LOS objects, 15% free, 4MB/5MB, paused 8.565ms total 105.992ms
11-24 18:06:56.137  2249  2249 D gralloc_ranchu: Emulator without host-side GPU emulation detected.
11-24 18:06:56.220  1238  1259 I ActivityManager: Displayed br.com.catbag.gifreduxsample/.ui.GifListActivity: +1s693ms
11-24 18:06:56.270  2249  2275 D InputManagerEventInjectionStrategy: Creating injection strategy with input manager.
11-24 18:06:56.419  2249  2249 W ResourceType: No package identifier when getting name for resource number 0x00000001
11-24 18:06:56.420  2249  2249 I ViewInteraction: Performing 'scroll RecyclerView to position: 4' action on view with id: 1 (resource name not found)
11-24 18:06:56.481  1238  1259 I WindowManager: Destroying surface Surface(name=Starting br.com.catbag.gifreduxsample) called by com.android.server.wm.WindowStateAnimator.destroySurface:2014 com.android.server.wm.WindowStateAnimator.destroySurfaceLocked:881 com.android.server.wm.WindowState.destroyOrSaveSurface:2073 com.android.server.wm.AppWindowToken.destroySurfaces:363 com.android.server.wm.WindowStateAnimator.finishExit:565 com.android.server.wm.WindowStateAnimator.stepAnimationLocked:491 com.android.server.wm.WindowAnimator.updateWindowsLocked:303 com.android.server.wm.WindowAnimator.animateLocked:704 
11-24 18:06:56.805  2249  2250 I art     : Do partial code cache collection, code=26KB, data=30KB
11-24 18:06:56.823  2249  2250 I art     : After code cache collection, code=24KB, data=30KB
11-24 18:06:56.824  2249  2250 I art     : Increasing code cache capacity to 128KB
11-24 18:06:56.836  2249  2249 W ResourceType: No package identifier when getting name for resource number 0x00000001
11-24 18:06:56.887  2249  2249 W ResourceType: No package identifier when getting name for resource number 0x00000004
11-24 18:06:56.887  2249  2249 I ViewInteraction: Performing 'single click' action on view with id: 4 (resource name not found)
11-24 18:06:57.030  2249  2260 I art     : Background partial concurrent mark sweep GC freed 5737(525KB) AllocSpace objects, 1(16KB) LOS objects, 40% free, 5MB/9MB, paused 19.759ms total 186.595ms
11-24 18:06:57.150  2249  2265 I DroidFlux:Dispatcher: [STARTED] dispatch of action [GIF_PLAY]
11-24 18:06:57.152  2249  2265 I DroidFlux:Dispatcher: [COMPLETED] dispatch of action [GIF_PLAY]
11-24 18:06:57.278  1238  1312 W AudioTrack: AUDIO_OUTPUT_FLAG_FAST denied by client; transfer 4, track 48000 Hz, output 44100 Hz
11-24 18:06:57.441  1238  1322 E TaskPersister: File error accessing recents directory (directory doesn't exist?).
11-24 18:06:57.514   989  1029 D AudioFlinger: mixer(0xabe83c40) throttle end: throttle time(9)
11-24 18:06:57.533   989  1029 D AudioFlinger: mixer(0xabe83c40) throttle end: throttle time(10)
11-24 18:06:57.912  2249  2264 I TestRunner: finished: whenScrollDownAndPlayLastItemTest(br.com.catbag.gifreduxsample.ui.giflist.GifListActivityTest)
11-24 18:06:57.942  2249  2249 D LifecycleMonitor: Lifecycle status change: br.com.catbag.gifreduxsample.ui.GifListActivity@f3dd091 in: PAUSED
11-24 18:06:58.011   979   979 D gralloc : Registering a buffer in the process that created it. This may cause memory ordering problems.
11-24 18:06:58.012   979   979 E libEGL  : called unimplemented OpenGL ES API
11-24 18:06:58.014   979   979 E SurfaceFlinger: glCheckFramebufferStatusOES error -158841997
11-24 18:06:58.014   979   979 E SurfaceFlinger: got GL_FRAMEBUFFER_COMPLETE_OES error while taking screenshot
11-24 18:06:58.016  1238  1477 W WindowManager: Screenshot failure taking screenshot for (480x800) to layer 21005
11-24 18:06:58.026  2249  2249 I MonitoringInstrumentation: Activities that are still in CREATED to STOPPED: 1
11-24 18:06:58.028  2249  2264 I TestRunner: started: whenGifIsNotWatchedTest(br.com.catbag.gifreduxsample.ui.giflist.GifListActivityTest)
11-24 18:06:58.054  2249  2249 I MonitoringInstrumentation: Activities that are still in CREATED to STOPPED: 1
11-24 18:06:58.078  2249  2265 I DroidFlux:Dispatcher: [STARTED] dispatch of action [FAKE_REDUCE_ACTION]
11-24 18:06:58.079  2249  2265 I DroidFlux:Dispatcher: [COMPLETED] dispatch of action [FAKE_REDUCE_ACTION]
11-24 18:06:58.135  2249  2282 D ActivityTestRule: Launching activity br.com.catbag.gifreduxsample.ui.GifListActivity
11-24 18:06:58.145  2249  2283 D MonitoringInstrumentation: execStartActivity(context, ibinder, ibinder, activity, intent, int, bundle
11-24 18:06:58.146  1238  1348 I ActivityManager: START u0 {flg=0x10000000 cmp=br.com.catbag.gifreduxsample/.ui.GifListActivity} from uid 10060 on display 0
11-24 18:06:58.270  2249  2249 D LifecycleMonitor: Lifecycle status change: br.com.catbag.gifreduxsample.ui.GifListActivity@369bbf9 in: PRE_ON_CREATE
11-24 18:06:58.311  2249  2249 D LifecycleMonitor: Lifecycle status change: br.com.catbag.gifreduxsample.ui.GifListActivity@369bbf9 in: CREATED
11-24 18:06:58.312  2249  2265 I DroidFlux:Dispatcher: [STARTED] dispatch of action [APP_STATE_LOAD]
11-24 18:06:58.315  2249  2249 D LifecycleMonitor: Lifecycle status change: br.com.catbag.gifreduxsample.ui.GifListActivity@369bbf9 in: STARTED
11-24 18:06:58.317  2249  2249 D LifecycleMonitor: Lifecycle status change: br.com.catbag.gifreduxsample.ui.GifListActivity@369bbf9 in: RESUMED
11-24 18:06:58.342  2249  2265 D DroidFlux:Dispatcher: An action of type [APP_STATE_LOAD] was dispatched, but no reducer handled it
11-24 18:06:58.342  2249  2265 I DroidFlux:Dispatcher: [COMPLETED] dispatch of action [APP_STATE_LOAD]
11-24 18:06:58.436  1683  1683 I Choreographer: Skipped 32 frames!  The application may be doing too much work on its main thread.
11-24 18:06:58.437  1238  1250 I WindowManager: Destroying surface Surface(name=com.android.launcher3/com.android.launcher3.Launcher) called by com.android.server.wm.WindowStateAnimator.destroySurface:2014 com.android.server.wm.WindowStateAnimator.destroySurfaceLocked:881 com.android.server.wm.WindowState.destroyOrSaveSurface:2073 com.android.server.wm.WindowManagerService.tryStartExitingAnimation:3017 com.android.server.wm.WindowManagerService.relayoutWindow:2897 com.android.server.wm.Session.relayout:215 android.view.IWindowSession$Stub.onTransact:286 com.android.server.wm.Session.onTransact:136 
11-24 18:06:58.716  1238  1259 I Choreographer: Skipped 30 frames!  The application may be doing too much work on its main thread.
11-24 18:06:58.837  2249  2249 E Feed    : Gif{uuid=ff9ddb93-5cad-4649-806e-223a3c43b200, path=, url=, title=, watched=false, status=DOWNLOADED}
11-24 18:06:58.837  2249  2249 E Feed    : pl.droidsonroids.gif.GifIOException: GifError 101: Failed to open given input
11-24 18:06:58.837  2249  2249 E Feed    : 	at pl.droidsonroids.gif.GifInfoHandle.openFile(Native Method)
11-24 18:06:58.837  2249  2249 E Feed    : 	at pl.droidsonroids.gif.GifInfoHandle.<init>(GifInfoHandle.java:46)
11-24 18:06:58.837  2249  2249 E Feed    : 	at pl.droidsonroids.gif.GifDrawable.<init>(GifDrawable.java:124)
11-24 18:06:58.837  2249  2249 E Feed    : 	at br.com.catbag.gifreduxsample.ui.components.FeedView.createDrawable(FeedView.java:102)
11-24 18:06:58.837  2249  2249 E Feed    : 	at br.com.catbag.gifreduxsample.ui.components.FeedView.lambda$renderGifView$1(FeedView.java:89)
11-24 18:06:58.837  2249  2249 E Feed    : 	at br.com.catbag.gifreduxsample.ui.components.FeedView$$Lambda$2.view(Unknown Source)
11-24 18:06:58.837  2249  2249 E Feed    : 	at trikita.anvil.BaseDSL.v(BaseDSL.java:670)
11-24 18:06:58.837  2249  2249 E Feed    : 	at br.com.catbag.gifreduxsample.ui.components.FeedView.renderGifView(FeedView.java:88)
11-24 18:06:58.837  2249  2249 E Feed    : 	at br.com.catbag.gifreduxsample.ui.components.FeedView.access$lambda$0(FeedView.java)
11-24 18:06:58.837  2249  2249 E Feed    : 	at br.com.catbag.gifreduxsample.ui.components.FeedView$$Lambda$3.view(Unknown Source)
11-24 18:06:58.837  2249  2249 E Feed    : 	at br.com.catbag.gifreduxsample.ui.components.GifsAdapter.view(GifsAdapter.java:55)
11-24 18:06:58.837  2249  2249 E Feed    : 	at trikita.anvil.RenderableRecyclerViewAdapter$1.view(RenderableRecyclerViewAdapter.java:24)
11-24 18:06:58.837  2249  2249 E Feed    : 	at trikita.anvil.Anvil$Mount.render(Anvil.java:204)
11-24 18:06:58.837  2249  2249 E Feed    : 	at trikita.anvil.Anvil.render(Anvil.java:173)
11-24 18:06:58.837  2249  2249 E Feed    : 	at trikita.anvil.RenderableRecyclerViewAdapter.onBindViewHolder(RenderableRecyclerViewAdapter.java:27)
11-24 18:06:58.837  2249  2249 E Feed    : 	at trikita.anvil.RenderableRecyclerViewAdapter.onBindViewHolder(RenderableRecyclerViewAdapter.java:7)
11-24 18:06:58.837  2249  2249 E Feed    : 	at android.support.v7.widget.RecyclerView$Adapter.onBindViewHolder(RecyclerView.java:5768)
11-24 18:06:58.837  2249  2249 E Feed    : 	at android.support.v7.widget.RecyclerView$Adapter.bindViewHolder(RecyclerView.java:5801)
11-24 18:06:58.837  2249  2249 E Feed    : 	at android.support.v7.widget.RecyclerView$Recycler.getViewForPosition(RecyclerView.java:5037)
11-24 18:06:58.837  2249  2249 E Feed    : 	at android.support.v7.widget.RecyclerView$Recycler.getViewForPosition(RecyclerView.java:4913)
11-24 18:06:58.837  2249  2249 E Feed    : 	at android.support.v7.widget.LinearLayoutManager$LayoutState.next(LinearLayoutManager.java:2029)
