--------- beginning of main
11-23 17:57:05.612  1364  1364 I Choreographer: Skipped 30 frames!  The application may be doing too much work on its main thread.
--------- beginning of system
11-23 17:57:08.078  1238  1257 E NetdConnector: NDC event {613 IfaceClass active 0 1401084387513 2000} processed too late: 601ms
11-23 17:57:09.504  1364  1364 I Choreographer: Skipped 148 frames!  The application may be doing too much work on its main thread.
11-23 17:57:10.533  1364  1364 I Choreographer: Skipped 45 frames!  The application may be doing too much work on its main thread.
11-23 17:57:15.279  2166  2166 D AndroidRuntime: >>>>>> START com.android.internal.os.RuntimeInit uid 2000 <<<<<<
11-23 17:57:15.368  2166  2166 D AndroidRuntime: CheckJNI is ON
11-23 17:57:15.950  2166  2166 W art     : Unexpected CPU variant for X86 using defaults: x86
11-23 17:57:16.291  2166  2166 D ICU     : No timezone override file found: /data/misc/zoneinfo/current/icu/icu_tzdata.dat
11-23 17:57:17.066  2166  2166 E memtrack: Couldn't load memtrack module (No such file or directory)
11-23 17:57:17.070  2166  2166 E android.os.Debug: failed to load memtrack module: -2
11-23 17:57:17.121  2166  2166 I Radio-JNI: register_android_hardware_Radio DONE
11-23 17:57:17.453  2166  2166 D AndroidRuntime: Calling main entry com.android.commands.am.Am
11-23 17:57:17.566  2166  2166 D AndroidRuntime: Shutting down VM
11-23 17:57:17.610  2166  2166 W art     : Suspending all threads took: 5.744ms
11-23 17:57:18.382  2176  2176 D AndroidRuntime: >>>>>> START com.android.internal.os.RuntimeInit uid 2000 <<<<<<
11-23 17:57:18.396  2176  2176 D AndroidRuntime: CheckJNI is ON
11-23 17:57:18.500  2176  2176 W art     : Unexpected CPU variant for X86 using defaults: x86
11-23 17:57:18.522  2176  2176 D ICU     : No timezone override file found: /data/misc/zoneinfo/current/icu/icu_tzdata.dat
11-23 17:57:18.602  2176  2176 E memtrack: Couldn't load memtrack module (No such file or directory)
11-23 17:57:18.602  2176  2176 E android.os.Debug: failed to load memtrack module: -2
11-23 17:57:18.623  2176  2176 I Radio-JNI: register_android_hardware_Radio DONE
11-23 17:57:18.673  2176  2176 D AndroidRuntime: Calling main entry com.android.commands.pm.Pm
11-23 17:57:18.919  2176  2176 I art     : System.exit called, status: 0
11-23 17:57:18.919  2176  2176 I AndroidRuntime: VM exiting with result code 0.
11-23 17:57:19.744  1238  1655 W art     : Long monitor contention with owner android.io (1258) at int libcore.icu.NativeConverter.encode(long, char[], int, byte[], int, int[], boolean)(NativeConverter.java:-2) waiters=0 in android.content.pm.PackageInstaller$SessionInfo com.android.server.pm.PackageInstallerService.getSessionInfo(int) for 330ms
11-23 17:57:21.506  2187  2187 D AndroidRuntime: >>>>>> START com.android.internal.os.RuntimeInit uid 2000 <<<<<<
11-23 17:57:21.509  2187  2187 D AndroidRuntime: CheckJNI is ON
11-23 17:57:21.680  2187  2187 W art     : Unexpected CPU variant for X86 using defaults: x86
11-23 17:57:21.721  2187  2187 D ICU     : No timezone override file found: /data/misc/zoneinfo/current/icu/icu_tzdata.dat
11-23 17:57:21.823  2187  2187 E memtrack: Couldn't load memtrack module (No such file or directory)
11-23 17:57:21.823  2187  2187 E android.os.Debug: failed to load memtrack module: -2
11-23 17:57:21.857  2187  2187 I Radio-JNI: register_android_hardware_Radio DONE
11-23 17:57:21.927  2187  2187 D AndroidRuntime: Calling main entry com.android.commands.pm.Pm
11-23 17:57:22.119   990   990 I         : free_cache(7067756) avail 512532480
11-23 17:57:48.046  2187  2187 I art     : System.exit called, status: 0
11-23 17:57:48.047  2187  2187 I AndroidRuntime: VM exiting with result code 0.
11-23 17:57:48.656  2199  2199 D AndroidRuntime: >>>>>> START com.android.internal.os.RuntimeInit uid 2000 <<<<<<
11-23 17:57:48.661  2199  2199 D AndroidRuntime: CheckJNI is ON
11-23 17:57:48.801  2199  2199 W art     : Unexpected CPU variant for X86 using defaults: x86
11-23 17:57:48.837  2199  2199 D ICU     : No timezone override file found: /data/misc/zoneinfo/current/icu/icu_tzdata.dat
11-23 17:57:48.913  2199  2199 E memtrack: Couldn't load memtrack module (No such file or directory)
11-23 17:57:48.913  2199  2199 E android.os.Debug: failed to load memtrack module: -2
11-23 17:57:48.915  2199  2199 I Radio-JNI: register_android_hardware_Radio DONE
11-23 17:57:48.957  2199  2199 D AndroidRuntime: Calling main entry com.android.commands.pm.Pm
11-23 17:57:49.906  1238  1264 W ActivityManager: Slow operation: 357ms so far, now at startProcess: returned from zygote!
11-23 17:57:50.012  1238  1264 W ActivityManager: Slow operation: 468ms so far, now at startProcess: done updating battery stats
11-23 17:57:50.190  1238  1264 W ActivityManager: Slow operation: 646ms so far, now at startProcess: building log message
11-23 17:57:50.191  1238  1264 I ActivityManager: Start proc 2209:com.android.defcontainer/u0a5 for service com.android.defcontainer/.DefaultContainerService
11-23 17:57:50.192  1238  1264 W ActivityManager: Slow operation: 647ms so far, now at startProcess: starting to update pids map
11-23 17:57:50.194  1238  1264 W ActivityManager: Slow operation: 649ms so far, now at startProcess: done updating pids map
11-23 17:57:50.194  1238  1264 W ActivityManager: Slow operation: 663ms so far, now at startProcess: done starting proc!
11-23 17:57:50.220  2209  2209 W art     : Unexpected CPU variant for X86 using defaults: x86
11-23 17:57:50.253  1238  1253 W art     : Long monitor contention with owner PackageManager (1264) at int com.android.server.am.ActivityManagerService.bindService(android.app.IApplicationThread, android.os.IBinder, android.content.Intent, java.lang.String, android.app.IServiceConnection, int, java.lang.String, int)(ActivityManagerService.java:17045) waiters=0 in void com.android.server.am.ActivityManagerService.dispatchUidsChanged() for 671ms
11-23 17:57:51.898  1238  1248 I art     : Background sticky concurrent mark sweep GC freed 33100(2MB) AllocSpace objects, 17(388KB) LOS objects, 31% free, 7MB/10MB, paused 8.505ms total 844.899ms
11-23 17:57:52.357  1238  1264 I PackageManager.DexOptimizer: Running dexopt (dex2oat) on: /data/app/vmdl4163398.tmp/base.apk pkg=br.com.catbag.gifreduxsample isa=x86 vmSafeMode=false debuggable=true target-filter=interpret-only oatDir = /data/app/vmdl4163398.tmp/oat sharedLibraries=null
11-23 17:57:52.481  2225  2225 W dex2oat : Unexpected CPU variant for X86 using defaults: x86
11-23 17:57:52.510  2225  2225 W dex2oat : Mismatch between dex2oat instruction set features (ISA: X86 Feature string: smp,-ssse3,-sse4.1,-sse4.2,-avx,-avx2,-lock_add,-popcnt) and those of dex2oat executable (ISA: X86 Feature string: smp,ssse3,-sse4.1,-sse4.2,-avx,-avx2,-lock_add,-popcnt) for the command line:
11-23 17:57:52.510  2225  2225 W dex2oat : /system/bin/dex2oat --zip-fd=6 --zip-location=base.apk --oat-fd=7 --oat-location=/data/app/vmdl4163398.tmp/oat/x86/base.odex --instruction-set=x86 --instruction-set-variant=x86 --instruction-set-features=default --runtime-arg -Xms64m --runtime-arg -Xmx512m --compiler-filter=interpret-only --swap-fd=9 --debuggable
11-23 17:57:52.513  2225  2225 I dex2oat : /system/bin/dex2oat --compiler-filter=interpret-only --debuggable
11-23 17:57:58.595  2225  2225 W dex2oat : Before Android 4.1, method android.graphics.PorterDuffColorFilter android.support.graphics.drawable.VectorDrawableCompat.updateTintFilter(android.graphics.PorterDuffColorFilter, android.content.res.ColorStateList, android.graphics.PorterDuff$Mode) would have incorrectly overridden the package-private method in android.graphics.drawable.Drawable
11-23 17:57:58.776  2225  2225 W dex2oat : Before Android 4.1, method int android.support.v7.widget.ListViewCompat.lookForSelectablePosition(int, boolean) would have incorrectly overridden the package-private method in android.widget.ListView
11-23 17:58:00.155  2225  2225 W dex2oat : Verification of void android.support.v4.app.FragmentTransitionCompat21.addTransitionTargets(java.lang.Object, java.lang.Object, java.lang.Object, android.view.View, android.support.v4.app.FragmentTransitionCompat21$ViewRetriever, android.view.View, android.support.v4.app.FragmentTransitionCompat21$EpicenterView, java.util.Map, java.util.ArrayList, java.util.ArrayList, java.util.Map, java.util.Map, java.util.ArrayList) took 119.607ms
11-23 17:58:23.735  2225  2225 W dex2oat : Verification of void org.immutables.value.internal.$processor$.meta.$StyleMirror.<init>(javax.lang.model.element.AnnotationMirror) took 180.786ms
11-23 17:58:23.879  2225  2225 W dex2oat : Verification of void org.immutables.value.internal.$processor$.meta.$StyleMirror.<init>(javax.lang.model.element.TypeElement) took 121.218ms
11-23 17:58:57.439  2225  2225 W dex2oat : Compilation of android.support.v7.widget.ListPopupWindow android.support.v7.widget.PopupMenu$1.getPopup() took 250.734ms
11-23 17:59:02.378  2225  2225 W dex2oat : Compilation of void com.fasterxml.jackson.databind.jsontype.impl.StdSubtypeResolver.<init>() took 168.571ms
11-23 17:59:12.496  2225  2225 W dex2oat : Compilation of java.util.Map$Entry org.immutables.value.internal.$guava$.collect.$ImmutableSortedMap.firstEntry() took 258.676ms
11-23 17:59:17.520  2225  2225 W dex2oat : Compilation of void org.jacoco.agent.rt.internal_e6e56f0.asm.MethodWriter.noSuccessor() took 252.194ms
11-23 17:59:20.569  2225  2225 I dex2oat : dex2oat took 88.087s (threads: 1) arena alloc=1402KB (1436528B) java alloc=7MB (8050336B) native alloc=13MB (14285064B) free=2MB (2623224B)
11-23 17:59:21.149  1238  1264 W PackageManager: Not granting permission android.permission.SET_DEBUG_APP to package br.com.catbag.gifreduxsample (protectionLevel=50 flags=0x3848be46)
11-23 17:59:21.550  1238  1264 V BackupManagerService: restoreAtInstall pkg=br.com.catbag.gifreduxsample token=1 restoreSet=0
11-23 17:59:21.555  1238  1264 W BackupManagerService: Requested unavailable transport: android/com.android.internal.backup.LocalTransport
11-23 17:59:21.573  1238  1264 W BackupManagerService: No transport
11-23 17:59:21.573  1238  1264 V BackupManagerService: Finishing install immediately
11-23 17:59:21.715  1238  1264 I art     : Starting a blocking GC Explicit
11-23 17:59:22.681  1238  1264 I art     : Explicit concurrent mark sweep GC freed 24571(1456KB) AllocSpace objects, 12(240KB) LOS objects, 33% free, 6MB/10MB, paused 7.942ms total 910.849ms
11-23 17:59:22.698   990   990 E         : Couldn't opendir /data/app/vmdl4163398.tmp: No such file or directory
11-23 17:59:22.780  2199  2199 I art     : System.exit called, status: 0
11-23 17:59:22.786  2199  2199 I AndroidRuntime: VM exiting with result code 0.
11-23 17:59:23.304  1238  1279 I InputReader: Reconfiguring input devices.  changes=0x00000010
11-23 17:59:23.698  1238  1647 W art     : Long monitor contention with owner main (1238) at java.lang.StackTraceElement[] java.lang.Throwable.nativeGetStackTrace!(java.lang.Object)(Throwable.java:-2) waiters=0 in void com.android.server.backup.BackupManagerService$1.run() for 120ms
11-23 17:59:23.869  1449  1449 D CarrierSvcBindHelper: No carrier app for: 0
11-23 17:59:23.876  1449  1449 D CarrierConfigLoader: mHandler: 9 phoneId: 0
11-23 17:59:24.838  1238  1251 W VoiceInteractionManagerService: no available voice recognition services found for user 0
11-23 17:59:24.841  1238  1251 W LocationProviderProxy-network: Odd, no component found for service com.android.location.service.v3.NetworkLocationProvider
11-23 17:59:24.858  1238  1251 W GeocoderProxy: Odd, no component found for service com.android.location.service.GeocodeProvider
11-23 17:59:24.858  1238  1251 W GeofenceProxy: Odd, no component found for service com.android.location.service.GeofenceProvider
11-23 17:59:24.859  1238  1251 W ActivityRecognitionProxy: Odd, no component found for service com.android.location.service.ActivityRecognitionProvider
11-23 17:59:25.324  2234  2234 D AndroidRuntime: >>>>>> START com.android.internal.os.RuntimeInit uid 2000 <<<<<<
11-23 17:59:25.358  2234  2234 D AndroidRuntime: CheckJNI is ON
11-23 17:59:25.729  2234  2234 W art     : Unexpected CPU variant for X86 using defaults: x86
11-23 17:59:25.761  2234  2234 D ICU     : No timezone override file found: /data/misc/zoneinfo/current/icu/icu_tzdata.dat
11-23 17:59:25.895  2234  2234 E memtrack: Couldn't load memtrack module (No such file or directory)
11-23 17:59:25.895  2234  2234 E android.os.Debug: failed to load memtrack module: -2
11-23 17:59:25.911  2234  2234 I Radio-JNI: register_android_hardware_Radio DONE
11-23 17:59:25.994  2234  2234 D AndroidRuntime: Calling main entry com.android.commands.pm.Pm
11-23 17:59:26.027  2234  2234 I art     : System.exit called, status: 0
11-23 17:59:26.027  2234  2234 I AndroidRuntime: VM exiting with result code 0.
11-23 17:59:26.274  1238  1466 W art     : Long monitor contention with owner android.io (1258) at void com.android.server.pm.PackageInstallerService$2.run()(PackageInstallerService.java:556) waiters=0 in android.content.pm.PackageInstaller$SessionInfo com.android.server.pm.PackageInstallerService.getSessionInfo(int) for 259ms
11-23 17:59:28.766  2251  2251 D AndroidRuntime: >>>>>> START com.android.internal.os.RuntimeInit uid 2000 <<<<<<
11-23 17:59:28.771  2251  2251 D AndroidRuntime: CheckJNI is ON
11-23 17:59:28.959  2251  2251 W art     : Unexpected CPU variant for X86 using defaults: x86
11-23 17:59:28.969  2251  2251 D ICU     : No timezone override file found: /data/misc/zoneinfo/current/icu/icu_tzdata.dat
11-23 17:59:29.033  2251  2251 E memtrack: Couldn't load memtrack module (No such file or directory)
11-23 17:59:29.033  2251  2251 E android.os.Debug: failed to load memtrack module: -2
11-23 17:59:29.035  2251  2251 I Radio-JNI: register_android_hardware_Radio DONE
11-23 17:59:29.080  2251  2251 D AndroidRuntime: Calling main entry com.android.commands.pm.Pm
11-23 17:59:29.151   990   990 I         : free_cache(2038468) avail 492589056
11-23 17:59:34.523  2251  2251 I art     : System.exit called, status: 0
11-23 17:59:34.523  2251  2251 I AndroidRuntime: VM exiting with result code 0.
11-23 17:59:34.595  1364  1504 W art     : Long monitor contention with owner PhoneStatusBar (1593) at android.os.Message android.os.MessageQueue.next()(MessageQueue.java:325) waiters=0 in boolean android.os.MessageQueue.enqueueMessage(android.os.Message, long) for 5.545s
11-23 17:59:35.346  2264  2264 D AndroidRuntime: >>>>>> START com.android.internal.os.RuntimeInit uid 2000 <<<<<<
11-23 17:59:35.360  2264  2264 D AndroidRuntime: CheckJNI is ON
11-23 17:59:35.504  2264  2264 W art     : Unexpected CPU variant for X86 using defaults: x86
11-23 17:59:35.518  2264  2264 D ICU     : No timezone override file found: /data/misc/zoneinfo/current/icu/icu_tzdata.dat
11-23 17:59:35.570  2264  2264 E memtrack: Couldn't load memtrack module (No such file or directory)
11-23 17:59:35.571  2264  2264 E android.os.Debug: failed to load memtrack module: -2
11-23 17:59:35.574  2264  2264 I Radio-JNI: register_android_hardware_Radio DONE
11-23 17:59:35.622  2264  2264 D AndroidRuntime: Calling main entry com.android.commands.pm.Pm
11-23 17:59:35.875  2275  2275 W art     : Unexpected CPU variant for X86 using defaults: x86
11-23 17:59:35.916  1238  1648 W ActivityManager: Slow operation: 74ms so far, now at startProcess: returned from zygote!
11-23 17:59:35.917  1238  1648 W ActivityManager: Slow operation: 75ms so far, now at startProcess: done updating battery stats
11-23 17:59:35.918  1238  1648 W ActivityManager: Slow operation: 75ms so far, now at startProcess: building log message
11-23 17:59:35.918  1238  1648 I ActivityManager: Start proc 2275:com.svox.pico/u0a46 for broadcast com.svox.pico/.VoiceDataInstallerReceiver
11-23 17:59:35.919  1238  1648 W ActivityManager: Slow operation: 77ms so far, now at startProcess: starting to update pids map
11-23 17:59:35.920  1238  1648 W ActivityManager: Slow operation: 77ms so far, now at startProcess: done updating pids map
11-23 17:59:35.920  1238  1648 W ActivityManager: Slow operation: 82ms so far, now at startProcess: done starting proc!
11-23 17:59:36.073  2209  2220 I art     : HomogeneousSpaceCompact marksweep + semispace GC freed 8843(509KB) AllocSpace objects, 0(0B) LOS objects, 40% free, 1976KB/3MB, paused 8.073s total 3.778s
11-23 17:59:36.337  1238  1264 I PackageManager.DexOptimizer: Running dexopt (dex2oat) on: /data/app/vmdl1686250713.tmp/base.apk pkg=br.com.catbag.gifreduxsample.test isa=x86 vmSafeMode=false debuggable=true target-filter=interpret-only oatDir = /data/app/vmdl1686250713.tmp/oat sharedLibraries=/system/framework/android.test.runner.jar
11-23 17:59:36.466  2290  2290 W dex2oat : Unexpected CPU variant for X86 using defaults: x86
11-23 17:59:36.466  2290  2290 W dex2oat : Mismatch between dex2oat instruction set features (ISA: X86 Feature string: smp,-ssse3,-sse4.1,-sse4.2,-avx,-avx2,-lock_add,-popcnt) and those of dex2oat executable (ISA: X86 Feature string: smp,ssse3,-sse4.1,-sse4.2,-avx,-avx2,-lock_add,-popcnt) for the command line:
11-23 17:59:36.466  2290  2290 W dex2oat : /system/bin/dex2oat --zip-fd=6 --zip-location=base.apk --oat-fd=7 --oat-location=/data/app/vmdl1686250713.tmp/oat/x86/base.odex --instruction-set=x86 --instruction-set-variant=x86 --instruction-set-features=default --runtime-arg -Xms64m --runtime-arg -Xmx512m --compiler-filter=interpret-only --swap-fd=9 --debuggable --runtime-arg -classpath --runtime-arg /system/framework/android.test.runner.jar
11-23 17:59:36.525  2290  2290 I dex2oat : /system/bin/dex2oat --compiler-filter=interpret-only --debuggable
11-23 18:00:00.273  2290  2290 W dex2oat : Compilation of net.bytebuddy.implementation.InvokeDynamic net.bytebuddy.implementation.InvokeDynamic$WithImplicitArguments.withThis(net.bytebuddy.description.type.TypeDescription[]) took 235.640ms
11-23 18:00:08.580  2290  2290 W dex2oat : Compilation of java.lang.Object android.support.test.espresso.core.deps.guava.util.concurrent.AbstractScheduledService$CustomScheduler$ReschedulableCallable.delegate() took 170.683ms
11-23 18:00:13.570  2290  2290 W dex2oat : Compilation of void org.mockito.internal.progress.MockingProgressImpl.validateState() took 141.707ms
11-23 18:00:14.760  2290  2290 I dex2oat : dex2oat took 38.294s (threads: 1) arena alloc=824B (824B) java alloc=3MB (3868560B) native alloc=6MB (6969696B) free=2MB (2467488B)
11-23 18:00:15.177  1238  1264 V BackupManagerService: restoreAtInstall pkg=br.com.catbag.gifreduxsample.test token=2 restoreSet=0
11-23 18:00:15.177  1238  1264 W BackupManagerService: Requested unavailable transport: android/com.android.internal.backup.LocalTransport
11-23 18:00:15.177  1238  1264 W BackupManagerService: No transport
11-23 18:00:15.217  1238  1264 V BackupManagerService: Finishing install immediately
11-23 18:00:15.256  1238  1466 I ActivityManager: Killing 1708:com.android.sdksetup/u0a16 (adj 906): empty #17
11-23 18:00:15.373  1238  1264 I art     : Starting a blocking GC Explicit
11-23 18:00:15.706  1238  1264 I art     : Explicit concurrent mark sweep GC freed 38853(2MB) AllocSpace objects, 13(308KB) LOS objects, 33% free, 6MB/10MB, paused 8.756ms total 323.796ms
11-23 18:00:15.708   990   990 E         : Couldn't opendir /data/app/vmdl1686250713.tmp: No such file or directory
11-23 18:00:15.786  2264  2264 I art     : System.exit called, status: 0
11-23 18:00:15.786  2264  2264 I AndroidRuntime: VM exiting with result code 0.
11-23 18:00:15.907  1238  1279 I InputReader: Reconfiguring input devices.  changes=0x00000010
11-23 18:00:16.221  1238  1238 W art     : Long monitor contention with owner backup (1647) at void com.android.server.backup.BackupManagerService$1.run()(BackupManagerService.java:1482) waiters=0 in void com.android.server.backup.BackupManagerService.scheduleNextFullBackupJob(long) for 275ms
11-23 18:00:16.266  1449  1449 D CarrierSvcBindHelper: No carrier app for: 0
11-23 18:00:16.282  1449  1449 D CarrierConfigLoader: mHandler: 9 phoneId: 0
11-23 18:00:16.387  1238  1251 W VoiceInteractionManagerService: no available voice recognition services found for user 0
11-23 18:00:16.387  1238  1251 W LocationProviderProxy-network: Odd, no component found for service com.android.location.service.v3.NetworkLocationProvider
11-23 18:00:16.401  1238  1251 W GeocoderProxy: Odd, no component found for service com.android.location.service.GeocodeProvider
11-23 18:00:16.401  1238  1251 W GeofenceProxy: Odd, no component found for service com.android.location.service.GeofenceProvider
11-23 18:00:16.401  1238  1251 W ActivityRecognitionProxy: Odd, no component found for service com.android.location.service.ActivityRecognitionProvider
11-23 18:00:17.071  2295  2295 D AndroidRuntime: >>>>>> START com.android.internal.os.RuntimeInit uid 2000 <<<<<<
11-23 18:00:17.075  2295  2295 D AndroidRuntime: CheckJNI is ON
11-23 18:00:17.145  2295  2295 W art     : Unexpected CPU variant for X86 using defaults: x86
11-23 18:00:17.159  2295  2295 D ICU     : No timezone override file found: /data/misc/zoneinfo/current/icu/icu_tzdata.dat
11-23 18:00:17.338  2295  2295 E memtrack: Couldn't load memtrack module (No such file or directory)
11-23 18:00:17.339  2295  2295 E android.os.Debug: failed to load memtrack module: -2
11-23 18:00:17.341  2295  2295 I Radio-JNI: register_android_hardware_Radio DONE
11-23 18:00:17.396  2295  2295 D AndroidRuntime: Calling main entry com.android.commands.am.Am
11-23 18:00:17.426  1238  1791 I ActivityManager: Force stopping br.com.catbag.gifreduxsample appid=10060 user=0: start instr
11-23 18:00:17.453  2306  2306 I art     : Not late-enabling -Xcheck:jni (already on)
11-23 18:00:17.454  2306  2306 W art     : Unexpected CPU variant for X86 using defaults: x86
11-23 18:00:17.457  1238  1791 I ActivityManager: Start proc 2306:br.com.catbag.gifreduxsample/u0a60 for added application br.com.catbag.gifreduxsample
11-23 18:00:17.509  2306  2306 W System  : ClassLoader referenced unknown path: /data/app/br.com.catbag.gifreduxsample.test-1/lib/x86
11-23 18:00:17.528  2306  2306 W System  : ClassLoader referenced unknown path: 
11-23 18:00:17.671  2306  2306 W System.err: java.io.FileNotFoundException: /jacoco.exec (Read-only file system)
11-23 18:00:17.674  2306  2306 W System.err: 	at java.io.FileOutputStream.open(Native Method)
11-23 18:00:17.674  2306  2306 W System.err: 	at java.io.FileOutputStream.<init>(FileOutputStream.java:221)
11-23 18:00:17.675  2306  2306 W System.err: 	at org.jacoco.agent.rt.internal_e6e56f0.output.FileOutput.openFile(FileOutput.java:67)
11-23 18:00:17.675  2306  2306 W System.err: 	at org.jacoco.agent.rt.internal_e6e56f0.output.FileOutput.startup(FileOutput.java:49)
11-23 18:00:17.675  2306  2306 W System.err: 	at org.jacoco.agent.rt.internal_e6e56f0.Agent.startup(Agent.java:122)
11-23 18:00:17.676  2306  2306 W System.err: 	at org.jacoco.agent.rt.internal_e6e56f0.Agent.getInstance(Agent.java:50)
11-23 18:00:17.676  2306  2306 W System.err: 	at org.jacoco.agent.rt.internal_e6e56f0.Offline.<clinit>(Offline.java:31)
11-23 18:00:17.676  2306  2306 W System.err: 	at org.jacoco.agent.rt.internal_e6e56f0.Offline.getProbes(Offline.java:51)
11-23 18:00:17.712  2306  2306 W System.err: 	at br.com.catbag.gifreduxsample.MyApp.$jacocoInit(MyApp.java)
11-23 18:00:17.713  2306  2306 W System.err: 	at br.com.catbag.gifreduxsample.MyApp.<clinit>(MyApp.java)
11-23 18:00:17.713  2306  2306 W System.err: 	at java.lang.Class.newInstance(Native Method)
11-23 18:00:17.713  2306  2306 W System.err: 	at android.app.Instrumentation.newApplication(Instrumentation.java:1007)
11-23 18:00:17.713  2306  2306 W System.err: 	at android.app.Instrumentation.newApplication(Instrumentation.java:992)
11-23 18:00:17.714  2306  2306 W System.err: 	at android.app.LoadedApk.makeApplication(LoadedApk.java:796)
11-23 18:00:17.714  2306  2306 W System.err: 	at android.app.ActivityThread.handleBindApplication(ActivityThread.java:5335)
11-23 18:00:17.714  2306  2306 W System.err: 	at android.app.ActivityThread.-wrap2(ActivityThread.java)
11-23 18:00:17.716  2306  2306 W System.err: 	at android.app.ActivityThread$H.handleMessage(ActivityThread.java:1528)
11-23 18:00:17.717  2306  2306 W System.err: 	at android.os.Handler.dispatchMessage(Handler.java:102)
11-23 18:00:17.717  2306  2306 W System.err: 	at android.os.Looper.loop(Looper.java:154)
11-23 18:00:17.717  2306  2306 W System.err: 	at android.app.ActivityThread.main(ActivityThread.java:6077)
11-23 18:00:17.717  2306  2306 W System.err: 	at java.lang.reflect.Method.invoke(Native Method)
11-23 18:00:17.717  2306  2306 W System.err: 	at com.android.internal.os.ZygoteInit$MethodAndArgsCaller.run(ZygoteInit.java:865)
11-23 18:00:17.717  2306  2306 W System.err: 	at com.android.internal.os.ZygoteInit.main(ZygoteInit.java:755)
11-23 18:00:17.767  2306  2306 I MonitoringInstrumentation: Instrumentation Started!
11-23 18:00:17.785  2306  2306 I MonitoringInstrumentation: Setting context classloader to 'dalvik.system.PathClassLoader[DexPathList[[zip file "/system/framework/android.test.runner.jar", zip file "/data/app/br.com.catbag.gifreduxsample.test-1/base.apk", zip file "/data/app/br.com.catbag.gifreduxsample-1/base.apk"],nativeLibraryDirectories=[/data/app/br.com.catbag.gifreduxsample.test-1/lib/x86, /data/app/br.com.catbag.gifreduxsample-1/lib/x86, /system/fake-libs, /data/app/br.com.catbag.gifreduxsample.test-1/base.apk!/lib/x86, /data/app/br.com.catbag.gifreduxsample-1/base.apk!/lib/x86, /system/lib, /vendor/lib]]]', Original: 'dalvik.system.PathClassLoader[DexPathList[[zip file "/system/framework/android.test.runner.jar", zip file "/data/app/br.com.catbag.gifreduxsample.test-1/base.apk", zip file "/data/app/br.com.catbag.gifreduxsample-1/base.apk"],nativeLibraryDirectories=[/data/app/br.com.catbag.gifreduxsample.test-1/lib/x86, /data/app/br.com.catbag.gifreduxsample-1/lib/x86, /system/fake-libs, /data/app/br.com.catbag.gifreduxsample.test-1/base.apk!/lib/x86, /data/app/br.com.catbag.gifreduxsample-1/base.apk!/lib/x86, /system/lib, /vendor/lib]]]'
11-23 18:00:17.935  2306  2306 D NetworkSecurityConfig: No Network Security Config specified, using platform default
11-23 18:00:18.002  2306  2306 I MonitoringInstrumentation: No JSBridge.
11-23 18:00:18.052  2306  2321 I UsageTrackerFacilitator: Usage tracking enabled
11-23 18:00:18.054  2306  2321 I TestRequestBuilder: Scanning classpath to find tests in apks [/data/app/br.com.catbag.gifreduxsample.test-1/base.apk]
11-23 18:00:19.127  2306  2321 I art     : Rejecting re-init on previously-failed class java.lang.Class<org.objectweb.asm.commons.JSRInlinerAdapter>: java.lang.NoClassDefFoundError: Failed resolution of: Lorg/objectweb/asm/tree/MethodNode;
11-23 18:00:19.127  2306  2321 I art     :   at java.lang.Class java.lang.Class.classForName!(java.lang.String, boolean, java.lang.ClassLoader) (Class.java:-2)
11-23 18:00:19.127  2306  2321 I art     :   at java.lang.Class java.lang.Class.forName(java.lang.String, boolean, java.lang.ClassLoader) (Class.java:400)
11-23 18:00:19.127  2306  2321 I art     :   at java.lang.Class android.support.test.internal.runner.TestLoader.doLoadClass(java.lang.String) (TestLoader.java:92)
11-23 18:00:19.127  2306  2321 I art     :   at java.lang.Class android.support.test.internal.runner.TestLoader.loadIfTest(java.lang.String) (TestLoader.java:113)
11-23 18:00:19.127  2306  2321 I art     :   at void android.support.test.internal.runner.TestRequestBuilder.loadClassesFromClassPath(android.support.test.internal.runner.TestLoader, java.util.Set) (TestRequestBuilder.java:801)
11-23 18:00:19.163  2306  2321 I art     :   at android.support.test.internal.runner.TestRequest android.support.test.internal.runner.TestRequestBuilder.build() (TestRequestBuilder.java:747)
11-23 18:00:19.163  2306  2321 I art     :   at android.support.test.internal.runner.TestRequest android.support.test.runner.AndroidJUnitRunner.buildRequest(android.support.test.internal.runner.RunnerArgs, android.os.Bundle) (AndroidJUnitRunner.java:354)
11-23 18:00:19.163  2306  2321 I art     :   at void android.support.test.runner.AndroidJUnitRunner.onStart() (AndroidJUnitRunner.java:260)
11-23 18:00:19.166  2306  2321 I art     :   at void android.app.Instrumentation$InstrumentationThread.run() (Instrumentation.java:1932)
11-23 18:00:19.166  2306  2321 I art     : Caused by: java.lang.ClassNotFoundException: Didn't find class "org.objectweb.asm.tree.MethodNode" on path: DexPathList[[zip file "/system/framework/android.test.runner.jar", zip file "/data/app/br.com.catbag.gifreduxsample.test-1/base.apk", zip file "/data/app/br.com.catbag.gifreduxsample-1/base.apk"],nativeLibraryDirectories=[/data/app/br.com.catbag.gifreduxsample.test-1/lib/x86, /data/app/br.com.catbag.gifreduxsample-1/lib/x86, /system/fake-libs, /data/app/br.com.catbag.gifreduxsample.test-1/base.apk!/lib/x86, /data/app/br.com.catbag.gifreduxsample-1/base.apk!/lib/x86, /system/lib, /vendor/lib]]
11-23 18:00:19.173  2306  2321 I art     :   at java.lang.Class dalvik.system.BaseDexClassLoader.findClass(java.lang.String) (BaseDexClassLoader.java:56)
11-23 18:00:19.173  2306  2321 I art     :   at java.lang.Class java.lang.ClassLoader.loadClass(java.lang.String, boolean) (ClassLoader.java:380)
11-23 18:00:19.174  2306  2321 I art     :   at java.lang.Class java.lang.ClassLoader.loadClass(java.lang.String) (ClassLoader.java:312)
11-23 18:00:19.174  2306  2321 I art     :   at java.lang.Class java.lang.Class.classForName!(java.lang.String, boolean, java.lang.ClassLoader) (Class.java:-2)
11-23 18:00:19.174  2306  2321 I art     :   at java.lang.Class java.lang.Class.forName(java.lang.String, boolean, java.lang.ClassLoader) (Class.java:400)
11-23 18:00:19.174  2306  2321 I art     :   at java.lang.Class android.support.test.internal.runner.TestLoader.doLoadClass(java.lang.String) (TestLoader.java:92)
11-23 18:00:19.174  2306  2321 I art     :   at java.lang.Class android.support.test.internal.runner.TestLoader.loadIfTest(java.lang.String) (TestLoader.java:113)
11-23 18:00:19.174  2306  2321 I art     :   at void android.support.test.internal.runner.TestRequestBuilder.loadClassesFromClassPath(android.support.test.internal.runner.TestLoader, java.util.Set) (TestRequestBuilder.java:801)
11-23 18:00:19.174  2306  2321 I art     :   at android.support.test.internal.runner.TestRequest android.support.test.internal.runner.TestRequestBuilder.build() (TestRequestBuilder.java:747)
11-23 18:00:19.175  2306  2321 I art     :   at android.support.test.internal.runner.TestRequest android.support.test.runner.AndroidJUnitRunner.buildRequest(android.support.test.internal.runner.RunnerArgs, android.os.Bundle) (AndroidJUnitRunner.java:354)
11-23 18:00:19.175  2306  2321 I art     :   at void android.support.test.runner.AndroidJUnitRunner.onStart() (AndroidJUnitRunner.java:260)
11-23 18:00:19.175  2306  2321 I art     :   at void android.app.Instrumentation$InstrumentationThread.run() (Instrumentation.java:1932)
11-23 18:00:19.175  2306  2321 I art     : 
11-23 18:00:19.176  2306  2321 E TestLoader: Could not find class: org.objectweb.asm.commons.JSRInlinerAdapter
11-23 18:00:19.186  2306  2321 I art     : Rejecting re-init on previously-failed class java.lang.Class<org.objectweb.asm.commons.TryCatchBlockSorter>: java.lang.NoClassDefFoundError: Failed resolution of: Lorg/objectweb/asm/tree/MethodNode;
11-23 18:00:19.186  2306  2321 I art     :   at java.lang.Class java.lang.Class.classForName!(java.lang.String, boolean, java.lang.ClassLoader) (Class.java:-2)
11-23 18:00:19.186  2306  2321 I art     :   at java.lang.Class java.lang.Class.forName(java.lang.String, boolean, java.lang.ClassLoader) (Class.java:400)
11-23 18:00:19.186  2306  2321 I art     :   at java.lang.Class android.support.test.internal.runner.TestLoader.doLoadClass(java.lang.String) (TestLoader.java:92)
11-23 18:00:19.186  2306  2321 I art     :   at java.lang.Class android.support.test.internal.runner.TestLoader.loadIfTest(java.lang.String) (TestLoader.java:113)
11-23 18:00:19.187  2306  2321 I art     :   at void android.support.test.internal.runner.TestRequestBuilder.loadClassesFromClassPath(android.support.test.internal.runner.TestLoader, java.util.Set) (TestRequestBuilder.java:801)
11-23 18:00:19.187  2306  2321 I art     :   at android.support.test.internal.runner.TestRequest android.support.test.internal.runner.TestRequestBuilder.build() (TestRequestBuilder.java:747)
11-23 18:00:19.188  2306  2321 I art     :   at android.support.test.internal.runner.TestRequest android.support.test.runner.AndroidJUnitRunner.buildRequest(android.support.test.internal.runner.RunnerArgs, android.os.Bundle) (AndroidJUnitRunner.java:354)
11-23 18:00:19.188  2306  2321 I art     :   at void android.support.test.runner.AndroidJUnitRunner.onStart() (AndroidJUnitRunner.java:260)
11-23 18:00:19.189  2306  2321 I art     :   at void android.app.Instrumentation$InstrumentationThread.run() (Instrumentation.java:1932)
11-23 18:00:19.189  2306  2321 I art     : Caused by: java.lang.ClassNotFoundException: Didn't find class "org.objectweb.asm.tree.MethodNode" on path: DexPathList[[zip file "/system/framework/android.test.runner.jar", zip file "/data/app/br.com.catbag.gifreduxsample.test-1/base.apk", zip file "/data/app/br.com.catbag.gifreduxsample-1/base.apk"],nativeLibraryDirectories=[/data/app/br.com.catbag.gifreduxsample.test-1/lib/x86, /data/app/br.com.catbag.gifreduxsample-1/lib/x86, /system/fake-libs, /data/app/br.com.catbag.gifreduxsample.test-1/base.apk!/lib/x86, /data/app/br.com.catbag.gifreduxsample-1/base.apk!/lib/x86, /system/lib, /vendor/lib]]
11-23 18:00:19.189  2306  2321 I art     :   at java.lang.Class dalvik.system.BaseDexClassLoader.findClass(java.lang.String) (BaseDexClassLoader.java:56)
11-23 18:00:19.189  2306  2321 I art     :   at java.lang.Class java.lang.ClassLoader.loadClass(java.lang.String, boolean) (ClassLoader.java:380)
11-23 18:00:19.189  2306  2321 I art     :   at java.lang.Class java.lang.ClassLoader.loadClass(java.lang.String) (ClassLoader.java:312)
11-23 18:00:19.189  2306  2321 I art     :   at java.lang.Class java.lang.Class.classForName!(java.lang.String, boolean, java.lang.ClassLoader) (Class.java:-2)
11-23 18:00:19.189  2306  2321 I art     :   at java.lang.Class java.lang.Class.forName(java.lang.String, boolean, java.lang.ClassLoader) (Class.java:400)
11-23 18:00:19.190  2306  2321 I art     :   at java.lang.Class android.support.test.internal.runner.TestLoader.doLoadClass(java.lang.String) (TestLoader.java:92)
11-23 18:00:19.190  2306  2321 I art     :   at java.lang.Class android.support.test.internal.runner.TestLoader.loadIfTest(java.lang.String) (TestLoader.java:113)
11-23 18:00:19.190  2306  2321 I art     :   at void android.support.test.internal.runner.TestRequestBuilder.loadClassesFromClassPath(android.support.test.internal.runner.TestLoader, java.util.Set) (TestRequestBuilder.java:801)
11-23 18:00:19.190  2306  2321 I art     :   at android.support.test.internal.runner.TestRequest android.support.test.internal.runner.TestRequestBuilder.build() (TestRequestBuilder.java:747)
11-23 18:00:19.190  2306  2321 I art     :   at android.support.test.internal.runner.TestRequest android.support.test.runner.AndroidJUnitRunner.buildRequest(android.support.test.internal.runner.RunnerArgs, android.os.Bundle) (AndroidJUnitRunner.java:354)
11-23 18:00:19.190  2306  2321 I art     :   at void android.support.test.runner.AndroidJUnitRunner.onStart() (AndroidJUnitRunner.java:260)
11-23 18:00:19.192  2306  2321 I art     :   at void android.app.Instrumentation$InstrumentationThread.run() (Instrumentation.java:1932)
11-23 18:00:19.192  2306  2321 I art     : 
11-23 18:00:19.192  2306  2321 E TestLoader: Could not find class: org.objectweb.asm.commons.TryCatchBlockSorter
11-23 18:00:19.317  2306  2321 D TestExecutor: Adding listener android.support.test.internal.runner.listener.LogRunListener
11-23 18:00:19.317  2306  2321 D TestExecutor: Adding listener android.support.test.internal.runner.listener.InstrumentationResultPrinter
11-23 18:00:19.329  2306  2321 D TestExecutor: Adding listener android.support.test.internal.runner.listener.ActivityFinisherRunListener
11-23 18:00:19.329  2306  2321 D TestExecutor: Adding listener android.support.test.internal.runner.listener.CoverageListener
11-23 18:00:19.345  2306  2321 I TestRunner: run started: 15 tests
11-23 18:00:19.367  2306  2321 I TestRunner: started: whenAppStateSavedSeveralTime(br.com.catbag.gifreduxsample.asyncs.data.DataManagerTest)
11-23 18:00:19.377  2306  2306 I MonitoringInstrumentation: Activities that are still in CREATED to STOPPED: 0
11-23 18:00:19.724  2306  2317 I art     : Background sticky concurrent mark sweep GC freed 125919(5MB) AllocSpace objects, 0(0B) LOS objects, 34% free, 4MB/6MB, paused 14.947ms total 1.067s
11-23 18:00:20.149  2306  2324 W Java7Support: Unable to load JDK7 types (annotations, java.nio.file.Path): no Java7 support added
11-23 18:00:20.883  2306  2321 I TestRunner: finished: whenAppStateSavedSeveralTime(br.com.catbag.gifreduxsample.asyncs.data.DataManagerTest)
11-23 18:00:20.901  2306  2306 I MonitoringInstrumentation: Activities that are still in CREATED to STOPPED: 0
11-23 18:00:20.902  2306  2321 I TestRunner: started: whenAppStateSavedOnceTime(br.com.catbag.gifreduxsample.asyncs.data.DataManagerTest)
11-23 18:00:20.917  2306  2306 I MonitoringInstrumentation: Activities that are still in CREATED to STOPPED: 0
11-23 18:00:21.383  2306  2321 I TestRunner: finished: whenAppStateSavedOnceTime(br.com.catbag.gifreduxsample.asyncs.data.DataManagerTest)
11-23 18:00:21.397  2306  2306 I MonitoringInstrumentation: Activities that are still in CREATED to STOPPED: 0
11-23 18:00:21.399  2306  2321 I TestRunner: started: whenUnsavedAppStateIsLoaded(br.com.catbag.gifreduxsample.asyncs.data.DataManagerTest)
11-23 18:00:21.401  2306  2306 I MonitoringInstrumentation: Activities that are still in CREATED to STOPPED: 0
11-23 18:00:21.622  2306  2321 I TestRunner: finished: whenUnsavedAppStateIsLoaded(br.com.catbag.gifreduxsample.asyncs.data.DataManagerTest)
11-23 18:00:21.636  2306  2306 I MonitoringInstrumentation: Activities that are still in CREATED to STOPPED: 0
11-23 18:00:21.651  2306  2329 E DataManager: appstate not loaded
11-23 18:00:21.651  2306  2329 E DataManager: com.snappydb.SnappydbException: Failed to get a String: NotFound: 
11-23 18:00:21.651  2306  2329 E DataManager: 	at com.snappydb.internal.DBImpl.__get(Native Method)
11-23 18:00:21.651  2306  2329 E DataManager: 	at com.snappydb.internal.DBImpl.get(DBImpl.java:348)
11-23 18:00:21.651  2306  2329 E DataManager: 	at br.com.catbag.gifreduxsample.asyncs.data.storage.Database.getAppState(Database.java:29)
11-23 18:00:21.651  2306  2329 E DataManager: 	at br.com.catbag.gifreduxsample.asyncs.data.DataManager.lambda$loadAppState$0(DataManager.java:61)
11-23 18:00:21.651  2306  2329 E DataManager: 	at br.com.catbag.gifreduxsample.asyncs.data.DataManager$$Lambda$1.run(Unknown Source)
11-23 18:00:21.651  2306  2329 E DataManager: 	at java.lang.Thread.run(Thread.java:761)
11-23 18:00:21.652  2306  2321 I TestRunner: started: whenSavedAppStateIsLoaded(br.com.catbag.gifreduxsample.asyncs.data.DataManagerTest)
11-23 18:00:21.654  2306  2306 I MonitoringInstrumentation: Activities that are still in CREATED to STOPPED: 0
11-23 18:00:21.723  2306  2317 I art     : Background partial concurrent mark sweep GC freed 65302(2MB) AllocSpace objects, 0(0B) LOS objects, 40% free, 3MB/5MB, paused 8.556ms total 271.447ms
11-23 18:00:21.990  2306  2321 I TestRunner: finished: whenSavedAppStateIsLoaded(br.com.catbag.gifreduxsample.asyncs.data.DataManagerTest)
11-23 18:00:22.010  2306  2306 I MonitoringInstrumentation: Activities that are still in CREATED to STOPPED: 0
11-23 18:00:22.051  2306  2321 I TestRunner: started: whenScrollDownAndPlayLastItemTest(br.com.catbag.gifreduxsample.ui.giflist.GifListActivityTest)
11-23 18:00:22.077  2306  2306 I MonitoringInstrumentation: Activities that are still in CREATED to STOPPED: 0
11-23 18:00:22.536  2333  2333 W dex2oat : Unexpected CPU variant for X86 using defaults: x86
11-23 18:00:22.536  2333  2333 W dex2oat : Mismatch between dex2oat instruction set features (ISA: X86 Feature string: smp,-ssse3,-sse4.1,-sse4.2,-avx,-avx2,-lock_add,-popcnt) and those of dex2oat executable (ISA: X86 Feature string: smp,ssse3,-sse4.1,-sse4.2,-avx,-avx2,-lock_add,-popcnt) for the command line:
11-23 18:00:22.537  2333  2333 W dex2oat : /system/bin/dex2oat --runtime-arg -classpath --runtime-arg & --instruction-set=x86 --instruction-set-features=smp,ssse3,-sse4.1,-sse4.2,-avx,-avx2,-lock_add,-popcnt --runtime-arg -Xrelocate --boot-image=/system/framework/boot.art --runtime-arg -Xms64m --runtime-arg -Xmx512m --instruction-set-variant=x86 --instruction-set-features=default --dex-file=/data/user/0/br.com.catbag.gifreduxsample/app_dxmaker_cache/Generated_1497766805.jar --oat-fd=38 --oat-location=/data/user/0/br.com.catbag.gifreduxsample/app_dxmaker_cache/Generated_1497766805.dex --compiler-filter=speed
11-23 18:00:22.537  2333  2333 I dex2oat : /system/bin/dex2oat --dex-file=/data/user/0/br.com.catbag.gifreduxsample/app_dxmaker_cache/Generated_1497766805.jar --oat-fd=38 --oat-location=/data/user/0/br.com.catbag.gifreduxsample/app_dxmaker_cache/Generated_1497766805.dex --compiler-filter=speed
11-23 18:00:22.733  2333  2333 I dex2oat : dex2oat took 197.169ms (threads: 1) arena alloc=41KB (42016B) java alloc=28KB (28768B) native alloc=736KB (753768B) free=799KB (819096B)
11-23 18:00:22.804  1238  1249 D VoldConnector: SND -> {29 volume mkdirs /storage/emulated/0/Android/data/br.com.catbag.gifreduxsample/cache/}
11-23 18:00:22.841  1238  1281 D VoldConnector: RCV <- {200 29 Command succeeded}
11-23 18:00:22.862  2306  2322 I DroidFlux:Dispatcher: [STARTED] dispatch of action [FAKE_REDUCE_ACTION]
11-23 18:00:22.921  2306  2322 I DroidFlux:Dispatcher: [COMPLETED] dispatch of action [FAKE_REDUCE_ACTION]
11-23 18:00:22.947  2306  2332 D ActivityTestRule: Launching activity br.com.catbag.gifreduxsample.ui.GifListActivity
11-23 18:00:22.973  2306  2335 D MonitoringInstrumentation: execStartActivity(context, ibinder, ibinder, activity, intent, int, bundle
11-23 18:00:22.996  1238  1431 I ActivityManager: START u0 {flg=0x14000000 cmp=br.com.catbag.gifreduxsample/.ui.GifListActivity} from uid 10060 on display 0
11-23 18:00:23.697  2306  2306 D LifecycleMonitor: Lifecycle status change: br.com.catbag.gifreduxsample.ui.GifListActivity@3c32cea in: PRE_ON_CREATE
11-23 18:00:23.837  1238  1259 I Choreographer: Skipped 40 frames!  The application may be doing too much work on its main thread.
11-23 18:00:24.050  1238  1259 I Choreographer: Skipped 44 frames!  The application may be doing too much work on its main thread.
11-23 18:00:24.146  1722  1722 I Choreographer: Skipped 41 frames!  The application may be doing too much work on its main thread.
11-23 18:00:24.213  1238  1259 I Choreographer: Skipped 40 frames!  The application may be doing too much work on its main thread.
11-23 18:00:25.284  2306  2306 D LifecycleMonitor: Lifecycle status change: br.com.catbag.gifreduxsample.ui.GifListActivity@3c32cea in: CREATED
11-23 18:00:25.295  2306  2322 I DroidFlux:Dispatcher: [STARTED] dispatch of action [APP_STATE_LOAD]
11-23 18:00:25.296  2306  2322 D DroidFlux:Dispatcher: An action of type [APP_STATE_LOAD] was dispatched, but no reducer handled it
11-23 18:00:25.296  2306  2322 I DroidFlux:Dispatcher: [COMPLETED] dispatch of action [APP_STATE_LOAD]
11-23 18:00:25.297  2306  2306 D LifecycleMonitor: Lifecycle status change: br.com.catbag.gifreduxsample.ui.GifListActivity@3c32cea in: STARTED
11-23 18:00:25.361  2306  2306 D LifecycleMonitor: Lifecycle status change: br.com.catbag.gifreduxsample.ui.GifListActivity@3c32cea in: RESUMED
11-23 18:00:25.440  1722  1722 I Choreographer: Skipped 77 frames!  The application may be doing too much work on its main thread.
11-23 18:00:25.487  2306  2317 I art     : Background sticky concurrent mark sweep GC freed 26155(1402KB) AllocSpace objects, 2(40KB) LOS objects, 27% free, 4MB/5MB, paused 8.988ms total 342.701ms
11-23 18:00:25.505  1238  1268 I WindowManager: Destroying surface Surface(name=com.android.launcher3/com.android.launcher3.Launcher) called by com.android.server.wm.WindowStateAnimator.destroySurface:2014 com.android.server.wm.WindowStateAnimator.destroySurfaceLocked:881 com.android.server.wm.WindowState.destroyOrSaveSurface:2073 com.android.server.wm.WindowManagerService.tryStartExitingAnimation:3017 com.android.server.wm.WindowManagerService.relayoutWindow:2897 com.android.server.wm.Session.relayout:215 android.view.IWindowSession$Stub.onTransact:286 com.android.server.wm.Session.onTransact:136 
11-23 18:00:26.030  2306  2306 D gralloc_ranchu: Emulator without host-side GPU emulation detected.
11-23 18:00:26.145  1238  1259 I ActivityManager: Displayed br.com.catbag.gifreduxsample/.ui.GifListActivity: +2s721ms
11-23 18:00:26.166  1238  1324 E TaskPersister: File error accessing recents directory (directory doesn't exist?).
11-23 18:00:26.477  2306  2332 D InputManagerEventInjectionStrategy: Creating injection strategy with input manager.
11-23 18:00:26.524  1238  1259 I WindowManager: Destroying surface Surface(name=Starting br.com.catbag.gifreduxsample) called by com.android.server.wm.WindowStateAnimator.destroySurface:2014 com.android.server.wm.WindowStateAnimator.destroySurfaceLocked:881 com.android.server.wm.WindowState.destroyOrSaveSurface:2073 com.android.server.wm.AppWindowToken.destroySurfaces:363 com.android.server.wm.WindowStateAnimator.finishExit:565 com.android.server.wm.WindowStateAnimator.stepAnimationLocked:491 com.android.server.wm.WindowAnimator.updateWindowsLocked:303 com.android.server.wm.WindowAnimator.animateLocked:704 
11-23 18:00:26.560  2306  2306 I Choreographer: Skipped 89 frames!  The application may be doing too much work on its main thread.
11-23 18:00:26.693  2306  2306 W ResourceType: No package identifier when getting name for resource number 0x00000001
11-23 18:00:26.694  2306  2306 I ViewInteraction: Performing 'scroll RecyclerView to position: 4' action on view with id: 1 (resource name not found)
11-23 18:00:27.084  2306  2311 I art     : Do partial code cache collection, code=25KB, data=30KB
11-23 18:00:27.106  2306  2311 I art     : After code cache collection, code=23KB, data=29KB
11-23 18:00:27.107  2306  2311 I art     : Increasing code cache capacity to 128KB
11-23 18:00:27.144  2306  2306 W ResourceType: No package identifier when getting name for resource number 0x00000001
11-23 18:00:27.185  2306  2306 I Choreographer: Skipped 30 frames!  The application may be doing too much work on its main thread.
11-23 18:00:27.232  2306  2306 W ResourceType: No package identifier when getting name for resource number 0x00000004
11-23 18:00:27.233  2306  2306 I ViewInteraction: Performing 'single click' action on view with id: 4 (resource name not found)
11-23 18:00:27.545  2306  2322 I DroidFlux:Dispatcher: [STARTED] dispatch of action [GIF_PLAY]
11-23 18:00:27.605  2306  2322 I DroidFlux:Dispatcher: [COMPLETED] dispatch of action [GIF_PLAY]
11-23 18:00:27.627  1238  1321 D LightsService: Excessive delay setting light: 145ms
11-23 18:00:27.855  2306  2317 W art     : Suspending all threads took: 172.585ms
11-23 18:00:27.886  2306  2306 I Choreographer: Skipped 70 frames!  The application may be doing too much work on its main thread.
11-23 18:00:27.927  2306  2317 I art     : Background partial concurrent mark sweep GC freed 5627(573KB) AllocSpace objects, 1(16KB) LOS objects, 40% free, 5MB/9MB, paused 196.173ms total 793.380ms
11-23 18:00:28.273   997  1390 I MediaPlayerService: MediaPlayerService::getOMX
11-23 18:00:28.336  1238  2341 I OMXClient: MuxOMX ctor
11-23 18:00:28.371   992  1389 I OMXMaster: makeComponentInstance(OMX.google.vorbis.decoder) in mediacodec process
11-23 18:00:29.113   997  1390 I MediaPlayerService: MediaPlayerService::getOMX
11-23 18:00:29.113  1238  2344 I OMXClient: MuxOMX ctor
11-23 18:00:29.114   992  1021 I OMXMaster: makeComponentInstance(OMX.google.vorbis.decoder) in mediacodec process
11-23 18:00:29.145  2306  2321 I TestRunner: finished: whenScrollDownAndPlayLastItemTest(br.com.catbag.gifreduxsample.ui.giflist.GifListActivityTest)
11-23 18:00:29.160  2306  2306 D LifecycleMonitor: Lifecycle status change: br.com.catbag.gifreduxsample.ui.GifListActivity@3c32cea in: PAUSED
11-23 18:00:29.247   977   977 D gralloc : Registering a buffer in the process that created it. This may cause memory ordering problems.
11-23 18:00:29.250   977   977 E libEGL  : called unimplemented OpenGL ES API
11-23 18:00:29.253   977   977 E SurfaceFlinger: glCheckFramebufferStatusOES error -1462821228
11-23 18:00:29.253   977   977 E SurfaceFlinger: got GL_FRAMEBUFFER_COMPLETE_OES error while taking screenshot
11-23 18:00:29.257  1238  1250 W WindowManager: Screenshot failure taking screenshot for (480x800) to layer 21005
11-23 18:00:29.274  2306  2306 I MonitoringInstrumentation: Activities that are still in CREATED to STOPPED: 1
11-23 18:00:29.280  2306  2321 I TestRunner: started: whenGifIsNotWatchedTest(br.com.catbag.gifreduxsample.ui.giflist.GifListActivityTest)
11-23 18:00:29.350  2306  2306 I MonitoringInstrumentation: Activities that are still in CREATED to STOPPED: 1
11-23 18:00:29.357  2306  2322 I DroidFlux:Dispatcher: [STARTED] dispatch of action [FAKE_REDUCE_ACTION]
11-23 18:00:29.357  2306  2322 I DroidFlux:Dispatcher: [COMPLETED] dispatch of action [FAKE_REDUCE_ACTION]
11-23 18:00:29.482  2306  2345 D ActivityTestRule: Launching activity br.com.catbag.gifreduxsample.ui.GifListActivity
11-23 18:00:29.485  2306  2348 D MonitoringInstrumentation: execStartActivity(context, ibinder, ibinder, activity, intent, int, bundle
