--------- beginning of main
11-26 14:12:05.493  2120  2120 D AndroidRuntime: >>>>>> START com.android.internal.os.RuntimeInit uid 2000 <<<<<<
11-26 14:12:05.540  2120  2120 D AndroidRuntime: CheckJNI is ON
11-26 14:12:05.902  2120  2120 W art     : Unexpected CPU variant for X86 using defaults: x86
11-26 14:12:06.055  2120  2120 D ICU     : No timezone override file found: /data/misc/zoneinfo/current/icu/icu_tzdata.dat
11-26 14:12:06.326  2120  2120 E memtrack: Couldn't load memtrack module (No such file or directory)
11-26 14:12:06.326  2120  2120 E android.os.Debug: failed to load memtrack module: -2
11-26 14:12:06.348  2120  2120 I Radio-JNI: register_android_hardware_Radio DONE
11-26 14:12:06.469  2120  2120 D AndroidRuntime: Calling main entry com.android.commands.am.Am
11-26 14:12:06.516  2120  2120 D AndroidRuntime: Shutting down VM
11-26 14:12:06.898  2130  2130 D AndroidRuntime: >>>>>> START com.android.internal.os.RuntimeInit uid 2000 <<<<<<
11-26 14:12:06.905  2130  2130 D AndroidRuntime: CheckJNI is ON
11-26 14:12:06.949  2130  2130 W art     : Unexpected CPU variant for X86 using defaults: x86
11-26 14:12:06.956  2130  2130 D ICU     : No timezone override file found: /data/misc/zoneinfo/current/icu/icu_tzdata.dat
11-26 14:12:06.993  2130  2130 E memtrack: Couldn't load memtrack module (No such file or directory)
11-26 14:12:06.996  2130  2130 E android.os.Debug: failed to load memtrack module: -2
11-26 14:12:06.997  2130  2130 I Radio-JNI: register_android_hardware_Radio DONE
11-26 14:12:07.021  2130  2130 D AndroidRuntime: Calling main entry com.android.commands.pm.Pm
11-26 14:12:07.141  2130  2130 I art     : System.exit called, status: 0
11-26 14:12:07.141  2130  2130 I AndroidRuntime: VM exiting with result code 0.
11-26 14:12:07.627  2141  2141 D AndroidRuntime: >>>>>> START com.android.internal.os.RuntimeInit uid 2000 <<<<<<
11-26 14:12:07.636  2141  2141 D AndroidRuntime: CheckJNI is ON
11-26 14:12:07.681  2141  2141 W art     : Unexpected CPU variant for X86 using defaults: x86
11-26 14:12:07.703  2141  2141 D ICU     : No timezone override file found: /data/misc/zoneinfo/current/icu/icu_tzdata.dat
11-26 14:12:07.743  2141  2141 E memtrack: Couldn't load memtrack module (No such file or directory)
11-26 14:12:07.744  2141  2141 E android.os.Debug: failed to load memtrack module: -2
11-26 14:12:07.745  2141  2141 I Radio-JNI: register_android_hardware_Radio DONE
11-26 14:12:07.771  2141  2141 D AndroidRuntime: Calling main entry com.android.commands.pm.Pm
11-26 14:12:07.838   990   990 I         : free_cache(7069177) avail 512577536
11-26 14:12:16.888  2141  2141 I art     : System.exit called, status: 0
11-26 14:12:16.888  2141  2141 I AndroidRuntime: VM exiting with result code 0.
11-26 14:12:17.232  2153  2153 D AndroidRuntime: >>>>>> START com.android.internal.os.RuntimeInit uid 2000 <<<<<<
11-26 14:12:17.234  2153  2153 D AndroidRuntime: CheckJNI is ON
11-26 14:12:17.293  2153  2153 W art     : Unexpected CPU variant for X86 using defaults: x86
11-26 14:12:17.306  2153  2153 D ICU     : No timezone override file found: /data/misc/zoneinfo/current/icu/icu_tzdata.dat
11-26 14:12:17.336  2153  2153 E memtrack: Couldn't load memtrack module (No such file or directory)
11-26 14:12:17.336  2153  2153 E android.os.Debug: failed to load memtrack module: -2
11-26 14:12:17.337  2153  2153 I Radio-JNI: register_android_hardware_Radio DONE
11-26 14:12:17.362  2153  2153 D AndroidRuntime: Calling main entry com.android.commands.pm.Pm
--------- beginning of system
11-26 14:12:17.837  1239  1265 W ActivityManager: Slow operation: 97ms so far, now at startProcess: returned from zygote!
11-26 14:12:17.838  1239  1265 W ActivityManager: Slow operation: 98ms so far, now at startProcess: done updating battery stats
11-26 14:12:17.839  1239  1265 W ActivityManager: Slow operation: 99ms so far, now at startProcess: building log message
11-26 14:12:17.840  1239  1265 I ActivityManager: Start proc 2163:com.android.defcontainer/u0a5 for service com.android.defcontainer/.DefaultContainerService
11-26 14:12:17.840  1239  1265 W ActivityManager: Slow operation: 100ms so far, now at startProcess: starting to update pids map
11-26 14:12:17.859  2163  2163 W art     : Unexpected CPU variant for X86 using defaults: x86
11-26 14:12:17.865  1239  1265 W ActivityManager: Slow operation: 126ms so far, now at startProcess: done updating pids map
11-26 14:12:17.866  1239  1265 W ActivityManager: Slow operation: 134ms so far, now at startProcess: done starting proc!
11-26 14:12:18.242  1239  1265 I PackageManager.DexOptimizer: Running dexopt (dex2oat) on: /data/app/vmdl407319570.tmp/base.apk pkg=br.com.catbag.gifreduxsample isa=x86 vmSafeMode=false debuggable=true target-filter=interpret-only oatDir = /data/app/vmdl407319570.tmp/oat sharedLibraries=null
11-26 14:12:18.296  2178  2178 W dex2oat : Unexpected CPU variant for X86 using defaults: x86
11-26 14:12:18.297  2178  2178 W dex2oat : Mismatch between dex2oat instruction set features (ISA: X86 Feature string: smp,-ssse3,-sse4.1,-sse4.2,-avx,-avx2,-lock_add,-popcnt) and those of dex2oat executable (ISA: X86 Feature string: smp,ssse3,-sse4.1,-sse4.2,-avx,-avx2,-lock_add,-popcnt) for the command line:
11-26 14:12:18.297  2178  2178 W dex2oat : /system/bin/dex2oat --zip-fd=6 --zip-location=base.apk --oat-fd=7 --oat-location=/data/app/vmdl407319570.tmp/oat/x86/base.odex --instruction-set=x86 --instruction-set-variant=x86 --instruction-set-features=default --runtime-arg -Xms64m --runtime-arg -Xmx512m --compiler-filter=interpret-only --swap-fd=9 --debuggable
11-26 14:12:18.311  2178  2178 I dex2oat : /system/bin/dex2oat --compiler-filter=interpret-only --debuggable
11-26 14:12:20.824  2178  2178 W dex2oat : Before Android 4.1, method android.graphics.PorterDuffColorFilter android.support.graphics.drawable.VectorDrawableCompat.updateTintFilter(android.graphics.PorterDuffColorFilter, android.content.res.ColorStateList, android.graphics.PorterDuff$Mode) would have incorrectly overridden the package-private method in android.graphics.drawable.Drawable
11-26 14:12:20.925  2178  2178 W dex2oat : Before Android 4.1, method int android.support.v7.widget.ListViewCompat.lookForSelectablePosition(int, boolean) would have incorrectly overridden the package-private method in android.widget.ListView
11-26 14:12:22.568  2178  2178 W dex2oat : Verification of java.lang.CharSequence android.support.v4.media.session.PlaybackStateCompatApi21.getErrorMessage(java.lang.Object) took 167.029ms
11-26 14:12:34.757  2178  2178 W dex2oat : Verification of void org.immutables.value.internal.$processor$.meta.$StyleMirror.<init>(javax.lang.model.element.AnnotationMirror) took 100.891ms
11-26 14:12:54.780  2178  2178 W dex2oat : Compilation of long com.fasterxml.jackson.databind.node.LongNode.longValue() took 188.437ms
11-26 14:12:59.748  2178  2178 W dex2oat : Compilation of java.lang.Object org.immutables.value.internal.$guava$.collect.$ForwardingList.remove(int) took 162.598ms
11-26 14:13:00.151  2178  2178 W dex2oat : Compilation of java.lang.String org.immutables.value.internal.$guava$.collect.$ImmutableMultiset.toString() took 151.025ms
11-26 14:13:02.351  2178  2178 W dex2oat : Compilation of org.immutables.value.internal.$generator$.$Templates$Invokable org.immutables.value.internal.$processor$.encode.$Renderers.string() took 190.735ms
11-26 14:13:02.392  1239  1249 I art     : Background partial concurrent mark sweep GC freed 32460(2MB) AllocSpace objects, 14(424KB) LOS objects, 33% free, 6MB/10MB, paused 5.300ms total 453.916ms
11-26 14:13:02.518  2178  2178 W dex2oat : Compilation of org.immutables.value.internal.$generator$.$Templates$Invokable org.immutables.value.internal.$processor$.encode.$Generator_Renderers.from() took 157.626ms
11-26 14:13:04.443  2178  2178 I dex2oat : dex2oat took 46.149s (threads: 1) arena alloc=1402KB (1436528B) java alloc=7MB (8051088B) native alloc=13MB (14288264B) free=2MB (3144312B)
11-26 14:13:04.647  1239  1265 W PackageManager: Not granting permission android.permission.SET_DEBUG_APP to package br.com.catbag.gifreduxsample (protectionLevel=50 flags=0x3848be46)
11-26 14:13:04.767  1239  1265 V BackupManagerService: restoreAtInstall pkg=br.com.catbag.gifreduxsample token=1 restoreSet=0
11-26 14:13:04.769  1239  1265 W BackupManagerService: Requested unavailable transport: android/com.android.internal.backup.LocalTransport
11-26 14:13:04.769  1239  1265 W BackupManagerService: No transport
11-26 14:13:04.770  1239  1265 V BackupManagerService: Finishing install immediately
11-26 14:13:04.794  1239  1251 I ActivityManager: Killing 1480:com.android.settings:CryptKeeper/1000 (adj 906): empty #17
11-26 14:13:04.818  1239  1265 I art     : Starting a blocking GC Explicit
11-26 14:13:04.928  1239  1265 I art     : Explicit concurrent mark sweep GC freed 17583(1009KB) AllocSpace objects, 7(140KB) LOS objects, 33% free, 6MB/10MB, paused 4.661ms total 109.535ms
11-26 14:13:04.930   990   990 E         : Couldn't opendir /data/app/vmdl407319570.tmp: No such file or directory
11-26 14:13:05.052  1239  1279 I InputReader: Reconfiguring input devices.  changes=0x00000010
11-26 14:13:05.056  2153  2153 I art     : System.exit called, status: 0
11-26 14:13:05.056  2153  2153 I AndroidRuntime: VM exiting with result code 0.
11-26 14:13:05.238  1462  1462 D CarrierSvcBindHelper: No carrier app for: 0
11-26 14:13:05.272  1462  1462 D CarrierConfigLoader: mHandler: 9 phoneId: 0
11-26 14:13:05.727  1239  1252 W VoiceInteractionManagerService: no available voice recognition services found for user 0
11-26 14:13:05.728  1239  1252 W LocationProviderProxy-network: Odd, no component found for service com.android.location.service.v3.NetworkLocationProvider
11-26 14:13:05.729  1239  1252 W GeocoderProxy: Odd, no component found for service com.android.location.service.GeocodeProvider
11-26 14:13:05.729  1239  1252 W GeofenceProxy: Odd, no component found for service com.android.location.service.GeofenceProvider
11-26 14:13:05.729  1239  1252 W ActivityRecognitionProxy: Odd, no component found for service com.android.location.service.ActivityRecognitionProvider
11-26 14:13:06.038  2186  2186 D AndroidRuntime: >>>>>> START com.android.internal.os.RuntimeInit uid 2000 <<<<<<
11-26 14:13:06.072  2186  2186 D AndroidRuntime: CheckJNI is ON
11-26 14:13:06.127  2186  2186 W art     : Unexpected CPU variant for X86 using defaults: x86
11-26 14:13:06.133  2186  2186 D ICU     : No timezone override file found: /data/misc/zoneinfo/current/icu/icu_tzdata.dat
11-26 14:13:06.159  2186  2186 E memtrack: Couldn't load memtrack module (No such file or directory)
11-26 14:13:06.161  2186  2186 E android.os.Debug: failed to load memtrack module: -2
11-26 14:13:06.162  2186  2186 I Radio-JNI: register_android_hardware_Radio DONE
11-26 14:13:06.187  2186  2186 D AndroidRuntime: Calling main entry com.android.commands.pm.Pm
11-26 14:13:06.214  2186  2186 I art     : System.exit called, status: 0
11-26 14:13:06.214  2186  2186 I AndroidRuntime: VM exiting with result code 0.
11-26 14:13:06.918  2203  2203 D AndroidRuntime: >>>>>> START com.android.internal.os.RuntimeInit uid 2000 <<<<<<
11-26 14:13:06.920  2203  2203 D AndroidRuntime: CheckJNI is ON
11-26 14:13:06.952  2203  2203 W art     : Unexpected CPU variant for X86 using defaults: x86
11-26 14:13:06.965  2203  2203 D ICU     : No timezone override file found: /data/misc/zoneinfo/current/icu/icu_tzdata.dat
11-26 14:13:06.984  2203  2203 E memtrack: Couldn't load memtrack module (No such file or directory)
11-26 14:13:06.985  2203  2203 E android.os.Debug: failed to load memtrack module: -2
11-26 14:13:06.987  2203  2203 I Radio-JNI: register_android_hardware_Radio DONE
11-26 14:13:07.010  2203  2203 D AndroidRuntime: Calling main entry com.android.commands.pm.Pm
11-26 14:13:07.033   990   990 I         : free_cache(2040838) avail 492630016
11-26 14:13:08.308  1239  1843 I ActivityManager: Start proc 2216:com.svox.pico/u0a46 for broadcast com.svox.pico/.VoiceDataInstallerReceiver
11-26 14:13:08.325  2216  2216 W art     : Unexpected CPU variant for X86 using defaults: x86
11-26 14:13:09.575  2203  2203 I art     : System.exit called, status: 0
11-26 14:13:09.575  2203  2203 I AndroidRuntime: VM exiting with result code 0.
11-26 14:13:09.945  2231  2231 D AndroidRuntime: >>>>>> START com.android.internal.os.RuntimeInit uid 2000 <<<<<<
11-26 14:13:09.947  2231  2231 D AndroidRuntime: CheckJNI is ON
11-26 14:13:09.986  2231  2231 W art     : Unexpected CPU variant for X86 using defaults: x86
11-26 14:13:09.989  2231  2231 D ICU     : No timezone override file found: /data/misc/zoneinfo/current/icu/icu_tzdata.dat
11-26 14:13:10.010  2231  2231 E memtrack: Couldn't load memtrack module (No such file or directory)
11-26 14:13:10.010  2231  2231 E android.os.Debug: failed to load memtrack module: -2
11-26 14:13:10.010  2231  2231 I Radio-JNI: register_android_hardware_Radio DONE
11-26 14:13:10.024  2231  2231 D AndroidRuntime: Calling main entry com.android.commands.pm.Pm
11-26 14:13:10.113  2163  2174 I art     : HomogeneousSpaceCompact marksweep + semispace GC freed 8718(507KB) AllocSpace objects, 0(0B) LOS objects, 39% free, 2033KB/3MB, paused 246.795ms total 246.795ms
11-26 14:13:10.177  1239  1265 I PackageManager.DexOptimizer: Running dexopt (dex2oat) on: /data/app/vmdl1007361394.tmp/base.apk pkg=br.com.catbag.gifreduxsample.test isa=x86 vmSafeMode=false debuggable=true target-filter=interpret-only oatDir = /data/app/vmdl1007361394.tmp/oat sharedLibraries=/system/framework/android.test.runner.jar
11-26 14:13:10.220  2242  2242 W dex2oat : Unexpected CPU variant for X86 using defaults: x86
11-26 14:13:10.220  2242  2242 W dex2oat : Mismatch between dex2oat instruction set features (ISA: X86 Feature string: smp,-ssse3,-sse4.1,-sse4.2,-avx,-avx2,-lock_add,-popcnt) and those of dex2oat executable (ISA: X86 Feature string: smp,ssse3,-sse4.1,-sse4.2,-avx,-avx2,-lock_add,-popcnt) for the command line:
11-26 14:13:10.220  2242  2242 W dex2oat : /system/bin/dex2oat --zip-fd=6 --zip-location=base.apk --oat-fd=7 --oat-location=/data/app/vmdl1007361394.tmp/oat/x86/base.odex --instruction-set=x86 --instruction-set-variant=x86 --instruction-set-features=default --runtime-arg -Xms64m --runtime-arg -Xmx512m --compiler-filter=interpret-only --swap-fd=9 --debuggable --runtime-arg -classpath --runtime-arg /system/framework/android.test.runner.jar
11-26 14:13:10.220  2242  2242 I dex2oat : /system/bin/dex2oat --compiler-filter=interpret-only --debuggable
11-26 14:13:30.447  2242  2242 W dex2oat : Compilation of net.bytebuddy.implementation.bytecode.constant.NullConstant[] net.bytebuddy.implementation.bytecode.constant.NullConstant.values() took 190.780ms
11-26 14:13:31.995  2242  2242 I dex2oat : dex2oat took 21.775s (threads: 1) arena alloc=1408B (1408B) java alloc=3MB (3870112B) native alloc=6MB (6972928B) free=2MB (2464256B)
11-26 14:13:32.208  1239  1265 V BackupManagerService: restoreAtInstall pkg=br.com.catbag.gifreduxsample.test token=2 restoreSet=0
11-26 14:13:32.209  1239  1265 W BackupManagerService: Requested unavailable transport: android/com.android.internal.backup.LocalTransport
11-26 14:13:32.209  1239  1265 W BackupManagerService: No transport
11-26 14:13:32.209  1239  1265 V BackupManagerService: Finishing install immediately
11-26 14:13:32.233  1239  1265 I art     : Starting a blocking GC Explicit
11-26 14:13:32.293  1239  1265 I art     : Explicit concurrent mark sweep GC freed 37750(2MB) AllocSpace objects, 13(308KB) LOS objects, 33% free, 6MB/10MB, paused 4.295ms total 56.895ms
11-26 14:13:32.299   990   990 E         : Couldn't opendir /data/app/vmdl1007361394.tmp: No such file or directory
11-26 14:13:32.310  2231  2231 I art     : System.exit called, status: 0
11-26 14:13:32.310  2231  2231 I AndroidRuntime: VM exiting with result code 0.
11-26 14:13:32.355  1239  1279 I InputReader: Reconfiguring input devices.  changes=0x00000010
11-26 14:13:32.475  1462  1462 D CarrierSvcBindHelper: No carrier app for: 0
11-26 14:13:32.476  1462  1462 D CarrierConfigLoader: mHandler: 9 phoneId: 0
11-26 14:13:32.533  1239  1252 W VoiceInteractionManagerService: no available voice recognition services found for user 0
11-26 14:13:32.533  1239  1252 W LocationProviderProxy-network: Odd, no component found for service com.android.location.service.v3.NetworkLocationProvider
11-26 14:13:32.534  1239  1252 W GeocoderProxy: Odd, no component found for service com.android.location.service.GeocodeProvider
11-26 14:13:32.534  1239  1252 W GeofenceProxy: Odd, no component found for service com.android.location.service.GeofenceProvider
11-26 14:13:32.535  1239  1252 W ActivityRecognitionProxy: Odd, no component found for service com.android.location.service.ActivityRecognitionProvider
11-26 14:13:32.839  2247  2247 D AndroidRuntime: >>>>>> START com.android.internal.os.RuntimeInit uid 2000 <<<<<<
11-26 14:13:32.847  2247  2247 D AndroidRuntime: CheckJNI is ON
11-26 14:13:32.895  2247  2247 W art     : Unexpected CPU variant for X86 using defaults: x86
11-26 14:13:32.906  2247  2247 D ICU     : No timezone override file found: /data/misc/zoneinfo/current/icu/icu_tzdata.dat
11-26 14:13:32.931  2247  2247 E memtrack: Couldn't load memtrack module (No such file or directory)
11-26 14:13:32.932  2247  2247 E android.os.Debug: failed to load memtrack module: -2
11-26 14:13:32.933  2247  2247 I Radio-JNI: register_android_hardware_Radio DONE
11-26 14:13:32.954  2247  2247 D AndroidRuntime: Calling main entry com.android.commands.am.Am
11-26 14:13:32.969  1239  1351 I ActivityManager: Force stopping br.com.catbag.gifreduxsample appid=10060 user=0: start instr
11-26 14:13:32.988  1239  1351 I ActivityManager: Start proc 2257:br.com.catbag.gifreduxsample/u0a60 for added application br.com.catbag.gifreduxsample
11-26 14:13:32.995  2257  2257 I art     : Not late-enabling -Xcheck:jni (already on)
11-26 14:13:32.995  2257  2257 W art     : Unexpected CPU variant for X86 using defaults: x86
11-26 14:13:33.030  2257  2257 W System  : ClassLoader referenced unknown path: /data/app/br.com.catbag.gifreduxsample.test-1/lib/x86
11-26 14:13:33.045  2257  2257 W System  : ClassLoader referenced unknown path: 
11-26 14:13:33.092  2257  2257 W System.err: java.io.FileNotFoundException: /jacoco.exec (Read-only file system)
11-26 14:13:33.094  2257  2257 W System.err: 	at java.io.FileOutputStream.open(Native Method)
11-26 14:13:33.094  2257  2257 W System.err: 	at java.io.FileOutputStream.<init>(FileOutputStream.java:221)
11-26 14:13:33.094  2257  2257 W System.err: 	at org.jacoco.agent.rt.internal_e6e56f0.output.FileOutput.openFile(FileOutput.java:67)
11-26 14:13:33.094  2257  2257 W System.err: 	at org.jacoco.agent.rt.internal_e6e56f0.output.FileOutput.startup(FileOutput.java:49)
11-26 14:13:33.094  2257  2257 W System.err: 	at org.jacoco.agent.rt.internal_e6e56f0.Agent.startup(Agent.java:122)
11-26 14:13:33.095  2257  2257 W System.err: 	at org.jacoco.agent.rt.internal_e6e56f0.Agent.getInstance(Agent.java:50)
11-26 14:13:33.095  2257  2257 W System.err: 	at org.jacoco.agent.rt.internal_e6e56f0.Offline.<clinit>(Offline.java:31)
11-26 14:13:33.095  2257  2257 W System.err: 	at org.jacoco.agent.rt.internal_e6e56f0.Offline.getProbes(Offline.java:51)
11-26 14:13:33.095  2257  2257 W System.err: 	at br.com.catbag.gifreduxsample.MyApp.$jacocoInit(MyApp.java)
11-26 14:13:33.095  2257  2257 W System.err: 	at br.com.catbag.gifreduxsample.MyApp.<clinit>(MyApp.java)
11-26 14:13:33.095  2257  2257 W System.err: 	at java.lang.Class.newInstance(Native Method)
11-26 14:13:33.095  2257  2257 W System.err: 	at android.app.Instrumentation.newApplication(Instrumentation.java:1007)
11-26 14:13:33.095  2257  2257 W System.err: 	at android.app.Instrumentation.newApplication(Instrumentation.java:992)
11-26 14:13:33.096  2257  2257 W System.err: 	at android.app.LoadedApk.makeApplication(LoadedApk.java:796)
11-26 14:13:33.096  2257  2257 W System.err: 	at android.app.ActivityThread.handleBindApplication(ActivityThread.java:5335)
11-26 14:13:33.096  2257  2257 W System.err: 	at android.app.ActivityThread.-wrap2(ActivityThread.java)
11-26 14:13:33.096  2257  2257 W System.err: 	at android.app.ActivityThread$H.handleMessage(ActivityThread.java:1528)
11-26 14:13:33.096  2257  2257 W System.err: 	at android.os.Handler.dispatchMessage(Handler.java:102)
11-26 14:13:33.096  2257  2257 W System.err: 	at android.os.Looper.loop(Looper.java:154)
11-26 14:13:33.097  2257  2257 W System.err: 	at android.app.ActivityThread.main(ActivityThread.java:6077)
11-26 14:13:33.097  2257  2257 W System.err: 	at java.lang.reflect.Method.invoke(Native Method)
11-26 14:13:33.097  2257  2257 W System.err: 	at com.android.internal.os.ZygoteInit$MethodAndArgsCaller.run(ZygoteInit.java:865)
11-26 14:13:33.097  2257  2257 W System.err: 	at com.android.internal.os.ZygoteInit.main(ZygoteInit.java:755)
11-26 14:13:33.114  2257  2257 I MonitoringInstrumentation: Instrumentation Started!
11-26 14:13:33.119  2257  2257 I MonitoringInstrumentation: Setting context classloader to 'dalvik.system.PathClassLoader[DexPathList[[zip file "/system/framework/android.test.runner.jar", zip file "/data/app/br.com.catbag.gifreduxsample.test-1/base.apk", zip file "/data/app/br.com.catbag.gifreduxsample-1/base.apk"],nativeLibraryDirectories=[/data/app/br.com.catbag.gifreduxsample.test-1/lib/x86, /data/app/br.com.catbag.gifreduxsample-1/lib/x86, /system/fake-libs, /data/app/br.com.catbag.gifreduxsample.test-1/base.apk!/lib/x86, /data/app/br.com.catbag.gifreduxsample-1/base.apk!/lib/x86, /system/lib, /vendor/lib]]]', Original: 'dalvik.system.PathClassLoader[DexPathList[[zip file "/system/framework/android.test.runner.jar", zip file "/data/app/br.com.catbag.gifreduxsample.test-1/base.apk", zip file "/data/app/br.com.catbag.gifreduxsample-1/base.apk"],nativeLibraryDirectories=[/data/app/br.com.catbag.gifreduxsample.test-1/lib/x86, /data/app/br.com.catbag.gifreduxsample-1/lib/x86, /system/fake-libs, /data/app/br.com.catbag.gifreduxsample.test-1/base.apk!/lib/x86, /data/app/br.com.catbag.gifreduxsample-1/base.apk!/lib/x86, /system/lib, /vendor/lib]]]'
11-26 14:13:33.199  2257  2257 D NetworkSecurityConfig: No Network Security Config specified, using platform default
11-26 14:13:33.233  2257  2257 I MonitoringInstrumentation: No JSBridge.
11-26 14:13:33.252  2257  2272 I UsageTrackerFacilitator: Usage tracking enabled
11-26 14:13:33.253  2257  2272 I TestRequestBuilder: Scanning classpath to find tests in apks [/data/app/br.com.catbag.gifreduxsample.test-1/base.apk]
11-26 14:13:33.751  2257  2272 I art     : Rejecting re-init on previously-failed class java.lang.Class<org.objectweb.asm.commons.JSRInlinerAdapter>: java.lang.NoClassDefFoundError: Failed resolution of: Lorg/objectweb/asm/tree/MethodNode;
11-26 14:13:33.751  2257  2272 I art     :   at java.lang.Class java.lang.Class.classForName!(java.lang.String, boolean, java.lang.ClassLoader) (Class.java:-2)
11-26 14:13:33.751  2257  2272 I art     :   at java.lang.Class java.lang.Class.forName(java.lang.String, boolean, java.lang.ClassLoader) (Class.java:400)
11-26 14:13:33.751  2257  2272 I art     :   at java.lang.Class android.support.test.internal.runner.TestLoader.doLoadClass(java.lang.String) (TestLoader.java:92)
11-26 14:13:33.762  2257  2272 I art     :   at java.lang.Class android.support.test.internal.runner.TestLoader.loadIfTest(java.lang.String) (TestLoader.java:113)
11-26 14:13:33.762  2257  2272 I art     :   at void android.support.test.internal.runner.TestRequestBuilder.loadClassesFromClassPath(android.support.test.internal.runner.TestLoader, java.util.Set) (TestRequestBuilder.java:801)
11-26 14:13:33.762  2257  2272 I art     :   at android.support.test.internal.runner.TestRequest android.support.test.internal.runner.TestRequestBuilder.build() (TestRequestBuilder.java:747)
11-26 14:13:33.762  2257  2272 I art     :   at android.support.test.internal.runner.TestRequest android.support.test.runner.AndroidJUnitRunner.buildRequest(android.support.test.internal.runner.RunnerArgs, android.os.Bundle) (AndroidJUnitRunner.java:354)
11-26 14:13:33.762  2257  2272 I art     :   at void android.support.test.runner.AndroidJUnitRunner.onStart() (AndroidJUnitRunner.java:260)
11-26 14:13:33.763  2257  2272 I art     :   at void android.app.Instrumentation$InstrumentationThread.run() (Instrumentation.java:1932)
11-26 14:13:33.763  2257  2272 I art     : Caused by: java.lang.ClassNotFoundException: Didn't find class "org.objectweb.asm.tree.MethodNode" on path: DexPathList[[zip file "/system/framework/android.test.runner.jar", zip file "/data/app/br.com.catbag.gifreduxsample.test-1/base.apk", zip file "/data/app/br.com.catbag.gifreduxsample-1/base.apk"],nativeLibraryDirectories=[/data/app/br.com.catbag.gifreduxsample.test-1/lib/x86, /data/app/br.com.catbag.gifreduxsample-1/lib/x86, /system/fake-libs, /data/app/br.com.catbag.gifreduxsample.test-1/base.apk!/lib/x86, /data/app/br.com.catbag.gifreduxsample-1/base.apk!/lib/x86, /system/lib, /vendor/lib]]
11-26 14:13:33.763  2257  2272 I art     :   at java.lang.Class dalvik.system.BaseDexClassLoader.findClass(java.lang.String) (BaseDexClassLoader.java:56)
11-26 14:13:33.763  2257  2272 I art     :   at java.lang.Class java.lang.ClassLoader.loadClass(java.lang.String, boolean) (ClassLoader.java:380)
11-26 14:13:33.763  2257  2272 I art     :   at java.lang.Class java.lang.ClassLoader.loadClass(java.lang.String) (ClassLoader.java:312)
11-26 14:13:33.763  2257  2272 I art     :   at java.lang.Class java.lang.Class.classForName!(java.lang.String, boolean, java.lang.ClassLoader) (Class.java:-2)
11-26 14:13:33.763  2257  2272 I art     :   at java.lang.Class java.lang.Class.forName(java.lang.String, boolean, java.lang.ClassLoader) (Class.java:400)
11-26 14:13:33.763  2257  2272 I art     :   at java.lang.Class android.support.test.internal.runner.TestLoader.doLoadClass(java.lang.String) (TestLoader.java:92)
11-26 14:13:33.763  2257  2272 I art     :   at java.lang.Class android.support.test.internal.runner.TestLoader.loadIfTest(java.lang.String) (TestLoader.java:113)
11-26 14:13:33.764  2257  2272 I art     :   at void android.support.test.internal.runner.TestRequestBuilder.loadClassesFromClassPath(android.support.test.internal.runner.TestLoader, java.util.Set) (TestRequestBuilder.java:801)
11-26 14:13:33.764  2257  2272 I art     :   at android.support.test.internal.runner.TestRequest android.support.test.internal.runner.TestRequestBuilder.build() (TestRequestBuilder.java:747)
11-26 14:13:33.764  2257  2272 I art     :   at android.support.test.internal.runner.TestRequest android.support.test.runner.AndroidJUnitRunner.buildRequest(android.support.test.internal.runner.RunnerArgs, android.os.Bundle) (AndroidJUnitRunner.java:354)
11-26 14:13:33.764  2257  2272 I art     :   at void android.support.test.runner.AndroidJUnitRunner.onStart() (AndroidJUnitRunner.java:260)
11-26 14:13:33.764  2257  2272 I art     :   at void android.app.Instrumentation$InstrumentationThread.run() (Instrumentation.java:1932)
11-26 14:13:33.764  2257  2272 I art     : 
11-26 14:13:33.764  2257  2272 E TestLoader: Could not find class: org.objectweb.asm.commons.JSRInlinerAdapter
11-26 14:13:33.770  2257  2272 I art     : Rejecting re-init on previously-failed class java.lang.Class<org.objectweb.asm.commons.TryCatchBlockSorter>: java.lang.NoClassDefFoundError: Failed resolution of: Lorg/objectweb/asm/tree/MethodNode;
11-26 14:13:33.770  2257  2272 I art     :   at java.lang.Class java.lang.Class.classForName!(java.lang.String, boolean, java.lang.ClassLoader) (Class.java:-2)
11-26 14:13:33.770  2257  2272 I art     :   at java.lang.Class java.lang.Class.forName(java.lang.String, boolean, java.lang.ClassLoader) (Class.java:400)
11-26 14:13:33.770  2257  2272 I art     :   at java.lang.Class android.support.test.internal.runner.TestLoader.doLoadClass(java.lang.String) (TestLoader.java:92)
11-26 14:13:33.770  2257  2272 I art     :   at java.lang.Class android.support.test.internal.runner.TestLoader.loadIfTest(java.lang.String) (TestLoader.java:113)
11-26 14:13:33.770  2257  2272 I art     :   at void android.support.test.internal.runner.TestRequestBuilder.loadClassesFromClassPath(android.support.test.internal.runner.TestLoader, java.util.Set) (TestRequestBuilder.java:801)
11-26 14:13:33.770  2257  2272 I art     :   at android.support.test.internal.runner.TestRequest android.support.test.internal.runner.TestRequestBuilder.build() (TestRequestBuilder.java:747)
11-26 14:13:33.770  2257  2272 I art     :   at android.support.test.internal.runner.TestRequest android.support.test.runner.AndroidJUnitRunner.buildRequest(android.support.test.internal.runner.RunnerArgs, android.os.Bundle) (AndroidJUnitRunner.java:354)
11-26 14:13:33.771  2257  2272 I art     :   at void android.support.test.runner.AndroidJUnitRunner.onStart() (AndroidJUnitRunner.java:260)
11-26 14:13:33.771  2257  2272 I art     :   at void android.app.Instrumentation$InstrumentationThread.run() (Instrumentation.java:1932)
11-26 14:13:33.771  2257  2272 I art     : Caused by: java.lang.ClassNotFoundException: Didn't find class "org.objectweb.asm.tree.MethodNode" on path: DexPathList[[zip file "/system/framework/android.test.runner.jar", zip file "/data/app/br.com.catbag.gifreduxsample.test-1/base.apk", zip file "/data/app/br.com.catbag.gifreduxsample-1/base.apk"],nativeLibraryDirectories=[/data/app/br.com.catbag.gifreduxsample.test-1/lib/x86, /data/app/br.com.catbag.gifreduxsample-1/lib/x86, /system/fake-libs, /data/app/br.com.catbag.gifreduxsample.test-1/base.apk!/lib/x86, /data/app/br.com.catbag.gifreduxsample-1/base.apk!/lib/x86, /system/lib, /vendor/lib]]
11-26 14:13:33.771  2257  2272 I art     :   at java.lang.Class dalvik.system.BaseDexClassLoader.findClass(java.lang.String) (BaseDexClassLoader.java:56)
11-26 14:13:33.771  2257  2272 I art     :   at java.lang.Class java.lang.ClassLoader.loadClass(java.lang.String, boolean) (ClassLoader.java:380)
11-26 14:13:33.782  2257  2272 I art     :   at java.lang.Class java.lang.ClassLoader.loadClass(java.lang.String) (ClassLoader.java:312)
11-26 14:13:33.782  2257  2272 I art     :   at java.lang.Class java.lang.Class.classForName!(java.lang.String, boolean, java.lang.ClassLoader) (Class.java:-2)
11-26 14:13:33.782  2257  2272 I art     :   at java.lang.Class java.lang.Class.forName(java.lang.String, boolean, java.lang.ClassLoader) (Class.java:400)
11-26 14:13:33.782  2257  2272 I art     :   at java.lang.Class android.support.test.internal.runner.TestLoader.doLoadClass(java.lang.String) (TestLoader.java:92)
11-26 14:13:33.782  2257  2272 I art     :   at java.lang.Class android.support.test.internal.runner.TestLoader.loadIfTest(java.lang.String) (TestLoader.java:113)
11-26 14:13:33.782  2257  2272 I art     :   at void android.support.test.internal.runner.TestRequestBuilder.loadClassesFromClassPath(android.support.test.internal.runner.TestLoader, java.util.Set) (TestRequestBuilder.java:801)
11-26 14:13:33.782  2257  2272 I art     :   at android.support.test.internal.runner.TestRequest android.support.test.internal.runner.TestRequestBuilder.build() (TestRequestBuilder.java:747)
11-26 14:13:33.782  2257  2272 I art     :   at android.support.test.internal.runner.TestRequest android.support.test.runner.AndroidJUnitRunner.buildRequest(android.support.test.internal.runner.RunnerArgs, android.os.Bundle) (AndroidJUnitRunner.java:354)
11-26 14:13:33.782  2257  2272 I art     :   at void android.support.test.runner.AndroidJUnitRunner.onStart() (AndroidJUnitRunner.java:260)
11-26 14:13:33.783  2257  2272 I art     :   at void android.app.Instrumentation$InstrumentationThread.run() (Instrumentation.java:1932)
11-26 14:13:33.783  2257  2272 I art     : 
11-26 14:13:33.783  2257  2272 E TestLoader: Could not find class: org.objectweb.asm.commons.TryCatchBlockSorter
11-26 14:13:33.832  2257  2272 D TestExecutor: Adding listener android.support.test.internal.runner.listener.LogRunListener
11-26 14:13:33.833  2257  2272 D TestExecutor: Adding listener android.support.test.internal.runner.listener.InstrumentationResultPrinter
11-26 14:13:33.833  2257  2272 D TestExecutor: Adding listener android.support.test.internal.runner.listener.ActivityFinisherRunListener
11-26 14:13:33.833  2257  2272 D TestExecutor: Adding listener android.support.test.internal.runner.listener.CoverageListener
11-26 14:13:33.838  2257  2272 I TestRunner: run started: 20 tests
11-26 14:13:33.847  2257  2272 I TestRunner: started: whenAppStateSavedSeveralTime(br.com.catbag.gifreduxsample.asyncs.data.DataManagerTest)
11-26 14:13:33.858  2257  2257 I MonitoringInstrumentation: Activities that are still in CREATED to STOPPED: 0
11-26 14:13:33.981  2257  2268 I art     : Background sticky concurrent mark sweep GC freed 112464(4MB) AllocSpace objects, 0(0B) LOS objects, 27% free, 4MB/6MB, paused 5.257ms total 424.832ms
11-26 14:13:34.090  2257  2275 W Java7Support: Unable to load JDK7 types (annotations, java.nio.file.Path): no Java7 support added
11-26 14:13:34.194  1239  1479 I ActivityManager: Killing 1826:com.android.sdksetup/u0a16 (adj 906): empty #17
11-26 14:13:34.419  2257  2272 I TestRunner: finished: whenAppStateSavedSeveralTime(br.com.catbag.gifreduxsample.asyncs.data.DataManagerTest)
11-26 14:13:34.427  2257  2257 I MonitoringInstrumentation: Activities that are still in CREATED to STOPPED: 0
11-26 14:13:34.428  2257  2272 I TestRunner: started: whenAppStateSavedOnceTime(br.com.catbag.gifreduxsample.asyncs.data.DataManagerTest)
11-26 14:13:34.429  2257  2257 I MonitoringInstrumentation: Activities that are still in CREATED to STOPPED: 0
11-26 14:13:34.456  2257  2268 I art     : Background partial concurrent mark sweep GC freed 65271(2MB) AllocSpace objects, 0(0B) LOS objects, 40% free, 3MB/6MB, paused 3.788ms total 103.188ms
11-26 14:13:34.687  2257  2272 I TestRunner: finished: whenAppStateSavedOnceTime(br.com.catbag.gifreduxsample.asyncs.data.DataManagerTest)
11-26 14:13:34.693  2257  2257 I MonitoringInstrumentation: Activities that are still in CREATED to STOPPED: 0
11-26 14:13:34.694  2257  2272 I TestRunner: started: whenUnsavedAppStateIsLoaded(br.com.catbag.gifreduxsample.asyncs.data.DataManagerTest)
11-26 14:13:34.696  2257  2257 I MonitoringInstrumentation: Activities that are still in CREATED to STOPPED: 0
11-26 14:13:34.786  2257  2281 E DataManager: appstate not loaded
11-26 14:13:34.786  2257  2281 E DataManager: com.snappydb.SnappydbException: Failed to get a String: NotFound: 
11-26 14:13:34.786  2257  2281 E DataManager: 	at com.snappydb.internal.DBImpl.__get(Native Method)
11-26 14:13:34.786  2257  2281 E DataManager: 	at com.snappydb.internal.DBImpl.get(DBImpl.java:348)
11-26 14:13:34.786  2257  2281 E DataManager: 	at br.com.catbag.gifreduxsample.asyncs.data.storage.Database.getAppState(Database.java:43)
11-26 14:13:34.786  2257  2281 E DataManager: 	at br.com.catbag.gifreduxsample.asyncs.data.DataManager.lambda$loadAppState$0(DataManager.java:75)
11-26 14:13:34.786  2257  2281 E DataManager: 	at br.com.catbag.gifreduxsample.asyncs.data.DataManager$$Lambda$1.run(Unknown Source)
11-26 14:13:34.786  2257  2281 E DataManager: 	at java.lang.Thread.run(Thread.java:761)
11-26 14:13:34.788  2257  2272 I TestRunner: finished: whenUnsavedAppStateIsLoaded(br.com.catbag.gifreduxsample.asyncs.data.DataManagerTest)
11-26 14:13:34.795  2257  2257 I MonitoringInstrumentation: Activities that are still in CREATED to STOPPED: 0
11-26 14:13:34.796  2257  2272 I TestRunner: started: whenSavedAppStateIsLoaded(br.com.catbag.gifreduxsample.asyncs.data.DataManagerTest)
11-26 14:13:34.797  2257  2257 I MonitoringInstrumentation: Activities that are still in CREATED to STOPPED: 0
11-26 14:13:35.015  2257  2272 I TestRunner: finished: whenSavedAppStateIsLoaded(br.com.catbag.gifreduxsample.asyncs.data.DataManagerTest)
11-26 14:13:35.022  2257  2257 I MonitoringInstrumentation: Activities that are still in CREATED to STOPPED: 0
11-26 14:13:35.044  2257  2272 I TestRunner: started: whenScrollDownAndPlayLastItemTest(br.com.catbag.gifreduxsample.ui.giflist.GifListActivityTest)
11-26 14:13:35.046  2257  2257 I MonitoringInstrumentation: Activities that are still in CREATED to STOPPED: 0
11-26 14:13:35.355  2285  2285 W dex2oat : Unexpected CPU variant for X86 using defaults: x86
11-26 14:13:35.355  2285  2285 W dex2oat : Mismatch between dex2oat instruction set features (ISA: X86 Feature string: smp,-ssse3,-sse4.1,-sse4.2,-avx,-avx2,-lock_add,-popcnt) and those of dex2oat executable (ISA: X86 Feature string: smp,ssse3,-sse4.1,-sse4.2,-avx,-avx2,-lock_add,-popcnt) for the command line:
11-26 14:13:35.355  2285  2285 W dex2oat : /system/bin/dex2oat --runtime-arg -classpath --runtime-arg & --debuggable --instruction-set=x86 --instruction-set-features=smp,ssse3,-sse4.1,-sse4.2,-avx,-avx2,-lock_add,-popcnt --runtime-arg -Xrelocate --boot-image=/system/framework/boot.art --runtime-arg -Xms64m --runtime-arg -Xmx512m --instruction-set-variant=x86 --instruction-set-features=default --dex-file=/data/user/0/br.com.catbag.gifreduxsample/app_dxmaker_cache/Generated_1497766805.jar --oat-fd=38 --oat-location=/data/user/0/br.com.catbag.gifreduxsample/app_dxmaker_cache/Generated_1497766805.dex --compiler-filter=speed
11-26 14:13:35.356  2285  2285 I dex2oat : /system/bin/dex2oat --debuggable --dex-file=/data/user/0/br.com.catbag.gifreduxsample/app_dxmaker_cache/Generated_1497766805.jar --oat-fd=38 --oat-location=/data/user/0/br.com.catbag.gifreduxsample/app_dxmaker_cache/Generated_1497766805.dex --compiler-filter=speed
11-26 14:13:35.509  2285  2285 I dex2oat : dex2oat took 154.562ms (threads: 1) arena alloc=41KB (42320B) java alloc=28KB (28768B) native alloc=736KB (753832B) free=799KB (819032B)
11-26 14:13:35.547  1239  1251 D VoldConnector: SND -> {29 volume mkdirs /storage/emulated/0/Android/data/br.com.catbag.gifreduxsample/cache/}
11-26 14:13:35.567  1239  1281 D VoldConnector: RCV <- {200 29 Command succeeded}
11-26 14:13:35.579  2257  2273 I DroidFlux:Dispatcher: [STARTED] dispatch of action [FAKE_REDUCE_ACTION]
11-26 14:13:35.611  2257  2273 I DroidFlux:Dispatcher: [COMPLETED] dispatch of action [FAKE_REDUCE_ACTION]
11-26 14:13:35.625  2257  2284 D ActivityTestRule: Launching activity br.com.catbag.gifreduxsample.ui.GifListActivity
11-26 14:13:35.643  2257  2287 D MonitoringInstrumentation: execStartActivity(context, ibinder, ibinder, activity, intent, int, bundle
11-26 14:13:35.652  1239  1843 I ActivityManager: START u0 {flg=0x14000000 cmp=br.com.catbag.gifreduxsample/.ui.GifListActivity} from uid 10060 on display 0
11-26 14:13:35.790  2257  2268 I art     : Background sticky concurrent mark sweep GC freed 37731(1646KB) AllocSpace objects, 2(40KB) LOS objects, 32% free, 4MB/6MB, paused 35.363ms total 156.575ms
11-26 14:13:35.926  2257  2257 D LifecycleMonitor: Lifecycle status change: br.com.catbag.gifreduxsample.ui.GifListActivity@95f82b0 in: PRE_ON_CREATE
11-26 14:13:36.274  1841  1841 I Choreographer: Skipped 37 frames!  The application may be doing too much work on its main thread.
11-26 14:13:36.599  2257  2257 D LifecycleMonitor: Lifecycle status change: br.com.catbag.gifreduxsample.ui.GifListActivity@95f82b0 in: CREATED
11-26 14:13:36.605  2257  2273 I DroidFlux:Dispatcher: [STARTED] dispatch of action [APP_STATE_LOAD]
11-26 14:13:36.606  2257  2273 D DroidFlux:Dispatcher: An action of type [APP_STATE_LOAD] was dispatched, but no reducer handled it
11-26 14:13:36.606  2257  2273 I DroidFlux:Dispatcher: [COMPLETED] dispatch of action [APP_STATE_LOAD]
11-26 14:13:36.606  2257  2257 D LifecycleMonitor: Lifecycle status change: br.com.catbag.gifreduxsample.ui.GifListActivity@95f82b0 in: STARTED
11-26 14:13:36.643  2257  2257 D LifecycleMonitor: Lifecycle status change: br.com.catbag.gifreduxsample.ui.GifListActivity@95f82b0 in: RESUMED
11-26 14:13:37.011  2257  2273 I DroidFlux:Dispatcher: [STARTED] dispatch of action [GIF_LIST_FETCHING]
11-26 14:13:37.012  2257  2273 D DroidFlux:Dispatcher: An action of type [GIF_LIST_FETCHING] was dispatched, but no reducer handled it
11-26 14:13:37.012  2257  2273 I DroidFlux:Dispatcher: [COMPLETED] dispatch of action [GIF_LIST_FETCHING]
11-26 14:13:37.082  2257  2257 D gralloc_ranchu: Emulator without host-side GPU emulation detected.
11-26 14:13:37.157  1239  1260 I ActivityManager: Displayed br.com.catbag.gifreduxsample/.ui.GifListActivity: +1s323ms
11-26 14:13:37.259  2257  2284 D InputManagerEventInjectionStrategy: Creating injection strategy with input manager.
11-26 14:13:37.349  2257  2257 W ResourceType: No package identifier when getting name for resource number 0x00000001
11-26 14:13:37.350  2257  2257 I ViewInteraction: Performing 'scroll RecyclerView to position: 4' action on view with id: 1 (resource name not found)
11-26 14:13:37.380  1239  1260 I WindowManager: Destroying surface Surface(name=Starting br.com.catbag.gifreduxsample) called by com.android.server.wm.WindowStateAnimator.destroySurface:2014 com.android.server.wm.WindowStateAnimator.destroySurfaceLocked:881 com.android.server.wm.WindowState.destroyOrSaveSurface:2073 com.android.server.wm.AppWindowToken.destroySurfaces:363 com.android.server.wm.WindowStateAnimator.finishExit:565 com.android.server.wm.WindowStateAnimator.stepAnimationLocked:491 com.android.server.wm.WindowAnimator.updateWindowsLocked:303 com.android.server.wm.WindowAnimator.animateLocked:704 
11-26 14:13:37.547  1239  1842 I WindowManager: Destroying surface Surface(name=com.android.launcher3/com.android.launcher3.Launcher) called by com.android.server.wm.WindowStateAnimator.destroySurface:2014 com.android.server.wm.WindowStateAnimator.destroySurfaceLocked:881 com.android.server.wm.WindowState.destroyOrSaveSurface:2073 com.android.server.wm.AppWindowToken.destroySurfaces:363 com.android.server.wm.AppWindowToken.notifyAppStopped:389 com.android.server.wm.WindowManagerService.notifyAppStopped:4456 com.android.server.am.ActivityStack.activityStoppedLocked:1252 com.android.server.am.ActivityManagerService.activityStopped:6873 
11-26 14:13:37.770  2257  2257 W ResourceType: No package identifier when getting name for resource number 0x00000001
11-26 14:13:37.773  2257  2262 I art     : Do partial code cache collection, code=24KB, data=30KB
11-26 14:13:37.782  2257  2262 I art     : After code cache collection, code=24KB, data=30KB
11-26 14:13:37.782  2257  2262 I art     : Increasing code cache capacity to 128KB
11-26 14:13:37.809  2257  2257 W ResourceType: No package identifier when getting name for resource number 0x00000004
11-26 14:13:37.809  2257  2257 I ViewInteraction: Performing 'single click' action on view with id: 4 (resource name not found)
11-26 14:13:37.886  2257  2273 I DroidFlux:Dispatcher: [STARTED] dispatch of action [GIF_PLAY]
11-26 14:13:37.888  2257  2273 I DroidFlux:Dispatcher: [COMPLETED] dispatch of action [GIF_PLAY]
11-26 14:13:38.007  1239  1313 W AudioTrack: AUDIO_OUTPUT_FLAG_FAST denied by client; transfer 4, track 48000 Hz, output 44100 Hz
11-26 14:13:38.143   985  1032 D AudioFlinger: mixer(0xb1e03300) throttle end: throttle time(11)
11-26 14:13:38.163   985  1032 D AudioFlinger: mixer(0xb1e03300) throttle end: throttle time(11)
11-26 14:13:38.460  2257  2257 D LifecycleMonitor: Lifecycle status change: br.com.catbag.gifreduxsample.ui.GifListActivity@95f82b0 in: PAUSED
11-26 14:13:38.497  2257  2272 I TestRunner: finished: whenScrollDownAndPlayLastItemTest(br.com.catbag.gifreduxsample.ui.giflist.GifListActivityTest)
11-26 14:13:38.757   977   977 D gralloc : Registering a buffer in the process that created it. This may cause memory ordering problems.
11-26 14:13:38.758   977   977 E libEGL  : called unimplemented OpenGL ES API
11-26 14:13:38.758   977   977 E SurfaceFlinger: glCheckFramebufferStatusOES error -560253926
11-26 14:13:38.759   977   977 E SurfaceFlinger: got GL_FRAMEBUFFER_COMPLETE_OES error while taking screenshot
11-26 14:13:38.767  1239  1352 W WindowManager: Screenshot failure taking screenshot for (480x800) to layer 21005
11-26 14:13:38.780  1239  1253 W art     : Long monitor contention with owner Binder:1239_4 (1352) at void com.android.server.am.ActivityManagerService.activityPaused(android.os.IBinder)(ActivityManagerService.java:6849) waiters=0 in void com.android.server.am.ActivityStackSupervisor$ActivityStackSupervisorHandler.activityIdleInternal(com.android.server.am.ActivityRecord) for 299ms
11-26 14:13:38.783  1239  1252 W art     : Long monitor contention with owner Binder:1239_4 (1352) at void com.android.server.am.ActivityManagerService.activityPaused(android.os.IBinder)(ActivityManagerService.java:6849) waiters=2 in void com.android.server.am.ActivityManagerService$3.handleMessage(android.os.Message) for 265ms
11-26 14:13:38.813  2257  2257 I MonitoringInstrumentation: Activities that are still in CREATED to STOPPED: 1
11-26 14:13:38.814  2257  2272 I TestRunner: started: whenGifIsNotWatchedTest(br.com.catbag.gifreduxsample.ui.giflist.GifListActivityTest)
11-26 14:13:38.853  1239  1323 E TaskPersister: File error accessing recents directory (directory doesn't exist?).
11-26 14:13:38.907  2257  2257 I MonitoringInstrumentation: Activities that are still in CREATED to STOPPED: 1
11-26 14:13:38.916  2257  2273 I DroidFlux:Dispatcher: [STARTED] dispatch of action [FAKE_REDUCE_ACTION]
11-26 14:13:38.917  2257  2273 I DroidFlux:Dispatcher: [COMPLETED] dispatch of action [FAKE_REDUCE_ACTION]
11-26 14:13:38.917  2257  2295 D ActivityTestRule: Launching activity br.com.catbag.gifreduxsample.ui.GifListActivity
11-26 14:13:38.919  2257  2296 D MonitoringInstrumentation: execStartActivity(context, ibinder, ibinder, activity, intent, int, bundle
11-26 14:13:38.920  1239  1842 I ActivityManager: START u0 {flg=0x10000000 cmp=br.com.catbag.gifreduxsample/.ui.GifListActivity} from uid 10060 on display 0
11-26 14:13:39.231  1841  1841 I Choreographer: Skipped 75 frames!  The application may be doing too much work on its main thread.
11-26 14:13:39.447  1841  1841 I Choreographer: Skipped 51 frames!  The application may be doing too much work on its main thread.
11-26 14:13:39.520  2257  2257 D LifecycleMonitor: Lifecycle status change: br.com.catbag.gifreduxsample.ui.GifListActivity@54747b8 in: PRE_ON_CREATE
11-26 14:13:39.639  2257  2257 D LifecycleMonitor: Lifecycle status change: br.com.catbag.gifreduxsample.ui.GifListActivity@54747b8 in: CREATED
11-26 14:13:39.658  2257  2273 I DroidFlux:Dispatcher: [STARTED] dispatch of action [APP_STATE_LOAD]
11-26 14:13:39.658  2257  2273 D DroidFlux:Dispatcher: An action of type [APP_STATE_LOAD] was dispatched, but no reducer handled it
11-26 14:13:39.658  2257  2273 I DroidFlux:Dispatcher: [COMPLETED] dispatch of action [APP_STATE_LOAD]
11-26 14:13:39.659  2257  2257 D LifecycleMonitor: Lifecycle status change: br.com.catbag.gifreduxsample.ui.GifListActivity@54747b8 in: STARTED
11-26 14:13:39.699  2257  2257 D LifecycleMonitor: Lifecycle status change: br.com.catbag.gifreduxsample.ui.GifListActivity@54747b8 in: RESUMED
11-26 14:13:39.753  2257  2257 I Choreographer: Skipped 85 frames!  The application may be doing too much work on its main thread.
11-26 14:13:39.811  1239  1260 I Choreographer: Skipped 39 frames!  The application may be doing too much work on its main thread.
11-26 14:13:40.067  2257  2257 E Feed    : Gif{uuid=7894970e-0e9d-425e-ab4a-4e4ead8ef24f, path=, url=, title=, watched=false, status=DOWNLOADED}
11-26 14:13:40.067  2257  2257 E Feed    : pl.droidsonroids.gif.GifIOException: GifError 101: Failed to open given input
11-26 14:13:40.067  2257  2257 E Feed    : 	at pl.droidsonroids.gif.GifInfoHandle.openFile(Native Method)
11-26 14:13:40.067  2257  2257 E Feed    : 	at pl.droidsonroids.gif.GifInfoHandle.<init>(GifInfoHandle.java:46)
11-26 14:13:40.067  2257  2257 E Feed    : 	at pl.droidsonroids.gif.GifDrawable.<init>(GifDrawable.java:124)
11-26 14:13:40.067  2257  2257 E Feed    : 	at br.com.catbag.gifreduxsample.ui.views.FeedView.createDrawable(FeedView.java:137)
11-26 14:13:40.067  2257  2257 E Feed    : 	at br.com.catbag.gifreduxsample.ui.views.FeedView.lambda$renderGifView$1(FeedView.java:124)
11-26 14:13:40.067  2257  2257 E Feed    : 	at br.com.catbag.gifreduxsample.ui.views.FeedView$$Lambda$4.view(Unknown Source)
11-26 14:13:40.067  2257  2257 E Feed    : 	at trikita.anvil.BaseDSL.v(BaseDSL.java:670)
11-26 14:13:40.067  2257  2257 E Feed    : 	at br.com.catbag.gifreduxsample.ui.views.FeedView.renderGifView(FeedView.java:123)
11-26 14:13:40.067  2257  2257 E Feed    : 	at br.com.catbag.gifreduxsample.ui.views.FeedView.access$lambda$0(FeedView.java)
11-26 14:13:40.067  2257  2257 E Feed    : 	at br.com.catbag.gifreduxsample.ui.views.FeedView$$Lambda$5.view(Unknown Source)
11-26 14:13:40.067  2257  2257 E Feed    : 	at br.com.catbag.gifreduxsample.ui.views.GifsAdapter.view(GifsAdapter.java:69)
11-26 14:13:40.067  2257  2257 E Feed    : 	at trikita.anvil.RenderableRecyclerViewAdapter$1.view(RenderableRecyclerViewAdapter.java:24)
11-26 14:13:40.067  2257  2257 E Feed    : 	at trikita.anvil.Anvil$Mount.render(Anvil.java:204)
11-26 14:13:40.067  2257  2257 E Feed    : 	at trikita.anvil.Anvil.render(Anvil.java:173)
11-26 14:13:40.067  2257  2257 E Feed    : 	at trikita.anvil.RenderableRecyclerViewAdapter.onBindViewHolder(RenderableRecyclerViewAdapter.java:27)
11-26 14:13:40.067  2257  2257 E Feed    : 	at trikita.anvil.RenderableRecyclerViewAdapter.onBindViewHolder(RenderableRecyclerViewAdapter.java:7)
11-26 14:13:40.067  2257  2257 E Feed    : 	at android.support.v7.widget.RecyclerView$Adapter.onBindViewHolder(RecyclerView.java:5768)
11-26 14:13:40.067  2257  2257 E Feed    : 	at android.support.v7.widget.RecyclerView$Adapter.bindViewHolder(RecyclerView.java:5801)
11-26 14:13:40.067  2257  2257 E Feed    : 	at android.support.v7.widget.RecyclerView$Recycler.getViewForPosition(RecyclerView.java:5037)
