11-24 15:16:43.277  2245  2245 E Feed    : 	at android.support.v7.widget.RecyclerView.onLayout(RecyclerView.java:3518)
11-24 15:16:43.277  2245  2245 E Feed    : 	at android.view.View.layout(View.java:17520)
11-24 15:16:43.277  2245  2245 E Feed    : 	at android.view.ViewGroup.layout(ViewGroup.java:5612)
11-24 15:16:43.277  2245  2245 E Feed    : 	at android.widget.FrameLayout.layoutChildren(FrameLayout.java:323)
11-24 15:16:43.277  2245  2245 E Feed    : 	at android.widget.FrameLayout.onLayout(FrameLayout.java:261)
11-24 15:16:43.277  2245  2245 E Feed    : 	at android.view.View.layout(View.java:17520)
11-24 15:16:43.277  2245  2245 E Feed    : 	at android.view.ViewGroup.layout(ViewGroup.java:5612)
11-24 15:16:43.277  2245  2245 E Feed    : 	at android.widget.RelativeLayout.onLayout(RelativeLayout.java:1079)
11-24 15:16:43.277  2245  2245 E Feed    : 	at android.view.View.layout(View.java:17520)
11-24 15:16:43.277  2245  2245 E Feed    : 	at android.view.ViewGroup.layout(ViewGroup.java:5612)
11-24 15:16:43.277  2245  2245 E Feed    : 	at android.widget.FrameLayout.layoutChildren(FrameLayout.java:323)
11-24 15:16:43.277  2245  2245 E Feed    : 	at android.widget.FrameLayout.onLayout(FrameLayout.java:261)
11-24 15:16:43.277  2245  2245 E Feed    : 	at android.view.View.layout(View.java:17520)
11-24 15:16:43.277  2245  2245 E Feed    : 	at android.view.ViewGroup.layout(ViewGroup.java:5612)
11-24 15:16:43.277  2245  2245 E Feed    : 	at android.support.v7.widget.ActionBarOverlayLayout.onLayout(ActionBarOverlayLayout.java:435)
11-24 15:16:43.277  2245  2245 E Feed    : 	at android.view.View.layout(View.java:17520)
11-24 15:16:43.277  2245  2245 E Feed    : 	at android.view.ViewGroup.layout(ViewGroup.java:5612)
11-24 15:16:43.277  2245  2245 E Feed    : 	at android.widget.FrameLayout.layoutChildren(FrameLayout.java:323)
11-24 15:16:43.277  2245  2245 E Feed    : 	at android.widget.FrameLayout.onLayout(FrameLayout.java:261)
11-24 15:16:43.277  2245  2245 E Feed    : 	at android.view.View.layout(View.java:17520)
11-24 15:16:43.277  2245  2245 E Feed    : 	at android.view.ViewGroup.layout(ViewGroup.java:5612)
11-24 15:16:43.277  2245  2245 E Feed    : 	at android.widget.LinearLayout.setChildFrame(LinearLayout.java:1741)
11-24 15:16:43.277  2245  2245 E Feed    : 	at android.widget.LinearLayout.layoutVertical(LinearLayout.java:1585)
11-24 15:16:43.277  2245  2245 E Feed    : 	at android.widget.LinearLayout.onLayout(LinearLayout.java:1494)
11-24 15:16:43.277  2245  2245 E Feed    : 	at android.view.View.layout(View.java:17520)
11-24 15:16:43.277  2245  2245 E Feed    : 	at android.view.ViewGroup.layout(ViewGroup.java:5612)
11-24 15:16:43.277  2245  2245 E Feed    : 	at android.widget.FrameLayout.layoutChildren(FrameLayout.java:323)
11-24 15:16:43.277  2245  2245 E Feed    : 	at android.widget.FrameLayout.onLayout(FrameLayout.java:261)
11-24 15:16:43.277  2245  2245 E Feed    : 	at com.android.internal.policy.DecorView.onLayout(DecorView.java:724)
11-24 15:16:43.277  2245  2245 E Feed    : 	at android.view.View.layout(View.java:17520)
11-24 15:16:43.277  2245  2245 E Feed    : 	at android.view.ViewGroup.layout(ViewGroup.java:5612)
11-24 15:16:43.277  2245  2245 E Feed    : 	at android.view.ViewRootImpl.performLayout(ViewRootImpl.java:2342)
11-24 15:16:43.277  2245  2245 E Feed    : 	at android.view.ViewRootImpl.performTraversals(ViewRootImpl.java:2069)
11-24 15:16:43.277  2245  2245 E Feed    : 	at android.view.ViewRootImpl.doTraversal(ViewRootImpl.java:1246)
11-24 15:16:43.277  2245  2245 E Feed    : 	at android.view.ViewRootImpl$TraversalRunnable.run(ViewRootImpl.java:6301)
11-24 15:16:43.277  2245  2245 E Feed    : 	at android.view.Choreographer$CallbackRecord.run(Choreographer.java:871)
11-24 15:16:43.277  2245  2245 E Feed    : 	at android.view.Choreographer.doCallbacks(Choreographer.java:683)
11-24 15:16:43.277  2245  2245 E Feed    : 	at android.view.Choreographer.doFrame(Choreographer.java:619)
11-24 15:16:43.277  2245  2245 E Feed    : 	at android.view.Choreographer$FrameDisplayEventReceiver.run(Choreographer.java:857)
11-24 15:16:43.277  2245  2245 E Feed    : 	at android.os.Handler.handleCallback(Handler.java:751)
11-24 15:16:43.277  2245  2245 E Feed    : 	at android.os.Handler.dispatchMessage(Handler.java:95)
11-24 15:16:43.277  2245  2245 E Feed    : 	at android.os.Looper.loop(Looper.java:154)
11-24 15:16:43.277  2245  2245 E Feed    : 	at android.app.ActivityThread.main(ActivityThread.java:6077)
11-24 15:16:43.277  2245  2245 E Feed    : 	at java.lang.reflect.Method.invoke(Native Method)
11-24 15:16:43.277  2245  2245 E Feed    : 	at com.android.internal.os.ZygoteInit$MethodAndArgsCaller.run(ZygoteInit.java:865)
11-24 15:16:43.277  2245  2245 E Feed    : 	at com.android.internal.os.ZygoteInit.main(ZygoteInit.java:755)
11-24 15:16:43.527  1238  1259 I ActivityManager: Displayed br.com.catbag.gifreduxsample/.ui.GifListActivity: +912ms
11-24 15:16:43.608  2245  2245 D LifecycleMonitor: Lifecycle status change: br.com.catbag.gifreduxsample.ui.GifListActivity@4462fae in: STOPPED
11-24 15:16:43.609  2245  2245 D LifecycleMonitor: Lifecycle status change: br.com.catbag.gifreduxsample.ui.GifListActivity@4462fae in: DESTROYED
11-24 15:16:43.739  1238  1561 I WindowManager: Destroying surface Surface(name=br.com.catbag.gifreduxsample/br.com.catbag.gifreduxsample.ui.GifListActivity) called by com.android.server.wm.WindowStateAnimator.destroySurface:2014 com.android.server.wm.WindowStateAnimator.destroySurfaceLocked:881 com.android.server.wm.WindowState.removeLocked:1449 com.android.server.wm.WindowManagerService.removeWindowInnerLocked:2478 com.android.server.wm.WindowManagerService.removeWindowLocked:2436 com.android.server.wm.WindowManagerService.removeWindowLocked:2305 com.android.server.wm.WindowManagerService.removeWindow:2300 com.android.server.wm.Session.remove:193 
11-24 15:16:43.768  1238  1249 I WindowManager: Destroying surface Surface(name=com.android.launcher3/com.android.launcher3.Launcher) called by com.android.server.wm.WindowStateAnimator.destroySurface:2014 com.android.server.wm.WindowStateAnimator.destroySurfaceLocked:881 com.android.server.wm.WindowState.destroyOrSaveSurface:2073 com.android.server.wm.AppWindowToken.destroySurfaces:363 com.android.server.wm.AppWindowToken.notifyAppStopped:389 com.android.server.wm.WindowManagerService.notifyAppStopped:4456 com.android.server.am.ActivityStack.activityStoppedLocked:1252 com.android.server.am.ActivityManagerService.activityStopped:6873 
11-24 15:16:43.773  1238  1259 I WindowManager: Destroying surface Surface(name=Starting br.com.catbag.gifreduxsample) called by com.android.server.wm.WindowStateAnimator.destroySurface:2014 com.android.server.wm.WindowStateAnimator.destroySurfaceLocked:881 com.android.server.wm.WindowState.destroyOrSaveSurface:2073 com.android.server.wm.AppWindowToken.destroySurfaces:363 com.android.server.wm.WindowStateAnimator.finishExit:565 com.android.server.wm.WindowStateAnimator.stepAnimationLocked:491 com.android.server.wm.WindowAnimator.updateWindowsLocked:303 com.android.server.wm.WindowAnimator.animateLocked:704 
11-24 15:16:43.803  2245  2245 I Choreographer: Skipped 63 frames!  The application may be doing too much work on its main thread.
11-24 15:16:43.849  2245  2245 D LifecycleMonitor: Lifecycle status change: br.com.catbag.gifreduxsample.ui.GifListActivity@5d66ff6 in: PAUSED
11-24 15:16:43.875  2245  2260 I TestRunner: finished: whenGifIsNotWatchedTest(br.com.catbag.gifreduxsample.ui.giflist.GifListActivityTest)
11-24 15:16:43.949   978   978 D gralloc : Registering a buffer in the process that created it. This may cause memory ordering problems.
11-24 15:16:43.949   978   978 E libEGL  : called unimplemented OpenGL ES API
11-24 15:16:43.950   978   978 E SurfaceFlinger: glCheckFramebufferStatusOES error 1513264017
11-24 15:16:43.950   978   978 E SurfaceFlinger: got GL_FRAMEBUFFER_COMPLETE_OES error while taking screenshot
11-24 15:16:43.953  1238  1756 W WindowManager: Screenshot failure taking screenshot for (480x800) to layer 21005
11-24 15:16:43.960  2245  2245 I MonitoringInstrumentation: Activities that are still in CREATED to STOPPED: 1
11-24 15:16:43.962  2245  2260 I TestRunner: started: whenGifIsDownloadingTest(br.com.catbag.gifreduxsample.ui.giflist.GifListActivityTest)
11-24 15:16:43.967  2245  2245 I MonitoringInstrumentation: Activities that are still in CREATED to STOPPED: 1
11-24 15:16:43.979  2245  2261 I DroidFlux:Dispatcher: [STARTED] dispatch of action [FAKE_REDUCE_ACTION]
11-24 15:16:43.980  2245  2261 I DroidFlux:Dispatcher: [COMPLETED] dispatch of action [FAKE_REDUCE_ACTION]
11-24 15:16:43.986  2245  2282 D ActivityTestRule: Launching activity br.com.catbag.gifreduxsample.ui.GifListActivity
11-24 15:16:43.988  2245  2283 D MonitoringInstrumentation: execStartActivity(context, ibinder, ibinder, activity, intent, int, bundle
11-24 15:16:43.989  1238  1756 I ActivityManager: START u0 {flg=0x10000000 cmp=br.com.catbag.gifreduxsample/.ui.GifListActivity} from uid 10060 on display 0
11-24 15:16:44.142  2245  2245 D LifecycleMonitor: Lifecycle status change: br.com.catbag.gifreduxsample.ui.GifListActivity@65e1ad in: PRE_ON_CREATE
11-24 15:16:44.216  2245  2245 D LifecycleMonitor: Lifecycle status change: br.com.catbag.gifreduxsample.ui.GifListActivity@65e1ad in: CREATED
11-24 15:16:44.222  2245  2261 I DroidFlux:Dispatcher: [STARTED] dispatch of action [APP_STATE_LOAD]
11-24 15:16:44.222  2245  2261 D DroidFlux:Dispatcher: An action of type [APP_STATE_LOAD] was dispatched, but no reducer handled it
11-24 15:16:44.223  2245  2261 I DroidFlux:Dispatcher: [COMPLETED] dispatch of action [APP_STATE_LOAD]
11-24 15:16:44.223  2245  2245 D LifecycleMonitor: Lifecycle status change: br.com.catbag.gifreduxsample.ui.GifListActivity@65e1ad in: STARTED
11-24 15:16:44.225  2245  2245 D LifecycleMonitor: Lifecycle status change: br.com.catbag.gifreduxsample.ui.GifListActivity@65e1ad in: RESUMED
11-24 15:16:44.573  1238  1259 I Choreographer: Skipped 30 frames!  The application may be doing too much work on its main thread.
11-24 15:16:44.790  2245  2245 I Choreographer: Skipped 70 frames!  The application may be doing too much work on its main thread.
11-24 15:16:44.980  2245  2260 I TestRunner: finished: whenGifIsDownloadingTest(br.com.catbag.gifreduxsample.ui.giflist.GifListActivityTest)
11-24 15:16:44.983  2245  2245 D LifecycleMonitor: Lifecycle status change: br.com.catbag.gifreduxsample.ui.GifListActivity@65e1ad in: PAUSED
11-24 15:16:45.000   978   978 D gralloc : Registering a buffer in the process that created it. This may cause memory ordering problems.
11-24 15:16:45.000   978   978 E libEGL  : called unimplemented OpenGL ES API
11-24 15:16:45.000   978   978 E SurfaceFlinger: glCheckFramebufferStatusOES error 1513264017
11-24 15:16:45.000   978   978 E SurfaceFlinger: got GL_FRAMEBUFFER_COMPLETE_OES error while taking screenshot
11-24 15:16:45.005  1238  1432 W WindowManager: Screenshot failure taking screenshot for (480x800) to layer 22020
11-24 15:16:45.012  2245  2245 I MonitoringInstrumentation: Activities that are still in CREATED to STOPPED: 2
11-24 15:16:45.013  2245  2260 I TestRunner: started: whenListKeepOrderedAfterPlayTest(br.com.catbag.gifreduxsample.ui.giflist.GifListActivityTest)
11-24 15:16:45.015  2245  2245 I MonitoringInstrumentation: Activities that are still in CREATED to STOPPED: 2
11-24 15:16:45.076  1238  1259 I WindowManager: Destroying surface Surface(name=Starting br.com.catbag.gifreduxsample) called by com.android.server.wm.WindowStateAnimator.destroySurface:2014 com.android.server.wm.WindowStateAnimator.destroySurfaceLocked:881 com.android.server.wm.WindowState.removeLocked:1449 com.android.server.wm.WindowManagerService.removeWindowInnerLocked:2478 com.android.server.wm.WindowManagerService.removeWindowLocked:2436 com.android.server.wm.WindowManagerService.removeWindowLocked:2305 com.android.server.wm.WindowManagerService.removeWindow:2300 com.android.server.wm.Session.remove:193 
11-24 15:16:45.159  2245  2261 I DroidFlux:Dispatcher: [STARTED] dispatch of action [FAKE_REDUCE_ACTION]
11-24 15:16:45.160  2245  2261 I DroidFlux:Dispatcher: [COMPLETED] dispatch of action [FAKE_REDUCE_ACTION]
11-24 15:16:45.173  2245  2284 D ActivityTestRule: Launching activity br.com.catbag.gifreduxsample.ui.GifListActivity
11-24 15:16:45.186  2245  2285 D MonitoringInstrumentation: execStartActivity(context, ibinder, ibinder, activity, intent, int, bundle
11-24 15:16:45.187  1238  1561 I ActivityManager: START u0 {flg=0x10000000 cmp=br.com.catbag.gifreduxsample/.ui.GifListActivity} from uid 10060 on display 0
11-24 15:16:45.315  1238  1249 W InputMethodManagerService: Starting input on non-focused client com.android.internal.view.IInputMethodClient$Stub$Proxy@52d1863 (uid=10060 pid=2245)
11-24 15:16:45.368  2245  2245 D LifecycleMonitor: Lifecycle status change: br.com.catbag.gifreduxsample.ui.GifListActivity@9e9699a in: PRE_ON_CREATE
11-24 15:16:45.422  2245  2245 D LifecycleMonitor: Lifecycle status change: br.com.catbag.gifreduxsample.ui.GifListActivity@9e9699a in: CREATED
11-24 15:16:45.423  2245  2261 I DroidFlux:Dispatcher: [STARTED] dispatch of action [APP_STATE_LOAD]
11-24 15:16:45.423  2245  2261 D DroidFlux:Dispatcher: An action of type [APP_STATE_LOAD] was dispatched, but no reducer handled it
11-24 15:16:45.424  2245  2261 I DroidFlux:Dispatcher: [COMPLETED] dispatch of action [APP_STATE_LOAD]
11-24 15:16:45.424  2245  2245 D LifecycleMonitor: Lifecycle status change: br.com.catbag.gifreduxsample.ui.GifListActivity@9e9699a in: STARTED
11-24 15:16:45.426  2245  2245 D LifecycleMonitor: Lifecycle status change: br.com.catbag.gifreduxsample.ui.GifListActivity@9e9699a in: RESUMED
11-24 15:16:45.559  1700  1700 I Choreographer: Skipped 49 frames!  The application may be doing too much work on its main thread.
11-24 15:16:45.746  2245  2245 W ResourceType: No package identifier when getting name for resource number 0x0000000c
11-24 15:16:45.747  2245  2245 I ViewInteraction: Performing 'single click' action on view with id: 12 (resource name not found)
11-24 15:16:45.760  1238  1259 I ActivityManager: Displayed br.com.catbag.gifreduxsample/.ui.GifListActivity: +443ms (total +1s713ms)
11-24 15:16:45.917  2245  2261 I DroidFlux:Dispatcher: [STARTED] dispatch of action [GIF_PLAY]
11-24 15:16:45.919  2245  2261 I DroidFlux:Dispatcher: [COMPLETED] dispatch of action [GIF_PLAY]
11-24 15:16:45.999  1238  1259 I WindowManager: Destroying surface Surface(name=Starting br.com.catbag.gifreduxsample) called by com.android.server.wm.WindowStateAnimator.destroySurface:2014 com.android.server.wm.WindowStateAnimator.destroySurfaceLocked:881 com.android.server.wm.WindowState.destroyOrSaveSurface:2073 com.android.server.wm.AppWindowToken.destroySurfaces:363 com.android.server.wm.WindowStateAnimator.finishExit:565 com.android.server.wm.WindowStateAnimator.stepAnimationLocked:491 com.android.server.wm.WindowAnimator.updateWindowsLocked:303 com.android.server.wm.WindowAnimator.animateLocked:704 
11-24 15:16:46.012   988  1038 D AudioFlinger: mixer(0xadc83980) throttle end: throttle time(10)
11-24 15:16:46.032   988  1038 D AudioFlinger: mixer(0xadc83980) throttle end: throttle time(11)
11-24 15:16:46.124  2245  2250 I art     : Do partial code cache collection, code=54KB, data=62KB
11-24 15:16:46.124  2245  2250 I art     : After code cache collection, code=52KB, data=61KB
11-24 15:16:46.125  2245  2250 I art     : Increasing code cache capacity to 256KB
11-24 15:16:46.236  2245  2245 D LifecycleMonitor: Lifecycle status change: br.com.catbag.gifreduxsample.ui.GifListActivity@65e1ad in: STOPPED
11-24 15:16:46.236  2245  2245 D LifecycleMonitor: Lifecycle status change: br.com.catbag.gifreduxsample.ui.GifListActivity@65e1ad in: DESTROYED
11-24 15:16:46.240  1238  1250 I WindowManager: Destroying surface Surface(name=br.com.catbag.gifreduxsample/br.com.catbag.gifreduxsample.ui.GifListActivity) called by com.android.server.wm.WindowStateAnimator.destroySurface:2014 com.android.server.wm.WindowStateAnimator.destroySurfaceLocked:881 com.android.server.wm.WindowState.removeLocked:1449 com.android.server.wm.WindowManagerService.removeWindowInnerLocked:2478 com.android.server.wm.WindowManagerService.removeWindowLocked:2436 com.android.server.wm.WindowManagerService.removeWindowLocked:2305 com.android.server.wm.WindowManagerService.removeWindow:2300 com.android.server.wm.Session.remove:193 
11-24 15:16:46.278  1238  1561 I WindowManager: Destroying surface Surface(name=com.android.launcher3/com.android.launcher3.Launcher) called by com.android.server.wm.WindowStateAnimator.destroySurface:2014 com.android.server.wm.WindowStateAnimator.destroySurfaceLocked:881 com.android.server.wm.WindowState.destroyOrSaveSurface:2073 com.android.server.wm.AppWindowToken.destroySurfaces:363 com.android.server.wm.AppWindowToken.notifyAppStopped:389 com.android.server.wm.WindowManagerService.notifyAppStopped:4456 com.android.server.am.ActivityStack.activityStoppedLocked:1252 com.android.server.am.ActivityManagerService.activityStopped:6873 
11-24 15:16:46.309  2245  2245 D LifecycleMonitor: Lifecycle status change: br.com.catbag.gifreduxsample.ui.GifListActivity@5d66ff6 in: STOPPED
11-24 15:16:46.310  2245  2245 D LifecycleMonitor: Lifecycle status change: br.com.catbag.gifreduxsample.ui.GifListActivity@5d66ff6 in: DESTROYED
11-24 15:16:46.314  1238  1756 I WindowManager: Destroying surface Surface(name=br.com.catbag.gifreduxsample/br.com.catbag.gifreduxsample.ui.GifListActivity) called by com.android.server.wm.WindowStateAnimator.destroySurface:2014 com.android.server.wm.WindowStateAnimator.destroySurfaceLocked:881 com.android.server.wm.WindowState.removeLocked:1449 com.android.server.wm.WindowManagerService.removeWindowInnerLocked:2478 com.android.server.wm.WindowManagerService.removeWindowLocked:2436 com.android.server.wm.WindowManagerService.removeWindowLocked:2305 com.android.server.wm.WindowManagerService.removeWindow:2300 com.android.server.wm.Session.remove:193 
11-24 15:16:46.714  2245  2245 W ResourceType: No package identifier when getting name for resource number 0x00000010
11-24 15:16:46.714  2245  2245 I ViewInteraction: Performing 'scroll RecyclerView to position: 2' action on view with id: 16 (resource name not found)
11-24 15:16:47.010  2245  2245 W ResourceType: No package identifier when getting name for resource number 0x00000010
11-24 15:16:47.026  2245  2245 W ResourceType: No package identifier when getting name for resource number 0x00000018
11-24 15:16:47.032  2245  2245 I ViewInteraction: Performing 'single click' action on view with id: 24 (resource name not found)
11-24 15:16:47.082  2245  2261 I DroidFlux:Dispatcher: [STARTED] dispatch of action [GIF_PLAY]
11-24 15:16:47.083  2245  2261 I DroidFlux:Dispatcher: [COMPLETED] dispatch of action [GIF_PLAY]
11-24 15:16:47.676  2245  2245 W ResourceType: No package identifier when getting name for resource number 0x0000001c
11-24 15:16:47.676  2245  2245 I ViewInteraction: Performing 'scroll RecyclerView to position: 3' action on view with id: 28 (resource name not found)
11-24 15:16:47.982  2245  2245 W ResourceType: No package identifier when getting name for resource number 0x0000001c
11-24 15:16:48.004  2245  2245 W ResourceType: No package identifier when getting name for resource number 0x00000024
11-24 15:16:48.005  2245  2245 I ViewInteraction: Performing 'single click' action on view with id: 36 (resource name not found)
11-24 15:16:48.070  2245  2261 I DroidFlux:Dispatcher: [STARTED] dispatch of action [GIF_PLAY]
11-24 15:16:48.090  2245  2261 I DroidFlux:Dispatcher: [COMPLETED] dispatch of action [GIF_PLAY]
11-24 15:16:48.345  1238  1325 E TaskPersister: File error accessing recents directory (directory doesn't exist?).
11-24 15:16:48.668  2245  2245 W ResourceType: No package identifier when getting name for resource number 0x00000028
11-24 15:16:48.669  2245  2245 I ViewInteraction: Performing 'scroll RecyclerView to position: 4' action on view with id: 40 (resource name not found)
11-24 15:16:48.775  2245  2256 I art     : Background sticky concurrent mark sweep GC freed 17416(1278KB) AllocSpace objects, 7(144KB) LOS objects, 17% free, 7MB/9MB, paused 5.198ms total 93.778ms
11-24 15:16:48.965  2245  2245 W ResourceType: No package identifier when getting name for resource number 0x00000028
11-24 15:16:49.010  2245  2245 W ResourceType: No package identifier when getting name for resource number 0x00000030
11-24 15:16:49.010  2245  2245 I ViewInteraction: Performing 'single click' action on view with id: 48 (resource name not found)
11-24 15:16:49.068  2245  2261 I DroidFlux:Dispatcher: [STARTED] dispatch of action [GIF_PLAY]
11-24 15:16:49.069  2245  2261 I DroidFlux:Dispatcher: [COMPLETED] dispatch of action [GIF_PLAY]
11-24 15:16:49.716  2245  2245 W ResourceType: No package identifier when getting name for resource number 0x00000034
11-24 15:16:49.716  2245  2245 I ViewInteraction: Performing 'scroll RecyclerView to position: 5' action on view with id: 52 (resource name not found)
11-24 15:16:50.020  2245  2245 W ResourceType: No package identifier when getting name for resource number 0x00000034
11-24 15:16:50.040  2245  2245 W ResourceType: No package identifier when getting name for resource number 0x0000003c
11-24 15:16:50.040  2245  2245 I ViewInteraction: Performing 'single click' action on view with id: 60 (resource name not found)
11-24 15:16:50.107  2245  2261 I DroidFlux:Dispatcher: [STARTED] dispatch of action [GIF_PLAY]
11-24 15:16:50.109  2245  2261 I DroidFlux:Dispatcher: [COMPLETED] dispatch of action [GIF_PLAY]
11-24 15:16:50.735  2245  2245 W ResourceType: No package identifier when getting name for resource number 0x00000040
11-24 15:16:50.735  2245  2245 I ViewInteraction: Performing 'scroll RecyclerView to position: 6' action on view with id: 64 (resource name not found)
11-24 15:16:50.840  2245  2256 I art     : Background sticky concurrent mark sweep GC freed 8986(853KB) AllocSpace objects, 6(128KB) LOS objects, 10% free, 8MB/9MB, paused 7.833ms total 71ms
11-24 15:16:51.056  2245  2245 W ResourceType: No package identifier when getting name for resource number 0x00000040
11-24 15:16:51.069  2245  2245 W ResourceType: No package identifier when getting name for resource number 0x00000048
11-24 15:16:51.070  2245  2245 I ViewInteraction: Performing 'single click' action on view with id: 72 (resource name not found)
11-24 15:16:51.137  2245  2261 I DroidFlux:Dispatcher: [STARTED] dispatch of action [GIF_PLAY]
11-24 15:16:51.138  2245  2261 I DroidFlux:Dispatcher: [COMPLETED] dispatch of action [GIF_PLAY]
11-24 15:16:51.854  2245  2245 W ResourceType: No package identifier when getting name for resource number 0x0000004c
11-24 15:16:51.856  2245  2245 I ViewInteraction: Performing 'scroll RecyclerView to position: 7' action on view with id: 76 (resource name not found)
11-24 15:16:52.177  2245  2245 W ResourceType: No package identifier when getting name for resource number 0x0000004c
11-24 15:16:52.206  2245  2245 W ResourceType: No package identifier when getting name for resource number 0x00000054
11-24 15:16:52.206  2245  2245 I ViewInteraction: Performing 'single click' action on view with id: 84 (resource name not found)
11-24 15:16:52.266  2245  2256 I art     : Background sticky concurrent mark sweep GC freed 7480(684KB) AllocSpace objects, 4(80KB) LOS objects, 6% free, 8MB/9MB, paused 6.777ms total 101.264ms
11-24 15:16:52.279  2245  2261 I DroidFlux:Dispatcher: [STARTED] dispatch of action [GIF_PLAY]
11-24 15:16:52.280  2245  2261 I DroidFlux:Dispatcher: [COMPLETED] dispatch of action [GIF_PLAY]
11-24 15:16:52.800  2245  2245 W ResourceType: No package identifier when getting name for resource number 0x00000058
11-24 15:16:52.828  2245  2245 I ViewInteraction: Performing 'scroll RecyclerView to position: 8' action on view with id: 88 (resource name not found)
11-24 15:16:53.120  2245  2245 W ResourceType: No package identifier when getting name for resource number 0x00000058
11-24 15:16:53.171  2245  2245 W ResourceType: No package identifier when getting name for resource number 0x00000060
11-24 15:16:53.172  2245  2245 I ViewInteraction: Performing 'single click' action on view with id: 96 (resource name not found)
11-24 15:16:53.236  2245  2261 I DroidFlux:Dispatcher: [STARTED] dispatch of action [GIF_PLAY]
11-24 15:16:53.237  2245  2261 I DroidFlux:Dispatcher: [COMPLETED] dispatch of action [GIF_PLAY]
11-24 15:16:53.316  2245  2256 I art     : Background partial concurrent mark sweep GC freed 8553(582KB) AllocSpace objects, 3(64KB) LOS objects, 31% free, 8MB/12MB, paused 6.776ms total 188.842ms
11-24 15:16:53.874  2245  2245 W ResourceType: No package identifier when getting name for resource number 0x00000064
11-24 15:16:53.875  2245  2245 I ViewInteraction: Performing 'scroll RecyclerView to position: 9' action on view with id: 100 (resource name not found)
11-24 15:16:54.185  2245  2245 W ResourceType: No package identifier when getting name for resource number 0x00000064
11-24 15:16:54.202  2245  2245 W ResourceType: No package identifier when getting name for resource number 0x0000006c
11-24 15:16:54.202  2245  2245 I ViewInteraction: Performing 'single click' action on view with id: 108 (resource name not found)
11-24 15:16:54.274  2245  2261 I DroidFlux:Dispatcher: [STARTED] dispatch of action [GIF_PLAY]
11-24 15:16:54.275  2245  2261 I DroidFlux:Dispatcher: [COMPLETED] dispatch of action [GIF_PLAY]
11-24 15:16:54.897  2245  2245 W ResourceType: No package identifier when getting name for resource number 0x00000070
11-24 15:16:54.897  2245  2245 I ViewInteraction: Performing 'scroll RecyclerView to position: 10' action on view with id: 112 (resource name not found)
11-24 15:16:55.205  2245  2245 W ResourceType: No package identifier when getting name for resource number 0x00000070
11-24 15:16:55.249  2245  2245 W ResourceType: No package identifier when getting name for resource number 0x00000078
11-24 15:16:55.249  2245  2245 I ViewInteraction: Performing 'single click' action on view with id: 120 (resource name not found)
11-24 15:16:55.310  2245  2261 I DroidFlux:Dispatcher: [STARTED] dispatch of action [GIF_PLAY]
11-24 15:16:55.332  2245  2261 I DroidFlux:Dispatcher: [COMPLETED] dispatch of action [GIF_PLAY]
11-24 15:16:55.849  2245  2245 W ResourceType: No package identifier when getting name for resource number 0x0000007c
11-24 15:16:55.850  2245  2245 I ViewInteraction: Performing 'scroll RecyclerView to position: 11' action on view with id: 124 (resource name not found)
11-24 15:16:56.150  2245  2245 W ResourceType: No package identifier when getting name for resource number 0x0000007c
11-24 15:16:56.166  2245  2245 W ResourceType: No package identifier when getting name for resource number 0x00000084
11-24 15:16:56.166  2245  2245 I ViewInteraction: Performing 'single click' action on view with id: 132 (resource name not found)
11-24 15:16:56.217  2245  2261 I DroidFlux:Dispatcher: [STARTED] dispatch of action [GIF_PLAY]
11-24 15:16:56.219  2245  2261 I DroidFlux:Dispatcher: [COMPLETED] dispatch of action [GIF_PLAY]
11-24 15:16:56.536  2245  2250 I art     : Do full code cache collection, code=123KB, data=122KB
11-24 15:16:56.544  2245  2250 I art     : After code cache collection, code=90KB, data=75KB
11-24 15:16:56.828  2245  2245 W ResourceType: No package identifier when getting name for resource number 0x00000088
11-24 15:16:56.828  2245  2245 I ViewInteraction: Performing 'scroll RecyclerView to position: 12' action on view with id: 136 (resource name not found)
11-24 15:16:57.136  2245  2245 W ResourceType: No package identifier when getting name for resource number 0x00000088
11-24 15:16:57.179  2245  2245 W ResourceType: No package identifier when getting name for resource number 0x00000090
11-24 15:16:57.179  2245  2245 I ViewInteraction: Performing 'single click' action on view with id: 144 (resource name not found)
11-24 15:16:57.248  2245  2261 I DroidFlux:Dispatcher: [STARTED] dispatch of action [GIF_PLAY]
11-24 15:16:57.249  2245  2261 I DroidFlux:Dispatcher: [COMPLETED] dispatch of action [GIF_PLAY]
11-24 15:16:57.844  2245  2245 W ResourceType: No package identifier when getting name for resource number 0x00000094
11-24 15:16:57.844  2245  2245 I ViewInteraction: Performing 'scroll RecyclerView to position: 13' action on view with id: 148 (resource name not found)
11-24 15:16:58.172  2245  2245 W ResourceType: No package identifier when getting name for resource number 0x00000094
11-24 15:16:58.226  2245  2245 W ResourceType: No package identifier when getting name for resource number 0x0000009c
11-24 15:16:58.226  2245  2245 I ViewInteraction: Performing 'single click' action on view with id: 156 (resource name not found)
11-24 15:16:58.345  2245  2261 I DroidFlux:Dispatcher: [STARTED] dispatch of action [GIF_PLAY]
11-24 15:16:58.359  2245  2261 I DroidFlux:Dispatcher: [COMPLETED] dispatch of action [GIF_PLAY]
11-24 15:16:58.935  2245  2245 W ResourceType: No package identifier when getting name for resource number 0x000000a0
11-24 15:16:58.935  2245  2245 I ViewInteraction: Performing 'scroll RecyclerView to position: 14' action on view with id: 160 (resource name not found)
11-24 15:16:59.066  2245  2256 I art     : Background sticky concurrent mark sweep GC freed 23957(1935KB) AllocSpace objects, 15(320KB) LOS objects, 18% free, 10MB/12MB, paused 14.001ms total 100.163ms
11-24 15:16:59.264  2245  2245 W ResourceType: No package identifier when getting name for resource number 0x000000a0
11-24 15:16:59.300  2245  2245 W ResourceType: No package identifier when getting name for resource number 0x000000a8
11-24 15:16:59.300  2245  2245 I ViewInteraction: Performing 'single click' action on view with id: 168 (resource name not found)
11-24 15:16:59.375  2245  2261 I DroidFlux:Dispatcher: [STARTED] dispatch of action [GIF_PLAY]
11-24 15:16:59.376  2245  2261 I DroidFlux:Dispatcher: [COMPLETED] dispatch of action [GIF_PLAY]
11-24 15:16:59.955  2245  2245 W ResourceType: No package identifier when getting name for resource number 0x000000ac
11-24 15:16:59.956  2245  2245 I ViewInteraction: Performing 'scroll RecyclerView to position: 15' action on view with id: 172 (resource name not found)
11-24 15:17:00.246  2245  2245 W ResourceType: No package identifier when getting name for resource number 0x000000ac
11-24 15:17:00.278  2245  2245 W ResourceType: No package identifier when getting name for resource number 0x000000b4
11-24 15:17:00.279  2245  2245 I ViewInteraction: Performing 'single click' action on view with id: 180 (resource name not found)
11-24 15:17:00.373  2245  2261 I DroidFlux:Dispatcher: [STARTED] dispatch of action [GIF_PLAY]
11-24 15:17:00.375  2245  2261 I DroidFlux:Dispatcher: [COMPLETED] dispatch of action [GIF_PLAY]
11-24 15:17:00.918  2245  2245 W ResourceType: No package identifier when getting name for resource number 0x000000b8
11-24 15:17:00.918  2245  2245 I ViewInteraction: Performing 'scroll RecyclerView to position: 16' action on view with id: 184 (resource name not found)
11-24 15:17:01.240  2245  2245 W ResourceType: No package identifier when getting name for resource number 0x000000b8
11-24 15:17:01.279  2245  2245 W ResourceType: No package identifier when getting name for resource number 0x000000c0
11-24 15:17:01.279  2245  2245 I ViewInteraction: Performing 'single click' action on view with id: 192 (resource name not found)
11-24 15:17:01.400  2245  2261 I DroidFlux:Dispatcher: [STARTED] dispatch of action [GIF_PLAY]
11-24 15:17:01.423  2245  2261 I DroidFlux:Dispatcher: [COMPLETED] dispatch of action [GIF_PLAY]
11-24 15:17:01.909  2245  2245 W ResourceType: No package identifier when getting name for resource number 0x000000c4
11-24 15:17:01.909  2245  2245 I ViewInteraction: Performing 'scroll RecyclerView to position: 17' action on view with id: 196 (resource name not found)
11-24 15:17:02.232  2245  2245 W ResourceType: No package identifier when getting name for resource number 0x000000c4
11-24 15:17:02.266  2245  2245 W ResourceType: No package identifier when getting name for resource number 0x000000cc
11-24 15:17:02.267  2245  2245 I ViewInteraction: Performing 'single click' action on view with id: 204 (resource name not found)
11-24 15:17:02.336  2245  2261 I DroidFlux:Dispatcher: [STARTED] dispatch of action [GIF_PLAY]
11-24 15:17:02.338  2245  2261 I DroidFlux:Dispatcher: [COMPLETED] dispatch of action [GIF_PLAY]
11-24 15:17:02.376  2245  2256 I art     : Background sticky concurrent mark sweep GC freed 16592(1436KB) AllocSpace objects, 10(208KB) LOS objects, 10% free, 11MB/12MB, paused 14.879ms total 149.702ms
11-24 15:17:02.998  2245  2245 W ResourceType: No package identifier when getting name for resource number 0x000000d0
11-24 15:17:02.998  2245  2245 I ViewInteraction: Performing 'scroll RecyclerView to position: 18' action on view with id: 208 (resource name not found)
11-24 15:17:03.296  2245  2245 W ResourceType: No package identifier when getting name for resource number 0x000000d0
11-24 15:17:03.339  2245  2245 W ResourceType: No package identifier when getting name for resource number 0x000000d8
11-24 15:17:03.339  2245  2245 I ViewInteraction: Performing 'single click' action on view with id: 216 (resource name not found)
11-24 15:17:03.407  2245  2261 I DroidFlux:Dispatcher: [STARTED] dispatch of action [GIF_PLAY]
11-24 15:17:03.409  2245  2261 I DroidFlux:Dispatcher: [COMPLETED] dispatch of action [GIF_PLAY]
11-24 15:17:04.007  2245  2245 W ResourceType: No package identifier when getting name for resource number 0x000000e3
11-24 15:17:04.007  2245  2245 I ViewInteraction: Performing 'single click' action on view with id: 227 (resource name not found)
11-24 15:17:04.090  2245  2261 I DroidFlux:Dispatcher: [STARTED] dispatch of action [GIF_PAUSE]
11-24 15:17:04.114  2245  2261 I DroidFlux:Dispatcher: [COMPLETED] dispatch of action [GIF_PAUSE]
11-24 15:17:04.728  2245  2260 I TestRunner: finished: whenListKeepOrderedAfterPlayTest(br.com.catbag.gifreduxsample.ui.giflist.GifListActivityTest)
11-24 15:17:04.784  2245  2245 I MonitoringInstrumentation: Activities that are still in CREATED to STOPPED: 1
11-24 15:17:04.785  2245  2260 I TestRunner: started: whenGifIsWatchedTest(br.com.catbag.gifreduxsample.ui.giflist.GifListActivityTest)
11-24 15:17:04.788  2245  2245 D LifecycleMonitor: Lifecycle status change: br.com.catbag.gifreduxsample.ui.GifListActivity@9e9699a in: PAUSED
11-24 15:17:04.945   978   978 D gralloc : Registering a buffer in the process that created it. This may cause memory ordering problems.
11-24 15:17:04.945   978   978 E libEGL  : called unimplemented OpenGL ES API
11-24 15:17:04.946   978   978 E SurfaceFlinger: glCheckFramebufferStatusOES error 1513264017
11-24 15:17:04.946   978   978 E SurfaceFlinger: got GL_FRAMEBUFFER_COMPLETE_OES error while taking screenshot
11-24 15:17:04.956  1238  1249 W WindowManager: Screenshot failure taking screenshot for (480x800) to layer 21005
11-24 15:17:05.018  2245  2245 I Choreographer: Skipped 56 frames!  The application may be doing too much work on its main thread.
11-24 15:17:05.039  2245  2245 I MonitoringInstrumentation: Activities that are still in CREATED to STOPPED: 1
11-24 15:17:05.069  2245  2261 I DroidFlux:Dispatcher: [STARTED] dispatch of action [FAKE_REDUCE_ACTION]
11-24 15:17:05.070  2245  2261 I DroidFlux:Dispatcher: [COMPLETED] dispatch of action [FAKE_REDUCE_ACTION]
11-24 15:17:05.072  2245  2286 D ActivityTestRule: Launching activity br.com.catbag.gifreduxsample.ui.GifListActivity
11-24 15:17:05.074  2245  2287 D MonitoringInstrumentation: execStartActivity(context, ibinder, ibinder, activity, intent, int, bundle
11-24 15:17:05.075  1238  1250 I ActivityManager: START u0 {flg=0x10000000 cmp=br.com.catbag.gifreduxsample/.ui.GifListActivity} from uid 10060 on display 0
11-24 15:17:05.176  2245  2245 D LifecycleMonitor: Lifecycle status change: br.com.catbag.gifreduxsample.ui.GifListActivity@38d3a9d in: PRE_ON_CREATE
11-24 15:17:05.195  2245  2245 D LifecycleMonitor: Lifecycle status change: br.com.catbag.gifreduxsample.ui.GifListActivity@38d3a9d in: CREATED
11-24 15:17:05.196  2245  2245 D LifecycleMonitor: Lifecycle status change: br.com.catbag.gifreduxsample.ui.GifListActivity@38d3a9d in: STARTED
11-24 15:17:05.197  2245  2261 I DroidFlux:Dispatcher: [STARTED] dispatch of action [APP_STATE_LOAD]
11-24 15:17:05.198  2245  2261 D DroidFlux:Dispatcher: An action of type [APP_STATE_LOAD] was dispatched, but no reducer handled it
11-24 15:17:05.198  2245  2261 I DroidFlux:Dispatcher: [COMPLETED] dispatch of action [APP_STATE_LOAD]
11-24 15:17:05.199  2245  2245 D LifecycleMonitor: Lifecycle status change: br.com.catbag.gifreduxsample.ui.GifListActivity@38d3a9d in: RESUMED
11-24 15:17:05.219  1238  1259 I Choreographer: Skipped 45 frames!  The application may be doing too much work on its main thread.
11-24 15:17:05.376  2245  2245 E Feed    : Gif{uuid=dfd53db0-df93-4099-ad34-f04ffacfdf0d, path=, url=, title=, watched=true, status=DOWNLOADED}
11-24 15:17:05.376  2245  2245 E Feed    : pl.droidsonroids.gif.GifIOException: GifError 101: Failed to open given input
11-24 15:17:05.376  2245  2245 E Feed    : 	at pl.droidsonroids.gif.GifInfoHandle.openFile(Native Method)
11-24 15:17:05.376  2245  2245 E Feed    : 	at pl.droidsonroids.gif.GifInfoHandle.<init>(GifInfoHandle.java:46)
11-24 15:17:05.376  2245  2245 E Feed    : 	at pl.droidsonroids.gif.GifDrawable.<init>(GifDrawable.java:124)
11-24 15:17:05.376  2245  2245 E Feed    : 	at br.com.catbag.gifreduxsample.ui.components.FeedView.createDrawable(FeedView.java:102)
11-24 15:17:05.376  2245  2245 E Feed    : 	at br.com.catbag.gifreduxsample.ui.components.FeedView.lambda$renderGifView$1(FeedView.java:89)
11-24 15:17:05.376  2245  2245 E Feed    : 	at br.com.catbag.gifreduxsample.ui.components.FeedView$$Lambda$2.view(Unknown Source)
11-24 15:17:05.376  2245  2245 E Feed    : 	at trikita.anvil.BaseDSL.v(BaseDSL.java:670)
11-24 15:17:05.376  2245  2245 E Feed    : 	at br.com.catbag.gifreduxsample.ui.components.FeedView.renderGifView(FeedView.java:88)
11-24 15:17:05.376  2245  2245 E Feed    : 	at br.com.catbag.gifreduxsample.ui.components.FeedView.access$lambda$0(FeedView.java)
11-24 15:17:05.376  2245  2245 E Feed    : 	at br.com.catbag.gifreduxsample.ui.components.FeedView$$Lambda$3.view(Unknown Source)
11-24 15:17:05.376  2245  2245 E Feed    : 	at br.com.catbag.gifreduxsample.ui.components.GifsAdapter.view(GifsAdapter.java:55)
11-24 15:17:05.376  2245  2245 E Feed    : 	at trikita.anvil.RenderableRecyclerViewAdapter$1.view(RenderableRecyclerViewAdapter.java:24)
11-24 15:17:05.376  2245  2245 E Feed    : 	at trikita.anvil.Anvil$Mount.render(Anvil.java:204)
11-24 15:17:05.376  2245  2245 E Feed    : 	at trikita.anvil.Anvil.render(Anvil.java:173)
11-24 15:17:05.376  2245  2245 E Feed    : 	at trikita.anvil.RenderableRecyclerViewAdapter.onBindViewHolder(RenderableRecyclerViewAdapter.java:27)
11-24 15:17:05.376  2245  2245 E Feed    : 	at trikita.anvil.RenderableRecyclerViewAdapter.onBindViewHolder(RenderableRecyclerViewAdapter.java:7)
11-24 15:17:05.376  2245  2245 E Feed    : 	at android.support.v7.widget.RecyclerView$Adapter.onBindViewHolder(RecyclerView.java:5768)
11-24 15:17:05.376  2245  2245 E Feed    : 	at android.support.v7.widget.RecyclerView$Adapter.bindViewHolder(RecyclerView.java:5801)
11-24 15:17:05.376  2245  2245 E Feed    : 	at android.support.v7.widget.RecyclerView$Recycler.getViewForPosition(RecyclerView.java:5037)
11-24 15:17:05.376  2245  2245 E Feed    : 	at android.support.v7.widget.RecyclerView$Recycler.getViewForPosition(RecyclerView.java:4913)
11-24 15:17:05.376  2245  2245 E Feed    : 	at android.support.v7.widget.LinearLayoutManager$LayoutState.next(LinearLayoutManager.java:2029)
11-24 15:17:05.376  2245  2245 E Feed    : 	at android.support.v7.widget.LinearLayoutManager.layoutChunk(LinearLayoutManager.java:1414)
11-24 15:17:05.376  2245  2245 E Feed    : 	at android.support.v7.widget.LinearLayoutManager.fill(LinearLayoutManager.java:1377)
11-24 15:17:05.376  2245  2245 E Feed    : 	at android.support.v7.widget.LinearLayoutManager.onLayoutChildren(LinearLayoutManager.java:578)
11-24 15:17:05.376  2245  2245 E Feed    : 	at android.support.v7.widget.RecyclerView.dispatchLayoutStep2(RecyclerView.java:3260)
11-24 15:17:05.376  2245  2245 E Feed    : 	at android.support.v7.widget.RecyclerView.dispatchLayout(RecyclerView.java:3069)
11-24 15:17:05.376  2245  2245 E Feed    : 	at android.support.v7.widget.RecyclerView.onLayout(RecyclerView.java:3518)
11-24 15:17:05.376  2245  2245 E Feed    : 	at android.view.View.layout(View.java:17520)
11-24 15:17:05.376  2245  2245 E Feed    : 	at android.view.ViewGroup.layout(ViewGroup.java:5612)
11-24 15:17:05.376  2245  2245 E Feed    : 	at android.widget.FrameLayout.layoutChildren(FrameLayout.java:323)
11-24 15:17:05.376  2245  2245 E Feed    : 	at android.widget.FrameLayout.onLayout(FrameLayout.java:261)
11-24 15:17:05.376  2245  2245 E Feed    : 	at android.view.View.layout(View.java:17520)
11-24 15:17:05.376  2245  2245 E Feed    : 	at android.view.ViewGroup.layout(ViewGroup.java:5612)
11-24 15:17:05.376  2245  2245 E Feed    : 	at android.widget.RelativeLayout.onLayout(RelativeLayout.java:1079)
11-24 15:17:05.376  2245  2245 E Feed    : 	at android.view.View.layout(View.java:17520)
11-24 15:17:05.376  2245  2245 E Feed    : 	at android.view.ViewGroup.layout(ViewGroup.java:5612)
11-24 15:17:05.376  2245  2245 E Feed    : 	at android.widget.FrameLayout.layoutChildren(FrameLayout.java:323)
11-24 15:17:05.376  2245  2245 E Feed    : 	at android.widget.FrameLayout.onLayout(FrameLayout.java:261)
11-24 15:17:05.376  2245  2245 E Feed    : 	at android.view.View.layout(View.java:17520)
11-24 15:17:05.376  2245  2245 E Feed    : 	at android.view.ViewGroup.layout(ViewGroup.java:5612)
11-24 15:17:05.376  2245  2245 E Feed    : 	at android.support.v7.widget.ActionBarOverlayLayout.onLayout(ActionBarOverlayLayout.java:435)
11-24 15:17:05.376  2245  2245 E Feed    : 	at android.view.View.layout(View.java:17520)
11-24 15:17:05.376  2245  2245 E Feed    : 	at android.view.ViewGroup.layout(ViewGroup.java:5612)
11-24 15:17:05.376  2245  2245 E Feed    : 	at android.widget.FrameLayout.layoutChildren(FrameLayout.java:323)
11-24 15:17:05.376  2245  2245 E Feed    : 	at android.widget.FrameLayout.onLayout(FrameLayout.java:261)
11-24 15:17:05.376  2245  2245 E Feed    : 	at android.view.View.layout(View.java:17520)
11-24 15:17:05.376  2245  2245 E Feed    : 	at android.view.ViewGroup.layout(ViewGroup.java:5612)
11-24 15:17:05.376  2245  2245 E Feed    : 	at android.widget.LinearLayout.setChildFrame(LinearLayout.java:1741)
11-24 15:17:05.376  2245  2245 E Feed    : 	at android.widget.LinearLayout.layoutVertical(LinearLayout.java:1585)
11-24 15:17:05.376  2245  2245 E Feed    : 	at android.widget.LinearLayout.onLayout(LinearLayout.java:1494)
11-24 15:17:05.376  2245  2245 E Feed    : 	at android.view.View.layout(View.java:17520)
11-24 15:17:05.376  2245  2245 E Feed    : 	at android.view.ViewGroup.layout(ViewGroup.java:5612)
11-24 15:17:05.376  2245  2245 E Feed    : 	at android.widget.FrameLayout.layoutChildren(FrameLayout.java:323)
11-24 15:17:05.377  2245  2245 E Feed    : 	at android.widget.FrameLayout.onLayout(FrameLayout.java:261)
11-24 15:17:05.377  2245  2245 E Feed    : 	at com.android.internal.policy.DecorView.onLayout(DecorView.java:724)
11-24 15:17:05.377  2245  2245 E Feed    : 	at android.view.View.layout(View.java:17520)
11-24 15:17:05.377  2245  2245 E Feed    : 	at android.view.ViewGroup.layout(ViewGroup.java:5612)
11-24 15:17:05.377  2245  2245 E Feed    : 	at android.view.ViewRootImpl.performLayout(ViewRootImpl.java:2342)
11-24 15:17:05.377  2245  2245 E Feed    : 	at android.view.ViewRootImpl.performTraversals(ViewRootImpl.java:2069)
11-24 15:17:05.377  2245  2245 E Feed    : 	at android.view.ViewRootImpl.doTraversal(ViewRootImpl.java:1246)
11-24 15:17:05.377  2245  2245 E Feed    : 	at android.view.ViewRootImpl$TraversalRunnable.run(ViewRootImpl.java:6301)
11-24 15:17:05.377  2245  2245 E Feed    : 	at android.view.Choreographer$CallbackRecord.run(Choreographer.java:871)
11-24 15:17:05.377  2245  2245 E Feed    : 	at android.view.Choreographer.doCallbacks(Choreographer.java:683)
11-24 15:17:05.377  2245  2245 E Feed    : 	at android.view.Choreographer.doFrame(Choreographer.java:619)
11-24 15:17:05.377  2245  2245 E Feed    : 	at android.view.Choreographer$FrameDisplayEventReceiver.run(Choreographer.java:857)
11-24 15:17:05.377  2245  2245 E Feed    : 	at android.os.Handler.handleCallback(Handler.java:751)
11-24 15:17:05.377  2245  2245 E Feed    : 	at android.os.Handler.dispatchMessage(Handler.java:95)
11-24 15:17:05.377  2245  2245 E Feed    : 	at android.os.Looper.loop(Looper.java:154)
11-24 15:17:05.377  2245  2245 E Feed    : 	at android.app.ActivityThread.main(ActivityThread.java:6077)
11-24 15:17:05.377  2245  2245 E Feed    : 	at java.lang.reflect.Method.invoke(Native Method)
11-24 15:17:05.377  2245  2245 E Feed    : 	at com.android.internal.os.ZygoteInit$MethodAndArgsCaller.run(ZygoteInit.java:865)
11-24 15:17:05.377  2245  2245 E Feed    : 	at com.android.internal.os.ZygoteInit.main(ZygoteInit.java:755)
11-24 15:17:05.486  1238  1259 I Choreographer: Skipped 61 frames!  The application may be doing too much work on its main thread.
11-24 15:17:05.649  1238  1259 I WindowManager: Destroying surface Surface(name=com.android.launcher3/com.android.launcher3.Launcher) called by com.android.server.wm.WindowStateAnimator.destroySurface:2014 com.android.server.wm.WindowStateAnimator.destroySurfaceLocked:881 com.android.server.wm.WindowState.destroyOrSaveSurface:2073 com.android.server.wm.AppWindowToken.destroySurfaces:363 com.android.server.wm.WindowStateAnimator.finishExit:565 com.android.server.wm.WindowStateAnimator.stepAnimationLocked:491 com.android.server.wm.WindowAnimator.updateWindowsLocked:303 com.android.server.wm.WindowAnimator.animateLocked:704 
11-24 15:17:05.789  2245  2245 D LifecycleMonitor: Lifecycle status change: br.com.catbag.gifreduxsample.ui.GifListActivity@9e9699a in: STOPPED
11-24 15:17:05.805  2245  2245 D LifecycleMonitor: Lifecycle status change: br.com.catbag.gifreduxsample.ui.GifListActivity@9e9699a in: DESTROYED
11-24 15:17:05.849  2245  2256 I art     : Background sticky concurrent mark sweep GC freed 10253(714KB) AllocSpace objects, 4(80KB) LOS objects, 8% free, 11MB/12MB, paused 83.799ms total 455.469ms
11-24 15:17:05.865  1238  1756 I WindowManager: Destroying surface Surface(name=br.com.catbag.gifreduxsample/br.com.catbag.gifreduxsample.ui.GifListActivity) called by com.android.server.wm.WindowStateAnimator.destroySurface:2014 com.android.server.wm.WindowStateAnimator.destroySurfaceLocked:881 com.android.server.wm.WindowState.removeLocked:1449 com.android.server.wm.WindowManagerService.removeWindowInnerLocked:2478 com.android.server.wm.WindowManagerService.removeWindowLocked:2436 com.android.server.wm.WindowManagerService.removeWindowLocked:2305 com.android.server.wm.WindowManagerService.removeWindow:2300 com.android.server.wm.Session.remove:193 
11-24 15:17:05.919  1238  1259 I ActivityManager: Displayed br.com.catbag.gifreduxsample/.ui.GifListActivity: +789ms
11-24 15:17:06.055  2245  2260 I TestRunner: finished: whenGifIsWatchedTest(br.com.catbag.gifreduxsample.ui.giflist.GifListActivityTest)
11-24 15:17:06.077  2245  2245 D LifecycleMonitor: Lifecycle status change: br.com.catbag.gifreduxsample.ui.GifListActivity@38d3a9d in: PAUSED
11-24 15:17:06.116   978   978 D gralloc : Registering a buffer in the process that created it. This may cause memory ordering problems.
11-24 15:17:06.116   978   978 E libEGL  : called unimplemented OpenGL ES API
11-24 15:17:06.117   978   978 E SurfaceFlinger: glCheckFramebufferStatusOES error 1513264017
11-24 15:17:06.117   978   978 E SurfaceFlinger: got GL_FRAMEBUFFER_COMPLETE_OES error while taking screenshot
11-24 15:17:06.119  1238  1397 W WindowManager: Screenshot failure taking screenshot for (480x800) to layer 22010
11-24 15:17:06.133  2245  2245 I MonitoringInstrumentation: Activities that are still in CREATED to STOPPED: 1
11-24 15:17:06.135  2245  2260 I TestRunner: started: whenScrollUpAndPlayFirstItemTest(br.com.catbag.gifreduxsample.ui.giflist.GifListActivityTest)
11-24 15:17:06.138  2245  2245 I MonitoringInstrumentation: Activities that are still in CREATED to STOPPED: 1
11-24 15:17:06.242  2245  2261 I DroidFlux:Dispatcher: [STARTED] dispatch of action [FAKE_REDUCE_ACTION]
11-24 15:17:06.243  2245  2261 I DroidFlux:Dispatcher: [COMPLETED] dispatch of action [FAKE_REDUCE_ACTION]
11-24 15:17:06.246  2245  2288 D ActivityTestRule: Launching activity br.com.catbag.gifreduxsample.ui.GifListActivity
11-24 15:17:06.248  2245  2289 D MonitoringInstrumentation: execStartActivity(context, ibinder, ibinder, activity, intent, int, bundle
11-24 15:17:06.248  1238  1753 I ActivityManager: START u0 {flg=0x10000000 cmp=br.com.catbag.gifreduxsample/.ui.GifListActivity} from uid 10060 on display 0
11-24 15:17:06.343  1700  1700 I Choreographer: Skipped 34 frames!  The application may be doing too much work on its main thread.
11-24 15:17:06.370  2245  2245 D LifecycleMonitor: Lifecycle status change: br.com.catbag.gifreduxsample.ui.GifListActivity@6eb2279 in: PRE_ON_CREATE
11-24 15:17:06.377  1238  1259 I Choreographer: Skipped 55 frames!  The application may be doing too much work on its main thread.
11-24 15:17:06.408  2245  2245 D LifecycleMonitor: Lifecycle status change: br.com.catbag.gifreduxsample.ui.GifListActivity@6eb2279 in: CREATED
11-24 15:17:06.416  2245  2261 I DroidFlux:Dispatcher: [STARTED] dispatch of action [APP_STATE_LOAD]
