11-23 19:03:08.165  2308  2324 I TestRunner: finished: whenScrollDownAndPlayLastItemTest(br.com.catbag.gifreduxsample.ui.giflist.GifListActivityTest)
11-23 19:03:08.211  2308  2308 I MonitoringInstrumentation: Activities that are still in CREATED to STOPPED: 1
11-23 19:03:08.213  2308  2324 I TestRunner: started: whenGifIsNotWatchedTest(br.com.catbag.gifreduxsample.ui.giflist.GifListActivityTest)
11-23 19:03:08.220  2308  2308 I MonitoringInstrumentation: Activities that are still in CREATED to STOPPED: 1
11-23 19:03:08.230  2308  2325 I DroidFlux:Dispatcher: [STARTED] dispatch of action [FAKE_REDUCE_ACTION]
11-23 19:03:08.231  2308  2325 I DroidFlux:Dispatcher: [COMPLETED] dispatch of action [FAKE_REDUCE_ACTION]
11-23 19:03:08.233  2308  2341 D ActivityTestRule: Launching activity br.com.catbag.gifreduxsample.ui.GifListActivity
11-23 19:03:08.235  2308  2342 D MonitoringInstrumentation: execStartActivity(context, ibinder, ibinder, activity, intent, int, bundle
11-23 19:03:08.238  1239  2130 I ActivityManager: START u0 {flg=0x10000000 cmp=br.com.catbag.gifreduxsample/.ui.GifListActivity} from uid 10060 on display 0
11-23 19:03:08.270  2308  2308 D LifecycleMonitor: Lifecycle status change: br.com.catbag.gifreduxsample.ui.GifListActivity@ba32c22 in: PAUSED
11-23 19:03:08.330   978   978 D gralloc : Registering a buffer in the process that created it. This may cause memory ordering problems.
11-23 19:03:08.330   978   978 E libEGL  : called unimplemented OpenGL ES API
11-23 19:03:08.334   978   978 E SurfaceFlinger: glCheckFramebufferStatusOES error -221756020
11-23 19:03:08.334   978   978 E SurfaceFlinger: got GL_FRAMEBUFFER_COMPLETE_OES error while taking screenshot
11-23 19:03:08.340  1239  1711 W WindowManager: Screenshot failure taking screenshot for (480x800) to layer 21005
11-23 19:03:08.709  1239  1260 I Choreographer: Skipped 68 frames!  The application may be doing too much work on its main thread.
11-23 19:03:09.098  2308  2308 E Feed    : Gif{uuid=733b5141-8dcf-4903-a2dd-a77f2504e010, path=, url=, title=, watched=false, status=DOWNLOADED}
11-23 19:03:09.098  2308  2308 E Feed    : pl.droidsonroids.gif.GifIOException: GifError 101: Failed to open given input
11-23 19:03:09.098  2308  2308 E Feed    : 	at pl.droidsonroids.gif.GifInfoHandle.openFile(Native Method)
11-23 19:03:09.098  2308  2308 E Feed    : 	at pl.droidsonroids.gif.GifInfoHandle.<init>(GifInfoHandle.java:46)
11-23 19:03:09.098  2308  2308 E Feed    : 	at pl.droidsonroids.gif.GifDrawable.<init>(GifDrawable.java:124)
11-23 19:03:09.098  2308  2308 E Feed    : 	at br.com.catbag.gifreduxsample.ui.components.FeedComponent.createDrawable(FeedComponent.java:104)
11-23 19:03:09.098  2308  2308 E Feed    : 	at br.com.catbag.gifreduxsample.ui.components.FeedComponent.lambda$renderGifView$2(FeedComponent.java:90)
11-23 19:03:09.098  2308  2308 E Feed    : 	at br.com.catbag.gifreduxsample.ui.components.FeedComponent$$Lambda$2.view(Unknown Source)
11-23 19:03:09.098  2308  2308 E Feed    : 	at trikita.anvil.BaseDSL.v(BaseDSL.java:670)
11-23 19:03:09.098  2308  2308 E Feed    : 	at br.com.catbag.gifreduxsample.ui.components.FeedComponent.renderGifView(FeedComponent.java:88)
11-23 19:03:09.098  2308  2308 E Feed    : 	at br.com.catbag.gifreduxsample.ui.components.FeedComponent.lambda$null$0(FeedComponent.java:55)
11-23 19:03:09.098  2308  2308 E Feed    : 	at br.com.catbag.gifreduxsample.ui.components.FeedComponent$$Lambda$3.view(Unknown Source)
11-23 19:03:09.098  2308  2308 E Feed    : 	at br.com.catbag.gifreduxsample.ui.components.GifsAdapter.view(GifsAdapter.java:55)
11-23 19:03:09.098  2308  2308 E Feed    : 	at trikita.anvil.RenderableRecyclerViewAdapter$1.view(RenderableRecyclerViewAdapter.java:24)
11-23 19:03:09.098  2308  2308 E Feed    : 	at trikita.anvil.Anvil$Mount.render(Anvil.java:204)
11-23 19:03:09.098  2308  2308 E Feed    : 	at trikita.anvil.Anvil.render(Anvil.java:173)
11-23 19:03:09.098  2308  2308 E Feed    : 	at trikita.anvil.RenderableRecyclerViewAdapter.onBindViewHolder(RenderableRecyclerViewAdapter.java:29)
11-23 19:03:09.098  2308  2308 E Feed    : 	at trikita.anvil.RenderableRecyclerViewAdapter.onBindViewHolder(RenderableRecyclerViewAdapter.java:7)
11-23 19:03:09.098  2308  2308 E Feed    : 	at android.support.v7.widget.RecyclerView$Adapter.onBindViewHolder(RecyclerView.java:5768)
11-23 19:03:09.098  2308  2308 E Feed    : 	at android.support.v7.widget.RecyclerView$Adapter.bindViewHolder(RecyclerView.java:5801)
11-23 19:03:09.098  2308  2308 E Feed    : 	at android.support.v7.widget.RecyclerView$Recycler.getViewForPosition(RecyclerView.java:5037)
11-23 19:03:09.098  2308  2308 E Feed    : 	at android.support.v7.widget.RecyclerView$Recycler.getViewForPosition(RecyclerView.java:4913)
11-23 19:03:09.098  2308  2308 E Feed    : 	at android.support.v7.widget.LinearLayoutManager$LayoutState.next(LinearLayoutManager.java:2029)
11-23 19:03:09.098  2308  2308 E Feed    : 	at android.support.v7.widget.LinearLayoutManager.layoutChunk(LinearLayoutManager.java:1414)
11-23 19:03:09.098  2308  2308 E Feed    : 	at android.support.v7.widget.LinearLayoutManager.fill(LinearLayoutManager.java:1377)
11-23 19:03:09.098  2308  2308 E Feed    : 	at android.support.v7.widget.LinearLayoutManager.onLayoutChildren(LinearLayoutManager.java:578)
11-23 19:03:09.098  2308  2308 E Feed    : 	at android.support.v7.widget.RecyclerView.dispatchLayoutStep2(RecyclerView.java:3260)
11-23 19:03:09.098  2308  2308 E Feed    : 	at android.support.v7.widget.RecyclerView.dispatchLayout(RecyclerView.java:3069)
11-23 19:03:09.098  2308  2308 E Feed    : 	at android.support.v7.widget.RecyclerView.onLayout(RecyclerView.java:3518)
11-23 19:03:09.098  2308  2308 E Feed    : 	at android.view.View.layout(View.java:17520)
11-23 19:03:09.098  2308  2308 E Feed    : 	at android.view.ViewGroup.layout(ViewGroup.java:5612)
11-23 19:03:09.098  2308  2308 E Feed    : 	at android.widget.FrameLayout.layoutChildren(FrameLayout.java:323)
11-23 19:03:09.098  2308  2308 E Feed    : 	at android.widget.FrameLayout.onLayout(FrameLayout.java:261)
11-23 19:03:09.098  2308  2308 E Feed    : 	at android.view.View.layout(View.java:17520)
11-23 19:03:09.098  2308  2308 E Feed    : 	at android.view.ViewGroup.layout(ViewGroup.java:5612)
11-23 19:03:09.098  2308  2308 E Feed    : 	at android.widget.RelativeLayout.onLayout(RelativeLayout.java:1079)
11-23 19:03:09.098  2308  2308 E Feed    : 	at android.view.View.layout(View.java:17520)
11-23 19:03:09.098  2308  2308 E Feed    : 	at android.view.ViewGroup.layout(ViewGroup.java:5612)
11-23 19:03:09.098  2308  2308 E Feed    : 	at android.widget.FrameLayout.layoutChildren(FrameLayout.java:323)
11-23 19:03:09.098  2308  2308 E Feed    : 	at android.widget.FrameLayout.onLayout(FrameLayout.java:261)
11-23 19:03:09.098  2308  2308 E Feed    : 	at android.view.View.layout(View.java:17520)
11-23 19:03:09.098  2308  2308 E Feed    : 	at android.view.ViewGroup.layout(ViewGroup.java:5612)
11-23 19:03:09.098  2308  2308 E Feed    : 	at android.support.v7.widget.ActionBarOverlayLayout.onLayout(ActionBarOverlayLayout.java:435)
11-23 19:03:09.098  2308  2308 E Feed    : 	at android.view.View.layout(View.java:17520)
11-23 19:03:09.098  2308  2308 E Feed    : 	at android.view.ViewGroup.layout(ViewGroup.java:5612)
11-23 19:03:09.098  2308  2308 E Feed    : 	at android.widget.FrameLayout.layoutChildren(FrameLayout.java:323)
11-23 19:03:09.098  2308  2308 E Feed    : 	at android.widget.FrameLayout.onLayout(FrameLayout.java:261)
11-23 19:03:09.098  2308  2308 E Feed    : 	at android.view.View.layout(View.java:17520)
11-23 19:03:09.098  2308  2308 E Feed    : 	at android.view.ViewGroup.layout(ViewGroup.java:5612)
11-23 19:03:09.098  2308  2308 E Feed    : 	at android.widget.LinearLayout.setChildFrame(LinearLayout.java:1741)
11-23 19:03:09.098  2308  2308 E Feed    : 	at android.widget.LinearLayout.layoutVertical(LinearLayout.java:1585)
11-23 19:03:09.098  2308  2308 E Feed    : 	at android.widget.LinearLayout.onLayout(LinearLayout.java:1494)
11-23 19:03:09.098  2308  2308 E Feed    : 	at android.view.View.layout(View.java:17520)
11-23 19:03:09.098  2308  2308 E Feed    : 	at android.view.ViewGroup.layout(ViewGroup.java:5612)
11-23 19:03:09.098  2308  2308 E Feed    : 	at android.widget.FrameLayout.layoutChildren(FrameLayout.java:323)
11-23 19:03:09.098  2308  2308 E Feed    : 	at android.widget.FrameLayout.onLayout(FrameLayout.java:261)
11-23 19:03:09.098  2308  2308 E Feed    : 	at com.android.internal.policy.DecorView.onLayout(DecorView.java:724)
11-23 19:03:09.098  2308  2308 E Feed    : 	at android.view.View.layout(View.java:17520)
11-23 19:03:09.098  2308  2308 E Feed    : 	at android.view.ViewGroup.layout(ViewGroup.java:5612)
11-23 19:03:09.098  2308  2308 E Feed    : 	at android.view.ViewRootImpl.performLayout(ViewRootImpl.java:2342)
11-23 19:03:09.098  2308  2308 E Feed    : 	at android.view.ViewRootImpl.performTraversals(ViewRootImpl.java:2069)
11-23 19:03:09.098  2308  2308 E Feed    : 	at android.view.ViewRootImpl.doTraversal(ViewRootImpl.java:1246)
11-23 19:03:09.098  2308  2308 E Feed    : 	at android.view.ViewRootImpl$TraversalRunnable.run(ViewRootImpl.java:6301)
11-23 19:03:09.098  2308  2308 E Feed    : 	at android.view.Choreographer$CallbackRecord.run(Choreographer.java:871)
11-23 19:03:09.098  2308  2308 E Feed    : 	at android.view.Choreographer.doCallbacks(Choreographer.java:683)
11-23 19:03:09.098  2308  2308 E Feed    : 	at android.view.Choreographer.doFrame(Choreographer.java:619)
11-23 19:03:09.098  2308  2308 E Feed    : 	at android.view.Choreographer$FrameDisplayEventReceiver.run(Choreographer.java:857)
11-23 19:03:09.098  2308  2308 E Feed    : 	at android.os.Handler.handleCallback(Handler.java:751)
11-23 19:03:09.098  2308  2308 E Feed    : 	at android.os.Handler.dispatchMessage(Handler.java:95)
11-23 19:03:09.098  2308  2308 E Feed    : 	at android.os.Looper.loop(Looper.java:154)
11-23 19:03:09.098  2308  2308 E Feed    : 	at android.app.ActivityThread.main(ActivityThread.java:6077)
11-23 19:03:09.098  2308  2308 E Feed    : 	at java.lang.reflect.Method.invoke(Native Method)
11-23 19:03:09.098  2308  2308 E Feed    : 	at com.android.internal.os.ZygoteInit$MethodAndArgsCaller.run(ZygoteInit.java:865)
11-23 19:03:09.098  2308  2308 E Feed    : 	at com.android.internal.os.ZygoteInit.main(ZygoteInit.java:755)
11-23 19:03:09.165  1239  1260 I Choreographer: Skipped 57 frames!  The application may be doing too much work on its main thread.
11-23 19:03:09.210  2308  2308 D LifecycleMonitor: Lifecycle status change: br.com.catbag.gifreduxsample.ui.GifListActivity@ef8e694 in: PRE_ON_CREATE
11-23 19:03:09.346  2308  2308 D LifecycleMonitor: Lifecycle status change: br.com.catbag.gifreduxsample.ui.GifListActivity@ef8e694 in: CREATED
11-23 19:03:09.347  2308  2325 I DroidFlux:Dispatcher: [STARTED] dispatch of action [APP_STATE_LOAD]
11-23 19:03:09.347  2308  2325 D DroidFlux:Dispatcher: An action of type [APP_STATE_LOAD] was dispatched, but no reducer handled it
11-23 19:03:09.348  2308  2325 I DroidFlux:Dispatcher: [COMPLETED] dispatch of action [APP_STATE_LOAD]
11-23 19:03:09.349  2308  2308 D LifecycleMonitor: Lifecycle status change: br.com.catbag.gifreduxsample.ui.GifListActivity@ef8e694 in: STARTED
11-23 19:03:09.352  2308  2308 D LifecycleMonitor: Lifecycle status change: br.com.catbag.gifreduxsample.ui.GifListActivity@ef8e694 in: RESUMED
11-23 19:03:09.395  1239  1260 I Choreographer: Skipped 55 frames!  The application may be doing too much work on its main thread.
11-23 19:03:09.545  1239  1260 I Choreographer: Skipped 38 frames!  The application may be doing too much work on its main thread.
11-23 19:03:09.701  1239  1260 I Choreographer: Skipped 36 frames!  The application may be doing too much work on its main thread.
11-23 19:03:09.706  1239  2131 W art     : Long monitor contention with owner android.display (1260) at void com.android.server.wm.WindowAnimator$1.doFrame(long)(WindowAnimator.java:138) waiters=0 in int com.android.server.wm.WindowManagerService.addWindow(com.android.server.wm.Session, android.view.IWindow, int, android.view.WindowManager$LayoutParams, int, int, android.graphics.Rect, android.graphics.Rect, android.graphics.Rect, android.view.InputChannel) for 158ms
11-23 19:03:09.754  2308  2308 I Choreographer: Skipped 90 frames!  The application may be doing too much work on its main thread.
11-23 19:03:09.818  2308  2308 E Feed    : Gif{uuid=733b5141-8dcf-4903-a2dd-a77f2504e010, path=, url=, title=, watched=false, status=DOWNLOADED}
11-23 19:03:09.818  2308  2308 E Feed    : pl.droidsonroids.gif.GifIOException: GifError 101: Failed to open given input
11-23 19:03:09.818  2308  2308 E Feed    : 	at pl.droidsonroids.gif.GifInfoHandle.openFile(Native Method)
11-23 19:03:09.818  2308  2308 E Feed    : 	at pl.droidsonroids.gif.GifInfoHandle.<init>(GifInfoHandle.java:46)
11-23 19:03:09.818  2308  2308 E Feed    : 	at pl.droidsonroids.gif.GifDrawable.<init>(GifDrawable.java:124)
11-23 19:03:09.818  2308  2308 E Feed    : 	at br.com.catbag.gifreduxsample.ui.components.FeedComponent.createDrawable(FeedComponent.java:104)
11-23 19:03:09.818  2308  2308 E Feed    : 	at br.com.catbag.gifreduxsample.ui.components.FeedComponent.lambda$renderGifView$2(FeedComponent.java:90)
11-23 19:03:09.818  2308  2308 E Feed    : 	at br.com.catbag.gifreduxsample.ui.components.FeedComponent$$Lambda$2.view(Unknown Source)
11-23 19:03:09.818  2308  2308 E Feed    : 	at trikita.anvil.BaseDSL.v(BaseDSL.java:670)
11-23 19:03:09.818  2308  2308 E Feed    : 	at br.com.catbag.gifreduxsample.ui.components.FeedComponent.renderGifView(FeedComponent.java:88)
11-23 19:03:09.818  2308  2308 E Feed    : 	at br.com.catbag.gifreduxsample.ui.components.FeedComponent.lambda$null$0(FeedComponent.java:55)
11-23 19:03:09.818  2308  2308 E Feed    : 	at br.com.catbag.gifreduxsample.ui.components.FeedComponent$$Lambda$3.view(Unknown Source)
11-23 19:03:09.818  2308  2308 E Feed    : 	at br.com.catbag.gifreduxsample.ui.components.GifsAdapter.view(GifsAdapter.java:55)
11-23 19:03:09.818  2308  2308 E Feed    : 	at trikita.anvil.RenderableRecyclerViewAdapter$1.view(RenderableRecyclerViewAdapter.java:24)
11-23 19:03:09.818  2308  2308 E Feed    : 	at trikita.anvil.Anvil$Mount.render(Anvil.java:204)
11-23 19:03:09.818  2308  2308 E Feed    : 	at trikita.anvil.Anvil.render(Anvil.java:173)
11-23 19:03:09.818  2308  2308 E Feed    : 	at trikita.anvil.RenderableRecyclerViewAdapter.onBindViewHolder(RenderableRecyclerViewAdapter.java:27)
11-23 19:03:09.818  2308  2308 E Feed    : 	at trikita.anvil.RenderableRecyclerViewAdapter.onBindViewHolder(RenderableRecyclerViewAdapter.java:7)
11-23 19:03:09.818  2308  2308 E Feed    : 	at android.support.v7.widget.RecyclerView$Adapter.onBindViewHolder(RecyclerView.java:5768)
11-23 19:03:09.818  2308  2308 E Feed    : 	at android.support.v7.widget.RecyclerView$Adapter.bindViewHolder(RecyclerView.java:5801)
11-23 19:03:09.818  2308  2308 E Feed    : 	at android.support.v7.widget.RecyclerView$Recycler.getViewForPosition(RecyclerView.java:5037)
11-23 19:03:09.818  2308  2308 E Feed    : 	at android.support.v7.widget.RecyclerView$Recycler.getViewForPosition(RecyclerView.java:4913)
11-23 19:03:09.818  2308  2308 E Feed    : 	at android.support.v7.widget.LinearLayoutManager$LayoutState.next(LinearLayoutManager.java:2029)
11-23 19:03:09.818  2308  2308 E Feed    : 	at android.support.v7.widget.LinearLayoutManager.layoutChunk(LinearLayoutManager.java:1414)
11-23 19:03:09.818  2308  2308 E Feed    : 	at android.support.v7.widget.LinearLayoutManager.fill(LinearLayoutManager.java:1377)
11-23 19:03:09.818  2308  2308 E Feed    : 	at android.support.v7.widget.LinearLayoutManager.onLayoutChildren(LinearLayoutManager.java:578)
11-23 19:03:09.818  2308  2308 E Feed    : 	at android.support.v7.widget.RecyclerView.dispatchLayoutStep2(RecyclerView.java:3260)
11-23 19:03:09.818  2308  2308 E Feed    : 	at android.support.v7.widget.RecyclerView.dispatchLayout(RecyclerView.java:3069)
11-23 19:03:09.818  2308  2308 E Feed    : 	at android.support.v7.widget.RecyclerView.onLayout(RecyclerView.java:3518)
11-23 19:03:09.818  2308  2308 E Feed    : 	at android.view.View.layout(View.java:17520)
11-23 19:03:09.818  2308  2308 E Feed    : 	at android.view.ViewGroup.layout(ViewGroup.java:5612)
11-23 19:03:09.818  2308  2308 E Feed    : 	at android.widget.FrameLayout.layoutChildren(FrameLayout.java:323)
11-23 19:03:09.818  2308  2308 E Feed    : 	at android.widget.FrameLayout.onLayout(FrameLayout.java:261)
11-23 19:03:09.818  2308  2308 E Feed    : 	at android.view.View.layout(View.java:17520)
11-23 19:03:09.818  2308  2308 E Feed    : 	at android.view.ViewGroup.layout(ViewGroup.java:5612)
11-23 19:03:09.818  2308  2308 E Feed    : 	at android.widget.RelativeLayout.onLayout(RelativeLayout.java:1079)
11-23 19:03:09.818  2308  2308 E Feed    : 	at android.view.View.layout(View.java:17520)
11-23 19:03:09.818  2308  2308 E Feed    : 	at android.view.ViewGroup.layout(ViewGroup.java:5612)
11-23 19:03:09.818  2308  2308 E Feed    : 	at android.widget.FrameLayout.layoutChildren(FrameLayout.java:323)
11-23 19:03:09.818  2308  2308 E Feed    : 	at android.widget.FrameLayout.onLayout(FrameLayout.java:261)
11-23 19:03:09.818  2308  2308 E Feed    : 	at android.view.View.layout(View.java:17520)
11-23 19:03:09.818  2308  2308 E Feed    : 	at android.view.ViewGroup.layout(ViewGroup.java:5612)
11-23 19:03:09.818  2308  2308 E Feed    : 	at android.support.v7.widget.ActionBarOverlayLayout.onLayout(ActionBarOverlayLayout.java:435)
11-23 19:03:09.818  2308  2308 E Feed    : 	at android.view.View.layout(View.java:17520)
11-23 19:03:09.818  2308  2308 E Feed    : 	at android.view.ViewGroup.layout(ViewGroup.java:5612)
11-23 19:03:09.818  2308  2308 E Feed    : 	at android.widget.FrameLayout.layoutChildren(FrameLayout.java:323)
11-23 19:03:09.818  2308  2308 E Feed    : 	at android.widget.FrameLayout.onLayout(FrameLayout.java:261)
11-23 19:03:09.818  2308  2308 E Feed    : 	at android.view.View.layout(View.java:17520)
11-23 19:03:09.818  2308  2308 E Feed    : 	at android.view.ViewGroup.layout(ViewGroup.java:5612)
11-23 19:03:09.818  2308  2308 E Feed    : 	at android.widget.LinearLayout.setChildFrame(LinearLayout.java:1741)
11-23 19:03:09.818  2308  2308 E Feed    : 	at android.widget.LinearLayout.layoutVertical(LinearLayout.java:1585)
11-23 19:03:09.818  2308  2308 E Feed    : 	at android.widget.LinearLayout.onLayout(LinearLayout.java:1494)
11-23 19:03:09.818  2308  2308 E Feed    : 	at android.view.View.layout(View.java:17520)
11-23 19:03:09.818  2308  2308 E Feed    : 	at android.view.ViewGroup.layout(ViewGroup.java:5612)
11-23 19:03:09.818  2308  2308 E Feed    : 	at android.widget.FrameLayout.layoutChildren(FrameLayout.java:323)
11-23 19:03:09.933  2308  2308 E Feed    : 	at android.widget.FrameLayout.onLayout(FrameLayout.java:261)
11-23 19:03:09.933  2308  2308 E Feed    : 	at com.android.internal.policy.DecorView.onLayout(DecorView.java:724)
11-23 19:03:09.933  2308  2308 E Feed    : 	at android.view.View.layout(View.java:17520)
11-23 19:03:09.933  2308  2308 E Feed    : 	at android.view.ViewGroup.layout(ViewGroup.java:5612)
11-23 19:03:09.933  2308  2308 E Feed    : 	at android.view.ViewRootImpl.performLayout(ViewRootImpl.java:2342)
11-23 19:03:09.933  2308  2308 E Feed    : 	at android.view.ViewRootImpl.performTraversals(ViewRootImpl.java:2069)
11-23 19:03:09.933  2308  2308 E Feed    : 	at android.view.ViewRootImpl.doTraversal(ViewRootImpl.java:1246)
11-23 19:03:09.933  2308  2308 E Feed    : 	at android.view.ViewRootImpl$TraversalRunnable.run(ViewRootImpl.java:6301)
11-23 19:03:09.933  2308  2308 E Feed    : 	at android.view.Choreographer$CallbackRecord.run(Choreographer.java:871)
11-23 19:03:09.933  2308  2308 E Feed    : 	at android.view.Choreographer.doCallbacks(Choreographer.java:683)
11-23 19:03:09.933  2308  2308 E Feed    : 	at android.view.Choreographer.doFrame(Choreographer.java:619)
11-23 19:03:09.933  2308  2308 E Feed    : 	at android.view.Choreographer$FrameDisplayEventReceiver.run(Choreographer.java:857)
11-23 19:03:09.933  2308  2308 E Feed    : 	at android.os.Handler.handleCallback(Handler.java:751)
11-23 19:03:09.933  2308  2308 E Feed    : 	at android.os.Handler.dispatchMessage(Handler.java:95)
11-23 19:03:09.933  2308  2308 E Feed    : 	at android.os.Looper.loop(Looper.java:154)
11-23 19:03:09.933  2308  2308 E Feed    : 	at android.app.ActivityThread.main(ActivityThread.java:6077)
11-23 19:03:09.933  2308  2308 E Feed    : 	at java.lang.reflect.Method.invoke(Native Method)
11-23 19:03:09.933  2308  2308 E Feed    : 	at com.android.internal.os.ZygoteInit$MethodAndArgsCaller.run(ZygoteInit.java:865)
11-23 19:03:09.933  2308  2308 E Feed    : 	at com.android.internal.os.ZygoteInit.main(ZygoteInit.java:755)
11-23 19:03:10.096  1239  1260 I ActivityManager: Displayed br.com.catbag.gifreduxsample/.ui.GifListActivity: +1s814ms
11-23 19:03:10.140  2308  2308 D LifecycleMonitor: Lifecycle status change: br.com.catbag.gifreduxsample.ui.GifListActivity@ba32c22 in: STOPPED
11-23 19:03:10.141  2308  2308 D LifecycleMonitor: Lifecycle status change: br.com.catbag.gifreduxsample.ui.GifListActivity@ba32c22 in: DESTROYED
11-23 19:03:10.157  1239  2129 I WindowManager: Destroying surface Surface(name=br.com.catbag.gifreduxsample/br.com.catbag.gifreduxsample.ui.GifListActivity) called by com.android.server.wm.WindowStateAnimator.destroySurface:2014 com.android.server.wm.WindowStateAnimator.destroySurfaceLocked:881 com.android.server.wm.WindowState.removeLocked:1449 com.android.server.wm.WindowManagerService.removeWindowInnerLocked:2478 com.android.server.wm.WindowManagerService.removeWindowLocked:2436 com.android.server.wm.WindowManagerService.removeWindowLocked:2305 com.android.server.wm.WindowManagerService.removeWindow:2300 com.android.server.wm.Session.remove:193 
11-23 19:03:10.401  2308  2308 I Choreographer: Skipped 51 frames!  The application may be doing too much work on its main thread.
11-23 19:03:10.537  2308  2308 I Choreographer: Skipped 30 frames!  The application may be doing too much work on its main thread.
11-23 19:03:10.561  1239  1260 I WindowManager: Destroying surface Surface(name=Starting br.com.catbag.gifreduxsample) called by com.android.server.wm.WindowStateAnimator.destroySurface:2014 com.android.server.wm.WindowStateAnimator.destroySurfaceLocked:881 com.android.server.wm.WindowState.destroyOrSaveSurface:2073 com.android.server.wm.AppWindowToken.destroySurfaces:363 com.android.server.wm.WindowStateAnimator.finishExit:565 com.android.server.wm.WindowStateAnimator.stepAnimationLocked:491 com.android.server.wm.WindowAnimator.updateWindowsLocked:303 com.android.server.wm.WindowAnimator.animateLocked:704 
11-23 19:03:11.806  1239  1324 E TaskPersister: File error accessing recents directory (directory doesn't exist?).
11-23 19:03:21.265  2308  2308 I Choreographer: Skipped 39 frames!  The application may be doing too much work on its main thread.
11-23 19:03:36.688  2308  2319 I art     : Background sticky concurrent mark sweep GC freed 92054(2MB) AllocSpace objects, 2(32KB) LOS objects, 38% free, 5MB/8MB, paused 7.772ms total 168.349ms
11-23 19:03:39.099  2308  2324 I TestRunner: failed: whenGifIsNotWatchedTest(br.com.catbag.gifreduxsample.ui.giflist.GifListActivityTest)
11-23 19:03:39.099  2308  2324 I TestRunner: ----- begin exception -----
11-23 19:03:39.100  2308  2324 I TestRunner: java.lang.RuntimeException: Waited for the root of the view hierarchy to have window focus and not be requesting layout for over 10 seconds. If you specified a non default root matcher, it may be picking a root that never takes focus. Otherwise, something is seriously wrong. Selected Root:
11-23 19:03:39.100  2308  2324 I TestRunner: Root{application-window-token=android.view.ViewRootImpl$W@d000648, window-token=android.view.ViewRootImpl$W@d000648, has-window-focus=false, layout-params-type=1, layout-params-string=WM.LayoutParams{(0,0)(fillxfill) sim=#100 ty=1 fl=#81810100 wanim=0x1030465 needsMenuKey=2}, decor-view-string=DecorView{id=-1, visibility=VISIBLE, width=480, height=800, has-focus=true, has-focusable=true, has-window-focus=false, is-clickable=false, is-enabled=true, is-focused=false, is-focusable=false, is-layout-requested=false, is-selected=false, root-is-layout-requested=false, has-input-connection=false, x=0.0, y=0.0, child-count=1}}
11-23 19:03:39.100  2308  2324 I TestRunner: . All Roots:
11-23 19:03:39.100  2308  2324 I TestRunner: Root{application-window-token=android.view.ViewRootImpl$W@d000648, window-token=android.view.ViewRootImpl$W@d000648, has-window-focus=false, layout-params-type=1, layout-params-string=WM.LayoutParams{(0,0)(fillxfill) sim=#100 ty=1 fl=#81810100 wanim=0x1030465 needsMenuKey=2}, decor-view-string=DecorView{id=-1, visibility=VISIBLE, width=480, height=800, has-focus=true, has-focusable=true, has-window-focus=false, is-clickable=false, is-enabled=true, is-focused=false, is-focusable=false, is-layout-requested=false, is-selected=false, root-is-layout-requested=false, has-input-connection=false, x=0.0, y=0.0, child-count=1}}
11-23 19:03:39.100  2308  2324 I TestRunner: 	at android.support.test.espresso.base.RootViewPicker.get(RootViewPicker.java:99)
11-23 19:03:39.100  2308  2324 I TestRunner: 	at android.support.test.espresso.ViewInteractionModule.provideRootView(ViewInteractionModule.java:69)
11-23 19:03:39.100  2308  2324 I TestRunner: 	at android.support.test.espresso.ViewInteractionModule_ProvideRootViewFactory.get(ViewInteractionModule_ProvideRootViewFactory.java:23)
11-23 19:03:39.100  2308  2324 I TestRunner: 	at android.support.test.espresso.ViewInteractionModule_ProvideRootViewFactory.get(ViewInteractionModule_ProvideRootViewFactory.java:9)
11-23 19:03:39.100  2308  2324 I TestRunner: 	at android.support.test.espresso.base.ViewFinderImpl.getView(ViewFinderImpl.java:68)
11-23 19:03:39.100  2308  2324 I TestRunner: 	at android.support.test.espresso.ViewInteraction$2.run(ViewInteraction.java:166)
11-23 19:03:39.100  2308  2324 I TestRunner: 	at java.util.concurrent.Executors$RunnableAdapter.call(Executors.java:428)
11-23 19:03:39.100  2308  2324 I TestRunner: 	at java.util.concurrent.FutureTask.run(FutureTask.java:237)
11-23 19:03:39.100  2308  2324 I TestRunner: 	at android.os.Handler.handleCallback(Handler.java:751)
11-23 19:03:39.100  2308  2324 I TestRunner: 	at android.os.Handler.dispatchMessage(Handler.java:95)
11-23 19:03:39.100  2308  2324 I TestRunner: 	at android.os.Looper.loop(Looper.java:154)
11-23 19:03:39.100  2308  2324 I TestRunner: 	at android.app.ActivityThread.main(ActivityThread.java:6077)
11-23 19:03:39.100  2308  2324 I TestRunner: 	at java.lang.reflect.Method.invoke(Native Method)
11-23 19:03:39.100  2308  2324 I TestRunner: 	at com.android.internal.os.ZygoteInit$MethodAndArgsCaller.run(ZygoteInit.java:865)
11-23 19:03:39.100  2308  2324 I TestRunner: 	at com.android.internal.os.ZygoteInit.main(ZygoteInit.java:755)
11-23 19:03:39.100  2308  2324 I TestRunner: ----- end exception -----
11-23 19:03:39.101  2308  2324 I TestRunner: finished: whenGifIsNotWatchedTest(br.com.catbag.gifreduxsample.ui.giflist.GifListActivityTest)
11-23 19:03:39.132  2308  2308 D LifecycleMonitor: Lifecycle status change: br.com.catbag.gifreduxsample.ui.GifListActivity@ef8e694 in: PAUSED
11-23 19:03:39.265   978   978 D gralloc : Registering a buffer in the process that created it. This may cause memory ordering problems.
11-23 19:03:39.265   978   978 E libEGL  : called unimplemented OpenGL ES API
11-23 19:03:39.266   978   978 E SurfaceFlinger: glCheckFramebufferStatusOES error -221756020
11-23 19:03:39.266   978   978 E SurfaceFlinger: got GL_FRAMEBUFFER_COMPLETE_OES error while taking screenshot
11-23 19:03:39.268  1239  1711 W WindowManager: Screenshot failure taking screenshot for (480x800) to layer 21000
11-23 19:03:39.367  2308  2308 I MonitoringInstrumentation: Activities that are still in CREATED to STOPPED: 1
11-23 19:03:39.368  2308  2308 I Choreographer: Skipped 60 frames!  The application may be doing too much work on its main thread.
11-23 19:03:39.372  2308  2324 I TestRunner: started: whenGifIsDownloadingTest(br.com.catbag.gifreduxsample.ui.giflist.GifListActivityTest)
11-23 19:03:39.377  2308  2308 I MonitoringInstrumentation: Activities that are still in CREATED to STOPPED: 1
11-23 19:03:39.506  2308  2325 I DroidFlux:Dispatcher: [STARTED] dispatch of action [FAKE_REDUCE_ACTION]
11-23 19:03:39.507  2308  2325 I DroidFlux:Dispatcher: [COMPLETED] dispatch of action [FAKE_REDUCE_ACTION]
11-23 19:03:39.512  2308  2346 D ActivityTestRule: Launching activity br.com.catbag.gifreduxsample.ui.GifListActivity
11-23 19:03:39.797  2308  2347 D MonitoringInstrumentation: execStartActivity(context, ibinder, ibinder, activity, intent, int, bundle
11-23 19:03:39.798  1239  2131 I ActivityManager: START u0 {flg=0x10000000 cmp=br.com.catbag.gifreduxsample/.ui.GifListActivity} from uid 10060 on display 0
11-23 19:03:39.918  1239  1260 I Choreographer: Skipped 33 frames!  The application may be doing too much work on its main thread.
11-23 19:03:40.067  1239  1260 I Choreographer: Skipped 32 frames!  The application may be doing too much work on its main thread.
11-23 19:03:40.423  1239  1253 W ActivityManager: Activity pause timeout for ActivityRecord{48c0a0d u0 com.android.launcher3/.Launcher t3}
11-23 19:03:40.541  2308  2308 D LifecycleMonitor: Lifecycle status change: br.com.catbag.gifreduxsample.ui.GifListActivity@814bfea in: PRE_ON_CREATE
11-23 19:03:40.771  1713  1713 I Choreographer: Skipped 143 frames!  The application may be doing too much work on its main thread.
11-23 19:03:40.775  1239  1260 I Choreographer: Skipped 62 frames!  The application may be doing too much work on its main thread.
11-23 19:03:40.804  2308  2308 D LifecycleMonitor: Lifecycle status change: br.com.catbag.gifreduxsample.ui.GifListActivity@814bfea in: CREATED
11-23 19:03:40.807  2308  2325 I DroidFlux:Dispatcher: [STARTED] dispatch of action [APP_STATE_LOAD]
11-23 19:03:40.811  2308  2325 D DroidFlux:Dispatcher: An action of type [APP_STATE_LOAD] was dispatched, but no reducer handled it
11-23 19:03:40.811  2308  2325 I DroidFlux:Dispatcher: [COMPLETED] dispatch of action [APP_STATE_LOAD]
11-23 19:03:40.812  2308  2308 D LifecycleMonitor: Lifecycle status change: br.com.catbag.gifreduxsample.ui.GifListActivity@814bfea in: STARTED
11-23 19:03:40.899  2308  2308 D LifecycleMonitor: Lifecycle status change: br.com.catbag.gifreduxsample.ui.GifListActivity@814bfea in: RESUMED
11-23 19:03:40.951  2308  2308 I Choreographer: Skipped 121 frames!  The application may be doing too much work on its main thread.
11-23 19:03:41.166  1239  1260 I Choreographer: Skipped 54 frames!  The application may be doing too much work on its main thread.
11-23 19:03:41.170  1239  2131 W art     : Long monitor contention with owner android.display (1260) at void com.android.server.wm.WindowAnimator$1.doFrame(long)(WindowAnimator.java:138) waiters=0 in int com.android.server.wm.WindowManagerService.relayoutWindow(com.android.server.wm.Session, android.view.IWindow, int, android.view.WindowManager$LayoutParams, int, int, int, int, android.graphics.Rect, android.graphics.Rect, android.graphics.Rect, android.graphics.Rect, android.graphics.Rect, android.graphics.Rect, android.graphics.Rect, android.content.res.Configuration, android.view.Surface) for 182ms
11-23 19:03:41.322  1239  1260 I Choreographer: Skipped 39 frames!  The application may be doing too much work on its main thread.
11-23 19:03:41.323  1239  2131 W art     : Long monitor contention with owner android.display (1260) at void com.android.server.wm.WindowAnimator$1.doFrame(long)(WindowAnimator.java:138) waiters=1 in int com.android.server.wm.WindowManagerService.relayoutWindow(com.android.server.wm.Session, android.view.IWindow, int, android.view.WindowManager$LayoutParams, int, int, int, int, android.graphics.Rect, android.graphics.Rect, android.graphics.Rect, android.graphics.Rect, android.graphics.Rect, android.graphics.Rect, android.graphics.Rect, android.content.res.Configuration, android.view.Surface) for 153ms
11-23 19:03:41.530  1239  2131 W art     : Long monitor contention with owner android.display (1260) at void com.android.server.wm.WindowAnimator$1.doFrame(long)(WindowAnimator.java:138) waiters=1 in int com.android.server.wm.WindowManagerService.relayoutWindow(com.android.server.wm.Session, android.view.IWindow, int, android.view.WindowManager$LayoutParams, int, int, int, int, android.graphics.Rect, android.graphics.Rect, android.graphics.Rect, android.graphics.Rect, android.graphics.Rect, android.graphics.Rect, android.graphics.Rect, android.content.res.Configuration, android.view.Surface) for 206ms
11-23 19:03:41.532  1239  2131 I WindowManager: Destroying surface Surface(name=com.android.launcher3/com.android.launcher3.Launcher) called by com.android.server.wm.WindowStateAnimator.destroySurface:2014 com.android.server.wm.WindowStateAnimator.destroySurfaceLocked:881 com.android.server.wm.WindowState.destroyOrSaveSurface:2073 com.android.server.wm.WindowManagerService.tryStartExitingAnimation:3017 com.android.server.wm.WindowManagerService.relayoutWindow:2897 com.android.server.wm.Session.relayout:215 android.view.IWindowSession$Stub.onTransact:286 com.android.server.wm.Session.onTransact:136 
11-23 19:03:41.727  2308  2308 I Choreographer: Skipped 184 frames!  The application may be doing too much work on its main thread.
11-23 19:03:41.767  1239  1260 I ActivityManager: Displayed br.com.catbag.gifreduxsample/.ui.GifListActivity: +1s337ms
11-23 19:03:41.915  2308  2308 D LifecycleMonitor: Lifecycle status change: br.com.catbag.gifreduxsample.ui.GifListActivity@ef8e694 in: STOPPED
11-23 19:03:41.915  2308  2308 D LifecycleMonitor: Lifecycle status change: br.com.catbag.gifreduxsample.ui.GifListActivity@ef8e694 in: DESTROYED
11-23 19:03:41.920  1239  1677 I WindowManager: Destroying surface Surface(name=br.com.catbag.gifreduxsample/br.com.catbag.gifreduxsample.ui.GifListActivity) called by com.android.server.wm.WindowStateAnimator.destroySurface:2014 com.android.server.wm.WindowStateAnimator.destroySurfaceLocked:881 com.android.server.wm.WindowState.removeLocked:1449 com.android.server.wm.WindowManagerService.removeWindowInnerLocked:2478 com.android.server.wm.WindowManagerService.removeWindowLocked:2436 com.android.server.wm.WindowManagerService.removeWindowLocked:2305 com.android.server.wm.WindowManagerService.removeWindow:2300 com.android.server.wm.Session.remove:193 
11-23 19:03:41.948  1239  1260 I WindowManager: Destroying surface Surface(name=Starting br.com.catbag.gifreduxsample) called by com.android.server.wm.WindowStateAnimator.destroySurface:2014 com.android.server.wm.WindowStateAnimator.destroySurfaceLocked:881 com.android.server.wm.WindowState.destroyOrSaveSurface:2073 com.android.server.wm.AppWindowToken.destroySurfaces:363 com.android.server.wm.WindowStateAnimator.finishExit:565 com.android.server.wm.WindowStateAnimator.stepAnimationLocked:491 com.android.server.wm.WindowAnimator.updateWindowsLocked:303 com.android.server.wm.WindowAnimator.animateLocked:704 
11-23 19:03:42.162  2308  2313 I art     : Do partial code cache collection, code=59KB, data=61KB
11-23 19:03:42.187  2308  2313 I art     : After code cache collection, code=59KB, data=61KB
11-23 19:03:42.187  2308  2313 I art     : Increasing code cache capacity to 256KB
11-23 19:03:43.419  1239  1324 E TaskPersister: File error accessing recents directory (directory doesn't exist?).
11-23 19:04:11.051  2308  2308 D LifecycleMonitor: Lifecycle status change: br.com.catbag.gifreduxsample.ui.GifListActivity@814bfea in: PAUSED
11-23 19:04:11.106  2308  2324 I TestRunner: failed: whenGifIsDownloadingTest(br.com.catbag.gifreduxsample.ui.giflist.GifListActivityTest)
11-23 19:04:11.106  2308  2324 I TestRunner: ----- begin exception -----
11-23 19:04:11.107  2308  2324 I TestRunner: java.lang.RuntimeException: Waited for the root of the view hierarchy to have window focus and not be requesting layout for over 10 seconds. If you specified a non default root matcher, it may be picking a root that never takes focus. Otherwise, something is seriously wrong. Selected Root:
11-23 19:04:11.107  2308  2324 I TestRunner: Root{application-window-token=android.view.ViewRootImpl$W@d9c35f9, window-token=android.view.ViewRootImpl$W@d9c35f9, has-window-focus=false, layout-params-type=1, layout-params-string=WM.LayoutParams{(0,0)(fillxfill) sim=#100 ty=1 fl=#81810100 wanim=0x1030465 needsMenuKey=2}, decor-view-string=DecorView{id=-1, visibility=VISIBLE, width=480, height=800, has-focus=true, has-focusable=true, has-window-focus=false, is-clickable=false, is-enabled=true, is-focused=false, is-focusable=false, is-layout-requested=false, is-selected=false, root-is-layout-requested=false, has-input-connection=false, x=0.0, y=0.0, child-count=1}}
11-23 19:04:11.107  2308  2324 I TestRunner: . All Roots:
11-23 19:04:11.107  2308  2324 I TestRunner: Root{application-window-token=android.view.ViewRootImpl$W@d9c35f9, window-token=android.view.ViewRootImpl$W@d9c35f9, has-window-focus=false, layout-params-type=1, layout-params-string=WM.LayoutParams{(0,0)(fillxfill) sim=#100 ty=1 fl=#81810100 wanim=0x1030465 needsMenuKey=2}, decor-view-string=DecorView{id=-1, visibility=VISIBLE, width=480, height=800, has-focus=true, has-focusable=true, has-window-focus=false, is-clickable=false, is-enabled=true, is-focused=false, is-focusable=false, is-layout-requested=false, is-selected=false, root-is-layout-requested=false, has-input-connection=false, x=0.0, y=0.0, child-count=1}}
11-23 19:04:11.107  2308  2324 I TestRunner: 	at android.support.test.espresso.base.RootViewPicker.get(RootViewPicker.java:99)
11-23 19:04:11.107  2308  2324 I TestRunner: 	at android.support.test.espresso.ViewInteractionModule.provideRootView(ViewInteractionModule.java:69)
11-23 19:04:11.107  2308  2324 I TestRunner: 	at android.support.test.espresso.ViewInteractionModule_ProvideRootViewFactory.get(ViewInteractionModule_ProvideRootViewFactory.java:23)
11-23 19:04:11.107  2308  2324 I TestRunner: 	at android.support.test.espresso.ViewInteractionModule_ProvideRootViewFactory.get(ViewInteractionModule_ProvideRootViewFactory.java:9)
11-23 19:04:11.107  2308  2324 I TestRunner: 	at android.support.test.espresso.base.ViewFinderImpl.getView(ViewFinderImpl.java:68)
11-23 19:04:11.107  2308  2324 I TestRunner: 	at android.support.test.espresso.ViewInteraction$2.run(ViewInteraction.java:166)
11-23 19:04:11.107  2308  2324 I TestRunner: 	at java.util.concurrent.Executors$RunnableAdapter.call(Executors.java:428)
11-23 19:04:11.107  2308  2324 I TestRunner: 	at java.util.concurrent.FutureTask.run(FutureTask.java:237)
11-23 19:04:11.107  2308  2324 I TestRunner: 	at android.os.Handler.handleCallback(Handler.java:751)
11-23 19:04:11.107  2308  2324 I TestRunner: 	at android.os.Handler.dispatchMessage(Handler.java:95)
11-23 19:04:11.107  2308  2324 I TestRunner: 	at android.os.Looper.loop(Looper.java:154)
11-23 19:04:11.107  2308  2324 I TestRunner: 	at android.app.ActivityThread.main(ActivityThread.java:6077)
11-23 19:04:11.107  2308  2324 I TestRunner: 	at java.lang.reflect.Method.invoke(Native Method)
11-23 19:04:11.107  2308  2324 I TestRunner: 	at com.android.internal.os.ZygoteInit$MethodAndArgsCaller.run(ZygoteInit.java:865)
11-23 19:04:11.107  2308  2324 I TestRunner: 	at com.android.internal.os.ZygoteInit.main(ZygoteInit.java:755)
11-23 19:04:11.108  2308  2324 I TestRunner: ----- end exception -----
11-23 19:04:11.109  2308  2324 I TestRunner: finished: whenGifIsDownloadingTest(br.com.catbag.gifreduxsample.ui.giflist.GifListActivityTest)
11-23 19:04:11.216   978   978 D gralloc : Registering a buffer in the process that created it. This may cause memory ordering problems.
11-23 19:04:11.218   978   978 E libEGL  : called unimplemented OpenGL ES API
11-23 19:04:11.219   978   978 E SurfaceFlinger: glCheckFramebufferStatusOES error -221756020
11-23 19:04:11.219   978   978 E SurfaceFlinger: got GL_FRAMEBUFFER_COMPLETE_OES error while taking screenshot
11-23 19:04:11.222  1239  1370 W WindowManager: Screenshot failure taking screenshot for (480x800) to layer 21000
11-23 19:04:11.232  2308  2308 I Choreographer: Skipped 46 frames!  The application may be doing too much work on its main thread.
11-23 19:04:11.292  2308  2308 I MonitoringInstrumentation: Activities that are still in CREATED to STOPPED: 1
11-23 19:04:11.344  2308  2324 I TestRunner: started: whenListKeepOrderedAfterPlayTest(br.com.catbag.gifreduxsample.ui.giflist.GifListActivityTest)
11-23 19:04:11.362  2308  2308 I MonitoringInstrumentation: Activities that are still in CREATED to STOPPED: 1
11-23 19:04:11.418  2308  2325 I DroidFlux:Dispatcher: [STARTED] dispatch of action [FAKE_REDUCE_ACTION]
11-23 19:04:11.420  2308  2325 I DroidFlux:Dispatcher: [COMPLETED] dispatch of action [FAKE_REDUCE_ACTION]
11-23 19:04:11.420  2308  2352 D ActivityTestRule: Launching activity br.com.catbag.gifreduxsample.ui.GifListActivity
11-23 19:04:11.426  2308  2353 D MonitoringInstrumentation: execStartActivity(context, ibinder, ibinder, activity, intent, int, bundle
11-23 19:04:11.427  1239  1251 I ActivityManager: START u0 {flg=0x10000000 cmp=br.com.catbag.gifreduxsample/.ui.GifListActivity} from uid 10060 on display 0
11-23 19:04:11.607  1239  1260 I Choreographer: Skipped 61 frames!  The application may be doing too much work on its main thread.
11-23 19:04:11.702  1239  1254 W art     : Long monitor contention with owner Binder:1239_7 (1678) at void com.android.server.am.ActivityManagerService.activityPaused(android.os.IBinder)(ActivityManagerService.java:6849) waiters=1 in void com.android.server.am.ActivityManagerService$UiHandler.handleMessage(android.os.Message) for 135ms
11-23 19:04:11.861  1239  2131 I WindowManager: Destroying surface Surface(name=com.android.launcher3/com.android.launcher3.Launcher) called by com.android.server.wm.WindowStateAnimator.destroySurface:2014 com.android.server.wm.WindowStateAnimator.destroySurfaceLocked:881 com.android.server.wm.WindowState.destroyOrSaveSurface:2073 com.android.server.wm.WindowManagerService.tryStartExitingAnimation:3017 com.android.server.wm.WindowManagerService.relayoutWindow:2897 com.android.server.wm.Session.relayout:215 android.view.IWindowSession$Stub.onTransact:286 com.android.server.wm.Session.onTransact:136 
11-23 19:04:11.970  2308  2308 D LifecycleMonitor: Lifecycle status change: br.com.catbag.gifreduxsample.ui.GifListActivity@b0ca91c in: PRE_ON_CREATE
11-23 19:04:12.187  2308  2308 D LifecycleMonitor: Lifecycle status change: br.com.catbag.gifreduxsample.ui.GifListActivity@b0ca91c in: CREATED
11-23 19:04:12.188  2308  2325 I DroidFlux:Dispatcher: [STARTED] dispatch of action [APP_STATE_LOAD]
11-23 19:04:12.188  2308  2325 D DroidFlux:Dispatcher: An action of type [APP_STATE_LOAD] was dispatched, but no reducer handled it
11-23 19:04:12.190  2308  2325 I DroidFlux:Dispatcher: [COMPLETED] dispatch of action [APP_STATE_LOAD]
11-23 19:04:12.190  2308  2308 D LifecycleMonitor: Lifecycle status change: br.com.catbag.gifreduxsample.ui.GifListActivity@b0ca91c in: STARTED
11-23 19:04:12.192  2308  2308 D LifecycleMonitor: Lifecycle status change: br.com.catbag.gifreduxsample.ui.GifListActivity@b0ca91c in: RESUMED
11-23 19:04:12.222  2308  2319 I art     : Background sticky concurrent mark sweep GC freed 86603(2MB) AllocSpace objects, 0(0B) LOS objects, 27% free, 5MB/8MB, paused 36.977ms total 818.830ms
11-23 19:04:12.246  1239  1260 I Choreographer: Skipped 46 frames!  The application may be doing too much work on its main thread.
11-23 19:04:12.386  1239  1260 I Choreographer: Skipped 35 frames!  The application may be doing too much work on its main thread.
11-23 19:04:12.504  1239  2130 W art     : Long monitor contention with owner android.display (1260) at void com.android.server.wm.WindowAnimator$1.doFrame(long)(WindowAnimator.java:138) waiters=0 in int com.android.server.wm.WindowManagerService.addWindow(com.android.server.wm.Session, android.view.IWindow, int, android.view.WindowManager$LayoutParams, int, int, android.graphics.Rect, android.graphics.Rect, android.graphics.Rect, android.view.InputChannel) for 116ms
11-23 19:04:12.507  2308  2308 D LifecycleMonitor: Lifecycle status change: br.com.catbag.gifreduxsample.ui.GifListActivity@814bfea in: STOPPED
11-23 19:04:12.508  2308  2308 D LifecycleMonitor: Lifecycle status change: br.com.catbag.gifreduxsample.ui.GifListActivity@814bfea in: DESTROYED
11-23 19:04:12.510  1239  1250 I WindowManager: Destroying surface Surface(name=br.com.catbag.gifreduxsample/br.com.catbag.gifreduxsample.ui.GifListActivity) called by com.android.server.wm.WindowStateAnimator.destroySurface:2014 com.android.server.wm.WindowStateAnimator.destroySurfaceLocked:881 com.android.server.wm.WindowState.removeLocked:1449 com.android.server.wm.WindowManagerService.removeWindowInnerLocked:2478 com.android.server.wm.WindowManagerService.removeWindowLocked:2436 com.android.server.wm.WindowManagerService.removeWindowLocked:2305 com.android.server.wm.WindowManagerService.removeWindow:2300 com.android.server.wm.Session.remove:193 
11-23 19:04:12.554  1239  1260 I Choreographer: Skipped 39 frames!  The application may be doing too much work on its main thread.
11-23 19:04:12.558  2308  2308 I Choreographer: Skipped 85 frames!  The application may be doing too much work on its main thread.
11-23 19:04:12.807  1239  1260 I ActivityManager: Displayed br.com.catbag.gifreduxsample/.ui.GifListActivity: +1s345ms
11-23 19:04:13.021  1239  1260 I WindowManager: Destroying surface Surface(name=Starting br.com.catbag.gifreduxsample) called by com.android.server.wm.WindowStateAnimator.destroySurface:2014 com.android.server.wm.WindowStateAnimator.destroySurfaceLocked:881 com.android.server.wm.WindowState.destroyOrSaveSurface:2073 com.android.server.wm.AppWindowToken.destroySurfaces:363 com.android.server.wm.WindowStateAnimator.finishExit:565 com.android.server.wm.WindowStateAnimator.stepAnimationLocked:491 com.android.server.wm.WindowAnimator.updateWindowsLocked:303 com.android.server.wm.WindowAnimator.animateLocked:704 
11-23 19:04:14.984  1239  1324 E TaskPersister: File error accessing recents directory (directory doesn't exist?).
11-23 19:04:29.316  2308  2319 I art     : Background partial concurrent mark sweep GC freed 47464(1356KB) AllocSpace objects, 0(0B) LOS objects, 38% free, 6MB/10MB, paused 5.372ms total 109.398ms
11-23 19:04:39.368  2308  2308 D LifecycleMonitor: Lifecycle status change: br.com.catbag.gifreduxsample.ui.GifListActivity@b0ca91c in: PAUSED
11-23 19:04:39.422  2308  2324 I TestRunner: failed: whenListKeepOrderedAfterPlayTest(br.com.catbag.gifreduxsample.ui.giflist.GifListActivityTest)
11-23 19:04:39.422  2308  2324 I TestRunner: ----- begin exception -----
11-23 19:04:39.423  2308  2324 I TestRunner: java.lang.RuntimeException: Waited for the root of the view hierarchy to have window focus and not be requesting layout for over 10 seconds. If you specified a non default root matcher, it may be picking a root that never takes focus. Otherwise, something is seriously wrong. Selected Root:
11-23 19:04:39.423  2308  2324 I TestRunner: Root{application-window-token=android.view.ViewRootImpl$W@8c9046f, window-token=android.view.ViewRootImpl$W@8c9046f, has-window-focus=false, layout-params-type=1, layout-params-string=WM.LayoutParams{(0,0)(fillxfill) sim=#100 ty=1 fl=#81810100 wanim=0x1030465 needsMenuKey=2}, decor-view-string=DecorView{id=-1, visibility=VISIBLE, width=480, height=800, has-focus=true, has-focusable=true, has-window-focus=false, is-clickable=false, is-enabled=true, is-focused=false, is-focusable=false, is-layout-requested=false, is-selected=false, root-is-layout-requested=false, has-input-connection=false, x=0.0, y=0.0, child-count=1}}
11-23 19:04:39.423  2308  2324 I TestRunner: . All Roots:
11-23 19:04:39.423  2308  2324 I TestRunner: Root{application-window-token=android.view.ViewRootImpl$W@8c9046f, window-token=android.view.ViewRootImpl$W@8c9046f, has-window-focus=false, layout-params-type=1, layout-params-string=WM.LayoutParams{(0,0)(fillxfill) sim=#100 ty=1 fl=#81810100 wanim=0x1030465 needsMenuKey=2}, decor-view-string=DecorView{id=-1, visibility=VISIBLE, width=480, height=800, has-focus=true, has-focusable=true, has-window-focus=false, is-clickable=false, is-enabled=true, is-focused=false, is-focusable=false, is-layout-requested=false, is-selected=false, root-is-layout-requested=false, has-input-connection=false, x=0.0, y=0.0, child-count=1}}
11-23 19:04:39.423  2308  2324 I TestRunner: 	at android.support.test.espresso.base.RootViewPicker.get(RootViewPicker.java:99)
11-23 19:04:39.423  2308  2324 I TestRunner: 	at android.support.test.espresso.ViewInteractionModule.provideRootView(ViewInteractionModule.java:69)
11-23 19:04:39.423  2308  2324 I TestRunner: 	at android.support.test.espresso.ViewInteractionModule_ProvideRootViewFactory.get(ViewInteractionModule_ProvideRootViewFactory.java:23)
11-23 19:04:39.423  2308  2324 I TestRunner: 	at android.support.test.espresso.ViewInteractionModule_ProvideRootViewFactory.get(ViewInteractionModule_ProvideRootViewFactory.java:9)
11-23 19:04:39.423  2308  2324 I TestRunner: 	at android.support.test.espresso.base.ViewFinderImpl.getView(ViewFinderImpl.java:68)
11-23 19:04:39.423  2308  2324 I TestRunner: 	at android.support.test.espresso.ViewInteraction$1.run(ViewInteraction.java:120)
11-23 19:04:39.423  2308  2324 I TestRunner: 	at java.util.concurrent.Executors$RunnableAdapter.call(Executors.java:428)
11-23 19:04:39.423  2308  2324 I TestRunner: 	at java.util.concurrent.FutureTask.run(FutureTask.java:237)
11-23 19:04:39.423  2308  2324 I TestRunner: 	at android.os.Handler.handleCallback(Handler.java:751)
