11-25 23:30:43.946  2243  2243 E Feed    : 	at pl.droidsonroids.gif.GifInfoHandle.openFile(Native Method)
11-25 23:30:43.946  2243  2243 E Feed    : 	at pl.droidsonroids.gif.GifInfoHandle.<init>(GifInfoHandle.java:46)
11-25 23:30:43.946  2243  2243 E Feed    : 	at pl.droidsonroids.gif.GifDrawable.<init>(GifDrawable.java:124)
11-25 23:30:43.946  2243  2243 E Feed    : 	at br.com.catbag.gifreduxsample.ui.views.FeedView.createDrawable(FeedView.java:123)
11-25 23:30:43.946  2243  2243 E Feed    : 	at br.com.catbag.gifreduxsample.ui.views.FeedView.lambda$renderGifView$1(FeedView.java:110)
11-25 23:30:43.946  2243  2243 E Feed    : 	at br.com.catbag.gifreduxsample.ui.views.FeedView$$Lambda$4.view(Unknown Source)
11-25 23:30:43.946  2243  2243 E Feed    : 	at trikita.anvil.BaseDSL.v(BaseDSL.java:670)
11-25 23:30:43.946  2243  2243 E Feed    : 	at br.com.catbag.gifreduxsample.ui.views.FeedView.renderGifView(FeedView.java:109)
11-25 23:30:43.946  2243  2243 E Feed    : 	at br.com.catbag.gifreduxsample.ui.views.FeedView.access$lambda$0(FeedView.java)
11-25 23:30:43.946  2243  2243 E Feed    : 	at br.com.catbag.gifreduxsample.ui.views.FeedView$$Lambda$5.view(Unknown Source)
11-25 23:30:43.946  2243  2243 E Feed    : 	at br.com.catbag.gifreduxsample.ui.views.GifsAdapter.view(GifsAdapter.java:55)
11-25 23:30:43.946  2243  2243 E Feed    : 	at trikita.anvil.RenderableRecyclerViewAdapter$1.view(RenderableRecyclerViewAdapter.java:24)
11-25 23:30:43.946  2243  2243 E Feed    : 	at trikita.anvil.Anvil$Mount.render(Anvil.java:204)
11-25 23:30:43.946  2243  2243 E Feed    : 	at trikita.anvil.Anvil.render(Anvil.java:173)
11-25 23:30:43.946  2243  2243 E Feed    : 	at trikita.anvil.RenderableRecyclerViewAdapter.onBindViewHolder(RenderableRecyclerViewAdapter.java:27)
11-25 23:30:43.946  2243  2243 E Feed    : 	at trikita.anvil.RenderableRecyclerViewAdapter.onBindViewHolder(RenderableRecyclerViewAdapter.java:7)
11-25 23:30:43.946  2243  2243 E Feed    : 	at android.support.v7.widget.RecyclerView$Adapter.onBindViewHolder(RecyclerView.java:5768)
11-25 23:30:43.946  2243  2243 E Feed    : 	at android.support.v7.widget.RecyclerView$Adapter.bindViewHolder(RecyclerView.java:5801)
11-25 23:30:43.946  2243  2243 E Feed    : 	at android.support.v7.widget.RecyclerView$Recycler.getViewForPosition(RecyclerView.java:5037)
11-25 23:30:43.946  2243  2243 E Feed    : 	at android.support.v7.widget.RecyclerView$Recycler.getViewForPosition(RecyclerView.java:4913)
11-25 23:30:43.946  2243  2243 E Feed    : 	at android.support.v7.widget.LinearLayoutManager$LayoutState.next(LinearLayoutManager.java:2029)
11-25 23:30:43.946  2243  2243 E Feed    : 	at android.support.v7.widget.LinearLayoutManager.layoutChunk(LinearLayoutManager.java:1414)
11-25 23:30:43.946  2243  2243 E Feed    : 	at android.support.v7.widget.LinearLayoutManager.fill(LinearLayoutManager.java:1377)
11-25 23:30:43.946  2243  2243 E Feed    : 	at android.support.v7.widget.LinearLayoutManager.onLayoutChildren(LinearLayoutManager.java:578)
11-25 23:30:43.946  2243  2243 E Feed    : 	at android.support.v7.widget.RecyclerView.dispatchLayoutStep2(RecyclerView.java:3260)
11-25 23:30:43.946  2243  2243 E Feed    : 	at android.support.v7.widget.RecyclerView.dispatchLayout(RecyclerView.java:3069)
11-25 23:30:43.946  2243  2243 E Feed    : 	at android.support.v7.widget.RecyclerView.onLayout(RecyclerView.java:3518)
11-25 23:30:43.946  2243  2243 E Feed    : 	at android.view.View.layout(View.java:17520)
11-25 23:30:43.946  2243  2243 E Feed    : 	at android.view.ViewGroup.layout(ViewGroup.java:5612)
11-25 23:30:43.946  2243  2243 E Feed    : 	at android.widget.FrameLayout.layoutChildren(FrameLayout.java:323)
11-25 23:30:43.946  2243  2243 E Feed    : 	at android.widget.FrameLayout.onLayout(FrameLayout.java:261)
11-25 23:30:43.946  2243  2243 E Feed    : 	at android.view.View.layout(View.java:17520)
11-25 23:30:43.946  2243  2243 E Feed    : 	at android.view.ViewGroup.layout(ViewGroup.java:5612)
11-25 23:30:43.946  2243  2243 E Feed    : 	at android.widget.RelativeLayout.onLayout(RelativeLayout.java:1079)
11-25 23:30:43.946  2243  2243 E Feed    : 	at android.view.View.layout(View.java:17520)
11-25 23:30:43.946  2243  2243 E Feed    : 	at android.view.ViewGroup.layout(ViewGroup.java:5612)
11-25 23:30:43.946  2243  2243 E Feed    : 	at android.widget.FrameLayout.layoutChildren(FrameLayout.java:323)
11-25 23:30:43.946  2243  2243 E Feed    : 	at android.widget.FrameLayout.onLayout(FrameLayout.java:261)
11-25 23:30:43.946  2243  2243 E Feed    : 	at android.view.View.layout(View.java:17520)
11-25 23:30:43.946  2243  2243 E Feed    : 	at android.view.ViewGroup.layout(ViewGroup.java:5612)
11-25 23:30:43.946  2243  2243 E Feed    : 	at android.support.v7.widget.ActionBarOverlayLayout.onLayout(ActionBarOverlayLayout.java:435)
11-25 23:30:43.946  2243  2243 E Feed    : 	at android.view.View.layout(View.java:17520)
11-25 23:30:43.946  2243  2243 E Feed    : 	at android.view.ViewGroup.layout(ViewGroup.java:5612)
11-25 23:30:43.946  2243  2243 E Feed    : 	at android.widget.FrameLayout.layoutChildren(FrameLayout.java:323)
11-25 23:30:43.946  2243  2243 E Feed    : 	at android.widget.FrameLayout.onLayout(FrameLayout.java:261)
11-25 23:30:43.946  2243  2243 E Feed    : 	at android.view.View.layout(View.java:17520)
11-25 23:30:43.946  2243  2243 E Feed    : 	at android.view.ViewGroup.layout(ViewGroup.java:5612)
11-25 23:30:43.946  2243  2243 E Feed    : 	at android.widget.LinearLayout.setChildFrame(LinearLayout.java:1741)
11-25 23:30:43.946  2243  2243 E Feed    : 	at android.widget.LinearLayout.layoutVertical(LinearLayout.java:1585)
11-25 23:30:43.946  2243  2243 E Feed    : 	at android.widget.LinearLayout.onLayout(LinearLayout.java:1494)
11-25 23:30:43.946  2243  2243 E Feed    : 	at android.view.View.layout(View.java:17520)
11-25 23:30:43.946  2243  2243 E Feed    : 	at android.view.ViewGroup.layout(ViewGroup.java:5612)
11-25 23:30:43.946  2243  2243 E Feed    : 	at android.widget.FrameLayout.layoutChildren(FrameLayout.java:323)
11-25 23:30:43.946  2243  2243 E Feed    : 	at android.widget.FrameLayout.onLayout(FrameLayout.java:261)
11-25 23:30:43.946  2243  2243 E Feed    : 	at com.android.internal.policy.DecorView.onLayout(DecorView.java:724)
11-25 23:30:43.946  2243  2243 E Feed    : 	at android.view.View.layout(View.java:17520)
11-25 23:30:43.946  2243  2243 E Feed    : 	at android.view.ViewGroup.layout(ViewGroup.java:5612)
11-25 23:30:43.946  2243  2243 E Feed    : 	at android.view.ViewRootImpl.performLayout(ViewRootImpl.java:2342)
11-25 23:30:43.946  2243  2243 E Feed    : 	at android.view.ViewRootImpl.performTraversals(ViewRootImpl.java:2069)
11-25 23:30:43.946  2243  2243 E Feed    : 	at android.view.ViewRootImpl.doTraversal(ViewRootImpl.java:1246)
11-25 23:30:43.946  2243  2243 E Feed    : 	at android.view.ViewRootImpl$TraversalRunnable.run(ViewRootImpl.java:6301)
11-25 23:30:43.946  2243  2243 E Feed    : 	at android.view.Choreographer$CallbackRecord.run(Choreographer.java:871)
11-25 23:30:43.946  2243  2243 E Feed    : 	at android.view.Choreographer.doCallbacks(Choreographer.java:683)
11-25 23:30:43.946  2243  2243 E Feed    : 	at android.view.Choreographer.doFrame(Choreographer.java:619)
11-25 23:30:43.946  2243  2243 E Feed    : 	at android.view.Choreographer$FrameDisplayEventReceiver.run(Choreographer.java:857)
11-25 23:30:43.946  2243  2243 E Feed    : 	at android.os.Handler.handleCallback(Handler.java:751)
11-25 23:30:43.946  2243  2243 E Feed    : 	at android.os.Handler.dispatchMessage(Handler.java:95)
11-25 23:30:43.946  2243  2243 E Feed    : 	at android.os.Looper.loop(Looper.java:154)
11-25 23:30:43.946  2243  2243 E Feed    : 	at android.app.ActivityThread.main(ActivityThread.java:6077)
11-25 23:30:43.946  2243  2243 E Feed    : 	at java.lang.reflect.Method.invoke(Native Method)
11-25 23:30:43.946  2243  2243 E Feed    : 	at com.android.internal.os.ZygoteInit$MethodAndArgsCaller.run(ZygoteInit.java:865)
11-25 23:30:43.946  2243  2243 E Feed    : 	at com.android.internal.os.ZygoteInit.main(ZygoteInit.java:755)
11-25 23:30:44.042  2243  2243 D LifecycleMonitor: Lifecycle status change: br.com.catbag.gifreduxsample.ui.GifListActivity@a76a8be in: PAUSED
11-25 23:30:44.058  2243  2258 I TestRunner: finished: whenGifIsNotWatchedTest(br.com.catbag.gifreduxsample.ui.giflist.GifListActivityTest)
11-25 23:30:44.084   979   979 D gralloc : Registering a buffer in the process that created it. This may cause memory ordering problems.
11-25 23:30:44.085   979   979 E SurfaceFlinger: glCheckFramebufferStatusOES error 1319502399
11-25 23:30:44.085   979   979 E SurfaceFlinger: got GL_FRAMEBUFFER_COMPLETE_OES error while taking screenshot
11-25 23:30:44.086  1238  1485 W WindowManager: Screenshot failure taking screenshot for (480x800) to layer 22020
11-25 23:30:44.144  2243  2243 I MonitoringInstrumentation: Activities that are still in CREATED to STOPPED: 2
11-25 23:30:44.145  2243  2258 I TestRunner: started: whenEndlessScrollNotTriggered(br.com.catbag.gifreduxsample.ui.giflist.GifListActivityTest)
11-25 23:30:44.154  2243  2243 I MonitoringInstrumentation: Activities that are still in CREATED to STOPPED: 2
11-25 23:30:44.168  1238  1259 I Choreographer: Skipped 42 frames!  The application may be doing too much work on its main thread.
11-25 23:30:44.230  2243  2259 I DroidFlux:Dispatcher: [STARTED] dispatch of action [FAKE_REDUCE_ACTION]
11-25 23:30:44.230  2243  2259 I DroidFlux:Dispatcher: [COMPLETED] dispatch of action [FAKE_REDUCE_ACTION]
11-25 23:30:44.273  2243  2283 D ActivityTestRule: Launching activity br.com.catbag.gifreduxsample.ui.GifListActivity
11-25 23:30:44.290  2243  2284 D MonitoringInstrumentation: execStartActivity(context, ibinder, ibinder, activity, intent, int, bundle
11-25 23:30:44.291  1238  1250 I ActivityManager: START u0 {flg=0x10000000 cmp=br.com.catbag.gifreduxsample/.ui.GifListActivity} from uid 10060 on display 0
11-25 23:30:44.471  2243  2243 D LifecycleMonitor: Lifecycle status change: br.com.catbag.gifreduxsample.ui.GifListActivity@4a93e2a in: PRE_ON_CREATE
11-25 23:30:44.536  2243  2243 D LifecycleMonitor: Lifecycle status change: br.com.catbag.gifreduxsample.ui.GifListActivity@4a93e2a in: CREATED
11-25 23:30:44.618  2243  2259 I DroidFlux:Dispatcher: [STARTED] dispatch of action [APP_STATE_LOAD]
11-25 23:30:44.618  2243  2259 D DroidFlux:Dispatcher: An action of type [APP_STATE_LOAD] was dispatched, but no reducer handled it
11-25 23:30:44.619  2243  2259 I DroidFlux:Dispatcher: [COMPLETED] dispatch of action [APP_STATE_LOAD]
11-25 23:30:44.619  2243  2243 D LifecycleMonitor: Lifecycle status change: br.com.catbag.gifreduxsample.ui.GifListActivity@4a93e2a in: STARTED
11-25 23:30:44.621  2243  2243 D LifecycleMonitor: Lifecycle status change: br.com.catbag.gifreduxsample.ui.GifListActivity@4a93e2a in: RESUMED
11-25 23:30:44.692  1238  1259 I WindowManager: Destroying surface Surface(name=Starting br.com.catbag.gifreduxsample) called by com.android.server.wm.WindowStateAnimator.destroySurface:2014 com.android.server.wm.WindowStateAnimator.destroySurfaceLocked:881 com.android.server.wm.WindowState.removeLocked:1449 com.android.server.wm.WindowManagerService.removeWindowInnerLocked:2478 com.android.server.wm.AppWindowToken.destroySurfaces:365 com.android.server.wm.WindowStateAnimator.finishExit:565 com.android.server.wm.AppWindowAnimator.stepAnimationLocked:427 com.android.server.wm.WindowAnimator.updateAppWindowsLocked:176 
11-25 23:30:44.798  1748  1748 I Choreographer: Skipped 36 frames!  The application may be doing too much work on its main thread.
11-25 23:30:44.832  1238  1259 I Choreographer: Skipped 30 frames!  The application may be doing too much work on its main thread.
11-25 23:30:44.843  1238  1259 I ActivityManager: Displayed br.com.catbag.gifreduxsample/.ui.GifListActivity: +415ms (total +1s165ms)
11-25 23:30:44.954  2243  2243 W ResourceType: No package identifier when getting name for resource number 0x00000006
11-25 23:30:44.955  2243  2243 I ViewInteraction: Performing 'scroll RecyclerView to position: 9' action on view with id: 6 (resource name not found)
11-25 23:30:45.079  1238  1259 I WindowManager: Destroying surface Surface(name=Starting br.com.catbag.gifreduxsample) called by com.android.server.wm.WindowStateAnimator.destroySurface:2014 com.android.server.wm.WindowStateAnimator.destroySurfaceLocked:881 com.android.server.wm.WindowState.destroyOrSaveSurface:2073 com.android.server.wm.AppWindowToken.destroySurfaces:363 com.android.server.wm.WindowStateAnimator.finishExit:565 com.android.server.wm.WindowStateAnimator.stepAnimationLocked:491 com.android.server.wm.WindowAnimator.updateWindowsLocked:303 com.android.server.wm.WindowAnimator.animateLocked:704 
11-25 23:30:45.234  1238  1249 I WindowManager: Destroying surface Surface(name=com.android.launcher3/com.android.launcher3.Launcher) called by com.android.server.wm.WindowStateAnimator.destroySurface:2014 com.android.server.wm.WindowStateAnimator.destroySurfaceLocked:881 com.android.server.wm.WindowState.destroyOrSaveSurface:2073 com.android.server.wm.AppWindowToken.destroySurfaces:363 com.android.server.wm.AppWindowToken.notifyAppStopped:389 com.android.server.wm.WindowManagerService.notifyAppStopped:4456 com.android.server.am.ActivityStack.activityStoppedLocked:1252 com.android.server.am.ActivityManagerService.activityStopped:6873 
11-25 23:30:45.273  2243  2243 D LifecycleMonitor: Lifecycle status change: br.com.catbag.gifreduxsample.ui.GifListActivity@a76a8be in: STOPPED
11-25 23:30:45.273  2243  2243 D LifecycleMonitor: Lifecycle status change: br.com.catbag.gifreduxsample.ui.GifListActivity@a76a8be in: DESTROYED
11-25 23:30:45.281  1238  1631 I WindowManager: Destroying surface Surface(name=br.com.catbag.gifreduxsample/br.com.catbag.gifreduxsample.ui.GifListActivity) called by com.android.server.wm.WindowStateAnimator.destroySurface:2014 com.android.server.wm.WindowStateAnimator.destroySurfaceLocked:881 com.android.server.wm.WindowState.removeLocked:1449 com.android.server.wm.WindowManagerService.removeWindowInnerLocked:2478 com.android.server.wm.WindowManagerService.removeWindowLocked:2436 com.android.server.wm.WindowManagerService.removeWindowLocked:2305 com.android.server.wm.WindowManagerService.removeWindow:2300 com.android.server.wm.Session.remove:193 
11-25 23:30:45.298  2243  2243 D LifecycleMonitor: Lifecycle status change: br.com.catbag.gifreduxsample.ui.GifListActivity@60e2d76 in: STOPPED
11-25 23:30:45.298  2243  2243 D LifecycleMonitor: Lifecycle status change: br.com.catbag.gifreduxsample.ui.GifListActivity@60e2d76 in: DESTROYED
11-25 23:30:45.316  1238  1679 I WindowManager: Destroying surface Surface(name=br.com.catbag.gifreduxsample/br.com.catbag.gifreduxsample.ui.GifListActivity) called by com.android.server.wm.WindowStateAnimator.destroySurface:2014 com.android.server.wm.WindowStateAnimator.destroySurfaceLocked:881 com.android.server.wm.WindowState.removeLocked:1449 com.android.server.wm.WindowManagerService.removeWindowInnerLocked:2478 com.android.server.wm.WindowManagerService.removeWindowLocked:2436 com.android.server.wm.WindowManagerService.removeWindowLocked:2305 com.android.server.wm.WindowManagerService.removeWindow:2300 com.android.server.wm.Session.remove:193 
11-25 23:30:45.340  2243  2243 W ResourceType: No package identifier when getting name for resource number 0x00000006
11-25 23:30:45.380  2243  2258 I TestRunner: finished: whenEndlessScrollNotTriggered(br.com.catbag.gifreduxsample.ui.giflist.GifListActivityTest)
11-25 23:30:45.398  2243  2243 D LifecycleMonitor: Lifecycle status change: br.com.catbag.gifreduxsample.ui.GifListActivity@4a93e2a in: PAUSED
11-25 23:30:45.439   979   979 D gralloc : Registering a buffer in the process that created it. This may cause memory ordering problems.
11-25 23:30:45.439   979   979 E libEGL  : called unimplemented OpenGL ES API
11-25 23:30:45.440   979   979 E SurfaceFlinger: glCheckFramebufferStatusOES error 1319502399
11-25 23:30:45.440   979   979 E SurfaceFlinger: got GL_FRAMEBUFFER_COMPLETE_OES error while taking screenshot
11-25 23:30:45.441  1238  1268 W WindowManager: Screenshot failure taking screenshot for (480x800) to layer 21005
11-25 23:30:45.447  2243  2243 I MonitoringInstrumentation: Activities that are still in CREATED to STOPPED: 1
11-25 23:30:45.449  2243  2258 I TestRunner: started: whenGifListIsNotEmpty(br.com.catbag.gifreduxsample.ui.giflist.GifListActivityTest)
11-25 23:30:45.452  2243  2243 I MonitoringInstrumentation: Activities that are still in CREATED to STOPPED: 1
11-25 23:30:45.673  2243  2259 I DroidFlux:Dispatcher: [STARTED] dispatch of action [FAKE_REDUCE_ACTION]
11-25 23:30:45.673  2243  2259 I DroidFlux:Dispatcher: [COMPLETED] dispatch of action [FAKE_REDUCE_ACTION]
11-25 23:30:45.699  2243  2285 D ActivityTestRule: Launching activity br.com.catbag.gifreduxsample.ui.GifListActivity
11-25 23:30:45.709  2243  2286 D MonitoringInstrumentation: execStartActivity(context, ibinder, ibinder, activity, intent, int, bundle
11-25 23:30:45.714  1238  1268 I ActivityManager: START u0 {flg=0x10000000 cmp=br.com.catbag.gifreduxsample/.ui.GifListActivity} from uid 10060 on display 0
11-25 23:30:45.901  2243  2243 D LifecycleMonitor: Lifecycle status change: br.com.catbag.gifreduxsample.ui.GifListActivity@13bb58e in: PRE_ON_CREATE
11-25 23:30:45.920  2243  2244 I art     : Do partial code cache collection, code=57KB, data=61KB
11-25 23:30:45.921  2243  2244 I art     : After code cache collection, code=55KB, data=60KB
11-25 23:30:45.921  2243  2244 I art     : Increasing code cache capacity to 256KB
11-25 23:30:45.924  2243  2243 D LifecycleMonitor: Lifecycle status change: br.com.catbag.gifreduxsample.ui.GifListActivity@13bb58e in: CREATED
11-25 23:30:45.924  2243  2243 D LifecycleMonitor: Lifecycle status change: br.com.catbag.gifreduxsample.ui.GifListActivity@13bb58e in: STARTED
11-25 23:30:45.925  2243  2259 I DroidFlux:Dispatcher: [STARTED] dispatch of action [APP_STATE_LOAD]
11-25 23:30:45.926  2243  2259 D DroidFlux:Dispatcher: An action of type [APP_STATE_LOAD] was dispatched, but no reducer handled it
11-25 23:30:45.926  2243  2259 I DroidFlux:Dispatcher: [COMPLETED] dispatch of action [APP_STATE_LOAD]
11-25 23:30:45.926  2243  2243 D LifecycleMonitor: Lifecycle status change: br.com.catbag.gifreduxsample.ui.GifListActivity@13bb58e in: RESUMED
11-25 23:30:45.940  1238  1259 I Choreographer: Skipped 33 frames!  The application may be doing too much work on its main thread.
11-25 23:30:45.969  2243  2243 D LifecycleMonitor: Lifecycle status change: br.com.catbag.gifreduxsample.ui.GifListActivity@4a93e2a in: STOPPED
11-25 23:30:45.969  2243  2243 D LifecycleMonitor: Lifecycle status change: br.com.catbag.gifreduxsample.ui.GifListActivity@4a93e2a in: DESTROYED
11-25 23:30:46.007  2243  2259 I DroidFlux:Dispatcher: [STARTED] dispatch of action [GIF_LIST_FETCHING]
11-25 23:30:46.008  2243  2259 D DroidFlux:Dispatcher: An action of type [GIF_LIST_FETCHING] was dispatched, but no reducer handled it
11-25 23:30:46.008  2243  2259 I DroidFlux:Dispatcher: [COMPLETED] dispatch of action [GIF_LIST_FETCHING]
11-25 23:30:46.031  1238  1259 I WindowManager: Destroying surface Surface(name=br.com.catbag.gifreduxsample/br.com.catbag.gifreduxsample.ui.GifListActivity) called by com.android.server.wm.WindowStateAnimator.destroySurface:2014 com.android.server.wm.WindowStateAnimator.destroySurfaceLocked:881 com.android.server.wm.WindowState.removeLocked:1449 com.android.server.wm.WindowManagerService.removeWindowInnerLocked:2478 com.android.server.wm.AppWindowToken.destroySurfaces:365 com.android.server.wm.WindowStateAnimator.finishExit:565 com.android.server.wm.WindowStateAnimator.stepAnimationLocked:491 com.android.server.wm.WindowAnimator.updateWindowsLocked:303 
11-25 23:30:46.131  2243  2243 D LifecycleMonitor: Lifecycle status change: br.com.catbag.gifreduxsample.ui.GifListActivity@13bb58e in: PAUSED
11-25 23:30:46.145  2243  2258 I TestRunner: finished: whenGifListIsNotEmpty(br.com.catbag.gifreduxsample.ui.giflist.GifListActivityTest)
11-25 23:30:46.158  1748  1748 I Choreographer: Skipped 55 frames!  The application may be doing too much work on its main thread.
11-25 23:30:46.175  1238  1268 W InputMethodManagerService: Starting input on non-focused client com.android.internal.view.IInputMethodClient$Stub$Proxy@89ea9b9 (uid=10012 pid=1748)
11-25 23:30:46.202   979   979 D gralloc : Registering a buffer in the process that created it. This may cause memory ordering problems.
11-25 23:30:46.202   979   979 E SurfaceFlinger: glCheckFramebufferStatusOES error 1319502399
11-25 23:30:46.202   979   979 E SurfaceFlinger: got GL_FRAMEBUFFER_COMPLETE_OES error while taking screenshot
11-25 23:30:46.203  1238  1249 W WindowManager: Screenshot failure taking screenshot for (480x800) to layer 22015
11-25 23:30:46.217  1238  1413 I ActivityManager: Activity reported stop, but no longer stopping: ActivityRecord{506f402 u0 com.android.launcher3/.Launcher t3}
11-25 23:30:46.226  1238  1259 I Choreographer: Skipped 33 frames!  The application may be doing too much work on its main thread.
11-25 23:30:46.228  1238  1679 D WindowManager: relayoutVisibleWindow: Window{d03cbf6 u0 com.android.launcher3/com.android.launcher3.Launcher EXITING} mAnimatingExit=true, mRemoveOnExit=false, mDestroying=false
11-25 23:30:46.243  2243  2243 I MonitoringInstrumentation: Activities that are still in CREATED to STOPPED: 1
11-25 23:30:46.244  2243  2258 I TestRunner: started: whenGifIsDownloadingTest(br.com.catbag.gifreduxsample.ui.giflist.GifListActivityTest)
11-25 23:30:46.299  2243  2243 I MonitoringInstrumentation: Activities that are still in CREATED to STOPPED: 1
11-25 23:30:46.305  2243  2259 I DroidFlux:Dispatcher: [STARTED] dispatch of action [FAKE_REDUCE_ACTION]
11-25 23:30:46.305  2243  2259 I DroidFlux:Dispatcher: [COMPLETED] dispatch of action [FAKE_REDUCE_ACTION]
11-25 23:30:46.317  2243  2288 D ActivityTestRule: Launching activity br.com.catbag.gifreduxsample.ui.GifListActivity
11-25 23:30:46.318  2243  2289 D MonitoringInstrumentation: execStartActivity(context, ibinder, ibinder, activity, intent, int, bundle
11-25 23:30:46.319  1238  1783 I ActivityManager: START u0 {flg=0x10000000 cmp=br.com.catbag.gifreduxsample/.ui.GifListActivity} from uid 10060 on display 0
11-25 23:30:46.429  2243  2254 I art     : Background sticky concurrent mark sweep GC freed 17609(1328KB) AllocSpace objects, 7(144KB) LOS objects, 17% free, 7MB/9MB, paused 28.908ms total 423.234ms
11-25 23:30:46.480  1748  1748 I Choreographer: Skipped 44 frames!  The application may be doing too much work on its main thread.
11-25 23:30:46.513  1238  1259 I WindowManager: Destroying surface Surface(name=Starting br.com.catbag.gifreduxsample) called by com.android.server.wm.WindowStateAnimator.destroySurface:2014 com.android.server.wm.WindowStateAnimator.destroySurfaceLocked:881 com.android.server.wm.WindowState.removeLocked:1449 com.android.server.wm.WindowManagerService.removeWindowInnerLocked:2478 com.android.server.wm.AppWindowToken.destroySurfaces:365 com.android.server.wm.WindowStateAnimator.finishExit:565 com.android.server.wm.WindowStateAnimator.stepAnimationLocked:491 com.android.server.wm.WindowAnimator.updateWindowsLocked:303 
11-25 23:30:46.730  1748  1748 I Choreographer: Skipped 69 frames!  The application may be doing too much work on its main thread.
11-25 23:30:46.749  2243  2243 D LifecycleMonitor: Lifecycle status change: br.com.catbag.gifreduxsample.ui.GifListActivity@4549587 in: PRE_ON_CREATE
11-25 23:30:46.754  2243  2243 D LifecycleMonitor: Lifecycle status change: br.com.catbag.gifreduxsample.ui.GifListActivity@4549587 in: CREATED
11-25 23:30:46.767  2243  2243 D LifecycleMonitor: Lifecycle status change: br.com.catbag.gifreduxsample.ui.GifListActivity@4549587 in: STARTED
11-25 23:30:46.768  2243  2259 I DroidFlux:Dispatcher: [STARTED] dispatch of action [APP_STATE_LOAD]
11-25 23:30:46.768  2243  2259 D DroidFlux:Dispatcher: An action of type [APP_STATE_LOAD] was dispatched, but no reducer handled it
11-25 23:30:46.769  2243  2259 I DroidFlux:Dispatcher: [COMPLETED] dispatch of action [APP_STATE_LOAD]
11-25 23:30:46.769  2243  2243 D LifecycleMonitor: Lifecycle status change: br.com.catbag.gifreduxsample.ui.GifListActivity@4549587 in: RESUMED
11-25 23:30:46.772  2243  2243 D LifecycleMonitor: Lifecycle status change: br.com.catbag.gifreduxsample.ui.GifListActivity@13bb58e in: STOPPED
11-25 23:30:46.773  2243  2243 D LifecycleMonitor: Lifecycle status change: br.com.catbag.gifreduxsample.ui.GifListActivity@13bb58e in: DESTROYED
11-25 23:30:46.775  1238  1783 I WindowManager: Destroying surface Surface(name=br.com.catbag.gifreduxsample/br.com.catbag.gifreduxsample.ui.GifListActivity) called by com.android.server.wm.WindowStateAnimator.destroySurface:2014 com.android.server.wm.WindowStateAnimator.destroySurfaceLocked:881 com.android.server.wm.WindowState.removeLocked:1449 com.android.server.wm.WindowManagerService.removeWindowInnerLocked:2478 com.android.server.wm.WindowManagerService.removeWindowLocked:2436 com.android.server.wm.WindowManagerService.removeWindowLocked:2305 com.android.server.wm.WindowManagerService.removeWindow:2300 com.android.server.wm.Session.remove:193 
11-25 23:30:46.914  1238  1259 I ActivityManager: Displayed br.com.catbag.gifreduxsample/.ui.GifListActivity: +216ms (total +1s26ms)
11-25 23:30:46.959  2243  2243 D LifecycleMonitor: Lifecycle status change: br.com.catbag.gifreduxsample.ui.GifListActivity@4549587 in: PAUSED
11-25 23:30:46.960  2243  2258 I TestRunner: finished: whenGifIsDownloadingTest(br.com.catbag.gifreduxsample.ui.giflist.GifListActivityTest)
11-25 23:30:47.120   979   979 D gralloc : Registering a buffer in the process that created it. This may cause memory ordering problems.
11-25 23:30:47.120   979   979 E libEGL  : called unimplemented OpenGL ES API
11-25 23:30:47.120   979   979 E SurfaceFlinger: glCheckFramebufferStatusOES error 1319502399
11-25 23:30:47.121   979   979 E SurfaceFlinger: got GL_FRAMEBUFFER_COMPLETE_OES error while taking screenshot
11-25 23:30:47.122  1238  1413 W WindowManager: Screenshot failure taking screenshot for (480x800) to layer 22010
11-25 23:30:47.128  2243  2243 I MonitoringInstrumentation: Activities that are still in CREATED to STOPPED: 1
11-25 23:30:47.131  2243  2258 I TestRunner: started: whenListKeepOrderedAfterPlayTest(br.com.catbag.gifreduxsample.ui.giflist.GifListActivityTest)
11-25 23:30:47.141  2243  2243 I MonitoringInstrumentation: Activities that are still in CREATED to STOPPED: 1
11-25 23:30:47.152  1238  1259 I WindowManager: Destroying surface Surface(name=Starting br.com.catbag.gifreduxsample) called by com.android.server.wm.WindowStateAnimator.destroySurface:2014 com.android.server.wm.WindowStateAnimator.destroySurfaceLocked:881 com.android.server.wm.WindowState.removeLocked:1449 com.android.server.wm.WindowManagerService.removeWindowInnerLocked:2478 com.android.server.wm.AppWindowToken.destroySurfaces:365 com.android.server.wm.WindowStateAnimator.finishExit:565 com.android.server.wm.WindowStateAnimator.stepAnimationLocked:491 com.android.server.wm.WindowAnimator.updateWindowsLocked:303 
11-25 23:30:47.165  1238  1679 D WindowManager: relayoutVisibleWindow: Window{d03cbf6 u0 com.android.launcher3/com.android.launcher3.Launcher EXITING} mAnimatingExit=true, mRemoveOnExit=false, mDestroying=false
11-25 23:30:47.192  2243  2259 I DroidFlux:Dispatcher: [STARTED] dispatch of action [FAKE_REDUCE_ACTION]
11-25 23:30:47.193  2243  2259 I DroidFlux:Dispatcher: [COMPLETED] dispatch of action [FAKE_REDUCE_ACTION]
11-25 23:30:47.242  2243  2290 D ActivityTestRule: Launching activity br.com.catbag.gifreduxsample.ui.GifListActivity
11-25 23:30:47.256  2243  2291 D MonitoringInstrumentation: execStartActivity(context, ibinder, ibinder, activity, intent, int, bundle
11-25 23:30:47.257  1238  1250 I ActivityManager: START u0 {flg=0x10000000 cmp=br.com.catbag.gifreduxsample/.ui.GifListActivity} from uid 10060 on display 0
11-25 23:30:47.321  2243  2243 D LifecycleMonitor: Lifecycle status change: br.com.catbag.gifreduxsample.ui.GifListActivity@890cf03 in: PRE_ON_CREATE
11-25 23:30:47.343  2243  2243 D LifecycleMonitor: Lifecycle status change: br.com.catbag.gifreduxsample.ui.GifListActivity@890cf03 in: CREATED
11-25 23:30:47.344  2243  2259 I DroidFlux:Dispatcher: [STARTED] dispatch of action [APP_STATE_LOAD]
11-25 23:30:47.344  2243  2259 D DroidFlux:Dispatcher: An action of type [APP_STATE_LOAD] was dispatched, but no reducer handled it
11-25 23:30:47.344  2243  2259 I DroidFlux:Dispatcher: [COMPLETED] dispatch of action [APP_STATE_LOAD]
11-25 23:30:47.344  2243  2243 D LifecycleMonitor: Lifecycle status change: br.com.catbag.gifreduxsample.ui.GifListActivity@890cf03 in: STARTED
11-25 23:30:47.356  2243  2243 D LifecycleMonitor: Lifecycle status change: br.com.catbag.gifreduxsample.ui.GifListActivity@890cf03 in: RESUMED
11-25 23:30:47.513  1238  1259 I Choreographer: Skipped 33 frames!  The application may be doing too much work on its main thread.
11-25 23:30:47.592  2243  2243 W ResourceType: No package identifier when getting name for resource number 0x0000000e
11-25 23:30:47.592  2243  2243 I ViewInteraction: Performing 'single click' action on view with id: 14 (resource name not found)
11-25 23:30:47.609  1238  1259 I ActivityManager: Displayed br.com.catbag.gifreduxsample/.ui.GifListActivity: +305ms
11-25 23:30:47.656  2243  2259 I DroidFlux:Dispatcher: [STARTED] dispatch of action [GIF_PLAY]
11-25 23:30:47.656  2243  2259 I DroidFlux:Dispatcher: [COMPLETED] dispatch of action [GIF_PLAY]
11-25 23:30:47.688   991  1028 D AudioFlinger: mixer(0xa7103080) throttle end: throttle time(11)
11-25 23:30:47.717   991  1028 D AudioFlinger: mixer(0xa7103080) throttle end: throttle time(11)
11-25 23:30:47.839  1238  1259 I WindowManager: Destroying surface Surface(name=Starting br.com.catbag.gifreduxsample) called by com.android.server.wm.WindowStateAnimator.destroySurface:2014 com.android.server.wm.WindowStateAnimator.destroySurfaceLocked:881 com.android.server.wm.WindowState.destroyOrSaveSurface:2073 com.android.server.wm.AppWindowToken.destroySurfaces:363 com.android.server.wm.WindowStateAnimator.finishExit:565 com.android.server.wm.WindowStateAnimator.stepAnimationLocked:491 com.android.server.wm.WindowAnimator.updateWindowsLocked:303 com.android.server.wm.WindowAnimator.animateLocked:704 
11-25 23:30:48.343  1238  1631 I WindowManager: Destroying surface Surface(name=com.android.launcher3/com.android.launcher3.Launcher) called by com.android.server.wm.WindowStateAnimator.destroySurface:2014 com.android.server.wm.WindowStateAnimator.destroySurfaceLocked:881 com.android.server.wm.WindowState.destroyOrSaveSurface:2073 com.android.server.wm.AppWindowToken.destroySurfaces:363 com.android.server.wm.AppWindowToken.notifyAppStopped:389 com.android.server.wm.WindowManagerService.notifyAppStopped:4456 com.android.server.am.ActivityStack.activityStoppedLocked:1252 com.android.server.am.ActivityManagerService.activityStopped:6873 
11-25 23:30:48.352  2243  2243 D LifecycleMonitor: Lifecycle status change: br.com.catbag.gifreduxsample.ui.GifListActivity@4549587 in: STOPPED
11-25 23:30:48.352  2243  2243 D LifecycleMonitor: Lifecycle status change: br.com.catbag.gifreduxsample.ui.GifListActivity@4549587 in: DESTROYED
11-25 23:30:48.354  1238  1249 I WindowManager: Destroying surface Surface(name=br.com.catbag.gifreduxsample/br.com.catbag.gifreduxsample.ui.GifListActivity) called by com.android.server.wm.WindowStateAnimator.destroySurface:2014 com.android.server.wm.WindowStateAnimator.destroySurfaceLocked:881 com.android.server.wm.WindowState.removeLocked:1449 com.android.server.wm.WindowManagerService.removeWindowInnerLocked:2478 com.android.server.wm.WindowManagerService.removeWindowLocked:2436 com.android.server.wm.WindowManagerService.removeWindowLocked:2305 com.android.server.wm.WindowManagerService.removeWindow:2300 com.android.server.wm.Session.remove:193 
11-25 23:30:48.387  2243  2243 W ResourceType: No package identifier when getting name for resource number 0x00000012
11-25 23:30:48.387  2243  2243 I ViewInteraction: Performing 'scroll RecyclerView to position: 2' action on view with id: 18 (resource name not found)
11-25 23:30:48.704  2243  2243 W ResourceType: No package identifier when getting name for resource number 0x00000012
11-25 23:30:48.715  2243  2243 W ResourceType: No package identifier when getting name for resource number 0x0000001a
11-25 23:30:48.715  2243  2243 I ViewInteraction: Performing 'single click' action on view with id: 26 (resource name not found)
11-25 23:30:48.769  2243  2259 I DroidFlux:Dispatcher: [STARTED] dispatch of action [GIF_PLAY]
11-25 23:30:48.771  2243  2259 I DroidFlux:Dispatcher: [COMPLETED] dispatch of action [GIF_PLAY]
11-25 23:30:48.798   991  1028 D AudioFlinger: mixer(0xa7103080) throttle end: throttle time(11)
11-25 23:30:49.399  2243  2243 W ResourceType: No package identifier when getting name for resource number 0x0000001e
11-25 23:30:49.399  2243  2243 I ViewInteraction: Performing 'scroll RecyclerView to position: 3' action on view with id: 30 (resource name not found)
11-25 23:30:49.682  2243  2243 W ResourceType: No package identifier when getting name for resource number 0x0000001e
11-25 23:30:49.702  2243  2243 W ResourceType: No package identifier when getting name for resource number 0x00000026
11-25 23:30:49.702  2243  2243 I ViewInteraction: Performing 'single click' action on view with id: 38 (resource name not found)
11-25 23:30:49.766  2243  2259 I DroidFlux:Dispatcher: [STARTED] dispatch of action [GIF_PLAY]
11-25 23:30:49.782  1238  1324 E TaskPersister: File error accessing recents directory (directory doesn't exist?).
11-25 23:30:49.788   991  1028 D AudioFlinger: mixer(0xa7103080) throttle end: throttle time(11)
11-25 23:30:49.795  2243  2259 I DroidFlux:Dispatcher: [COMPLETED] dispatch of action [GIF_PLAY]
11-25 23:30:50.271  2243  2243 W ResourceType: No package identifier when getting name for resource number 0x0000002a
11-25 23:30:50.271  2243  2243 I ViewInteraction: Performing 'scroll RecyclerView to position: 4' action on view with id: 42 (resource name not found)
11-25 23:30:50.586  2243  2243 W ResourceType: No package identifier when getting name for resource number 0x0000002a
11-25 23:30:50.601  2243  2243 W ResourceType: No package identifier when getting name for resource number 0x00000032
11-25 23:30:50.601  2243  2243 I ViewInteraction: Performing 'single click' action on view with id: 50 (resource name not found)
11-25 23:30:50.658  2243  2259 I DroidFlux:Dispatcher: [STARTED] dispatch of action [GIF_PLAY]
11-25 23:30:50.659  2243  2259 I DroidFlux:Dispatcher: [COMPLETED] dispatch of action [GIF_PLAY]
11-25 23:30:50.702   991  1028 D AudioFlinger: mixer(0xa7103080) throttle end: throttle time(11)
11-25 23:30:50.728   991  1028 D AudioFlinger: mixer(0xa7103080) throttle end: throttle time(9)
11-25 23:30:51.204  2243  2243 W ResourceType: No package identifier when getting name for resource number 0x00000036
11-25 23:30:51.205  2243  2243 I ViewInteraction: Performing 'scroll RecyclerView to position: 5' action on view with id: 54 (resource name not found)
11-25 23:30:51.495  2243  2243 W ResourceType: No package identifier when getting name for resource number 0x00000036
11-25 23:30:51.519  2243  2243 W ResourceType: No package identifier when getting name for resource number 0x0000003e
11-25 23:30:51.519  2243  2243 I ViewInteraction: Performing 'single click' action on view with id: 62 (resource name not found)
11-25 23:30:51.604  2243  2259 I DroidFlux:Dispatcher: [STARTED] dispatch of action [GIF_PLAY]
11-25 23:30:51.606  2243  2259 I DroidFlux:Dispatcher: [COMPLETED] dispatch of action [GIF_PLAY]
11-25 23:30:51.629   991  1028 D AudioFlinger: mixer(0xa7103080) throttle end: throttle time(9)
11-25 23:30:51.658   991  1028 D AudioFlinger: mixer(0xa7103080) throttle end: throttle time(11)
11-25 23:30:52.252  2243  2243 W ResourceType: No package identifier when getting name for resource number 0x00000042
11-25 23:30:52.252  2243  2243 I ViewInteraction: Performing 'scroll RecyclerView to position: 6' action on view with id: 66 (resource name not found)
11-25 23:30:52.532  2243  2243 W ResourceType: No package identifier when getting name for resource number 0x00000042
11-25 23:30:52.543  2243  2243 W ResourceType: No package identifier when getting name for resource number 0x0000004a
11-25 23:30:52.544  2243  2243 I ViewInteraction: Performing 'single click' action on view with id: 74 (resource name not found)
11-25 23:30:52.596  2243  2259 I DroidFlux:Dispatcher: [STARTED] dispatch of action [GIF_PLAY]
11-25 23:30:52.630  2243  2259 I DroidFlux:Dispatcher: [COMPLETED] dispatch of action [GIF_PLAY]
11-25 23:30:52.648   991  1028 D AudioFlinger: mixer(0xa7103080) throttle end: throttle time(10)
11-25 23:30:52.669   991  1028 D AudioFlinger: mixer(0xa7103080) throttle end: throttle time(11)
11-25 23:30:53.209  2243  2243 W ResourceType: No package identifier when getting name for resource number 0x0000004e
11-25 23:30:53.209  2243  2243 I ViewInteraction: Performing 'scroll RecyclerView to position: 7' action on view with id: 78 (resource name not found)
11-25 23:30:53.515  2243  2243 W ResourceType: No package identifier when getting name for resource number 0x0000004e
11-25 23:30:53.622  2243  2243 W ResourceType: No package identifier when getting name for resource number 0x00000056
11-25 23:30:53.623  2243  2243 I ViewInteraction: Performing 'single click' action on view with id: 86 (resource name not found)
11-25 23:30:53.692  2243  2259 I DroidFlux:Dispatcher: [STARTED] dispatch of action [GIF_PLAY]
11-25 23:30:53.693  2243  2259 I DroidFlux:Dispatcher: [COMPLETED] dispatch of action [GIF_PLAY]
11-25 23:30:53.768   991  1028 D AudioFlinger: mixer(0xa7103080) throttle end: throttle time(11)
11-25 23:30:53.798   991  1028 D AudioFlinger: mixer(0xa7103080) throttle end: throttle time(11)
11-25 23:30:54.253  2243  2243 W ResourceType: No package identifier when getting name for resource number 0x0000005a
11-25 23:30:54.254  2243  2243 I ViewInteraction: Performing 'scroll RecyclerView to position: 8' action on view with id: 90 (resource name not found)
11-25 23:30:54.566  2243  2243 W ResourceType: No package identifier when getting name for resource number 0x0000005a
11-25 23:30:54.590  2243  2243 W ResourceType: No package identifier when getting name for resource number 0x00000062
11-25 23:30:54.591  2243  2243 I ViewInteraction: Performing 'single click' action on view with id: 98 (resource name not found)
11-25 23:30:54.656  2243  2259 I DroidFlux:Dispatcher: [STARTED] dispatch of action [GIF_PLAY]
11-25 23:30:54.656  2243  2259 I DroidFlux:Dispatcher: [COMPLETED] dispatch of action [GIF_PLAY]
11-25 23:30:54.698   991  1028 D AudioFlinger: mixer(0xa7103080) throttle end: throttle time(14)
11-25 23:30:54.728   991  1028 D AudioFlinger: mixer(0xa7103080) throttle end: throttle time(11)
11-25 23:30:55.214  2243  2243 W ResourceType: No package identifier when getting name for resource number 0x00000066
11-25 23:30:55.214  2243  2243 I ViewInteraction: Performing 'scroll RecyclerView to position: 9' action on view with id: 102 (resource name not found)
11-25 23:30:55.513  2243  2243 W ResourceType: No package identifier when getting name for resource number 0x00000066
11-25 23:30:55.522  2243  2243 W ResourceType: No package identifier when getting name for resource number 0x0000006e
11-25 23:30:55.522  2243  2243 I ViewInteraction: Performing 'single click' action on view with id: 110 (resource name not found)
11-25 23:30:55.586  2243  2259 I DroidFlux:Dispatcher: [STARTED] dispatch of action [GIF_PLAY]
11-25 23:30:55.616  2243  2259 I DroidFlux:Dispatcher: [COMPLETED] dispatch of action [GIF_PLAY]
11-25 23:30:55.618   991  1028 D AudioFlinger: mixer(0xa7103080) throttle end: throttle time(18)
11-25 23:30:56.115  2243  2243 W ResourceType: No package identifier when getting name for resource number 0x00000072
11-25 23:30:56.115  2243  2243 I ViewInteraction: Performing 'scroll RecyclerView to position: 10' action on view with id: 114 (resource name not found)
11-25 23:30:56.135  2243  2244 I art     : Do full code cache collection, code=123KB, data=124KB
11-25 23:30:56.140  2243  2244 I art     : After code cache collection, code=99KB, data=81KB
11-25 23:30:56.421  2243  2243 W ResourceType: No package identifier when getting name for resource number 0x00000072
11-25 23:30:56.434  2243  2243 W ResourceType: No package identifier when getting name for resource number 0x0000007a
11-25 23:30:56.434  2243  2243 I ViewInteraction: Performing 'single click' action on view with id: 122 (resource name not found)
11-25 23:30:56.483  2243  2259 I DroidFlux:Dispatcher: [STARTED] dispatch of action [GIF_PLAY]
11-25 23:30:56.484  2243  2259 I DroidFlux:Dispatcher: [COMPLETED] dispatch of action [GIF_PLAY]
11-25 23:30:56.550   991  1028 D AudioFlinger: mixer(0xa7103080) throttle end: throttle time(11)
11-25 23:30:56.582   991  1028 D AudioFlinger: mixer(0xa7103080) throttle end: throttle time(5)
11-25 23:30:57.075  2243  2243 W ResourceType: No package identifier when getting name for resource number 0x0000007e
11-25 23:30:57.075  2243  2243 I ViewInteraction: Performing 'scroll RecyclerView to position: 11' action on view with id: 126 (resource name not found)
11-25 23:30:57.161  2243  2254 I art     : Background sticky concurrent mark sweep GC freed 15555(1214KB) AllocSpace objects, 9(192KB) LOS objects, 11% free, 10MB/12MB, paused 5.750ms total 71.864ms
11-25 23:30:57.386  2243  2243 W ResourceType: No package identifier when getting name for resource number 0x0000007e
11-25 23:30:57.401  2243  2243 W ResourceType: No package identifier when getting name for resource number 0x00000086
11-25 23:30:57.401  2243  2243 I ViewInteraction: Performing 'single click' action on view with id: 134 (resource name not found)
11-25 23:30:57.464  2243  2259 I DroidFlux:Dispatcher: [STARTED] dispatch of action [GIF_PLAY]
11-25 23:30:57.466  2243  2259 I DroidFlux:Dispatcher: [COMPLETED] dispatch of action [GIF_PLAY]
11-25 23:30:57.488   991  1028 D AudioFlinger: mixer(0xa7103080) throttle end: throttle time(11)
11-25 23:30:57.513   991  1028 D AudioFlinger: mixer(0xa7103080) throttle end: throttle time(10)
11-25 23:30:58.035  2243  2243 W ResourceType: No package identifier when getting name for resource number 0x0000008a
11-25 23:30:58.035  2243  2243 I ViewInteraction: Performing 'scroll RecyclerView to position: 12' action on view with id: 138 (resource name not found)
11-25 23:30:58.380  2243  2243 W ResourceType: No package identifier when getting name for resource number 0x0000008a
11-25 23:30:58.391  2243  2243 W ResourceType: No package identifier when getting name for resource number 0x00000092
11-25 23:30:58.391  2243  2243 I ViewInteraction: Performing 'single click' action on view with id: 146 (resource name not found)
11-25 23:30:58.453  2243  2259 I DroidFlux:Dispatcher: [STARTED] dispatch of action [GIF_PLAY]
11-25 23:30:58.461   991  1028 D AudioFlinger: mixer(0xa7103080) throttle end: throttle time(11)
11-25 23:30:58.468  2243  2259 I DroidFlux:Dispatcher: [COMPLETED] dispatch of action [GIF_PLAY]
11-25 23:30:58.488   991  1028 D AudioFlinger: mixer(0xa7103080) throttle end: throttle time(11)
11-25 23:30:58.979  2243  2243 W ResourceType: No package identifier when getting name for resource number 0x00000096
11-25 23:30:58.979  2243  2243 I ViewInteraction: Performing 'scroll RecyclerView to position: 13' action on view with id: 150 (resource name not found)
11-25 23:30:59.274  2243  2243 W ResourceType: No package identifier when getting name for resource number 0x00000096
11-25 23:30:59.288  2243  2243 W ResourceType: No package identifier when getting name for resource number 0x0000009e
11-25 23:30:59.288  2243  2243 I ViewInteraction: Performing 'single click' action on view with id: 158 (resource name not found)
11-25 23:30:59.363  2243  2259 I DroidFlux:Dispatcher: [STARTED] dispatch of action [GIF_PLAY]
11-25 23:30:59.376  2243  2259 I DroidFlux:Dispatcher: [COMPLETED] dispatch of action [GIF_PLAY]
11-25 23:30:59.379   991  1028 D AudioFlinger: mixer(0xa7103080) throttle end: throttle time(11)
11-25 23:30:59.412   991  1028 D AudioFlinger: mixer(0xa7103080) throttle end: throttle time(1)
11-25 23:30:59.862  2243  2243 W ResourceType: No package identifier when getting name for resource number 0x000000a2
11-25 23:30:59.862  2243  2243 I ViewInteraction: Performing 'scroll RecyclerView to position: 14' action on view with id: 162 (resource name not found)
11-25 23:31:00.151  2243  2243 W ResourceType: No package identifier when getting name for resource number 0x000000a2
11-25 23:31:00.213  2243  2243 W ResourceType: No package identifier when getting name for resource number 0x000000aa
11-25 23:31:00.213  2243  2243 I ViewInteraction: Performing 'single click' action on view with id: 170 (resource name not found)
11-25 23:31:00.282  2243  2259 I DroidFlux:Dispatcher: [STARTED] dispatch of action [GIF_PLAY]
11-25 23:31:00.283  2243  2259 I DroidFlux:Dispatcher: [COMPLETED] dispatch of action [GIF_PLAY]
11-25 23:31:00.308   991  1028 D AudioFlinger: mixer(0xa7103080) throttle end: throttle time(10)
11-25 23:31:00.316  2243  2254 I art     : Background sticky concurrent mark sweep GC freed 7510(687KB) AllocSpace objects, 6(128KB) LOS objects, 4% free, 11MB/12MB, paused 10.028ms total 112.224ms
11-25 23:31:00.339   991  1028 D AudioFlinger: mixer(0xa7103080) throttle end: throttle time(11)
11-25 23:31:00.925  2243  2243 W ResourceType: No package identifier when getting name for resource number 0x000000ae
11-25 23:31:00.925  2243  2243 I ViewInteraction: Performing 'scroll RecyclerView to position: 15' action on view with id: 174 (resource name not found)
11-25 23:31:01.221  2243  2243 W ResourceType: No package identifier when getting name for resource number 0x000000ae
11-25 23:31:01.246  2243  2243 W ResourceType: No package identifier when getting name for resource number 0x000000b6
11-25 23:31:01.262  2243  2243 I ViewInteraction: Performing 'single click' action on view with id: 182 (resource name not found)
11-25 23:31:01.328  2243  2259 I DroidFlux:Dispatcher: [STARTED] dispatch of action [GIF_PLAY]
11-25 23:31:01.330  2243  2259 I DroidFlux:Dispatcher: [COMPLETED] dispatch of action [GIF_PLAY]
11-25 23:31:01.355  2243  2254 I art     : Background partial concurrent mark sweep GC freed 10962(699KB) AllocSpace objects, 7(1576KB) LOS objects, 27% free, 10MB/14MB, paused 5.544ms total 125.680ms
11-25 23:31:01.358   991  1028 D AudioFlinger: mixer(0xa7103080) throttle end: throttle time(11)
11-25 23:31:01.379   991  1028 D AudioFlinger: mixer(0xa7103080) throttle end: throttle time(11)
11-25 23:31:01.942  2243  2243 W ResourceType: No package identifier when getting name for resource number 0x000000ba
11-25 23:31:01.943  2243  2243 I ViewInteraction: Performing 'scroll RecyclerView to position: 16' action on view with id: 186 (resource name not found)
11-25 23:31:01.989  2243  2259 I DroidFlux:Dispatcher: [STARTED] dispatch of action [GIF_LIST_FETCHING]
11-25 23:31:01.990  2243  2259 D DroidFlux:Dispatcher: An action of type [GIF_LIST_FETCHING] was dispatched, but no reducer handled it
11-25 23:31:01.990  2243  2259 I DroidFlux:Dispatcher: [COMPLETED] dispatch of action [GIF_LIST_FETCHING]
11-25 23:31:01.992  2243  2259 I DroidFlux:Dispatcher: [STARTED] dispatch of action [GIF_LIST_FETCHING]
11-25 23:31:01.993  2243  2259 D DroidFlux:Dispatcher: An action of type [GIF_LIST_FETCHING] was dispatched, but no reducer handled it
11-25 23:31:01.993  2243  2259 I DroidFlux:Dispatcher: [COMPLETED] dispatch of action [GIF_LIST_FETCHING]
11-25 23:31:01.994  2243  2259 I DroidFlux:Dispatcher: [STARTED] dispatch of action [GIF_LIST_FETCHING]
11-25 23:31:01.994  2243  2259 D DroidFlux:Dispatcher: An action of type [GIF_LIST_FETCHING] was dispatched, but no reducer handled it
11-25 23:31:01.995  2243  2259 I DroidFlux:Dispatcher: [COMPLETED] dispatch of action [GIF_LIST_FETCHING]
11-25 23:31:01.996  2243  2259 I DroidFlux:Dispatcher: [STARTED] dispatch of action [GIF_LIST_FETCHING]
11-25 23:31:01.996  2243  2259 D DroidFlux:Dispatcher: An action of type [GIF_LIST_FETCHING] was dispatched, but no reducer handled it
11-25 23:31:01.996  2243  2259 I DroidFlux:Dispatcher: [COMPLETED] dispatch of action [GIF_LIST_FETCHING]
11-25 23:31:02.013  2243  2259 I DroidFlux:Dispatcher: [STARTED] dispatch of action [GIF_LIST_FETCHING]
11-25 23:31:02.013  2243  2259 D DroidFlux:Dispatcher: An action of type [GIF_LIST_FETCHING] was dispatched, but no reducer handled it
11-25 23:31:02.014  2243  2259 I DroidFlux:Dispatcher: [COMPLETED] dispatch of action [GIF_LIST_FETCHING]
11-25 23:31:02.014  2243  2259 I DroidFlux:Dispatcher: [STARTED] dispatch of action [GIF_LIST_FETCHING]
11-25 23:31:02.014  2243  2259 D DroidFlux:Dispatcher: An action of type [GIF_LIST_FETCHING] was dispatched, but no reducer handled it
11-25 23:31:02.014  2243  2259 I DroidFlux:Dispatcher: [COMPLETED] dispatch of action [GIF_LIST_FETCHING]
11-25 23:31:02.015  2243  2259 I DroidFlux:Dispatcher: [STARTED] dispatch of action [GIF_LIST_FETCHING]
11-25 23:31:02.015  2243  2259 D DroidFlux:Dispatcher: An action of type [GIF_LIST_FETCHING] was dispatched, but no reducer handled it
11-25 23:31:02.015  2243  2259 I DroidFlux:Dispatcher: [COMPLETED] dispatch of action [GIF_LIST_FETCHING]
11-25 23:31:02.016  2243  2259 I DroidFlux:Dispatcher: [STARTED] dispatch of action [GIF_LIST_FETCHING]
11-25 23:31:02.016  2243  2259 D DroidFlux:Dispatcher: An action of type [GIF_LIST_FETCHING] was dispatched, but no reducer handled it
