11-23 20:46:05.876  2313  2328 I TestRunner: 	at android.app.ActivityThread.main(ActivityThread.java:6077)
11-23 20:46:05.876  2313  2328 I TestRunner: 	at java.lang.reflect.Method.invoke(Native Method)
11-23 20:46:05.876  2313  2328 I TestRunner: 	at com.android.internal.os.ZygoteInit$MethodAndArgsCaller.run(ZygoteInit.java:865)
11-23 20:46:05.876  2313  2328 I TestRunner: 	at com.android.internal.os.ZygoteInit.main(ZygoteInit.java:755)
11-23 20:46:05.876  2313  2328 I TestRunner: ----- end exception -----
11-23 20:46:05.878  2313  2328 I TestRunner: finished: whenListKeepOrderedAfterPlayTest(br.com.catbag.gifreduxsample.ui.giflist.GifListActivityTest)
11-23 20:46:05.903  2313  2313 D LifecycleMonitor: Lifecycle status change: br.com.catbag.gifreduxsample.ui.GifListActivity@71a9265 in: PAUSED
11-23 20:46:05.965   977   977 D gralloc : Registering a buffer in the process that created it. This may cause memory ordering problems.
11-23 20:46:05.966   977   977 E libEGL  : called unimplemented OpenGL ES API
11-23 20:46:05.966   977   977 E SurfaceFlinger: glCheckFramebufferStatusOES error 869012299
11-23 20:46:05.967   977   977 E SurfaceFlinger: got GL_FRAMEBUFFER_COMPLETE_OES error while taking screenshot
11-23 20:46:05.969  1237  1722 W WindowManager: Screenshot failure taking screenshot for (480x800) to layer 21000
11-23 20:46:05.983  2313  2313 I MonitoringInstrumentation: Activities that are still in CREATED to STOPPED: 1
11-23 20:46:06.023  2313  2328 I TestRunner: started: whenGifIsWatchedTest(br.com.catbag.gifreduxsample.ui.giflist.GifListActivityTest)
11-23 20:46:06.025  2313  2313 I MonitoringInstrumentation: Activities that are still in CREATED to STOPPED: 1
11-23 20:46:06.108  2313  2329 I DroidFlux:Dispatcher: [STARTED] dispatch of action [FAKE_REDUCE_ACTION]
11-23 20:46:06.109  2313  2329 I DroidFlux:Dispatcher: [COMPLETED] dispatch of action [FAKE_REDUCE_ACTION]
11-23 20:46:06.111  2313  2360 D ActivityTestRule: Launching activity br.com.catbag.gifreduxsample.ui.GifListActivity
11-23 20:46:06.121  2313  2361 D MonitoringInstrumentation: execStartActivity(context, ibinder, ibinder, activity, intent, int, bundle
11-23 20:46:06.123  1237  2136 I ActivityManager: START u0 {flg=0x10000000 cmp=br.com.catbag.gifreduxsample/.ui.GifListActivity} from uid 10060 on display 0
11-23 20:46:06.177  2313  2313 E Feed    : Gif{uuid=68720f4d-3534-4147-8040-ce3a69656540, path=, url=, title=, watched=true, status=DOWNLOADED}
11-23 20:46:06.177  2313  2313 E Feed    : pl.droidsonroids.gif.GifIOException: GifError 101: Failed to open given input
11-23 20:46:06.177  2313  2313 E Feed    : 	at pl.droidsonroids.gif.GifInfoHandle.openFile(Native Method)
11-23 20:46:06.177  2313  2313 E Feed    : 	at pl.droidsonroids.gif.GifInfoHandle.<init>(GifInfoHandle.java:46)
11-23 20:46:06.177  2313  2313 E Feed    : 	at pl.droidsonroids.gif.GifDrawable.<init>(GifDrawable.java:124)
11-23 20:46:06.177  2313  2313 E Feed    : 	at br.com.catbag.gifreduxsample.ui.components.FeedComponent.createDrawable(FeedComponent.java:104)
11-23 20:46:06.177  2313  2313 E Feed    : 	at br.com.catbag.gifreduxsample.ui.components.FeedComponent.lambda$renderGifView$2(FeedComponent.java:90)
11-23 20:46:06.177  2313  2313 E Feed    : 	at br.com.catbag.gifreduxsample.ui.components.FeedComponent$$Lambda$2.view(Unknown Source)
11-23 20:46:06.177  2313  2313 E Feed    : 	at trikita.anvil.BaseDSL.v(BaseDSL.java:670)
11-23 20:46:06.177  2313  2313 E Feed    : 	at br.com.catbag.gifreduxsample.ui.components.FeedComponent.renderGifView(FeedComponent.java:88)
11-23 20:46:06.177  2313  2313 E Feed    : 	at br.com.catbag.gifreduxsample.ui.components.FeedComponent.lambda$null$0(FeedComponent.java:55)
11-23 20:46:06.177  2313  2313 E Feed    : 	at br.com.catbag.gifreduxsample.ui.components.FeedComponent$$Lambda$3.view(Unknown Source)
11-23 20:46:06.177  2313  2313 E Feed    : 	at br.com.catbag.gifreduxsample.ui.components.GifsAdapter.view(GifsAdapter.java:55)
11-23 20:46:06.177  2313  2313 E Feed    : 	at trikita.anvil.RenderableRecyclerViewAdapter$1.view(RenderableRecyclerViewAdapter.java:24)
11-23 20:46:06.177  2313  2313 E Feed    : 	at trikita.anvil.Anvil$Mount.render(Anvil.java:204)
11-23 20:46:06.177  2313  2313 E Feed    : 	at trikita.anvil.Anvil.render(Anvil.java:173)
11-23 20:46:06.177  2313  2313 E Feed    : 	at trikita.anvil.RenderableRecyclerViewAdapter.onBindViewHolder(RenderableRecyclerViewAdapter.java:29)
11-23 20:46:06.177  2313  2313 E Feed    : 	at trikita.anvil.RenderableRecyclerViewAdapter.onBindViewHolder(RenderableRecyclerViewAdapter.java:7)
11-23 20:46:06.177  2313  2313 E Feed    : 	at android.support.v7.widget.RecyclerView$Adapter.onBindViewHolder(RecyclerView.java:5768)
11-23 20:46:06.177  2313  2313 E Feed    : 	at android.support.v7.widget.RecyclerView$Adapter.bindViewHolder(RecyclerView.java:5801)
11-23 20:46:06.177  2313  2313 E Feed    : 	at android.support.v7.widget.RecyclerView$Recycler.getViewForPosition(RecyclerView.java:5037)
11-23 20:46:06.177  2313  2313 E Feed    : 	at android.support.v7.widget.RecyclerView$Recycler.getViewForPosition(RecyclerView.java:4913)
11-23 20:46:06.177  2313  2313 E Feed    : 	at android.support.v7.widget.LinearLayoutManager$LayoutState.next(LinearLayoutManager.java:2029)
11-23 20:46:06.177  2313  2313 E Feed    : 	at android.support.v7.widget.LinearLayoutManager.layoutChunk(LinearLayoutManager.java:1414)
11-23 20:46:06.177  2313  2313 E Feed    : 	at android.support.v7.widget.LinearLayoutManager.fill(LinearLayoutManager.java:1377)
11-23 20:46:06.177  2313  2313 E Feed    : 	at android.support.v7.widget.LinearLayoutManager.onLayoutChildren(LinearLayoutManager.java:578)
11-23 20:46:06.177  2313  2313 E Feed    : 	at android.support.v7.widget.RecyclerView.dispatchLayoutStep2(RecyclerView.java:3260)
11-23 20:46:06.177  2313  2313 E Feed    : 	at android.support.v7.widget.RecyclerView.dispatchLayout(RecyclerView.java:3069)
11-23 20:46:06.177  2313  2313 E Feed    : 	at android.support.v7.widget.RecyclerView.onLayout(RecyclerView.java:3518)
11-23 20:46:06.177  2313  2313 E Feed    : 	at android.view.View.layout(View.java:17520)
11-23 20:46:06.177  2313  2313 E Feed    : 	at android.view.ViewGroup.layout(ViewGroup.java:5612)
11-23 20:46:06.177  2313  2313 E Feed    : 	at android.widget.FrameLayout.layoutChildren(FrameLayout.java:323)
11-23 20:46:06.177  2313  2313 E Feed    : 	at android.widget.FrameLayout.onLayout(FrameLayout.java:261)
11-23 20:46:06.177  2313  2313 E Feed    : 	at android.view.View.layout(View.java:17520)
11-23 20:46:06.177  2313  2313 E Feed    : 	at android.view.ViewGroup.layout(ViewGroup.java:5612)
11-23 20:46:06.177  2313  2313 E Feed    : 	at android.widget.RelativeLayout.onLayout(RelativeLayout.java:1079)
11-23 20:46:06.177  2313  2313 E Feed    : 	at android.view.View.layout(View.java:17520)
11-23 20:46:06.177  2313  2313 E Feed    : 	at android.view.ViewGroup.layout(ViewGroup.java:5612)
11-23 20:46:06.177  2313  2313 E Feed    : 	at android.widget.FrameLayout.layoutChildren(FrameLayout.java:323)
11-23 20:46:06.177  2313  2313 E Feed    : 	at android.widget.FrameLayout.onLayout(FrameLayout.java:261)
11-23 20:46:06.177  2313  2313 E Feed    : 	at android.view.View.layout(View.java:17520)
11-23 20:46:06.177  2313  2313 E Feed    : 	at android.view.ViewGroup.layout(ViewGroup.java:5612)
11-23 20:46:06.177  2313  2313 E Feed    : 	at android.support.v7.widget.ActionBarOverlayLayout.onLayout(ActionBarOverlayLayout.java:435)
11-23 20:46:06.177  2313  2313 E Feed    : 	at android.view.View.layout(View.java:17520)
11-23 20:46:06.177  2313  2313 E Feed    : 	at android.view.ViewGroup.layout(ViewGroup.java:5612)
11-23 20:46:06.177  2313  2313 E Feed    : 	at android.widget.FrameLayout.layoutChildren(FrameLayout.java:323)
11-23 20:46:06.177  2313  2313 E Feed    : 	at android.widget.FrameLayout.onLayout(FrameLayout.java:261)
11-23 20:46:06.177  2313  2313 E Feed    : 	at android.view.View.layout(View.java:17520)
11-23 20:46:06.177  2313  2313 E Feed    : 	at android.view.ViewGroup.layout(ViewGroup.java:5612)
11-23 20:46:06.177  2313  2313 E Feed    : 	at android.widget.LinearLayout.setChildFrame(LinearLayout.java:1741)
11-23 20:46:06.177  2313  2313 E Feed    : 	at android.widget.LinearLayout.layoutVertical(LinearLayout.java:1585)
11-23 20:46:06.177  2313  2313 E Feed    : 	at android.widget.LinearLayout.onLayout(LinearLayout.java:1494)
11-23 20:46:06.177  2313  2313 E Feed    : 	at android.view.View.layout(View.java:17520)
11-23 20:46:06.177  2313  2313 E Feed    : 	at android.view.ViewGroup.layout(ViewGroup.java:5612)
11-23 20:46:06.177  2313  2313 E Feed    : 	at android.widget.FrameLayout.layoutChildren(FrameLayout.java:323)
11-23 20:46:06.177  2313  2313 E Feed    : 	at android.widget.FrameLayout.onLayout(FrameLayout.java:261)
11-23 20:46:06.177  2313  2313 E Feed    : 	at com.android.internal.policy.DecorView.onLayout(DecorView.java:724)
11-23 20:46:06.177  2313  2313 E Feed    : 	at android.view.View.layout(View.java:17520)
11-23 20:46:06.177  2313  2313 E Feed    : 	at android.view.ViewGroup.layout(ViewGroup.java:5612)
11-23 20:46:06.177  2313  2313 E Feed    : 	at android.view.ViewRootImpl.performLayout(ViewRootImpl.java:2342)
11-23 20:46:06.177  2313  2313 E Feed    : 	at android.view.ViewRootImpl.performTraversals(ViewRootImpl.java:2069)
11-23 20:46:06.177  2313  2313 E Feed    : 	at android.view.ViewRootImpl.doTraversal(ViewRootImpl.java:1246)
11-23 20:46:06.177  2313  2313 E Feed    : 	at android.view.ViewRootImpl$TraversalRunnable.run(ViewRootImpl.java:6301)
11-23 20:46:06.177  2313  2313 E Feed    : 	at android.view.Choreographer$CallbackRecord.run(Choreographer.java:871)
11-23 20:46:06.177  2313  2313 E Feed    : 	at android.view.Choreographer.doCallbacks(Choreographer.java:683)
11-23 20:46:06.177  2313  2313 E Feed    : 	at android.view.Choreographer.doFrame(Choreographer.java:619)
11-23 20:46:06.177  2313  2313 E Feed    : 	at android.view.Choreographer$FrameDisplayEventReceiver.run(Choreographer.java:857)
11-23 20:46:06.177  2313  2313 E Feed    : 	at android.os.Handler.handleCallback(Handler.java:751)
11-23 20:46:06.177  2313  2313 E Feed    : 	at android.os.Handler.dispatchMessage(Handler.java:95)
11-23 20:46:06.177  2313  2313 E Feed    : 	at android.os.Looper.loop(Looper.java:154)
11-23 20:46:06.177  2313  2313 E Feed    : 	at android.app.ActivityThread.main(ActivityThread.java:6077)
11-23 20:46:06.177  2313  2313 E Feed    : 	at java.lang.reflect.Method.invoke(Native Method)
11-23 20:46:06.177  2313  2313 E Feed    : 	at com.android.internal.os.ZygoteInit$MethodAndArgsCaller.run(ZygoteInit.java:865)
11-23 20:46:06.177  2313  2313 E Feed    : 	at com.android.internal.os.ZygoteInit.main(ZygoteInit.java:755)
11-23 20:46:06.242  1732  1732 I Choreographer: Skipped 39 frames!  The application may be doing too much work on its main thread.
11-23 20:46:06.359  2313  2313 D LifecycleMonitor: Lifecycle status change: br.com.catbag.gifreduxsample.ui.GifListActivity@22d3ad8 in: PRE_ON_CREATE
11-23 20:46:06.523  1237  1258 I Choreographer: Skipped 40 frames!  The application may be doing too much work on its main thread.
11-23 20:46:06.526  1237  1754 W art     : Long monitor contention with owner android.display (1258) at void com.android.server.wm.WindowAnimator$1.doFrame(long)(WindowAnimator.java:138) waiters=0 in int com.android.server.wm.WindowManagerService.relayoutWindow(com.android.server.wm.Session, android.view.IWindow, int, android.view.WindowManager$LayoutParams, int, int, int, int, android.graphics.Rect, android.graphics.Rect, android.graphics.Rect, android.graphics.Rect, android.graphics.Rect, android.graphics.Rect, android.graphics.Rect, android.content.res.Configuration, android.view.Surface) for 108ms
11-23 20:46:06.751  2313  2313 D LifecycleMonitor: Lifecycle status change: br.com.catbag.gifreduxsample.ui.GifListActivity@22d3ad8 in: CREATED
11-23 20:46:06.752  2313  2329 I DroidFlux:Dispatcher: [STARTED] dispatch of action [APP_STATE_LOAD]
11-23 20:46:06.752  2313  2329 D DroidFlux:Dispatcher: An action of type [APP_STATE_LOAD] was dispatched, but no reducer handled it
11-23 20:46:06.753  2313  2329 I DroidFlux:Dispatcher: [COMPLETED] dispatch of action [APP_STATE_LOAD]
11-23 20:46:06.753  2313  2313 D LifecycleMonitor: Lifecycle status change: br.com.catbag.gifreduxsample.ui.GifListActivity@22d3ad8 in: STARTED
11-23 20:46:06.833  1237  1258 I Choreographer: Skipped 41 frames!  The application may be doing too much work on its main thread.
11-23 20:46:06.937  2313  2313 D LifecycleMonitor: Lifecycle status change: br.com.catbag.gifreduxsample.ui.GifListActivity@22d3ad8 in: RESUMED
11-23 20:46:07.093  1237  1754 I WindowManager: Destroying surface Surface(name=com.android.launcher3/com.android.launcher3.Launcher) called by com.android.server.wm.WindowStateAnimator.destroySurface:2014 com.android.server.wm.WindowStateAnimator.destroySurfaceLocked:881 com.android.server.wm.WindowState.destroyOrSaveSurface:2073 com.android.server.wm.WindowManagerService.tryStartExitingAnimation:3017 com.android.server.wm.WindowManagerService.relayoutWindow:2897 com.android.server.wm.Session.relayout:215 android.view.IWindowSession$Stub.onTransact:286 com.android.server.wm.Session.onTransact:136 
11-23 20:46:07.098  2313  2313 I Choreographer: Skipped 40 frames!  The application may be doing too much work on its main thread.
11-23 20:46:07.149  2313  2313 E Feed    : Gif{uuid=68720f4d-3534-4147-8040-ce3a69656540, path=, url=, title=, watched=true, status=DOWNLOADED}
11-23 20:46:07.149  2313  2313 E Feed    : pl.droidsonroids.gif.GifIOException: GifError 101: Failed to open given input
11-23 20:46:07.149  2313  2313 E Feed    : 	at pl.droidsonroids.gif.GifInfoHandle.openFile(Native Method)
11-23 20:46:07.149  2313  2313 E Feed    : 	at pl.droidsonroids.gif.GifInfoHandle.<init>(GifInfoHandle.java:46)
11-23 20:46:07.149  2313  2313 E Feed    : 	at pl.droidsonroids.gif.GifDrawable.<init>(GifDrawable.java:124)
11-23 20:46:07.149  2313  2313 E Feed    : 	at br.com.catbag.gifreduxsample.ui.components.FeedComponent.createDrawable(FeedComponent.java:104)
11-23 20:46:07.149  2313  2313 E Feed    : 	at br.com.catbag.gifreduxsample.ui.components.FeedComponent.lambda$renderGifView$2(FeedComponent.java:90)
11-23 20:46:07.149  2313  2313 E Feed    : 	at br.com.catbag.gifreduxsample.ui.components.FeedComponent$$Lambda$2.view(Unknown Source)
11-23 20:46:07.149  2313  2313 E Feed    : 	at trikita.anvil.BaseDSL.v(BaseDSL.java:670)
11-23 20:46:07.149  2313  2313 E Feed    : 	at br.com.catbag.gifreduxsample.ui.components.FeedComponent.renderGifView(FeedComponent.java:88)
11-23 20:46:07.149  2313  2313 E Feed    : 	at br.com.catbag.gifreduxsample.ui.components.FeedComponent.lambda$null$0(FeedComponent.java:55)
11-23 20:46:07.149  2313  2313 E Feed    : 	at br.com.catbag.gifreduxsample.ui.components.FeedComponent$$Lambda$3.view(Unknown Source)
11-23 20:46:07.149  2313  2313 E Feed    : 	at br.com.catbag.gifreduxsample.ui.components.GifsAdapter.view(GifsAdapter.java:55)
11-23 20:46:07.149  2313  2313 E Feed    : 	at trikita.anvil.RenderableRecyclerViewAdapter$1.view(RenderableRecyclerViewAdapter.java:24)
11-23 20:46:07.149  2313  2313 E Feed    : 	at trikita.anvil.Anvil$Mount.render(Anvil.java:204)
11-23 20:46:07.149  2313  2313 E Feed    : 	at trikita.anvil.Anvil.render(Anvil.java:173)
11-23 20:46:07.149  2313  2313 E Feed    : 	at trikita.anvil.RenderableRecyclerViewAdapter.onBindViewHolder(RenderableRecyclerViewAdapter.java:27)
11-23 20:46:07.149  2313  2313 E Feed    : 	at trikita.anvil.RenderableRecyclerViewAdapter.onBindViewHolder(RenderableRecyclerViewAdapter.java:7)
11-23 20:46:07.149  2313  2313 E Feed    : 	at android.support.v7.widget.RecyclerView$Adapter.onBindViewHolder(RecyclerView.java:5768)
11-23 20:46:07.149  2313  2313 E Feed    : 	at android.support.v7.widget.RecyclerView$Adapter.bindViewHolder(RecyclerView.java:5801)
11-23 20:46:07.149  2313  2313 E Feed    : 	at android.support.v7.widget.RecyclerView$Recycler.getViewForPosition(RecyclerView.java:5037)
11-23 20:46:07.149  2313  2313 E Feed    : 	at android.support.v7.widget.RecyclerView$Recycler.getViewForPosition(RecyclerView.java:4913)
11-23 20:46:07.149  2313  2313 E Feed    : 	at android.support.v7.widget.LinearLayoutManager$LayoutState.next(LinearLayoutManager.java:2029)
11-23 20:46:07.149  2313  2313 E Feed    : 	at android.support.v7.widget.LinearLayoutManager.layoutChunk(LinearLayoutManager.java:1414)
11-23 20:46:07.149  2313  2313 E Feed    : 	at android.support.v7.widget.LinearLayoutManager.fill(LinearLayoutManager.java:1377)
11-23 20:46:07.149  2313  2313 E Feed    : 	at android.support.v7.widget.LinearLayoutManager.onLayoutChildren(LinearLayoutManager.java:578)
11-23 20:46:07.149  2313  2313 E Feed    : 	at android.support.v7.widget.RecyclerView.dispatchLayoutStep2(RecyclerView.java:3260)
11-23 20:46:07.149  2313  2313 E Feed    : 	at android.support.v7.widget.RecyclerView.dispatchLayout(RecyclerView.java:3069)
11-23 20:46:07.149  2313  2313 E Feed    : 	at android.support.v7.widget.RecyclerView.onLayout(RecyclerView.java:3518)
11-23 20:46:07.149  2313  2313 E Feed    : 	at android.view.View.layout(View.java:17520)
11-23 20:46:07.149  2313  2313 E Feed    : 	at android.view.ViewGroup.layout(ViewGroup.java:5612)
11-23 20:46:07.149  2313  2313 E Feed    : 	at android.widget.FrameLayout.layoutChildren(FrameLayout.java:323)
11-23 20:46:07.149  2313  2313 E Feed    : 	at android.widget.FrameLayout.onLayout(FrameLayout.java:261)
11-23 20:46:07.149  2313  2313 E Feed    : 	at android.view.View.layout(View.java:17520)
11-23 20:46:07.149  2313  2313 E Feed    : 	at android.view.ViewGroup.layout(ViewGroup.java:5612)
11-23 20:46:07.149  2313  2313 E Feed    : 	at android.widget.RelativeLayout.onLayout(RelativeLayout.java:1079)
11-23 20:46:07.149  2313  2313 E Feed    : 	at android.view.View.layout(View.java:17520)
11-23 20:46:07.149  2313  2313 E Feed    : 	at android.view.ViewGroup.layout(ViewGroup.java:5612)
11-23 20:46:07.149  2313  2313 E Feed    : 	at android.widget.FrameLayout.layoutChildren(FrameLayout.java:323)
11-23 20:46:07.149  2313  2313 E Feed    : 	at android.widget.FrameLayout.onLayout(FrameLayout.java:261)
11-23 20:46:07.149  2313  2313 E Feed    : 	at android.view.View.layout(View.java:17520)
11-23 20:46:07.149  2313  2313 E Feed    : 	at android.view.ViewGroup.layout(ViewGroup.java:5612)
11-23 20:46:07.149  2313  2313 E Feed    : 	at android.support.v7.widget.ActionBarOverlayLayout.onLayout(ActionBarOverlayLayout.java:435)
11-23 20:46:07.149  2313  2313 E Feed    : 	at android.view.View.layout(View.java:17520)
11-23 20:46:07.149  2313  2313 E Feed    : 	at android.view.ViewGroup.layout(ViewGroup.java:5612)
11-23 20:46:07.149  2313  2313 E Feed    : 	at android.widget.FrameLayout.layoutChildren(FrameLayout.java:323)
11-23 20:46:07.149  2313  2313 E Feed    : 	at android.widget.FrameLayout.onLayout(FrameLayout.java:261)
11-23 20:46:07.149  2313  2313 E Feed    : 	at android.view.View.layout(View.java:17520)
11-23 20:46:07.149  2313  2313 E Feed    : 	at android.view.ViewGroup.layout(ViewGroup.java:5612)
11-23 20:46:07.149  2313  2313 E Feed    : 	at android.widget.LinearLayout.setChildFrame(LinearLayout.java:1741)
11-23 20:46:07.149  2313  2313 E Feed    : 	at android.widget.LinearLayout.layoutVertical(LinearLayout.java:1585)
11-23 20:46:07.149  2313  2313 E Feed    : 	at android.widget.LinearLayout.onLayout(LinearLayout.java:1494)
11-23 20:46:07.149  2313  2313 E Feed    : 	at android.view.View.layout(View.java:17520)
11-23 20:46:07.149  2313  2313 E Feed    : 	at android.view.ViewGroup.layout(ViewGroup.java:5612)
11-23 20:46:07.149  2313  2313 E Feed    : 	at android.widget.FrameLayout.layoutChildren(FrameLayout.java:323)
11-23 20:46:07.149  2313  2313 E Feed    : 	at android.widget.FrameLayout.onLayout(FrameLayout.java:261)
11-23 20:46:07.149  2313  2313 E Feed    : 	at com.android.internal.policy.DecorView.onLayout(DecorView.java:724)
11-23 20:46:07.149  2313  2313 E Feed    : 	at android.view.View.layout(View.java:17520)
11-23 20:46:07.149  2313  2313 E Feed    : 	at android.view.ViewGroup.layout(ViewGroup.java:5612)
11-23 20:46:07.149  2313  2313 E Feed    : 	at android.view.ViewRootImpl.performLayout(ViewRootImpl.java:2342)
11-23 20:46:07.149  2313  2313 E Feed    : 	at android.view.ViewRootImpl.performTraversals(ViewRootImpl.java:2069)
11-23 20:46:07.149  2313  2313 E Feed    : 	at android.view.ViewRootImpl.doTraversal(ViewRootImpl.java:1246)
11-23 20:46:07.149  2313  2313 E Feed    : 	at android.view.ViewRootImpl$TraversalRunnable.run(ViewRootImpl.java:6301)
11-23 20:46:07.149  2313  2313 E Feed    : 	at android.view.Choreographer$CallbackRecord.run(Choreographer.java:871)
11-23 20:46:07.149  2313  2313 E Feed    : 	at android.view.Choreographer.doCallbacks(Choreographer.java:683)
11-23 20:46:07.149  2313  2313 E Feed    : 	at android.view.Choreographer.doFrame(Choreographer.java:619)
11-23 20:46:07.149  2313  2313 E Feed    : 	at android.view.Choreographer$FrameDisplayEventReceiver.run(Choreographer.java:857)
11-23 20:46:07.149  2313  2313 E Feed    : 	at android.os.Handler.handleCallback(Handler.java:751)
11-23 20:46:07.149  2313  2313 E Feed    : 	at android.os.Handler.dispatchMessage(Handler.java:95)
11-23 20:46:07.149  2313  2313 E Feed    : 	at android.os.Looper.loop(Looper.java:154)
11-23 20:46:07.149  2313  2313 E Feed    : 	at android.app.ActivityThread.main(ActivityThread.java:6077)
11-23 20:46:07.149  2313  2313 E Feed    : 	at java.lang.reflect.Method.invoke(Native Method)
11-23 20:46:07.149  2313  2313 E Feed    : 	at com.android.internal.os.ZygoteInit$MethodAndArgsCaller.run(ZygoteInit.java:865)
11-23 20:46:07.149  2313  2313 E Feed    : 	at com.android.internal.os.ZygoteInit.main(ZygoteInit.java:755)
11-23 20:46:07.153  1237  1258 I Choreographer: Skipped 36 frames!  The application may be doing too much work on its main thread.
11-23 20:46:07.350  1237  1258 I ActivityManager: Displayed br.com.catbag.gifreduxsample/.ui.GifListActivity: +1s52ms
11-23 20:46:07.359  2313  2313 D LifecycleMonitor: Lifecycle status change: br.com.catbag.gifreduxsample.ui.GifListActivity@71a9265 in: STOPPED
11-23 20:46:07.360  2313  2313 D LifecycleMonitor: Lifecycle status change: br.com.catbag.gifreduxsample.ui.GifListActivity@71a9265 in: DESTROYED
11-23 20:46:07.368  1237  1754 I WindowManager: Destroying surface Surface(name=br.com.catbag.gifreduxsample/br.com.catbag.gifreduxsample.ui.GifListActivity) called by com.android.server.wm.WindowStateAnimator.destroySurface:2014 com.android.server.wm.WindowStateAnimator.destroySurfaceLocked:881 com.android.server.wm.WindowState.removeLocked:1449 com.android.server.wm.WindowManagerService.removeWindowInnerLocked:2478 com.android.server.wm.WindowManagerService.removeWindowLocked:2436 com.android.server.wm.WindowManagerService.removeWindowLocked:2305 com.android.server.wm.WindowManagerService.removeWindow:2300 com.android.server.wm.Session.remove:193 
11-23 20:46:07.623  1237  1258 I WindowManager: Destroying surface Surface(name=Starting br.com.catbag.gifreduxsample) called by com.android.server.wm.WindowStateAnimator.destroySurface:2014 com.android.server.wm.WindowStateAnimator.destroySurfaceLocked:881 com.android.server.wm.WindowState.destroyOrSaveSurface:2073 com.android.server.wm.AppWindowToken.destroySurfaces:363 com.android.server.wm.WindowStateAnimator.finishExit:565 com.android.server.wm.WindowStateAnimator.stepAnimationLocked:491 com.android.server.wm.WindowAnimator.updateWindowsLocked:303 com.android.server.wm.WindowAnimator.animateLocked:704 
11-23 20:46:09.274  1237  1247 I art     : Background sticky concurrent mark sweep GC freed 29417(1948KB) AllocSpace objects, 10(200KB) LOS objects, 29% free, 7MB/10MB, paused 9.209ms total 107.054ms
11-23 20:46:09.692  1237  1324 E TaskPersister: File error accessing recents directory (directory doesn't exist?).
11-23 20:46:13.500  2313  2324 I art     : Background sticky concurrent mark sweep GC freed 94931(2MB) AllocSpace objects, 2(32KB) LOS objects, 33% free, 6MB/9MB, paused 7.481ms total 151.986ms
11-23 20:46:35.918  2313  2313 D LifecycleMonitor: Lifecycle status change: br.com.catbag.gifreduxsample.ui.GifListActivity@22d3ad8 in: PAUSED
11-23 20:46:35.970  2313  2328 I TestRunner: failed: whenGifIsWatchedTest(br.com.catbag.gifreduxsample.ui.giflist.GifListActivityTest)
11-23 20:46:35.983  2313  2328 I TestRunner: ----- begin exception -----
11-23 20:46:35.984  2313  2328 I TestRunner: java.lang.RuntimeException: Waited for the root of the view hierarchy to have window focus and not be requesting layout for over 10 seconds. If you specified a non default root matcher, it may be picking a root that never takes focus. Otherwise, something is seriously wrong. Selected Root:
11-23 20:46:35.984  2313  2328 I TestRunner: Root{application-window-token=android.view.ViewRootImpl$W@6a9304c, window-token=android.view.ViewRootImpl$W@6a9304c, has-window-focus=false, layout-params-type=1, layout-params-string=WM.LayoutParams{(0,0)(fillxfill) sim=#100 ty=1 fl=#81810100 wanim=0x1030465 needsMenuKey=2}, decor-view-string=DecorView{id=-1, visibility=VISIBLE, width=480, height=800, has-focus=true, has-focusable=true, has-window-focus=false, is-clickable=false, is-enabled=true, is-focused=false, is-focusable=false, is-layout-requested=false, is-selected=false, root-is-layout-requested=false, has-input-connection=false, x=0.0, y=0.0, child-count=1}}
11-23 20:46:35.984  2313  2328 I TestRunner: . All Roots:
11-23 20:46:35.984  2313  2328 I TestRunner: Root{application-window-token=android.view.ViewRootImpl$W@6a9304c, window-token=android.view.ViewRootImpl$W@6a9304c, has-window-focus=false, layout-params-type=1, layout-params-string=WM.LayoutParams{(0,0)(fillxfill) sim=#100 ty=1 fl=#81810100 wanim=0x1030465 needsMenuKey=2}, decor-view-string=DecorView{id=-1, visibility=VISIBLE, width=480, height=800, has-focus=true, has-focusable=true, has-window-focus=false, is-clickable=false, is-enabled=true, is-focused=false, is-focusable=false, is-layout-requested=false, is-selected=false, root-is-layout-requested=false, has-input-connection=false, x=0.0, y=0.0, child-count=1}}
11-23 20:46:35.984  2313  2328 I TestRunner: 	at android.support.test.espresso.base.RootViewPicker.get(RootViewPicker.java:99)
11-23 20:46:35.984  2313  2328 I TestRunner: 	at android.support.test.espresso.ViewInteractionModule.provideRootView(ViewInteractionModule.java:69)
11-23 20:46:35.984  2313  2328 I TestRunner: 	at android.support.test.espresso.ViewInteractionModule_ProvideRootViewFactory.get(ViewInteractionModule_ProvideRootViewFactory.java:23)
11-23 20:46:35.984  2313  2328 I TestRunner: 	at android.support.test.espresso.ViewInteractionModule_ProvideRootViewFactory.get(ViewInteractionModule_ProvideRootViewFactory.java:9)
11-23 20:46:35.984  2313  2328 I TestRunner: 	at android.support.test.espresso.base.ViewFinderImpl.getView(ViewFinderImpl.java:68)
11-23 20:46:35.984  2313  2328 I TestRunner: 	at android.support.test.espresso.ViewInteraction$2.run(ViewInteraction.java:166)
11-23 20:46:35.984  2313  2328 I TestRunner: 	at java.util.concurrent.Executors$RunnableAdapter.call(Executors.java:428)
11-23 20:46:35.984  2313  2328 I TestRunner: 	at java.util.concurrent.FutureTask.run(FutureTask.java:237)
11-23 20:46:35.984  2313  2328 I TestRunner: 	at android.os.Handler.handleCallback(Handler.java:751)
11-23 20:46:35.984  2313  2328 I TestRunner: 	at android.os.Handler.dispatchMessage(Handler.java:95)
11-23 20:46:35.984  2313  2328 I TestRunner: 	at android.os.Looper.loop(Looper.java:154)
11-23 20:46:35.984  2313  2328 I TestRunner: 	at android.app.ActivityThread.main(ActivityThread.java:6077)
11-23 20:46:35.984  2313  2328 I TestRunner: 	at java.lang.reflect.Method.invoke(Native Method)
11-23 20:46:35.984  2313  2328 I TestRunner: 	at com.android.internal.os.ZygoteInit$MethodAndArgsCaller.run(ZygoteInit.java:865)
11-23 20:46:35.984  2313  2328 I TestRunner: 	at com.android.internal.os.ZygoteInit.main(ZygoteInit.java:755)
11-23 20:46:35.984  2313  2328 I TestRunner: ----- end exception -----
11-23 20:46:35.985  2313  2328 I TestRunner: finished: whenGifIsWatchedTest(br.com.catbag.gifreduxsample.ui.giflist.GifListActivityTest)
11-23 20:46:36.000   977   977 D gralloc : Registering a buffer in the process that created it. This may cause memory ordering problems.
11-23 20:46:36.000   977   977 E libEGL  : called unimplemented OpenGL ES API
11-23 20:46:36.002   977   977 E SurfaceFlinger: glCheckFramebufferStatusOES error 869012299
11-23 20:46:36.002   977   977 E SurfaceFlinger: got GL_FRAMEBUFFER_COMPLETE_OES error while taking screenshot
11-23 20:46:36.004  1237  2137 W WindowManager: Screenshot failure taking screenshot for (480x800) to layer 21000
11-23 20:46:36.013  2313  2313 I MonitoringInstrumentation: Activities that are still in CREATED to STOPPED: 1
11-23 20:46:36.015  2313  2328 I TestRunner: started: whenScrollUpAndPlayFirstItemTest(br.com.catbag.gifreduxsample.ui.giflist.GifListActivityTest)
11-23 20:46:36.017  2313  2313 I MonitoringInstrumentation: Activities that are still in CREATED to STOPPED: 1
11-23 20:46:36.190  2313  2329 I DroidFlux:Dispatcher: [STARTED] dispatch of action [FAKE_REDUCE_ACTION]
11-23 20:46:36.299  2313  2329 I DroidFlux:Dispatcher: [COMPLETED] dispatch of action [FAKE_REDUCE_ACTION]
11-23 20:46:36.342  2313  2364 D ActivityTestRule: Launching activity br.com.catbag.gifreduxsample.ui.GifListActivity
11-23 20:46:36.385  2313  2365 D MonitoringInstrumentation: execStartActivity(context, ibinder, ibinder, activity, intent, int, bundle
11-23 20:46:36.386  1237  2135 I ActivityManager: START u0 {flg=0x10000000 cmp=br.com.catbag.gifreduxsample/.ui.GifListActivity} from uid 10060 on display 0
11-23 20:46:36.668  2313  2313 D LifecycleMonitor: Lifecycle status change: br.com.catbag.gifreduxsample.ui.GifListActivity@56a38b in: PRE_ON_CREATE
11-23 20:46:36.726  1237  2134 I WindowManager: Destroying surface Surface(name=com.android.launcher3/com.android.launcher3.Launcher) called by com.android.server.wm.WindowStateAnimator.destroySurface:2014 com.android.server.wm.WindowStateAnimator.destroySurfaceLocked:881 com.android.server.wm.WindowState.destroyOrSaveSurface:2073 com.android.server.wm.WindowManagerService.tryStartExitingAnimation:3017 com.android.server.wm.WindowManagerService.relayoutWindow:2897 com.android.server.wm.Session.relayout:215 android.view.IWindowSession$Stub.onTransact:286 com.android.server.wm.Session.onTransact:136 
11-23 20:46:36.822  2313  2313 D LifecycleMonitor: Lifecycle status change: br.com.catbag.gifreduxsample.ui.GifListActivity@56a38b in: CREATED
11-23 20:46:36.852  2313  2329 I DroidFlux:Dispatcher: [STARTED] dispatch of action [APP_STATE_LOAD]
11-23 20:46:36.853  2313  2329 D DroidFlux:Dispatcher: An action of type [APP_STATE_LOAD] was dispatched, but no reducer handled it
11-23 20:46:36.853  2313  2329 I DroidFlux:Dispatcher: [COMPLETED] dispatch of action [APP_STATE_LOAD]
11-23 20:46:36.859  2313  2313 D LifecycleMonitor: Lifecycle status change: br.com.catbag.gifreduxsample.ui.GifListActivity@56a38b in: STARTED
11-23 20:46:36.865  2313  2313 D LifecycleMonitor: Lifecycle status change: br.com.catbag.gifreduxsample.ui.GifListActivity@56a38b in: RESUMED
11-23 20:46:36.898  2313  2313 D LifecycleMonitor: Lifecycle status change: br.com.catbag.gifreduxsample.ui.GifListActivity@22d3ad8 in: STOPPED
11-23 20:46:36.899  2313  2313 D LifecycleMonitor: Lifecycle status change: br.com.catbag.gifreduxsample.ui.GifListActivity@22d3ad8 in: DESTROYED
11-23 20:46:36.931  1237  1437 I WindowManager: Destroying surface Surface(name=br.com.catbag.gifreduxsample/br.com.catbag.gifreduxsample.ui.GifListActivity) called by com.android.server.wm.WindowStateAnimator.destroySurface:2014 com.android.server.wm.WindowStateAnimator.destroySurfaceLocked:881 com.android.server.wm.WindowState.removeLocked:1449 com.android.server.wm.WindowManagerService.removeWindowInnerLocked:2478 com.android.server.wm.WindowManagerService.removeWindowLocked:2436 com.android.server.wm.WindowManagerService.removeWindowLocked:2305 com.android.server.wm.WindowManagerService.removeWindow:2300 com.android.server.wm.Session.remove:193 
11-23 20:46:37.082  1237  1258 I Choreographer: Skipped 33 frames!  The application may be doing too much work on its main thread.
11-23 20:46:37.249  1237  1258 I ActivityManager: Displayed br.com.catbag.gifreduxsample/.ui.GifListActivity: +624ms
11-23 20:46:37.517  1237  1258 I WindowManager: Destroying surface Surface(name=Starting br.com.catbag.gifreduxsample) called by com.android.server.wm.WindowStateAnimator.destroySurface:2014 com.android.server.wm.WindowStateAnimator.destroySurfaceLocked:881 com.android.server.wm.WindowState.destroyOrSaveSurface:2073 com.android.server.wm.AppWindowToken.destroySurfaces:363 com.android.server.wm.WindowStateAnimator.finishExit:565 com.android.server.wm.WindowStateAnimator.stepAnimationLocked:491 com.android.server.wm.WindowAnimator.updateWindowsLocked:303 com.android.server.wm.WindowAnimator.animateLocked:704 
11-23 20:46:37.567  2313  2324 I art     : Background sticky concurrent mark sweep GC freed 61032(1856KB) AllocSpace objects, 0(0B) LOS objects, 21% free, 7MB/9MB, paused 31.100ms total 464.370ms
11-23 20:46:40.083  1237  1324 E TaskPersister: File error accessing recents directory (directory doesn't exist?).
11-23 20:47:06.380  2313  2313 D LifecycleMonitor: Lifecycle status change: br.com.catbag.gifreduxsample.ui.GifListActivity@56a38b in: PAUSED
11-23 20:47:06.401  2313  2328 I TestRunner: failed: whenScrollUpAndPlayFirstItemTest(br.com.catbag.gifreduxsample.ui.giflist.GifListActivityTest)
11-23 20:47:06.401  2313  2328 I TestRunner: ----- begin exception -----
11-23 20:47:06.402  2313  2328 I TestRunner: java.lang.RuntimeException: Waited for the root of the view hierarchy to have window focus and not be requesting layout for over 10 seconds. If you specified a non default root matcher, it may be picking a root that never takes focus. Otherwise, something is seriously wrong. Selected Root:
11-23 20:47:06.402  2313  2328 I TestRunner: Root{application-window-token=android.view.ViewRootImpl$W@8def8ba, window-token=android.view.ViewRootImpl$W@8def8ba, has-window-focus=false, layout-params-type=1, layout-params-string=WM.LayoutParams{(0,0)(fillxfill) sim=#100 ty=1 fl=#81810100 wanim=0x1030465 needsMenuKey=2}, decor-view-string=DecorView{id=-1, visibility=VISIBLE, width=480, height=800, has-focus=true, has-focusable=true, has-window-focus=false, is-clickable=false, is-enabled=true, is-focused=false, is-focusable=false, is-layout-requested=false, is-selected=false, root-is-layout-requested=false, has-input-connection=false, x=0.0, y=0.0, child-count=1}}
11-23 20:47:06.402  2313  2328 I TestRunner: . All Roots:
11-23 20:47:06.402  2313  2328 I TestRunner: Root{application-window-token=android.view.ViewRootImpl$W@8def8ba, window-token=android.view.ViewRootImpl$W@8def8ba, has-window-focus=false, layout-params-type=1, layout-params-string=WM.LayoutParams{(0,0)(fillxfill) sim=#100 ty=1 fl=#81810100 wanim=0x1030465 needsMenuKey=2}, decor-view-string=DecorView{id=-1, visibility=VISIBLE, width=480, height=800, has-focus=true, has-focusable=true, has-window-focus=false, is-clickable=false, is-enabled=true, is-focused=false, is-focusable=false, is-layout-requested=false, is-selected=false, root-is-layout-requested=false, has-input-connection=false, x=0.0, y=0.0, child-count=1}}
11-23 20:47:06.402  2313  2328 I TestRunner: 	at android.support.test.espresso.base.RootViewPicker.get(RootViewPicker.java:99)
11-23 20:47:06.402  2313  2328 I TestRunner: 	at android.support.test.espresso.ViewInteractionModule.provideRootView(ViewInteractionModule.java:69)
11-23 20:47:06.402  2313  2328 I TestRunner: 	at android.support.test.espresso.ViewInteractionModule_ProvideRootViewFactory.get(ViewInteractionModule_ProvideRootViewFactory.java:23)
11-23 20:47:06.402  2313  2328 I TestRunner: 	at android.support.test.espresso.ViewInteractionModule_ProvideRootViewFactory.get(ViewInteractionModule_ProvideRootViewFactory.java:9)
11-23 20:47:06.402  2313  2328 I TestRunner: 	at android.support.test.espresso.base.ViewFinderImpl.getView(ViewFinderImpl.java:68)
11-23 20:47:06.402  2313  2328 I TestRunner: 	at android.support.test.espresso.ViewInteraction$1.run(ViewInteraction.java:120)
11-23 20:47:06.402  2313  2328 I TestRunner: 	at java.util.concurrent.Executors$RunnableAdapter.call(Executors.java:428)
11-23 20:47:06.402  2313  2328 I TestRunner: 	at java.util.concurrent.FutureTask.run(FutureTask.java:237)
11-23 20:47:06.402  2313  2328 I TestRunner: 	at android.os.Handler.handleCallback(Handler.java:751)
11-23 20:47:06.402  2313  2328 I TestRunner: 	at android.os.Handler.dispatchMessage(Handler.java:95)
11-23 20:47:06.402  2313  2328 I TestRunner: 	at android.os.Looper.loop(Looper.java:154)
11-23 20:47:06.402  2313  2328 I TestRunner: 	at android.app.ActivityThread.main(ActivityThread.java:6077)
11-23 20:47:06.402  2313  2328 I TestRunner: 	at java.lang.reflect.Method.invoke(Native Method)
11-23 20:47:06.402  2313  2328 I TestRunner: 	at com.android.internal.os.ZygoteInit$MethodAndArgsCaller.run(ZygoteInit.java:865)
11-23 20:47:06.402  2313  2328 I TestRunner: 	at com.android.internal.os.ZygoteInit.main(ZygoteInit.java:755)
11-23 20:47:06.403  2313  2328 I TestRunner: ----- end exception -----
11-23 20:47:06.403  2313  2328 I TestRunner: finished: whenScrollUpAndPlayFirstItemTest(br.com.catbag.gifreduxsample.ui.giflist.GifListActivityTest)
11-23 20:47:06.556   977   977 D gralloc : Registering a buffer in the process that created it. This may cause memory ordering problems.
11-23 20:47:06.556   977   977 E libEGL  : called unimplemented OpenGL ES API
11-23 20:47:06.556   977   977 E SurfaceFlinger: glCheckFramebufferStatusOES error 869012299
11-23 20:47:06.556   977   977 E SurfaceFlinger: got GL_FRAMEBUFFER_COMPLETE_OES error while taking screenshot
11-23 20:47:06.558  1237  1753 W WindowManager: Screenshot failure taking screenshot for (480x800) to layer 21000
11-23 20:47:06.599  1237  1252 W art     : Long monitor contention with owner Binder:1237_A (1753) at void com.android.server.am.ActivityManagerService.activityPaused(android.os.IBinder)(ActivityManagerService.java:6849) waiters=2 in void com.android.server.am.ActivityManagerService.dispatchProcessesChanged() for 102ms
11-23 20:47:06.613  2313  2313 I MonitoringInstrumentation: Activities that are still in CREATED to STOPPED: 1
11-23 20:47:06.616  2313  2328 I TestRunner: started: whenGifIsDownloadedTest(br.com.catbag.gifreduxsample.ui.giflist.GifListActivityTest)
11-23 20:47:06.617  2313  2313 I MonitoringInstrumentation: Activities that are still in CREATED to STOPPED: 1
11-23 20:47:07.122  2313  2329 I DroidFlux:Dispatcher: [STARTED] dispatch of action [FAKE_REDUCE_ACTION]
11-23 20:47:07.123  2313  2329 I DroidFlux:Dispatcher: [COMPLETED] dispatch of action [FAKE_REDUCE_ACTION]
11-23 20:47:07.124  2313  2369 D ActivityTestRule: Launching activity br.com.catbag.gifreduxsample.ui.GifListActivity
11-23 20:47:07.130  2313  2370 D MonitoringInstrumentation: execStartActivity(context, ibinder, ibinder, activity, intent, int, bundle
11-23 20:47:07.135  1237  2133 I ActivityManager: START u0 {flg=0x10000000 cmp=br.com.catbag.gifreduxsample/.ui.GifListActivity} from uid 10060 on display 0
11-23 20:47:07.174  2313  2313 I Choreographer: Skipped 32 frames!  The application may be doing too much work on its main thread.
11-23 20:47:07.364  1237  1251 W art     : Long monitor contention with owner Binder:1237_C (2133) at int com.android.server.am.ActivityStarter.startActivityMayWait(android.app.IApplicationThread, int, java.lang.String, android.content.Intent, java.lang.String, android.service.voice.IVoiceInteractionSession, com.android.internal.app.IVoiceInteractor, android.os.IBinder, java.lang.String, int, int, android.app.ProfilerInfo, android.app.IActivityManager$WaitResult, android.content.res.Configuration, android.os.Bundle, boolean, int, android.app.IActivityContainer, com.android.server.am.TaskRecord)(ActivityStarter.java:725) waiters=0 in void com.android.server.am.ActivityManagerService$MainHandler.handleMessage(android.os.Message) for 206ms
11-23 20:47:07.390  2313  2324 I art     : Background partial concurrent mark sweep GC freed 76808(2MB) AllocSpace objects, 0(0B) LOS objects, 33% free, 7MB/11MB, paused 6.680ms total 1.017s
11-23 20:47:07.523  1732  1732 I Choreographer: Skipped 30 frames!  The application may be doing too much work on its main thread.
11-23 20:47:07.534  1237  1753 I WindowManager: Destroying surface Surface(name=com.android.launcher3/com.android.launcher3.Launcher) called by com.android.server.wm.WindowStateAnimator.destroySurface:2014 com.android.server.wm.WindowStateAnimator.destroySurfaceLocked:881 com.android.server.wm.WindowState.destroyOrSaveSurface:2073 com.android.server.wm.WindowManagerService.tryStartExitingAnimation:3017 com.android.server.wm.WindowManagerService.relayoutWindow:2897 com.android.server.wm.Session.relayout:215 android.view.IWindowSession$Stub.onTransact:286 com.android.server.wm.Session.onTransact:136 
11-23 20:47:07.604  2313  2313 D LifecycleMonitor: Lifecycle status change: br.com.catbag.gifreduxsample.ui.GifListActivity@6c8fd36 in: PRE_ON_CREATE
11-23 20:47:07.661  2313  2313 D LifecycleMonitor: Lifecycle status change: br.com.catbag.gifreduxsample.ui.GifListActivity@6c8fd36 in: CREATED
11-23 20:47:07.662  2313  2329 I DroidFlux:Dispatcher: [STARTED] dispatch of action [APP_STATE_LOAD]
11-23 20:47:07.663  2313  2329 D DroidFlux:Dispatcher: An action of type [APP_STATE_LOAD] was dispatched, but no reducer handled it
11-23 20:47:07.663  2313  2329 I DroidFlux:Dispatcher: [COMPLETED] dispatch of action [APP_STATE_LOAD]
11-23 20:47:07.663  2313  2313 D LifecycleMonitor: Lifecycle status change: br.com.catbag.gifreduxsample.ui.GifListActivity@6c8fd36 in: STARTED
11-23 20:47:07.666  2313  2313 D LifecycleMonitor: Lifecycle status change: br.com.catbag.gifreduxsample.ui.GifListActivity@6c8fd36 in: RESUMED
11-23 20:47:07.783  1237  1753 W art     : Long monitor contention with owner android.display (1258) at void com.android.server.wm.WindowAnimator$1.doFrame(long)(WindowAnimator.java:138) waiters=0 in int com.android.server.wm.WindowManagerService.addWindow(com.android.server.wm.Session, android.view.IWindow, int, android.view.WindowManager$LayoutParams, int, int, android.graphics.Rect, android.graphics.Rect, android.graphics.Rect, android.view.InputChannel) for 113ms
11-23 20:47:07.793  1237  1258 I Choreographer: Skipped 38 frames!  The application may be doing too much work on its main thread.
11-23 20:47:08.200  2313  2313 I Choreographer: Skipped 54 frames!  The application may be doing too much work on its main thread.
11-23 20:47:08.267  1237  1258 I ActivityManager: Displayed br.com.catbag.gifreduxsample/.ui.GifListActivity: +832ms
11-23 20:47:08.287  2313  2313 D LifecycleMonitor: Lifecycle status change: br.com.catbag.gifreduxsample.ui.GifListActivity@56a38b in: STOPPED
11-23 20:47:08.288  2313  2313 D LifecycleMonitor: Lifecycle status change: br.com.catbag.gifreduxsample.ui.GifListActivity@56a38b in: DESTROYED
11-23 20:47:08.290  1237  1753 I WindowManager: Destroying surface Surface(name=br.com.catbag.gifreduxsample/br.com.catbag.gifreduxsample.ui.GifListActivity) called by com.android.server.wm.WindowStateAnimator.destroySurface:2014 com.android.server.wm.WindowStateAnimator.destroySurfaceLocked:881 com.android.server.wm.WindowState.removeLocked:1449 com.android.server.wm.WindowManagerService.removeWindowInnerLocked:2478 com.android.server.wm.WindowManagerService.removeWindowLocked:2436 com.android.server.wm.WindowManagerService.removeWindowLocked:2305 com.android.server.wm.WindowManagerService.removeWindow:2300 com.android.server.wm.Session.remove:193 
11-23 20:47:08.565  1237  1258 I WindowManager: Destroying surface Surface(name=Starting br.com.catbag.gifreduxsample) called by com.android.server.wm.WindowStateAnimator.destroySurface:2014 com.android.server.wm.WindowStateAnimator.destroySurfaceLocked:881 com.android.server.wm.WindowState.destroyOrSaveSurface:2073 com.android.server.wm.AppWindowToken.destroySurfaces:363 com.android.server.wm.WindowStateAnimator.finishExit:565 com.android.server.wm.WindowStateAnimator.stepAnimationLocked:491 com.android.server.wm.WindowAnimator.updateWindowsLocked:303 com.android.server.wm.WindowAnimator.animateLocked:704 
11-23 20:47:10.696  1237  1324 E TaskPersister: File error accessing recents directory (directory doesn't exist?).
11-23 20:47:37.013  2313  2328 I TestRunner: failed: whenGifIsDownloadedTest(br.com.catbag.gifreduxsample.ui.giflist.GifListActivityTest)
11-23 20:47:37.014  2313  2328 I TestRunner: ----- begin exception -----
11-23 20:47:37.014  2313  2328 I TestRunner: java.lang.RuntimeException: Waited for the root of the view hierarchy to have window focus and not be requesting layout for over 10 seconds. If you specified a non default root matcher, it may be picking a root that never takes focus. Otherwise, something is seriously wrong. Selected Root:
11-23 20:47:37.014  2313  2328 I TestRunner: Root{application-window-token=android.view.ViewRootImpl$W@a5cff35, window-token=android.view.ViewRootImpl$W@a5cff35, has-window-focus=false, layout-params-type=1, layout-params-string=WM.LayoutParams{(0,0)(fillxfill) sim=#100 ty=1 fl=#81810100 wanim=0x1030465 needsMenuKey=2}, decor-view-string=DecorView{id=-1, visibility=VISIBLE, width=480, height=800, has-focus=true, has-focusable=true, has-window-focus=false, is-clickable=false, is-enabled=true, is-focused=false, is-focusable=false, is-layout-requested=false, is-selected=false, root-is-layout-requested=false, has-input-connection=false, x=0.0, y=0.0, child-count=1}}
11-23 20:47:37.014  2313  2328 I TestRunner: . All Roots:
11-23 20:47:37.014  2313  2328 I TestRunner: Root{application-window-token=android.view.ViewRootImpl$W@a5cff35, window-token=android.view.ViewRootImpl$W@a5cff35, has-window-focus=false, layout-params-type=1, layout-params-string=WM.LayoutParams{(0,0)(fillxfill) sim=#100 ty=1 fl=#81810100 wanim=0x1030465 needsMenuKey=2}, decor-view-string=DecorView{id=-1, visibility=VISIBLE, width=480, height=800, has-focus=true, has-focusable=true, has-window-focus=false, is-clickable=false, is-enabled=true, is-focused=false, is-focusable=false, is-layout-requested=false, is-selected=false, root-is-layout-requested=false, has-input-connection=false, x=0.0, y=0.0, child-count=1}}
11-23 20:47:37.014  2313  2328 I TestRunner: 	at android.support.test.espresso.base.RootViewPicker.get(RootViewPicker.java:99)
11-23 20:47:37.014  2313  2328 I TestRunner: 	at android.support.test.espresso.ViewInteractionModule.provideRootView(ViewInteractionModule.java:69)
11-23 20:47:37.014  2313  2328 I TestRunner: 	at android.support.test.espresso.ViewInteractionModule_ProvideRootViewFactory.get(ViewInteractionModule_ProvideRootViewFactory.java:23)
11-23 20:47:37.014  2313  2328 I TestRunner: 	at android.support.test.espresso.ViewInteractionModule_ProvideRootViewFactory.get(ViewInteractionModule_ProvideRootViewFactory.java:9)
11-23 20:47:37.014  2313  2328 I TestRunner: 	at android.support.test.espresso.base.ViewFinderImpl.getView(ViewFinderImpl.java:68)
11-23 20:47:37.014  2313  2328 I TestRunner: 	at android.support.test.espresso.ViewInteraction$2.run(ViewInteraction.java:166)
11-23 20:47:37.014  2313  2328 I TestRunner: 	at java.util.concurrent.Executors$RunnableAdapter.call(Executors.java:428)
11-23 20:47:37.014  2313  2328 I TestRunner: 	at java.util.concurrent.FutureTask.run(FutureTask.java:237)
11-23 20:47:37.014  2313  2328 I TestRunner: 	at android.os.Handler.handleCallback(Handler.java:751)
11-23 20:47:37.014  2313  2328 I TestRunner: 	at android.os.Handler.dispatchMessage(Handler.java:95)
11-23 20:47:37.014  2313  2328 I TestRunner: 	at android.os.Looper.loop(Looper.java:154)
11-23 20:47:37.014  2313  2328 I TestRunner: 	at android.app.ActivityThread.main(ActivityThread.java:6077)
11-23 20:47:37.014  2313  2328 I TestRunner: 	at java.lang.reflect.Method.invoke(Native Method)
11-23 20:47:37.014  2313  2328 I TestRunner: 	at com.android.internal.os.ZygoteInit$MethodAndArgsCaller.run(ZygoteInit.java:865)
11-23 20:47:37.014  2313  2328 I TestRunner: 	at com.android.internal.os.ZygoteInit.main(ZygoteInit.java:755)
11-23 20:47:37.015  2313  2328 I TestRunner: ----- end exception -----
11-23 20:47:37.015  2313  2328 I TestRunner: finished: whenGifIsDownloadedTest(br.com.catbag.gifreduxsample.ui.giflist.GifListActivityTest)
11-23 20:47:37.054  2313  2313 D LifecycleMonitor: Lifecycle status change: br.com.catbag.gifreduxsample.ui.GifListActivity@6c8fd36 in: PAUSED
11-23 20:47:37.155   977   977 D gralloc : Registering a buffer in the process that created it. This may cause memory ordering problems.
11-23 20:47:37.155   977   977 E libEGL  : called unimplemented OpenGL ES API
11-23 20:47:37.155   977   977 E SurfaceFlinger: glCheckFramebufferStatusOES error 869012299
11-23 20:47:37.156   977   977 E SurfaceFlinger: got GL_FRAMEBUFFER_COMPLETE_OES error while taking screenshot
11-23 20:47:37.158  1237  2135 W WindowManager: Screenshot failure taking screenshot for (480x800) to layer 21000
11-23 20:47:37.211  2313  2313 I MonitoringInstrumentation: Activities that are still in CREATED to STOPPED: 1
11-23 20:47:37.216  2313  2328 I TestRunner: started: whenPlayGifTest(br.com.catbag.gifreduxsample.ui.giflist.GifListActivityTest)
11-23 20:47:37.219  2313  2313 I MonitoringInstrumentation: Activities that are still in CREATED to STOPPED: 1
11-23 20:47:37.263  2313  2329 I DroidFlux:Dispatcher: [STARTED] dispatch of action [FAKE_REDUCE_ACTION]
11-23 20:47:37.265  2313  2329 I DroidFlux:Dispatcher: [COMPLETED] dispatch of action [FAKE_REDUCE_ACTION]
