--------- beginning of main
11-24 18:23:21.471  2111  2111 D AndroidRuntime: >>>>>> START com.android.internal.os.RuntimeInit uid 2000 <<<<<<
11-24 18:23:21.518  2111  2111 D AndroidRuntime: CheckJNI is ON
11-24 18:23:21.795  2111  2111 W art     : Unexpected CPU variant for X86 using defaults: x86
11-24 18:23:21.904  2111  2111 D ICU     : No timezone override file found: /data/misc/zoneinfo/current/icu/icu_tzdata.dat
11-24 18:23:22.141  2111  2111 E memtrack: Couldn't load memtrack module (No such file or directory)
11-24 18:23:22.141  2111  2111 E android.os.Debug: failed to load memtrack module: -2
11-24 18:23:22.167  2111  2111 I Radio-JNI: register_android_hardware_Radio DONE
11-24 18:23:22.295  2111  2111 D AndroidRuntime: Calling main entry com.android.commands.am.Am
11-24 18:23:22.344  2111  2111 D AndroidRuntime: Shutting down VM
11-24 18:23:22.753  2121  2121 D AndroidRuntime: >>>>>> START com.android.internal.os.RuntimeInit uid 2000 <<<<<<
11-24 18:23:22.755  2121  2121 D AndroidRuntime: CheckJNI is ON
11-24 18:23:22.811  2121  2121 W art     : Unexpected CPU variant for X86 using defaults: x86
11-24 18:23:22.822  2121  2121 D ICU     : No timezone override file found: /data/misc/zoneinfo/current/icu/icu_tzdata.dat
11-24 18:23:22.855  2121  2121 E memtrack: Couldn't load memtrack module (No such file or directory)
11-24 18:23:22.855  2121  2121 E android.os.Debug: failed to load memtrack module: -2
11-24 18:23:22.857  2121  2121 I Radio-JNI: register_android_hardware_Radio DONE
11-24 18:23:22.878  2121  2121 D AndroidRuntime: Calling main entry com.android.commands.pm.Pm
11-24 18:23:23.001  2121  2121 I art     : System.exit called, status: 0
11-24 18:23:23.001  2121  2121 I AndroidRuntime: VM exiting with result code 0.
11-24 18:23:23.743  2132  2132 D AndroidRuntime: >>>>>> START com.android.internal.os.RuntimeInit uid 2000 <<<<<<
11-24 18:23:23.745  2132  2132 D AndroidRuntime: CheckJNI is ON
11-24 18:23:23.790  2132  2132 W art     : Unexpected CPU variant for X86 using defaults: x86
11-24 18:23:23.811  2132  2132 D ICU     : No timezone override file found: /data/misc/zoneinfo/current/icu/icu_tzdata.dat
11-24 18:23:23.838  2132  2132 E memtrack: Couldn't load memtrack module (No such file or directory)
11-24 18:23:23.838  2132  2132 E android.os.Debug: failed to load memtrack module: -2
11-24 18:23:23.845  2132  2132 I Radio-JNI: register_android_hardware_Radio DONE
11-24 18:23:23.871  2132  2132 D AndroidRuntime: Calling main entry com.android.commands.pm.Pm
11-24 18:23:23.928   992   992 I         : free_cache(7065071) avail 512581632
11-24 18:23:31.600  1238  1244 I art     : Background partial concurrent mark sweep GC freed 33441(2MB) AllocSpace objects, 13(296KB) LOS objects, 33% free, 6MB/10MB, paused 18.505ms total 1.705s
11-24 18:23:35.555  2132  2132 I art     : System.exit called, status: 0
11-24 18:23:35.556  2132  2132 I AndroidRuntime: VM exiting with result code 0.
11-24 18:23:35.885  2145  2145 D AndroidRuntime: >>>>>> START com.android.internal.os.RuntimeInit uid 2000 <<<<<<
11-24 18:23:35.887  2145  2145 D AndroidRuntime: CheckJNI is ON
11-24 18:23:35.945  2145  2145 W art     : Unexpected CPU variant for X86 using defaults: x86
11-24 18:23:35.955  2145  2145 D ICU     : No timezone override file found: /data/misc/zoneinfo/current/icu/icu_tzdata.dat
11-24 18:23:35.986  2145  2145 E memtrack: Couldn't load memtrack module (No such file or directory)
11-24 18:23:35.986  2145  2145 E android.os.Debug: failed to load memtrack module: -2
11-24 18:23:35.987  2145  2145 I Radio-JNI: register_android_hardware_Radio DONE
11-24 18:23:36.013  2145  2145 D AndroidRuntime: Calling main entry com.android.commands.pm.Pm
--------- beginning of system
11-24 18:23:36.430  1238  1265 W ActivityManager: Slow operation: 86ms so far, now at startProcess: returned from zygote!
11-24 18:23:36.431  1238  1265 W ActivityManager: Slow operation: 88ms so far, now at startProcess: done updating battery stats
11-24 18:23:36.432  1238  1265 W ActivityManager: Slow operation: 89ms so far, now at startProcess: building log message
11-24 18:23:36.432  1238  1265 I ActivityManager: Start proc 2155:com.android.defcontainer/u0a5 for service com.android.defcontainer/.DefaultContainerService
11-24 18:23:36.432  1238  1265 W ActivityManager: Slow operation: 89ms so far, now at startProcess: starting to update pids map
11-24 18:23:36.433  1238  1265 W ActivityManager: Slow operation: 90ms so far, now at startProcess: done updating pids map
11-24 18:23:36.434  1238  1265 W ActivityManager: Slow operation: 96ms so far, now at startProcess: done starting proc!
11-24 18:23:36.454  2155  2155 W art     : Unexpected CPU variant for X86 using defaults: x86
11-24 18:23:36.758  1238  1265 I PackageManager.DexOptimizer: Running dexopt (dex2oat) on: /data/app/vmdl2018783911.tmp/base.apk pkg=br.com.catbag.gifreduxsample isa=x86 vmSafeMode=false debuggable=true target-filter=interpret-only oatDir = /data/app/vmdl2018783911.tmp/oat sharedLibraries=null
11-24 18:23:36.835  2170  2170 W dex2oat : Unexpected CPU variant for X86 using defaults: x86
11-24 18:23:36.837  2170  2170 W dex2oat : Mismatch between dex2oat instruction set features (ISA: X86 Feature string: smp,-ssse3,-sse4.1,-sse4.2,-avx,-avx2,-lock_add,-popcnt) and those of dex2oat executable (ISA: X86 Feature string: smp,ssse3,-sse4.1,-sse4.2,-avx,-avx2,-lock_add,-popcnt) for the command line:
11-24 18:23:36.837  2170  2170 W dex2oat : /system/bin/dex2oat --zip-fd=6 --zip-location=base.apk --oat-fd=7 --oat-location=/data/app/vmdl2018783911.tmp/oat/x86/base.odex --instruction-set=x86 --instruction-set-variant=x86 --instruction-set-features=default --runtime-arg -Xms64m --runtime-arg -Xmx512m --compiler-filter=interpret-only --swap-fd=9 --debuggable
11-24 18:23:36.851  2170  2170 I dex2oat : /system/bin/dex2oat --compiler-filter=interpret-only --debuggable
11-24 18:23:40.055  2170  2170 W dex2oat : Before Android 4.1, method android.graphics.PorterDuffColorFilter android.support.graphics.drawable.VectorDrawableCompat.updateTintFilter(android.graphics.PorterDuffColorFilter, android.content.res.ColorStateList, android.graphics.PorterDuff$Mode) would have incorrectly overridden the package-private method in android.graphics.drawable.Drawable
11-24 18:23:40.177  2170  2170 W dex2oat : Before Android 4.1, method int android.support.v7.widget.ListViewCompat.lookForSelectablePosition(int, boolean) would have incorrectly overridden the package-private method in android.widget.ListView
11-24 18:23:57.262  2170  2170 W dex2oat : Verification of void org.immutables.value.internal.$processor$.meta.$StyleMirror.<init>(javax.lang.model.element.AnnotationMirror) took 106.199ms
11-24 18:24:21.844  2170  2170 W dex2oat : Compilation of void com.fasterxml.jackson.core.io.OutputDecorator.<init>() took 178.107ms
11-24 18:24:26.847  2170  2170 W dex2oat : Compilation of java.util.SortedMap com.google.common.collect.TreeBasedTable$TreeRow.computeBackingRowMap() took 161.345ms
11-24 18:24:34.861  2170  2170 I dex2oat : dex2oat took 58.030s (threads: 1) arena alloc=1402KB (1436528B) java alloc=7MB (8050336B) native alloc=13MB (14282296B) free=3MB (3150280B)
11-24 18:24:35.062  1238  1265 W PackageManager: Not granting permission android.permission.SET_DEBUG_APP to package br.com.catbag.gifreduxsample (protectionLevel=50 flags=0x3848be46)
11-24 18:24:35.177  1238  1250 W art     : Long monitor contention with owner PackageManager (1265) at void com.android.server.pm.PackageManagerService.updateSettingsInternalLI(android.content.pm.PackageParser$Package, java.lang.String, int[], int[], com.android.server.pm.PackageManagerService$PackageInstalledInfo, android.os.UserHandle)(PackageManagerService.java:14768) waiters=0 in int com.android.server.pm.PackageManagerService.checkUidPermission(java.lang.String, int) for 114ms
11-24 18:24:35.217  1238  1265 V BackupManagerService: restoreAtInstall pkg=br.com.catbag.gifreduxsample token=1 restoreSet=0
11-24 18:24:35.219  1238  1265 W BackupManagerService: Requested unavailable transport: android/com.android.internal.backup.LocalTransport
11-24 18:24:35.219  1238  1265 W BackupManagerService: No transport
11-24 18:24:35.231  1238  1265 V BackupManagerService: Finishing install immediately
11-24 18:24:35.265  1238  1265 I art     : Starting a blocking GC Explicit
11-24 18:24:35.355  1238  1265 I art     : Explicit concurrent mark sweep GC freed 22249(1375KB) AllocSpace objects, 9(228KB) LOS objects, 33% free, 6MB/10MB, paused 6.341ms total 88.074ms
11-24 18:24:35.362   992   992 E         : Couldn't opendir /data/app/vmdl2018783911.tmp: No such file or directory
11-24 18:24:35.464  2145  2145 I art     : System.exit called, status: 0
11-24 18:24:35.464  2145  2145 I AndroidRuntime: VM exiting with result code 0.
11-24 18:24:35.504  1238  1279 I InputReader: Reconfiguring input devices.  changes=0x00000010
11-24 18:24:35.705  1439  1439 D CarrierSvcBindHelper: No carrier app for: 0
11-24 18:24:35.708  1439  1439 D CarrierConfigLoader: mHandler: 9 phoneId: 0
11-24 18:24:36.177  1238  1251 W VoiceInteractionManagerService: no available voice recognition services found for user 0
11-24 18:24:36.179  1238  1251 W LocationProviderProxy-network: Odd, no component found for service com.android.location.service.v3.NetworkLocationProvider
11-24 18:24:36.179  1238  1251 W GeocoderProxy: Odd, no component found for service com.android.location.service.GeocodeProvider
11-24 18:24:36.179  1238  1251 W GeofenceProxy: Odd, no component found for service com.android.location.service.GeofenceProvider
11-24 18:24:36.190  1238  1251 W ActivityRecognitionProxy: Odd, no component found for service com.android.location.service.ActivityRecognitionProvider
11-24 18:24:36.440  2177  2177 D AndroidRuntime: >>>>>> START com.android.internal.os.RuntimeInit uid 2000 <<<<<<
11-24 18:24:36.443  2177  2177 D AndroidRuntime: CheckJNI is ON
11-24 18:24:36.599  2177  2177 W art     : Unexpected CPU variant for X86 using defaults: x86
11-24 18:24:36.627  2177  2177 D ICU     : No timezone override file found: /data/misc/zoneinfo/current/icu/icu_tzdata.dat
11-24 18:24:36.666  2177  2177 E memtrack: Couldn't load memtrack module (No such file or directory)
11-24 18:24:36.667  2177  2177 E android.os.Debug: failed to load memtrack module: -2
11-24 18:24:36.668  2177  2177 I Radio-JNI: register_android_hardware_Radio DONE
11-24 18:24:36.685  2177  2177 D AndroidRuntime: Calling main entry com.android.commands.pm.Pm
11-24 18:24:36.699  2177  2177 I art     : System.exit called, status: 0
11-24 18:24:36.711  2177  2177 I AndroidRuntime: VM exiting with result code 0.
11-24 18:24:37.497  2194  2194 D AndroidRuntime: >>>>>> START com.android.internal.os.RuntimeInit uid 2000 <<<<<<
11-24 18:24:37.499  2194  2194 D AndroidRuntime: CheckJNI is ON
11-24 18:24:37.549  2194  2194 W art     : Unexpected CPU variant for X86 using defaults: x86
11-24 18:24:37.553  2194  2194 D ICU     : No timezone override file found: /data/misc/zoneinfo/current/icu/icu_tzdata.dat
11-24 18:24:37.575  2194  2194 E memtrack: Couldn't load memtrack module (No such file or directory)
11-24 18:24:37.575  2194  2194 E android.os.Debug: failed to load memtrack module: -2
11-24 18:24:37.576  2194  2194 I Radio-JNI: register_android_hardware_Radio DONE
11-24 18:24:37.592  2194  2194 D AndroidRuntime: Calling main entry com.android.commands.pm.Pm
11-24 18:24:37.616   992   992 I         : free_cache(2038431) avail 492638208
11-24 18:24:38.654  2207  2207 W art     : Unexpected CPU variant for X86 using defaults: x86
11-24 18:24:38.664  1238  1342 I ActivityManager: Start proc 2207:com.svox.pico/u0a46 for broadcast com.svox.pico/.VoiceDataInstallerReceiver
11-24 18:24:40.147  1238  1455 I ActivityManager: Killing 1456:com.android.settings:CryptKeeper/1000 (adj 906): empty #17
11-24 18:24:40.755  2194  2194 I art     : System.exit called, status: 0
11-24 18:24:40.755  2194  2194 I AndroidRuntime: VM exiting with result code 0.
11-24 18:24:41.193  2222  2222 D AndroidRuntime: >>>>>> START com.android.internal.os.RuntimeInit uid 2000 <<<<<<
11-24 18:24:41.199  2222  2222 D AndroidRuntime: CheckJNI is ON
11-24 18:24:41.258  2222  2222 W art     : Unexpected CPU variant for X86 using defaults: x86
11-24 18:24:41.263  2222  2222 D ICU     : No timezone override file found: /data/misc/zoneinfo/current/icu/icu_tzdata.dat
11-24 18:24:41.352  2222  2222 E memtrack: Couldn't load memtrack module (No such file or directory)
11-24 18:24:41.352  2222  2222 E android.os.Debug: failed to load memtrack module: -2
11-24 18:24:41.359  2222  2222 I Radio-JNI: register_android_hardware_Radio DONE
11-24 18:24:41.384  2222  2222 D AndroidRuntime: Calling main entry com.android.commands.pm.Pm
11-24 18:24:41.515  2155  2166 I art     : HomogeneousSpaceCompact marksweep + semispace GC freed 8448(497KB) AllocSpace objects, 0(0B) LOS objects, 39% free, 2MB/3MB, paused 420.114ms total 420.114ms
11-24 18:24:41.574  1238  1265 I PackageManager.DexOptimizer: Running dexopt (dex2oat) on: /data/app/vmdl873149044.tmp/base.apk pkg=br.com.catbag.gifreduxsample.test isa=x86 vmSafeMode=false debuggable=true target-filter=interpret-only oatDir = /data/app/vmdl873149044.tmp/oat sharedLibraries=/system/framework/android.test.runner.jar
11-24 18:24:41.607  2233  2233 W dex2oat : Unexpected CPU variant for X86 using defaults: x86
11-24 18:24:41.608  2233  2233 W dex2oat : Mismatch between dex2oat instruction set features (ISA: X86 Feature string: smp,-ssse3,-sse4.1,-sse4.2,-avx,-avx2,-lock_add,-popcnt) and those of dex2oat executable (ISA: X86 Feature string: smp,ssse3,-sse4.1,-sse4.2,-avx,-avx2,-lock_add,-popcnt) for the command line:
11-24 18:24:41.608  2233  2233 W dex2oat : /system/bin/dex2oat --zip-fd=6 --zip-location=base.apk --oat-fd=7 --oat-location=/data/app/vmdl873149044.tmp/oat/x86/base.odex --instruction-set=x86 --instruction-set-variant=x86 --instruction-set-features=default --runtime-arg -Xms64m --runtime-arg -Xmx512m --compiler-filter=interpret-only --swap-fd=9 --debuggable --runtime-arg -classpath --runtime-arg /system/framework/android.test.runner.jar
11-24 18:24:41.608  2233  2233 I dex2oat : /system/bin/dex2oat --compiler-filter=interpret-only --debuggable
11-24 18:25:06.530  2233  2233 W dex2oat : Compilation of void com.android.dx.ssa.SsaInsn.mapRegisters(com.android.dx.ssa.RegisterMapper) took 153.845ms
11-24 18:25:10.226  2233  2233 I dex2oat : dex2oat took 28.618s (threads: 1) arena alloc=824B (824B) java alloc=3MB (3868560B) native alloc=6MB (6969808B) free=2MB (2467376B)
11-24 18:25:10.459  1238  1265 V BackupManagerService: restoreAtInstall pkg=br.com.catbag.gifreduxsample.test token=2 restoreSet=0
11-24 18:25:10.459  1238  1265 W BackupManagerService: Requested unavailable transport: android/com.android.internal.backup.LocalTransport
11-24 18:25:10.460  1238  1265 W BackupManagerService: No transport
11-24 18:25:10.460  1238  1265 V BackupManagerService: Finishing install immediately
11-24 18:25:10.496  1238  1265 I art     : Starting a blocking GC Explicit
11-24 18:25:10.602  1238  1265 I art     : Explicit concurrent mark sweep GC freed 38308(2MB) AllocSpace objects, 13(308KB) LOS objects, 33% free, 6MB/10MB, paused 8.055ms total 98.678ms
11-24 18:25:10.609   992   992 E         : Couldn't opendir /data/app/vmdl873149044.tmp: No such file or directory
11-24 18:25:10.708  2222  2222 I art     : System.exit called, status: 0
11-24 18:25:10.708  2222  2222 I AndroidRuntime: VM exiting with result code 0.
11-24 18:25:10.725  1238  1279 I InputReader: Reconfiguring input devices.  changes=0x00000010
11-24 18:25:10.739  1439  1439 D CarrierSvcBindHelper: No carrier app for: 0
11-24 18:25:10.763  1439  1439 D CarrierConfigLoader: mHandler: 9 phoneId: 0
11-24 18:25:10.879  1238  1251 W VoiceInteractionManagerService: no available voice recognition services found for user 0
11-24 18:25:10.879  1238  1251 W LocationProviderProxy-network: Odd, no component found for service com.android.location.service.v3.NetworkLocationProvider
11-24 18:25:10.893  1238  1251 W GeocoderProxy: Odd, no component found for service com.android.location.service.GeocodeProvider
11-24 18:25:10.894  1238  1251 W GeofenceProxy: Odd, no component found for service com.android.location.service.GeofenceProvider
11-24 18:25:10.894  1238  1251 W ActivityRecognitionProxy: Odd, no component found for service com.android.location.service.ActivityRecognitionProvider
11-24 18:25:11.653  2239  2239 D AndroidRuntime: >>>>>> START com.android.internal.os.RuntimeInit uid 2000 <<<<<<
11-24 18:25:11.656  2239  2239 D AndroidRuntime: CheckJNI is ON
11-24 18:25:11.716  2239  2239 W art     : Unexpected CPU variant for X86 using defaults: x86
11-24 18:25:11.729  2239  2239 D ICU     : No timezone override file found: /data/misc/zoneinfo/current/icu/icu_tzdata.dat
11-24 18:25:11.762  2239  2239 E memtrack: Couldn't load memtrack module (No such file or directory)
11-24 18:25:11.762  2239  2239 E android.os.Debug: failed to load memtrack module: -2
11-24 18:25:11.763  2239  2239 I Radio-JNI: register_android_hardware_Radio DONE
11-24 18:25:11.790  2239  2239 D AndroidRuntime: Calling main entry com.android.commands.am.Am
11-24 18:25:11.810  1238  1681 I ActivityManager: Force stopping br.com.catbag.gifreduxsample appid=10060 user=0: start instr
11-24 18:25:11.832  2249  2249 I art     : Not late-enabling -Xcheck:jni (already on)
11-24 18:25:11.833  2249  2249 W art     : Unexpected CPU variant for X86 using defaults: x86
11-24 18:25:11.843  1238  1681 I ActivityManager: Start proc 2249:br.com.catbag.gifreduxsample/u0a60 for added application br.com.catbag.gifreduxsample
11-24 18:25:11.882  2249  2249 W System  : ClassLoader referenced unknown path: /data/app/br.com.catbag.gifreduxsample.test-1/lib/x86
11-24 18:25:11.895  2249  2249 W System  : ClassLoader referenced unknown path: 
11-24 18:25:11.951  2249  2249 W System.err: java.io.FileNotFoundException: /jacoco.exec (Read-only file system)
11-24 18:25:11.953  2249  2249 W System.err: 	at java.io.FileOutputStream.open(Native Method)
11-24 18:25:11.953  2249  2249 W System.err: 	at java.io.FileOutputStream.<init>(FileOutputStream.java:221)
11-24 18:25:11.953  2249  2249 W System.err: 	at org.jacoco.agent.rt.internal_e6e56f0.output.FileOutput.openFile(FileOutput.java:67)
11-24 18:25:11.954  2249  2249 W System.err: 	at org.jacoco.agent.rt.internal_e6e56f0.output.FileOutput.startup(FileOutput.java:49)
11-24 18:25:11.954  2249  2249 W System.err: 	at org.jacoco.agent.rt.internal_e6e56f0.Agent.startup(Agent.java:122)
11-24 18:25:11.954  2249  2249 W System.err: 	at org.jacoco.agent.rt.internal_e6e56f0.Agent.getInstance(Agent.java:50)
11-24 18:25:11.954  2249  2249 W System.err: 	at org.jacoco.agent.rt.internal_e6e56f0.Offline.<clinit>(Offline.java:31)
11-24 18:25:11.954  2249  2249 W System.err: 	at org.jacoco.agent.rt.internal_e6e56f0.Offline.getProbes(Offline.java:51)
11-24 18:25:11.954  2249  2249 W System.err: 	at br.com.catbag.gifreduxsample.MyApp.$jacocoInit(MyApp.java)
11-24 18:25:11.955  2249  2249 W System.err: 	at br.com.catbag.gifreduxsample.MyApp.<clinit>(MyApp.java)
11-24 18:25:11.955  2249  2249 W System.err: 	at java.lang.Class.newInstance(Native Method)
11-24 18:25:11.955  2249  2249 W System.err: 	at android.app.Instrumentation.newApplication(Instrumentation.java:1007)
11-24 18:25:11.955  2249  2249 W System.err: 	at android.app.Instrumentation.newApplication(Instrumentation.java:992)
11-24 18:25:11.955  2249  2249 W System.err: 	at android.app.LoadedApk.makeApplication(LoadedApk.java:796)
11-24 18:25:11.955  2249  2249 W System.err: 	at android.app.ActivityThread.handleBindApplication(ActivityThread.java:5335)
11-24 18:25:11.956  2249  2249 W System.err: 	at android.app.ActivityThread.-wrap2(ActivityThread.java)
11-24 18:25:11.956  2249  2249 W System.err: 	at android.app.ActivityThread$H.handleMessage(ActivityThread.java:1528)
11-24 18:25:11.956  2249  2249 W System.err: 	at android.os.Handler.dispatchMessage(Handler.java:102)
11-24 18:25:11.956  2249  2249 W System.err: 	at android.os.Looper.loop(Looper.java:154)
11-24 18:25:11.956  2249  2249 W System.err: 	at android.app.ActivityThread.main(ActivityThread.java:6077)
11-24 18:25:11.956  2249  2249 W System.err: 	at java.lang.reflect.Method.invoke(Native Method)
11-24 18:25:11.957  2249  2249 W System.err: 	at com.android.internal.os.ZygoteInit$MethodAndArgsCaller.run(ZygoteInit.java:865)
11-24 18:25:11.957  2249  2249 W System.err: 	at com.android.internal.os.ZygoteInit.main(ZygoteInit.java:755)
11-24 18:25:11.982  2249  2249 I MonitoringInstrumentation: Instrumentation Started!
11-24 18:25:11.987  2249  2249 I MonitoringInstrumentation: Setting context classloader to 'dalvik.system.PathClassLoader[DexPathList[[zip file "/system/framework/android.test.runner.jar", zip file "/data/app/br.com.catbag.gifreduxsample.test-1/base.apk", zip file "/data/app/br.com.catbag.gifreduxsample-1/base.apk"],nativeLibraryDirectories=[/data/app/br.com.catbag.gifreduxsample.test-1/lib/x86, /data/app/br.com.catbag.gifreduxsample-1/lib/x86, /system/fake-libs, /data/app/br.com.catbag.gifreduxsample.test-1/base.apk!/lib/x86, /data/app/br.com.catbag.gifreduxsample-1/base.apk!/lib/x86, /system/lib, /vendor/lib]]]', Original: 'dalvik.system.PathClassLoader[DexPathList[[zip file "/system/framework/android.test.runner.jar", zip file "/data/app/br.com.catbag.gifreduxsample.test-1/base.apk", zip file "/data/app/br.com.catbag.gifreduxsample-1/base.apk"],nativeLibraryDirectories=[/data/app/br.com.catbag.gifreduxsample.test-1/lib/x86, /data/app/br.com.catbag.gifreduxsample-1/lib/x86, /system/fake-libs, /data/app/br.com.catbag.gifreduxsample.test-1/base.apk!/lib/x86, /data/app/br.com.catbag.gifreduxsample-1/base.apk!/lib/x86, /system/lib, /vendor/lib]]]'
11-24 18:25:12.084  2249  2249 D NetworkSecurityConfig: No Network Security Config specified, using platform default
11-24 18:25:12.124  2249  2249 I MonitoringInstrumentation: No JSBridge.
11-24 18:25:12.147  2249  2264 I UsageTrackerFacilitator: Usage tracking enabled
11-24 18:25:12.148  2249  2264 I TestRequestBuilder: Scanning classpath to find tests in apks [/data/app/br.com.catbag.gifreduxsample.test-1/base.apk]
11-24 18:25:12.671  2249  2264 I art     : Rejecting re-init on previously-failed class java.lang.Class<org.objectweb.asm.commons.JSRInlinerAdapter>: java.lang.NoClassDefFoundError: Failed resolution of: Lorg/objectweb/asm/tree/MethodNode;
11-24 18:25:12.672  2249  2264 I art     :   at java.lang.Class java.lang.Class.classForName!(java.lang.String, boolean, java.lang.ClassLoader) (Class.java:-2)
11-24 18:25:12.672  2249  2264 I art     :   at java.lang.Class java.lang.Class.forName(java.lang.String, boolean, java.lang.ClassLoader) (Class.java:400)
11-24 18:25:12.672  2249  2264 I art     :   at java.lang.Class android.support.test.internal.runner.TestLoader.doLoadClass(java.lang.String) (TestLoader.java:92)
11-24 18:25:12.672  2249  2264 I art     :   at java.lang.Class android.support.test.internal.runner.TestLoader.loadIfTest(java.lang.String) (TestLoader.java:113)
11-24 18:25:12.672  2249  2264 I art     :   at void android.support.test.internal.runner.TestRequestBuilder.loadClassesFromClassPath(android.support.test.internal.runner.TestLoader, java.util.Set) (TestRequestBuilder.java:801)
11-24 18:25:12.672  2249  2264 I art     :   at android.support.test.internal.runner.TestRequest android.support.test.internal.runner.TestRequestBuilder.build() (TestRequestBuilder.java:747)
11-24 18:25:12.673  2249  2264 I art     :   at android.support.test.internal.runner.TestRequest android.support.test.runner.AndroidJUnitRunner.buildRequest(android.support.test.internal.runner.RunnerArgs, android.os.Bundle) (AndroidJUnitRunner.java:354)
11-24 18:25:12.673  2249  2264 I art     :   at void android.support.test.runner.AndroidJUnitRunner.onStart() (AndroidJUnitRunner.java:260)
11-24 18:25:12.673  2249  2264 I art     :   at void android.app.Instrumentation$InstrumentationThread.run() (Instrumentation.java:1932)
11-24 18:25:12.673  2249  2264 I art     : Caused by: java.lang.ClassNotFoundException: Didn't find class "org.objectweb.asm.tree.MethodNode" on path: DexPathList[[zip file "/system/framework/android.test.runner.jar", zip file "/data/app/br.com.catbag.gifreduxsample.test-1/base.apk", zip file "/data/app/br.com.catbag.gifreduxsample-1/base.apk"],nativeLibraryDirectories=[/data/app/br.com.catbag.gifreduxsample.test-1/lib/x86, /data/app/br.com.catbag.gifreduxsample-1/lib/x86, /system/fake-libs, /data/app/br.com.catbag.gifreduxsample.test-1/base.apk!/lib/x86, /data/app/br.com.catbag.gifreduxsample-1/base.apk!/lib/x86, /system/lib, /vendor/lib]]
11-24 18:25:12.673  2249  2264 I art     :   at java.lang.Class dalvik.system.BaseDexClassLoader.findClass(java.lang.String) (BaseDexClassLoader.java:56)
11-24 18:25:12.673  2249  2264 I art     :   at java.lang.Class java.lang.ClassLoader.loadClass(java.lang.String, boolean) (ClassLoader.java:380)
11-24 18:25:12.673  2249  2264 I art     :   at java.lang.Class java.lang.ClassLoader.loadClass(java.lang.String) (ClassLoader.java:312)
11-24 18:25:12.674  2249  2264 I art     :   at java.lang.Class java.lang.Class.classForName!(java.lang.String, boolean, java.lang.ClassLoader) (Class.java:-2)
11-24 18:25:12.674  2249  2264 I art     :   at java.lang.Class java.lang.Class.forName(java.lang.String, boolean, java.lang.ClassLoader) (Class.java:400)
11-24 18:25:12.674  2249  2264 I art     :   at java.lang.Class android.support.test.internal.runner.TestLoader.doLoadClass(java.lang.String) (TestLoader.java:92)
11-24 18:25:12.674  2249  2264 I art     :   at java.lang.Class android.support.test.internal.runner.TestLoader.loadIfTest(java.lang.String) (TestLoader.java:113)
11-24 18:25:12.674  2249  2264 I art     :   at void android.support.test.internal.runner.TestRequestBuilder.loadClassesFromClassPath(android.support.test.internal.runner.TestLoader, java.util.Set) (TestRequestBuilder.java:801)
11-24 18:25:12.674  2249  2264 I art     :   at android.support.test.internal.runner.TestRequest android.support.test.internal.runner.TestRequestBuilder.build() (TestRequestBuilder.java:747)
11-24 18:25:12.674  2249  2264 I art     :   at android.support.test.internal.runner.TestRequest android.support.test.runner.AndroidJUnitRunner.buildRequest(android.support.test.internal.runner.RunnerArgs, android.os.Bundle) (AndroidJUnitRunner.java:354)
11-24 18:25:12.675  2249  2264 I art     :   at void android.support.test.runner.AndroidJUnitRunner.onStart() (AndroidJUnitRunner.java:260)
11-24 18:25:12.675  2249  2264 I art     :   at void android.app.Instrumentation$InstrumentationThread.run() (Instrumentation.java:1932)
11-24 18:25:12.675  2249  2264 I art     : 
11-24 18:25:12.675  2249  2264 E TestLoader: Could not find class: org.objectweb.asm.commons.JSRInlinerAdapter
11-24 18:25:12.700  2249  2264 I art     : Rejecting re-init on previously-failed class java.lang.Class<org.objectweb.asm.commons.TryCatchBlockSorter>: java.lang.NoClassDefFoundError: Failed resolution of: Lorg/objectweb/asm/tree/MethodNode;
11-24 18:25:12.700  2249  2264 I art     :   at java.lang.Class java.lang.Class.classForName!(java.lang.String, boolean, java.lang.ClassLoader) (Class.java:-2)
11-24 18:25:12.700  2249  2264 I art     :   at java.lang.Class java.lang.Class.forName(java.lang.String, boolean, java.lang.ClassLoader) (Class.java:400)
11-24 18:25:12.700  2249  2264 I art     :   at java.lang.Class android.support.test.internal.runner.TestLoader.doLoadClass(java.lang.String) (TestLoader.java:92)
11-24 18:25:12.701  2249  2264 I art     :   at java.lang.Class android.support.test.internal.runner.TestLoader.loadIfTest(java.lang.String) (TestLoader.java:113)
11-24 18:25:12.701  2249  2264 I art     :   at void android.support.test.internal.runner.TestRequestBuilder.loadClassesFromClassPath(android.support.test.internal.runner.TestLoader, java.util.Set) (TestRequestBuilder.java:801)
11-24 18:25:12.701  2249  2264 I art     :   at android.support.test.internal.runner.TestRequest android.support.test.internal.runner.TestRequestBuilder.build() (TestRequestBuilder.java:747)
11-24 18:25:12.701  2249  2264 I art     :   at android.support.test.internal.runner.TestRequest android.support.test.runner.AndroidJUnitRunner.buildRequest(android.support.test.internal.runner.RunnerArgs, android.os.Bundle) (AndroidJUnitRunner.java:354)
11-24 18:25:12.701  2249  2264 I art     :   at void android.support.test.runner.AndroidJUnitRunner.onStart() (AndroidJUnitRunner.java:260)
11-24 18:25:12.702  2249  2264 I art     :   at void android.app.Instrumentation$InstrumentationThread.run() (Instrumentation.java:1932)
11-24 18:25:12.702  2249  2264 I art     : Caused by: java.lang.ClassNotFoundException: Didn't find class "org.objectweb.asm.tree.MethodNode" on path: DexPathList[[zip file "/system/framework/android.test.runner.jar", zip file "/data/app/br.com.catbag.gifreduxsample.test-1/base.apk", zip file "/data/app/br.com.catbag.gifreduxsample-1/base.apk"],nativeLibraryDirectories=[/data/app/br.com.catbag.gifreduxsample.test-1/lib/x86, /data/app/br.com.catbag.gifreduxsample-1/lib/x86, /system/fake-libs, /data/app/br.com.catbag.gifreduxsample.test-1/base.apk!/lib/x86, /data/app/br.com.catbag.gifreduxsample-1/base.apk!/lib/x86, /system/lib, /vendor/lib]]
11-24 18:25:12.702  2249  2264 I art     :   at java.lang.Class dalvik.system.BaseDexClassLoader.findClass(java.lang.String) (BaseDexClassLoader.java:56)
11-24 18:25:12.702  2249  2264 I art     :   at java.lang.Class java.lang.ClassLoader.loadClass(java.lang.String, boolean) (ClassLoader.java:380)
11-24 18:25:12.702  2249  2264 I art     :   at java.lang.Class java.lang.ClassLoader.loadClass(java.lang.String) (ClassLoader.java:312)
11-24 18:25:12.702  2249  2264 I art     :   at java.lang.Class java.lang.Class.classForName!(java.lang.String, boolean, java.lang.ClassLoader) (Class.java:-2)
11-24 18:25:12.703  2249  2264 I art     :   at java.lang.Class java.lang.Class.forName(java.lang.String, boolean, java.lang.ClassLoader) (Class.java:400)
11-24 18:25:12.703  2249  2264 I art     :   at java.lang.Class android.support.test.internal.runner.TestLoader.doLoadClass(java.lang.String) (TestLoader.java:92)
11-24 18:25:12.703  2249  2264 I art     :   at java.lang.Class android.support.test.internal.runner.TestLoader.loadIfTest(java.lang.String) (TestLoader.java:113)
11-24 18:25:12.703  2249  2264 I art     :   at void android.support.test.internal.runner.TestRequestBuilder.loadClassesFromClassPath(android.support.test.internal.runner.TestLoader, java.util.Set) (TestRequestBuilder.java:801)
11-24 18:25:12.703  2249  2264 I art     :   at android.support.test.internal.runner.TestRequest android.support.test.internal.runner.TestRequestBuilder.build() (TestRequestBuilder.java:747)
11-24 18:25:12.703  2249  2264 I art     :   at android.support.test.internal.runner.TestRequest android.support.test.runner.AndroidJUnitRunner.buildRequest(android.support.test.internal.runner.RunnerArgs, android.os.Bundle) (AndroidJUnitRunner.java:354)
11-24 18:25:12.703  2249  2264 I art     :   at void android.support.test.runner.AndroidJUnitRunner.onStart() (AndroidJUnitRunner.java:260)
11-24 18:25:12.704  2249  2264 I art     :   at void android.app.Instrumentation$InstrumentationThread.run() (Instrumentation.java:1932)
11-24 18:25:12.704  2249  2264 I art     : 
11-24 18:25:12.704  2249  2264 E TestLoader: Could not find class: org.objectweb.asm.commons.TryCatchBlockSorter
11-24 18:25:12.766  2249  2264 D TestExecutor: Adding listener android.support.test.internal.runner.listener.LogRunListener
11-24 18:25:12.766  2249  2264 D TestExecutor: Adding listener android.support.test.internal.runner.listener.InstrumentationResultPrinter
11-24 18:25:12.766  2249  2264 D TestExecutor: Adding listener android.support.test.internal.runner.listener.ActivityFinisherRunListener
11-24 18:25:12.767  2249  2264 D TestExecutor: Adding listener android.support.test.internal.runner.listener.CoverageListener
11-24 18:25:12.773  2249  2264 I TestRunner: run started: 15 tests
11-24 18:25:12.783  2249  2264 I TestRunner: started: whenAppStateSavedSeveralTime(br.com.catbag.gifreduxsample.asyncs.data.DataManagerTest)
11-24 18:25:12.789  2249  2249 I MonitoringInstrumentation: Activities that are still in CREATED to STOPPED: 0
11-24 18:25:13.124  2249  2260 I art     : Background sticky concurrent mark sweep GC freed 148789(6MB) AllocSpace objects, 0(0B) LOS objects, 47% free, 3MB/6MB, paused 29.233ms total 686.451ms
11-24 18:25:13.140  2249  2267 W Java7Support: Unable to load JDK7 types (annotations, java.nio.file.Path): no Java7 support added
11-24 18:25:13.557  2249  2264 I TestRunner: finished: whenAppStateSavedSeveralTime(br.com.catbag.gifreduxsample.asyncs.data.DataManagerTest)
11-24 18:25:13.576  2249  2249 I MonitoringInstrumentation: Activities that are still in CREATED to STOPPED: 0
11-24 18:25:13.578  2249  2264 I TestRunner: started: whenAppStateSavedOnceTime(br.com.catbag.gifreduxsample.asyncs.data.DataManagerTest)
11-24 18:25:13.580  2249  2249 I MonitoringInstrumentation: Activities that are still in CREATED to STOPPED: 0
11-24 18:25:13.825  2249  2264 I TestRunner: finished: whenAppStateSavedOnceTime(br.com.catbag.gifreduxsample.asyncs.data.DataManagerTest)
11-24 18:25:13.835  2249  2249 I MonitoringInstrumentation: Activities that are still in CREATED to STOPPED: 0
11-24 18:25:13.836  2249  2264 I TestRunner: started: whenUnsavedAppStateIsLoaded(br.com.catbag.gifreduxsample.asyncs.data.DataManagerTest)
11-24 18:25:13.837  2249  2249 I MonitoringInstrumentation: Activities that are still in CREATED to STOPPED: 0
11-24 18:25:13.942  2249  2264 I TestRunner: finished: whenUnsavedAppStateIsLoaded(br.com.catbag.gifreduxsample.asyncs.data.DataManagerTest)
11-24 18:25:13.953  2249  2249 I MonitoringInstrumentation: Activities that are still in CREATED to STOPPED: 0
11-24 18:25:13.954  2249  2264 I TestRunner: started: whenSavedAppStateIsLoaded(br.com.catbag.gifreduxsample.asyncs.data.DataManagerTest)
11-24 18:25:13.956  2249  2249 I MonitoringInstrumentation: Activities that are still in CREATED to STOPPED: 0
11-24 18:25:13.987  2249  2272 E DataManager: appstate not loaded
11-24 18:25:13.987  2249  2272 E DataManager: com.snappydb.SnappydbException: Failed to get a String: NotFound: 
11-24 18:25:13.987  2249  2272 E DataManager: 	at com.snappydb.internal.DBImpl.__get(Native Method)
11-24 18:25:13.987  2249  2272 E DataManager: 	at com.snappydb.internal.DBImpl.get(DBImpl.java:348)
11-24 18:25:13.987  2249  2272 E DataManager: 	at br.com.catbag.gifreduxsample.asyncs.data.storage.Database.getAppState(Database.java:29)
11-24 18:25:13.987  2249  2272 E DataManager: 	at br.com.catbag.gifreduxsample.asyncs.data.DataManager.lambda$loadAppState$0(DataManager.java:61)
11-24 18:25:13.987  2249  2272 E DataManager: 	at br.com.catbag.gifreduxsample.asyncs.data.DataManager$$Lambda$1.run(Unknown Source)
11-24 18:25:13.987  2249  2272 E DataManager: 	at java.lang.Thread.run(Thread.java:761)
11-24 18:25:14.200  2249  2264 I TestRunner: finished: whenSavedAppStateIsLoaded(br.com.catbag.gifreduxsample.asyncs.data.DataManagerTest)
11-24 18:25:14.216  2249  2249 I MonitoringInstrumentation: Activities that are still in CREATED to STOPPED: 0
11-24 18:25:14.240  2249  2264 I TestRunner: started: whenScrollDownAndPlayLastItemTest(br.com.catbag.gifreduxsample.ui.giflist.GifListActivityTest)
11-24 18:25:14.242  2249  2249 I MonitoringInstrumentation: Activities that are still in CREATED to STOPPED: 0
11-24 18:25:14.412  2249  2260 I art     : Background partial concurrent mark sweep GC freed 60118(2MB) AllocSpace objects, 2(40KB) LOS objects, 39% free, 3MB/6MB, paused 6.390ms total 84.821ms
11-24 18:25:14.573  2276  2276 W dex2oat : Unexpected CPU variant for X86 using defaults: x86
11-24 18:25:14.573  2276  2276 W dex2oat : Mismatch between dex2oat instruction set features (ISA: X86 Feature string: smp,-ssse3,-sse4.1,-sse4.2,-avx,-avx2,-lock_add,-popcnt) and those of dex2oat executable (ISA: X86 Feature string: smp,ssse3,-sse4.1,-sse4.2,-avx,-avx2,-lock_add,-popcnt) for the command line:
11-24 18:25:14.573  2276  2276 W dex2oat : /system/bin/dex2oat --runtime-arg -classpath --runtime-arg & --instruction-set=x86 --instruction-set-features=smp,ssse3,-sse4.1,-sse4.2,-avx,-avx2,-lock_add,-popcnt --runtime-arg -Xrelocate --boot-image=/system/framework/boot.art --runtime-arg -Xms64m --runtime-arg -Xmx512m --instruction-set-variant=x86 --instruction-set-features=default --dex-file=/data/user/0/br.com.catbag.gifreduxsample/app_dxmaker_cache/Generated_1497766805.jar --oat-fd=38 --oat-location=/data/user/0/br.com.catbag.gifreduxsample/app_dxmaker_cache/Generated_1497766805.dex --compiler-filter=speed
11-24 18:25:14.574  2276  2276 I dex2oat : /system/bin/dex2oat --dex-file=/data/user/0/br.com.catbag.gifreduxsample/app_dxmaker_cache/Generated_1497766805.jar --oat-fd=38 --oat-location=/data/user/0/br.com.catbag.gifreduxsample/app_dxmaker_cache/Generated_1497766805.dex --compiler-filter=speed
11-24 18:25:14.756  2276  2276 I dex2oat : dex2oat took 183.312ms (threads: 1) arena alloc=41KB (42016B) java alloc=28KB (28768B) native alloc=736KB (753768B) free=799KB (819096B)
11-24 18:25:14.814  1238  1634 D VoldConnector: SND -> {29 volume mkdirs /storage/emulated/0/Android/data/br.com.catbag.gifreduxsample/cache/}
11-24 18:25:14.826  1238  1281 D VoldConnector: RCV <- {200 29 Command succeeded}
11-24 18:25:14.874  2249  2265 I DroidFlux:Dispatcher: [STARTED] dispatch of action [FAKE_REDUCE_ACTION]
11-24 18:25:14.898  2249  2265 I DroidFlux:Dispatcher: [COMPLETED] dispatch of action [FAKE_REDUCE_ACTION]
11-24 18:25:14.907  2249  2275 D ActivityTestRule: Launching activity br.com.catbag.gifreduxsample.ui.GifListActivity
11-24 18:25:14.916  2249  2278 D MonitoringInstrumentation: execStartActivity(context, ibinder, ibinder, activity, intent, int, bundle
11-24 18:25:14.926  1238  1681 I ActivityManager: START u0 {flg=0x14000000 cmp=br.com.catbag.gifreduxsample/.ui.GifListActivity} from uid 10060 on display 0
11-24 18:25:15.216  2249  2249 D LifecycleMonitor: Lifecycle status change: br.com.catbag.gifreduxsample.ui.GifListActivity@cf5bba9 in: PRE_ON_CREATE
11-24 18:25:15.306  1238  1260 I Choreographer: Skipped 31 frames!  The application may be doing too much work on its main thread.
11-24 18:25:15.869  2249  2249 D LifecycleMonitor: Lifecycle status change: br.com.catbag.gifreduxsample.ui.GifListActivity@cf5bba9 in: CREATED
11-24 18:25:15.879  1725  1725 I Choreographer: Skipped 71 frames!  The application may be doing too much work on its main thread.
11-24 18:25:15.883  2249  2265 I DroidFlux:Dispatcher: [STARTED] dispatch of action [APP_STATE_LOAD]
11-24 18:25:15.885  2249  2265 D DroidFlux:Dispatcher: An action of type [APP_STATE_LOAD] was dispatched, but no reducer handled it
11-24 18:25:15.885  2249  2265 I DroidFlux:Dispatcher: [COMPLETED] dispatch of action [APP_STATE_LOAD]
11-24 18:25:15.886  2249  2249 D LifecycleMonitor: Lifecycle status change: br.com.catbag.gifreduxsample.ui.GifListActivity@cf5bba9 in: STARTED
11-24 18:25:15.928  2249  2249 D LifecycleMonitor: Lifecycle status change: br.com.catbag.gifreduxsample.ui.GifListActivity@cf5bba9 in: RESUMED
11-24 18:25:16.142  1238  1250 I WindowManager: Destroying surface Surface(name=com.android.launcher3/com.android.launcher3.Launcher) called by com.android.server.wm.WindowStateAnimator.destroySurface:2014 com.android.server.wm.WindowStateAnimator.destroySurfaceLocked:881 com.android.server.wm.WindowState.destroyOrSaveSurface:2073 com.android.server.wm.WindowManagerService.tryStartExitingAnimation:3017 com.android.server.wm.WindowManagerService.relayoutWindow:2897 com.android.server.wm.Session.relayout:215 android.view.IWindowSession$Stub.onTransact:286 com.android.server.wm.Session.onTransact:136 
11-24 18:25:16.478  2249  2249 D gralloc_ranchu: Emulator without host-side GPU emulation detected.
11-24 18:25:16.614  1238  1260 I ActivityManager: Displayed br.com.catbag.gifreduxsample/.ui.GifListActivity: +1s531ms
11-24 18:25:16.660  2249  2275 D InputManagerEventInjectionStrategy: Creating injection strategy with input manager.
11-24 18:25:16.825  2249  2249 I Choreographer: Skipped 40 frames!  The application may be doing too much work on its main thread.
11-24 18:25:16.878  1238  1260 I WindowManager: Destroying surface Surface(name=Starting br.com.catbag.gifreduxsample) called by com.android.server.wm.WindowStateAnimator.destroySurface:2014 com.android.server.wm.WindowStateAnimator.destroySurfaceLocked:881 com.android.server.wm.WindowState.destroyOrSaveSurface:2073 com.android.server.wm.AppWindowToken.destroySurfaces:363 com.android.server.wm.WindowStateAnimator.finishExit:565 com.android.server.wm.WindowStateAnimator.stepAnimationLocked:491 com.android.server.wm.WindowAnimator.updateWindowsLocked:303 com.android.server.wm.WindowAnimator.animateLocked:704 
11-24 18:25:16.965  2249  2249 W ResourceType: No package identifier when getting name for resource number 0x00000001
11-24 18:25:16.966  2249  2249 I ViewInteraction: Performing 'scroll RecyclerView to position: 4' action on view with id: 1 (resource name not found)
11-24 18:25:17.059  2249  2260 I art     : Background sticky concurrent mark sweep GC freed 8197(688KB) AllocSpace objects, 0(0B) LOS objects, 9% free, 5MB/6MB, paused 6.284ms total 80.570ms
11-24 18:25:17.315  2249  2250 I art     : Do partial code cache collection, code=25KB, data=30KB
11-24 18:25:17.332  2249  2250 I art     : After code cache collection, code=24KB, data=30KB
11-24 18:25:17.332  2249  2250 I art     : Increasing code cache capacity to 128KB
11-24 18:25:17.345  2249  2249 W ResourceType: No package identifier when getting name for resource number 0x00000001
11-24 18:25:17.382  2249  2249 W ResourceType: No package identifier when getting name for resource number 0x00000004
11-24 18:25:17.383  2249  2249 I ViewInteraction: Performing 'single click' action on view with id: 4 (resource name not found)
11-24 18:25:17.492  2249  2265 I DroidFlux:Dispatcher: [STARTED] dispatch of action [GIF_PLAY]
11-24 18:25:17.494  2249  2265 I DroidFlux:Dispatcher: [COMPLETED] dispatch of action [GIF_PLAY]
11-24 18:25:17.618  1238  1313 W AudioTrack: AUDIO_OUTPUT_FLAG_FAST denied by client; transfer 4, track 48000 Hz, output 44100 Hz
11-24 18:25:17.721   989  1024 D AudioFlinger: mixer(0xae683340) throttle end: throttle time(11)
11-24 18:25:17.740  1238  1322 D LightsService: Excessive delay setting light: 59ms
11-24 18:25:17.741   989  1024 D AudioFlinger: mixer(0xae683340) throttle end: throttle time(11)
11-24 18:25:17.948  2249  2260 I art     : Background partial concurrent mark sweep GC freed 6056(448KB) AllocSpace objects, 3(64KB) LOS objects, 39% free, 5MB/9MB, paused 6.144ms total 445.283ms
11-24 18:25:17.995  1238  1325 E TaskPersister: File error accessing recents directory (directory doesn't exist?).
11-24 18:25:18.218  2249  2264 I TestRunner: finished: whenScrollDownAndPlayLastItemTest(br.com.catbag.gifreduxsample.ui.giflist.GifListActivityTest)
11-24 18:25:18.230  2249  2249 D LifecycleMonitor: Lifecycle status change: br.com.catbag.gifreduxsample.ui.GifListActivity@cf5bba9 in: PAUSED
11-24 18:25:18.327   979   979 D gralloc : Registering a buffer in the process that created it. This may cause memory ordering problems.
11-24 18:25:18.328   979   979 E libEGL  : called unimplemented OpenGL ES API
11-24 18:25:18.329   979   979 E SurfaceFlinger: glCheckFramebufferStatusOES error 2110376990
11-24 18:25:18.329   979   979 E SurfaceFlinger: got GL_FRAMEBUFFER_COMPLETE_OES error while taking screenshot
11-24 18:25:18.342  1238  1634 W WindowManager: Screenshot failure taking screenshot for (480x800) to layer 21005
11-24 18:25:18.380  2249  2249 I MonitoringInstrumentation: Activities that are still in CREATED to STOPPED: 1
11-24 18:25:18.410  2249  2264 I TestRunner: started: whenGifIsNotWatchedTest(br.com.catbag.gifreduxsample.ui.giflist.GifListActivityTest)
11-24 18:25:18.448  2249  2249 I MonitoringInstrumentation: Activities that are still in CREATED to STOPPED: 1
11-24 18:25:18.513  1725  1725 I Choreographer: Skipped 40 frames!  The application may be doing too much work on its main thread.
11-24 18:25:18.598  2249  2265 I DroidFlux:Dispatcher: [STARTED] dispatch of action [FAKE_REDUCE_ACTION]
11-24 18:25:18.599  2249  2265 I DroidFlux:Dispatcher: [COMPLETED] dispatch of action [FAKE_REDUCE_ACTION]
11-24 18:25:18.606  2249  2282 D ActivityTestRule: Launching activity br.com.catbag.gifreduxsample.ui.GifListActivity
11-24 18:25:18.613  2249  2283 D MonitoringInstrumentation: execStartActivity(context, ibinder, ibinder, activity, intent, int, bundle
11-24 18:25:18.613  1238  1455 I ActivityManager: START u0 {flg=0x10000000 cmp=br.com.catbag.gifreduxsample/.ui.GifListActivity} from uid 10060 on display 0
11-24 18:25:18.869  1725  1725 I Choreographer: Skipped 79 frames!  The application may be doing too much work on its main thread.
11-24 18:25:19.188  1725  1725 I Choreographer: Skipped 80 frames!  The application may be doing too much work on its main thread.
11-24 18:25:19.309  2249  2249 D LifecycleMonitor: Lifecycle status change: br.com.catbag.gifreduxsample.ui.GifListActivity@89c8011 in: PRE_ON_CREATE
11-24 18:25:19.341  2249  2249 D LifecycleMonitor: Lifecycle status change: br.com.catbag.gifreduxsample.ui.GifListActivity@89c8011 in: CREATED
11-24 18:25:19.342  2249  2265 I DroidFlux:Dispatcher: [STARTED] dispatch of action [APP_STATE_LOAD]
11-24 18:25:19.344  2249  2265 D DroidFlux:Dispatcher: An action of type [APP_STATE_LOAD] was dispatched, but no reducer handled it
11-24 18:25:19.344  2249  2265 I DroidFlux:Dispatcher: [COMPLETED] dispatch of action [APP_STATE_LOAD]
11-24 18:25:19.355  2249  2249 D LifecycleMonitor: Lifecycle status change: br.com.catbag.gifreduxsample.ui.GifListActivity@89c8011 in: STARTED
11-24 18:25:19.356  2249  2249 D LifecycleMonitor: Lifecycle status change: br.com.catbag.gifreduxsample.ui.GifListActivity@89c8011 in: RESUMED
11-24 18:25:19.617  2249  2249 E Feed    : Gif{uuid=0e915c6c-d214-4002-802b-4f22d1c6fb3c, path=, url=, title=, watched=false, status=DOWNLOADED}
11-24 18:25:19.617  2249  2249 E Feed    : pl.droidsonroids.gif.GifIOException: GifError 101: Failed to open given input
11-24 18:25:19.617  2249  2249 E Feed    : 	at pl.droidsonroids.gif.GifInfoHandle.openFile(Native Method)
11-24 18:25:19.617  2249  2249 E Feed    : 	at pl.droidsonroids.gif.GifInfoHandle.<init>(GifInfoHandle.java:46)
11-24 18:25:19.617  2249  2249 E Feed    : 	at pl.droidsonroids.gif.GifDrawable.<init>(GifDrawable.java:124)
11-24 18:25:19.617  2249  2249 E Feed    : 	at br.com.catbag.gifreduxsample.ui.components.FeedView.createDrawable(FeedView.java:102)
11-24 18:25:19.617  2249  2249 E Feed    : 	at br.com.catbag.gifreduxsample.ui.components.FeedView.lambda$renderGifView$1(FeedView.java:89)
11-24 18:25:19.617  2249  2249 E Feed    : 	at br.com.catbag.gifreduxsample.ui.components.FeedView$$Lambda$2.view(Unknown Source)
11-24 18:25:19.617  2249  2249 E Feed    : 	at trikita.anvil.BaseDSL.v(BaseDSL.java:670)
11-24 18:25:19.617  2249  2249 E Feed    : 	at br.com.catbag.gifreduxsample.ui.components.FeedView.renderGifView(FeedView.java:88)
11-24 18:25:19.617  2249  2249 E Feed    : 	at br.com.catbag.gifreduxsample.ui.components.FeedView.access$lambda$0(FeedView.java)
11-24 18:25:19.617  2249  2249 E Feed    : 	at br.com.catbag.gifreduxsample.ui.components.FeedView$$Lambda$3.view(Unknown Source)
11-24 18:25:19.617  2249  2249 E Feed    : 	at br.com.catbag.gifreduxsample.ui.components.GifsAdapter.view(GifsAdapter.java:55)
11-24 18:25:19.617  2249  2249 E Feed    : 	at trikita.anvil.RenderableRecyclerViewAdapter$1.view(RenderableRecyclerViewAdapter.java:24)
11-24 18:25:19.617  2249  2249 E Feed    : 	at trikita.anvil.Anvil$Mount.render(Anvil.java:204)
11-24 18:25:19.617  2249  2249 E Feed    : 	at trikita.anvil.Anvil.render(Anvil.java:173)
11-24 18:25:19.617  2249  2249 E Feed    : 	at trikita.anvil.RenderableRecyclerViewAdapter.onBindViewHolder(RenderableRecyclerViewAdapter.java:27)
11-24 18:25:19.617  2249  2249 E Feed    : 	at trikita.anvil.RenderableRecyclerViewAdapter.onBindViewHolder(RenderableRecyclerViewAdapter.java:7)
11-24 18:25:19.617  2249  2249 E Feed    : 	at android.support.v7.widget.RecyclerView$Adapter.onBindViewHolder(RecyclerView.java:5768)
11-24 18:25:19.617  2249  2249 E Feed    : 	at android.support.v7.widget.RecyclerView$Adapter.bindViewHolder(RecyclerView.java:5801)
11-24 18:25:19.617  2249  2249 E Feed    : 	at android.support.v7.widget.RecyclerView$Recycler.getViewForPosition(RecyclerView.java:5037)
11-24 18:25:19.617  2249  2249 E Feed    : 	at android.support.v7.widget.RecyclerView$Recycler.getViewForPosition(RecyclerView.java:4913)
11-24 18:25:19.617  2249  2249 E Feed    : 	at android.support.v7.widget.LinearLayoutManager$LayoutState.next(LinearLayoutManager.java:2029)
11-24 18:25:19.617  2249  2249 E Feed    : 	at android.support.v7.widget.LinearLayoutManager.layoutChunk(LinearLayoutManager.java:1414)
11-24 18:25:19.617  2249  2249 E Feed    : 	at android.support.v7.widget.LinearLayoutManager.fill(LinearLayoutManager.java:1377)
11-24 18:25:19.617  2249  2249 E Feed    : 	at android.support.v7.widget.LinearLayoutManager.onLayoutChildren(LinearLayoutManager.java:578)
11-24 18:25:19.617  2249  2249 E Feed    : 	at android.support.v7.widget.RecyclerView.dispatchLayoutStep2(RecyclerView.java:3260)
11-24 18:25:19.617  2249  2249 E Feed    : 	at android.support.v7.widget.RecyclerView.dispatchLayout(RecyclerView.java:3069)
11-24 18:25:19.617  2249  2249 E Feed    : 	at android.support.v7.widget.RecyclerView.onLayout(RecyclerView.java:3518)
11-24 18:25:19.617  2249  2249 E Feed    : 	at android.view.View.layout(View.java:17520)
