11-24 14:14:57.612  2243  2243 E Feed    : 	at br.com.catbag.gifreduxsample.ui.components.FeedComponent.lambda$renderGifView$2(FeedComponent.java:90)
11-24 14:14:57.612  2243  2243 E Feed    : 	at br.com.catbag.gifreduxsample.ui.components.FeedComponent$$Lambda$2.view(Unknown Source)
11-24 14:14:57.612  2243  2243 E Feed    : 	at trikita.anvil.BaseDSL.v(BaseDSL.java:670)
11-24 14:14:57.612  2243  2243 E Feed    : 	at br.com.catbag.gifreduxsample.ui.components.FeedComponent.renderGifView(FeedComponent.java:88)
11-24 14:14:57.612  2243  2243 E Feed    : 	at br.com.catbag.gifreduxsample.ui.components.FeedComponent.lambda$null$0(FeedComponent.java:55)
11-24 14:14:57.612  2243  2243 E Feed    : 	at br.com.catbag.gifreduxsample.ui.components.FeedComponent$$Lambda$3.view(Unknown Source)
11-24 14:14:57.612  2243  2243 E Feed    : 	at br.com.catbag.gifreduxsample.ui.components.GifsAdapter.view(GifsAdapter.java:55)
11-24 14:14:57.612  2243  2243 E Feed    : 	at trikita.anvil.RenderableRecyclerViewAdapter$1.view(RenderableRecyclerViewAdapter.java:24)
11-24 14:14:57.612  2243  2243 E Feed    : 	at trikita.anvil.Anvil$Mount.render(Anvil.java:204)
11-24 14:14:57.612  2243  2243 E Feed    : 	at trikita.anvil.Anvil.render(Anvil.java:173)
11-24 14:14:57.612  2243  2243 E Feed    : 	at trikita.anvil.RenderableRecyclerViewAdapter.onBindViewHolder(RenderableRecyclerViewAdapter.java:27)
11-24 14:14:57.612  2243  2243 E Feed    : 	at trikita.anvil.RenderableRecyclerViewAdapter.onBindViewHolder(RenderableRecyclerViewAdapter.java:7)
11-24 14:14:57.612  2243  2243 E Feed    : 	at android.support.v7.widget.RecyclerView$Adapter.onBindViewHolder(RecyclerView.java:5768)
11-24 14:14:57.612  2243  2243 E Feed    : 	at android.support.v7.widget.RecyclerView$Adapter.bindViewHolder(RecyclerView.java:5801)
11-24 14:14:57.612  2243  2243 E Feed    : 	at android.support.v7.widget.RecyclerView$Recycler.getViewForPosition(RecyclerView.java:5037)
11-24 14:14:57.612  2243  2243 E Feed    : 	at android.support.v7.widget.RecyclerView$Recycler.getViewForPosition(RecyclerView.java:4913)
11-24 14:14:57.612  2243  2243 E Feed    : 	at android.support.v7.widget.LinearLayoutManager$LayoutState.next(LinearLayoutManager.java:2029)
11-24 14:14:57.612  2243  2243 E Feed    : 	at android.support.v7.widget.LinearLayoutManager.layoutChunk(LinearLayoutManager.java:1414)
11-24 14:14:57.612  2243  2243 E Feed    : 	at android.support.v7.widget.LinearLayoutManager.fill(LinearLayoutManager.java:1377)
11-24 14:14:57.612  2243  2243 E Feed    : 	at android.support.v7.widget.LinearLayoutManager.onLayoutChildren(LinearLayoutManager.java:578)
11-24 14:14:57.612  2243  2243 E Feed    : 	at android.support.v7.widget.RecyclerView.dispatchLayoutStep2(RecyclerView.java:3260)
11-24 14:14:57.612  2243  2243 E Feed    : 	at android.support.v7.widget.RecyclerView.dispatchLayout(RecyclerView.java:3069)
11-24 14:14:57.612  2243  2243 E Feed    : 	at android.support.v7.widget.RecyclerView.onLayout(RecyclerView.java:3518)
11-24 14:14:57.612  2243  2243 E Feed    : 	at android.view.View.layout(View.java:17520)
11-24 14:14:57.612  2243  2243 E Feed    : 	at android.view.ViewGroup.layout(ViewGroup.java:5612)
11-24 14:14:57.612  2243  2243 E Feed    : 	at android.widget.FrameLayout.layoutChildren(FrameLayout.java:323)
11-24 14:14:57.612  2243  2243 E Feed    : 	at android.widget.FrameLayout.onLayout(FrameLayout.java:261)
11-24 14:14:57.612  2243  2243 E Feed    : 	at android.view.View.layout(View.java:17520)
11-24 14:14:57.612  2243  2243 E Feed    : 	at android.view.ViewGroup.layout(ViewGroup.java:5612)
11-24 14:14:57.612  2243  2243 E Feed    : 	at android.widget.RelativeLayout.onLayout(RelativeLayout.java:1079)
11-24 14:14:57.612  2243  2243 E Feed    : 	at android.view.View.layout(View.java:17520)
11-24 14:14:57.612  2243  2243 E Feed    : 	at android.view.ViewGroup.layout(ViewGroup.java:5612)
11-24 14:14:57.612  2243  2243 E Feed    : 	at android.widget.FrameLayout.layoutChildren(FrameLayout.java:323)
11-24 14:14:57.612  2243  2243 E Feed    : 	at android.widget.FrameLayout.onLayout(FrameLayout.java:261)
11-24 14:14:57.612  2243  2243 E Feed    : 	at android.view.View.layout(View.java:17520)
11-24 14:14:57.612  2243  2243 E Feed    : 	at android.view.ViewGroup.layout(ViewGroup.java:5612)
11-24 14:14:57.612  2243  2243 E Feed    : 	at android.support.v7.widget.ActionBarOverlayLayout.onLayout(ActionBarOverlayLayout.java:435)
11-24 14:14:57.612  2243  2243 E Feed    : 	at android.view.View.layout(View.java:17520)
11-24 14:14:57.612  2243  2243 E Feed    : 	at android.view.ViewGroup.layout(ViewGroup.java:5612)
11-24 14:14:57.612  2243  2243 E Feed    : 	at android.widget.FrameLayout.layoutChildren(FrameLayout.java:323)
11-24 14:14:57.612  2243  2243 E Feed    : 	at android.widget.FrameLayout.onLayout(FrameLayout.java:261)
11-24 14:14:57.612  2243  2243 E Feed    : 	at android.view.View.layout(View.java:17520)
11-24 14:14:57.612  2243  2243 E Feed    : 	at android.view.ViewGroup.layout(ViewGroup.java:5612)
11-24 14:14:57.612  2243  2243 E Feed    : 	at android.widget.LinearLayout.setChildFrame(LinearLayout.java:1741)
11-24 14:14:57.612  2243  2243 E Feed    : 	at android.widget.LinearLayout.layoutVertical(LinearLayout.java:1585)
11-24 14:14:57.612  2243  2243 E Feed    : 	at android.widget.LinearLayout.onLayout(LinearLayout.java:1494)
11-24 14:14:57.612  2243  2243 E Feed    : 	at android.view.View.layout(View.java:17520)
11-24 14:14:57.612  2243  2243 E Feed    : 	at android.view.ViewGroup.layout(ViewGroup.java:5612)
11-24 14:14:57.612  2243  2243 E Feed    : 	at android.widget.FrameLayout.layoutChildren(FrameLayout.java:323)
11-24 14:14:57.612  2243  2243 E Feed    : 	at android.widget.FrameLayout.onLayout(FrameLayout.java:261)
11-24 14:14:57.612  2243  2243 E Feed    : 	at com.android.internal.policy.DecorView.onLayout(DecorView.java:724)
11-24 14:14:57.612  2243  2243 E Feed    : 	at android.view.View.layout(View.java:17520)
11-24 14:14:57.612  2243  2243 E Feed    : 	at android.view.ViewGroup.layout(ViewGroup.java:5612)
11-24 14:14:57.612  2243  2243 E Feed    : 	at android.view.ViewRootImpl.performLayout(ViewRootImpl.java:2342)
11-24 14:14:57.612  2243  2243 E Feed    : 	at android.view.ViewRootImpl.performTraversals(ViewRootImpl.java:2069)
11-24 14:14:57.612  2243  2243 E Feed    : 	at android.view.ViewRootImpl.doTraversal(ViewRootImpl.java:1246)
11-24 14:14:57.612  2243  2243 E Feed    : 	at android.view.ViewRootImpl$TraversalRunnable.run(ViewRootImpl.java:6301)
11-24 14:14:57.612  2243  2243 E Feed    : 	at android.view.Choreographer$CallbackRecord.run(Choreographer.java:871)
11-24 14:14:57.612  2243  2243 E Feed    : 	at android.view.Choreographer.doCallbacks(Choreographer.java:683)
11-24 14:14:57.612  2243  2243 E Feed    : 	at android.view.Choreographer.doFrame(Choreographer.java:619)
11-24 14:14:57.612  2243  2243 E Feed    : 	at android.view.Choreographer$FrameDisplayEventReceiver.run(Choreographer.java:857)
11-24 14:14:57.612  2243  2243 E Feed    : 	at android.os.Handler.handleCallback(Handler.java:751)
11-24 14:14:57.612  2243  2243 E Feed    : 	at android.os.Handler.dispatchMessage(Handler.java:95)
11-24 14:14:57.612  2243  2243 E Feed    : 	at android.os.Looper.loop(Looper.java:154)
11-24 14:14:57.612  2243  2243 E Feed    : 	at android.app.ActivityThread.main(ActivityThread.java:6077)
11-24 14:14:57.612  2243  2243 E Feed    : 	at java.lang.reflect.Method.invoke(Native Method)
11-24 14:14:57.612  2243  2243 E Feed    : 	at com.android.internal.os.ZygoteInit$MethodAndArgsCaller.run(ZygoteInit.java:865)
11-24 14:14:57.612  2243  2243 E Feed    : 	at com.android.internal.os.ZygoteInit.main(ZygoteInit.java:755)
11-24 14:14:57.722  1237  1258 I ActivityManager: Displayed br.com.catbag.gifreduxsample/.ui.GifListActivity: +1s119ms
11-24 14:14:57.759  2243  2243 D LifecycleMonitor: Lifecycle status change: br.com.catbag.gifreduxsample.ui.GifListActivity@bd8e56b in: STOPPED
11-24 14:14:57.759  2243  2243 D LifecycleMonitor: Lifecycle status change: br.com.catbag.gifreduxsample.ui.GifListActivity@bd8e56b in: DESTROYED
11-24 14:14:57.815  1237  1483 I WindowManager: Destroying surface Surface(name=br.com.catbag.gifreduxsample/br.com.catbag.gifreduxsample.ui.GifListActivity) called by com.android.server.wm.WindowStateAnimator.destroySurface:2014 com.android.server.wm.WindowStateAnimator.destroySurfaceLocked:881 com.android.server.wm.WindowState.removeLocked:1449 com.android.server.wm.WindowManagerService.removeWindowInnerLocked:2478 com.android.server.wm.WindowManagerService.removeWindowLocked:2436 com.android.server.wm.WindowManagerService.removeWindowLocked:2305 com.android.server.wm.WindowManagerService.removeWindow:2300 com.android.server.wm.Session.remove:193 
11-24 14:14:57.820  2243  2259 I TestRunner: finished: whenGifIsNotWatchedTest(br.com.catbag.gifreduxsample.ui.giflist.GifListActivityTest)
11-24 14:14:57.832  2243  2243 D LifecycleMonitor: Lifecycle status change: br.com.catbag.gifreduxsample.ui.GifListActivity@c393693 in: PAUSED
11-24 14:14:57.905   978   978 D gralloc : Registering a buffer in the process that created it. This may cause memory ordering problems.
11-24 14:14:57.905   978   978 E libEGL  : called unimplemented OpenGL ES API
11-24 14:14:57.905   978   978 E SurfaceFlinger: glCheckFramebufferStatusOES error 154783791
11-24 14:14:57.905   978   978 E SurfaceFlinger: got GL_FRAMEBUFFER_COMPLETE_OES error while taking screenshot
11-24 14:14:57.917  1237  1249 W WindowManager: Screenshot failure taking screenshot for (480x800) to layer 21010
11-24 14:14:57.975  2243  2243 I MonitoringInstrumentation: Activities that are still in CREATED to STOPPED: 1
11-24 14:14:57.979  2243  2259 I TestRunner: started: whenGifIsDownloadingTest(br.com.catbag.gifreduxsample.ui.giflist.GifListActivityTest)
11-24 14:14:57.982  1237  1791 I ActivityManager: Activity reported stop, but no longer stopping: ActivityRecord{c2a2d76 u0 com.android.launcher3/.Launcher t3}
11-24 14:14:58.019  2243  2243 I Choreographer: Skipped 38 frames!  The application may be doing too much work on its main thread.
11-24 14:14:58.025  2243  2243 I MonitoringInstrumentation: Activities that are still in CREATED to STOPPED: 1
11-24 14:14:58.091  2243  2260 I DroidFlux:Dispatcher: [STARTED] dispatch of action [FAKE_REDUCE_ACTION]
11-24 14:14:58.091  2243  2260 I DroidFlux:Dispatcher: [COMPLETED] dispatch of action [FAKE_REDUCE_ACTION]
11-24 14:14:58.197  2243  2282 D ActivityTestRule: Launching activity br.com.catbag.gifreduxsample.ui.GifListActivity
11-24 14:14:58.199  1237  1258 I Choreographer: Skipped 35 frames!  The application may be doing too much work on its main thread.
11-24 14:14:58.204  2243  2283 D MonitoringInstrumentation: execStartActivity(context, ibinder, ibinder, activity, intent, int, bundle
11-24 14:14:58.205  1237  1484 I ActivityManager: START u0 {flg=0x10000000 cmp=br.com.catbag.gifreduxsample/.ui.GifListActivity} from uid 10060 on display 0
11-24 14:14:58.344  1237  1258 I WindowManager: Destroying surface Surface(name=Starting br.com.catbag.gifreduxsample) called by com.android.server.wm.WindowStateAnimator.destroySurface:2014 com.android.server.wm.WindowStateAnimator.destroySurfaceLocked:881 com.android.server.wm.WindowState.removeLocked:1449 com.android.server.wm.WindowManagerService.removeWindowInnerLocked:2478 com.android.server.wm.AppWindowToken.destroySurfaces:365 com.android.server.wm.WindowStateAnimator.finishExit:565 com.android.server.wm.WindowStateAnimator.stepAnimationLocked:491 com.android.server.wm.WindowAnimator.updateWindowsLocked:303 
11-24 14:14:58.581  2243  2243 D LifecycleMonitor: Lifecycle status change: br.com.catbag.gifreduxsample.ui.GifListActivity@5bf2f2e in: PRE_ON_CREATE
11-24 14:14:58.611  1694  1694 I Choreographer: Skipped 54 frames!  The application may be doing too much work on its main thread.
11-24 14:14:58.719  2243  2243 D LifecycleMonitor: Lifecycle status change: br.com.catbag.gifreduxsample.ui.GifListActivity@5bf2f2e in: CREATED
11-24 14:14:58.735  2243  2243 D LifecycleMonitor: Lifecycle status change: br.com.catbag.gifreduxsample.ui.GifListActivity@5bf2f2e in: STARTED
11-24 14:14:58.742  2243  2243 D LifecycleMonitor: Lifecycle status change: br.com.catbag.gifreduxsample.ui.GifListActivity@5bf2f2e in: RESUMED
11-24 14:14:58.798  2243  2260 I DroidFlux:Dispatcher: [STARTED] dispatch of action [APP_STATE_LOAD]
11-24 14:14:58.798  2243  2260 D DroidFlux:Dispatcher: An action of type [APP_STATE_LOAD] was dispatched, but no reducer handled it
11-24 14:14:58.798  2243  2260 I DroidFlux:Dispatcher: [COMPLETED] dispatch of action [APP_STATE_LOAD]
11-24 14:14:58.930  2243  2259 I TestRunner: finished: whenGifIsDownloadingTest(br.com.catbag.gifreduxsample.ui.giflist.GifListActivityTest)
11-24 14:14:58.940  2243  2243 I MonitoringInstrumentation: Activities that are still in CREATED to STOPPED: 2
11-24 14:14:58.941  2243  2259 I TestRunner: started: whenListKeepOrderedAfterPlayTest(br.com.catbag.gifreduxsample.ui.giflist.GifListActivityTest)
11-24 14:14:59.014  2243  2243 I MonitoringInstrumentation: Activities that are still in CREATED to STOPPED: 2
11-24 14:14:59.039  2243  2260 I DroidFlux:Dispatcher: [STARTED] dispatch of action [FAKE_REDUCE_ACTION]
11-24 14:14:59.039  2243  2260 I DroidFlux:Dispatcher: [COMPLETED] dispatch of action [FAKE_REDUCE_ACTION]
11-24 14:14:59.098  2243  2243 D LifecycleMonitor: Lifecycle status change: br.com.catbag.gifreduxsample.ui.GifListActivity@5bf2f2e in: PAUSED
11-24 14:14:59.122  2243  2285 D ActivityTestRule: Launching activity br.com.catbag.gifreduxsample.ui.GifListActivity
11-24 14:14:59.152   978   978 D gralloc : Registering a buffer in the process that created it. This may cause memory ordering problems.
11-24 14:14:59.152   978   978 E libEGL  : called unimplemented OpenGL ES API
11-24 14:14:59.153   978   978 E SurfaceFlinger: glCheckFramebufferStatusOES error 154783791
11-24 14:14:59.153   978   978 E SurfaceFlinger: got GL_FRAMEBUFFER_COMPLETE_OES error while taking screenshot
11-24 14:14:59.154  1237  1483 W WindowManager: Screenshot failure taking screenshot for (480x800) to layer 22015
11-24 14:14:59.214  1237  1258 I WindowManager: Destroying surface Surface(name=Starting br.com.catbag.gifreduxsample) called by com.android.server.wm.WindowStateAnimator.destroySurface:2014 com.android.server.wm.WindowStateAnimator.destroySurfaceLocked:881 com.android.server.wm.WindowState.removeLocked:1449 com.android.server.wm.WindowManagerService.removeWindowInnerLocked:2478 com.android.server.wm.AppWindowToken.destroySurfaces:365 com.android.server.wm.WindowStateAnimator.finishExit:565 com.android.server.wm.WindowStateAnimator.stepAnimationLocked:491 com.android.server.wm.WindowAnimator.updateWindowsLocked:303 
11-24 14:14:59.405  2243  2286 D MonitoringInstrumentation: execStartActivity(context, ibinder, ibinder, activity, intent, int, bundle
11-24 14:14:59.409  1237  1791 I ActivityManager: START u0 {flg=0x10000000 cmp=br.com.catbag.gifreduxsample/.ui.GifListActivity} from uid 10060 on display 0
11-24 14:14:59.507  1694  1694 I Choreographer: Skipped 45 frames!  The application may be doing too much work on its main thread.
11-24 14:14:59.600  2243  2243 D LifecycleMonitor: Lifecycle status change: br.com.catbag.gifreduxsample.ui.GifListActivity@aa76045 in: PRE_ON_CREATE
11-24 14:14:59.623  2243  2243 D LifecycleMonitor: Lifecycle status change: br.com.catbag.gifreduxsample.ui.GifListActivity@aa76045 in: CREATED
11-24 14:14:59.631  2243  2260 I DroidFlux:Dispatcher: [STARTED] dispatch of action [APP_STATE_LOAD]
11-24 14:14:59.632  2243  2260 D DroidFlux:Dispatcher: An action of type [APP_STATE_LOAD] was dispatched, but no reducer handled it
11-24 14:14:59.632  2243  2260 I DroidFlux:Dispatcher: [COMPLETED] dispatch of action [APP_STATE_LOAD]
11-24 14:14:59.632  2243  2243 D LifecycleMonitor: Lifecycle status change: br.com.catbag.gifreduxsample.ui.GifListActivity@aa76045 in: STARTED
11-24 14:14:59.634  2243  2243 D LifecycleMonitor: Lifecycle status change: br.com.catbag.gifreduxsample.ui.GifListActivity@aa76045 in: RESUMED
11-24 14:14:59.668  1237  1258 I Choreographer: Skipped 42 frames!  The application may be doing too much work on its main thread.
11-24 14:14:59.985  2243  2248 I art     : Do partial code cache collection, code=54KB, data=60KB
11-24 14:14:59.985  2243  2248 I art     : After code cache collection, code=52KB, data=60KB
11-24 14:14:59.985  2243  2248 I art     : Increasing code cache capacity to 256KB
11-24 14:15:00.359  2243  2243 W ResourceType: No package identifier when getting name for resource number 0x0000000c
11-24 14:15:00.359  2243  2243 I ViewInteraction: Performing 'single click' action on view with id: 12 (resource name not found)
11-24 14:15:00.410  1237  1258 I ActivityManager: Displayed br.com.catbag.gifreduxsample/.ui.GifListActivity: +846ms (total +1s899ms)
11-24 14:15:00.559  2243  2243 I Choreographer: Skipped 50 frames!  The application may be doing too much work on its main thread.
11-24 14:15:00.621  1237  1258 I WindowManager: Destroying surface Surface(name=Starting br.com.catbag.gifreduxsample) called by com.android.server.wm.WindowStateAnimator.destroySurface:2014 com.android.server.wm.WindowStateAnimator.destroySurfaceLocked:881 com.android.server.wm.WindowState.destroyOrSaveSurface:2073 com.android.server.wm.AppWindowToken.destroySurfaces:363 com.android.server.wm.WindowStateAnimator.finishExit:565 com.android.server.wm.WindowStateAnimator.stepAnimationLocked:491 com.android.server.wm.WindowAnimator.updateWindowsLocked:303 com.android.server.wm.WindowAnimator.animateLocked:704 
11-24 14:15:00.640  2243  2243 D LifecycleMonitor: Lifecycle status change: br.com.catbag.gifreduxsample.ui.GifListActivity@5bf2f2e in: STOPPED
11-24 14:15:00.641  2243  2243 D LifecycleMonitor: Lifecycle status change: br.com.catbag.gifreduxsample.ui.GifListActivity@5bf2f2e in: DESTROYED
11-24 14:15:00.687  1237  1248 I WindowManager: Destroying surface Surface(name=com.android.launcher3/com.android.launcher3.Launcher) called by com.android.server.wm.WindowStateAnimator.destroySurface:2014 com.android.server.wm.WindowStateAnimator.destroySurfaceLocked:881 com.android.server.wm.WindowState.destroyOrSaveSurface:2073 com.android.server.wm.AppWindowToken.destroySurfaces:363 com.android.server.wm.AppWindowToken.notifyAppStopped:389 com.android.server.wm.WindowManagerService.notifyAppStopped:4456 com.android.server.am.ActivityStack.activityStoppedLocked:1252 com.android.server.am.ActivityManagerService.activityStopped:6873 
11-24 14:15:00.713  1237  1353 I WindowManager: Destroying surface Surface(name=br.com.catbag.gifreduxsample/br.com.catbag.gifreduxsample.ui.GifListActivity) called by com.android.server.wm.WindowStateAnimator.destroySurface:2014 com.android.server.wm.WindowStateAnimator.destroySurfaceLocked:881 com.android.server.wm.WindowState.removeLocked:1449 com.android.server.wm.WindowManagerService.removeWindowInnerLocked:2478 com.android.server.wm.WindowManagerService.removeWindowLocked:2436 com.android.server.wm.WindowManagerService.removeWindowLocked:2305 com.android.server.wm.WindowManagerService.removeWindow:2300 com.android.server.wm.Session.remove:193 
11-24 14:15:00.721  2243  2243 D LifecycleMonitor: Lifecycle status change: br.com.catbag.gifreduxsample.ui.GifListActivity@c393693 in: STOPPED
11-24 14:15:00.722  2243  2243 D LifecycleMonitor: Lifecycle status change: br.com.catbag.gifreduxsample.ui.GifListActivity@c393693 in: DESTROYED
11-24 14:15:00.728  1237  1484 I WindowManager: Destroying surface Surface(name=br.com.catbag.gifreduxsample/br.com.catbag.gifreduxsample.ui.GifListActivity) called by com.android.server.wm.WindowStateAnimator.destroySurface:2014 com.android.server.wm.WindowStateAnimator.destroySurfaceLocked:881 com.android.server.wm.WindowState.removeLocked:1449 com.android.server.wm.WindowManagerService.removeWindowInnerLocked:2478 com.android.server.wm.WindowManagerService.removeWindowLocked:2436 com.android.server.wm.WindowManagerService.removeWindowLocked:2305 com.android.server.wm.WindowManagerService.removeWindow:2300 com.android.server.wm.Session.remove:193 
11-24 14:15:00.737  2243  2260 I DroidFlux:Dispatcher: [STARTED] dispatch of action [GIF_PLAY]
11-24 14:15:00.739  2243  2260 I DroidFlux:Dispatcher: [COMPLETED] dispatch of action [GIF_PLAY]
11-24 14:15:00.777   986  1037 D AudioFlinger: mixer(0xac803bc0) throttle end: throttle time(11)
11-24 14:15:00.801   986  1037 D AudioFlinger: mixer(0xac803bc0) throttle end: throttle time(11)
11-24 14:15:01.378  2243  2243 W ResourceType: No package identifier when getting name for resource number 0x00000010
11-24 14:15:01.379  2243  2243 I ViewInteraction: Performing 'scroll RecyclerView to position: 2' action on view with id: 16 (resource name not found)
11-24 14:15:01.673  2243  2243 W ResourceType: No package identifier when getting name for resource number 0x00000010
11-24 14:15:01.691  2243  2243 W ResourceType: No package identifier when getting name for resource number 0x00000018
11-24 14:15:01.692  2243  2243 I ViewInteraction: Performing 'single click' action on view with id: 24 (resource name not found)
11-24 14:15:01.757  2243  2260 I DroidFlux:Dispatcher: [STARTED] dispatch of action [GIF_PLAY]
11-24 14:15:01.758  2243  2260 I DroidFlux:Dispatcher: [COMPLETED] dispatch of action [GIF_PLAY]
11-24 14:15:02.331  2243  2243 W ResourceType: No package identifier when getting name for resource number 0x0000001c
11-24 14:15:02.331  2243  2243 I ViewInteraction: Performing 'scroll RecyclerView to position: 3' action on view with id: 28 (resource name not found)
11-24 14:15:02.568  1237  1323 E TaskPersister: File error accessing recents directory (directory doesn't exist?).
11-24 14:15:02.653  2243  2243 W ResourceType: No package identifier when getting name for resource number 0x0000001c
11-24 14:15:02.694  2243  2243 W ResourceType: No package identifier when getting name for resource number 0x00000024
11-24 14:15:02.694  2243  2243 I ViewInteraction: Performing 'single click' action on view with id: 36 (resource name not found)
11-24 14:15:02.756  2243  2260 I DroidFlux:Dispatcher: [STARTED] dispatch of action [GIF_PLAY]
11-24 14:15:02.772  2243  2260 I DroidFlux:Dispatcher: [COMPLETED] dispatch of action [GIF_PLAY]
11-24 14:15:03.412  2243  2243 W ResourceType: No package identifier when getting name for resource number 0x00000028
11-24 14:15:03.412  2243  2243 I ViewInteraction: Performing 'scroll RecyclerView to position: 4' action on view with id: 40 (resource name not found)
11-24 14:15:03.748  2243  2243 W ResourceType: No package identifier when getting name for resource number 0x00000028
11-24 14:15:03.782  2243  2243 W ResourceType: No package identifier when getting name for resource number 0x00000030
11-24 14:15:03.782  2243  2243 I ViewInteraction: Performing 'single click' action on view with id: 48 (resource name not found)
11-24 14:15:03.865  2243  2260 I DroidFlux:Dispatcher: [STARTED] dispatch of action [GIF_PLAY]
11-24 14:15:03.888  2243  2260 I DroidFlux:Dispatcher: [COMPLETED] dispatch of action [GIF_PLAY]
11-24 14:15:03.905  2243  2254 I art     : Background sticky concurrent mark sweep GC freed 22422(1693KB) AllocSpace objects, 8(160KB) LOS objects, 20% free, 7MB/9MB, paused 8.479ms total 170.353ms
11-24 14:15:04.452  2243  2243 W ResourceType: No package identifier when getting name for resource number 0x00000034
11-24 14:15:04.452  2243  2243 I ViewInteraction: Performing 'scroll RecyclerView to position: 5' action on view with id: 52 (resource name not found)
11-24 14:15:04.751  2243  2243 W ResourceType: No package identifier when getting name for resource number 0x00000034
11-24 14:15:04.763  2243  2243 W ResourceType: No package identifier when getting name for resource number 0x0000003c
11-24 14:15:04.763  2243  2243 I ViewInteraction: Performing 'single click' action on view with id: 60 (resource name not found)
11-24 14:15:04.845  2243  2260 I DroidFlux:Dispatcher: [STARTED] dispatch of action [GIF_PLAY]
11-24 14:15:04.918  2243  2260 I DroidFlux:Dispatcher: [COMPLETED] dispatch of action [GIF_PLAY]
11-24 14:15:05.597  2243  2243 W ResourceType: No package identifier when getting name for resource number 0x00000040
11-24 14:15:05.598  2243  2243 I ViewInteraction: Performing 'scroll RecyclerView to position: 6' action on view with id: 64 (resource name not found)
11-24 14:15:05.901  2243  2243 W ResourceType: No package identifier when getting name for resource number 0x00000040
11-24 14:15:05.935  2243  2243 W ResourceType: No package identifier when getting name for resource number 0x00000048
11-24 14:15:05.935  2243  2243 I ViewInteraction: Performing 'single click' action on view with id: 72 (resource name not found)
11-24 14:15:05.992  2243  2260 I DroidFlux:Dispatcher: [STARTED] dispatch of action [GIF_PLAY]
11-24 14:15:05.993  2243  2260 I DroidFlux:Dispatcher: [COMPLETED] dispatch of action [GIF_PLAY]
11-24 14:15:06.604  2243  2243 W ResourceType: No package identifier when getting name for resource number 0x0000004c
11-24 14:15:06.604  2243  2243 I ViewInteraction: Performing 'scroll RecyclerView to position: 7' action on view with id: 76 (resource name not found)
11-24 14:15:06.722  2243  2254 I art     : Background sticky concurrent mark sweep GC freed 10456(922KB) AllocSpace objects, 6(128KB) LOS objects, 11% free, 8MB/9MB, paused 7.189ms total 83.403ms
11-24 14:15:06.944  2243  2243 W ResourceType: No package identifier when getting name for resource number 0x0000004c
11-24 14:15:06.967  2243  2243 W ResourceType: No package identifier when getting name for resource number 0x00000054
11-24 14:15:06.968  2243  2243 I ViewInteraction: Performing 'single click' action on view with id: 84 (resource name not found)
11-24 14:15:07.029  2243  2260 I DroidFlux:Dispatcher: [STARTED] dispatch of action [GIF_PLAY]
11-24 14:15:07.030  2243  2260 I DroidFlux:Dispatcher: [COMPLETED] dispatch of action [GIF_PLAY]
11-24 14:15:07.623  2243  2243 W ResourceType: No package identifier when getting name for resource number 0x00000058
11-24 14:15:07.624  2243  2243 I ViewInteraction: Performing 'scroll RecyclerView to position: 8' action on view with id: 88 (resource name not found)
11-24 14:15:07.941  2243  2243 W ResourceType: No package identifier when getting name for resource number 0x00000058
11-24 14:15:07.972  2243  2243 W ResourceType: No package identifier when getting name for resource number 0x00000060
11-24 14:15:07.972  2243  2243 I ViewInteraction: Performing 'single click' action on view with id: 96 (resource name not found)
11-24 14:15:08.053  2243  2260 I DroidFlux:Dispatcher: [STARTED] dispatch of action [GIF_PLAY]
11-24 14:15:08.055  2243  2260 I DroidFlux:Dispatcher: [COMPLETED] dispatch of action [GIF_PLAY]
11-24 14:15:08.090  2243  2254 I art     : Background sticky concurrent mark sweep GC freed 7476(685KB) AllocSpace objects, 6(128KB) LOS objects, 7% free, 8MB/9MB, paused 5.707ms total 133.748ms
11-24 14:15:08.097   986  1037 D AudioFlinger: mixer(0xac803bc0) throttle end: throttle time(10)
11-24 14:15:08.644  2243  2243 W ResourceType: No package identifier when getting name for resource number 0x00000064
11-24 14:15:08.645  2243  2243 I ViewInteraction: Performing 'scroll RecyclerView to position: 9' action on view with id: 100 (resource name not found)
11-24 14:15:08.923  2243  2243 W ResourceType: No package identifier when getting name for resource number 0x00000064
11-24 14:15:08.938  2243  2243 W ResourceType: No package identifier when getting name for resource number 0x0000006c
11-24 14:15:08.938  2243  2243 I ViewInteraction: Performing 'single click' action on view with id: 108 (resource name not found)
11-24 14:15:09.018  2243  2260 I DroidFlux:Dispatcher: [STARTED] dispatch of action [GIF_PLAY]
11-24 14:15:09.020  2243  2260 I DroidFlux:Dispatcher: [COMPLETED] dispatch of action [GIF_PLAY]
11-24 14:15:09.030  2243  2254 I art     : Background sticky concurrent mark sweep GC freed 4449(370KB) AllocSpace objects, 3(64KB) LOS objects, 4% free, 8MB/9MB, paused 6.510ms total 103.146ms
11-24 14:15:09.594  2243  2243 W ResourceType: No package identifier when getting name for resource number 0x00000070
11-24 14:15:09.594  2243  2243 I ViewInteraction: Performing 'scroll RecyclerView to position: 10' action on view with id: 112 (resource name not found)
11-24 14:15:09.714  2243  2254 I art     : Background partial concurrent mark sweep GC freed 6043(288KB) AllocSpace objects, 3(308KB) LOS objects, 32% free, 8MB/12MB, paused 6.371ms total 88.940ms
11-24 14:15:09.909  2243  2243 W ResourceType: No package identifier when getting name for resource number 0x00000070
11-24 14:15:09.915  2243  2243 W ResourceType: No package identifier when getting name for resource number 0x00000078
11-24 14:15:09.915  2243  2243 I ViewInteraction: Performing 'single click' action on view with id: 120 (resource name not found)
11-24 14:15:09.979  2243  2260 I DroidFlux:Dispatcher: [STARTED] dispatch of action [GIF_PLAY]
11-24 14:15:09.980  2243  2260 I DroidFlux:Dispatcher: [COMPLETED] dispatch of action [GIF_PLAY]
11-24 14:15:10.574  2243  2243 W ResourceType: No package identifier when getting name for resource number 0x0000007c
11-24 14:15:10.574  2243  2243 I ViewInteraction: Performing 'scroll RecyclerView to position: 11' action on view with id: 124 (resource name not found)
11-24 14:15:10.893  2243  2243 W ResourceType: No package identifier when getting name for resource number 0x0000007c
11-24 14:15:10.903  2243  2243 W ResourceType: No package identifier when getting name for resource number 0x00000084
11-24 14:15:10.903  2243  2243 I ViewInteraction: Performing 'single click' action on view with id: 132 (resource name not found)
11-24 14:15:10.961  2243  2260 I DroidFlux:Dispatcher: [STARTED] dispatch of action [GIF_PLAY]
11-24 14:15:10.963  2243  2260 I DroidFlux:Dispatcher: [COMPLETED] dispatch of action [GIF_PLAY]
11-24 14:15:11.092   986  1037 D AudioFlinger: mixer(0xac803bc0) throttle end: throttle time(6)
11-24 14:15:11.532  2243  2243 W ResourceType: No package identifier when getting name for resource number 0x00000088
11-24 14:15:11.532  2243  2243 I ViewInteraction: Performing 'scroll RecyclerView to position: 12' action on view with id: 136 (resource name not found)
11-24 14:15:11.597  2243  2248 I art     : Do full code cache collection, code=122KB, data=121KB
11-24 14:15:11.598  2243  2248 I art     : After code cache collection, code=93KB, data=77KB
11-24 14:15:11.842  2243  2243 W ResourceType: No package identifier when getting name for resource number 0x00000088
11-24 14:15:11.870  2243  2243 W ResourceType: No package identifier when getting name for resource number 0x00000090
11-24 14:15:11.870  2243  2243 I ViewInteraction: Performing 'single click' action on view with id: 144 (resource name not found)
11-24 14:15:11.938  2243  2260 I DroidFlux:Dispatcher: [STARTED] dispatch of action [GIF_PLAY]
11-24 14:15:11.949  2243  2260 I DroidFlux:Dispatcher: [COMPLETED] dispatch of action [GIF_PLAY]
11-24 14:15:12.555  2243  2243 W ResourceType: No package identifier when getting name for resource number 0x00000094
11-24 14:15:12.555  2243  2243 I ViewInteraction: Performing 'scroll RecyclerView to position: 13' action on view with id: 148 (resource name not found)
11-24 14:15:12.870  2243  2243 W ResourceType: No package identifier when getting name for resource number 0x00000094
11-24 14:15:12.883  2243  2243 W ResourceType: No package identifier when getting name for resource number 0x0000009c
11-24 14:15:12.884  2243  2243 I ViewInteraction: Performing 'single click' action on view with id: 156 (resource name not found)
11-24 14:15:12.946  2243  2260 I DroidFlux:Dispatcher: [STARTED] dispatch of action [GIF_PLAY]
11-24 14:15:12.992  2243  2260 I DroidFlux:Dispatcher: [COMPLETED] dispatch of action [GIF_PLAY]
11-24 14:15:13.485  2243  2243 W ResourceType: No package identifier when getting name for resource number 0x000000a0
11-24 14:15:13.485  2243  2243 I ViewInteraction: Performing 'scroll RecyclerView to position: 14' action on view with id: 160 (resource name not found)
11-24 14:15:13.785  2243  2243 W ResourceType: No package identifier when getting name for resource number 0x000000a0
11-24 14:15:13.814  2243  2243 W ResourceType: No package identifier when getting name for resource number 0x000000a8
11-24 14:15:13.815  2243  2243 I ViewInteraction: Performing 'single click' action on view with id: 168 (resource name not found)
11-24 14:15:13.889  2243  2260 I DroidFlux:Dispatcher: [STARTED] dispatch of action [GIF_PLAY]
11-24 14:15:13.891  2243  2260 I DroidFlux:Dispatcher: [COMPLETED] dispatch of action [GIF_PLAY]
11-24 14:15:14.435  2243  2243 W ResourceType: No package identifier when getting name for resource number 0x000000ac
11-24 14:15:14.436  2243  2243 I ViewInteraction: Performing 'scroll RecyclerView to position: 15' action on view with id: 172 (resource name not found)
11-24 14:15:14.742  2243  2243 W ResourceType: No package identifier when getting name for resource number 0x000000ac
11-24 14:15:14.776  2243  2243 W ResourceType: No package identifier when getting name for resource number 0x000000b4
11-24 14:15:14.776  2243  2243 I ViewInteraction: Performing 'single click' action on view with id: 180 (resource name not found)
11-24 14:15:14.851  2243  2260 I DroidFlux:Dispatcher: [STARTED] dispatch of action [GIF_PLAY]
11-24 14:15:14.853  2243  2260 I DroidFlux:Dispatcher: [COMPLETED] dispatch of action [GIF_PLAY]
11-24 14:15:14.877  2243  2254 I art     : Background sticky concurrent mark sweep GC freed 25877(2MB) AllocSpace objects, 18(384KB) LOS objects, 20% free, 9MB/12MB, paused 5.197ms total 128.408ms
11-24 14:15:15.449  2243  2243 W ResourceType: No package identifier when getting name for resource number 0x000000b8
11-24 14:15:15.450  2243  2243 I ViewInteraction: Performing 'scroll RecyclerView to position: 16' action on view with id: 184 (resource name not found)
11-24 14:15:15.763  2243  2243 W ResourceType: No package identifier when getting name for resource number 0x000000b8
11-24 14:15:15.776  2243  2243 W ResourceType: No package identifier when getting name for resource number 0x000000c0
11-24 14:15:15.776  2243  2243 I ViewInteraction: Performing 'single click' action on view with id: 192 (resource name not found)
11-24 14:15:15.827  2243  2260 I DroidFlux:Dispatcher: [STARTED] dispatch of action [GIF_PLAY]
11-24 14:15:15.829  2243  2260 I DroidFlux:Dispatcher: [COMPLETED] dispatch of action [GIF_PLAY]
11-24 14:15:16.402  2243  2243 W ResourceType: No package identifier when getting name for resource number 0x000000c4
11-24 14:15:16.402  2243  2243 I ViewInteraction: Performing 'scroll RecyclerView to position: 17' action on view with id: 196 (resource name not found)
11-24 14:15:16.703  2243  2243 W ResourceType: No package identifier when getting name for resource number 0x000000c4
11-24 14:15:16.744  2243  2243 W ResourceType: No package identifier when getting name for resource number 0x000000cc
11-24 14:15:16.744  2243  2243 I ViewInteraction: Performing 'single click' action on view with id: 204 (resource name not found)
11-24 14:15:16.820  2243  2260 I DroidFlux:Dispatcher: [STARTED] dispatch of action [GIF_PLAY]
11-24 14:15:16.821  2243  2260 I DroidFlux:Dispatcher: [COMPLETED] dispatch of action [GIF_PLAY]
11-24 14:15:17.376  2243  2243 W ResourceType: No package identifier when getting name for resource number 0x000000d0
11-24 14:15:17.376  2243  2243 I ViewInteraction: Performing 'scroll RecyclerView to position: 18' action on view with id: 208 (resource name not found)
11-24 14:15:17.702  2243  2243 W ResourceType: No package identifier when getting name for resource number 0x000000d0
11-24 14:15:17.719  2243  2243 W ResourceType: No package identifier when getting name for resource number 0x000000d8
11-24 14:15:17.720  2243  2243 I ViewInteraction: Performing 'single click' action on view with id: 216 (resource name not found)
11-24 14:15:17.790  2243  2260 I DroidFlux:Dispatcher: [STARTED] dispatch of action [GIF_PLAY]
11-24 14:15:17.792  2243  2260 I DroidFlux:Dispatcher: [COMPLETED] dispatch of action [GIF_PLAY]
11-24 14:15:18.395  2243  2243 W ResourceType: No package identifier when getting name for resource number 0x000000e3
11-24 14:15:18.396  2243  2243 I ViewInteraction: Performing 'single click' action on view with id: 227 (resource name not found)
11-24 14:15:18.484  2243  2260 I DroidFlux:Dispatcher: [STARTED] dispatch of action [GIF_PAUSE]
11-24 14:15:18.507  2243  2260 I DroidFlux:Dispatcher: [COMPLETED] dispatch of action [GIF_PAUSE]
11-24 14:15:19.028  2243  2259 I TestRunner: finished: whenListKeepOrderedAfterPlayTest(br.com.catbag.gifreduxsample.ui.giflist.GifListActivityTest)
11-24 14:15:19.041  2243  2243 D LifecycleMonitor: Lifecycle status change: br.com.catbag.gifreduxsample.ui.GifListActivity@aa76045 in: PAUSED
11-24 14:15:19.090   978   978 D gralloc : Registering a buffer in the process that created it. This may cause memory ordering problems.
11-24 14:15:19.090   978   978 E libEGL  : called unimplemented OpenGL ES API
11-24 14:15:19.090   978   978 E SurfaceFlinger: glCheckFramebufferStatusOES error 154783791
11-24 14:15:19.091   978   978 E SurfaceFlinger: got GL_FRAMEBUFFER_COMPLETE_OES error while taking screenshot
11-24 14:15:19.100  1237  1353 W WindowManager: Screenshot failure taking screenshot for (480x800) to layer 21010
11-24 14:15:19.109  2243  2243 I MonitoringInstrumentation: Activities that are still in CREATED to STOPPED: 1
11-24 14:15:19.113  2243  2259 I TestRunner: started: whenGifIsWatchedTest(br.com.catbag.gifreduxsample.ui.giflist.GifListActivityTest)
11-24 14:15:19.129  2243  2243 I MonitoringInstrumentation: Activities that are still in CREATED to STOPPED: 1
11-24 14:15:19.225  2243  2260 I DroidFlux:Dispatcher: [STARTED] dispatch of action [FAKE_REDUCE_ACTION]
11-24 14:15:19.227  2243  2260 I DroidFlux:Dispatcher: [COMPLETED] dispatch of action [FAKE_REDUCE_ACTION]
11-24 14:15:19.309  2243  2287 D ActivityTestRule: Launching activity br.com.catbag.gifreduxsample.ui.GifListActivity
11-24 14:15:19.352  2243  2288 D MonitoringInstrumentation: execStartActivity(context, ibinder, ibinder, activity, intent, int, bundle
11-24 14:15:19.399  1237  1353 I ActivityManager: START u0 {flg=0x10000000 cmp=br.com.catbag.gifreduxsample/.ui.GifListActivity} from uid 10060 on display 0
11-24 14:15:19.560  2243  2243 D LifecycleMonitor: Lifecycle status change: br.com.catbag.gifreduxsample.ui.GifListActivity@32e636b in: PRE_ON_CREATE
11-24 14:15:19.596  2243  2243 D LifecycleMonitor: Lifecycle status change: br.com.catbag.gifreduxsample.ui.GifListActivity@32e636b in: CREATED
11-24 14:15:19.597  2243  2243 D LifecycleMonitor: Lifecycle status change: br.com.catbag.gifreduxsample.ui.GifListActivity@32e636b in: STARTED
11-24 14:15:19.599  2243  2243 D LifecycleMonitor: Lifecycle status change: br.com.catbag.gifreduxsample.ui.GifListActivity@32e636b in: RESUMED
11-24 14:15:19.638  2243  2260 I DroidFlux:Dispatcher: [STARTED] dispatch of action [APP_STATE_LOAD]
11-24 14:15:19.638  2243  2260 D DroidFlux:Dispatcher: An action of type [APP_STATE_LOAD] was dispatched, but no reducer handled it
11-24 14:15:19.638  2243  2260 I DroidFlux:Dispatcher: [COMPLETED] dispatch of action [APP_STATE_LOAD]
11-24 14:15:19.649  1237  1258 I Choreographer: Skipped 68 frames!  The application may be doing too much work on its main thread.
11-24 14:15:19.704  2243  2243 E Feed    : Gif{uuid=690cb78b-653e-4d11-8f14-bd904f20887f, path=, url=, title=, watched=true, status=DOWNLOADED}
11-24 14:15:19.704  2243  2243 E Feed    : pl.droidsonroids.gif.GifIOException: GifError 101: Failed to open given input
11-24 14:15:19.704  2243  2243 E Feed    : 	at pl.droidsonroids.gif.GifInfoHandle.openFile(Native Method)
11-24 14:15:19.704  2243  2243 E Feed    : 	at pl.droidsonroids.gif.GifInfoHandle.<init>(GifInfoHandle.java:46)
11-24 14:15:19.704  2243  2243 E Feed    : 	at pl.droidsonroids.gif.GifDrawable.<init>(GifDrawable.java:124)
11-24 14:15:19.704  2243  2243 E Feed    : 	at br.com.catbag.gifreduxsample.ui.components.FeedComponent.createDrawable(FeedComponent.java:104)
11-24 14:15:19.704  2243  2243 E Feed    : 	at br.com.catbag.gifreduxsample.ui.components.FeedComponent.lambda$renderGifView$2(FeedComponent.java:90)
11-24 14:15:19.704  2243  2243 E Feed    : 	at br.com.catbag.gifreduxsample.ui.components.FeedComponent$$Lambda$2.view(Unknown Source)
11-24 14:15:19.704  2243  2243 E Feed    : 	at trikita.anvil.BaseDSL.v(BaseDSL.java:670)
11-24 14:15:19.704  2243  2243 E Feed    : 	at br.com.catbag.gifreduxsample.ui.components.FeedComponent.renderGifView(FeedComponent.java:88)
11-24 14:15:19.704  2243  2243 E Feed    : 	at br.com.catbag.gifreduxsample.ui.components.FeedComponent.lambda$null$0(FeedComponent.java:55)
11-24 14:15:19.704  2243  2243 E Feed    : 	at br.com.catbag.gifreduxsample.ui.components.FeedComponent$$Lambda$3.view(Unknown Source)
11-24 14:15:19.704  2243  2243 E Feed    : 	at br.com.catbag.gifreduxsample.ui.components.GifsAdapter.view(GifsAdapter.java:55)
11-24 14:15:19.704  2243  2243 E Feed    : 	at trikita.anvil.RenderableRecyclerViewAdapter$1.view(RenderableRecyclerViewAdapter.java:24)
11-24 14:15:19.704  2243  2243 E Feed    : 	at trikita.anvil.Anvil$Mount.render(Anvil.java:204)
11-24 14:15:19.704  2243  2243 E Feed    : 	at trikita.anvil.Anvil.render(Anvil.java:173)
11-24 14:15:19.704  2243  2243 E Feed    : 	at trikita.anvil.RenderableRecyclerViewAdapter.onBindViewHolder(RenderableRecyclerViewAdapter.java:27)
11-24 14:15:19.704  2243  2243 E Feed    : 	at trikita.anvil.RenderableRecyclerViewAdapter.onBindViewHolder(RenderableRecyclerViewAdapter.java:7)
11-24 14:15:19.704  2243  2243 E Feed    : 	at android.support.v7.widget.RecyclerView$Adapter.onBindViewHolder(RecyclerView.java:5768)
11-24 14:15:19.704  2243  2243 E Feed    : 	at android.support.v7.widget.RecyclerView$Adapter.bindViewHolder(RecyclerView.java:5801)
11-24 14:15:19.704  2243  2243 E Feed    : 	at android.support.v7.widget.RecyclerView$Recycler.getViewForPosition(RecyclerView.java:5037)
11-24 14:15:19.704  2243  2243 E Feed    : 	at android.support.v7.widget.RecyclerView$Recycler.getViewForPosition(RecyclerView.java:4913)
11-24 14:15:19.704  2243  2243 E Feed    : 	at android.support.v7.widget.LinearLayoutManager$LayoutState.next(LinearLayoutManager.java:2029)
11-24 14:15:19.704  2243  2243 E Feed    : 	at android.support.v7.widget.LinearLayoutManager.layoutChunk(LinearLayoutManager.java:1414)
11-24 14:15:19.704  2243  2243 E Feed    : 	at android.support.v7.widget.LinearLayoutManager.fill(LinearLayoutManager.java:1377)
11-24 14:15:19.704  2243  2243 E Feed    : 	at android.support.v7.widget.LinearLayoutManager.onLayoutChildren(LinearLayoutManager.java:578)
11-24 14:15:19.704  2243  2243 E Feed    : 	at android.support.v7.widget.RecyclerView.dispatchLayoutStep2(RecyclerView.java:3260)
11-24 14:15:19.704  2243  2243 E Feed    : 	at android.support.v7.widget.RecyclerView.dispatchLayout(RecyclerView.java:3069)
11-24 14:15:19.704  2243  2243 E Feed    : 	at android.support.v7.widget.RecyclerView.onLayout(RecyclerView.java:3518)
11-24 14:15:19.704  2243  2243 E Feed    : 	at android.view.View.layout(View.java:17520)
11-24 14:15:19.704  2243  2243 E Feed    : 	at android.view.ViewGroup.layout(ViewGroup.java:5612)
11-24 14:15:19.704  2243  2243 E Feed    : 	at android.widget.FrameLayout.layoutChildren(FrameLayout.java:323)
11-24 14:15:19.704  2243  2243 E Feed    : 	at android.widget.FrameLayout.onLayout(FrameLayout.java:261)
11-24 14:15:19.704  2243  2243 E Feed    : 	at android.view.View.layout(View.java:17520)
11-24 14:15:19.704  2243  2243 E Feed    : 	at android.view.ViewGroup.layout(ViewGroup.java:5612)
11-24 14:15:19.704  2243  2243 E Feed    : 	at android.widget.RelativeLayout.onLayout(RelativeLayout.java:1079)
11-24 14:15:19.704  2243  2243 E Feed    : 	at android.view.View.layout(View.java:17520)
11-24 14:15:19.704  2243  2243 E Feed    : 	at android.view.ViewGroup.layout(ViewGroup.java:5612)
11-24 14:15:19.704  2243  2243 E Feed    : 	at android.widget.FrameLayout.layoutChildren(FrameLayout.java:323)
11-24 14:15:19.704  2243  2243 E Feed    : 	at android.widget.FrameLayout.onLayout(FrameLayout.java:261)
11-24 14:15:19.704  2243  2243 E Feed    : 	at android.view.View.layout(View.java:17520)
11-24 14:15:19.704  2243  2243 E Feed    : 	at android.view.ViewGroup.layout(ViewGroup.java:5612)
11-24 14:15:19.704  2243  2243 E Feed    : 	at android.support.v7.widget.ActionBarOverlayLayout.onLayout(ActionBarOverlayLayout.java:435)
11-24 14:15:19.704  2243  2243 E Feed    : 	at android.view.View.layout(View.java:17520)
11-24 14:15:19.704  2243  2243 E Feed    : 	at android.view.ViewGroup.layout(ViewGroup.java:5612)
11-24 14:15:19.704  2243  2243 E Feed    : 	at android.widget.FrameLayout.layoutChildren(FrameLayout.java:323)
11-24 14:15:19.704  2243  2243 E Feed    : 	at android.widget.FrameLayout.onLayout(FrameLayout.java:261)
11-24 14:15:19.704  2243  2243 E Feed    : 	at android.view.View.layout(View.java:17520)
11-24 14:15:19.704  2243  2243 E Feed    : 	at android.view.ViewGroup.layout(ViewGroup.java:5612)
11-24 14:15:19.704  2243  2243 E Feed    : 	at android.widget.LinearLayout.setChildFrame(LinearLayout.java:1741)
11-24 14:15:19.704  2243  2243 E Feed    : 	at android.widget.LinearLayout.layoutVertical(LinearLayout.java:1585)
11-24 14:15:19.704  2243  2243 E Feed    : 	at android.widget.LinearLayout.onLayout(LinearLayout.java:1494)
11-24 14:15:19.704  2243  2243 E Feed    : 	at android.view.View.layout(View.java:17520)
11-24 14:15:19.704  2243  2243 E Feed    : 	at android.view.ViewGroup.layout(ViewGroup.java:5612)
11-24 14:15:19.704  2243  2243 E Feed    : 	at android.widget.FrameLayout.layoutChildren(FrameLayout.java:323)
11-24 14:15:19.704  2243  2243 E Feed    : 	at android.widget.FrameLayout.onLayout(FrameLayout.java:261)
11-24 14:15:19.704  2243  2243 E Feed    : 	at com.android.internal.policy.DecorView.onLayout(DecorView.java:724)
11-24 14:15:19.704  2243  2243 E Feed    : 	at android.view.View.layout(View.java:17520)
11-24 14:15:19.704  2243  2243 E Feed    : 	at android.view.ViewGroup.layout(ViewGroup.java:5612)
11-24 14:15:19.704  2243  2243 E Feed    : 	at android.view.ViewRootImpl.performLayout(ViewRootImpl.java:2342)
11-24 14:15:19.704  2243  2243 E Feed    : 	at android.view.ViewRootImpl.performTraversals(ViewRootImpl.java:2069)
11-24 14:15:19.704  2243  2243 E Feed    : 	at android.view.ViewRootImpl.doTraversal(ViewRootImpl.java:1246)
11-24 14:15:19.704  2243  2243 E Feed    : 	at android.view.ViewRootImpl$TraversalRunnable.run(ViewRootImpl.java:6301)
11-24 14:15:19.704  2243  2243 E Feed    : 	at android.view.Choreographer$CallbackRecord.run(Choreographer.java:871)
11-24 14:15:19.704  2243  2243 E Feed    : 	at android.view.Choreographer.doCallbacks(Choreographer.java:683)
11-24 14:15:19.704  2243  2243 E Feed    : 	at android.view.Choreographer.doFrame(Choreographer.java:619)
11-24 14:15:19.704  2243  2243 E Feed    : 	at android.view.Choreographer$FrameDisplayEventReceiver.run(Choreographer.java:857)
11-24 14:15:19.704  2243  2243 E Feed    : 	at android.os.Handler.handleCallback(Handler.java:751)
11-24 14:15:19.704  2243  2243 E Feed    : 	at android.os.Handler.dispatchMessage(Handler.java:95)
11-24 14:15:19.704  2243  2243 E Feed    : 	at android.os.Looper.loop(Looper.java:154)
11-24 14:15:19.704  2243  2243 E Feed    : 	at android.app.ActivityThread.main(ActivityThread.java:6077)
11-24 14:15:19.704  2243  2243 E Feed    : 	at java.lang.reflect.Method.invoke(Native Method)
11-24 14:15:19.704  2243  2243 E Feed    : 	at com.android.internal.os.ZygoteInit$MethodAndArgsCaller.run(ZygoteInit.java:865)
11-24 14:15:19.704  2243  2243 E Feed    : 	at com.android.internal.os.ZygoteInit.main(ZygoteInit.java:755)
11-24 14:15:19.780  1694  1694 I Choreographer: Skipped 51 frames!  The application may be doing too much work on its main thread.
11-24 14:15:19.970  1237  1258 I Choreographer: Skipped 60 frames!  The application may be doing too much work on its main thread.
11-24 14:15:20.044  2243  2254 I art     : Background sticky concurrent mark sweep GC freed 19400(1472KB) AllocSpace objects, 10(208KB) LOS objects, 12% free, 10MB/12MB, paused 17.031ms total 510.209ms
11-24 14:15:20.085  1237  1258 I ActivityManager: Displayed br.com.catbag.gifreduxsample/.ui.GifListActivity: +583ms
11-24 14:15:20.126  2243  2243 D LifecycleMonitor: Lifecycle status change: br.com.catbag.gifreduxsample.ui.GifListActivity@aa76045 in: STOPPED
11-24 14:15:20.127  2243  2243 D LifecycleMonitor: Lifecycle status change: br.com.catbag.gifreduxsample.ui.GifListActivity@aa76045 in: DESTROYED
11-24 14:15:20.163  2243  2243 D LifecycleMonitor: Lifecycle status change: br.com.catbag.gifreduxsample.ui.GifListActivity@32e636b in: PAUSED
11-24 14:15:20.186  2243  2259 I TestRunner: finished: whenGifIsWatchedTest(br.com.catbag.gifreduxsample.ui.giflist.GifListActivityTest)
11-24 14:15:20.246  1694  1694 I Choreographer: Skipped 79 frames!  The application may be doing too much work on its main thread.
11-24 14:15:20.339   978   978 D gralloc : Registering a buffer in the process that created it. This may cause memory ordering problems.
11-24 14:15:20.339   978   978 E libEGL  : called unimplemented OpenGL ES API
11-24 14:15:20.339   978   978 E SurfaceFlinger: glCheckFramebufferStatusOES error 154783791
11-24 14:15:20.339   978   978 E SurfaceFlinger: got GL_FRAMEBUFFER_COMPLETE_OES error while taking screenshot
11-24 14:15:20.342  1237  1353 W WindowManager: Screenshot failure taking screenshot for (480x800) to layer 22015
11-24 14:15:20.356  2243  2243 I MonitoringInstrumentation: Activities that are still in CREATED to STOPPED: 1
