11-24 15:28:17.191  2257  2257 E Feed    : 	at android.support.v7.widget.RecyclerView$Adapter.bindViewHolder(RecyclerView.java:5801)
11-24 15:28:17.191  2257  2257 E Feed    : 	at android.support.v7.widget.RecyclerView$Recycler.getViewForPosition(RecyclerView.java:5037)
11-24 15:28:17.191  2257  2257 E Feed    : 	at android.support.v7.widget.RecyclerView$Recycler.getViewForPosition(RecyclerView.java:4913)
11-24 15:28:17.191  2257  2257 E Feed    : 	at android.support.v7.widget.LinearLayoutManager$LayoutState.next(LinearLayoutManager.java:2029)
11-24 15:28:17.191  2257  2257 E Feed    : 	at android.support.v7.widget.LinearLayoutManager.layoutChunk(LinearLayoutManager.java:1414)
11-24 15:28:17.191  2257  2257 E Feed    : 	at android.support.v7.widget.LinearLayoutManager.fill(LinearLayoutManager.java:1377)
11-24 15:28:17.191  2257  2257 E Feed    : 	at android.support.v7.widget.LinearLayoutManager.onLayoutChildren(LinearLayoutManager.java:578)
11-24 15:28:17.191  2257  2257 E Feed    : 	at android.support.v7.widget.RecyclerView.dispatchLayoutStep2(RecyclerView.java:3260)
11-24 15:28:17.191  2257  2257 E Feed    : 	at android.support.v7.widget.RecyclerView.dispatchLayout(RecyclerView.java:3069)
11-24 15:28:17.191  2257  2257 E Feed    : 	at android.support.v7.widget.RecyclerView.onLayout(RecyclerView.java:3518)
11-24 15:28:17.191  2257  2257 E Feed    : 	at android.view.View.layout(View.java:17520)
11-24 15:28:17.191  2257  2257 E Feed    : 	at android.view.ViewGroup.layout(ViewGroup.java:5612)
11-24 15:28:17.191  2257  2257 E Feed    : 	at android.widget.FrameLayout.layoutChildren(FrameLayout.java:323)
11-24 15:28:17.191  2257  2257 E Feed    : 	at android.widget.FrameLayout.onLayout(FrameLayout.java:261)
11-24 15:28:17.191  2257  2257 E Feed    : 	at android.view.View.layout(View.java:17520)
11-24 15:28:17.191  2257  2257 E Feed    : 	at android.view.ViewGroup.layout(ViewGroup.java:5612)
11-24 15:28:17.191  2257  2257 E Feed    : 	at android.widget.RelativeLayout.onLayout(RelativeLayout.java:1079)
11-24 15:28:17.191  2257  2257 E Feed    : 	at android.view.View.layout(View.java:17520)
11-24 15:28:17.191  2257  2257 E Feed    : 	at android.view.ViewGroup.layout(ViewGroup.java:5612)
11-24 15:28:17.191  2257  2257 E Feed    : 	at android.widget.FrameLayout.layoutChildren(FrameLayout.java:323)
11-24 15:28:17.191  2257  2257 E Feed    : 	at android.widget.FrameLayout.onLayout(FrameLayout.java:261)
11-24 15:28:17.191  2257  2257 E Feed    : 	at android.view.View.layout(View.java:17520)
11-24 15:28:17.191  2257  2257 E Feed    : 	at android.view.ViewGroup.layout(ViewGroup.java:5612)
11-24 15:28:17.191  2257  2257 E Feed    : 	at android.support.v7.widget.ActionBarOverlayLayout.onLayout(ActionBarOverlayLayout.java:435)
11-24 15:28:17.191  2257  2257 E Feed    : 	at android.view.View.layout(View.java:17520)
11-24 15:28:17.191  2257  2257 E Feed    : 	at android.view.ViewGroup.layout(ViewGroup.java:5612)
11-24 15:28:17.191  2257  2257 E Feed    : 	at android.widget.FrameLayout.layoutChildren(FrameLayout.java:323)
11-24 15:28:17.191  2257  2257 E Feed    : 	at android.widget.FrameLayout.onLayout(FrameLayout.java:261)
11-24 15:28:17.191  2257  2257 E Feed    : 	at android.view.View.layout(View.java:17520)
11-24 15:28:17.191  2257  2257 E Feed    : 	at android.view.ViewGroup.layout(ViewGroup.java:5612)
11-24 15:28:17.191  2257  2257 E Feed    : 	at android.widget.LinearLayout.setChildFrame(LinearLayout.java:1741)
11-24 15:28:17.191  2257  2257 E Feed    : 	at android.widget.LinearLayout.layoutVertical(LinearLayout.java:1585)
11-24 15:28:17.191  2257  2257 E Feed    : 	at android.widget.LinearLayout.onLayout(LinearLayout.java:1494)
11-24 15:28:17.191  2257  2257 E Feed    : 	at android.view.View.layout(View.java:17520)
11-24 15:28:17.191  2257  2257 E Feed    : 	at android.view.ViewGroup.layout(ViewGroup.java:5612)
11-24 15:28:17.191  2257  2257 E Feed    : 	at android.widget.FrameLayout.layoutChildren(FrameLayout.java:323)
11-24 15:28:17.191  2257  2257 E Feed    : 	at android.widget.FrameLayout.onLayout(FrameLayout.java:261)
11-24 15:28:17.191  2257  2257 E Feed    : 	at com.android.internal.policy.DecorView.onLayout(DecorView.java:724)
11-24 15:28:17.191  2257  2257 E Feed    : 	at android.view.View.layout(View.java:17520)
11-24 15:28:17.191  2257  2257 E Feed    : 	at android.view.ViewGroup.layout(ViewGroup.java:5612)
11-24 15:28:17.191  2257  2257 E Feed    : 	at android.view.ViewRootImpl.performLayout(ViewRootImpl.java:2342)
11-24 15:28:17.191  2257  2257 E Feed    : 	at android.view.ViewRootImpl.performTraversals(ViewRootImpl.java:2069)
11-24 15:28:17.191  2257  2257 E Feed    : 	at android.view.ViewRootImpl.doTraversal(ViewRootImpl.java:1246)
11-24 15:28:17.191  2257  2257 E Feed    : 	at android.view.ViewRootImpl$TraversalRunnable.run(ViewRootImpl.java:6301)
11-24 15:28:17.191  2257  2257 E Feed    : 	at android.view.Choreographer$CallbackRecord.run(Choreographer.java:871)
11-24 15:28:17.191  2257  2257 E Feed    : 	at android.view.Choreographer.doCallbacks(Choreographer.java:683)
11-24 15:28:17.191  2257  2257 E Feed    : 	at android.view.Choreographer.doFrame(Choreographer.java:619)
11-24 15:28:17.191  2257  2257 E Feed    : 	at android.view.Choreographer$FrameDisplayEventReceiver.run(Choreographer.java:857)
11-24 15:28:17.191  2257  2257 E Feed    : 	at android.os.Handler.handleCallback(Handler.java:751)
11-24 15:28:17.191  2257  2257 E Feed    : 	at android.os.Handler.dispatchMessage(Handler.java:95)
11-24 15:28:17.191  2257  2257 E Feed    : 	at android.os.Looper.loop(Looper.java:154)
11-24 15:28:17.191  2257  2257 E Feed    : 	at android.app.ActivityThread.main(ActivityThread.java:6077)
11-24 15:28:17.191  2257  2257 E Feed    : 	at java.lang.reflect.Method.invoke(Native Method)
11-24 15:28:17.191  2257  2257 E Feed    : 	at com.android.internal.os.ZygoteInit$MethodAndArgsCaller.run(ZygoteInit.java:865)
11-24 15:28:17.191  2257  2257 E Feed    : 	at com.android.internal.os.ZygoteInit.main(ZygoteInit.java:755)
11-24 15:28:17.255  2257  2257 D LifecycleMonitor: Lifecycle status change: br.com.catbag.gifreduxsample.ui.GifListActivity@2cfae3f in: STOPPED
11-24 15:28:17.256  2257  2257 D LifecycleMonitor: Lifecycle status change: br.com.catbag.gifreduxsample.ui.GifListActivity@2cfae3f in: DESTROYED
11-24 15:28:17.265  1237  1683 I WindowManager: Destroying surface Surface(name=br.com.catbag.gifreduxsample/br.com.catbag.gifreduxsample.ui.GifListActivity) called by com.android.server.wm.WindowStateAnimator.destroySurface:2014 com.android.server.wm.WindowStateAnimator.destroySurfaceLocked:881 com.android.server.wm.WindowState.removeLocked:1449 com.android.server.wm.WindowManagerService.removeWindowInnerLocked:2478 com.android.server.wm.WindowManagerService.removeWindowLocked:2436 com.android.server.wm.WindowManagerService.removeWindowLocked:2305 com.android.server.wm.WindowManagerService.removeWindow:2300 com.android.server.wm.Session.remove:193 
11-24 15:28:17.328  1237  1258 I ActivityManager: Displayed br.com.catbag.gifreduxsample/.ui.GifListActivity: +578ms
11-24 15:28:17.459  2257  2257 D LifecycleMonitor: Lifecycle status change: br.com.catbag.gifreduxsample.ui.GifListActivity@c08b6e7 in: PAUSED
11-24 15:28:17.488  2257  2272 I TestRunner: finished: whenGifIsNotWatchedTest(br.com.catbag.gifreduxsample.ui.giflist.GifListActivityTest)
11-24 15:28:17.501   977   977 D gralloc : Registering a buffer in the process that created it. This may cause memory ordering problems.
11-24 15:28:17.501   977   977 E libEGL  : called unimplemented OpenGL ES API
11-24 15:28:17.502   977   977 E SurfaceFlinger: glCheckFramebufferStatusOES error 588918478
11-24 15:28:17.502   977   977 E SurfaceFlinger: got GL_FRAMEBUFFER_COMPLETE_OES error while taking screenshot
11-24 15:28:17.505  1237  1781 W WindowManager: Screenshot failure taking screenshot for (480x800) to layer 22010
11-24 15:28:17.578  2257  2257 I MonitoringInstrumentation: Activities that are still in CREATED to STOPPED: 1
11-24 15:28:17.579  2257  2272 I TestRunner: started: whenGifIsDownloadingTest(br.com.catbag.gifreduxsample.ui.giflist.GifListActivityTest)
11-24 15:28:17.603  2257  2257 I MonitoringInstrumentation: Activities that are still in CREATED to STOPPED: 1
11-24 15:28:17.609  1237  1258 I WindowManager: Destroying surface Surface(name=Starting br.com.catbag.gifreduxsample) called by com.android.server.wm.WindowStateAnimator.destroySurface:2014 com.android.server.wm.WindowStateAnimator.destroySurfaceLocked:881 com.android.server.wm.WindowState.removeLocked:1449 com.android.server.wm.WindowManagerService.removeWindowInnerLocked:2478 com.android.server.wm.AppWindowToken.destroySurfaces:365 com.android.server.wm.WindowStateAnimator.finishExit:565 com.android.server.wm.WindowStateAnimator.stepAnimationLocked:491 com.android.server.wm.WindowAnimator.updateWindowsLocked:303 
11-24 15:28:17.655  2257  2273 I DroidFlux:Dispatcher: [STARTED] dispatch of action [FAKE_REDUCE_ACTION]
11-24 15:28:17.656  2257  2273 I DroidFlux:Dispatcher: [COMPLETED] dispatch of action [FAKE_REDUCE_ACTION]
11-24 15:28:17.658  2257  2294 D ActivityTestRule: Launching activity br.com.catbag.gifreduxsample.ui.GifListActivity
11-24 15:28:17.659  2257  2295 D MonitoringInstrumentation: execStartActivity(context, ibinder, ibinder, activity, intent, int, bundle
11-24 15:28:17.660  1237  1515 I ActivityManager: START u0 {flg=0x10000000 cmp=br.com.catbag.gifreduxsample/.ui.GifListActivity} from uid 10060 on display 0
11-24 15:28:17.676  1237  1785 D WindowManager: relayoutVisibleWindow: Window{9a0ab63 u0 com.android.launcher3/com.android.launcher3.Launcher EXITING} mAnimatingExit=true, mRemoveOnExit=false, mDestroying=false
11-24 15:28:17.696  1237  1781 I ActivityManager: Activity reported stop, but no longer stopping: ActivityRecord{8dad66f u0 com.android.launcher3/.Launcher t2}
11-24 15:28:17.760  2257  2257 D LifecycleMonitor: Lifecycle status change: br.com.catbag.gifreduxsample.ui.GifListActivity@6c81c92 in: PRE_ON_CREATE
11-24 15:28:17.811  2257  2257 D LifecycleMonitor: Lifecycle status change: br.com.catbag.gifreduxsample.ui.GifListActivity@6c81c92 in: CREATED
11-24 15:28:17.813  2257  2257 D LifecycleMonitor: Lifecycle status change: br.com.catbag.gifreduxsample.ui.GifListActivity@6c81c92 in: STARTED
11-24 15:28:17.815  2257  2257 D LifecycleMonitor: Lifecycle status change: br.com.catbag.gifreduxsample.ui.GifListActivity@6c81c92 in: RESUMED
11-24 15:28:17.818  2257  2257 D LifecycleMonitor: Lifecycle status change: br.com.catbag.gifreduxsample.ui.GifListActivity@c08b6e7 in: STOPPED
11-24 15:28:17.819  2257  2257 D LifecycleMonitor: Lifecycle status change: br.com.catbag.gifreduxsample.ui.GifListActivity@c08b6e7 in: DESTROYED
11-24 15:28:17.844  2257  2273 I DroidFlux:Dispatcher: [STARTED] dispatch of action [APP_STATE_LOAD]
11-24 15:28:17.844  2257  2273 D DroidFlux:Dispatcher: An action of type [APP_STATE_LOAD] was dispatched, but no reducer handled it
11-24 15:28:17.845  2257  2273 I DroidFlux:Dispatcher: [COMPLETED] dispatch of action [APP_STATE_LOAD]
11-24 15:28:18.034  1237  1258 I WindowManager: Destroying surface Surface(name=br.com.catbag.gifreduxsample/br.com.catbag.gifreduxsample.ui.GifListActivity) called by com.android.server.wm.WindowStateAnimator.destroySurface:2014 com.android.server.wm.WindowStateAnimator.destroySurfaceLocked:881 com.android.server.wm.WindowState.destroyOrSaveSurface:2073 com.android.server.wm.AppWindowToken.destroySurfaces:363 com.android.server.wm.WindowStateAnimator.finishExit:565 com.android.server.wm.AppWindowAnimator.stepAnimationLocked:427 com.android.server.wm.WindowAnimator.updateAppWindowsLocked:196 com.android.server.wm.WindowAnimator.animateLocked:678 
11-24 15:28:18.232  2257  2257 D LifecycleMonitor: Lifecycle status change: br.com.catbag.gifreduxsample.ui.GifListActivity@6c81c92 in: PAUSED
11-24 15:28:18.257   977   977 D gralloc : Registering a buffer in the process that created it. This may cause memory ordering problems.
11-24 15:28:18.258   977   977 E SurfaceFlinger: glCheckFramebufferStatusOES error 588918478
11-24 15:28:18.258   977   977 E SurfaceFlinger: got GL_FRAMEBUFFER_COMPLETE_OES error while taking screenshot
11-24 15:28:18.260  1237  1381 W WindowManager: Screenshot failure taking screenshot for (480x800) to layer 22015
11-24 15:28:18.277  1237  1515 D WindowManager: relayoutVisibleWindow: Window{9a0ab63 u0 com.android.launcher3/com.android.launcher3.Launcher EXITING} mAnimatingExit=true, mRemoveOnExit=false, mDestroying=false
11-24 15:28:18.314  2257  2272 I TestRunner: finished: whenGifIsDownloadingTest(br.com.catbag.gifreduxsample.ui.giflist.GifListActivityTest)
11-24 15:28:18.345  2257  2257 I MonitoringInstrumentation: Activities that are still in CREATED to STOPPED: 1
11-24 15:28:18.346  2257  2272 I TestRunner: started: whenListKeepOrderedAfterPlayTest(br.com.catbag.gifreduxsample.ui.giflist.GifListActivityTest)
11-24 15:28:18.361  2257  2257 I MonitoringInstrumentation: Activities that are still in CREATED to STOPPED: 1
11-24 15:28:18.445  2257  2273 I DroidFlux:Dispatcher: [STARTED] dispatch of action [FAKE_REDUCE_ACTION]
11-24 15:28:18.445  2257  2273 I DroidFlux:Dispatcher: [COMPLETED] dispatch of action [FAKE_REDUCE_ACTION]
11-24 15:28:18.446  2257  2296 D ActivityTestRule: Launching activity br.com.catbag.gifreduxsample.ui.GifListActivity
11-24 15:28:18.448  2257  2297 D MonitoringInstrumentation: execStartActivity(context, ibinder, ibinder, activity, intent, int, bundle
11-24 15:28:18.448  1237  1683 I ActivityManager: START u0 {flg=0x10000000 cmp=br.com.catbag.gifreduxsample/.ui.GifListActivity} from uid 10060 on display 0
11-24 15:28:18.588  2257  2257 D LifecycleMonitor: Lifecycle status change: br.com.catbag.gifreduxsample.ui.GifListActivity@7cc353e in: PRE_ON_CREATE
11-24 15:28:18.619  2257  2257 D LifecycleMonitor: Lifecycle status change: br.com.catbag.gifreduxsample.ui.GifListActivity@7cc353e in: CREATED
11-24 15:28:18.619  2257  2273 I DroidFlux:Dispatcher: [STARTED] dispatch of action [APP_STATE_LOAD]
11-24 15:28:18.620  2257  2273 D DroidFlux:Dispatcher: An action of type [APP_STATE_LOAD] was dispatched, but no reducer handled it
11-24 15:28:18.620  2257  2273 I DroidFlux:Dispatcher: [COMPLETED] dispatch of action [APP_STATE_LOAD]
11-24 15:28:18.620  2257  2257 D LifecycleMonitor: Lifecycle status change: br.com.catbag.gifreduxsample.ui.GifListActivity@7cc353e in: STARTED
11-24 15:28:18.624  2257  2257 D LifecycleMonitor: Lifecycle status change: br.com.catbag.gifreduxsample.ui.GifListActivity@7cc353e in: RESUMED
11-24 15:28:18.628  2257  2257 D LifecycleMonitor: Lifecycle status change: br.com.catbag.gifreduxsample.ui.GifListActivity@6c81c92 in: STOPPED
11-24 15:28:18.628  2257  2257 D LifecycleMonitor: Lifecycle status change: br.com.catbag.gifreduxsample.ui.GifListActivity@6c81c92 in: DESTROYED
11-24 15:28:18.695  1237  1258 I WindowManager: Destroying surface Surface(name=Starting br.com.catbag.gifreduxsample) called by com.android.server.wm.WindowStateAnimator.destroySurface:2014 com.android.server.wm.WindowStateAnimator.destroySurfaceLocked:881 com.android.server.wm.WindowState.removeLocked:1449 com.android.server.wm.WindowManagerService.removeWindowInnerLocked:2478 com.android.server.wm.AppWindowToken.destroySurfaces:365 com.android.server.wm.WindowStateAnimator.finishExit:565 com.android.server.wm.AppWindowAnimator.stepAnimationLocked:427 com.android.server.wm.WindowAnimator.updateAppWindowsLocked:196 
11-24 15:28:18.700  1237  1258 I WindowManager: Destroying surface Surface(name=br.com.catbag.gifreduxsample/br.com.catbag.gifreduxsample.ui.GifListActivity) called by com.android.server.wm.WindowStateAnimator.destroySurface:2014 com.android.server.wm.WindowStateAnimator.destroySurfaceLocked:881 com.android.server.wm.WindowState.destroyOrSaveSurface:2073 com.android.server.wm.AppWindowToken.destroySurfaces:363 com.android.server.wm.WindowStateAnimator.finishExit:565 com.android.server.wm.AppWindowAnimator.stepAnimationLocked:427 com.android.server.wm.WindowAnimator.updateAppWindowsLocked:196 com.android.server.wm.WindowAnimator.animateLocked:678 
11-24 15:28:18.869  2257  2262 I art     : Do partial code cache collection, code=54KB, data=61KB
11-24 15:28:18.876  2257  2262 I art     : After code cache collection, code=53KB, data=60KB
11-24 15:28:18.877  2257  2262 I art     : Increasing code cache capacity to 256KB
11-24 15:28:18.901  2257  2257 W ResourceType: No package identifier when getting name for resource number 0x0000000c
11-24 15:28:18.902  2257  2257 I ViewInteraction: Performing 'single click' action on view with id: 12 (resource name not found)
11-24 15:28:18.937  1237  1258 I ActivityManager: Displayed br.com.catbag.gifreduxsample/.ui.GifListActivity: +375ms (total +1s238ms)
11-24 15:28:18.968  1725  1725 I Choreographer: Skipped 104 frames!  The application may be doing too much work on its main thread.
11-24 15:28:18.981  2257  2273 I DroidFlux:Dispatcher: [STARTED] dispatch of action [GIF_PLAY]
11-24 15:28:19.064  2257  2273 I DroidFlux:Dispatcher: [COMPLETED] dispatch of action [GIF_PLAY]
11-24 15:28:19.218  1237  1258 I WindowManager: Destroying surface Surface(name=Starting br.com.catbag.gifreduxsample) called by com.android.server.wm.WindowStateAnimator.destroySurface:2014 com.android.server.wm.WindowStateAnimator.destroySurfaceLocked:881 com.android.server.wm.WindowState.destroyOrSaveSurface:2073 com.android.server.wm.AppWindowToken.destroySurfaces:363 com.android.server.wm.WindowStateAnimator.finishExit:565 com.android.server.wm.WindowStateAnimator.stepAnimationLocked:491 com.android.server.wm.WindowAnimator.updateWindowsLocked:303 com.android.server.wm.WindowAnimator.animateLocked:704 
11-24 15:28:19.574  1323  1811 W art     : Long monitor contention with owner main (1323) at long android.os.SystemClock.uptimeMillis()(SystemClock.java:-2) waiters=0 in boolean android.os.MessageQueue.enqueueMessage(android.os.Message, long) for 710ms
11-24 15:28:19.616  1725  1725 I Choreographer: Skipped 165 frames!  The application may be doing too much work on its main thread.
11-24 15:28:19.634  1237  1249 I WindowManager: Destroying surface Surface(name=com.android.launcher3/com.android.launcher3.Launcher) called by com.android.server.wm.WindowStateAnimator.destroySurface:2014 com.android.server.wm.WindowStateAnimator.destroySurfaceLocked:881 com.android.server.wm.WindowState.destroyOrSaveSurface:2073 com.android.server.wm.WindowManagerService.tryStartExitingAnimation:3017 com.android.server.wm.WindowManagerService.relayoutWindow:2897 com.android.server.wm.Session.relayout:215 android.view.IWindowSession$Stub.onTransact:286 com.android.server.wm.Session.onTransact:136 
11-24 15:28:19.657  1725  1725 W IInputConnectionWrapper: reportFullscreenMode on inexistent InputConnection
11-24 15:28:19.747  2257  2257 W ResourceType: No package identifier when getting name for resource number 0x00000010
11-24 15:28:19.747  2257  2257 I ViewInteraction: Performing 'scroll RecyclerView to position: 2' action on view with id: 16 (resource name not found)
11-24 15:28:20.057  2257  2257 W ResourceType: No package identifier when getting name for resource number 0x00000010
11-24 15:28:20.068  2257  2257 W ResourceType: No package identifier when getting name for resource number 0x00000018
11-24 15:28:20.068  2257  2257 I ViewInteraction: Performing 'single click' action on view with id: 24 (resource name not found)
11-24 15:28:20.122  2257  2273 I DroidFlux:Dispatcher: [STARTED] dispatch of action [GIF_PLAY]
11-24 15:28:20.145  2257  2273 I DroidFlux:Dispatcher: [COMPLETED] dispatch of action [GIF_PLAY]
11-24 15:28:20.454  1237  1322 E TaskPersister: File error accessing recents directory (directory doesn't exist?).
11-24 15:28:20.680  2257  2257 W ResourceType: No package identifier when getting name for resource number 0x0000001c
11-24 15:28:20.680  2257  2257 I ViewInteraction: Performing 'scroll RecyclerView to position: 3' action on view with id: 28 (resource name not found)
11-24 15:28:20.983  2257  2257 W ResourceType: No package identifier when getting name for resource number 0x0000001c
11-24 15:28:21.006  2257  2257 W ResourceType: No package identifier when getting name for resource number 0x00000024
11-24 15:28:21.006  2257  2257 I ViewInteraction: Performing 'single click' action on view with id: 36 (resource name not found)
11-24 15:28:21.109  2257  2273 I DroidFlux:Dispatcher: [STARTED] dispatch of action [GIF_PLAY]
11-24 15:28:21.111  2257  2273 I DroidFlux:Dispatcher: [COMPLETED] dispatch of action [GIF_PLAY]
11-24 15:28:21.712  2257  2257 W ResourceType: No package identifier when getting name for resource number 0x00000028
11-24 15:28:21.712  2257  2257 I ViewInteraction: Performing 'scroll RecyclerView to position: 4' action on view with id: 40 (resource name not found)
11-24 15:28:22.024  2257  2257 W ResourceType: No package identifier when getting name for resource number 0x00000028
11-24 15:28:22.045  2257  2257 W ResourceType: No package identifier when getting name for resource number 0x00000030
11-24 15:28:22.045  2257  2257 I ViewInteraction: Performing 'single click' action on view with id: 48 (resource name not found)
11-24 15:28:22.112  2257  2273 I DroidFlux:Dispatcher: [STARTED] dispatch of action [GIF_PLAY]
11-24 15:28:22.134  2257  2273 I DroidFlux:Dispatcher: [COMPLETED] dispatch of action [GIF_PLAY]
11-24 15:28:22.749  2257  2257 W ResourceType: No package identifier when getting name for resource number 0x00000034
11-24 15:28:22.749  2257  2257 I ViewInteraction: Performing 'scroll RecyclerView to position: 5' action on view with id: 52 (resource name not found)
11-24 15:28:22.843  2257  2268 I art     : Background sticky concurrent mark sweep GC freed 21481(1617KB) AllocSpace objects, 10(208KB) LOS objects, 20% free, 7MB/9MB, paused 10.197ms total 104.653ms
11-24 15:28:23.068  2257  2257 W ResourceType: No package identifier when getting name for resource number 0x00000034
11-24 15:28:23.113  2257  2257 W ResourceType: No package identifier when getting name for resource number 0x0000003c
11-24 15:28:23.114  2257  2257 I ViewInteraction: Performing 'single click' action on view with id: 60 (resource name not found)
11-24 15:28:23.176  2257  2273 I DroidFlux:Dispatcher: [STARTED] dispatch of action [GIF_PLAY]
11-24 15:28:23.178  2257  2273 I DroidFlux:Dispatcher: [COMPLETED] dispatch of action [GIF_PLAY]
11-24 15:28:23.791  2257  2257 W ResourceType: No package identifier when getting name for resource number 0x00000040
11-24 15:28:23.800  2257  2257 I ViewInteraction: Performing 'scroll RecyclerView to position: 6' action on view with id: 64 (resource name not found)
11-24 15:28:24.158  2257  2257 W ResourceType: No package identifier when getting name for resource number 0x00000040
11-24 15:28:24.170  2257  2257 W ResourceType: No package identifier when getting name for resource number 0x00000048
11-24 15:28:24.171  2257  2257 I ViewInteraction: Performing 'single click' action on view with id: 72 (resource name not found)
11-24 15:28:24.287  2257  2273 I DroidFlux:Dispatcher: [STARTED] dispatch of action [GIF_PLAY]
11-24 15:28:24.288  2257  2273 I DroidFlux:Dispatcher: [COMPLETED] dispatch of action [GIF_PLAY]
11-24 15:28:24.859  2257  2257 W ResourceType: No package identifier when getting name for resource number 0x0000004c
11-24 15:28:24.859  2257  2257 I ViewInteraction: Performing 'scroll RecyclerView to position: 7' action on view with id: 76 (resource name not found)
11-24 15:28:25.177  2257  2257 W ResourceType: No package identifier when getting name for resource number 0x0000004c
11-24 15:28:25.230  2257  2257 W ResourceType: No package identifier when getting name for resource number 0x00000054
11-24 15:28:25.230  2257  2257 I ViewInteraction: Performing 'single click' action on view with id: 84 (resource name not found)
11-24 15:28:25.288  2257  2268 I art     : Background sticky concurrent mark sweep GC freed 11886(1164KB) AllocSpace objects, 7(144KB) LOS objects, 13% free, 8MB/9MB, paused 40.027ms total 100.329ms
11-24 15:28:25.307  2257  2273 I DroidFlux:Dispatcher: [STARTED] dispatch of action [GIF_PLAY]
11-24 15:28:25.309  2257  2273 I DroidFlux:Dispatcher: [COMPLETED] dispatch of action [GIF_PLAY]
11-24 15:28:25.895  2257  2257 W ResourceType: No package identifier when getting name for resource number 0x00000058
11-24 15:28:25.896  2257  2257 I ViewInteraction: Performing 'scroll RecyclerView to position: 8' action on view with id: 88 (resource name not found)
11-24 15:28:26.201  2257  2257 W ResourceType: No package identifier when getting name for resource number 0x00000058
11-24 15:28:26.218  2257  2257 W ResourceType: No package identifier when getting name for resource number 0x00000060
11-24 15:28:26.218  2257  2257 I ViewInteraction: Performing 'single click' action on view with id: 96 (resource name not found)
11-24 15:28:26.300  2257  2273 I DroidFlux:Dispatcher: [STARTED] dispatch of action [GIF_PLAY]
11-24 15:28:26.302  2257  2273 I DroidFlux:Dispatcher: [COMPLETED] dispatch of action [GIF_PLAY]
11-24 15:28:26.930  2257  2257 W ResourceType: No package identifier when getting name for resource number 0x00000064
11-24 15:28:26.930  2257  2257 I ViewInteraction: Performing 'scroll RecyclerView to position: 9' action on view with id: 100 (resource name not found)
11-24 15:28:27.237  2257  2257 W ResourceType: No package identifier when getting name for resource number 0x00000064
11-24 15:28:27.279  2257  2257 W ResourceType: No package identifier when getting name for resource number 0x0000006c
11-24 15:28:27.279  2257  2257 I ViewInteraction: Performing 'single click' action on view with id: 108 (resource name not found)
11-24 15:28:27.351  2257  2268 I art     : Background sticky concurrent mark sweep GC freed 8962(748KB) AllocSpace objects, 6(128KB) LOS objects, 7% free, 8MB/9MB, paused 5.860ms total 106.272ms
11-24 15:28:27.368  2257  2273 I DroidFlux:Dispatcher: [STARTED] dispatch of action [GIF_PLAY]
11-24 15:28:27.369  2257  2273 I DroidFlux:Dispatcher: [COMPLETED] dispatch of action [GIF_PLAY]
11-24 15:28:27.927  2257  2257 W ResourceType: No package identifier when getting name for resource number 0x00000070
11-24 15:28:27.928  2257  2257 I ViewInteraction: Performing 'scroll RecyclerView to position: 10' action on view with id: 112 (resource name not found)
11-24 15:28:28.275  2257  2257 W ResourceType: No package identifier when getting name for resource number 0x00000070
11-24 15:28:28.300  2257  2257 W ResourceType: No package identifier when getting name for resource number 0x00000078
11-24 15:28:28.300  2257  2257 I ViewInteraction: Performing 'single click' action on view with id: 120 (resource name not found)
11-24 15:28:28.379  2257  2268 I art     : Background sticky concurrent mark sweep GC freed 4453(370KB) AllocSpace objects, 3(64KB) LOS objects, 4% free, 9MB/9MB, paused 10.225ms total 88.956ms
11-24 15:28:28.401  2257  2273 I DroidFlux:Dispatcher: [STARTED] dispatch of action [GIF_PLAY]
11-24 15:28:28.414  2257  2273 I DroidFlux:Dispatcher: [COMPLETED] dispatch of action [GIF_PLAY]
11-24 15:28:29.072  2257  2257 W ResourceType: No package identifier when getting name for resource number 0x0000007c
11-24 15:28:29.072  2257  2257 I ViewInteraction: Performing 'scroll RecyclerView to position: 11' action on view with id: 124 (resource name not found)
11-24 15:28:29.208  2257  2268 I art     : Background partial concurrent mark sweep GC freed 6596(326KB) AllocSpace objects, 4(568KB) LOS objects, 31% free, 8MB/12MB, paused 8.483ms total 97.620ms
11-24 15:28:29.409  2257  2257 W ResourceType: No package identifier when getting name for resource number 0x0000007c
11-24 15:28:29.430  2257  2257 W ResourceType: No package identifier when getting name for resource number 0x00000084
11-24 15:28:29.430  2257  2257 I ViewInteraction: Performing 'single click' action on view with id: 132 (resource name not found)
11-24 15:28:29.512  2257  2273 I DroidFlux:Dispatcher: [STARTED] dispatch of action [GIF_PLAY]
11-24 15:28:29.535  2257  2273 I DroidFlux:Dispatcher: [COMPLETED] dispatch of action [GIF_PLAY]
11-24 15:28:30.092  2257  2257 W ResourceType: No package identifier when getting name for resource number 0x00000088
11-24 15:28:30.092  2257  2257 I ViewInteraction: Performing 'scroll RecyclerView to position: 12' action on view with id: 136 (resource name not found)
11-24 15:28:30.431  2257  2257 W ResourceType: No package identifier when getting name for resource number 0x00000088
11-24 15:28:30.452  2257  2257 W ResourceType: No package identifier when getting name for resource number 0x00000090
11-24 15:28:30.459  2257  2257 I ViewInteraction: Performing 'single click' action on view with id: 144 (resource name not found)
11-24 15:28:30.521  2257  2273 I DroidFlux:Dispatcher: [STARTED] dispatch of action [GIF_PLAY]
11-24 15:28:30.522  2257  2273 I DroidFlux:Dispatcher: [COMPLETED] dispatch of action [GIF_PLAY]
11-24 15:28:30.577  2257  2262 I art     : Do full code cache collection, code=122KB, data=123KB
11-24 15:28:30.578  2257  2262 I art     : After code cache collection, code=87KB, data=74KB
11-24 15:28:31.109  2257  2257 W ResourceType: No package identifier when getting name for resource number 0x00000094
11-24 15:28:31.109  2257  2257 I ViewInteraction: Performing 'scroll RecyclerView to position: 13' action on view with id: 148 (resource name not found)
11-24 15:28:31.444  2257  2257 W ResourceType: No package identifier when getting name for resource number 0x00000094
11-24 15:28:31.462  2257  2257 W ResourceType: No package identifier when getting name for resource number 0x0000009c
11-24 15:28:31.462  2257  2257 I ViewInteraction: Performing 'single click' action on view with id: 156 (resource name not found)
11-24 15:28:31.520  2257  2273 I DroidFlux:Dispatcher: [STARTED] dispatch of action [GIF_PLAY]
11-24 15:28:31.521  2257  2273 I DroidFlux:Dispatcher: [COMPLETED] dispatch of action [GIF_PLAY]
11-24 15:28:32.221  2257  2257 W ResourceType: No package identifier when getting name for resource number 0x000000a0
11-24 15:28:32.221  2257  2257 I ViewInteraction: Performing 'scroll RecyclerView to position: 14' action on view with id: 160 (resource name not found)
11-24 15:28:32.524  2257  2257 W ResourceType: No package identifier when getting name for resource number 0x000000a0
11-24 15:28:32.537  2257  2257 W ResourceType: No package identifier when getting name for resource number 0x000000a8
11-24 15:28:32.537  2257  2257 I ViewInteraction: Performing 'single click' action on view with id: 168 (resource name not found)
11-24 15:28:32.606  2257  2273 I DroidFlux:Dispatcher: [STARTED] dispatch of action [GIF_PLAY]
11-24 15:28:32.607  2257  2273 I DroidFlux:Dispatcher: [COMPLETED] dispatch of action [GIF_PLAY]
11-24 15:28:33.241  2257  2257 W ResourceType: No package identifier when getting name for resource number 0x000000ac
11-24 15:28:33.242  2257  2257 I ViewInteraction: Performing 'scroll RecyclerView to position: 15' action on view with id: 172 (resource name not found)
11-24 15:28:33.579  2257  2257 W ResourceType: No package identifier when getting name for resource number 0x000000ac
11-24 15:28:33.592  2257  2257 W ResourceType: No package identifier when getting name for resource number 0x000000b4
11-24 15:28:33.594  2257  2257 I ViewInteraction: Performing 'single click' action on view with id: 180 (resource name not found)
11-24 15:28:33.662  2257  2273 I DroidFlux:Dispatcher: [STARTED] dispatch of action [GIF_PLAY]
11-24 15:28:33.671  2257  2273 I DroidFlux:Dispatcher: [COMPLETED] dispatch of action [GIF_PLAY]
11-24 15:28:34.292  2257  2257 W ResourceType: No package identifier when getting name for resource number 0x000000b8
11-24 15:28:34.292  2257  2257 I ViewInteraction: Performing 'scroll RecyclerView to position: 16' action on view with id: 184 (resource name not found)
11-24 15:28:34.625  2257  2257 W ResourceType: No package identifier when getting name for resource number 0x000000b8
11-24 15:28:34.690  2257  2257 W ResourceType: No package identifier when getting name for resource number 0x000000c0
11-24 15:28:34.690  2257  2257 I ViewInteraction: Performing 'single click' action on view with id: 192 (resource name not found)
11-24 15:28:34.768  2257  2273 I DroidFlux:Dispatcher: [STARTED] dispatch of action [GIF_PLAY]
11-24 15:28:34.769  2257  2273 I DroidFlux:Dispatcher: [COMPLETED] dispatch of action [GIF_PLAY]
11-24 15:28:34.797  2257  2268 I art     : Background sticky concurrent mark sweep GC freed 25916(2MB) AllocSpace objects, 18(384KB) LOS objects, 20% free, 9MB/12MB, paused 8.501ms total 141.200ms
11-24 15:28:35.345  2257  2257 W ResourceType: No package identifier when getting name for resource number 0x000000c4
11-24 15:28:35.345  2257  2257 I ViewInteraction: Performing 'scroll RecyclerView to position: 17' action on view with id: 196 (resource name not found)
11-24 15:28:35.659  2257  2257 W ResourceType: No package identifier when getting name for resource number 0x000000c4
11-24 15:28:35.701  2257  2257 W ResourceType: No package identifier when getting name for resource number 0x000000cc
11-24 15:28:35.702  2257  2257 I ViewInteraction: Performing 'single click' action on view with id: 204 (resource name not found)
11-24 15:28:35.778  2257  2273 I DroidFlux:Dispatcher: [STARTED] dispatch of action [GIF_PLAY]
11-24 15:28:35.779  2257  2273 I DroidFlux:Dispatcher: [COMPLETED] dispatch of action [GIF_PLAY]
11-24 15:28:36.370  2257  2257 W ResourceType: No package identifier when getting name for resource number 0x000000d0
11-24 15:28:36.371  2257  2257 I ViewInteraction: Performing 'scroll RecyclerView to position: 18' action on view with id: 208 (resource name not found)
11-24 15:28:36.683  2257  2257 W ResourceType: No package identifier when getting name for resource number 0x000000d0
11-24 15:28:36.705  2257  2257 W ResourceType: No package identifier when getting name for resource number 0x000000d8
11-24 15:28:36.705  2257  2257 I ViewInteraction: Performing 'single click' action on view with id: 216 (resource name not found)
11-24 15:28:36.769  2257  2273 I DroidFlux:Dispatcher: [STARTED] dispatch of action [GIF_PLAY]
11-24 15:28:36.771  2257  2273 I DroidFlux:Dispatcher: [COMPLETED] dispatch of action [GIF_PLAY]
11-24 15:28:37.372  2257  2257 W ResourceType: No package identifier when getting name for resource number 0x000000e3
11-24 15:28:37.384  2257  2257 I ViewInteraction: Performing 'single click' action on view with id: 227 (resource name not found)
11-24 15:28:37.460  2257  2273 I DroidFlux:Dispatcher: [STARTED] dispatch of action [GIF_PAUSE]
11-24 15:28:37.461  2257  2273 I DroidFlux:Dispatcher: [COMPLETED] dispatch of action [GIF_PAUSE]
11-24 15:28:38.061  2257  2272 I TestRunner: finished: whenListKeepOrderedAfterPlayTest(br.com.catbag.gifreduxsample.ui.giflist.GifListActivityTest)
11-24 15:28:38.088  2257  2257 D LifecycleMonitor: Lifecycle status change: br.com.catbag.gifreduxsample.ui.GifListActivity@7cc353e in: PAUSED
11-24 15:28:38.134   977   977 D gralloc : Registering a buffer in the process that created it. This may cause memory ordering problems.
11-24 15:28:38.134   977   977 E libEGL  : called unimplemented OpenGL ES API
11-24 15:28:38.140   977   977 E SurfaceFlinger: glCheckFramebufferStatusOES error 588918478
11-24 15:28:38.140   977   977 E SurfaceFlinger: got GL_FRAMEBUFFER_COMPLETE_OES error while taking screenshot
11-24 15:28:38.142  1237  1249 W WindowManager: Screenshot failure taking screenshot for (480x800) to layer 21005
11-24 15:28:38.151  2257  2257 I MonitoringInstrumentation: Activities that are still in CREATED to STOPPED: 1
11-24 15:28:38.154  2257  2272 I TestRunner: started: whenGifIsWatchedTest(br.com.catbag.gifreduxsample.ui.giflist.GifListActivityTest)
11-24 15:28:38.198  2257  2257 I MonitoringInstrumentation: Activities that are still in CREATED to STOPPED: 1
11-24 15:28:38.270  2257  2273 I DroidFlux:Dispatcher: [STARTED] dispatch of action [FAKE_REDUCE_ACTION]
11-24 15:28:38.271  2257  2273 I DroidFlux:Dispatcher: [COMPLETED] dispatch of action [FAKE_REDUCE_ACTION]
11-24 15:28:38.284  2257  2298 D ActivityTestRule: Launching activity br.com.catbag.gifreduxsample.ui.GifListActivity
11-24 15:28:38.286  2257  2299 D MonitoringInstrumentation: execStartActivity(context, ibinder, ibinder, activity, intent, int, bundle
11-24 15:28:38.287  1237  1780 I ActivityManager: START u0 {flg=0x10000000 cmp=br.com.catbag.gifreduxsample/.ui.GifListActivity} from uid 10060 on display 0
11-24 15:28:38.571  1725  1725 I Choreographer: Skipped 82 frames!  The application may be doing too much work on its main thread.
11-24 15:28:38.614  1237  1258 I Choreographer: Skipped 31 frames!  The application may be doing too much work on its main thread.
11-24 15:28:38.836  1725  1725 I Choreographer: Skipped 58 frames!  The application may be doing too much work on its main thread.
11-24 15:28:38.902  2257  2257 D LifecycleMonitor: Lifecycle status change: br.com.catbag.gifreduxsample.ui.GifListActivity@8c9105e in: PRE_ON_CREATE
11-24 15:28:38.947  2257  2257 D LifecycleMonitor: Lifecycle status change: br.com.catbag.gifreduxsample.ui.GifListActivity@8c9105e in: CREATED
11-24 15:28:38.948  2257  2257 D LifecycleMonitor: Lifecycle status change: br.com.catbag.gifreduxsample.ui.GifListActivity@8c9105e in: STARTED
11-24 15:28:38.949  2257  2273 I DroidFlux:Dispatcher: [STARTED] dispatch of action [APP_STATE_LOAD]
11-24 15:28:38.950  2257  2273 D DroidFlux:Dispatcher: An action of type [APP_STATE_LOAD] was dispatched, but no reducer handled it
11-24 15:28:38.950  2257  2273 I DroidFlux:Dispatcher: [COMPLETED] dispatch of action [APP_STATE_LOAD]
11-24 15:28:38.951  2257  2257 D LifecycleMonitor: Lifecycle status change: br.com.catbag.gifreduxsample.ui.GifListActivity@8c9105e in: RESUMED
11-24 15:28:39.018  2257  2257 E Feed    : Gif{uuid=2b87d9a5-f71c-45d3-afc4-391add763d12, path=, url=, title=, watched=true, status=DOWNLOADED}
11-24 15:28:39.018  2257  2257 E Feed    : pl.droidsonroids.gif.GifIOException: GifError 101: Failed to open given input
11-24 15:28:39.018  2257  2257 E Feed    : 	at pl.droidsonroids.gif.GifInfoHandle.openFile(Native Method)
11-24 15:28:39.018  2257  2257 E Feed    : 	at pl.droidsonroids.gif.GifInfoHandle.<init>(GifInfoHandle.java:46)
11-24 15:28:39.018  2257  2257 E Feed    : 	at pl.droidsonroids.gif.GifDrawable.<init>(GifDrawable.java:124)
11-24 15:28:39.018  2257  2257 E Feed    : 	at br.com.catbag.gifreduxsample.ui.components.FeedView.createDrawable(FeedView.java:102)
11-24 15:28:39.018  2257  2257 E Feed    : 	at br.com.catbag.gifreduxsample.ui.components.FeedView.lambda$renderGifView$1(FeedView.java:89)
11-24 15:28:39.018  2257  2257 E Feed    : 	at br.com.catbag.gifreduxsample.ui.components.FeedView$$Lambda$2.view(Unknown Source)
11-24 15:28:39.018  2257  2257 E Feed    : 	at trikita.anvil.BaseDSL.v(BaseDSL.java:670)
11-24 15:28:39.018  2257  2257 E Feed    : 	at br.com.catbag.gifreduxsample.ui.components.FeedView.renderGifView(FeedView.java:88)
11-24 15:28:39.018  2257  2257 E Feed    : 	at br.com.catbag.gifreduxsample.ui.components.FeedView.access$lambda$0(FeedView.java)
11-24 15:28:39.018  2257  2257 E Feed    : 	at br.com.catbag.gifreduxsample.ui.components.FeedView$$Lambda$3.view(Unknown Source)
11-24 15:28:39.018  2257  2257 E Feed    : 	at br.com.catbag.gifreduxsample.ui.components.GifsAdapter.view(GifsAdapter.java:55)
11-24 15:28:39.018  2257  2257 E Feed    : 	at trikita.anvil.RenderableRecyclerViewAdapter$1.view(RenderableRecyclerViewAdapter.java:24)
11-24 15:28:39.018  2257  2257 E Feed    : 	at trikita.anvil.Anvil$Mount.render(Anvil.java:204)
11-24 15:28:39.018  2257  2257 E Feed    : 	at trikita.anvil.Anvil.render(Anvil.java:173)
11-24 15:28:39.018  2257  2257 E Feed    : 	at trikita.anvil.RenderableRecyclerViewAdapter.onBindViewHolder(RenderableRecyclerViewAdapter.java:27)
11-24 15:28:39.018  2257  2257 E Feed    : 	at trikita.anvil.RenderableRecyclerViewAdapter.onBindViewHolder(RenderableRecyclerViewAdapter.java:7)
11-24 15:28:39.018  2257  2257 E Feed    : 	at android.support.v7.widget.RecyclerView$Adapter.onBindViewHolder(RecyclerView.java:5768)
11-24 15:28:39.018  2257  2257 E Feed    : 	at android.support.v7.widget.RecyclerView$Adapter.bindViewHolder(RecyclerView.java:5801)
11-24 15:28:39.018  2257  2257 E Feed    : 	at android.support.v7.widget.RecyclerView$Recycler.getViewForPosition(RecyclerView.java:5037)
11-24 15:28:39.018  2257  2257 E Feed    : 	at android.support.v7.widget.RecyclerView$Recycler.getViewForPosition(RecyclerView.java:4913)
11-24 15:28:39.018  2257  2257 E Feed    : 	at android.support.v7.widget.LinearLayoutManager$LayoutState.next(LinearLayoutManager.java:2029)
11-24 15:28:39.018  2257  2257 E Feed    : 	at android.support.v7.widget.LinearLayoutManager.layoutChunk(LinearLayoutManager.java:1414)
11-24 15:28:39.018  2257  2257 E Feed    : 	at android.support.v7.widget.LinearLayoutManager.fill(LinearLayoutManager.java:1377)
11-24 15:28:39.018  2257  2257 E Feed    : 	at android.support.v7.widget.LinearLayoutManager.onLayoutChildren(LinearLayoutManager.java:578)
11-24 15:28:39.018  2257  2257 E Feed    : 	at android.support.v7.widget.RecyclerView.dispatchLayoutStep2(RecyclerView.java:3260)
11-24 15:28:39.018  2257  2257 E Feed    : 	at android.support.v7.widget.RecyclerView.dispatchLayout(RecyclerView.java:3069)
11-24 15:28:39.018  2257  2257 E Feed    : 	at android.support.v7.widget.RecyclerView.onLayout(RecyclerView.java:3518)
11-24 15:28:39.018  2257  2257 E Feed    : 	at android.view.View.layout(View.java:17520)
11-24 15:28:39.018  2257  2257 E Feed    : 	at android.view.ViewGroup.layout(ViewGroup.java:5612)
11-24 15:28:39.018  2257  2257 E Feed    : 	at android.widget.FrameLayout.layoutChildren(FrameLayout.java:323)
11-24 15:28:39.018  2257  2257 E Feed    : 	at android.widget.FrameLayout.onLayout(FrameLayout.java:261)
11-24 15:28:39.018  2257  2257 E Feed    : 	at android.view.View.layout(View.java:17520)
11-24 15:28:39.018  2257  2257 E Feed    : 	at android.view.ViewGroup.layout(ViewGroup.java:5612)
11-24 15:28:39.018  2257  2257 E Feed    : 	at android.widget.RelativeLayout.onLayout(RelativeLayout.java:1079)
11-24 15:28:39.018  2257  2257 E Feed    : 	at android.view.View.layout(View.java:17520)
11-24 15:28:39.018  2257  2257 E Feed    : 	at android.view.ViewGroup.layout(ViewGroup.java:5612)
11-24 15:28:39.018  2257  2257 E Feed    : 	at android.widget.FrameLayout.layoutChildren(FrameLayout.java:323)
11-24 15:28:39.018  2257  2257 E Feed    : 	at android.widget.FrameLayout.onLayout(FrameLayout.java:261)
11-24 15:28:39.018  2257  2257 E Feed    : 	at android.view.View.layout(View.java:17520)
11-24 15:28:39.018  2257  2257 E Feed    : 	at android.view.ViewGroup.layout(ViewGroup.java:5612)
11-24 15:28:39.018  2257  2257 E Feed    : 	at android.support.v7.widget.ActionBarOverlayLayout.onLayout(ActionBarOverlayLayout.java:435)
11-24 15:28:39.018  2257  2257 E Feed    : 	at android.view.View.layout(View.java:17520)
11-24 15:28:39.018  2257  2257 E Feed    : 	at android.view.ViewGroup.layout(ViewGroup.java:5612)
11-24 15:28:39.018  2257  2257 E Feed    : 	at android.widget.FrameLayout.layoutChildren(FrameLayout.java:323)
11-24 15:28:39.018  2257  2257 E Feed    : 	at android.widget.FrameLayout.onLayout(FrameLayout.java:261)
11-24 15:28:39.018  2257  2257 E Feed    : 	at android.view.View.layout(View.java:17520)
11-24 15:28:39.018  2257  2257 E Feed    : 	at android.view.ViewGroup.layout(ViewGroup.java:5612)
11-24 15:28:39.018  2257  2257 E Feed    : 	at android.widget.LinearLayout.setChildFrame(LinearLayout.java:1741)
11-24 15:28:39.018  2257  2257 E Feed    : 	at android.widget.LinearLayout.layoutVertical(LinearLayout.java:1585)
11-24 15:28:39.018  2257  2257 E Feed    : 	at android.widget.LinearLayout.onLayout(LinearLayout.java:1494)
11-24 15:28:39.018  2257  2257 E Feed    : 	at android.view.View.layout(View.java:17520)
11-24 15:28:39.018  2257  2257 E Feed    : 	at android.view.ViewGroup.layout(ViewGroup.java:5612)
11-24 15:28:39.018  2257  2257 E Feed    : 	at android.widget.FrameLayout.layoutChildren(FrameLayout.java:323)
11-24 15:28:39.018  2257  2257 E Feed    : 	at android.widget.FrameLayout.onLayout(FrameLayout.java:261)
11-24 15:28:39.018  2257  2257 E Feed    : 	at com.android.internal.policy.DecorView.onLayout(DecorView.java:724)
11-24 15:28:39.018  2257  2257 E Feed    : 	at android.view.View.layout(View.java:17520)
11-24 15:28:39.018  2257  2257 E Feed    : 	at android.view.ViewGroup.layout(ViewGroup.java:5612)
11-24 15:28:39.018  2257  2257 E Feed    : 	at android.view.ViewRootImpl.performLayout(ViewRootImpl.java:2342)
11-24 15:28:39.018  2257  2257 E Feed    : 	at android.view.ViewRootImpl.performTraversals(ViewRootImpl.java:2069)
11-24 15:28:39.018  2257  2257 E Feed    : 	at android.view.ViewRootImpl.doTraversal(ViewRootImpl.java:1246)
11-24 15:28:39.018  2257  2257 E Feed    : 	at android.view.ViewRootImpl$TraversalRunnable.run(ViewRootImpl.java:6301)
11-24 15:28:39.018  2257  2257 E Feed    : 	at android.view.Choreographer$CallbackRecord.run(Choreographer.java:871)
11-24 15:28:39.018  2257  2257 E Feed    : 	at android.view.Choreographer.doCallbacks(Choreographer.java:683)
11-24 15:28:39.018  2257  2257 E Feed    : 	at android.view.Choreographer.doFrame(Choreographer.java:619)
11-24 15:28:39.018  2257  2257 E Feed    : 	at android.view.Choreographer$FrameDisplayEventReceiver.run(Choreographer.java:857)
11-24 15:28:39.018  2257  2257 E Feed    : 	at android.os.Handler.handleCallback(Handler.java:751)
11-24 15:28:39.018  2257  2257 E Feed    : 	at android.os.Handler.dispatchMessage(Handler.java:95)
11-24 15:28:39.018  2257  2257 E Feed    : 	at android.os.Looper.loop(Looper.java:154)
11-24 15:28:39.018  2257  2257 E Feed    : 	at android.app.ActivityThread.main(ActivityThread.java:6077)
11-24 15:28:39.018  2257  2257 E Feed    : 	at java.lang.reflect.Method.invoke(Native Method)
11-24 15:28:39.018  2257  2257 E Feed    : 	at com.android.internal.os.ZygoteInit$MethodAndArgsCaller.run(ZygoteInit.java:865)
11-24 15:28:39.018  2257  2257 E Feed    : 	at com.android.internal.os.ZygoteInit.main(ZygoteInit.java:755)
11-24 15:28:39.119  2257  2257 D LifecycleMonitor: Lifecycle status change: br.com.catbag.gifreduxsample.ui.GifListActivity@8c9105e in: PAUSED
11-24 15:28:39.124  2257  2272 I TestRunner: finished: whenGifIsWatchedTest(br.com.catbag.gifreduxsample.ui.giflist.GifListActivityTest)
11-24 15:28:39.162   977   977 D gralloc : Registering a buffer in the process that created it. This may cause memory ordering problems.
11-24 15:28:39.162   977   977 E libEGL  : called unimplemented OpenGL ES API
11-24 15:28:39.164   977   977 E SurfaceFlinger: glCheckFramebufferStatusOES error 588918478
11-24 15:28:39.164   977   977 E SurfaceFlinger: got GL_FRAMEBUFFER_COMPLETE_OES error while taking screenshot
11-24 15:28:39.165  1237  1785 W WindowManager: Screenshot failure taking screenshot for (480x800) to layer 22020
11-24 15:28:39.172  2257  2257 I MonitoringInstrumentation: Activities that are still in CREATED to STOPPED: 2
11-24 15:28:39.174  2257  2272 I TestRunner: started: whenScrollUpAndPlayFirstItemTest(br.com.catbag.gifreduxsample.ui.giflist.GifListActivityTest)
11-24 15:28:39.208  2257  2257 I MonitoringInstrumentation: Activities that are still in CREATED to STOPPED: 2
11-24 15:28:39.317  2257  2273 I DroidFlux:Dispatcher: [STARTED] dispatch of action [FAKE_REDUCE_ACTION]
11-24 15:28:39.318  2257  2273 I DroidFlux:Dispatcher: [COMPLETED] dispatch of action [FAKE_REDUCE_ACTION]
11-24 15:28:39.322  2257  2301 D ActivityTestRule: Launching activity br.com.catbag.gifreduxsample.ui.GifListActivity
11-24 15:28:39.334  2257  2303 D MonitoringInstrumentation: execStartActivity(context, ibinder, ibinder, activity, intent, int, bundle
11-24 15:28:39.336  1237  1782 I ActivityManager: START u0 {flg=0x10000000 cmp=br.com.catbag.gifreduxsample/.ui.GifListActivity} from uid 10060 on display 0
11-24 15:28:39.456  1237  1258 I Choreographer: Skipped 40 frames!  The application may be doing too much work on its main thread.
11-24 15:28:39.560  1725  1725 I Choreographer: Skipped 34 frames!  The application may be doing too much work on its main thread.
11-24 15:28:39.574  2257  2257 D LifecycleMonitor: Lifecycle status change: br.com.catbag.gifreduxsample.ui.GifListActivity@bcbcfca in: PRE_ON_CREATE
11-24 15:28:39.595  1237  1258 I WindowManager: Destroying surface Surface(name=Starting br.com.catbag.gifreduxsample) called by com.android.server.wm.WindowStateAnimator.destroySurface:2014 com.android.server.wm.WindowStateAnimator.destroySurfaceLocked:881 com.android.server.wm.WindowState.removeLocked:1449 com.android.server.wm.WindowManagerService.removeWindowInnerLocked:2478 com.android.server.wm.AppWindowToken.destroySurfaces:365 com.android.server.wm.WindowStateAnimator.finishExit:565 com.android.server.wm.WindowStateAnimator.stepAnimationLocked:491 com.android.server.wm.WindowAnimator.updateWindowsLocked:303 
11-24 15:28:39.668  2257  2257 D LifecycleMonitor: Lifecycle status change: br.com.catbag.gifreduxsample.ui.GifListActivity@bcbcfca in: CREATED
11-24 15:28:39.669  2257  2273 I DroidFlux:Dispatcher: [STARTED] dispatch of action [APP_STATE_LOAD]
11-24 15:28:39.670  2257  2273 D DroidFlux:Dispatcher: An action of type [APP_STATE_LOAD] was dispatched, but no reducer handled it
11-24 15:28:39.670  2257  2273 I DroidFlux:Dispatcher: [COMPLETED] dispatch of action [APP_STATE_LOAD]
11-24 15:28:39.672  2257  2257 D LifecycleMonitor: Lifecycle status change: br.com.catbag.gifreduxsample.ui.GifListActivity@bcbcfca in: STARTED
11-24 15:28:39.748  2257  2257 D LifecycleMonitor: Lifecycle status change: br.com.catbag.gifreduxsample.ui.GifListActivity@bcbcfca in: RESUMED
