11-26 16:34:59.640  2231  2231 E Feed    : 	at android.view.View.layout(View.java:17520)
11-26 16:34:59.640  2231  2231 E Feed    : 	at android.view.ViewGroup.layout(ViewGroup.java:5612)
11-26 16:34:59.640  2231  2231 E Feed    : 	at android.widget.RelativeLayout.onLayout(RelativeLayout.java:1079)
11-26 16:34:59.640  2231  2231 E Feed    : 	at android.view.View.layout(View.java:17520)
11-26 16:34:59.640  2231  2231 E Feed    : 	at android.view.ViewGroup.layout(ViewGroup.java:5612)
11-26 16:34:59.640  2231  2231 E Feed    : 	at android.widget.FrameLayout.layoutChildren(FrameLayout.java:323)
11-26 16:34:59.640  2231  2231 E Feed    : 	at android.widget.FrameLayout.onLayout(FrameLayout.java:261)
11-26 16:34:59.640  2231  2231 E Feed    : 	at android.view.View.layout(View.java:17520)
11-26 16:34:59.640  2231  2231 E Feed    : 	at android.view.ViewGroup.layout(ViewGroup.java:5612)
11-26 16:34:59.640  2231  2231 E Feed    : 	at android.support.v7.widget.ActionBarOverlayLayout.onLayout(ActionBarOverlayLayout.java:435)
11-26 16:34:59.640  2231  2231 E Feed    : 	at android.view.View.layout(View.java:17520)
11-26 16:34:59.640  2231  2231 E Feed    : 	at android.view.ViewGroup.layout(ViewGroup.java:5612)
11-26 16:34:59.640  2231  2231 E Feed    : 	at android.widget.FrameLayout.layoutChildren(FrameLayout.java:323)
11-26 16:34:59.640  2231  2231 E Feed    : 	at android.widget.FrameLayout.onLayout(FrameLayout.java:261)
11-26 16:34:59.640  2231  2231 E Feed    : 	at android.view.View.layout(View.java:17520)
11-26 16:34:59.640  2231  2231 E Feed    : 	at android.view.ViewGroup.layout(ViewGroup.java:5612)
11-26 16:34:59.640  2231  2231 E Feed    : 	at android.widget.LinearLayout.setChildFrame(LinearLayout.java:1741)
11-26 16:34:59.640  2231  2231 E Feed    : 	at android.widget.LinearLayout.layoutVertical(LinearLayout.java:1585)
11-26 16:34:59.640  2231  2231 E Feed    : 	at android.widget.LinearLayout.onLayout(LinearLayout.java:1494)
11-26 16:34:59.640  2231  2231 E Feed    : 	at android.view.View.layout(View.java:17520)
11-26 16:34:59.640  2231  2231 E Feed    : 	at android.view.ViewGroup.layout(ViewGroup.java:5612)
11-26 16:34:59.640  2231  2231 E Feed    : 	at android.widget.FrameLayout.layoutChildren(FrameLayout.java:323)
11-26 16:34:59.640  2231  2231 E Feed    : 	at android.widget.FrameLayout.onLayout(FrameLayout.java:261)
11-26 16:34:59.640  2231  2231 E Feed    : 	at com.android.internal.policy.DecorView.onLayout(DecorView.java:724)
11-26 16:34:59.640  2231  2231 E Feed    : 	at android.view.View.layout(View.java:17520)
11-26 16:34:59.640  2231  2231 E Feed    : 	at android.view.ViewGroup.layout(ViewGroup.java:5612)
11-26 16:34:59.640  2231  2231 E Feed    : 	at android.view.ViewRootImpl.performLayout(ViewRootImpl.java:2342)
11-26 16:34:59.640  2231  2231 E Feed    : 	at android.view.ViewRootImpl.performTraversals(ViewRootImpl.java:2069)
11-26 16:34:59.640  2231  2231 E Feed    : 	at android.view.ViewRootImpl.doTraversal(ViewRootImpl.java:1246)
11-26 16:34:59.640  2231  2231 E Feed    : 	at android.view.ViewRootImpl$TraversalRunnable.run(ViewRootImpl.java:6301)
11-26 16:34:59.640  2231  2231 E Feed    : 	at android.view.Choreographer$CallbackRecord.run(Choreographer.java:871)
11-26 16:34:59.640  2231  2231 E Feed    : 	at android.view.Choreographer.doCallbacks(Choreographer.java:683)
11-26 16:34:59.640  2231  2231 E Feed    : 	at android.view.Choreographer.doFrame(Choreographer.java:619)
11-26 16:34:59.640  2231  2231 E Feed    : 	at android.view.Choreographer$FrameDisplayEventReceiver.run(Choreographer.java:857)
11-26 16:34:59.640  2231  2231 E Feed    : 	at android.os.Handler.handleCallback(Handler.java:751)
11-26 16:34:59.640  2231  2231 E Feed    : 	at android.os.Handler.dispatchMessage(Handler.java:95)
11-26 16:34:59.640  2231  2231 E Feed    : 	at android.os.Looper.loop(Looper.java:154)
11-26 16:34:59.640  2231  2231 E Feed    : 	at android.app.ActivityThread.main(ActivityThread.java:6077)
11-26 16:34:59.640  2231  2231 E Feed    : 	at java.lang.reflect.Method.invoke(Native Method)
11-26 16:34:59.640  2231  2231 E Feed    : 	at com.android.internal.os.ZygoteInit$MethodAndArgsCaller.run(ZygoteInit.java:865)
11-26 16:34:59.640  2231  2231 E Feed    : 	at com.android.internal.os.ZygoteInit.main(ZygoteInit.java:755)
11-26 16:34:59.830  2231  2231 I Choreographer: Skipped 44 frames!  The application may be doing too much work on its main thread.
11-26 16:34:59.889  2231  2247 I TestRunner: finished: whenGifIsNotWatchedTest(br.com.catbag.gifreduxsample.ui.giflist.GifListActivityTest)
11-26 16:34:59.903  2231  2231 I MonitoringInstrumentation: Activities that are still in CREATED to STOPPED: 2
11-26 16:34:59.904  2231  2247 I TestRunner: started: whenEndlessScrollNotTriggered(br.com.catbag.gifreduxsample.ui.giflist.GifListActivityTest)
11-26 16:34:59.905  2231  2231 I MonitoringInstrumentation: Activities that are still in CREATED to STOPPED: 2
11-26 16:34:59.908  1239  1323 E TaskPersister: File error accessing recents directory (directory doesn't exist?).
11-26 16:34:59.919  2231  2248 I DroidFlux:Dispatcher: [STARTED] dispatch of action [FAKE_REDUCE_ACTION]
11-26 16:34:59.920  2231  2248 I DroidFlux:Dispatcher: [COMPLETED] dispatch of action [FAKE_REDUCE_ACTION]
11-26 16:34:59.928  2231  2270 D ActivityTestRule: Launching activity br.com.catbag.gifreduxsample.ui.GifListActivity
11-26 16:34:59.930  2231  2271 D MonitoringInstrumentation: execStartActivity(context, ibinder, ibinder, activity, intent, int, bundle
11-26 16:34:59.930  1239  1251 I ActivityManager: START u0 {flg=0x10000000 cmp=br.com.catbag.gifreduxsample/.ui.GifListActivity} from uid 10060 on display 0
11-26 16:34:59.988  1239  1260 I Choreographer: Skipped 31 frames!  The application may be doing too much work on its main thread.
11-26 16:35:00.036  2231  2231 D LifecycleMonitor: Lifecycle status change: br.com.catbag.gifreduxsample.ui.GifListActivity@f3234bb in: PAUSED
11-26 16:35:00.092  1239  1260 I WindowManager: Destroying surface Surface(name=Starting br.com.catbag.gifreduxsample) called by com.android.server.wm.WindowStateAnimator.destroySurface:2014 com.android.server.wm.WindowStateAnimator.destroySurfaceLocked:881 com.android.server.wm.WindowState.removeLocked:1449 com.android.server.wm.WindowManagerService.removeWindowInnerLocked:2478 com.android.server.wm.WindowManagerService.removeWindowLocked:2436 com.android.server.wm.WindowManagerService.removeWindowLocked:2305 com.android.server.wm.WindowManagerService.removeWindow:2300 com.android.server.wm.Session.remove:193 
11-26 16:35:00.104  1239  1250 I WindowManager: Destroying surface Surface(name=com.android.launcher3/com.android.launcher3.Launcher) called by com.android.server.wm.WindowStateAnimator.destroySurface:2014 com.android.server.wm.WindowStateAnimator.destroySurfaceLocked:881 com.android.server.wm.WindowState.destroyOrSaveSurface:2073 com.android.server.wm.AppWindowToken.destroySurfaces:363 com.android.server.wm.AppWindowToken.notifyAppStopped:389 com.android.server.wm.WindowManagerService.notifyAppStopped:4456 com.android.server.am.ActivityStack.activityStoppedLocked:1252 com.android.server.am.ActivityManagerService.activityStopped:6873 
11-26 16:35:00.124  1239  1381 I WindowManager: Failed to capture screenshot of Token{d66849e ActivityRecord{bd502d9 u0 br.com.catbag.gifreduxsample/.ui.GifListActivity t5 f}} appWin=Window{50b514e u0 br.com.catbag.gifreduxsample/br.com.catbag.gifreduxsample.ui.GifListActivity} drawState=4
11-26 16:35:00.199  2231  2231 D LifecycleMonitor: Lifecycle status change: br.com.catbag.gifreduxsample.ui.GifListActivity@8046493 in: STOPPED
11-26 16:35:00.200  2231  2231 D LifecycleMonitor: Lifecycle status change: br.com.catbag.gifreduxsample.ui.GifListActivity@8046493 in: DESTROYED
11-26 16:35:00.271  1239  1470 I WindowManager: Destroying surface Surface(name=br.com.catbag.gifreduxsample/br.com.catbag.gifreduxsample.ui.GifListActivity) called by com.android.server.wm.WindowStateAnimator.destroySurface:2014 com.android.server.wm.WindowStateAnimator.destroySurfaceLocked:881 com.android.server.wm.WindowState.removeLocked:1449 com.android.server.wm.WindowManagerService.removeWindowInnerLocked:2478 com.android.server.wm.WindowManagerService.removeWindowLocked:2436 com.android.server.wm.WindowManagerService.removeWindowLocked:2305 com.android.server.wm.WindowManagerService.removeWindow:2300 com.android.server.wm.Session.remove:193 
11-26 16:35:00.301  2231  2231 D LifecycleMonitor: Lifecycle status change: br.com.catbag.gifreduxsample.ui.GifListActivity@33bc049 in: PRE_ON_CREATE
11-26 16:35:00.440  2231  2231 D LifecycleMonitor: Lifecycle status change: br.com.catbag.gifreduxsample.ui.GifListActivity@33bc049 in: CREATED
11-26 16:35:00.447  2231  2231 D LifecycleMonitor: Lifecycle status change: br.com.catbag.gifreduxsample.ui.GifListActivity@33bc049 in: STARTED
11-26 16:35:00.453  2231  2231 D LifecycleMonitor: Lifecycle status change: br.com.catbag.gifreduxsample.ui.GifListActivity@33bc049 in: RESUMED
11-26 16:35:00.510  2231  2248 I DroidFlux:Dispatcher: [STARTED] dispatch of action [APP_STATE_LOAD]
11-26 16:35:00.510  2231  2248 D DroidFlux:Dispatcher: An action of type [APP_STATE_LOAD] was dispatched, but no reducer handled it
11-26 16:35:00.511  2231  2248 I DroidFlux:Dispatcher: [COMPLETED] dispatch of action [APP_STATE_LOAD]
11-26 16:35:00.579  1239  1260 I Choreographer: Skipped 44 frames!  The application may be doing too much work on its main thread.
11-26 16:35:00.795  1239  1458 W art     : Long monitor contention with owner android.display (1260) at void com.android.server.wm.WindowAnimator$1.doFrame(long)(WindowAnimator.java:138) waiters=0 in int com.android.server.wm.WindowManagerService.addWindow(com.android.server.wm.Session, android.view.IWindow, int, android.view.WindowManager$LayoutParams, int, int, android.graphics.Rect, android.graphics.Rect, android.graphics.Rect, android.view.InputChannel) for 101ms
11-26 16:35:00.924  2231  2231 I Choreographer: Skipped 188 frames!  The application may be doing too much work on its main thread.
11-26 16:35:01.056  1239  1260 I ActivityManager: Displayed br.com.catbag.gifreduxsample/.ui.GifListActivity: +948ms (total +2s68ms)
11-26 16:35:01.083  2231  2231 D LifecycleMonitor: Lifecycle status change: br.com.catbag.gifreduxsample.ui.GifListActivity@f3234bb in: STOPPED
11-26 16:35:01.083  2231  2231 D LifecycleMonitor: Lifecycle status change: br.com.catbag.gifreduxsample.ui.GifListActivity@f3234bb in: DESTROYED
11-26 16:35:01.101  1239  1370 I WindowManager: Destroying surface Surface(name=br.com.catbag.gifreduxsample/br.com.catbag.gifreduxsample.ui.GifListActivity) called by com.android.server.wm.WindowStateAnimator.destroySurface:2014 com.android.server.wm.WindowStateAnimator.destroySurfaceLocked:881 com.android.server.wm.WindowState.removeLocked:1449 com.android.server.wm.WindowManagerService.removeWindowInnerLocked:2478 com.android.server.wm.WindowManagerService.removeWindowLocked:2436 com.android.server.wm.WindowManagerService.removeWindowLocked:2305 com.android.server.wm.WindowManagerService.removeWindow:2300 com.android.server.wm.Session.remove:193 
11-26 16:35:01.145  2231  2231 W ResourceType: No package identifier when getting name for resource number 0x00000006
11-26 16:35:01.145  2231  2231 I ViewInteraction: Performing 'scroll RecyclerView to position: 9' action on view with id: 6 (resource name not found)
11-26 16:35:01.259  1239  1260 I WindowManager: Destroying surface Surface(name=Starting br.com.catbag.gifreduxsample) called by com.android.server.wm.WindowStateAnimator.destroySurface:2014 com.android.server.wm.WindowStateAnimator.destroySurfaceLocked:881 com.android.server.wm.WindowState.destroyOrSaveSurface:2073 com.android.server.wm.AppWindowToken.destroySurfaces:363 com.android.server.wm.WindowStateAnimator.finishExit:565 com.android.server.wm.WindowStateAnimator.stepAnimationLocked:491 com.android.server.wm.WindowAnimator.updateWindowsLocked:303 com.android.server.wm.WindowAnimator.animateLocked:704 
11-26 16:35:01.453  2231  2231 W ResourceType: No package identifier when getting name for resource number 0x00000006
11-26 16:35:01.491  2231  2231 D LifecycleMonitor: Lifecycle status change: br.com.catbag.gifreduxsample.ui.GifListActivity@33bc049 in: PAUSED
11-26 16:35:01.497  2231  2247 I TestRunner: finished: whenEndlessScrollNotTriggered(br.com.catbag.gifreduxsample.ui.giflist.GifListActivityTest)
11-26 16:35:01.545   979   979 D gralloc : Registering a buffer in the process that created it. This may cause memory ordering problems.
11-26 16:35:01.545   979   979 E libEGL  : called unimplemented OpenGL ES API
11-26 16:35:01.545   979   979 E SurfaceFlinger: glCheckFramebufferStatusOES error 439363597
11-26 16:35:01.546   979   979 E SurfaceFlinger: got GL_FRAMEBUFFER_COMPLETE_OES error while taking screenshot
11-26 16:35:01.547  1239  1370 W WindowManager: Screenshot failure taking screenshot for (480x800) to layer 21005
11-26 16:35:01.554  2231  2231 I MonitoringInstrumentation: Activities that are still in CREATED to STOPPED: 1
11-26 16:35:01.556  2231  2247 I TestRunner: started: whenGifListIsNotEmpty(br.com.catbag.gifreduxsample.ui.giflist.GifListActivityTest)
11-26 16:35:01.578  2231  2231 I MonitoringInstrumentation: Activities that are still in CREATED to STOPPED: 1
11-26 16:35:01.658  2231  2248 I DroidFlux:Dispatcher: [STARTED] dispatch of action [FAKE_REDUCE_ACTION]
11-26 16:35:01.658  2231  2248 I DroidFlux:Dispatcher: [COMPLETED] dispatch of action [FAKE_REDUCE_ACTION]
11-26 16:35:01.660  2231  2272 D ActivityTestRule: Launching activity br.com.catbag.gifreduxsample.ui.GifListActivity
11-26 16:35:01.662  2231  2273 D MonitoringInstrumentation: execStartActivity(context, ibinder, ibinder, activity, intent, int, bundle
11-26 16:35:01.663  1239  1458 I ActivityManager: START u0 {flg=0x10000000 cmp=br.com.catbag.gifreduxsample/.ui.GifListActivity} from uid 10060 on display 0
11-26 16:35:01.752  2231  2231 D LifecycleMonitor: Lifecycle status change: br.com.catbag.gifreduxsample.ui.GifListActivity@e0edb79 in: PRE_ON_CREATE
11-26 16:35:01.771  2231  2231 D LifecycleMonitor: Lifecycle status change: br.com.catbag.gifreduxsample.ui.GifListActivity@e0edb79 in: CREATED
11-26 16:35:01.776  2231  2248 I DroidFlux:Dispatcher: [STARTED] dispatch of action [APP_STATE_LOAD]
11-26 16:35:01.776  2231  2248 D DroidFlux:Dispatcher: An action of type [APP_STATE_LOAD] was dispatched, but no reducer handled it
11-26 16:35:01.780  2231  2231 D LifecycleMonitor: Lifecycle status change: br.com.catbag.gifreduxsample.ui.GifListActivity@e0edb79 in: STARTED
11-26 16:35:01.787  2231  2248 I DroidFlux:Dispatcher: [COMPLETED] dispatch of action [APP_STATE_LOAD]
11-26 16:35:01.789  1239  1260 I Choreographer: Skipped 38 frames!  The application may be doing too much work on its main thread.
11-26 16:35:01.797  2231  2231 D LifecycleMonitor: Lifecycle status change: br.com.catbag.gifreduxsample.ui.GifListActivity@e0edb79 in: RESUMED
11-26 16:35:01.977  2231  2235 I art     : Do partial code cache collection, code=55KB, data=62KB
11-26 16:35:01.988  2231  2235 I art     : After code cache collection, code=55KB, data=62KB
11-26 16:35:01.988  2231  2235 I art     : Increasing code cache capacity to 256KB
11-26 16:35:02.028  2231  2248 I DroidFlux:Dispatcher: [STARTED] dispatch of action [GIF_LIST_FETCHING]
11-26 16:35:02.028  2231  2248 D DroidFlux:Dispatcher: An action of type [GIF_LIST_FETCHING] was dispatched, but no reducer handled it
11-26 16:35:02.028  2231  2248 I DroidFlux:Dispatcher: [COMPLETED] dispatch of action [GIF_LIST_FETCHING]
11-26 16:35:02.132  2231  2231 D LifecycleMonitor: Lifecycle status change: br.com.catbag.gifreduxsample.ui.GifListActivity@e0edb79 in: PAUSED
11-26 16:35:02.142  1239  1370 D WindowManager: relayoutVisibleWindow: Window{4b55480 u0 com.android.launcher3/com.android.launcher3.Launcher EXITING} mAnimatingExit=true, mRemoveOnExit=false, mDestroying=false
11-26 16:35:02.156  2231  2247 I TestRunner: finished: whenGifListIsNotEmpty(br.com.catbag.gifreduxsample.ui.giflist.GifListActivityTest)
11-26 16:35:02.190   979   979 D gralloc : Registering a buffer in the process that created it. This may cause memory ordering problems.
11-26 16:35:02.190   979   979 E SurfaceFlinger: glCheckFramebufferStatusOES error 439363597
11-26 16:35:02.190   979   979 E SurfaceFlinger: got GL_FRAMEBUFFER_COMPLETE_OES error while taking screenshot
11-26 16:35:02.192  1239  1702 W WindowManager: Screenshot failure taking screenshot for (480x800) to layer 22020
11-26 16:35:02.249  2231  2231 I MonitoringInstrumentation: Activities that are still in CREATED to STOPPED: 2
11-26 16:35:02.250  2231  2247 I TestRunner: started: whenGifIsDownloadingTest(br.com.catbag.gifreduxsample.ui.giflist.GifListActivityTest)
11-26 16:35:02.260  2231  2231 I MonitoringInstrumentation: Activities that are still in CREATED to STOPPED: 2
11-26 16:35:02.353  2231  2248 I DroidFlux:Dispatcher: [STARTED] dispatch of action [FAKE_REDUCE_ACTION]
11-26 16:35:02.354  2231  2248 I DroidFlux:Dispatcher: [COMPLETED] dispatch of action [FAKE_REDUCE_ACTION]
11-26 16:35:02.522  1239  1260 I WindowManager: Destroying surface Surface(name=Starting br.com.catbag.gifreduxsample) called by com.android.server.wm.WindowStateAnimator.destroySurface:2014 com.android.server.wm.WindowStateAnimator.destroySurfaceLocked:881 com.android.server.wm.WindowState.removeLocked:1449 com.android.server.wm.WindowManagerService.removeWindowInnerLocked:2478 com.android.server.wm.AppWindowToken.destroySurfaces:365 com.android.server.wm.WindowStateAnimator.finishExit:565 com.android.server.wm.AppWindowAnimator.stepAnimationLocked:427 com.android.server.wm.WindowAnimator.updateAppWindowsLocked:176 
11-26 16:35:02.569  2231  2274 D ActivityTestRule: Launching activity br.com.catbag.gifreduxsample.ui.GifListActivity
11-26 16:35:02.574  1725  1725 I Choreographer: Skipped 63 frames!  The application may be doing too much work on its main thread.
11-26 16:35:02.599  2231  2275 D MonitoringInstrumentation: execStartActivity(context, ibinder, ibinder, activity, intent, int, bundle
11-26 16:35:02.604  1239  1250 I ActivityManager: START u0 {flg=0x10000000 cmp=br.com.catbag.gifreduxsample/.ui.GifListActivity} from uid 10060 on display 0
11-26 16:35:02.762  2231  2231 D LifecycleMonitor: Lifecycle status change: br.com.catbag.gifreduxsample.ui.GifListActivity@675eaf6 in: PRE_ON_CREATE
11-26 16:35:02.795  1725  1725 I Choreographer: Skipped 39 frames!  The application may be doing too much work on its main thread.
11-26 16:35:02.805  2231  2231 D LifecycleMonitor: Lifecycle status change: br.com.catbag.gifreduxsample.ui.GifListActivity@675eaf6 in: CREATED
11-26 16:35:02.806  2231  2231 D LifecycleMonitor: Lifecycle status change: br.com.catbag.gifreduxsample.ui.GifListActivity@675eaf6 in: STARTED
11-26 16:35:02.808  2231  2248 I DroidFlux:Dispatcher: [STARTED] dispatch of action [APP_STATE_LOAD]
11-26 16:35:02.808  2231  2248 D DroidFlux:Dispatcher: An action of type [APP_STATE_LOAD] was dispatched, but no reducer handled it
11-26 16:35:02.808  2231  2248 I DroidFlux:Dispatcher: [COMPLETED] dispatch of action [APP_STATE_LOAD]
11-26 16:35:02.890  2231  2231 D LifecycleMonitor: Lifecycle status change: br.com.catbag.gifreduxsample.ui.GifListActivity@675eaf6 in: RESUMED
11-26 16:35:02.894  2231  2231 D LifecycleMonitor: Lifecycle status change: br.com.catbag.gifreduxsample.ui.GifListActivity@e0edb79 in: STOPPED
11-26 16:35:02.895  2231  2231 D LifecycleMonitor: Lifecycle status change: br.com.catbag.gifreduxsample.ui.GifListActivity@e0edb79 in: DESTROYED
11-26 16:35:02.896  1239  1250 I WindowManager: Destroying surface Surface(name=br.com.catbag.gifreduxsample/br.com.catbag.gifreduxsample.ui.GifListActivity) called by com.android.server.wm.WindowStateAnimator.destroySurface:2014 com.android.server.wm.WindowStateAnimator.destroySurfaceLocked:881 com.android.server.wm.WindowState.removeLocked:1449 com.android.server.wm.WindowManagerService.removeWindowInnerLocked:2478 com.android.server.wm.WindowManagerService.removeWindowLocked:2436 com.android.server.wm.WindowManagerService.removeWindowLocked:2305 com.android.server.wm.WindowManagerService.removeWindow:2300 com.android.server.wm.Session.remove:193 
11-26 16:35:02.914  2231  2231 D LifecycleMonitor: Lifecycle status change: br.com.catbag.gifreduxsample.ui.GifListActivity@33bc049 in: STOPPED
11-26 16:35:02.986  2231  2231 D LifecycleMonitor: Lifecycle status change: br.com.catbag.gifreduxsample.ui.GifListActivity@33bc049 in: DESTROYED
11-26 16:35:03.032  1239  1370 I WindowManager: Destroying surface Surface(name=br.com.catbag.gifreduxsample/br.com.catbag.gifreduxsample.ui.GifListActivity) called by com.android.server.wm.WindowStateAnimator.destroySurface:2014 com.android.server.wm.WindowStateAnimator.destroySurfaceLocked:881 com.android.server.wm.WindowState.removeLocked:1449 com.android.server.wm.WindowManagerService.removeWindowInnerLocked:2478 com.android.server.wm.WindowManagerService.removeWindowLocked:2436 com.android.server.wm.WindowManagerService.removeWindowLocked:2305 com.android.server.wm.WindowManagerService.removeWindow:2300 com.android.server.wm.Session.remove:193 
11-26 16:35:03.046  2231  2231 I Choreographer: Skipped 39 frames!  The application may be doing too much work on its main thread.
11-26 16:35:03.057  2231  2242 I art     : Background sticky concurrent mark sweep GC freed 12522(946KB) AllocSpace objects, 4(80KB) LOS objects, 14% free, 8MB/9MB, paused 38.671ms total 254.832ms
11-26 16:35:03.294  1239  1260 I ActivityManager: Displayed br.com.catbag.gifreduxsample/.ui.GifListActivity: +579ms (total +1s578ms)
11-26 16:35:03.461  2231  2247 I TestRunner: finished: whenGifIsDownloadingTest(br.com.catbag.gifreduxsample.ui.giflist.GifListActivityTest)
11-26 16:35:03.513  2231  2231 D LifecycleMonitor: Lifecycle status change: br.com.catbag.gifreduxsample.ui.GifListActivity@675eaf6 in: PAUSED
11-26 16:35:03.521   979   979 D gralloc : Registering a buffer in the process that created it. This may cause memory ordering problems.
11-26 16:35:03.522   979   979 E libEGL  : called unimplemented OpenGL ES API
11-26 16:35:03.522   979   979 E SurfaceFlinger: glCheckFramebufferStatusOES error 439363597
11-26 16:35:03.522   979   979 E SurfaceFlinger: got GL_FRAMEBUFFER_COMPLETE_OES error while taking screenshot
11-26 16:35:03.524  1239  1702 W WindowManager: Screenshot failure taking screenshot for (480x800) to layer 22010
11-26 16:35:03.534  1239  1260 I WindowManager: Destroying surface Surface(name=Starting br.com.catbag.gifreduxsample) called by com.android.server.wm.WindowStateAnimator.destroySurface:2014 com.android.server.wm.WindowStateAnimator.destroySurfaceLocked:881 com.android.server.wm.WindowState.removeLocked:1449 com.android.server.wm.WindowManagerService.removeWindowInnerLocked:2478 com.android.server.wm.AppWindowToken.destroySurfaces:365 com.android.server.wm.WindowStateAnimator.finishExit:565 com.android.server.wm.WindowStateAnimator.stepAnimationLocked:491 com.android.server.wm.WindowAnimator.updateWindowsLocked:303 
11-26 16:35:03.566  2231  2231 I MonitoringInstrumentation: Activities that are still in CREATED to STOPPED: 1
11-26 16:35:03.567  2231  2247 I TestRunner: started: whenListKeepOrderedAfterPlayTest(br.com.catbag.gifreduxsample.ui.giflist.GifListActivityTest)
11-26 16:35:03.570  2231  2231 I MonitoringInstrumentation: Activities that are still in CREATED to STOPPED: 1
11-26 16:35:03.639  2231  2248 I DroidFlux:Dispatcher: [STARTED] dispatch of action [FAKE_REDUCE_ACTION]
11-26 16:35:03.640  2231  2248 I DroidFlux:Dispatcher: [COMPLETED] dispatch of action [FAKE_REDUCE_ACTION]
11-26 16:35:03.656  2231  2276 D ActivityTestRule: Launching activity br.com.catbag.gifreduxsample.ui.GifListActivity
11-26 16:35:03.719  2231  2277 D MonitoringInstrumentation: execStartActivity(context, ibinder, ibinder, activity, intent, int, bundle
11-26 16:35:03.720  1239  1691 I ActivityManager: START u0 {flg=0x10000000 cmp=br.com.catbag.gifreduxsample/.ui.GifListActivity} from uid 10060 on display 0
11-26 16:35:03.862  2231  2231 D LifecycleMonitor: Lifecycle status change: br.com.catbag.gifreduxsample.ui.GifListActivity@4ffa7e2 in: PRE_ON_CREATE
11-26 16:35:03.878  2231  2231 D LifecycleMonitor: Lifecycle status change: br.com.catbag.gifreduxsample.ui.GifListActivity@4ffa7e2 in: CREATED
11-26 16:35:03.878  2231  2231 D LifecycleMonitor: Lifecycle status change: br.com.catbag.gifreduxsample.ui.GifListActivity@4ffa7e2 in: STARTED
11-26 16:35:03.879  2231  2248 I DroidFlux:Dispatcher: [STARTED] dispatch of action [APP_STATE_LOAD]
11-26 16:35:03.880  2231  2248 D DroidFlux:Dispatcher: An action of type [APP_STATE_LOAD] was dispatched, but no reducer handled it
11-26 16:35:03.880  2231  2248 I DroidFlux:Dispatcher: [COMPLETED] dispatch of action [APP_STATE_LOAD]
11-26 16:35:03.881  2231  2231 D LifecycleMonitor: Lifecycle status change: br.com.catbag.gifreduxsample.ui.GifListActivity@4ffa7e2 in: RESUMED
11-26 16:35:03.955  1239  1260 I Choreographer: Skipped 41 frames!  The application may be doing too much work on its main thread.
11-26 16:35:04.084  1239  1260 I Choreographer: Skipped 33 frames!  The application may be doing too much work on its main thread.
11-26 16:35:04.123  1239  1260 I ActivityManager: Displayed br.com.catbag.gifreduxsample/.ui.GifListActivity: +285ms
11-26 16:35:04.145  2231  2231 W ResourceType: No package identifier when getting name for resource number 0x0000000e
11-26 16:35:04.146  2231  2231 I ViewInteraction: Performing 'single click' action on view with id: 14 (resource name not found)
11-26 16:35:04.237  2231  2248 I DroidFlux:Dispatcher: [STARTED] dispatch of action [GIF_PLAY]
11-26 16:35:04.239  2231  2248 I DroidFlux:Dispatcher: [COMPLETED] dispatch of action [GIF_PLAY]
11-26 16:35:04.271   990  1029 D AudioFlinger: mixer(0xb60036c0) throttle end: throttle time(11)
11-26 16:35:04.297   990  1029 D AudioFlinger: mixer(0xb60036c0) throttle end: throttle time(11)
11-26 16:35:04.393  1239  1260 I WindowManager: Destroying surface Surface(name=Starting br.com.catbag.gifreduxsample) called by com.android.server.wm.WindowStateAnimator.destroySurface:2014 com.android.server.wm.WindowStateAnimator.destroySurfaceLocked:881 com.android.server.wm.WindowState.destroyOrSaveSurface:2073 com.android.server.wm.AppWindowToken.destroySurfaces:363 com.android.server.wm.WindowStateAnimator.finishExit:565 com.android.server.wm.WindowStateAnimator.stepAnimationLocked:491 com.android.server.wm.WindowAnimator.updateWindowsLocked:303 com.android.server.wm.WindowAnimator.animateLocked:704 
11-26 16:35:04.863  2231  2231 W ResourceType: No package identifier when getting name for resource number 0x00000012
11-26 16:35:04.863  2231  2231 I ViewInteraction: Performing 'scroll RecyclerView to position: 2' action on view with id: 18 (resource name not found)
11-26 16:35:04.933  1239  1458 I WindowManager: Destroying surface Surface(name=com.android.launcher3/com.android.launcher3.Launcher) called by com.android.server.wm.WindowStateAnimator.destroySurface:2014 com.android.server.wm.WindowStateAnimator.destroySurfaceLocked:881 com.android.server.wm.WindowState.destroyOrSaveSurface:2073 com.android.server.wm.AppWindowToken.destroySurfaces:363 com.android.server.wm.AppWindowToken.notifyAppStopped:389 com.android.server.wm.WindowManagerService.notifyAppStopped:4456 com.android.server.am.ActivityStack.activityStoppedLocked:1252 com.android.server.am.ActivityManagerService.activityStopped:6873 
11-26 16:35:04.976  2231  2231 D LifecycleMonitor: Lifecycle status change: br.com.catbag.gifreduxsample.ui.GifListActivity@675eaf6 in: STOPPED
11-26 16:35:04.991  2231  2231 D LifecycleMonitor: Lifecycle status change: br.com.catbag.gifreduxsample.ui.GifListActivity@675eaf6 in: DESTROYED
11-26 16:35:04.994  1239  1470 I WindowManager: Destroying surface Surface(name=br.com.catbag.gifreduxsample/br.com.catbag.gifreduxsample.ui.GifListActivity) called by com.android.server.wm.WindowStateAnimator.destroySurface:2014 com.android.server.wm.WindowStateAnimator.destroySurfaceLocked:881 com.android.server.wm.WindowState.removeLocked:1449 com.android.server.wm.WindowManagerService.removeWindowInnerLocked:2478 com.android.server.wm.WindowManagerService.removeWindowLocked:2436 com.android.server.wm.WindowManagerService.removeWindowLocked:2305 com.android.server.wm.WindowManagerService.removeWindow:2300 com.android.server.wm.Session.remove:193 
11-26 16:35:05.007  2231  2242 I art     : Background partial concurrent mark sweep GC freed 7199(466KB) AllocSpace objects, 0(0B) LOS objects, 30% free, 8MB/12MB, paused 6.357ms total 133.171ms
11-26 16:35:05.244  2231  2231 W ResourceType: No package identifier when getting name for resource number 0x00000012
11-26 16:35:05.257  2231  2231 W ResourceType: No package identifier when getting name for resource number 0x0000001a
11-26 16:35:05.258  2231  2231 I ViewInteraction: Performing 'single click' action on view with id: 26 (resource name not found)
11-26 16:35:05.325  2231  2248 I DroidFlux:Dispatcher: [STARTED] dispatch of action [GIF_PLAY]
11-26 16:35:05.326  2231  2248 I DroidFlux:Dispatcher: [COMPLETED] dispatch of action [GIF_PLAY]
11-26 16:35:05.931  2231  2231 W ResourceType: No package identifier when getting name for resource number 0x0000001e
11-26 16:35:05.931  2231  2231 I ViewInteraction: Performing 'scroll RecyclerView to position: 3' action on view with id: 30 (resource name not found)
11-26 16:35:06.116  1239  1323 E TaskPersister: File error accessing recents directory (directory doesn't exist?).
11-26 16:35:06.251  2231  2231 W ResourceType: No package identifier when getting name for resource number 0x0000001e
11-26 16:35:06.266  2231  2231 W ResourceType: No package identifier when getting name for resource number 0x00000026
11-26 16:35:06.279  2231  2231 I ViewInteraction: Performing 'single click' action on view with id: 38 (resource name not found)
11-26 16:35:06.352  2231  2248 I DroidFlux:Dispatcher: [STARTED] dispatch of action [GIF_PLAY]
11-26 16:35:06.354  2231  2248 I DroidFlux:Dispatcher: [COMPLETED] dispatch of action [GIF_PLAY]
11-26 16:35:06.388   990  1029 D AudioFlinger: mixer(0xb60036c0) throttle end: throttle time(11)
11-26 16:35:06.913  2231  2231 W ResourceType: No package identifier when getting name for resource number 0x0000002a
11-26 16:35:06.914  2231  2231 I ViewInteraction: Performing 'scroll RecyclerView to position: 4' action on view with id: 42 (resource name not found)
11-26 16:35:07.232  2231  2231 W ResourceType: No package identifier when getting name for resource number 0x0000002a
11-26 16:35:07.249  2231  2231 W ResourceType: No package identifier when getting name for resource number 0x00000032
11-26 16:35:07.250  2231  2231 I ViewInteraction: Performing 'single click' action on view with id: 50 (resource name not found)
11-26 16:35:07.310  2231  2248 I DroidFlux:Dispatcher: [STARTED] dispatch of action [GIF_PLAY]
11-26 16:35:07.311  2231  2248 I DroidFlux:Dispatcher: [COMPLETED] dispatch of action [GIF_PLAY]
11-26 16:35:07.922  2231  2231 W ResourceType: No package identifier when getting name for resource number 0x00000036
11-26 16:35:07.923  2231  2231 I ViewInteraction: Performing 'scroll RecyclerView to position: 5' action on view with id: 54 (resource name not found)
11-26 16:35:08.241  2231  2231 W ResourceType: No package identifier when getting name for resource number 0x00000036
11-26 16:35:08.259  2231  2231 W ResourceType: No package identifier when getting name for resource number 0x0000003e
11-26 16:35:08.260  2231  2231 I ViewInteraction: Performing 'single click' action on view with id: 62 (resource name not found)
11-26 16:35:08.328  2231  2248 I DroidFlux:Dispatcher: [STARTED] dispatch of action [GIF_PLAY]
11-26 16:35:08.343  2231  2248 I DroidFlux:Dispatcher: [COMPLETED] dispatch of action [GIF_PLAY]
11-26 16:35:08.932  2231  2231 W ResourceType: No package identifier when getting name for resource number 0x00000042
11-26 16:35:08.932  2231  2231 I ViewInteraction: Performing 'scroll RecyclerView to position: 6' action on view with id: 66 (resource name not found)
11-26 16:35:09.255  2231  2231 W ResourceType: No package identifier when getting name for resource number 0x00000042
11-26 16:35:09.270  2231  2231 W ResourceType: No package identifier when getting name for resource number 0x0000004a
11-26 16:35:09.270  2231  2231 I ViewInteraction: Performing 'single click' action on view with id: 74 (resource name not found)
11-26 16:35:09.345  2231  2248 I DroidFlux:Dispatcher: [STARTED] dispatch of action [GIF_PLAY]
11-26 16:35:09.368  2231  2248 I DroidFlux:Dispatcher: [COMPLETED] dispatch of action [GIF_PLAY]
11-26 16:35:09.954  2231  2231 W ResourceType: No package identifier when getting name for resource number 0x0000004e
11-26 16:35:09.954  2231  2231 I ViewInteraction: Performing 'scroll RecyclerView to position: 7' action on view with id: 78 (resource name not found)
11-26 16:35:10.284  2231  2231 W ResourceType: No package identifier when getting name for resource number 0x0000004e
11-26 16:35:10.323  2231  2231 W ResourceType: No package identifier when getting name for resource number 0x00000056
11-26 16:35:10.323  2231  2231 I ViewInteraction: Performing 'single click' action on view with id: 86 (resource name not found)
11-26 16:35:10.376  2231  2248 I DroidFlux:Dispatcher: [STARTED] dispatch of action [GIF_PLAY]
11-26 16:35:10.386  2231  2248 I DroidFlux:Dispatcher: [COMPLETED] dispatch of action [GIF_PLAY]
11-26 16:35:10.434  2231  2242 W art     : Suspending all threads took: 13.686ms
11-26 16:35:10.484  2231  2242 I art     : Background sticky concurrent mark sweep GC freed 26647(2MB) AllocSpace objects, 18(384KB) LOS objects, 19% free, 10MB/12MB, paused 19.696ms total 178.925ms
11-26 16:35:10.882  2231  2231 W ResourceType: No package identifier when getting name for resource number 0x0000005a
11-26 16:35:10.883  2231  2231 I ViewInteraction: Performing 'scroll RecyclerView to position: 8' action on view with id: 90 (resource name not found)
11-26 16:35:11.171  2231  2231 W ResourceType: No package identifier when getting name for resource number 0x0000005a
11-26 16:35:11.182  2231  2231 W ResourceType: No package identifier when getting name for resource number 0x00000062
11-26 16:35:11.182  2231  2231 I ViewInteraction: Performing 'single click' action on view with id: 98 (resource name not found)
11-26 16:35:11.238  2231  2248 I DroidFlux:Dispatcher: [STARTED] dispatch of action [GIF_PLAY]
11-26 16:35:11.239  2231  2248 I DroidFlux:Dispatcher: [COMPLETED] dispatch of action [GIF_PLAY]
11-26 16:35:11.780  2231  2231 W ResourceType: No package identifier when getting name for resource number 0x00000066
11-26 16:35:11.780  2231  2231 I ViewInteraction: Performing 'scroll RecyclerView to position: 9' action on view with id: 102 (resource name not found)
11-26 16:35:12.075  2231  2231 W ResourceType: No package identifier when getting name for resource number 0x00000066
11-26 16:35:12.081  2231  2231 W ResourceType: No package identifier when getting name for resource number 0x0000006e
11-26 16:35:12.081  2231  2231 I ViewInteraction: Performing 'single click' action on view with id: 110 (resource name not found)
11-26 16:35:12.128  2231  2248 I DroidFlux:Dispatcher: [STARTED] dispatch of action [GIF_PLAY]
11-26 16:35:12.130  2231  2248 I DroidFlux:Dispatcher: [COMPLETED] dispatch of action [GIF_PLAY]
11-26 16:35:12.195  2231  2235 I art     : Do full code cache collection, code=123KB, data=122KB
11-26 16:35:12.196  2231  2235 I art     : After code cache collection, code=100KB, data=82KB
11-26 16:35:12.689  2231  2231 W ResourceType: No package identifier when getting name for resource number 0x00000072
11-26 16:35:12.690  2231  2231 I ViewInteraction: Performing 'scroll RecyclerView to position: 10' action on view with id: 114 (resource name not found)
11-26 16:35:12.986  2231  2231 W ResourceType: No package identifier when getting name for resource number 0x00000072
11-26 16:35:12.992  2231  2231 W ResourceType: No package identifier when getting name for resource number 0x0000007a
11-26 16:35:12.993  2231  2231 I ViewInteraction: Performing 'single click' action on view with id: 122 (resource name not found)
11-26 16:35:13.052  2231  2248 I DroidFlux:Dispatcher: [STARTED] dispatch of action [GIF_PLAY]
11-26 16:35:13.053  2231  2248 I DroidFlux:Dispatcher: [COMPLETED] dispatch of action [GIF_PLAY]
11-26 16:35:13.589  2231  2231 W ResourceType: No package identifier when getting name for resource number 0x0000007e
11-26 16:35:13.589  2231  2231 I ViewInteraction: Performing 'scroll RecyclerView to position: 11' action on view with id: 126 (resource name not found)
11-26 16:35:13.666  2231  2242 I art     : Background sticky concurrent mark sweep GC freed 14785(1174KB) AllocSpace objects, 9(192KB) LOS objects, 11% free, 11MB/12MB, paused 5.242ms total 61.941ms
11-26 16:35:13.910  2231  2231 W ResourceType: No package identifier when getting name for resource number 0x0000007e
11-26 16:35:13.916  2231  2231 W ResourceType: No package identifier when getting name for resource number 0x00000086
11-26 16:35:13.916  2231  2231 I ViewInteraction: Performing 'single click' action on view with id: 134 (resource name not found)
11-26 16:35:13.993  2231  2248 I DroidFlux:Dispatcher: [STARTED] dispatch of action [GIF_PLAY]
11-26 16:35:13.995  2231  2248 I DroidFlux:Dispatcher: [COMPLETED] dispatch of action [GIF_PLAY]
11-26 16:35:14.610  2231  2231 W ResourceType: No package identifier when getting name for resource number 0x0000008a
11-26 16:35:14.611  2231  2231 I ViewInteraction: Performing 'scroll RecyclerView to position: 12' action on view with id: 138 (resource name not found)
11-26 16:35:14.886  2231  2231 W ResourceType: No package identifier when getting name for resource number 0x0000008a
11-26 16:35:14.894  2231  2231 W ResourceType: No package identifier when getting name for resource number 0x00000092
11-26 16:35:14.895  2231  2231 I ViewInteraction: Performing 'single click' action on view with id: 146 (resource name not found)
11-26 16:35:14.948  2231  2248 I DroidFlux:Dispatcher: [STARTED] dispatch of action [GIF_PLAY]
11-26 16:35:14.949  2231  2248 I DroidFlux:Dispatcher: [COMPLETED] dispatch of action [GIF_PLAY]
11-26 16:35:14.980   990  1029 D AudioFlinger: mixer(0xb60036c0) throttle end: throttle time(11)
11-26 16:35:15.555  2231  2231 W ResourceType: No package identifier when getting name for resource number 0x00000096
11-26 16:35:15.557  2231  2231 I ViewInteraction: Performing 'scroll RecyclerView to position: 13' action on view with id: 150 (resource name not found)
11-26 16:35:15.669  2231  2242 I art     : Background sticky concurrent mark sweep GC freed 9210(757KB) AllocSpace objects, 6(128KB) LOS objects, 6% free, 12MB/12MB, paused 4.796ms total 105.234ms
11-26 16:35:15.870  2231  2231 W ResourceType: No package identifier when getting name for resource number 0x00000096
11-26 16:35:15.885  2231  2231 W ResourceType: No package identifier when getting name for resource number 0x0000009e
11-26 16:35:15.885  2231  2231 I ViewInteraction: Performing 'single click' action on view with id: 158 (resource name not found)
11-26 16:35:15.953  2231  2248 I DroidFlux:Dispatcher: [STARTED] dispatch of action [GIF_PLAY]
11-26 16:35:15.955  2231  2248 I DroidFlux:Dispatcher: [COMPLETED] dispatch of action [GIF_PLAY]
11-26 16:35:16.550  2231  2231 W ResourceType: No package identifier when getting name for resource number 0x000000a2
11-26 16:35:16.550  2231  2231 I ViewInteraction: Performing 'scroll RecyclerView to position: 14' action on view with id: 162 (resource name not found)
11-26 16:35:16.854  2231  2231 W ResourceType: No package identifier when getting name for resource number 0x000000a2
11-26 16:35:16.862  2231  2231 W ResourceType: No package identifier when getting name for resource number 0x000000aa
11-26 16:35:16.862  2231  2231 I ViewInteraction: Performing 'single click' action on view with id: 170 (resource name not found)
11-26 16:35:16.918  2231  2248 I DroidFlux:Dispatcher: [STARTED] dispatch of action [GIF_PLAY]
11-26 16:35:16.919  2231  2248 I DroidFlux:Dispatcher: [COMPLETED] dispatch of action [GIF_PLAY]
11-26 16:35:16.984  2231  2242 I art     : Background partial concurrent mark sweep GC freed 13476(999KB) AllocSpace objects, 11(1428KB) LOS objects, 26% free, 10MB/14MB, paused 5.901ms total 125.159ms
11-26 16:35:17.483  2231  2231 W ResourceType: No package identifier when getting name for resource number 0x000000ae
11-26 16:35:17.483  2231  2231 I ViewInteraction: Performing 'scroll RecyclerView to position: 15' action on view with id: 174 (resource name not found)
11-26 16:35:17.775  2231  2231 W ResourceType: No package identifier when getting name for resource number 0x000000ae
11-26 16:35:17.792  2231  2231 W ResourceType: No package identifier when getting name for resource number 0x000000b6
11-26 16:35:17.793  2231  2231 I ViewInteraction: Performing 'single click' action on view with id: 182 (resource name not found)
11-26 16:35:17.863  2231  2248 I DroidFlux:Dispatcher: [STARTED] dispatch of action [GIF_PLAY]
11-26 16:35:17.864  2231  2248 I DroidFlux:Dispatcher: [COMPLETED] dispatch of action [GIF_PLAY]
11-26 16:35:18.442  2231  2231 W ResourceType: No package identifier when getting name for resource number 0x000000ba
11-26 16:35:18.442  2231  2231 I ViewInteraction: Performing 'scroll RecyclerView to position: 16' action on view with id: 186 (resource name not found)
11-26 16:35:18.478  2231  2248 I DroidFlux:Dispatcher: [STARTED] dispatch of action [GIF_LIST_FETCHING]
11-26 16:35:18.478  2231  2248 D DroidFlux:Dispatcher: An action of type [GIF_LIST_FETCHING] was dispatched, but no reducer handled it
11-26 16:35:18.479  2231  2248 I DroidFlux:Dispatcher: [COMPLETED] dispatch of action [GIF_LIST_FETCHING]
11-26 16:35:18.484  2231  2248 I DroidFlux:Dispatcher: [STARTED] dispatch of action [GIF_LIST_FETCHING]
11-26 16:35:18.485  2231  2248 D DroidFlux:Dispatcher: An action of type [GIF_LIST_FETCHING] was dispatched, but no reducer handled it
11-26 16:35:18.485  2231  2248 I DroidFlux:Dispatcher: [COMPLETED] dispatch of action [GIF_LIST_FETCHING]
11-26 16:35:18.492  2231  2248 I DroidFlux:Dispatcher: [STARTED] dispatch of action [GIF_LIST_FETCHING]
11-26 16:35:18.493  2231  2248 D DroidFlux:Dispatcher: An action of type [GIF_LIST_FETCHING] was dispatched, but no reducer handled it
11-26 16:35:18.493  2231  2248 I DroidFlux:Dispatcher: [COMPLETED] dispatch of action [GIF_LIST_FETCHING]
11-26 16:35:18.493  2231  2248 I DroidFlux:Dispatcher: [STARTED] dispatch of action [GIF_LIST_FETCHING]
11-26 16:35:18.494  2231  2248 D DroidFlux:Dispatcher: An action of type [GIF_LIST_FETCHING] was dispatched, but no reducer handled it
11-26 16:35:18.494  2231  2248 I DroidFlux:Dispatcher: [COMPLETED] dispatch of action [GIF_LIST_FETCHING]
11-26 16:35:18.495  2231  2248 I DroidFlux:Dispatcher: [STARTED] dispatch of action [GIF_LIST_FETCHING]
11-26 16:35:18.495  2231  2248 D DroidFlux:Dispatcher: An action of type [GIF_LIST_FETCHING] was dispatched, but no reducer handled it
11-26 16:35:18.495  2231  2248 I DroidFlux:Dispatcher: [COMPLETED] dispatch of action [GIF_LIST_FETCHING]
11-26 16:35:18.496  2231  2248 I DroidFlux:Dispatcher: [STARTED] dispatch of action [GIF_LIST_FETCHING]
11-26 16:35:18.496  2231  2248 D DroidFlux:Dispatcher: An action of type [GIF_LIST_FETCHING] was dispatched, but no reducer handled it
11-26 16:35:18.496  2231  2248 I DroidFlux:Dispatcher: [COMPLETED] dispatch of action [GIF_LIST_FETCHING]
11-26 16:35:18.498  2231  2248 I DroidFlux:Dispatcher: [STARTED] dispatch of action [GIF_LIST_FETCHING]
11-26 16:35:18.498  2231  2248 D DroidFlux:Dispatcher: An action of type [GIF_LIST_FETCHING] was dispatched, but no reducer handled it
11-26 16:35:18.498  2231  2248 I DroidFlux:Dispatcher: [COMPLETED] dispatch of action [GIF_LIST_FETCHING]
11-26 16:35:18.499  2231  2248 I DroidFlux:Dispatcher: [STARTED] dispatch of action [GIF_LIST_FETCHING]
11-26 16:35:18.499  2231  2248 D DroidFlux:Dispatcher: An action of type [GIF_LIST_FETCHING] was dispatched, but no reducer handled it
11-26 16:35:18.499  2231  2248 I DroidFlux:Dispatcher: [COMPLETED] dispatch of action [GIF_LIST_FETCHING]
11-26 16:35:18.500  2231  2248 I DroidFlux:Dispatcher: [STARTED] dispatch of action [GIF_LIST_FETCHING]
11-26 16:35:18.500  2231  2248 D DroidFlux:Dispatcher: An action of type [GIF_LIST_FETCHING] was dispatched, but no reducer handled it
11-26 16:35:18.500  2231  2248 I DroidFlux:Dispatcher: [COMPLETED] dispatch of action [GIF_LIST_FETCHING]
11-26 16:35:18.501  2231  2248 I DroidFlux:Dispatcher: [STARTED] dispatch of action [GIF_LIST_FETCHING]
11-26 16:35:18.501  2231  2248 D DroidFlux:Dispatcher: An action of type [GIF_LIST_FETCHING] was dispatched, but no reducer handled it
11-26 16:35:18.501  2231  2248 I DroidFlux:Dispatcher: [COMPLETED] dispatch of action [GIF_LIST_FETCHING]
11-26 16:35:18.502  2231  2248 I DroidFlux:Dispatcher: [STARTED] dispatch of action [GIF_LIST_FETCHING]
11-26 16:35:18.502  2231  2248 D DroidFlux:Dispatcher: An action of type [GIF_LIST_FETCHING] was dispatched, but no reducer handled it
11-26 16:35:18.502  2231  2248 I DroidFlux:Dispatcher: [COMPLETED] dispatch of action [GIF_LIST_FETCHING]
11-26 16:35:18.503  2231  2248 I DroidFlux:Dispatcher: [STARTED] dispatch of action [GIF_LIST_FETCHING]
11-26 16:35:18.503  2231  2248 D DroidFlux:Dispatcher: An action of type [GIF_LIST_FETCHING] was dispatched, but no reducer handled it
11-26 16:35:18.503  2231  2248 I DroidFlux:Dispatcher: [COMPLETED] dispatch of action [GIF_LIST_FETCHING]
11-26 16:35:18.505  2231  2248 I DroidFlux:Dispatcher: [STARTED] dispatch of action [GIF_LIST_FETCHING]
11-26 16:35:18.505  2231  2248 D DroidFlux:Dispatcher: An action of type [GIF_LIST_FETCHING] was dispatched, but no reducer handled it
11-26 16:35:18.506  2231  2248 I DroidFlux:Dispatcher: [COMPLETED] dispatch of action [GIF_LIST_FETCHING]
11-26 16:35:18.506  2231  2248 I DroidFlux:Dispatcher: [STARTED] dispatch of action [GIF_LIST_FETCHING]
11-26 16:35:18.514  2231  2248 D DroidFlux:Dispatcher: An action of type [GIF_LIST_FETCHING] was dispatched, but no reducer handled it
11-26 16:35:18.514  2231  2248 I DroidFlux:Dispatcher: [COMPLETED] dispatch of action [GIF_LIST_FETCHING]
11-26 16:35:18.514  2231  2248 I DroidFlux:Dispatcher: [STARTED] dispatch of action [GIF_LIST_FETCHING]
11-26 16:35:18.514  2231  2248 D DroidFlux:Dispatcher: An action of type [GIF_LIST_FETCHING] was dispatched, but no reducer handled it
11-26 16:35:18.515  2231  2248 I DroidFlux:Dispatcher: [COMPLETED] dispatch of action [GIF_LIST_FETCHING]
11-26 16:35:18.515  2231  2248 I DroidFlux:Dispatcher: [STARTED] dispatch of action [GIF_LIST_FETCHING]
11-26 16:35:18.515  2231  2248 D DroidFlux:Dispatcher: An action of type [GIF_LIST_FETCHING] was dispatched, but no reducer handled it
11-26 16:35:18.515  2231  2248 I DroidFlux:Dispatcher: [COMPLETED] dispatch of action [GIF_LIST_FETCHING]
11-26 16:35:18.515  2231  2248 I DroidFlux:Dispatcher: [STARTED] dispatch of action [GIF_LIST_FETCHING]
11-26 16:35:18.516  2231  2248 D DroidFlux:Dispatcher: An action of type [GIF_LIST_FETCHING] was dispatched, but no reducer handled it
11-26 16:35:18.516  2231  2248 I DroidFlux:Dispatcher: [COMPLETED] dispatch of action [GIF_LIST_FETCHING]
11-26 16:35:18.516  2231  2248 I DroidFlux:Dispatcher: [STARTED] dispatch of action [GIF_LIST_FETCHING]
11-26 16:35:18.537  2231  2248 D DroidFlux:Dispatcher: An action of type [GIF_LIST_FETCHING] was dispatched, but no reducer handled it
11-26 16:35:18.538  2231  2248 I DroidFlux:Dispatcher: [COMPLETED] dispatch of action [GIF_LIST_FETCHING]
11-26 16:35:18.539  2231  2248 I DroidFlux:Dispatcher: [STARTED] dispatch of action [GIF_LIST_FETCHING]
11-26 16:35:18.539  2231  2248 D DroidFlux:Dispatcher: An action of type [GIF_LIST_FETCHING] was dispatched, but no reducer handled it
11-26 16:35:18.539  2231  2248 I DroidFlux:Dispatcher: [COMPLETED] dispatch of action [GIF_LIST_FETCHING]
11-26 16:35:18.539  2231  2248 I DroidFlux:Dispatcher: [STARTED] dispatch of action [GIF_LIST_FETCHING]
11-26 16:35:18.540  2231  2248 D DroidFlux:Dispatcher: An action of type [GIF_LIST_FETCHING] was dispatched, but no reducer handled it
11-26 16:35:18.540  2231  2248 I DroidFlux:Dispatcher: [COMPLETED] dispatch of action [GIF_LIST_FETCHING]
11-26 16:35:18.540  2231  2248 I DroidFlux:Dispatcher: [STARTED] dispatch of action [GIF_LIST_FETCHING]
11-26 16:35:18.540  2231  2248 D DroidFlux:Dispatcher: An action of type [GIF_LIST_FETCHING] was dispatched, but no reducer handled it
11-26 16:35:18.540  2231  2248 I DroidFlux:Dispatcher: [COMPLETED] dispatch of action [GIF_LIST_FETCHING]
11-26 16:35:18.541  2231  2248 I DroidFlux:Dispatcher: [STARTED] dispatch of action [GIF_LIST_FETCHING]
11-26 16:35:18.541  2231  2248 D DroidFlux:Dispatcher: An action of type [GIF_LIST_FETCHING] was dispatched, but no reducer handled it
11-26 16:35:18.541  2231  2248 I DroidFlux:Dispatcher: [COMPLETED] dispatch of action [GIF_LIST_FETCHING]
11-26 16:35:18.541  2231  2248 I DroidFlux:Dispatcher: [STARTED] dispatch of action [GIF_LIST_FETCHING]
11-26 16:35:18.541  2231  2248 D DroidFlux:Dispatcher: An action of type [GIF_LIST_FETCHING] was dispatched, but no reducer handled it
11-26 16:35:18.542  2231  2248 I DroidFlux:Dispatcher: [COMPLETED] dispatch of action [GIF_LIST_FETCHING]
11-26 16:35:18.542  2231  2248 I DroidFlux:Dispatcher: [STARTED] dispatch of action [GIF_LIST_FETCHING]
11-26 16:35:18.542  2231  2248 D DroidFlux:Dispatcher: An action of type [GIF_LIST_FETCHING] was dispatched, but no reducer handled it
