11-26 14:13:40.067  2257  2257 E Feed    : 	at android.support.v7.widget.RecyclerView$Recycler.getViewForPosition(RecyclerView.java:4913)
11-26 14:13:40.067  2257  2257 E Feed    : 	at android.support.v7.widget.LinearLayoutManager$LayoutState.next(LinearLayoutManager.java:2029)
11-26 14:13:40.067  2257  2257 E Feed    : 	at android.support.v7.widget.LinearLayoutManager.layoutChunk(LinearLayoutManager.java:1414)
11-26 14:13:40.067  2257  2257 E Feed    : 	at android.support.v7.widget.LinearLayoutManager.fill(LinearLayoutManager.java:1377)
11-26 14:13:40.067  2257  2257 E Feed    : 	at android.support.v7.widget.LinearLayoutManager.onLayoutChildren(LinearLayoutManager.java:578)
11-26 14:13:40.067  2257  2257 E Feed    : 	at android.support.v7.widget.RecyclerView.dispatchLayoutStep2(RecyclerView.java:3260)
11-26 14:13:40.067  2257  2257 E Feed    : 	at android.support.v7.widget.RecyclerView.dispatchLayout(RecyclerView.java:3069)
11-26 14:13:40.067  2257  2257 E Feed    : 	at android.support.v7.widget.RecyclerView.onLayout(RecyclerView.java:3518)
11-26 14:13:40.067  2257  2257 E Feed    : 	at android.view.View.layout(View.java:17520)
11-26 14:13:40.067  2257  2257 E Feed    : 	at android.view.ViewGroup.layout(ViewGroup.java:5612)
11-26 14:13:40.067  2257  2257 E Feed    : 	at android.widget.FrameLayout.layoutChildren(FrameLayout.java:323)
11-26 14:13:40.067  2257  2257 E Feed    : 	at android.widget.FrameLayout.onLayout(FrameLayout.java:261)
11-26 14:13:40.067  2257  2257 E Feed    : 	at android.view.View.layout(View.java:17520)
11-26 14:13:40.067  2257  2257 E Feed    : 	at android.view.ViewGroup.layout(ViewGroup.java:5612)
11-26 14:13:40.067  2257  2257 E Feed    : 	at android.widget.RelativeLayout.onLayout(RelativeLayout.java:1079)
11-26 14:13:40.067  2257  2257 E Feed    : 	at android.view.View.layout(View.java:17520)
11-26 14:13:40.067  2257  2257 E Feed    : 	at android.view.ViewGroup.layout(ViewGroup.java:5612)
11-26 14:13:40.067  2257  2257 E Feed    : 	at android.widget.FrameLayout.layoutChildren(FrameLayout.java:323)
11-26 14:13:40.067  2257  2257 E Feed    : 	at android.widget.FrameLayout.onLayout(FrameLayout.java:261)
11-26 14:13:40.067  2257  2257 E Feed    : 	at android.view.View.layout(View.java:17520)
11-26 14:13:40.067  2257  2257 E Feed    : 	at android.view.ViewGroup.layout(ViewGroup.java:5612)
11-26 14:13:40.067  2257  2257 E Feed    : 	at android.support.v7.widget.ActionBarOverlayLayout.onLayout(ActionBarOverlayLayout.java:435)
11-26 14:13:40.067  2257  2257 E Feed    : 	at android.view.View.layout(View.java:17520)
11-26 14:13:40.067  2257  2257 E Feed    : 	at android.view.ViewGroup.layout(ViewGroup.java:5612)
11-26 14:13:40.067  2257  2257 E Feed    : 	at android.widget.FrameLayout.layoutChildren(FrameLayout.java:323)
11-26 14:13:40.067  2257  2257 E Feed    : 	at android.widget.FrameLayout.onLayout(FrameLayout.java:261)
11-26 14:13:40.067  2257  2257 E Feed    : 	at android.view.View.layout(View.java:17520)
11-26 14:13:40.067  2257  2257 E Feed    : 	at android.view.ViewGroup.layout(ViewGroup.java:5612)
11-26 14:13:40.067  2257  2257 E Feed    : 	at android.widget.LinearLayout.setChildFrame(LinearLayout.java:1741)
11-26 14:13:40.067  2257  2257 E Feed    : 	at android.widget.LinearLayout.layoutVertical(LinearLayout.java:1585)
11-26 14:13:40.067  2257  2257 E Feed    : 	at android.widget.LinearLayout.onLayout(LinearLayout.java:1494)
11-26 14:13:40.067  2257  2257 E Feed    : 	at android.view.View.layout(View.java:17520)
11-26 14:13:40.067  2257  2257 E Feed    : 	at android.view.ViewGroup.layout(ViewGroup.java:5612)
11-26 14:13:40.067  2257  2257 E Feed    : 	at android.widget.FrameLayout.layoutChildren(FrameLayout.java:323)
11-26 14:13:40.067  2257  2257 E Feed    : 	at android.widget.FrameLayout.onLayout(FrameLayout.java:261)
11-26 14:13:40.067  2257  2257 E Feed    : 	at com.android.internal.policy.DecorView.onLayout(DecorView.java:724)
11-26 14:13:40.067  2257  2257 E Feed    : 	at android.view.View.layout(View.java:17520)
11-26 14:13:40.067  2257  2257 E Feed    : 	at android.view.ViewGroup.layout(ViewGroup.java:5612)
11-26 14:13:40.067  2257  2257 E Feed    : 	at android.view.ViewRootImpl.performLayout(ViewRootImpl.java:2342)
11-26 14:13:40.067  2257  2257 E Feed    : 	at android.view.ViewRootImpl.performTraversals(ViewRootImpl.java:2069)
11-26 14:13:40.067  2257  2257 E Feed    : 	at android.view.ViewRootImpl.doTraversal(ViewRootImpl.java:1246)
11-26 14:13:40.067  2257  2257 E Feed    : 	at android.view.ViewRootImpl$TraversalRunnable.run(ViewRootImpl.java:6301)
11-26 14:13:40.067  2257  2257 E Feed    : 	at android.view.Choreographer$CallbackRecord.run(Choreographer.java:871)
11-26 14:13:40.067  2257  2257 E Feed    : 	at android.view.Choreographer.doCallbacks(Choreographer.java:683)
11-26 14:13:40.067  2257  2257 E Feed    : 	at android.view.Choreographer.doFrame(Choreographer.java:619)
11-26 14:13:40.067  2257  2257 E Feed    : 	at android.view.Choreographer$FrameDisplayEventReceiver.run(Choreographer.java:857)
11-26 14:13:40.067  2257  2257 E Feed    : 	at android.os.Handler.handleCallback(Handler.java:751)
11-26 14:13:40.067  2257  2257 E Feed    : 	at android.os.Handler.dispatchMessage(Handler.java:95)
11-26 14:13:40.067  2257  2257 E Feed    : 	at android.os.Looper.loop(Looper.java:154)
11-26 14:13:40.067  2257  2257 E Feed    : 	at android.app.ActivityThread.main(ActivityThread.java:6077)
11-26 14:13:40.067  2257  2257 E Feed    : 	at java.lang.reflect.Method.invoke(Native Method)
11-26 14:13:40.067  2257  2257 E Feed    : 	at com.android.internal.os.ZygoteInit$MethodAndArgsCaller.run(ZygoteInit.java:865)
11-26 14:13:40.067  2257  2257 E Feed    : 	at com.android.internal.os.ZygoteInit.main(ZygoteInit.java:755)
11-26 14:13:40.257  2257  2257 D LifecycleMonitor: Lifecycle status change: br.com.catbag.gifreduxsample.ui.GifListActivity@54747b8 in: PAUSED
11-26 14:13:40.277  2257  2272 I TestRunner: finished: whenGifIsNotWatchedTest(br.com.catbag.gifreduxsample.ui.giflist.GifListActivityTest)
11-26 14:13:40.333  1239  1250 I WindowManager: Failed to capture screenshot of Token{e53e656 ActivityRecord{287871 u0 br.com.catbag.gifreduxsample/.ui.GifListActivity t5 f}} appWin=Window{e1869cf u0 Starting br.com.catbag.gifreduxsample} drawState=4
11-26 14:13:40.379  2257  2257 I MonitoringInstrumentation: Activities that are still in CREATED to STOPPED: 2
11-26 14:13:40.380  2257  2257 D LifecycleMonitor: Lifecycle status change: br.com.catbag.gifreduxsample.ui.GifListActivity@54747b8 in: STOPPED
11-26 14:13:40.381  2257  2257 D LifecycleMonitor: Lifecycle status change: br.com.catbag.gifreduxsample.ui.GifListActivity@54747b8 in: DESTROYED
11-26 14:13:40.381  2257  2272 I TestRunner: started: whenEndlessScrollNotTriggered(br.com.catbag.gifreduxsample.ui.giflist.GifListActivityTest)
11-26 14:13:40.401  1239  1352 I WindowManager: Destroying surface Surface(name=br.com.catbag.gifreduxsample/br.com.catbag.gifreduxsample.ui.GifListActivity) called by com.android.server.wm.WindowStateAnimator.destroySurface:2014 com.android.server.wm.WindowStateAnimator.destroySurfaceLocked:881 com.android.server.wm.WindowState.removeLocked:1449 com.android.server.wm.WindowManagerService.removeWindowInnerLocked:2478 com.android.server.wm.WindowManagerService.removeWindowLocked:2436 com.android.server.wm.WindowManagerService.removeWindowLocked:2305 com.android.server.wm.WindowManagerService.removeWindow:2300 com.android.server.wm.Session.remove:193 
11-26 14:13:40.428  1239  1260 I Choreographer: Skipped 39 frames!  The application may be doing too much work on its main thread.
11-26 14:13:40.437  2257  2257 I MonitoringInstrumentation: Activities that are still in CREATED to STOPPED: 1
11-26 14:13:40.437  2257  2257 D LifecycleMonitor: Lifecycle status change: br.com.catbag.gifreduxsample.ui.GifListActivity@95f82b0 in: STOPPED
11-26 14:13:40.438  2257  2257 D LifecycleMonitor: Lifecycle status change: br.com.catbag.gifreduxsample.ui.GifListActivity@95f82b0 in: DESTROYED
11-26 14:13:40.440  1239  1479 I WindowManager: Destroying surface Surface(name=br.com.catbag.gifreduxsample/br.com.catbag.gifreduxsample.ui.GifListActivity) called by com.android.server.wm.WindowStateAnimator.destroySurface:2014 com.android.server.wm.WindowStateAnimator.destroySurfaceLocked:881 com.android.server.wm.WindowState.removeLocked:1449 com.android.server.wm.WindowManagerService.removeWindowInnerLocked:2478 com.android.server.wm.WindowManagerService.removeWindowLocked:2436 com.android.server.wm.WindowManagerService.removeWindowLocked:2305 com.android.server.wm.WindowManagerService.removeWindow:2300 com.android.server.wm.Session.remove:193 
11-26 14:13:40.463  2257  2273 I DroidFlux:Dispatcher: [STARTED] dispatch of action [FAKE_REDUCE_ACTION]
11-26 14:13:40.464  2257  2273 I DroidFlux:Dispatcher: [COMPLETED] dispatch of action [FAKE_REDUCE_ACTION]
11-26 14:13:40.477  2257  2297 D ActivityTestRule: Launching activity br.com.catbag.gifreduxsample.ui.GifListActivity
11-26 14:13:40.478  2257  2298 D MonitoringInstrumentation: execStartActivity(context, ibinder, ibinder, activity, intent, int, bundle
11-26 14:13:40.479  1239  1351 I ActivityManager: START u0 {flg=0x10000000 cmp=br.com.catbag.gifreduxsample/.ui.GifListActivity} from uid 10060 on display 0
11-26 14:13:40.543  2257  2257 I Choreographer: Skipped 31 frames!  The application may be doing too much work on its main thread.
11-26 14:13:40.574  2257  2257 D LifecycleMonitor: Lifecycle status change: br.com.catbag.gifreduxsample.ui.GifListActivity@fbc42d7 in: PRE_ON_CREATE
11-26 14:13:40.588  2257  2257 D LifecycleMonitor: Lifecycle status change: br.com.catbag.gifreduxsample.ui.GifListActivity@fbc42d7 in: CREATED
11-26 14:13:40.593  2257  2257 D LifecycleMonitor: Lifecycle status change: br.com.catbag.gifreduxsample.ui.GifListActivity@fbc42d7 in: STARTED
11-26 14:13:40.599  2257  2257 D LifecycleMonitor: Lifecycle status change: br.com.catbag.gifreduxsample.ui.GifListActivity@fbc42d7 in: RESUMED
11-26 14:13:40.606  2257  2273 I DroidFlux:Dispatcher: [STARTED] dispatch of action [APP_STATE_LOAD]
11-26 14:13:40.607  2257  2273 D DroidFlux:Dispatcher: An action of type [APP_STATE_LOAD] was dispatched, but no reducer handled it
11-26 14:13:40.607  2257  2273 I DroidFlux:Dispatcher: [COMPLETED] dispatch of action [APP_STATE_LOAD]
11-26 14:13:40.607  1239  1260 I Choreographer: Skipped 41 frames!  The application may be doing too much work on its main thread.
11-26 14:13:40.743  2257  2257 W ResourceType: No package identifier when getting name for resource number 0x00000006
11-26 14:13:40.743  2257  2257 I ViewInteraction: Performing 'scroll RecyclerView to position: 9' action on view with id: 6 (resource name not found)
11-26 14:13:40.799  1239  1260 I ActivityManager: Displayed br.com.catbag.gifreduxsample/.ui.GifListActivity: +298ms (total +1s415ms)
11-26 14:13:40.856  1239  1260 I WindowManager: Destroying surface Surface(name=Starting br.com.catbag.gifreduxsample) called by com.android.server.wm.WindowStateAnimator.destroySurface:2014 com.android.server.wm.WindowStateAnimator.destroySurfaceLocked:881 com.android.server.wm.WindowState.destroyOrSaveSurface:2073 com.android.server.wm.AppWindowToken.destroySurfaces:363 com.android.server.wm.WindowStateAnimator.finishExit:565 com.android.server.wm.AppWindowAnimator.stepAnimationLocked:427 com.android.server.wm.WindowAnimator.updateAppWindowsLocked:196 com.android.server.wm.WindowAnimator.animateLocked:678 
11-26 14:13:41.045  1239  1260 I WindowManager: Destroying surface Surface(name=Starting br.com.catbag.gifreduxsample) called by com.android.server.wm.WindowStateAnimator.destroySurface:2014 com.android.server.wm.WindowStateAnimator.destroySurfaceLocked:881 com.android.server.wm.WindowState.destroyOrSaveSurface:2073 com.android.server.wm.AppWindowToken.destroySurfaces:363 com.android.server.wm.WindowStateAnimator.finishExit:565 com.android.server.wm.WindowStateAnimator.stepAnimationLocked:491 com.android.server.wm.WindowAnimator.updateWindowsLocked:303 com.android.server.wm.WindowAnimator.animateLocked:704 
11-26 14:13:41.178  2257  2257 W ResourceType: No package identifier when getting name for resource number 0x00000006
11-26 14:13:41.227  2257  2257 D LifecycleMonitor: Lifecycle status change: br.com.catbag.gifreduxsample.ui.GifListActivity@fbc42d7 in: PAUSED
11-26 14:13:41.229  2257  2272 I TestRunner: finished: whenEndlessScrollNotTriggered(br.com.catbag.gifreduxsample.ui.giflist.GifListActivityTest)
11-26 14:13:41.248  1239  1479 D WindowManager: relayoutVisibleWindow: Window{b9d6c8e u0 com.android.launcher3/com.android.launcher3.Launcher EXITING} mAnimatingExit=true, mRemoveOnExit=false, mDestroying=false
11-26 14:13:41.326   977   977 D gralloc : Registering a buffer in the process that created it. This may cause memory ordering problems.
11-26 14:13:41.326   977   977 E libEGL  : called unimplemented OpenGL ES API
11-26 14:13:41.327   977   977 E SurfaceFlinger: glCheckFramebufferStatusOES error -560253926
11-26 14:13:41.327   977   977 E SurfaceFlinger: got GL_FRAMEBUFFER_COMPLETE_OES error while taking screenshot
11-26 14:13:41.328  1239  1842 W WindowManager: Screenshot failure taking screenshot for (480x800) to layer 22005
11-26 14:13:41.348  2257  2257 I MonitoringInstrumentation: Activities that are still in CREATED to STOPPED: 1
11-26 14:13:41.350  2257  2272 I TestRunner: started: whenGifListIsNotEmpty(br.com.catbag.gifreduxsample.ui.giflist.GifListActivityTest)
11-26 14:13:41.365  2257  2257 I MonitoringInstrumentation: Activities that are still in CREATED to STOPPED: 1
11-26 14:13:41.434  2257  2273 I DroidFlux:Dispatcher: [STARTED] dispatch of action [FAKE_REDUCE_ACTION]
11-26 14:13:41.434  2257  2273 I DroidFlux:Dispatcher: [COMPLETED] dispatch of action [FAKE_REDUCE_ACTION]
11-26 14:13:41.453  1841  1841 I Choreographer: Skipped 40 frames!  The application may be doing too much work on its main thread.
11-26 14:13:41.619  2257  2300 D ActivityTestRule: Launching activity br.com.catbag.gifreduxsample.ui.GifListActivity
11-26 14:13:41.625  2257  2257 D LifecycleMonitor: Lifecycle status change: br.com.catbag.gifreduxsample.ui.GifListActivity@fbc42d7 in: STOPPED
11-26 14:13:41.625  2257  2257 D LifecycleMonitor: Lifecycle status change: br.com.catbag.gifreduxsample.ui.GifListActivity@fbc42d7 in: DESTROYED
11-26 14:13:41.653  2257  2301 D MonitoringInstrumentation: execStartActivity(context, ibinder, ibinder, activity, intent, int, bundle
11-26 14:13:41.654  1239  1352 I ActivityManager: START u0 {flg=0x10000000 cmp=br.com.catbag.gifreduxsample/.ui.GifListActivity} from uid 10060 on display 0
11-26 14:13:41.773  1239  1260 I WindowManager: Destroying surface Surface(name=br.com.catbag.gifreduxsample/br.com.catbag.gifreduxsample.ui.GifListActivity) called by com.android.server.wm.WindowStateAnimator.destroySurface:2014 com.android.server.wm.WindowStateAnimator.destroySurfaceLocked:881 com.android.server.wm.WindowState.removeLocked:1449 com.android.server.wm.WindowManagerService.removeWindowInnerLocked:2478 com.android.server.wm.AppWindowToken.destroySurfaces:365 com.android.server.wm.WindowStateAnimator.finishExit:565 com.android.server.wm.AppWindowAnimator.stepAnimationLocked:427 com.android.server.wm.WindowAnimator.updateAppWindowsLocked:196 
11-26 14:13:41.839  2257  2257 D LifecycleMonitor: Lifecycle status change: br.com.catbag.gifreduxsample.ui.GifListActivity@da62dfa in: PRE_ON_CREATE
11-26 14:13:41.859  2257  2257 D LifecycleMonitor: Lifecycle status change: br.com.catbag.gifreduxsample.ui.GifListActivity@da62dfa in: CREATED
11-26 14:13:41.859  2257  2257 D LifecycleMonitor: Lifecycle status change: br.com.catbag.gifreduxsample.ui.GifListActivity@da62dfa in: STARTED
11-26 14:13:41.860  2257  2273 I DroidFlux:Dispatcher: [STARTED] dispatch of action [APP_STATE_LOAD]
11-26 14:13:41.861  2257  2273 D DroidFlux:Dispatcher: An action of type [APP_STATE_LOAD] was dispatched, but no reducer handled it
11-26 14:13:41.861  2257  2273 I DroidFlux:Dispatcher: [COMPLETED] dispatch of action [APP_STATE_LOAD]
11-26 14:13:41.862  2257  2257 D LifecycleMonitor: Lifecycle status change: br.com.catbag.gifreduxsample.ui.GifListActivity@da62dfa in: RESUMED
11-26 14:13:41.892  2257  2262 I art     : Do partial code cache collection, code=55KB, data=62KB
11-26 14:13:41.916  1239  1260 I Choreographer: Skipped 34 frames!  The application may be doing too much work on its main thread.
11-26 14:13:41.927  2257  2262 I art     : After code cache collection, code=55KB, data=62KB
11-26 14:13:41.927  2257  2262 I art     : Increasing code cache capacity to 256KB
11-26 14:13:41.983  2257  2273 I DroidFlux:Dispatcher: [STARTED] dispatch of action [GIF_LIST_FETCHING]
11-26 14:13:41.983  2257  2273 D DroidFlux:Dispatcher: An action of type [GIF_LIST_FETCHING] was dispatched, but no reducer handled it
11-26 14:13:41.983  2257  2273 I DroidFlux:Dispatcher: [COMPLETED] dispatch of action [GIF_LIST_FETCHING]
11-26 14:13:41.992  1239  1842 W InputMethodManagerService: Starting input on non-focused client com.android.internal.view.IInputMethodClient$Stub$Proxy@d1a8e99 (uid=10012 pid=1841)
11-26 14:13:42.125  1239  1260 I ActivityManager: Displayed br.com.catbag.gifreduxsample/.ui.GifListActivity: +302ms
11-26 14:13:42.236  2257  2257 D LifecycleMonitor: Lifecycle status change: br.com.catbag.gifreduxsample.ui.GifListActivity@da62dfa in: PAUSED
11-26 14:13:42.251  2257  2272 I TestRunner: finished: whenGifListIsNotEmpty(br.com.catbag.gifreduxsample.ui.giflist.GifListActivityTest)
11-26 14:13:42.264  1239  1351 D WindowManager: relayoutVisibleWindow: Window{b9d6c8e u0 com.android.launcher3/com.android.launcher3.Launcher EXITING} mAnimatingExit=true, mRemoveOnExit=false, mDestroying=false
11-26 14:13:42.327   977   977 D gralloc : Registering a buffer in the process that created it. This may cause memory ordering problems.
11-26 14:13:42.327   977   977 E libEGL  : called unimplemented OpenGL ES API
11-26 14:13:42.328   977   977 E SurfaceFlinger: glCheckFramebufferStatusOES error -560253926
11-26 14:13:42.328   977   977 E SurfaceFlinger: got GL_FRAMEBUFFER_COMPLETE_OES error while taking screenshot
11-26 14:13:42.329  1239  1842 W WindowManager: Screenshot failure taking screenshot for (480x800) to layer 22015
11-26 14:13:42.401  1239  1260 I WindowManager: Destroying surface Surface(name=Starting br.com.catbag.gifreduxsample) called by com.android.server.wm.WindowStateAnimator.destroySurface:2014 com.android.server.wm.WindowStateAnimator.destroySurfaceLocked:881 com.android.server.wm.WindowState.removeLocked:1449 com.android.server.wm.WindowManagerService.removeWindowInnerLocked:2478 com.android.server.wm.AppWindowToken.destroySurfaces:365 com.android.server.wm.WindowStateAnimator.finishExit:565 com.android.server.wm.WindowStateAnimator.stepAnimationLocked:491 com.android.server.wm.WindowAnimator.updateWindowsLocked:303 
11-26 14:13:42.407  2257  2257 I MonitoringInstrumentation: Activities that are still in CREATED to STOPPED: 1
11-26 14:13:42.409  2257  2272 I TestRunner: started: whenGifIsDownloadingTest(br.com.catbag.gifreduxsample.ui.giflist.GifListActivityTest)
11-26 14:13:42.431  2257  2257 I MonitoringInstrumentation: Activities that are still in CREATED to STOPPED: 1
11-26 14:13:42.449  2257  2273 I DroidFlux:Dispatcher: [STARTED] dispatch of action [FAKE_REDUCE_ACTION]
11-26 14:13:42.450  2257  2273 I DroidFlux:Dispatcher: [COMPLETED] dispatch of action [FAKE_REDUCE_ACTION]
11-26 14:13:42.465  2257  2302 D ActivityTestRule: Launching activity br.com.catbag.gifreduxsample.ui.GifListActivity
11-26 14:13:42.466  2257  2303 D MonitoringInstrumentation: execStartActivity(context, ibinder, ibinder, activity, intent, int, bundle
11-26 14:13:42.467  1239  1250 I ActivityManager: START u0 {flg=0x10000000 cmp=br.com.catbag.gifreduxsample/.ui.GifListActivity} from uid 10060 on display 0
11-26 14:13:42.519  2257  2257 D LifecycleMonitor: Lifecycle status change: br.com.catbag.gifreduxsample.ui.GifListActivity@a17503 in: PRE_ON_CREATE
11-26 14:13:42.560  2257  2268 W art     : Suspending all threads took: 39.289ms
11-26 14:13:42.611  2257  2268 I art     : Background sticky concurrent mark sweep GC freed 17301(1322KB) AllocSpace objects, 7(144KB) LOS objects, 16% free, 7MB/9MB, paused 75.021ms total 640.409ms
11-26 14:13:42.677  2257  2257 D LifecycleMonitor: Lifecycle status change: br.com.catbag.gifreduxsample.ui.GifListActivity@a17503 in: CREATED
11-26 14:13:42.712  2257  2273 I DroidFlux:Dispatcher: [STARTED] dispatch of action [APP_STATE_LOAD]
11-26 14:13:42.713  2257  2257 D LifecycleMonitor: Lifecycle status change: br.com.catbag.gifreduxsample.ui.GifListActivity@a17503 in: STARTED
11-26 14:13:42.713  2257  2273 D DroidFlux:Dispatcher: An action of type [APP_STATE_LOAD] was dispatched, but no reducer handled it
11-26 14:13:42.714  2257  2273 I DroidFlux:Dispatcher: [COMPLETED] dispatch of action [APP_STATE_LOAD]
11-26 14:13:42.715  2257  2257 D LifecycleMonitor: Lifecycle status change: br.com.catbag.gifreduxsample.ui.GifListActivity@a17503 in: RESUMED
11-26 14:13:42.846  1239  1260 I ActivityManager: Displayed br.com.catbag.gifreduxsample/.ui.GifListActivity: +349ms
11-26 14:13:42.912  2257  2257 D LifecycleMonitor: Lifecycle status change: br.com.catbag.gifreduxsample.ui.GifListActivity@a17503 in: PAUSED
11-26 14:13:42.913  2257  2272 I TestRunner: finished: whenGifIsDownloadingTest(br.com.catbag.gifreduxsample.ui.giflist.GifListActivityTest)
11-26 14:13:42.940   977   977 D gralloc : Registering a buffer in the process that created it. This may cause memory ordering problems.
11-26 14:13:42.941   977   977 E SurfaceFlinger: glCheckFramebufferStatusOES error -560253926
11-26 14:13:42.941   977   977 E SurfaceFlinger: got GL_FRAMEBUFFER_COMPLETE_OES error while taking screenshot
11-26 14:13:42.943  1239  1251 W WindowManager: Screenshot failure taking screenshot for (480x800) to layer 22020
11-26 14:13:42.948  1239  1842 D WindowManager: relayoutVisibleWindow: Window{b9d6c8e u0 com.android.launcher3/com.android.launcher3.Launcher EXITING} mAnimatingExit=true, mRemoveOnExit=false, mDestroying=false
11-26 14:13:42.949  2257  2257 I MonitoringInstrumentation: Activities that are still in CREATED to STOPPED: 2
11-26 14:13:42.950  2257  2272 I TestRunner: started: whenListKeepOrderedAfterPlayTest(br.com.catbag.gifreduxsample.ui.giflist.GifListActivityTest)
11-26 14:13:42.954  2257  2257 I MonitoringInstrumentation: Activities that are still in CREATED to STOPPED: 2
11-26 14:13:43.094  1239  1260 I WindowManager: Destroying surface Surface(name=Starting br.com.catbag.gifreduxsample) called by com.android.server.wm.WindowStateAnimator.destroySurface:2014 com.android.server.wm.WindowStateAnimator.destroySurfaceLocked:881 com.android.server.wm.WindowState.removeLocked:1449 com.android.server.wm.WindowManagerService.removeWindowInnerLocked:2478 com.android.server.wm.AppWindowToken.destroySurfaces:365 com.android.server.wm.WindowStateAnimator.finishExit:565 com.android.server.wm.WindowStateAnimator.stepAnimationLocked:491 com.android.server.wm.WindowAnimator.updateWindowsLocked:303 
11-26 14:13:43.108  2257  2273 I DroidFlux:Dispatcher: [STARTED] dispatch of action [FAKE_REDUCE_ACTION]
11-26 14:13:43.130  2257  2273 I DroidFlux:Dispatcher: [COMPLETED] dispatch of action [FAKE_REDUCE_ACTION]
11-26 14:13:43.174  2257  2257 D LifecycleMonitor: Lifecycle status change: br.com.catbag.gifreduxsample.ui.GifListActivity@a17503 in: STOPPED
11-26 14:13:43.175  2257  2257 D LifecycleMonitor: Lifecycle status change: br.com.catbag.gifreduxsample.ui.GifListActivity@a17503 in: DESTROYED
11-26 14:13:43.180  2257  2257 D LifecycleMonitor: Lifecycle status change: br.com.catbag.gifreduxsample.ui.GifListActivity@da62dfa in: STOPPED
11-26 14:13:43.181  2257  2257 D LifecycleMonitor: Lifecycle status change: br.com.catbag.gifreduxsample.ui.GifListActivity@da62dfa in: DESTROYED
11-26 14:13:43.182  2257  2304 D ActivityTestRule: Launching activity br.com.catbag.gifreduxsample.ui.GifListActivity
11-26 14:13:43.194  2257  2305 D MonitoringInstrumentation: execStartActivity(context, ibinder, ibinder, activity, intent, int, bundle
11-26 14:13:43.196  1239  1352 I ActivityManager: START u0 {flg=0x10000000 cmp=br.com.catbag.gifreduxsample/.ui.GifListActivity} from uid 10060 on display 0
11-26 14:13:43.224  1239  1251 I WindowManager: Destroying surface Surface(name=br.com.catbag.gifreduxsample/br.com.catbag.gifreduxsample.ui.GifListActivity) called by com.android.server.wm.WindowStateAnimator.destroySurface:2014 com.android.server.wm.WindowStateAnimator.destroySurfaceLocked:881 com.android.server.wm.WindowState.removeLocked:1449 com.android.server.wm.WindowManagerService.removeWindowInnerLocked:2478 com.android.server.wm.WindowManagerService.removeWindowLocked:2436 com.android.server.wm.WindowManagerService.removeWindowLocked:2305 com.android.server.wm.WindowManagerService.removeWindow:2300 com.android.server.wm.Session.remove:193 
11-26 14:13:43.320  2257  2257 D LifecycleMonitor: Lifecycle status change: br.com.catbag.gifreduxsample.ui.GifListActivity@5f8950c in: PRE_ON_CREATE
11-26 14:13:43.329  2257  2257 D LifecycleMonitor: Lifecycle status change: br.com.catbag.gifreduxsample.ui.GifListActivity@5f8950c in: CREATED
11-26 14:13:43.330  2257  2273 I DroidFlux:Dispatcher: [STARTED] dispatch of action [APP_STATE_LOAD]
11-26 14:13:43.330  2257  2273 D DroidFlux:Dispatcher: An action of type [APP_STATE_LOAD] was dispatched, but no reducer handled it
11-26 14:13:43.330  2257  2273 I DroidFlux:Dispatcher: [COMPLETED] dispatch of action [APP_STATE_LOAD]
11-26 14:13:43.330  2257  2257 D LifecycleMonitor: Lifecycle status change: br.com.catbag.gifreduxsample.ui.GifListActivity@5f8950c in: STARTED
11-26 14:13:43.339  1239  1260 I WindowManager: Destroying surface Surface(name=br.com.catbag.gifreduxsample/br.com.catbag.gifreduxsample.ui.GifListActivity) called by com.android.server.wm.WindowStateAnimator.destroySurface:2014 com.android.server.wm.WindowStateAnimator.destroySurfaceLocked:881 com.android.server.wm.WindowState.destroyOrSaveSurface:2073 com.android.server.wm.AppWindowToken.destroySurfaces:363 com.android.server.wm.WindowStateAnimator.finishExit:565 com.android.server.wm.WindowStateAnimator.stepAnimationLocked:491 com.android.server.wm.WindowAnimator.updateWindowsLocked:303 com.android.server.wm.WindowAnimator.animateLocked:704 
11-26 14:13:43.428  2257  2257 D LifecycleMonitor: Lifecycle status change: br.com.catbag.gifreduxsample.ui.GifListActivity@5f8950c in: RESUMED
11-26 14:13:43.443  2257  2257 W IInputConnectionWrapper: reportFullscreenMode on inexistent InputConnection
11-26 14:13:43.656  2257  2257 W ResourceType: No package identifier when getting name for resource number 0x0000000e
11-26 14:13:43.656  2257  2257 I ViewInteraction: Performing 'single click' action on view with id: 14 (resource name not found)
11-26 14:13:43.701  1239  1260 I ActivityManager: Displayed br.com.catbag.gifreduxsample/.ui.GifListActivity: +431ms
11-26 14:13:43.715  2257  2273 I DroidFlux:Dispatcher: [STARTED] dispatch of action [GIF_PLAY]
11-26 14:13:43.716  2257  2273 I DroidFlux:Dispatcher: [COMPLETED] dispatch of action [GIF_PLAY]
11-26 14:13:43.742   985  1032 D AudioFlinger: mixer(0xb1e03300) throttle end: throttle time(11)
11-26 14:13:43.764   985  1032 D AudioFlinger: mixer(0xb1e03300) throttle end: throttle time(11)
11-26 14:13:43.957  1239  1260 I WindowManager: Destroying surface Surface(name=Starting br.com.catbag.gifreduxsample) called by com.android.server.wm.WindowStateAnimator.destroySurface:2014 com.android.server.wm.WindowStateAnimator.destroySurfaceLocked:881 com.android.server.wm.WindowState.destroyOrSaveSurface:2073 com.android.server.wm.AppWindowToken.destroySurfaces:363 com.android.server.wm.WindowStateAnimator.finishExit:565 com.android.server.wm.WindowStateAnimator.stepAnimationLocked:491 com.android.server.wm.WindowAnimator.updateWindowsLocked:303 com.android.server.wm.WindowAnimator.animateLocked:704 
11-26 14:13:44.231  1239  1352 I WindowManager: Destroying surface Surface(name=com.android.launcher3/com.android.launcher3.Launcher) called by com.android.server.wm.WindowStateAnimator.destroySurface:2014 com.android.server.wm.WindowStateAnimator.destroySurfaceLocked:881 com.android.server.wm.WindowState.destroyOrSaveSurface:2073 com.android.server.wm.AppWindowToken.destroySurfaces:363 com.android.server.wm.AppWindowToken.notifyAppStopped:389 com.android.server.wm.WindowManagerService.notifyAppStopped:4456 com.android.server.am.ActivityStack.activityStoppedLocked:1252 com.android.server.am.ActivityManagerService.activityStopped:6873 
11-26 14:13:44.478  2257  2257 W ResourceType: No package identifier when getting name for resource number 0x00000012
11-26 14:13:44.479  2257  2257 I ViewInteraction: Performing 'scroll RecyclerView to position: 2' action on view with id: 18 (resource name not found)
11-26 14:13:44.767  2257  2257 W ResourceType: No package identifier when getting name for resource number 0x00000012
11-26 14:13:44.779  2257  2257 W ResourceType: No package identifier when getting name for resource number 0x0000001a
11-26 14:13:44.779  2257  2257 I ViewInteraction: Performing 'single click' action on view with id: 26 (resource name not found)
11-26 14:13:44.840  2257  2273 I DroidFlux:Dispatcher: [STARTED] dispatch of action [GIF_PLAY]
11-26 14:13:44.856  2257  2273 I DroidFlux:Dispatcher: [COMPLETED] dispatch of action [GIF_PLAY]
11-26 14:13:45.107  1239  1323 E TaskPersister: File error accessing recents directory (directory doesn't exist?).
11-26 14:13:45.373  2257  2257 W ResourceType: No package identifier when getting name for resource number 0x0000001e
11-26 14:13:45.373  2257  2257 I ViewInteraction: Performing 'scroll RecyclerView to position: 3' action on view with id: 30 (resource name not found)
11-26 14:13:45.674  2257  2257 W ResourceType: No package identifier when getting name for resource number 0x0000001e
11-26 14:13:45.690  2257  2257 W ResourceType: No package identifier when getting name for resource number 0x00000026
11-26 14:13:45.691  2257  2257 I ViewInteraction: Performing 'single click' action on view with id: 38 (resource name not found)
11-26 14:13:45.741  2257  2273 I DroidFlux:Dispatcher: [STARTED] dispatch of action [GIF_PLAY]
11-26 14:13:45.762  2257  2273 I DroidFlux:Dispatcher: [COMPLETED] dispatch of action [GIF_PLAY]
11-26 14:13:46.306  2257  2257 W ResourceType: No package identifier when getting name for resource number 0x0000002a
11-26 14:13:46.306  2257  2257 I ViewInteraction: Performing 'scroll RecyclerView to position: 4' action on view with id: 42 (resource name not found)
11-26 14:13:46.606  2257  2257 W ResourceType: No package identifier when getting name for resource number 0x0000002a
11-26 14:13:46.668  2257  2257 W ResourceType: No package identifier when getting name for resource number 0x00000032
11-26 14:13:46.669  2257  2257 I ViewInteraction: Performing 'single click' action on view with id: 50 (resource name not found)
11-26 14:13:46.733  2257  2273 I DroidFlux:Dispatcher: [STARTED] dispatch of action [GIF_PLAY]
11-26 14:13:46.737  2257  2273 I DroidFlux:Dispatcher: [COMPLETED] dispatch of action [GIF_PLAY]
11-26 14:13:46.799   985  1032 D AudioFlinger: mixer(0xb1e03300) throttle end: throttle time(1)
11-26 14:13:47.389  2257  2257 W ResourceType: No package identifier when getting name for resource number 0x00000036
11-26 14:13:47.390  2257  2257 I ViewInteraction: Performing 'scroll RecyclerView to position: 5' action on view with id: 54 (resource name not found)
11-26 14:13:47.680  2257  2257 W ResourceType: No package identifier when getting name for resource number 0x00000036
11-26 14:13:47.698  2257  2257 W ResourceType: No package identifier when getting name for resource number 0x0000003e
11-26 14:13:47.698  2257  2257 I ViewInteraction: Performing 'single click' action on view with id: 62 (resource name not found)
11-26 14:13:47.757  2257  2273 I DroidFlux:Dispatcher: [STARTED] dispatch of action [GIF_PLAY]
11-26 14:13:47.759  2257  2273 I DroidFlux:Dispatcher: [COMPLETED] dispatch of action [GIF_PLAY]
11-26 14:13:48.301  2257  2257 W ResourceType: No package identifier when getting name for resource number 0x00000042
11-26 14:13:48.301  2257  2257 I ViewInteraction: Performing 'scroll RecyclerView to position: 6' action on view with id: 66 (resource name not found)
11-26 14:13:48.609  2257  2257 W ResourceType: No package identifier when getting name for resource number 0x00000042
11-26 14:13:48.628  2257  2257 W ResourceType: No package identifier when getting name for resource number 0x0000004a
11-26 14:13:48.628  2257  2257 I ViewInteraction: Performing 'single click' action on view with id: 74 (resource name not found)
11-26 14:13:48.689  2257  2273 I DroidFlux:Dispatcher: [STARTED] dispatch of action [GIF_PLAY]
11-26 14:13:48.691  2257  2273 I DroidFlux:Dispatcher: [COMPLETED] dispatch of action [GIF_PLAY]
11-26 14:13:49.313  2257  2257 W ResourceType: No package identifier when getting name for resource number 0x0000004e
11-26 14:13:49.314  2257  2257 I ViewInteraction: Performing 'scroll RecyclerView to position: 7' action on view with id: 78 (resource name not found)
11-26 14:13:49.620  2257  2257 W ResourceType: No package identifier when getting name for resource number 0x0000004e
11-26 14:13:49.659  2257  2257 W ResourceType: No package identifier when getting name for resource number 0x00000056
11-26 14:13:49.659  2257  2257 I ViewInteraction: Performing 'single click' action on view with id: 86 (resource name not found)
11-26 14:13:49.755  2257  2273 I DroidFlux:Dispatcher: [STARTED] dispatch of action [GIF_PLAY]
11-26 14:13:49.757  2257  2273 I DroidFlux:Dispatcher: [COMPLETED] dispatch of action [GIF_PLAY]
11-26 14:13:49.804  2257  2268 I art     : Background sticky concurrent mark sweep GC freed 26103(2MB) AllocSpace objects, 18(384KB) LOS objects, 20% free, 9MB/12MB, paused 6.399ms total 161.909ms
11-26 14:13:50.250  2257  2257 W ResourceType: No package identifier when getting name for resource number 0x0000005a
11-26 14:13:50.251  2257  2257 I ViewInteraction: Performing 'scroll RecyclerView to position: 8' action on view with id: 90 (resource name not found)
11-26 14:13:50.555  2257  2257 W ResourceType: No package identifier when getting name for resource number 0x0000005a
11-26 14:13:50.562  2257  2257 W ResourceType: No package identifier when getting name for resource number 0x00000062
11-26 14:13:50.562  2257  2257 I ViewInteraction: Performing 'single click' action on view with id: 98 (resource name not found)
11-26 14:13:50.620  2257  2273 I DroidFlux:Dispatcher: [STARTED] dispatch of action [GIF_PLAY]
11-26 14:13:50.623  2257  2273 I DroidFlux:Dispatcher: [COMPLETED] dispatch of action [GIF_PLAY]
11-26 14:13:51.158  2257  2257 W ResourceType: No package identifier when getting name for resource number 0x00000066
11-26 14:13:51.158  2257  2257 I ViewInteraction: Performing 'scroll RecyclerView to position: 9' action on view with id: 102 (resource name not found)
11-26 14:13:51.447  2257  2257 W ResourceType: No package identifier when getting name for resource number 0x00000066
11-26 14:13:51.459  2257  2257 W ResourceType: No package identifier when getting name for resource number 0x0000006e
11-26 14:13:51.459  2257  2257 I ViewInteraction: Performing 'single click' action on view with id: 110 (resource name not found)
11-26 14:13:51.516  2257  2273 I DroidFlux:Dispatcher: [STARTED] dispatch of action [GIF_PLAY]
11-26 14:13:51.518  2257  2273 I DroidFlux:Dispatcher: [COMPLETED] dispatch of action [GIF_PLAY]
11-26 14:13:51.561   985  1032 D AudioFlinger: mixer(0xb1e03300) throttle end: throttle time(3)
11-26 14:13:52.079  2257  2257 W ResourceType: No package identifier when getting name for resource number 0x00000072
11-26 14:13:52.080  2257  2257 I ViewInteraction: Performing 'scroll RecyclerView to position: 10' action on view with id: 114 (resource name not found)
11-26 14:13:52.134  2257  2262 I art     : Do full code cache collection, code=123KB, data=123KB
11-26 14:13:52.135  2257  2262 I art     : After code cache collection, code=100KB, data=82KB
11-26 14:13:52.385  2257  2257 W ResourceType: No package identifier when getting name for resource number 0x00000072
11-26 14:13:52.407  2257  2257 W ResourceType: No package identifier when getting name for resource number 0x0000007a
11-26 14:13:52.407  2257  2257 I ViewInteraction: Performing 'single click' action on view with id: 122 (resource name not found)
11-26 14:13:52.475  2257  2273 I DroidFlux:Dispatcher: [STARTED] dispatch of action [GIF_PLAY]
11-26 14:13:52.476  2257  2273 I DroidFlux:Dispatcher: [COMPLETED] dispatch of action [GIF_PLAY]
11-26 14:13:53.056  2257  2257 W ResourceType: No package identifier when getting name for resource number 0x0000007e
11-26 14:13:53.056  2257  2257 I ViewInteraction: Performing 'scroll RecyclerView to position: 11' action on view with id: 126 (resource name not found)
11-26 14:13:53.386  2257  2257 W ResourceType: No package identifier when getting name for resource number 0x0000007e
11-26 14:13:53.418  2257  2257 W ResourceType: No package identifier when getting name for resource number 0x00000086
11-26 14:13:53.418  2257  2257 I ViewInteraction: Performing 'single click' action on view with id: 134 (resource name not found)
11-26 14:13:53.481  2257  2273 I DroidFlux:Dispatcher: [STARTED] dispatch of action [GIF_PLAY]
11-26 14:13:53.489  2257  2273 I DroidFlux:Dispatcher: [COMPLETED] dispatch of action [GIF_PLAY]
11-26 14:13:54.025  2257  2257 W ResourceType: No package identifier when getting name for resource number 0x0000008a
11-26 14:13:54.026  2257  2257 I ViewInteraction: Performing 'scroll RecyclerView to position: 12' action on view with id: 138 (resource name not found)
11-26 14:13:54.333  2257  2257 W ResourceType: No package identifier when getting name for resource number 0x0000008a
11-26 14:13:54.344  2257  2257 W ResourceType: No package identifier when getting name for resource number 0x00000092
11-26 14:13:54.345  2257  2257 I ViewInteraction: Performing 'single click' action on view with id: 146 (resource name not found)
11-26 14:13:54.406  2257  2273 I DroidFlux:Dispatcher: [STARTED] dispatch of action [GIF_PLAY]
11-26 14:13:54.407  2257  2273 I DroidFlux:Dispatcher: [COMPLETED] dispatch of action [GIF_PLAY]
11-26 14:13:54.948  2257  2257 W ResourceType: No package identifier when getting name for resource number 0x00000096
11-26 14:13:54.948  2257  2257 I ViewInteraction: Performing 'scroll RecyclerView to position: 13' action on view with id: 150 (resource name not found)
11-26 14:13:55.224  2257  2257 W ResourceType: No package identifier when getting name for resource number 0x00000096
11-26 14:13:55.249  2257  2257 W ResourceType: No package identifier when getting name for resource number 0x0000009e
11-26 14:13:55.250  2257  2257 I ViewInteraction: Performing 'single click' action on view with id: 158 (resource name not found)
11-26 14:13:55.315  2257  2273 I DroidFlux:Dispatcher: [STARTED] dispatch of action [GIF_PLAY]
11-26 14:13:55.317  2257  2273 I DroidFlux:Dispatcher: [COMPLETED] dispatch of action [GIF_PLAY]
11-26 14:13:55.870  2257  2257 W ResourceType: No package identifier when getting name for resource number 0x000000a2
11-26 14:13:55.870  2257  2257 I ViewInteraction: Performing 'scroll RecyclerView to position: 14' action on view with id: 162 (resource name not found)
11-26 14:13:56.156  2257  2257 W ResourceType: No package identifier when getting name for resource number 0x000000a2
11-26 14:13:56.167  2257  2257 W ResourceType: No package identifier when getting name for resource number 0x000000aa
11-26 14:13:56.168  2257  2257 I ViewInteraction: Performing 'single click' action on view with id: 170 (resource name not found)
11-26 14:13:56.221  2257  2273 I DroidFlux:Dispatcher: [STARTED] dispatch of action [GIF_PLAY]
11-26 14:13:56.245  2257  2273 I DroidFlux:Dispatcher: [COMPLETED] dispatch of action [GIF_PLAY]
11-26 14:13:56.786  2257  2257 W ResourceType: No package identifier when getting name for resource number 0x000000ae
11-26 14:13:56.787  2257  2257 I ViewInteraction: Performing 'scroll RecyclerView to position: 15' action on view with id: 174 (resource name not found)
11-26 14:13:57.106  2257  2257 W ResourceType: No package identifier when getting name for resource number 0x000000ae
11-26 14:13:57.148  2257  2257 W ResourceType: No package identifier when getting name for resource number 0x000000b6
11-26 14:13:57.148  2257  2257 I ViewInteraction: Performing 'single click' action on view with id: 182 (resource name not found)
11-26 14:13:57.218  2257  2273 I DroidFlux:Dispatcher: [STARTED] dispatch of action [GIF_PLAY]
11-26 14:13:57.219  2257  2273 I DroidFlux:Dispatcher: [COMPLETED] dispatch of action [GIF_PLAY]
11-26 14:13:57.803  2257  2257 W ResourceType: No package identifier when getting name for resource number 0x000000ba
11-26 14:13:57.803  2257  2257 I ViewInteraction: Performing 'scroll RecyclerView to position: 16' action on view with id: 186 (resource name not found)
11-26 14:13:57.865  2257  2273 I DroidFlux:Dispatcher: [STARTED] dispatch of action [GIF_LIST_FETCHING]
11-26 14:13:57.866  2257  2273 D DroidFlux:Dispatcher: An action of type [GIF_LIST_FETCHING] was dispatched, but no reducer handled it
11-26 14:13:57.866  2257  2273 I DroidFlux:Dispatcher: [COMPLETED] dispatch of action [GIF_LIST_FETCHING]
11-26 14:13:57.911  2257  2273 I DroidFlux:Dispatcher: [STARTED] dispatch of action [GIF_LIST_FETCHING]
11-26 14:13:57.911  2257  2273 D DroidFlux:Dispatcher: An action of type [GIF_LIST_FETCHING] was dispatched, but no reducer handled it
11-26 14:13:57.926  2257  2273 I DroidFlux:Dispatcher: [COMPLETED] dispatch of action [GIF_LIST_FETCHING]
11-26 14:13:57.926  2257  2273 I DroidFlux:Dispatcher: [STARTED] dispatch of action [GIF_LIST_FETCHING]
11-26 14:13:57.927  2257  2273 D DroidFlux:Dispatcher: An action of type [GIF_LIST_FETCHING] was dispatched, but no reducer handled it
11-26 14:13:57.927  2257  2273 I DroidFlux:Dispatcher: [COMPLETED] dispatch of action [GIF_LIST_FETCHING]
11-26 14:13:57.927  2257  2273 I DroidFlux:Dispatcher: [STARTED] dispatch of action [GIF_LIST_FETCHING]
11-26 14:13:57.928  2257  2273 D DroidFlux:Dispatcher: An action of type [GIF_LIST_FETCHING] was dispatched, but no reducer handled it
11-26 14:13:57.928  2257  2273 I DroidFlux:Dispatcher: [COMPLETED] dispatch of action [GIF_LIST_FETCHING]
11-26 14:13:57.928  2257  2273 I DroidFlux:Dispatcher: [STARTED] dispatch of action [GIF_LIST_FETCHING]
11-26 14:13:57.929  2257  2273 D DroidFlux:Dispatcher: An action of type [GIF_LIST_FETCHING] was dispatched, but no reducer handled it
11-26 14:13:57.929  2257  2273 I DroidFlux:Dispatcher: [COMPLETED] dispatch of action [GIF_LIST_FETCHING]
11-26 14:13:57.929  2257  2273 I DroidFlux:Dispatcher: [STARTED] dispatch of action [GIF_LIST_FETCHING]
11-26 14:13:57.930  2257  2273 D DroidFlux:Dispatcher: An action of type [GIF_LIST_FETCHING] was dispatched, but no reducer handled it
11-26 14:13:57.931  2257  2273 I DroidFlux:Dispatcher: [COMPLETED] dispatch of action [GIF_LIST_FETCHING]
11-26 14:13:57.931  2257  2273 I DroidFlux:Dispatcher: [STARTED] dispatch of action [GIF_LIST_FETCHING]
11-26 14:13:57.931  2257  2273 D DroidFlux:Dispatcher: An action of type [GIF_LIST_FETCHING] was dispatched, but no reducer handled it
11-26 14:13:57.931  2257  2273 I DroidFlux:Dispatcher: [COMPLETED] dispatch of action [GIF_LIST_FETCHING]
11-26 14:13:57.984  2257  2273 I DroidFlux:Dispatcher: [STARTED] dispatch of action [GIF_LIST_FETCHING]
11-26 14:13:57.984  2257  2273 D DroidFlux:Dispatcher: An action of type [GIF_LIST_FETCHING] was dispatched, but no reducer handled it
11-26 14:13:57.985  2257  2273 I DroidFlux:Dispatcher: [COMPLETED] dispatch of action [GIF_LIST_FETCHING]
11-26 14:13:57.985  2257  2273 I DroidFlux:Dispatcher: [STARTED] dispatch of action [GIF_LIST_FETCHING]
11-26 14:13:57.985  2257  2273 D DroidFlux:Dispatcher: An action of type [GIF_LIST_FETCHING] was dispatched, but no reducer handled it
11-26 14:13:57.986  2257  2273 I DroidFlux:Dispatcher: [COMPLETED] dispatch of action [GIF_LIST_FETCHING]
11-26 14:13:57.986  2257  2273 I DroidFlux:Dispatcher: [STARTED] dispatch of action [GIF_LIST_FETCHING]
11-26 14:13:57.986  2257  2273 D DroidFlux:Dispatcher: An action of type [GIF_LIST_FETCHING] was dispatched, but no reducer handled it
11-26 14:13:57.986  2257  2273 I DroidFlux:Dispatcher: [COMPLETED] dispatch of action [GIF_LIST_FETCHING]
11-26 14:13:57.987  2257  2273 I DroidFlux:Dispatcher: [STARTED] dispatch of action [GIF_LIST_FETCHING]
11-26 14:13:57.987  2257  2273 D DroidFlux:Dispatcher: An action of type [GIF_LIST_FETCHING] was dispatched, but no reducer handled it
11-26 14:13:57.987  2257  2273 I DroidFlux:Dispatcher: [COMPLETED] dispatch of action [GIF_LIST_FETCHING]
11-26 14:13:57.988  2257  2273 I DroidFlux:Dispatcher: [STARTED] dispatch of action [GIF_LIST_FETCHING]
11-26 14:13:57.988  2257  2273 D DroidFlux:Dispatcher: An action of type [GIF_LIST_FETCHING] was dispatched, but no reducer handled it
11-26 14:13:57.988  2257  2273 I DroidFlux:Dispatcher: [COMPLETED] dispatch of action [GIF_LIST_FETCHING]
11-26 14:13:57.989  2257  2273 I DroidFlux:Dispatcher: [STARTED] dispatch of action [GIF_LIST_FETCHING]
11-26 14:13:57.989  2257  2273 D DroidFlux:Dispatcher: An action of type [GIF_LIST_FETCHING] was dispatched, but no reducer handled it
11-26 14:13:57.990  2257  2273 I DroidFlux:Dispatcher: [COMPLETED] dispatch of action [GIF_LIST_FETCHING]
11-26 14:13:57.990  2257  2273 I DroidFlux:Dispatcher: [STARTED] dispatch of action [GIF_LIST_FETCHING]
11-26 14:13:57.990  2257  2273 D DroidFlux:Dispatcher: An action of type [GIF_LIST_FETCHING] was dispatched, but no reducer handled it
11-26 14:13:57.990  2257  2273 I DroidFlux:Dispatcher: [COMPLETED] dispatch of action [GIF_LIST_FETCHING]
11-26 14:13:57.991  2257  2273 I DroidFlux:Dispatcher: [STARTED] dispatch of action [GIF_LIST_FETCHING]
11-26 14:13:57.991  2257  2273 D DroidFlux:Dispatcher: An action of type [GIF_LIST_FETCHING] was dispatched, but no reducer handled it
11-26 14:13:57.991  2257  2273 I DroidFlux:Dispatcher: [COMPLETED] dispatch of action [GIF_LIST_FETCHING]
11-26 14:13:57.991  2257  2273 I DroidFlux:Dispatcher: [STARTED] dispatch of action [GIF_LIST_FETCHING]
11-26 14:13:58.062  2257  2273 D DroidFlux:Dispatcher: An action of type [GIF_LIST_FETCHING] was dispatched, but no reducer handled it
11-26 14:13:58.063  2257  2273 I DroidFlux:Dispatcher: [COMPLETED] dispatch of action [GIF_LIST_FETCHING]
11-26 14:13:58.063  2257  2273 I DroidFlux:Dispatcher: [STARTED] dispatch of action [GIF_LIST_FETCHING]
11-26 14:13:58.064  2257  2273 D DroidFlux:Dispatcher: An action of type [GIF_LIST_FETCHING] was dispatched, but no reducer handled it
11-26 14:13:58.064  2257  2273 I DroidFlux:Dispatcher: [COMPLETED] dispatch of action [GIF_LIST_FETCHING]
11-26 14:13:58.064  2257  2273 I DroidFlux:Dispatcher: [STARTED] dispatch of action [GIF_LIST_FETCHING]
11-26 14:13:58.064  2257  2273 D DroidFlux:Dispatcher: An action of type [GIF_LIST_FETCHING] was dispatched, but no reducer handled it
11-26 14:13:58.065  2257  2273 I DroidFlux:Dispatcher: [COMPLETED] dispatch of action [GIF_LIST_FETCHING]
11-26 14:13:58.065  2257  2273 I DroidFlux:Dispatcher: [STARTED] dispatch of action [GIF_LIST_FETCHING]
11-26 14:13:58.066  2257  2273 D DroidFlux:Dispatcher: An action of type [GIF_LIST_FETCHING] was dispatched, but no reducer handled it
11-26 14:13:58.066  2257  2273 I DroidFlux:Dispatcher: [COMPLETED] dispatch of action [GIF_LIST_FETCHING]
11-26 14:13:58.067  2257  2273 I DroidFlux:Dispatcher: [STARTED] dispatch of action [GIF_LIST_FETCHING]
11-26 14:13:58.067  2257  2273 D DroidFlux:Dispatcher: An action of type [GIF_LIST_FETCHING] was dispatched, but no reducer handled it
11-26 14:13:58.068  2257  2273 I DroidFlux:Dispatcher: [COMPLETED] dispatch of action [GIF_LIST_FETCHING]
11-26 14:13:58.068  2257  2273 I DroidFlux:Dispatcher: [STARTED] dispatch of action [GIF_LIST_FETCHING]
11-26 14:13:58.071  2257  2273 D DroidFlux:Dispatcher: An action of type [GIF_LIST_FETCHING] was dispatched, but no reducer handled it
11-26 14:13:58.071  2257  2273 I DroidFlux:Dispatcher: [COMPLETED] dispatch of action [GIF_LIST_FETCHING]
11-26 14:13:58.071  2257  2273 I DroidFlux:Dispatcher: [STARTED] dispatch of action [GIF_LIST_FETCHING]
11-26 14:13:58.089  2257  2273 D DroidFlux:Dispatcher: An action of type [GIF_LIST_FETCHING] was dispatched, but no reducer handled it
11-26 14:13:58.089  2257  2273 I DroidFlux:Dispatcher: [COMPLETED] dispatch of action [GIF_LIST_FETCHING]
11-26 14:13:58.089  2257  2273 I DroidFlux:Dispatcher: [STARTED] dispatch of action [GIF_LIST_FETCHING]
11-26 14:13:58.090  2257  2273 D DroidFlux:Dispatcher: An action of type [GIF_LIST_FETCHING] was dispatched, but no reducer handled it
11-26 14:13:58.090  2257  2273 I DroidFlux:Dispatcher: [COMPLETED] dispatch of action [GIF_LIST_FETCHING]
11-26 14:13:58.090  2257  2273 I DroidFlux:Dispatcher: [STARTED] dispatch of action [GIF_LIST_FETCHING]
11-26 14:13:58.091  2257  2273 D DroidFlux:Dispatcher: An action of type [GIF_LIST_FETCHING] was dispatched, but no reducer handled it
11-26 14:13:58.091  2257  2273 I DroidFlux:Dispatcher: [COMPLETED] dispatch of action [GIF_LIST_FETCHING]
11-26 14:13:58.091  2257  2273 I DroidFlux:Dispatcher: [STARTED] dispatch of action [GIF_LIST_FETCHING]
11-26 14:13:58.130  2257  2273 D DroidFlux:Dispatcher: An action of type [GIF_LIST_FETCHING] was dispatched, but no reducer handled it
11-26 14:13:58.131  2257  2273 I DroidFlux:Dispatcher: [COMPLETED] dispatch of action [GIF_LIST_FETCHING]
