11-24 18:25:41.914  2249  2293 D ActivityTestRule: Launching activity br.com.catbag.gifreduxsample.ui.GifListActivity
11-24 18:25:41.923  2249  2294 D MonitoringInstrumentation: execStartActivity(context, ibinder, ibinder, activity, intent, int, bundle
11-24 18:25:41.924  1238  1455 I ActivityManager: START u0 {flg=0x10000000 cmp=br.com.catbag.gifreduxsample/.ui.GifListActivity} from uid 10060 on display 0
11-24 18:25:42.034  2249  2249 D LifecycleMonitor: Lifecycle status change: br.com.catbag.gifreduxsample.ui.GifListActivity@7d52b66 in: PRE_ON_CREATE
11-24 18:25:42.049  2249  2249 D LifecycleMonitor: Lifecycle status change: br.com.catbag.gifreduxsample.ui.GifListActivity@7d52b66 in: CREATED
11-24 18:25:42.050  2249  2265 I DroidFlux:Dispatcher: [STARTED] dispatch of action [APP_STATE_LOAD]
11-24 18:25:42.053  2249  2249 D LifecycleMonitor: Lifecycle status change: br.com.catbag.gifreduxsample.ui.GifListActivity@7d52b66 in: STARTED
11-24 18:25:42.055  2249  2249 D LifecycleMonitor: Lifecycle status change: br.com.catbag.gifreduxsample.ui.GifListActivity@7d52b66 in: RESUMED
11-24 18:25:42.062  2249  2265 D DroidFlux:Dispatcher: An action of type [APP_STATE_LOAD] was dispatched, but no reducer handled it
11-24 18:25:42.062  2249  2265 I DroidFlux:Dispatcher: [COMPLETED] dispatch of action [APP_STATE_LOAD]
11-24 18:25:42.224  2249  2249 D LifecycleMonitor: Lifecycle status change: br.com.catbag.gifreduxsample.ui.GifListActivity@3a98c3a in: STOPPED
11-24 18:25:42.225  2249  2249 D LifecycleMonitor: Lifecycle status change: br.com.catbag.gifreduxsample.ui.GifListActivity@3a98c3a in: DESTROYED
11-24 18:25:42.282  1238  1634 I WindowManager: Destroying surface Surface(name=br.com.catbag.gifreduxsample/br.com.catbag.gifreduxsample.ui.GifListActivity) called by com.android.server.wm.WindowStateAnimator.destroySurface:2014 com.android.server.wm.WindowStateAnimator.destroySurfaceLocked:881 com.android.server.wm.WindowState.removeLocked:1449 com.android.server.wm.WindowManagerService.removeWindowInnerLocked:2478 com.android.server.wm.WindowManagerService.removeWindowLocked:2436 com.android.server.wm.WindowManagerService.removeWindowLocked:2305 com.android.server.wm.WindowManagerService.removeWindow:2300 com.android.server.wm.Session.remove:193 
11-24 18:25:42.337  2249  2260 I art     : Background sticky concurrent mark sweep GC freed 7667(469KB) AllocSpace objects, 1(16KB) LOS objects, 5% free, 11MB/12MB, paused 14.664ms total 145.546ms
11-24 18:25:42.385  2249  2249 W ResourceType: No package identifier when getting name for resource number 0x000000e9
11-24 18:25:42.385  2249  2249 I ViewInteraction: Performing 'scroll RecyclerView to position: 4' action on view with id: 233 (resource name not found)
11-24 18:25:42.408  1238  1260 I ActivityManager: Displayed br.com.catbag.gifreduxsample/.ui.GifListActivity: +408ms
11-24 18:25:42.675  1238  1249 I WindowManager: Destroying surface Surface(name=com.android.launcher3/com.android.launcher3.Launcher) called by com.android.server.wm.WindowStateAnimator.destroySurface:2014 com.android.server.wm.WindowStateAnimator.destroySurfaceLocked:881 com.android.server.wm.WindowState.destroyOrSaveSurface:2073 com.android.server.wm.AppWindowToken.destroySurfaces:363 com.android.server.wm.AppWindowToken.notifyAppStopped:389 com.android.server.wm.WindowManagerService.notifyAppStopped:4456 com.android.server.am.ActivityStack.activityStoppedLocked:1252 com.android.server.am.ActivityManagerService.activityStopped:6873 
11-24 18:25:42.696  1238  1260 I WindowManager: Destroying surface Surface(name=Starting br.com.catbag.gifreduxsample) called by com.android.server.wm.WindowStateAnimator.destroySurface:2014 com.android.server.wm.WindowStateAnimator.destroySurfaceLocked:881 com.android.server.wm.WindowState.destroyOrSaveSurface:2073 com.android.server.wm.AppWindowToken.destroySurfaces:363 com.android.server.wm.WindowStateAnimator.finishExit:565 com.android.server.wm.WindowStateAnimator.stepAnimationLocked:491 com.android.server.wm.WindowAnimator.updateWindowsLocked:303 com.android.server.wm.WindowAnimator.animateLocked:704 
11-24 18:25:42.717  2249  2249 W ResourceType: No package identifier when getting name for resource number 0x000000e9
11-24 18:25:42.727  2249  2249 W ResourceType: No package identifier when getting name for resource number 0x000000ea
11-24 18:25:42.727  2249  2249 I ViewInteraction: Performing 'actionOnItemAtPosition performing ViewAction: single click on item at position: 0' action on view with id: 234 (resource name not found)
11-24 18:25:42.889  2249  2265 I DroidFlux:Dispatcher: [STARTED] dispatch of action [GIF_PLAY]
11-24 18:25:42.890  2249  2265 I DroidFlux:Dispatcher: [COMPLETED] dispatch of action [GIF_PLAY]
11-24 18:25:42.969  2249  2260 I art     : Background partial concurrent mark sweep GC freed 11006(734KB) AllocSpace objects, 12(2MB) LOS objects, 29% free, 9MB/13MB, paused 9.513ms total 246.341ms
11-24 18:25:43.606  2249  2264 I TestRunner: finished: whenScrollUpAndPlayFirstItemTest(br.com.catbag.gifreduxsample.ui.giflist.GifListActivityTest)
11-24 18:25:43.635  2249  2249 D LifecycleMonitor: Lifecycle status change: br.com.catbag.gifreduxsample.ui.GifListActivity@7d52b66 in: PAUSED
11-24 18:25:43.682   979   979 D gralloc : Registering a buffer in the process that created it. This may cause memory ordering problems.
11-24 18:25:43.683   979   979 E libEGL  : called unimplemented OpenGL ES API
11-24 18:25:43.683   979   979 E SurfaceFlinger: glCheckFramebufferStatusOES error 2110376990
11-24 18:25:43.683   979   979 E SurfaceFlinger: got GL_FRAMEBUFFER_COMPLETE_OES error while taking screenshot
11-24 18:25:43.693  1238  1250 W WindowManager: Screenshot failure taking screenshot for (480x800) to layer 21005
11-24 18:25:43.723  2249  2249 I MonitoringInstrumentation: Activities that are still in CREATED to STOPPED: 1
11-24 18:25:43.724  2249  2264 I TestRunner: started: whenGifIsDownloadedTest(br.com.catbag.gifreduxsample.ui.giflist.GifListActivityTest)
11-24 18:25:43.740  2249  2249 I MonitoringInstrumentation: Activities that are still in CREATED to STOPPED: 1
11-24 18:25:43.806  2249  2265 I DroidFlux:Dispatcher: [STARTED] dispatch of action [FAKE_REDUCE_ACTION]
11-24 18:25:43.806  2249  2265 I DroidFlux:Dispatcher: [COMPLETED] dispatch of action [FAKE_REDUCE_ACTION]
11-24 18:25:43.914  2249  2295 D ActivityTestRule: Launching activity br.com.catbag.gifreduxsample.ui.GifListActivity
11-24 18:25:43.990  2249  2296 D MonitoringInstrumentation: execStartActivity(context, ibinder, ibinder, activity, intent, int, bundle
11-24 18:25:44.000  1238  1659 I ActivityManager: START u0 {flg=0x10000000 cmp=br.com.catbag.gifreduxsample/.ui.GifListActivity} from uid 10060 on display 0
11-24 18:25:44.222  1725  1725 I Choreographer: Skipped 34 frames!  The application may be doing too much work on its main thread.
11-24 18:25:44.240  2249  2249 D LifecycleMonitor: Lifecycle status change: br.com.catbag.gifreduxsample.ui.GifListActivity@4d139ba in: PRE_ON_CREATE
11-24 18:25:44.336  2249  2249 D LifecycleMonitor: Lifecycle status change: br.com.catbag.gifreduxsample.ui.GifListActivity@4d139ba in: CREATED
11-24 18:25:44.369  2249  2249 D LifecycleMonitor: Lifecycle status change: br.com.catbag.gifreduxsample.ui.GifListActivity@4d139ba in: STARTED
11-24 18:25:44.375  2249  2249 D LifecycleMonitor: Lifecycle status change: br.com.catbag.gifreduxsample.ui.GifListActivity@4d139ba in: RESUMED
11-24 18:25:44.380  2249  2265 I DroidFlux:Dispatcher: [STARTED] dispatch of action [APP_STATE_LOAD]
11-24 18:25:44.380  2249  2265 D DroidFlux:Dispatcher: An action of type [APP_STATE_LOAD] was dispatched, but no reducer handled it
11-24 18:25:44.380  2249  2265 I DroidFlux:Dispatcher: [COMPLETED] dispatch of action [APP_STATE_LOAD]
11-24 18:25:44.705  1238  1260 I ActivityManager: Displayed br.com.catbag.gifreduxsample/.ui.GifListActivity: +536ms
11-24 18:25:44.766  2249  2249 D LifecycleMonitor: Lifecycle status change: br.com.catbag.gifreduxsample.ui.GifListActivity@4d139ba in: PAUSED
11-24 18:25:44.787  2249  2264 I TestRunner: finished: whenGifIsDownloadedTest(br.com.catbag.gifreduxsample.ui.giflist.GifListActivityTest)
11-24 18:25:44.823   979   979 D gralloc : Registering a buffer in the process that created it. This may cause memory ordering problems.
11-24 18:25:44.824   979   979 E libEGL  : called unimplemented OpenGL ES API
11-24 18:25:44.824   979   979 E SurfaceFlinger: glCheckFramebufferStatusOES error 2110376990
11-24 18:25:44.824   979   979 E SurfaceFlinger: got GL_FRAMEBUFFER_COMPLETE_OES error while taking screenshot
11-24 18:25:44.826  1238  1342 W WindowManager: Screenshot failure taking screenshot for (480x800) to layer 22020
11-24 18:25:44.840  2249  2249 I MonitoringInstrumentation: Activities that are still in CREATED to STOPPED: 2
11-24 18:25:44.844  1238  1260 I Choreographer: Skipped 33 frames!  The application may be doing too much work on its main thread.
11-24 18:25:44.846  2249  2264 I TestRunner: started: whenPlayGifTest(br.com.catbag.gifreduxsample.ui.giflist.GifListActivityTest)
11-24 18:25:44.893  2249  2249 I MonitoringInstrumentation: Activities that are still in CREATED to STOPPED: 2
11-24 18:25:44.929  2249  2265 I DroidFlux:Dispatcher: [STARTED] dispatch of action [FAKE_REDUCE_ACTION]
11-24 18:25:44.930  2249  2265 I DroidFlux:Dispatcher: [COMPLETED] dispatch of action [FAKE_REDUCE_ACTION]
11-24 18:25:45.003  2249  2297 D ActivityTestRule: Launching activity br.com.catbag.gifreduxsample.ui.GifListActivity
11-24 18:25:45.006  1238  1260 I Choreographer: Skipped 35 frames!  The application may be doing too much work on its main thread.
11-24 18:25:45.038  2249  2298 D MonitoringInstrumentation: execStartActivity(context, ibinder, ibinder, activity, intent, int, bundle
11-24 18:25:45.039  1238  1681 I ActivityManager: START u0 {flg=0x10000000 cmp=br.com.catbag.gifreduxsample/.ui.GifListActivity} from uid 10060 on display 0
11-24 18:25:45.065  1238  1260 I WindowManager: Destroying surface Surface(name=Starting br.com.catbag.gifreduxsample) called by com.android.server.wm.WindowStateAnimator.destroySurface:2014 com.android.server.wm.WindowStateAnimator.destroySurfaceLocked:881 com.android.server.wm.WindowState.removeLocked:1449 com.android.server.wm.WindowManagerService.removeWindowInnerLocked:2478 com.android.server.wm.AppWindowToken.destroySurfaces:365 com.android.server.wm.WindowStateAnimator.finishExit:565 com.android.server.wm.WindowStateAnimator.stepAnimationLocked:491 com.android.server.wm.WindowAnimator.updateWindowsLocked:303 
11-24 18:25:45.266  2249  2249 D LifecycleMonitor: Lifecycle status change: br.com.catbag.gifreduxsample.ui.GifListActivity@551d341 in: PRE_ON_CREATE
11-24 18:25:45.299  2249  2249 D LifecycleMonitor: Lifecycle status change: br.com.catbag.gifreduxsample.ui.GifListActivity@551d341 in: CREATED
11-24 18:25:45.299  2249  2249 D LifecycleMonitor: Lifecycle status change: br.com.catbag.gifreduxsample.ui.GifListActivity@551d341 in: STARTED
11-24 18:25:45.303  2249  2249 D LifecycleMonitor: Lifecycle status change: br.com.catbag.gifreduxsample.ui.GifListActivity@551d341 in: RESUMED
11-24 18:25:45.312  2249  2265 I DroidFlux:Dispatcher: [STARTED] dispatch of action [APP_STATE_LOAD]
11-24 18:25:45.312  2249  2265 D DroidFlux:Dispatcher: An action of type [APP_STATE_LOAD] was dispatched, but no reducer handled it
11-24 18:25:45.312  2249  2265 I DroidFlux:Dispatcher: [COMPLETED] dispatch of action [APP_STATE_LOAD]
11-24 18:25:45.430  1238  1260 I Choreographer: Skipped 68 frames!  The application may be doing too much work on its main thread.
11-24 18:25:45.449  1238  1244 I art     : Background sticky concurrent mark sweep GC freed 31666(2MB) AllocSpace objects, 8(160KB) LOS objects, 27% free, 7MB/10MB, paused 8.141ms total 273.393ms
11-24 18:25:45.619  1238  1260 I Choreographer: Skipped 37 frames!  The application may be doing too much work on its main thread.
11-24 18:25:45.636  1238  1260 I ActivityManager: Displayed br.com.catbag.gifreduxsample/.ui.GifListActivity: +406ms
11-24 18:25:45.669  2249  2249 I ViewInteraction: Performing 'single click' action on view with id: br.com.catbag.gifreduxsample:id/gif_image
11-24 18:25:45.750  2249  2249 I Choreographer: Skipped 31 frames!  The application may be doing too much work on its main thread.
11-24 18:25:45.802  2249  2265 I DroidFlux:Dispatcher: [STARTED] dispatch of action [GIF_PLAY]
11-24 18:25:45.803  2249  2265 I DroidFlux:Dispatcher: [COMPLETED] dispatch of action [GIF_PLAY]
11-24 18:25:45.845  1238  1260 I WindowManager: Destroying surface Surface(name=Starting br.com.catbag.gifreduxsample) called by com.android.server.wm.WindowStateAnimator.destroySurface:2014 com.android.server.wm.WindowStateAnimator.destroySurfaceLocked:881 com.android.server.wm.WindowState.destroyOrSaveSurface:2073 com.android.server.wm.AppWindowToken.destroySurfaces:363 com.android.server.wm.WindowStateAnimator.finishExit:565 com.android.server.wm.WindowStateAnimator.stepAnimationLocked:491 com.android.server.wm.WindowAnimator.updateWindowsLocked:303 com.android.server.wm.WindowAnimator.animateLocked:704 
11-24 18:25:46.424  1238  1342 I WindowManager: Destroying surface Surface(name=com.android.launcher3/com.android.launcher3.Launcher) called by com.android.server.wm.WindowStateAnimator.destroySurface:2014 com.android.server.wm.WindowStateAnimator.destroySurfaceLocked:881 com.android.server.wm.WindowState.destroyOrSaveSurface:2073 com.android.server.wm.AppWindowToken.destroySurfaces:363 com.android.server.wm.AppWindowToken.notifyAppStopped:389 com.android.server.wm.WindowManagerService.notifyAppStopped:4456 com.android.server.am.ActivityStack.activityStoppedLocked:1252 com.android.server.am.ActivityManagerService.activityStopped:6873 
11-24 18:25:46.484  2249  2249 D LifecycleMonitor: Lifecycle status change: br.com.catbag.gifreduxsample.ui.GifListActivity@4d139ba in: STOPPED
11-24 18:25:46.492  2249  2249 D LifecycleMonitor: Lifecycle status change: br.com.catbag.gifreduxsample.ui.GifListActivity@4d139ba in: DESTROYED
11-24 18:25:46.494  1238  1634 I WindowManager: Destroying surface Surface(name=br.com.catbag.gifreduxsample/br.com.catbag.gifreduxsample.ui.GifListActivity) called by com.android.server.wm.WindowStateAnimator.destroySurface:2014 com.android.server.wm.WindowStateAnimator.destroySurfaceLocked:881 com.android.server.wm.WindowState.removeLocked:1449 com.android.server.wm.WindowManagerService.removeWindowInnerLocked:2478 com.android.server.wm.WindowManagerService.removeWindowLocked:2436 com.android.server.wm.WindowManagerService.removeWindowLocked:2305 com.android.server.wm.WindowManagerService.removeWindow:2300 com.android.server.wm.Session.remove:193 
11-24 18:25:46.508  2249  2249 D LifecycleMonitor: Lifecycle status change: br.com.catbag.gifreduxsample.ui.GifListActivity@7d52b66 in: STOPPED
11-24 18:25:46.509  2249  2249 D LifecycleMonitor: Lifecycle status change: br.com.catbag.gifreduxsample.ui.GifListActivity@7d52b66 in: DESTROYED
11-24 18:25:46.532  1238  1249 I WindowManager: Destroying surface Surface(name=br.com.catbag.gifreduxsample/br.com.catbag.gifreduxsample.ui.GifListActivity) called by com.android.server.wm.WindowStateAnimator.destroySurface:2014 com.android.server.wm.WindowStateAnimator.destroySurfaceLocked:881 com.android.server.wm.WindowState.removeLocked:1449 com.android.server.wm.WindowManagerService.removeWindowInnerLocked:2478 com.android.server.wm.WindowManagerService.removeWindowLocked:2436 com.android.server.wm.WindowManagerService.removeWindowLocked:2305 com.android.server.wm.WindowManagerService.removeWindow:2300 com.android.server.wm.Session.remove:193 
11-24 18:25:46.612  2249  2264 I TestRunner: finished: whenPlayGifTest(br.com.catbag.gifreduxsample.ui.giflist.GifListActivityTest)
11-24 18:25:46.617  2249  2249 D LifecycleMonitor: Lifecycle status change: br.com.catbag.gifreduxsample.ui.GifListActivity@551d341 in: PAUSED
11-24 18:25:46.709   979   979 D gralloc : Registering a buffer in the process that created it. This may cause memory ordering problems.
11-24 18:25:46.710   979   979 E libEGL  : called unimplemented OpenGL ES API
11-24 18:25:46.710   979   979 E SurfaceFlinger: glCheckFramebufferStatusOES error 2110376990
11-24 18:25:46.710   979   979 E SurfaceFlinger: got GL_FRAMEBUFFER_COMPLETE_OES error while taking screenshot
11-24 18:25:46.713  1238  1659 W WindowManager: Screenshot failure taking screenshot for (480x800) to layer 21005
11-24 18:25:46.754  2249  2249 I MonitoringInstrumentation: Activities that are still in CREATED to STOPPED: 1
11-24 18:25:46.755  2249  2264 I TestRunner: started: whenGifDownloadFailTest(br.com.catbag.gifreduxsample.ui.giflist.GifListActivityTest)
11-24 18:25:46.784  2249  2249 I MonitoringInstrumentation: Activities that are still in CREATED to STOPPED: 1
11-24 18:25:46.798  2249  2265 I DroidFlux:Dispatcher: [STARTED] dispatch of action [FAKE_REDUCE_ACTION]
11-24 18:25:46.799  2249  2265 I DroidFlux:Dispatcher: [COMPLETED] dispatch of action [FAKE_REDUCE_ACTION]
11-24 18:25:46.800  2249  2299 D ActivityTestRule: Launching activity br.com.catbag.gifreduxsample.ui.GifListActivity
11-24 18:25:46.862  2249  2300 D MonitoringInstrumentation: execStartActivity(context, ibinder, ibinder, activity, intent, int, bundle
11-24 18:25:46.867  1238  1250 I ActivityManager: START u0 {flg=0x10000000 cmp=br.com.catbag.gifreduxsample/.ui.GifListActivity} from uid 10060 on display 0
11-24 18:25:47.015  2249  2249 D LifecycleMonitor: Lifecycle status change: br.com.catbag.gifreduxsample.ui.GifListActivity@485859 in: PRE_ON_CREATE
11-24 18:25:47.042  2249  2249 D LifecycleMonitor: Lifecycle status change: br.com.catbag.gifreduxsample.ui.GifListActivity@485859 in: CREATED
11-24 18:25:47.049  2249  2265 I DroidFlux:Dispatcher: [STARTED] dispatch of action [APP_STATE_LOAD]
11-24 18:25:47.050  2249  2265 D DroidFlux:Dispatcher: An action of type [APP_STATE_LOAD] was dispatched, but no reducer handled it
11-24 18:25:47.050  2249  2265 I DroidFlux:Dispatcher: [COMPLETED] dispatch of action [APP_STATE_LOAD]
11-24 18:25:47.068  2249  2249 D LifecycleMonitor: Lifecycle status change: br.com.catbag.gifreduxsample.ui.GifListActivity@485859 in: STARTED
11-24 18:25:47.070  2249  2249 D LifecycleMonitor: Lifecycle status change: br.com.catbag.gifreduxsample.ui.GifListActivity@485859 in: RESUMED
11-24 18:25:47.248  1238  1250 I WindowManager: Destroying surface Surface(name=com.android.launcher3/com.android.launcher3.Launcher) called by com.android.server.wm.WindowStateAnimator.destroySurface:2014 com.android.server.wm.WindowStateAnimator.destroySurfaceLocked:881 com.android.server.wm.WindowState.destroyOrSaveSurface:2073 com.android.server.wm.AppWindowToken.destroySurfaces:363 com.android.server.wm.AppWindowToken.notifyAppStopped:389 com.android.server.wm.WindowManagerService.notifyAppStopped:4456 com.android.server.am.ActivityStack.activityStoppedLocked:1252 com.android.server.am.ActivityManagerService.activityStopped:6873 
11-24 18:25:47.290  2249  2249 D LifecycleMonitor: Lifecycle status change: br.com.catbag.gifreduxsample.ui.GifListActivity@551d341 in: STOPPED
11-24 18:25:47.299  2249  2249 D LifecycleMonitor: Lifecycle status change: br.com.catbag.gifreduxsample.ui.GifListActivity@551d341 in: DESTROYED
11-24 18:25:47.453  1238  1455 I WindowManager: Destroying surface Surface(name=br.com.catbag.gifreduxsample/br.com.catbag.gifreduxsample.ui.GifListActivity) called by com.android.server.wm.WindowStateAnimator.destroySurface:2014 com.android.server.wm.WindowStateAnimator.destroySurfaceLocked:881 com.android.server.wm.WindowState.removeLocked:1449 com.android.server.wm.WindowManagerService.removeWindowInnerLocked:2478 com.android.server.wm.WindowManagerService.removeWindowLocked:2436 com.android.server.wm.WindowManagerService.removeWindowLocked:2305 com.android.server.wm.WindowManagerService.removeWindow:2300 com.android.server.wm.Session.remove:193 
11-24 18:25:47.460  2249  2249 I Choreographer: Skipped 53 frames!  The application may be doing too much work on its main thread.
11-24 18:25:47.645  1238  1260 I ActivityManager: Displayed br.com.catbag.gifreduxsample/.ui.GifListActivity: +653ms
11-24 18:25:47.708  2249  2249 D LifecycleMonitor: Lifecycle status change: br.com.catbag.gifreduxsample.ui.GifListActivity@485859 in: PAUSED
11-24 18:25:47.718  2249  2264 I TestRunner: finished: whenGifDownloadFailTest(br.com.catbag.gifreduxsample.ui.giflist.GifListActivityTest)
11-24 18:25:47.818   979   979 D gralloc : Registering a buffer in the process that created it. This may cause memory ordering problems.
11-24 18:25:47.818   979   979 E libEGL  : called unimplemented OpenGL ES API
11-24 18:25:47.819   979   979 E SurfaceFlinger: glCheckFramebufferStatusOES error 2110376990
11-24 18:25:47.819   979   979 E SurfaceFlinger: got GL_FRAMEBUFFER_COMPLETE_OES error while taking screenshot
11-24 18:25:47.820  1238  1452 W WindowManager: Screenshot failure taking screenshot for (480x800) to layer 22010
11-24 18:25:47.829  1238  1252 W art     : Long monitor contention with owner Binder:1238_4 (1452) at void com.android.server.am.ActivityManagerService.activityPaused(android.os.IBinder)(ActivityManagerService.java:6849) waiters=0 in void com.android.server.am.ActivityStackSupervisor$ActivityStackSupervisorHandler.activityIdleInternal(com.android.server.am.ActivityRecord) for 111ms
11-24 18:25:47.848  2249  2249 I Choreographer: Skipped 36 frames!  The application may be doing too much work on its main thread.
11-24 18:25:47.900  1238  1260 I WindowManager: Destroying surface Surface(name=Starting br.com.catbag.gifreduxsample) called by com.android.server.wm.WindowStateAnimator.destroySurface:2014 com.android.server.wm.WindowStateAnimator.destroySurfaceLocked:881 com.android.server.wm.WindowState.removeLocked:1449 com.android.server.wm.WindowManagerService.removeWindowInnerLocked:2478 com.android.server.wm.AppWindowToken.destroySurfaces:365 com.android.server.wm.WindowStateAnimator.finishExit:565 com.android.server.wm.WindowStateAnimator.stepAnimationLocked:491 com.android.server.wm.WindowAnimator.updateWindowsLocked:303 
11-24 18:25:47.903  2249  2249 I MonitoringInstrumentation: Activities that are still in CREATED to STOPPED: 1
11-24 18:25:47.905  2249  2264 I TestRunner: started: whenPauseGifTest(br.com.catbag.gifreduxsample.ui.giflist.GifListActivityTest)
11-24 18:25:47.908  2249  2249 I MonitoringInstrumentation: Activities that are still in CREATED to STOPPED: 1
11-24 18:25:47.943  2249  2265 I DroidFlux:Dispatcher: [STARTED] dispatch of action [FAKE_REDUCE_ACTION]
11-24 18:25:47.944  2249  2265 I DroidFlux:Dispatcher: [COMPLETED] dispatch of action [FAKE_REDUCE_ACTION]
11-24 18:25:47.972  2249  2301 D ActivityTestRule: Launching activity br.com.catbag.gifreduxsample.ui.GifListActivity
11-24 18:25:48.129  2249  2302 D MonitoringInstrumentation: execStartActivity(context, ibinder, ibinder, activity, intent, int, bundle
11-24 18:25:48.135  1238  1659 I ActivityManager: START u0 {flg=0x10000000 cmp=br.com.catbag.gifreduxsample/.ui.GifListActivity} from uid 10060 on display 0
11-24 18:25:48.218  2249  2249 D LifecycleMonitor: Lifecycle status change: br.com.catbag.gifreduxsample.ui.GifListActivity@134cdf5 in: PRE_ON_CREATE
11-24 18:25:48.275  2249  2249 D LifecycleMonitor: Lifecycle status change: br.com.catbag.gifreduxsample.ui.GifListActivity@134cdf5 in: CREATED
11-24 18:25:48.314  2249  2249 D LifecycleMonitor: Lifecycle status change: br.com.catbag.gifreduxsample.ui.GifListActivity@134cdf5 in: STARTED
11-24 18:25:48.342  2249  2249 D LifecycleMonitor: Lifecycle status change: br.com.catbag.gifreduxsample.ui.GifListActivity@134cdf5 in: RESUMED
11-24 18:25:48.352  2249  2265 I DroidFlux:Dispatcher: [STARTED] dispatch of action [APP_STATE_LOAD]
11-24 18:25:48.353  2249  2265 D DroidFlux:Dispatcher: An action of type [APP_STATE_LOAD] was dispatched, but no reducer handled it
11-24 18:25:48.353  2249  2265 I DroidFlux:Dispatcher: [COMPLETED] dispatch of action [APP_STATE_LOAD]
11-24 18:25:48.585  1238  1260 I ActivityManager: Displayed br.com.catbag.gifreduxsample/.ui.GifListActivity: +380ms
11-24 18:25:48.650  2249  2249 I ViewInteraction: Performing 'single click' action on view with id: br.com.catbag.gifreduxsample:id/gif_image
11-24 18:25:48.823  1238  1260 I WindowManager: Destroying surface Surface(name=Starting br.com.catbag.gifreduxsample) called by com.android.server.wm.WindowStateAnimator.destroySurface:2014 com.android.server.wm.WindowStateAnimator.destroySurfaceLocked:881 com.android.server.wm.WindowState.destroyOrSaveSurface:2073 com.android.server.wm.AppWindowToken.destroySurfaces:363 com.android.server.wm.WindowStateAnimator.finishExit:565 com.android.server.wm.WindowStateAnimator.stepAnimationLocked:491 com.android.server.wm.WindowAnimator.updateWindowsLocked:303 com.android.server.wm.WindowAnimator.animateLocked:704 
11-24 18:25:48.874  2249  2265 I DroidFlux:Dispatcher: [STARTED] dispatch of action [GIF_PAUSE]
11-24 18:25:48.875  2249  2265 I DroidFlux:Dispatcher: [COMPLETED] dispatch of action [GIF_PAUSE]
11-24 18:25:49.327  2249  2249 D LifecycleMonitor: Lifecycle status change: br.com.catbag.gifreduxsample.ui.GifListActivity@485859 in: STOPPED
11-24 18:25:49.340  2249  2249 D LifecycleMonitor: Lifecycle status change: br.com.catbag.gifreduxsample.ui.GifListActivity@485859 in: DESTROYED
11-24 18:25:49.344  1238  1342 I WindowManager: Destroying surface Surface(name=br.com.catbag.gifreduxsample/br.com.catbag.gifreduxsample.ui.GifListActivity) called by com.android.server.wm.WindowStateAnimator.destroySurface:2014 com.android.server.wm.WindowStateAnimator.destroySurfaceLocked:881 com.android.server.wm.WindowState.removeLocked:1449 com.android.server.wm.WindowManagerService.removeWindowInnerLocked:2478 com.android.server.wm.WindowManagerService.removeWindowLocked:2436 com.android.server.wm.WindowManagerService.removeWindowLocked:2305 com.android.server.wm.WindowManagerService.removeWindow:2300 com.android.server.wm.Session.remove:193 
11-24 18:25:49.372  1238  1634 I WindowManager: Destroying surface Surface(name=com.android.launcher3/com.android.launcher3.Launcher) called by com.android.server.wm.WindowStateAnimator.destroySurface:2014 com.android.server.wm.WindowStateAnimator.destroySurfaceLocked:881 com.android.server.wm.WindowState.destroyOrSaveSurface:2073 com.android.server.wm.AppWindowToken.destroySurfaces:363 com.android.server.wm.AppWindowToken.notifyAppStopped:389 com.android.server.wm.WindowManagerService.notifyAppStopped:4456 com.android.server.am.ActivityStack.activityStoppedLocked:1252 com.android.server.am.ActivityManagerService.activityStopped:6873 
11-24 18:25:49.460  2249  2249 D LifecycleMonitor: Lifecycle status change: br.com.catbag.gifreduxsample.ui.GifListActivity@134cdf5 in: PAUSED
11-24 18:25:49.463  2249  2264 I TestRunner: finished: whenPauseGifTest(br.com.catbag.gifreduxsample.ui.giflist.GifListActivityTest)
11-24 18:25:49.550   979   979 D gralloc : Registering a buffer in the process that created it. This may cause memory ordering problems.
11-24 18:25:49.551   979   979 E libEGL  : called unimplemented OpenGL ES API
11-24 18:25:49.551   979   979 E SurfaceFlinger: glCheckFramebufferStatusOES error 2110376990
11-24 18:25:49.558   979   979 E SurfaceFlinger: got GL_FRAMEBUFFER_COMPLETE_OES error while taking screenshot
11-24 18:25:49.564  1238  1250 W WindowManager: Screenshot failure taking screenshot for (480x800) to layer 21005
11-24 18:25:49.573  2249  2249 I MonitoringInstrumentation: Activities that are still in CREATED to STOPPED: 1
11-24 18:25:49.576  2249  2264 I TestRunner: started: whenLoadMultipleGifsOnAppStateTest(br.com.catbag.gifreduxsample.ui.giflist.GifListActivityTest)
11-24 18:25:49.578  2249  2249 I MonitoringInstrumentation: Activities that are still in CREATED to STOPPED: 1
11-24 18:25:49.613  2249  2265 I DroidFlux:Dispatcher: [STARTED] dispatch of action [FAKE_REDUCE_ACTION]
11-24 18:25:49.614  2249  2265 I DroidFlux:Dispatcher: [COMPLETED] dispatch of action [FAKE_REDUCE_ACTION]
11-24 18:25:49.617  2249  2303 D ActivityTestRule: Launching activity br.com.catbag.gifreduxsample.ui.GifListActivity
11-24 18:25:49.618  2249  2304 D MonitoringInstrumentation: execStartActivity(context, ibinder, ibinder, activity, intent, int, bundle
11-24 18:25:49.620  1238  1659 I ActivityManager: START u0 {flg=0x10000000 cmp=br.com.catbag.gifreduxsample/.ui.GifListActivity} from uid 10060 on display 0
11-24 18:25:49.770  1238  1681 I WindowManager: Destroying surface Surface(name=com.android.launcher3/com.android.launcher3.Launcher) called by com.android.server.wm.WindowStateAnimator.destroySurface:2014 com.android.server.wm.WindowStateAnimator.destroySurfaceLocked:881 com.android.server.wm.WindowState.destroyOrSaveSurface:2073 com.android.server.wm.WindowManagerService.tryStartExitingAnimation:3017 com.android.server.wm.WindowManagerService.relayoutWindow:2897 com.android.server.wm.Session.relayout:215 android.view.IWindowSession$Stub.onTransact:286 com.android.server.wm.Session.onTransact:136 
11-24 18:25:49.801  2249  2249 D LifecycleMonitor: Lifecycle status change: br.com.catbag.gifreduxsample.ui.GifListActivity@4389542 in: PRE_ON_CREATE
11-24 18:25:49.836  2249  2249 D LifecycleMonitor: Lifecycle status change: br.com.catbag.gifreduxsample.ui.GifListActivity@4389542 in: CREATED
11-24 18:25:49.902  2249  2249 D LifecycleMonitor: Lifecycle status change: br.com.catbag.gifreduxsample.ui.GifListActivity@4389542 in: STARTED
11-24 18:25:49.913  2249  2265 I DroidFlux:Dispatcher: [STARTED] dispatch of action [APP_STATE_LOAD]
11-24 18:25:49.913  2249  2265 D DroidFlux:Dispatcher: An action of type [APP_STATE_LOAD] was dispatched, but no reducer handled it
11-24 18:25:49.914  2249  2265 I DroidFlux:Dispatcher: [COMPLETED] dispatch of action [APP_STATE_LOAD]
11-24 18:25:49.915  2249  2249 D LifecycleMonitor: Lifecycle status change: br.com.catbag.gifreduxsample.ui.GifListActivity@4389542 in: RESUMED
11-24 18:25:50.098  2249  2250 I art     : Do partial code cache collection, code=121KB, data=122KB
11-24 18:25:50.099  2249  2250 I art     : After code cache collection, code=120KB, data=122KB
11-24 18:25:50.099  2249  2250 I art     : Increasing code cache capacity to 512KB
11-24 18:25:50.593  2249  2249 W ResourceType: No package identifier when getting name for resource number 0x000000f5
11-24 18:25:50.593  2249  2249 I ViewInteraction: Performing 'scroll RecyclerView to position: 2' action on view with id: 245 (resource name not found)
11-24 18:25:50.619  1238  1260 I ActivityManager: Displayed br.com.catbag.gifreduxsample/.ui.GifListActivity: +890ms
11-24 18:25:50.697  2249  2249 D LifecycleMonitor: Lifecycle status change: br.com.catbag.gifreduxsample.ui.GifListActivity@134cdf5 in: STOPPED
11-24 18:25:50.711  2249  2249 D LifecycleMonitor: Lifecycle status change: br.com.catbag.gifreduxsample.ui.GifListActivity@134cdf5 in: DESTROYED
11-24 18:25:50.870  1238  1260 I WindowManager: Destroying surface Surface(name=Starting br.com.catbag.gifreduxsample) called by com.android.server.wm.WindowStateAnimator.destroySurface:2014 com.android.server.wm.WindowStateAnimator.destroySurfaceLocked:881 com.android.server.wm.WindowState.destroyOrSaveSurface:2073 com.android.server.wm.AppWindowToken.destroySurfaces:363 com.android.server.wm.WindowStateAnimator.finishExit:565 com.android.server.wm.WindowStateAnimator.stepAnimationLocked:491 com.android.server.wm.WindowAnimator.updateWindowsLocked:303 com.android.server.wm.WindowAnimator.animateLocked:704 
11-24 18:25:50.922  1238  1659 I WindowManager: Destroying surface Surface(name=br.com.catbag.gifreduxsample/br.com.catbag.gifreduxsample.ui.GifListActivity) called by com.android.server.wm.WindowStateAnimator.destroySurface:2014 com.android.server.wm.WindowStateAnimator.destroySurfaceLocked:881 com.android.server.wm.WindowState.removeLocked:1449 com.android.server.wm.WindowManagerService.removeWindowInnerLocked:2478 com.android.server.wm.WindowManagerService.removeWindowLocked:2436 com.android.server.wm.WindowManagerService.removeWindowLocked:2305 com.android.server.wm.WindowManagerService.removeWindow:2300 com.android.server.wm.Session.remove:193 
11-24 18:25:50.928  2249  2249 I Choreographer: Skipped 60 frames!  The application may be doing too much work on its main thread.
11-24 18:25:50.957  2249  2249 W ResourceType: No package identifier when getting name for resource number 0x000000f5
11-24 18:25:50.972  2249  2249 W ResourceType: No package identifier when getting name for resource number 0x000000fc
11-24 18:25:50.972  2249  2249 I ViewInteraction: Performing 'scroll RecyclerView to position: 3' action on view with id: 252 (resource name not found)
11-24 18:25:51.064  2249  2260 I art     : Background sticky concurrent mark sweep GC freed 19558(1173KB) AllocSpace objects, 3(64KB) LOS objects, 12% free, 12MB/13MB, paused 5.810ms total 57.331ms
11-24 18:25:51.256  2249  2249 W ResourceType: No package identifier when getting name for resource number 0x000000fc
11-24 18:25:51.283  2249  2249 W ResourceType: No package identifier when getting name for resource number 0x00000103
11-24 18:25:51.283  2249  2249 I ViewInteraction: Performing 'scroll RecyclerView to position: 4' action on view with id: 259 (resource name not found)
11-24 18:25:51.595  2249  2249 W ResourceType: No package identifier when getting name for resource number 0x00000103
11-24 18:25:51.623  2249  2249 W ResourceType: No package identifier when getting name for resource number 0x0000010a
11-24 18:25:51.623  2249  2249 I ViewInteraction: Performing 'scroll RecyclerView to position: 5' action on view with id: 266 (resource name not found)
11-24 18:25:51.833  1238  1325 E TaskPersister: File error accessing recents directory (directory doesn't exist?).
11-24 18:25:51.915  2249  2249 W ResourceType: No package identifier when getting name for resource number 0x0000010a
11-24 18:25:51.948  2249  2249 W ResourceType: No package identifier when getting name for resource number 0x00000111
11-24 18:25:51.948  2249  2249 I ViewInteraction: Performing 'scroll RecyclerView to position: 6' action on view with id: 273 (resource name not found)
11-24 18:25:52.011  2249  2260 I art     : Background sticky concurrent mark sweep GC freed 10278(980KB) AllocSpace objects, 6(128KB) LOS objects, 5% free, 12MB/13MB, paused 9.659ms total 91.481ms
11-24 18:25:52.264  2249  2249 W ResourceType: No package identifier when getting name for resource number 0x00000111
11-24 18:25:52.282  2249  2249 W ResourceType: No package identifier when getting name for resource number 0x00000118
11-24 18:25:52.283  2249  2249 I ViewInteraction: Performing 'scroll RecyclerView to position: 7' action on view with id: 280 (resource name not found)
11-24 18:25:52.346  2249  2260 I art     : Background sticky concurrent mark sweep GC freed 3433(326KB) AllocSpace objects, 3(64KB) LOS objects, 3% free, 13MB/13MB, paused 6.873ms total 49.120ms
11-24 18:25:52.566  2249  2249 W ResourceType: No package identifier when getting name for resource number 0x00000118
11-24 18:25:52.580  2249  2249 W ResourceType: No package identifier when getting name for resource number 0x0000011f
11-24 18:25:52.580  2249  2249 I ViewInteraction: Performing 'scroll RecyclerView to position: 8' action on view with id: 287 (resource name not found)
11-24 18:25:52.652  2249  2260 I art     : Background partial concurrent mark sweep GC freed 8022(556KB) AllocSpace objects, 6(128KB) LOS objects, 23% free, 13MB/17MB, paused 5.060ms total 67.461ms
11-24 18:25:52.887  2249  2249 W ResourceType: No package identifier when getting name for resource number 0x0000011f
11-24 18:25:52.904  2249  2249 W ResourceType: No package identifier when getting name for resource number 0x00000126
11-24 18:25:52.904  2249  2249 I ViewInteraction: Performing 'scroll RecyclerView to position: 9' action on view with id: 294 (resource name not found)
11-24 18:25:53.197  2249  2249 W ResourceType: No package identifier when getting name for resource number 0x00000126
11-24 18:25:53.266  2249  2264 I TestRunner: finished: whenLoadMultipleGifsOnAppStateTest(br.com.catbag.gifreduxsample.ui.giflist.GifListActivityTest)
11-24 18:25:53.291  2249  2249 D LifecycleMonitor: Lifecycle status change: br.com.catbag.gifreduxsample.ui.GifListActivity@4389542 in: PAUSED
11-24 18:25:53.372   979   979 D gralloc : Registering a buffer in the process that created it. This may cause memory ordering problems.
11-24 18:25:53.372   979   979 E libEGL  : called unimplemented OpenGL ES API
11-24 18:25:53.373   979   979 E SurfaceFlinger: glCheckFramebufferStatusOES error 2110376990
11-24 18:25:53.373   979   979 E SurfaceFlinger: got GL_FRAMEBUFFER_COMPLETE_OES error while taking screenshot
11-24 18:25:53.385  1238  1634 W WindowManager: Screenshot failure taking screenshot for (480x800) to layer 21005
11-24 18:25:53.438  2249  2249 I MonitoringInstrumentation: Activities that are still in CREATED to STOPPED: 1
11-24 18:25:53.442  2249  2264 I TestRunner: run finished: 15 tests, 0 failed, 0 ignored
11-24 18:25:53.708  2249  2264 I MonitoringInstrumentation: Unstopped activity count: 1
11-24 18:25:53.753  2249  2249 I MonitoringInstrumentation: Activities that are still in CREATED to STOPPED: 1
11-24 18:25:53.762  2249  2264 I MonitoringInstrumentation: Unstopped activity count: 1
11-24 18:25:53.770  1725  1725 I Choreographer: Skipped 53 frames!  The application may be doing too much work on its main thread.
11-24 18:25:53.822  2249  2264 I MonitoringInstrumentation: Unstopped activity count: 1
11-24 18:25:53.882  2249  2264 I MonitoringInstrumentation: Unstopped activity count: 1
11-24 18:25:53.942  2249  2264 I MonitoringInstrumentation: Unstopped activity count: 1
11-24 18:25:53.970  2249  2249 D LifecycleMonitor: Lifecycle status change: br.com.catbag.gifreduxsample.ui.GifListActivity@4389542 in: STOPPED
11-24 18:25:53.970  2249  2249 D LifecycleMonitor: Lifecycle status change: br.com.catbag.gifreduxsample.ui.GifListActivity@4389542 in: DESTROYED
11-24 18:25:54.002  2249  2264 I MonitoringInstrumentation: waitForActivitiesToComplete() took: 295ms
11-24 18:25:54.030  1238  1249 I ActivityManager: Force stopping br.com.catbag.gifreduxsample appid=10060 user=0: finished inst
11-24 18:25:54.036  2239  2239 D AndroidRuntime: Shutting down VM
11-24 18:25:54.051  1238  1249 I ActivityManager: Killing 2249:br.com.catbag.gifreduxsample/u0a60 (adj 0): stop br.com.catbag.gifreduxsample
11-24 18:25:54.052  2239  2239 I art     : WaitForGcToComplete blocked for 10.804ms for cause Background
11-24 18:25:54.116  1238  1260 I WindowManager: Destroying surface Surface(name=br.com.catbag.gifreduxsample/br.com.catbag.gifreduxsample.ui.GifListActivity) called by com.android.server.wm.WindowStateAnimator.destroySurface:2014 com.android.server.wm.WindowStateAnimator.destroySurfaceLocked:881 com.android.server.wm.WindowState.removeLocked:1449 com.android.server.wm.WindowManagerService.removeWindowInnerLocked:2478 com.android.server.wm.AppWindowToken.destroySurfaces:365 com.android.server.wm.WindowStateAnimator.finishExit:565 com.android.server.wm.WindowStateAnimator.stepAnimationLocked:491 com.android.server.wm.WindowAnimator.updateWindowsLocked:303 
11-24 18:25:54.832  2315  2315 D AndroidRuntime: >>>>>> START com.android.internal.os.RuntimeInit uid 2000 <<<<<<
11-24 18:25:54.835  2315  2315 D AndroidRuntime: CheckJNI is ON
11-24 18:25:54.895  2315  2315 W art     : Unexpected CPU variant for X86 using defaults: x86
11-24 18:25:54.907  2315  2315 D ICU     : No timezone override file found: /data/misc/zoneinfo/current/icu/icu_tzdata.dat
11-24 18:25:54.938  2315  2315 E memtrack: Couldn't load memtrack module (No such file or directory)
11-24 18:25:54.938  2315  2315 E android.os.Debug: failed to load memtrack module: -2
11-24 18:25:54.939  2315  2315 I Radio-JNI: register_android_hardware_Radio DONE
11-24 18:25:54.965  2315  2315 D AndroidRuntime: Calling main entry com.android.commands.pm.Pm
11-24 18:25:55.000  1238  1252 I ActivityManager: Force stopping br.com.catbag.gifreduxsample.test appid=10061 user=-1: deletePackageX
11-24 18:25:55.146  1238  1265 I art     : Starting a blocking GC Explicit
11-24 18:25:55.218  1238  1265 I art     : Explicit concurrent mark sweep GC freed 27840(1915KB) AllocSpace objects, 12(240KB) LOS objects, 33% free, 7MB/10MB, paused 6.486ms total 67.619ms
11-24 18:25:55.242  2315  2315 I art     : System.exit called, status: 0
11-24 18:25:55.242  2315  2315 I AndroidRuntime: VM exiting with result code 0.
11-24 18:25:55.275  1238  1265 I ActivityManager: Force stopping br.com.catbag.gifreduxsample.test appid=10061 user=0: pkg removed
11-24 18:25:55.427  1238  1252 W art     : Long monitor contention with owner PackageManager (1265) at int com.android.server.am.ActivityManagerService.broadcastIntent(android.app.IApplicationThread, android.content.Intent, java.lang.String, android.content.IIntentReceiver, int, java.lang.String, android.os.Bundle, java.lang.String[], int, android.os.Bundle, boolean, boolean, int)(ActivityManagerService.java:18249) waiters=0 in void com.android.server.am.ActivityStackSupervisor$ActivityStackSupervisorHandler.activityIdleInternal(com.android.server.am.ActivityRecord) for 149ms
11-24 18:25:55.451  1238  1279 I InputReader: Reconfiguring input devices.  changes=0x00000010
11-24 18:25:55.628  1439  1439 D CarrierSvcBindHelper: No carrier app for: 0
11-24 18:25:55.642  1238  1265 E KernelUidCpuTimeReader: failed to remove uid from uid_cputime module
11-24 18:25:55.642  1238  1265 E KernelUidCpuTimeReader: java.io.FileNotFoundException: /proc/uid_cputime/remove_uid_range (No such file or directory)
11-24 18:25:55.642  1238  1265 E KernelUidCpuTimeReader: 	at java.io.FileOutputStream.open(Native Method)
11-24 18:25:55.642  1238  1265 E KernelUidCpuTimeReader: 	at java.io.FileOutputStream.<init>(FileOutputStream.java:221)
11-24 18:25:55.642  1238  1265 E KernelUidCpuTimeReader: 	at java.io.FileOutputStream.<init>(FileOutputStream.java:108)
11-24 18:25:55.642  1238  1265 E KernelUidCpuTimeReader: 	at java.io.FileWriter.<init>(FileWriter.java:63)
11-24 18:25:55.642  1238  1265 E KernelUidCpuTimeReader: 	at com.android.internal.os.KernelUidCpuTimeReader.removeUid(KernelUidCpuTimeReader.java:158)
11-24 18:25:55.642  1238  1265 E KernelUidCpuTimeReader: 	at com.android.internal.os.BatteryStatsImpl.removeUidStatsLocked(BatteryStatsImpl.java:9805)
11-24 18:25:55.642  1238  1265 E KernelUidCpuTimeReader: 	at com.android.server.am.BatteryStatsService.removeUid(BatteryStatsService.java:291)
11-24 18:25:55.642  1238  1265 E KernelUidCpuTimeReader: 	at com.android.server.am.ActivityManagerService.broadcastIntentLocked(ActivityManagerService.java:17767)
11-24 18:25:55.642  1238  1265 E KernelUidCpuTimeReader: 	at com.android.server.am.ActivityManagerService.broadcastIntent(ActivityManagerService.java:18256)
11-24 18:25:55.642  1238  1265 E KernelUidCpuTimeReader: 	at com.android.server.pm.PackageManagerService$8.run(PackageManagerService.java:11407)
11-24 18:25:55.642  1238  1265 E KernelUidCpuTimeReader: 	at android.os.Handler.handleCallback(Handler.java:751)
11-24 18:25:55.642  1238  1265 E KernelUidCpuTimeReader: 	at android.os.Handler.dispatchMessage(Handler.java:95)
11-24 18:25:55.642  1238  1265 E KernelUidCpuTimeReader: 	at android.os.Looper.loop(Looper.java:154)
11-24 18:25:55.642  1238  1265 E KernelUidCpuTimeReader: 	at android.os.HandlerThread.run(HandlerThread.java:61)
11-24 18:25:55.642  1238  1265 E KernelUidCpuTimeReader: 	at com.android.server.ServiceThread.run(ServiceThread.java:46)
11-24 18:25:55.973  1238  1251 W LocationProviderProxy-network: Odd, no component found for service com.android.location.service.v3.NetworkLocationProvider
11-24 18:25:55.974  1238  1251 W GeocoderProxy: Odd, no component found for service com.android.location.service.GeocodeProvider
11-24 18:25:55.974  1238  1251 W GeofenceProxy: Odd, no component found for service com.android.location.service.GeofenceProvider
11-24 18:25:55.974  1238  1251 W ActivityRecognitionProxy: Odd, no component found for service com.android.location.service.ActivityRecognitionProvider
11-24 18:25:56.285  2327  2327 D AndroidRuntime: >>>>>> START com.android.internal.os.RuntimeInit uid 2000 <<<<<<
11-24 18:25:56.294  2327  2327 D AndroidRuntime: CheckJNI is ON
11-24 18:25:56.353  2327  2327 W art     : Unexpected CPU variant for X86 using defaults: x86
11-24 18:25:56.357  2327  2327 D ICU     : No timezone override file found: /data/misc/zoneinfo/current/icu/icu_tzdata.dat
11-24 18:25:56.383  2327  2327 E memtrack: Couldn't load memtrack module (No such file or directory)
11-24 18:25:56.383  2327  2327 E android.os.Debug: failed to load memtrack module: -2
11-24 18:25:56.384  2327  2327 I Radio-JNI: register_android_hardware_Radio DONE
11-24 18:25:56.414  1725  1725 I Choreographer: Skipped 81 frames!  The application may be doing too much work on its main thread.
11-24 18:25:56.434  2327  2327 D AndroidRuntime: Calling main entry com.android.commands.pm.Pm
11-24 18:25:56.617  1238  1252 I ActivityManager: Force stopping br.com.catbag.gifreduxsample appid=10060 user=-1: deletePackageX
11-24 18:25:56.628  1238  1265 I art     : Starting a blocking GC Explicit
11-24 18:25:56.682  1238  1265 I art     : Explicit concurrent mark sweep GC freed 30540(1590KB) AllocSpace objects, 7(140KB) LOS objects, 33% free, 6MB/10MB, paused 5.844ms total 50.824ms
11-24 18:25:56.693  2327  2327 I art     : System.exit called, status: 0
11-24 18:25:56.693  2327  2327 I AndroidRuntime: VM exiting with result code 0.
11-24 18:25:57.032  1238  1265 I ActivityManager: Force stopping br.com.catbag.gifreduxsample appid=10060 user=0: pkg removed
11-24 18:25:57.201  1238  1279 I InputReader: Reconfiguring input devices.  changes=0x00000010
11-24 18:25:57.228  1238  1265 E KernelUidCpuTimeReader: failed to remove uid from uid_cputime module
11-24 18:25:57.228  1238  1265 E KernelUidCpuTimeReader: java.io.FileNotFoundException: /proc/uid_cputime/remove_uid_range (No such file or directory)
11-24 18:25:57.228  1238  1265 E KernelUidCpuTimeReader: 	at java.io.FileOutputStream.open(Native Method)
11-24 18:25:57.228  1238  1265 E KernelUidCpuTimeReader: 	at java.io.FileOutputStream.<init>(FileOutputStream.java:221)
11-24 18:25:57.228  1238  1265 E KernelUidCpuTimeReader: 	at java.io.FileOutputStream.<init>(FileOutputStream.java:108)
11-24 18:25:57.228  1238  1265 E KernelUidCpuTimeReader: 	at java.io.FileWriter.<init>(FileWriter.java:63)
11-24 18:25:57.228  1238  1265 E KernelUidCpuTimeReader: 	at com.android.internal.os.KernelUidCpuTimeReader.removeUid(KernelUidCpuTimeReader.java:158)
11-24 18:25:57.228  1238  1265 E KernelUidCpuTimeReader: 	at com.android.internal.os.BatteryStatsImpl.removeUidStatsLocked(BatteryStatsImpl.java:9805)
11-24 18:25:57.228  1238  1265 E KernelUidCpuTimeReader: 	at com.android.server.am.BatteryStatsService.removeUid(BatteryStatsService.java:291)
11-24 18:25:57.228  1238  1265 E KernelUidCpuTimeReader: 	at com.android.server.am.ActivityManagerService.broadcastIntentLocked(ActivityManagerService.java:17767)
11-24 18:25:57.228  1238  1265 E KernelUidCpuTimeReader: 	at com.android.server.am.ActivityManagerService.broadcastIntent(ActivityManagerService.java:18256)
11-24 18:25:57.228  1238  1265 E KernelUidCpuTimeReader: 	at com.android.server.pm.PackageManagerService$8.run(PackageManagerService.java:11407)
11-24 18:25:57.228  1238  1265 E KernelUidCpuTimeReader: 	at android.os.Handler.handleCallback(Handler.java:751)
11-24 18:25:57.228  1238  1265 E KernelUidCpuTimeReader: 	at android.os.Handler.dispatchMessage(Handler.java:95)
11-24 18:25:57.228  1238  1265 E KernelUidCpuTimeReader: 	at android.os.Looper.loop(Looper.java:154)
11-24 18:25:57.228  1238  1265 E KernelUidCpuTimeReader: 	at android.os.HandlerThread.run(HandlerThread.java:61)
11-24 18:25:57.228  1238  1265 E KernelUidCpuTimeReader: 	at com.android.server.ServiceThread.run(ServiceThread.java:46)
11-24 18:25:57.389  1439  1439 D CarrierSvcBindHelper: No carrier app for: 0
11-24 18:25:57.568  1238  1325 E TaskPersister: File error accessing recents directory (directory doesn't exist?).
11-24 18:25:57.685  1238  1251 W LocationProviderProxy-network: Odd, no component found for service com.android.location.service.v3.NetworkLocationProvider
11-24 18:25:57.686  1238  1251 W GeocoderProxy: Odd, no component found for service com.android.location.service.GeocodeProvider
11-24 18:25:57.686  1238  1251 W GeofenceProxy: Odd, no component found for service com.android.location.service.GeofenceProvider
11-24 18:25:57.686  1238  1251 W ActivityRecognitionProxy: Odd, no component found for service com.android.location.service.ActivityRecognitionProvider
11-24 18:25:57.771  1725  1737 I art     : Background partial concurrent mark sweep GC freed 4367(282KB) AllocSpace objects, 7(124KB) LOS objects, 39% free, 3MB/6MB, paused 46.590ms total 725.837ms
11-24 18:25:58.092  1725  1725 I Choreographer: Skipped 41 frames!  The application may be doing too much work on its main thread.
11-24 18:25:58.347  1725  1725 I Choreographer: Skipped 38 frames!  The application may be doing too much work on its main thread.
11-24 18:25:58.759  1352  1372 I art     : Background partial concurrent mark sweep GC freed 19970(915KB) AllocSpace objects, 12(5MB) LOS objects, 39% free, 4MB/7MB, paused 13.104ms total 1.511s
11-24 18:25:58.818  2040  2053 W art     : Long monitor contention with owner main (2040) at android.os.Message android.os.MessageQueue.next()(MessageQueue.java:325) waiters=0 in boolean android.os.MessageQueue.enqueueMessage(android.os.Message, long) for 1.528s
