--------- beginning of main
11-26 12:25:12.350  2100  2100 D AndroidRuntime: >>>>>> START com.android.internal.os.RuntimeInit uid 2000 <<<<<<
11-26 12:25:12.391  2100  2100 D AndroidRuntime: CheckJNI is ON
11-26 12:25:12.601  2100  2100 W art     : Unexpected CPU variant for X86 using defaults: x86
11-26 12:25:12.683  2100  2100 D ICU     : No timezone override file found: /data/misc/zoneinfo/current/icu/icu_tzdata.dat
11-26 12:25:12.874  2100  2100 E memtrack: Couldn't load memtrack module (No such file or directory)
11-26 12:25:12.874  2100  2100 E android.os.Debug: failed to load memtrack module: -2
11-26 12:25:12.896  2100  2100 I Radio-JNI: register_android_hardware_Radio DONE
11-26 12:25:13.020  2100  2100 D AndroidRuntime: Calling main entry com.android.commands.am.Am
11-26 12:25:13.052  2100  2100 D AndroidRuntime: Shutting down VM
11-26 12:25:13.440  2110  2110 D AndroidRuntime: >>>>>> START com.android.internal.os.RuntimeInit uid 2000 <<<<<<
11-26 12:25:13.443  2110  2110 D AndroidRuntime: CheckJNI is ON
11-26 12:25:13.499  2110  2110 W art     : Unexpected CPU variant for X86 using defaults: x86
11-26 12:25:13.510  2110  2110 D ICU     : No timezone override file found: /data/misc/zoneinfo/current/icu/icu_tzdata.dat
11-26 12:25:13.551  2110  2110 E memtrack: Couldn't load memtrack module (No such file or directory)
11-26 12:25:13.551  2110  2110 E android.os.Debug: failed to load memtrack module: -2
11-26 12:25:13.552  2110  2110 I Radio-JNI: register_android_hardware_Radio DONE
11-26 12:25:13.575  2110  2110 D AndroidRuntime: Calling main entry com.android.commands.pm.Pm
11-26 12:25:13.687  2110  2110 I art     : System.exit called, status: 0
11-26 12:25:13.687  2110  2110 I AndroidRuntime: VM exiting with result code 0.
11-26 12:25:14.401  2121  2121 D AndroidRuntime: >>>>>> START com.android.internal.os.RuntimeInit uid 2000 <<<<<<
11-26 12:25:14.403  2121  2121 D AndroidRuntime: CheckJNI is ON
11-26 12:25:14.453  2121  2121 W art     : Unexpected CPU variant for X86 using defaults: x86
11-26 12:25:14.464  2121  2121 D ICU     : No timezone override file found: /data/misc/zoneinfo/current/icu/icu_tzdata.dat
11-26 12:25:14.492  2121  2121 E memtrack: Couldn't load memtrack module (No such file or directory)
11-26 12:25:14.492  2121  2121 E android.os.Debug: failed to load memtrack module: -2
11-26 12:25:14.493  2121  2121 I Radio-JNI: register_android_hardware_Radio DONE
11-26 12:25:14.515  2121  2121 D AndroidRuntime: Calling main entry com.android.commands.pm.Pm
11-26 12:25:14.565   996   996 I         : free_cache(7065920) avail 512573440
11-26 12:25:23.845  2121  2121 I art     : System.exit called, status: 0
11-26 12:25:23.845  2121  2121 I AndroidRuntime: VM exiting with result code 0.
11-26 12:25:24.169  2133  2133 D AndroidRuntime: >>>>>> START com.android.internal.os.RuntimeInit uid 2000 <<<<<<
11-26 12:25:24.172  2133  2133 D AndroidRuntime: CheckJNI is ON
11-26 12:25:24.229  2133  2133 W art     : Unexpected CPU variant for X86 using defaults: x86
11-26 12:25:24.240  2133  2133 D ICU     : No timezone override file found: /data/misc/zoneinfo/current/icu/icu_tzdata.dat
11-26 12:25:24.270  2133  2133 E memtrack: Couldn't load memtrack module (No such file or directory)
11-26 12:25:24.271  2133  2133 E android.os.Debug: failed to load memtrack module: -2
11-26 12:25:24.272  2133  2133 I Radio-JNI: register_android_hardware_Radio DONE
11-26 12:25:24.293  2133  2133 D AndroidRuntime: Calling main entry com.android.commands.pm.Pm
--------- beginning of system
11-26 12:25:24.644  1238  1264 W ActivityManager: Slow operation: 66ms so far, now at startProcess: returned from zygote!
11-26 12:25:24.644  1238  1264 W ActivityManager: Slow operation: 67ms so far, now at startProcess: done updating battery stats
11-26 12:25:24.646  1238  1264 W ActivityManager: Slow operation: 68ms so far, now at startProcess: building log message
11-26 12:25:24.648  1238  1264 I ActivityManager: Start proc 2143:com.android.defcontainer/u0a5 for service com.android.defcontainer/.DefaultContainerService
11-26 12:25:24.648  1238  1264 W ActivityManager: Slow operation: 70ms so far, now at startProcess: starting to update pids map
11-26 12:25:24.648  1238  1264 W ActivityManager: Slow operation: 70ms so far, now at startProcess: done updating pids map
11-26 12:25:24.649  1238  1264 W ActivityManager: Slow operation: 75ms so far, now at startProcess: done starting proc!
11-26 12:25:24.670  2143  2143 W art     : Unexpected CPU variant for X86 using defaults: x86
11-26 12:25:24.949  1238  1264 I PackageManager.DexOptimizer: Running dexopt (dex2oat) on: /data/app/vmdl1627752478.tmp/base.apk pkg=br.com.catbag.gifreduxsample isa=x86 vmSafeMode=false debuggable=true target-filter=interpret-only oatDir = /data/app/vmdl1627752478.tmp/oat sharedLibraries=null
11-26 12:25:24.988  2158  2158 W dex2oat : Unexpected CPU variant for X86 using defaults: x86
11-26 12:25:24.989  2158  2158 W dex2oat : Mismatch between dex2oat instruction set features (ISA: X86 Feature string: smp,-ssse3,-sse4.1,-sse4.2,-avx,-avx2,-lock_add,-popcnt) and those of dex2oat executable (ISA: X86 Feature string: smp,ssse3,-sse4.1,-sse4.2,-avx,-avx2,-lock_add,-popcnt) for the command line:
11-26 12:25:24.990  2158  2158 W dex2oat : /system/bin/dex2oat --zip-fd=6 --zip-location=base.apk --oat-fd=7 --oat-location=/data/app/vmdl1627752478.tmp/oat/x86/base.odex --instruction-set=x86 --instruction-set-variant=x86 --instruction-set-features=default --runtime-arg -Xms64m --runtime-arg -Xmx512m --compiler-filter=interpret-only --swap-fd=9 --debuggable
11-26 12:25:24.991  2158  2158 I dex2oat : /system/bin/dex2oat --compiler-filter=interpret-only --debuggable
11-26 12:25:27.559  2158  2158 W dex2oat : Before Android 4.1, method android.graphics.PorterDuffColorFilter android.support.graphics.drawable.VectorDrawableCompat.updateTintFilter(android.graphics.PorterDuffColorFilter, android.content.res.ColorStateList, android.graphics.PorterDuff$Mode) would have incorrectly overridden the package-private method in android.graphics.drawable.Drawable
11-26 12:25:27.701  2158  2158 W dex2oat : Before Android 4.1, method int android.support.v7.widget.ListViewCompat.lookForSelectablePosition(int, boolean) would have incorrectly overridden the package-private method in android.widget.ListView
11-26 12:25:28.948  2158  2158 W dex2oat : Verification of void android.support.v4.media.MediaBrowserCompat$CallbackHandler.handleMessage(android.os.Message) took 180.783ms
11-26 12:25:41.588  2158  2158 W dex2oat : Verification of void org.immutables.value.internal.$processor$.meta.$StyleMirror.<init>(javax.lang.model.element.AnnotationMirror) took 109.360ms
11-26 12:26:00.155  2158  2158 W dex2oat : Compilation of void android.support.v7.widget.RecyclerView$OnChildAttachStateChangeListener.onChildViewDetachedFromWindow(android.view.View) took 118.318ms
11-26 12:26:02.476  2158  2158 W dex2oat : Compilation of java.lang.Class com.fasterxml.jackson.databind.deser.std.MapDeserializer.getMapClass() took 259.075ms
11-26 12:26:07.389  2158  2158 W dex2oat : Compilation of java.util.Iterator org.immutables.value.internal.$guava$.base.$Splitter.splittingIterator(java.lang.CharSequence) took 165.810ms
11-26 12:26:11.525  2158  2158 I dex2oat : dex2oat took 46.539s (threads: 1) arena alloc=1402KB (1436528B) java alloc=7MB (8051088B) native alloc=13MB (14288048B) free=2MB (3144528B)
11-26 12:26:11.752  1238  1264 W PackageManager: Not granting permission android.permission.SET_DEBUG_APP to package br.com.catbag.gifreduxsample (protectionLevel=50 flags=0x3848be46)
11-26 12:26:11.877  1238  1264 V BackupManagerService: restoreAtInstall pkg=br.com.catbag.gifreduxsample token=1 restoreSet=0
11-26 12:26:11.886  1238  1264 W BackupManagerService: Requested unavailable transport: android/com.android.internal.backup.LocalTransport
11-26 12:26:11.886  1238  1264 W BackupManagerService: No transport
11-26 12:26:11.894  1238  1264 V BackupManagerService: Finishing install immediately
11-26 12:26:11.915  1238  1264 I art     : Starting a blocking GC Explicit
11-26 12:26:12.238  1238  1264 I art     : Explicit concurrent mark sweep GC freed 30255(1982KB) AllocSpace objects, 14(324KB) LOS objects, 33% free, 6MB/10MB, paused 5.011ms total 309.392ms
11-26 12:26:12.245   996   996 E         : Couldn't opendir /data/app/vmdl1627752478.tmp: No such file or directory
11-26 12:26:12.331  2133  2133 I art     : System.exit called, status: 0
11-26 12:26:12.331  2133  2133 I AndroidRuntime: VM exiting with result code 0.
11-26 12:26:12.368  1238  1276 I InputReader: Reconfiguring input devices.  changes=0x00000010
11-26 12:26:12.505  1449  1449 D CarrierSvcBindHelper: No carrier app for: 0
11-26 12:26:12.550  1449  1449 D CarrierConfigLoader: mHandler: 9 phoneId: 0
11-26 12:26:12.814  1238  1251 W VoiceInteractionManagerService: no available voice recognition services found for user 0
11-26 12:26:12.814  1238  1251 W LocationProviderProxy-network: Odd, no component found for service com.android.location.service.v3.NetworkLocationProvider
11-26 12:26:12.816  1238  1251 W GeocoderProxy: Odd, no component found for service com.android.location.service.GeocodeProvider
11-26 12:26:12.816  1238  1251 W GeofenceProxy: Odd, no component found for service com.android.location.service.GeofenceProvider
11-26 12:26:12.817  1238  1251 W ActivityRecognitionProxy: Odd, no component found for service com.android.location.service.ActivityRecognitionProvider
11-26 12:26:13.181  2165  2165 D AndroidRuntime: >>>>>> START com.android.internal.os.RuntimeInit uid 2000 <<<<<<
11-26 12:26:13.185  2165  2165 D AndroidRuntime: CheckJNI is ON
11-26 12:26:13.235  2165  2165 W art     : Unexpected CPU variant for X86 using defaults: x86
11-26 12:26:13.242  2165  2165 D ICU     : No timezone override file found: /data/misc/zoneinfo/current/icu/icu_tzdata.dat
11-26 12:26:13.267  2165  2165 E memtrack: Couldn't load memtrack module (No such file or directory)
11-26 12:26:13.267  2165  2165 E android.os.Debug: failed to load memtrack module: -2
11-26 12:26:13.268  2165  2165 I Radio-JNI: register_android_hardware_Radio DONE
11-26 12:26:13.305  2165  2165 D AndroidRuntime: Calling main entry com.android.commands.pm.Pm
11-26 12:26:13.335  2165  2165 I art     : System.exit called, status: 0
11-26 12:26:13.335  2165  2165 I AndroidRuntime: VM exiting with result code 0.
11-26 12:26:14.053  2184  2184 D AndroidRuntime: >>>>>> START com.android.internal.os.RuntimeInit uid 2000 <<<<<<
11-26 12:26:14.055  2184  2184 D AndroidRuntime: CheckJNI is ON
11-26 12:26:14.098  2184  2184 W art     : Unexpected CPU variant for X86 using defaults: x86
11-26 12:26:14.103  2184  2184 D ICU     : No timezone override file found: /data/misc/zoneinfo/current/icu/icu_tzdata.dat
11-26 12:26:14.146  2184  2184 E memtrack: Couldn't load memtrack module (No such file or directory)
11-26 12:26:14.146  2184  2184 E android.os.Debug: failed to load memtrack module: -2
11-26 12:26:14.146  2184  2184 I Radio-JNI: register_android_hardware_Radio DONE
11-26 12:26:14.163  2184  2184 D AndroidRuntime: Calling main entry com.android.commands.pm.Pm
11-26 12:26:14.191   996   996 I         : free_cache(2040942) avail 492625920
11-26 12:26:14.544  1238  1629 I ActivityManager: Start proc 2195:com.svox.pico/u0a46 for broadcast com.svox.pico/.VoiceDataInstallerReceiver
11-26 12:26:14.592  2195  2195 W art     : Unexpected CPU variant for X86 using defaults: x86
11-26 12:26:16.032  1238  1629 I ActivityManager: Killing 1465:com.android.settings:CryptKeeper/1000 (adj 906): empty #17
11-26 12:26:16.837  2184  2184 I art     : System.exit called, status: 0
11-26 12:26:16.837  2184  2184 I AndroidRuntime: VM exiting with result code 0.
11-26 12:26:17.212  2210  2210 D AndroidRuntime: >>>>>> START com.android.internal.os.RuntimeInit uid 2000 <<<<<<
11-26 12:26:17.215  2210  2210 D AndroidRuntime: CheckJNI is ON
11-26 12:26:17.289  2210  2210 W art     : Unexpected CPU variant for X86 using defaults: x86
11-26 12:26:17.294  2210  2210 D ICU     : No timezone override file found: /data/misc/zoneinfo/current/icu/icu_tzdata.dat
11-26 12:26:17.336  2210  2210 E memtrack: Couldn't load memtrack module (No such file or directory)
11-26 12:26:17.336  2210  2210 E android.os.Debug: failed to load memtrack module: -2
11-26 12:26:17.341  2210  2210 I Radio-JNI: register_android_hardware_Radio DONE
11-26 12:26:17.360  2210  2210 D AndroidRuntime: Calling main entry com.android.commands.pm.Pm
11-26 12:26:17.454  2143  2154 I art     : HomogeneousSpaceCompact marksweep + semispace GC freed 9819(547KB) AllocSpace objects, 0(0B) LOS objects, 39% free, 2MB/3MB, paused 491.136ms total 491.136ms
11-26 12:26:17.466  1238  1264 I PackageManager.DexOptimizer: Running dexopt (dex2oat) on: /data/app/vmdl583910473.tmp/base.apk pkg=br.com.catbag.gifreduxsample.test isa=x86 vmSafeMode=false debuggable=true target-filter=interpret-only oatDir = /data/app/vmdl583910473.tmp/oat sharedLibraries=/system/framework/android.test.runner.jar
11-26 12:26:17.481  2221  2221 W dex2oat : Unexpected CPU variant for X86 using defaults: x86
11-26 12:26:17.481  2221  2221 W dex2oat : Mismatch between dex2oat instruction set features (ISA: X86 Feature string: smp,-ssse3,-sse4.1,-sse4.2,-avx,-avx2,-lock_add,-popcnt) and those of dex2oat executable (ISA: X86 Feature string: smp,ssse3,-sse4.1,-sse4.2,-avx,-avx2,-lock_add,-popcnt) for the command line:
11-26 12:26:17.482  2221  2221 W dex2oat : /system/bin/dex2oat --zip-fd=6 --zip-location=base.apk --oat-fd=7 --oat-location=/data/app/vmdl583910473.tmp/oat/x86/base.odex --instruction-set=x86 --instruction-set-variant=x86 --instruction-set-features=default --runtime-arg -Xms64m --runtime-arg -Xmx512m --compiler-filter=interpret-only --swap-fd=9 --debuggable --runtime-arg -classpath --runtime-arg /system/framework/android.test.runner.jar
11-26 12:26:17.482  2221  2221 I dex2oat : /system/bin/dex2oat --compiler-filter=interpret-only --debuggable
11-26 12:26:38.268  2221  2221 W dex2oat : Compilation of int org.mockito.exceptions.Reporter.invalidArgumentPositionRangeAtInvocationTime(org.mockito.invocation.InvocationOnMock, boolean, int) took 189.900ms
11-26 12:26:39.058  2221  2221 I dex2oat : dex2oat took 21.577s (threads: 1) arena alloc=1408B (1408B) java alloc=3MB (3870112B) native alloc=6MB (6972928B) free=2MB (2464256B)
11-26 12:26:39.277  1238  1264 V BackupManagerService: restoreAtInstall pkg=br.com.catbag.gifreduxsample.test token=2 restoreSet=0
11-26 12:26:39.277  1238  1264 W BackupManagerService: Requested unavailable transport: android/com.android.internal.backup.LocalTransport
11-26 12:26:39.277  1238  1264 W BackupManagerService: No transport
11-26 12:26:39.290  1238  1264 V BackupManagerService: Finishing install immediately
11-26 12:26:39.309  1238  1264 I art     : Starting a blocking GC Explicit
11-26 12:26:39.377  1238  1264 I art     : Explicit concurrent mark sweep GC freed 37854(2MB) AllocSpace objects, 12(288KB) LOS objects, 33% free, 6MB/10MB, paused 5.585ms total 60.885ms
11-26 12:26:39.378   996   996 E         : Couldn't opendir /data/app/vmdl583910473.tmp: No such file or directory
11-26 12:26:39.436  2210  2210 I art     : System.exit called, status: 0
11-26 12:26:39.437  2210  2210 I AndroidRuntime: VM exiting with result code 0.
11-26 12:26:39.453  1238  1276 I InputReader: Reconfiguring input devices.  changes=0x00000010
11-26 12:26:39.512  1449  1449 D CarrierSvcBindHelper: No carrier app for: 0
11-26 12:26:39.516  1449  1449 D CarrierConfigLoader: mHandler: 9 phoneId: 0
11-26 12:26:39.662  1238  1251 W VoiceInteractionManagerService: no available voice recognition services found for user 0
11-26 12:26:39.662  1238  1251 W LocationProviderProxy-network: Odd, no component found for service com.android.location.service.v3.NetworkLocationProvider
11-26 12:26:39.663  1238  1251 W GeocoderProxy: Odd, no component found for service com.android.location.service.GeocodeProvider
11-26 12:26:39.664  1238  1251 W GeofenceProxy: Odd, no component found for service com.android.location.service.GeofenceProvider
11-26 12:26:39.664  1238  1251 W ActivityRecognitionProxy: Odd, no component found for service com.android.location.service.ActivityRecognitionProvider
11-26 12:26:39.857  1238  1238 W art     : Long monitor contention with owner backup (1610) at void com.android.server.backup.BackupManagerService$1.run()(BackupManagerService.java:1482) waiters=0 in void com.android.server.backup.BackupManagerService.scheduleNextFullBackupJob(long) for 351ms
11-26 12:26:40.007  2227  2227 D AndroidRuntime: >>>>>> START com.android.internal.os.RuntimeInit uid 2000 <<<<<<
11-26 12:26:40.015  2227  2227 D AndroidRuntime: CheckJNI is ON
11-26 12:26:40.064  2227  2227 W art     : Unexpected CPU variant for X86 using defaults: x86
11-26 12:26:40.073  2227  2227 D ICU     : No timezone override file found: /data/misc/zoneinfo/current/icu/icu_tzdata.dat
11-26 12:26:40.104  2227  2227 E memtrack: Couldn't load memtrack module (No such file or directory)
11-26 12:26:40.104  2227  2227 E android.os.Debug: failed to load memtrack module: -2
11-26 12:26:40.106  2227  2227 I Radio-JNI: register_android_hardware_Radio DONE
11-26 12:26:40.125  2227  2227 D AndroidRuntime: Calling main entry com.android.commands.am.Am
11-26 12:26:40.138  1238  1464 I ActivityManager: Force stopping br.com.catbag.gifreduxsample appid=10060 user=0: start instr
11-26 12:26:40.160  2237  2237 I art     : Not late-enabling -Xcheck:jni (already on)
11-26 12:26:40.160  2237  2237 W art     : Unexpected CPU variant for X86 using defaults: x86
11-26 12:26:40.170  1238  1464 I ActivityManager: Start proc 2237:br.com.catbag.gifreduxsample/u0a60 for added application br.com.catbag.gifreduxsample
11-26 12:26:40.202  2237  2237 W System  : ClassLoader referenced unknown path: /data/app/br.com.catbag.gifreduxsample.test-1/lib/x86
11-26 12:26:40.212  2237  2237 W System  : ClassLoader referenced unknown path: 
11-26 12:26:40.259  2237  2237 W System.err: java.io.FileNotFoundException: /jacoco.exec (Read-only file system)
11-26 12:26:40.261  2237  2237 W System.err: 	at java.io.FileOutputStream.open(Native Method)
11-26 12:26:40.261  2237  2237 W System.err: 	at java.io.FileOutputStream.<init>(FileOutputStream.java:221)
11-26 12:26:40.261  2237  2237 W System.err: 	at org.jacoco.agent.rt.internal_e6e56f0.output.FileOutput.openFile(FileOutput.java:67)
11-26 12:26:40.261  2237  2237 W System.err: 	at org.jacoco.agent.rt.internal_e6e56f0.output.FileOutput.startup(FileOutput.java:49)
11-26 12:26:40.261  2237  2237 W System.err: 	at org.jacoco.agent.rt.internal_e6e56f0.Agent.startup(Agent.java:122)
11-26 12:26:40.261  2237  2237 W System.err: 	at org.jacoco.agent.rt.internal_e6e56f0.Agent.getInstance(Agent.java:50)
11-26 12:26:40.261  2237  2237 W System.err: 	at org.jacoco.agent.rt.internal_e6e56f0.Offline.<clinit>(Offline.java:31)
11-26 12:26:40.262  2237  2237 W System.err: 	at org.jacoco.agent.rt.internal_e6e56f0.Offline.getProbes(Offline.java:51)
11-26 12:26:40.262  2237  2237 W System.err: 	at br.com.catbag.gifreduxsample.MyApp.$jacocoInit(MyApp.java)
11-26 12:26:40.262  2237  2237 W System.err: 	at br.com.catbag.gifreduxsample.MyApp.<clinit>(MyApp.java)
11-26 12:26:40.262  2237  2237 W System.err: 	at java.lang.Class.newInstance(Native Method)
11-26 12:26:40.262  2237  2237 W System.err: 	at android.app.Instrumentation.newApplication(Instrumentation.java:1007)
11-26 12:26:40.262  2237  2237 W System.err: 	at android.app.Instrumentation.newApplication(Instrumentation.java:992)
11-26 12:26:40.262  2237  2237 W System.err: 	at android.app.LoadedApk.makeApplication(LoadedApk.java:796)
11-26 12:26:40.262  2237  2237 W System.err: 	at android.app.ActivityThread.handleBindApplication(ActivityThread.java:5335)
11-26 12:26:40.263  2237  2237 W System.err: 	at android.app.ActivityThread.-wrap2(ActivityThread.java)
11-26 12:26:40.263  2237  2237 W System.err: 	at android.app.ActivityThread$H.handleMessage(ActivityThread.java:1528)
11-26 12:26:40.263  2237  2237 W System.err: 	at android.os.Handler.dispatchMessage(Handler.java:102)
11-26 12:26:40.263  2237  2237 W System.err: 	at android.os.Looper.loop(Looper.java:154)
11-26 12:26:40.263  2237  2237 W System.err: 	at android.app.ActivityThread.main(ActivityThread.java:6077)
11-26 12:26:40.263  2237  2237 W System.err: 	at java.lang.reflect.Method.invoke(Native Method)
11-26 12:26:40.263  2237  2237 W System.err: 	at com.android.internal.os.ZygoteInit$MethodAndArgsCaller.run(ZygoteInit.java:865)
11-26 12:26:40.264  2237  2237 W System.err: 	at com.android.internal.os.ZygoteInit.main(ZygoteInit.java:755)
11-26 12:26:40.280  2237  2237 I MonitoringInstrumentation: Instrumentation Started!
11-26 12:26:40.285  2237  2237 I MonitoringInstrumentation: Setting context classloader to 'dalvik.system.PathClassLoader[DexPathList[[zip file "/system/framework/android.test.runner.jar", zip file "/data/app/br.com.catbag.gifreduxsample.test-1/base.apk", zip file "/data/app/br.com.catbag.gifreduxsample-1/base.apk"],nativeLibraryDirectories=[/data/app/br.com.catbag.gifreduxsample.test-1/lib/x86, /data/app/br.com.catbag.gifreduxsample-1/lib/x86, /system/fake-libs, /data/app/br.com.catbag.gifreduxsample.test-1/base.apk!/lib/x86, /data/app/br.com.catbag.gifreduxsample-1/base.apk!/lib/x86, /system/lib, /vendor/lib]]]', Original: 'dalvik.system.PathClassLoader[DexPathList[[zip file "/system/framework/android.test.runner.jar", zip file "/data/app/br.com.catbag.gifreduxsample.test-1/base.apk", zip file "/data/app/br.com.catbag.gifreduxsample-1/base.apk"],nativeLibraryDirectories=[/data/app/br.com.catbag.gifreduxsample.test-1/lib/x86, /data/app/br.com.catbag.gifreduxsample-1/lib/x86, /system/fake-libs, /data/app/br.com.catbag.gifreduxsample.test-1/base.apk!/lib/x86, /data/app/br.com.catbag.gifreduxsample-1/base.apk!/lib/x86, /system/lib, /vendor/lib]]]'
11-26 12:26:40.366  2237  2237 D NetworkSecurityConfig: No Network Security Config specified, using platform default
11-26 12:26:40.399  2237  2237 I MonitoringInstrumentation: No JSBridge.
11-26 12:26:40.420  2237  2253 I UsageTrackerFacilitator: Usage tracking enabled
11-26 12:26:40.421  2237  2253 I TestRequestBuilder: Scanning classpath to find tests in apks [/data/app/br.com.catbag.gifreduxsample.test-1/base.apk]
11-26 12:26:40.876  2237  2253 I art     : Rejecting re-init on previously-failed class java.lang.Class<org.objectweb.asm.commons.JSRInlinerAdapter>: java.lang.NoClassDefFoundError: Failed resolution of: Lorg/objectweb/asm/tree/MethodNode;
11-26 12:26:40.876  2237  2253 I art     :   at java.lang.Class java.lang.Class.classForName!(java.lang.String, boolean, java.lang.ClassLoader) (Class.java:-2)
11-26 12:26:40.876  2237  2253 I art     :   at java.lang.Class java.lang.Class.forName(java.lang.String, boolean, java.lang.ClassLoader) (Class.java:400)
11-26 12:26:40.876  2237  2253 I art     :   at java.lang.Class android.support.test.internal.runner.TestLoader.doLoadClass(java.lang.String) (TestLoader.java:92)
11-26 12:26:40.876  2237  2253 I art     :   at java.lang.Class android.support.test.internal.runner.TestLoader.loadIfTest(java.lang.String) (TestLoader.java:113)
11-26 12:26:40.876  2237  2253 I art     :   at void android.support.test.internal.runner.TestRequestBuilder.loadClassesFromClassPath(android.support.test.internal.runner.TestLoader, java.util.Set) (TestRequestBuilder.java:801)
11-26 12:26:40.876  2237  2253 I art     :   at android.support.test.internal.runner.TestRequest android.support.test.internal.runner.TestRequestBuilder.build() (TestRequestBuilder.java:747)
11-26 12:26:40.876  2237  2253 I art     :   at android.support.test.internal.runner.TestRequest android.support.test.runner.AndroidJUnitRunner.buildRequest(android.support.test.internal.runner.RunnerArgs, android.os.Bundle) (AndroidJUnitRunner.java:354)
11-26 12:26:40.877  2237  2253 I art     :   at void android.support.test.runner.AndroidJUnitRunner.onStart() (AndroidJUnitRunner.java:260)
11-26 12:26:40.877  2237  2253 I art     :   at void android.app.Instrumentation$InstrumentationThread.run() (Instrumentation.java:1932)
11-26 12:26:40.877  2237  2253 I art     : Caused by: java.lang.ClassNotFoundException: Didn't find class "org.objectweb.asm.tree.MethodNode" on path: DexPathList[[zip file "/system/framework/android.test.runner.jar", zip file "/data/app/br.com.catbag.gifreduxsample.test-1/base.apk", zip file "/data/app/br.com.catbag.gifreduxsample-1/base.apk"],nativeLibraryDirectories=[/data/app/br.com.catbag.gifreduxsample.test-1/lib/x86, /data/app/br.com.catbag.gifreduxsample-1/lib/x86, /system/fake-libs, /data/app/br.com.catbag.gifreduxsample.test-1/base.apk!/lib/x86, /data/app/br.com.catbag.gifreduxsample-1/base.apk!/lib/x86, /system/lib, /vendor/lib]]
11-26 12:26:40.877  2237  2253 I art     :   at java.lang.Class dalvik.system.BaseDexClassLoader.findClass(java.lang.String) (BaseDexClassLoader.java:56)
11-26 12:26:40.877  2237  2253 I art     :   at java.lang.Class java.lang.ClassLoader.loadClass(java.lang.String, boolean) (ClassLoader.java:380)
11-26 12:26:40.877  2237  2253 I art     :   at java.lang.Class java.lang.ClassLoader.loadClass(java.lang.String) (ClassLoader.java:312)
11-26 12:26:40.877  2237  2253 I art     :   at java.lang.Class java.lang.Class.classForName!(java.lang.String, boolean, java.lang.ClassLoader) (Class.java:-2)
11-26 12:26:40.877  2237  2253 I art     :   at java.lang.Class java.lang.Class.forName(java.lang.String, boolean, java.lang.ClassLoader) (Class.java:400)
11-26 12:26:40.877  2237  2253 I art     :   at java.lang.Class android.support.test.internal.runner.TestLoader.doLoadClass(java.lang.String) (TestLoader.java:92)
11-26 12:26:40.877  2237  2253 I art     :   at java.lang.Class android.support.test.internal.runner.TestLoader.loadIfTest(java.lang.String) (TestLoader.java:113)
11-26 12:26:40.877  2237  2253 I art     :   at void android.support.test.internal.runner.TestRequestBuilder.loadClassesFromClassPath(android.support.test.internal.runner.TestLoader, java.util.Set) (TestRequestBuilder.java:801)
11-26 12:26:40.877  2237  2253 I art     :   at android.support.test.internal.runner.TestRequest android.support.test.internal.runner.TestRequestBuilder.build() (TestRequestBuilder.java:747)
11-26 12:26:40.891  2237  2253 I art     :   at android.support.test.internal.runner.TestRequest android.support.test.runner.AndroidJUnitRunner.buildRequest(android.support.test.internal.runner.RunnerArgs, android.os.Bundle) (AndroidJUnitRunner.java:354)
11-26 12:26:40.891  2237  2253 I art     :   at void android.support.test.runner.AndroidJUnitRunner.onStart() (AndroidJUnitRunner.java:260)
11-26 12:26:40.891  2237  2253 I art     :   at void android.app.Instrumentation$InstrumentationThread.run() (Instrumentation.java:1932)
11-26 12:26:40.892  2237  2253 I art     : 
11-26 12:26:40.892  2237  2253 E TestLoader: Could not find class: org.objectweb.asm.commons.JSRInlinerAdapter
11-26 12:26:40.897  2237  2253 I art     : Rejecting re-init on previously-failed class java.lang.Class<org.objectweb.asm.commons.TryCatchBlockSorter>: java.lang.NoClassDefFoundError: Failed resolution of: Lorg/objectweb/asm/tree/MethodNode;
11-26 12:26:40.898  2237  2253 I art     :   at java.lang.Class java.lang.Class.classForName!(java.lang.String, boolean, java.lang.ClassLoader) (Class.java:-2)
11-26 12:26:40.898  2237  2253 I art     :   at java.lang.Class java.lang.Class.forName(java.lang.String, boolean, java.lang.ClassLoader) (Class.java:400)
11-26 12:26:40.899  2237  2253 I art     :   at java.lang.Class android.support.test.internal.runner.TestLoader.doLoadClass(java.lang.String) (TestLoader.java:92)
11-26 12:26:40.899  2237  2253 I art     :   at java.lang.Class android.support.test.internal.runner.TestLoader.loadIfTest(java.lang.String) (TestLoader.java:113)
11-26 12:26:40.899  2237  2253 I art     :   at void android.support.test.internal.runner.TestRequestBuilder.loadClassesFromClassPath(android.support.test.internal.runner.TestLoader, java.util.Set) (TestRequestBuilder.java:801)
11-26 12:26:40.899  2237  2253 I art     :   at android.support.test.internal.runner.TestRequest android.support.test.internal.runner.TestRequestBuilder.build() (TestRequestBuilder.java:747)
11-26 12:26:40.899  2237  2253 I art     :   at android.support.test.internal.runner.TestRequest android.support.test.runner.AndroidJUnitRunner.buildRequest(android.support.test.internal.runner.RunnerArgs, android.os.Bundle) (AndroidJUnitRunner.java:354)
11-26 12:26:40.900  2237  2253 I art     :   at void android.support.test.runner.AndroidJUnitRunner.onStart() (AndroidJUnitRunner.java:260)
11-26 12:26:40.900  2237  2253 I art     :   at void android.app.Instrumentation$InstrumentationThread.run() (Instrumentation.java:1932)
11-26 12:26:40.900  2237  2253 I art     : Caused by: java.lang.ClassNotFoundException: Didn't find class "org.objectweb.asm.tree.MethodNode" on path: DexPathList[[zip file "/system/framework/android.test.runner.jar", zip file "/data/app/br.com.catbag.gifreduxsample.test-1/base.apk", zip file "/data/app/br.com.catbag.gifreduxsample-1/base.apk"],nativeLibraryDirectories=[/data/app/br.com.catbag.gifreduxsample.test-1/lib/x86, /data/app/br.com.catbag.gifreduxsample-1/lib/x86, /system/fake-libs, /data/app/br.com.catbag.gifreduxsample.test-1/base.apk!/lib/x86, /data/app/br.com.catbag.gifreduxsample-1/base.apk!/lib/x86, /system/lib, /vendor/lib]]
11-26 12:26:40.900  2237  2253 I art     :   at java.lang.Class dalvik.system.BaseDexClassLoader.findClass(java.lang.String) (BaseDexClassLoader.java:56)
11-26 12:26:40.900  2237  2253 I art     :   at java.lang.Class java.lang.ClassLoader.loadClass(java.lang.String, boolean) (ClassLoader.java:380)
11-26 12:26:40.900  2237  2253 I art     :   at java.lang.Class java.lang.ClassLoader.loadClass(java.lang.String) (ClassLoader.java:312)
11-26 12:26:40.900  2237  2253 I art     :   at java.lang.Class java.lang.Class.classForName!(java.lang.String, boolean, java.lang.ClassLoader) (Class.java:-2)
11-26 12:26:40.900  2237  2253 I art     :   at java.lang.Class java.lang.Class.forName(java.lang.String, boolean, java.lang.ClassLoader) (Class.java:400)
11-26 12:26:40.900  2237  2253 I art     :   at java.lang.Class android.support.test.internal.runner.TestLoader.doLoadClass(java.lang.String) (TestLoader.java:92)
11-26 12:26:40.901  2237  2253 I art     :   at java.lang.Class android.support.test.internal.runner.TestLoader.loadIfTest(java.lang.String) (TestLoader.java:113)
11-26 12:26:40.901  2237  2253 I art     :   at void android.support.test.internal.runner.TestRequestBuilder.loadClassesFromClassPath(android.support.test.internal.runner.TestLoader, java.util.Set) (TestRequestBuilder.java:801)
11-26 12:26:40.901  2237  2253 I art     :   at android.support.test.internal.runner.TestRequest android.support.test.internal.runner.TestRequestBuilder.build() (TestRequestBuilder.java:747)
11-26 12:26:40.901  2237  2253 I art     :   at android.support.test.internal.runner.TestRequest android.support.test.runner.AndroidJUnitRunner.buildRequest(android.support.test.internal.runner.RunnerArgs, android.os.Bundle) (AndroidJUnitRunner.java:354)
11-26 12:26:40.901  2237  2253 I art     :   at void android.support.test.runner.AndroidJUnitRunner.onStart() (AndroidJUnitRunner.java:260)
11-26 12:26:40.901  2237  2253 I art     :   at void android.app.Instrumentation$InstrumentationThread.run() (Instrumentation.java:1932)
11-26 12:26:40.901  2237  2253 I art     : 
11-26 12:26:40.901  2237  2253 E TestLoader: Could not find class: org.objectweb.asm.commons.TryCatchBlockSorter
11-26 12:26:40.973  2237  2253 D TestExecutor: Adding listener android.support.test.internal.runner.listener.LogRunListener
11-26 12:26:40.973  2237  2253 D TestExecutor: Adding listener android.support.test.internal.runner.listener.InstrumentationResultPrinter
11-26 12:26:40.974  2237  2253 D TestExecutor: Adding listener android.support.test.internal.runner.listener.ActivityFinisherRunListener
11-26 12:26:40.974  2237  2253 D TestExecutor: Adding listener android.support.test.internal.runner.listener.CoverageListener
11-26 12:26:40.985  2237  2253 I TestRunner: run started: 20 tests
11-26 12:26:40.993  2237  2253 I TestRunner: started: whenAppStateSavedSeveralTime(br.com.catbag.gifreduxsample.asyncs.data.DataManagerTest)
11-26 12:26:41.009  2237  2237 I MonitoringInstrumentation: Activities that are still in CREATED to STOPPED: 0
11-26 12:26:41.149  2237  2256 W Java7Support: Unable to load JDK7 types (annotations, java.nio.file.Path): no Java7 support added
11-26 12:26:41.181  2237  2248 I art     : Background sticky concurrent mark sweep GC freed 152220(6MB) AllocSpace objects, 0(0B) LOS objects, 46% free, 3MB/6MB, paused 5.869ms total 501.494ms
11-26 12:26:41.566  2237  2253 I TestRunner: finished: whenAppStateSavedSeveralTime(br.com.catbag.gifreduxsample.asyncs.data.DataManagerTest)
11-26 12:26:41.573  2237  2237 I MonitoringInstrumentation: Activities that are still in CREATED to STOPPED: 0
11-26 12:26:41.574  2237  2253 I TestRunner: started: whenAppStateSavedOnceTime(br.com.catbag.gifreduxsample.asyncs.data.DataManagerTest)
11-26 12:26:41.576  2237  2237 I MonitoringInstrumentation: Activities that are still in CREATED to STOPPED: 0
11-26 12:26:41.800  2237  2253 I TestRunner: finished: whenAppStateSavedOnceTime(br.com.catbag.gifreduxsample.asyncs.data.DataManagerTest)
11-26 12:26:41.810  2237  2237 I MonitoringInstrumentation: Activities that are still in CREATED to STOPPED: 0
11-26 12:26:41.811  2237  2253 I TestRunner: started: whenUnsavedAppStateIsLoaded(br.com.catbag.gifreduxsample.asyncs.data.DataManagerTest)
11-26 12:26:41.812  2237  2237 I MonitoringInstrumentation: Activities that are still in CREATED to STOPPED: 0
11-26 12:26:41.882  2237  2261 E DataManager: appstate not loaded
11-26 12:26:41.882  2237  2261 E DataManager: com.snappydb.SnappydbException: Failed to get a String: NotFound: 
11-26 12:26:41.882  2237  2261 E DataManager: 	at com.snappydb.internal.DBImpl.__get(Native Method)
11-26 12:26:41.882  2237  2261 E DataManager: 	at com.snappydb.internal.DBImpl.get(DBImpl.java:348)
11-26 12:26:41.882  2237  2261 E DataManager: 	at br.com.catbag.gifreduxsample.asyncs.data.storage.Database.getAppState(Database.java:29)
11-26 12:26:41.882  2237  2261 E DataManager: 	at br.com.catbag.gifreduxsample.asyncs.data.DataManager.lambda$loadAppState$0(DataManager.java:61)
11-26 12:26:41.882  2237  2261 E DataManager: 	at br.com.catbag.gifreduxsample.asyncs.data.DataManager$$Lambda$1.run(Unknown Source)
11-26 12:26:41.882  2237  2261 E DataManager: 	at java.lang.Thread.run(Thread.java:761)
11-26 12:26:41.883  2237  2253 I TestRunner: finished: whenUnsavedAppStateIsLoaded(br.com.catbag.gifreduxsample.asyncs.data.DataManagerTest)
11-26 12:26:41.890  2237  2237 I MonitoringInstrumentation: Activities that are still in CREATED to STOPPED: 0
11-26 12:26:41.892  2237  2253 I TestRunner: started: whenSavedAppStateIsLoaded(br.com.catbag.gifreduxsample.asyncs.data.DataManagerTest)
11-26 12:26:41.895  2237  2237 I MonitoringInstrumentation: Activities that are still in CREATED to STOPPED: 0
11-26 12:26:42.079  2237  2253 I TestRunner: finished: whenSavedAppStateIsLoaded(br.com.catbag.gifreduxsample.asyncs.data.DataManagerTest)
11-26 12:26:42.080  2237  2237 I MonitoringInstrumentation: Activities that are still in CREATED to STOPPED: 0
11-26 12:26:42.099  2237  2253 I TestRunner: started: whenScrollDownAndPlayLastItemTest(br.com.catbag.gifreduxsample.ui.giflist.GifListActivityTest)
11-26 12:26:42.102  2237  2237 I MonitoringInstrumentation: Activities that are still in CREATED to STOPPED: 0
11-26 12:26:42.255  2237  2248 I art     : Background partial concurrent mark sweep GC freed 59902(2MB) AllocSpace objects, 2(40KB) LOS objects, 39% free, 3MB/6MB, paused 6.899ms total 90.291ms
11-26 12:26:42.396  2265  2265 W dex2oat : Unexpected CPU variant for X86 using defaults: x86
11-26 12:26:42.396  2265  2265 W dex2oat : Mismatch between dex2oat instruction set features (ISA: X86 Feature string: smp,-ssse3,-sse4.1,-sse4.2,-avx,-avx2,-lock_add,-popcnt) and those of dex2oat executable (ISA: X86 Feature string: smp,ssse3,-sse4.1,-sse4.2,-avx,-avx2,-lock_add,-popcnt) for the command line:
11-26 12:26:42.396  2265  2265 W dex2oat : /system/bin/dex2oat --runtime-arg -classpath --runtime-arg & --debuggable --instruction-set=x86 --instruction-set-features=smp,ssse3,-sse4.1,-sse4.2,-avx,-avx2,-lock_add,-popcnt --runtime-arg -Xrelocate --boot-image=/system/framework/boot.art --runtime-arg -Xms64m --runtime-arg -Xmx512m --instruction-set-variant=x86 --instruction-set-features=default --dex-file=/data/user/0/br.com.catbag.gifreduxsample/app_dxmaker_cache/Generated_1497766805.jar --oat-fd=38 --oat-location=/data/user/0/br.com.catbag.gifreduxsample/app_dxmaker_cache/Generated_1497766805.dex --compiler-filter=speed
11-26 12:26:42.397  2265  2265 I dex2oat : /system/bin/dex2oat --debuggable --dex-file=/data/user/0/br.com.catbag.gifreduxsample/app_dxmaker_cache/Generated_1497766805.jar --oat-fd=38 --oat-location=/data/user/0/br.com.catbag.gifreduxsample/app_dxmaker_cache/Generated_1497766805.dex --compiler-filter=speed
11-26 12:26:42.510  2265  2265 I dex2oat : dex2oat took 114.710ms (threads: 1) arena alloc=41KB (42320B) java alloc=28KB (28768B) native alloc=736KB (753832B) free=799KB (819032B)
11-26 12:26:42.542  1238  1629 D VoldConnector: SND -> {29 volume mkdirs /storage/emulated/0/Android/data/br.com.catbag.gifreduxsample/cache/}
11-26 12:26:42.555  1238  1280 D VoldConnector: RCV <- {200 29 Command succeeded}
11-26 12:26:42.571  2237  2254 I DroidFlux:Dispatcher: [STARTED] dispatch of action [FAKE_REDUCE_ACTION]
11-26 12:26:42.591  2237  2254 I DroidFlux:Dispatcher: [COMPLETED] dispatch of action [FAKE_REDUCE_ACTION]
11-26 12:26:42.601  2237  2264 D ActivityTestRule: Launching activity br.com.catbag.gifreduxsample.ui.GifListActivity
11-26 12:26:42.608  2237  2267 D MonitoringInstrumentation: execStartActivity(context, ibinder, ibinder, activity, intent, int, bundle
11-26 12:26:42.617  1238  1463 I ActivityManager: START u0 {flg=0x14000000 cmp=br.com.catbag.gifreduxsample/.ui.GifListActivity} from uid 10060 on display 0
11-26 12:26:42.806  2237  2237 D LifecycleMonitor: Lifecycle status change: br.com.catbag.gifreduxsample.ui.GifListActivity@68a960e in: PRE_ON_CREATE
11-26 12:26:43.059  1238  1259 I Choreographer: Skipped 37 frames!  The application may be doing too much work on its main thread.
11-26 12:26:43.291  2237  2237 D LifecycleMonitor: Lifecycle status change: br.com.catbag.gifreduxsample.ui.GifListActivity@68a960e in: CREATED
11-26 12:26:43.310  2237  2237 D LifecycleMonitor: Lifecycle status change: br.com.catbag.gifreduxsample.ui.GifListActivity@68a960e in: STARTED
11-26 12:26:43.314  2237  2254 I DroidFlux:Dispatcher: [STARTED] dispatch of action [APP_STATE_LOAD]
11-26 12:26:43.314  2237  2254 D DroidFlux:Dispatcher: An action of type [APP_STATE_LOAD] was dispatched, but no reducer handled it
11-26 12:26:43.314  2237  2254 I DroidFlux:Dispatcher: [COMPLETED] dispatch of action [APP_STATE_LOAD]
11-26 12:26:43.324  2237  2237 D LifecycleMonitor: Lifecycle status change: br.com.catbag.gifreduxsample.ui.GifListActivity@68a960e in: RESUMED
11-26 12:26:43.517  1721  1721 I Choreographer: Skipped 32 frames!  The application may be doing too much work on its main thread.
11-26 12:26:43.837  2237  2254 I DroidFlux:Dispatcher: [STARTED] dispatch of action [GIF_LIST_FETCHING]
11-26 12:26:43.837  2237  2254 D DroidFlux:Dispatcher: An action of type [GIF_LIST_FETCHING] was dispatched, but no reducer handled it
11-26 12:26:43.854  2237  2254 I DroidFlux:Dispatcher: [COMPLETED] dispatch of action [GIF_LIST_FETCHING]
11-26 12:26:43.923  2237  2237 D gralloc_ranchu: Emulator without host-side GPU emulation detected.
11-26 12:26:43.991  1238  1259 I ActivityManager: Displayed br.com.catbag.gifreduxsample/.ui.GifListActivity: +1s248ms
11-26 12:26:44.064  2237  2264 D InputManagerEventInjectionStrategy: Creating injection strategy with input manager.
11-26 12:26:44.132  2237  2237 W ResourceType: No package identifier when getting name for resource number 0x00000001
11-26 12:26:44.133  2237  2237 I ViewInteraction: Performing 'scroll RecyclerView to position: 4' action on view with id: 1 (resource name not found)
11-26 12:26:44.244  1238  1259 I WindowManager: Destroying surface Surface(name=Starting br.com.catbag.gifreduxsample) called by com.android.server.wm.WindowStateAnimator.destroySurface:2014 com.android.server.wm.WindowStateAnimator.destroySurfaceLocked:881 com.android.server.wm.WindowState.destroyOrSaveSurface:2073 com.android.server.wm.AppWindowToken.destroySurfaces:363 com.android.server.wm.WindowStateAnimator.finishExit:565 com.android.server.wm.WindowStateAnimator.stepAnimationLocked:491 com.android.server.wm.WindowAnimator.updateWindowsLocked:303 com.android.server.wm.WindowAnimator.animateLocked:704 
11-26 12:26:44.341  1238  1669 I WindowManager: Destroying surface Surface(name=com.android.launcher3/com.android.launcher3.Launcher) called by com.android.server.wm.WindowStateAnimator.destroySurface:2014 com.android.server.wm.WindowStateAnimator.destroySurfaceLocked:881 com.android.server.wm.WindowState.destroyOrSaveSurface:2073 com.android.server.wm.AppWindowToken.destroySurfaces:363 com.android.server.wm.AppWindowToken.notifyAppStopped:389 com.android.server.wm.WindowManagerService.notifyAppStopped:4456 com.android.server.am.ActivityStack.activityStoppedLocked:1252 com.android.server.am.ActivityManagerService.activityStopped:6873 
11-26 12:26:44.556  2237  2237 W ResourceType: No package identifier when getting name for resource number 0x00000001
11-26 12:26:44.565  2237  2238 I art     : Do partial code cache collection, code=26KB, data=30KB
11-26 12:26:44.566  2237  2238 I art     : After code cache collection, code=25KB, data=30KB
11-26 12:26:44.566  2237  2238 I art     : Increasing code cache capacity to 128KB
11-26 12:26:44.590  2237  2237 W ResourceType: No package identifier when getting name for resource number 0x00000004
11-26 12:26:44.590  2237  2237 I ViewInteraction: Performing 'single click' action on view with id: 4 (resource name not found)
11-26 12:26:44.658  2237  2254 I DroidFlux:Dispatcher: [STARTED] dispatch of action [GIF_PLAY]
11-26 12:26:44.659  2237  2254 I DroidFlux:Dispatcher: [COMPLETED] dispatch of action [GIF_PLAY]
11-26 12:26:44.736  1238  1312 W AudioTrack: AUDIO_OUTPUT_FLAG_FAST denied by client; transfer 4, track 48000 Hz, output 44100 Hz
11-26 12:26:44.822   992  1028 D AudioFlinger: mixer(0xb2c837c0) throttle end: throttle time(11)
11-26 12:26:44.849   992  1028 D AudioFlinger: mixer(0xb2c837c0) throttle end: throttle time(11)
11-26 12:26:45.210  2237  2253 I TestRunner: finished: whenScrollDownAndPlayLastItemTest(br.com.catbag.gifreduxsample.ui.giflist.GifListActivityTest)
11-26 12:26:45.252  2237  2237 D LifecycleMonitor: Lifecycle status change: br.com.catbag.gifreduxsample.ui.GifListActivity@68a960e in: PAUSED
11-26 12:26:45.333   979   979 D gralloc : Registering a buffer in the process that created it. This may cause memory ordering problems.
11-26 12:26:45.334   979   979 E libEGL  : called unimplemented OpenGL ES API
11-26 12:26:45.335   979   979 E SurfaceFlinger: glCheckFramebufferStatusOES error 826700772
11-26 12:26:45.335   979   979 E SurfaceFlinger: got GL_FRAMEBUFFER_COMPLETE_OES error while taking screenshot
11-26 12:26:45.340  1238  1669 W WindowManager: Screenshot failure taking screenshot for (480x800) to layer 21005
11-26 12:26:45.349  2237  2237 I MonitoringInstrumentation: Activities that are still in CREATED to STOPPED: 1
11-26 12:26:45.351  2237  2253 I TestRunner: started: whenGifIsNotWatchedTest(br.com.catbag.gifreduxsample.ui.giflist.GifListActivityTest)
11-26 12:26:45.362  2237  2237 I MonitoringInstrumentation: Activities that are still in CREATED to STOPPED: 1
11-26 12:26:45.400  2237  2254 I DroidFlux:Dispatcher: [STARTED] dispatch of action [FAKE_REDUCE_ACTION]
11-26 12:26:45.401  2237  2254 I DroidFlux:Dispatcher: [COMPLETED] dispatch of action [FAKE_REDUCE_ACTION]
11-26 12:26:45.405  2237  2271 D ActivityTestRule: Launching activity br.com.catbag.gifreduxsample.ui.GifListActivity
11-26 12:26:45.409  2237  2272 D MonitoringInstrumentation: execStartActivity(context, ibinder, ibinder, activity, intent, int, bundle
11-26 12:26:45.420  1238  1259 I Choreographer: Skipped 31 frames!  The application may be doing too much work on its main thread.
11-26 12:26:45.423  1238  1664 I ActivityManager: START u0 {flg=0x10000000 cmp=br.com.catbag.gifreduxsample/.ui.GifListActivity} from uid 10060 on display 0
11-26 12:26:45.477  1238  1253 W art     : Long monitor contention with owner Binder:1238_A (1669) at void com.android.server.am.ActivityManagerService.activityPaused(android.os.IBinder)(ActivityManagerService.java:6849) waiters=2 in void com.android.server.am.ActivityManagerService.dispatchProcessesChanged() for 205ms
11-26 12:26:45.551  1721  1721 I Choreographer: Skipped 49 frames!  The application may be doing too much work on its main thread.
11-26 12:26:45.740  2237  2248 W art     : Suspending all threads took: 137.803ms
11-26 12:26:45.755  2237  2237 D LifecycleMonitor: Lifecycle status change: br.com.catbag.gifreduxsample.ui.GifListActivity@21ffa56 in: PRE_ON_CREATE
11-26 12:26:45.840  2237  2248 I art     : Background partial concurrent mark sweep GC freed 7481(506KB) AllocSpace objects, 3(64KB) LOS objects, 39% free, 5MB/9MB, paused 142.533ms total 443.588ms
11-26 12:26:45.865  2237  2237 D LifecycleMonitor: Lifecycle status change: br.com.catbag.gifreduxsample.ui.GifListActivity@21ffa56 in: CREATED
11-26 12:26:45.866  2237  2237 D LifecycleMonitor: Lifecycle status change: br.com.catbag.gifreduxsample.ui.GifListActivity@21ffa56 in: STARTED
11-26 12:26:45.867  2237  2254 I DroidFlux:Dispatcher: [STARTED] dispatch of action [APP_STATE_LOAD]
11-26 12:26:45.867  2237  2254 D DroidFlux:Dispatcher: An action of type [APP_STATE_LOAD] was dispatched, but no reducer handled it
11-26 12:26:45.867  2237  2254 I DroidFlux:Dispatcher: [COMPLETED] dispatch of action [APP_STATE_LOAD]
11-26 12:26:45.919  2237  2237 D LifecycleMonitor: Lifecycle status change: br.com.catbag.gifreduxsample.ui.GifListActivity@21ffa56 in: RESUMED
11-26 12:26:45.949  1238  1259 I Choreographer: Skipped 30 frames!  The application may be doing too much work on its main thread.
11-26 12:26:46.136  1238  1668 W art     : Long monitor contention with owner android.display (1259) at void com.android.server.wm.WindowAnimator$1.doFrame(long)(WindowAnimator.java:138) waiters=1 in void com.android.server.wm.WindowManagerService.finishDrawingWindow(com.android.server.wm.Session, android.view.IWindow) for 185ms
11-26 12:26:46.364  1238  1668 W art     : Long monitor contention with owner android.display (1259) at void com.android.server.wm.WindowAnimator$1.doFrame(long)(WindowAnimator.java:138) waiters=1 in void com.android.server.wm.WindowManagerService.finishDrawingWindow(com.android.server.wm.Session, android.view.IWindow) for 228ms
11-26 12:26:46.383  1721  1721 I Choreographer: Skipped 127 frames!  The application may be doing too much work on its main thread.
11-26 12:26:46.387  1238  1250 I WindowManager: Destroying surface Surface(name=com.android.launcher3/com.android.launcher3.Launcher) called by com.android.server.wm.WindowStateAnimator.destroySurface:2014 com.android.server.wm.WindowStateAnimator.destroySurfaceLocked:881 com.android.server.wm.WindowState.destroyOrSaveSurface:2073 com.android.server.wm.WindowManagerService.tryStartExitingAnimation:3017 com.android.server.wm.WindowManagerService.relayoutWindow:2897 com.android.server.wm.Session.relayout:215 android.view.IWindowSession$Stub.onTransact:286 com.android.server.wm.Session.onTransact:136 
11-26 12:26:46.388  2237  2237 I Choreographer: Skipped 166 frames!  The application may be doing too much work on its main thread.
11-26 12:26:46.562  2237  2237 E Feed    : Gif{uuid=283f396e-fb28-4473-b100-99c1967cc214, path=, url=, title=, watched=false, status=DOWNLOADED}
11-26 12:26:46.562  2237  2237 E Feed    : pl.droidsonroids.gif.GifIOException: GifError 101: Failed to open given input
11-26 12:26:46.562  2237  2237 E Feed    : 	at pl.droidsonroids.gif.GifInfoHandle.openFile(Native Method)
11-26 12:26:46.562  2237  2237 E Feed    : 	at pl.droidsonroids.gif.GifInfoHandle.<init>(GifInfoHandle.java:46)
11-26 12:26:46.562  2237  2237 E Feed    : 	at pl.droidsonroids.gif.GifDrawable.<init>(GifDrawable.java:124)
11-26 12:26:46.562  2237  2237 E Feed    : 	at br.com.catbag.gifreduxsample.ui.views.FeedView.createDrawable(FeedView.java:123)
11-26 12:26:46.562  2237  2237 E Feed    : 	at br.com.catbag.gifreduxsample.ui.views.FeedView.lambda$renderGifView$1(FeedView.java:110)
11-26 12:26:46.562  2237  2237 E Feed    : 	at br.com.catbag.gifreduxsample.ui.views.FeedView$$Lambda$4.view(Unknown Source)
11-26 12:26:46.562  2237  2237 E Feed    : 	at trikita.anvil.BaseDSL.v(BaseDSL.java:670)
11-26 12:26:46.562  2237  2237 E Feed    : 	at br.com.catbag.gifreduxsample.ui.views.FeedView.renderGifView(FeedView.java:109)
11-26 12:26:46.562  2237  2237 E Feed    : 	at br.com.catbag.gifreduxsample.ui.views.FeedView.access$lambda$0(FeedView.java)
11-26 12:26:46.562  2237  2237 E Feed    : 	at br.com.catbag.gifreduxsample.ui.views.FeedView$$Lambda$5.view(Unknown Source)
11-26 12:26:46.562  2237  2237 E Feed    : 	at br.com.catbag.gifreduxsample.ui.views.GifsAdapter.view(GifsAdapter.java:55)
11-26 12:26:46.562  2237  2237 E Feed    : 	at trikita.anvil.RenderableRecyclerViewAdapter$1.view(RenderableRecyclerViewAdapter.java:24)
11-26 12:26:46.562  2237  2237 E Feed    : 	at trikita.anvil.Anvil$Mount.render(Anvil.java:204)
