11-24 18:25:19.617  2249  2249 E Feed    : 	at android.view.ViewGroup.layout(ViewGroup.java:5612)
11-24 18:25:19.617  2249  2249 E Feed    : 	at android.widget.FrameLayout.layoutChildren(FrameLayout.java:323)
11-24 18:25:19.617  2249  2249 E Feed    : 	at android.widget.FrameLayout.onLayout(FrameLayout.java:261)
11-24 18:25:19.617  2249  2249 E Feed    : 	at android.view.View.layout(View.java:17520)
11-24 18:25:19.617  2249  2249 E Feed    : 	at android.view.ViewGroup.layout(ViewGroup.java:5612)
11-24 18:25:19.617  2249  2249 E Feed    : 	at android.widget.RelativeLayout.onLayout(RelativeLayout.java:1079)
11-24 18:25:19.617  2249  2249 E Feed    : 	at android.view.View.layout(View.java:17520)
11-24 18:25:19.617  2249  2249 E Feed    : 	at android.view.ViewGroup.layout(ViewGroup.java:5612)
11-24 18:25:19.617  2249  2249 E Feed    : 	at android.widget.FrameLayout.layoutChildren(FrameLayout.java:323)
11-24 18:25:19.617  2249  2249 E Feed    : 	at android.widget.FrameLayout.onLayout(FrameLayout.java:261)
11-24 18:25:19.617  2249  2249 E Feed    : 	at android.view.View.layout(View.java:17520)
11-24 18:25:19.617  2249  2249 E Feed    : 	at android.view.ViewGroup.layout(ViewGroup.java:5612)
11-24 18:25:19.617  2249  2249 E Feed    : 	at android.support.v7.widget.ActionBarOverlayLayout.onLayout(ActionBarOverlayLayout.java:435)
11-24 18:25:19.617  2249  2249 E Feed    : 	at android.view.View.layout(View.java:17520)
11-24 18:25:19.617  2249  2249 E Feed    : 	at android.view.ViewGroup.layout(ViewGroup.java:5612)
11-24 18:25:19.617  2249  2249 E Feed    : 	at android.widget.FrameLayout.layoutChildren(FrameLayout.java:323)
11-24 18:25:19.617  2249  2249 E Feed    : 	at android.widget.FrameLayout.onLayout(FrameLayout.java:261)
11-24 18:25:19.617  2249  2249 E Feed    : 	at android.view.View.layout(View.java:17520)
11-24 18:25:19.617  2249  2249 E Feed    : 	at android.view.ViewGroup.layout(ViewGroup.java:5612)
11-24 18:25:19.617  2249  2249 E Feed    : 	at android.widget.LinearLayout.setChildFrame(LinearLayout.java:1741)
11-24 18:25:19.617  2249  2249 E Feed    : 	at android.widget.LinearLayout.layoutVertical(LinearLayout.java:1585)
11-24 18:25:19.617  2249  2249 E Feed    : 	at android.widget.LinearLayout.onLayout(LinearLayout.java:1494)
11-24 18:25:19.617  2249  2249 E Feed    : 	at android.view.View.layout(View.java:17520)
11-24 18:25:19.617  2249  2249 E Feed    : 	at android.view.ViewGroup.layout(ViewGroup.java:5612)
11-24 18:25:19.617  2249  2249 E Feed    : 	at android.widget.FrameLayout.layoutChildren(FrameLayout.java:323)
11-24 18:25:19.618  2249  2249 E Feed    : 	at android.widget.FrameLayout.onLayout(FrameLayout.java:261)
11-24 18:25:19.618  2249  2249 E Feed    : 	at com.android.internal.policy.DecorView.onLayout(DecorView.java:724)
11-24 18:25:19.618  2249  2249 E Feed    : 	at android.view.View.layout(View.java:17520)
11-24 18:25:19.618  2249  2249 E Feed    : 	at android.view.ViewGroup.layout(ViewGroup.java:5612)
11-24 18:25:19.618  2249  2249 E Feed    : 	at android.view.ViewRootImpl.performLayout(ViewRootImpl.java:2342)
11-24 18:25:19.618  2249  2249 E Feed    : 	at android.view.ViewRootImpl.performTraversals(ViewRootImpl.java:2069)
11-24 18:25:19.618  2249  2249 E Feed    : 	at android.view.ViewRootImpl.doTraversal(ViewRootImpl.java:1246)
11-24 18:25:19.618  2249  2249 E Feed    : 	at android.view.ViewRootImpl$TraversalRunnable.run(ViewRootImpl.java:6301)
11-24 18:25:19.618  2249  2249 E Feed    : 	at android.view.Choreographer$CallbackRecord.run(Choreographer.java:871)
11-24 18:25:19.618  2249  2249 E Feed    : 	at android.view.Choreographer.doCallbacks(Choreographer.java:683)
11-24 18:25:19.618  2249  2249 E Feed    : 	at android.view.Choreographer.doFrame(Choreographer.java:619)
11-24 18:25:19.618  2249  2249 E Feed    : 	at android.view.Choreographer$FrameDisplayEventReceiver.run(Choreographer.java:857)
11-24 18:25:19.618  2249  2249 E Feed    : 	at android.os.Handler.handleCallback(Handler.java:751)
11-24 18:25:19.618  2249  2249 E Feed    : 	at android.os.Handler.dispatchMessage(Handler.java:95)
11-24 18:25:19.618  2249  2249 E Feed    : 	at android.os.Looper.loop(Looper.java:154)
11-24 18:25:19.618  2249  2249 E Feed    : 	at android.app.ActivityThread.main(ActivityThread.java:6077)
11-24 18:25:19.618  2249  2249 E Feed    : 	at java.lang.reflect.Method.invoke(Native Method)
11-24 18:25:19.618  2249  2249 E Feed    : 	at com.android.internal.os.ZygoteInit$MethodAndArgsCaller.run(ZygoteInit.java:865)
11-24 18:25:19.618  2249  2249 E Feed    : 	at com.android.internal.os.ZygoteInit.main(ZygoteInit.java:755)
11-24 18:25:19.785  2249  2249 D LifecycleMonitor: Lifecycle status change: br.com.catbag.gifreduxsample.ui.GifListActivity@89c8011 in: PAUSED
11-24 18:25:19.834  2249  2264 I TestRunner: finished: whenGifIsNotWatchedTest(br.com.catbag.gifreduxsample.ui.giflist.GifListActivityTest)
11-24 18:25:19.953   979   979 D gralloc : Registering a buffer in the process that created it. This may cause memory ordering problems.
11-24 18:25:19.953   979   979 E libEGL  : called unimplemented OpenGL ES API
11-24 18:25:19.954   979   979 E SurfaceFlinger: glCheckFramebufferStatusOES error 2110376990
11-24 18:25:19.954   979   979 E SurfaceFlinger: got GL_FRAMEBUFFER_COMPLETE_OES error while taking screenshot
11-24 18:25:19.956  1238  1342 W WindowManager: Screenshot failure taking screenshot for (480x800) to layer 22015
11-24 18:25:20.019  1238  1260 W art     : Long monitor contention with owner Binder:1238_1 (1249) at boolean com.android.server.am.ActivityManagerService.finishActivity(android.os.IBinder, int, android.content.Intent, int)(ActivityManagerService.java:4775) waiters=2 in void com.android.server.am.ActivityRecord$Token.windowsDrawn() for 228ms
11-24 18:25:20.033  2249  2249 I MonitoringInstrumentation: Activities that are still in CREATED to STOPPED: 2
11-24 18:25:20.034  2249  2264 I TestRunner: started: whenGifIsDownloadingTest(br.com.catbag.gifreduxsample.ui.giflist.GifListActivityTest)
11-24 18:25:20.049  1238  1260 I WindowManager: Destroying surface Surface(name=Starting br.com.catbag.gifreduxsample) called by com.android.server.wm.WindowStateAnimator.destroySurface:2014 com.android.server.wm.WindowStateAnimator.destroySurfaceLocked:881 com.android.server.wm.WindowState.removeLocked:1449 com.android.server.wm.WindowManagerService.removeWindowInnerLocked:2478 com.android.server.wm.WindowManagerService.removeWindowLocked:2436 com.android.server.wm.WindowManagerService.removeWindowLocked:2305 com.android.server.wm.WindowManagerService.removeWindow:2300 com.android.server.wm.Session.remove:193 
11-24 18:25:20.057  2249  2249 I MonitoringInstrumentation: Activities that are still in CREATED to STOPPED: 2
11-24 18:25:20.068  2249  2265 I DroidFlux:Dispatcher: [STARTED] dispatch of action [FAKE_REDUCE_ACTION]
11-24 18:25:20.070  2249  2265 I DroidFlux:Dispatcher: [COMPLETED] dispatch of action [FAKE_REDUCE_ACTION]
11-24 18:25:20.089  2249  2287 D ActivityTestRule: Launching activity br.com.catbag.gifreduxsample.ui.GifListActivity
11-24 18:25:20.096  2249  2288 D MonitoringInstrumentation: execStartActivity(context, ibinder, ibinder, activity, intent, int, bundle
11-24 18:25:20.097  1238  1452 I ActivityManager: START u0 {flg=0x10000000 cmp=br.com.catbag.gifreduxsample/.ui.GifListActivity} from uid 10060 on display 0
11-24 18:25:20.090  1238  1260 I Choreographer: Skipped 75 frames!  The application may be doing too much work on its main thread.
11-24 18:25:20.174  2249  2249 D LifecycleMonitor: Lifecycle status change: br.com.catbag.gifreduxsample.ui.GifListActivity@8600a62 in: PRE_ON_CREATE
11-24 18:25:20.213  2249  2249 D LifecycleMonitor: Lifecycle status change: br.com.catbag.gifreduxsample.ui.GifListActivity@8600a62 in: CREATED
11-24 18:25:20.214  2249  2265 I DroidFlux:Dispatcher: [STARTED] dispatch of action [APP_STATE_LOAD]
11-24 18:25:20.214  2249  2265 D DroidFlux:Dispatcher: An action of type [APP_STATE_LOAD] was dispatched, but no reducer handled it
11-24 18:25:20.214  2249  2265 I DroidFlux:Dispatcher: [COMPLETED] dispatch of action [APP_STATE_LOAD]
11-24 18:25:20.215  2249  2249 D LifecycleMonitor: Lifecycle status change: br.com.catbag.gifreduxsample.ui.GifListActivity@8600a62 in: STARTED
11-24 18:25:20.216  2249  2249 D LifecycleMonitor: Lifecycle status change: br.com.catbag.gifreduxsample.ui.GifListActivity@8600a62 in: RESUMED
11-24 18:25:20.509  2249  2264 I TestRunner: finished: whenGifIsDownloadingTest(br.com.catbag.gifreduxsample.ui.giflist.GifListActivityTest)
11-24 18:25:20.598  2249  2249 D LifecycleMonitor: Lifecycle status change: br.com.catbag.gifreduxsample.ui.GifListActivity@8600a62 in: PAUSED
11-24 18:25:20.665   979   979 D gralloc : Registering a buffer in the process that created it. This may cause memory ordering problems.
11-24 18:25:20.666   979   979 E SurfaceFlinger: glCheckFramebufferStatusOES error 2110376990
11-24 18:25:20.666   979   979 E SurfaceFlinger: got GL_FRAMEBUFFER_COMPLETE_OES error while taking screenshot
11-24 18:25:20.680  1238  1342 W WindowManager: Screenshot failure taking screenshot for (480x800) to layer 22020
11-24 18:25:20.694  1238  1250 D WindowManager: relayoutVisibleWindow: Window{c2dd09d u0 com.android.launcher3/com.android.launcher3.Launcher EXITING} mAnimatingExit=true, mRemoveOnExit=false, mDestroying=false
11-24 18:25:20.739  1238  1260 I Choreographer: Skipped 41 frames!  The application may be doing too much work on its main thread.
11-24 18:25:20.756  2249  2249 I MonitoringInstrumentation: Activities that are still in CREATED to STOPPED: 3
11-24 18:25:20.757  2249  2249 I Choreographer: Skipped 40 frames!  The application may be doing too much work on its main thread.
11-24 18:25:20.759  2249  2264 I TestRunner: started: whenListKeepOrderedAfterPlayTest(br.com.catbag.gifreduxsample.ui.giflist.GifListActivityTest)
11-24 18:25:20.775  2249  2249 I MonitoringInstrumentation: Activities that are still in CREATED to STOPPED: 3
11-24 18:25:20.793  2249  2265 I DroidFlux:Dispatcher: [STARTED] dispatch of action [FAKE_REDUCE_ACTION]
11-24 18:25:20.794  2249  2265 I DroidFlux:Dispatcher: [COMPLETED] dispatch of action [FAKE_REDUCE_ACTION]
11-24 18:25:20.800  2249  2289 D ActivityTestRule: Launching activity br.com.catbag.gifreduxsample.ui.GifListActivity
11-24 18:25:20.802  2249  2290 D MonitoringInstrumentation: execStartActivity(context, ibinder, ibinder, activity, intent, int, bundle
11-24 18:25:20.803  1238  1452 I ActivityManager: START u0 {flg=0x10000000 cmp=br.com.catbag.gifreduxsample/.ui.GifListActivity} from uid 10060 on display 0
11-24 18:25:20.893  1238  1260 I Choreographer: Skipped 38 frames!  The application may be doing too much work on its main thread.
11-24 18:25:20.895  1238  1260 I WindowManager: Destroying surface Surface(name=Starting br.com.catbag.gifreduxsample) called by com.android.server.wm.WindowStateAnimator.destroySurface:2014 com.android.server.wm.WindowStateAnimator.destroySurfaceLocked:881 com.android.server.wm.WindowState.removeLocked:1449 com.android.server.wm.WindowManagerService.removeWindowInnerLocked:2478 com.android.server.wm.AppWindowToken.destroySurfaces:365 com.android.server.wm.WindowStateAnimator.finishExit:565 com.android.server.wm.WindowStateAnimator.stepAnimationLocked:491 com.android.server.wm.WindowAnimator.updateWindowsLocked:303 
11-24 18:25:21.078  1725  1725 I Choreographer: Skipped 60 frames!  The application may be doing too much work on its main thread.
11-24 18:25:21.173  2249  2249 D LifecycleMonitor: Lifecycle status change: br.com.catbag.gifreduxsample.ui.GifListActivity@58b203c in: PRE_ON_CREATE
11-24 18:25:21.246  2249  2249 D LifecycleMonitor: Lifecycle status change: br.com.catbag.gifreduxsample.ui.GifListActivity@58b203c in: CREATED
11-24 18:25:21.247  2249  2265 I DroidFlux:Dispatcher: [STARTED] dispatch of action [APP_STATE_LOAD]
11-24 18:25:21.249  2249  2265 D DroidFlux:Dispatcher: An action of type [APP_STATE_LOAD] was dispatched, but no reducer handled it
11-24 18:25:21.249  2249  2265 I DroidFlux:Dispatcher: [COMPLETED] dispatch of action [APP_STATE_LOAD]
11-24 18:25:21.250  2249  2249 D LifecycleMonitor: Lifecycle status change: br.com.catbag.gifreduxsample.ui.GifListActivity@58b203c in: STARTED
11-24 18:25:21.284  2249  2249 D LifecycleMonitor: Lifecycle status change: br.com.catbag.gifreduxsample.ui.GifListActivity@58b203c in: RESUMED
11-24 18:25:21.533  2249  2249 W IInputConnectionWrapper: reportFullscreenMode on inexistent InputConnection
11-24 18:25:21.550  2249  2249 W ResourceType: No package identifier when getting name for resource number 0x0000000c
11-24 18:25:21.571  2249  2249 I ViewInteraction: Performing 'single click' action on view with id: 12 (resource name not found)
11-24 18:25:21.604  1238  1260 I ActivityManager: Displayed br.com.catbag.gifreduxsample/.ui.GifListActivity: +625ms (total +2s490ms)
11-24 18:25:21.742  2249  2265 I DroidFlux:Dispatcher: [STARTED] dispatch of action [GIF_PLAY]
11-24 18:25:21.743  2249  2265 I DroidFlux:Dispatcher: [COMPLETED] dispatch of action [GIF_PLAY]
11-24 18:25:21.800  2249  2249 I Choreographer: Skipped 37 frames!  The application may be doing too much work on its main thread.
11-24 18:25:21.802   989  1024 D AudioFlinger: mixer(0xae683340) throttle end: throttle time(11)
11-24 18:25:21.822   989  1024 D AudioFlinger: mixer(0xae683340) throttle end: throttle time(11)
11-24 18:25:21.884  1238  1260 I WindowManager: Destroying surface Surface(name=Starting br.com.catbag.gifreduxsample) called by com.android.server.wm.WindowStateAnimator.destroySurface:2014 com.android.server.wm.WindowStateAnimator.destroySurfaceLocked:881 com.android.server.wm.WindowState.destroyOrSaveSurface:2073 com.android.server.wm.AppWindowToken.destroySurfaces:363 com.android.server.wm.WindowStateAnimator.finishExit:565 com.android.server.wm.WindowStateAnimator.stepAnimationLocked:491 com.android.server.wm.WindowAnimator.updateWindowsLocked:303 com.android.server.wm.WindowAnimator.animateLocked:704 
11-24 18:25:21.918  2249  2249 D LifecycleMonitor: Lifecycle status change: br.com.catbag.gifreduxsample.ui.GifListActivity@8600a62 in: STOPPED
11-24 18:25:21.918  2249  2249 D LifecycleMonitor: Lifecycle status change: br.com.catbag.gifreduxsample.ui.GifListActivity@8600a62 in: DESTROYED
11-24 18:25:21.944  1238  1455 I WindowManager: Destroying surface Surface(name=br.com.catbag.gifreduxsample/br.com.catbag.gifreduxsample.ui.GifListActivity) called by com.android.server.wm.WindowStateAnimator.destroySurface:2014 com.android.server.wm.WindowStateAnimator.destroySurfaceLocked:881 com.android.server.wm.WindowState.removeLocked:1449 com.android.server.wm.WindowManagerService.removeWindowInnerLocked:2478 com.android.server.wm.WindowManagerService.removeWindowLocked:2436 com.android.server.wm.WindowManagerService.removeWindowLocked:2305 com.android.server.wm.WindowManagerService.removeWindow:2300 com.android.server.wm.Session.remove:193 
11-24 18:25:21.955  2249  2249 D LifecycleMonitor: Lifecycle status change: br.com.catbag.gifreduxsample.ui.GifListActivity@89c8011 in: STOPPED
11-24 18:25:21.956  2249  2249 D LifecycleMonitor: Lifecycle status change: br.com.catbag.gifreduxsample.ui.GifListActivity@89c8011 in: DESTROYED
11-24 18:25:21.959  1238  1661 I WindowManager: Destroying surface Surface(name=br.com.catbag.gifreduxsample/br.com.catbag.gifreduxsample.ui.GifListActivity) called by com.android.server.wm.WindowStateAnimator.destroySurface:2014 com.android.server.wm.WindowStateAnimator.destroySurfaceLocked:881 com.android.server.wm.WindowState.removeLocked:1449 com.android.server.wm.WindowManagerService.removeWindowInnerLocked:2478 com.android.server.wm.WindowManagerService.removeWindowLocked:2436 com.android.server.wm.WindowManagerService.removeWindowLocked:2305 com.android.server.wm.WindowManagerService.removeWindow:2300 com.android.server.wm.Session.remove:193 
11-24 18:25:21.993  2249  2249 D LifecycleMonitor: Lifecycle status change: br.com.catbag.gifreduxsample.ui.GifListActivity@cf5bba9 in: STOPPED
11-24 18:25:21.993  2249  2249 D LifecycleMonitor: Lifecycle status change: br.com.catbag.gifreduxsample.ui.GifListActivity@cf5bba9 in: DESTROYED
11-24 18:25:21.995  1238  1250 I WindowManager: Destroying surface Surface(name=br.com.catbag.gifreduxsample/br.com.catbag.gifreduxsample.ui.GifListActivity) called by com.android.server.wm.WindowStateAnimator.destroySurface:2014 com.android.server.wm.WindowStateAnimator.destroySurfaceLocked:881 com.android.server.wm.WindowState.removeLocked:1449 com.android.server.wm.WindowManagerService.removeWindowInnerLocked:2478 com.android.server.wm.WindowManagerService.removeWindowLocked:2436 com.android.server.wm.WindowManagerService.removeWindowLocked:2305 com.android.server.wm.WindowManagerService.removeWindow:2300 com.android.server.wm.Session.remove:193 
11-24 18:25:22.151  2249  2250 I art     : Do partial code cache collection, code=54KB, data=62KB
11-24 18:25:22.152  2249  2250 I art     : After code cache collection, code=52KB, data=61KB
11-24 18:25:22.152  2249  2250 I art     : Increasing code cache capacity to 256KB
11-24 18:25:22.216  1238  1681 I WindowManager: Destroying surface Surface(name=com.android.launcher3/com.android.launcher3.Launcher) called by com.android.server.wm.WindowStateAnimator.destroySurface:2014 com.android.server.wm.WindowStateAnimator.destroySurfaceLocked:881 com.android.server.wm.WindowState.destroyOrSaveSurface:2073 com.android.server.wm.AppWindowToken.destroySurfaces:363 com.android.server.wm.AppWindowToken.notifyAppStopped:389 com.android.server.wm.WindowManagerService.notifyAppStopped:4456 com.android.server.am.ActivityStack.activityStoppedLocked:1252 com.android.server.am.ActivityManagerService.activityStopped:6873 
11-24 18:25:22.586  2249  2249 W ResourceType: No package identifier when getting name for resource number 0x00000010
11-24 18:25:22.587  2249  2249 I ViewInteraction: Performing 'scroll RecyclerView to position: 2' action on view with id: 16 (resource name not found)
11-24 18:25:22.889  2249  2249 W ResourceType: No package identifier when getting name for resource number 0x00000010
11-24 18:25:22.904  2249  2249 W ResourceType: No package identifier when getting name for resource number 0x00000018
11-24 18:25:22.904  2249  2249 I ViewInteraction: Performing 'single click' action on view with id: 24 (resource name not found)
11-24 18:25:22.973  2249  2265 I DroidFlux:Dispatcher: [STARTED] dispatch of action [GIF_PLAY]
11-24 18:25:22.976  2249  2265 I DroidFlux:Dispatcher: [COMPLETED] dispatch of action [GIF_PLAY]
11-24 18:25:23.577  2249  2249 W ResourceType: No package identifier when getting name for resource number 0x0000001c
11-24 18:25:23.577  2249  2249 I ViewInteraction: Performing 'scroll RecyclerView to position: 3' action on view with id: 28 (resource name not found)
11-24 18:25:23.877  2249  2249 W ResourceType: No package identifier when getting name for resource number 0x0000001c
11-24 18:25:23.892  2249  2249 W ResourceType: No package identifier when getting name for resource number 0x00000024
11-24 18:25:23.892  2249  2249 I ViewInteraction: Performing 'single click' action on view with id: 36 (resource name not found)
11-24 18:25:23.955  2249  2265 I DroidFlux:Dispatcher: [STARTED] dispatch of action [GIF_PLAY]
11-24 18:25:23.957  2249  2265 I DroidFlux:Dispatcher: [COMPLETED] dispatch of action [GIF_PLAY]
11-24 18:25:24.214  1238  1325 E TaskPersister: File error accessing recents directory (directory doesn't exist?).
11-24 18:25:24.542  2249  2249 W ResourceType: No package identifier when getting name for resource number 0x00000028
11-24 18:25:24.543  2249  2249 I ViewInteraction: Performing 'scroll RecyclerView to position: 4' action on view with id: 40 (resource name not found)
11-24 18:25:24.826  2249  2249 W ResourceType: No package identifier when getting name for resource number 0x00000028
11-24 18:25:24.838  2249  2249 W ResourceType: No package identifier when getting name for resource number 0x00000030
11-24 18:25:24.838  2249  2249 I ViewInteraction: Performing 'single click' action on view with id: 48 (resource name not found)
11-24 18:25:24.899  2249  2265 I DroidFlux:Dispatcher: [STARTED] dispatch of action [GIF_PLAY]
11-24 18:25:24.900  2249  2265 I DroidFlux:Dispatcher: [COMPLETED] dispatch of action [GIF_PLAY]
11-24 18:25:25.017  2249  2260 I art     : Background sticky concurrent mark sweep GC freed 23067(1729KB) AllocSpace objects, 10(208KB) LOS objects, 21% free, 7MB/9MB, paused 7.882ms total 170.276ms
11-24 18:25:25.593  2249  2249 W ResourceType: No package identifier when getting name for resource number 0x00000034
11-24 18:25:25.594  2249  2249 I ViewInteraction: Performing 'scroll RecyclerView to position: 5' action on view with id: 52 (resource name not found)
11-24 18:25:25.898  2249  2249 W ResourceType: No package identifier when getting name for resource number 0x00000034
11-24 18:25:25.926  2249  2249 W ResourceType: No package identifier when getting name for resource number 0x0000003c
11-24 18:25:25.927  2249  2249 I ViewInteraction: Performing 'single click' action on view with id: 60 (resource name not found)
11-24 18:25:26.003  2249  2265 I DroidFlux:Dispatcher: [STARTED] dispatch of action [GIF_PLAY]
11-24 18:25:26.027  2249  2265 I DroidFlux:Dispatcher: [COMPLETED] dispatch of action [GIF_PLAY]
11-24 18:25:26.617  2249  2249 W ResourceType: No package identifier when getting name for resource number 0x00000040
11-24 18:25:26.618  2249  2249 I ViewInteraction: Performing 'scroll RecyclerView to position: 6' action on view with id: 64 (resource name not found)
11-24 18:25:26.949  2249  2249 W ResourceType: No package identifier when getting name for resource number 0x00000040
11-24 18:25:26.960  2249  2249 W ResourceType: No package identifier when getting name for resource number 0x00000048
11-24 18:25:26.960  2249  2249 I ViewInteraction: Performing 'single click' action on view with id: 72 (resource name not found)
11-24 18:25:27.044  2249  2265 I DroidFlux:Dispatcher: [STARTED] dispatch of action [GIF_PLAY]
11-24 18:25:27.046  2249  2265 I DroidFlux:Dispatcher: [COMPLETED] dispatch of action [GIF_PLAY]
11-24 18:25:27.677  2249  2249 W ResourceType: No package identifier when getting name for resource number 0x0000004c
11-24 18:25:27.677  2249  2249 I ViewInteraction: Performing 'scroll RecyclerView to position: 7' action on view with id: 76 (resource name not found)
11-24 18:25:27.780  2249  2260 I art     : Background sticky concurrent mark sweep GC freed 10015(888KB) AllocSpace objects, 6(128KB) LOS objects, 11% free, 8MB/9MB, paused 7.537ms total 70.076ms
11-24 18:25:28.015  2249  2249 W ResourceType: No package identifier when getting name for resource number 0x0000004c
11-24 18:25:28.060  2249  2249 W ResourceType: No package identifier when getting name for resource number 0x00000054
11-24 18:25:28.060  2249  2249 I ViewInteraction: Performing 'single click' action on view with id: 84 (resource name not found)
11-24 18:25:28.138  2249  2265 I DroidFlux:Dispatcher: [STARTED] dispatch of action [GIF_PLAY]
11-24 18:25:28.139  2249  2265 I DroidFlux:Dispatcher: [COMPLETED] dispatch of action [GIF_PLAY]
11-24 18:25:28.714  2249  2249 W ResourceType: No package identifier when getting name for resource number 0x00000058
11-24 18:25:28.714  2249  2249 I ViewInteraction: Performing 'scroll RecyclerView to position: 8' action on view with id: 88 (resource name not found)
11-24 18:25:29.027  2249  2249 W ResourceType: No package identifier when getting name for resource number 0x00000058
11-24 18:25:29.068  2249  2249 W ResourceType: No package identifier when getting name for resource number 0x00000060
11-24 18:25:29.069  2249  2249 I ViewInteraction: Performing 'single click' action on view with id: 96 (resource name not found)
11-24 18:25:29.139  2249  2265 I DroidFlux:Dispatcher: [STARTED] dispatch of action [GIF_PLAY]
11-24 18:25:29.139  2249  2265 I DroidFlux:Dispatcher: [COMPLETED] dispatch of action [GIF_PLAY]
11-24 18:25:29.220  2249  2260 I art     : Background sticky concurrent mark sweep GC freed 7955(714KB) AllocSpace objects, 6(128KB) LOS objects, 7% free, 8MB/9MB, paused 7.921ms total 170.743ms
11-24 18:25:29.700  2249  2249 W ResourceType: No package identifier when getting name for resource number 0x00000064
11-24 18:25:29.715  2249  2249 I ViewInteraction: Performing 'scroll RecyclerView to position: 9' action on view with id: 100 (resource name not found)
11-24 18:25:30.015  2249  2249 W ResourceType: No package identifier when getting name for resource number 0x00000064
11-24 18:25:30.057  2249  2249 W ResourceType: No package identifier when getting name for resource number 0x0000006c
11-24 18:25:30.058  2249  2249 I ViewInteraction: Performing 'single click' action on view with id: 108 (resource name not found)
11-24 18:25:30.117  2249  2265 I DroidFlux:Dispatcher: [STARTED] dispatch of action [GIF_PLAY]
11-24 18:25:30.118  2249  2265 I DroidFlux:Dispatcher: [COMPLETED] dispatch of action [GIF_PLAY]
11-24 18:25:30.239  2249  2260 I art     : Background partial concurrent mark sweep GC freed 8618(575KB) AllocSpace objects, 3(64KB) LOS objects, 31% free, 8MB/12MB, paused 6.641ms total 208.221ms
11-24 18:25:30.710  2249  2249 W ResourceType: No package identifier when getting name for resource number 0x00000070
11-24 18:25:30.719  2249  2249 I ViewInteraction: Performing 'scroll RecyclerView to position: 10' action on view with id: 112 (resource name not found)
11-24 18:25:31.026  2249  2249 W ResourceType: No package identifier when getting name for resource number 0x00000070
11-24 18:25:31.063  2249  2249 W ResourceType: No package identifier when getting name for resource number 0x00000078
11-24 18:25:31.063  2249  2249 I ViewInteraction: Performing 'single click' action on view with id: 120 (resource name not found)
11-24 18:25:31.138  2249  2265 I DroidFlux:Dispatcher: [STARTED] dispatch of action [GIF_PLAY]
11-24 18:25:31.140  2249  2265 I DroidFlux:Dispatcher: [COMPLETED] dispatch of action [GIF_PLAY]
11-24 18:25:31.738  2249  2249 W ResourceType: No package identifier when getting name for resource number 0x0000007c
11-24 18:25:31.739  2249  2249 I ViewInteraction: Performing 'scroll RecyclerView to position: 11' action on view with id: 124 (resource name not found)
11-24 18:25:32.046  2249  2249 W ResourceType: No package identifier when getting name for resource number 0x0000007c
11-24 18:25:32.077  2249  2249 W ResourceType: No package identifier when getting name for resource number 0x00000084
11-24 18:25:32.078  2249  2249 I ViewInteraction: Performing 'single click' action on view with id: 132 (resource name not found)
11-24 18:25:32.166  2249  2265 I DroidFlux:Dispatcher: [STARTED] dispatch of action [GIF_PLAY]
11-24 18:25:32.168  2249  2265 I DroidFlux:Dispatcher: [COMPLETED] dispatch of action [GIF_PLAY]
11-24 18:25:32.740  2249  2249 W ResourceType: No package identifier when getting name for resource number 0x00000088
11-24 18:25:32.740  2249  2249 I ViewInteraction: Performing 'scroll RecyclerView to position: 12' action on view with id: 136 (resource name not found)
11-24 18:25:32.810  2249  2250 I art     : Do full code cache collection, code=124KB, data=122KB
11-24 18:25:32.810  2249  2250 I art     : After code cache collection, code=89KB, data=74KB
11-24 18:25:33.062  2249  2249 W ResourceType: No package identifier when getting name for resource number 0x00000088
11-24 18:25:33.080  2249  2249 W ResourceType: No package identifier when getting name for resource number 0x00000090
11-24 18:25:33.080  2249  2249 I ViewInteraction: Performing 'single click' action on view with id: 144 (resource name not found)
11-24 18:25:33.152  2249  2265 I DroidFlux:Dispatcher: [STARTED] dispatch of action [GIF_PLAY]
11-24 18:25:33.153  2249  2265 I DroidFlux:Dispatcher: [COMPLETED] dispatch of action [GIF_PLAY]
11-24 18:25:33.219   989  1024 D AudioFlinger: mixer(0xae683340) throttle end: throttle time(10)
11-24 18:25:33.750  2249  2249 W ResourceType: No package identifier when getting name for resource number 0x00000094
11-24 18:25:33.750  2249  2249 I ViewInteraction: Performing 'scroll RecyclerView to position: 13' action on view with id: 148 (resource name not found)
11-24 18:25:34.066  2249  2249 W ResourceType: No package identifier when getting name for resource number 0x00000094
11-24 18:25:34.107  2249  2249 W ResourceType: No package identifier when getting name for resource number 0x0000009c
11-24 18:25:34.107  2249  2249 I ViewInteraction: Performing 'single click' action on view with id: 156 (resource name not found)
11-24 18:25:34.172  2249  2265 I DroidFlux:Dispatcher: [STARTED] dispatch of action [GIF_PLAY]
11-24 18:25:34.188  2249  2265 I DroidFlux:Dispatcher: [COMPLETED] dispatch of action [GIF_PLAY]
11-24 18:25:34.776  2249  2249 W ResourceType: No package identifier when getting name for resource number 0x000000a0
11-24 18:25:34.776  2249  2249 I ViewInteraction: Performing 'scroll RecyclerView to position: 14' action on view with id: 160 (resource name not found)
11-24 18:25:35.088  2249  2249 W ResourceType: No package identifier when getting name for resource number 0x000000a0
11-24 18:25:35.129  2249  2249 W ResourceType: No package identifier when getting name for resource number 0x000000a8
11-24 18:25:35.129  2249  2249 I ViewInteraction: Performing 'single click' action on view with id: 168 (resource name not found)
11-24 18:25:35.210  2249  2265 I DroidFlux:Dispatcher: [STARTED] dispatch of action [GIF_PLAY]
11-24 18:25:35.231  2249  2265 I DroidFlux:Dispatcher: [COMPLETED] dispatch of action [GIF_PLAY]
11-24 18:25:35.719  2249  2249 W ResourceType: No package identifier when getting name for resource number 0x000000ac
11-24 18:25:35.719  2249  2249 I ViewInteraction: Performing 'scroll RecyclerView to position: 15' action on view with id: 172 (resource name not found)
11-24 18:25:35.838  2249  2260 I art     : Background sticky concurrent mark sweep GC freed 23912(1931KB) AllocSpace objects, 15(320KB) LOS objects, 18% free, 10MB/12MB, paused 5.317ms total 65.668ms
11-24 18:25:36.016  2249  2249 W ResourceType: No package identifier when getting name for resource number 0x000000ac
11-24 18:25:36.048  2249  2249 W ResourceType: No package identifier when getting name for resource number 0x000000b4
11-24 18:25:36.048  2249  2249 I ViewInteraction: Performing 'single click' action on view with id: 180 (resource name not found)
11-24 18:25:36.123  2249  2265 I DroidFlux:Dispatcher: [STARTED] dispatch of action [GIF_PLAY]
11-24 18:25:36.124  2249  2265 I DroidFlux:Dispatcher: [COMPLETED] dispatch of action [GIF_PLAY]
11-24 18:25:36.720  2249  2249 W ResourceType: No package identifier when getting name for resource number 0x000000b8
11-24 18:25:36.720  2249  2249 I ViewInteraction: Performing 'scroll RecyclerView to position: 16' action on view with id: 184 (resource name not found)
11-24 18:25:37.026  2249  2249 W ResourceType: No package identifier when getting name for resource number 0x000000b8
11-24 18:25:37.045  2249  2249 W ResourceType: No package identifier when getting name for resource number 0x000000c0
11-24 18:25:37.045  2249  2249 I ViewInteraction: Performing 'single click' action on view with id: 192 (resource name not found)
11-24 18:25:37.116  2249  2265 I DroidFlux:Dispatcher: [STARTED] dispatch of action [GIF_PLAY]
11-24 18:25:37.117  2249  2265 I DroidFlux:Dispatcher: [COMPLETED] dispatch of action [GIF_PLAY]
11-24 18:25:37.735  2249  2249 W ResourceType: No package identifier when getting name for resource number 0x000000c4
11-24 18:25:37.735  2249  2249 I ViewInteraction: Performing 'scroll RecyclerView to position: 17' action on view with id: 196 (resource name not found)
11-24 18:25:38.036  2249  2249 W ResourceType: No package identifier when getting name for resource number 0x000000c4
11-24 18:25:38.077  2249  2249 W ResourceType: No package identifier when getting name for resource number 0x000000cc
11-24 18:25:38.078  2249  2249 I ViewInteraction: Performing 'single click' action on view with id: 204 (resource name not found)
11-24 18:25:38.137  2249  2265 I DroidFlux:Dispatcher: [STARTED] dispatch of action [GIF_PLAY]
11-24 18:25:38.139  2249  2265 I DroidFlux:Dispatcher: [COMPLETED] dispatch of action [GIF_PLAY]
11-24 18:25:38.740  2249  2249 W ResourceType: No package identifier when getting name for resource number 0x000000d0
11-24 18:25:38.740  2249  2249 I ViewInteraction: Performing 'scroll RecyclerView to position: 18' action on view with id: 208 (resource name not found)
11-24 18:25:39.046  2249  2249 W ResourceType: No package identifier when getting name for resource number 0x000000d0
11-24 18:25:39.086  2249  2249 W ResourceType: No package identifier when getting name for resource number 0x000000d8
11-24 18:25:39.107  2249  2249 I ViewInteraction: Performing 'single click' action on view with id: 216 (resource name not found)
11-24 18:25:39.162  2249  2265 I DroidFlux:Dispatcher: [STARTED] dispatch of action [GIF_PLAY]
11-24 18:25:39.164  2249  2265 I DroidFlux:Dispatcher: [COMPLETED] dispatch of action [GIF_PLAY]
11-24 18:25:39.282  2249  2260 I art     : Background sticky concurrent mark sweep GC freed 17152(1460KB) AllocSpace objects, 12(256KB) LOS objects, 11% free, 11MB/12MB, paused 9.635ms total 226.014ms
11-24 18:25:39.815  2249  2249 W ResourceType: No package identifier when getting name for resource number 0x000000e3
11-24 18:25:39.815  2249  2249 I ViewInteraction: Performing 'single click' action on view with id: 227 (resource name not found)
11-24 18:25:39.880  2249  2265 I DroidFlux:Dispatcher: [STARTED] dispatch of action [GIF_PAUSE]
11-24 18:25:39.880  2249  2265 I DroidFlux:Dispatcher: [COMPLETED] dispatch of action [GIF_PAUSE]
11-24 18:25:40.448  2249  2249 D LifecycleMonitor: Lifecycle status change: br.com.catbag.gifreduxsample.ui.GifListActivity@58b203c in: PAUSED
11-24 18:25:40.462  2249  2264 I TestRunner: finished: whenListKeepOrderedAfterPlayTest(br.com.catbag.gifreduxsample.ui.giflist.GifListActivityTest)
11-24 18:25:40.562   979   979 D gralloc : Registering a buffer in the process that created it. This may cause memory ordering problems.
11-24 18:25:40.562   979   979 E libEGL  : called unimplemented OpenGL ES API
11-24 18:25:40.563   979   979 E SurfaceFlinger: glCheckFramebufferStatusOES error 2110376990
11-24 18:25:40.563   979   979 E SurfaceFlinger: got GL_FRAMEBUFFER_COMPLETE_OES error while taking screenshot
11-24 18:25:40.573  1238  1659 W WindowManager: Screenshot failure taking screenshot for (480x800) to layer 21005
11-24 18:25:40.583  2249  2249 I MonitoringInstrumentation: Activities that are still in CREATED to STOPPED: 1
11-24 18:25:40.585  2249  2264 I TestRunner: started: whenGifIsWatchedTest(br.com.catbag.gifreduxsample.ui.giflist.GifListActivityTest)
11-24 18:25:40.609  1238  1251 W art     : Long monitor contention with owner Binder:1238_7 (1659) at void com.android.server.am.ActivityManagerService.activityPaused(android.os.IBinder)(ActivityManagerService.java:6849) waiters=2 in void com.android.server.am.ActivityManagerService$3.handleMessage(android.os.Message) for 109ms
11-24 18:25:40.659  2249  2249 I MonitoringInstrumentation: Activities that are still in CREATED to STOPPED: 1
11-24 18:25:40.809  2249  2265 I DroidFlux:Dispatcher: [STARTED] dispatch of action [FAKE_REDUCE_ACTION]
11-24 18:25:40.839  2249  2265 I DroidFlux:Dispatcher: [COMPLETED] dispatch of action [FAKE_REDUCE_ACTION]
11-24 18:25:40.856  2249  2291 D ActivityTestRule: Launching activity br.com.catbag.gifreduxsample.ui.GifListActivity
11-24 18:25:40.870  2249  2292 D MonitoringInstrumentation: execStartActivity(context, ibinder, ibinder, activity, intent, int, bundle
11-24 18:25:40.883  1238  1681 I ActivityManager: START u0 {flg=0x10000000 cmp=br.com.catbag.gifreduxsample/.ui.GifListActivity} from uid 10060 on display 0
11-24 18:25:41.113  2249  2249 D LifecycleMonitor: Lifecycle status change: br.com.catbag.gifreduxsample.ui.GifListActivity@3a98c3a in: PRE_ON_CREATE
11-24 18:25:41.147  2249  2249 D LifecycleMonitor: Lifecycle status change: br.com.catbag.gifreduxsample.ui.GifListActivity@3a98c3a in: CREATED
11-24 18:25:41.157  1725  1725 I Choreographer: Skipped 33 frames!  The application may be doing too much work on its main thread.
11-24 18:25:41.162  2249  2265 I DroidFlux:Dispatcher: [STARTED] dispatch of action [APP_STATE_LOAD]
11-24 18:25:41.163  2249  2265 D DroidFlux:Dispatcher: An action of type [APP_STATE_LOAD] was dispatched, but no reducer handled it
11-24 18:25:41.163  2249  2265 I DroidFlux:Dispatcher: [COMPLETED] dispatch of action [APP_STATE_LOAD]
11-24 18:25:41.163  2249  2249 D LifecycleMonitor: Lifecycle status change: br.com.catbag.gifreduxsample.ui.GifListActivity@3a98c3a in: STARTED
11-24 18:25:41.165  2249  2249 D LifecycleMonitor: Lifecycle status change: br.com.catbag.gifreduxsample.ui.GifListActivity@3a98c3a in: RESUMED
11-24 18:25:41.240  2249  2249 E Feed    : Gif{uuid=222a14ce-4772-4a89-a34d-e25534519070, path=, url=, title=, watched=true, status=DOWNLOADED}
11-24 18:25:41.240  2249  2249 E Feed    : pl.droidsonroids.gif.GifIOException: GifError 101: Failed to open given input
11-24 18:25:41.240  2249  2249 E Feed    : 	at pl.droidsonroids.gif.GifInfoHandle.openFile(Native Method)
11-24 18:25:41.240  2249  2249 E Feed    : 	at pl.droidsonroids.gif.GifInfoHandle.<init>(GifInfoHandle.java:46)
11-24 18:25:41.240  2249  2249 E Feed    : 	at pl.droidsonroids.gif.GifDrawable.<init>(GifDrawable.java:124)
11-24 18:25:41.240  2249  2249 E Feed    : 	at br.com.catbag.gifreduxsample.ui.components.FeedView.createDrawable(FeedView.java:102)
11-24 18:25:41.240  2249  2249 E Feed    : 	at br.com.catbag.gifreduxsample.ui.components.FeedView.lambda$renderGifView$1(FeedView.java:89)
11-24 18:25:41.240  2249  2249 E Feed    : 	at br.com.catbag.gifreduxsample.ui.components.FeedView$$Lambda$2.view(Unknown Source)
11-24 18:25:41.240  2249  2249 E Feed    : 	at trikita.anvil.BaseDSL.v(BaseDSL.java:670)
11-24 18:25:41.240  2249  2249 E Feed    : 	at br.com.catbag.gifreduxsample.ui.components.FeedView.renderGifView(FeedView.java:88)
11-24 18:25:41.240  2249  2249 E Feed    : 	at br.com.catbag.gifreduxsample.ui.components.FeedView.access$lambda$0(FeedView.java)
11-24 18:25:41.240  2249  2249 E Feed    : 	at br.com.catbag.gifreduxsample.ui.components.FeedView$$Lambda$3.view(Unknown Source)
11-24 18:25:41.240  2249  2249 E Feed    : 	at br.com.catbag.gifreduxsample.ui.components.GifsAdapter.view(GifsAdapter.java:55)
11-24 18:25:41.240  2249  2249 E Feed    : 	at trikita.anvil.RenderableRecyclerViewAdapter$1.view(RenderableRecyclerViewAdapter.java:24)
11-24 18:25:41.240  2249  2249 E Feed    : 	at trikita.anvil.Anvil$Mount.render(Anvil.java:204)
11-24 18:25:41.240  2249  2249 E Feed    : 	at trikita.anvil.Anvil.render(Anvil.java:173)
11-24 18:25:41.240  2249  2249 E Feed    : 	at trikita.anvil.RenderableRecyclerViewAdapter.onBindViewHolder(RenderableRecyclerViewAdapter.java:27)
11-24 18:25:41.240  2249  2249 E Feed    : 	at trikita.anvil.RenderableRecyclerViewAdapter.onBindViewHolder(RenderableRecyclerViewAdapter.java:7)
11-24 18:25:41.240  2249  2249 E Feed    : 	at android.support.v7.widget.RecyclerView$Adapter.onBindViewHolder(RecyclerView.java:5768)
11-24 18:25:41.240  2249  2249 E Feed    : 	at android.support.v7.widget.RecyclerView$Adapter.bindViewHolder(RecyclerView.java:5801)
11-24 18:25:41.240  2249  2249 E Feed    : 	at android.support.v7.widget.RecyclerView$Recycler.getViewForPosition(RecyclerView.java:5037)
11-24 18:25:41.240  2249  2249 E Feed    : 	at android.support.v7.widget.RecyclerView$Recycler.getViewForPosition(RecyclerView.java:4913)
11-24 18:25:41.240  2249  2249 E Feed    : 	at android.support.v7.widget.LinearLayoutManager$LayoutState.next(LinearLayoutManager.java:2029)
11-24 18:25:41.240  2249  2249 E Feed    : 	at android.support.v7.widget.LinearLayoutManager.layoutChunk(LinearLayoutManager.java:1414)
11-24 18:25:41.240  2249  2249 E Feed    : 	at android.support.v7.widget.LinearLayoutManager.fill(LinearLayoutManager.java:1377)
11-24 18:25:41.240  2249  2249 E Feed    : 	at android.support.v7.widget.LinearLayoutManager.onLayoutChildren(LinearLayoutManager.java:578)
11-24 18:25:41.240  2249  2249 E Feed    : 	at android.support.v7.widget.RecyclerView.dispatchLayoutStep2(RecyclerView.java:3260)
11-24 18:25:41.240  2249  2249 E Feed    : 	at android.support.v7.widget.RecyclerView.dispatchLayout(RecyclerView.java:3069)
11-24 18:25:41.240  2249  2249 E Feed    : 	at android.support.v7.widget.RecyclerView.onLayout(RecyclerView.java:3518)
11-24 18:25:41.240  2249  2249 E Feed    : 	at android.view.View.layout(View.java:17520)
11-24 18:25:41.240  2249  2249 E Feed    : 	at android.view.ViewGroup.layout(ViewGroup.java:5612)
11-24 18:25:41.240  2249  2249 E Feed    : 	at android.widget.FrameLayout.layoutChildren(FrameLayout.java:323)
11-24 18:25:41.240  2249  2249 E Feed    : 	at android.widget.FrameLayout.onLayout(FrameLayout.java:261)
11-24 18:25:41.240  2249  2249 E Feed    : 	at android.view.View.layout(View.java:17520)
11-24 18:25:41.240  2249  2249 E Feed    : 	at android.view.ViewGroup.layout(ViewGroup.java:5612)
11-24 18:25:41.240  2249  2249 E Feed    : 	at android.widget.RelativeLayout.onLayout(RelativeLayout.java:1079)
11-24 18:25:41.240  2249  2249 E Feed    : 	at android.view.View.layout(View.java:17520)
11-24 18:25:41.240  2249  2249 E Feed    : 	at android.view.ViewGroup.layout(ViewGroup.java:5612)
11-24 18:25:41.240  2249  2249 E Feed    : 	at android.widget.FrameLayout.layoutChildren(FrameLayout.java:323)
11-24 18:25:41.240  2249  2249 E Feed    : 	at android.widget.FrameLayout.onLayout(FrameLayout.java:261)
11-24 18:25:41.240  2249  2249 E Feed    : 	at android.view.View.layout(View.java:17520)
11-24 18:25:41.240  2249  2249 E Feed    : 	at android.view.ViewGroup.layout(ViewGroup.java:5612)
11-24 18:25:41.240  2249  2249 E Feed    : 	at android.support.v7.widget.ActionBarOverlayLayout.onLayout(ActionBarOverlayLayout.java:435)
11-24 18:25:41.240  2249  2249 E Feed    : 	at android.view.View.layout(View.java:17520)
11-24 18:25:41.240  2249  2249 E Feed    : 	at android.view.ViewGroup.layout(ViewGroup.java:5612)
11-24 18:25:41.240  2249  2249 E Feed    : 	at android.widget.FrameLayout.layoutChildren(FrameLayout.java:323)
11-24 18:25:41.240  2249  2249 E Feed    : 	at android.widget.FrameLayout.onLayout(FrameLayout.java:261)
11-24 18:25:41.240  2249  2249 E Feed    : 	at android.view.View.layout(View.java:17520)
11-24 18:25:41.240  2249  2249 E Feed    : 	at android.view.ViewGroup.layout(ViewGroup.java:5612)
11-24 18:25:41.240  2249  2249 E Feed    : 	at android.widget.LinearLayout.setChildFrame(LinearLayout.java:1741)
11-24 18:25:41.240  2249  2249 E Feed    : 	at android.widget.LinearLayout.layoutVertical(LinearLayout.java:1585)
11-24 18:25:41.240  2249  2249 E Feed    : 	at android.widget.LinearLayout.onLayout(LinearLayout.java:1494)
11-24 18:25:41.240  2249  2249 E Feed    : 	at android.view.View.layout(View.java:17520)
11-24 18:25:41.240  2249  2249 E Feed    : 	at android.view.ViewGroup.layout(ViewGroup.java:5612)
11-24 18:25:41.240  2249  2249 E Feed    : 	at android.widget.FrameLayout.layoutChildren(FrameLayout.java:323)
11-24 18:25:41.240  2249  2249 E Feed    : 	at android.widget.FrameLayout.onLayout(FrameLayout.java:261)
11-24 18:25:41.240  2249  2249 E Feed    : 	at com.android.internal.policy.DecorView.onLayout(DecorView.java:724)
11-24 18:25:41.240  2249  2249 E Feed    : 	at android.view.View.layout(View.java:17520)
11-24 18:25:41.240  2249  2249 E Feed    : 	at android.view.ViewGroup.layout(ViewGroup.java:5612)
11-24 18:25:41.240  2249  2249 E Feed    : 	at android.view.ViewRootImpl.performLayout(ViewRootImpl.java:2342)
11-24 18:25:41.240  2249  2249 E Feed    : 	at android.view.ViewRootImpl.performTraversals(ViewRootImpl.java:2069)
11-24 18:25:41.240  2249  2249 E Feed    : 	at android.view.ViewRootImpl.doTraversal(ViewRootImpl.java:1246)
11-24 18:25:41.240  2249  2249 E Feed    : 	at android.view.ViewRootImpl$TraversalRunnable.run(ViewRootImpl.java:6301)
11-24 18:25:41.240  2249  2249 E Feed    : 	at android.view.Choreographer$CallbackRecord.run(Choreographer.java:871)
11-24 18:25:41.240  2249  2249 E Feed    : 	at android.view.Choreographer.doCallbacks(Choreographer.java:683)
11-24 18:25:41.240  2249  2249 E Feed    : 	at android.view.Choreographer.doFrame(Choreographer.java:619)
11-24 18:25:41.240  2249  2249 E Feed    : 	at android.view.Choreographer$FrameDisplayEventReceiver.run(Choreographer.java:857)
11-24 18:25:41.240  2249  2249 E Feed    : 	at android.os.Handler.handleCallback(Handler.java:751)
11-24 18:25:41.240  2249  2249 E Feed    : 	at android.os.Handler.dispatchMessage(Handler.java:95)
11-24 18:25:41.240  2249  2249 E Feed    : 	at android.os.Looper.loop(Looper.java:154)
11-24 18:25:41.240  2249  2249 E Feed    : 	at android.app.ActivityThread.main(ActivityThread.java:6077)
11-24 18:25:41.240  2249  2249 E Feed    : 	at java.lang.reflect.Method.invoke(Native Method)
11-24 18:25:41.240  2249  2249 E Feed    : 	at com.android.internal.os.ZygoteInit$MethodAndArgsCaller.run(ZygoteInit.java:865)
11-24 18:25:41.240  2249  2249 E Feed    : 	at com.android.internal.os.ZygoteInit.main(ZygoteInit.java:755)
11-24 18:25:41.249  1238  1260 I Choreographer: Skipped 51 frames!  The application may be doing too much work on its main thread.
11-24 18:25:41.413  1238  1455 I WindowManager: Destroying surface Surface(name=com.android.launcher3/com.android.launcher3.Launcher) called by com.android.server.wm.WindowStateAnimator.destroySurface:2014 com.android.server.wm.WindowStateAnimator.destroySurfaceLocked:881 com.android.server.wm.WindowState.destroyOrSaveSurface:2073 com.android.server.wm.AppWindowToken.destroySurfaces:363 com.android.server.wm.AppWindowToken.notifyAppStopped:389 com.android.server.wm.WindowManagerService.notifyAppStopped:4456 com.android.server.am.ActivityStack.activityStoppedLocked:1252 com.android.server.am.ActivityManagerService.activityStopped:6873 
11-24 18:25:41.485  2249  2249 I Choreographer: Skipped 35 frames!  The application may be doing too much work on its main thread.
11-24 18:25:41.504  2249  2249 D LifecycleMonitor: Lifecycle status change: br.com.catbag.gifreduxsample.ui.GifListActivity@58b203c in: STOPPED
11-24 18:25:41.505  2249  2249 D LifecycleMonitor: Lifecycle status change: br.com.catbag.gifreduxsample.ui.GifListActivity@58b203c in: DESTROYED
11-24 18:25:41.530  1238  1260 I ActivityManager: Displayed br.com.catbag.gifreduxsample/.ui.GifListActivity: +461ms
11-24 18:25:41.604  2249  2264 I TestRunner: finished: whenGifIsWatchedTest(br.com.catbag.gifreduxsample.ui.giflist.GifListActivityTest)
11-24 18:25:41.638  2249  2249 D LifecycleMonitor: Lifecycle status change: br.com.catbag.gifreduxsample.ui.GifListActivity@3a98c3a in: PAUSED
11-24 18:25:41.778  1238  1260 I WindowManager: Destroying surface Surface(name=Starting br.com.catbag.gifreduxsample) called by com.android.server.wm.WindowStateAnimator.destroySurface:2014 com.android.server.wm.WindowStateAnimator.destroySurfaceLocked:881 com.android.server.wm.WindowState.removeLocked:1449 com.android.server.wm.WindowManagerService.removeWindowInnerLocked:2478 com.android.server.wm.AppWindowToken.destroySurfaces:365 com.android.server.wm.WindowStateAnimator.finishExit:565 com.android.server.wm.WindowStateAnimator.stepAnimationLocked:491 com.android.server.wm.WindowAnimator.updateWindowsLocked:303 
11-24 18:25:41.780  1238  1260 I WindowManager: Destroying surface Surface(name=br.com.catbag.gifreduxsample/br.com.catbag.gifreduxsample.ui.GifListActivity) called by com.android.server.wm.WindowStateAnimator.destroySurface:2014 com.android.server.wm.WindowStateAnimator.destroySurfaceLocked:881 com.android.server.wm.WindowState.removeLocked:1449 com.android.server.wm.WindowManagerService.removeWindowInnerLocked:2478 com.android.server.wm.AppWindowToken.destroySurfaces:365 com.android.server.wm.WindowStateAnimator.finishExit:565 com.android.server.wm.WindowStateAnimator.stepAnimationLocked:491 com.android.server.wm.WindowAnimator.updateWindowsLocked:303 
11-24 18:25:41.816   979   979 D gralloc : Registering a buffer in the process that created it. This may cause memory ordering problems.
11-24 18:25:41.817   979   979 E libEGL  : called unimplemented OpenGL ES API
11-24 18:25:41.817   979   979 E SurfaceFlinger: glCheckFramebufferStatusOES error 2110376990
11-24 18:25:41.817   979   979 E SurfaceFlinger: got GL_FRAMEBUFFER_COMPLETE_OES error while taking screenshot
11-24 18:25:41.819  1238  1681 W WindowManager: Screenshot failure taking screenshot for (480x800) to layer 22005
11-24 18:25:41.835  1238  1252 W art     : Long monitor contention with owner Binder:1238_9 (1681) at void com.android.server.am.ActivityManagerService.activityPaused(android.os.IBinder)(ActivityManagerService.java:6849) waiters=0 in void com.android.server.am.ActivityStackSupervisor$ActivityStackSupervisorHandler.activityIdleInternal(com.android.server.am.ActivityRecord) for 192ms
11-24 18:25:41.860  2249  2249 I MonitoringInstrumentation: Activities that are still in CREATED to STOPPED: 1
11-24 18:25:41.860  2249  2249 I Choreographer: Skipped 61 frames!  The application may be doing too much work on its main thread.
11-24 18:25:41.862  2249  2264 I TestRunner: started: whenScrollUpAndPlayFirstItemTest(br.com.catbag.gifreduxsample.ui.giflist.GifListActivityTest)
11-24 18:25:41.886  2249  2249 I MonitoringInstrumentation: Activities that are still in CREATED to STOPPED: 1
11-24 18:25:41.913  2249  2265 I DroidFlux:Dispatcher: [STARTED] dispatch of action [FAKE_REDUCE_ACTION]
11-24 18:25:41.914  2249  2265 I DroidFlux:Dispatcher: [COMPLETED] dispatch of action [FAKE_REDUCE_ACTION]
