11-23 20:44:30.047  2313  2328 I TestRunner: finished: whenScrollDownAndPlayLastItemTest(br.com.catbag.gifreduxsample.ui.giflist.GifListActivityTest)
11-23 20:44:30.170   977   977 D gralloc : Registering a buffer in the process that created it. This may cause memory ordering problems.
11-23 20:44:30.171   977   977 E libEGL  : called unimplemented OpenGL ES API
11-23 20:44:30.171   977   977 E SurfaceFlinger: glCheckFramebufferStatusOES error 869012299
11-23 20:44:30.172   977   977 E SurfaceFlinger: got GL_FRAMEBUFFER_COMPLETE_OES error while taking screenshot
11-23 20:44:30.175  1237  2136 W WindowManager: Screenshot failure taking screenshot for (480x800) to layer 21005
11-23 20:44:30.207  2313  2313 I Choreographer: Skipped 49 frames!  The application may be doing too much work on its main thread.
11-23 20:44:30.214  2313  2313 I MonitoringInstrumentation: Activities that are still in CREATED to STOPPED: 1
11-23 20:44:30.215  2313  2328 I TestRunner: started: whenGifIsNotWatchedTest(br.com.catbag.gifreduxsample.ui.giflist.GifListActivityTest)
11-23 20:44:30.217  2313  2313 I MonitoringInstrumentation: Activities that are still in CREATED to STOPPED: 1
11-23 20:44:30.227  2313  2329 I DroidFlux:Dispatcher: [STARTED] dispatch of action [FAKE_REDUCE_ACTION]
11-23 20:44:30.280  1237  1258 I Choreographer: Skipped 68 frames!  The application may be doing too much work on its main thread.
11-23 20:44:30.286  2313  2329 I DroidFlux:Dispatcher: [COMPLETED] dispatch of action [FAKE_REDUCE_ACTION]
11-23 20:44:30.290  2313  2345 D ActivityTestRule: Launching activity br.com.catbag.gifreduxsample.ui.GifListActivity
11-23 20:44:30.372  2313  2346 D MonitoringInstrumentation: execStartActivity(context, ibinder, ibinder, activity, intent, int, bundle
11-23 20:44:30.373  1237  2136 I ActivityManager: START u0 {flg=0x10000000 cmp=br.com.catbag.gifreduxsample/.ui.GifListActivity} from uid 10060 on display 0
11-23 20:44:30.448  1237  1258 I Choreographer: Skipped 39 frames!  The application may be doing too much work on its main thread.
11-23 20:44:30.621  1237  1258 I Choreographer: Skipped 31 frames!  The application may be doing too much work on its main thread.
11-23 20:44:30.752  1237  1258 I Choreographer: Skipped 33 frames!  The application may be doing too much work on its main thread.
11-23 20:44:30.866  2313  2313 E Feed    : Gif{uuid=7b9d0598-a77d-4fde-9d47-7204a2f7cace, path=, url=, title=, watched=false, status=DOWNLOADED}
11-23 20:44:30.866  2313  2313 E Feed    : pl.droidsonroids.gif.GifIOException: GifError 101: Failed to open given input
11-23 20:44:30.866  2313  2313 E Feed    : 	at pl.droidsonroids.gif.GifInfoHandle.openFile(Native Method)
11-23 20:44:30.866  2313  2313 E Feed    : 	at pl.droidsonroids.gif.GifInfoHandle.<init>(GifInfoHandle.java:46)
11-23 20:44:30.866  2313  2313 E Feed    : 	at pl.droidsonroids.gif.GifDrawable.<init>(GifDrawable.java:124)
11-23 20:44:30.866  2313  2313 E Feed    : 	at br.com.catbag.gifreduxsample.ui.components.FeedComponent.createDrawable(FeedComponent.java:104)
11-23 20:44:30.866  2313  2313 E Feed    : 	at br.com.catbag.gifreduxsample.ui.components.FeedComponent.lambda$renderGifView$2(FeedComponent.java:90)
11-23 20:44:30.866  2313  2313 E Feed    : 	at br.com.catbag.gifreduxsample.ui.components.FeedComponent$$Lambda$2.view(Unknown Source)
11-23 20:44:30.866  2313  2313 E Feed    : 	at trikita.anvil.BaseDSL.v(BaseDSL.java:670)
11-23 20:44:30.866  2313  2313 E Feed    : 	at br.com.catbag.gifreduxsample.ui.components.FeedComponent.renderGifView(FeedComponent.java:88)
11-23 20:44:30.866  2313  2313 E Feed    : 	at br.com.catbag.gifreduxsample.ui.components.FeedComponent.lambda$null$0(FeedComponent.java:55)
11-23 20:44:30.866  2313  2313 E Feed    : 	at br.com.catbag.gifreduxsample.ui.components.FeedComponent$$Lambda$3.view(Unknown Source)
11-23 20:44:30.866  2313  2313 E Feed    : 	at br.com.catbag.gifreduxsample.ui.components.GifsAdapter.view(GifsAdapter.java:55)
11-23 20:44:30.866  2313  2313 E Feed    : 	at trikita.anvil.RenderableRecyclerViewAdapter$1.view(RenderableRecyclerViewAdapter.java:24)
11-23 20:44:30.866  2313  2313 E Feed    : 	at trikita.anvil.Anvil$Mount.render(Anvil.java:204)
11-23 20:44:30.866  2313  2313 E Feed    : 	at trikita.anvil.Anvil.render(Anvil.java:173)
11-23 20:44:30.866  2313  2313 E Feed    : 	at trikita.anvil.RenderableRecyclerViewAdapter.onBindViewHolder(RenderableRecyclerViewAdapter.java:29)
11-23 20:44:30.866  2313  2313 E Feed    : 	at trikita.anvil.RenderableRecyclerViewAdapter.onBindViewHolder(RenderableRecyclerViewAdapter.java:7)
11-23 20:44:30.866  2313  2313 E Feed    : 	at android.support.v7.widget.RecyclerView$Adapter.onBindViewHolder(RecyclerView.java:5768)
11-23 20:44:30.866  2313  2313 E Feed    : 	at android.support.v7.widget.RecyclerView$Adapter.bindViewHolder(RecyclerView.java:5801)
11-23 20:44:30.866  2313  2313 E Feed    : 	at android.support.v7.widget.RecyclerView$Recycler.getViewForPosition(RecyclerView.java:5037)
11-23 20:44:30.866  2313  2313 E Feed    : 	at android.support.v7.widget.RecyclerView$Recycler.getViewForPosition(RecyclerView.java:4913)
11-23 20:44:30.866  2313  2313 E Feed    : 	at android.support.v7.widget.LinearLayoutManager$LayoutState.next(LinearLayoutManager.java:2029)
11-23 20:44:30.866  2313  2313 E Feed    : 	at android.support.v7.widget.LinearLayoutManager.layoutChunk(LinearLayoutManager.java:1414)
11-23 20:44:30.866  2313  2313 E Feed    : 	at android.support.v7.widget.LinearLayoutManager.fill(LinearLayoutManager.java:1377)
11-23 20:44:30.866  2313  2313 E Feed    : 	at android.support.v7.widget.LinearLayoutManager.onLayoutChildren(LinearLayoutManager.java:578)
11-23 20:44:30.866  2313  2313 E Feed    : 	at android.support.v7.widget.RecyclerView.dispatchLayoutStep2(RecyclerView.java:3260)
11-23 20:44:30.866  2313  2313 E Feed    : 	at android.support.v7.widget.RecyclerView.dispatchLayout(RecyclerView.java:3069)
11-23 20:44:30.866  2313  2313 E Feed    : 	at android.support.v7.widget.RecyclerView.onLayout(RecyclerView.java:3518)
11-23 20:44:30.866  2313  2313 E Feed    : 	at android.view.View.layout(View.java:17520)
11-23 20:44:30.866  2313  2313 E Feed    : 	at android.view.ViewGroup.layout(ViewGroup.java:5612)
11-23 20:44:30.866  2313  2313 E Feed    : 	at android.widget.FrameLayout.layoutChildren(FrameLayout.java:323)
11-23 20:44:30.866  2313  2313 E Feed    : 	at android.widget.FrameLayout.onLayout(FrameLayout.java:261)
11-23 20:44:30.866  2313  2313 E Feed    : 	at android.view.View.layout(View.java:17520)
11-23 20:44:30.866  2313  2313 E Feed    : 	at android.view.ViewGroup.layout(ViewGroup.java:5612)
11-23 20:44:30.866  2313  2313 E Feed    : 	at android.widget.RelativeLayout.onLayout(RelativeLayout.java:1079)
11-23 20:44:30.866  2313  2313 E Feed    : 	at android.view.View.layout(View.java:17520)
11-23 20:44:30.866  2313  2313 E Feed    : 	at android.view.ViewGroup.layout(ViewGroup.java:5612)
11-23 20:44:30.866  2313  2313 E Feed    : 	at android.widget.FrameLayout.layoutChildren(FrameLayout.java:323)
11-23 20:44:30.866  2313  2313 E Feed    : 	at android.widget.FrameLayout.onLayout(FrameLayout.java:261)
11-23 20:44:30.866  2313  2313 E Feed    : 	at android.view.View.layout(View.java:17520)
11-23 20:44:30.866  2313  2313 E Feed    : 	at android.view.ViewGroup.layout(ViewGroup.java:5612)
11-23 20:44:30.866  2313  2313 E Feed    : 	at android.support.v7.widget.ActionBarOverlayLayout.onLayout(ActionBarOverlayLayout.java:435)
11-23 20:44:30.866  2313  2313 E Feed    : 	at android.view.View.layout(View.java:17520)
11-23 20:44:30.866  2313  2313 E Feed    : 	at android.view.ViewGroup.layout(ViewGroup.java:5612)
11-23 20:44:30.866  2313  2313 E Feed    : 	at android.widget.FrameLayout.layoutChildren(FrameLayout.java:323)
11-23 20:44:30.866  2313  2313 E Feed    : 	at android.widget.FrameLayout.onLayout(FrameLayout.java:261)
11-23 20:44:30.866  2313  2313 E Feed    : 	at android.view.View.layout(View.java:17520)
11-23 20:44:30.866  2313  2313 E Feed    : 	at android.view.ViewGroup.layout(ViewGroup.java:5612)
11-23 20:44:30.866  2313  2313 E Feed    : 	at android.widget.LinearLayout.setChildFrame(LinearLayout.java:1741)
11-23 20:44:30.866  2313  2313 E Feed    : 	at android.widget.LinearLayout.layoutVertical(LinearLayout.java:1585)
11-23 20:44:30.866  2313  2313 E Feed    : 	at android.widget.LinearLayout.onLayout(LinearLayout.java:1494)
11-23 20:44:30.866  2313  2313 E Feed    : 	at android.view.View.layout(View.java:17520)
11-23 20:44:30.866  2313  2313 E Feed    : 	at android.view.ViewGroup.layout(ViewGroup.java:5612)
11-23 20:44:30.866  2313  2313 E Feed    : 	at android.widget.FrameLayout.layoutChildren(FrameLayout.java:323)
11-23 20:44:30.867  2313  2313 E Feed    : 	at android.widget.FrameLayout.onLayout(FrameLayout.java:261)
11-23 20:44:30.867  2313  2313 E Feed    : 	at com.android.internal.policy.DecorView.onLayout(DecorView.java:724)
11-23 20:44:30.867  2313  2313 E Feed    : 	at android.view.View.layout(View.java:17520)
11-23 20:44:30.867  2313  2313 E Feed    : 	at android.view.ViewGroup.layout(ViewGroup.java:5612)
11-23 20:44:30.867  2313  2313 E Feed    : 	at android.view.ViewRootImpl.performLayout(ViewRootImpl.java:2342)
11-23 20:44:30.867  2313  2313 E Feed    : 	at android.view.ViewRootImpl.performTraversals(ViewRootImpl.java:2069)
11-23 20:44:30.867  2313  2313 E Feed    : 	at android.view.ViewRootImpl.doTraversal(ViewRootImpl.java:1246)
11-23 20:44:30.867  2313  2313 E Feed    : 	at android.view.ViewRootImpl$TraversalRunnable.run(ViewRootImpl.java:6301)
11-23 20:44:30.867  2313  2313 E Feed    : 	at android.view.Choreographer$CallbackRecord.run(Choreographer.java:871)
11-23 20:44:30.867  2313  2313 E Feed    : 	at android.view.Choreographer.doCallbacks(Choreographer.java:683)
11-23 20:44:30.867  2313  2313 E Feed    : 	at android.view.Choreographer.doFrame(Choreographer.java:619)
11-23 20:44:30.867  2313  2313 E Feed    : 	at android.view.Choreographer$FrameDisplayEventReceiver.run(Choreographer.java:857)
11-23 20:44:30.867  2313  2313 E Feed    : 	at android.os.Handler.handleCallback(Handler.java:751)
11-23 20:44:30.867  2313  2313 E Feed    : 	at android.os.Handler.dispatchMessage(Handler.java:95)
11-23 20:44:30.867  2313  2313 E Feed    : 	at android.os.Looper.loop(Looper.java:154)
11-23 20:44:30.867  2313  2313 E Feed    : 	at android.app.ActivityThread.main(ActivityThread.java:6077)
11-23 20:44:30.867  2313  2313 E Feed    : 	at java.lang.reflect.Method.invoke(Native Method)
11-23 20:44:30.867  2313  2313 E Feed    : 	at com.android.internal.os.ZygoteInit$MethodAndArgsCaller.run(ZygoteInit.java:865)
11-23 20:44:30.867  2313  2313 E Feed    : 	at com.android.internal.os.ZygoteInit.main(ZygoteInit.java:755)
11-23 20:44:30.901  1237  1251 W ActivityManager: Activity pause timeout for ActivityRecord{11df49 u0 com.android.launcher3/.Launcher t3}
11-23 20:44:31.005  1732  1732 I Choreographer: Skipped 93 frames!  The application may be doing too much work on its main thread.
11-23 20:44:31.081  2313  2313 D LifecycleMonitor: Lifecycle status change: br.com.catbag.gifreduxsample.ui.GifListActivity@b28567d in: PRE_ON_CREATE
11-23 20:44:31.133  1237  1437 I WindowManager: Destroying surface Surface(name=com.android.launcher3/com.android.launcher3.Launcher) called by com.android.server.wm.WindowStateAnimator.destroySurface:2014 com.android.server.wm.WindowStateAnimator.destroySurfaceLocked:881 com.android.server.wm.WindowState.destroyOrSaveSurface:2073 com.android.server.wm.WindowManagerService.tryStartExitingAnimation:3017 com.android.server.wm.WindowManagerService.relayoutWindow:2897 com.android.server.wm.Session.relayout:215 android.view.IWindowSession$Stub.onTransact:286 com.android.server.wm.Session.onTransact:136 
11-23 20:44:31.155  2313  2313 D LifecycleMonitor: Lifecycle status change: br.com.catbag.gifreduxsample.ui.GifListActivity@b28567d in: CREATED
11-23 20:44:31.236  2313  2329 I DroidFlux:Dispatcher: [STARTED] dispatch of action [APP_STATE_LOAD]
11-23 20:44:31.236  2313  2329 D DroidFlux:Dispatcher: An action of type [APP_STATE_LOAD] was dispatched, but no reducer handled it
11-23 20:44:31.237  2313  2329 I DroidFlux:Dispatcher: [COMPLETED] dispatch of action [APP_STATE_LOAD]
11-23 20:44:31.237  2313  2313 D LifecycleMonitor: Lifecycle status change: br.com.catbag.gifreduxsample.ui.GifListActivity@b28567d in: STARTED
11-23 20:44:31.272  2313  2313 D LifecycleMonitor: Lifecycle status change: br.com.catbag.gifreduxsample.ui.GifListActivity@b28567d in: RESUMED
11-23 20:44:31.511  1237  1258 I Choreographer: Skipped 42 frames!  The application may be doing too much work on its main thread.
11-23 20:44:31.672  1237  1258 I Choreographer: Skipped 41 frames!  The application may be doing too much work on its main thread.
11-23 20:44:31.888  1237  1258 I Choreographer: Skipped 52 frames!  The application may be doing too much work on its main thread.
11-23 20:44:31.895  2313  2313 I Choreographer: Skipped 157 frames!  The application may be doing too much work on its main thread.
11-23 20:44:31.914  2313  2313 E Feed    : Gif{uuid=7b9d0598-a77d-4fde-9d47-7204a2f7cace, path=, url=, title=, watched=false, status=DOWNLOADED}
11-23 20:44:31.914  2313  2313 E Feed    : pl.droidsonroids.gif.GifIOException: GifError 101: Failed to open given input
11-23 20:44:31.914  2313  2313 E Feed    : 	at pl.droidsonroids.gif.GifInfoHandle.openFile(Native Method)
11-23 20:44:31.914  2313  2313 E Feed    : 	at pl.droidsonroids.gif.GifInfoHandle.<init>(GifInfoHandle.java:46)
11-23 20:44:31.914  2313  2313 E Feed    : 	at pl.droidsonroids.gif.GifDrawable.<init>(GifDrawable.java:124)
11-23 20:44:31.914  2313  2313 E Feed    : 	at br.com.catbag.gifreduxsample.ui.components.FeedComponent.createDrawable(FeedComponent.java:104)
11-23 20:44:31.914  2313  2313 E Feed    : 	at br.com.catbag.gifreduxsample.ui.components.FeedComponent.lambda$renderGifView$2(FeedComponent.java:90)
11-23 20:44:31.914  2313  2313 E Feed    : 	at br.com.catbag.gifreduxsample.ui.components.FeedComponent$$Lambda$2.view(Unknown Source)
11-23 20:44:31.914  2313  2313 E Feed    : 	at trikita.anvil.BaseDSL.v(BaseDSL.java:670)
11-23 20:44:31.914  2313  2313 E Feed    : 	at br.com.catbag.gifreduxsample.ui.components.FeedComponent.renderGifView(FeedComponent.java:88)
11-23 20:44:31.914  2313  2313 E Feed    : 	at br.com.catbag.gifreduxsample.ui.components.FeedComponent.lambda$null$0(FeedComponent.java:55)
11-23 20:44:31.914  2313  2313 E Feed    : 	at br.com.catbag.gifreduxsample.ui.components.FeedComponent$$Lambda$3.view(Unknown Source)
11-23 20:44:31.914  2313  2313 E Feed    : 	at br.com.catbag.gifreduxsample.ui.components.GifsAdapter.view(GifsAdapter.java:55)
11-23 20:44:31.914  2313  2313 E Feed    : 	at trikita.anvil.RenderableRecyclerViewAdapter$1.view(RenderableRecyclerViewAdapter.java:24)
11-23 20:44:31.914  2313  2313 E Feed    : 	at trikita.anvil.Anvil$Mount.render(Anvil.java:204)
11-23 20:44:31.914  2313  2313 E Feed    : 	at trikita.anvil.Anvil.render(Anvil.java:173)
11-23 20:44:31.914  2313  2313 E Feed    : 	at trikita.anvil.RenderableRecyclerViewAdapter.onBindViewHolder(RenderableRecyclerViewAdapter.java:27)
11-23 20:44:31.914  2313  2313 E Feed    : 	at trikita.anvil.RenderableRecyclerViewAdapter.onBindViewHolder(RenderableRecyclerViewAdapter.java:7)
11-23 20:44:31.914  2313  2313 E Feed    : 	at android.support.v7.widget.RecyclerView$Adapter.onBindViewHolder(RecyclerView.java:5768)
11-23 20:44:31.914  2313  2313 E Feed    : 	at android.support.v7.widget.RecyclerView$Adapter.bindViewHolder(RecyclerView.java:5801)
11-23 20:44:31.914  2313  2313 E Feed    : 	at android.support.v7.widget.RecyclerView$Recycler.getViewForPosition(RecyclerView.java:5037)
11-23 20:44:31.914  2313  2313 E Feed    : 	at android.support.v7.widget.RecyclerView$Recycler.getViewForPosition(RecyclerView.java:4913)
11-23 20:44:31.914  2313  2313 E Feed    : 	at android.support.v7.widget.LinearLayoutManager$LayoutState.next(LinearLayoutManager.java:2029)
11-23 20:44:31.914  2313  2313 E Feed    : 	at android.support.v7.widget.LinearLayoutManager.layoutChunk(LinearLayoutManager.java:1414)
11-23 20:44:31.914  2313  2313 E Feed    : 	at android.support.v7.widget.LinearLayoutManager.fill(LinearLayoutManager.java:1377)
11-23 20:44:31.914  2313  2313 E Feed    : 	at android.support.v7.widget.LinearLayoutManager.onLayoutChildren(LinearLayoutManager.java:578)
11-23 20:44:31.914  2313  2313 E Feed    : 	at android.support.v7.widget.RecyclerView.dispatchLayoutStep2(RecyclerView.java:3260)
11-23 20:44:31.914  2313  2313 E Feed    : 	at android.support.v7.widget.RecyclerView.dispatchLayout(RecyclerView.java:3069)
11-23 20:44:31.914  2313  2313 E Feed    : 	at android.support.v7.widget.RecyclerView.onLayout(RecyclerView.java:3518)
11-23 20:44:31.914  2313  2313 E Feed    : 	at android.view.View.layout(View.java:17520)
11-23 20:44:31.914  2313  2313 E Feed    : 	at android.view.ViewGroup.layout(ViewGroup.java:5612)
11-23 20:44:31.914  2313  2313 E Feed    : 	at android.widget.FrameLayout.layoutChildren(FrameLayout.java:323)
11-23 20:44:31.914  2313  2313 E Feed    : 	at android.widget.FrameLayout.onLayout(FrameLayout.java:261)
11-23 20:44:31.914  2313  2313 E Feed    : 	at android.view.View.layout(View.java:17520)
11-23 20:44:31.914  2313  2313 E Feed    : 	at android.view.ViewGroup.layout(ViewGroup.java:5612)
11-23 20:44:31.914  2313  2313 E Feed    : 	at android.widget.RelativeLayout.onLayout(RelativeLayout.java:1079)
11-23 20:44:31.914  2313  2313 E Feed    : 	at android.view.View.layout(View.java:17520)
11-23 20:44:31.914  2313  2313 E Feed    : 	at android.view.ViewGroup.layout(ViewGroup.java:5612)
11-23 20:44:31.914  2313  2313 E Feed    : 	at android.widget.FrameLayout.layoutChildren(FrameLayout.java:323)
11-23 20:44:31.914  2313  2313 E Feed    : 	at android.widget.FrameLayout.onLayout(FrameLayout.java:261)
11-23 20:44:31.914  2313  2313 E Feed    : 	at android.view.View.layout(View.java:17520)
11-23 20:44:31.914  2313  2313 E Feed    : 	at android.view.ViewGroup.layout(ViewGroup.java:5612)
11-23 20:44:31.914  2313  2313 E Feed    : 	at android.support.v7.widget.ActionBarOverlayLayout.onLayout(ActionBarOverlayLayout.java:435)
11-23 20:44:31.914  2313  2313 E Feed    : 	at android.view.View.layout(View.java:17520)
11-23 20:44:31.914  2313  2313 E Feed    : 	at android.view.ViewGroup.layout(ViewGroup.java:5612)
11-23 20:44:31.914  2313  2313 E Feed    : 	at android.widget.FrameLayout.layoutChildren(FrameLayout.java:323)
11-23 20:44:31.914  2313  2313 E Feed    : 	at android.widget.FrameLayout.onLayout(FrameLayout.java:261)
11-23 20:44:31.914  2313  2313 E Feed    : 	at android.view.View.layout(View.java:17520)
11-23 20:44:31.914  2313  2313 E Feed    : 	at android.view.ViewGroup.layout(ViewGroup.java:5612)
11-23 20:44:31.914  2313  2313 E Feed    : 	at android.widget.LinearLayout.setChildFrame(LinearLayout.java:1741)
11-23 20:44:31.914  2313  2313 E Feed    : 	at android.widget.LinearLayout.layoutVertical(LinearLayout.java:1585)
11-23 20:44:31.914  2313  2313 E Feed    : 	at android.widget.LinearLayout.onLayout(LinearLayout.java:1494)
11-23 20:44:31.914  2313  2313 E Feed    : 	at android.view.View.layout(View.java:17520)
11-23 20:44:31.914  2313  2313 E Feed    : 	at android.view.ViewGroup.layout(ViewGroup.java:5612)
11-23 20:44:31.914  2313  2313 E Feed    : 	at android.widget.FrameLayout.layoutChildren(FrameLayout.java:323)
11-23 20:44:31.914  2313  2313 E Feed    : 	at android.widget.FrameLayout.onLayout(FrameLayout.java:261)
11-23 20:44:31.914  2313  2313 E Feed    : 	at com.android.internal.policy.DecorView.onLayout(DecorView.java:724)
11-23 20:44:31.914  2313  2313 E Feed    : 	at android.view.View.layout(View.java:17520)
11-23 20:44:31.914  2313  2313 E Feed    : 	at android.view.ViewGroup.layout(ViewGroup.java:5612)
11-23 20:44:31.914  2313  2313 E Feed    : 	at android.view.ViewRootImpl.performLayout(ViewRootImpl.java:2342)
11-23 20:44:31.914  2313  2313 E Feed    : 	at android.view.ViewRootImpl.performTraversals(ViewRootImpl.java:2069)
11-23 20:44:31.914  2313  2313 E Feed    : 	at android.view.ViewRootImpl.doTraversal(ViewRootImpl.java:1246)
11-23 20:44:31.914  2313  2313 E Feed    : 	at android.view.ViewRootImpl$TraversalRunnable.run(ViewRootImpl.java:6301)
11-23 20:44:31.914  2313  2313 E Feed    : 	at android.view.Choreographer$CallbackRecord.run(Choreographer.java:871)
11-23 20:44:31.914  2313  2313 E Feed    : 	at android.view.Choreographer.doCallbacks(Choreographer.java:683)
11-23 20:44:31.914  2313  2313 E Feed    : 	at android.view.Choreographer.doFrame(Choreographer.java:619)
11-23 20:44:31.914  2313  2313 E Feed    : 	at android.view.Choreographer$FrameDisplayEventReceiver.run(Choreographer.java:857)
11-23 20:44:31.914  2313  2313 E Feed    : 	at android.os.Handler.handleCallback(Handler.java:751)
11-23 20:44:31.914  2313  2313 E Feed    : 	at android.os.Handler.dispatchMessage(Handler.java:95)
11-23 20:44:31.914  2313  2313 E Feed    : 	at android.os.Looper.loop(Looper.java:154)
11-23 20:44:31.914  2313  2313 E Feed    : 	at android.app.ActivityThread.main(ActivityThread.java:6077)
11-23 20:44:31.914  2313  2313 E Feed    : 	at java.lang.reflect.Method.invoke(Native Method)
11-23 20:44:31.914  2313  2313 E Feed    : 	at com.android.internal.os.ZygoteInit$MethodAndArgsCaller.run(ZygoteInit.java:865)
11-23 20:44:31.914  2313  2313 E Feed    : 	at com.android.internal.os.ZygoteInit.main(ZygoteInit.java:755)
11-23 20:44:32.141  1237  1258 I ActivityManager: Displayed br.com.catbag.gifreduxsample/.ui.GifListActivity: +1s205ms
11-23 20:44:32.250  2313  2313 D LifecycleMonitor: Lifecycle status change: br.com.catbag.gifreduxsample.ui.GifListActivity@f0349f3 in: STOPPED
11-23 20:44:32.251  2313  2313 D LifecycleMonitor: Lifecycle status change: br.com.catbag.gifreduxsample.ui.GifListActivity@f0349f3 in: DESTROYED
11-23 20:44:32.331  1237  1437 I WindowManager: Destroying surface Surface(name=br.com.catbag.gifreduxsample/br.com.catbag.gifreduxsample.ui.GifListActivity) called by com.android.server.wm.WindowStateAnimator.destroySurface:2014 com.android.server.wm.WindowStateAnimator.destroySurfaceLocked:881 com.android.server.wm.WindowState.removeLocked:1449 com.android.server.wm.WindowManagerService.removeWindowInnerLocked:2478 com.android.server.wm.WindowManagerService.removeWindowLocked:2436 com.android.server.wm.WindowManagerService.removeWindowLocked:2305 com.android.server.wm.WindowManagerService.removeWindow:2300 com.android.server.wm.Session.remove:193 
11-23 20:44:32.473  1237  1258 I WindowManager: Destroying surface Surface(name=Starting br.com.catbag.gifreduxsample) called by com.android.server.wm.WindowStateAnimator.destroySurface:2014 com.android.server.wm.WindowStateAnimator.destroySurfaceLocked:881 com.android.server.wm.WindowState.destroyOrSaveSurface:2073 com.android.server.wm.AppWindowToken.destroySurfaces:363 com.android.server.wm.WindowStateAnimator.finishExit:565 com.android.server.wm.WindowStateAnimator.stepAnimationLocked:491 com.android.server.wm.WindowAnimator.updateWindowsLocked:303 com.android.server.wm.WindowAnimator.animateLocked:704 
11-23 20:44:33.931  1237  1324 E TaskPersister: File error accessing recents directory (directory doesn't exist?).
11-23 20:45:02.097  2313  2313 D LifecycleMonitor: Lifecycle status change: br.com.catbag.gifreduxsample.ui.GifListActivity@b28567d in: PAUSED
11-23 20:45:02.191  2313  2328 I TestRunner: failed: whenGifIsNotWatchedTest(br.com.catbag.gifreduxsample.ui.giflist.GifListActivityTest)
11-23 20:45:02.191  2313  2328 I TestRunner: ----- begin exception -----
11-23 20:45:02.192  2313  2328 I TestRunner: java.lang.RuntimeException: Waited for the root of the view hierarchy to have window focus and not be requesting layout for over 10 seconds. If you specified a non default root matcher, it may be picking a root that never takes focus. Otherwise, something is seriously wrong. Selected Root:
11-23 20:45:02.192  2313  2328 I TestRunner: Root{application-window-token=android.view.ViewRootImpl$W@599ba21, window-token=android.view.ViewRootImpl$W@599ba21, has-window-focus=false, layout-params-type=1, layout-params-string=WM.LayoutParams{(0,0)(fillxfill) sim=#100 ty=1 fl=#81810100 wanim=0x1030465 needsMenuKey=2}, decor-view-string=DecorView{id=-1, visibility=VISIBLE, width=480, height=800, has-focus=true, has-focusable=true, has-window-focus=false, is-clickable=false, is-enabled=true, is-focused=false, is-focusable=false, is-layout-requested=false, is-selected=false, root-is-layout-requested=false, has-input-connection=false, x=0.0, y=0.0, child-count=1}}
11-23 20:45:02.192  2313  2328 I TestRunner: . All Roots:
11-23 20:45:02.192  2313  2328 I TestRunner: Root{application-window-token=android.view.ViewRootImpl$W@599ba21, window-token=android.view.ViewRootImpl$W@599ba21, has-window-focus=false, layout-params-type=1, layout-params-string=WM.LayoutParams{(0,0)(fillxfill) sim=#100 ty=1 fl=#81810100 wanim=0x1030465 needsMenuKey=2}, decor-view-string=DecorView{id=-1, visibility=VISIBLE, width=480, height=800, has-focus=true, has-focusable=true, has-window-focus=false, is-clickable=false, is-enabled=true, is-focused=false, is-focusable=false, is-layout-requested=false, is-selected=false, root-is-layout-requested=false, has-input-connection=false, x=0.0, y=0.0, child-count=1}}
11-23 20:45:02.192  2313  2328 I TestRunner: 	at android.support.test.espresso.base.RootViewPicker.get(RootViewPicker.java:99)
11-23 20:45:02.192  2313  2328 I TestRunner: 	at android.support.test.espresso.ViewInteractionModule.provideRootView(ViewInteractionModule.java:69)
11-23 20:45:02.192  2313  2328 I TestRunner: 	at android.support.test.espresso.ViewInteractionModule_ProvideRootViewFactory.get(ViewInteractionModule_ProvideRootViewFactory.java:23)
11-23 20:45:02.192  2313  2328 I TestRunner: 	at android.support.test.espresso.ViewInteractionModule_ProvideRootViewFactory.get(ViewInteractionModule_ProvideRootViewFactory.java:9)
11-23 20:45:02.192  2313  2328 I TestRunner: 	at android.support.test.espresso.base.ViewFinderImpl.getView(ViewFinderImpl.java:68)
11-23 20:45:02.192  2313  2328 I TestRunner: 	at android.support.test.espresso.ViewInteraction$2.run(ViewInteraction.java:166)
11-23 20:45:02.192  2313  2328 I TestRunner: 	at java.util.concurrent.Executors$RunnableAdapter.call(Executors.java:428)
11-23 20:45:02.192  2313  2328 I TestRunner: 	at java.util.concurrent.FutureTask.run(FutureTask.java:237)
11-23 20:45:02.192  2313  2328 I TestRunner: 	at android.os.Handler.handleCallback(Handler.java:751)
11-23 20:45:02.192  2313  2328 I TestRunner: 	at android.os.Handler.dispatchMessage(Handler.java:95)
11-23 20:45:02.192  2313  2328 I TestRunner: 	at android.os.Looper.loop(Looper.java:154)
11-23 20:45:02.192  2313  2328 I TestRunner: 	at android.app.ActivityThread.main(ActivityThread.java:6077)
11-23 20:45:02.192  2313  2328 I TestRunner: 	at java.lang.reflect.Method.invoke(Native Method)
11-23 20:45:02.192  2313  2328 I TestRunner: 	at com.android.internal.os.ZygoteInit$MethodAndArgsCaller.run(ZygoteInit.java:865)
11-23 20:45:02.192  2313  2328 I TestRunner: 	at com.android.internal.os.ZygoteInit.main(ZygoteInit.java:755)
11-23 20:45:02.193  2313  2328 I TestRunner: ----- end exception -----
11-23 20:45:02.194  2313  2328 I TestRunner: finished: whenGifIsNotWatchedTest(br.com.catbag.gifreduxsample.ui.giflist.GifListActivityTest)
11-23 20:45:02.228   977   977 D gralloc : Registering a buffer in the process that created it. This may cause memory ordering problems.
11-23 20:45:02.228   977   977 E libEGL  : called unimplemented OpenGL ES API
11-23 20:45:02.229   977   977 E SurfaceFlinger: glCheckFramebufferStatusOES error 869012299
11-23 20:45:02.229   977   977 E SurfaceFlinger: got GL_FRAMEBUFFER_COMPLETE_OES error while taking screenshot
11-23 20:45:02.232  1237  2135 W WindowManager: Screenshot failure taking screenshot for (480x800) to layer 21000
11-23 20:45:02.307  1237  1251 W art     : Long monitor contention with owner Binder:1237_E (2135) at void com.android.server.am.ActivityManagerService.activityPaused(android.os.IBinder)(ActivityManagerService.java:6849) waiters=0 in void com.android.server.am.ActivityStackSupervisor$ActivityStackSupervisorHandler.activityIdleInternal(com.android.server.am.ActivityRecord) for 140ms
11-23 20:45:02.313  2313  2313 I Choreographer: Skipped 57 frames!  The application may be doing too much work on its main thread.
11-23 20:45:02.318  2313  2313 I MonitoringInstrumentation: Activities that are still in CREATED to STOPPED: 1
11-23 20:45:02.322  2313  2328 I TestRunner: started: whenGifIsDownloadingTest(br.com.catbag.gifreduxsample.ui.giflist.GifListActivityTest)
11-23 20:45:02.348  2313  2313 I MonitoringInstrumentation: Activities that are still in CREATED to STOPPED: 1
11-23 20:45:02.365  1237  1252 W art     : Long monitor contention with owner Binder:1237_E (2135) at void com.android.server.am.ActivityManagerService.activityPaused(android.os.IBinder)(ActivityManagerService.java:6849) waiters=1 in void com.android.server.am.ActivityManagerService.dispatchProcessesChanged() for 191ms
11-23 20:45:02.503  2313  2329 I DroidFlux:Dispatcher: [STARTED] dispatch of action [FAKE_REDUCE_ACTION]
11-23 20:45:02.513  2313  2329 I DroidFlux:Dispatcher: [COMPLETED] dispatch of action [FAKE_REDUCE_ACTION]
11-23 20:45:02.520  1237  1258 I Choreographer: Skipped 34 frames!  The application may be doing too much work on its main thread.
11-23 20:45:02.528  2313  2350 D ActivityTestRule: Launching activity br.com.catbag.gifreduxsample.ui.GifListActivity
11-23 20:45:02.617  2313  2352 D MonitoringInstrumentation: execStartActivity(context, ibinder, ibinder, activity, intent, int, bundle
11-23 20:45:02.681  1732  1732 I Choreographer: Skipped 39 frames!  The application may be doing too much work on its main thread.
11-23 20:45:02.683  1237  2133 I ActivityManager: START u0 {flg=0x10000000 cmp=br.com.catbag.gifreduxsample/.ui.GifListActivity} from uid 10060 on display 0
11-23 20:45:02.867  2313  2313 D LifecycleMonitor: Lifecycle status change: br.com.catbag.gifreduxsample.ui.GifListActivity@1f3de1b in: PRE_ON_CREATE
11-23 20:45:02.872  1237  1258 I Choreographer: Skipped 59 frames!  The application may be doing too much work on its main thread.
11-23 20:45:03.078  2313  2313 D LifecycleMonitor: Lifecycle status change: br.com.catbag.gifreduxsample.ui.GifListActivity@1f3de1b in: CREATED
11-23 20:45:03.080  2313  2329 I DroidFlux:Dispatcher: [STARTED] dispatch of action [APP_STATE_LOAD]
11-23 20:45:03.081  2313  2329 D DroidFlux:Dispatcher: An action of type [APP_STATE_LOAD] was dispatched, but no reducer handled it
11-23 20:45:03.081  2313  2329 I DroidFlux:Dispatcher: [COMPLETED] dispatch of action [APP_STATE_LOAD]
11-23 20:45:03.081  2313  2313 D LifecycleMonitor: Lifecycle status change: br.com.catbag.gifreduxsample.ui.GifListActivity@1f3de1b in: STARTED
11-23 20:45:03.086  2313  2313 D LifecycleMonitor: Lifecycle status change: br.com.catbag.gifreduxsample.ui.GifListActivity@1f3de1b in: RESUMED
11-23 20:45:03.268  1237  1258 I Choreographer: Skipped 88 frames!  The application may be doing too much work on its main thread.
11-23 20:45:03.318  2313  2324 I art     : Background sticky concurrent mark sweep GC freed 85006(2MB) AllocSpace objects, 2(32KB) LOS objects, 34% free, 5MB/8MB, paused 23.245ms total 1.115s
11-23 20:45:03.325  2313  2313 I Choreographer: Skipped 41 frames!  The application may be doing too much work on its main thread.
11-23 20:45:03.672  1237  1258 I Choreographer: Skipped 41 frames!  The application may be doing too much work on its main thread.
11-23 20:45:03.719  2313  2318 I art     : Do partial code cache collection, code=60KB, data=61KB
11-23 20:45:03.841  2313  2318 I art     : After code cache collection, code=59KB, data=61KB
11-23 20:45:03.841  2313  2318 I art     : Increasing code cache capacity to 256KB
11-23 20:45:03.871  1237  1258 I Choreographer: Skipped 47 frames!  The application may be doing too much work on its main thread.
11-23 20:45:03.992  1237  1258 I Choreographer: Skipped 31 frames!  The application may be doing too much work on its main thread.
11-23 20:45:03.994  1237  2133 W art     : Long monitor contention with owner android.display (1258) at void com.android.server.wm.WindowAnimator$1.doFrame(long)(WindowAnimator.java:138) waiters=1 in void com.android.server.wm.WindowManagerService.finishDrawingWindow(com.android.server.wm.Session, android.view.IWindow) for 320ms
11-23 20:45:04.123  1237  1258 I Choreographer: Skipped 33 frames!  The application may be doing too much work on its main thread.
11-23 20:45:04.149  1237  2133 W art     : Long monitor contention with owner android.display (1258) at void com.android.server.wm.WindowAnimator$1.doFrame(long)(WindowAnimator.java:138) waiters=1 in void com.android.server.wm.WindowManagerService.finishDrawingWindow(com.android.server.wm.Session, android.view.IWindow) for 153ms
11-23 20:45:04.206  2313  2313 I Choreographer: Skipped 225 frames!  The application may be doing too much work on its main thread.
11-23 20:45:04.222  1237  1753 I WindowManager: Destroying surface Surface(name=com.android.launcher3/com.android.launcher3.Launcher) called by com.android.server.wm.WindowStateAnimator.destroySurface:2014 com.android.server.wm.WindowStateAnimator.destroySurfaceLocked:881 com.android.server.wm.WindowState.destroyOrSaveSurface:2073 com.android.server.wm.WindowManagerService.tryStartExitingAnimation:3017 com.android.server.wm.WindowManagerService.relayoutWindow:2897 com.android.server.wm.Session.relayout:215 android.view.IWindowSession$Stub.onTransact:286 com.android.server.wm.Session.onTransact:136 
11-23 20:45:04.288  2313  2313 D LifecycleMonitor: Lifecycle status change: br.com.catbag.gifreduxsample.ui.GifListActivity@b28567d in: STOPPED
11-23 20:45:04.289  2313  2313 D LifecycleMonitor: Lifecycle status change: br.com.catbag.gifreduxsample.ui.GifListActivity@b28567d in: DESTROYED
11-23 20:45:04.293  1237  1268 I WindowManager: Destroying surface Surface(name=br.com.catbag.gifreduxsample/br.com.catbag.gifreduxsample.ui.GifListActivity) called by com.android.server.wm.WindowStateAnimator.destroySurface:2014 com.android.server.wm.WindowStateAnimator.destroySurfaceLocked:881 com.android.server.wm.WindowState.removeLocked:1449 com.android.server.wm.WindowManagerService.removeWindowInnerLocked:2478 com.android.server.wm.WindowManagerService.removeWindowLocked:2436 com.android.server.wm.WindowManagerService.removeWindowLocked:2305 com.android.server.wm.WindowManagerService.removeWindow:2300 com.android.server.wm.Session.remove:193 
11-23 20:45:04.333  1237  1258 I ActivityManager: Displayed br.com.catbag.gifreduxsample/.ui.GifListActivity: +1s515ms
11-23 20:45:04.619  1237  1258 I WindowManager: Destroying surface Surface(name=Starting br.com.catbag.gifreduxsample) called by com.android.server.wm.WindowStateAnimator.destroySurface:2014 com.android.server.wm.WindowStateAnimator.destroySurfaceLocked:881 com.android.server.wm.WindowState.destroyOrSaveSurface:2073 com.android.server.wm.AppWindowToken.destroySurfaces:363 com.android.server.wm.WindowStateAnimator.finishExit:565 com.android.server.wm.WindowStateAnimator.stepAnimationLocked:491 com.android.server.wm.WindowAnimator.updateWindowsLocked:303 com.android.server.wm.WindowAnimator.animateLocked:704 
11-23 20:45:06.246  1237  1324 E TaskPersister: File error accessing recents directory (directory doesn't exist?).
11-23 20:45:35.154  2313  2313 D LifecycleMonitor: Lifecycle status change: br.com.catbag.gifreduxsample.ui.GifListActivity@1f3de1b in: PAUSED
11-23 20:45:35.175  2313  2328 I TestRunner: failed: whenGifIsDownloadingTest(br.com.catbag.gifreduxsample.ui.giflist.GifListActivityTest)
11-23 20:45:35.175  2313  2328 I TestRunner: ----- begin exception -----
11-23 20:45:35.176  2313  2328 I TestRunner: java.lang.RuntimeException: Waited for the root of the view hierarchy to have window focus and not be requesting layout for over 10 seconds. If you specified a non default root matcher, it may be picking a root that never takes focus. Otherwise, something is seriously wrong. Selected Root:
11-23 20:45:35.176  2313  2328 I TestRunner: Root{application-window-token=android.view.ViewRootImpl$W@3a4f57e, window-token=android.view.ViewRootImpl$W@3a4f57e, has-window-focus=false, layout-params-type=1, layout-params-string=WM.LayoutParams{(0,0)(fillxfill) sim=#100 ty=1 fl=#81810100 wanim=0x1030465 needsMenuKey=2}, decor-view-string=DecorView{id=-1, visibility=VISIBLE, width=480, height=800, has-focus=true, has-focusable=true, has-window-focus=false, is-clickable=false, is-enabled=true, is-focused=false, is-focusable=false, is-layout-requested=false, is-selected=false, root-is-layout-requested=false, has-input-connection=false, x=0.0, y=0.0, child-count=1}}
11-23 20:45:35.176  2313  2328 I TestRunner: . All Roots:
11-23 20:45:35.176  2313  2328 I TestRunner: Root{application-window-token=android.view.ViewRootImpl$W@3a4f57e, window-token=android.view.ViewRootImpl$W@3a4f57e, has-window-focus=false, layout-params-type=1, layout-params-string=WM.LayoutParams{(0,0)(fillxfill) sim=#100 ty=1 fl=#81810100 wanim=0x1030465 needsMenuKey=2}, decor-view-string=DecorView{id=-1, visibility=VISIBLE, width=480, height=800, has-focus=true, has-focusable=true, has-window-focus=false, is-clickable=false, is-enabled=true, is-focused=false, is-focusable=false, is-layout-requested=false, is-selected=false, root-is-layout-requested=false, has-input-connection=false, x=0.0, y=0.0, child-count=1}}
11-23 20:45:35.176  2313  2328 I TestRunner: 	at android.support.test.espresso.base.RootViewPicker.get(RootViewPicker.java:99)
11-23 20:45:35.176  2313  2328 I TestRunner: 	at android.support.test.espresso.ViewInteractionModule.provideRootView(ViewInteractionModule.java:69)
11-23 20:45:35.176  2313  2328 I TestRunner: 	at android.support.test.espresso.ViewInteractionModule_ProvideRootViewFactory.get(ViewInteractionModule_ProvideRootViewFactory.java:23)
11-23 20:45:35.176  2313  2328 I TestRunner: 	at android.support.test.espresso.ViewInteractionModule_ProvideRootViewFactory.get(ViewInteractionModule_ProvideRootViewFactory.java:9)
11-23 20:45:35.176  2313  2328 I TestRunner: 	at android.support.test.espresso.base.ViewFinderImpl.getView(ViewFinderImpl.java:68)
11-23 20:45:35.176  2313  2328 I TestRunner: 	at android.support.test.espresso.ViewInteraction$2.run(ViewInteraction.java:166)
11-23 20:45:35.176  2313  2328 I TestRunner: 	at java.util.concurrent.Executors$RunnableAdapter.call(Executors.java:428)
11-23 20:45:35.176  2313  2328 I TestRunner: 	at java.util.concurrent.FutureTask.run(FutureTask.java:237)
11-23 20:45:35.176  2313  2328 I TestRunner: 	at android.os.Handler.handleCallback(Handler.java:751)
11-23 20:45:35.176  2313  2328 I TestRunner: 	at android.os.Handler.dispatchMessage(Handler.java:95)
11-23 20:45:35.176  2313  2328 I TestRunner: 	at android.os.Looper.loop(Looper.java:154)
11-23 20:45:35.176  2313  2328 I TestRunner: 	at android.app.ActivityThread.main(ActivityThread.java:6077)
11-23 20:45:35.176  2313  2328 I TestRunner: 	at java.lang.reflect.Method.invoke(Native Method)
11-23 20:45:35.176  2313  2328 I TestRunner: 	at com.android.internal.os.ZygoteInit$MethodAndArgsCaller.run(ZygoteInit.java:865)
11-23 20:45:35.176  2313  2328 I TestRunner: 	at com.android.internal.os.ZygoteInit.main(ZygoteInit.java:755)
11-23 20:45:35.176  2313  2328 I TestRunner: ----- end exception -----
11-23 20:45:35.177  2313  2328 I TestRunner: finished: whenGifIsDownloadingTest(br.com.catbag.gifreduxsample.ui.giflist.GifListActivityTest)
11-23 20:45:35.321   977   977 D gralloc : Registering a buffer in the process that created it. This may cause memory ordering problems.
11-23 20:45:35.321   977   977 E libEGL  : called unimplemented OpenGL ES API
11-23 20:45:35.322   977   977 E SurfaceFlinger: glCheckFramebufferStatusOES error 869012299
11-23 20:45:35.322   977   977 E SurfaceFlinger: got GL_FRAMEBUFFER_COMPLETE_OES error while taking screenshot
11-23 20:45:35.324  1237  1268 W WindowManager: Screenshot failure taking screenshot for (480x800) to layer 21000
11-23 20:45:35.334  1237  1256 W art     : Long monitor contention with owner Binder:1237_3 (1268) at void com.android.server.am.ActivityManagerService.activityPaused(android.os.IBinder)(ActivityManagerService.java:6849) waiters=0 in int com.android.server.am.ActivityManagerService.broadcastIntent(android.app.IApplicationThread, android.content.Intent, java.lang.String, android.content.IIntentReceiver, int, java.lang.String, android.os.Bundle, java.lang.String[], int, android.os.Bundle, boolean, boolean, int) for 144ms
11-23 20:45:35.338  2313  2313 I Choreographer: Skipped 47 frames!  The application may be doing too much work on its main thread.
11-23 20:45:35.419  2313  2313 I MonitoringInstrumentation: Activities that are still in CREATED to STOPPED: 1
11-23 20:45:35.422  2313  2328 I TestRunner: started: whenListKeepOrderedAfterPlayTest(br.com.catbag.gifreduxsample.ui.giflist.GifListActivityTest)
11-23 20:45:35.425  2313  2313 I MonitoringInstrumentation: Activities that are still in CREATED to STOPPED: 1
11-23 20:45:35.673  1732  1732 I Choreographer: Skipped 30 frames!  The application may be doing too much work on its main thread.
11-23 20:45:35.678  2313  2329 I DroidFlux:Dispatcher: [STARTED] dispatch of action [FAKE_REDUCE_ACTION]
11-23 20:45:35.679  2313  2329 I DroidFlux:Dispatcher: [COMPLETED] dispatch of action [FAKE_REDUCE_ACTION]
11-23 20:45:35.699  2313  2356 D ActivityTestRule: Launching activity br.com.catbag.gifreduxsample.ui.GifListActivity
11-23 20:45:35.743  2313  2357 D MonitoringInstrumentation: execStartActivity(context, ibinder, ibinder, activity, intent, int, bundle
11-23 20:45:35.744  1237  2136 I ActivityManager: START u0 {flg=0x10000000 cmp=br.com.catbag.gifreduxsample/.ui.GifListActivity} from uid 10060 on display 0
11-23 20:45:35.846  2313  2313 D LifecycleMonitor: Lifecycle status change: br.com.catbag.gifreduxsample.ui.GifListActivity@71a9265 in: PRE_ON_CREATE
11-23 20:45:35.867  2313  2313 D LifecycleMonitor: Lifecycle status change: br.com.catbag.gifreduxsample.ui.GifListActivity@71a9265 in: CREATED
11-23 20:45:35.869  2313  2329 I DroidFlux:Dispatcher: [STARTED] dispatch of action [APP_STATE_LOAD]
11-23 20:45:35.869  2313  2329 D DroidFlux:Dispatcher: An action of type [APP_STATE_LOAD] was dispatched, but no reducer handled it
11-23 20:45:35.869  2313  2329 I DroidFlux:Dispatcher: [COMPLETED] dispatch of action [APP_STATE_LOAD]
11-23 20:45:35.869  2313  2313 D LifecycleMonitor: Lifecycle status change: br.com.catbag.gifreduxsample.ui.GifListActivity@71a9265 in: STARTED
11-23 20:45:35.877  1237  1258 I Choreographer: Skipped 59 frames!  The application may be doing too much work on its main thread.
11-23 20:45:35.934  2313  2313 D LifecycleMonitor: Lifecycle status change: br.com.catbag.gifreduxsample.ui.GifListActivity@71a9265 in: RESUMED
11-23 20:45:36.023  2313  2324 I art     : Background partial concurrent mark sweep GC freed 79191(2MB) AllocSpace objects, 0(0B) LOS objects, 40% free, 5MB/9MB, paused 4.643ms total 277.833ms
11-23 20:45:36.045  1237  1258 I Choreographer: Skipped 37 frames!  The application may be doing too much work on its main thread.
11-23 20:45:36.387  1237  1258 I Choreographer: Skipped 30 frames!  The application may be doing too much work on its main thread.
11-23 20:45:36.535  1237  1258 I Choreographer: Skipped 31 frames!  The application may be doing too much work on its main thread.
11-23 20:45:36.659  1237  1258 I Choreographer: Skipped 31 frames!  The application may be doing too much work on its main thread.
11-23 20:45:36.853  1237  1258 I ActivityManager: Displayed br.com.catbag.gifreduxsample/.ui.GifListActivity: +1s89ms
11-23 20:45:36.881  2313  2313 D LifecycleMonitor: Lifecycle status change: br.com.catbag.gifreduxsample.ui.GifListActivity@1f3de1b in: STOPPED
11-23 20:45:36.882  2313  2313 D LifecycleMonitor: Lifecycle status change: br.com.catbag.gifreduxsample.ui.GifListActivity@1f3de1b in: DESTROYED
11-23 20:45:36.893  1237  1437 I WindowManager: Destroying surface Surface(name=br.com.catbag.gifreduxsample/br.com.catbag.gifreduxsample.ui.GifListActivity) called by com.android.server.wm.WindowStateAnimator.destroySurface:2014 com.android.server.wm.WindowStateAnimator.destroySurfaceLocked:881 com.android.server.wm.WindowState.removeLocked:1449 com.android.server.wm.WindowManagerService.removeWindowInnerLocked:2478 com.android.server.wm.WindowManagerService.removeWindowLocked:2436 com.android.server.wm.WindowManagerService.removeWindowLocked:2305 com.android.server.wm.WindowManagerService.removeWindow:2300 com.android.server.wm.Session.remove:193 
11-23 20:45:36.924  1237  2134 I WindowManager: Destroying surface Surface(name=com.android.launcher3/com.android.launcher3.Launcher) called by com.android.server.wm.WindowStateAnimator.destroySurface:2014 com.android.server.wm.WindowStateAnimator.destroySurfaceLocked:881 com.android.server.wm.WindowState.destroyOrSaveSurface:2073 com.android.server.wm.AppWindowToken.destroySurfaces:363 com.android.server.wm.AppWindowToken.notifyAppStopped:389 com.android.server.wm.WindowManagerService.notifyAppStopped:4456 com.android.server.am.ActivityStack.activityStoppedLocked:1252 com.android.server.am.ActivityManagerService.activityStopped:6873 
11-23 20:45:37.153  1237  1258 I WindowManager: Destroying surface Surface(name=Starting br.com.catbag.gifreduxsample) called by com.android.server.wm.WindowStateAnimator.destroySurface:2014 com.android.server.wm.WindowStateAnimator.destroySurfaceLocked:881 com.android.server.wm.WindowState.destroyOrSaveSurface:2073 com.android.server.wm.AppWindowToken.destroySurfaces:363 com.android.server.wm.WindowStateAnimator.finishExit:565 com.android.server.wm.WindowStateAnimator.stepAnimationLocked:491 com.android.server.wm.WindowAnimator.updateWindowsLocked:303 com.android.server.wm.WindowAnimator.animateLocked:704 
11-23 20:45:39.301  1237  1324 E TaskPersister: File error accessing recents directory (directory doesn't exist?).
11-23 20:45:42.769  1449  1458 I art     : Background partial concurrent mark sweep GC freed 32215(1699KB) AllocSpace objects, 0(0B) LOS objects, 40% free, 2MB/4MB, paused 7.334ms total 684.407ms
11-23 20:46:00.103  2313  2313 I Choreographer: Skipped 54 frames!  The application may be doing too much work on its main thread.
11-23 20:46:05.874  2313  2328 I TestRunner: failed: whenListKeepOrderedAfterPlayTest(br.com.catbag.gifreduxsample.ui.giflist.GifListActivityTest)
11-23 20:46:05.875  2313  2328 I TestRunner: ----- begin exception -----
11-23 20:46:05.876  2313  2328 I TestRunner: java.lang.RuntimeException: Waited for the root of the view hierarchy to have window focus and not be requesting layout for over 10 seconds. If you specified a non default root matcher, it may be picking a root that never takes focus. Otherwise, something is seriously wrong. Selected Root:
11-23 20:46:05.876  2313  2328 I TestRunner: Root{application-window-token=android.view.ViewRootImpl$W@2097bbc, window-token=android.view.ViewRootImpl$W@2097bbc, has-window-focus=false, layout-params-type=1, layout-params-string=WM.LayoutParams{(0,0)(fillxfill) sim=#100 ty=1 fl=#81810100 wanim=0x1030465 needsMenuKey=2}, decor-view-string=DecorView{id=-1, visibility=VISIBLE, width=480, height=800, has-focus=true, has-focusable=true, has-window-focus=false, is-clickable=false, is-enabled=true, is-focused=false, is-focusable=false, is-layout-requested=false, is-selected=false, root-is-layout-requested=false, has-input-connection=false, x=0.0, y=0.0, child-count=1}}
11-23 20:46:05.876  2313  2328 I TestRunner: . All Roots:
11-23 20:46:05.876  2313  2328 I TestRunner: Root{application-window-token=android.view.ViewRootImpl$W@2097bbc, window-token=android.view.ViewRootImpl$W@2097bbc, has-window-focus=false, layout-params-type=1, layout-params-string=WM.LayoutParams{(0,0)(fillxfill) sim=#100 ty=1 fl=#81810100 wanim=0x1030465 needsMenuKey=2}, decor-view-string=DecorView{id=-1, visibility=VISIBLE, width=480, height=800, has-focus=true, has-focusable=true, has-window-focus=false, is-clickable=false, is-enabled=true, is-focused=false, is-focusable=false, is-layout-requested=false, is-selected=false, root-is-layout-requested=false, has-input-connection=false, x=0.0, y=0.0, child-count=1}}
11-23 20:46:05.876  2313  2328 I TestRunner: 	at android.support.test.espresso.base.RootViewPicker.get(RootViewPicker.java:99)
11-23 20:46:05.876  2313  2328 I TestRunner: 	at android.support.test.espresso.ViewInteractionModule.provideRootView(ViewInteractionModule.java:69)
11-23 20:46:05.876  2313  2328 I TestRunner: 	at android.support.test.espresso.ViewInteractionModule_ProvideRootViewFactory.get(ViewInteractionModule_ProvideRootViewFactory.java:23)
11-23 20:46:05.876  2313  2328 I TestRunner: 	at android.support.test.espresso.ViewInteractionModule_ProvideRootViewFactory.get(ViewInteractionModule_ProvideRootViewFactory.java:9)
11-23 20:46:05.876  2313  2328 I TestRunner: 	at android.support.test.espresso.base.ViewFinderImpl.getView(ViewFinderImpl.java:68)
11-23 20:46:05.876  2313  2328 I TestRunner: 	at android.support.test.espresso.ViewInteraction$1.run(ViewInteraction.java:120)
11-23 20:46:05.876  2313  2328 I TestRunner: 	at java.util.concurrent.Executors$RunnableAdapter.call(Executors.java:428)
11-23 20:46:05.876  2313  2328 I TestRunner: 	at java.util.concurrent.FutureTask.run(FutureTask.java:237)
11-23 20:46:05.876  2313  2328 I TestRunner: 	at android.os.Handler.handleCallback(Handler.java:751)
11-23 20:46:05.876  2313  2328 I TestRunner: 	at android.os.Handler.dispatchMessage(Handler.java:95)
11-23 20:46:05.876  2313  2328 I TestRunner: 	at android.os.Looper.loop(Looper.java:154)
