11-22 15:36:54.758  2385  2385 W art     : Unexpected CPU variant for X86 using defaults: x86
11-22 15:36:54.763  2385  2385 D ICU     : No timezone override file found: /data/misc/zoneinfo/current/icu/icu_tzdata.dat
11-22 15:36:54.795  2385  2385 E memtrack: Couldn't load memtrack module (No such file or directory)
11-22 15:36:54.795  2385  2385 E android.os.Debug: failed to load memtrack module: -2
11-22 15:36:54.796  2385  2385 I Radio-JNI: register_android_hardware_Radio DONE
11-22 15:36:54.892  2385  2385 D AndroidRuntime: Calling main entry com.android.commands.pm.Pm
11-22 15:36:54.913  1239  1253 I ActivityManager: Force stopping br.com.catbag.gifreduxsample appid=10060 user=-1: deletePackageX
11-22 15:36:55.169  1239  1265 I art     : Starting a blocking GC Explicit
11-22 15:36:55.334  1239  1265 I art     : Explicit concurrent mark sweep GC freed 30307(1627KB) AllocSpace objects, 8(160KB) LOS objects, 33% free, 6MB/10MB, paused 59.554ms total 160.245ms
11-22 15:36:55.371  2385  2385 I art     : System.exit called, status: 0
11-22 15:36:55.371  2385  2385 I AndroidRuntime: VM exiting with result code 0.
11-22 15:36:55.624  1239  1265 I ActivityManager: Force stopping br.com.catbag.gifreduxsample appid=10060 user=0: pkg removed
11-22 15:36:55.891  1239  1253 W art     : Long monitor contention with owner PackageManager (1265) at int com.android.server.am.ActivityManagerService.broadcastIntent(android.app.IApplicationThread, android.content.Intent, java.lang.String, android.content.IIntentReceiver, int, java.lang.String, android.os.Bundle, java.lang.String[], int, android.os.Bundle, boolean, boolean, int)(ActivityManagerService.java:18249) waiters=0 in void com.android.server.am.ActivityStackSupervisor$ActivityStackSupervisorHandler.activityIdleInternal(com.android.server.am.ActivityRecord) for 265ms
11-22 15:36:55.910  1239  1265 E KernelUidCpuTimeReader: failed to remove uid from uid_cputime module
11-22 15:36:55.910  1239  1265 E KernelUidCpuTimeReader: java.io.FileNotFoundException: /proc/uid_cputime/remove_uid_range (No such file or directory)
11-22 15:36:55.910  1239  1265 E KernelUidCpuTimeReader: 	at java.io.FileOutputStream.open(Native Method)
11-22 15:36:55.910  1239  1265 E KernelUidCpuTimeReader: 	at java.io.FileOutputStream.<init>(FileOutputStream.java:221)
11-22 15:36:55.910  1239  1265 E KernelUidCpuTimeReader: 	at java.io.FileOutputStream.<init>(FileOutputStream.java:108)
11-22 15:36:55.910  1239  1265 E KernelUidCpuTimeReader: 	at java.io.FileWriter.<init>(FileWriter.java:63)
11-22 15:36:55.910  1239  1265 E KernelUidCpuTimeReader: 	at com.android.internal.os.KernelUidCpuTimeReader.removeUid(KernelUidCpuTimeReader.java:158)
11-22 15:36:55.910  1239  1265 E KernelUidCpuTimeReader: 	at com.android.internal.os.BatteryStatsImpl.removeUidStatsLocked(BatteryStatsImpl.java:9805)
11-22 15:36:55.910  1239  1265 E KernelUidCpuTimeReader: 	at com.android.server.am.BatteryStatsService.removeUid(BatteryStatsService.java:291)
11-22 15:36:55.910  1239  1265 E KernelUidCpuTimeReader: 	at com.android.server.am.ActivityManagerService.broadcastIntentLocked(ActivityManagerService.java:17767)
11-22 15:36:55.910  1239  1265 E KernelUidCpuTimeReader: 	at com.android.server.am.ActivityManagerService.broadcastIntent(ActivityManagerService.java:18256)
11-22 15:36:55.910  1239  1265 E KernelUidCpuTimeReader: 	at com.android.server.pm.PackageManagerService$8.run(PackageManagerService.java:11407)
11-22 15:36:55.910  1239  1265 E KernelUidCpuTimeReader: 	at android.os.Handler.handleCallback(Handler.java:751)
11-22 15:36:55.910  1239  1265 E KernelUidCpuTimeReader: 	at android.os.Handler.dispatchMessage(Handler.java:95)
11-22 15:36:55.910  1239  1265 E KernelUidCpuTimeReader: 	at android.os.Looper.loop(Looper.java:154)
11-22 15:36:55.910  1239  1265 E KernelUidCpuTimeReader: 	at android.os.HandlerThread.run(HandlerThread.java:61)
11-22 15:36:55.910  1239  1265 E KernelUidCpuTimeReader: 	at com.android.server.ServiceThread.run(ServiceThread.java:46)
11-22 15:36:56.027  1239  1325 E TaskPersister: File error accessing recents directory (directory doesn't exist?).
11-22 15:36:56.900  1239  1279 I InputReader: Reconfiguring input devices.  changes=0x00000010
11-22 15:36:56.901  1915  1926 I art     : WaitForGcToComplete blocked for 171.827ms for cause Background
11-22 15:36:56.952  1239  1262 W art     : Long monitor contention with owner NetworkStats (1299) at void com.android.server.power.PowerManagerService.acquireWakeLockInternal(android.os.IBinder, int, java.lang.String, java.lang.String, android.os.WorkSource, java.lang.String, int, int)(PowerManagerService.java:848) waiters=0 in void com.android.server.power.PowerManagerService.handleSandman() for 228ms
11-22 15:36:57.690  1239  1299 E NetdConnector: NDC Command {39 bandwidth gettetherstats} took too long (764ms)
11-22 15:36:58.965  1730  1745 I art     : Background partial concurrent mark sweep GC freed 2164(136KB) AllocSpace objects, 7(124KB) LOS objects, 39% free, 3MB/6MB, paused 394.082ms total 3.096s
11-22 15:36:59.097  1447  1447 D CarrierSvcBindHelper: No carrier app for: 0
11-22 15:36:59.385  1239  1252 W LocationProviderProxy-network: Odd, no component found for service com.android.location.service.v3.NetworkLocationProvider
11-22 15:36:59.386  1239  1252 W GeocoderProxy: Odd, no component found for service com.android.location.service.GeocodeProvider
11-22 15:36:59.414  1239  1252 W GeofenceProxy: Odd, no component found for service com.android.location.service.GeofenceProvider
11-22 15:36:59.415  1239  1252 W ActivityRecognitionProxy: Odd, no component found for service com.android.location.service.ActivityRecognitionProvider
11-22 15:37:00.624  1730  1730 I Choreographer: Skipped 95 frames!  The application may be doing too much work on its main thread.
11-22 15:37:00.899  1730  1730 I Choreographer: Skipped 35 frames!  The application may be doing too much work on its main thread.
11-22 15:37:01.039  1730  1730 I Choreographer: Skipped 35 frames!  The application may be doing too much work on its main thread.
11-22 15:37:03.452  1658  2402 W art     : Long monitor contention with owner main (1658) at android.os.Message android.os.MessageQueue.next()(MessageQueue.java:325) waiters=0 in boolean android.os.MessageQueue.enqueueMessage(android.os.Message, long) for 124ms
11-22 15:37:04.115  1915  1926 I art     : Background partial concurrent mark sweep GC freed 29797(1162KB) AllocSpace objects, 12(5MB) LOS objects, 39% free, 4MB/7MB, paused 18.180ms total 2.909s
11-22 15:37:04.365  1754  1754 W ContextImpl: Calling a method in the system process without a qualified user: android.app.ContextImpl.startService:1385 android.content.ContextWrapper.startService:613 android.content.ContextWrapper.startService:613 com.android.keychain.KeyChainBroadcastReceiver.onReceive:12 android.app.ActivityThread.handleReceiver:3011 
11-22 15:37:05.643  1239  1250 W ActivityManager: Slow operation: 327ms so far, now at startProcess: returned from zygote!
11-22 15:37:05.643  1239  1250 W ActivityManager: Slow operation: 327ms so far, now at startProcess: done updating battery stats
11-22 15:37:05.647  1239  1250 W ActivityManager: Slow operation: 332ms so far, now at startProcess: building log message
11-22 15:37:05.648  1239  1250 I ActivityManager: Start proc 2404:com.android.documentsui/u0a7 for broadcast com.android.documentsui/.PackageReceiver
11-22 15:37:05.655  1239  1250 W ActivityManager: Slow operation: 339ms so far, now at startProcess: starting to update pids map
11-22 15:37:05.655  1239  1250 W ActivityManager: Slow operation: 340ms so far, now at startProcess: done updating pids map
11-22 15:37:05.656  1239  1250 W ActivityManager: Slow operation: 378ms so far, now at startProcess: done starting proc!
11-22 15:37:05.657  1239  1254 W art     : Long monitor contention with owner Binder:1239_1 (1250) at void com.android.server.am.BroadcastQueue.processNextBroadcast(boolean)(BroadcastQueue.java:754) waiters=0 in void com.android.server.am.ActivityManagerService.dispatchUidsChanged() for 354ms
11-22 15:37:05.725  2404  2404 W art     : Unexpected CPU variant for X86 using defaults: x86
11-22 15:37:06.252  1678  2419 D VoicemailCleanupService: Cleaning up data for package: br.com.catbag.gifreduxsample.test
11-22 15:37:07.383  1326  1438 I LatinIME:LogUtils: Dictionary info: dictionary = main:en ; version = 54 ; date = 1414726273
11-22 15:37:07.695  1326  1438 I LatinIME:LogUtils: Dictionary info: dictionary = main:en ; version = 54 ; date = 1414726273
11-22 15:37:08.415  2404  2404 W System  : ClassLoader referenced unknown path: /system/priv-app/DocumentsUI/lib/x86
11-22 15:37:09.526  2217  2228 W art     : Suspending all threads took: 6.830s
11-22 15:37:10.065  2424  2424 W art     : Unexpected CPU variant for X86 using defaults: x86
11-22 15:37:10.106  1239  1683 W ActivityManager: Slow operation: 162ms so far, now at startProcess: returned from zygote!
11-22 15:37:10.112  1239  1683 W ActivityManager: Slow operation: 162ms so far, now at startProcess: done updating battery stats
11-22 15:37:10.112  1239  1683 W ActivityManager: Slow operation: 169ms so far, now at startProcess: building log message
11-22 15:37:10.113  1239  1683 I ActivityManager: Start proc 2424:com.android.externalstorage/u0a11 for content provider com.android.externalstorage/.ExternalStorageProvider
11-22 15:37:10.113  1239  1683 W ActivityManager: Slow operation: 169ms so far, now at startProcess: starting to update pids map
11-22 15:37:10.113  1239  1683 W ActivityManager: Slow operation: 170ms so far, now at startProcess: done updating pids map
11-22 15:37:10.113  1239  1683 W ActivityManager: Slow operation: 173ms so far, now at startProcess: done starting proc!
11-22 15:37:10.119  1239  1683 W ActivityManager: Slow operation: 184ms so far, now at getContentProviderImpl: after start process
11-22 15:37:10.121  1239  1683 W ActivityManager: Slow operation: 190ms so far, now at getContentProviderImpl: updating data structures
11-22 15:37:10.124  1239  1683 W ActivityManager: Slow operation: 194ms so far, now at getContentProviderImpl: done!
11-22 15:37:10.434  2424  2424 W System  : ClassLoader referenced unknown path: /system/priv-app/ExternalStorageProvider/lib/x86
11-22 15:37:11.596  1239  1718 I ActivityManager: Killing 1509:com.android.settings/1000 (adj 906): empty #17
11-22 15:37:11.618  1239  1718 I ActivityManager: Killing 2007:com.android.quicksearchbox/u0a50 (adj 906): empty #18
11-22 15:37:12.130  2424  2424 D ExternalStorage: After updating volumes, found 2 active roots
11-22 15:37:12.884  2440  2440 W art     : Unexpected CPU variant for X86 using defaults: x86
11-22 15:37:12.931  1239  1666 W ActivityManager: Slow operation: 160ms so far, now at startProcess: returned from zygote!
11-22 15:37:12.931  1239  1666 W ActivityManager: Slow operation: 160ms so far, now at startProcess: done updating battery stats
11-22 15:37:12.931  1239  1666 W ActivityManager: Slow operation: 161ms so far, now at startProcess: building log message
11-22 15:37:12.932  1239  1666 I ActivityManager: Start proc 2440:com.android.mtp/u0a8 for content provider com.android.mtp/.MtpDocumentsProvider
11-22 15:37:12.932  1239  1666 W ActivityManager: Slow operation: 161ms so far, now at startProcess: starting to update pids map
11-22 15:37:12.932  1239  1666 W ActivityManager: Slow operation: 162ms so far, now at startProcess: done updating pids map
11-22 15:37:12.966  1239  1666 W ActivityManager: Slow operation: 175ms so far, now at startProcess: done starting proc!
11-22 15:37:12.967  1239  1666 W ActivityManager: Slow operation: 214ms so far, now at getContentProviderImpl: after start process
11-22 15:37:12.967  1239  1666 W ActivityManager: Slow operation: 214ms so far, now at getContentProviderImpl: updating data structures
11-22 15:37:12.967  1239  1666 W ActivityManager: Slow operation: 215ms so far, now at getContentProviderImpl: done!
11-22 15:37:13.997  1754  1754 W ContextImpl: Calling a method in the system process without a qualified user: android.app.ContextImpl.startService:1385 android.content.ContextWrapper.startService:613 android.content.ContextWrapper.startService:613 com.android.keychain.KeyChainBroadcastReceiver.onReceive:12 android.app.ActivityThread.handleReceiver:3011 
11-22 15:37:14.255  2217  2226 W art     : Long monitor contention with owner ReferenceQueueDaemon (2225) at void java.lang.ref.ReferenceQueue.enqueuePending(java.lang.ref.Reference)(ReferenceQueue.java:234) waiters=1 in void java.lang.Object.wait!(long, int) for 4.477s
11-22 15:37:14.490  1678  2456 D VoicemailCleanupService: Cleaning up data for package: br.com.catbag.gifreduxsample
11-22 15:37:15.462  1239  1617 I ActivityManager: Killing 2074:com.android.dialer/u0a6 (adj 906): empty #17
11-22 15:37:15.636  1239  1718 D VoldConnector: SND -> {30 appfuse mount 10008 2440 MtpDocumentsProvider}
11-22 15:37:15.847  1239  1281 D VoldConnector: RCV <- {200 30 AppFuse command succeeded}
