--------- beginning of main
11-23 18:59:29.062  1239  1246 I art     : Background sticky concurrent mark sweep GC freed 30971(2MB) AllocSpace objects, 9(352KB) LOS objects, 34% free, 7MB/10MB, paused 42.649ms total 897.673ms
11-23 18:59:31.860  2169  2169 D AndroidRuntime: >>>>>> START com.android.internal.os.RuntimeInit uid 2000 <<<<<<
11-23 18:59:31.986  2169  2169 D AndroidRuntime: CheckJNI is ON
11-23 18:59:32.826  2169  2169 W art     : Unexpected CPU variant for X86 using defaults: x86
11-23 18:59:33.250  2169  2169 D ICU     : No timezone override file found: /data/misc/zoneinfo/current/icu/icu_tzdata.dat
11-23 18:59:34.468  2169  2169 E memtrack: Couldn't load memtrack module (No such file or directory)
11-23 18:59:34.468  2169  2169 E android.os.Debug: failed to load memtrack module: -2
11-23 18:59:34.520  2169  2169 I Radio-JNI: register_android_hardware_Radio DONE
11-23 18:59:34.881  2169  2169 D AndroidRuntime: Calling main entry com.android.commands.am.Am
11-23 18:59:35.028  2169  2169 D AndroidRuntime: Shutting down VM
11-23 18:59:35.962  2180  2180 D AndroidRuntime: >>>>>> START com.android.internal.os.RuntimeInit uid 2000 <<<<<<
11-23 18:59:35.964  2180  2180 D AndroidRuntime: CheckJNI is ON
11-23 18:59:36.057  2180  2180 W art     : Unexpected CPU variant for X86 using defaults: x86
11-23 18:59:36.067  2180  2180 D ICU     : No timezone override file found: /data/misc/zoneinfo/current/icu/icu_tzdata.dat
11-23 18:59:36.137  2180  2180 E memtrack: Couldn't load memtrack module (No such file or directory)
11-23 18:59:36.137  2180  2180 E android.os.Debug: failed to load memtrack module: -2
11-23 18:59:36.151  2180  2180 I Radio-JNI: register_android_hardware_Radio DONE
11-23 18:59:36.205  2180  2180 D AndroidRuntime: Calling main entry com.android.commands.pm.Pm
11-23 18:59:36.408  2180  2180 I art     : System.exit called, status: 0
11-23 18:59:36.408  2180  2180 I AndroidRuntime: VM exiting with result code 0.
11-23 18:59:39.174  2191  2191 D AndroidRuntime: >>>>>> START com.android.internal.os.RuntimeInit uid 2000 <<<<<<
11-23 18:59:39.205  2191  2191 D AndroidRuntime: CheckJNI is ON
11-23 18:59:39.457  2191  2191 W art     : Unexpected CPU variant for X86 using defaults: x86
11-23 18:59:39.557  2191  2191 D ICU     : No timezone override file found: /data/misc/zoneinfo/current/icu/icu_tzdata.dat
11-23 18:59:39.693  2191  2191 E memtrack: Couldn't load memtrack module (No such file or directory)
11-23 18:59:39.693  2191  2191 E android.os.Debug: failed to load memtrack module: -2
11-23 18:59:39.714  2191  2191 I Radio-JNI: register_android_hardware_Radio DONE
11-23 18:59:39.795  2191  2191 D AndroidRuntime: Calling main entry com.android.commands.pm.Pm
11-23 18:59:40.145   993   993 I         : free_cache(7069700) avail 512569344
11-23 19:00:06.466  2191  2191 I art     : System.exit called, status: 0
11-23 19:00:06.466  2191  2191 I AndroidRuntime: VM exiting with result code 0.
11-23 19:00:07.053  2204  2204 D AndroidRuntime: >>>>>> START com.android.internal.os.RuntimeInit uid 2000 <<<<<<
11-23 19:00:07.057  2204  2204 D AndroidRuntime: CheckJNI is ON
11-23 19:00:07.143  2204  2204 W art     : Unexpected CPU variant for X86 using defaults: x86
11-23 19:00:07.164  2204  2204 D ICU     : No timezone override file found: /data/misc/zoneinfo/current/icu/icu_tzdata.dat
11-23 19:00:07.214  2204  2204 E memtrack: Couldn't load memtrack module (No such file or directory)
11-23 19:00:07.214  2204  2204 E android.os.Debug: failed to load memtrack module: -2
11-23 19:00:07.216  2204  2204 I Radio-JNI: register_android_hardware_Radio DONE
11-23 19:00:07.251  2204  2204 D AndroidRuntime: Calling main entry com.android.commands.pm.Pm
--------- beginning of system
11-23 19:00:08.022  1239  1265 W ActivityManager: Slow operation: 250ms so far, now at startProcess: returned from zygote!
11-23 19:00:08.023  1239  1265 W ActivityManager: Slow operation: 251ms so far, now at startProcess: done updating battery stats
11-23 19:00:08.024  1239  1265 W ActivityManager: Slow operation: 252ms so far, now at startProcess: building log message
11-23 19:00:08.051  1239  1265 I ActivityManager: Start proc 2214:com.android.defcontainer/u0a5 for service com.android.defcontainer/.DefaultContainerService
11-23 19:00:08.051  1239  1265 W ActivityManager: Slow operation: 279ms so far, now at startProcess: starting to update pids map
11-23 19:00:08.052  1239  1265 W ActivityManager: Slow operation: 280ms so far, now at startProcess: done updating pids map
11-23 19:00:08.052  1239  1265 W ActivityManager: Slow operation: 290ms so far, now at startProcess: done starting proc!
11-23 19:00:08.102  2214  2214 W art     : Unexpected CPU variant for X86 using defaults: x86
11-23 19:00:08.803  1239  1265 I PackageManager.DexOptimizer: Running dexopt (dex2oat) on: /data/app/vmdl583738180.tmp/base.apk pkg=br.com.catbag.gifreduxsample isa=x86 vmSafeMode=false debuggable=true target-filter=interpret-only oatDir = /data/app/vmdl583738180.tmp/oat sharedLibraries=null
11-23 19:00:08.903  2229  2229 W dex2oat : Unexpected CPU variant for X86 using defaults: x86
11-23 19:00:08.905  2229  2229 W dex2oat : Mismatch between dex2oat instruction set features (ISA: X86 Feature string: smp,-ssse3,-sse4.1,-sse4.2,-avx,-avx2,-lock_add,-popcnt) and those of dex2oat executable (ISA: X86 Feature string: smp,ssse3,-sse4.1,-sse4.2,-avx,-avx2,-lock_add,-popcnt) for the command line:
11-23 19:00:08.905  2229  2229 W dex2oat : /system/bin/dex2oat --zip-fd=6 --zip-location=base.apk --oat-fd=7 --oat-location=/data/app/vmdl583738180.tmp/oat/x86/base.odex --instruction-set=x86 --instruction-set-variant=x86 --instruction-set-features=default --runtime-arg -Xms64m --runtime-arg -Xmx512m --compiler-filter=interpret-only --swap-fd=9 --debuggable
11-23 19:00:08.923  2229  2229 I dex2oat : /system/bin/dex2oat --compiler-filter=interpret-only --debuggable
11-23 19:00:15.076  2229  2229 W dex2oat : Before Android 4.1, method android.graphics.PorterDuffColorFilter android.support.graphics.drawable.VectorDrawableCompat.updateTintFilter(android.graphics.PorterDuffColorFilter, android.content.res.ColorStateList, android.graphics.PorterDuff$Mode) would have incorrectly overridden the package-private method in android.graphics.drawable.Drawable
11-23 19:00:15.317  2229  2229 W dex2oat : Before Android 4.1, method int android.support.v7.widget.ListViewCompat.lookForSelectablePosition(int, boolean) would have incorrectly overridden the package-private method in android.widget.ListView
11-23 19:00:37.187  1239  1252 I UsageStatsService: User[0] Flushing usage stats to disk
11-23 19:00:37.322  2229  2229 W dex2oat : Verification of java.lang.Object org.immutables.value.internal.$guava$.collect.$Maps$ValueDifferenceImpl.leftValue() took 142.760ms
11-23 19:00:39.704  2229  2229 W dex2oat : Verification of void org.immutables.value.internal.$processor$.meta.$StyleMirror.<init>(javax.lang.model.element.AnnotationMirror) took 116.133ms
11-23 19:01:11.478  2229  2229 W dex2oat : Compilation of void android.support.v7.widget.RecyclerView$LayoutManager.detachAndScrapAttachedViews(android.support.v7.widget.RecyclerView$Recycler) took 127.809ms
11-23 19:01:16.538  2229  2229 W dex2oat : Compilation of void com.fasterxml.jackson.databind.ser.std.StdArraySerializers$DoubleArraySerializer.<clinit>() took 175.798ms
11-23 19:01:21.534  2229  2229 W dex2oat : Compilation of long com.google.common.primitives.Longs.max(long[]) took 143.446ms
11-23 19:01:26.539  2229  2229 W dex2oat : Compilation of void org.immutables.value.internal.$processor$.$Asts.<init>() took 134.613ms
11-23 19:01:32.458  2229  2229 I dex2oat : dex2oat took 83.558s (threads: 1) arena alloc=1402KB (1436528B) java alloc=7MB (8050336B) native alloc=13MB (14283224B) free=2MB (2625064B)
11-23 19:01:33.236  1239  1265 W PackageManager: Not granting permission android.permission.SET_DEBUG_APP to package br.com.catbag.gifreduxsample (protectionLevel=50 flags=0x3848be46)
11-23 19:01:33.558  1239  1265 V BackupManagerService: restoreAtInstall pkg=br.com.catbag.gifreduxsample token=1 restoreSet=0
11-23 19:01:33.578  1239  1265 W BackupManagerService: Requested unavailable transport: android/com.android.internal.backup.LocalTransport
11-23 19:01:33.579  1239  1265 W BackupManagerService: No transport
11-23 19:01:33.579  1239  1265 V BackupManagerService: Finishing install immediately
11-23 19:01:33.696  1239  1265 I art     : Starting a blocking GC Explicit
11-23 19:01:34.314  1239  1265 I art     : Explicit concurrent mark sweep GC freed 32303(2MB) AllocSpace objects, 19(428KB) LOS objects, 33% free, 6MB/10MB, paused 16.494ms total 609.093ms
11-23 19:01:34.336   993   993 E         : Couldn't opendir /data/app/vmdl583738180.tmp: No such file or directory
11-23 19:01:34.602  2204  2204 I art     : System.exit called, status: 0
11-23 19:01:34.602  2204  2204 I AndroidRuntime: VM exiting with result code 0.
11-23 19:01:34.914  1239  1279 I InputReader: Reconfiguring input devices.  changes=0x00000010
11-23 19:01:35.564  1465  1465 D CarrierSvcBindHelper: No carrier app for: 0
11-23 19:01:35.635  1465  1465 D CarrierConfigLoader: mHandler: 9 phoneId: 0
11-23 19:01:36.946  1239  1252 W VoiceInteractionManagerService: no available voice recognition services found for user 0
11-23 19:01:36.947  1239  1252 W LocationProviderProxy-network: Odd, no component found for service com.android.location.service.v3.NetworkLocationProvider
11-23 19:01:36.948  1239  1252 W GeocoderProxy: Odd, no component found for service com.android.location.service.GeocodeProvider
11-23 19:01:36.949  1239  1252 W GeofenceProxy: Odd, no component found for service com.android.location.service.GeofenceProvider
11-23 19:01:36.950  1239  1252 W ActivityRecognitionProxy: Odd, no component found for service com.android.location.service.ActivityRecognitionProvider
11-23 19:01:37.655  2236  2236 D AndroidRuntime: >>>>>> START com.android.internal.os.RuntimeInit uid 2000 <<<<<<
11-23 19:01:37.659  2236  2236 D AndroidRuntime: CheckJNI is ON
11-23 19:01:37.990  2236  2236 W art     : Unexpected CPU variant for X86 using defaults: x86
11-23 19:01:38.026  2236  2236 D ICU     : No timezone override file found: /data/misc/zoneinfo/current/icu/icu_tzdata.dat
11-23 19:01:38.099  2236  2236 E memtrack: Couldn't load memtrack module (No such file or directory)
11-23 19:01:38.100  2236  2236 E android.os.Debug: failed to load memtrack module: -2
11-23 19:01:38.102  2236  2236 I Radio-JNI: register_android_hardware_Radio DONE
11-23 19:01:38.135  2236  2236 D AndroidRuntime: Calling main entry com.android.commands.pm.Pm
11-23 19:01:38.174  2236  2236 I art     : System.exit called, status: 0
11-23 19:01:38.174  2236  2236 I AndroidRuntime: VM exiting with result code 0.
11-23 19:01:39.332  2253  2253 D AndroidRuntime: >>>>>> START com.android.internal.os.RuntimeInit uid 2000 <<<<<<
11-23 19:01:39.336  2253  2253 D AndroidRuntime: CheckJNI is ON
11-23 19:01:39.408  2253  2253 W art     : Unexpected CPU variant for X86 using defaults: x86
11-23 19:01:39.418  2253  2253 D ICU     : No timezone override file found: /data/misc/zoneinfo/current/icu/icu_tzdata.dat
11-23 19:01:39.454  2253  2253 E memtrack: Couldn't load memtrack module (No such file or directory)
11-23 19:01:39.454  2253  2253 E android.os.Debug: failed to load memtrack module: -2
11-23 19:01:39.455  2253  2253 I Radio-JNI: register_android_hardware_Radio DONE
11-23 19:01:39.482  2253  2253 D AndroidRuntime: Calling main entry com.android.commands.pm.Pm
11-23 19:01:39.494   993   993 I         : free_cache(2038473) avail 492589056
11-23 19:01:43.537  1239  1678 W ActivityManager: Slow operation: 56ms so far, now at startProcess: returned from zygote!
11-23 19:01:43.538  1239  1678 W ActivityManager: Slow operation: 57ms so far, now at startProcess: done updating battery stats
11-23 19:01:43.538  1239  1678 W ActivityManager: Slow operation: 58ms so far, now at startProcess: building log message
11-23 19:01:43.539  1239  1678 I ActivityManager: Start proc 2265:com.svox.pico/u0a46 for broadcast com.svox.pico/.VoiceDataInstallerReceiver
11-23 19:01:43.539  1239  1678 W ActivityManager: Slow operation: 58ms so far, now at startProcess: starting to update pids map
11-23 19:01:43.540  1239  1678 W ActivityManager: Slow operation: 59ms so far, now at startProcess: done updating pids map
11-23 19:01:43.543  1239  1678 W ActivityManager: Slow operation: 62ms so far, now at startProcess: done starting proc!
11-23 19:01:43.570  2265  2265 W art     : Unexpected CPU variant for X86 using defaults: x86
11-23 19:01:44.604  2253  2253 I art     : System.exit called, status: 0
11-23 19:01:44.604  2253  2253 I AndroidRuntime: VM exiting with result code 0.
11-23 19:01:45.242  2281  2281 D AndroidRuntime: >>>>>> START com.android.internal.os.RuntimeInit uid 2000 <<<<<<
11-23 19:01:45.245  2281  2281 D AndroidRuntime: CheckJNI is ON
11-23 19:01:45.314  2281  2281 W art     : Unexpected CPU variant for X86 using defaults: x86
11-23 19:01:45.323  2281  2281 D ICU     : No timezone override file found: /data/misc/zoneinfo/current/icu/icu_tzdata.dat
11-23 19:01:45.387  2281  2281 E memtrack: Couldn't load memtrack module (No such file or directory)
11-23 19:01:45.387  2281  2281 E android.os.Debug: failed to load memtrack module: -2
11-23 19:01:45.394  2281  2281 I Radio-JNI: register_android_hardware_Radio DONE
11-23 19:01:45.424  2281  2281 D AndroidRuntime: Calling main entry com.android.commands.pm.Pm
11-23 19:01:45.738  2214  2225 I art     : HomogeneousSpaceCompact marksweep + semispace GC freed 10560(575KB) AllocSpace objects, 0(0B) LOS objects, 39% free, 2MB/3MB, paused 6.651s total 2.356s
11-23 19:01:46.043  1239  1265 I PackageManager.DexOptimizer: Running dexopt (dex2oat) on: /data/app/vmdl1495502576.tmp/base.apk pkg=br.com.catbag.gifreduxsample.test isa=x86 vmSafeMode=false debuggable=true target-filter=interpret-only oatDir = /data/app/vmdl1495502576.tmp/oat sharedLibraries=/system/framework/android.test.runner.jar
11-23 19:01:46.128  2292  2292 W dex2oat : Unexpected CPU variant for X86 using defaults: x86
11-23 19:01:46.128  2292  2292 W dex2oat : Mismatch between dex2oat instruction set features (ISA: X86 Feature string: smp,-ssse3,-sse4.1,-sse4.2,-avx,-avx2,-lock_add,-popcnt) and those of dex2oat executable (ISA: X86 Feature string: smp,ssse3,-sse4.1,-sse4.2,-avx,-avx2,-lock_add,-popcnt) for the command line:
11-23 19:01:46.194  2292  2292 W dex2oat : /system/bin/dex2oat --zip-fd=6 --zip-location=base.apk --oat-fd=7 --oat-location=/data/app/vmdl1495502576.tmp/oat/x86/base.odex --instruction-set=x86 --instruction-set-variant=x86 --instruction-set-features=default --runtime-arg -Xms64m --runtime-arg -Xmx512m --compiler-filter=interpret-only --swap-fd=9 --debuggable --runtime-arg -classpath --runtime-arg /system/framework/android.test.runner.jar
11-23 19:01:46.195  2292  2292 I dex2oat : /system/bin/dex2oat --compiler-filter=interpret-only --debuggable
11-23 19:02:18.824  2292  2292 W dex2oat : Compilation of void android.support.test.espresso.core.deps.guava.util.concurrent.AbstractService$6.<init>(android.support.test.espresso.core.deps.guava.util.concurrent.AbstractService, android.support.test.espresso.core.deps.guava.util.concurrent.Monitor) took 206.508ms
11-23 19:02:23.808  2292  2292 W dex2oat : Compilation of void org.hamcrest.core.DescribedAs.describeTo(org.hamcrest.Description) took 174.715ms
11-23 19:02:26.036  2292  2292 I dex2oat : dex2oat took 39.908s (threads: 1) arena alloc=824B (824B) java alloc=3MB (3868560B) native alloc=6MB (6969696B) free=2MB (2467488B)
11-23 19:02:26.698  1239  1251 W art     : Long monitor contention with owner PackageManager (1265) at void com.android.server.pm.PackageManagerService.updateSettingsInternalLI(android.content.pm.PackageParser$Package, java.lang.String, int[], int[], com.android.server.pm.PackageManagerService$PackageInstalledInfo, android.os.UserHandle)(PackageManagerService.java:14768) waiters=0 in int com.android.server.pm.PackageManagerService.checkUidPermission(java.lang.String, int) for 259ms
11-23 19:02:26.806  1239  1265 V BackupManagerService: restoreAtInstall pkg=br.com.catbag.gifreduxsample.test token=2 restoreSet=0
11-23 19:02:26.806  1239  1265 W BackupManagerService: Requested unavailable transport: android/com.android.internal.backup.LocalTransport
11-23 19:02:26.806  1239  1265 W BackupManagerService: No transport
11-23 19:02:26.807  1239  1265 V BackupManagerService: Finishing install immediately
11-23 19:02:26.854  1239  1265 I art     : Waiting for a blocking GC Explicit
11-23 19:02:26.859  1239  1250 I ActivityManager: Killing 1706:com.android.sdksetup/u0a16 (adj 906): empty #17
11-23 19:02:27.024  1239  1246 I art     : Background sticky concurrent mark sweep GC freed 36475(2MB) AllocSpace objects, 13(308KB) LOS objects, 30% free, 7MB/10MB, paused 21.815ms total 305.970ms
11-23 19:02:27.051  1239  1265 I art     : WaitForGcToComplete blocked for 196.701ms for cause Explicit
11-23 19:02:27.051  1239  1265 I art     : Starting a blocking GC Explicit
11-23 19:02:27.294  1239  1265 I art     : Explicit concurrent mark sweep GC freed 3904(224KB) AllocSpace objects, 1(20KB) LOS objects, 33% free, 6MB/10MB, paused 12.391ms total 239.921ms
11-23 19:02:27.304   993   993 E         : Couldn't opendir /data/app/vmdl1495502576.tmp: No such file or directory
11-23 19:02:27.333  2281  2281 I art     : System.exit called, status: 0
11-23 19:02:27.333  2281  2281 I AndroidRuntime: VM exiting with result code 0.
11-23 19:02:27.546  1239  1279 I InputReader: Reconfiguring input devices.  changes=0x00000010
11-23 19:02:27.903  1465  1465 D CarrierSvcBindHelper: No carrier app for: 0
11-23 19:02:27.986  1465  1465 D CarrierConfigLoader: mHandler: 9 phoneId: 0
11-23 19:02:28.082  1239  1239 W art     : Long monitor contention with owner backup (1647) at void com.android.server.backup.BackupManagerService$1.run()(BackupManagerService.java:1482) waiters=0 in void com.android.server.backup.BackupManagerService.scheduleNextFullBackupJob(long) for 542ms
11-23 19:02:28.264  1239  1252 W VoiceInteractionManagerService: no available voice recognition services found for user 0
11-23 19:02:28.265  1239  1252 W LocationProviderProxy-network: Odd, no component found for service com.android.location.service.v3.NetworkLocationProvider
11-23 19:02:28.266  1239  1252 W GeocoderProxy: Odd, no component found for service com.android.location.service.GeocodeProvider
11-23 19:02:28.266  1239  1252 W GeofenceProxy: Odd, no component found for service com.android.location.service.GeofenceProvider
11-23 19:02:28.269  1239  1252 W ActivityRecognitionProxy: Odd, no component found for service com.android.location.service.ActivityRecognitionProvider
11-23 19:02:29.839  2297  2297 D AndroidRuntime: >>>>>> START com.android.internal.os.RuntimeInit uid 2000 <<<<<<
11-23 19:02:29.870  2297  2297 D AndroidRuntime: CheckJNI is ON
11-23 19:02:30.043  2297  2297 W art     : Unexpected CPU variant for X86 using defaults: x86
11-23 19:02:30.074  2297  2297 D ICU     : No timezone override file found: /data/misc/zoneinfo/current/icu/icu_tzdata.dat
11-23 19:02:30.139  2297  2297 E memtrack: Couldn't load memtrack module (No such file or directory)
11-23 19:02:30.139  2297  2297 E android.os.Debug: failed to load memtrack module: -2
11-23 19:02:30.156  2297  2297 I Radio-JNI: register_android_hardware_Radio DONE
11-23 19:02:30.193  2297  2297 D AndroidRuntime: Calling main entry com.android.commands.am.Am
11-23 19:02:30.221  1239  1483 I ActivityManager: Force stopping br.com.catbag.gifreduxsample appid=10060 user=0: start instr
11-23 19:02:30.259  1239  1483 I ActivityManager: Start proc 2308:br.com.catbag.gifreduxsample/u0a60 for added application br.com.catbag.gifreduxsample
11-23 19:02:30.300  2308  2308 I art     : Not late-enabling -Xcheck:jni (already on)
11-23 19:02:30.335  2308  2308 W art     : Unexpected CPU variant for X86 using defaults: x86
11-23 19:02:30.468  2308  2308 W System  : ClassLoader referenced unknown path: /data/app/br.com.catbag.gifreduxsample.test-1/lib/x86
11-23 19:02:30.510  2308  2308 W System  : ClassLoader referenced unknown path: 
11-23 19:02:30.662  2308  2308 W System.err: java.io.FileNotFoundException: /jacoco.exec (Read-only file system)
11-23 19:02:30.667  2308  2308 W System.err: 	at java.io.FileOutputStream.open(Native Method)
11-23 19:02:30.667  2308  2308 W System.err: 	at java.io.FileOutputStream.<init>(FileOutputStream.java:221)
11-23 19:02:30.668  2308  2308 W System.err: 	at org.jacoco.agent.rt.internal_e6e56f0.output.FileOutput.openFile(FileOutput.java:67)
11-23 19:02:30.668  2308  2308 W System.err: 	at org.jacoco.agent.rt.internal_e6e56f0.output.FileOutput.startup(FileOutput.java:49)
11-23 19:02:30.668  2308  2308 W System.err: 	at org.jacoco.agent.rt.internal_e6e56f0.Agent.startup(Agent.java:122)
11-23 19:02:30.668  2308  2308 W System.err: 	at org.jacoco.agent.rt.internal_e6e56f0.Agent.getInstance(Agent.java:50)
11-23 19:02:30.690  2308  2308 W System.err: 	at org.jacoco.agent.rt.internal_e6e56f0.Offline.<clinit>(Offline.java:31)
11-23 19:02:30.690  2308  2308 W System.err: 	at org.jacoco.agent.rt.internal_e6e56f0.Offline.getProbes(Offline.java:51)
11-23 19:02:30.690  2308  2308 W System.err: 	at br.com.catbag.gifreduxsample.MyApp.$jacocoInit(MyApp.java)
11-23 19:02:30.690  2308  2308 W System.err: 	at br.com.catbag.gifreduxsample.MyApp.<clinit>(MyApp.java)
11-23 19:02:30.691  2308  2308 W System.err: 	at java.lang.Class.newInstance(Native Method)
11-23 19:02:30.691  2308  2308 W System.err: 	at android.app.Instrumentation.newApplication(Instrumentation.java:1007)
11-23 19:02:30.691  2308  2308 W System.err: 	at android.app.Instrumentation.newApplication(Instrumentation.java:992)
11-23 19:02:30.691  2308  2308 W System.err: 	at android.app.LoadedApk.makeApplication(LoadedApk.java:796)
11-23 19:02:30.719  2308  2308 W System.err: 	at android.app.ActivityThread.handleBindApplication(ActivityThread.java:5335)
11-23 19:02:30.720  2308  2308 W System.err: 	at android.app.ActivityThread.-wrap2(ActivityThread.java)
11-23 19:02:30.720  2308  2308 W System.err: 	at android.app.ActivityThread$H.handleMessage(ActivityThread.java:1528)
11-23 19:02:30.720  2308  2308 W System.err: 	at android.os.Handler.dispatchMessage(Handler.java:102)
11-23 19:02:30.721  2308  2308 W System.err: 	at android.os.Looper.loop(Looper.java:154)
11-23 19:02:30.739  2308  2308 W System.err: 	at android.app.ActivityThread.main(ActivityThread.java:6077)
11-23 19:02:30.739  2308  2308 W System.err: 	at java.lang.reflect.Method.invoke(Native Method)
11-23 19:02:30.739  2308  2308 W System.err: 	at com.android.internal.os.ZygoteInit$MethodAndArgsCaller.run(ZygoteInit.java:865)
11-23 19:02:30.739  2308  2308 W System.err: 	at com.android.internal.os.ZygoteInit.main(ZygoteInit.java:755)
11-23 19:02:30.763  2308  2308 I MonitoringInstrumentation: Instrumentation Started!
11-23 19:02:30.780  2308  2308 I MonitoringInstrumentation: Setting context classloader to 'dalvik.system.PathClassLoader[DexPathList[[zip file "/system/framework/android.test.runner.jar", zip file "/data/app/br.com.catbag.gifreduxsample.test-1/base.apk", zip file "/data/app/br.com.catbag.gifreduxsample-1/base.apk"],nativeLibraryDirectories=[/data/app/br.com.catbag.gifreduxsample.test-1/lib/x86, /data/app/br.com.catbag.gifreduxsample-1/lib/x86, /system/fake-libs, /data/app/br.com.catbag.gifreduxsample.test-1/base.apk!/lib/x86, /data/app/br.com.catbag.gifreduxsample-1/base.apk!/lib/x86, /system/lib, /vendor/lib]]]', Original: 'dalvik.system.PathClassLoader[DexPathList[[zip file "/system/framework/android.test.runner.jar", zip file "/data/app/br.com.catbag.gifreduxsample.test-1/base.apk", zip file "/data/app/br.com.catbag.gifreduxsample-1/base.apk"],nativeLibraryDirectories=[/data/app/br.com.catbag.gifreduxsample.test-1/lib/x86, /data/app/br.com.catbag.gifreduxsample-1/lib/x86, /system/fake-libs, /data/app/br.com.catbag.gifreduxsample.test-1/base.apk!/lib/x86, /data/app/br.com.catbag.gifreduxsample-1/base.apk!/lib/x86, /system/lib, /vendor/lib]]]'
11-23 19:02:30.938  2308  2308 D NetworkSecurityConfig: No Network Security Config specified, using platform default
11-23 19:02:31.036  2308  2308 I MonitoringInstrumentation: No JSBridge.
11-23 19:02:31.090  2308  2324 I UsageTrackerFacilitator: Usage tracking enabled
11-23 19:02:31.091  2308  2324 I TestRequestBuilder: Scanning classpath to find tests in apks [/data/app/br.com.catbag.gifreduxsample.test-1/base.apk]
11-23 19:02:32.096  2308  2324 I art     : Rejecting re-init on previously-failed class java.lang.Class<org.objectweb.asm.commons.JSRInlinerAdapter>: java.lang.NoClassDefFoundError: Failed resolution of: Lorg/objectweb/asm/tree/MethodNode;
11-23 19:02:32.097  2308  2324 I art     :   at java.lang.Class java.lang.Class.classForName!(java.lang.String, boolean, java.lang.ClassLoader) (Class.java:-2)
11-23 19:02:32.097  2308  2324 I art     :   at java.lang.Class java.lang.Class.forName(java.lang.String, boolean, java.lang.ClassLoader) (Class.java:400)
11-23 19:02:32.098  2308  2324 I art     :   at java.lang.Class android.support.test.internal.runner.TestLoader.doLoadClass(java.lang.String) (TestLoader.java:92)
11-23 19:02:32.098  2308  2324 I art     :   at java.lang.Class android.support.test.internal.runner.TestLoader.loadIfTest(java.lang.String) (TestLoader.java:113)
11-23 19:02:32.098  2308  2324 I art     :   at void android.support.test.internal.runner.TestRequestBuilder.loadClassesFromClassPath(android.support.test.internal.runner.TestLoader, java.util.Set) (TestRequestBuilder.java:801)
11-23 19:02:32.099  2308  2324 I art     :   at android.support.test.internal.runner.TestRequest android.support.test.internal.runner.TestRequestBuilder.build() (TestRequestBuilder.java:747)
11-23 19:02:32.099  2308  2324 I art     :   at android.support.test.internal.runner.TestRequest android.support.test.runner.AndroidJUnitRunner.buildRequest(android.support.test.internal.runner.RunnerArgs, android.os.Bundle) (AndroidJUnitRunner.java:354)
11-23 19:02:32.100  2308  2324 I art     :   at void android.support.test.runner.AndroidJUnitRunner.onStart() (AndroidJUnitRunner.java:260)
11-23 19:02:32.100  2308  2324 I art     :   at void android.app.Instrumentation$InstrumentationThread.run() (Instrumentation.java:1932)
11-23 19:02:32.100  2308  2324 I art     : Caused by: java.lang.ClassNotFoundException: Didn't find class "org.objectweb.asm.tree.MethodNode" on path: DexPathList[[zip file "/system/framework/android.test.runner.jar", zip file "/data/app/br.com.catbag.gifreduxsample.test-1/base.apk", zip file "/data/app/br.com.catbag.gifreduxsample-1/base.apk"],nativeLibraryDirectories=[/data/app/br.com.catbag.gifreduxsample.test-1/lib/x86, /data/app/br.com.catbag.gifreduxsample-1/lib/x86, /system/fake-libs, /data/app/br.com.catbag.gifreduxsample.test-1/base.apk!/lib/x86, /data/app/br.com.catbag.gifreduxsample-1/base.apk!/lib/x86, /system/lib, /vendor/lib]]
11-23 19:02:32.101  2308  2324 I art     :   at java.lang.Class dalvik.system.BaseDexClassLoader.findClass(java.lang.String) (BaseDexClassLoader.java:56)
11-23 19:02:32.101  2308  2324 I art     :   at java.lang.Class java.lang.ClassLoader.loadClass(java.lang.String, boolean) (ClassLoader.java:380)
11-23 19:02:32.101  2308  2324 I art     :   at java.lang.Class java.lang.ClassLoader.loadClass(java.lang.String) (ClassLoader.java:312)
11-23 19:02:32.101  2308  2324 I art     :   at java.lang.Class java.lang.Class.classForName!(java.lang.String, boolean, java.lang.ClassLoader) (Class.java:-2)
11-23 19:02:32.101  2308  2324 I art     :   at java.lang.Class java.lang.Class.forName(java.lang.String, boolean, java.lang.ClassLoader) (Class.java:400)
11-23 19:02:32.103  2308  2324 I art     :   at java.lang.Class android.support.test.internal.runner.TestLoader.doLoadClass(java.lang.String) (TestLoader.java:92)
11-23 19:02:32.104  2308  2324 I art     :   at java.lang.Class android.support.test.internal.runner.TestLoader.loadIfTest(java.lang.String) (TestLoader.java:113)
11-23 19:02:32.104  2308  2324 I art     :   at void android.support.test.internal.runner.TestRequestBuilder.loadClassesFromClassPath(android.support.test.internal.runner.TestLoader, java.util.Set) (TestRequestBuilder.java:801)
11-23 19:02:32.104  2308  2324 I art     :   at android.support.test.internal.runner.TestRequest android.support.test.internal.runner.TestRequestBuilder.build() (TestRequestBuilder.java:747)
11-23 19:02:32.104  2308  2324 I art     :   at android.support.test.internal.runner.TestRequest android.support.test.runner.AndroidJUnitRunner.buildRequest(android.support.test.internal.runner.RunnerArgs, android.os.Bundle) (AndroidJUnitRunner.java:354)
11-23 19:02:32.105  2308  2324 I art     :   at void android.support.test.runner.AndroidJUnitRunner.onStart() (AndroidJUnitRunner.java:260)
11-23 19:02:32.105  2308  2324 I art     :   at void android.app.Instrumentation$InstrumentationThread.run() (Instrumentation.java:1932)
11-23 19:02:32.105  2308  2324 I art     : 
11-23 19:02:32.105  2308  2324 E TestLoader: Could not find class: org.objectweb.asm.commons.JSRInlinerAdapter
11-23 19:02:32.121  2308  2324 I art     : Rejecting re-init on previously-failed class java.lang.Class<org.objectweb.asm.commons.TryCatchBlockSorter>: java.lang.NoClassDefFoundError: Failed resolution of: Lorg/objectweb/asm/tree/MethodNode;
11-23 19:02:32.121  2308  2324 I art     :   at java.lang.Class java.lang.Class.classForName!(java.lang.String, boolean, java.lang.ClassLoader) (Class.java:-2)
11-23 19:02:32.124  2308  2324 I art     :   at java.lang.Class java.lang.Class.forName(java.lang.String, boolean, java.lang.ClassLoader) (Class.java:400)
11-23 19:02:32.124  2308  2324 I art     :   at java.lang.Class android.support.test.internal.runner.TestLoader.doLoadClass(java.lang.String) (TestLoader.java:92)
11-23 19:02:32.124  2308  2324 I art     :   at java.lang.Class android.support.test.internal.runner.TestLoader.loadIfTest(java.lang.String) (TestLoader.java:113)
11-23 19:02:32.125  2308  2324 I art     :   at void android.support.test.internal.runner.TestRequestBuilder.loadClassesFromClassPath(android.support.test.internal.runner.TestLoader, java.util.Set) (TestRequestBuilder.java:801)
11-23 19:02:32.125  2308  2324 I art     :   at android.support.test.internal.runner.TestRequest android.support.test.internal.runner.TestRequestBuilder.build() (TestRequestBuilder.java:747)
11-23 19:02:32.125  2308  2324 I art     :   at android.support.test.internal.runner.TestRequest android.support.test.runner.AndroidJUnitRunner.buildRequest(android.support.test.internal.runner.RunnerArgs, android.os.Bundle) (AndroidJUnitRunner.java:354)
11-23 19:02:32.125  2308  2324 I art     :   at void android.support.test.runner.AndroidJUnitRunner.onStart() (AndroidJUnitRunner.java:260)
11-23 19:02:32.126  2308  2324 I art     :   at void android.app.Instrumentation$InstrumentationThread.run() (Instrumentation.java:1932)
11-23 19:02:32.126  2308  2324 I art     : Caused by: java.lang.ClassNotFoundException: Didn't find class "org.objectweb.asm.tree.MethodNode" on path: DexPathList[[zip file "/system/framework/android.test.runner.jar", zip file "/data/app/br.com.catbag.gifreduxsample.test-1/base.apk", zip file "/data/app/br.com.catbag.gifreduxsample-1/base.apk"],nativeLibraryDirectories=[/data/app/br.com.catbag.gifreduxsample.test-1/lib/x86, /data/app/br.com.catbag.gifreduxsample-1/lib/x86, /system/fake-libs, /data/app/br.com.catbag.gifreduxsample.test-1/base.apk!/lib/x86, /data/app/br.com.catbag.gifreduxsample-1/base.apk!/lib/x86, /system/lib, /vendor/lib]]
11-23 19:02:32.126  2308  2324 I art     :   at java.lang.Class dalvik.system.BaseDexClassLoader.findClass(java.lang.String) (BaseDexClassLoader.java:56)
11-23 19:02:32.127  2308  2324 I art     :   at java.lang.Class java.lang.ClassLoader.loadClass(java.lang.String, boolean) (ClassLoader.java:380)
11-23 19:02:32.127  2308  2324 I art     :   at java.lang.Class java.lang.ClassLoader.loadClass(java.lang.String) (ClassLoader.java:312)
11-23 19:02:32.127  2308  2324 I art     :   at java.lang.Class java.lang.Class.classForName!(java.lang.String, boolean, java.lang.ClassLoader) (Class.java:-2)
11-23 19:02:32.127  2308  2324 I art     :   at java.lang.Class java.lang.Class.forName(java.lang.String, boolean, java.lang.ClassLoader) (Class.java:400)
11-23 19:02:32.127  2308  2324 I art     :   at java.lang.Class android.support.test.internal.runner.TestLoader.doLoadClass(java.lang.String) (TestLoader.java:92)
11-23 19:02:32.128  2308  2324 I art     :   at java.lang.Class android.support.test.internal.runner.TestLoader.loadIfTest(java.lang.String) (TestLoader.java:113)
11-23 19:02:32.128  2308  2324 I art     :   at void android.support.test.internal.runner.TestRequestBuilder.loadClassesFromClassPath(android.support.test.internal.runner.TestLoader, java.util.Set) (TestRequestBuilder.java:801)
11-23 19:02:32.128  2308  2324 I art     :   at android.support.test.internal.runner.TestRequest android.support.test.internal.runner.TestRequestBuilder.build() (TestRequestBuilder.java:747)
11-23 19:02:32.128  2308  2324 I art     :   at android.support.test.internal.runner.TestRequest android.support.test.runner.AndroidJUnitRunner.buildRequest(android.support.test.internal.runner.RunnerArgs, android.os.Bundle) (AndroidJUnitRunner.java:354)
11-23 19:02:32.129  2308  2324 I art     :   at void android.support.test.runner.AndroidJUnitRunner.onStart() (AndroidJUnitRunner.java:260)
11-23 19:02:32.129  2308  2324 I art     :   at void android.app.Instrumentation$InstrumentationThread.run() (Instrumentation.java:1932)
11-23 19:02:32.129  2308  2324 I art     : 
11-23 19:02:32.129  2308  2324 E TestLoader: Could not find class: org.objectweb.asm.commons.TryCatchBlockSorter
11-23 19:02:32.248  2308  2324 D TestExecutor: Adding listener android.support.test.internal.runner.listener.LogRunListener
11-23 19:02:32.249  2308  2324 D TestExecutor: Adding listener android.support.test.internal.runner.listener.InstrumentationResultPrinter
11-23 19:02:32.249  2308  2324 D TestExecutor: Adding listener android.support.test.internal.runner.listener.ActivityFinisherRunListener
11-23 19:02:32.249  2308  2324 D TestExecutor: Adding listener android.support.test.internal.runner.listener.CoverageListener
11-23 19:02:32.259  2308  2324 I TestRunner: run started: 15 tests
11-23 19:02:32.273  2308  2324 I TestRunner: started: whenAppStateSavedSeveralTime(br.com.catbag.gifreduxsample.asyncs.data.DataManagerTest)
11-23 19:02:32.290  2308  2308 I MonitoringInstrumentation: Activities that are still in CREATED to STOPPED: 0
11-23 19:02:32.685  2308  2319 I art     : Background sticky concurrent mark sweep GC freed 147734(5MB) AllocSpace objects, 0(0B) LOS objects, 44% free, 3MB/6MB, paused 45.298ms total 1.029s
11-23 19:02:32.875  2308  2327 W Java7Support: Unable to load JDK7 types (annotations, java.nio.file.Path): no Java7 support added
11-23 19:02:33.531  2308  2324 I TestRunner: finished: whenAppStateSavedSeveralTime(br.com.catbag.gifreduxsample.asyncs.data.DataManagerTest)
11-23 19:02:33.551  2308  2308 I MonitoringInstrumentation: Activities that are still in CREATED to STOPPED: 0
11-23 19:02:33.552  2308  2324 I TestRunner: started: whenAppStateSavedOnceTime(br.com.catbag.gifreduxsample.asyncs.data.DataManagerTest)
11-23 19:02:33.560  2308  2308 I MonitoringInstrumentation: Activities that are still in CREATED to STOPPED: 0
11-23 19:02:34.011  2308  2324 I TestRunner: finished: whenAppStateSavedOnceTime(br.com.catbag.gifreduxsample.asyncs.data.DataManagerTest)
11-23 19:02:34.026  2308  2308 I MonitoringInstrumentation: Activities that are still in CREATED to STOPPED: 0
11-23 19:02:34.028  2308  2324 I TestRunner: started: whenUnsavedAppStateIsLoaded(br.com.catbag.gifreduxsample.asyncs.data.DataManagerTest)
11-23 19:02:34.029  2308  2308 I MonitoringInstrumentation: Activities that are still in CREATED to STOPPED: 0
11-23 19:02:34.180  2308  2332 E DataManager: appstate not loaded
11-23 19:02:34.180  2308  2332 E DataManager: com.snappydb.SnappydbException: Failed to get a String: NotFound: 
11-23 19:02:34.180  2308  2332 E DataManager: 	at com.snappydb.internal.DBImpl.__get(Native Method)
11-23 19:02:34.180  2308  2332 E DataManager: 	at com.snappydb.internal.DBImpl.get(DBImpl.java:348)
11-23 19:02:34.180  2308  2332 E DataManager: 	at br.com.catbag.gifreduxsample.asyncs.data.storage.Database.getAppState(Database.java:29)
11-23 19:02:34.180  2308  2332 E DataManager: 	at br.com.catbag.gifreduxsample.asyncs.data.DataManager.lambda$loadAppState$0(DataManager.java:61)
11-23 19:02:34.180  2308  2332 E DataManager: 	at br.com.catbag.gifreduxsample.asyncs.data.DataManager$$Lambda$1.run(Unknown Source)
11-23 19:02:34.180  2308  2332 E DataManager: 	at java.lang.Thread.run(Thread.java:761)
11-23 19:02:34.186  2308  2324 I TestRunner: finished: whenUnsavedAppStateIsLoaded(br.com.catbag.gifreduxsample.asyncs.data.DataManagerTest)
11-23 19:02:34.197  2308  2308 I MonitoringInstrumentation: Activities that are still in CREATED to STOPPED: 0
11-23 19:02:34.199  2308  2324 I TestRunner: started: whenSavedAppStateIsLoaded(br.com.catbag.gifreduxsample.asyncs.data.DataManagerTest)
11-23 19:02:34.208  2308  2308 I MonitoringInstrumentation: Activities that are still in CREATED to STOPPED: 0
11-23 19:02:34.533  2308  2324 I TestRunner: finished: whenSavedAppStateIsLoaded(br.com.catbag.gifreduxsample.asyncs.data.DataManagerTest)
11-23 19:02:34.544  2308  2308 I MonitoringInstrumentation: Activities that are still in CREATED to STOPPED: 0
11-23 19:02:34.578  2308  2324 I TestRunner: started: whenScrollDownAndPlayLastItemTest(br.com.catbag.gifreduxsample.ui.giflist.GifListActivityTest)
11-23 19:02:34.581  2308  2308 I MonitoringInstrumentation: Activities that are still in CREATED to STOPPED: 0
11-23 19:02:34.914  2308  2319 I art     : Background partial concurrent mark sweep GC freed 63600(2MB) AllocSpace objects, 2(40KB) LOS objects, 39% free, 3MB/6MB, paused 7.392ms total 166.949ms
11-23 19:02:35.170  2336  2336 W dex2oat : Unexpected CPU variant for X86 using defaults: x86
11-23 19:02:35.170  2336  2336 W dex2oat : Mismatch between dex2oat instruction set features (ISA: X86 Feature string: smp,-ssse3,-sse4.1,-sse4.2,-avx,-avx2,-lock_add,-popcnt) and those of dex2oat executable (ISA: X86 Feature string: smp,ssse3,-sse4.1,-sse4.2,-avx,-avx2,-lock_add,-popcnt) for the command line:
11-23 19:02:35.170  2336  2336 W dex2oat : /system/bin/dex2oat --runtime-arg -classpath --runtime-arg & --instruction-set=x86 --instruction-set-features=smp,ssse3,-sse4.1,-sse4.2,-avx,-avx2,-lock_add,-popcnt --runtime-arg -Xrelocate --boot-image=/system/framework/boot.art --runtime-arg -Xms64m --runtime-arg -Xmx512m --instruction-set-variant=x86 --instruction-set-features=default --dex-file=/data/user/0/br.com.catbag.gifreduxsample/app_dxmaker_cache/Generated_1497766805.jar --oat-fd=38 --oat-location=/data/user/0/br.com.catbag.gifreduxsample/app_dxmaker_cache/Generated_1497766805.dex --compiler-filter=speed
11-23 19:02:35.171  2336  2336 I dex2oat : /system/bin/dex2oat --dex-file=/data/user/0/br.com.catbag.gifreduxsample/app_dxmaker_cache/Generated_1497766805.jar --oat-fd=38 --oat-location=/data/user/0/br.com.catbag.gifreduxsample/app_dxmaker_cache/Generated_1497766805.dex --compiler-filter=speed
11-23 19:02:35.432  2336  2336 I dex2oat : dex2oat took 261.900ms (threads: 1) arena alloc=41KB (42016B) java alloc=28KB (28768B) native alloc=736KB (753768B) free=799KB (819096B)
11-23 19:02:35.508  1239  1374 D VoldConnector: SND -> {29 volume mkdirs /storage/emulated/0/Android/data/br.com.catbag.gifreduxsample/cache/}
11-23 19:02:35.544  1239  1281 D VoldConnector: RCV <- {200 29 Command succeeded}
11-23 19:02:35.586  2308  2325 I DroidFlux:Dispatcher: [STARTED] dispatch of action [FAKE_REDUCE_ACTION]
11-23 19:02:35.648  2308  2325 I DroidFlux:Dispatcher: [COMPLETED] dispatch of action [FAKE_REDUCE_ACTION]
11-23 19:02:35.660  2308  2335 D ActivityTestRule: Launching activity br.com.catbag.gifreduxsample.ui.GifListActivity
11-23 19:02:35.684  2308  2338 D MonitoringInstrumentation: execStartActivity(context, ibinder, ibinder, activity, intent, int, bundle
11-23 19:02:35.700  1239  2130 I ActivityManager: START u0 {flg=0x14000000 cmp=br.com.catbag.gifreduxsample/.ui.GifListActivity} from uid 10060 on display 0
11-23 19:02:36.030  1239  1253 W art     : Long monitor contention with owner Binder:1239_A (2130) at int com.android.server.am.ActivityStarter.startActivityMayWait(android.app.IApplicationThread, int, java.lang.String, android.content.Intent, java.lang.String, android.service.voice.IVoiceInteractionSession, com.android.internal.app.IVoiceInteractor, android.os.IBinder, java.lang.String, int, int, android.app.ProfilerInfo, android.app.IActivityManager$WaitResult, android.content.res.Configuration, android.os.Bundle, boolean, int, android.app.IActivityContainer, com.android.server.am.TaskRecord)(ActivityStarter.java:725) waiters=0 in void com.android.server.am.ActivityManagerService$MainHandler.handleMessage(android.os.Message) for 142ms
11-23 19:02:36.310  2308  2308 D LifecycleMonitor: Lifecycle status change: br.com.catbag.gifreduxsample.ui.GifListActivity@ba32c22 in: PRE_ON_CREATE
11-23 19:02:36.593  1239  1260 I Choreographer: Skipped 51 frames!  The application may be doing too much work on its main thread.
11-23 19:02:36.813  1239  1260 I Choreographer: Skipped 32 frames!  The application may be doing too much work on its main thread.
11-23 19:02:36.993  1239  1260 I Choreographer: Skipped 41 frames!  The application may be doing too much work on its main thread.
11-23 19:02:37.168  1239  1260 I Choreographer: Skipped 39 frames!  The application may be doing too much work on its main thread.
11-23 19:02:37.447  1239  1260 I Choreographer: Skipped 69 frames!  The application may be doing too much work on its main thread.
11-23 19:02:37.793  1239  1260 I Choreographer: Skipped 87 frames!  The application may be doing too much work on its main thread.
11-23 19:02:37.816  1713  1713 I Choreographer: Skipped 119 frames!  The application may be doing too much work on its main thread.
11-23 19:02:38.016  1239  1260 I Choreographer: Skipped 54 frames!  The application may be doing too much work on its main thread.
11-23 19:02:38.164  2308  2308 D LifecycleMonitor: Lifecycle status change: br.com.catbag.gifreduxsample.ui.GifListActivity@ba32c22 in: CREATED
11-23 19:02:38.180  2308  2325 I DroidFlux:Dispatcher: [STARTED] dispatch of action [APP_STATE_LOAD]
11-23 19:02:38.181  2308  2325 D DroidFlux:Dispatcher: An action of type [APP_STATE_LOAD] was dispatched, but no reducer handled it
11-23 19:02:38.181  2308  2325 I DroidFlux:Dispatcher: [COMPLETED] dispatch of action [APP_STATE_LOAD]
11-23 19:02:38.181  2308  2308 D LifecycleMonitor: Lifecycle status change: br.com.catbag.gifreduxsample.ui.GifListActivity@ba32c22 in: STARTED
11-23 19:02:38.203  2308  2308 D LifecycleMonitor: Lifecycle status change: br.com.catbag.gifreduxsample.ui.GifListActivity@ba32c22 in: RESUMED
11-23 19:02:38.600  2308  2308 D gralloc_ranchu: Emulator without host-side GPU emulation detected.
11-23 19:02:38.977  1239  1260 I Choreographer: Skipped 59 frames!  The application may be doing too much work on its main thread.
11-23 19:02:39.037  1239  1260 I ActivityManager: Displayed br.com.catbag.gifreduxsample/.ui.GifListActivity: +2s965ms
11-23 19:02:39.139  1239  1324 E TaskPersister: File error accessing recents directory (directory doesn't exist?).
11-23 19:02:39.192  1239  1260 I Choreographer: Skipped 33 frames!  The application may be doing too much work on its main thread.
11-23 19:02:39.338  2308  2335 D InputManagerEventInjectionStrategy: Creating injection strategy with input manager.
11-23 19:02:39.489  1239  1260 I WindowManager: Destroying surface Surface(name=Starting br.com.catbag.gifreduxsample) called by com.android.server.wm.WindowStateAnimator.destroySurface:2014 com.android.server.wm.WindowStateAnimator.destroySurfaceLocked:881 com.android.server.wm.WindowState.destroyOrSaveSurface:2073 com.android.server.wm.AppWindowToken.destroySurfaces:363 com.android.server.wm.WindowStateAnimator.finishExit:565 com.android.server.wm.WindowStateAnimator.stepAnimationLocked:491 com.android.server.wm.WindowAnimator.updateWindowsLocked:303 com.android.server.wm.WindowAnimator.animateLocked:704 
11-23 19:02:39.574  2308  2308 I Choreographer: Skipped 177 frames!  The application may be doing too much work on its main thread.
11-23 19:02:39.772  1239  1483 I WindowManager: Destroying surface Surface(name=com.android.launcher3/com.android.launcher3.Launcher) called by com.android.server.wm.WindowStateAnimator.destroySurface:2014 com.android.server.wm.WindowStateAnimator.destroySurfaceLocked:881 com.android.server.wm.WindowState.destroyOrSaveSurface:2073 com.android.server.wm.AppWindowToken.destroySurfaces:363 com.android.server.wm.AppWindowToken.notifyAppStopped:389 com.android.server.wm.WindowManagerService.notifyAppStopped:4456 com.android.server.am.ActivityStack.activityStoppedLocked:1252 com.android.server.am.ActivityManagerService.activityStopped:6873 
11-23 19:02:39.878  2308  2313 I art     : Do partial code cache collection, code=26KB, data=30KB
11-23 19:02:39.880  2308  2313 I art     : After code cache collection, code=24KB, data=29KB
11-23 19:02:39.880  2308  2313 I art     : Increasing code cache capacity to 128KB
11-23 19:02:43.493  2308  2319 I art     : Background sticky concurrent mark sweep GC freed 19370(966KB) AllocSpace objects, 0(0B) LOS objects, 19% free, 4MB/6MB, paused 12.147ms total 196.028ms
11-23 19:03:00.560  2308  2319 I art     : Background partial concurrent mark sweep GC freed 44539(1189KB) AllocSpace objects, 0(0B) LOS objects, 40% free, 4MB/8MB, paused 7.361ms total 146.023ms
11-23 19:03:08.162  2308  2324 I TestRunner: failed: whenScrollDownAndPlayLastItemTest(br.com.catbag.gifreduxsample.ui.giflist.GifListActivityTest)
11-23 19:03:08.163  2308  2324 I TestRunner: ----- begin exception -----
11-23 19:03:08.164  2308  2324 I TestRunner: java.lang.RuntimeException: Waited for the root of the view hierarchy to have window focus and not be requesting layout for over 10 seconds. If you specified a non default root matcher, it may be picking a root that never takes focus. Otherwise, something is seriously wrong. Selected Root:
11-23 19:03:08.164  2308  2324 I TestRunner: Root{application-window-token=android.view.ViewRootImpl$W@a439c64, window-token=android.view.ViewRootImpl$W@a439c64, has-window-focus=false, layout-params-type=1, layout-params-string=WM.LayoutParams{(0,0)(fillxfill) sim=#100 ty=1 fl=#81810100 wanim=0x1030465 needsMenuKey=2}, decor-view-string=DecorView{id=-1, visibility=VISIBLE, width=480, height=800, has-focus=true, has-focusable=true, has-window-focus=false, is-clickable=false, is-enabled=true, is-focused=false, is-focusable=false, is-layout-requested=false, is-selected=false, root-is-layout-requested=false, has-input-connection=false, x=0.0, y=0.0, child-count=1}}
11-23 19:03:08.164  2308  2324 I TestRunner: . All Roots:
11-23 19:03:08.164  2308  2324 I TestRunner: Root{application-window-token=android.view.ViewRootImpl$W@a439c64, window-token=android.view.ViewRootImpl$W@a439c64, has-window-focus=false, layout-params-type=1, layout-params-string=WM.LayoutParams{(0,0)(fillxfill) sim=#100 ty=1 fl=#81810100 wanim=0x1030465 needsMenuKey=2}, decor-view-string=DecorView{id=-1, visibility=VISIBLE, width=480, height=800, has-focus=true, has-focusable=true, has-window-focus=false, is-clickable=false, is-enabled=true, is-focused=false, is-focusable=false, is-layout-requested=false, is-selected=false, root-is-layout-requested=false, has-input-connection=false, x=0.0, y=0.0, child-count=1}}
11-23 19:03:08.164  2308  2324 I TestRunner: 	at android.support.test.espresso.base.RootViewPicker.get(RootViewPicker.java:99)
11-23 19:03:08.164  2308  2324 I TestRunner: 	at android.support.test.espresso.ViewInteractionModule.provideRootView(ViewInteractionModule.java:69)
11-23 19:03:08.164  2308  2324 I TestRunner: 	at android.support.test.espresso.ViewInteractionModule_ProvideRootViewFactory.get(ViewInteractionModule_ProvideRootViewFactory.java:23)
11-23 19:03:08.164  2308  2324 I TestRunner: 	at android.support.test.espresso.ViewInteractionModule_ProvideRootViewFactory.get(ViewInteractionModule_ProvideRootViewFactory.java:9)
11-23 19:03:08.164  2308  2324 I TestRunner: 	at android.support.test.espresso.base.ViewFinderImpl.getView(ViewFinderImpl.java:68)
11-23 19:03:08.164  2308  2324 I TestRunner: 	at android.support.test.espresso.ViewInteraction$1.run(ViewInteraction.java:120)
11-23 19:03:08.164  2308  2324 I TestRunner: 	at java.util.concurrent.Executors$RunnableAdapter.call(Executors.java:428)
11-23 19:03:08.164  2308  2324 I TestRunner: 	at java.util.concurrent.FutureTask.run(FutureTask.java:237)
11-23 19:03:08.164  2308  2324 I TestRunner: 	at android.os.Handler.handleCallback(Handler.java:751)
11-23 19:03:08.164  2308  2324 I TestRunner: 	at android.os.Handler.dispatchMessage(Handler.java:95)
11-23 19:03:08.164  2308  2324 I TestRunner: 	at android.os.Looper.loop(Looper.java:154)
11-23 19:03:08.164  2308  2324 I TestRunner: 	at android.app.ActivityThread.main(ActivityThread.java:6077)
11-23 19:03:08.164  2308  2324 I TestRunner: 	at java.lang.reflect.Method.invoke(Native Method)
11-23 19:03:08.164  2308  2324 I TestRunner: 	at com.android.internal.os.ZygoteInit$MethodAndArgsCaller.run(ZygoteInit.java:865)
11-23 19:03:08.164  2308  2324 I TestRunner: 	at com.android.internal.os.ZygoteInit.main(ZygoteInit.java:755)
11-23 19:03:08.164  2308  2324 I TestRunner: ----- end exception -----
