11-24 14:57:03.264  2256  2256 E Feed    : 	at trikita.anvil.RenderableRecyclerViewAdapter.onBindViewHolder(RenderableRecyclerViewAdapter.java:7)
11-24 14:57:03.264  2256  2256 E Feed    : 	at android.support.v7.widget.RecyclerView$Adapter.onBindViewHolder(RecyclerView.java:5768)
11-24 14:57:03.264  2256  2256 E Feed    : 	at android.support.v7.widget.RecyclerView$Adapter.bindViewHolder(RecyclerView.java:5801)
11-24 14:57:03.264  2256  2256 E Feed    : 	at android.support.v7.widget.RecyclerView$Recycler.getViewForPosition(RecyclerView.java:5037)
11-24 14:57:03.264  2256  2256 E Feed    : 	at android.support.v7.widget.RecyclerView$Recycler.getViewForPosition(RecyclerView.java:4913)
11-24 14:57:03.264  2256  2256 E Feed    : 	at android.support.v7.widget.LinearLayoutManager$LayoutState.next(LinearLayoutManager.java:2029)
11-24 14:57:03.264  2256  2256 E Feed    : 	at android.support.v7.widget.LinearLayoutManager.layoutChunk(LinearLayoutManager.java:1414)
11-24 14:57:03.264  2256  2256 E Feed    : 	at android.support.v7.widget.LinearLayoutManager.fill(LinearLayoutManager.java:1377)
11-24 14:57:03.264  2256  2256 E Feed    : 	at android.support.v7.widget.LinearLayoutManager.onLayoutChildren(LinearLayoutManager.java:578)
11-24 14:57:03.264  2256  2256 E Feed    : 	at android.support.v7.widget.RecyclerView.dispatchLayoutStep2(RecyclerView.java:3260)
11-24 14:57:03.264  2256  2256 E Feed    : 	at android.support.v7.widget.RecyclerView.dispatchLayout(RecyclerView.java:3069)
11-24 14:57:03.264  2256  2256 E Feed    : 	at android.support.v7.widget.RecyclerView.onLayout(RecyclerView.java:3518)
11-24 14:57:03.264  2256  2256 E Feed    : 	at android.view.View.layout(View.java:17520)
11-24 14:57:03.264  2256  2256 E Feed    : 	at android.view.ViewGroup.layout(ViewGroup.java:5612)
11-24 14:57:03.264  2256  2256 E Feed    : 	at android.widget.FrameLayout.layoutChildren(FrameLayout.java:323)
11-24 14:57:03.264  2256  2256 E Feed    : 	at android.widget.FrameLayout.onLayout(FrameLayout.java:261)
11-24 14:57:03.264  2256  2256 E Feed    : 	at android.view.View.layout(View.java:17520)
11-24 14:57:03.264  2256  2256 E Feed    : 	at android.view.ViewGroup.layout(ViewGroup.java:5612)
11-24 14:57:03.264  2256  2256 E Feed    : 	at android.widget.RelativeLayout.onLayout(RelativeLayout.java:1079)
11-24 14:57:03.264  2256  2256 E Feed    : 	at android.view.View.layout(View.java:17520)
11-24 14:57:03.264  2256  2256 E Feed    : 	at android.view.ViewGroup.layout(ViewGroup.java:5612)
11-24 14:57:03.264  2256  2256 E Feed    : 	at android.widget.FrameLayout.layoutChildren(FrameLayout.java:323)
11-24 14:57:03.264  2256  2256 E Feed    : 	at android.widget.FrameLayout.onLayout(FrameLayout.java:261)
11-24 14:57:03.264  2256  2256 E Feed    : 	at android.view.View.layout(View.java:17520)
11-24 14:57:03.264  2256  2256 E Feed    : 	at android.view.ViewGroup.layout(ViewGroup.java:5612)
11-24 14:57:03.264  2256  2256 E Feed    : 	at android.support.v7.widget.ActionBarOverlayLayout.onLayout(ActionBarOverlayLayout.java:435)
11-24 14:57:03.264  2256  2256 E Feed    : 	at android.view.View.layout(View.java:17520)
11-24 14:57:03.264  2256  2256 E Feed    : 	at android.view.ViewGroup.layout(ViewGroup.java:5612)
11-24 14:57:03.264  2256  2256 E Feed    : 	at android.widget.FrameLayout.layoutChildren(FrameLayout.java:323)
11-24 14:57:03.264  2256  2256 E Feed    : 	at android.widget.FrameLayout.onLayout(FrameLayout.java:261)
11-24 14:57:03.264  2256  2256 E Feed    : 	at android.view.View.layout(View.java:17520)
11-24 14:57:03.264  2256  2256 E Feed    : 	at android.view.ViewGroup.layout(ViewGroup.java:5612)
11-24 14:57:03.264  2256  2256 E Feed    : 	at android.widget.LinearLayout.setChildFrame(LinearLayout.java:1741)
11-24 14:57:03.264  2256  2256 E Feed    : 	at android.widget.LinearLayout.layoutVertical(LinearLayout.java:1585)
11-24 14:57:03.264  2256  2256 E Feed    : 	at android.widget.LinearLayout.onLayout(LinearLayout.java:1494)
11-24 14:57:03.264  2256  2256 E Feed    : 	at android.view.View.layout(View.java:17520)
11-24 14:57:03.264  2256  2256 E Feed    : 	at android.view.ViewGroup.layout(ViewGroup.java:5612)
11-24 14:57:03.264  2256  2256 E Feed    : 	at android.widget.FrameLayout.layoutChildren(FrameLayout.java:323)
11-24 14:57:03.264  2256  2256 E Feed    : 	at android.widget.FrameLayout.onLayout(FrameLayout.java:261)
11-24 14:57:03.264  2256  2256 E Feed    : 	at com.android.internal.policy.DecorView.onLayout(DecorView.java:724)
11-24 14:57:03.264  2256  2256 E Feed    : 	at android.view.View.layout(View.java:17520)
11-24 14:57:03.264  2256  2256 E Feed    : 	at android.view.ViewGroup.layout(ViewGroup.java:5612)
11-24 14:57:03.264  2256  2256 E Feed    : 	at android.view.ViewRootImpl.performLayout(ViewRootImpl.java:2342)
11-24 14:57:03.264  2256  2256 E Feed    : 	at android.view.ViewRootImpl.performTraversals(ViewRootImpl.java:2069)
11-24 14:57:03.264  2256  2256 E Feed    : 	at android.view.ViewRootImpl.doTraversal(ViewRootImpl.java:1246)
11-24 14:57:03.264  2256  2256 E Feed    : 	at android.view.ViewRootImpl$TraversalRunnable.run(ViewRootImpl.java:6301)
11-24 14:57:03.264  2256  2256 E Feed    : 	at android.view.Choreographer$CallbackRecord.run(Choreographer.java:871)
11-24 14:57:03.264  2256  2256 E Feed    : 	at android.view.Choreographer.doCallbacks(Choreographer.java:683)
11-24 14:57:03.264  2256  2256 E Feed    : 	at android.view.Choreographer.doFrame(Choreographer.java:619)
11-24 14:57:03.264  2256  2256 E Feed    : 	at android.view.Choreographer$FrameDisplayEventReceiver.run(Choreographer.java:857)
11-24 14:57:03.264  2256  2256 E Feed    : 	at android.os.Handler.handleCallback(Handler.java:751)
11-24 14:57:03.264  2256  2256 E Feed    : 	at android.os.Handler.dispatchMessage(Handler.java:95)
11-24 14:57:03.264  2256  2256 E Feed    : 	at android.os.Looper.loop(Looper.java:154)
11-24 14:57:03.264  2256  2256 E Feed    : 	at android.app.ActivityThread.main(ActivityThread.java:6077)
11-24 14:57:03.264  2256  2256 E Feed    : 	at java.lang.reflect.Method.invoke(Native Method)
11-24 14:57:03.264  2256  2256 E Feed    : 	at com.android.internal.os.ZygoteInit$MethodAndArgsCaller.run(ZygoteInit.java:865)
11-24 14:57:03.264  2256  2256 E Feed    : 	at com.android.internal.os.ZygoteInit.main(ZygoteInit.java:755)
11-24 14:57:03.444  2256  2256 D LifecycleMonitor: Lifecycle status change: br.com.catbag.gifreduxsample.ui.GifListActivity@d8430ec in: PAUSED
11-24 14:57:03.457  2256  2272 I TestRunner: finished: whenGifIsNotWatchedTest(br.com.catbag.gifreduxsample.ui.giflist.GifListActivityTest)
11-24 14:57:03.493  1237  1703 I WindowManager: Failed to capture screenshot of Token{5ddb34e ActivityRecord{7e5fe49 u0 br.com.catbag.gifreduxsample/.ui.GifListActivity t5 f}} appWin=Window{54a5a67 u0 Starting br.com.catbag.gifreduxsample} drawState=4
11-24 14:57:03.564  1237  1258 W art     : Long monitor contention with owner Binder:1237_7 (1703) at void com.android.server.am.ActivityManagerService.activityPaused(android.os.IBinder)(ActivityManagerService.java:6849) waiters=0 in void com.android.server.am.ActivityManagerService.notifyActivityDrawn(android.os.IBinder) for 114ms
11-24 14:57:03.574  1237  1258 I Choreographer: Skipped 45 frames!  The application may be doing too much work on its main thread.
11-24 14:57:03.606  2256  2256 I MonitoringInstrumentation: Activities that are still in CREATED to STOPPED: 2
11-24 14:57:03.607  2256  2256 D LifecycleMonitor: Lifecycle status change: br.com.catbag.gifreduxsample.ui.GifListActivity@d8430ec in: STOPPED
11-24 14:57:03.608  2256  2256 D LifecycleMonitor: Lifecycle status change: br.com.catbag.gifreduxsample.ui.GifListActivity@d8430ec in: DESTROYED
11-24 14:57:03.609  2256  2272 I TestRunner: started: whenGifIsDownloadingTest(br.com.catbag.gifreduxsample.ui.giflist.GifListActivityTest)
11-24 14:57:03.645  1237  1258 I WindowManager: Destroying surface Surface(name=Starting br.com.catbag.gifreduxsample) called by com.android.server.wm.WindowStateAnimator.destroySurface:2014 com.android.server.wm.WindowStateAnimator.destroySurfaceLocked:881 com.android.server.wm.WindowState.removeLocked:1449 com.android.server.wm.WindowManagerService.removeWindowInnerLocked:2478 com.android.server.wm.WindowManagerService.removeWindowLocked:2436 com.android.server.wm.WindowManagerService.removeWindowLocked:2305 com.android.server.wm.WindowManagerService.removeWindow:2300 com.android.server.wm.Session.remove:193 
11-24 14:57:03.654  1237  1716 I WindowManager: Destroying surface Surface(name=br.com.catbag.gifreduxsample/br.com.catbag.gifreduxsample.ui.GifListActivity) called by com.android.server.wm.WindowStateAnimator.destroySurface:2014 com.android.server.wm.WindowStateAnimator.destroySurfaceLocked:881 com.android.server.wm.WindowState.removeLocked:1449 com.android.server.wm.WindowManagerService.removeWindowInnerLocked:2478 com.android.server.wm.WindowManagerService.removeWindowLocked:2436 com.android.server.wm.WindowManagerService.removeWindowLocked:2305 com.android.server.wm.WindowManagerService.removeWindow:2300 com.android.server.wm.Session.remove:193 
11-24 14:57:03.669  2256  2256 I MonitoringInstrumentation: Activities that are still in CREATED to STOPPED: 1
11-24 14:57:03.673  2256  2256 D LifecycleMonitor: Lifecycle status change: br.com.catbag.gifreduxsample.ui.GifListActivity@6a02064 in: STOPPED
11-24 14:57:03.673  2256  2256 D LifecycleMonitor: Lifecycle status change: br.com.catbag.gifreduxsample.ui.GifListActivity@6a02064 in: DESTROYED
11-24 14:57:03.676  1237  1454 I WindowManager: Destroying surface Surface(name=br.com.catbag.gifreduxsample/br.com.catbag.gifreduxsample.ui.GifListActivity) called by com.android.server.wm.WindowStateAnimator.destroySurface:2014 com.android.server.wm.WindowStateAnimator.destroySurfaceLocked:881 com.android.server.wm.WindowState.removeLocked:1449 com.android.server.wm.WindowManagerService.removeWindowInnerLocked:2478 com.android.server.wm.WindowManagerService.removeWindowLocked:2436 com.android.server.wm.WindowManagerService.removeWindowLocked:2305 com.android.server.wm.WindowManagerService.removeWindow:2300 com.android.server.wm.Session.remove:193 
11-24 14:57:03.681  2256  2273 I DroidFlux:Dispatcher: [STARTED] dispatch of action [FAKE_REDUCE_ACTION]
11-24 14:57:03.694  1763  1763 I Choreographer: Skipped 36 frames!  The application may be doing too much work on its main thread.
11-24 14:57:03.703  2256  2273 I DroidFlux:Dispatcher: [COMPLETED] dispatch of action [FAKE_REDUCE_ACTION]
11-24 14:57:03.752  2256  2294 D ActivityTestRule: Launching activity br.com.catbag.gifreduxsample.ui.GifListActivity
11-24 14:57:03.773  2256  2295 D MonitoringInstrumentation: execStartActivity(context, ibinder, ibinder, activity, intent, int, bundle
11-24 14:57:03.774  1237  1249 I ActivityManager: START u0 {flg=0x10000000 cmp=br.com.catbag.gifreduxsample/.ui.GifListActivity} from uid 10060 on display 0
11-24 14:57:03.947  2256  2256 D LifecycleMonitor: Lifecycle status change: br.com.catbag.gifreduxsample.ui.GifListActivity@ad30aaa in: PRE_ON_CREATE
11-24 14:57:03.959  1237  1258 I Choreographer: Skipped 72 frames!  The application may be doing too much work on its main thread.
11-24 14:57:03.996  2256  2256 D LifecycleMonitor: Lifecycle status change: br.com.catbag.gifreduxsample.ui.GifListActivity@ad30aaa in: CREATED
11-24 14:57:03.997  2256  2273 I DroidFlux:Dispatcher: [STARTED] dispatch of action [APP_STATE_LOAD]
11-24 14:57:03.997  2256  2273 D DroidFlux:Dispatcher: An action of type [APP_STATE_LOAD] was dispatched, but no reducer handled it
11-24 14:57:03.998  2256  2273 I DroidFlux:Dispatcher: [COMPLETED] dispatch of action [APP_STATE_LOAD]
11-24 14:57:03.998  2256  2256 D LifecycleMonitor: Lifecycle status change: br.com.catbag.gifreduxsample.ui.GifListActivity@ad30aaa in: STARTED
11-24 14:57:03.999  2256  2256 D LifecycleMonitor: Lifecycle status change: br.com.catbag.gifreduxsample.ui.GifListActivity@ad30aaa in: RESUMED
11-24 14:57:04.067  1237  1258 I Choreographer: Skipped 30 frames!  The application may be doing too much work on its main thread.
11-24 14:57:04.246  1237  1258 I ActivityManager: Displayed br.com.catbag.gifreduxsample/.ui.GifListActivity: +386ms
11-24 14:57:04.327  2256  2256 D LifecycleMonitor: Lifecycle status change: br.com.catbag.gifreduxsample.ui.GifListActivity@ad30aaa in: PAUSED
11-24 14:57:04.340  2256  2272 I TestRunner: finished: whenGifIsDownloadingTest(br.com.catbag.gifreduxsample.ui.giflist.GifListActivityTest)
11-24 14:57:04.398   978   978 D gralloc : Registering a buffer in the process that created it. This may cause memory ordering problems.
11-24 14:57:04.398   978   978 E libEGL  : called unimplemented OpenGL ES API
11-24 14:57:04.399   978   978 E SurfaceFlinger: glCheckFramebufferStatusOES error 1249757531
11-24 14:57:04.399   978   978 E SurfaceFlinger: got GL_FRAMEBUFFER_COMPLETE_OES error while taking screenshot
11-24 14:57:04.401  1237  1471 W WindowManager: Screenshot failure taking screenshot for (480x800) to layer 22015
11-24 14:57:04.433  1237  1703 D WindowManager: relayoutVisibleWindow: Window{833e076 u0 com.android.launcher3/com.android.launcher3.Launcher EXITING} mAnimatingExit=true, mRemoveOnExit=false, mDestroying=false
11-24 14:57:04.486  1237  1251 W art     : Long monitor contention with owner Binder:1237_5 (1471) at void com.android.server.am.ActivityManagerService.activityPaused(android.os.IBinder)(ActivityManagerService.java:6849) waiters=0 in void com.android.server.am.ActivityStackSupervisor$ActivityStackSupervisorHandler.activityIdleInternal(com.android.server.am.ActivityRecord) for 135ms
11-24 14:57:04.531  2256  2256 I Choreographer: Skipped 54 frames!  The application may be doing too much work on its main thread.
11-24 14:57:04.547  1237  1258 I WindowManager: Destroying surface Surface(name=Starting br.com.catbag.gifreduxsample) called by com.android.server.wm.WindowStateAnimator.destroySurface:2014 com.android.server.wm.WindowStateAnimator.destroySurfaceLocked:881 com.android.server.wm.WindowState.removeLocked:1449 com.android.server.wm.WindowManagerService.removeWindowInnerLocked:2478 com.android.server.wm.AppWindowToken.destroySurfaces:365 com.android.server.wm.WindowStateAnimator.finishExit:565 com.android.server.wm.WindowStateAnimator.stepAnimationLocked:491 com.android.server.wm.WindowAnimator.updateWindowsLocked:303 
11-24 14:57:04.650  2256  2256 I MonitoringInstrumentation: Activities that are still in CREATED to STOPPED: 1
11-24 14:57:04.676  2256  2272 I TestRunner: started: whenListKeepOrderedAfterPlayTest(br.com.catbag.gifreduxsample.ui.giflist.GifListActivityTest)
11-24 14:57:04.679  2256  2256 I Choreographer: Skipped 30 frames!  The application may be doing too much work on its main thread.
11-24 14:57:04.716  2256  2256 I MonitoringInstrumentation: Activities that are still in CREATED to STOPPED: 1
11-24 14:57:04.794  2256  2273 I DroidFlux:Dispatcher: [STARTED] dispatch of action [FAKE_REDUCE_ACTION]
11-24 14:57:04.795  2256  2273 I DroidFlux:Dispatcher: [COMPLETED] dispatch of action [FAKE_REDUCE_ACTION]
11-24 14:57:04.838  2256  2298 D ActivityTestRule: Launching activity br.com.catbag.gifreduxsample.ui.GifListActivity
11-24 14:57:04.849  2256  2299 D MonitoringInstrumentation: execStartActivity(context, ibinder, ibinder, activity, intent, int, bundle
11-24 14:57:04.853  2256  2256 D LifecycleMonitor: Lifecycle status change: br.com.catbag.gifreduxsample.ui.GifListActivity@ad30aaa in: STOPPED
11-24 14:57:04.853  2256  2256 D LifecycleMonitor: Lifecycle status change: br.com.catbag.gifreduxsample.ui.GifListActivity@ad30aaa in: DESTROYED
11-24 14:57:04.857  1237  1471 I ActivityManager: START u0 {flg=0x10000000 cmp=br.com.catbag.gifreduxsample/.ui.GifListActivity} from uid 10060 on display 0
11-24 14:57:05.010  1237  1258 I WindowManager: Destroying surface Surface(name=br.com.catbag.gifreduxsample/br.com.catbag.gifreduxsample.ui.GifListActivity) called by com.android.server.wm.WindowStateAnimator.destroySurface:2014 com.android.server.wm.WindowStateAnimator.destroySurfaceLocked:881 com.android.server.wm.WindowState.destroyOrSaveSurface:2073 com.android.server.wm.AppWindowToken.destroySurfaces:363 com.android.server.wm.WindowStateAnimator.finishExit:565 com.android.server.wm.AppWindowAnimator.stepAnimationLocked:427 com.android.server.wm.WindowAnimator.updateAppWindowsLocked:176 com.android.server.wm.WindowAnimator.animateLocked:678 
11-24 14:57:05.051  2256  2256 D LifecycleMonitor: Lifecycle status change: br.com.catbag.gifreduxsample.ui.GifListActivity@b798d6 in: PRE_ON_CREATE
11-24 14:57:05.145  2256  2256 D LifecycleMonitor: Lifecycle status change: br.com.catbag.gifreduxsample.ui.GifListActivity@b798d6 in: CREATED
11-24 14:57:05.164  2256  2273 I DroidFlux:Dispatcher: [STARTED] dispatch of action [APP_STATE_LOAD]
11-24 14:57:05.164  2256  2273 D DroidFlux:Dispatcher: An action of type [APP_STATE_LOAD] was dispatched, but no reducer handled it
11-24 14:57:05.165  2256  2273 I DroidFlux:Dispatcher: [COMPLETED] dispatch of action [APP_STATE_LOAD]
11-24 14:57:05.165  2256  2256 D LifecycleMonitor: Lifecycle status change: br.com.catbag.gifreduxsample.ui.GifListActivity@b798d6 in: STARTED
11-24 14:57:05.167  2256  2256 D LifecycleMonitor: Lifecycle status change: br.com.catbag.gifreduxsample.ui.GifListActivity@b798d6 in: RESUMED
11-24 14:57:05.353  1237  1258 I ActivityManager: Displayed br.com.catbag.gifreduxsample/.ui.GifListActivity: +372ms
11-24 14:57:05.383  2256  2261 I art     : Do partial code cache collection, code=53KB, data=60KB
11-24 14:57:05.383  2256  2261 I art     : After code cache collection, code=52KB, data=59KB
11-24 14:57:05.383  2256  2261 I art     : Increasing code cache capacity to 256KB
11-24 14:57:05.394  2256  2256 W ResourceType: No package identifier when getting name for resource number 0x0000000c
11-24 14:57:05.394  2256  2256 I ViewInteraction: Performing 'single click' action on view with id: 12 (resource name not found)
11-24 14:57:05.511  2256  2273 I DroidFlux:Dispatcher: [STARTED] dispatch of action [GIF_PLAY]
11-24 14:57:05.512   986  1026 D AudioFlinger: mixer(0xac1838c0) throttle end: throttle time(11)
11-24 14:57:05.532   986  1026 D AudioFlinger: mixer(0xac1838c0) throttle end: throttle time(11)
11-24 14:57:05.551  2256  2273 I DroidFlux:Dispatcher: [COMPLETED] dispatch of action [GIF_PLAY]
11-24 14:57:05.599  2256  2256 I Choreographer: Skipped 36 frames!  The application may be doing too much work on its main thread.
11-24 14:57:05.615  1237  1258 I WindowManager: Destroying surface Surface(name=Starting br.com.catbag.gifreduxsample) called by com.android.server.wm.WindowStateAnimator.destroySurface:2014 com.android.server.wm.WindowStateAnimator.destroySurfaceLocked:881 com.android.server.wm.WindowState.destroyOrSaveSurface:2073 com.android.server.wm.AppWindowToken.destroySurfaces:363 com.android.server.wm.WindowStateAnimator.finishExit:565 com.android.server.wm.WindowStateAnimator.stepAnimationLocked:491 com.android.server.wm.WindowAnimator.updateWindowsLocked:303 com.android.server.wm.WindowAnimator.animateLocked:704 
11-24 14:57:05.934  1237  1314 I WindowManager: Destroying surface Surface(name=com.android.launcher3/com.android.launcher3.Launcher) called by com.android.server.wm.WindowStateAnimator.destroySurface:2014 com.android.server.wm.WindowStateAnimator.destroySurfaceLocked:881 com.android.server.wm.WindowState.destroyOrSaveSurface:2073 com.android.server.wm.AppWindowToken.destroySurfaces:363 com.android.server.wm.AppWindowToken.notifyAppStopped:389 com.android.server.wm.WindowManagerService.notifyAppStopped:4456 com.android.server.am.ActivityStack.activityStoppedLocked:1252 com.android.server.am.ActivityManagerService.activityStopped:6873 
11-24 14:57:06.329  2256  2256 W ResourceType: No package identifier when getting name for resource number 0x00000010
11-24 14:57:06.330  2256  2256 I ViewInteraction: Performing 'scroll RecyclerView to position: 2' action on view with id: 16 (resource name not found)
11-24 14:57:06.638  2256  2256 W ResourceType: No package identifier when getting name for resource number 0x00000010
11-24 14:57:06.657  2256  2256 W ResourceType: No package identifier when getting name for resource number 0x00000018
11-24 14:57:06.657  2256  2256 I ViewInteraction: Performing 'single click' action on view with id: 24 (resource name not found)
11-24 14:57:06.742  2256  2273 I DroidFlux:Dispatcher: [STARTED] dispatch of action [GIF_PLAY]
11-24 14:57:06.753  2256  2273 I DroidFlux:Dispatcher: [COMPLETED] dispatch of action [GIF_PLAY]
11-24 14:57:07.146  1237  1323 E TaskPersister: File error accessing recents directory (directory doesn't exist?).
11-24 14:57:07.257  2256  2256 W ResourceType: No package identifier when getting name for resource number 0x0000001c
11-24 14:57:07.258  2256  2256 I ViewInteraction: Performing 'scroll RecyclerView to position: 3' action on view with id: 28 (resource name not found)
11-24 14:57:07.556  2256  2256 W ResourceType: No package identifier when getting name for resource number 0x0000001c
11-24 14:57:07.568  2256  2256 W ResourceType: No package identifier when getting name for resource number 0x00000024
11-24 14:57:07.568  2256  2256 I ViewInteraction: Performing 'single click' action on view with id: 36 (resource name not found)
11-24 14:57:07.638  2256  2273 I DroidFlux:Dispatcher: [STARTED] dispatch of action [GIF_PLAY]
11-24 14:57:07.639  2256  2273 I DroidFlux:Dispatcher: [COMPLETED] dispatch of action [GIF_PLAY]
11-24 14:57:08.228  2256  2256 W ResourceType: No package identifier when getting name for resource number 0x00000028
11-24 14:57:08.228  2256  2256 I ViewInteraction: Performing 'scroll RecyclerView to position: 4' action on view with id: 40 (resource name not found)
11-24 14:57:08.567  2256  2256 W ResourceType: No package identifier when getting name for resource number 0x00000028
11-24 14:57:08.649  2256  2256 W ResourceType: No package identifier when getting name for resource number 0x00000030
11-24 14:57:08.650  2256  2256 I ViewInteraction: Performing 'single click' action on view with id: 48 (resource name not found)
11-24 14:57:08.746  2256  2273 I DroidFlux:Dispatcher: [STARTED] dispatch of action [GIF_PLAY]
11-24 14:57:08.748  2256  2273 I DroidFlux:Dispatcher: [COMPLETED] dispatch of action [GIF_PLAY]
11-24 14:57:09.435  2256  2256 W ResourceType: No package identifier when getting name for resource number 0x00000034
11-24 14:57:09.435  2256  2256 I ViewInteraction: Performing 'scroll RecyclerView to position: 5' action on view with id: 52 (resource name not found)
11-24 14:57:09.546  2256  2267 I art     : Background sticky concurrent mark sweep GC freed 21574(1630KB) AllocSpace objects, 10(208KB) LOS objects, 19% free, 7MB/9MB, paused 6.180ms total 115.680ms
11-24 14:57:09.782  2256  2256 W ResourceType: No package identifier when getting name for resource number 0x00000034
11-24 14:57:09.796  2256  2256 W ResourceType: No package identifier when getting name for resource number 0x0000003c
11-24 14:57:09.796  2256  2256 I ViewInteraction: Performing 'single click' action on view with id: 60 (resource name not found)
11-24 14:57:09.868  2256  2273 I DroidFlux:Dispatcher: [STARTED] dispatch of action [GIF_PLAY]
11-24 14:57:09.869  2256  2273 I DroidFlux:Dispatcher: [COMPLETED] dispatch of action [GIF_PLAY]
11-24 14:57:09.923   986  1026 D AudioFlinger: mixer(0xac1838c0) throttle end: throttle time(3)
11-24 14:57:10.523  2256  2256 W ResourceType: No package identifier when getting name for resource number 0x00000040
11-24 14:57:10.523  2256  2256 I ViewInteraction: Performing 'scroll RecyclerView to position: 6' action on view with id: 64 (resource name not found)
11-24 14:57:10.872  2256  2256 W ResourceType: No package identifier when getting name for resource number 0x00000040
11-24 14:57:10.918  2256  2256 W ResourceType: No package identifier when getting name for resource number 0x00000048
11-24 14:57:10.918  2256  2256 I ViewInteraction: Performing 'single click' action on view with id: 72 (resource name not found)
11-24 14:57:11.024  2256  2273 I DroidFlux:Dispatcher: [STARTED] dispatch of action [GIF_PLAY]
11-24 14:57:11.025  2256  2273 I DroidFlux:Dispatcher: [COMPLETED] dispatch of action [GIF_PLAY]
11-24 14:57:11.664  2256  2256 W ResourceType: No package identifier when getting name for resource number 0x0000004c
11-24 14:57:11.664  2256  2256 I ViewInteraction: Performing 'scroll RecyclerView to position: 7' action on view with id: 76 (resource name not found)
11-24 14:57:11.986  2256  2256 W ResourceType: No package identifier when getting name for resource number 0x0000004c
11-24 14:57:12.066  2256  2256 W ResourceType: No package identifier when getting name for resource number 0x00000054
11-24 14:57:12.066  2256  2256 I ViewInteraction: Performing 'single click' action on view with id: 84 (resource name not found)
11-24 14:57:12.108  2256  2267 I art     : Background sticky concurrent mark sweep GC freed 11695(1161KB) AllocSpace objects, 7(144KB) LOS objects, 12% free, 8MB/9MB, paused 7.361ms total 102.201ms
11-24 14:57:12.138  2256  2273 I DroidFlux:Dispatcher: [STARTED] dispatch of action [GIF_PLAY]
11-24 14:57:12.140  2256  2273 I DroidFlux:Dispatcher: [COMPLETED] dispatch of action [GIF_PLAY]
11-24 14:57:12.820  2256  2256 W ResourceType: No package identifier when getting name for resource number 0x00000058
11-24 14:57:12.820  2256  2256 I ViewInteraction: Performing 'scroll RecyclerView to position: 8' action on view with id: 88 (resource name not found)
11-24 14:57:13.144  2256  2256 W ResourceType: No package identifier when getting name for resource number 0x00000058
11-24 14:57:13.198  2256  2256 W ResourceType: No package identifier when getting name for resource number 0x00000060
11-24 14:57:13.198  2256  2256 I ViewInteraction: Performing 'single click' action on view with id: 96 (resource name not found)
11-24 14:57:13.263  2256  2273 I DroidFlux:Dispatcher: [STARTED] dispatch of action [GIF_PLAY]
11-24 14:57:13.265  2256  2273 I DroidFlux:Dispatcher: [COMPLETED] dispatch of action [GIF_PLAY]
11-24 14:57:13.960  2256  2256 W ResourceType: No package identifier when getting name for resource number 0x00000064
11-24 14:57:13.960  2256  2256 I ViewInteraction: Performing 'scroll RecyclerView to position: 9' action on view with id: 100 (resource name not found)
11-24 14:57:14.052  2256  2267 I art     : Background sticky concurrent mark sweep GC freed 6298(446KB) AllocSpace objects, 3(64KB) LOS objects, 6% free, 8MB/9MB, paused 7.174ms total 60.843ms
11-24 14:57:14.266  2256  2256 W ResourceType: No package identifier when getting name for resource number 0x00000064
11-24 14:57:14.308  2256  2256 W ResourceType: No package identifier when getting name for resource number 0x0000006c
11-24 14:57:14.308  2256  2256 I ViewInteraction: Performing 'single click' action on view with id: 108 (resource name not found)
11-24 14:57:14.366  2256  2273 I DroidFlux:Dispatcher: [STARTED] dispatch of action [GIF_PLAY]
11-24 14:57:14.367  2256  2273 I DroidFlux:Dispatcher: [COMPLETED] dispatch of action [GIF_PLAY]
11-24 14:57:14.402   986  1026 D AudioFlinger: mixer(0xac1838c0) throttle end: throttle time(11)
11-24 14:57:15.050  2256  2256 W ResourceType: No package identifier when getting name for resource number 0x00000070
11-24 14:57:15.050  2256  2256 I ViewInteraction: Performing 'scroll RecyclerView to position: 10' action on view with id: 112 (resource name not found)
11-24 14:57:15.105  2256  2267 I art     : Background sticky concurrent mark sweep GC freed 4338(360KB) AllocSpace objects, 3(64KB) LOS objects, 3% free, 9MB/9MB, paused 7.433ms total 97.395ms
11-24 14:57:15.365  2256  2256 W ResourceType: No package identifier when getting name for resource number 0x00000070
11-24 14:57:15.409  2256  2256 W ResourceType: No package identifier when getting name for resource number 0x00000078
11-24 14:57:15.409  2256  2256 I ViewInteraction: Performing 'single click' action on view with id: 120 (resource name not found)
11-24 14:57:15.499  2256  2273 I DroidFlux:Dispatcher: [STARTED] dispatch of action [GIF_PLAY]
11-24 14:57:15.500  2256  2273 I DroidFlux:Dispatcher: [COMPLETED] dispatch of action [GIF_PLAY]
11-24 14:57:15.515  2256  2267 I art     : Background partial concurrent mark sweep GC freed 7796(571KB) AllocSpace objects, 6(372KB) LOS objects, 31% free, 8MB/12MB, paused 5.505ms total 144.111ms
11-24 14:57:16.174  2256  2256 W ResourceType: No package identifier when getting name for resource number 0x0000007c
11-24 14:57:16.174  2256  2256 I ViewInteraction: Performing 'scroll RecyclerView to position: 11' action on view with id: 124 (resource name not found)
11-24 14:57:16.493  2256  2256 W ResourceType: No package identifier when getting name for resource number 0x0000007c
11-24 14:57:16.510  2256  2256 W ResourceType: No package identifier when getting name for resource number 0x00000084
11-24 14:57:16.511  2256  2256 I ViewInteraction: Performing 'single click' action on view with id: 132 (resource name not found)
11-24 14:57:16.578  2256  2273 I DroidFlux:Dispatcher: [STARTED] dispatch of action [GIF_PLAY]
11-24 14:57:16.579  2256  2273 I DroidFlux:Dispatcher: [COMPLETED] dispatch of action [GIF_PLAY]
11-24 14:57:17.205  2256  2256 W ResourceType: No package identifier when getting name for resource number 0x00000088
11-24 14:57:17.206  2256  2256 I ViewInteraction: Performing 'scroll RecyclerView to position: 12' action on view with id: 136 (resource name not found)
11-24 14:57:17.271  2256  2261 I art     : Do full code cache collection, code=122KB, data=121KB
11-24 14:57:17.294  2256  2261 I art     : After code cache collection, code=87KB, data=72KB
11-24 14:57:17.520  2256  2256 W ResourceType: No package identifier when getting name for resource number 0x00000088
11-24 14:57:17.539  2256  2256 W ResourceType: No package identifier when getting name for resource number 0x00000090
11-24 14:57:17.539  2256  2256 I ViewInteraction: Performing 'single click' action on view with id: 144 (resource name not found)
11-24 14:57:17.596  2256  2273 I DroidFlux:Dispatcher: [STARTED] dispatch of action [GIF_PLAY]
11-24 14:57:17.597  2256  2273 I DroidFlux:Dispatcher: [COMPLETED] dispatch of action [GIF_PLAY]
11-24 14:57:17.633   986  1026 D AudioFlinger: mixer(0xac1838c0) throttle end: throttle time(3)
11-24 14:57:18.197  2256  2256 W ResourceType: No package identifier when getting name for resource number 0x00000094
11-24 14:57:18.197  2256  2256 I ViewInteraction: Performing 'scroll RecyclerView to position: 13' action on view with id: 148 (resource name not found)
11-24 14:57:18.509  2256  2256 W ResourceType: No package identifier when getting name for resource number 0x00000094
11-24 14:57:18.560  2256  2256 W ResourceType: No package identifier when getting name for resource number 0x0000009c
11-24 14:57:18.560  2256  2256 I ViewInteraction: Performing 'single click' action on view with id: 156 (resource name not found)
11-24 14:57:18.620  2256  2273 I DroidFlux:Dispatcher: [STARTED] dispatch of action [GIF_PLAY]
11-24 14:57:18.641  2256  2273 I DroidFlux:Dispatcher: [COMPLETED] dispatch of action [GIF_PLAY]
11-24 14:57:18.663   986  1026 D AudioFlinger: mixer(0xac1838c0) throttle end: throttle time(10)
11-24 14:57:19.209  2256  2256 W ResourceType: No package identifier when getting name for resource number 0x000000a0
11-24 14:57:19.210  2256  2256 I ViewInteraction: Performing 'scroll RecyclerView to position: 14' action on view with id: 160 (resource name not found)
11-24 14:57:19.519  2256  2256 W ResourceType: No package identifier when getting name for resource number 0x000000a0
11-24 14:57:19.569  2256  2256 W ResourceType: No package identifier when getting name for resource number 0x000000a8
11-24 14:57:19.570  2256  2256 I ViewInteraction: Performing 'single click' action on view with id: 168 (resource name not found)
11-24 14:57:19.664  2256  2273 I DroidFlux:Dispatcher: [STARTED] dispatch of action [GIF_PLAY]
11-24 14:57:19.666  2256  2273 I DroidFlux:Dispatcher: [COMPLETED] dispatch of action [GIF_PLAY]
11-24 14:57:19.682   986  1026 D AudioFlinger: mixer(0xac1838c0) throttle end: throttle time(11)
11-24 14:57:20.311  2256  2256 W ResourceType: No package identifier when getting name for resource number 0x000000ac
11-24 14:57:20.321  2256  2256 I ViewInteraction: Performing 'scroll RecyclerView to position: 15' action on view with id: 172 (resource name not found)
11-24 14:57:20.674  2256  2256 W ResourceType: No package identifier when getting name for resource number 0x000000ac
11-24 14:57:20.699  2256  2256 W ResourceType: No package identifier when getting name for resource number 0x000000b4
11-24 14:57:20.700  2256  2256 I ViewInteraction: Performing 'single click' action on view with id: 180 (resource name not found)
11-24 14:57:20.778  2256  2273 I DroidFlux:Dispatcher: [STARTED] dispatch of action [GIF_PLAY]
11-24 14:57:20.780  2256  2273 I DroidFlux:Dispatcher: [COMPLETED] dispatch of action [GIF_PLAY]
11-24 14:57:21.433  2256  2256 W ResourceType: No package identifier when getting name for resource number 0x000000b8
11-24 14:57:21.433  2256  2256 I ViewInteraction: Performing 'scroll RecyclerView to position: 16' action on view with id: 184 (resource name not found)
11-24 14:57:21.579  2256  2267 I art     : Background sticky concurrent mark sweep GC freed 24369(1960KB) AllocSpace objects, 15(320KB) LOS objects, 18% free, 10MB/12MB, paused 10.979ms total 92.668ms
11-24 14:57:21.793  2256  2256 W ResourceType: No package identifier when getting name for resource number 0x000000b8
11-24 14:57:21.808  2256  2256 W ResourceType: No package identifier when getting name for resource number 0x000000c0
11-24 14:57:21.808  2256  2256 I ViewInteraction: Performing 'single click' action on view with id: 192 (resource name not found)
11-24 14:57:21.878  2256  2273 I DroidFlux:Dispatcher: [STARTED] dispatch of action [GIF_PLAY]
11-24 14:57:21.880  2256  2273 I DroidFlux:Dispatcher: [COMPLETED] dispatch of action [GIF_PLAY]
11-24 14:57:22.541  2256  2256 W ResourceType: No package identifier when getting name for resource number 0x000000c4
11-24 14:57:22.549  2256  2256 I ViewInteraction: Performing 'scroll RecyclerView to position: 17' action on view with id: 196 (resource name not found)
11-24 14:57:22.891  2256  2256 W ResourceType: No package identifier when getting name for resource number 0x000000c4
11-24 14:57:22.899  2256  2256 W ResourceType: No package identifier when getting name for resource number 0x000000cc
11-24 14:57:22.899  2256  2256 I ViewInteraction: Performing 'single click' action on view with id: 204 (resource name not found)
11-24 14:57:23.002  2256  2273 I DroidFlux:Dispatcher: [STARTED] dispatch of action [GIF_PLAY]
11-24 14:57:23.004  2256  2273 I DroidFlux:Dispatcher: [COMPLETED] dispatch of action [GIF_PLAY]
11-24 14:57:23.640  2256  2256 W ResourceType: No package identifier when getting name for resource number 0x000000d0
11-24 14:57:23.640  2256  2256 I ViewInteraction: Performing 'scroll RecyclerView to position: 18' action on view with id: 208 (resource name not found)
11-24 14:57:24.001  2256  2256 W ResourceType: No package identifier when getting name for resource number 0x000000d0
11-24 14:57:24.017  2256  2256 W ResourceType: No package identifier when getting name for resource number 0x000000d8
11-24 14:57:24.017  2256  2256 I ViewInteraction: Performing 'single click' action on view with id: 216 (resource name not found)
11-24 14:57:24.104  2256  2273 I DroidFlux:Dispatcher: [STARTED] dispatch of action [GIF_PLAY]
11-24 14:57:24.106  2256  2273 I DroidFlux:Dispatcher: [COMPLETED] dispatch of action [GIF_PLAY]
11-24 14:57:24.123   986  1026 D AudioFlinger: mixer(0xac1838c0) throttle end: throttle time(10)
11-24 14:57:24.738  2256  2256 W ResourceType: No package identifier when getting name for resource number 0x000000e3
11-24 14:57:24.738  2256  2256 I ViewInteraction: Performing 'single click' action on view with id: 227 (resource name not found)
11-24 14:57:24.803  2256  2273 I DroidFlux:Dispatcher: [STARTED] dispatch of action [GIF_PAUSE]
11-24 14:57:24.805  2256  2273 I DroidFlux:Dispatcher: [COMPLETED] dispatch of action [GIF_PAUSE]
11-24 14:57:25.485  2256  2256 D LifecycleMonitor: Lifecycle status change: br.com.catbag.gifreduxsample.ui.GifListActivity@b798d6 in: PAUSED
11-24 14:57:25.503  2256  2272 I TestRunner: finished: whenListKeepOrderedAfterPlayTest(br.com.catbag.gifreduxsample.ui.giflist.GifListActivityTest)
11-24 14:57:25.546   978   978 D gralloc : Registering a buffer in the process that created it. This may cause memory ordering problems.
11-24 14:57:25.546   978   978 E libEGL  : called unimplemented OpenGL ES API
11-24 14:57:25.546   978   978 E SurfaceFlinger: glCheckFramebufferStatusOES error 1249757531
11-24 14:57:25.547   978   978 E SurfaceFlinger: got GL_FRAMEBUFFER_COMPLETE_OES error while taking screenshot
11-24 14:57:25.549  1237  1716 W WindowManager: Screenshot failure taking screenshot for (480x800) to layer 21005
11-24 14:57:25.627  2256  2256 I Choreographer: Skipped 35 frames!  The application may be doing too much work on its main thread.
11-24 14:57:25.634  2256  2256 I MonitoringInstrumentation: Activities that are still in CREATED to STOPPED: 1
11-24 14:57:25.635  2256  2272 I TestRunner: started: whenGifIsWatchedTest(br.com.catbag.gifreduxsample.ui.giflist.GifListActivityTest)
11-24 14:57:25.637  2256  2256 I MonitoringInstrumentation: Activities that are still in CREATED to STOPPED: 1
11-24 14:57:25.680  2256  2273 I DroidFlux:Dispatcher: [STARTED] dispatch of action [FAKE_REDUCE_ACTION]
11-24 14:57:25.742  2256  2273 I DroidFlux:Dispatcher: [COMPLETED] dispatch of action [FAKE_REDUCE_ACTION]
11-24 14:57:25.764  2256  2300 D ActivityTestRule: Launching activity br.com.catbag.gifreduxsample.ui.GifListActivity
11-24 14:57:25.793  2256  2301 D MonitoringInstrumentation: execStartActivity(context, ibinder, ibinder, activity, intent, int, bundle
11-24 14:57:25.794  1237  1249 I ActivityManager: START u0 {flg=0x10000000 cmp=br.com.catbag.gifreduxsample/.ui.GifListActivity} from uid 10060 on display 0
11-24 14:57:26.011  2256  2256 D LifecycleMonitor: Lifecycle status change: br.com.catbag.gifreduxsample.ui.GifListActivity@468d7f6 in: PRE_ON_CREATE
11-24 14:57:26.065  2256  2256 D LifecycleMonitor: Lifecycle status change: br.com.catbag.gifreduxsample.ui.GifListActivity@468d7f6 in: CREATED
11-24 14:57:26.071  2256  2256 D LifecycleMonitor: Lifecycle status change: br.com.catbag.gifreduxsample.ui.GifListActivity@468d7f6 in: STARTED
11-24 14:57:26.073  2256  2273 I DroidFlux:Dispatcher: [STARTED] dispatch of action [APP_STATE_LOAD]
11-24 14:57:26.074  2256  2273 D DroidFlux:Dispatcher: An action of type [APP_STATE_LOAD] was dispatched, but no reducer handled it
11-24 14:57:26.074  2256  2273 I DroidFlux:Dispatcher: [COMPLETED] dispatch of action [APP_STATE_LOAD]
11-24 14:57:26.084  2256  2256 D LifecycleMonitor: Lifecycle status change: br.com.catbag.gifreduxsample.ui.GifListActivity@468d7f6 in: RESUMED
11-24 14:57:26.097  1237  1258 I Choreographer: Skipped 41 frames!  The application may be doing too much work on its main thread.
11-24 14:57:26.211  2256  2256 E Feed    : Gif{uuid=9f8563fe-6674-4a91-9d52-4ac9bc80c16d, path=, url=, title=, watched=true, status=DOWNLOADED}
11-24 14:57:26.211  2256  2256 E Feed    : pl.droidsonroids.gif.GifIOException: GifError 101: Failed to open given input
11-24 14:57:26.211  2256  2256 E Feed    : 	at pl.droidsonroids.gif.GifInfoHandle.openFile(Native Method)
11-24 14:57:26.211  2256  2256 E Feed    : 	at pl.droidsonroids.gif.GifInfoHandle.<init>(GifInfoHandle.java:46)
11-24 14:57:26.211  2256  2256 E Feed    : 	at pl.droidsonroids.gif.GifDrawable.<init>(GifDrawable.java:124)
11-24 14:57:26.211  2256  2256 E Feed    : 	at br.com.catbag.gifreduxsample.ui.components.FeedView.createDrawable(FeedView.java:102)
11-24 14:57:26.211  2256  2256 E Feed    : 	at br.com.catbag.gifreduxsample.ui.components.FeedView.lambda$renderGifView$1(FeedView.java:89)
11-24 14:57:26.211  2256  2256 E Feed    : 	at br.com.catbag.gifreduxsample.ui.components.FeedView$$Lambda$2.view(Unknown Source)
11-24 14:57:26.211  2256  2256 E Feed    : 	at trikita.anvil.BaseDSL.v(BaseDSL.java:670)
11-24 14:57:26.211  2256  2256 E Feed    : 	at br.com.catbag.gifreduxsample.ui.components.FeedView.renderGifView(FeedView.java:88)
11-24 14:57:26.211  2256  2256 E Feed    : 	at br.com.catbag.gifreduxsample.ui.components.FeedView.access$lambda$0(FeedView.java)
11-24 14:57:26.211  2256  2256 E Feed    : 	at br.com.catbag.gifreduxsample.ui.components.FeedView$$Lambda$3.view(Unknown Source)
11-24 14:57:26.211  2256  2256 E Feed    : 	at br.com.catbag.gifreduxsample.ui.components.GifsAdapter.view(GifsAdapter.java:55)
11-24 14:57:26.211  2256  2256 E Feed    : 	at trikita.anvil.RenderableRecyclerViewAdapter$1.view(RenderableRecyclerViewAdapter.java:24)
11-24 14:57:26.211  2256  2256 E Feed    : 	at trikita.anvil.Anvil$Mount.render(Anvil.java:204)
11-24 14:57:26.211  2256  2256 E Feed    : 	at trikita.anvil.Anvil.render(Anvil.java:173)
11-24 14:57:26.211  2256  2256 E Feed    : 	at trikita.anvil.RenderableRecyclerViewAdapter.onBindViewHolder(RenderableRecyclerViewAdapter.java:27)
11-24 14:57:26.211  2256  2256 E Feed    : 	at trikita.anvil.RenderableRecyclerViewAdapter.onBindViewHolder(RenderableRecyclerViewAdapter.java:7)
11-24 14:57:26.211  2256  2256 E Feed    : 	at android.support.v7.widget.RecyclerView$Adapter.onBindViewHolder(RecyclerView.java:5768)
11-24 14:57:26.211  2256  2256 E Feed    : 	at android.support.v7.widget.RecyclerView$Adapter.bindViewHolder(RecyclerView.java:5801)
11-24 14:57:26.211  2256  2256 E Feed    : 	at android.support.v7.widget.RecyclerView$Recycler.getViewForPosition(RecyclerView.java:5037)
11-24 14:57:26.211  2256  2256 E Feed    : 	at android.support.v7.widget.RecyclerView$Recycler.getViewForPosition(RecyclerView.java:4913)
11-24 14:57:26.211  2256  2256 E Feed    : 	at android.support.v7.widget.LinearLayoutManager$LayoutState.next(LinearLayoutManager.java:2029)
11-24 14:57:26.211  2256  2256 E Feed    : 	at android.support.v7.widget.LinearLayoutManager.layoutChunk(LinearLayoutManager.java:1414)
11-24 14:57:26.211  2256  2256 E Feed    : 	at android.support.v7.widget.LinearLayoutManager.fill(LinearLayoutManager.java:1377)
11-24 14:57:26.211  2256  2256 E Feed    : 	at android.support.v7.widget.LinearLayoutManager.onLayoutChildren(LinearLayoutManager.java:578)
11-24 14:57:26.211  2256  2256 E Feed    : 	at android.support.v7.widget.RecyclerView.dispatchLayoutStep2(RecyclerView.java:3260)
11-24 14:57:26.211  2256  2256 E Feed    : 	at android.support.v7.widget.RecyclerView.dispatchLayout(RecyclerView.java:3069)
11-24 14:57:26.211  2256  2256 E Feed    : 	at android.support.v7.widget.RecyclerView.onLayout(RecyclerView.java:3518)
11-24 14:57:26.211  2256  2256 E Feed    : 	at android.view.View.layout(View.java:17520)
11-24 14:57:26.211  2256  2256 E Feed    : 	at android.view.ViewGroup.layout(ViewGroup.java:5612)
11-24 14:57:26.211  2256  2256 E Feed    : 	at android.widget.FrameLayout.layoutChildren(FrameLayout.java:323)
11-24 14:57:26.211  2256  2256 E Feed    : 	at android.widget.FrameLayout.onLayout(FrameLayout.java:261)
11-24 14:57:26.211  2256  2256 E Feed    : 	at android.view.View.layout(View.java:17520)
11-24 14:57:26.211  2256  2256 E Feed    : 	at android.view.ViewGroup.layout(ViewGroup.java:5612)
11-24 14:57:26.211  2256  2256 E Feed    : 	at android.widget.RelativeLayout.onLayout(RelativeLayout.java:1079)
11-24 14:57:26.211  2256  2256 E Feed    : 	at android.view.View.layout(View.java:17520)
11-24 14:57:26.211  2256  2256 E Feed    : 	at android.view.ViewGroup.layout(ViewGroup.java:5612)
11-24 14:57:26.211  2256  2256 E Feed    : 	at android.widget.FrameLayout.layoutChildren(FrameLayout.java:323)
11-24 14:57:26.211  2256  2256 E Feed    : 	at android.widget.FrameLayout.onLayout(FrameLayout.java:261)
11-24 14:57:26.211  2256  2256 E Feed    : 	at android.view.View.layout(View.java:17520)
11-24 14:57:26.211  2256  2256 E Feed    : 	at android.view.ViewGroup.layout(ViewGroup.java:5612)
11-24 14:57:26.211  2256  2256 E Feed    : 	at android.support.v7.widget.ActionBarOverlayLayout.onLayout(ActionBarOverlayLayout.java:435)
11-24 14:57:26.211  2256  2256 E Feed    : 	at android.view.View.layout(View.java:17520)
11-24 14:57:26.211  2256  2256 E Feed    : 	at android.view.ViewGroup.layout(ViewGroup.java:5612)
11-24 14:57:26.211  2256  2256 E Feed    : 	at android.widget.FrameLayout.layoutChildren(FrameLayout.java:323)
11-24 14:57:26.211  2256  2256 E Feed    : 	at android.widget.FrameLayout.onLayout(FrameLayout.java:261)
11-24 14:57:26.211  2256  2256 E Feed    : 	at android.view.View.layout(View.java:17520)
11-24 14:57:26.211  2256  2256 E Feed    : 	at android.view.ViewGroup.layout(ViewGroup.java:5612)
11-24 14:57:26.211  2256  2256 E Feed    : 	at android.widget.LinearLayout.setChildFrame(LinearLayout.java:1741)
11-24 14:57:26.211  2256  2256 E Feed    : 	at android.widget.LinearLayout.layoutVertical(LinearLayout.java:1585)
11-24 14:57:26.211  2256  2256 E Feed    : 	at android.widget.LinearLayout.onLayout(LinearLayout.java:1494)
11-24 14:57:26.211  2256  2256 E Feed    : 	at android.view.View.layout(View.java:17520)
11-24 14:57:26.211  2256  2256 E Feed    : 	at android.view.ViewGroup.layout(ViewGroup.java:5612)
11-24 14:57:26.211  2256  2256 E Feed    : 	at android.widget.FrameLayout.layoutChildren(FrameLayout.java:323)
11-24 14:57:26.211  2256  2256 E Feed    : 	at android.widget.FrameLayout.onLayout(FrameLayout.java:261)
11-24 14:57:26.211  2256  2256 E Feed    : 	at com.android.internal.policy.DecorView.onLayout(DecorView.java:724)
11-24 14:57:26.211  2256  2256 E Feed    : 	at android.view.View.layout(View.java:17520)
11-24 14:57:26.211  2256  2256 E Feed    : 	at android.view.ViewGroup.layout(ViewGroup.java:5612)
11-24 14:57:26.211  2256  2256 E Feed    : 	at android.view.ViewRootImpl.performLayout(ViewRootImpl.java:2342)
11-24 14:57:26.211  2256  2256 E Feed    : 	at android.view.ViewRootImpl.performTraversals(ViewRootImpl.java:2069)
11-24 14:57:26.211  2256  2256 E Feed    : 	at android.view.ViewRootImpl.doTraversal(ViewRootImpl.java:1246)
11-24 14:57:26.211  2256  2256 E Feed    : 	at android.view.ViewRootImpl$TraversalRunnable.run(ViewRootImpl.java:6301)
11-24 14:57:26.211  2256  2256 E Feed    : 	at android.view.Choreographer$CallbackRecord.run(Choreographer.java:871)
11-24 14:57:26.211  2256  2256 E Feed    : 	at android.view.Choreographer.doCallbacks(Choreographer.java:683)
11-24 14:57:26.211  2256  2256 E Feed    : 	at android.view.Choreographer.doFrame(Choreographer.java:619)
11-24 14:57:26.211  2256  2256 E Feed    : 	at android.view.Choreographer$FrameDisplayEventReceiver.run(Choreographer.java:857)
11-24 14:57:26.211  2256  2256 E Feed    : 	at android.os.Handler.handleCallback(Handler.java:751)
11-24 14:57:26.211  2256  2256 E Feed    : 	at android.os.Handler.dispatchMessage(Handler.java:95)
11-24 14:57:26.211  2256  2256 E Feed    : 	at android.os.Looper.loop(Looper.java:154)
11-24 14:57:26.211  2256  2256 E Feed    : 	at android.app.ActivityThread.main(ActivityThread.java:6077)
11-24 14:57:26.211  2256  2256 E Feed    : 	at java.lang.reflect.Method.invoke(Native Method)
11-24 14:57:26.211  2256  2256 E Feed    : 	at com.android.internal.os.ZygoteInit$MethodAndArgsCaller.run(ZygoteInit.java:865)
11-24 14:57:26.211  2256  2256 E Feed    : 	at com.android.internal.os.ZygoteInit.main(ZygoteInit.java:755)
11-24 14:57:26.389  2256  2267 I art     : Background sticky concurrent mark sweep GC freed 17769(1398KB) AllocSpace objects, 10(208KB) LOS objects, 12% free, 10MB/12MB, paused 42.528ms total 338.691ms
11-24 14:57:26.399  2256  2256 D LifecycleMonitor: Lifecycle status change: br.com.catbag.gifreduxsample.ui.GifListActivity@b798d6 in: STOPPED
11-24 14:57:26.400  2256  2256 D LifecycleMonitor: Lifecycle status change: br.com.catbag.gifreduxsample.ui.GifListActivity@b798d6 in: DESTROYED
11-24 14:57:26.437  1237  1249 I WindowManager: Destroying surface Surface(name=br.com.catbag.gifreduxsample/br.com.catbag.gifreduxsample.ui.GifListActivity) called by com.android.server.wm.WindowStateAnimator.destroySurface:2014 com.android.server.wm.WindowStateAnimator.destroySurfaceLocked:881 com.android.server.wm.WindowState.removeLocked:1449 com.android.server.wm.WindowManagerService.removeWindowInnerLocked:2478 com.android.server.wm.WindowManagerService.removeWindowLocked:2436 com.android.server.wm.WindowManagerService.removeWindowLocked:2305 com.android.server.wm.WindowManagerService.removeWindow:2300 com.android.server.wm.Session.remove:193 
11-24 14:57:26.450  2256  2256 I Choreographer: Skipped 36 frames!  The application may be doing too much work on its main thread.
11-24 14:57:26.552  1237  1258 I ActivityManager: Displayed br.com.catbag.gifreduxsample/.ui.GifListActivity: +570ms
11-24 14:57:26.569  2256  2256 D LifecycleMonitor: Lifecycle status change: br.com.catbag.gifreduxsample.ui.GifListActivity@468d7f6 in: PAUSED
11-24 14:57:26.570  2256  2272 I TestRunner: finished: whenGifIsWatchedTest(br.com.catbag.gifreduxsample.ui.giflist.GifListActivityTest)
11-24 14:57:26.698   978   978 D gralloc : Registering a buffer in the process that created it. This may cause memory ordering problems.
11-24 14:57:26.698   978   978 E libEGL  : called unimplemented OpenGL ES API
11-24 14:57:26.699   978   978 E SurfaceFlinger: glCheckFramebufferStatusOES error 1249757531
11-24 14:57:26.699   978   978 E SurfaceFlinger: got GL_FRAMEBUFFER_COMPLETE_OES error while taking screenshot
11-24 14:57:26.700  1237  1715 W WindowManager: Screenshot failure taking screenshot for (480x800) to layer 22010
