I/MonitoringInstrumentation( 2325): Activities that are still in CREATED to STOPPED: 1
I/TestRunner( 2325): started: whenGifIsWatchedTest(br.com.catbag.gifreduxsample.ui.giflist.GifListActivityTest)
D/LifecycleMonitor( 2325): Lifecycle status change: br.com.catbag.gifreduxsample.ui.GifListActivity@203f1082 in: PAUSED
I/MonitoringInstrumentation( 2325): Activities that are still in CREATED to STOPPED: 1
I/DroidFlux:Dispatcher( 2325): [STARTED] dispatch of action [FAKE_REDUCE_ACTION]
I/DroidFlux:Dispatcher( 2325): [COMPLETED] dispatch of action [FAKE_REDUCE_ACTION]
D/ActivityTestRule( 2325): Launching activity br.com.catbag.gifreduxsample.ui.GifListActivity
D/MonitoringInstrumentation( 2325): execStartActivity(context, ibinder, ibinder, activity, intent, int, bundle
I/ActivityManager( 1232): START u0 {flg=0x10000000 cmp=br.com.catbag.gifreduxsample/.ui.GifListActivity} from uid 10053 on display 0
V/WindowManager( 1232): addAppToken: AppWindowToken{1476f649 token=Token{1c3cd450 ActivityRecord{52cda13 u0 br.com.catbag.gifreduxsample/.ui.GifListActivity t8}}} to stack=1 task=8 at 0
D/LifecycleMonitor( 2325): Lifecycle status change: br.com.catbag.gifreduxsample.ui.GifListActivity@8c41f4f in: PRE_ON_CREATE
D/LifecycleMonitor( 2325): Lifecycle status change: br.com.catbag.gifreduxsample.ui.GifListActivity@8c41f4f in: CREATED
D/LifecycleMonitor( 2325): Lifecycle status change: br.com.catbag.gifreduxsample.ui.GifListActivity@8c41f4f in: STARTED
D/LifecycleMonitor( 2325): Lifecycle status change: br.com.catbag.gifreduxsample.ui.GifListActivity@8c41f4f in: RESUMED
I/DroidFlux:Dispatcher( 2325): [STARTED] dispatch of action [APP_STATE_LOAD]
D/DroidFlux:Dispatcher( 2325): An action of type [APP_STATE_LOAD] was dispatched, but no reducer handled it
I/DroidFlux:Dispatcher( 2325): [COMPLETED] dispatch of action [APP_STATE_LOAD]
V/WindowManager( 1232): Adding window Window{a30ce5a u0 br.com.catbag.gifreduxsample/br.com.catbag.gifreduxsample.ui.GifListActivity} at 3 of 6 (after Window{3d9966aa u0 br.com.catbag.gifreduxsample/br.com.catbag.gifreduxsample.ui.GifListActivity EXITING})
V/WindowManager( 1232): not Base app: Adding window Window{3c1d7626 u0 Starting br.com.catbag.gifreduxsample} at 4 of 7
E/Feed    ( 2325): Gif{uuid=c0393c73-b144-4ebe-82b7-2230c0869487, path=, url=, title=, watched=true, status=DOWNLOADED}
E/Feed    ( 2325): pl.droidsonroids.gif.GifIOException: GifError 101: Failed to open given input
E/Feed    ( 2325): 	at pl.droidsonroids.gif.GifInfoHandle.openFile(Native Method)
E/Feed    ( 2325): 	at pl.droidsonroids.gif.GifInfoHandle.<init>(GifInfoHandle.java:46)
E/Feed    ( 2325): 	at pl.droidsonroids.gif.GifDrawable.<init>(GifDrawable.java:124)
E/Feed    ( 2325): 	at br.com.catbag.gifreduxsample.ui.components.FeedComponent.createDrawable(FeedComponent.java:104)
E/Feed    ( 2325): 	at br.com.catbag.gifreduxsample.ui.components.FeedComponent.lambda$renderGifView$2(FeedComponent.java:90)
E/Feed    ( 2325): 	at br.com.catbag.gifreduxsample.ui.components.FeedComponent$$Lambda$2.view(Unknown Source)
E/Feed    ( 2325): 	at trikita.anvil.BaseDSL.v(BaseDSL.java:670)
E/Feed    ( 2325): 	at br.com.catbag.gifreduxsample.ui.components.FeedComponent.renderGifView(FeedComponent.java:88)
E/Feed    ( 2325): 	at br.com.catbag.gifreduxsample.ui.components.FeedComponent.lambda$null$0(FeedComponent.java:55)
E/Feed    ( 2325): 	at br.com.catbag.gifreduxsample.ui.components.FeedComponent$$Lambda$3.view(Unknown Source)
E/Feed    ( 2325): 	at br.com.catbag.gifreduxsample.ui.components.GifsAdapter.view(GifsAdapter.java:55)
E/Feed    ( 2325): 	at trikita.anvil.RenderableRecyclerViewAdapter$1.view(RenderableRecyclerViewAdapter.java:24)
E/Feed    ( 2325): 	at trikita.anvil.Anvil$Mount.render(Anvil.java:204)
E/Feed    ( 2325): 	at trikita.anvil.Anvil.render(Anvil.java:173)
E/Feed    ( 2325): 	at trikita.anvil.RenderableRecyclerViewAdapter.onBindViewHolder(RenderableRecyclerViewAdapter.java:27)
E/Feed    ( 2325): 	at trikita.anvil.RenderableRecyclerViewAdapter.onBindViewHolder(RenderableRecyclerViewAdapter.java:7)
E/Feed    ( 2325): 	at android.support.v7.widget.RecyclerView$Adapter.onBindViewHolder(RecyclerView.java:5768)
E/Feed    ( 2325): 	at android.support.v7.widget.RecyclerView$Adapter.bindViewHolder(RecyclerView.java:5801)
E/Feed    ( 2325): 	at android.support.v7.widget.RecyclerView$Recycler.getViewForPosition(RecyclerView.java:5037)
E/Feed    ( 2325): 	at android.support.v7.widget.RecyclerView$Recycler.getViewForPosition(RecyclerView.java:4913)
E/Feed    ( 2325): 	at android.support.v7.widget.LinearLayoutManager$LayoutState.next(LinearLayoutManager.java:2029)
E/Feed    ( 2325): 	at android.support.v7.widget.LinearLayoutManager.layoutChunk(LinearLayoutManager.java:1414)
E/Feed    ( 2325): 	at android.support.v7.widget.LinearLayoutManager.fill(LinearLayoutManager.java:1377)
E/Feed    ( 2325): 	at android.support.v7.widget.LinearLayoutManager.onLayoutChildren(LinearLayoutManager.java:578)
E/Feed    ( 2325): 	at android.support.v7.widget.RecyclerView.dispatchLayoutStep2(RecyclerView.java:3260)
E/Feed    ( 2325): 	at android.support.v7.widget.RecyclerView.dispatchLayout(RecyclerView.java:3069)
E/Feed    ( 2325): 	at android.support.v7.widget.RecyclerView.onLayout(RecyclerView.java:3518)
E/Feed    ( 2325): 	at android.view.View.layout(View.java:15671)
E/Feed    ( 2325): 	at android.view.ViewGroup.layout(ViewGroup.java:5038)
E/Feed    ( 2325): 	at android.widget.FrameLayout.layoutChildren(FrameLayout.java:579)
E/Feed    ( 2325): 	at android.widget.FrameLayout.onLayout(FrameLayout.java:514)
E/Feed    ( 2325): 	at android.view.View.layout(View.java:15671)
E/Feed    ( 2325): 	at android.view.ViewGroup.layout(ViewGroup.java:5038)
E/Feed    ( 2325): 	at android.widget.RelativeLayout.onLayout(RelativeLayout.java:1076)
E/Feed    ( 2325): 	at android.view.View.layout(View.java:15671)
E/Feed    ( 2325): 	at android.view.ViewGroup.layout(ViewGroup.java:5038)
E/Feed    ( 2325): 	at android.widget.FrameLayout.layoutChildren(FrameLayout.java:579)
E/Feed    ( 2325): 	at android.widget.FrameLayout.onLayout(FrameLayout.java:514)
E/Feed    ( 2325): 	at android.view.View.layout(View.java:15671)
E/Feed    ( 2325): 	at android.view.ViewGroup.layout(ViewGroup.java:5038)
E/Feed    ( 2325): 	at android.support.v7.widget.ActionBarOverlayLayout.onLayout(ActionBarOverlayLayout.java:435)
E/Feed    ( 2325): 	at android.view.View.layout(View.java:15671)
E/Feed    ( 2325): 	at android.view.ViewGroup.layout(ViewGroup.java:5038)
E/Feed    ( 2325): 	at android.widget.FrameLayout.layoutChildren(FrameLayout.java:579)
E/Feed    ( 2325): 	at android.widget.FrameLayout.onLayout(FrameLayout.java:514)
E/Feed    ( 2325): 	at android.view.View.layout(View.java:15671)
E/Feed    ( 2325): 	at android.view.ViewGroup.layout(ViewGroup.java:5038)
E/Feed    ( 2325): 	at android.widget.LinearLayout.setChildFrame(LinearLayout.java:1703)
E/Feed    ( 2325): 	at android.widget.LinearLayout.layoutVertical(LinearLayout.java:1557)
E/Feed    ( 2325): 	at android.widget.LinearLayout.onLayout(LinearLayout.java:1466)
E/Feed    ( 2325): 	at android.view.View.layout(View.java:15671)
E/Feed    ( 2325): 	at android.view.ViewGroup.layout(ViewGroup.java:5038)
E/Feed    ( 2325): 	at android.widget.FrameLayout.layoutChildren(FrameLayout.java:579)
E/Feed    ( 2325): 	at android.widget.FrameLayout.onLayout(FrameLa
D/LifecycleMonitor( 2325): Lifecycle status change: br.com.catbag.gifreduxsample.ui.GifListActivity@203f1082 in: STOPPED
D/LifecycleMonitor( 2325): Lifecycle status change: br.com.catbag.gifreduxsample.ui.GifListActivity@203f1082 in: DESTROYED
I/ActivityManager( 1232): Displayed br.com.catbag.gifreduxsample/.ui.GifListActivity: +197ms
D/gralloc (  923): Registering a buffer in the process that created it. This may cause memory ordering problems.
E/SurfaceFlinger(  923): glCheckFramebufferStatusOES error 1410954716
E/SurfaceFlinger(  923): got GL_FRAMEBUFFER_COMPLETE_OES error while taking screenshot
W/WindowManager( 1232): Screenshot failure taking screenshot for (480x800) to layer 22010
D/LifecycleMonitor( 2325): Lifecycle status change: br.com.catbag.gifreduxsample.ui.GifListActivity@8c41f4f in: PAUSED
I/TestRunner( 2325): finished: whenGifIsWatchedTest(br.com.catbag.gifreduxsample.ui.giflist.GifListActivityTest)
I/MonitoringInstrumentation( 2325): Activities that are still in CREATED to STOPPED: 1
I/TestRunner( 2325): started: whenScrollUpAndPlayFirstItemTest(br.com.catbag.gifreduxsample.ui.giflist.GifListActivityTest)
I/MonitoringInstrumentation( 2325): Activities that are still in CREATED to STOPPED: 1
D/LifecycleMonitor( 2325): Lifecycle status change: br.com.catbag.gifreduxsample.ui.GifListActivity@8c41f4f in: STOPPED
D/LifecycleMonitor( 2325): Lifecycle status change: br.com.catbag.gifreduxsample.ui.GifListActivity@8c41f4f in: DESTROYED
E/Vold    (  922): Failed to find mounted volume for /storage/sdcard/Android/data/br.com.catbag.gifreduxsample/cache/
W/Vold    (  922): Returning OperationFailed - no handler for errno 0
W/ContextImpl( 2325): Failed to ensure directory: /storage/sdcard/Android/data/br.com.catbag.gifreduxsample/cache
E/FileUtils( 2325): 
E/FileUtils( 2325): java.io.FileNotFoundException: null/test.gif: open failed: ENOENT (No such file or directory)
E/FileUtils( 2325): 	at libcore.io.IoBridge.open(IoBridge.java:456)
E/FileUtils( 2325): 	at java.io.FileOutputStream.<init>(FileOutputStream.java:87)
E/FileUtils( 2325): 	at java.io.FileOutputStream.<init>(FileOutputStream.java:72)
E/FileUtils( 2325): 	at br.com.catbag.gifreduxsample.utils.FileUtils.createFakeGifFile(FileUtils.java:27)
E/FileUtils( 2325): 	at br.com.catbag.gifreduxsample.ui.giflist.GifListActivityTest.createFakeGifList(GifListActivityTest.java:364)
E/FileUtils( 2325): 	at br.com.catbag.gifreduxsample.ui.giflist.GifListActivityTest.whenScrollUpAndPlayFirstItemTest(GifListActivityTest.java:272)
E/FileUtils( 2325): 	at java.lang.reflect.Method.invoke(Native Method)
E/FileUtils( 2325): 	at java.lang.reflect.Method.invoke(Method.java:372)
E/FileUtils( 2325): 	at org.junit.runners.model.FrameworkMethod$1.runReflectiveCall(FrameworkMethod.java:50)
E/FileUtils( 2325): 	at org.junit.internal.runners.model.ReflectiveCallable.run(ReflectiveCallable.java:12)
E/FileUtils( 2325): 	at org.junit.runners.model.FrameworkMethod.invokeExplosively(FrameworkMethod.java:47)
E/FileUtils( 2325): 	at org.junit.internal.runners.statements.InvokeMethod.evaluate(InvokeMethod.java:17)
E/FileUtils( 2325): 	at org.junit.internal.runners.statements.RunBefores.evaluate(RunBefores.java:26)
E/FileUtils( 2325): 	at org.junit.internal.runners.statements.RunAfters.evaluate(RunAfters.java:27)
E/FileUtils( 2325): 	at android.support.test.internal.statement.UiThreadStatement.evaluate(UiThreadStatement.java:55)
E/FileUtils( 2325): 	at android.support.test.rule.ActivityTestRule$ActivityStatement.evaluate(ActivityTestRule.java:270)
E/FileUtils( 2325): 	at org.junit.internal.runners.statements.FailOnTimeout$CallableStatement.call(FailOnTimeout.java:298)
E/FileUtils( 2325): 	at org.junit.internal.runners.statements.FailOnTimeout$CallableStatement.call(FailOnTimeout.java:292)
E/FileUtils( 2325): 	at java.util.concurrent.FutureTask.run(FutureTask.java:237)
E/FileUtils( 2325): 	at java.lang.Thread.run(Thread.java:818)
E/FileUtils( 2325): Caused by: android.system.ErrnoException: open failed: ENOENT (No such file or directory)
E/FileUtils( 2325): 	at libcore.io.Posix.open(Native Method)
E/FileUtils( 2325): 	at libcore.io.BlockGuardOs.open(BlockGuardOs.java:186)
E/FileUtils( 2325): 	at libcore.io.IoBridge.open(IoBridge.java:442)
E/FileUtils( 2325): 	... 19 more
I/DroidFlux:Dispatcher( 2325): [STARTED] dispatch of action [FAKE_REDUCE_ACTION]
I/DroidFlux:Dispatcher( 2325): [COMPLETED] dispatch of action [FAKE_REDUCE_ACTION]
W/IInputConnectionWrapper( 2325): showStatusIcon on inactive InputConnection
D/ActivityTestRule( 2325): Launching activity br.com.catbag.gifreduxsample.ui.GifListActivity
D/MonitoringInstrumentation( 2325): execStartActivity(context, ibinder, ibinder, activity, intent, int, bundle
I/ActivityManager( 1232): START u0 {flg=0x10000000 cmp=br.com.catbag.gifreduxsample/.ui.GifListActivity} from uid 10053 on display 0
V/WindowManager( 1232): addAppToken: AppWindowToken{f1e70f1 token=Token{11507098 ActivityRecord{16679a7b u0 br.com.catbag.gifreduxsample/.ui.GifListActivity t9}}} to stack=1 task=9 at 0
V/WindowManager( 1232): Adding window Window{35c8bab0 u0 Starting br.com.catbag.gifreduxsample} at 2 of 5 (after Window{24108323 u0 com.android.launcher/com.android.launcher2.Launcher})
D/LifecycleMonitor( 2325): Lifecycle status change: br.com.catbag.gifreduxsample.ui.GifListActivity@157ff14b in: PRE_ON_CREATE
D/LifecycleMonitor( 2325): Lifecycle status change: br.com.catbag.gifreduxsample.ui.GifListActivity@157ff14b in: CREATED
I/DroidFlux:Dispatcher( 2325): [STARTED] dispatch of action [APP_STATE_LOAD]
D/DroidFlux:Dispatcher( 2325): An action of type [APP_STATE_LOAD] was dispatched, but no reducer handled it
I/DroidFlux:Dispatcher( 2325): [COMPLETED] dispatch of action [APP_STATE_LOAD]
D/LifecycleMonitor( 2325): Lifecycle status change: br.com.catbag.gifreduxsample.ui.GifListActivity@157ff14b in: STARTED
D/LifecycleMonitor( 2325): Lifecycle status change: br.com.catbag.gifreduxsample.ui.GifListActivity@157ff14b in: RESUMED
V/WindowManager( 1232): Adding window Window{90e81ba u0 br.com.catbag.gifreduxsample/br.com.catbag.gifreduxsample.ui.GifListActivity} at 2 of 6 (before Window{35c8bab0 u0 Starting br.com.catbag.gifreduxsample})
E/Feed    ( 2325): Gif{uuid=4e5c7e6d-b2a1-475c-a806-c03416eabb4d, path=/null/test.gif, url=, title=gif0, watched=false, status=DOWNLOADED}
E/Feed    ( 2325): pl.droidsonroids.gif.GifIOException: GifError 101: Failed to open given input
E/Feed    ( 2325): 	at pl.droidsonroids.gif.GifInfoHandle.openFile(Native Method)
E/Feed    ( 2325): 	at pl.droidsonroids.gif.GifInfoHandle.<init>(GifInfoHandle.java:46)
E/Feed    ( 2325): 	at pl.droidsonroids.gif.GifDrawable.<init>(GifDrawable.java:124)
E/Feed    ( 2325): 	at br.com.catbag.gifreduxsample.ui.components.FeedComponent.createDrawable(FeedComponent.java:104)
E/Feed    ( 2325): 	at br.com.catbag.gifreduxsample.ui.components.FeedComponent.lambda$renderGifView$2(FeedComponent.java:90)
E/Feed    ( 2325): 	at br.com.catbag.gifreduxsample.ui.components.FeedComponent$$Lambda$2.view(Unknown Source)
E/Feed    ( 2325): 	at trikita.anvil.BaseDSL.v(BaseDSL.java:670)
E/Feed    ( 2325): 	at br.com.catbag.gifreduxsample.ui.components.FeedComponent.renderGifView(FeedComponent.java:88)
E/Feed    ( 2325): 	at br.com.catbag.gifreduxsample.ui.components.FeedComponent.lambda$null$0(FeedComponent.java:55)
E/Feed    ( 2325): 	at br.com.catbag.gifreduxsample.ui.components.FeedComponent$$Lambda$3.view(Unknown Source)
E/Feed    ( 2325): 	at br.com.catbag.gifreduxsample.ui.components.GifsAdapter.view(GifsAdapter.java:55)
E/Feed    ( 2325): 	at trikita.anvil.RenderableRecyclerViewAdapter$1.view(RenderableRecyclerViewAdapter.java:24)
E/Feed    ( 2325): 	at trikita.anvil.Anvil$Mount.render(Anvil.java:204)
E/Feed    ( 2325): 	at trikita.anvil.Anvil.render(Anvil.java:173)
E/Feed    ( 2325): 	at trikita.anvil.RenderableRecyclerViewAdapter.onBindViewHolder(RenderableRecyclerViewAdapter.java:27)
E/Feed    ( 2325): 	at trikita.anvil.RenderableRecyclerViewAdapter.onBindViewHolder(RenderableRecyclerViewAdapter.java:7)
E/Feed    ( 2325): 	at android.support.v7.widget.RecyclerView$Adapter.onBindViewHolder(RecyclerView.java:5768)
E/Feed    ( 2325): 	at android.support.v7.widget.RecyclerView$Adapter.bindViewHolder(RecyclerView.java:5801)
E/Feed    ( 2325): 	at android.support.v7.widget.RecyclerView$Recycler.getViewForPosition(RecyclerView.java:5037)
E/Feed    ( 2325): 	at android.support.v7.widget.RecyclerView$Recycler.getViewForPosition(RecyclerView.java:4913)
E/Feed    ( 2325): 	at android.support.v7.widget.LinearLayoutManager$LayoutState.next(LinearLayoutManager.java:2029)
E/Feed    ( 2325): 	at android.support.v7.widget.LinearLayoutManager.layoutChunk(LinearLayoutManager.java:1414)
E/Feed    ( 2325): 	at android.support.v7.widget.LinearLayoutManager.fill(LinearLayoutManager.java:1377)
E/Feed    ( 2325): 	at android.support.v7.widget.LinearLayoutManager.onLayoutChildren(LinearLayoutManager.java:578)
E/Feed    ( 2325): 	at android.support.v7.widget.RecyclerView.dispatchLayoutStep2(RecyclerView.java:3260)
E/Feed    ( 2325): 	at android.support.v7.widget.RecyclerView.dispatchLayout(RecyclerView.java:3069)
E/Feed    ( 2325): 	at android.support.v7.widget.RecyclerView.onLayout(RecyclerView.java:3518)
E/Feed    ( 2325): 	at android.view.View.layout(View.java:15671)
E/Feed    ( 2325): 	at android.view.ViewGroup.layout(ViewGroup.java:5038)
E/Feed    ( 2325): 	at android.widget.FrameLayout.layoutChildren(FrameLayout.java:579)
E/Feed    ( 2325): 	at android.widget.FrameLayout.onLayout(FrameLayout.java:514)
E/Feed    ( 2325): 	at android.view.View.layout(View.java:15671)
E/Feed    ( 2325): 	at android.view.ViewGroup.layout(ViewGroup.java:5038)
E/Feed    ( 2325): 	at android.widget.RelativeLayout.onLayout(RelativeLayout.java:1076)
E/Feed    ( 2325): 	at android.view.View.layout(View.java:15671)
E/Feed    ( 2325): 	at android.view.ViewGroup.layout(ViewGroup.java:5038)
E/Feed    ( 2325): 	at android.widget.FrameLayout.layoutChildren(FrameLayout.java:579)
E/Feed    ( 2325): 	at android.widget.FrameLayout.onLayout(FrameLayout.java:514)
E/Feed    ( 2325): 	at android.view.View.layout(View.java:15671)
E/Feed    ( 2325): 	at android.view.ViewGroup.layout(ViewGroup.java:5038)
E/Feed    ( 2325): 	at android.support.v7.widget.ActionBarOverlayLayout.onLayout(ActionBarOverlayLayout.java:435)
E/Feed    ( 2325): 	at android.view.View.layout(View.java:15671)
E/Feed    ( 2325): 	at android.view.ViewGroup.layout(ViewGroup.java:5038)
E/Feed    ( 2325): 	at android.widget.FrameLayout.layoutChildren(FrameLayout.java:579)
E/Feed    ( 2325): 	at android.widget.FrameLayout.onLayout(FrameLayout.java:514)
E/Feed    ( 2325): 	at android.view.View.layout(View.java:15671)
E/Feed    ( 2325): 	at android.view.ViewGroup.layout(ViewGroup.java:5038)
E/Feed    ( 2325): 	at android.widget.LinearLayout.setChildFrame(LinearLayout.java:1703)
E/Feed    ( 2325): 	at android.widget.LinearLayout.layoutVertical(LinearLayout.java:1557)
E/Feed    ( 2325): 	at android.widget.LinearLayout.onLayout(LinearLayout.java:1466)
E/Feed    ( 2325): 	at android.view.View.layout(View.java:15671)
E/Feed    ( 2325): 	at android.view.ViewGroup.layout(ViewGroup.java:5038)
E/Feed    ( 2325): 	at android.widget.FrameLayout.layoutChildren(FrameLayout.java:579)
E/Feed    ( 2325): 	at android.widget.FrameLayo
E/Feed    ( 2325): Gif{uuid=34e28588-c4d2-40b9-94c0-4249db7b2449, path=/null/test.gif, url=, title=gif1, watched=false, status=DOWNLOADED}
E/Feed    ( 2325): pl.droidsonroids.gif.GifIOException: GifError 101: Failed to open given input
E/Feed    ( 2325): 	at pl.droidsonroids.gif.GifInfoHandle.openFile(Native Method)
E/Feed    ( 2325): 	at pl.droidsonroids.gif.GifInfoHandle.<init>(GifInfoHandle.java:46)
E/Feed    ( 2325): 	at pl.droidsonroids.gif.GifDrawable.<init>(GifDrawable.java:124)
E/Feed    ( 2325): 	at br.com.catbag.gifreduxsample.ui.components.FeedComponent.createDrawable(FeedComponent.java:104)
E/Feed    ( 2325): 	at br.com.catbag.gifreduxsample.ui.components.FeedComponent.lambda$renderGifView$2(FeedComponent.java:90)
E/Feed    ( 2325): 	at br.com.catbag.gifreduxsample.ui.components.FeedComponent$$Lambda$2.view(Unknown Source)
E/Feed    ( 2325): 	at trikita.anvil.BaseDSL.v(BaseDSL.java:670)
E/Feed    ( 2325): 	at br.com.catbag.gifreduxsample.ui.components.FeedComponent.renderGifView(FeedComponent.java:88)
E/Feed    ( 2325): 	at br.com.catbag.gifreduxsample.ui.components.FeedComponent.lambda$null$0(FeedComponent.java:55)
E/Feed    ( 2325): 	at br.com.catbag.gifreduxsample.ui.components.FeedComponent$$Lambda$3.view(Unknown Source)
E/Feed    ( 2325): 	at br.com.catbag.gifreduxsample.ui.components.GifsAdapter.view(GifsAdapter.java:55)
E/Feed    ( 2325): 	at trikita.anvil.RenderableRecyclerViewAdapter$1.view(RenderableRecyclerViewAdapter.java:24)
E/Feed    ( 2325): 	at trikita.anvil.Anvil$Mount.render(Anvil.java:204)
E/Feed    ( 2325): 	at trikita.anvil.Anvil.render(Anvil.java:173)
E/Feed    ( 2325): 	at trikita.anvil.RenderableRecyclerViewAdapter.onBindViewHolder(RenderableRecyclerViewAdapter.java:27)
E/Feed    ( 2325): 	at trikita.anvil.RenderableRecyclerViewAdapter.onBindViewHolder(RenderableRecyclerViewAdapter.java:7)
E/Feed    ( 2325): 	at android.support.v7.widget.RecyclerView$Adapter.onBindViewHolder(RecyclerView.java:5768)
E/Feed    ( 2325): 	at android.support.v7.widget.RecyclerView$Adapter.bindViewHolder(RecyclerView.java:5801)
E/Feed    ( 2325): 	at android.support.v7.widget.RecyclerView$Recycler.getViewForPosition(RecyclerView.java:5037)
E/Feed    ( 2325): 	at android.support.v7.widget.RecyclerView$Recycler.getViewForPosition(RecyclerView.java:4913)
E/Feed    ( 2325): 	at android.support.v7.widget.LinearLayoutManager$LayoutState.next(LinearLayoutManager.java:2029)
E/Feed    ( 2325): 	at android.support.v7.widget.LinearLayoutManager.layoutChunk(LinearLayoutManager.java:1414)
E/Feed    ( 2325): 	at android.support.v7.widget.LinearLayoutManager.fill(LinearLayoutManager.java:1377)
E/Feed    ( 2325): 	at android.support.v7.widget.LinearLayoutManager.onLayoutChildren(LinearLayoutManager.java:578)
E/Feed    ( 2325): 	at android.support.v7.widget.RecyclerView.dispatchLayoutStep2(RecyclerView.java:3260)
E/Feed    ( 2325): 	at android.support.v7.widget.RecyclerView.dispatchLayout(RecyclerView.java:3069)
E/Feed    ( 2325): 	at android.support.v7.widget.RecyclerView.onLayout(RecyclerView.java:3518)
E/Feed    ( 2325): 	at android.view.View.layout(View.java:15671)
E/Feed    ( 2325): 	at android.view.ViewGroup.layout(ViewGroup.java:5038)
E/Feed    ( 2325): 	at android.widget.FrameLayout.layoutChildren(FrameLayout.java:579)
E/Feed    ( 2325): 	at android.widget.FrameLayout.onLayout(FrameLayout.java:514)
E/Feed    ( 2325): 	at android.view.View.layout(View.java:15671)
E/Feed    ( 2325): 	at android.view.ViewGroup.layout(ViewGroup.java:5038)
E/Feed    ( 2325): 	at android.widget.RelativeLayout.onLayout(RelativeLayout.java:1076)
E/Feed    ( 2325): 	at android.view.View.layout(View.java:15671)
E/Feed    ( 2325): 	at android.view.ViewGroup.layout(ViewGroup.java:5038)
E/Feed    ( 2325): 	at android.widget.FrameLayout.layoutChildren(FrameLayout.java:579)
E/Feed    ( 2325): 	at android.widget.FrameLayout.onLayout(FrameLayout.java:514)
E/Feed    ( 2325): 	at android.view.View.layout(View.java:15671)
E/Feed    ( 2325): 	at android.view.ViewGroup.layout(ViewGroup.java:5038)
E/Feed    ( 2325): 	at android.support.v7.widget.ActionBarOverlayLayout.onLayout(ActionBarOverlayLayout.java:435)
E/Feed    ( 2325): 	at android.view.View.layout(View.java:15671)
E/Feed    ( 2325): 	at android.view.ViewGroup.layout(ViewGroup.java:5038)
E/Feed    ( 2325): 	at android.widget.FrameLayout.layoutChildren(FrameLayout.java:579)
E/Feed    ( 2325): 	at android.widget.FrameLayout.onLayout(FrameLayout.java:514)
E/Feed    ( 2325): 	at android.view.View.layout(View.java:15671)
E/Feed    ( 2325): 	at android.view.ViewGroup.layout(ViewGroup.java:5038)
E/Feed    ( 2325): 	at android.widget.LinearLayout.setChildFrame(LinearLayout.java:1703)
E/Feed    ( 2325): 	at android.widget.LinearLayout.layoutVertical(LinearLayout.java:1557)
E/Feed    ( 2325): 	at android.widget.LinearLayout.onLayout(LinearLayout.java:1466)
E/Feed    ( 2325): 	at android.view.View.layout(View.java:15671)
E/Feed    ( 2325): 	at android.view.ViewGroup.layout(ViewGroup.java:5038)
E/Feed    ( 2325): 	at android.widget.FrameLayout.layoutChildren(FrameLayout.java:579)
E/Feed    ( 2325): 	at android.widget.FrameLayo
I/ActivityManager( 1232): Displayed br.com.catbag.gifreduxsample/.ui.GifListActivity: +202ms
W/ResourceType( 2325): No package identifier when getting name for resource number 0x000000e9
I/ViewInteraction( 2325): Performing 'scroll RecyclerView to position: 4' action on view with id: 233 (resource name not found)
E/Feed    ( 2325): Gif{uuid=20bb059d-240a-4886-a3c6-c8d7ab1b3b34, path=/null/test.gif, url=, title=gif4, watched=false, status=DOWNLOADED}
E/Feed    ( 2325): pl.droidsonroids.gif.GifIOException: GifError 101: Failed to open given input
E/Feed    ( 2325): 	at pl.droidsonroids.gif.GifInfoHandle.openFile(Native Method)
E/Feed    ( 2325): 	at pl.droidsonroids.gif.GifInfoHandle.<init>(GifInfoHandle.java:46)
E/Feed    ( 2325): 	at pl.droidsonroids.gif.GifDrawable.<init>(GifDrawable.java:124)
E/Feed    ( 2325): 	at br.com.catbag.gifreduxsample.ui.components.FeedComponent.createDrawable(FeedComponent.java:104)
E/Feed    ( 2325): 	at br.com.catbag.gifreduxsample.ui.components.FeedComponent.lambda$renderGifView$2(FeedComponent.java:90)
E/Feed    ( 2325): 	at br.com.catbag.gifreduxsample.ui.components.FeedComponent$$Lambda$2.view(Unknown Source)
E/Feed    ( 2325): 	at trikita.anvil.BaseDSL.v(BaseDSL.java:670)
E/Feed    ( 2325): 	at br.com.catbag.gifreduxsample.ui.components.FeedComponent.renderGifView(FeedComponent.java:88)
E/Feed    ( 2325): 	at br.com.catbag.gifreduxsample.ui.components.FeedComponent.lambda$null$0(FeedComponent.java:55)
E/Feed    ( 2325): 	at br.com.catbag.gifreduxsample.ui.components.FeedComponent$$Lambda$3.view(Unknown Source)
E/Feed    ( 2325): 	at br.com.catbag.gifreduxsample.ui.components.GifsAdapter.view(GifsAdapter.java:55)
E/Feed    ( 2325): 	at trikita.anvil.RenderableRecyclerViewAdapter$1.view(RenderableRecyclerViewAdapter.java:24)
E/Feed    ( 2325): 	at trikita.anvil.Anvil$Mount.render(Anvil.java:204)
E/Feed    ( 2325): 	at trikita.anvil.Anvil.render(Anvil.java:173)
E/Feed    ( 2325): 	at trikita.anvil.RenderableRecyclerViewAdapter.onBindViewHolder(RenderableRecyclerViewAdapter.java:27)
E/Feed    ( 2325): 	at trikita.anvil.RenderableRecyclerViewAdapter.onBindViewHolder(RenderableRecyclerViewAdapter.java:7)
E/Feed    ( 2325): 	at android.support.v7.widget.RecyclerView$Adapter.onBindViewHolder(RecyclerView.java:5768)
E/Feed    ( 2325): 	at android.support.v7.widget.RecyclerView$Adapter.bindViewHolder(RecyclerView.java:5801)
E/Feed    ( 2325): 	at android.support.v7.widget.RecyclerView$Recycler.getViewForPosition(RecyclerView.java:5037)
E/Feed    ( 2325): 	at android.support.v7.widget.RecyclerView$Recycler.getViewForPosition(RecyclerView.java:4913)
E/Feed    ( 2325): 	at android.support.v7.widget.LinearLayoutManager$LayoutState.next(LinearLayoutManager.java:2029)
E/Feed    ( 2325): 	at android.support.v7.widget.LinearLayoutManager.layoutChunk(LinearLayoutManager.java:1414)
E/Feed    ( 2325): 	at android.support.v7.widget.LinearLayoutManager.fill(LinearLayoutManager.java:1377)
E/Feed    ( 2325): 	at android.support.v7.widget.LinearLayoutManager.onLayoutChildren(LinearLayoutManager.java:553)
E/Feed    ( 2325): 	at android.support.v7.widget.RecyclerView.dispatchLayoutStep2(RecyclerView.java:3260)
E/Feed    ( 2325): 	at android.support.v7.widget.RecyclerView.dispatchLayout(RecyclerView.java:3069)
E/Feed    ( 2325): 	at android.support.v7.widget.RecyclerView.onLayout(RecyclerView.java:3518)
E/Feed    ( 2325): 	at android.view.View.layout(View.java:15671)
E/Feed    ( 2325): 	at android.view.ViewGroup.layout(ViewGroup.java:5038)
E/Feed    ( 2325): 	at android.widget.FrameLayout.layoutChildren(FrameLayout.java:579)
E/Feed    ( 2325): 	at android.widget.FrameLayout.onLayout(FrameLayout.java:514)
E/Feed    ( 2325): 	at android.view.View.layout(View.java:15671)
E/Feed    ( 2325): 	at android.view.ViewGroup.layout(ViewGroup.java:5038)
E/Feed    ( 2325): 	at android.widget.RelativeLayout.onLayout(RelativeLayout.java:1076)
E/Feed    ( 2325): 	at android.view.View.layout(View.java:15671)
E/Feed    ( 2325): 	at android.view.ViewGroup.layout(ViewGroup.java:5038)
E/Feed    ( 2325): 	at android.widget.FrameLayout.layoutChildren(FrameLayout.java:579)
E/Feed    ( 2325): 	at android.widget.FrameLayout.onLayout(FrameLayout.java:514)
E/Feed    ( 2325): 	at android.view.View.layout(View.java:15671)
E/Feed    ( 2325): 	at android.view.ViewGroup.layout(ViewGroup.java:5038)
E/Feed    ( 2325): 	at android.support.v7.widget.ActionBarOverlayLayout.onLayout(ActionBarOverlayLayout.java:435)
E/Feed    ( 2325): 	at android.view.View.layout(View.java:15671)
E/Feed    ( 2325): 	at android.view.ViewGroup.layout(ViewGroup.java:5038)
E/Feed    ( 2325): 	at android.widget.FrameLayout.layoutChildren(FrameLayout.java:579)
E/Feed    ( 2325): 	at android.widget.FrameLayout.onLayout(FrameLayout.java:514)
E/Feed    ( 2325): 	at android.view.View.layout(View.java:15671)
E/Feed    ( 2325): 	at android.view.ViewGroup.layout(ViewGroup.java:5038)
E/Feed    ( 2325): 	at android.widget.LinearLayout.setChildFrame(LinearLayout.java:1703)
E/Feed    ( 2325): 	at android.widget.LinearLayout.layoutVertical(LinearLayout.java:1557)
E/Feed    ( 2325): 	at android.widget.LinearLayout.onLayout(LinearLayout.java:1466)
E/Feed    ( 2325): 	at android.view.View.layout(View.java:15671)
E/Feed    ( 2325): 	at android.view.ViewGroup.layout(ViewGroup.java:5038)
E/Feed    ( 2325): 	at android.widget.FrameLayout.layoutChildren(FrameLayout.java:579)
E/Feed    ( 2325): 	at android.widget.FrameLayo
E/Feed    ( 2325): Gif{uuid=86f3bd60-d728-4412-bdeb-24ff4e06a143, path=/null/test.gif, url=, title=gif3, watched=false, status=DOWNLOADED}
E/Feed    ( 2325): pl.droidsonroids.gif.GifIOException: GifError 101: Failed to open given input
E/Feed    ( 2325): 	at pl.droidsonroids.gif.GifInfoHandle.openFile(Native Method)
E/Feed    ( 2325): 	at pl.droidsonroids.gif.GifInfoHandle.<init>(GifInfoHandle.java:46)
E/Feed    ( 2325): 	at pl.droidsonroids.gif.GifDrawable.<init>(GifDrawable.java:124)
E/Feed    ( 2325): 	at br.com.catbag.gifreduxsample.ui.components.FeedComponent.createDrawable(FeedComponent.java:104)
E/Feed    ( 2325): 	at br.com.catbag.gifreduxsample.ui.components.FeedComponent.lambda$renderGifView$2(FeedComponent.java:90)
E/Feed    ( 2325): 	at br.com.catbag.gifreduxsample.ui.components.FeedComponent$$Lambda$2.view(Unknown Source)
E/Feed    ( 2325): 	at trikita.anvil.BaseDSL.v(BaseDSL.java:670)
E/Feed    ( 2325): 	at br.com.catbag.gifreduxsample.ui.components.FeedComponent.renderGifView(FeedComponent.java:88)
E/Feed    ( 2325): 	at br.com.catbag.gifreduxsample.ui.components.FeedComponent.lambda$null$0(FeedComponent.java:55)
E/Feed    ( 2325): 	at br.com.catbag.gifreduxsample.ui.components.FeedComponent$$Lambda$3.view(Unknown Source)
E/Feed    ( 2325): 	at br.com.catbag.gifreduxsample.ui.components.GifsAdapter.view(GifsAdapter.java:55)
E/Feed    ( 2325): 	at trikita.anvil.RenderableRecyclerViewAdapter$1.view(RenderableRecyclerViewAdapter.java:24)
E/Feed    ( 2325): 	at trikita.anvil.Anvil$Mount.render(Anvil.java:204)
E/Feed    ( 2325): 	at trikita.anvil.Anvil.render(Anvil.java:173)
E/Feed    ( 2325): 	at trikita.anvil.RenderableRecyclerViewAdapter.onBindViewHolder(RenderableRecyclerViewAdapter.java:27)
E/Feed    ( 2325): 	at trikita.anvil.RenderableRecyclerViewAdapter.onBindViewHolder(RenderableRecyclerViewAdapter.java:7)
E/Feed    ( 2325): 	at android.support.v7.widget.RecyclerView$Adapter.onBindViewHolder(RecyclerView.java:5768)
E/Feed    ( 2325): 	at android.support.v7.widget.RecyclerView$Adapter.bindViewHolder(RecyclerView.java:5801)
E/Feed    ( 2325): 	at android.support.v7.widget.RecyclerView$Recycler.getViewForPosition(RecyclerView.java:5037)
E/Feed    ( 2325): 	at android.support.v7.widget.RecyclerView$Recycler.getViewForPosition(RecyclerView.java:4913)
E/Feed    ( 2325): 	at android.support.v7.widget.LinearLayoutManager$LayoutState.next(LinearLayoutManager.java:2029)
E/Feed    ( 2325): 	at android.support.v7.widget.LinearLayoutManager.layoutChunk(LinearLayoutManager.java:1414)
E/Feed    ( 2325): 	at android.support.v7.widget.LinearLayoutManager.fill(LinearLayoutManager.java:1377)
E/Feed    ( 2325): 	at android.support.v7.widget.LinearLayoutManager.onLayoutChildren(LinearLayoutManager.java:553)
E/Feed    ( 2325): 	at android.support.v7.widget.RecyclerView.dispatchLayoutStep2(RecyclerView.java:3260)
E/Feed    ( 2325): 	at android.support.v7.widget.RecyclerView.dispatchLayout(RecyclerView.java:3069)
E/Feed    ( 2325): 	at android.support.v7.widget.RecyclerView.onLayout(RecyclerView.java:3518)
E/Feed    ( 2325): 	at android.view.View.layout(View.java:15671)
E/Feed    ( 2325): 	at android.view.ViewGroup.layout(ViewGroup.java:5038)
E/Feed    ( 2325): 	at android.widget.FrameLayout.layoutChildren(FrameLayout.java:579)
E/Feed    ( 2325): 	at android.widget.FrameLayout.onLayout(FrameLayout.java:514)
E/Feed    ( 2325): 	at android.view.View.layout(View.java:15671)
E/Feed    ( 2325): 	at android.view.ViewGroup.layout(ViewGroup.java:5038)
E/Feed    ( 2325): 	at android.widget.RelativeLayout.onLayout(RelativeLayout.java:1076)
E/Feed    ( 2325): 	at android.view.View.layout(View.java:15671)
E/Feed    ( 2325): 	at android.view.ViewGroup.layout(ViewGroup.java:5038)
E/Feed    ( 2325): 	at android.widget.FrameLayout.layoutChildren(FrameLayout.java:579)
E/Feed    ( 2325): 	at android.widget.FrameLayout.onLayout(FrameLayout.java:514)
E/Feed    ( 2325): 	at android.view.View.layout(View.java:15671)
E/Feed    ( 2325): 	at android.view.ViewGroup.layout(ViewGroup.java:5038)
E/Feed    ( 2325): 	at android.support.v7.widget.ActionBarOverlayLayout.onLayout(ActionBarOverlayLayout.java:435)
E/Feed    ( 2325): 	at android.view.View.layout(View.java:15671)
E/Feed    ( 2325): 	at android.view.ViewGroup.layout(ViewGroup.java:5038)
E/Feed    ( 2325): 	at android.widget.FrameLayout.layoutChildren(FrameLayout.java:579)
E/Feed    ( 2325): 	at android.widget.FrameLayout.onLayout(FrameLayout.java:514)
E/Feed    ( 2325): 	at android.view.View.layout(View.java:15671)
E/Feed    ( 2325): 	at android.view.ViewGroup.layout(ViewGroup.java:5038)
E/Feed    ( 2325): 	at android.widget.LinearLayout.setChildFrame(LinearLayout.java:1703)
E/Feed    ( 2325): 	at android.widget.LinearLayout.layoutVertical(LinearLayout.java:1557)
E/Feed    ( 2325): 	at android.widget.LinearLayout.onLayout(LinearLayout.java:1466)
E/Feed    ( 2325): 	at android.view.View.layout(View.java:15671)
E/Feed    ( 2325): 	at android.view.ViewGroup.layout(ViewGroup.java:5038)
E/Feed    ( 2325): 	at android.widget.FrameLayout.layoutChildren(FrameLayout.java:579)
E/Feed    ( 2325): 	at android.widget.FrameLayo
E/IdlingResourceRegistry( 2325): Attempted to register resource with same names: Class. R1: br.com.catbag.gifreduxsample.lockers.AnvilTestLocker@289df11e R2: br.com.catbag.gifreduxsample.lockers.AnvilTestLocker@288f62a9.
E/IdlingResourceRegistry( 2325): Duplicate resource registration will be ignored.
W/ResourceType( 2325): No package identifier when getting name for resource number 0x000000e9
E/IdlingResourceRegistry( 2325): Attempted to unregister resource that is not registered: 'Class'. Resource list: [br.com.catbag.gifreduxsample.lockers.AnvilTestLocker@288f62a9]
W/ResourceType( 2325): No package identifier when getting name for resource number 0x000000ea
I/ViewInteraction( 2325): Performing 'actionOnItemAtPosition performing ViewAction: single click on item at position: 0' action on view with id: 234 (resource name not found)
E/IdlingResourceRegistry( 2325): Attempted to register resource with same names: Class. R1: br.com.catbag.gifreduxsample.lockers.AnvilTestLocker@28e5dbe8 R2: br.com.catbag.gifreduxsample.lockers.AnvilTestLocker@288f62a9.
E/IdlingResourceRegistry( 2325): Duplicate resource registration will be ignored.
D/gralloc (  923): Registering a buffer in the process that created it. This may cause memory ordering problems.
E/libEGL  (  923): called unimplemented OpenGL ES API
E/SurfaceFlinger(  923): glCheckFramebufferStatusOES error 1410954716
E/SurfaceFlinger(  923): got GL_FRAMEBUFFER_COMPLETE_OES error while taking screenshot
W/WindowManager( 1232): Screenshot failure taking screenshot for (480x800) to layer 22010
D/LifecycleMonitor( 2325): Lifecycle status change: br.com.catbag.gifreduxsample.ui.GifListActivity@157ff14b in: PAUSED
I/TestRunner( 2325): failed: whenScrollUpAndPlayFirstItemTest(br.com.catbag.gifreduxsample.ui.giflist.GifListActivityTest)
I/TestRunner( 2325): ----- begin exception -----
I/TestRunner( 2325): java.lang.NullPointerException: Attempt to invoke virtual method 'boolean pl.droidsonroids.gif.GifDrawable.isPlaying()' on a null object reference
I/TestRunner( 2325): 	at br.com.catbag.gifreduxsample.matchers.Matchers$2.matchesSafely(Matchers.java:45)
I/TestRunner( 2325): 	at br.com.catbag.gifreduxsample.matchers.Matchers$2.matchesSafely(Matchers.java:41)
I/TestRunner( 2325): 	at android.support.test.espresso.matcher.BoundedMatcher.matches(BoundedMatcher.java:73)
I/TestRunner( 2325): 	at android.support.test.espresso.matcher.ViewMatchers.assertThat(ViewMatchers.java:1041)
I/TestRunner( 2325): 	at android.support.test.espresso.assertion.ViewAssertions$2.check(ViewAssertions.java:89)
I/TestRunner( 2325): 	at android.support.test.espresso.ViewInteraction$2.run(ViewInteraction.java:170)
I/TestRunner( 2325): 	at java.util.concurrent.Executors$RunnableAdapter.call(Executors.java:422)
I/TestRunner( 2325): 	at java.util.concurrent.FutureTask.run(FutureTask.java:237)
I/TestRunner( 2325): 	at android.os.Handler.handleCallback(Handler.java:739)
I/TestRunner( 2325): 	at android.os.Handler.dispatchMessage(Handler.java:95)
I/TestRunner( 2325): 	at android.os.Looper.loop(Looper.java:135)
I/TestRunner( 2325): 	at android.app.ActivityThread.main(ActivityThread.java:5254)
I/TestRunner( 2325): 	at java.lang.reflect.Method.invoke(Native Method)
I/TestRunner( 2325): 	at java.lang.reflect.Method.invoke(Method.java:372)
I/TestRunner( 2325): 	at com.android.internal.os.ZygoteInit$MethodAndArgsCaller.run(ZygoteInit.java:903)
I/TestRunner( 2325): 	at com.android.internal.os.ZygoteInit.main(ZygoteInit.java:698)
I/TestRunner( 2325): ----- end exception -----
I/TestRunner( 2325): finished: whenScrollUpAndPlayFirstItemTest(br.com.catbag.gifreduxsample.ui.giflist.GifListActivityTest)
I/MonitoringInstrumentation( 2325): Activities that are still in CREATED to STOPPED: 1
I/TestRunner( 2325): started: whenGifIsDownloadedTest(br.com.catbag.gifreduxsample.ui.giflist.GifListActivityTest)
D/LifecycleMonitor( 2325): Lifecycle status change: br.com.catbag.gifreduxsample.ui.GifListActivity@157ff14b in: STOPPED
D/LifecycleMonitor( 2325): Lifecycle status change: br.com.catbag.gifreduxsample.ui.GifListActivity@157ff14b in: DESTROYED
I/MonitoringInstrumentation( 2325): Activities that are still in CREATED to STOPPED: 0
E/Vold    (  922): Failed to find mounted volume for /storage/sdcard/Android/data/br.com.catbag.gifreduxsample/cache/
W/Vold    (  922): Returning OperationFailed - no handler for errno 0
W/ContextImpl( 2325): Failed to ensure directory: /storage/sdcard/Android/data/br.com.catbag.gifreduxsample/cache
E/FileUtils( 2325): 
E/FileUtils( 2325): java.io.FileNotFoundException: null/test.gif: open failed: ENOENT (No such file or directory)
E/FileUtils( 2325): 	at libcore.io.IoBridge.open(IoBridge.java:456)
E/FileUtils( 2325): 	at java.io.FileOutputStream.<init>(FileOutputStream.java:87)
E/FileUtils( 2325): 	at java.io.FileOutputStream.<init>(FileOutputStream.java:72)
E/FileUtils( 2325): 	at br.com.catbag.gifreduxsample.utils.FileUtils.createFakeGifFile(FileUtils.java:27)
E/FileUtils( 2325): 	at br.com.catbag.gifreduxsample.ui.giflist.GifListActivityTest.whenGifIsDownloadedTest(GifListActivityTest.java:101)
E/FileUtils( 2325): 	at java.lang.reflect.Method.invoke(Native Method)
E/FileUtils( 2325): 	at java.lang.reflect.Method.invoke(Method.java:372)
E/FileUtils( 2325): 	at org.junit.runners.model.FrameworkMethod$1.runReflectiveCall(FrameworkMethod.java:50)
E/FileUtils( 2325): 	at org.junit.internal.runners.model.ReflectiveCallable.run(ReflectiveCallable.java:12)
E/FileUtils( 2325): 	at org.junit.runners.model.FrameworkMethod.invokeExplosively(FrameworkMethod.java:47)
E/FileUtils( 2325): 	at org.junit.internal.runners.statements.InvokeMethod.evaluate(InvokeMethod.java:17)
E/FileUtils( 2325): 	at org.junit.internal.runners.statements.RunBefores.evaluate(RunBefores.java:26)
E/FileUtils( 2325): 	at org.junit.internal.runners.statements.RunAfters.evaluate(RunAfters.java:27)
E/FileUtils( 2325): 	at android.support.test.internal.statement.UiThreadStatement.evaluate(UiThreadStatement.java:55)
E/FileUtils( 2325): 	at android.support.test.rule.ActivityTestRule$ActivityStatement.evaluate(ActivityTestRule.java:270)
E/FileUtils( 2325): 	at org.junit.internal.runners.statements.FailOnTimeout$CallableStatement.call(FailOnTimeout.java:298)
E/FileUtils( 2325): 	at org.junit.internal.runners.statements.FailOnTimeout$CallableStatement.call(FailOnTimeout.java:292)
E/FileUtils( 2325): 	at java.util.concurrent.FutureTask.run(FutureTask.java:237)
E/FileUtils( 2325): 	at java.lang.Thread.run(Thread.java:818)
E/FileUtils( 2325): Caused by: android.system.ErrnoException: open failed: ENOENT (No such file or directory)
E/FileUtils( 2325): 	at libcore.io.Posix.open(Native Method)
E/FileUtils( 2325): 	at libcore.io.BlockGuardOs.open(BlockGuardOs.java:186)
E/FileUtils( 2325): 	at libcore.io.IoBridge.open(IoBridge.java:442)
E/FileUtils( 2325): 	... 18 more
I/DroidFlux:Dispatcher( 2325): [STARTED] dispatch of action [FAKE_REDUCE_ACTION]
I/DroidFlux:Dispatcher( 2325): [COMPLETED] dispatch of action [FAKE_REDUCE_ACTION]
D/ActivityTestRule( 2325): Launching activity br.com.catbag.gifreduxsample.ui.GifListActivity
D/MonitoringInstrumentation( 2325): execStartActivity(context, ibinder, ibinder, activity, intent, int, bundle
I/ActivityManager( 1232): START u0 {flg=0x10000000 cmp=br.com.catbag.gifreduxsample/.ui.GifListActivity} from uid 10053 on display 0
V/WindowManager( 1232): addAppToken: AppWindowToken{2da2d299 token=Token{23982fe0 ActivityRecord{145529e3 u0 br.com.catbag.gifreduxsample/.ui.GifListActivity t10}}} to stack=1 task=10 at 0
D/LifecycleMonitor( 2325): Lifecycle status change: br.com.catbag.gifreduxsample.ui.GifListActivity@10bbed71 in: PRE_ON_CREATE
V/WindowManager( 1232): Adding window Window{29d01af8 u0 Starting br.com.catbag.gifreduxsample} at 2 of 6 (after Window{90e81ba u0 br.com.catbag.gifreduxsample/br.com.catbag.gifreduxsample.ui.GifListActivity EXITING})
D/LifecycleMonitor( 2325): Lifecycle status change: br.com.catbag.gifreduxsample.ui.GifListActivity@10bbed71 in: CREATED
D/LifecycleMonitor( 2325): Lifecycle status change: br.com.catbag.gifreduxsample.ui.GifListActivity@10bbed71 in: STARTED
D/LifecycleMonitor( 2325): Lifecycle status change: br.com.catbag.gifreduxsample.ui.GifListActivity@10bbed71 in: RESUMED
I/DroidFlux:Dispatcher( 2325): [STARTED] dispatch of action [APP_STATE_LOAD]
D/DroidFlux:Dispatcher( 2325): An action of type [APP_STATE_LOAD] was dispatched, but no reducer handled it
I/DroidFlux:Dispatcher( 2325): [COMPLETED] dispatch of action [APP_STATE_LOAD]
V/WindowManager( 1232): Adding window Window{2b605636 u0 br.com.catbag.gifreduxsample/br.com.catbag.gifreduxsample.ui.GifListActivity} at 2 of 7 (before Window{29d01af8 u0 Starting br.com.catbag.gifreduxsample})
E/Feed    ( 2325): Gif{uuid=26f8c3b3-229d-4f78-ba2d-9a8d1fe65c47, path=/null/test.gif, url=, title=, watched=false, status=DOWNLOADED}
E/Feed    ( 2325): pl.droidsonroids.gif.GifIOException: GifError 101: Failed to open given input
E/Feed    ( 2325): 	at pl.droidsonroids.gif.GifInfoHandle.openFile(Native Method)
E/Feed    ( 2325): 	at pl.droidsonroids.gif.GifInfoHandle.<init>(GifInfoHandle.java:46)
E/Feed    ( 2325): 	at pl.droidsonroids.gif.GifDrawable.<init>(GifDrawable.java:124)
E/Feed    ( 2325): 	at br.com.catbag.gifreduxsample.ui.components.FeedComponent.createDrawable(FeedComponent.java:104)
E/Feed    ( 2325): 	at br.com.catbag.gifreduxsample.ui.components.FeedComponent.lambda$renderGifView$2(FeedComponent.java:90)
E/Feed    ( 2325): 	at br.com.catbag.gifreduxsample.ui.components.FeedComponent$$Lambda$2.view(Unknown Source)
E/Feed    ( 2325): 	at trikita.anvil.BaseDSL.v(BaseDSL.java:670)
E/Feed    ( 2325): 	at br.com.catbag.gifreduxsample.ui.components.FeedComponent.renderGifView(FeedComponent.java:88)
E/Feed    ( 2325): 	at br.com.catbag.gifreduxsample.ui.components.FeedComponent.lambda$null$0(FeedComponent.java:55)
E/Feed    ( 2325): 	at br.com.catbag.gifreduxsample.ui.components.FeedComponent$$Lambda$3.view(Unknown Source)
E/Feed    ( 2325): 	at br.com.catbag.gifreduxsample.ui.components.GifsAdapter.view(GifsAdapter.java:55)
E/Feed    ( 2325): 	at trikita.anvil.RenderableRecyclerViewAdapter$1.view(RenderableRecyclerViewAdapter.java:24)
E/Feed    ( 2325): 	at trikita.anvil.Anvil$Mount.render(Anvil.java:204)
E/Feed    ( 2325): 	at trikita.anvil.Anvil.render(Anvil.java:173)
E/Feed    ( 2325): 	at trikita.anvil.RenderableRecyclerViewAdapter.onBindViewHolder(RenderableRecyclerViewAdapter.java:27)
E/Feed    ( 2325): 	at trikita.anvil.RenderableRecyclerViewAdapter.onBindViewHolder(RenderableRecyclerViewAdapter.java:7)
E/Feed    ( 2325): 	at android.support.v7.widget.RecyclerView$Adapter.onBindViewHolder(RecyclerView.java:5768)
E/Feed    ( 2325): 	at android.support.v7.widget.RecyclerView$Adapter.bindViewHolder(RecyclerView.java:5801)
E/Feed    ( 2325): 	at android.support.v7.widget.RecyclerView$Recycler.getViewForPosition(RecyclerView.java:5037)
E/Feed    ( 2325): 	at android.support.v7.widget.RecyclerView$Recycler.getViewForPosition(RecyclerView.java:4913)
E/Feed    ( 2325): 	at android.support.v7.widget.LinearLayoutManager$LayoutState.next(LinearLayoutManager.java:2029)
E/Feed    ( 2325): 	at android.support.v7.widget.LinearLayoutManager.layoutChunk(LinearLayoutManager.java:1414)
E/Feed    ( 2325): 	at android.support.v7.widget.LinearLayoutManager.fill(LinearLayoutManager.java:1377)
E/Feed    ( 2325): 	at android.support.v7.widget.LinearLayoutManager.onLayoutChildren(LinearLayoutManager.java:578)
E/Feed    ( 2325): 	at android.support.v7.widget.RecyclerView.dispatchLayoutStep2(RecyclerView.java:3260)
E/Feed    ( 2325): 	at android.support.v7.widget.RecyclerView.dispatchLayout(RecyclerView.java:3069)
E/Feed    ( 2325): 	at android.support.v7.widget.RecyclerView.onLayout(RecyclerView.java:3518)
E/Feed    ( 2325): 	at android.view.View.layout(View.java:15671)
E/Feed    ( 2325): 	at android.view.ViewGroup.layout(ViewGroup.java:5038)
E/Feed    ( 2325): 	at android.widget.FrameLayout.layoutChildren(FrameLayout.java:579)
E/Feed    ( 2325): 	at android.widget.FrameLayout.onLayout(FrameLayout.java:514)
E/Feed    ( 2325): 	at android.view.View.layout(View.java:15671)
E/Feed    ( 2325): 	at android.view.ViewGroup.layout(ViewGroup.java:5038)
E/Feed    ( 2325): 	at android.widget.RelativeLayout.onLayout(RelativeLayout.java:1076)
E/Feed    ( 2325): 	at android.view.View.layout(View.java:15671)
E/Feed    ( 2325): 	at android.view.ViewGroup.layout(ViewGroup.java:5038)
E/Feed    ( 2325): 	at android.widget.FrameLayout.layoutChildren(FrameLayout.java:579)
E/Feed    ( 2325): 	at android.widget.FrameLayout.onLayout(FrameLayout.java:514)
E/Feed    ( 2325): 	at android.view.View.layout(View.java:15671)
E/Feed    ( 2325): 	at android.view.ViewGroup.layout(ViewGroup.java:5038)
E/Feed    ( 2325): 	at android.support.v7.widget.ActionBarOverlayLayout.onLayout(ActionBarOverlayLayout.java:435)
E/Feed    ( 2325): 	at android.view.View.layout(View.java:15671)
E/Feed    ( 2325): 	at android.view.ViewGroup.layout(ViewGroup.java:5038)
E/Feed    ( 2325): 	at android.widget.FrameLayout.layoutChildren(FrameLayout.java:579)
E/Feed    ( 2325): 	at android.widget.FrameLayout.onLayout(FrameLayout.java:514)
E/Feed    ( 2325): 	at android.view.View.layout(View.java:15671)
E/Feed    ( 2325): 	at android.view.ViewGroup.layout(ViewGroup.java:5038)
E/Feed    ( 2325): 	at android.widget.LinearLayout.setChildFrame(LinearLayout.java:1703)
E/Feed    ( 2325): 	at android.widget.LinearLayout.layoutVertical(LinearLayout.java:1557)
E/Feed    ( 2325): 	at android.widget.LinearLayout.onLayout(LinearLayout.java:1466)
E/Feed    ( 2325): 	at android.view.View.layout(View.java:15671)
E/Feed    ( 2325): 	at android.view.ViewGroup.layout(ViewGroup.java:5038)
E/Feed    ( 2325): 	at android.widget.FrameLayout.layoutChildren(FrameLayout.java:579)
E/Feed    ( 2325): 	at android.widget.FrameLayout.o
D/gralloc (  923): Registering a buffer in the process that created it. This may cause memory ordering problems.
E/SurfaceFlinger(  923): glCheckFramebufferStatusOES error 1410954716
E/SurfaceFlinger(  923): got GL_FRAMEBUFFER_COMPLETE_OES error while taking screenshot
W/WindowManager( 1232): Screenshot failure taking screenshot for (480x800) to layer 22015
D/LifecycleMonitor( 2325): Lifecycle status change: br.com.catbag.gifreduxsample.ui.GifListActivity@10bbed71 in: PAUSED
I/TestRunner( 2325): failed: whenGifIsDownloadedTest(br.com.catbag.gifreduxsample.ui.giflist.GifListActivityTest)
I/TestRunner( 2325): ----- begin exception -----
I/TestRunner( 2325): android.support.test.espresso.base.DefaultFailureHandler$AssertionFailedWithCauseError: 'with a not null drawable' doesn't match the selected view.
I/TestRunner( 2325): Expected: with a not null drawable
I/TestRunner( 2325):      Got: "GifImageView{id=2131492949, res-name=gif_image, visibility=VISIBLE, width=432, height=480, has-focus=false, has-focusable=false, has-window-focus=true, is-clickable=false, is-enabled=true, is-focused=false, is-focusable=false, is-layout-requested=false, is-selected=false, root-is-layout-requested=false, has-input-connection=false, x=0.0, y=0.0}"
I/TestRunner( 2325): 
I/TestRunner( 2325): 	at dalvik.system.VMStack.getThreadStackTrace(Native Method)
I/TestRunner( 2325): 	at java.lang.Thread.getStackTrace(Thread.java:580)
I/TestRunner( 2325): 	at android.support.test.espresso.base.DefaultFailureHandler.getUserFriendlyError(DefaultFailureHandler.java:92)
I/TestRunner( 2325): 	at android.support.test.espresso.base.DefaultFailureHandler.handle(DefaultFailureHandler.java:56)
