11-23 18:32:33.807  2283  2283 W ResourceType: No package identifier when getting name for resource number 0x00000111
11-23 18:32:33.831  2283  2283 I ViewInteraction: Performing 'scroll RecyclerView to position: 6' action on view with id: 273 (resource name not found)
11-23 18:32:34.052  1239  1327 E TaskPersister: File error accessing recents directory (directory doesn't exist?).
11-23 18:32:34.134  2283  2283 W ResourceType: No package identifier when getting name for resource number 0x00000111
11-23 18:32:34.176  2283  2283 W ResourceType: No package identifier when getting name for resource number 0x00000118
11-23 18:32:34.176  2283  2283 I ViewInteraction: Performing 'scroll RecyclerView to position: 7' action on view with id: 280 (resource name not found)
11-23 18:32:34.490  2283  2283 W ResourceType: No package identifier when getting name for resource number 0x00000118
11-23 18:32:34.561  2283  2283 W ResourceType: No package identifier when getting name for resource number 0x0000011f
11-23 18:32:34.561  2283  2283 I ViewInteraction: Performing 'scroll RecyclerView to position: 8' action on view with id: 287 (resource name not found)
11-23 18:32:34.655  2283  2294 I art     : Background sticky concurrent mark sweep GC freed 21613(2009KB) AllocSpace objects, 16(336KB) LOS objects, 13% free, 13MB/15MB, paused 9.669ms total 145.187ms
11-23 18:32:34.904  2283  2283 W ResourceType: No package identifier when getting name for resource number 0x0000011f
11-23 18:32:34.932  2283  2283 W ResourceType: No package identifier when getting name for resource number 0x00000126
11-23 18:32:34.932  2283  2283 I ViewInteraction: Performing 'scroll RecyclerView to position: 9' action on view with id: 294 (resource name not found)
11-23 18:32:35.262  2283  2283 W ResourceType: No package identifier when getting name for resource number 0x00000126
11-23 18:32:35.395  2283  2283 D LifecycleMonitor: Lifecycle status change: br.com.catbag.gifreduxsample.ui.GifListActivity@2d3dd3f in: PAUSED
11-23 18:32:35.440  2283  2299 I TestRunner: finished: whenLoadMultipleGifsOnAppStateTest(br.com.catbag.gifreduxsample.ui.giflist.GifListActivityTest)
11-23 18:32:35.514   978   978 D gralloc : Registering a buffer in the process that created it. This may cause memory ordering problems.
11-23 18:32:35.514   978   978 E libEGL  : called unimplemented OpenGL ES API
11-23 18:32:35.514   978   978 E SurfaceFlinger: glCheckFramebufferStatusOES error 2095471427
11-23 18:32:35.515   978   978 E SurfaceFlinger: got GL_FRAMEBUFFER_COMPLETE_OES error while taking screenshot
11-23 18:32:35.529  1239  1326 W WindowManager: Screenshot failure taking screenshot for (480x800) to layer 21005
11-23 18:32:35.576  1239  1253 W art     : Long monitor contention with owner Binder:1239_3 (1326) at void com.android.server.am.ActivityManagerService.activityPaused(android.os.IBinder)(ActivityManagerService.java:6849) waiters=0 in void com.android.server.am.ActivityStackSupervisor$ActivityStackSupervisorHandler.activityIdleInternal(com.android.server.am.ActivityRecord) for 157ms
11-23 18:32:35.587  2283  2283 I MonitoringInstrumentation: Activities that are still in CREATED to STOPPED: 1
11-23 18:32:35.591  2283  2299 I TestRunner: run finished: 15 tests, 0 failed, 0 ignored
11-23 18:32:35.704  1239  1437 W art     : Long monitor contention with owner Binder:1239_3 (1326) at void com.android.server.am.ActivityManagerService.activityPaused(android.os.IBinder)(ActivityManagerService.java:6849) waiters=2 in android.app.ActivityOptions com.android.server.am.ActivityManagerService.getActivityOptions(android.os.IBinder) for 147ms
11-23 18:32:35.715  1716  1716 I Choreographer: Skipped 43 frames!  The application may be doing too much work on its main thread.
11-23 18:32:35.824  2283  2283 I Choreographer: Skipped 52 frames!  The application may be doing too much work on its main thread.
11-23 18:32:35.841  1716  1716 I Choreographer: Skipped 30 frames!  The application may be doing too much work on its main thread.
11-23 18:32:36.292  2283  2283 I Choreographer: Skipped 36 frames!  The application may be doing too much work on its main thread.
11-23 18:32:36.372  1239  1260 I Choreographer: Skipped 46 frames!  The application may be doing too much work on its main thread.
11-23 18:32:36.401  2283  2299 I MonitoringInstrumentation: Unstopped activity count: 1
11-23 18:32:36.402  2283  2283 I MonitoringInstrumentation: Activities that are still in CREATED to STOPPED: 1
11-23 18:32:36.459  2283  2299 I MonitoringInstrumentation: Unstopped activity count: 1
11-23 18:32:36.519  2283  2299 I MonitoringInstrumentation: Unstopped activity count: 1
11-23 18:32:36.579  2283  2299 I MonitoringInstrumentation: Unstopped activity count: 1
11-23 18:32:36.649  2283  2299 I MonitoringInstrumentation: Unstopped activity count: 1
11-23 18:32:36.709  2283  2299 I MonitoringInstrumentation: Unstopped activity count: 1
11-23 18:32:36.769  2283  2299 I MonitoringInstrumentation: Unstopped activity count: 1
11-23 18:32:36.776  2283  2283 D LifecycleMonitor: Lifecycle status change: br.com.catbag.gifreduxsample.ui.GifListActivity@2d3dd3f in: STOPPED
11-23 18:32:36.777  2283  2283 D LifecycleMonitor: Lifecycle status change: br.com.catbag.gifreduxsample.ui.GifListActivity@2d3dd3f in: DESTROYED
11-23 18:32:36.831  2283  2299 I MonitoringInstrumentation: waitForActivitiesToComplete() took: 429ms
11-23 18:32:36.894  2273  2273 D AndroidRuntime: Shutting down VM
11-23 18:32:36.922  1239  1326 I ActivityManager: Force stopping br.com.catbag.gifreduxsample appid=10060 user=0: finished inst
11-23 18:32:36.924  1239  1326 I ActivityManager: Killing 2283:br.com.catbag.gifreduxsample/u0a60 (adj 0): stop br.com.catbag.gifreduxsample
11-23 18:32:36.952  1239  1260 I Choreographer: Skipped 36 frames!  The application may be doing too much work on its main thread.
11-23 18:32:36.955  1239  1260 I WindowManager: Destroying surface Surface(name=br.com.catbag.gifreduxsample/br.com.catbag.gifreduxsample.ui.GifListActivity) called by com.android.server.wm.WindowStateAnimator.destroySurface:2014 com.android.server.wm.WindowStateAnimator.destroySurfaceLocked:881 com.android.server.wm.WindowState.removeLocked:1449 com.android.server.wm.WindowManagerService.removeWindowInnerLocked:2478 com.android.server.wm.AppWindowToken.destroySurfaces:365 com.android.server.wm.WindowStateAnimator.finishExit:565 com.android.server.wm.AppWindowAnimator.stepAnimationLocked:427 com.android.server.wm.WindowAnimator.updateAppWindowsLocked:196 
11-23 18:32:39.379  2351  2351 D AndroidRuntime: >>>>>> START com.android.internal.os.RuntimeInit uid 2000 <<<<<<
11-23 18:32:39.384  2351  2351 D AndroidRuntime: CheckJNI is ON
11-23 18:32:39.497  2351  2351 W art     : Unexpected CPU variant for X86 using defaults: x86
11-23 18:32:39.537  2351  2351 D ICU     : No timezone override file found: /data/misc/zoneinfo/current/icu/icu_tzdata.dat
11-23 18:32:39.615  2351  2351 E memtrack: Couldn't load memtrack module (No such file or directory)
11-23 18:32:39.615  2351  2351 E android.os.Debug: failed to load memtrack module: -2
11-23 18:32:39.641  2351  2351 I Radio-JNI: register_android_hardware_Radio DONE
11-23 18:32:39.711  2351  2351 D AndroidRuntime: Calling main entry com.android.commands.pm.Pm
11-23 18:32:39.791  1239  1253 I ActivityManager: Force stopping br.com.catbag.gifreduxsample.test appid=10061 user=-1: deletePackageX
11-23 18:32:40.102  1239  1327 E TaskPersister: File error accessing recents directory (directory doesn't exist?).
11-23 18:32:40.246  1239  1265 I art     : Starting a blocking GC Explicit
11-23 18:32:40.380  1239  1265 I art     : Explicit concurrent mark sweep GC freed 28159(1916KB) AllocSpace objects, 11(220KB) LOS objects, 33% free, 7MB/10MB, paused 9.272ms total 129.799ms
11-23 18:32:40.461  2351  2351 I art     : System.exit called, status: 0
11-23 18:32:40.461  2351  2351 I AndroidRuntime: VM exiting with result code 0.
11-23 18:32:40.581  1239  1265 I ActivityManager: Force stopping br.com.catbag.gifreduxsample.test appid=10061 user=0: pkg removed
11-23 18:32:40.817  1239  1279 I InputReader: Reconfiguring input devices.  changes=0x00000010
11-23 18:32:40.984  1239  1906 W art     : Long monitor contention with owner ActivityManager (1253) at void com.android.server.am.BroadcastQueue.processNextBroadcast(boolean)(BroadcastQueue.java:754) waiters=0 in void com.android.server.am.ActivityManagerService.serviceDoneExecuting(android.os.IBinder, int, int, int) for 190ms
11-23 18:32:41.014  1239  1265 E KernelUidCpuTimeReader: failed to remove uid from uid_cputime module
11-23 18:32:41.014  1239  1265 E KernelUidCpuTimeReader: java.io.FileNotFoundException: /proc/uid_cputime/remove_uid_range (No such file or directory)
11-23 18:32:41.014  1239  1265 E KernelUidCpuTimeReader: 	at java.io.FileOutputStream.open(Native Method)
11-23 18:32:41.014  1239  1265 E KernelUidCpuTimeReader: 	at java.io.FileOutputStream.<init>(FileOutputStream.java:221)
11-23 18:32:41.014  1239  1265 E KernelUidCpuTimeReader: 	at java.io.FileOutputStream.<init>(FileOutputStream.java:108)
11-23 18:32:41.014  1239  1265 E KernelUidCpuTimeReader: 	at java.io.FileWriter.<init>(FileWriter.java:63)
11-23 18:32:41.014  1239  1265 E KernelUidCpuTimeReader: 	at com.android.internal.os.KernelUidCpuTimeReader.removeUid(KernelUidCpuTimeReader.java:158)
11-23 18:32:41.014  1239  1265 E KernelUidCpuTimeReader: 	at com.android.internal.os.BatteryStatsImpl.removeUidStatsLocked(BatteryStatsImpl.java:9805)
11-23 18:32:41.014  1239  1265 E KernelUidCpuTimeReader: 	at com.android.server.am.BatteryStatsService.removeUid(BatteryStatsService.java:291)
11-23 18:32:41.014  1239  1265 E KernelUidCpuTimeReader: 	at com.android.server.am.ActivityManagerService.broadcastIntentLocked(ActivityManagerService.java:17767)
11-23 18:32:41.014  1239  1265 E KernelUidCpuTimeReader: 	at com.android.server.am.ActivityManagerService.broadcastIntent(ActivityManagerService.java:18256)
11-23 18:32:41.014  1239  1265 E KernelUidCpuTimeReader: 	at com.android.server.pm.PackageManagerService$8.run(PackageManagerService.java:11407)
11-23 18:32:41.014  1239  1265 E KernelUidCpuTimeReader: 	at android.os.Handler.handleCallback(Handler.java:751)
11-23 18:32:41.014  1239  1265 E KernelUidCpuTimeReader: 	at android.os.Handler.dispatchMessage(Handler.java:95)
11-23 18:32:41.014  1239  1265 E KernelUidCpuTimeReader: 	at android.os.Looper.loop(Looper.java:154)
11-23 18:32:41.014  1239  1265 E KernelUidCpuTimeReader: 	at android.os.HandlerThread.run(HandlerThread.java:61)
11-23 18:32:41.014  1239  1265 E KernelUidCpuTimeReader: 	at com.android.server.ServiceThread.run(ServiceThread.java:46)
11-23 18:32:41.297  1450  1450 D CarrierSvcBindHelper: No carrier app for: 0
11-23 18:32:42.124  1660  1671 W art     : Suspending all threads took: 15.705ms
11-23 18:32:42.185  1660  1671 I art     : Background sticky concurrent mark sweep GC freed 2812(279KB) AllocSpace objects, 0(0B) LOS objects, 22% free, 2016KB/2MB, paused 34.811ms total 220.341ms
11-23 18:32:42.604  2363  2363 D AndroidRuntime: >>>>>> START com.android.internal.os.RuntimeInit uid 2000 <<<<<<
11-23 18:32:42.607  2363  2363 D AndroidRuntime: CheckJNI is ON
11-23 18:32:42.689  2363  2363 W art     : Unexpected CPU variant for X86 using defaults: x86
11-23 18:32:42.690  2363  2363 D ICU     : No timezone override file found: /data/misc/zoneinfo/current/icu/icu_tzdata.dat
11-23 18:32:42.742  2363  2363 E memtrack: Couldn't load memtrack module (No such file or directory)
11-23 18:32:42.743  2363  2363 E android.os.Debug: failed to load memtrack module: -2
11-23 18:32:42.746  2363  2363 I Radio-JNI: register_android_hardware_Radio DONE
11-23 18:32:42.840  2363  2363 D AndroidRuntime: Calling main entry com.android.commands.pm.Pm
11-23 18:32:42.865  1239  1252 W LocationProviderProxy-network: Odd, no component found for service com.android.location.service.v3.NetworkLocationProvider
11-23 18:32:42.866  1239  1252 W GeocoderProxy: Odd, no component found for service com.android.location.service.GeocodeProvider
11-23 18:32:42.866  1239  1252 W GeofenceProxy: Odd, no component found for service com.android.location.service.GeofenceProvider
11-23 18:32:42.867  1239  1252 W ActivityRecognitionProxy: Odd, no component found for service com.android.location.service.ActivityRecognitionProvider
11-23 18:32:42.880  1239  1253 I ActivityManager: Force stopping br.com.catbag.gifreduxsample appid=10060 user=-1: deletePackageX
11-23 18:32:43.529  1239  1265 I art     : Starting a blocking GC Explicit
11-23 18:32:43.672  1239  1265 I art     : Explicit concurrent mark sweep GC freed 30152(1574KB) AllocSpace objects, 7(140KB) LOS objects, 33% free, 6MB/10MB, paused 5.389ms total 131.850ms
11-23 18:32:43.696  2363  2363 I art     : System.exit called, status: 0
11-23 18:32:43.696  2363  2363 I AndroidRuntime: VM exiting with result code 0.
11-23 18:32:46.371  1688  1688 W ContextImpl: Calling a method in the system process without a qualified user: android.app.ContextImpl.startService:1385 android.content.ContextWrapper.startService:613 android.content.ContextWrapper.startService:613 com.android.keychain.KeyChainBroadcastReceiver.onReceive:12 android.app.ActivityThread.handleReceiver:3011 
11-23 18:32:47.254  1660  1671 I art     : WaitForGcToComplete blocked for 49.795ms for cause HeapTrim
11-23 18:32:47.325  1239  1905 W art     : Long monitor contention with owner Binder:1239_1 (1250) at void com.android.server.am.BatteryStatsService.notePhoneSignalStrength(android.telephony.SignalStrength)(BatteryStatsService.java:594) waiters=1 in void com.android.server.am.BatteryStatsService.noteUidProcessState(int, int) for 152ms
11-23 18:32:47.345  1239  1254 W art     : Long monitor contention with owner Binder:1239_8 (1905) at void com.android.server.am.BroadcastQueue.processNextBroadcast(boolean)(BroadcastQueue.java:754) waiters=0 in void com.android.server.am.ActivityManagerService.dispatchUidsChanged() for 231ms
11-23 18:32:48.862  1239  1906 W ActivityManager: Slow operation: 259ms so far, now at startProcess: returned from zygote!
11-23 18:32:48.864  1239  1906 W ActivityManager: Slow operation: 261ms so far, now at startProcess: done updating battery stats
11-23 18:32:48.894  1239  1906 W ActivityManager: Slow operation: 291ms so far, now at startProcess: building log message
11-23 18:32:48.928  1239  1906 I ActivityManager: Start proc 2381:com.android.documentsui/u0a7 for broadcast com.android.documentsui/.PackageReceiver
11-23 18:32:48.929  1239  1906 W ActivityManager: Slow operation: 326ms so far, now at startProcess: starting to update pids map
11-23 18:32:48.929  1239  1906 W ActivityManager: Slow operation: 326ms so far, now at startProcess: done updating pids map
11-23 18:32:48.930  1239  1906 W ActivityManager: Slow operation: 339ms so far, now at startProcess: done starting proc!
11-23 18:32:48.976  1239  1254 W art     : Long monitor contention with owner Binder:1239_9 (1906) at void com.android.server.am.BroadcastQueue.processNextBroadcast(boolean)(BroadcastQueue.java:754) waiters=0 in void com.android.server.am.ActivityManagerService.dispatchUidsChanged() for 330ms
11-23 18:32:49.070  2381  2381 W art     : Unexpected CPU variant for X86 using defaults: x86
11-23 18:32:52.194  1813  2396 D VoicemailCleanupService: Cleaning up data for package: br.com.catbag.gifreduxsample.test
11-23 18:32:53.169  1328  1478 I LatinIME:LogUtils: Dictionary info: dictionary = main:en ; version = 54 ; date = 1414726273
11-23 18:32:53.203  1660  1671 W art     : Suspending all threads took: 35.065ms
11-23 18:32:54.263  1239  1265 I ActivityManager: Force stopping br.com.catbag.gifreduxsample appid=10060 user=0: pkg removed
11-23 18:32:54.617  1239  1327 E TaskPersister: File error accessing recents directory (directory doesn't exist?).
11-23 18:32:54.637  1239  1253 W art     : Long monitor contention with owner PackageManager (1265) at int com.android.server.am.ActivityManagerService.broadcastIntent(android.app.IApplicationThread, android.content.Intent, java.lang.String, android.content.IIntentReceiver, int, java.lang.String, android.os.Bundle, java.lang.String[], int, android.os.Bundle, boolean, boolean, int)(ActivityManagerService.java:18249) waiters=0 in void com.android.server.am.ActivityStackSupervisor$ActivityStackSupervisorHandler.activityIdleInternal(com.android.server.am.ActivityRecord) for 319ms
11-23 18:32:54.709  1239  1265 E KernelUidCpuTimeReader: failed to remove uid from uid_cputime module
11-23 18:32:54.709  1239  1265 E KernelUidCpuTimeReader: java.io.FileNotFoundException: /proc/uid_cputime/remove_uid_range (No such file or directory)
11-23 18:32:54.709  1239  1265 E KernelUidCpuTimeReader: 	at java.io.FileOutputStream.open(Native Method)
11-23 18:32:54.709  1239  1265 E KernelUidCpuTimeReader: 	at java.io.FileOutputStream.<init>(FileOutputStream.java:221)
11-23 18:32:54.709  1239  1265 E KernelUidCpuTimeReader: 	at java.io.FileOutputStream.<init>(FileOutputStream.java:108)
11-23 18:32:54.709  1239  1265 E KernelUidCpuTimeReader: 	at java.io.FileWriter.<init>(FileWriter.java:63)
11-23 18:32:54.709  1239  1265 E KernelUidCpuTimeReader: 	at com.android.internal.os.KernelUidCpuTimeReader.removeUid(KernelUidCpuTimeReader.java:158)
11-23 18:32:54.709  1239  1265 E KernelUidCpuTimeReader: 	at com.android.internal.os.BatteryStatsImpl.removeUidStatsLocked(BatteryStatsImpl.java:9805)
11-23 18:32:54.709  1239  1265 E KernelUidCpuTimeReader: 	at com.android.server.am.BatteryStatsService.removeUid(BatteryStatsService.java:291)
11-23 18:32:54.709  1239  1265 E KernelUidCpuTimeReader: 	at com.android.server.am.ActivityManagerService.broadcastIntentLocked(ActivityManagerService.java:17767)
11-23 18:32:54.709  1239  1265 E KernelUidCpuTimeReader: 	at com.android.server.am.ActivityManagerService.broadcastIntent(ActivityManagerService.java:18256)
11-23 18:32:54.709  1239  1265 E KernelUidCpuTimeReader: 	at com.android.server.pm.PackageManagerService$8.run(PackageManagerService.java:11407)
11-23 18:32:54.709  1239  1265 E KernelUidCpuTimeReader: 	at android.os.Handler.handleCallback(Handler.java:751)
11-23 18:32:54.709  1239  1265 E KernelUidCpuTimeReader: 	at android.os.Handler.dispatchMessage(Handler.java:95)
11-23 18:32:54.709  1239  1265 E KernelUidCpuTimeReader: 	at android.os.Looper.loop(Looper.java:154)
11-23 18:32:54.709  1239  1265 E KernelUidCpuTimeReader: 	at android.os.HandlerThread.run(HandlerThread.java:61)
11-23 18:32:54.709  1239  1265 E KernelUidCpuTimeReader: 	at com.android.server.ServiceThread.run(ServiceThread.java:46)
11-23 18:32:55.551  1239  1437 W art     : Long monitor contention with owner PackageManager (1265) at void com.android.server.pm.PackageManagerService$PackageHandler.doHandleMessage(android.os.Message)(PackageManagerService.java:1666) waiters=0 in int com.android.server.pm.PackageManagerService.checkUidPermission(java.lang.String, int) for 713ms
11-23 18:32:55.598  1239  1260 W art     : Long monitor contention with owner PackageManager (1265) at void com.android.server.pm.PackageManagerService$PackageHandler.doHandleMessage(android.os.Message)(PackageManagerService.java:1666) waiters=1 in java.util.List com.android.server.pm.PackageManagerService.queryIntentReceiversInternal(android.content.Intent, java.lang.String, int, int) for 706ms
11-23 18:32:55.605  1239  1252 W art     : Long monitor contention with owner PackageManager (1265) at void com.android.server.pm.PackageManagerService$PackageHandler.doHandleMessage(android.os.Message)(PackageManagerService.java:1666) waiters=2 in java.util.List com.android.server.pm.PackageManagerService.queryIntentServicesInternal(android.content.Intent, java.lang.String, int, int) for 713ms
11-23 18:32:55.621  1239  1299 W art     : Long monitor contention with owner PackageManager (1265) at void com.android.server.pm.PackageManagerService$PackageHandler.doHandleMessage(android.os.Message)(PackageManagerService.java:1666) waiters=4 in boolean com.android.server.pm.PackageManagerService.isProtectedBroadcast(java.lang.String) for 204ms
11-23 18:32:55.628  1239  1300 W art     : Long monitor contention with owner PackageManager (1265) at void com.android.server.pm.PackageManagerService$PackageHandler.doHandleMessage(android.os.Message)(PackageManagerService.java:1666) waiters=5 in int com.android.server.pm.PackageManagerService.checkUidPermission(java.lang.String, int) for 132ms
11-23 18:32:55.681  1239  1279 I InputReader: Reconfiguring input devices.  changes=0x00000010
11-23 18:32:56.036  1450  1450 D CarrierSvcBindHelper: No carrier app for: 0
11-23 18:32:56.068  1716  1727 I art     : Background partial concurrent mark sweep GC freed 2351(146KB) AllocSpace objects, 7(124KB) LOS objects, 40% free, 3MB/6MB, paused 290.537ms total 1.497s
11-23 18:32:56.920  1660  1671 I art     : HomogeneousSpaceCompact marksweep + semispace GC freed 204(45KB) AllocSpace objects, 0(0B) LOS objects, 39% free, 2018KB/3MB, paused 3.681s total 3.681s
11-23 18:32:57.285  1239  1252 W LocationProviderProxy-network: Odd, no component found for service com.android.location.service.v3.NetworkLocationProvider
11-23 18:32:57.287  1239  1252 W GeocoderProxy: Odd, no component found for service com.android.location.service.GeocodeProvider
11-23 18:32:57.287  1239  1252 W GeofenceProxy: Odd, no component found for service com.android.location.service.GeofenceProvider
11-23 18:32:57.288  1239  1252 W ActivityRecognitionProxy: Odd, no component found for service com.android.location.service.ActivityRecognitionProvider
11-23 18:32:57.939  1716  1716 I Choreographer: Skipped 62 frames!  The application may be doing too much work on its main thread.
11-23 18:32:58.253  1716  1716 I Choreographer: Skipped 41 frames!  The application may be doing too much work on its main thread.
11-23 18:32:58.655  1688  1699 W art     : Suspending all threads took: 208.658ms
11-23 18:33:01.902  1239  1253 I ActivityManager: Waited long enough for: ServiceRecord{cb5dd45 u0 com.android.keychain/.KeyChainService}
11-23 18:33:03.101  2381  2381 W System  : ClassLoader referenced unknown path: /system/priv-app/DocumentsUI/lib/x86
11-23 18:33:03.532  1239  1253 I ActivityManager: Waited long enough for: ServiceRecord{b386c9a u0 com.android.providers.contacts/.VoicemailCleanupService}
11-23 18:33:03.747  1660  1660 W art     : Long monitor contention with owner AsyncTask #7 (2400) at boolean android.os.MessageQueue.enqueueMessage(android.os.Message, long)(MessageQueue.java:541) waiters=0 in android.os.Message android.os.MessageQueue.next() for 942ms
11-23 18:33:06.343  1328  1478 I LatinIME:LogUtils: Dictionary info: dictionary = main:en ; version = 54 ; date = 1414726273
11-23 18:33:07.442  1357  1373 I art     : Background partial concurrent mark sweep GC freed 51112(1916KB) AllocSpace objects, 12(5MB) LOS objects, 39% free, 4MB/7MB, paused 26.271ms total 4.133s
11-23 18:33:08.054  1660  1660 W art     : Long monitor contention with owner AsyncTask #7 (2400) at boolean android.os.MessageQueue.enqueueMessage(android.os.Message, long)(MessageQueue.java:541) waiters=0 in android.os.Message android.os.MessageQueue.next() for 1.568s
11-23 18:33:11.880  1239  1905 W ActivityManager: Slow operation: 68ms so far, now at getContentProviderImpl: after checkContentProviderPermission
11-23 18:33:11.908  1239  1905 W ActivityManager: Slow operation: 96ms so far, now at getContentProviderImpl: before getProviderByClass
11-23 18:33:11.909  1239  1905 W ActivityManager: Slow operation: 96ms so far, now at getContentProviderImpl: after getProviderByClass
11-23 18:33:11.910  1239  1905 W ActivityManager: Slow operation: 97ms so far, now at getContentProviderImpl: before getApplicationInfo
11-23 18:33:11.913  1239  1905 W ActivityManager: Slow operation: 98ms so far, now at getContentProviderImpl: after getApplicationInfo
11-23 18:33:11.914  1239  1905 W ActivityManager: Slow operation: 102ms so far, now at getContentProviderImpl: now have ContentProviderRecord
11-23 18:33:11.914  1239  1905 W ActivityManager: Slow operation: 102ms so far, now at getContentProviderImpl: before set stopped state
11-23 18:33:11.915  1239  1905 W ActivityManager: Slow operation: 103ms so far, now at getContentProviderImpl: after set stopped state
11-23 18:33:11.915  1239  1905 W ActivityManager: Slow operation: 103ms so far, now at getContentProviderImpl: looking for process record
11-23 18:33:11.916  1239  1905 W ActivityManager: Slow operation: 104ms so far, now at getContentProviderImpl: before start process
11-23 18:33:12.620  1239  1905 W ActivityManager: Slow operation: 674ms so far, now at startProcess: returned from zygote!
11-23 18:33:12.622  1239  1905 W ActivityManager: Slow operation: 676ms so far, now at startProcess: done updating battery stats
11-23 18:33:12.623  1239  1905 W ActivityManager: Slow operation: 677ms so far, now at startProcess: building log message
11-23 18:33:12.658  1239  1905 I ActivityManager: Start proc 2404:com.android.externalstorage/u0a11 for content provider com.android.externalstorage/.ExternalStorageProvider
11-23 18:33:12.658  1239  1905 W ActivityManager: Slow operation: 712ms so far, now at startProcess: starting to update pids map
11-23 18:33:12.660  1239  1905 W ActivityManager: Slow operation: 714ms so far, now at startProcess: done updating pids map
11-23 18:33:12.661  1239  1905 W ActivityManager: Slow operation: 744ms so far, now at startProcess: done starting proc!
11-23 18:33:12.665  1239  1905 W ActivityManager: Slow operation: 853ms so far, now at getContentProviderImpl: after start process
11-23 18:33:12.666  1239  1905 W ActivityManager: Slow operation: 854ms so far, now at getContentProviderImpl: updating data structures
11-23 18:33:12.683  1239  1905 W ActivityManager: Slow operation: 871ms so far, now at getContentProviderImpl: done!
11-23 18:33:12.711  1239  1254 W art     : Long monitor contention with owner Binder:1239_8 (1905) at android.app.IActivityManager$ContentProviderHolder com.android.server.am.ActivityManagerService.getContentProviderImpl(android.app.IApplicationThread, java.lang.String, android.os.IBinder, boolean, int)(ActivityManagerService.java:10555) waiters=0 in void com.android.server.am.ActivityManagerService.dispatchUidsChanged() for 740ms
11-23 18:33:12.766  2404  2404 W art     : Unexpected CPU variant for X86 using defaults: x86
11-23 18:33:13.973  2404  2404 W System  : ClassLoader referenced unknown path: /system/priv-app/ExternalStorageProvider/lib/x86
11-23 18:33:15.222  1239  1326 I ActivityManager: Killing 1954:com.android.quicksearchbox/u0a50 (adj 906): empty #17
11-23 18:33:15.923  2404  2404 D ExternalStorage: After updating volumes, found 2 active roots
11-23 18:33:16.919  2381  2392 W art     : Suspending all threads took: 13.106ms
11-23 18:33:17.596  1919  1930 W art     : Suspending all threads took: 31.778ms
11-23 18:33:18.026  2422  2422 W art     : Unexpected CPU variant for X86 using defaults: x86
11-23 18:33:18.062  1239  1251 W ActivityManager: Slow operation: 428ms so far, now at startProcess: returned from zygote!
11-23 18:33:18.066  1239  1251 W ActivityManager: Slow operation: 432ms so far, now at startProcess: done updating battery stats
11-23 18:33:18.067  1239  1251 W ActivityManager: Slow operation: 433ms so far, now at startProcess: building log message
11-23 18:33:18.067  1239  1251 I ActivityManager: Start proc 2422:com.android.mtp/u0a8 for content provider com.android.mtp/.MtpDocumentsProvider
11-23 18:33:18.067  1239  1251 W ActivityManager: Slow operation: 433ms so far, now at startProcess: starting to update pids map
11-23 18:33:18.068  1239  1251 W ActivityManager: Slow operation: 434ms so far, now at startProcess: done updating pids map
11-23 18:33:18.089  1239  1251 W ActivityManager: Slow operation: 446ms so far, now at startProcess: done starting proc!
11-23 18:33:18.090  1239  1251 W ActivityManager: Slow operation: 512ms so far, now at getContentProviderImpl: after start process
11-23 18:33:18.090  1239  1251 W ActivityManager: Slow operation: 512ms so far, now at getContentProviderImpl: updating data structures
11-23 18:33:18.091  1239  1251 W ActivityManager: Slow operation: 513ms so far, now at getContentProviderImpl: done!
11-23 18:33:20.102  1688  1688 W ContextImpl: Calling a method in the system process without a qualified user: android.app.ContextImpl.startService:1385 android.content.ContextWrapper.startService:613 android.content.ContextWrapper.startService:613 com.android.keychain.KeyChainBroadcastReceiver.onReceive:12 android.app.ActivityThread.handleReceiver:3011 
11-23 18:33:20.995  2092  2437 W art     : Long monitor contention with owner main (2092) at void android.os.MessageQueue.nativeWake(long)(MessageQueue.java:-2) waiters=0 in android.os.Message android.os.MessageQueue.next() for 525ms
11-23 18:33:21.365  1813  2438 D VoicemailCleanupService: Cleaning up data for package: br.com.catbag.gifreduxsample
11-23 18:33:21.944  1239  1907 I ActivityManager: Killing 1502:com.android.settings/1000 (adj 906): empty #17
11-23 18:33:22.262  1239  1323 D LightsService: Excessive delay setting light: 159ms
11-23 18:33:22.874  1239  1250 D VoldConnector: SND -> {30 appfuse mount 10008 2422 MtpDocumentsProvider}
11-23 18:33:23.366  1239  1281 D VoldConnector: RCV <- {200 30 AppFuse command succeeded}
11-23 18:33:23.376  1239  1250 E VoldConnector: NDC Command {30 appfuse mount 10008 2422 MtpDocumentsProvider} took too long (504ms)
11-23 18:33:24.968  1239  1476 I ActivityManager: Killing 2040:com.android.dialer/u0a6 (adj 906): empty #17
11-23 18:33:25.697  2404  2415 W art     : Suspending all threads took: 5.839ms
11-23 18:33:26.566  1919  2056 W art     : Long monitor contention with owner Binder:1919_4 (2123) at int android.content.res.AssetManager.loadResourceValue!(int, short, android.util.TypedValue, boolean)(AssetManager.java:-2) waiters=0 in java.lang.CharSequence android.content.res.AssetManager.getResourceText(int) for 224ms
