--------- beginning of main
11-22 16:41:01.734  1368  1368 W art     : Long monitor contention with owner Binder:1368_4 (1677) at boolean android.os.MessageQueue.enqueueMessage(android.os.Message, long)(MessageQueue.java:541) waiters=0 in android.os.Message android.os.MessageQueue.next() for 337ms
11-22 16:41:07.628  1239  1262 W art     : Long monitor contention with owner Binder:1239_3 (1354) at void com.android.server.power.PowerManagerService.acquireWakeLockInternal(android.os.IBinder, int, java.lang.String, java.lang.String, android.os.WorkSource, java.lang.String, int, int)(PowerManagerService.java:848) waiters=0 in void com.android.server.power.PowerManagerService.handleSandman() for 151ms
11-22 16:41:07.963  1368  1368 I Choreographer: Skipped 160 frames!  The application may be doing too much work on its main thread.
11-22 16:41:28.501  1239  1262 W art     : Long monitor contention with owner AlarmManager (1273) at void com.android.server.power.PowerManagerService.acquireWakeLockInternal(android.os.IBinder, int, java.lang.String, java.lang.String, android.os.WorkSource, java.lang.String, int, int)(PowerManagerService.java:848) waiters=0 in void com.android.server.power.PowerManagerService.handleSandman() for 363ms
--------- beginning of system
11-22 16:41:43.212  1239  1258 E NetdConnector: NDC event {613 IfaceClass idle 0 430248840925} took too long: 506ms
11-22 16:41:44.452  1239  1239 W art     : Long monitor contention with owner Binder:1239_4 (1446) at boolean android.os.MessageQueue.enqueueMessage(android.os.Message, long)(MessageQueue.java:541) waiters=0 in android.os.Message android.os.MessageQueue.next() for 281ms
11-22 16:41:56.497  1239  1258 E NetdConnector: NDC event {613 IfaceClass idle 0 442643318057} took too long: 593ms
11-22 16:42:14.580  1368  1368 I Choreographer: Skipped 63 frames!  The application may be doing too much work on its main thread.
11-22 16:42:15.832  1239  1258 E NetdConnector: NDC event {613 IfaceClass idle 0 454512527459} took too long: 2759ms
11-22 16:42:17.233  1239  1262 W art     : Long monitor contention with owner Binder:1239_4 (1446) at void com.android.server.power.PowerManagerService.acquireWakeLockInternal(android.os.IBinder, int, java.lang.String, java.lang.String, android.os.WorkSource, java.lang.String, int, int)(PowerManagerService.java:848) waiters=0 in void com.android.server.power.PowerManagerService.handleSandman() for 781ms
11-22 16:42:24.924  1239  1253 W BroadcastQueue: Timeout of broadcast BroadcastRecord{204af60 u-1 android.intent.action.TIME_TICK} - receiver=android.os.BinderProxy@37f79bb, started 10154ms ago
11-22 16:42:25.670  1239  1253 W BroadcastQueue: Receiver during timeout: BroadcastFilter{b58231 u0 ReceiverList{5fffed8 1368 com.android.systemui/10019/u0 remote:37f79bb}}
11-22 16:42:26.662  1239  1657 W art     : Long monitor contention with owner ActivityManager (1253) at void com.android.server.am.BroadcastQueue$BroadcastHandler.handleMessage(android.os.Message)(BroadcastQueue.java:175) waiters=0 in void com.android.server.am.ActivityManagerService.finishReceiver(android.os.IBinder, int, java.lang.String, android.os.Bundle, boolean, int) for 627ms
11-22 16:42:27.324  1368  1368 I Choreographer: Skipped 620 frames!  The application may be doing too much work on its main thread.
11-22 16:42:36.194  1368  1368 I Choreographer: Skipped 155 frames!  The application may be doing too much work on its main thread.
11-22 16:42:38.123  1239  1253 I Process : Sending signal. PID: 1368 SIG: 3
11-22 16:42:38.226  1368  1372 I art     : Thread[3,tid=1372,WaitingInMainSignalCatcherLoop,Thread*=0x9a7a5600,peer=0x12c008b0,"Signal Catcher"]: reacting to signal 3
11-22 16:42:38.255  1368  1372 I art     : 
11-22 16:42:38.282  1368  1372 W art     : Suspending all threads took: 9.383ms
11-22 16:42:41.403  1239  1253 E ActivityManager: ANR in com.android.systemui
11-22 16:42:41.403  1239  1253 E ActivityManager: PID: 1368
11-22 16:42:41.403  1239  1253 E ActivityManager: Reason: Broadcast of Intent { act=android.intent.action.TIME_TICK flg=0x50000014 (has extras) }
11-22 16:42:41.403  1239  1253 E ActivityManager: Load: 0.0 / 0.0 / 0.0
11-22 16:42:41.403  1239  1253 E ActivityManager: CPU usage from 193ms to 12117ms later (2016-11-22 16:42:27.292 to 2016-11-22 16:42:39.213):
11-22 16:42:41.403  1239  1253 E ActivityManager:   55% 1239/system_server: 27% user + 28% kernel / faults: 11 minor
11-22 16:42:41.403  1239  1253 E ActivityManager:   20% 1368/com.android.systemui: 14% user + 6.3% kernel / faults: 192 minor 2 major
11-22 16:42:41.403  1239  1253 E ActivityManager:   14% 978/surfaceflinger: 10% user + 4.3% kernel / faults: 84 minor
11-22 16:42:41.403  1239  1253 E ActivityManager:   3.4% 1453/com.android.phone: 0.8% user + 2.5% kernel
11-22 16:42:41.403  1239  1253 E ActivityManager:   1.3% 974/healthd: 0.2% user + 1.1% kernel
11-22 16:42:41.403  1239  1253 E ActivityManager:   0.9% 930/logd: 0.4% user + 0.4% kernel
11-22 16:42:41.403  1239  1253 E ActivityManager:   0.4% 608/mtdblock0: 0% user + 0.4% kernel
11-22 16:42:41.403  1239  1253 E ActivityManager:   0.5% 977/servicemanager: 0.3% user + 0.2% kernel
11-22 16:42:41.403  1239  1253 E ActivityManager:   0.1% 253/sync_supers: 0% user + 0.1% kernel
11-22 16:42:41.403  1239  1253 E ActivityManager: 100% TOTAL: 51% user + 31% kernel + 16% softirq
11-22 16:42:41.403  1239  1253 E ActivityManager: CPU usage from 474951ms to 474951ms ago (1970-01-01 00:00:00.000 to 1970-01-01 00:00:00.000) with 0% awake:
11-22 16:42:41.403  1239  1253 E ActivityManager: 0% TOTAL: 0% user + 0% kernel
11-22 16:42:42.313  1239  1253 I ActivityManager: Killing 1368:com.android.systemui/u0a19 (adj -800): bg anr
11-22 16:42:53.464  1453  1453 W art     : Long monitor contention with owner Binder:1453_5 (1910) at java.lang.Object java.util.HashMap.get(java.lang.Object)(HashMap.java:-1) waiters=0 in java.lang.String android.provider.Settings$NameValueCache.getStringForUser(android.content.ContentResolver, java.lang.String, int) for 178ms
11-22 16:42:55.823  1239  1255 E libprocessgroup: failed to kill 1 processes for processgroup 1368
11-22 16:43:00.946  1239  1354 I WindowManager: WIN DEATH: Window{c4b15c8 u0 DockedStackDivider}
11-22 16:43:01.086  1239  1657 D ConnectivityService: ConnectivityService NetworkRequestInfo binderDied(NetworkRequest [ id=5, legacyType=-1, [] ], android.os.BinderProxy@57b60d5)
11-22 16:43:02.318  1239  1302 W art     : Long monitor contention with owner Binder:1239_5 (1447) at boolean android.os.MessageQueue.enqueueMessage(android.os.Message, long)(MessageQueue.java:541) waiters=0 in android.os.Message android.os.MessageQueue.next() for 216ms
11-22 16:43:02.529  1239  1250 W art     : Long monitor contention with owner Binder:1239_7 (1703) at java.lang.Object java.util.ArrayList.get(int)(ArrayList.java:410) waiters=0 in void com.android.server.content.ContentService$ObserverNode$ObserverEntry.binderDied() for 966ms
11-22 16:43:02.640  1239  1446 W art     : Long monitor contention with owner Binder:1239_7 (1703) at java.lang.Object java.util.ArrayList.get(int)(ArrayList.java:410) waiters=2 in void com.android.server.content.ContentService$ObserverNode$ObserverEntry.binderDied() for 2.324s
11-22 16:43:02.744  1239  1251 W art     : Long monitor contention with owner Binder:1239_7 (1703) at java.lang.Object java.util.ArrayList.get(int)(ArrayList.java:410) waiters=1 in void com.android.server.content.ContentService$ObserverNode$ObserverEntry.binderDied() for 2.284s
11-22 16:43:03.632  1239  2148 W art     : Long monitor contention with owner Binder:1239_7 (1703) at java.lang.Object java.util.ArrayList.get(int)(ArrayList.java:410) waiters=3 in void com.android.server.content.ContentService$ObserverNode$ObserverEntry.binderDied() for 2.291s
11-22 16:43:04.414  1239  1446 W art     : Long monitor contention with owner Binder:1239_1 (1250) at void com.android.server.content.ContentService$ObserverNode$ObserverEntry.binderDied()(ContentService.java:1194) waiters=2 in void com.android.server.content.ContentService$ObserverNode$ObserverEntry.binderDied() for 859ms
11-22 16:43:04.951  1239  1251 W art     : Long monitor contention with owner Binder:1239_8 (2148) at void com.android.server.content.ContentService$ObserverNode$ObserverEntry.binderDied()(ContentService.java:1194) waiters=1 in void com.android.server.content.ContentService$ObserverNode$ObserverEntry.binderDied() for 519ms
11-22 16:43:05.155  1239  1703 I ActivityManager: Process com.android.systemui (pid 1368) has died
11-22 16:43:05.223  1239  1258 W art     : Long monitor contention with owner watchdog (1441) at void com.android.server.Watchdog.run()(Watchdog.java:356) waiters=0 in void com.android.server.Watchdog$HandlerChecker.run() for 1.213s
11-22 16:43:05.267  1239  1302 D WifiService: Client connection lost with reason: 4
11-22 16:43:06.386  1239  1254 W art     : Long monitor contention with owner watchdog (1441) at void com.android.server.Watchdog.run()(Watchdog.java:356) waiters=1 in void com.android.server.Watchdog$HandlerChecker.run() for 866ms
11-22 16:43:06.515  1239  1250 W AudioService: Current remote volume controller died, unregistering
11-22 16:43:07.398  1239  1657 W art     : Long monitor contention with owner Binder:1239_4 (1446) at void com.android.server.content.ContentService$ObserverNode$ObserverEntry.binderDied()(ContentService.java:1194) waiters=1 in void com.android.server.content.ContentService$ObserverNode$ObserverEntry.binderDied() for 502ms
11-22 16:43:07.399  1239  2149 W art     : Long monitor contention with owner Binder:1239_6 (1657) at void com.android.server.content.ContentService$ObserverNode$ObserverEntry.binderDied()(ContentService.java:1194) waiters=1 in void com.android.server.content.ContentService$ObserverNode$ObserverEntry.binderDied() for 492ms
11-22 16:43:07.538  1239  2149 W art     : Long monitor contention with owner Binder:1239_A (2150) at void com.android.server.content.ContentService$ObserverNode$ObserverEntry.binderDied()(ContentService.java:1194) waiters=1 in void com.android.server.content.ContentService$ObserverNode$ObserverEntry.binderDied() for 136ms
11-22 16:43:07.555  1239  1657 W art     : Long monitor contention with owner Binder:1239_A (2150) at void com.android.server.content.ContentService$ObserverNode$ObserverEntry.binderDied()(ContentService.java:1194) waiters=1 in void com.android.server.content.ContentService$ObserverNode$ObserverEntry.binderDied() for 152ms
11-22 16:43:07.676  1239  1254 V KeyguardServiceDelegate: *** Keyguard disconnected (boo!)
11-22 16:43:07.991  1239  1703 W ActivityManager: Scheduling restart of crashed service com.android.systemui/.ImageWallpaper in 0ms
11-22 16:43:08.003  1239  1239 W WallpaperManagerService: Wallpaper service gone: ComponentInfo{com.android.systemui/com.android.systemui.ImageWallpaper}
11-22 16:43:08.048  1239  1703 W ActivityManager: Scheduling restart of crashed service com.android.systemui/.SystemUIService in 0ms
11-22 16:43:08.055  1239  1703 W ActivityManager: Scheduling restart of crashed service com.android.systemui/.keyguard.KeyguardService in 0ms
11-22 16:43:09.443  1239  1307 E ConnectivityService: RemoteException caught trying to send a callback msg for NetworkRequest [ id=5, legacyType=-1, [] ]
11-22 16:43:10.202  1239  1250 W VolumeController: Error calling dismiss
11-22 16:43:10.202  1239  1250 W VolumeController: android.os.DeadObjectException
11-22 16:43:10.202  1239  1250 W VolumeController: 	at android.os.BinderProxy.transactNative(Native Method)
11-22 16:43:10.202  1239  1250 W VolumeController: 	at android.os.BinderProxy.transact(Binder.java:615)
11-22 16:43:10.202  1239  1250 W VolumeController: 	at android.media.IVolumeController$Stub$Proxy.dismiss(IVolumeController.java:162)
11-22 16:43:10.202  1239  1250 W VolumeController: 	at com.android.server.audio.AudioService$VolumeController.postDismiss(AudioService.java:6131)
11-22 16:43:10.202  1239  1250 W VolumeController: 	at com.android.server.audio.AudioService.setVolumeController(AudioService.java:5979)
11-22 16:43:10.202  1239  1250 W VolumeController: 	at com.android.server.audio.AudioService$4.binderDied(AudioService.java:5988)
11-22 16:43:10.202  1239  1250 W VolumeController: 	at android.os.BinderProxy.sendDeathNotice(Binder.java:688)
11-22 16:43:10.250  1239  1703 W ActivityManager: Re-adding persistent process ProcessRecord{a5d0a78 1368:com.android.systemui/u0a19}
11-22 16:43:10.515  1239  1703 W ActivityManager: Slow operation: 209ms so far, now at startProcess: removing from pids map
11-22 16:43:10.582  1239  1703 W ActivityManager: Slow operation: 277ms so far, now at startProcess: done removing from pids map
11-22 16:43:10.582  1239  1703 W ActivityManager: Slow operation: 277ms so far, now at startProcess: starting to update cpu stats
11-22 16:43:10.583  1239  1703 W ActivityManager: Slow operation: 278ms so far, now at startProcess: done updating cpu stats
11-22 16:43:10.606  1239  1703 W ActivityManager: Slow operation: 299ms so far, now at startProcess: getting gids from package manager
11-22 16:43:11.074  1239  1703 W ActivityManager: Slow operation: 751ms so far, now at startProcess: building args
11-22 16:43:11.279  1239  1703 W ActivityManager: Slow operation: 974ms so far, now at startProcess: asking zygote to start proc
11-22 16:43:11.429  1239  1262 W art     : Long monitor contention with owner Binder:1239_4 (1446) at void com.android.server.power.PowerManagerService.acquireWakeLockInternal(android.os.IBinder, int, java.lang.String, java.lang.String, android.os.WorkSource, java.lang.String, int, int)(PowerManagerService.java:848) waiters=0 in void com.android.server.power.PowerManagerService.handleSandman() for 635ms
11-22 16:43:18.165  1239  1447 W art     : Long monitor contention with owner Binder:1239_3 (1354) at void com.android.server.wm.WindowState$DeathRecipient.binderDied()(WindowState.java:1776) waiters=0 in void com.android.server.wm.WindowState$DeathRecipient.binderDied() for 14.958s
11-22 16:43:18.379  1239  1447 I WindowManager: WIN DEATH: Window{b01c665 u0 StatusBar}
11-22 16:43:19.952  1239  1447 W WindowManager: Failed to report 'resized' to the client of Window{3c51aea u0 com.android.systemui.ImageWallpaper}, removing this window.
11-22 16:43:20.815  1239  1447 I WindowManager: Destroying surface Surface(name=com.android.systemui.ImageWallpaper) called by com.android.server.wm.WindowStateAnimator.destroySurface:2014 com.android.server.wm.WindowStateAnimator.destroySurfaceLocked:881 com.android.server.wm.WindowState.removeLocked:1449 com.android.server.wm.WindowManagerService.removeWindowInnerLocked:2478 com.android.server.wm.WindowSurfacePlacer.performSurfacePlacementInner:549 com.android.server.wm.WindowSurfacePlacer.performSurfacePlacementLoop:232 com.android.server.wm.WindowSurfacePlacer.performSurfacePlacement:180 com.android.server.wm.WindowManagerService.setupWindowForRemoveOnExit:2288 
11-22 16:43:21.265  1239  1251 W art     : Long monitor contention with owner Binder:1239_3 (1354) at void com.android.server.wm.WindowState$DeathRecipient.binderDied()(WindowState.java:1776) waiters=1 in void com.android.server.wm.Session.binderDied() for 15.977s
11-22 16:43:21.357  1239  2148 W art     : Long monitor contention with owner Binder:1239_3 (1354) at void com.android.server.wm.WindowState$DeathRecipient.binderDied()(WindowState.java:1776) waiters=2 in void com.android.server.wm.WindowState$DeathRecipient.binderDied() for 14.192s
11-22 16:43:21.476  1239  1703 W ActivityManager: Slow operation: 11170ms so far, now at startProcess: returned from zygote!
11-22 16:43:21.484  1239  1703 W ActivityManager: Slow operation: 11179ms so far, now at startProcess: done updating battery stats
11-22 16:43:21.549  1239  1703 W ActivityManager: Slow operation: 11244ms so far, now at startProcess: building log message
11-22 16:43:21.551  1239  1703 I ActivityManager: Start proc 2153:com.android.systemui/u0a19 for restart com.android.systemui
11-22 16:43:21.552  1239  1703 W ActivityManager: Slow operation: 11246ms so far, now at startProcess: starting to update pids map
11-22 16:43:21.553  1239  1703 W ActivityManager: Slow operation: 11248ms so far, now at startProcess: done updating pids map
11-22 16:43:21.771  1239  2148 W WindowManager: Failed looking up window
11-22 16:43:21.771  1239  2148 W WindowManager: java.lang.IllegalArgumentException: Requested window android.os.BinderProxy@80a12d5 does not exist
11-22 16:43:21.771  1239  2148 W WindowManager: 	at com.android.server.wm.WindowManagerService.windowForClientLocked(WindowManagerService.java:9100)
11-22 16:43:21.771  1239  2148 W WindowManager: 	at com.android.server.wm.WindowManagerService.windowForClientLocked(WindowManagerService.java:9091)
11-22 16:43:21.771  1239  2148 W WindowManager: 	at com.android.server.wm.WindowState$DeathRecipient.binderDied(WindowState.java:1777)
11-22 16:43:21.771  1239  2148 W WindowManager: 	at android.os.BinderProxy.sendDeathNotice(Binder.java:688)
11-22 16:43:21.771  1239  2148 I WindowManager: WIN DEATH: null
11-22 16:43:21.892  1239  1260 W art     : Long monitor contention with owner Binder:1239_3 (1354) at void com.android.server.wm.WindowState$DeathRecipient.binderDied()(WindowState.java:1776) waiters=3 in void com.android.server.wm.WindowManagerService$H.handleMessage(android.os.Message) for 12.807s
11-22 16:43:22.216  1239  1258 W art     : Long monitor contention with owner Binder:1239_7 (1703) at void com.android.server.am.ActivityManagerService$AppDeathRecipient.binderDied()(ActivityManagerService.java:1457) waiters=1 in void com.android.server.am.ActivityManagerService.monitor() for 16.452s
11-22 16:43:22.238  1239  1273 W art     : Long monitor contention with owner Binder:1239_7 (1703) at void com.android.server.am.ActivityManagerService$AppDeathRecipient.binderDied()(ActivityManagerService.java:1457) waiters=0 in int com.android.server.am.PendingIntentRecord.sendInner(int, android.content.Intent, java.lang.String, android.content.IIntentReceiver, java.lang.String, android.os.IBinder, java.lang.String, int, int, int, android.os.Bundle, android.app.IActivityContainer) for 17.990s
11-22 16:43:22.273  1239  1253 W art     : Long monitor contention with owner Binder:1239_7 (1703) at void com.android.server.am.ActivityManagerService$AppDeathRecipient.binderDied()(ActivityManagerService.java:1457) waiters=2 in void com.android.server.am.ActiveServices$ServiceRestarter.run() for 14.363s
11-22 16:43:22.392  1239  1254 W art     : Long monitor contention with owner Binder:1239_7 (1703) at void com.android.server.am.ActivityManagerService$AppDeathRecipient.binderDied()(ActivityManagerService.java:1457) waiters=3 in void com.android.server.am.ActivityManagerService.dispatchUidsChanged() for 12.389s
11-22 16:43:22.680  1239  2149 W art     : Long monitor contention with owner Binder:1239_7 (1703) at void com.android.server.am.ActivityManagerService$AppDeathRecipient.binderDied()(ActivityManagerService.java:1457) waiters=4 in int com.android.server.am.ActivityManagerService.broadcastIntent(android.app.IApplicationThread, android.content.Intent, java.lang.String, android.content.IIntentReceiver, int, java.lang.String, android.os.Bundle, java.lang.String[], int, android.os.Bundle, boolean, boolean, int) for 3.763s
11-22 16:43:23.209  1239  1258 W art     : Long monitor contention with owner AlarmManager (1273) at int com.android.server.am.PendingIntentRecord.sendInner(int, android.content.Intent, java.lang.String, android.content.IIntentReceiver, java.lang.String, android.os.IBinder, java.lang.String, int, int, int, android.os.Bundle, android.app.IActivityContainer)(PendingIntentRecord.java:234) waiters=3 in void com.android.server.am.ActivityManagerService.monitor() for 675ms
11-22 16:43:23.574  2153  2153 W art     : Unexpected CPU variant for X86 using defaults: x86
11-22 16:43:24.186  1239  1253 W art     : Long monitor contention with owner AlarmManager (1273) at int com.android.server.am.PendingIntentRecord.sendInner(int, android.content.Intent, java.lang.String, android.content.IIntentReceiver, java.lang.String, android.os.IBinder, java.lang.String, int, int, int, android.os.Bundle, android.app.IActivityContainer)(PendingIntentRecord.java:234) waiters=3 in void com.android.server.am.ActiveServices$ServiceRestarter.run() for 1.587s
11-22 16:43:24.574  1239  1354 W art     : Long monitor contention with owner android.fg (1258) at void com.android.server.am.ActivityManagerService.monitor()(ActivityManagerService.java:21267) waiters=1 in int com.android.server.am.ActivityManagerService.broadcastIntent(android.app.IApplicationThread, android.content.Intent, java.lang.String, android.content.IIntentReceiver, int, java.lang.String, android.os.Bundle, java.lang.String[], int, android.os.Bundle, boolean, boolean, int) for 881ms
11-22 16:43:24.875  1239  1260 I WindowManager: Destroying surface Surface(name=StatusBar) called by com.android.server.wm.WindowStateAnimator.destroySurface:2014 com.android.server.wm.WindowStateAnimator.destroySurfaceLocked:881 com.android.server.wm.WindowState.destroyOrSaveSurface:2073 com.android.server.wm.WindowSurfacePlacer.performSurfacePlacementInner:429 com.android.server.wm.WindowSurfacePlacer.performSurfacePlacementLoop:232 com.android.server.wm.WindowSurfacePlacer.performSurfacePlacement:180 com.android.server.wm.WindowManagerService$H.handleMessage:8079 android.os.Handler.dispatchMessage:102 
11-22 16:43:25.471  1239  1254 W art     : Long monitor contention with owner ActivityManager (1253) at void com.android.server.am.BroadcastQueue.processNextBroadcast(boolean)(BroadcastQueue.java:754) waiters=0 in void com.android.server.am.ActivityManagerService.dispatchUidsChanged() for 500ms
11-22 16:43:26.705  1239  1258 W art     : Long monitor contention with owner android.display (1260) at void com.android.server.wm.WindowManagerService$H.handleMessage(android.os.Message)(WindowManagerService.java:8078) waiters=0 in void com.android.server.wm.WindowManagerService.monitor() for 2.440s
11-22 16:43:27.073  1239  1260 I Choreographer: Skipped 256 frames!  The application may be doing too much work on its main thread.
11-22 16:43:27.331  1239  1254 I Choreographer: Skipped 78 frames!  The application may be doing too much work on its main thread.
11-22 16:43:31.408  2153  2162 W art     : Long monitor contention with owner main (2153) at void java.lang.Daemons$Daemon.start()(Daemons.java:-1) waiters=0 in void java.lang.Daemons$FinalizerWatchdogDaemon.goToSleep() for 1.431s
11-22 16:43:37.049  1239  1253 W ActivityManager: Process ProcessRecord{a5d0a78 2153:com.android.systemui/u0a19} failed to attach
11-22 16:43:44.344  1239  1253 W art     : Long monitor contention with owner android.fg (1258) at void com.android.server.am.BatteryStatsService.noteMobileRadioPowerState(int, long, int)(BatteryStatsService.java:573) waiters=0 in void com.android.server.am.BatteryStatsService.noteUidProcessState(int, int) for 1.015s
11-22 16:43:45.614  1239  1253 W ActivityManager: Forcing bringing down service: ServiceRecord{bdd2367 u0 com.android.systemui/.ImageWallpaper}
11-22 16:43:46.791  1239  1253 W ActivityManager: Forcing bringing down service: ServiceRecord{bca0fe2 u0 com.android.systemui/.SystemUIService}
11-22 16:43:47.288  1239  1253 W ActivityManager: Forcing bringing down service: ServiceRecord{53b6fe0 u0 com.android.systemui/.keyguard.KeyguardService}
11-22 16:43:48.179  1239  1253 I ActivityManager: Killing 2153:com.android.systemui/u0a19 (adj -800): start timeout
11-22 16:43:54.525  1239  1262 W art     : Long monitor contention with owner Binder:1239_B (2152) at void com.android.server.power.PowerManagerService.acquireWakeLockInternal(android.os.IBinder, int, java.lang.String, java.lang.String, android.os.WorkSource, java.lang.String, int, int)(PowerManagerService.java:848) waiters=0 in void com.android.server.power.PowerManagerService.handleSandman() for 2.959s
11-22 16:43:55.051  1239  1253 E ActivityManager: Removing process that hasn't been killed: ProcessRecord{a5d0a78 2153:com.android.systemui/u0a19}
11-22 16:43:55.051  1239  1253 E ActivityManager: android.util.Log$TerribleFailure: Removing process that hasn't been killed: ProcessRecord{a5d0a78 2153:com.android.systemui/u0a19}
11-22 16:43:55.051  1239  1253 E ActivityManager: 	at android.util.Log.wtf(Log.java:295)
11-22 16:43:55.051  1239  1253 E ActivityManager: 	at android.util.Slog.wtfStack(Slog.java:98)
11-22 16:43:55.051  1239  1253 E ActivityManager: 	at com.android.server.am.ActivityManagerService.removeLruProcessLocked(ActivityManagerService.java:3188)
11-22 16:43:55.051  1239  1253 E ActivityManager: 	at com.android.server.am.ActivityManagerService.processStartTimedOutLocked(ActivityManagerService.java:6344)
11-22 16:43:55.051  1239  1253 E ActivityManager: 	at com.android.server.am.ActivityManagerService.-wrap11(ActivityManagerService.java)
11-22 16:43:55.051  1239  1253 E ActivityManager: 	at com.android.server.am.ActivityManagerService$MainHandler.handleMessage(ActivityManagerService.java:1839)
11-22 16:43:55.051  1239  1253 E ActivityManager: 	at android.os.Handler.dispatchMessage(Handler.java:102)
11-22 16:43:55.051  1239  1253 E ActivityManager: 	at android.os.Looper.loop(Looper.java:154)
11-22 16:43:55.051  1239  1253 E ActivityManager: 	at android.os.HandlerThread.run(HandlerThread.java:61)
11-22 16:43:55.051  1239  1253 E ActivityManager: 	at com.android.server.ServiceThread.run(ServiceThread.java:46)
11-22 16:43:56.282  1239  1258 W art     : Long monitor contention with owner ActivityManager (1253) at void com.android.server.am.ActivityManagerService$MainHandler.handleMessage(android.os.Message)(ActivityManagerService.java:1838) waiters=0 in int com.android.server.am.ActivityManagerService.broadcastIntent(android.app.IApplicationThread, android.content.Intent, java.lang.String, android.content.IIntentReceiver, int, java.lang.String, android.os.Bundle, java.lang.String[], int, android.os.Bundle, boolean, boolean, int) for 10.428s
11-22 16:43:57.094  1239  1260 W art     : Long monitor contention with owner android.ui (1254) at int com.android.server.wm.WindowManagerService.relayoutWindow(com.android.server.wm.Session, android.view.IWindow, int, android.view.WindowManager$LayoutParams, int, int, int, int, android.graphics.Rect, android.graphics.Rect, android.graphics.Rect, android.graphics.Rect, android.graphics.Rect, android.graphics.Rect, android.graphics.Rect, android.content.res.Configuration, android.view.Surface)(WindowManagerService.java:2759) waiters=0 in void com.android.server.wm.WindowManagerService$H.handleMessage(android.os.Message) for 12.709s
11-22 16:43:57.309  1239  1273 W art     : Long monitor contention with owner ActivityManager (1253) at void com.android.server.am.ActivityManagerService$MainHandler.handleMessage(android.os.Message)(ActivityManagerService.java:1838) waiters=1 in int com.android.server.am.PendingIntentRecord.sendInner(int, android.content.Intent, java.lang.String, android.content.IIntentReceiver, java.lang.String, android.os.IBinder, java.lang.String, int, int, int, android.os.Bundle, android.app.IActivityContainer) for 8.270s
11-22 16:43:57.707  1239  1252 W art     : Long monitor contention with owner ActivityManager (1253) at void com.android.server.am.ActivityManagerService$MainHandler.handleMessage(android.os.Message)(ActivityManagerService.java:1838) waiters=2 in void com.android.server.am.ActivityManagerService$3.handleMessage(android.os.Message) for 8.376s
11-22 16:43:58.423  1239  1260 I Choreographer: Skipped 181 frames!  The application may be doing too much work on its main thread.
11-22 16:43:58.526  1453  1651 W art     : Long monitor contention with owner main (1453) at void com.android.internal.telephony.RIL.acquireWakeLock(com.android.internal.telephony.RILRequest, int)(RIL.java:2458) waiters=0 in void com.android.internal.telephony.RIL.decrementWakeLock(com.android.internal.telephony.RILRequest) for 368ms
11-22 16:43:58.642  1239  1258 E NetdConnector: NDC event {613 IfaceClass idle 0 513991518098} processed too late: 21304ms
11-22 16:43:59.423  1239  1258 E NetdConnector: NDC event {613 IfaceClass idle 0 513991518098} took too long: 27763ms
11-22 16:44:00.643  1239  1254 W art     : Long monitor contention with owner AlarmManager (1273) at void com.android.server.AlarmManagerService$AlarmThread.run()(AlarmManagerService.java:2491) waiters=0 in void com.android.server.AlarmManagerService$UidObserver.onUidIdle(int) for 279ms
11-22 16:44:02.421  1239  1239 W art     : Long monitor contention with owner android.ui (1254) at com.android.internal.view.InputBindResult com.android.server.InputMethodManagerService.attachNewInputLocked(boolean)(InputMethodManagerService.java:-1) waiters=0 in void android.view.inputmethod.InputMethodManager$H.handleMessage(android.os.Message) for 881ms
11-22 16:44:02.571  1239  1254 I Choreographer: Skipped 1114 frames!  The application may be doing too much work on its main thread.
11-22 16:44:04.496  1726  1726 I Choreographer: Skipped 1047 frames!  The application may be doing too much work on its main thread.
11-22 16:44:06.565  1239  1260 I Choreographer: Skipped 139 frames!  The application may be doing too much work on its main thread.
11-22 16:44:08.327  1239  1447 W InputMethodManagerService: Starting input on non-focused client com.android.internal.view.IInputMethodClient$Stub$Proxy@d639465 (uid=10012 pid=1726)
11-22 16:44:08.512  1726  1726 I Choreographer: Skipped 135 frames!  The application may be doing too much work on its main thread.
11-22 16:44:09.383  1726  1726 I Choreographer: Skipped 145 frames!  The application may be doing too much work on its main thread.
11-22 16:44:18.576  1239  1258 E NetdConnector: NDC event {613 IfaceClass active 0 581001854267 2000} took too long: 1126ms
11-22 16:44:19.614  1239  2168 W art     : Long monitor contention with owner callActivityManagerForStrictModeDropbox (2170) at void java.lang.System.arraycopy!(java.lang.Object, int, java.lang.Object, int, int)(System.java:-2) waiters=0 in void java.lang.ThreadGroup.threadTerminated(java.lang.Thread) for 361ms
11-22 16:44:20.982  1239  1262 W art     : Long monitor contention with owner Binder:1239_7 (1703) at void com.android.server.power.PowerManagerService.acquireWakeLockInternal(android.os.IBinder, int, java.lang.String, java.lang.String, android.os.WorkSource, java.lang.String, int, int)(PowerManagerService.java:848) waiters=0 in void com.android.server.power.PowerManagerService.handleSandman() for 142ms
11-22 16:44:24.316  1239  1255 W libprocessgroup: failed to open /acct/uid_10019/pid_2153/cgroup.procs: No such file or directory
11-22 16:45:01.130  1239  1262 W art     : Long monitor contention with owner AlarmManager (1273) at void com.android.server.power.PowerManagerService.acquireWakeLockInternal(android.os.IBinder, int, java.lang.String, java.lang.String, android.os.WorkSource, java.lang.String, int, int)(PowerManagerService.java:848) waiters=0 in void com.android.server.power.PowerManagerService.handleSandman() for 470ms
11-22 16:45:05.161  1239  1258 E NetdConnector: NDC event {613 IfaceClass active 0 629823454859 2000} took too long: 1096ms
11-22 16:46:00.813  1239  1262 W art     : Long monitor contention with owner AlarmManager (1273) at void com.android.server.power.PowerManagerService.acquireWakeLockInternal(android.os.IBinder, int, java.lang.String, java.lang.String, android.os.WorkSource, java.lang.String, int, int)(PowerManagerService.java:848) waiters=0 in void com.android.server.power.PowerManagerService.handleSandman() for 160ms
11-22 16:46:12.742  1239  1252 E NetdConnector: NDC Command {32 firewall enable_chain standby} took too long (612ms)
11-22 16:46:12.778   998   998 E Netd    : Failed to dump IPv4 sockets for UID: No such file or directory
11-22 16:46:12.799  1239  1252 E NetworkManagement: Error closing sockets after enabling chain standby: android.os.ServiceSpecificException: destroySockets: No such file or directory
11-22 16:46:12.762   998   998 W Binder:998_2: type=1400 audit(0.0:8): avc: denied { module_request } for kmod="net-pf-16-proto-4-type-2" scontext=u:r:netd:s0 tcontext=u:r:kernel:s0 tclass=system permissive=0
11-22 16:47:10.528  1239  1239 W art     : Long monitor contention with owner Binder:1239_3 (1354) at boolean android.os.MessageQueue.enqueueMessage(android.os.Message, long)(MessageQueue.java:541) waiters=0 in android.os.Message android.os.MessageQueue.next() for 185ms
11-22 16:47:59.050  2186  2186 D AndroidRuntime: >>>>>> START com.android.internal.os.RuntimeInit uid 2000 <<<<<<
11-22 16:47:59.163  2186  2186 D AndroidRuntime: CheckJNI is ON
11-22 16:48:00.433  2186  2186 W art     : Unexpected CPU variant for X86 using defaults: x86
11-22 16:48:00.810  2186  2186 D ICU     : No timezone override file found: /data/misc/zoneinfo/current/icu/icu_tzdata.dat
11-22 16:48:01.796  2186  2186 E memtrack: Couldn't load memtrack module (No such file or directory)
11-22 16:48:01.796  2186  2186 E android.os.Debug: failed to load memtrack module: -2
11-22 16:48:01.846  2186  2186 I Radio-JNI: register_android_hardware_Radio DONE
11-22 16:48:02.108  2186  2186 D AndroidRuntime: Calling main entry com.android.commands.am.Am
11-22 16:48:02.233  2186  2186 D AndroidRuntime: Shutting down VM
11-22 16:48:02.847  2196  2196 D AndroidRuntime: >>>>>> START com.android.internal.os.RuntimeInit uid 2000 <<<<<<
11-22 16:48:02.851  2196  2196 D AndroidRuntime: CheckJNI is ON
11-22 16:48:02.939  2196  2196 W art     : Unexpected CPU variant for X86 using defaults: x86
11-22 16:48:02.947  2196  2196 D ICU     : No timezone override file found: /data/misc/zoneinfo/current/icu/icu_tzdata.dat
11-22 16:48:03.013  2196  2196 E memtrack: Couldn't load memtrack module (No such file or directory)
11-22 16:48:03.013  2196  2196 E android.os.Debug: failed to load memtrack module: -2
11-22 16:48:03.014  2196  2196 I Radio-JNI: register_android_hardware_Radio DONE
11-22 16:48:03.067  2196  2196 D AndroidRuntime: Calling main entry com.android.commands.pm.Pm
11-22 16:48:03.519  2196  2196 I art     : System.exit called, status: 0
11-22 16:48:03.519  2196  2196 I AndroidRuntime: VM exiting with result code 0.
11-22 16:48:04.488  1239  2152 W art     : Long monitor contention with owner android.io (1259) at void java.io.FileDescriptor.sync()(FileDescriptor.java:-2) waiters=0 in android.content.pm.PackageInstaller$SessionInfo com.android.server.pm.PackageInstallerService.getSessionInfo(int) for 456ms
11-22 16:48:06.126  2207  2207 D AndroidRuntime: >>>>>> START com.android.internal.os.RuntimeInit uid 2000 <<<<<<
11-22 16:48:06.154  2207  2207 D AndroidRuntime: CheckJNI is ON
11-22 16:48:06.333  2207  2207 W art     : Unexpected CPU variant for X86 using defaults: x86
11-22 16:48:06.376  2207  2207 D ICU     : No timezone override file found: /data/misc/zoneinfo/current/icu/icu_tzdata.dat
11-22 16:48:06.500  2207  2207 E memtrack: Couldn't load memtrack module (No such file or directory)
11-22 16:48:06.500  2207  2207 E android.os.Debug: failed to load memtrack module: -2
11-22 16:48:06.531  2207  2207 I Radio-JNI: register_android_hardware_Radio DONE
11-22 16:48:06.629  2207  2207 D AndroidRuntime: Calling main entry com.android.commands.pm.Pm
11-22 16:48:06.768   992   992 I         : free_cache(7064717) avail 512552960
11-22 16:48:14.233  1239  1249 W art     : Suspending all threads took: 81.585ms
11-22 16:48:15.455  1239  1249 I art     : Background sticky concurrent mark sweep GC freed 31731(2MB) AllocSpace objects, 12(420KB) LOS objects, 33% free, 7MB/10MB, paused 126.803ms total 3.119s
11-22 16:48:28.746  2207  2207 I art     : System.exit called, status: 0
11-22 16:48:28.747  2207  2207 I AndroidRuntime: VM exiting with result code 0.
11-22 16:48:29.340  2220  2220 D AndroidRuntime: >>>>>> START com.android.internal.os.RuntimeInit uid 2000 <<<<<<
11-22 16:48:29.352  2220  2220 D AndroidRuntime: CheckJNI is ON
11-22 16:48:29.435  2220  2220 W art     : Unexpected CPU variant for X86 using defaults: x86
11-22 16:48:29.457  2220  2220 D ICU     : No timezone override file found: /data/misc/zoneinfo/current/icu/icu_tzdata.dat
11-22 16:48:29.518  2220  2220 E memtrack: Couldn't load memtrack module (No such file or directory)
11-22 16:48:29.518  2220  2220 E android.os.Debug: failed to load memtrack module: -2
11-22 16:48:29.519  2220  2220 I Radio-JNI: register_android_hardware_Radio DONE
11-22 16:48:29.559  2220  2220 D AndroidRuntime: Calling main entry com.android.commands.pm.Pm
11-22 16:48:30.271  1239  1265 W ActivityManager: Slow operation: 173ms so far, now at startProcess: returned from zygote!
11-22 16:48:30.284  1239  1265 W ActivityManager: Slow operation: 187ms so far, now at startProcess: done updating battery stats
11-22 16:48:30.286  1239  1265 W ActivityManager: Slow operation: 188ms so far, now at startProcess: building log message
11-22 16:48:30.286  1239  1265 I ActivityManager: Start proc 2230:com.android.defcontainer/u0a5 for service com.android.defcontainer/.DefaultContainerService
11-22 16:48:30.286  1239  1265 W ActivityManager: Slow operation: 188ms so far, now at startProcess: starting to update pids map
11-22 16:48:30.287  1239  1265 W ActivityManager: Slow operation: 189ms so far, now at startProcess: done updating pids map
11-22 16:48:30.287  1239  1265 W ActivityManager: Slow operation: 202ms so far, now at startProcess: done starting proc!
11-22 16:48:30.317  1239  1254 W art     : Long monitor contention with owner PackageManager (1265) at int com.android.server.am.ActivityManagerService.bindService(android.app.IApplicationThread, android.os.IBinder, android.content.Intent, java.lang.String, android.app.IServiceConnection, int, java.lang.String, int)(ActivityManagerService.java:17045) waiters=0 in void com.android.server.am.ActivityManagerService.dispatchUidsChanged() for 203ms
11-22 16:48:30.365  2230  2230 W art     : Unexpected CPU variant for X86 using defaults: x86
11-22 16:48:31.119  1239  1265 I PackageManager.DexOptimizer: Running dexopt (dex2oat) on: /data/app/vmdl453920247.tmp/base.apk pkg=br.com.catbag.gifreduxsample isa=x86 vmSafeMode=false debuggable=true target-filter=interpret-only oatDir = /data/app/vmdl453920247.tmp/oat sharedLibraries=null
11-22 16:48:31.226  2245  2245 W dex2oat : Unexpected CPU variant for X86 using defaults: x86
11-22 16:48:31.228  2245  2245 W dex2oat : Mismatch between dex2oat instruction set features (ISA: X86 Feature string: smp,-ssse3,-sse4.1,-sse4.2,-avx,-avx2,-lock_add,-popcnt) and those of dex2oat executable (ISA: X86 Feature string: smp,ssse3,-sse4.1,-sse4.2,-avx,-avx2,-lock_add,-popcnt) for the command line:
11-22 16:48:31.229  2245  2245 W dex2oat : /system/bin/dex2oat --zip-fd=6 --zip-location=base.apk --oat-fd=7 --oat-location=/data/app/vmdl453920247.tmp/oat/x86/base.odex --instruction-set=x86 --instruction-set-variant=x86 --instruction-set-features=default --runtime-arg -Xms64m --runtime-arg -Xmx512m --compiler-filter=interpret-only --swap-fd=9 --debuggable
11-22 16:48:31.244  2245  2245 I dex2oat : /system/bin/dex2oat --compiler-filter=interpret-only --debuggable
11-22 16:48:36.047  2245  2245 W dex2oat : Before Android 4.1, method android.graphics.PorterDuffColorFilter android.support.graphics.drawable.VectorDrawableCompat.updateTintFilter(android.graphics.PorterDuffColorFilter, android.content.res.ColorStateList, android.graphics.PorterDuff$Mode) would have incorrectly overridden the package-private method in android.graphics.drawable.Drawable
11-22 16:48:36.325  2245  2245 W dex2oat : Before Android 4.1, method int android.support.v7.widget.ListViewCompat.lookForSelectablePosition(int, boolean) would have incorrectly overridden the package-private method in android.widget.ListView
11-22 16:48:54.306  2245  2245 W dex2oat : Verification of void org.immutables.value.internal.$processor$.meta.$StyleMirror.<init>(javax.lang.model.element.AnnotationMirror) took 150.663ms
11-22 16:49:18.999  2245  2245 W dex2oat : Compilation of void com.esotericsoftware.reflectasm.shaded.org.objectweb.asm.AnnotationWriter.visitEnd() took 163.571ms
11-22 16:49:24.026  2245  2245 W dex2oat : Compilation of void com.google.common.collect.SparseImmutableTable.<init>(com.google.common.collect.ImmutableList, com.google.common.collect.ImmutableSet, com.google.common.collect.ImmutableSet) took 194.988ms
11-22 16:49:32.656  2245  2245 I dex2oat : dex2oat took 61.436s (threads: 1) arena alloc=1402KB (1436528B) java alloc=7MB (8050336B) native alloc=13MB (14282728B) free=2MB (2625560B)
11-22 16:49:33.017  1239  1265 W PackageManager: Not granting permission android.permission.SET_DEBUG_APP to package br.com.catbag.gifreduxsample (protectionLevel=50 flags=0x3848be46)
11-22 16:49:33.375  1239  1265 V BackupManagerService: restoreAtInstall pkg=br.com.catbag.gifreduxsample token=1 restoreSet=0
11-22 16:49:33.378  1239  1265 W BackupManagerService: Requested unavailable transport: android/com.android.internal.backup.LocalTransport
11-22 16:49:33.379  1239  1265 W BackupManagerService: No transport
11-22 16:49:33.379  1239  1265 V BackupManagerService: Finishing install immediately
11-22 16:49:33.426  1239  1703 I ActivityManager: Killing 1472:com.android.settings:CryptKeeper/1000 (adj 906): empty #17
11-22 16:49:33.462  1239  1265 I art     : Starting a blocking GC Explicit
11-22 16:49:34.004  1239  1265 I art     : Explicit concurrent mark sweep GC freed 27131(1669KB) AllocSpace objects, 12(328KB) LOS objects, 33% free, 6MB/10MB, paused 5.514ms total 537.645ms
11-22 16:49:34.016   992   992 E         : Couldn't opendir /data/app/vmdl453920247.tmp: No such file or directory
11-22 16:49:34.287  2220  2220 I art     : System.exit called, status: 0
11-22 16:49:34.287  2220  2220 I AndroidRuntime: VM exiting with result code 0.
11-22 16:49:34.376  1239  1279 I InputReader: Reconfiguring input devices.  changes=0x00000010
11-22 16:49:34.661  1453  1453 D CarrierSvcBindHelper: No carrier app for: 0
11-22 16:49:34.712  1453  1453 D CarrierConfigLoader: mHandler: 9 phoneId: 0
11-22 16:49:35.706  1239  1252 W VoiceInteractionManagerService: no available voice recognition services found for user 0
11-22 16:49:35.707  1239  1252 W LocationProviderProxy-network: Odd, no component found for service com.android.location.service.v3.NetworkLocationProvider
11-22 16:49:35.709  1239  1252 W GeocoderProxy: Odd, no component found for service com.android.location.service.GeocodeProvider
11-22 16:49:35.709  1239  1252 W GeofenceProxy: Odd, no component found for service com.android.location.service.GeofenceProvider
11-22 16:49:35.709  1239  1252 W ActivityRecognitionProxy: Odd, no component found for service com.android.location.service.ActivityRecognitionProvider
11-22 16:49:36.468  2252  2252 D AndroidRuntime: >>>>>> START com.android.internal.os.RuntimeInit uid 2000 <<<<<<
11-22 16:49:36.488  2252  2252 D AndroidRuntime: CheckJNI is ON
11-22 16:49:36.571  2252  2252 W art     : Unexpected CPU variant for X86 using defaults: x86
11-22 16:49:36.600  2252  2252 D ICU     : No timezone override file found: /data/misc/zoneinfo/current/icu/icu_tzdata.dat
11-22 16:49:36.659  2252  2252 E memtrack: Couldn't load memtrack module (No such file or directory)
11-22 16:49:36.659  2252  2252 E android.os.Debug: failed to load memtrack module: -2
11-22 16:49:36.661  2252  2252 I Radio-JNI: register_android_hardware_Radio DONE
11-22 16:49:36.702  2252  2252 D AndroidRuntime: Calling main entry com.android.commands.pm.Pm
11-22 16:49:36.728  2252  2252 I art     : System.exit called, status: 0
11-22 16:49:36.728  2252  2252 I AndroidRuntime: VM exiting with result code 0.
11-22 16:49:37.688  2269  2269 D AndroidRuntime: >>>>>> START com.android.internal.os.RuntimeInit uid 2000 <<<<<<
11-22 16:49:37.692  2269  2269 D AndroidRuntime: CheckJNI is ON
11-22 16:49:37.815  2269  2269 W art     : Unexpected CPU variant for X86 using defaults: x86
11-22 16:49:37.825  2269  2269 D ICU     : No timezone override file found: /data/misc/zoneinfo/current/icu/icu_tzdata.dat
11-22 16:49:37.865  2269  2269 E memtrack: Couldn't load memtrack module (No such file or directory)
11-22 16:49:37.865  2269  2269 E android.os.Debug: failed to load memtrack module: -2
11-22 16:49:37.868  2269  2269 I Radio-JNI: register_android_hardware_Radio DONE
11-22 16:49:37.897  2269  2269 D AndroidRuntime: Calling main entry com.android.commands.pm.Pm
11-22 16:49:37.956   992   992 I         : free_cache(2038493) avail 492613632
11-22 16:49:42.018  1239  1250 I ActivityManager: Start proc 2282:com.svox.pico/u0a46 for broadcast com.svox.pico/.VoiceDataInstallerReceiver
11-22 16:49:42.037  2282  2282 W art     : Unexpected CPU variant for X86 using defaults: x86
11-22 16:49:42.255  2269  2269 I art     : System.exit called, status: 0
11-22 16:49:42.255  2269  2269 I AndroidRuntime: VM exiting with result code 0.
11-22 16:49:42.857  2297  2297 D AndroidRuntime: >>>>>> START com.android.internal.os.RuntimeInit uid 2000 <<<<<<
11-22 16:49:42.860  2297  2297 D AndroidRuntime: CheckJNI is ON
11-22 16:49:42.928  2297  2297 W art     : Unexpected CPU variant for X86 using defaults: x86
11-22 16:49:42.938  2297  2297 D ICU     : No timezone override file found: /data/misc/zoneinfo/current/icu/icu_tzdata.dat
11-22 16:49:43.020  2297  2297 E memtrack: Couldn't load memtrack module (No such file or directory)
11-22 16:49:43.021  2297  2297 E android.os.Debug: failed to load memtrack module: -2
11-22 16:49:43.025  2297  2297 I Radio-JNI: register_android_hardware_Radio DONE
11-22 16:49:43.046  2297  2297 D AndroidRuntime: Calling main entry com.android.commands.pm.Pm
11-22 16:49:43.276  2230  2241 I art     : Background sticky concurrent mark sweep GC freed 161(9KB) AllocSpace objects, 0(0B) LOS objects, 24% free, 1975KB/2MB, paused 7.066ms total 44.964ms
11-22 16:49:43.451  1239  1265 I PackageManager.DexOptimizer: Running dexopt (dex2oat) on: /data/app/vmdl2136230335.tmp/base.apk pkg=br.com.catbag.gifreduxsample.test isa=x86 vmSafeMode=false debuggable=true target-filter=interpret-only oatDir = /data/app/vmdl2136230335.tmp/oat sharedLibraries=/system/framework/android.test.runner.jar
11-22 16:49:43.538  2308  2308 W dex2oat : Unexpected CPU variant for X86 using defaults: x86
11-22 16:49:43.539  2308  2308 W dex2oat : Mismatch between dex2oat instruction set features (ISA: X86 Feature string: smp,-ssse3,-sse4.1,-sse4.2,-avx,-avx2,-lock_add,-popcnt) and those of dex2oat executable (ISA: X86 Feature string: smp,ssse3,-sse4.1,-sse4.2,-avx,-avx2,-lock_add,-popcnt) for the command line:
11-22 16:49:43.539  2308  2308 W dex2oat : /system/bin/dex2oat --zip-fd=6 --zip-location=base.apk --oat-fd=7 --oat-location=/data/app/vmdl2136230335.tmp/oat/x86/base.odex --instruction-set=x86 --instruction-set-variant=x86 --instruction-set-features=default --runtime-arg -Xms64m --runtime-arg -Xmx512m --compiler-filter=interpret-only --swap-fd=9 --debuggable --runtime-arg -classpath --runtime-arg /system/framework/android.test.runner.jar
11-22 16:49:43.540  2308  2308 I dex2oat : /system/bin/dex2oat --compiler-filter=interpret-only --debuggable
11-22 16:50:08.938  2308  2308 W dex2oat : Compilation of void net.bytebuddy.description.ModifierReviewable$AbstractModifierReviewable.<init>() took 185.067ms
11-22 16:50:12.459  2308  2308 I dex2oat : dex2oat took 28.920s (threads: 1) arena alloc=824B (824B) java alloc=3MB (3868560B) native alloc=6MB (6969904B) free=2MB (2467280B)
11-22 16:50:12.792  1239  1265 V BackupManagerService: restoreAtInstall pkg=br.com.catbag.gifreduxsample.test token=2 restoreSet=0
11-22 16:50:12.792  1239  1265 W BackupManagerService: Requested unavailable transport: android/com.android.internal.backup.LocalTransport
11-22 16:50:12.792  1239  1265 W BackupManagerService: No transport
11-22 16:50:12.793  1239  1265 V BackupManagerService: Finishing install immediately
11-22 16:50:12.829  1239  1251 I ActivityManager: Killing 1718:com.android.sdksetup/u0a16 (adj 906): empty #17
11-22 16:50:12.880  1239  1265 I art     : Starting a blocking GC Explicit
11-22 16:50:13.095  1239  1265 I art     : Explicit concurrent mark sweep GC freed 39151(2MB) AllocSpace objects, 13(308KB) LOS objects, 33% free, 6MB/10MB, paused 6.979ms total 207.938ms
11-22 16:50:13.104   992   992 E         : Couldn't opendir /data/app/vmdl2136230335.tmp: No such file or directory
11-22 16:50:13.177  2297  2297 I art     : System.exit called, status: 0
11-22 16:50:13.177  2297  2297 I AndroidRuntime: VM exiting with result code 0.
11-22 16:50:13.237  1239  1279 I InputReader: Reconfiguring input devices.  changes=0x00000010
11-22 16:50:13.436  1453  1453 D CarrierSvcBindHelper: No carrier app for: 0
11-22 16:50:13.447  1453  1453 D CarrierConfigLoader: mHandler: 9 phoneId: 0
11-22 16:50:13.671  1239  1252 W VoiceInteractionManagerService: no available voice recognition services found for user 0
11-22 16:50:13.671  1239  1252 W LocationProviderProxy-network: Odd, no component found for service com.android.location.service.v3.NetworkLocationProvider
11-22 16:50:13.673  1239  1252 W GeocoderProxy: Odd, no component found for service com.android.location.service.GeocodeProvider
11-22 16:50:13.673  1239  1252 W GeofenceProxy: Odd, no component found for service com.android.location.service.GeofenceProvider
11-22 16:50:13.695  1239  1252 W ActivityRecognitionProxy: Odd, no component found for service com.android.location.service.ActivityRecognitionProvider
11-22 16:50:14.368  2314  2314 D AndroidRuntime: >>>>>> START com.android.internal.os.RuntimeInit uid 2000 <<<<<<
11-22 16:50:14.390  2314  2314 D AndroidRuntime: CheckJNI is ON
11-22 16:50:14.550  2314  2314 W art     : Unexpected CPU variant for X86 using defaults: x86
