11-26 16:35:18.542  2231  2248 I DroidFlux:Dispatcher: [COMPLETED] dispatch of action [GIF_LIST_FETCHING]
11-26 16:35:18.542  2231  2248 I DroidFlux:Dispatcher: [STARTED] dispatch of action [GIF_LIST_FETCHING]
11-26 16:35:18.543  2231  2248 D DroidFlux:Dispatcher: An action of type [GIF_LIST_FETCHING] was dispatched, but no reducer handled it
11-26 16:35:18.543  2231  2248 I DroidFlux:Dispatcher: [COMPLETED] dispatch of action [GIF_LIST_FETCHING]
11-26 16:35:18.543  2231  2248 I DroidFlux:Dispatcher: [STARTED] dispatch of action [GIF_LIST_FETCHING]
11-26 16:35:18.543  2231  2248 D DroidFlux:Dispatcher: An action of type [GIF_LIST_FETCHING] was dispatched, but no reducer handled it
11-26 16:35:18.544  2231  2248 I DroidFlux:Dispatcher: [COMPLETED] dispatch of action [GIF_LIST_FETCHING]
11-26 16:35:18.544  2231  2248 I DroidFlux:Dispatcher: [STARTED] dispatch of action [GIF_LIST_FETCHING]
11-26 16:35:18.544  2231  2248 D DroidFlux:Dispatcher: An action of type [GIF_LIST_FETCHING] was dispatched, but no reducer handled it
11-26 16:35:18.544  2231  2248 I DroidFlux:Dispatcher: [COMPLETED] dispatch of action [GIF_LIST_FETCHING]
11-26 16:35:18.544  2231  2248 I DroidFlux:Dispatcher: [STARTED] dispatch of action [GIF_LIST_FETCHING]
11-26 16:35:18.545  2231  2248 D DroidFlux:Dispatcher: An action of type [GIF_LIST_FETCHING] was dispatched, but no reducer handled it
11-26 16:35:18.545  2231  2248 I DroidFlux:Dispatcher: [COMPLETED] dispatch of action [GIF_LIST_FETCHING]
11-26 16:35:18.545  2231  2248 I DroidFlux:Dispatcher: [STARTED] dispatch of action [GIF_LIST_FETCHING]
11-26 16:35:18.545  2231  2248 D DroidFlux:Dispatcher: An action of type [GIF_LIST_FETCHING] was dispatched, but no reducer handled it
11-26 16:35:18.545  2231  2248 I DroidFlux:Dispatcher: [COMPLETED] dispatch of action [GIF_LIST_FETCHING]
11-26 16:35:18.546  2231  2248 I DroidFlux:Dispatcher: [STARTED] dispatch of action [GIF_LIST_FETCHING]
11-26 16:35:18.546  2231  2248 D DroidFlux:Dispatcher: An action of type [GIF_LIST_FETCHING] was dispatched, but no reducer handled it
11-26 16:35:18.546  2231  2248 I DroidFlux:Dispatcher: [COMPLETED] dispatch of action [GIF_LIST_FETCHING]
11-26 16:35:18.546  2231  2248 I DroidFlux:Dispatcher: [STARTED] dispatch of action [GIF_LIST_FETCHING]
11-26 16:35:18.581  2231  2248 D DroidFlux:Dispatcher: An action of type [GIF_LIST_FETCHING] was dispatched, but no reducer handled it
11-26 16:35:18.581  2231  2248 I DroidFlux:Dispatcher: [COMPLETED] dispatch of action [GIF_LIST_FETCHING]
11-26 16:35:18.768  2231  2231 W ResourceType: No package identifier when getting name for resource number 0x000000ba
11-26 16:35:18.775  2231  2231 W ResourceType: No package identifier when getting name for resource number 0x000000c2
11-26 16:35:18.775  2231  2231 I ViewInteraction: Performing 'single click' action on view with id: 194 (resource name not found)
11-26 16:35:18.855  2231  2248 I DroidFlux:Dispatcher: [STARTED] dispatch of action [GIF_PLAY]
11-26 16:35:18.862  2231  2248 I DroidFlux:Dispatcher: [COMPLETED] dispatch of action [GIF_PLAY]
11-26 16:35:19.454  2231  2231 W ResourceType: No package identifier when getting name for resource number 0x000000c6
11-26 16:35:19.454  2231  2231 I ViewInteraction: Performing 'scroll RecyclerView to position: 17' action on view with id: 198 (resource name not found)
11-26 16:35:19.467  2231  2248 I DroidFlux:Dispatcher: [STARTED] dispatch of action [GIF_LIST_FETCHING]
11-26 16:35:19.468  2231  2248 D DroidFlux:Dispatcher: An action of type [GIF_LIST_FETCHING] was dispatched, but no reducer handled it
11-26 16:35:19.468  2231  2248 I DroidFlux:Dispatcher: [COMPLETED] dispatch of action [GIF_LIST_FETCHING]
11-26 16:35:19.469  2231  2248 I DroidFlux:Dispatcher: [STARTED] dispatch of action [GIF_LIST_FETCHING]
11-26 16:35:19.469  2231  2248 D DroidFlux:Dispatcher: An action of type [GIF_LIST_FETCHING] was dispatched, but no reducer handled it
11-26 16:35:19.469  2231  2248 I DroidFlux:Dispatcher: [COMPLETED] dispatch of action [GIF_LIST_FETCHING]
11-26 16:35:19.779  2231  2231 W ResourceType: No package identifier when getting name for resource number 0x000000c6
11-26 16:35:19.784  2231  2231 W ResourceType: No package identifier when getting name for resource number 0x000000ce
11-26 16:35:19.784  2231  2231 I ViewInteraction: Performing 'single click' action on view with id: 206 (resource name not found)
11-26 16:35:19.849  2231  2248 I DroidFlux:Dispatcher: [STARTED] dispatch of action [GIF_PLAY]
11-26 16:35:19.862  2231  2248 I DroidFlux:Dispatcher: [COMPLETED] dispatch of action [GIF_PLAY]
11-26 16:35:20.483  2231  2231 W ResourceType: No package identifier when getting name for resource number 0x000000d2
11-26 16:35:20.484  2231  2231 I ViewInteraction: Performing 'scroll RecyclerView to position: 18' action on view with id: 210 (resource name not found)
11-26 16:35:20.498  2231  2248 I DroidFlux:Dispatcher: [STARTED] dispatch of action [GIF_LIST_FETCHING]
11-26 16:35:20.498  2231  2248 D DroidFlux:Dispatcher: An action of type [GIF_LIST_FETCHING] was dispatched, but no reducer handled it
11-26 16:35:20.498  2231  2248 I DroidFlux:Dispatcher: [COMPLETED] dispatch of action [GIF_LIST_FETCHING]
11-26 16:35:20.499  2231  2248 I DroidFlux:Dispatcher: [STARTED] dispatch of action [GIF_LIST_FETCHING]
11-26 16:35:20.499  2231  2248 D DroidFlux:Dispatcher: An action of type [GIF_LIST_FETCHING] was dispatched, but no reducer handled it
11-26 16:35:20.499  2231  2248 I DroidFlux:Dispatcher: [COMPLETED] dispatch of action [GIF_LIST_FETCHING]
11-26 16:35:20.785  2231  2231 W ResourceType: No package identifier when getting name for resource number 0x000000d2
11-26 16:35:20.796  2231  2231 W ResourceType: No package identifier when getting name for resource number 0x000000da
11-26 16:35:20.796  2231  2231 I ViewInteraction: Performing 'single click' action on view with id: 218 (resource name not found)
11-26 16:35:20.860  2231  2248 I DroidFlux:Dispatcher: [STARTED] dispatch of action [GIF_PLAY]
11-26 16:35:20.861  2231  2248 I DroidFlux:Dispatcher: [COMPLETED] dispatch of action [GIF_PLAY]
11-26 16:35:21.446  2231  2231 W ResourceType: No package identifier when getting name for resource number 0x000000de
11-26 16:35:21.446  2231  2231 I ViewInteraction: Performing 'scroll RecyclerView to position: 19' action on view with id: 222 (resource name not found)
11-26 16:35:21.469  2231  2248 I DroidFlux:Dispatcher: [STARTED] dispatch of action [GIF_LIST_FETCHING]
11-26 16:35:21.469  2231  2248 D DroidFlux:Dispatcher: An action of type [GIF_LIST_FETCHING] was dispatched, but no reducer handled it
11-26 16:35:21.469  2231  2248 I DroidFlux:Dispatcher: [COMPLETED] dispatch of action [GIF_LIST_FETCHING]
11-26 16:35:21.493  2231  2248 I DroidFlux:Dispatcher: [STARTED] dispatch of action [GIF_LIST_FETCHING]
11-26 16:35:21.493  2231  2248 D DroidFlux:Dispatcher: An action of type [GIF_LIST_FETCHING] was dispatched, but no reducer handled it
11-26 16:35:21.493  2231  2248 I DroidFlux:Dispatcher: [COMPLETED] dispatch of action [GIF_LIST_FETCHING]
11-26 16:35:21.765  2231  2231 W ResourceType: No package identifier when getting name for resource number 0x000000de
11-26 16:35:21.786  2231  2231 W ResourceType: No package identifier when getting name for resource number 0x000000e6
11-26 16:35:21.786  2231  2231 I ViewInteraction: Performing 'single click' action on view with id: 230 (resource name not found)
11-26 16:35:21.838  2231  2248 I DroidFlux:Dispatcher: [STARTED] dispatch of action [GIF_PLAY]
11-26 16:35:21.840  2231  2248 I DroidFlux:Dispatcher: [COMPLETED] dispatch of action [GIF_PLAY]
11-26 16:35:22.414  2231  2231 W ResourceType: No package identifier when getting name for resource number 0x000000f1
11-26 16:35:22.414  2231  2231 I ViewInteraction: Performing 'single click' action on view with id: 241 (resource name not found)
11-26 16:35:22.494  2231  2248 I DroidFlux:Dispatcher: [STARTED] dispatch of action [GIF_PAUSE]
11-26 16:35:22.495  2231  2248 I DroidFlux:Dispatcher: [COMPLETED] dispatch of action [GIF_PAUSE]
11-26 16:35:23.088  2231  2247 I TestRunner: finished: whenListKeepOrderedAfterPlayTest(br.com.catbag.gifreduxsample.ui.giflist.GifListActivityTest)
11-26 16:35:23.115  2231  2231 D LifecycleMonitor: Lifecycle status change: br.com.catbag.gifreduxsample.ui.GifListActivity@4ffa7e2 in: PAUSED
11-26 16:35:23.206   979   979 D gralloc : Registering a buffer in the process that created it. This may cause memory ordering problems.
11-26 16:35:23.213   979   979 E libEGL  : called unimplemented OpenGL ES API
11-26 16:35:23.213   979   979 E SurfaceFlinger: glCheckFramebufferStatusOES error 439363597
11-26 16:35:23.214   979   979 E SurfaceFlinger: got GL_FRAMEBUFFER_COMPLETE_OES error while taking screenshot
11-26 16:35:23.220  1239  1250 W WindowManager: Screenshot failure taking screenshot for (480x800) to layer 21005
11-26 16:35:23.226  1239  1253 W art     : Long monitor contention with owner Binder:1239_1 (1250) at void com.android.server.am.ActivityManagerService.activityPaused(android.os.IBinder)(ActivityManagerService.java:6849) waiters=0 in void com.android.server.am.ActivityStackSupervisor$ActivityStackSupervisorHandler.activityIdleInternal(com.android.server.am.ActivityRecord) for 109ms
11-26 16:35:23.228  2231  2231 I MonitoringInstrumentation: Activities that are still in CREATED to STOPPED: 1
11-26 16:35:23.231  2231  2247 I TestRunner: started: whenGifIsWatchedTest(br.com.catbag.gifreduxsample.ui.giflist.GifListActivityTest)
11-26 16:35:23.253  2231  2231 I MonitoringInstrumentation: Activities that are still in CREATED to STOPPED: 1
11-26 16:35:23.261  2231  2248 I DroidFlux:Dispatcher: [STARTED] dispatch of action [FAKE_REDUCE_ACTION]
11-26 16:35:23.261  2231  2248 I DroidFlux:Dispatcher: [COMPLETED] dispatch of action [FAKE_REDUCE_ACTION]
11-26 16:35:23.264  1239  1254 W art     : Long monitor contention with owner Binder:1239_1 (1250) at void com.android.server.am.ActivityManagerService.activityPaused(android.os.IBinder)(ActivityManagerService.java:6849) waiters=2 in void com.android.server.am.ActivityManagerService.dispatchProcessesChanged() for 123ms
11-26 16:35:23.328  2231  2242 I art     : Background sticky concurrent mark sweep GC freed 29542(2MB) AllocSpace objects, 15(320KB) LOS objects, 16% free, 12MB/14MB, paused 10.322ms total 261.904ms
11-26 16:35:23.458  2231  2278 D ActivityTestRule: Launching activity br.com.catbag.gifreduxsample.ui.GifListActivity
11-26 16:35:23.478  2231  2279 D MonitoringInstrumentation: execStartActivity(context, ibinder, ibinder, activity, intent, int, bundle
11-26 16:35:23.484  1239  1470 I ActivityManager: START u0 {flg=0x10000000 cmp=br.com.catbag.gifreduxsample/.ui.GifListActivity} from uid 10060 on display 0
11-26 16:35:23.760  1239  1260 I Choreographer: Skipped 45 frames!  The application may be doing too much work on its main thread.
11-26 16:35:23.822  2231  2231 D LifecycleMonitor: Lifecycle status change: br.com.catbag.gifreduxsample.ui.GifListActivity@c6c6603 in: PRE_ON_CREATE
11-26 16:35:23.974  1239  1702 I WindowManager: Destroying surface Surface(name=com.android.launcher3/com.android.launcher3.Launcher) called by com.android.server.wm.WindowStateAnimator.destroySurface:2014 com.android.server.wm.WindowStateAnimator.destroySurfaceLocked:881 com.android.server.wm.WindowState.destroyOrSaveSurface:2073 com.android.server.wm.AppWindowToken.destroySurfaces:363 com.android.server.wm.AppWindowToken.notifyAppStopped:389 com.android.server.wm.WindowManagerService.notifyAppStopped:4456 com.android.server.am.ActivityStack.activityStoppedLocked:1252 com.android.server.am.ActivityManagerService.activityStopped:6873 
11-26 16:35:23.994  2231  2231 D LifecycleMonitor: Lifecycle status change: br.com.catbag.gifreduxsample.ui.GifListActivity@c6c6603 in: CREATED
11-26 16:35:23.995  2231  2248 I DroidFlux:Dispatcher: [STARTED] dispatch of action [APP_STATE_LOAD]
11-26 16:35:23.995  2231  2248 D DroidFlux:Dispatcher: An action of type [APP_STATE_LOAD] was dispatched, but no reducer handled it
11-26 16:35:23.996  2231  2248 I DroidFlux:Dispatcher: [COMPLETED] dispatch of action [APP_STATE_LOAD]
11-26 16:35:23.996  2231  2231 D LifecycleMonitor: Lifecycle status change: br.com.catbag.gifreduxsample.ui.GifListActivity@c6c6603 in: STARTED
11-26 16:35:24.001  2231  2231 D LifecycleMonitor: Lifecycle status change: br.com.catbag.gifreduxsample.ui.GifListActivity@c6c6603 in: RESUMED
11-26 16:35:24.006  2231  2231 D LifecycleMonitor: Lifecycle status change: br.com.catbag.gifreduxsample.ui.GifListActivity@4ffa7e2 in: STOPPED
11-26 16:35:24.006  2231  2231 D LifecycleMonitor: Lifecycle status change: br.com.catbag.gifreduxsample.ui.GifListActivity@4ffa7e2 in: DESTROYED
11-26 16:35:24.030  1239  1470 I WindowManager: Destroying surface Surface(name=br.com.catbag.gifreduxsample/br.com.catbag.gifreduxsample.ui.GifListActivity) called by com.android.server.wm.WindowStateAnimator.destroySurface:2014 com.android.server.wm.WindowStateAnimator.destroySurfaceLocked:881 com.android.server.wm.WindowState.removeLocked:1449 com.android.server.wm.WindowManagerService.removeWindowInnerLocked:2478 com.android.server.wm.WindowManagerService.removeWindowLocked:2436 com.android.server.wm.WindowManagerService.removeWindowLocked:2305 com.android.server.wm.WindowManagerService.removeWindow:2300 com.android.server.wm.Session.remove:193 
11-26 16:35:24.075  2231  2231 E Feed    : Gif{uuid=b4daf3a7-281c-4843-8578-a9383194b2f9, path=, url=, title=, watched=true, status=DOWNLOADED}
11-26 16:35:24.075  2231  2231 E Feed    : pl.droidsonroids.gif.GifIOException: GifError 101: Failed to open given input
11-26 16:35:24.075  2231  2231 E Feed    : 	at pl.droidsonroids.gif.GifInfoHandle.openFile(Native Method)
11-26 16:35:24.075  2231  2231 E Feed    : 	at pl.droidsonroids.gif.GifInfoHandle.<init>(GifInfoHandle.java:46)
11-26 16:35:24.075  2231  2231 E Feed    : 	at pl.droidsonroids.gif.GifDrawable.<init>(GifDrawable.java:124)
11-26 16:35:24.075  2231  2231 E Feed    : 	at br.com.catbag.gifreduxsample.ui.views.FeedView.createDrawable(FeedView.java:137)
11-26 16:35:24.075  2231  2231 E Feed    : 	at br.com.catbag.gifreduxsample.ui.views.FeedView.lambda$renderGifView$1(FeedView.java:124)
11-26 16:35:24.075  2231  2231 E Feed    : 	at br.com.catbag.gifreduxsample.ui.views.FeedView$$Lambda$4.view(Unknown Source)
11-26 16:35:24.075  2231  2231 E Feed    : 	at trikita.anvil.BaseDSL.v(BaseDSL.java:670)
11-26 16:35:24.075  2231  2231 E Feed    : 	at br.com.catbag.gifreduxsample.ui.views.FeedView.renderGifView(FeedView.java:123)
11-26 16:35:24.075  2231  2231 E Feed    : 	at br.com.catbag.gifreduxsample.ui.views.FeedView.access$lambda$0(FeedView.java)
11-26 16:35:24.075  2231  2231 E Feed    : 	at br.com.catbag.gifreduxsample.ui.views.FeedView$$Lambda$5.view(Unknown Source)
11-26 16:35:24.075  2231  2231 E Feed    : 	at br.com.catbag.gifreduxsample.ui.views.GifsAdapter.view(GifsAdapter.java:69)
11-26 16:35:24.075  2231  2231 E Feed    : 	at trikita.anvil.RenderableRecyclerViewAdapter$1.view(RenderableRecyclerViewAdapter.java:24)
11-26 16:35:24.075  2231  2231 E Feed    : 	at trikita.anvil.Anvil$Mount.render(Anvil.java:204)
11-26 16:35:24.075  2231  2231 E Feed    : 	at trikita.anvil.Anvil.render(Anvil.java:173)
11-26 16:35:24.075  2231  2231 E Feed    : 	at trikita.anvil.RenderableRecyclerViewAdapter.onBindViewHolder(RenderableRecyclerViewAdapter.java:27)
11-26 16:35:24.075  2231  2231 E Feed    : 	at trikita.anvil.RenderableRecyclerViewAdapter.onBindViewHolder(RenderableRecyclerViewAdapter.java:7)
11-26 16:35:24.075  2231  2231 E Feed    : 	at android.support.v7.widget.RecyclerView$Adapter.onBindViewHolder(RecyclerView.java:5768)
11-26 16:35:24.075  2231  2231 E Feed    : 	at android.support.v7.widget.RecyclerView$Adapter.bindViewHolder(RecyclerView.java:5801)
11-26 16:35:24.075  2231  2231 E Feed    : 	at android.support.v7.widget.RecyclerView$Recycler.getViewForPosition(RecyclerView.java:5037)
11-26 16:35:24.075  2231  2231 E Feed    : 	at android.support.v7.widget.RecyclerView$Recycler.getViewForPosition(RecyclerView.java:4913)
11-26 16:35:24.075  2231  2231 E Feed    : 	at android.support.v7.widget.LinearLayoutManager$LayoutState.next(LinearLayoutManager.java:2029)
11-26 16:35:24.075  2231  2231 E Feed    : 	at android.support.v7.widget.LinearLayoutManager.layoutChunk(LinearLayoutManager.java:1414)
11-26 16:35:24.075  2231  2231 E Feed    : 	at android.support.v7.widget.LinearLayoutManager.fill(LinearLayoutManager.java:1377)
11-26 16:35:24.075  2231  2231 E Feed    : 	at android.support.v7.widget.LinearLayoutManager.onLayoutChildren(LinearLayoutManager.java:578)
11-26 16:35:24.075  2231  2231 E Feed    : 	at android.support.v7.widget.RecyclerView.dispatchLayoutStep2(RecyclerView.java:3260)
11-26 16:35:24.075  2231  2231 E Feed    : 	at android.support.v7.widget.RecyclerView.dispatchLayout(RecyclerView.java:3069)
11-26 16:35:24.075  2231  2231 E Feed    : 	at android.support.v7.widget.RecyclerView.onLayout(RecyclerView.java:3518)
11-26 16:35:24.075  2231  2231 E Feed    : 	at android.view.View.layout(View.java:17520)
11-26 16:35:24.075  2231  2231 E Feed    : 	at android.view.ViewGroup.layout(ViewGroup.java:5612)
11-26 16:35:24.075  2231  2231 E Feed    : 	at android.widget.FrameLayout.layoutChildren(FrameLayout.java:323)
11-26 16:35:24.075  2231  2231 E Feed    : 	at android.widget.FrameLayout.onLayout(FrameLayout.java:261)
11-26 16:35:24.075  2231  2231 E Feed    : 	at android.view.View.layout(View.java:17520)
11-26 16:35:24.075  2231  2231 E Feed    : 	at android.view.ViewGroup.layout(ViewGroup.java:5612)
11-26 16:35:24.075  2231  2231 E Feed    : 	at android.widget.RelativeLayout.onLayout(RelativeLayout.java:1079)
11-26 16:35:24.075  2231  2231 E Feed    : 	at android.view.View.layout(View.java:17520)
11-26 16:35:24.075  2231  2231 E Feed    : 	at android.view.ViewGroup.layout(ViewGroup.java:5612)
11-26 16:35:24.075  2231  2231 E Feed    : 	at android.widget.FrameLayout.layoutChildren(FrameLayout.java:323)
11-26 16:35:24.075  2231  2231 E Feed    : 	at android.widget.FrameLayout.onLayout(FrameLayout.java:261)
11-26 16:35:24.075  2231  2231 E Feed    : 	at android.view.View.layout(View.java:17520)
11-26 16:35:24.075  2231  2231 E Feed    : 	at android.view.ViewGroup.layout(ViewGroup.java:5612)
11-26 16:35:24.075  2231  2231 E Feed    : 	at android.support.v7.widget.ActionBarOverlayLayout.onLayout(ActionBarOverlayLayout.java:435)
11-26 16:35:24.075  2231  2231 E Feed    : 	at android.view.View.layout(View.java:17520)
11-26 16:35:24.075  2231  2231 E Feed    : 	at android.view.ViewGroup.layout(ViewGroup.java:5612)
11-26 16:35:24.075  2231  2231 E Feed    : 	at android.widget.FrameLayout.layoutChildren(FrameLayout.java:323)
11-26 16:35:24.075  2231  2231 E Feed    : 	at android.widget.FrameLayout.onLayout(FrameLayout.java:261)
11-26 16:35:24.075  2231  2231 E Feed    : 	at android.view.View.layout(View.java:17520)
11-26 16:35:24.075  2231  2231 E Feed    : 	at android.view.ViewGroup.layout(ViewGroup.java:5612)
11-26 16:35:24.075  2231  2231 E Feed    : 	at android.widget.LinearLayout.setChildFrame(LinearLayout.java:1741)
11-26 16:35:24.075  2231  2231 E Feed    : 	at android.widget.LinearLayout.layoutVertical(LinearLayout.java:1585)
11-26 16:35:24.075  2231  2231 E Feed    : 	at android.widget.LinearLayout.onLayout(LinearLayout.java:1494)
11-26 16:35:24.075  2231  2231 E Feed    : 	at android.view.View.layout(View.java:17520)
11-26 16:35:24.075  2231  2231 E Feed    : 	at android.view.ViewGroup.layout(ViewGroup.java:5612)
11-26 16:35:24.075  2231  2231 E Feed    : 	at android.widget.FrameLayout.layoutChildren(FrameLayout.java:323)
11-26 16:35:24.075  2231  2231 E Feed    : 	at android.widget.FrameLayout.onLayout(FrameLayout.java:261)
11-26 16:35:24.075  2231  2231 E Feed    : 	at com.android.internal.policy.DecorView.onLayout(DecorView.java:724)
11-26 16:35:24.075  2231  2231 E Feed    : 	at android.view.View.layout(View.java:17520)
11-26 16:35:24.075  2231  2231 E Feed    : 	at android.view.ViewGroup.layout(ViewGroup.java:5612)
11-26 16:35:24.075  2231  2231 E Feed    : 	at android.view.ViewRootImpl.performLayout(ViewRootImpl.java:2342)
11-26 16:35:24.075  2231  2231 E Feed    : 	at android.view.ViewRootImpl.performTraversals(ViewRootImpl.java:2069)
11-26 16:35:24.075  2231  2231 E Feed    : 	at android.view.ViewRootImpl.doTraversal(ViewRootImpl.java:1246)
11-26 16:35:24.075  2231  2231 E Feed    : 	at android.view.ViewRootImpl$TraversalRunnable.run(ViewRootImpl.java:6301)
11-26 16:35:24.075  2231  2231 E Feed    : 	at android.view.Choreographer$CallbackRecord.run(Choreographer.java:871)
11-26 16:35:24.075  2231  2231 E Feed    : 	at android.view.Choreographer.doCallbacks(Choreographer.java:683)
11-26 16:35:24.075  2231  2231 E Feed    : 	at android.view.Choreographer.doFrame(Choreographer.java:619)
11-26 16:35:24.075  2231  2231 E Feed    : 	at android.view.Choreographer$FrameDisplayEventReceiver.run(Choreographer.java:857)
11-26 16:35:24.075  2231  2231 E Feed    : 	at android.os.Handler.handleCallback(Handler.java:751)
11-26 16:35:24.075  2231  2231 E Feed    : 	at android.os.Handler.dispatchMessage(Handler.java:95)
11-26 16:35:24.075  2231  2231 E Feed    : 	at android.os.Looper.loop(Looper.java:154)
11-26 16:35:24.075  2231  2231 E Feed    : 	at android.app.ActivityThread.main(ActivityThread.java:6077)
11-26 16:35:24.075  2231  2231 E Feed    : 	at java.lang.reflect.Method.invoke(Native Method)
11-26 16:35:24.075  2231  2231 E Feed    : 	at com.android.internal.os.ZygoteInit$MethodAndArgsCaller.run(ZygoteInit.java:865)
11-26 16:35:24.075  2231  2231 E Feed    : 	at com.android.internal.os.ZygoteInit.main(ZygoteInit.java:755)
11-26 16:35:24.198  2231  2231 D LifecycleMonitor: Lifecycle status change: br.com.catbag.gifreduxsample.ui.GifListActivity@c6c6603 in: PAUSED
11-26 16:35:24.210   979   979 D gralloc : Registering a buffer in the process that created it. This may cause memory ordering problems.
11-26 16:35:24.210   979   979 E libEGL  : called unimplemented OpenGL ES API
11-26 16:35:24.210   979   979 E SurfaceFlinger: glCheckFramebufferStatusOES error 439363597
11-26 16:35:24.210   979   979 E SurfaceFlinger: got GL_FRAMEBUFFER_COMPLETE_OES error while taking screenshot
11-26 16:35:24.212  1239  1458 W WindowManager: Screenshot failure taking screenshot for (480x800) to layer 22010
11-26 16:35:24.250  2231  2247 I TestRunner: finished: whenGifIsWatchedTest(br.com.catbag.gifreduxsample.ui.giflist.GifListActivityTest)
11-26 16:35:24.258  2231  2231 I MonitoringInstrumentation: Activities that are still in CREATED to STOPPED: 1
11-26 16:35:24.259  2231  2247 I TestRunner: started: whenScrollUpAndPlayFirstItemTest(br.com.catbag.gifreduxsample.ui.giflist.GifListActivityTest)
11-26 16:35:24.261  2231  2231 I MonitoringInstrumentation: Activities that are still in CREATED to STOPPED: 1
11-26 16:35:24.318  2231  2248 I DroidFlux:Dispatcher: [STARTED] dispatch of action [FAKE_REDUCE_ACTION]
11-26 16:35:24.318  2231  2248 I DroidFlux:Dispatcher: [COMPLETED] dispatch of action [FAKE_REDUCE_ACTION]
11-26 16:35:24.451  1239  1260 I WindowManager: Destroying surface Surface(name=Starting br.com.catbag.gifreduxsample) called by com.android.server.wm.WindowStateAnimator.destroySurface:2014 com.android.server.wm.WindowStateAnimator.destroySurfaceLocked:881 com.android.server.wm.WindowState.removeLocked:1449 com.android.server.wm.WindowManagerService.removeWindowInnerLocked:2478 com.android.server.wm.AppWindowToken.destroySurfaces:365 com.android.server.wm.WindowStateAnimator.finishExit:565 com.android.server.wm.WindowStateAnimator.stepAnimationLocked:491 com.android.server.wm.WindowAnimator.updateWindowsLocked:303 
11-26 16:35:24.467  1239  1249 I art     : Background sticky concurrent mark sweep GC freed 31144(2MB) AllocSpace objects, 11(220KB) LOS objects, 28% free, 7MB/10MB, paused 4.884ms total 362.954ms
11-26 16:35:24.540  2231  2280 D ActivityTestRule: Launching activity br.com.catbag.gifreduxsample.ui.GifListActivity
11-26 16:35:24.550  1725  1725 I Choreographer: Skipped 50 frames!  The application may be doing too much work on its main thread.
11-26 16:35:24.566  2231  2281 D MonitoringInstrumentation: execStartActivity(context, ibinder, ibinder, activity, intent, int, bundle
11-26 16:35:24.566  1239  1691 I ActivityManager: START u0 {flg=0x10000000 cmp=br.com.catbag.gifreduxsample/.ui.GifListActivity} from uid 10060 on display 0
11-26 16:35:24.720  2231  2231 D LifecycleMonitor: Lifecycle status change: br.com.catbag.gifreduxsample.ui.GifListActivity@8a5f93f in: PRE_ON_CREATE
11-26 16:35:24.753  1239  1370 I WindowManager: Destroying surface Surface(name=com.android.launcher3/com.android.launcher3.Launcher) called by com.android.server.wm.WindowStateAnimator.destroySurface:2014 com.android.server.wm.WindowStateAnimator.destroySurfaceLocked:881 com.android.server.wm.WindowState.destroyOrSaveSurface:2073 com.android.server.wm.AppWindowToken.destroySurfaces:363 com.android.server.wm.AppWindowToken.notifyAppStopped:389 com.android.server.wm.WindowManagerService.notifyAppStopped:4456 com.android.server.am.ActivityStack.activityStoppedLocked:1252 com.android.server.am.ActivityManagerService.activityStopped:6873 
11-26 16:35:24.771  2231  2231 D LifecycleMonitor: Lifecycle status change: br.com.catbag.gifreduxsample.ui.GifListActivity@8a5f93f in: CREATED
11-26 16:35:24.772  2231  2248 I DroidFlux:Dispatcher: [STARTED] dispatch of action [APP_STATE_LOAD]
11-26 16:35:24.772  2231  2248 D DroidFlux:Dispatcher: An action of type [APP_STATE_LOAD] was dispatched, but no reducer handled it
11-26 16:35:24.772  2231  2248 I DroidFlux:Dispatcher: [COMPLETED] dispatch of action [APP_STATE_LOAD]
11-26 16:35:24.772  2231  2231 D LifecycleMonitor: Lifecycle status change: br.com.catbag.gifreduxsample.ui.GifListActivity@8a5f93f in: STARTED
11-26 16:35:24.774  2231  2231 D LifecycleMonitor: Lifecycle status change: br.com.catbag.gifreduxsample.ui.GifListActivity@8a5f93f in: RESUMED
11-26 16:35:24.816  2231  2231 D LifecycleMonitor: Lifecycle status change: br.com.catbag.gifreduxsample.ui.GifListActivity@c6c6603 in: STOPPED
11-26 16:35:24.816  2231  2231 D LifecycleMonitor: Lifecycle status change: br.com.catbag.gifreduxsample.ui.GifListActivity@c6c6603 in: DESTROYED
11-26 16:35:24.834  1239  1702 I WindowManager: Destroying surface Surface(name=br.com.catbag.gifreduxsample/br.com.catbag.gifreduxsample.ui.GifListActivity) called by com.android.server.wm.WindowStateAnimator.destroySurface:2014 com.android.server.wm.WindowStateAnimator.destroySurfaceLocked:881 com.android.server.wm.WindowState.removeLocked:1449 com.android.server.wm.WindowManagerService.removeWindowInnerLocked:2478 com.android.server.wm.WindowManagerService.removeWindowLocked:2436 com.android.server.wm.WindowManagerService.removeWindowLocked:2305 com.android.server.wm.WindowManagerService.removeWindow:2300 com.android.server.wm.Session.remove:193 
11-26 16:35:24.914  2231  2235 I art     : Do partial code cache collection, code=122KB, data=114KB
11-26 16:35:24.919  2231  2235 I art     : After code cache collection, code=121KB, data=114KB
11-26 16:35:24.919  2231  2235 I art     : Increasing code cache capacity to 512KB
11-26 16:35:24.920  2231  2248 I DroidFlux:Dispatcher: [STARTED] dispatch of action [GIF_LIST_FETCHING]
11-26 16:35:24.921  2231  2248 D DroidFlux:Dispatcher: An action of type [GIF_LIST_FETCHING] was dispatched, but no reducer handled it
11-26 16:35:24.921  2231  2248 I DroidFlux:Dispatcher: [COMPLETED] dispatch of action [GIF_LIST_FETCHING]
11-26 16:35:24.958  2231  2231 W ResourceType: No package identifier when getting name for resource number 0x000000f7
11-26 16:35:24.959  2231  2231 I ViewInteraction: Performing 'scroll RecyclerView to position: 4' action on view with id: 247 (resource name not found)
11-26 16:35:24.964  1239  1260 I ActivityManager: Displayed br.com.catbag.gifreduxsample/.ui.GifListActivity: +271ms (total +1s293ms)
11-26 16:35:25.179  1239  1260 I WindowManager: Destroying surface Surface(name=Starting br.com.catbag.gifreduxsample) called by com.android.server.wm.WindowStateAnimator.destroySurface:2014 com.android.server.wm.WindowStateAnimator.destroySurfaceLocked:881 com.android.server.wm.WindowState.destroyOrSaveSurface:2073 com.android.server.wm.AppWindowToken.destroySurfaces:363 com.android.server.wm.WindowStateAnimator.finishExit:565 com.android.server.wm.WindowStateAnimator.stepAnimationLocked:491 com.android.server.wm.WindowAnimator.updateWindowsLocked:303 com.android.server.wm.WindowAnimator.animateLocked:704 
11-26 16:35:25.271  2231  2231 W ResourceType: No package identifier when getting name for resource number 0x000000f7
11-26 16:35:25.285  2231  2231 W ResourceType: No package identifier when getting name for resource number 0x000000f8
11-26 16:35:25.285  2231  2231 I ViewInteraction: Performing 'actionOnItemAtPosition performing ViewAction: single click on item at position: 0' action on view with id: 248 (resource name not found)
11-26 16:35:25.516  2231  2248 I DroidFlux:Dispatcher: [STARTED] dispatch of action [GIF_PLAY]
11-26 16:35:25.516  2231  2248 I DroidFlux:Dispatcher: [COMPLETED] dispatch of action [GIF_PLAY]
11-26 16:35:26.137  2231  2247 I TestRunner: finished: whenScrollUpAndPlayFirstItemTest(br.com.catbag.gifreduxsample.ui.giflist.GifListActivityTest)
11-26 16:35:26.166  2231  2231 I MonitoringInstrumentation: Activities that are still in CREATED to STOPPED: 1
11-26 16:35:26.167  2231  2247 I TestRunner: started: whenEndlessScrollTriggered(br.com.catbag.gifreduxsample.ui.giflist.GifListActivityTest)
11-26 16:35:26.191  2231  2231 I MonitoringInstrumentation: Activities that are still in CREATED to STOPPED: 1
11-26 16:35:26.191  2231  2231 D LifecycleMonitor: Lifecycle status change: br.com.catbag.gifreduxsample.ui.GifListActivity@8a5f93f in: PAUSED
11-26 16:35:26.228   979   979 D gralloc : Registering a buffer in the process that created it. This may cause memory ordering problems.
11-26 16:35:26.228   979   979 E libEGL  : called unimplemented OpenGL ES API
11-26 16:35:26.228   979   979 E SurfaceFlinger: glCheckFramebufferStatusOES error 439363597
11-26 16:35:26.229   979   979 E SurfaceFlinger: got GL_FRAMEBUFFER_COMPLETE_OES error while taking screenshot
11-26 16:35:26.235  1239  1370 W WindowManager: Screenshot failure taking screenshot for (480x800) to layer 21005
11-26 16:35:26.270  2231  2248 I DroidFlux:Dispatcher: [STARTED] dispatch of action [FAKE_REDUCE_ACTION]
11-26 16:35:26.285  2231  2248 I DroidFlux:Dispatcher: [COMPLETED] dispatch of action [FAKE_REDUCE_ACTION]
11-26 16:35:26.322  2231  2282 D ActivityTestRule: Launching activity br.com.catbag.gifreduxsample.ui.GifListActivity
11-26 16:35:26.324  2231  2283 D MonitoringInstrumentation: execStartActivity(context, ibinder, ibinder, activity, intent, int, bundle
11-26 16:35:26.325  1239  1381 I ActivityManager: START u0 {flg=0x10000000 cmp=br.com.catbag.gifreduxsample/.ui.GifListActivity} from uid 10060 on display 0
11-26 16:35:26.495  2231  2231 D LifecycleMonitor: Lifecycle status change: br.com.catbag.gifreduxsample.ui.GifListActivity@993f583 in: PRE_ON_CREATE
11-26 16:35:26.615  2231  2231 D LifecycleMonitor: Lifecycle status change: br.com.catbag.gifreduxsample.ui.GifListActivity@993f583 in: CREATED
11-26 16:35:26.623  2231  2248 I DroidFlux:Dispatcher: [STARTED] dispatch of action [APP_STATE_LOAD]
11-26 16:35:26.624  2231  2248 D DroidFlux:Dispatcher: An action of type [APP_STATE_LOAD] was dispatched, but no reducer handled it
11-26 16:35:26.624  2231  2248 I DroidFlux:Dispatcher: [COMPLETED] dispatch of action [APP_STATE_LOAD]
11-26 16:35:26.630  2231  2231 D LifecycleMonitor: Lifecycle status change: br.com.catbag.gifreduxsample.ui.GifListActivity@993f583 in: STARTED
11-26 16:35:26.632  2231  2231 D LifecycleMonitor: Lifecycle status change: br.com.catbag.gifreduxsample.ui.GifListActivity@993f583 in: RESUMED
11-26 16:35:26.635  2231  2231 I Choreographer: Skipped 44 frames!  The application may be doing too much work on its main thread.
11-26 16:35:26.822  2231  2242 I art     : Background partial concurrent mark sweep GC freed 18071(1208KB) AllocSpace objects, 9(1380KB) LOS objects, 24% free, 12MB/16MB, paused 4.664ms total 283.568ms
11-26 16:35:26.981  2231  2231 W ResourceType: No package identifier when getting name for resource number 0x000000fb
11-26 16:35:26.981  2231  2231 I ViewInteraction: Performing 'scroll RecyclerView to position: 9' action on view with id: 251 (resource name not found)
11-26 16:35:26.998  1239  1260 I ActivityManager: Displayed br.com.catbag.gifreduxsample/.ui.GifListActivity: +563ms
11-26 16:35:27.043  2231  2248 I DroidFlux:Dispatcher: [STARTED] dispatch of action [GIF_LIST_FETCHING]
11-26 16:35:27.045  2231  2248 D DroidFlux:Dispatcher: An action of type [GIF_LIST_FETCHING] was dispatched, but no reducer handled it
11-26 16:35:27.045  2231  2248 I DroidFlux:Dispatcher: [COMPLETED] dispatch of action [GIF_LIST_FETCHING]
11-26 16:35:27.045  2231  2248 I DroidFlux:Dispatcher: [STARTED] dispatch of action [GIF_LIST_UPDATED]
11-26 16:35:27.046  2231  2248 I DroidFlux:Dispatcher: [COMPLETED] dispatch of action [GIF_LIST_UPDATED]
11-26 16:35:27.209  1239  1260 I WindowManager: Destroying surface Surface(name=Starting br.com.catbag.gifreduxsample) called by com.android.server.wm.WindowStateAnimator.destroySurface:2014 com.android.server.wm.WindowStateAnimator.destroySurfaceLocked:881 com.android.server.wm.WindowState.destroyOrSaveSurface:2073 com.android.server.wm.AppWindowToken.destroySurfaces:363 com.android.server.wm.WindowStateAnimator.finishExit:565 com.android.server.wm.WindowStateAnimator.stepAnimationLocked:491 com.android.server.wm.WindowAnimator.updateWindowsLocked:303 com.android.server.wm.WindowAnimator.animateLocked:704 
11-26 16:35:27.254  2231  2231 D LifecycleMonitor: Lifecycle status change: br.com.catbag.gifreduxsample.ui.GifListActivity@8a5f93f in: STOPPED
11-26 16:35:27.258  2231  2231 D LifecycleMonitor: Lifecycle status change: br.com.catbag.gifreduxsample.ui.GifListActivity@8a5f93f in: DESTROYED
11-26 16:35:27.264  1239  1702 I WindowManager: Destroying surface Surface(name=br.com.catbag.gifreduxsample/br.com.catbag.gifreduxsample.ui.GifListActivity) called by com.android.server.wm.WindowStateAnimator.destroySurface:2014 com.android.server.wm.WindowStateAnimator.destroySurfaceLocked:881 com.android.server.wm.WindowState.removeLocked:1449 com.android.server.wm.WindowManagerService.removeWindowInnerLocked:2478 com.android.server.wm.WindowManagerService.removeWindowLocked:2436 com.android.server.wm.WindowManagerService.removeWindowLocked:2305 com.android.server.wm.WindowManagerService.removeWindow:2300 com.android.server.wm.Session.remove:193 
11-26 16:35:27.268  1239  1381 I WindowManager: Destroying surface Surface(name=com.android.launcher3/com.android.launcher3.Launcher) called by com.android.server.wm.WindowStateAnimator.destroySurface:2014 com.android.server.wm.WindowStateAnimator.destroySurfaceLocked:881 com.android.server.wm.WindowState.destroyOrSaveSurface:2073 com.android.server.wm.AppWindowToken.destroySurfaces:363 com.android.server.wm.AppWindowToken.notifyAppStopped:389 com.android.server.wm.WindowManagerService.notifyAppStopped:4456 com.android.server.am.ActivityStack.activityStoppedLocked:1252 com.android.server.am.ActivityManagerService.activityStopped:6873 
11-26 16:35:27.381  2231  2231 W ResourceType: No package identifier when getting name for resource number 0x000000fb
11-26 16:35:27.408  2231  2231 D LifecycleMonitor: Lifecycle status change: br.com.catbag.gifreduxsample.ui.GifListActivity@993f583 in: PAUSED
11-26 16:35:27.416  2231  2247 I TestRunner: finished: whenEndlessScrollTriggered(br.com.catbag.gifreduxsample.ui.giflist.GifListActivityTest)
11-26 16:35:27.462   979   979 D gralloc : Registering a buffer in the process that created it. This may cause memory ordering problems.
11-26 16:35:27.462   979   979 E libEGL  : called unimplemented OpenGL ES API
11-26 16:35:27.462   979   979 E SurfaceFlinger: glCheckFramebufferStatusOES error 439363597
11-26 16:35:27.462   979   979 E SurfaceFlinger: got GL_FRAMEBUFFER_COMPLETE_OES error while taking screenshot
11-26 16:35:27.464  1239  1251 W WindowManager: Screenshot failure taking screenshot for (480x800) to layer 21010
11-26 16:35:27.470  2231  2231 I MonitoringInstrumentation: Activities that are still in CREATED to STOPPED: 1
11-26 16:35:27.473  2231  2247 I TestRunner: started: whenGifIsDownloadedTest(br.com.catbag.gifreduxsample.ui.giflist.GifListActivityTest)
11-26 16:35:27.475  2231  2231 I MonitoringInstrumentation: Activities that are still in CREATED to STOPPED: 1
11-26 16:35:27.540  2231  2248 I DroidFlux:Dispatcher: [STARTED] dispatch of action [FAKE_REDUCE_ACTION]
11-26 16:35:27.541  2231  2248 I DroidFlux:Dispatcher: [COMPLETED] dispatch of action [FAKE_REDUCE_ACTION]
11-26 16:35:27.570  2231  2285 D ActivityTestRule: Launching activity br.com.catbag.gifreduxsample.ui.GifListActivity
11-26 16:35:27.581  2231  2286 D MonitoringInstrumentation: execStartActivity(context, ibinder, ibinder, activity, intent, int, bundle
11-26 16:35:27.586  1239  1370 I ActivityManager: START u0 {flg=0x10000000 cmp=br.com.catbag.gifreduxsample/.ui.GifListActivity} from uid 10060 on display 0
11-26 16:35:27.701  2231  2231 D LifecycleMonitor: Lifecycle status change: br.com.catbag.gifreduxsample.ui.GifListActivity@464598f in: PRE_ON_CREATE
11-26 16:35:27.716  2231  2231 D LifecycleMonitor: Lifecycle status change: br.com.catbag.gifreduxsample.ui.GifListActivity@464598f in: CREATED
11-26 16:35:27.716  2231  2231 D LifecycleMonitor: Lifecycle status change: br.com.catbag.gifreduxsample.ui.GifListActivity@464598f in: STARTED
11-26 16:35:27.718  2231  2231 D LifecycleMonitor: Lifecycle status change: br.com.catbag.gifreduxsample.ui.GifListActivity@464598f in: RESUMED
11-26 16:35:27.726  2231  2248 I DroidFlux:Dispatcher: [STARTED] dispatch of action [APP_STATE_LOAD]
11-26 16:35:27.778  2231  2248 D DroidFlux:Dispatcher: An action of type [APP_STATE_LOAD] was dispatched, but no reducer handled it
11-26 16:35:27.778  2231  2248 I DroidFlux:Dispatcher: [COMPLETED] dispatch of action [APP_STATE_LOAD]
11-26 16:35:27.851  1239  1260 I Choreographer: Skipped 33 frames!  The application may be doing too much work on its main thread.
11-26 16:35:27.932  2231  2231 D LifecycleMonitor: Lifecycle status change: br.com.catbag.gifreduxsample.ui.GifListActivity@464598f in: PAUSED
11-26 16:35:27.956  2231  2247 I TestRunner: finished: whenGifIsDownloadedTest(br.com.catbag.gifreduxsample.ui.giflist.GifListActivityTest)
11-26 16:35:28.002   979   979 D gralloc : Registering a buffer in the process that created it. This may cause memory ordering problems.
11-26 16:35:28.003   979   979 E SurfaceFlinger: glCheckFramebufferStatusOES error 439363597
11-26 16:35:28.003   979   979 E SurfaceFlinger: got GL_FRAMEBUFFER_COMPLETE_OES error while taking screenshot
11-26 16:35:28.008  1239  1381 W WindowManager: Screenshot failure taking screenshot for (480x800) to layer 22015
11-26 16:35:28.036  1239  1260 I Choreographer: Skipped 30 frames!  The application may be doing too much work on its main thread.
11-26 16:35:28.042  2231  2231 I MonitoringInstrumentation: Activities that are still in CREATED to STOPPED: 2
11-26 16:35:28.043  2231  2231 D LifecycleMonitor: Lifecycle status change: br.com.catbag.gifreduxsample.ui.GifListActivity@464598f in: STOPPED
11-26 16:35:28.043  2231  2231 D LifecycleMonitor: Lifecycle status change: br.com.catbag.gifreduxsample.ui.GifListActivity@464598f in: DESTROYED
11-26 16:35:28.044  2231  2247 I TestRunner: started: whenPlayGifTest(br.com.catbag.gifreduxsample.ui.giflist.GifListActivityTest)
11-26 16:35:28.055  1239  1250 I WindowManager: Destroying surface Surface(name=br.com.catbag.gifreduxsample/br.com.catbag.gifreduxsample.ui.GifListActivity) called by com.android.server.wm.WindowStateAnimator.destroySurface:2014 com.android.server.wm.WindowStateAnimator.destroySurfaceLocked:881 com.android.server.wm.WindowState.removeLocked:1449 com.android.server.wm.WindowManagerService.removeWindowInnerLocked:2478 com.android.server.wm.WindowManagerService.removeWindowLocked:2436 com.android.server.wm.WindowManagerService.removeWindowLocked:2305 com.android.server.wm.WindowManagerService.removeWindow:2300 com.android.server.wm.Session.remove:193 
11-26 16:35:28.104  2231  2231 D LifecycleMonitor: Lifecycle status change: br.com.catbag.gifreduxsample.ui.GifListActivity@993f583 in: STOPPED
11-26 16:35:28.104  2231  2231 D LifecycleMonitor: Lifecycle status change: br.com.catbag.gifreduxsample.ui.GifListActivity@993f583 in: DESTROYED
11-26 16:35:28.152  2231  2231 I MonitoringInstrumentation: Activities that are still in CREATED to STOPPED: 0
11-26 16:35:28.154  2231  2231 W IInputConnectionWrapper: reportFullscreenMode on inexistent InputConnection
11-26 16:35:28.200  2231  2248 I DroidFlux:Dispatcher: [STARTED] dispatch of action [FAKE_REDUCE_ACTION]
11-26 16:35:28.201  2231  2248 I DroidFlux:Dispatcher: [COMPLETED] dispatch of action [FAKE_REDUCE_ACTION]
11-26 16:35:28.334  2231  2287 D ActivityTestRule: Launching activity br.com.catbag.gifreduxsample.ui.GifListActivity
11-26 16:35:28.341  2231  2288 D MonitoringInstrumentation: execStartActivity(context, ibinder, ibinder, activity, intent, int, bundle
11-26 16:35:28.342  1239  1251 I ActivityManager: START u0 {flg=0x10000000 cmp=br.com.catbag.gifreduxsample/.ui.GifListActivity} from uid 10060 on display 0
11-26 16:35:28.396  2231  2231 D LifecycleMonitor: Lifecycle status change: br.com.catbag.gifreduxsample.ui.GifListActivity@5834d05 in: PRE_ON_CREATE
11-26 16:35:28.413  1239  1260 I WindowManager: Destroying surface Surface(name=br.com.catbag.gifreduxsample/br.com.catbag.gifreduxsample.ui.GifListActivity) called by com.android.server.wm.WindowStateAnimator.destroySurface:2014 com.android.server.wm.WindowStateAnimator.destroySurfaceLocked:881 com.android.server.wm.WindowState.removeLocked:1449 com.android.server.wm.WindowManagerService.removeWindowInnerLocked:2478 com.android.server.wm.AppWindowToken.destroySurfaces:365 com.android.server.wm.WindowStateAnimator.finishExit:565 com.android.server.wm.WindowStateAnimator.stepAnimationLocked:491 com.android.server.wm.WindowAnimator.updateWindowsLocked:303 
11-26 16:35:28.450  1239  1260 I WindowManager: Destroying surface Surface(name=Starting br.com.catbag.gifreduxsample) called by com.android.server.wm.WindowStateAnimator.destroySurface:2014 com.android.server.wm.WindowStateAnimator.destroySurfaceLocked:881 com.android.server.wm.WindowState.destroyOrSaveSurface:2073 com.android.server.wm.AppWindowToken.destroySurfaces:363 com.android.server.wm.WindowStateAnimator.finishExit:565 com.android.server.wm.AppWindowAnimator.stepAnimationLocked:427 com.android.server.wm.WindowAnimator.updateAppWindowsLocked:196 com.android.server.wm.WindowAnimator.animateLocked:678 
11-26 16:35:28.455  1239  1260 E WindowManager: Unhandled exception in Window Manager
11-26 16:35:28.455  1239  1260 E WindowManager: java.lang.IndexOutOfBoundsException: Index: 1, Size: 0
11-26 16:35:28.455  1239  1260 E WindowManager: 	at java.util.ArrayList.get(ArrayList.java:411)
11-26 16:35:28.455  1239  1260 E WindowManager: 	at com.android.server.wm.WindowAnimator.updateAppWindowsLocked(WindowAnimator.java:194)
11-26 16:35:28.455  1239  1260 E WindowManager: 	at com.android.server.wm.WindowAnimator.animateLocked(WindowAnimator.java:678)
11-26 16:35:28.455  1239  1260 E WindowManager: 	at com.android.server.wm.WindowAnimator.-wrap0(WindowAnimator.java)
11-26 16:35:28.455  1239  1260 E WindowManager: 	at com.android.server.wm.WindowAnimator$1.doFrame(WindowAnimator.java:140)
11-26 16:35:28.455  1239  1260 E WindowManager: 	at android.view.Choreographer$CallbackRecord.run(Choreographer.java:869)
11-26 16:35:28.455  1239  1260 E WindowManager: 	at android.view.Choreographer.doCallbacks(Choreographer.java:683)
11-26 16:35:28.455  1239  1260 E WindowManager: 	at android.view.Choreographer.doFrame(Choreographer.java:616)
11-26 16:35:28.455  1239  1260 E WindowManager: 	at android.view.Choreographer$FrameDisplayEventReceiver.run(Choreographer.java:857)
11-26 16:35:28.455  1239  1260 E WindowManager: 	at android.os.Handler.handleCallback(Handler.java:751)
11-26 16:35:28.455  1239  1260 E WindowManager: 	at android.os.Handler.dispatchMessage(Handler.java:95)
11-26 16:35:28.455  1239  1260 E WindowManager: 	at android.os.Looper.loop(Looper.java:154)
11-26 16:35:28.455  1239  1260 E WindowManager: 	at android.os.HandlerThread.run(HandlerThread.java:61)
11-26 16:35:28.455  1239  1260 E WindowManager: 	at com.android.server.ServiceThread.run(ServiceThread.java:46)
11-26 16:35:28.566  1239  1260 I Choreographer: Skipped 31 frames!  The application may be doing too much work on its main thread.
11-26 16:35:28.578  2231  2231 D LifecycleMonitor: Lifecycle status change: br.com.catbag.gifreduxsample.ui.GifListActivity@5834d05 in: CREATED
11-26 16:35:28.579  2231  2248 I DroidFlux:Dispatcher: [STARTED] dispatch of action [APP_STATE_LOAD]
11-26 16:35:28.580  2231  2248 D DroidFlux:Dispatcher: An action of type [APP_STATE_LOAD] was dispatched, but no reducer handled it
11-26 16:35:28.580  2231  2248 I DroidFlux:Dispatcher: [COMPLETED] dispatch of action [APP_STATE_LOAD]
11-26 16:35:28.580  2231  2231 D LifecycleMonitor: Lifecycle status change: br.com.catbag.gifreduxsample.ui.GifListActivity@5834d05 in: STARTED
11-26 16:35:28.582  2231  2231 D LifecycleMonitor: Lifecycle status change: br.com.catbag.gifreduxsample.ui.GifListActivity@5834d05 in: RESUMED
11-26 16:35:28.769  2231  2231 I ViewInteraction: Performing 'single click' action on view with id: br.com.catbag.gifreduxsample:id/gif_image
11-26 16:35:28.813  1239  1260 I ActivityManager: Displayed br.com.catbag.gifreduxsample/.ui.GifListActivity: +442ms
11-26 16:35:28.835  2231  2248 I DroidFlux:Dispatcher: [STARTED] dispatch of action [GIF_PLAY]
11-26 16:35:28.836  2231  2248 I DroidFlux:Dispatcher: [COMPLETED] dispatch of action [GIF_PLAY]
11-26 16:35:28.868   990  1029 D AudioFlinger: mixer(0xb60036c0) throttle end: throttle time(11)
11-26 16:35:28.889   990  1029 D AudioFlinger: mixer(0xb60036c0) throttle end: throttle time(11)
11-26 16:35:29.019  1239  1260 I WindowManager: Destroying surface Surface(name=Starting br.com.catbag.gifreduxsample) called by com.android.server.wm.WindowStateAnimator.destroySurface:2014 com.android.server.wm.WindowStateAnimator.destroySurfaceLocked:881 com.android.server.wm.WindowState.destroyOrSaveSurface:2073 com.android.server.wm.AppWindowToken.destroySurfaces:363 com.android.server.wm.WindowStateAnimator.finishExit:565 com.android.server.wm.WindowStateAnimator.stepAnimationLocked:491 com.android.server.wm.WindowAnimator.updateWindowsLocked:303 com.android.server.wm.WindowAnimator.animateLocked:704 
11-26 16:35:29.426  1239  1458 I WindowManager: Destroying surface Surface(name=com.android.launcher3/com.android.launcher3.Launcher) called by com.android.server.wm.WindowStateAnimator.destroySurface:2014 com.android.server.wm.WindowStateAnimator.destroySurfaceLocked:881 com.android.server.wm.WindowState.destroyOrSaveSurface:2073 com.android.server.wm.AppWindowToken.destroySurfaces:363 com.android.server.wm.AppWindowToken.notifyAppStopped:389 com.android.server.wm.WindowManagerService.notifyAppStopped:4456 com.android.server.am.ActivityStack.activityStoppedLocked:1252 com.android.server.am.ActivityManagerService.activityStopped:6873 
11-26 16:35:29.505  2231  2231 D LifecycleMonitor: Lifecycle status change: br.com.catbag.gifreduxsample.ui.GifListActivity@5834d05 in: PAUSED
11-26 16:35:29.545  2231  2247 I TestRunner: finished: whenPlayGifTest(br.com.catbag.gifreduxsample.ui.giflist.GifListActivityTest)
11-26 16:35:29.563   979   979 D gralloc : Registering a buffer in the process that created it. This may cause memory ordering problems.
11-26 16:35:29.563   979   979 E libEGL  : called unimplemented OpenGL ES API
11-26 16:35:29.564   979   979 E SurfaceFlinger: glCheckFramebufferStatusOES error 439363597
11-26 16:35:29.564   979   979 E SurfaceFlinger: got GL_FRAMEBUFFER_COMPLETE_OES error while taking screenshot
11-26 16:35:29.565  1239  1381 W WindowManager: Screenshot failure taking screenshot for (480x800) to layer 21005
11-26 16:35:29.629  1239  1253 W art     : Long monitor contention with owner Binder:1239_4 (1381) at void com.android.server.am.ActivityManagerService.activityPaused(android.os.IBinder)(ActivityManagerService.java:6849) waiters=0 in void com.android.server.am.ActivityStackSupervisor$ActivityStackSupervisorHandler.activityIdleInternal(com.android.server.am.ActivityRecord) for 112ms
11-26 16:35:29.636  2231  2231 I MonitoringInstrumentation: Activities that are still in CREATED to STOPPED: 1
11-26 16:35:29.641  2231  2247 I TestRunner: started: whenGifListIsEmpty(br.com.catbag.gifreduxsample.ui.giflist.GifListActivityTest)
11-26 16:35:29.654  2231  2231 I MonitoringInstrumentation: Activities that are still in CREATED to STOPPED: 1
11-26 16:35:29.699  2231  2248 I DroidFlux:Dispatcher: [STARTED] dispatch of action [FAKE_REDUCE_ACTION]
11-26 16:35:29.701  2231  2248 I DroidFlux:Dispatcher: [COMPLETED] dispatch of action [FAKE_REDUCE_ACTION]
11-26 16:35:29.702  2231  2295 D ActivityTestRule: Launching activity br.com.catbag.gifreduxsample.ui.GifListActivity
11-26 16:35:29.703  2231  2296 D MonitoringInstrumentation: execStartActivity(context, ibinder, ibinder, activity, intent, int, bundle
11-26 16:35:29.704  1239  1458 I ActivityManager: START u0 {flg=0x10000000 cmp=br.com.catbag.gifreduxsample/.ui.GifListActivity} from uid 10060 on display 0
