11-24 18:47:43.092  2256  2256 E Feed    : 	at android.support.v7.widget.RecyclerView.dispatchLayout(RecyclerView.java:3069)
11-24 18:47:43.092  2256  2256 E Feed    : 	at android.support.v7.widget.RecyclerView.onLayout(RecyclerView.java:3518)
11-24 18:47:43.092  2256  2256 E Feed    : 	at android.view.View.layout(View.java:17520)
11-24 18:47:43.092  2256  2256 E Feed    : 	at android.view.ViewGroup.layout(ViewGroup.java:5612)
11-24 18:47:43.092  2256  2256 E Feed    : 	at android.widget.FrameLayout.layoutChildren(FrameLayout.java:323)
11-24 18:47:43.092  2256  2256 E Feed    : 	at android.widget.FrameLayout.onLayout(FrameLayout.java:261)
11-24 18:47:43.092  2256  2256 E Feed    : 	at android.view.View.layout(View.java:17520)
11-24 18:47:43.092  2256  2256 E Feed    : 	at android.view.ViewGroup.layout(ViewGroup.java:5612)
11-24 18:47:43.092  2256  2256 E Feed    : 	at android.widget.RelativeLayout.onLayout(RelativeLayout.java:1079)
11-24 18:47:43.092  2256  2256 E Feed    : 	at android.view.View.layout(View.java:17520)
11-24 18:47:43.092  2256  2256 E Feed    : 	at android.view.ViewGroup.layout(ViewGroup.java:5612)
11-24 18:47:43.092  2256  2256 E Feed    : 	at android.widget.FrameLayout.layoutChildren(FrameLayout.java:323)
11-24 18:47:43.092  2256  2256 E Feed    : 	at android.widget.FrameLayout.onLayout(FrameLayout.java:261)
11-24 18:47:43.092  2256  2256 E Feed    : 	at android.view.View.layout(View.java:17520)
11-24 18:47:43.092  2256  2256 E Feed    : 	at android.view.ViewGroup.layout(ViewGroup.java:5612)
11-24 18:47:43.092  2256  2256 E Feed    : 	at android.support.v7.widget.ActionBarOverlayLayout.onLayout(ActionBarOverlayLayout.java:435)
11-24 18:47:43.092  2256  2256 E Feed    : 	at android.view.View.layout(View.java:17520)
11-24 18:47:43.092  2256  2256 E Feed    : 	at android.view.ViewGroup.layout(ViewGroup.java:5612)
11-24 18:47:43.092  2256  2256 E Feed    : 	at android.widget.FrameLayout.layoutChildren(FrameLayout.java:323)
11-24 18:47:43.092  2256  2256 E Feed    : 	at android.widget.FrameLayout.onLayout(FrameLayout.java:261)
11-24 18:47:43.092  2256  2256 E Feed    : 	at android.view.View.layout(View.java:17520)
11-24 18:47:43.092  2256  2256 E Feed    : 	at android.view.ViewGroup.layout(ViewGroup.java:5612)
11-24 18:47:43.092  2256  2256 E Feed    : 	at android.widget.LinearLayout.setChildFrame(LinearLayout.java:1741)
11-24 18:47:43.092  2256  2256 E Feed    : 	at android.widget.LinearLayout.layoutVertical(LinearLayout.java:1585)
11-24 18:47:43.092  2256  2256 E Feed    : 	at android.widget.LinearLayout.onLayout(LinearLayout.java:1494)
11-24 18:47:43.092  2256  2256 E Feed    : 	at android.view.View.layout(View.java:17520)
11-24 18:47:43.092  2256  2256 E Feed    : 	at android.view.ViewGroup.layout(ViewGroup.java:5612)
11-24 18:47:43.092  2256  2256 E Feed    : 	at android.widget.FrameLayout.layoutChildren(FrameLayout.java:323)
11-24 18:47:43.092  2256  2256 E Feed    : 	at android.widget.FrameLayout.onLayout(FrameLayout.java:261)
11-24 18:47:43.092  2256  2256 E Feed    : 	at com.android.internal.policy.DecorView.onLayout(DecorView.java:724)
11-24 18:47:43.092  2256  2256 E Feed    : 	at android.view.View.layout(View.java:17520)
11-24 18:47:43.092  2256  2256 E Feed    : 	at android.view.ViewGroup.layout(ViewGroup.java:5612)
11-24 18:47:43.092  2256  2256 E Feed    : 	at android.view.ViewRootImpl.performLayout(ViewRootImpl.java:2342)
11-24 18:47:43.092  2256  2256 E Feed    : 	at android.view.ViewRootImpl.performTraversals(ViewRootImpl.java:2069)
11-24 18:47:43.092  2256  2256 E Feed    : 	at android.view.ViewRootImpl.doTraversal(ViewRootImpl.java:1246)
11-24 18:47:43.092  2256  2256 E Feed    : 	at android.view.ViewRootImpl$TraversalRunnable.run(ViewRootImpl.java:6301)
11-24 18:47:43.092  2256  2256 E Feed    : 	at android.view.Choreographer$CallbackRecord.run(Choreographer.java:871)
11-24 18:47:43.092  2256  2256 E Feed    : 	at android.view.Choreographer.doCallbacks(Choreographer.java:683)
11-24 18:47:43.092  2256  2256 E Feed    : 	at android.view.Choreographer.doFrame(Choreographer.java:619)
11-24 18:47:43.092  2256  2256 E Feed    : 	at android.view.Choreographer$FrameDisplayEventReceiver.run(Choreographer.java:857)
11-24 18:47:43.092  2256  2256 E Feed    : 	at android.os.Handler.handleCallback(Handler.java:751)
11-24 18:47:43.092  2256  2256 E Feed    : 	at android.os.Handler.dispatchMessage(Handler.java:95)
11-24 18:47:43.092  2256  2256 E Feed    : 	at android.os.Looper.loop(Looper.java:154)
11-24 18:47:43.092  2256  2256 E Feed    : 	at android.app.ActivityThread.main(ActivityThread.java:6077)
11-24 18:47:43.092  2256  2256 E Feed    : 	at java.lang.reflect.Method.invoke(Native Method)
11-24 18:47:43.092  2256  2256 E Feed    : 	at com.android.internal.os.ZygoteInit$MethodAndArgsCaller.run(ZygoteInit.java:865)
11-24 18:47:43.092  2256  2256 E Feed    : 	at com.android.internal.os.ZygoteInit.main(ZygoteInit.java:755)
11-24 18:47:43.215  2256  2256 D LifecycleMonitor: Lifecycle status change: br.com.catbag.gifreduxsample.ui.GifListActivity@e176179 in: PAUSED
11-24 18:47:43.231  2256  2272 I TestRunner: finished: whenGifIsNotWatchedTest(br.com.catbag.gifreduxsample.ui.giflist.GifListActivityTest)
11-24 18:47:43.280   979   979 D gralloc : Registering a buffer in the process that created it. This may cause memory ordering problems.
11-24 18:47:43.281   979   979 E SurfaceFlinger: glCheckFramebufferStatusOES error 1025979246
11-24 18:47:43.281   979   979 E SurfaceFlinger: got GL_FRAMEBUFFER_COMPLETE_OES error while taking screenshot
11-24 18:47:43.283  1239  1251 W WindowManager: Screenshot failure taking screenshot for (480x800) to layer 22020
11-24 18:47:43.357  1239  1260 I Choreographer: Skipped 53 frames!  The application may be doing too much work on its main thread.
11-24 18:47:43.382  2256  2256 I MonitoringInstrumentation: Activities that are still in CREATED to STOPPED: 2
11-24 18:47:43.384  2256  2272 I TestRunner: started: whenGifIsDownloadingTest(br.com.catbag.gifreduxsample.ui.giflist.GifListActivityTest)
11-24 18:47:43.406  2256  2256 I MonitoringInstrumentation: Activities that are still in CREATED to STOPPED: 2
11-24 18:47:43.420  1239  1352 W InputMethodManagerService: Starting input on non-focused client com.android.internal.view.IInputMethodClient$Stub$Proxy@51f2de7 (uid=10060 pid=2256)
11-24 18:47:43.469  2256  2273 I DroidFlux:Dispatcher: [STARTED] dispatch of action [FAKE_REDUCE_ACTION]
11-24 18:47:43.470  2256  2273 I DroidFlux:Dispatcher: [COMPLETED] dispatch of action [FAKE_REDUCE_ACTION]
11-24 18:47:43.470  2256  2294 D ActivityTestRule: Launching activity br.com.catbag.gifreduxsample.ui.GifListActivity
11-24 18:47:43.472  2256  2295 D MonitoringInstrumentation: execStartActivity(context, ibinder, ibinder, activity, intent, int, bundle
11-24 18:47:43.473  1239  1251 I ActivityManager: START u0 {flg=0x10000000 cmp=br.com.catbag.gifreduxsample/.ui.GifListActivity} from uid 10060 on display 0
11-24 18:47:43.620  1239  1260 I Choreographer: Skipped 47 frames!  The application may be doing too much work on its main thread.
11-24 18:47:43.644  2256  2256 D LifecycleMonitor: Lifecycle status change: br.com.catbag.gifreduxsample.ui.GifListActivity@13842a in: PRE_ON_CREATE
11-24 18:47:43.683  2256  2256 D LifecycleMonitor: Lifecycle status change: br.com.catbag.gifreduxsample.ui.GifListActivity@13842a in: CREATED
11-24 18:47:43.684  2256  2273 I DroidFlux:Dispatcher: [STARTED] dispatch of action [APP_STATE_LOAD]
11-24 18:47:43.684  2256  2273 D DroidFlux:Dispatcher: An action of type [APP_STATE_LOAD] was dispatched, but no reducer handled it
11-24 18:47:43.684  2256  2273 I DroidFlux:Dispatcher: [COMPLETED] dispatch of action [APP_STATE_LOAD]
11-24 18:47:43.684  2256  2256 D LifecycleMonitor: Lifecycle status change: br.com.catbag.gifreduxsample.ui.GifListActivity@13842a in: STARTED
11-24 18:47:43.742  2256  2256 D LifecycleMonitor: Lifecycle status change: br.com.catbag.gifreduxsample.ui.GifListActivity@13842a in: RESUMED
11-24 18:47:43.907  1239  1260 I WindowManager: Destroying surface Surface(name=Starting br.com.catbag.gifreduxsample) called by com.android.server.wm.WindowStateAnimator.destroySurface:2014 com.android.server.wm.WindowStateAnimator.destroySurfaceLocked:881 com.android.server.wm.WindowState.removeLocked:1449 com.android.server.wm.WindowManagerService.removeWindowInnerLocked:2478 com.android.server.wm.AppWindowToken.destroySurfaces:365 com.android.server.wm.WindowStateAnimator.finishExit:565 com.android.server.wm.AppWindowAnimator.stepAnimationLocked:427 com.android.server.wm.WindowAnimator.updateAppWindowsLocked:176 
11-24 18:47:43.975  2256  2256 D LifecycleMonitor: Lifecycle status change: br.com.catbag.gifreduxsample.ui.GifListActivity@13842a in: PAUSED
11-24 18:47:44.014  2256  2272 I TestRunner: finished: whenGifIsDownloadingTest(br.com.catbag.gifreduxsample.ui.giflist.GifListActivityTest)
11-24 18:47:44.035  1239  1352 D WindowManager: relayoutVisibleWindow: Window{49fb530 u0 com.android.launcher3/com.android.launcher3.Launcher EXITING} mAnimatingExit=true, mRemoveOnExit=false, mDestroying=false
11-24 18:47:44.081   979   979 D gralloc : Registering a buffer in the process that created it. This may cause memory ordering problems.
11-24 18:47:44.081   979   979 E libEGL  : called unimplemented OpenGL ES API
11-24 18:47:44.082   979   979 E SurfaceFlinger: glCheckFramebufferStatusOES error 1025979246
11-24 18:47:44.082   979   979 E SurfaceFlinger: got GL_FRAMEBUFFER_COMPLETE_OES error while taking screenshot
11-24 18:47:44.083  1239  1251 W WindowManager: Screenshot failure taking screenshot for (480x800) to layer 22020
11-24 18:47:44.131  2256  2256 I MonitoringInstrumentation: Activities that are still in CREATED to STOPPED: 3
11-24 18:47:44.132  2256  2272 I TestRunner: started: whenListKeepOrderedAfterPlayTest(br.com.catbag.gifreduxsample.ui.giflist.GifListActivityTest)
11-24 18:47:44.153  2256  2256 I MonitoringInstrumentation: Activities that are still in CREATED to STOPPED: 3
11-24 18:47:44.188  2256  2273 I DroidFlux:Dispatcher: [STARTED] dispatch of action [FAKE_REDUCE_ACTION]
11-24 18:47:44.188  2256  2273 I DroidFlux:Dispatcher: [COMPLETED] dispatch of action [FAKE_REDUCE_ACTION]
11-24 18:47:44.199  1326  1349 W art     : Long monitor contention with owner main (1326) at long android.os.SystemClock.uptimeMillis()(SystemClock.java:-2) waiters=0 in boolean android.os.MessageQueue.enqueueMessage(android.os.Message, long) for 761ms
11-24 18:47:44.279  1239  1260 I WindowManager: Destroying surface Surface(name=Starting br.com.catbag.gifreduxsample) called by com.android.server.wm.WindowStateAnimator.destroySurface:2014 com.android.server.wm.WindowStateAnimator.destroySurfaceLocked:881 com.android.server.wm.WindowState.removeLocked:1449 com.android.server.wm.WindowManagerService.removeWindowInnerLocked:2478 com.android.server.wm.AppWindowToken.destroySurfaces:365 com.android.server.wm.WindowStateAnimator.finishExit:565 com.android.server.wm.WindowStateAnimator.stepAnimationLocked:491 com.android.server.wm.WindowAnimator.updateWindowsLocked:303 
11-24 18:47:44.362  2256  2298 D ActivityTestRule: Launching activity br.com.catbag.gifreduxsample.ui.GifListActivity
11-24 18:47:44.374  2256  2299 D MonitoringInstrumentation: execStartActivity(context, ibinder, ibinder, activity, intent, int, bundle
11-24 18:47:44.374  1239  1352 I ActivityManager: START u0 {flg=0x10000000 cmp=br.com.catbag.gifreduxsample/.ui.GifListActivity} from uid 10060 on display 0
11-24 18:47:44.411  1832  1832 I Choreographer: Skipped 80 frames!  The application may be doing too much work on its main thread.
11-24 18:47:44.435  1832  1832 W IInputConnectionWrapper: reportFullscreenMode on inexistent InputConnection
11-24 18:47:44.526  2256  2256 D LifecycleMonitor: Lifecycle status change: br.com.catbag.gifreduxsample.ui.GifListActivity@13842a in: STOPPED
11-24 18:47:44.527  2256  2256 D LifecycleMonitor: Lifecycle status change: br.com.catbag.gifreduxsample.ui.GifListActivity@13842a in: DESTROYED
11-24 18:47:44.540  2256  2256 D LifecycleMonitor: Lifecycle status change: br.com.catbag.gifreduxsample.ui.GifListActivity@e176179 in: STOPPED
11-24 18:47:44.540  2256  2256 D LifecycleMonitor: Lifecycle status change: br.com.catbag.gifreduxsample.ui.GifListActivity@e176179 in: DESTROYED
11-24 18:47:44.545  1239  1783 I WindowManager: Destroying surface Surface(name=br.com.catbag.gifreduxsample/br.com.catbag.gifreduxsample.ui.GifListActivity) called by com.android.server.wm.WindowStateAnimator.destroySurface:2014 com.android.server.wm.WindowStateAnimator.destroySurfaceLocked:881 com.android.server.wm.WindowState.removeLocked:1449 com.android.server.wm.WindowManagerService.removeWindowInnerLocked:2478 com.android.server.wm.WindowManagerService.removeWindowLocked:2436 com.android.server.wm.WindowManagerService.removeWindowLocked:2305 com.android.server.wm.WindowManagerService.removeWindow:2300 com.android.server.wm.Session.remove:193 
11-24 18:47:44.612  1239  1260 I WindowManager: Destroying surface Surface(name=br.com.catbag.gifreduxsample/br.com.catbag.gifreduxsample.ui.GifListActivity) called by com.android.server.wm.WindowStateAnimator.destroySurface:2014 com.android.server.wm.WindowStateAnimator.destroySurfaceLocked:881 com.android.server.wm.WindowState.destroyOrSaveSurface:2073 com.android.server.wm.AppWindowToken.destroySurfaces:363 com.android.server.wm.WindowStateAnimator.finishExit:565 com.android.server.wm.AppWindowAnimator.stepAnimationLocked:427 com.android.server.wm.WindowAnimator.updateAppWindowsLocked:176 com.android.server.wm.WindowAnimator.animateLocked:678 
11-24 18:47:44.619  2256  2256 D LifecycleMonitor: Lifecycle status change: br.com.catbag.gifreduxsample.ui.GifListActivity@a406611 in: STOPPED
11-24 18:47:44.619  2256  2256 D LifecycleMonitor: Lifecycle status change: br.com.catbag.gifreduxsample.ui.GifListActivity@a406611 in: DESTROYED
11-24 18:47:44.622  1239  1533 I WindowManager: Destroying surface Surface(name=br.com.catbag.gifreduxsample/br.com.catbag.gifreduxsample.ui.GifListActivity) called by com.android.server.wm.WindowStateAnimator.destroySurface:2014 com.android.server.wm.WindowStateAnimator.destroySurfaceLocked:881 com.android.server.wm.WindowState.removeLocked:1449 com.android.server.wm.WindowManagerService.removeWindowInnerLocked:2478 com.android.server.wm.WindowManagerService.removeWindowLocked:2436 com.android.server.wm.WindowManagerService.removeWindowLocked:2305 com.android.server.wm.WindowManagerService.removeWindow:2300 com.android.server.wm.Session.remove:193 
11-24 18:47:44.649  2256  2256 D LifecycleMonitor: Lifecycle status change: br.com.catbag.gifreduxsample.ui.GifListActivity@e6555e2 in: PRE_ON_CREATE
11-24 18:47:44.801  2256  2256 D LifecycleMonitor: Lifecycle status change: br.com.catbag.gifreduxsample.ui.GifListActivity@e6555e2 in: CREATED
11-24 18:47:44.802  2256  2273 I DroidFlux:Dispatcher: [STARTED] dispatch of action [APP_STATE_LOAD]
11-24 18:47:44.803  2256  2273 D DroidFlux:Dispatcher: An action of type [APP_STATE_LOAD] was dispatched, but no reducer handled it
11-24 18:47:44.803  2256  2273 I DroidFlux:Dispatcher: [COMPLETED] dispatch of action [APP_STATE_LOAD]
11-24 18:47:44.803  2256  2256 D LifecycleMonitor: Lifecycle status change: br.com.catbag.gifreduxsample.ui.GifListActivity@e6555e2 in: STARTED
11-24 18:47:44.805  2256  2256 D LifecycleMonitor: Lifecycle status change: br.com.catbag.gifreduxsample.ui.GifListActivity@e6555e2 in: RESUMED
11-24 18:47:44.820  2256  2256 I Choreographer: Skipped 52 frames!  The application may be doing too much work on its main thread.
11-24 18:47:44.979  1326  1342 W art     : Long monitor contention with owner main (1326) at android.os.Message android.os.MessageQueue.next()(MessageQueue.java:325) waiters=0 in boolean android.os.MessageQueue.enqueueMessage(android.os.Message, long) for 569ms
11-24 18:47:45.093  2256  2256 W ResourceType: No package identifier when getting name for resource number 0x0000000c
11-24 18:47:45.094  2256  2256 I ViewInteraction: Performing 'single click' action on view with id: 12 (resource name not found)
11-24 18:47:45.150  2256  2273 I DroidFlux:Dispatcher: [STARTED] dispatch of action [GIF_PLAY]
11-24 18:47:45.151  2256  2273 I DroidFlux:Dispatcher: [COMPLETED] dispatch of action [GIF_PLAY]
11-24 18:47:45.166   989  1041 D AudioFlinger: mixer(0xb2303800) throttle end: throttle time(11)
11-24 18:47:45.186   989  1041 D AudioFlinger: mixer(0xb2303800) throttle end: throttle time(11)
11-24 18:47:45.197  2256  2261 I art     : Do partial code cache collection, code=54KB, data=62KB
11-24 18:47:45.198  2256  2261 I art     : After code cache collection, code=52KB, data=60KB
11-24 18:47:45.198  2256  2261 I art     : Increasing code cache capacity to 256KB
11-24 18:47:45.257  1239  1260 I Choreographer: Skipped 42 frames!  The application may be doing too much work on its main thread.
11-24 18:47:45.263  1239  1260 I ActivityManager: Displayed br.com.catbag.gifreduxsample/.ui.GifListActivity: +681ms (total +2s528ms)
11-24 18:47:45.525  1239  1260 I WindowManager: Destroying surface Surface(name=Starting br.com.catbag.gifreduxsample) called by com.android.server.wm.WindowStateAnimator.destroySurface:2014 com.android.server.wm.WindowStateAnimator.destroySurfaceLocked:881 com.android.server.wm.WindowState.destroyOrSaveSurface:2073 com.android.server.wm.AppWindowToken.destroySurfaces:363 com.android.server.wm.WindowStateAnimator.finishExit:565 com.android.server.wm.WindowStateAnimator.stepAnimationLocked:491 com.android.server.wm.WindowAnimator.updateWindowsLocked:303 com.android.server.wm.WindowAnimator.animateLocked:704 
11-24 18:47:45.570  1239  1352 I WindowManager: Destroying surface Surface(name=com.android.launcher3/com.android.launcher3.Launcher) called by com.android.server.wm.WindowStateAnimator.destroySurface:2014 com.android.server.wm.WindowStateAnimator.destroySurfaceLocked:881 com.android.server.wm.WindowState.destroyOrSaveSurface:2073 com.android.server.wm.AppWindowToken.destroySurfaces:363 com.android.server.wm.AppWindowToken.notifyAppStopped:389 com.android.server.wm.WindowManagerService.notifyAppStopped:4456 com.android.server.am.ActivityStack.activityStoppedLocked:1252 com.android.server.am.ActivityManagerService.activityStopped:6873 
11-24 18:47:45.913  2256  2256 W ResourceType: No package identifier when getting name for resource number 0x00000010
11-24 18:47:45.913  2256  2256 I ViewInteraction: Performing 'scroll RecyclerView to position: 2' action on view with id: 16 (resource name not found)
11-24 18:47:46.211  2256  2256 W ResourceType: No package identifier when getting name for resource number 0x00000010
11-24 18:47:46.228  2256  2256 W ResourceType: No package identifier when getting name for resource number 0x00000018
11-24 18:47:46.229  2256  2256 I ViewInteraction: Performing 'single click' action on view with id: 24 (resource name not found)
11-24 18:47:46.285  2256  2273 I DroidFlux:Dispatcher: [STARTED] dispatch of action [GIF_PLAY]
11-24 18:47:46.287  2256  2273 I DroidFlux:Dispatcher: [COMPLETED] dispatch of action [GIF_PLAY]
11-24 18:47:46.821  2256  2256 W ResourceType: No package identifier when getting name for resource number 0x0000001c
11-24 18:47:46.821  2256  2256 I ViewInteraction: Performing 'scroll RecyclerView to position: 3' action on view with id: 28 (resource name not found)
11-24 18:47:47.121  2256  2256 W ResourceType: No package identifier when getting name for resource number 0x0000001c
11-24 18:47:47.142  2256  2256 W ResourceType: No package identifier when getting name for resource number 0x00000024
11-24 18:47:47.143  2256  2256 I ViewInteraction: Performing 'single click' action on view with id: 36 (resource name not found)
11-24 18:47:47.210  2256  2273 I DroidFlux:Dispatcher: [STARTED] dispatch of action [GIF_PLAY]
11-24 18:47:47.212  2256  2273 I DroidFlux:Dispatcher: [COMPLETED] dispatch of action [GIF_PLAY]
11-24 18:47:47.558  1239  1325 E TaskPersister: File error accessing recents directory (directory doesn't exist?).
11-24 18:47:47.801  2256  2256 W ResourceType: No package identifier when getting name for resource number 0x00000028
11-24 18:47:47.802  2256  2256 I ViewInteraction: Performing 'scroll RecyclerView to position: 4' action on view with id: 40 (resource name not found)
11-24 18:47:48.118  2256  2256 W ResourceType: No package identifier when getting name for resource number 0x00000028
11-24 18:47:48.143  2256  2256 W ResourceType: No package identifier when getting name for resource number 0x00000030
11-24 18:47:48.143  2256  2256 I ViewInteraction: Performing 'single click' action on view with id: 48 (resource name not found)
11-24 18:47:48.207  2256  2273 I DroidFlux:Dispatcher: [STARTED] dispatch of action [GIF_PLAY]
11-24 18:47:48.208  2256  2273 I DroidFlux:Dispatcher: [COMPLETED] dispatch of action [GIF_PLAY]
11-24 18:47:48.276  2256  2267 I art     : Background sticky concurrent mark sweep GC freed 22426(1693KB) AllocSpace objects, 7(144KB) LOS objects, 21% free, 7MB/9MB, paused 5.744ms total 144.987ms
11-24 18:47:48.853  2256  2256 W ResourceType: No package identifier when getting name for resource number 0x00000034
11-24 18:47:48.854  2256  2256 I ViewInteraction: Performing 'scroll RecyclerView to position: 5' action on view with id: 52 (resource name not found)
11-24 18:47:49.170  2256  2256 W ResourceType: No package identifier when getting name for resource number 0x00000034
11-24 18:47:49.190  2256  2256 W ResourceType: No package identifier when getting name for resource number 0x0000003c
11-24 18:47:49.190  2256  2256 I ViewInteraction: Performing 'single click' action on view with id: 60 (resource name not found)
11-24 18:47:49.264  2256  2273 I DroidFlux:Dispatcher: [STARTED] dispatch of action [GIF_PLAY]
11-24 18:47:49.265  2256  2273 I DroidFlux:Dispatcher: [COMPLETED] dispatch of action [GIF_PLAY]
11-24 18:47:49.815  2256  2256 W ResourceType: No package identifier when getting name for resource number 0x00000040
11-24 18:47:49.832  2256  2256 I ViewInteraction: Performing 'scroll RecyclerView to position: 6' action on view with id: 64 (resource name not found)
11-24 18:47:50.130  2256  2256 W ResourceType: No package identifier when getting name for resource number 0x00000040
11-24 18:47:50.156  2256  2256 W ResourceType: No package identifier when getting name for resource number 0x00000048
11-24 18:47:50.156  2256  2256 I ViewInteraction: Performing 'single click' action on view with id: 72 (resource name not found)
11-24 18:47:50.237  2256  2273 I DroidFlux:Dispatcher: [STARTED] dispatch of action [GIF_PLAY]
11-24 18:47:50.238  2256  2273 I DroidFlux:Dispatcher: [COMPLETED] dispatch of action [GIF_PLAY]
11-24 18:47:50.824  2256  2256 W ResourceType: No package identifier when getting name for resource number 0x0000004c
11-24 18:47:50.824  2256  2256 I ViewInteraction: Performing 'scroll RecyclerView to position: 7' action on view with id: 76 (resource name not found)
11-24 18:47:50.917  2256  2267 I art     : Background sticky concurrent mark sweep GC freed 10476(917KB) AllocSpace objects, 6(128KB) LOS objects, 11% free, 8MB/9MB, paused 11.387ms total 77.492ms
11-24 18:47:51.144  2256  2256 W ResourceType: No package identifier when getting name for resource number 0x0000004c
11-24 18:47:51.157  2256  2256 W ResourceType: No package identifier when getting name for resource number 0x00000054
11-24 18:47:51.157  2256  2256 I ViewInteraction: Performing 'single click' action on view with id: 84 (resource name not found)
11-24 18:47:51.206  2256  2273 I DroidFlux:Dispatcher: [STARTED] dispatch of action [GIF_PLAY]
11-24 18:47:51.207  2256  2273 I DroidFlux:Dispatcher: [COMPLETED] dispatch of action [GIF_PLAY]
11-24 18:47:51.764  2256  2256 W ResourceType: No package identifier when getting name for resource number 0x00000058
11-24 18:47:51.765  2256  2256 I ViewInteraction: Performing 'scroll RecyclerView to position: 8' action on view with id: 88 (resource name not found)
11-24 18:47:52.070  2256  2256 W ResourceType: No package identifier when getting name for resource number 0x00000058
11-24 18:47:52.092  2256  2256 W ResourceType: No package identifier when getting name for resource number 0x00000060
11-24 18:47:52.093  2256  2256 I ViewInteraction: Performing 'single click' action on view with id: 96 (resource name not found)
11-24 18:47:52.141  2256  2267 W art     : Suspending all threads took: 5.921ms
11-24 18:47:52.156  2256  2273 I DroidFlux:Dispatcher: [STARTED] dispatch of action [GIF_PLAY]
11-24 18:47:52.157  2256  2273 I DroidFlux:Dispatcher: [COMPLETED] dispatch of action [GIF_PLAY]
11-24 18:47:52.184  2256  2267 I art     : Background sticky concurrent mark sweep GC freed 7511(685KB) AllocSpace objects, 6(128KB) LOS objects, 8% free, 8MB/9MB, paused 11.526ms total 109.471ms
11-24 18:47:52.725  2256  2256 W ResourceType: No package identifier when getting name for resource number 0x00000064
11-24 18:47:52.738  2256  2256 I ViewInteraction: Performing 'scroll RecyclerView to position: 9' action on view with id: 100 (resource name not found)
11-24 18:47:53.020  2256  2256 W ResourceType: No package identifier when getting name for resource number 0x00000064
11-24 18:47:53.057  2256  2256 W ResourceType: No package identifier when getting name for resource number 0x0000006c
11-24 18:47:53.057  2256  2256 I ViewInteraction: Performing 'single click' action on view with id: 108 (resource name not found)
11-24 18:47:53.126  2256  2273 I DroidFlux:Dispatcher: [STARTED] dispatch of action [GIF_PLAY]
11-24 18:47:53.128  2256  2273 I DroidFlux:Dispatcher: [COMPLETED] dispatch of action [GIF_PLAY]
11-24 18:47:53.180  2256  2267 I art     : Background sticky concurrent mark sweep GC freed 4772(380KB) AllocSpace objects, 3(64KB) LOS objects, 5% free, 8MB/9MB, paused 6.478ms total 147.539ms
11-24 18:47:53.658  2256  2256 W ResourceType: No package identifier when getting name for resource number 0x00000070
11-24 18:47:53.659  2256  2256 I ViewInteraction: Performing 'scroll RecyclerView to position: 10' action on view with id: 112 (resource name not found)
11-24 18:47:53.967  2256  2256 W ResourceType: No package identifier when getting name for resource number 0x00000070
11-24 18:47:54.002  2256  2256 W ResourceType: No package identifier when getting name for resource number 0x00000078
11-24 18:47:54.002  2256  2256 I ViewInteraction: Performing 'single click' action on view with id: 120 (resource name not found)
11-24 18:47:54.073  2256  2273 I DroidFlux:Dispatcher: [STARTED] dispatch of action [GIF_PLAY]
11-24 18:47:54.074  2256  2273 I DroidFlux:Dispatcher: [COMPLETED] dispatch of action [GIF_PLAY]
11-24 18:47:54.087  2256  2267 I art     : Background partial concurrent mark sweep GC freed 8785(600KB) AllocSpace objects, 5(340KB) LOS objects, 31% free, 8MB/12MB, paused 7.723ms total 107.515ms
11-24 18:47:54.685  2256  2256 W ResourceType: No package identifier when getting name for resource number 0x0000007c
11-24 18:47:54.694  2256  2256 I ViewInteraction: Performing 'scroll RecyclerView to position: 11' action on view with id: 124 (resource name not found)
11-24 18:47:54.991  2256  2256 W ResourceType: No package identifier when getting name for resource number 0x0000007c
11-24 18:47:55.002  2256  2256 W ResourceType: No package identifier when getting name for resource number 0x00000084
11-24 18:47:55.003  2256  2256 I ViewInteraction: Performing 'single click' action on view with id: 132 (resource name not found)
11-24 18:47:55.059  2256  2273 I DroidFlux:Dispatcher: [STARTED] dispatch of action [GIF_PLAY]
11-24 18:47:55.060  2256  2273 I DroidFlux:Dispatcher: [COMPLETED] dispatch of action [GIF_PLAY]
11-24 18:47:55.639  2256  2256 W ResourceType: No package identifier when getting name for resource number 0x00000088
11-24 18:47:55.639  2256  2256 I ViewInteraction: Performing 'scroll RecyclerView to position: 12' action on view with id: 136 (resource name not found)
11-24 18:47:55.698  2256  2261 I art     : Do full code cache collection, code=120KB, data=122KB
11-24 18:47:55.699  2256  2261 I art     : After code cache collection, code=86KB, data=73KB
11-24 18:47:55.930  2256  2256 W ResourceType: No package identifier when getting name for resource number 0x00000088
11-24 18:47:55.945  2256  2256 W ResourceType: No package identifier when getting name for resource number 0x00000090
11-24 18:47:55.945  2256  2256 I ViewInteraction: Performing 'single click' action on view with id: 144 (resource name not found)
11-24 18:47:56.008  2256  2273 I DroidFlux:Dispatcher: [STARTED] dispatch of action [GIF_PLAY]
11-24 18:47:56.010  2256  2273 I DroidFlux:Dispatcher: [COMPLETED] dispatch of action [GIF_PLAY]
11-24 18:47:56.569  2256  2256 W ResourceType: No package identifier when getting name for resource number 0x00000094
11-24 18:47:56.569  2256  2256 I ViewInteraction: Performing 'scroll RecyclerView to position: 13' action on view with id: 148 (resource name not found)
11-24 18:47:56.864  2256  2256 W ResourceType: No package identifier when getting name for resource number 0x00000094
11-24 18:47:56.872  2256  2256 W ResourceType: No package identifier when getting name for resource number 0x0000009c
11-24 18:47:56.872  2256  2256 I ViewInteraction: Performing 'single click' action on view with id: 156 (resource name not found)
11-24 18:47:56.924  2256  2273 I DroidFlux:Dispatcher: [STARTED] dispatch of action [GIF_PLAY]
11-24 18:47:56.949  2256  2273 I DroidFlux:Dispatcher: [COMPLETED] dispatch of action [GIF_PLAY]
11-24 18:47:57.529  2256  2256 W ResourceType: No package identifier when getting name for resource number 0x000000a0
11-24 18:47:57.530  2256  2256 I ViewInteraction: Performing 'scroll RecyclerView to position: 14' action on view with id: 160 (resource name not found)
11-24 18:47:57.823  2256  2256 W ResourceType: No package identifier when getting name for resource number 0x000000a0
11-24 18:47:57.834  2256  2256 W ResourceType: No package identifier when getting name for resource number 0x000000a8
11-24 18:47:57.834  2256  2256 I ViewInteraction: Performing 'single click' action on view with id: 168 (resource name not found)
11-24 18:47:57.899  2256  2273 I DroidFlux:Dispatcher: [STARTED] dispatch of action [GIF_PLAY]
11-24 18:47:57.900  2256  2273 I DroidFlux:Dispatcher: [COMPLETED] dispatch of action [GIF_PLAY]
11-24 18:47:58.555  2256  2256 W ResourceType: No package identifier when getting name for resource number 0x000000ac
11-24 18:47:58.573  2256  2256 I ViewInteraction: Performing 'scroll RecyclerView to position: 15' action on view with id: 172 (resource name not found)
11-24 18:47:58.872  2256  2256 W ResourceType: No package identifier when getting name for resource number 0x000000ac
11-24 18:47:58.902  2256  2256 W ResourceType: No package identifier when getting name for resource number 0x000000b4
11-24 18:47:58.903  2256  2256 I ViewInteraction: Performing 'single click' action on view with id: 180 (resource name not found)
11-24 18:47:58.990  2256  2273 I DroidFlux:Dispatcher: [STARTED] dispatch of action [GIF_PLAY]
11-24 18:47:58.992  2256  2273 I DroidFlux:Dispatcher: [COMPLETED] dispatch of action [GIF_PLAY]
11-24 18:47:59.588  2256  2256 W ResourceType: No package identifier when getting name for resource number 0x000000b8
11-24 18:47:59.588  2256  2256 I ViewInteraction: Performing 'scroll RecyclerView to position: 16' action on view with id: 184 (resource name not found)
11-24 18:47:59.702  2256  2267 I art     : Background sticky concurrent mark sweep GC freed 24337(1955KB) AllocSpace objects, 15(320KB) LOS objects, 18% free, 10MB/12MB, paused 6.459ms total 81.653ms
11-24 18:47:59.900  2256  2256 W ResourceType: No package identifier when getting name for resource number 0x000000b8
11-24 18:47:59.934  2256  2256 W ResourceType: No package identifier when getting name for resource number 0x000000c0
11-24 18:47:59.935  2256  2256 I ViewInteraction: Performing 'single click' action on view with id: 192 (resource name not found)
11-24 18:47:59.997  2256  2273 I DroidFlux:Dispatcher: [STARTED] dispatch of action [GIF_PLAY]
11-24 18:47:59.998  2256  2273 I DroidFlux:Dispatcher: [COMPLETED] dispatch of action [GIF_PLAY]
11-24 18:48:00.570  2256  2256 W ResourceType: No package identifier when getting name for resource number 0x000000c4
11-24 18:48:00.570  2256  2256 I ViewInteraction: Performing 'scroll RecyclerView to position: 17' action on view with id: 196 (resource name not found)
11-24 18:48:00.860  2256  2256 W ResourceType: No package identifier when getting name for resource number 0x000000c4
11-24 18:48:00.883  2256  2256 W ResourceType: No package identifier when getting name for resource number 0x000000cc
11-24 18:48:00.883  2256  2256 I ViewInteraction: Performing 'single click' action on view with id: 204 (resource name not found)
11-24 18:48:00.957  2256  2273 I DroidFlux:Dispatcher: [STARTED] dispatch of action [GIF_PLAY]
11-24 18:48:00.974  2256  2273 I DroidFlux:Dispatcher: [COMPLETED] dispatch of action [GIF_PLAY]
11-24 18:48:01.515  2256  2256 W ResourceType: No package identifier when getting name for resource number 0x000000d0
11-24 18:48:01.515  2256  2256 I ViewInteraction: Performing 'scroll RecyclerView to position: 18' action on view with id: 208 (resource name not found)
11-24 18:48:01.821  2256  2256 W ResourceType: No package identifier when getting name for resource number 0x000000d0
11-24 18:48:01.835  2256  2256 W ResourceType: No package identifier when getting name for resource number 0x000000d8
11-24 18:48:01.835  2256  2256 I ViewInteraction: Performing 'single click' action on view with id: 216 (resource name not found)
11-24 18:48:01.890  2256  2273 I DroidFlux:Dispatcher: [STARTED] dispatch of action [GIF_PLAY]
11-24 18:48:01.891  2256  2273 I DroidFlux:Dispatcher: [COMPLETED] dispatch of action [GIF_PLAY]
11-24 18:48:02.445  2256  2256 W ResourceType: No package identifier when getting name for resource number 0x000000e3
11-24 18:48:02.456  2256  2256 I ViewInteraction: Performing 'single click' action on view with id: 227 (resource name not found)
11-24 18:48:02.521  2256  2273 I DroidFlux:Dispatcher: [STARTED] dispatch of action [GIF_PAUSE]
11-24 18:48:02.522  2256  2273 I DroidFlux:Dispatcher: [COMPLETED] dispatch of action [GIF_PAUSE]
11-24 18:48:03.104  2256  2272 I TestRunner: finished: whenListKeepOrderedAfterPlayTest(br.com.catbag.gifreduxsample.ui.giflist.GifListActivityTest)
11-24 18:48:03.143  2256  2256 D LifecycleMonitor: Lifecycle status change: br.com.catbag.gifreduxsample.ui.GifListActivity@e6555e2 in: PAUSED
11-24 18:48:03.251   979   979 D gralloc : Registering a buffer in the process that created it. This may cause memory ordering problems.
11-24 18:48:03.251   979   979 E libEGL  : called unimplemented OpenGL ES API
11-24 18:48:03.252   979   979 E SurfaceFlinger: glCheckFramebufferStatusOES error 1025979246
11-24 18:48:03.252   979   979 E SurfaceFlinger: got GL_FRAMEBUFFER_COMPLETE_OES error while taking screenshot
11-24 18:48:03.254  1239  1434 W WindowManager: Screenshot failure taking screenshot for (480x800) to layer 21005
11-24 18:48:03.279  2256  2256 I MonitoringInstrumentation: Activities that are still in CREATED to STOPPED: 1
11-24 18:48:03.280  2256  2272 I TestRunner: started: whenGifIsWatchedTest(br.com.catbag.gifreduxsample.ui.giflist.GifListActivityTest)
11-24 18:48:03.294  2256  2256 I MonitoringInstrumentation: Activities that are still in CREATED to STOPPED: 1
11-24 18:48:03.322  1239  1253 W art     : Long monitor contention with owner Binder:1239_4 (1434) at void com.android.server.am.ActivityManagerService.activityPaused(android.os.IBinder)(ActivityManagerService.java:6849) waiters=0 in void com.android.server.am.ActivityStackSupervisor$ActivityStackSupervisorHandler.activityIdleInternal(com.android.server.am.ActivityRecord) for 177ms
11-24 18:48:03.420  2256  2273 I DroidFlux:Dispatcher: [STARTED] dispatch of action [FAKE_REDUCE_ACTION]
11-24 18:48:03.432  2256  2273 I DroidFlux:Dispatcher: [COMPLETED] dispatch of action [FAKE_REDUCE_ACTION]
11-24 18:48:03.447  2256  2300 D ActivityTestRule: Launching activity br.com.catbag.gifreduxsample.ui.GifListActivity
11-24 18:48:03.459  2256  2301 D MonitoringInstrumentation: execStartActivity(context, ibinder, ibinder, activity, intent, int, bundle
11-24 18:48:03.464  1239  1783 I ActivityManager: START u0 {flg=0x10000000 cmp=br.com.catbag.gifreduxsample/.ui.GifListActivity} from uid 10060 on display 0
11-24 18:48:03.774  2256  2256 D LifecycleMonitor: Lifecycle status change: br.com.catbag.gifreduxsample.ui.GifListActivity@389a702 in: PRE_ON_CREATE
11-24 18:48:03.860  2256  2256 D LifecycleMonitor: Lifecycle status change: br.com.catbag.gifreduxsample.ui.GifListActivity@389a702 in: CREATED
11-24 18:48:03.872  2256  2273 I DroidFlux:Dispatcher: [STARTED] dispatch of action [APP_STATE_LOAD]
11-24 18:48:03.872  2256  2273 D DroidFlux:Dispatcher: An action of type [APP_STATE_LOAD] was dispatched, but no reducer handled it
11-24 18:48:03.872  2256  2273 I DroidFlux:Dispatcher: [COMPLETED] dispatch of action [APP_STATE_LOAD]
11-24 18:48:03.873  2256  2256 D LifecycleMonitor: Lifecycle status change: br.com.catbag.gifreduxsample.ui.GifListActivity@389a702 in: STARTED
11-24 18:48:03.875  2256  2256 D LifecycleMonitor: Lifecycle status change: br.com.catbag.gifreduxsample.ui.GifListActivity@389a702 in: RESUMED
11-24 18:48:03.910  2256  2256 I Choreographer: Skipped 39 frames!  The application may be doing too much work on its main thread.
11-24 18:48:03.955  2256  2256 E Feed    : Gif{uuid=dee2a6b7-54f5-42ea-8ff1-e9feb01bd971, path=, url=, title=, watched=true, status=DOWNLOADED}
11-24 18:48:03.955  2256  2256 E Feed    : pl.droidsonroids.gif.GifIOException: GifError 101: Failed to open given input
11-24 18:48:03.955  2256  2256 E Feed    : 	at pl.droidsonroids.gif.GifInfoHandle.openFile(Native Method)
11-24 18:48:03.955  2256  2256 E Feed    : 	at pl.droidsonroids.gif.GifInfoHandle.<init>(GifInfoHandle.java:46)
11-24 18:48:03.955  2256  2256 E Feed    : 	at pl.droidsonroids.gif.GifDrawable.<init>(GifDrawable.java:124)
11-24 18:48:03.955  2256  2256 E Feed    : 	at br.com.catbag.gifreduxsample.ui.components.FeedView.createDrawable(FeedView.java:102)
11-24 18:48:03.955  2256  2256 E Feed    : 	at br.com.catbag.gifreduxsample.ui.components.FeedView.lambda$renderGifView$1(FeedView.java:89)
11-24 18:48:03.955  2256  2256 E Feed    : 	at br.com.catbag.gifreduxsample.ui.components.FeedView$$Lambda$2.view(Unknown Source)
11-24 18:48:03.955  2256  2256 E Feed    : 	at trikita.anvil.BaseDSL.v(BaseDSL.java:670)
11-24 18:48:03.955  2256  2256 E Feed    : 	at br.com.catbag.gifreduxsample.ui.components.FeedView.renderGifView(FeedView.java:88)
11-24 18:48:03.955  2256  2256 E Feed    : 	at br.com.catbag.gifreduxsample.ui.components.FeedView.access$lambda$0(FeedView.java)
11-24 18:48:03.955  2256  2256 E Feed    : 	at br.com.catbag.gifreduxsample.ui.components.FeedView$$Lambda$3.view(Unknown Source)
11-24 18:48:03.955  2256  2256 E Feed    : 	at br.com.catbag.gifreduxsample.ui.components.GifsAdapter.view(GifsAdapter.java:55)
11-24 18:48:03.955  2256  2256 E Feed    : 	at trikita.anvil.RenderableRecyclerViewAdapter$1.view(RenderableRecyclerViewAdapter.java:24)
11-24 18:48:03.955  2256  2256 E Feed    : 	at trikita.anvil.Anvil$Mount.render(Anvil.java:204)
11-24 18:48:03.955  2256  2256 E Feed    : 	at trikita.anvil.Anvil.render(Anvil.java:173)
11-24 18:48:03.955  2256  2256 E Feed    : 	at trikita.anvil.RenderableRecyclerViewAdapter.onBindViewHolder(RenderableRecyclerViewAdapter.java:27)
11-24 18:48:03.955  2256  2256 E Feed    : 	at trikita.anvil.RenderableRecyclerViewAdapter.onBindViewHolder(RenderableRecyclerViewAdapter.java:7)
11-24 18:48:03.955  2256  2256 E Feed    : 	at android.support.v7.widget.RecyclerView$Adapter.onBindViewHolder(RecyclerView.java:5768)
11-24 18:48:03.955  2256  2256 E Feed    : 	at android.support.v7.widget.RecyclerView$Adapter.bindViewHolder(RecyclerView.java:5801)
11-24 18:48:03.955  2256  2256 E Feed    : 	at android.support.v7.widget.RecyclerView$Recycler.getViewForPosition(RecyclerView.java:5037)
11-24 18:48:03.955  2256  2256 E Feed    : 	at android.support.v7.widget.RecyclerView$Recycler.getViewForPosition(RecyclerView.java:4913)
11-24 18:48:03.955  2256  2256 E Feed    : 	at android.support.v7.widget.LinearLayoutManager$LayoutState.next(LinearLayoutManager.java:2029)
11-24 18:48:03.955  2256  2256 E Feed    : 	at android.support.v7.widget.LinearLayoutManager.layoutChunk(LinearLayoutManager.java:1414)
11-24 18:48:03.955  2256  2256 E Feed    : 	at android.support.v7.widget.LinearLayoutManager.fill(LinearLayoutManager.java:1377)
11-24 18:48:03.955  2256  2256 E Feed    : 	at android.support.v7.widget.LinearLayoutManager.onLayoutChildren(LinearLayoutManager.java:578)
11-24 18:48:03.955  2256  2256 E Feed    : 	at android.support.v7.widget.RecyclerView.dispatchLayoutStep2(RecyclerView.java:3260)
11-24 18:48:03.955  2256  2256 E Feed    : 	at android.support.v7.widget.RecyclerView.dispatchLayout(RecyclerView.java:3069)
11-24 18:48:03.955  2256  2256 E Feed    : 	at android.support.v7.widget.RecyclerView.onLayout(RecyclerView.java:3518)
11-24 18:48:03.955  2256  2256 E Feed    : 	at android.view.View.layout(View.java:17520)
11-24 18:48:03.955  2256  2256 E Feed    : 	at android.view.ViewGroup.layout(ViewGroup.java:5612)
11-24 18:48:03.955  2256  2256 E Feed    : 	at android.widget.FrameLayout.layoutChildren(FrameLayout.java:323)
11-24 18:48:03.955  2256  2256 E Feed    : 	at android.widget.FrameLayout.onLayout(FrameLayout.java:261)
11-24 18:48:03.955  2256  2256 E Feed    : 	at android.view.View.layout(View.java:17520)
11-24 18:48:03.955  2256  2256 E Feed    : 	at android.view.ViewGroup.layout(ViewGroup.java:5612)
11-24 18:48:03.955  2256  2256 E Feed    : 	at android.widget.RelativeLayout.onLayout(RelativeLayout.java:1079)
11-24 18:48:03.955  2256  2256 E Feed    : 	at android.view.View.layout(View.java:17520)
11-24 18:48:03.955  2256  2256 E Feed    : 	at android.view.ViewGroup.layout(ViewGroup.java:5612)
11-24 18:48:03.955  2256  2256 E Feed    : 	at android.widget.FrameLayout.layoutChildren(FrameLayout.java:323)
11-24 18:48:03.955  2256  2256 E Feed    : 	at android.widget.FrameLayout.onLayout(FrameLayout.java:261)
11-24 18:48:03.955  2256  2256 E Feed    : 	at android.view.View.layout(View.java:17520)
11-24 18:48:03.955  2256  2256 E Feed    : 	at android.view.ViewGroup.layout(ViewGroup.java:5612)
11-24 18:48:03.955  2256  2256 E Feed    : 	at android.support.v7.widget.ActionBarOverlayLayout.onLayout(ActionBarOverlayLayout.java:435)
11-24 18:48:03.955  2256  2256 E Feed    : 	at android.view.View.layout(View.java:17520)
11-24 18:48:03.955  2256  2256 E Feed    : 	at android.view.ViewGroup.layout(ViewGroup.java:5612)
11-24 18:48:03.955  2256  2256 E Feed    : 	at android.widget.FrameLayout.layoutChildren(FrameLayout.java:323)
11-24 18:48:03.955  2256  2256 E Feed    : 	at android.widget.FrameLayout.onLayout(FrameLayout.java:261)
11-24 18:48:03.955  2256  2256 E Feed    : 	at android.view.View.layout(View.java:17520)
11-24 18:48:03.955  2256  2256 E Feed    : 	at android.view.ViewGroup.layout(ViewGroup.java:5612)
11-24 18:48:03.955  2256  2256 E Feed    : 	at android.widget.LinearLayout.setChildFrame(LinearLayout.java:1741)
11-24 18:48:03.955  2256  2256 E Feed    : 	at android.widget.LinearLayout.layoutVertical(LinearLayout.java:1585)
11-24 18:48:03.955  2256  2256 E Feed    : 	at android.widget.LinearLayout.onLayout(LinearLayout.java:1494)
11-24 18:48:03.955  2256  2256 E Feed    : 	at android.view.View.layout(View.java:17520)
11-24 18:48:03.955  2256  2256 E Feed    : 	at android.view.ViewGroup.layout(ViewGroup.java:5612)
11-24 18:48:03.955  2256  2256 E Feed    : 	at android.widget.FrameLayout.layoutChildren(FrameLayout.java:323)
11-24 18:48:03.955  2256  2256 E Feed    : 	at android.widget.FrameLayout.onLayout(FrameLayout.java:261)
11-24 18:48:03.955  2256  2256 E Feed    : 	at com.android.internal.policy.DecorView.onLayout(DecorView.java:724)
11-24 18:48:03.955  2256  2256 E Feed    : 	at android.view.View.layout(View.java:17520)
11-24 18:48:03.955  2256  2256 E Feed    : 	at android.view.ViewGroup.layout(ViewGroup.java:5612)
11-24 18:48:03.955  2256  2256 E Feed    : 	at android.view.ViewRootImpl.performLayout(ViewRootImpl.java:2342)
11-24 18:48:03.955  2256  2256 E Feed    : 	at android.view.ViewRootImpl.performTraversals(ViewRootImpl.java:2069)
11-24 18:48:03.955  2256  2256 E Feed    : 	at android.view.ViewRootImpl.doTraversal(ViewRootImpl.java:1246)
11-24 18:48:03.955  2256  2256 E Feed    : 	at android.view.ViewRootImpl$TraversalRunnable.run(ViewRootImpl.java:6301)
11-24 18:48:03.955  2256  2256 E Feed    : 	at android.view.Choreographer$CallbackRecord.run(Choreographer.java:871)
11-24 18:48:03.955  2256  2256 E Feed    : 	at android.view.Choreographer.doCallbacks(Choreographer.java:683)
11-24 18:48:03.955  2256  2256 E Feed    : 	at android.view.Choreographer.doFrame(Choreographer.java:619)
11-24 18:48:03.955  2256  2256 E Feed    : 	at android.view.Choreographer$FrameDisplayEventReceiver.run(Choreographer.java:857)
11-24 18:48:03.955  2256  2256 E Feed    : 	at android.os.Handler.handleCallback(Handler.java:751)
11-24 18:48:03.955  2256  2256 E Feed    : 	at android.os.Handler.dispatchMessage(Handler.java:95)
11-24 18:48:03.955  2256  2256 E Feed    : 	at android.os.Looper.loop(Looper.java:154)
11-24 18:48:03.955  2256  2256 E Feed    : 	at android.app.ActivityThread.main(ActivityThread.java:6077)
11-24 18:48:03.955  2256  2256 E Feed    : 	at java.lang.reflect.Method.invoke(Native Method)
11-24 18:48:03.955  2256  2256 E Feed    : 	at com.android.internal.os.ZygoteInit$MethodAndArgsCaller.run(ZygoteInit.java:865)
11-24 18:48:03.955  2256  2256 E Feed    : 	at com.android.internal.os.ZygoteInit.main(ZygoteInit.java:755)
11-24 18:48:04.001  1239  1260 I Choreographer: Skipped 65 frames!  The application may be doing too much work on its main thread.
11-24 18:48:04.032  1832  1832 I Choreographer: Skipped 82 frames!  The application may be doing too much work on its main thread.
11-24 18:48:04.199  1239  1783 I WindowManager: Destroying surface Surface(name=com.android.launcher3/com.android.launcher3.Launcher) called by com.android.server.wm.WindowStateAnimator.destroySurface:2014 com.android.server.wm.WindowStateAnimator.destroySurfaceLocked:881 com.android.server.wm.WindowState.destroyOrSaveSurface:2073 com.android.server.wm.WindowManagerService.tryStartExitingAnimation:3017 com.android.server.wm.WindowManagerService.relayoutWindow:2897 com.android.server.wm.Session.relayout:215 android.view.IWindowSession$Stub.onTransact:286 com.android.server.wm.Session.onTransact:136 
11-24 18:48:04.211  1832  1832 I Choreographer: Skipped 47 frames!  The application may be doing too much work on its main thread.
11-24 18:48:04.267  2256  2267 W art     : Suspending all threads took: 91.649ms
11-24 18:48:04.275  2256  2256 I Choreographer: Skipped 43 frames!  The application may be doing too much work on its main thread.
11-24 18:48:04.341  2256  2267 I art     : Background sticky concurrent mark sweep GC freed 17786(1398KB) AllocSpace objects, 10(208KB) LOS objects, 13% free, 10MB/12MB, paused 99.087ms total 393.732ms
11-24 18:48:04.398  1239  1260 I ActivityManager: Displayed br.com.catbag.gifreduxsample/.ui.GifListActivity: +746ms
11-24 18:48:04.473  2256  2256 D LifecycleMonitor: Lifecycle status change: br.com.catbag.gifreduxsample.ui.GifListActivity@e6555e2 in: STOPPED
11-24 18:48:04.474  2256  2256 D LifecycleMonitor: Lifecycle status change: br.com.catbag.gifreduxsample.ui.GifListActivity@e6555e2 in: DESTROYED
11-24 18:48:04.491  1239  1250 I WindowManager: Destroying surface Surface(name=br.com.catbag.gifreduxsample/br.com.catbag.gifreduxsample.ui.GifListActivity) called by com.android.server.wm.WindowStateAnimator.destroySurface:2014 com.android.server.wm.WindowStateAnimator.destroySurfaceLocked:881 com.android.server.wm.WindowState.removeLocked:1449 com.android.server.wm.WindowManagerService.removeWindowInnerLocked:2478 com.android.server.wm.WindowManagerService.removeWindowLocked:2436 com.android.server.wm.WindowManagerService.removeWindowLocked:2305 com.android.server.wm.WindowManagerService.removeWindow:2300 com.android.server.wm.Session.remove:193 
11-24 18:48:04.543  2256  2256 D LifecycleMonitor: Lifecycle status change: br.com.catbag.gifreduxsample.ui.GifListActivity@389a702 in: PAUSED
11-24 18:48:04.560   979   979 D gralloc : Registering a buffer in the process that created it. This may cause memory ordering problems.
11-24 18:48:04.560   979   979 E libEGL  : called unimplemented OpenGL ES API
11-24 18:48:04.561   979   979 E SurfaceFlinger: glCheckFramebufferStatusOES error 1025979246
11-24 18:48:04.561   979   979 E SurfaceFlinger: got GL_FRAMEBUFFER_COMPLETE_OES error while taking screenshot
11-24 18:48:04.562  1239  1533 W WindowManager: Screenshot failure taking screenshot for (480x800) to layer 21020
11-24 18:48:04.582  2256  2272 I TestRunner: finished: whenGifIsWatchedTest(br.com.catbag.gifreduxsample.ui.giflist.GifListActivityTest)
11-24 18:48:04.592  2256  2256 I MonitoringInstrumentation: Activities that are still in CREATED to STOPPED: 1
11-24 18:48:04.592  2256  2272 I TestRunner: started: whenScrollUpAndPlayFirstItemTest(br.com.catbag.gifreduxsample.ui.giflist.GifListActivityTest)
11-24 18:48:04.595  2256  2256 I MonitoringInstrumentation: Activities that are still in CREATED to STOPPED: 1
11-24 18:48:04.661  1239  1352 I ActivityManager: Activity reported stop, but no longer stopping: ActivityRecord{b285417 u0 com.android.launcher3/.Launcher t3}
11-24 18:48:04.702  2256  2273 I DroidFlux:Dispatcher: [STARTED] dispatch of action [FAKE_REDUCE_ACTION]
