--------- beginning of main
11-24 13:37:17.930  2109  2109 D AndroidRuntime: >>>>>> START com.android.internal.os.RuntimeInit uid 2000 <<<<<<
11-24 13:37:17.986  2109  2109 D AndroidRuntime: CheckJNI is ON
11-24 13:37:18.298  2109  2109 W art     : Unexpected CPU variant for X86 using defaults: x86
11-24 13:37:18.469  2109  2109 D ICU     : No timezone override file found: /data/misc/zoneinfo/current/icu/icu_tzdata.dat
11-24 13:37:18.791  2109  2109 E memtrack: Couldn't load memtrack module (No such file or directory)
11-24 13:37:18.791  2109  2109 E android.os.Debug: failed to load memtrack module: -2
11-24 13:37:18.821  2109  2109 I Radio-JNI: register_android_hardware_Radio DONE
11-24 13:37:18.969  2109  2109 D AndroidRuntime: Calling main entry com.android.commands.am.Am
11-24 13:37:19.014  2109  2109 D AndroidRuntime: Shutting down VM
11-24 13:37:19.031  2109  2118 W art     : Thread attaching while runtime is shutting down: Binder:2109_2
11-24 13:37:19.032  2109  2118 I AndroidRuntime: NOTE: attach of thread 'Binder:2109_2' failed
11-24 13:37:19.417  2119  2119 D AndroidRuntime: >>>>>> START com.android.internal.os.RuntimeInit uid 2000 <<<<<<
11-24 13:37:19.420  2119  2119 D AndroidRuntime: CheckJNI is ON
11-24 13:37:19.524  2119  2119 W art     : Unexpected CPU variant for X86 using defaults: x86
11-24 13:37:19.529  2119  2119 D ICU     : No timezone override file found: /data/misc/zoneinfo/current/icu/icu_tzdata.dat
11-24 13:37:19.561  2119  2119 E memtrack: Couldn't load memtrack module (No such file or directory)
11-24 13:37:19.561  2119  2119 E android.os.Debug: failed to load memtrack module: -2
11-24 13:37:19.562  2119  2119 I Radio-JNI: register_android_hardware_Radio DONE
11-24 13:37:19.588  2119  2119 D AndroidRuntime: Calling main entry com.android.commands.pm.Pm
11-24 13:37:19.747  2119  2119 I art     : System.exit called, status: 0
11-24 13:37:19.747  2119  2119 I AndroidRuntime: VM exiting with result code 0.
11-24 13:37:20.715  2130  2130 D AndroidRuntime: >>>>>> START com.android.internal.os.RuntimeInit uid 2000 <<<<<<
11-24 13:37:20.717  2130  2130 D AndroidRuntime: CheckJNI is ON
11-24 13:37:20.777  2130  2130 W art     : Unexpected CPU variant for X86 using defaults: x86
11-24 13:37:20.788  2130  2130 D ICU     : No timezone override file found: /data/misc/zoneinfo/current/icu/icu_tzdata.dat
11-24 13:37:20.820  2130  2130 E memtrack: Couldn't load memtrack module (No such file or directory)
11-24 13:37:20.820  2130  2130 E android.os.Debug: failed to load memtrack module: -2
11-24 13:37:20.821  2130  2130 I Radio-JNI: register_android_hardware_Radio DONE
11-24 13:37:20.845  2130  2130 D AndroidRuntime: Calling main entry com.android.commands.pm.Pm
11-24 13:37:20.919   989   989 I         : free_cache(7064772) avail 512565248
11-24 13:37:31.540  2130  2130 I art     : System.exit called, status: 0
11-24 13:37:31.541  2130  2130 I AndroidRuntime: VM exiting with result code 0.
11-24 13:37:31.899  2142  2142 D AndroidRuntime: >>>>>> START com.android.internal.os.RuntimeInit uid 2000 <<<<<<
11-24 13:37:31.902  2142  2142 D AndroidRuntime: CheckJNI is ON
11-24 13:37:31.965  2142  2142 W art     : Unexpected CPU variant for X86 using defaults: x86
11-24 13:37:31.979  2142  2142 D ICU     : No timezone override file found: /data/misc/zoneinfo/current/icu/icu_tzdata.dat
11-24 13:37:32.016  2142  2142 E memtrack: Couldn't load memtrack module (No such file or directory)
11-24 13:37:32.016  2142  2142 E android.os.Debug: failed to load memtrack module: -2
11-24 13:37:32.018  2142  2142 I Radio-JNI: register_android_hardware_Radio DONE
11-24 13:37:32.047  2142  2142 D AndroidRuntime: Calling main entry com.android.commands.pm.Pm
--------- beginning of system
11-24 13:37:32.530  1237  1263 W ActivityManager: Slow operation: 93ms so far, now at startProcess: returned from zygote!
11-24 13:37:32.531  1237  1263 W ActivityManager: Slow operation: 95ms so far, now at startProcess: done updating battery stats
11-24 13:37:32.532  1237  1263 W ActivityManager: Slow operation: 96ms so far, now at startProcess: building log message
11-24 13:37:32.541  1237  1263 I ActivityManager: Start proc 2152:com.android.defcontainer/u0a5 for service com.android.defcontainer/.DefaultContainerService
11-24 13:37:32.554  1237  1263 W ActivityManager: Slow operation: 118ms so far, now at startProcess: starting to update pids map
11-24 13:37:32.555  1237  1263 W ActivityManager: Slow operation: 119ms so far, now at startProcess: done updating pids map
11-24 13:37:32.555  1237  1263 W ActivityManager: Slow operation: 126ms so far, now at startProcess: done starting proc!
11-24 13:37:32.577  2152  2152 W art     : Unexpected CPU variant for X86 using defaults: x86
11-24 13:37:33.019  1237  1263 I PackageManager.DexOptimizer: Running dexopt (dex2oat) on: /data/app/vmdl1538653063.tmp/base.apk pkg=br.com.catbag.gifreduxsample isa=x86 vmSafeMode=false debuggable=true target-filter=interpret-only oatDir = /data/app/vmdl1538653063.tmp/oat sharedLibraries=null
11-24 13:37:33.064  2167  2167 W dex2oat : Unexpected CPU variant for X86 using defaults: x86
11-24 13:37:33.065  2167  2167 W dex2oat : Mismatch between dex2oat instruction set features (ISA: X86 Feature string: smp,-ssse3,-sse4.1,-sse4.2,-avx,-avx2,-lock_add,-popcnt) and those of dex2oat executable (ISA: X86 Feature string: smp,ssse3,-sse4.1,-sse4.2,-avx,-avx2,-lock_add,-popcnt) for the command line:
11-24 13:37:33.065  2167  2167 W dex2oat : /system/bin/dex2oat --zip-fd=6 --zip-location=base.apk --oat-fd=7 --oat-location=/data/app/vmdl1538653063.tmp/oat/x86/base.odex --instruction-set=x86 --instruction-set-variant=x86 --instruction-set-features=default --runtime-arg -Xms64m --runtime-arg -Xmx512m --compiler-filter=interpret-only --swap-fd=9 --debuggable
11-24 13:37:33.067  2167  2167 I dex2oat : /system/bin/dex2oat --compiler-filter=interpret-only --debuggable
11-24 13:37:36.066  2167  2167 W dex2oat : Before Android 4.1, method android.graphics.PorterDuffColorFilter android.support.graphics.drawable.VectorDrawableCompat.updateTintFilter(android.graphics.PorterDuffColorFilter, android.content.res.ColorStateList, android.graphics.PorterDuff$Mode) would have incorrectly overridden the package-private method in android.graphics.drawable.Drawable
11-24 13:37:36.165  2167  2167 W dex2oat : Before Android 4.1, method int android.support.v7.widget.ListViewCompat.lookForSelectablePosition(int, boolean) would have incorrectly overridden the package-private method in android.widget.ListView
11-24 13:37:52.611  2167  2167 W dex2oat : Verification of void org.immutables.value.internal.$processor$.meta.$StyleMirror.<init>(javax.lang.model.element.AnnotationMirror) took 104.681ms
11-24 13:38:00.283  2167  2167 W dex2oat : Compilation of byte[] com.esotericsoftware.kryo.serializers.DefaultArraySerializers$ByteArraySerializer.copy(com.esotericsoftware.kryo.Kryo, byte[]) took 240.075ms
11-24 13:38:17.100  2167  2167 W dex2oat : Compilation of long com.fasterxml.jackson.core.base.ParserMinimalBase.getValueAsLong(long) took 187.897ms
11-24 13:38:22.081  2167  2167 W dex2oat : Compilation of java.util.Map com.google.common.collect.TreeBasedTable.row(java.lang.Object) took 150.248ms
11-24 13:38:29.747  2167  2167 I dex2oat : dex2oat took 56.686s (threads: 1) arena alloc=1402KB (1436528B) java alloc=7MB (8050336B) native alloc=13MB (14282792B) free=2MB (2625496B)
11-24 13:38:30.043  1237  1263 W PackageManager: Not granting permission android.permission.SET_DEBUG_APP to package br.com.catbag.gifreduxsample (protectionLevel=50 flags=0x3848be46)
11-24 13:38:30.202  1237  1263 V BackupManagerService: restoreAtInstall pkg=br.com.catbag.gifreduxsample token=1 restoreSet=0
11-24 13:38:30.211  1237  1263 W BackupManagerService: Requested unavailable transport: android/com.android.internal.backup.LocalTransport
11-24 13:38:30.212  1237  1263 W BackupManagerService: No transport
11-24 13:38:30.213  1237  1263 V BackupManagerService: Finishing install immediately
11-24 13:38:30.248  1237  1263 I art     : Starting a blocking GC Explicit
11-24 13:38:30.635  1237  1263 I art     : Explicit concurrent mark sweep GC freed 33941(2MB) AllocSpace objects, 17(524KB) LOS objects, 33% free, 6MB/10MB, paused 6.015ms total 380.533ms
11-24 13:38:30.637   989   989 E         : Couldn't opendir /data/app/vmdl1538653063.tmp: No such file or directory
11-24 13:38:30.849  2142  2142 I art     : System.exit called, status: 0
11-24 13:38:30.849  2142  2142 I AndroidRuntime: VM exiting with result code 0.
11-24 13:38:30.972  1237  1277 I InputReader: Reconfiguring input devices.  changes=0x00000010
11-24 13:38:31.239  1447  1447 D CarrierSvcBindHelper: No carrier app for: 0
11-24 13:38:31.297  1447  1447 D CarrierConfigLoader: mHandler: 9 phoneId: 0
11-24 13:38:31.600  1237  1250 W VoiceInteractionManagerService: no available voice recognition services found for user 0
11-24 13:38:31.601  1237  1250 W LocationProviderProxy-network: Odd, no component found for service com.android.location.service.v3.NetworkLocationProvider
11-24 13:38:31.601  1237  1250 W GeocoderProxy: Odd, no component found for service com.android.location.service.GeocodeProvider
11-24 13:38:31.602  1237  1250 W GeofenceProxy: Odd, no component found for service com.android.location.service.GeofenceProvider
11-24 13:38:31.602  1237  1250 W ActivityRecognitionProxy: Odd, no component found for service com.android.location.service.ActivityRecognitionProvider
11-24 13:38:31.998  2174  2174 D AndroidRuntime: >>>>>> START com.android.internal.os.RuntimeInit uid 2000 <<<<<<
11-24 13:38:32.001  2174  2174 D AndroidRuntime: CheckJNI is ON
11-24 13:38:32.171  2174  2174 W art     : Unexpected CPU variant for X86 using defaults: x86
11-24 13:38:32.191  2174  2174 D ICU     : No timezone override file found: /data/misc/zoneinfo/current/icu/icu_tzdata.dat
11-24 13:38:32.242  2174  2174 E memtrack: Couldn't load memtrack module (No such file or directory)
11-24 13:38:32.242  2174  2174 E android.os.Debug: failed to load memtrack module: -2
11-24 13:38:32.243  2174  2174 I Radio-JNI: register_android_hardware_Radio DONE
11-24 13:38:32.288  2174  2174 D AndroidRuntime: Calling main entry com.android.commands.pm.Pm
11-24 13:38:32.307  2174  2174 I art     : System.exit called, status: 0
11-24 13:38:32.307  2174  2174 I AndroidRuntime: VM exiting with result code 0.
11-24 13:38:32.995  2190  2190 D AndroidRuntime: >>>>>> START com.android.internal.os.RuntimeInit uid 2000 <<<<<<
11-24 13:38:32.997  2190  2190 D AndroidRuntime: CheckJNI is ON
11-24 13:38:33.065  2190  2190 W art     : Unexpected CPU variant for X86 using defaults: x86
11-24 13:38:33.069  2190  2190 D ICU     : No timezone override file found: /data/misc/zoneinfo/current/icu/icu_tzdata.dat
11-24 13:38:33.093  2190  2190 E memtrack: Couldn't load memtrack module (No such file or directory)
11-24 13:38:33.093  2190  2190 E android.os.Debug: failed to load memtrack module: -2
11-24 13:38:33.093  2190  2190 I Radio-JNI: register_android_hardware_Radio DONE
11-24 13:38:33.110  2190  2190 D AndroidRuntime: Calling main entry com.android.commands.pm.Pm
11-24 13:38:33.117   989   989 I         : free_cache(2038475) avail 492630016
11-24 13:38:36.182  2190  2190 I art     : System.exit called, status: 0
11-24 13:38:36.182  2190  2190 I AndroidRuntime: VM exiting with result code 0.
11-24 13:38:36.560  2204  2204 D AndroidRuntime: >>>>>> START com.android.internal.os.RuntimeInit uid 2000 <<<<<<
11-24 13:38:36.563  2204  2204 D AndroidRuntime: CheckJNI is ON
11-24 13:38:36.613  2204  2204 W art     : Unexpected CPU variant for X86 using defaults: x86
11-24 13:38:36.618  2204  2204 D ICU     : No timezone override file found: /data/misc/zoneinfo/current/icu/icu_tzdata.dat
11-24 13:38:36.655  2204  2204 E memtrack: Couldn't load memtrack module (No such file or directory)
11-24 13:38:36.656  2204  2204 E android.os.Debug: failed to load memtrack module: -2
11-24 13:38:36.657  2204  2204 I Radio-JNI: register_android_hardware_Radio DONE
11-24 13:38:36.706  2204  2204 D AndroidRuntime: Calling main entry com.android.commands.pm.Pm
11-24 13:38:36.808  2152  2163 I art     : HomogeneousSpaceCompact marksweep + semispace GC freed 7696(465KB) AllocSpace objects, 0(0B) LOS objects, 39% free, 2MB/3MB, paused 1.290s total 1.290s
11-24 13:38:36.835  1237  1263 I PackageManager.DexOptimizer: Running dexopt (dex2oat) on: /data/app/vmdl275103468.tmp/base.apk pkg=br.com.catbag.gifreduxsample.test isa=x86 vmSafeMode=false debuggable=true target-filter=interpret-only oatDir = /data/app/vmdl275103468.tmp/oat sharedLibraries=/system/framework/android.test.runner.jar
11-24 13:38:36.893  1237  1249 I ActivityManager: Start proc 2216:com.svox.pico/u0a46 for broadcast com.svox.pico/.VoiceDataInstallerReceiver
11-24 13:38:36.903  2216  2216 W art     : Unexpected CPU variant for X86 using defaults: x86
11-24 13:38:37.035  2215  2215 W dex2oat : Unexpected CPU variant for X86 using defaults: x86
11-24 13:38:37.035  2215  2215 W dex2oat : Mismatch between dex2oat instruction set features (ISA: X86 Feature string: smp,-ssse3,-sse4.1,-sse4.2,-avx,-avx2,-lock_add,-popcnt) and those of dex2oat executable (ISA: X86 Feature string: smp,ssse3,-sse4.1,-sse4.2,-avx,-avx2,-lock_add,-popcnt) for the command line:
11-24 13:38:37.035  2215  2215 W dex2oat : /system/bin/dex2oat --zip-fd=6 --zip-location=base.apk --oat-fd=7 --oat-location=/data/app/vmdl275103468.tmp/oat/x86/base.odex --instruction-set=x86 --instruction-set-variant=x86 --instruction-set-features=default --runtime-arg -Xms64m --runtime-arg -Xmx512m --compiler-filter=interpret-only --swap-fd=9 --debuggable --runtime-arg -classpath --runtime-arg /system/framework/android.test.runner.jar
11-24 13:38:37.036  2215  2215 I dex2oat : /system/bin/dex2oat --compiler-filter=interpret-only --debuggable
11-24 13:39:00.844  2215  2215 W dex2oat : Compilation of void com.android.dx.rop.code.Rops.<init>() took 130.149ms
11-24 13:39:04.591  2215  2215 I dex2oat : dex2oat took 27.568s (threads: 1) arena alloc=824B (824B) java alloc=3MB (3868560B) native alloc=6MB (6969856B) free=2MB (2467328B)
11-24 13:39:04.832  1237  1263 V BackupManagerService: restoreAtInstall pkg=br.com.catbag.gifreduxsample.test token=2 restoreSet=0
11-24 13:39:04.832  1237  1263 W BackupManagerService: Requested unavailable transport: android/com.android.internal.backup.LocalTransport
11-24 13:39:04.832  1237  1263 W BackupManagerService: No transport
11-24 13:39:04.832  1237  1263 V BackupManagerService: Finishing install immediately
11-24 13:39:04.867  1237  1535 I ActivityManager: Killing 1459:com.android.settings:CryptKeeper/1000 (adj 906): empty #17
11-24 13:39:04.887  1237  1263 I art     : Starting a blocking GC Explicit
11-24 13:39:05.033  1237  1263 I art     : Explicit concurrent mark sweep GC freed 38906(2MB) AllocSpace objects, 12(288KB) LOS objects, 33% free, 6MB/10MB, paused 5.539ms total 140.595ms
11-24 13:39:05.045   989   989 E         : Couldn't opendir /data/app/vmdl275103468.tmp: No such file or directory
11-24 13:39:05.078  2204  2204 I art     : System.exit called, status: 0
11-24 13:39:05.078  2204  2204 I AndroidRuntime: VM exiting with result code 0.
11-24 13:39:05.187  1237  1277 I InputReader: Reconfiguring input devices.  changes=0x00000010
11-24 13:39:05.195  1447  1447 D CarrierSvcBindHelper: No carrier app for: 0
11-24 13:39:05.197  1447  1447 D CarrierConfigLoader: mHandler: 9 phoneId: 0
11-24 13:39:05.349  1237  1250 W VoiceInteractionManagerService: no available voice recognition services found for user 0
11-24 13:39:05.349  1237  1250 W LocationProviderProxy-network: Odd, no component found for service com.android.location.service.v3.NetworkLocationProvider
11-24 13:39:05.350  1237  1250 W GeocoderProxy: Odd, no component found for service com.android.location.service.GeocodeProvider
11-24 13:39:05.350  1237  1250 W GeofenceProxy: Odd, no component found for service com.android.location.service.GeofenceProvider
11-24 13:39:05.352  1237  1250 W ActivityRecognitionProxy: Odd, no component found for service com.android.location.service.ActivityRecognitionProvider
11-24 13:39:05.742  2234  2234 D AndroidRuntime: >>>>>> START com.android.internal.os.RuntimeInit uid 2000 <<<<<<
11-24 13:39:05.747  2234  2234 D AndroidRuntime: CheckJNI is ON
11-24 13:39:05.800  2234  2234 W art     : Unexpected CPU variant for X86 using defaults: x86
11-24 13:39:05.806  2234  2234 D ICU     : No timezone override file found: /data/misc/zoneinfo/current/icu/icu_tzdata.dat
11-24 13:39:05.835  2234  2234 E memtrack: Couldn't load memtrack module (No such file or directory)
11-24 13:39:05.835  2234  2234 E android.os.Debug: failed to load memtrack module: -2
11-24 13:39:05.839  2234  2234 I Radio-JNI: register_android_hardware_Radio DONE
11-24 13:39:05.873  2234  2234 D AndroidRuntime: Calling main entry com.android.commands.am.Am
11-24 13:39:05.886  1237  1430 I ActivityManager: Force stopping br.com.catbag.gifreduxsample appid=10060 user=0: start instr
11-24 13:39:05.903  1237  1430 I ActivityManager: Start proc 2245:br.com.catbag.gifreduxsample/u0a60 for added application br.com.catbag.gifreduxsample
11-24 13:39:05.908  2245  2245 I art     : Not late-enabling -Xcheck:jni (already on)
11-24 13:39:05.910  2245  2245 W art     : Unexpected CPU variant for X86 using defaults: x86
11-24 13:39:05.942  2245  2245 W System  : ClassLoader referenced unknown path: /data/app/br.com.catbag.gifreduxsample.test-1/lib/x86
11-24 13:39:05.948  2245  2245 W System  : ClassLoader referenced unknown path: 
11-24 13:39:06.118  2245  2245 W System.err: java.io.FileNotFoundException: /jacoco.exec (Read-only file system)
11-24 13:39:06.120  2245  2245 W System.err: 	at java.io.FileOutputStream.open(Native Method)
11-24 13:39:06.121  2245  2245 W System.err: 	at java.io.FileOutputStream.<init>(FileOutputStream.java:221)
11-24 13:39:06.121  2245  2245 W System.err: 	at org.jacoco.agent.rt.internal_e6e56f0.output.FileOutput.openFile(FileOutput.java:67)
11-24 13:39:06.121  2245  2245 W System.err: 	at org.jacoco.agent.rt.internal_e6e56f0.output.FileOutput.startup(FileOutput.java:49)
11-24 13:39:06.121  2245  2245 W System.err: 	at org.jacoco.agent.rt.internal_e6e56f0.Agent.startup(Agent.java:122)
11-24 13:39:06.121  2245  2245 W System.err: 	at org.jacoco.agent.rt.internal_e6e56f0.Agent.getInstance(Agent.java:50)
11-24 13:39:06.121  2245  2245 W System.err: 	at org.jacoco.agent.rt.internal_e6e56f0.Offline.<clinit>(Offline.java:31)
11-24 13:39:06.122  2245  2245 W System.err: 	at org.jacoco.agent.rt.internal_e6e56f0.Offline.getProbes(Offline.java:51)
11-24 13:39:06.122  2245  2245 W System.err: 	at br.com.catbag.gifreduxsample.MyApp.$jacocoInit(MyApp.java)
11-24 13:39:06.122  2245  2245 W System.err: 	at br.com.catbag.gifreduxsample.MyApp.<clinit>(MyApp.java)
11-24 13:39:06.122  2245  2245 W System.err: 	at java.lang.Class.newInstance(Native Method)
11-24 13:39:06.122  2245  2245 W System.err: 	at android.app.Instrumentation.newApplication(Instrumentation.java:1007)
11-24 13:39:06.122  2245  2245 W System.err: 	at android.app.Instrumentation.newApplication(Instrumentation.java:992)
11-24 13:39:06.122  2245  2245 W System.err: 	at android.app.LoadedApk.makeApplication(LoadedApk.java:796)
11-24 13:39:06.123  2245  2245 W System.err: 	at android.app.ActivityThread.handleBindApplication(ActivityThread.java:5335)
11-24 13:39:06.123  2245  2245 W System.err: 	at android.app.ActivityThread.-wrap2(ActivityThread.java)
11-24 13:39:06.123  2245  2245 W System.err: 	at android.app.ActivityThread$H.handleMessage(ActivityThread.java:1528)
11-24 13:39:06.123  2245  2245 W System.err: 	at android.os.Handler.dispatchMessage(Handler.java:102)
11-24 13:39:06.123  2245  2245 W System.err: 	at android.os.Looper.loop(Looper.java:154)
11-24 13:39:06.123  2245  2245 W System.err: 	at android.app.ActivityThread.main(ActivityThread.java:6077)
11-24 13:39:06.124  2245  2245 W System.err: 	at java.lang.reflect.Method.invoke(Native Method)
11-24 13:39:06.124  2245  2245 W System.err: 	at com.android.internal.os.ZygoteInit$MethodAndArgsCaller.run(ZygoteInit.java:865)
11-24 13:39:06.124  2245  2245 W System.err: 	at com.android.internal.os.ZygoteInit.main(ZygoteInit.java:755)
11-24 13:39:06.160  2245  2245 I MonitoringInstrumentation: Instrumentation Started!
11-24 13:39:06.170  2245  2245 I MonitoringInstrumentation: Setting context classloader to 'dalvik.system.PathClassLoader[DexPathList[[zip file "/system/framework/android.test.runner.jar", zip file "/data/app/br.com.catbag.gifreduxsample.test-1/base.apk", zip file "/data/app/br.com.catbag.gifreduxsample-1/base.apk"],nativeLibraryDirectories=[/data/app/br.com.catbag.gifreduxsample.test-1/lib/x86, /data/app/br.com.catbag.gifreduxsample-1/lib/x86, /system/fake-libs, /data/app/br.com.catbag.gifreduxsample.test-1/base.apk!/lib/x86, /data/app/br.com.catbag.gifreduxsample-1/base.apk!/lib/x86, /system/lib, /vendor/lib]]]', Original: 'dalvik.system.PathClassLoader[DexPathList[[zip file "/system/framework/android.test.runner.jar", zip file "/data/app/br.com.catbag.gifreduxsample.test-1/base.apk", zip file "/data/app/br.com.catbag.gifreduxsample-1/base.apk"],nativeLibraryDirectories=[/data/app/br.com.catbag.gifreduxsample.test-1/lib/x86, /data/app/br.com.catbag.gifreduxsample-1/lib/x86, /system/fake-libs, /data/app/br.com.catbag.gifreduxsample.test-1/base.apk!/lib/x86, /data/app/br.com.catbag.gifreduxsample-1/base.apk!/lib/x86, /system/lib, /vendor/lib]]]'
11-24 13:39:06.247  2245  2245 D NetworkSecurityConfig: No Network Security Config specified, using platform default
11-24 13:39:06.289  2245  2245 I MonitoringInstrumentation: No JSBridge.
11-24 13:39:06.314  2245  2260 I UsageTrackerFacilitator: Usage tracking enabled
11-24 13:39:06.320  2245  2260 I TestRequestBuilder: Scanning classpath to find tests in apks [/data/app/br.com.catbag.gifreduxsample.test-1/base.apk]
11-24 13:39:06.902  2245  2260 I art     : Rejecting re-init on previously-failed class java.lang.Class<org.objectweb.asm.commons.JSRInlinerAdapter>: java.lang.NoClassDefFoundError: Failed resolution of: Lorg/objectweb/asm/tree/MethodNode;
11-24 13:39:06.902  2245  2260 I art     :   at java.lang.Class java.lang.Class.classForName!(java.lang.String, boolean, java.lang.ClassLoader) (Class.java:-2)
11-24 13:39:06.902  2245  2260 I art     :   at java.lang.Class java.lang.Class.forName(java.lang.String, boolean, java.lang.ClassLoader) (Class.java:400)
11-24 13:39:06.903  2245  2260 I art     :   at java.lang.Class android.support.test.internal.runner.TestLoader.doLoadClass(java.lang.String) (TestLoader.java:92)
11-24 13:39:06.903  2245  2260 I art     :   at java.lang.Class android.support.test.internal.runner.TestLoader.loadIfTest(java.lang.String) (TestLoader.java:113)
11-24 13:39:06.903  2245  2260 I art     :   at void android.support.test.internal.runner.TestRequestBuilder.loadClassesFromClassPath(android.support.test.internal.runner.TestLoader, java.util.Set) (TestRequestBuilder.java:801)
11-24 13:39:06.903  2245  2260 I art     :   at android.support.test.internal.runner.TestRequest android.support.test.internal.runner.TestRequestBuilder.build() (TestRequestBuilder.java:747)
11-24 13:39:06.903  2245  2260 I art     :   at android.support.test.internal.runner.TestRequest android.support.test.runner.AndroidJUnitRunner.buildRequest(android.support.test.internal.runner.RunnerArgs, android.os.Bundle) (AndroidJUnitRunner.java:354)
11-24 13:39:06.903  2245  2260 I art     :   at void android.support.test.runner.AndroidJUnitRunner.onStart() (AndroidJUnitRunner.java:260)
11-24 13:39:06.903  2245  2260 I art     :   at void android.app.Instrumentation$InstrumentationThread.run() (Instrumentation.java:1932)
11-24 13:39:06.904  2245  2260 I art     : Caused by: java.lang.ClassNotFoundException: Didn't find class "org.objectweb.asm.tree.MethodNode" on path: DexPathList[[zip file "/system/framework/android.test.runner.jar", zip file "/data/app/br.com.catbag.gifreduxsample.test-1/base.apk", zip file "/data/app/br.com.catbag.gifreduxsample-1/base.apk"],nativeLibraryDirectories=[/data/app/br.com.catbag.gifreduxsample.test-1/lib/x86, /data/app/br.com.catbag.gifreduxsample-1/lib/x86, /system/fake-libs, /data/app/br.com.catbag.gifreduxsample.test-1/base.apk!/lib/x86, /data/app/br.com.catbag.gifreduxsample-1/base.apk!/lib/x86, /system/lib, /vendor/lib]]
11-24 13:39:06.904  2245  2260 I art     :   at java.lang.Class dalvik.system.BaseDexClassLoader.findClass(java.lang.String) (BaseDexClassLoader.java:56)
11-24 13:39:06.921  2245  2260 I art     :   at java.lang.Class java.lang.ClassLoader.loadClass(java.lang.String, boolean) (ClassLoader.java:380)
11-24 13:39:06.921  2245  2260 I art     :   at java.lang.Class java.lang.ClassLoader.loadClass(java.lang.String) (ClassLoader.java:312)
11-24 13:39:06.921  2245  2260 I art     :   at java.lang.Class java.lang.Class.classForName!(java.lang.String, boolean, java.lang.ClassLoader) (Class.java:-2)
11-24 13:39:06.921  2245  2260 I art     :   at java.lang.Class java.lang.Class.forName(java.lang.String, boolean, java.lang.ClassLoader) (Class.java:400)
11-24 13:39:06.922  2245  2260 I art     :   at java.lang.Class android.support.test.internal.runner.TestLoader.doLoadClass(java.lang.String) (TestLoader.java:92)
11-24 13:39:06.922  2245  2260 I art     :   at java.lang.Class android.support.test.internal.runner.TestLoader.loadIfTest(java.lang.String) (TestLoader.java:113)
11-24 13:39:06.922  2245  2260 I art     :   at void android.support.test.internal.runner.TestRequestBuilder.loadClassesFromClassPath(android.support.test.internal.runner.TestLoader, java.util.Set) (TestRequestBuilder.java:801)
11-24 13:39:06.922  2245  2260 I art     :   at android.support.test.internal.runner.TestRequest android.support.test.internal.runner.TestRequestBuilder.build() (TestRequestBuilder.java:747)
11-24 13:39:06.922  2245  2260 I art     :   at android.support.test.internal.runner.TestRequest android.support.test.runner.AndroidJUnitRunner.buildRequest(android.support.test.internal.runner.RunnerArgs, android.os.Bundle) (AndroidJUnitRunner.java:354)
11-24 13:39:06.922  2245  2260 I art     :   at void android.support.test.runner.AndroidJUnitRunner.onStart() (AndroidJUnitRunner.java:260)
11-24 13:39:06.922  2245  2260 I art     :   at void android.app.Instrumentation$InstrumentationThread.run() (Instrumentation.java:1932)
11-24 13:39:06.922  2245  2260 I art     : 
11-24 13:39:06.923  2245  2260 E TestLoader: Could not find class: org.objectweb.asm.commons.JSRInlinerAdapter
11-24 13:39:06.929  2245  2260 I art     : Rejecting re-init on previously-failed class java.lang.Class<org.objectweb.asm.commons.TryCatchBlockSorter>: java.lang.NoClassDefFoundError: Failed resolution of: Lorg/objectweb/asm/tree/MethodNode;
11-24 13:39:06.929  2245  2260 I art     :   at java.lang.Class java.lang.Class.classForName!(java.lang.String, boolean, java.lang.ClassLoader) (Class.java:-2)
11-24 13:39:06.929  2245  2260 I art     :   at java.lang.Class java.lang.Class.forName(java.lang.String, boolean, java.lang.ClassLoader) (Class.java:400)
11-24 13:39:06.929  2245  2260 I art     :   at java.lang.Class android.support.test.internal.runner.TestLoader.doLoadClass(java.lang.String) (TestLoader.java:92)
11-24 13:39:06.929  2245  2260 I art     :   at java.lang.Class android.support.test.internal.runner.TestLoader.loadIfTest(java.lang.String) (TestLoader.java:113)
11-24 13:39:06.929  2245  2260 I art     :   at void android.support.test.internal.runner.TestRequestBuilder.loadClassesFromClassPath(android.support.test.internal.runner.TestLoader, java.util.Set) (TestRequestBuilder.java:801)
11-24 13:39:06.930  2245  2260 I art     :   at android.support.test.internal.runner.TestRequest android.support.test.internal.runner.TestRequestBuilder.build() (TestRequestBuilder.java:747)
11-24 13:39:06.930  2245  2260 I art     :   at android.support.test.internal.runner.TestRequest android.support.test.runner.AndroidJUnitRunner.buildRequest(android.support.test.internal.runner.RunnerArgs, android.os.Bundle) (AndroidJUnitRunner.java:354)
11-24 13:39:06.930  2245  2260 I art     :   at void android.support.test.runner.AndroidJUnitRunner.onStart() (AndroidJUnitRunner.java:260)
11-24 13:39:06.930  2245  2260 I art     :   at void android.app.Instrumentation$InstrumentationThread.run() (Instrumentation.java:1932)
11-24 13:39:06.930  2245  2260 I art     : Caused by: java.lang.ClassNotFoundException: Didn't find class "org.objectweb.asm.tree.MethodNode" on path: DexPathList[[zip file "/system/framework/android.test.runner.jar", zip file "/data/app/br.com.catbag.gifreduxsample.test-1/base.apk", zip file "/data/app/br.com.catbag.gifreduxsample-1/base.apk"],nativeLibraryDirectories=[/data/app/br.com.catbag.gifreduxsample.test-1/lib/x86, /data/app/br.com.catbag.gifreduxsample-1/lib/x86, /system/fake-libs, /data/app/br.com.catbag.gifreduxsample.test-1/base.apk!/lib/x86, /data/app/br.com.catbag.gifreduxsample-1/base.apk!/lib/x86, /system/lib, /vendor/lib]]
11-24 13:39:06.930  2245  2260 I art     :   at java.lang.Class dalvik.system.BaseDexClassLoader.findClass(java.lang.String) (BaseDexClassLoader.java:56)
11-24 13:39:06.930  2245  2260 I art     :   at java.lang.Class java.lang.ClassLoader.loadClass(java.lang.String, boolean) (ClassLoader.java:380)
11-24 13:39:06.931  2245  2260 I art     :   at java.lang.Class java.lang.ClassLoader.loadClass(java.lang.String) (ClassLoader.java:312)
11-24 13:39:06.931  2245  2260 I art     :   at java.lang.Class java.lang.Class.classForName!(java.lang.String, boolean, java.lang.ClassLoader) (Class.java:-2)
11-24 13:39:06.931  2245  2260 I art     :   at java.lang.Class java.lang.Class.forName(java.lang.String, boolean, java.lang.ClassLoader) (Class.java:400)
11-24 13:39:06.931  2245  2260 I art     :   at java.lang.Class android.support.test.internal.runner.TestLoader.doLoadClass(java.lang.String) (TestLoader.java:92)
11-24 13:39:06.931  2245  2260 I art     :   at java.lang.Class android.support.test.internal.runner.TestLoader.loadIfTest(java.lang.String) (TestLoader.java:113)
11-24 13:39:06.931  2245  2260 I art     :   at void android.support.test.internal.runner.TestRequestBuilder.loadClassesFromClassPath(android.support.test.internal.runner.TestLoader, java.util.Set) (TestRequestBuilder.java:801)
11-24 13:39:06.931  2245  2260 I art     :   at android.support.test.internal.runner.TestRequest android.support.test.internal.runner.TestRequestBuilder.build() (TestRequestBuilder.java:747)
11-24 13:39:06.932  2245  2260 I art     :   at android.support.test.internal.runner.TestRequest android.support.test.runner.AndroidJUnitRunner.buildRequest(android.support.test.internal.runner.RunnerArgs, android.os.Bundle) (AndroidJUnitRunner.java:354)
11-24 13:39:06.932  2245  2260 I art     :   at void android.support.test.runner.AndroidJUnitRunner.onStart() (AndroidJUnitRunner.java:260)
11-24 13:39:06.932  2245  2260 I art     :   at void android.app.Instrumentation$InstrumentationThread.run() (Instrumentation.java:1932)
11-24 13:39:06.932  2245  2260 I art     : 
11-24 13:39:06.932  2245  2260 E TestLoader: Could not find class: org.objectweb.asm.commons.TryCatchBlockSorter
11-24 13:39:06.992  2245  2260 D TestExecutor: Adding listener android.support.test.internal.runner.listener.LogRunListener
11-24 13:39:06.993  2245  2260 D TestExecutor: Adding listener android.support.test.internal.runner.listener.InstrumentationResultPrinter
11-24 13:39:06.993  2245  2260 D TestExecutor: Adding listener android.support.test.internal.runner.listener.ActivityFinisherRunListener
11-24 13:39:06.993  2245  2260 D TestExecutor: Adding listener android.support.test.internal.runner.listener.CoverageListener
11-24 13:39:06.999  2245  2260 I TestRunner: run started: 15 tests
11-24 13:39:07.010  2245  2260 I TestRunner: started: whenAppStateSavedSeveralTime(br.com.catbag.gifreduxsample.asyncs.data.DataManagerTest)
11-24 13:39:07.016  2245  2245 I MonitoringInstrumentation: Activities that are still in CREATED to STOPPED: 0
11-24 13:39:07.114  2245  2256 I art     : Background sticky concurrent mark sweep GC freed 106466(4MB) AllocSpace objects, 0(0B) LOS objects, 23% free, 5MB/6MB, paused 8.280ms total 481.218ms
11-24 13:39:07.210  2245  2263 W Java7Support: Unable to load JDK7 types (annotations, java.nio.file.Path): no Java7 support added
11-24 13:39:07.597  2245  2256 I art     : Background partial concurrent mark sweep GC freed 69498(2MB) AllocSpace objects, 0(0B) LOS objects, 39% free, 3MB/6MB, paused 5.958ms total 95.615ms
11-24 13:39:07.627  2245  2260 I TestRunner: finished: whenAppStateSavedSeveralTime(br.com.catbag.gifreduxsample.asyncs.data.DataManagerTest)
11-24 13:39:07.628  2245  2245 I MonitoringInstrumentation: Activities that are still in CREATED to STOPPED: 0
11-24 13:39:07.629  2245  2260 I TestRunner: started: whenAppStateSavedOnceTime(br.com.catbag.gifreduxsample.asyncs.data.DataManagerTest)
11-24 13:39:07.631  2245  2245 I MonitoringInstrumentation: Activities that are still in CREATED to STOPPED: 0
11-24 13:39:07.878  2245  2260 I TestRunner: finished: whenAppStateSavedOnceTime(br.com.catbag.gifreduxsample.asyncs.data.DataManagerTest)
11-24 13:39:07.886  2245  2245 I MonitoringInstrumentation: Activities that are still in CREATED to STOPPED: 0
11-24 13:39:07.889  2245  2260 I TestRunner: started: whenUnsavedAppStateIsLoaded(br.com.catbag.gifreduxsample.asyncs.data.DataManagerTest)
11-24 13:39:07.897  2245  2245 I MonitoringInstrumentation: Activities that are still in CREATED to STOPPED: 0
11-24 13:39:08.011  2245  2268 E DataManager: appstate not loaded
11-24 13:39:08.011  2245  2268 E DataManager: com.snappydb.SnappydbException: Failed to get a String: NotFound: 
11-24 13:39:08.011  2245  2268 E DataManager: 	at com.snappydb.internal.DBImpl.__get(Native Method)
11-24 13:39:08.011  2245  2268 E DataManager: 	at com.snappydb.internal.DBImpl.get(DBImpl.java:348)
11-24 13:39:08.011  2245  2268 E DataManager: 	at br.com.catbag.gifreduxsample.asyncs.data.storage.Database.getAppState(Database.java:29)
11-24 13:39:08.011  2245  2268 E DataManager: 	at br.com.catbag.gifreduxsample.asyncs.data.DataManager.lambda$loadAppState$0(DataManager.java:61)
11-24 13:39:08.011  2245  2268 E DataManager: 	at br.com.catbag.gifreduxsample.asyncs.data.DataManager$$Lambda$1.run(Unknown Source)
11-24 13:39:08.011  2245  2268 E DataManager: 	at java.lang.Thread.run(Thread.java:761)
11-24 13:39:08.012  2245  2260 I TestRunner: finished: whenUnsavedAppStateIsLoaded(br.com.catbag.gifreduxsample.asyncs.data.DataManagerTest)
11-24 13:39:08.022  2245  2245 I MonitoringInstrumentation: Activities that are still in CREATED to STOPPED: 0
11-24 13:39:08.024  2245  2260 I TestRunner: started: whenSavedAppStateIsLoaded(br.com.catbag.gifreduxsample.asyncs.data.DataManagerTest)
11-24 13:39:08.026  2245  2245 I MonitoringInstrumentation: Activities that are still in CREATED to STOPPED: 0
11-24 13:39:08.262  2245  2260 I TestRunner: finished: whenSavedAppStateIsLoaded(br.com.catbag.gifreduxsample.asyncs.data.DataManagerTest)
11-24 13:39:08.270  2245  2245 I MonitoringInstrumentation: Activities that are still in CREATED to STOPPED: 0
11-24 13:39:08.298  2245  2260 I TestRunner: started: whenScrollDownAndPlayLastItemTest(br.com.catbag.gifreduxsample.ui.giflist.GifListActivityTest)
11-24 13:39:08.300  2245  2245 I MonitoringInstrumentation: Activities that are still in CREATED to STOPPED: 0
11-24 13:39:08.569  2272  2272 W dex2oat : Unexpected CPU variant for X86 using defaults: x86
11-24 13:39:08.569  2272  2272 W dex2oat : Mismatch between dex2oat instruction set features (ISA: X86 Feature string: smp,-ssse3,-sse4.1,-sse4.2,-avx,-avx2,-lock_add,-popcnt) and those of dex2oat executable (ISA: X86 Feature string: smp,ssse3,-sse4.1,-sse4.2,-avx,-avx2,-lock_add,-popcnt) for the command line:
11-24 13:39:08.569  2272  2272 W dex2oat : /system/bin/dex2oat --runtime-arg -classpath --runtime-arg & --instruction-set=x86 --instruction-set-features=smp,ssse3,-sse4.1,-sse4.2,-avx,-avx2,-lock_add,-popcnt --runtime-arg -Xrelocate --boot-image=/system/framework/boot.art --runtime-arg -Xms64m --runtime-arg -Xmx512m --instruction-set-variant=x86 --instruction-set-features=default --dex-file=/data/user/0/br.com.catbag.gifreduxsample/app_dxmaker_cache/Generated_1497766805.jar --oat-fd=38 --oat-location=/data/user/0/br.com.catbag.gifreduxsample/app_dxmaker_cache/Generated_1497766805.dex --compiler-filter=speed
11-24 13:39:08.570  2272  2272 I dex2oat : /system/bin/dex2oat --dex-file=/data/user/0/br.com.catbag.gifreduxsample/app_dxmaker_cache/Generated_1497766805.jar --oat-fd=38 --oat-location=/data/user/0/br.com.catbag.gifreduxsample/app_dxmaker_cache/Generated_1497766805.dex --compiler-filter=speed
11-24 13:39:08.714  2272  2272 I dex2oat : dex2oat took 145.137ms (threads: 1) arena alloc=41KB (42016B) java alloc=28KB (28768B) native alloc=736KB (753768B) free=799KB (819096B)
11-24 13:39:08.791  1237  1649 D VoldConnector: SND -> {29 volume mkdirs /storage/emulated/0/Android/data/br.com.catbag.gifreduxsample/cache/}
11-24 13:39:08.804  2245  2256 I art     : Background sticky concurrent mark sweep GC freed 37582(1627KB) AllocSpace objects, 2(40KB) LOS objects, 31% free, 4MB/6MB, paused 7.398ms total 76.813ms
11-24 13:39:08.813  1237  1279 D VoldConnector: RCV <- {200 29 Command succeeded}
11-24 13:39:08.836  2245  2261 I DroidFlux:Dispatcher: [STARTED] dispatch of action [FAKE_REDUCE_ACTION]
11-24 13:39:08.850  2245  2261 I DroidFlux:Dispatcher: [COMPLETED] dispatch of action [FAKE_REDUCE_ACTION]
11-24 13:39:08.859  2245  2271 D ActivityTestRule: Launching activity br.com.catbag.gifreduxsample.ui.GifListActivity
11-24 13:39:08.864  2245  2274 D MonitoringInstrumentation: execStartActivity(context, ibinder, ibinder, activity, intent, int, bundle
11-24 13:39:08.871  1237  1431 I ActivityManager: START u0 {flg=0x14000000 cmp=br.com.catbag.gifreduxsample/.ui.GifListActivity} from uid 10060 on display 0
11-24 13:39:09.119  2245  2245 D LifecycleMonitor: Lifecycle status change: br.com.catbag.gifreduxsample.ui.GifListActivity@1effb0 in: PRE_ON_CREATE
11-24 13:39:09.372  1700  1700 I Choreographer: Skipped 34 frames!  The application may be doing too much work on its main thread.
11-24 13:39:09.893  2245  2245 D LifecycleMonitor: Lifecycle status change: br.com.catbag.gifreduxsample.ui.GifListActivity@1effb0 in: CREATED
11-24 13:39:09.928  2245  2261 I DroidFlux:Dispatcher: [STARTED] dispatch of action [APP_STATE_LOAD]
11-24 13:39:09.929  2245  2261 D DroidFlux:Dispatcher: An action of type [APP_STATE_LOAD] was dispatched, but no reducer handled it
11-24 13:39:09.930  2245  2261 I DroidFlux:Dispatcher: [COMPLETED] dispatch of action [APP_STATE_LOAD]
11-24 13:39:09.930  2245  2245 D LifecycleMonitor: Lifecycle status change: br.com.catbag.gifreduxsample.ui.GifListActivity@1effb0 in: STARTED
11-24 13:39:09.934  2245  2245 D LifecycleMonitor: Lifecycle status change: br.com.catbag.gifreduxsample.ui.GifListActivity@1effb0 in: RESUMED
11-24 13:39:10.008  1700  1700 I Choreographer: Skipped 60 frames!  The application may be doing too much work on its main thread.
11-24 13:39:10.030  1237  1353 I WindowManager: Destroying surface Surface(name=com.android.launcher3/com.android.launcher3.Launcher) called by com.android.server.wm.WindowStateAnimator.destroySurface:2014 com.android.server.wm.WindowStateAnimator.destroySurfaceLocked:881 com.android.server.wm.WindowState.destroyOrSaveSurface:2073 com.android.server.wm.WindowManagerService.tryStartExitingAnimation:3017 com.android.server.wm.WindowManagerService.relayoutWindow:2897 com.android.server.wm.Session.relayout:215 android.view.IWindowSession$Stub.onTransact:286 com.android.server.wm.Session.onTransact:136 
11-24 13:39:10.279  2245  2245 D gralloc_ranchu: Emulator without host-side GPU emulation detected.
11-24 13:39:10.346  1237  1258 I ActivityManager: Displayed br.com.catbag.gifreduxsample/.ui.GifListActivity: +1s337ms
11-24 13:39:10.389  2245  2271 D InputManagerEventInjectionStrategy: Creating injection strategy with input manager.
11-24 13:39:10.488  2245  2245 W ResourceType: No package identifier when getting name for resource number 0x00000001
11-24 13:39:10.489  2245  2245 I ViewInteraction: Performing 'scroll RecyclerView to position: 4' action on view with id: 1 (resource name not found)
11-24 13:39:10.611  1237  1258 I WindowManager: Destroying surface Surface(name=Starting br.com.catbag.gifreduxsample) called by com.android.server.wm.WindowStateAnimator.destroySurface:2014 com.android.server.wm.WindowStateAnimator.destroySurfaceLocked:881 com.android.server.wm.WindowState.destroyOrSaveSurface:2073 com.android.server.wm.AppWindowToken.destroySurfaces:363 com.android.server.wm.WindowStateAnimator.finishExit:565 com.android.server.wm.WindowStateAnimator.stepAnimationLocked:491 com.android.server.wm.WindowAnimator.updateWindowsLocked:303 com.android.server.wm.WindowAnimator.animateLocked:704 
11-24 13:39:10.682  2245  2256 I art     : Background partial concurrent mark sweep GC freed 6556(572KB) AllocSpace objects, 0(0B) LOS objects, 40% free, 5MB/9MB, paused 5.994ms total 142.840ms
11-24 13:39:10.918  2245  2250 I art     : Do partial code cache collection, code=25KB, data=30KB
11-24 13:39:10.928  2245  2250 I art     : After code cache collection, code=23KB, data=29KB
11-24 13:39:10.928  2245  2250 I art     : Increasing code cache capacity to 128KB
11-24 13:39:10.950  2245  2245 W ResourceType: No package identifier when getting name for resource number 0x00000001
11-24 13:39:10.982  2245  2245 W ResourceType: No package identifier when getting name for resource number 0x00000004
11-24 13:39:10.982  2245  2245 I ViewInteraction: Performing 'single click' action on view with id: 4 (resource name not found)
11-24 13:39:11.107  2245  2261 I DroidFlux:Dispatcher: [STARTED] dispatch of action [GIF_PLAY]
11-24 13:39:11.109  2245  2261 I DroidFlux:Dispatcher: [COMPLETED] dispatch of action [GIF_PLAY]
11-24 13:39:11.219  1237  1311 W AudioTrack: AUDIO_OUTPUT_FLAG_FAST denied by client; transfer 4, track 48000 Hz, output 44100 Hz
11-24 13:39:11.336   984  1038 D AudioFlinger: mixer(0xb0f83e80) throttle end: throttle time(9)
11-24 13:39:11.366   984  1038 D AudioFlinger: mixer(0xb0f83e80) throttle end: throttle time(11)
11-24 13:39:11.784  2245  2260 I TestRunner: finished: whenScrollDownAndPlayLastItemTest(br.com.catbag.gifreduxsample.ui.giflist.GifListActivityTest)
11-24 13:39:11.815  2245  2245 D LifecycleMonitor: Lifecycle status change: br.com.catbag.gifreduxsample.ui.GifListActivity@1effb0 in: PAUSED
11-24 13:39:11.864   977   977 D gralloc : Registering a buffer in the process that created it. This may cause memory ordering problems.
11-24 13:39:11.864   977   977 E libEGL  : called unimplemented OpenGL ES API
11-24 13:39:11.865   977   977 E SurfaceFlinger: glCheckFramebufferStatusOES error 103200334
11-24 13:39:11.866   977   977 E SurfaceFlinger: got GL_FRAMEBUFFER_COMPLETE_OES error while taking screenshot
11-24 13:39:11.878  1237  1353 W WindowManager: Screenshot failure taking screenshot for (480x800) to layer 21005
11-24 13:39:11.900  2245  2245 I MonitoringInstrumentation: Activities that are still in CREATED to STOPPED: 1
11-24 13:39:11.902  2245  2260 I TestRunner: started: whenGifIsNotWatchedTest(br.com.catbag.gifreduxsample.ui.giflist.GifListActivityTest)
11-24 13:39:11.918  2245  2245 I MonitoringInstrumentation: Activities that are still in CREATED to STOPPED: 1
11-24 13:39:11.955  1237  1251 W art     : Long monitor contention with owner Binder:1237_3 (1353) at void com.android.server.am.ActivityManagerService.activityPaused(android.os.IBinder)(ActivityManagerService.java:6849) waiters=0 in void com.android.server.am.ActivityStackSupervisor$ActivityStackSupervisorHandler.activityIdleInternal(com.android.server.am.ActivityRecord) for 122ms
11-24 13:39:12.028  1237  1321 E TaskPersister: File error accessing recents directory (directory doesn't exist?).
11-24 13:39:12.070  2245  2261 I DroidFlux:Dispatcher: [STARTED] dispatch of action [FAKE_REDUCE_ACTION]
11-24 13:39:12.071  2245  2261 I DroidFlux:Dispatcher: [COMPLETED] dispatch of action [FAKE_REDUCE_ACTION]
11-24 13:39:12.126  2245  2282 D ActivityTestRule: Launching activity br.com.catbag.gifreduxsample.ui.GifListActivity
11-24 13:39:12.140  2245  2283 D MonitoringInstrumentation: execStartActivity(context, ibinder, ibinder, activity, intent, int, bundle
11-24 13:39:12.146  1237  1353 I ActivityManager: START u0 {flg=0x10000000 cmp=br.com.catbag.gifreduxsample/.ui.GifListActivity} from uid 10060 on display 0
11-24 13:39:12.235  1700  1700 I Choreographer: Skipped 39 frames!  The application may be doing too much work on its main thread.
11-24 13:39:12.287  1700  1700 W IInputConnectionWrapper: reportFullscreenMode on inexistent InputConnection
11-24 13:39:12.323  2245  2245 D LifecycleMonitor: Lifecycle status change: br.com.catbag.gifreduxsample.ui.GifListActivity@73fa4b8 in: PRE_ON_CREATE
11-24 13:39:12.446  1700  1700 I Choreographer: Skipped 31 frames!  The application may be doing too much work on its main thread.
11-24 13:39:12.455  2245  2245 D LifecycleMonitor: Lifecycle status change: br.com.catbag.gifreduxsample.ui.GifListActivity@73fa4b8 in: CREATED
11-24 13:39:12.456  2245  2245 D LifecycleMonitor: Lifecycle status change: br.com.catbag.gifreduxsample.ui.GifListActivity@73fa4b8 in: STARTED
11-24 13:39:12.457  2245  2261 I DroidFlux:Dispatcher: [STARTED] dispatch of action [APP_STATE_LOAD]
11-24 13:39:12.458  2245  2261 D DroidFlux:Dispatcher: An action of type [APP_STATE_LOAD] was dispatched, but no reducer handled it
11-24 13:39:12.458  2245  2261 I DroidFlux:Dispatcher: [COMPLETED] dispatch of action [APP_STATE_LOAD]
11-24 13:39:12.459  2245  2245 D LifecycleMonitor: Lifecycle status change: br.com.catbag.gifreduxsample.ui.GifListActivity@73fa4b8 in: RESUMED
11-24 13:39:12.463  2245  2245 I Choreographer: Skipped 36 frames!  The application may be doing too much work on its main thread.
11-24 13:39:12.479  1237  1535 I WindowManager: Destroying surface Surface(name=com.android.launcher3/com.android.launcher3.Launcher) called by com.android.server.wm.WindowStateAnimator.destroySurface:2014 com.android.server.wm.WindowStateAnimator.destroySurfaceLocked:881 com.android.server.wm.WindowState.destroyOrSaveSurface:2073 com.android.server.wm.WindowManagerService.tryStartExitingAnimation:3017 com.android.server.wm.WindowManagerService.relayoutWindow:2897 com.android.server.wm.Session.relayout:215 android.view.IWindowSession$Stub.onTransact:286 com.android.server.wm.Session.onTransact:136 
11-24 13:39:12.647  2245  2245 E Feed    : Gif{uuid=ae018f3d-f17e-466d-ba69-444d239a4cc5, path=, url=, title=, watched=false, status=DOWNLOADED}
11-24 13:39:12.647  2245  2245 E Feed    : pl.droidsonroids.gif.GifIOException: GifError 101: Failed to open given input
11-24 13:39:12.647  2245  2245 E Feed    : 	at pl.droidsonroids.gif.GifInfoHandle.openFile(Native Method)
11-24 13:39:12.647  2245  2245 E Feed    : 	at pl.droidsonroids.gif.GifInfoHandle.<init>(GifInfoHandle.java:46)
11-24 13:39:12.647  2245  2245 E Feed    : 	at pl.droidsonroids.gif.GifDrawable.<init>(GifDrawable.java:124)
11-24 13:39:12.647  2245  2245 E Feed    : 	at br.com.catbag.gifreduxsample.ui.components.FeedComponent.createDrawable(FeedComponent.java:104)
11-24 13:39:12.647  2245  2245 E Feed    : 	at br.com.catbag.gifreduxsample.ui.components.FeedComponent.lambda$renderGifView$2(FeedComponent.java:90)
11-24 13:39:12.647  2245  2245 E Feed    : 	at br.com.catbag.gifreduxsample.ui.components.FeedComponent$$Lambda$2.view(Unknown Source)
11-24 13:39:12.647  2245  2245 E Feed    : 	at trikita.anvil.BaseDSL.v(BaseDSL.java:670)
11-24 13:39:12.647  2245  2245 E Feed    : 	at br.com.catbag.gifreduxsample.ui.components.FeedComponent.renderGifView(FeedComponent.java:88)
11-24 13:39:12.647  2245  2245 E Feed    : 	at br.com.catbag.gifreduxsample.ui.components.FeedComponent.lambda$null$0(FeedComponent.java:55)
11-24 13:39:12.647  2245  2245 E Feed    : 	at br.com.catbag.gifreduxsample.ui.components.FeedComponent$$Lambda$3.view(Unknown Source)
11-24 13:39:12.647  2245  2245 E Feed    : 	at br.com.catbag.gifreduxsample.ui.components.GifsAdapter.view(GifsAdapter.java:55)
11-24 13:39:12.647  2245  2245 E Feed    : 	at trikita.anvil.RenderableRecyclerViewAdapter$1.view(RenderableRecyclerViewAdapter.java:24)
11-24 13:39:12.647  2245  2245 E Feed    : 	at trikita.anvil.Anvil$Mount.render(Anvil.java:204)
11-24 13:39:12.647  2245  2245 E Feed    : 	at trikita.anvil.Anvil.render(Anvil.java:173)
11-24 13:39:12.647  2245  2245 E Feed    : 	at trikita.anvil.RenderableRecyclerViewAdapter.onBindViewHolder(RenderableRecyclerViewAdapter.java:27)
11-24 13:39:12.647  2245  2245 E Feed    : 	at trikita.anvil.RenderableRecyclerViewAdapter.onBindViewHolder(RenderableRecyclerViewAdapter.java:7)
11-24 13:39:12.647  2245  2245 E Feed    : 	at android.support.v7.widget.RecyclerView$Adapter.onBindViewHolder(RecyclerView.java:5768)
11-24 13:39:12.647  2245  2245 E Feed    : 	at android.support.v7.widget.RecyclerView$Adapter.bindViewHolder(RecyclerView.java:5801)
11-24 13:39:12.647  2245  2245 E Feed    : 	at android.support.v7.widget.RecyclerView$Recycler.getViewForPosition(RecyclerView.java:5037)
11-24 13:39:12.647  2245  2245 E Feed    : 	at android.support.v7.widget.RecyclerView$Recycler.getViewForPosition(RecyclerView.java:4913)
11-24 13:39:12.647  2245  2245 E Feed    : 	at android.support.v7.widget.LinearLayoutManager$LayoutState.next(LinearLayoutManager.java:2029)
11-24 13:39:12.647  2245  2245 E Feed    : 	at android.support.v7.widget.LinearLayoutManager.layoutChunk(LinearLayoutManager.java:1414)
11-24 13:39:12.647  2245  2245 E Feed    : 	at android.support.v7.widget.LinearLayoutManager.fill(LinearLayoutManager.java:1377)
