11-23 13:43:26.222  2278  2278 E Feed    : 	at android.widget.FrameLayout.layoutChildren(FrameLayout.java:323)
11-23 13:43:26.222  2278  2278 E Feed    : 	at android.widget.FrameLayout.onLayout(FrameLayout.java:261)
11-23 13:43:26.222  2278  2278 E Feed    : 	at android.view.View.layout(View.java:17520)
11-23 13:43:26.222  2278  2278 E Feed    : 	at android.view.ViewGroup.layout(ViewGroup.java:5612)
11-23 13:43:26.222  2278  2278 E Feed    : 	at android.widget.LinearLayout.setChildFrame(LinearLayout.java:1741)
11-23 13:43:26.222  2278  2278 E Feed    : 	at android.widget.LinearLayout.layoutVertical(LinearLayout.java:1585)
11-23 13:43:26.222  2278  2278 E Feed    : 	at android.widget.LinearLayout.onLayout(LinearLayout.java:1494)
11-23 13:43:26.222  2278  2278 E Feed    : 	at android.view.View.layout(View.java:17520)
11-23 13:43:26.222  2278  2278 E Feed    : 	at android.view.ViewGroup.layout(ViewGroup.java:5612)
11-23 13:43:26.222  2278  2278 E Feed    : 	at android.widget.FrameLayout.layoutChildren(FrameLayout.java:323)
11-23 13:43:26.228  1237  1258 I Choreographer: Skipped 61 frames!  The application may be doing too much work on its main thread.
11-23 13:43:26.258  2278  2278 E Feed    : 	at android.widget.FrameLayout.onLayout(FrameLayout.java:261)
11-23 13:43:26.258  2278  2278 E Feed    : 	at com.android.internal.policy.DecorView.onLayout(DecorView.java:724)
11-23 13:43:26.258  2278  2278 E Feed    : 	at android.view.View.layout(View.java:17520)
11-23 13:43:26.258  2278  2278 E Feed    : 	at android.view.ViewGroup.layout(ViewGroup.java:5612)
11-23 13:43:26.258  2278  2278 E Feed    : 	at android.view.ViewRootImpl.performLayout(ViewRootImpl.java:2342)
11-23 13:43:26.258  2278  2278 E Feed    : 	at android.view.ViewRootImpl.performTraversals(ViewRootImpl.java:2069)
11-23 13:43:26.258  2278  2278 E Feed    : 	at android.view.ViewRootImpl.doTraversal(ViewRootImpl.java:1246)
11-23 13:43:26.258  2278  2278 E Feed    : 	at android.view.ViewRootImpl$TraversalRunnable.run(ViewRootImpl.java:6301)
11-23 13:43:26.258  2278  2278 E Feed    : 	at android.view.Choreographer$CallbackRecord.run(Choreographer.java:871)
11-23 13:43:26.258  2278  2278 E Feed    : 	at android.view.Choreographer.doCallbacks(Choreographer.java:683)
11-23 13:43:26.258  2278  2278 E Feed    : 	at android.view.Choreographer.doFrame(Choreographer.java:619)
11-23 13:43:26.258  2278  2278 E Feed    : 	at android.view.Choreographer$FrameDisplayEventReceiver.run(Choreographer.java:857)
11-23 13:43:26.258  2278  2278 E Feed    : 	at android.os.Handler.handleCallback(Handler.java:751)
11-23 13:43:26.258  2278  2278 E Feed    : 	at android.os.Handler.dispatchMessage(Handler.java:95)
11-23 13:43:26.258  2278  2278 E Feed    : 	at android.os.Looper.loop(Looper.java:154)
11-23 13:43:26.258  2278  2278 E Feed    : 	at android.app.ActivityThread.main(ActivityThread.java:6077)
11-23 13:43:26.258  2278  2278 E Feed    : 	at java.lang.reflect.Method.invoke(Native Method)
11-23 13:43:26.258  2278  2278 E Feed    : 	at com.android.internal.os.ZygoteInit$MethodAndArgsCaller.run(ZygoteInit.java:865)
11-23 13:43:26.258  2278  2278 E Feed    : 	at com.android.internal.os.ZygoteInit.main(ZygoteInit.java:755)
11-23 13:43:26.430  2278  2278 I Choreographer: Skipped 42 frames!  The application may be doing too much work on its main thread.
11-23 13:43:26.544  1237  1258 I ActivityManager: Displayed br.com.catbag.gifreduxsample/.ui.GifListActivity: +970ms
11-23 13:43:26.717  2278  2293 I TestRunner: finished: whenGifIsWatchedTest(br.com.catbag.gifreduxsample.ui.giflist.GifListActivityTest)
11-23 13:43:26.757  2278  2278 D LifecycleMonitor: Lifecycle status change: br.com.catbag.gifreduxsample.ui.GifListActivity@a5b63cf in: PAUSED
11-23 13:43:26.779  1237  1258 I WindowManager: Destroying surface Surface(name=Starting br.com.catbag.gifreduxsample) called by com.android.server.wm.WindowStateAnimator.destroySurface:2014 com.android.server.wm.WindowStateAnimator.destroySurfaceLocked:881 com.android.server.wm.WindowState.removeLocked:1449 com.android.server.wm.WindowManagerService.removeWindowInnerLocked:2478 com.android.server.wm.AppWindowToken.destroySurfaces:365 com.android.server.wm.WindowStateAnimator.finishExit:565 com.android.server.wm.WindowStateAnimator.stepAnimationLocked:491 com.android.server.wm.WindowAnimator.updateWindowsLocked:303 
11-23 13:43:26.862   978   978 D gralloc : Registering a buffer in the process that created it. This may cause memory ordering problems.
11-23 13:43:26.863   978   978 E libEGL  : called unimplemented OpenGL ES API
11-23 13:43:26.864   978   978 E SurfaceFlinger: glCheckFramebufferStatusOES error 1844722566
11-23 13:43:26.864   978   978 E SurfaceFlinger: got GL_FRAMEBUFFER_COMPLETE_OES error while taking screenshot
11-23 13:43:26.868  1237  1544 W WindowManager: Screenshot failure taking screenshot for (480x800) to layer 21010
11-23 13:43:26.875  1237  1249 I ActivityManager: Activity reported stop, but no longer stopping: ActivityRecord{e377c51 u0 com.android.launcher3/.Launcher t3}
11-23 13:43:26.889  2278  2278 D LifecycleMonitor: Lifecycle status change: br.com.catbag.gifreduxsample.ui.GifListActivity@6945c10 in: STOPPED
11-23 13:43:26.890  2278  2278 D LifecycleMonitor: Lifecycle status change: br.com.catbag.gifreduxsample.ui.GifListActivity@6945c10 in: DESTROYED
11-23 13:43:26.910  1237  1555 I WindowManager: Destroying surface Surface(name=br.com.catbag.gifreduxsample/br.com.catbag.gifreduxsample.ui.GifListActivity) called by com.android.server.wm.WindowStateAnimator.destroySurface:2014 com.android.server.wm.WindowStateAnimator.destroySurfaceLocked:881 com.android.server.wm.WindowState.removeLocked:1449 com.android.server.wm.WindowManagerService.removeWindowInnerLocked:2478 com.android.server.wm.WindowManagerService.removeWindowLocked:2436 com.android.server.wm.WindowManagerService.removeWindowLocked:2305 com.android.server.wm.WindowManagerService.removeWindow:2300 com.android.server.wm.Session.remove:193 
11-23 13:43:26.937  2278  2278 I MonitoringInstrumentation: Activities that are still in CREATED to STOPPED: 1
11-23 13:43:26.941  2278  2293 I TestRunner: started: whenScrollUpAndPlayFirstItemTest(br.com.catbag.gifreduxsample.ui.giflist.GifListActivityTest)
11-23 13:43:26.948  2278  2278 I MonitoringInstrumentation: Activities that are still in CREATED to STOPPED: 1
11-23 13:43:27.008  2278  2294 I DroidFlux:Dispatcher: [STARTED] dispatch of action [FAKE_REDUCE_ACTION]
11-23 13:43:27.009  2278  2294 I DroidFlux:Dispatcher: [COMPLETED] dispatch of action [FAKE_REDUCE_ACTION]
11-23 13:43:27.052  2278  2348 D ActivityTestRule: Launching activity br.com.catbag.gifreduxsample.ui.GifListActivity
11-23 13:43:27.090  2278  2350 D MonitoringInstrumentation: execStartActivity(context, ibinder, ibinder, activity, intent, int, bundle
11-23 13:43:27.091  1237  1544 I ActivityManager: START u0 {flg=0x10000000 cmp=br.com.catbag.gifreduxsample/.ui.GifListActivity} from uid 10060 on display 0
11-23 13:43:27.386  2278  2278 D LifecycleMonitor: Lifecycle status change: br.com.catbag.gifreduxsample.ui.GifListActivity@6073dcb in: PRE_ON_CREATE
11-23 13:43:27.404  1749  1749 I Choreographer: Skipped 49 frames!  The application may be doing too much work on its main thread.
11-23 13:43:27.559  2278  2278 D LifecycleMonitor: Lifecycle status change: br.com.catbag.gifreduxsample.ui.GifListActivity@6073dcb in: CREATED
11-23 13:43:27.560  2278  2294 I DroidFlux:Dispatcher: [STARTED] dispatch of action [APP_STATE_LOAD]
11-23 13:43:27.560  2278  2294 D DroidFlux:Dispatcher: An action of type [APP_STATE_LOAD] was dispatched, but no reducer handled it
11-23 13:43:27.561  2278  2294 I DroidFlux:Dispatcher: [COMPLETED] dispatch of action [APP_STATE_LOAD]
11-23 13:43:27.561  2278  2278 D LifecycleMonitor: Lifecycle status change: br.com.catbag.gifreduxsample.ui.GifListActivity@6073dcb in: STARTED
11-23 13:43:27.564  2278  2278 D LifecycleMonitor: Lifecycle status change: br.com.catbag.gifreduxsample.ui.GifListActivity@6073dcb in: RESUMED
11-23 13:43:27.819  2278  2278 W ResourceType: No package identifier when getting name for resource number 0x000000e9
11-23 13:43:27.819  2278  2278 I ViewInteraction: Performing 'scroll RecyclerView to position: 4' action on view with id: 233 (resource name not found)
11-23 13:43:27.869  1237  1258 I ActivityManager: Displayed br.com.catbag.gifreduxsample/.ui.GifListActivity: +584ms
11-23 13:43:28.102  1237  1258 I WindowManager: Destroying surface Surface(name=Starting br.com.catbag.gifreduxsample) called by com.android.server.wm.WindowStateAnimator.destroySurface:2014 com.android.server.wm.WindowStateAnimator.destroySurfaceLocked:881 com.android.server.wm.WindowState.destroyOrSaveSurface:2073 com.android.server.wm.AppWindowToken.destroySurfaces:363 com.android.server.wm.WindowStateAnimator.finishExit:565 com.android.server.wm.WindowStateAnimator.stepAnimationLocked:491 com.android.server.wm.WindowAnimator.updateWindowsLocked:303 com.android.server.wm.WindowAnimator.animateLocked:704 
11-23 13:43:28.210  2278  2278 D LifecycleMonitor: Lifecycle status change: br.com.catbag.gifreduxsample.ui.GifListActivity@a5b63cf in: STOPPED
11-23 13:43:28.210  2278  2278 D LifecycleMonitor: Lifecycle status change: br.com.catbag.gifreduxsample.ui.GifListActivity@a5b63cf in: DESTROYED
11-23 13:43:28.213  1237  1544 I WindowManager: Destroying surface Surface(name=br.com.catbag.gifreduxsample/br.com.catbag.gifreduxsample.ui.GifListActivity) called by com.android.server.wm.WindowStateAnimator.destroySurface:2014 com.android.server.wm.WindowStateAnimator.destroySurfaceLocked:881 com.android.server.wm.WindowState.removeLocked:1449 com.android.server.wm.WindowManagerService.removeWindowInnerLocked:2478 com.android.server.wm.WindowManagerService.removeWindowLocked:2436 com.android.server.wm.WindowManagerService.removeWindowLocked:2305 com.android.server.wm.WindowManagerService.removeWindow:2300 com.android.server.wm.Session.remove:193 
11-23 13:43:28.252  1237  1658 I WindowManager: Destroying surface Surface(name=com.android.launcher3/com.android.launcher3.Launcher) called by com.android.server.wm.WindowStateAnimator.destroySurface:2014 com.android.server.wm.WindowStateAnimator.destroySurfaceLocked:881 com.android.server.wm.WindowState.destroyOrSaveSurface:2073 com.android.server.wm.AppWindowToken.destroySurfaces:363 com.android.server.wm.AppWindowToken.notifyAppStopped:389 com.android.server.wm.WindowManagerService.notifyAppStopped:4456 com.android.server.am.ActivityStack.activityStoppedLocked:1252 com.android.server.am.ActivityManagerService.activityStopped:6873 
11-23 13:43:28.390  2278  2278 W ResourceType: No package identifier when getting name for resource number 0x000000e9
11-23 13:43:28.414  2278  2278 W ResourceType: No package identifier when getting name for resource number 0x000000ea
11-23 13:43:28.414  2278  2278 I ViewInteraction: Performing 'actionOnItemAtPosition performing ViewAction: single click on item at position: 0' action on view with id: 234 (resource name not found)
11-23 13:43:28.521  2278  2294 I DroidFlux:Dispatcher: [STARTED] dispatch of action [GIF_PLAY]
11-23 13:43:28.522  2278  2294 I DroidFlux:Dispatcher: [COMPLETED] dispatch of action [GIF_PLAY]
11-23 13:43:28.546   988  1043 D AudioFlinger: mixer(0xae4030c0) throttle end: throttle time(11)
11-23 13:43:28.565   988  1043 D AudioFlinger: mixer(0xae4030c0) throttle end: throttle time(11)
11-23 13:43:29.264  2278  2278 D LifecycleMonitor: Lifecycle status change: br.com.catbag.gifreduxsample.ui.GifListActivity@6073dcb in: PAUSED
11-23 13:43:29.284  2278  2293 I TestRunner: finished: whenScrollUpAndPlayFirstItemTest(br.com.catbag.gifreduxsample.ui.giflist.GifListActivityTest)
11-23 13:43:29.342   978   978 D gralloc : Registering a buffer in the process that created it. This may cause memory ordering problems.
11-23 13:43:29.343   978   978 E libEGL  : called unimplemented OpenGL ES API
11-23 13:43:29.344   978   978 E SurfaceFlinger: glCheckFramebufferStatusOES error 1844722566
11-23 13:43:29.344   978   978 E SurfaceFlinger: got GL_FRAMEBUFFER_COMPLETE_OES error while taking screenshot
11-23 13:43:29.349  1237  1633 W WindowManager: Screenshot failure taking screenshot for (480x800) to layer 21005
11-23 13:43:29.393  2278  2278 I MonitoringInstrumentation: Activities that are still in CREATED to STOPPED: 1
11-23 13:43:29.394  2278  2293 I TestRunner: started: whenGifIsDownloadedTest(br.com.catbag.gifreduxsample.ui.giflist.GifListActivityTest)
11-23 13:43:29.420  1237  1258 I Choreographer: Skipped 31 frames!  The application may be doing too much work on its main thread.
11-23 13:43:29.463  2278  2278 I MonitoringInstrumentation: Activities that are still in CREATED to STOPPED: 1
11-23 13:43:29.608  2278  2294 I DroidFlux:Dispatcher: [STARTED] dispatch of action [FAKE_REDUCE_ACTION]
11-23 13:43:29.610  2278  2294 I DroidFlux:Dispatcher: [COMPLETED] dispatch of action [FAKE_REDUCE_ACTION]
11-23 13:43:29.656  2278  2352 D ActivityTestRule: Launching activity br.com.catbag.gifreduxsample.ui.GifListActivity
11-23 13:43:29.670  2278  2354 D MonitoringInstrumentation: execStartActivity(context, ibinder, ibinder, activity, intent, int, bundle
11-23 13:43:29.671  1237  1434 I ActivityManager: START u0 {flg=0x10000000 cmp=br.com.catbag.gifreduxsample/.ui.GifListActivity} from uid 10060 on display 0
11-23 13:43:29.737  1749  1749 I Choreographer: Skipped 39 frames!  The application may be doing too much work on its main thread.
11-23 13:43:29.988  2278  2278 D LifecycleMonitor: Lifecycle status change: br.com.catbag.gifreduxsample.ui.GifListActivity@2404b4f in: PRE_ON_CREATE
11-23 13:43:30.063  2278  2278 D LifecycleMonitor: Lifecycle status change: br.com.catbag.gifreduxsample.ui.GifListActivity@2404b4f in: CREATED
11-23 13:43:30.064  2278  2294 I DroidFlux:Dispatcher: [STARTED] dispatch of action [APP_STATE_LOAD]
11-23 13:43:30.064  2278  2294 D DroidFlux:Dispatcher: An action of type [APP_STATE_LOAD] was dispatched, but no reducer handled it
11-23 13:43:30.064  2278  2294 I DroidFlux:Dispatcher: [COMPLETED] dispatch of action [APP_STATE_LOAD]
11-23 13:43:30.064  2278  2278 D LifecycleMonitor: Lifecycle status change: br.com.catbag.gifreduxsample.ui.GifListActivity@2404b4f in: STARTED
11-23 13:43:30.122  1237  1258 I Choreographer: Skipped 43 frames!  The application may be doing too much work on its main thread.
11-23 13:43:30.199  2278  2278 D LifecycleMonitor: Lifecycle status change: br.com.catbag.gifreduxsample.ui.GifListActivity@2404b4f in: RESUMED
11-23 13:43:30.220  2278  2278 I Choreographer: Skipped 75 frames!  The application may be doing too much work on its main thread.
11-23 13:43:30.364  2278  2278 D LifecycleMonitor: Lifecycle status change: br.com.catbag.gifreduxsample.ui.GifListActivity@6073dcb in: STOPPED
11-23 13:43:30.418  2278  2278 D LifecycleMonitor: Lifecycle status change: br.com.catbag.gifreduxsample.ui.GifListActivity@6073dcb in: DESTROYED
11-23 13:43:30.424  1237  1267 I WindowManager: Destroying surface Surface(name=br.com.catbag.gifreduxsample/br.com.catbag.gifreduxsample.ui.GifListActivity) called by com.android.server.wm.WindowStateAnimator.destroySurface:2014 com.android.server.wm.WindowStateAnimator.destroySurfaceLocked:881 com.android.server.wm.WindowState.removeLocked:1449 com.android.server.wm.WindowManagerService.removeWindowInnerLocked:2478 com.android.server.wm.WindowManagerService.removeWindowLocked:2436 com.android.server.wm.WindowManagerService.removeWindowLocked:2305 com.android.server.wm.WindowManagerService.removeWindow:2300 com.android.server.wm.Session.remove:193 
11-23 13:43:30.474  2278  2278 I Choreographer: Skipped 30 frames!  The application may be doing too much work on its main thread.
11-23 13:43:30.820  1237  1258 I ActivityManager: Displayed br.com.catbag.gifreduxsample/.ui.GifListActivity: +992ms
11-23 13:43:30.941  2278  2278 D LifecycleMonitor: Lifecycle status change: br.com.catbag.gifreduxsample.ui.GifListActivity@2404b4f in: PAUSED
11-23 13:43:30.942  2278  2293 I TestRunner: finished: whenGifIsDownloadedTest(br.com.catbag.gifreduxsample.ui.giflist.GifListActivityTest)
11-23 13:43:30.999   978   978 D gralloc : Registering a buffer in the process that created it. This may cause memory ordering problems.
11-23 13:43:31.000   978   978 E libEGL  : called unimplemented OpenGL ES API
11-23 13:43:31.000   978   978 E SurfaceFlinger: glCheckFramebufferStatusOES error 1844722566
11-23 13:43:31.001   978   978 E SurfaceFlinger: got GL_FRAMEBUFFER_COMPLETE_OES error while taking screenshot
11-23 13:43:31.002  1237  1658 W WindowManager: Screenshot failure taking screenshot for (480x800) to layer 22015
11-23 13:43:31.054  2278  2278 I MonitoringInstrumentation: Activities that are still in CREATED to STOPPED: 1
11-23 13:43:31.057  2278  2293 I TestRunner: started: whenPlayGifTest(br.com.catbag.gifreduxsample.ui.giflist.GifListActivityTest)
11-23 13:43:31.092  1237  1267 I ActivityManager: Activity reported stop, but no longer stopping: ActivityRecord{e377c51 u0 com.android.launcher3/.Launcher t3}
11-23 13:43:31.133  1237  1258 I WindowManager: Destroying surface Surface(name=Starting br.com.catbag.gifreduxsample) called by com.android.server.wm.WindowStateAnimator.destroySurface:2014 com.android.server.wm.WindowStateAnimator.destroySurfaceLocked:881 com.android.server.wm.WindowState.removeLocked:1449 com.android.server.wm.WindowManagerService.removeWindowInnerLocked:2478 com.android.server.wm.AppWindowToken.destroySurfaces:365 com.android.server.wm.WindowStateAnimator.finishExit:565 com.android.server.wm.WindowStateAnimator.stepAnimationLocked:491 com.android.server.wm.WindowAnimator.updateWindowsLocked:303 
11-23 13:43:31.161  1237  1544 D WindowManager: relayoutVisibleWindow: Window{9b790d6 u0 com.android.launcher3/com.android.launcher3.Launcher EXITING} mAnimatingExit=true, mRemoveOnExit=false, mDestroying=true
11-23 13:43:31.317  1237  1324 E TaskPersister: File error accessing recents directory (directory doesn't exist?).
11-23 13:43:31.354  1237  1247 I art     : Background sticky concurrent mark sweep GC freed 31568(2MB) AllocSpace objects, 14(280KB) LOS objects, 27% free, 7MB/10MB, paused 6.551ms total 761.247ms
11-23 13:43:31.379  2278  2289 W art     : Suspending all threads took: 279.399ms
11-23 13:43:31.411  2278  2293 W art     : Long monitor contention with owner main (2278) at android.os.Message android.os.MessageQueue.next()(MessageQueue.java:325) waiters=0 in boolean android.os.MessageQueue.enqueueMessage(android.os.Message, long) for 346ms
11-23 13:43:31.413  2278  2278 I MonitoringInstrumentation: Activities that are still in CREATED to STOPPED: 1
11-23 13:43:31.488  2278  2294 I DroidFlux:Dispatcher: [STARTED] dispatch of action [FAKE_REDUCE_ACTION]
11-23 13:43:31.489  2278  2294 I DroidFlux:Dispatcher: [COMPLETED] dispatch of action [FAKE_REDUCE_ACTION]
11-23 13:43:31.572  2278  2355 D ActivityTestRule: Launching activity br.com.catbag.gifreduxsample.ui.GifListActivity
11-23 13:43:31.605  2278  2289 I art     : Background sticky concurrent mark sweep GC freed 42538(2017KB) AllocSpace objects, 4(80KB) LOS objects, 17% free, 10MB/12MB, paused 307.793ms total 1.224s
11-23 13:43:31.608  2278  2357 D MonitoringInstrumentation: execStartActivity(context, ibinder, ibinder, activity, intent, int, bundle
11-23 13:43:31.609  1237  1658 I ActivityManager: START u0 {flg=0x10000000 cmp=br.com.catbag.gifreduxsample/.ui.GifListActivity} from uid 10060 on display 0
11-23 13:43:31.649  1749  1749 I Choreographer: Skipped 99 frames!  The application may be doing too much work on its main thread.
11-23 13:43:31.749  1237  1258 I Choreographer: Skipped 32 frames!  The application may be doing too much work on its main thread.
11-23 13:43:31.869  2278  2278 D LifecycleMonitor: Lifecycle status change: br.com.catbag.gifreduxsample.ui.GifListActivity@87dce1a in: PRE_ON_CREATE
11-23 13:43:31.894  2278  2278 D LifecycleMonitor: Lifecycle status change: br.com.catbag.gifreduxsample.ui.GifListActivity@87dce1a in: CREATED
11-23 13:43:31.896  2278  2294 I DroidFlux:Dispatcher: [STARTED] dispatch of action [APP_STATE_LOAD]
11-23 13:43:31.897  2278  2294 D DroidFlux:Dispatcher: An action of type [APP_STATE_LOAD] was dispatched, but no reducer handled it
11-23 13:43:31.898  2278  2294 I DroidFlux:Dispatcher: [COMPLETED] dispatch of action [APP_STATE_LOAD]
11-23 13:43:31.899  2278  2278 D LifecycleMonitor: Lifecycle status change: br.com.catbag.gifreduxsample.ui.GifListActivity@87dce1a in: STARTED
11-23 13:43:31.901  2278  2278 D LifecycleMonitor: Lifecycle status change: br.com.catbag.gifreduxsample.ui.GifListActivity@87dce1a in: RESUMED
11-23 13:43:31.906  2278  2278 D LifecycleMonitor: Lifecycle status change: br.com.catbag.gifreduxsample.ui.GifListActivity@2404b4f in: STOPPED
11-23 13:43:31.906  2278  2278 D LifecycleMonitor: Lifecycle status change: br.com.catbag.gifreduxsample.ui.GifListActivity@2404b4f in: DESTROYED
11-23 13:43:31.923  1237  1658 I WindowManager: Destroying surface Surface(name=br.com.catbag.gifreduxsample/br.com.catbag.gifreduxsample.ui.GifListActivity) called by com.android.server.wm.WindowStateAnimator.destroySurface:2014 com.android.server.wm.WindowStateAnimator.destroySurfaceLocked:881 com.android.server.wm.WindowState.removeLocked:1449 com.android.server.wm.WindowManagerService.removeWindowInnerLocked:2478 com.android.server.wm.WindowManagerService.removeWindowLocked:2436 com.android.server.wm.WindowManagerService.removeWindowLocked:2305 com.android.server.wm.WindowManagerService.removeWindow:2300 com.android.server.wm.Session.remove:193 
11-23 13:43:31.971  1237  1258 I Choreographer: Skipped 51 frames!  The application may be doing too much work on its main thread.
11-23 13:43:32.156  2278  2278 I ViewInteraction: Performing 'single click' action on view with id: br.com.catbag.gifreduxsample:id/gif_image
11-23 13:43:32.189  1237  1258 I ActivityManager: Displayed br.com.catbag.gifreduxsample/.ui.GifListActivity: +460ms
11-23 13:43:32.243  1325  1372 W art     : Long monitor contention with owner main (1325) at long android.os.SystemClock.uptimeMillis()(SystemClock.java:-2) waiters=0 in boolean android.os.MessageQueue.enqueueMessage(android.os.Message, long) for 2.505s
11-23 13:43:32.551  1237  1258 I Choreographer: Skipped 82 frames!  The application may be doing too much work on its main thread.
11-23 13:43:32.563  2278  2278 I Choreographer: Skipped 100 frames!  The application may be doing too much work on its main thread.
11-23 13:43:32.569  1237  1258 I WindowManager: Destroying surface Surface(name=Starting br.com.catbag.gifreduxsample) called by com.android.server.wm.WindowStateAnimator.destroySurface:2014 com.android.server.wm.WindowStateAnimator.destroySurfaceLocked:881 com.android.server.wm.WindowState.destroyOrSaveSurface:2073 com.android.server.wm.AppWindowToken.destroySurfaces:363 com.android.server.wm.WindowStateAnimator.finishExit:565 com.android.server.wm.WindowStateAnimator.stepAnimationLocked:491 com.android.server.wm.WindowAnimator.updateWindowsLocked:303 com.android.server.wm.WindowAnimator.animateLocked:704 
11-23 13:43:32.630  1749  1749 W IInputConnectionWrapper: reportFullscreenMode on inexistent InputConnection
11-23 13:43:32.672  2278  2278 E MotionEvents: Overslept and turned a tap into a long press
11-23 13:43:32.713  2278  2294 I DroidFlux:Dispatcher: [STARTED] dispatch of action [GIF_PLAY]
11-23 13:43:32.725   988  1043 D AudioFlinger: mixer(0xae4030c0) throttle end: throttle time(11)
11-23 13:43:32.745   988  1043 D AudioFlinger: mixer(0xae4030c0) throttle end: throttle time(11)
11-23 13:43:32.768  2278  2294 I DroidFlux:Dispatcher: [COMPLETED] dispatch of action [GIF_PLAY]
11-23 13:43:32.888  1237  1555 I WindowManager: Destroying surface Surface(name=com.android.launcher3/com.android.launcher3.Launcher) called by com.android.server.wm.WindowStateAnimator.destroySurface:2014 com.android.server.wm.WindowStateAnimator.destroySurfaceLocked:881 com.android.server.wm.WindowState.destroyOrSaveSurface:2073 com.android.server.wm.AppWindowToken.destroySurfaces:363 com.android.server.wm.AppWindowToken.notifyAppStopped:389 com.android.server.wm.WindowManagerService.notifyAppStopped:4456 com.android.server.am.ActivityStack.activityStoppedLocked:1252 com.android.server.am.ActivityManagerService.activityStopped:6873 
11-23 13:43:33.403  2278  2293 I TestRunner: finished: whenPlayGifTest(br.com.catbag.gifreduxsample.ui.giflist.GifListActivityTest)
11-23 13:43:33.432  2278  2278 D LifecycleMonitor: Lifecycle status change: br.com.catbag.gifreduxsample.ui.GifListActivity@87dce1a in: PAUSED
11-23 13:43:33.651   978   978 D gralloc : Registering a buffer in the process that created it. This may cause memory ordering problems.
11-23 13:43:33.652   978   978 E libEGL  : called unimplemented OpenGL ES API
11-23 13:43:33.652   978   978 E SurfaceFlinger: glCheckFramebufferStatusOES error 1844722566
11-23 13:43:33.653   978   978 E SurfaceFlinger: got GL_FRAMEBUFFER_COMPLETE_OES error while taking screenshot
11-23 13:43:33.668  1237  1633 W WindowManager: Screenshot failure taking screenshot for (480x800) to layer 21005
11-23 13:43:33.676  1237  1251 W art     : Long monitor contention with owner Binder:1237_7 (1633) at void com.android.server.am.ActivityManagerService.activityPaused(android.os.IBinder)(ActivityManagerService.java:6849) waiters=0 in void com.android.server.am.ActivityStackSupervisor$ActivityStackSupervisorHandler.activityIdleInternal(com.android.server.am.ActivityRecord) for 242ms
11-23 13:43:33.677  2278  2278 I MonitoringInstrumentation: Activities that are still in CREATED to STOPPED: 1
11-23 13:43:33.678  2278  2278 I Choreographer: Skipped 63 frames!  The application may be doing too much work on its main thread.
11-23 13:43:33.680  2278  2293 I TestRunner: started: whenGifDownloadFailTest(br.com.catbag.gifreduxsample.ui.giflist.GifListActivityTest)
11-23 13:43:33.793  2278  2278 I MonitoringInstrumentation: Activities that are still in CREATED to STOPPED: 1
11-23 13:43:33.813  2278  2294 I DroidFlux:Dispatcher: [STARTED] dispatch of action [FAKE_REDUCE_ACTION]
11-23 13:43:33.814  2278  2294 I DroidFlux:Dispatcher: [COMPLETED] dispatch of action [FAKE_REDUCE_ACTION]
11-23 13:43:33.866  2278  2359 D ActivityTestRule: Launching activity br.com.catbag.gifreduxsample.ui.GifListActivity
11-23 13:43:33.896  2278  2361 D MonitoringInstrumentation: execStartActivity(context, ibinder, ibinder, activity, intent, int, bundle
11-23 13:43:33.897  1237  1633 I ActivityManager: START u0 {flg=0x10000000 cmp=br.com.catbag.gifreduxsample/.ui.GifListActivity} from uid 10060 on display 0
11-23 13:43:33.954  1237  1258 I Choreographer: Skipped 39 frames!  The application may be doing too much work on its main thread.
11-23 13:43:34.246  2278  2278 D LifecycleMonitor: Lifecycle status change: br.com.catbag.gifreduxsample.ui.GifListActivity@97ba5d2 in: PRE_ON_CREATE
11-23 13:43:34.320  1237  1258 I Choreographer: Skipped 77 frames!  The application may be doing too much work on its main thread.
11-23 13:43:34.357  2278  2278 D LifecycleMonitor: Lifecycle status change: br.com.catbag.gifreduxsample.ui.GifListActivity@97ba5d2 in: CREATED
11-23 13:43:34.358  2278  2294 I DroidFlux:Dispatcher: [STARTED] dispatch of action [APP_STATE_LOAD]
11-23 13:43:34.358  2278  2294 D DroidFlux:Dispatcher: An action of type [APP_STATE_LOAD] was dispatched, but no reducer handled it
11-23 13:43:34.358  2278  2294 I DroidFlux:Dispatcher: [COMPLETED] dispatch of action [APP_STATE_LOAD]
11-23 13:43:34.359  2278  2278 D LifecycleMonitor: Lifecycle status change: br.com.catbag.gifreduxsample.ui.GifListActivity@97ba5d2 in: STARTED
11-23 13:43:34.362  2278  2278 D LifecycleMonitor: Lifecycle status change: br.com.catbag.gifreduxsample.ui.GifListActivity@97ba5d2 in: RESUMED
11-23 13:43:34.512  2278  2278 D LifecycleMonitor: Lifecycle status change: br.com.catbag.gifreduxsample.ui.GifListActivity@87dce1a in: STOPPED
11-23 13:43:34.512  2278  2278 D LifecycleMonitor: Lifecycle status change: br.com.catbag.gifreduxsample.ui.GifListActivity@87dce1a in: DESTROYED
11-23 13:43:34.636  2278  2278 D LifecycleMonitor: Lifecycle status change: br.com.catbag.gifreduxsample.ui.GifListActivity@97ba5d2 in: PAUSED
11-23 13:43:34.648   978   978 D gralloc : Registering a buffer in the process that created it. This may cause memory ordering problems.
11-23 13:43:34.648   978   978 E SurfaceFlinger: glCheckFramebufferStatusOES error 1844722566
11-23 13:43:34.649   978   978 E SurfaceFlinger: got GL_FRAMEBUFFER_COMPLETE_OES error while taking screenshot
11-23 13:43:34.650  1237  1434 W WindowManager: Screenshot failure taking screenshot for (480x800) to layer 22020
11-23 13:43:34.670  2278  2293 I TestRunner: finished: whenGifDownloadFailTest(br.com.catbag.gifreduxsample.ui.giflist.GifListActivityTest)
11-23 13:43:34.678  2278  2278 I MonitoringInstrumentation: Activities that are still in CREATED to STOPPED: 1
11-23 13:43:34.679  2278  2293 I TestRunner: started: whenPauseGifTest(br.com.catbag.gifreduxsample.ui.giflist.GifListActivityTest)
11-23 13:43:34.681  2278  2278 I MonitoringInstrumentation: Activities that are still in CREATED to STOPPED: 1
11-23 13:43:34.705  1237  1258 I Choreographer: Skipped 31 frames!  The application may be doing too much work on its main thread.
11-23 13:43:34.744  2278  2294 I DroidFlux:Dispatcher: [STARTED] dispatch of action [FAKE_REDUCE_ACTION]
11-23 13:43:34.783  1749  1749 I Choreographer: Skipped 90 frames!  The application may be doing too much work on its main thread.
11-23 13:43:34.807  2278  2294 I DroidFlux:Dispatcher: [COMPLETED] dispatch of action [FAKE_REDUCE_ACTION]
11-23 13:43:34.819  1237  1633 I ActivityManager: Activity reported stop, but no longer stopping: ActivityRecord{e377c51 u0 com.android.launcher3/.Launcher t3}
11-23 13:43:34.950  1237  1258 I WindowManager: Destroying surface Surface(name=br.com.catbag.gifreduxsample/br.com.catbag.gifreduxsample.ui.GifListActivity) called by com.android.server.wm.WindowStateAnimator.destroySurface:2014 com.android.server.wm.WindowStateAnimator.destroySurfaceLocked:881 com.android.server.wm.WindowState.removeLocked:1449 com.android.server.wm.WindowManagerService.removeWindowInnerLocked:2478 com.android.server.wm.AppWindowToken.destroySurfaces:365 com.android.server.wm.WindowStateAnimator.finishExit:565 com.android.server.wm.AppWindowAnimator.stepAnimationLocked:427 com.android.server.wm.WindowAnimator.updateAppWindowsLocked:196 
11-23 13:43:34.970  1237  1544 W art     : Long monitor contention with owner android.display (1258) at void com.android.server.wm.WindowAnimator$1.doFrame(long)(WindowAnimator.java:138) waiters=1 in int com.android.server.wm.WindowManagerService.relayoutWindow(com.android.server.wm.Session, android.view.IWindow, int, android.view.WindowManager$LayoutParams, int, int, int, int, android.graphics.Rect, android.graphics.Rect, android.graphics.Rect, android.graphics.Rect, android.graphics.Rect, android.graphics.Rect, android.graphics.Rect, android.content.res.Configuration, android.view.Surface) for 128ms
11-23 13:43:34.987  1749  1749 I Choreographer: Skipped 38 frames!  The application may be doing too much work on its main thread.
11-23 13:43:34.989  2278  2363 D ActivityTestRule: Launching activity br.com.catbag.gifreduxsample.ui.GifListActivity
11-23 13:43:35.011  1237  1258 I WindowManager: Destroying surface Surface(name=Starting br.com.catbag.gifreduxsample) called by com.android.server.wm.WindowStateAnimator.destroySurface:2014 com.android.server.wm.WindowStateAnimator.destroySurfaceLocked:881 com.android.server.wm.WindowState.removeLocked:1449 com.android.server.wm.WindowManagerService.removeWindowInnerLocked:2478 com.android.server.wm.AppWindowToken.destroySurfaces:365 com.android.server.wm.WindowStateAnimator.finishExit:565 com.android.server.wm.WindowStateAnimator.stepAnimationLocked:491 com.android.server.wm.WindowAnimator.updateWindowsLocked:303 
11-23 13:43:35.038  2278  2367 D MonitoringInstrumentation: execStartActivity(context, ibinder, ibinder, activity, intent, int, bundle
11-23 13:43:35.039  1237  1248 I ActivityManager: START u0 {flg=0x10000000 cmp=br.com.catbag.gifreduxsample/.ui.GifListActivity} from uid 10060 on display 0
11-23 13:43:35.201  1749  1749 I Choreographer: Skipped 55 frames!  The application may be doing too much work on its main thread.
11-23 13:43:35.299  2278  2278 D LifecycleMonitor: Lifecycle status change: br.com.catbag.gifreduxsample.ui.GifListActivity@a86b27e in: PRE_ON_CREATE
11-23 13:43:35.323  2278  2278 D LifecycleMonitor: Lifecycle status change: br.com.catbag.gifreduxsample.ui.GifListActivity@a86b27e in: CREATED
11-23 13:43:35.335  2278  2294 I DroidFlux:Dispatcher: [STARTED] dispatch of action [APP_STATE_LOAD]
11-23 13:43:35.336  2278  2294 D DroidFlux:Dispatcher: An action of type [APP_STATE_LOAD] was dispatched, but no reducer handled it
11-23 13:43:35.336  2278  2294 I DroidFlux:Dispatcher: [COMPLETED] dispatch of action [APP_STATE_LOAD]
11-23 13:43:35.352  1237  1258 I Choreographer: Skipped 43 frames!  The application may be doing too much work on its main thread.
11-23 13:43:35.355  2278  2278 D LifecycleMonitor: Lifecycle status change: br.com.catbag.gifreduxsample.ui.GifListActivity@a86b27e in: STARTED
11-23 13:43:35.357  2278  2278 D LifecycleMonitor: Lifecycle status change: br.com.catbag.gifreduxsample.ui.GifListActivity@a86b27e in: RESUMED
11-23 13:43:35.500  2278  2289 I art     : WaitForGcToComplete blocked for 17.983ms for cause Background
11-23 13:43:35.808  1749  1749 I Choreographer: Skipped 72 frames!  The application may be doing too much work on its main thread.
11-23 13:43:35.856  1237  1633 W InputMethodManagerService: Starting input on non-focused client com.android.internal.view.IInputMethodClient$Stub$Proxy@d9d1f87 (uid=10012 pid=1749)
11-23 13:43:35.889  1237  1258 I Choreographer: Skipped 90 frames!  The application may be doing too much work on its main thread.
11-23 13:43:35.934  2278  2278 I Choreographer: Skipped 33 frames!  The application may be doing too much work on its main thread.
11-23 13:43:35.950  1237  1258 I ActivityManager: Displayed br.com.catbag.gifreduxsample/.ui.GifListActivity: +651ms (total +1s723ms)
11-23 13:43:36.024  2278  2278 I ViewInteraction: Performing 'single click' action on view with id: br.com.catbag.gifreduxsample:id/gif_image
11-23 13:43:36.227  2278  2289 I art     : Background partial concurrent mark sweep GC freed 30720(1286KB) AllocSpace objects, 0(0B) LOS objects, 27% free, 10MB/14MB, paused 5.769ms total 694.634ms
11-23 13:43:36.288  2278  2294 I DroidFlux:Dispatcher: [STARTED] dispatch of action [GIF_PAUSE]
11-23 13:43:36.290  2278  2294 I DroidFlux:Dispatcher: [COMPLETED] dispatch of action [GIF_PAUSE]
11-23 13:43:36.321  1237  1258 I WindowManager: Destroying surface Surface(name=Starting br.com.catbag.gifreduxsample) called by com.android.server.wm.WindowStateAnimator.destroySurface:2014 com.android.server.wm.WindowStateAnimator.destroySurfaceLocked:881 com.android.server.wm.WindowState.destroyOrSaveSurface:2073 com.android.server.wm.AppWindowToken.destroySurfaces:363 com.android.server.wm.WindowStateAnimator.finishExit:565 com.android.server.wm.WindowStateAnimator.stepAnimationLocked:491 com.android.server.wm.WindowAnimator.updateWindowsLocked:303 com.android.server.wm.WindowAnimator.animateLocked:704 
11-23 13:43:36.426   988  1043 D AudioFlinger: mixer(0xae4030c0) throttle end: throttle time(11)
11-23 13:43:36.446   988  1043 D AudioFlinger: mixer(0xae4030c0) throttle end: throttle time(11)
11-23 13:43:36.711  1237  1633 I WindowManager: Destroying surface Surface(name=com.android.launcher3/com.android.launcher3.Launcher) called by com.android.server.wm.WindowStateAnimator.destroySurface:2014 com.android.server.wm.WindowStateAnimator.destroySurfaceLocked:881 com.android.server.wm.WindowState.destroyOrSaveSurface:2073 com.android.server.wm.AppWindowToken.destroySurfaces:363 com.android.server.wm.AppWindowToken.notifyAppStopped:389 com.android.server.wm.WindowManagerService.notifyAppStopped:4456 com.android.server.am.ActivityStack.activityStoppedLocked:1252 com.android.server.am.ActivityManagerService.activityStopped:6873 
11-23 13:43:36.720  2278  2278 D LifecycleMonitor: Lifecycle status change: br.com.catbag.gifreduxsample.ui.GifListActivity@97ba5d2 in: STOPPED
11-23 13:43:36.720  2278  2278 D LifecycleMonitor: Lifecycle status change: br.com.catbag.gifreduxsample.ui.GifListActivity@97ba5d2 in: DESTROYED
11-23 13:43:36.731  1237  1267 I WindowManager: Destroying surface Surface(name=br.com.catbag.gifreduxsample/br.com.catbag.gifreduxsample.ui.GifListActivity) called by com.android.server.wm.WindowStateAnimator.destroySurface:2014 com.android.server.wm.WindowStateAnimator.destroySurfaceLocked:881 com.android.server.wm.WindowState.removeLocked:1449 com.android.server.wm.WindowManagerService.removeWindowInnerLocked:2478 com.android.server.wm.WindowManagerService.removeWindowLocked:2436 com.android.server.wm.WindowManagerService.removeWindowLocked:2305 com.android.server.wm.WindowManagerService.removeWindow:2300 com.android.server.wm.Session.remove:193 
11-23 13:43:36.783  1325  1367 W art     : Long monitor contention with owner main (1325) at android.os.Message android.os.MessageQueue.next()(MessageQueue.java:325) waiters=0 in boolean android.os.MessageQueue.enqueueMessage(android.os.Message, long) for 975ms
11-23 13:43:37.161  2278  2293 I TestRunner: finished: whenPauseGifTest(br.com.catbag.gifreduxsample.ui.giflist.GifListActivityTest)
11-23 13:43:37.184  2278  2278 D LifecycleMonitor: Lifecycle status change: br.com.catbag.gifreduxsample.ui.GifListActivity@a86b27e in: PAUSED
11-23 13:43:37.446   978   978 D gralloc : Registering a buffer in the process that created it. This may cause memory ordering problems.
11-23 13:43:37.446   978   978 E libEGL  : called unimplemented OpenGL ES API
11-23 13:43:37.449   978   978 E SurfaceFlinger: glCheckFramebufferStatusOES error 1844722566
11-23 13:43:37.450   978   978 E SurfaceFlinger: got GL_FRAMEBUFFER_COMPLETE_OES error while taking screenshot
11-23 13:43:37.468  1237  1544 W WindowManager: Screenshot failure taking screenshot for (480x800) to layer 21005
11-23 13:43:37.478  2278  2278 I MonitoringInstrumentation: Activities that are still in CREATED to STOPPED: 1
11-23 13:43:37.480  2278  2293 I TestRunner: started: whenLoadMultipleGifsOnAppStateTest(br.com.catbag.gifreduxsample.ui.giflist.GifListActivityTest)
11-23 13:43:37.487  2278  2278 I MonitoringInstrumentation: Activities that are still in CREATED to STOPPED: 1
11-23 13:43:37.558  1237  1324 E TaskPersister: File error accessing recents directory (directory doesn't exist?).
11-23 13:43:37.631  2278  2294 I DroidFlux:Dispatcher: [STARTED] dispatch of action [FAKE_REDUCE_ACTION]
11-23 13:43:37.632  2278  2294 I DroidFlux:Dispatcher: [COMPLETED] dispatch of action [FAKE_REDUCE_ACTION]
11-23 13:43:37.649  2278  2369 D ActivityTestRule: Launching activity br.com.catbag.gifreduxsample.ui.GifListActivity
11-23 13:43:37.667  2278  2371 D MonitoringInstrumentation: execStartActivity(context, ibinder, ibinder, activity, intent, int, bundle
11-23 13:43:37.669  1237  1248 I ActivityManager: START u0 {flg=0x10000000 cmp=br.com.catbag.gifreduxsample/.ui.GifListActivity} from uid 10060 on display 0
11-23 13:43:37.757  1749  1749 I Choreographer: Skipped 30 frames!  The application may be doing too much work on its main thread.
11-23 13:43:37.841  2278  2278 D LifecycleMonitor: Lifecycle status change: br.com.catbag.gifreduxsample.ui.GifListActivity@f8d55b7 in: PRE_ON_CREATE
11-23 13:43:38.043  2278  2278 D LifecycleMonitor: Lifecycle status change: br.com.catbag.gifreduxsample.ui.GifListActivity@f8d55b7 in: CREATED
11-23 13:43:38.052  2278  2294 I DroidFlux:Dispatcher: [STARTED] dispatch of action [APP_STATE_LOAD]
11-23 13:43:38.053  2278  2294 D DroidFlux:Dispatcher: An action of type [APP_STATE_LOAD] was dispatched, but no reducer handled it
11-23 13:43:38.053  2278  2294 I DroidFlux:Dispatcher: [COMPLETED] dispatch of action [APP_STATE_LOAD]
11-23 13:43:38.054  2278  2278 D LifecycleMonitor: Lifecycle status change: br.com.catbag.gifreduxsample.ui.GifListActivity@f8d55b7 in: STARTED
11-23 13:43:38.092  2278  2278 D LifecycleMonitor: Lifecycle status change: br.com.catbag.gifreduxsample.ui.GifListActivity@f8d55b7 in: RESUMED
11-23 13:43:38.470  1237  1258 I ActivityManager: Displayed br.com.catbag.gifreduxsample/.ui.GifListActivity: +697ms
11-23 13:43:38.487  2278  2278 W ResourceType: No package identifier when getting name for resource number 0x000000f5
11-23 13:43:38.487  2278  2278 I ViewInteraction: Performing 'scroll RecyclerView to position: 2' action on view with id: 245 (resource name not found)
11-23 13:43:38.777  1237  1258 I WindowManager: Destroying surface Surface(name=Starting br.com.catbag.gifreduxsample) called by com.android.server.wm.WindowStateAnimator.destroySurface:2014 com.android.server.wm.WindowStateAnimator.destroySurfaceLocked:881 com.android.server.wm.WindowState.destroyOrSaveSurface:2073 com.android.server.wm.AppWindowToken.destroySurfaces:363 com.android.server.wm.WindowStateAnimator.finishExit:565 com.android.server.wm.WindowStateAnimator.stepAnimationLocked:491 com.android.server.wm.WindowAnimator.updateWindowsLocked:303 com.android.server.wm.WindowAnimator.animateLocked:704 
11-23 13:43:38.831  2278  2278 W ResourceType: No package identifier when getting name for resource number 0x000000f5
11-23 13:43:38.869  1237  1633 I WindowManager: Destroying surface Surface(name=com.android.launcher3/com.android.launcher3.Launcher) called by com.android.server.wm.WindowStateAnimator.destroySurface:2014 com.android.server.wm.WindowStateAnimator.destroySurfaceLocked:881 com.android.server.wm.WindowState.destroyOrSaveSurface:2073 com.android.server.wm.AppWindowToken.destroySurfaces:363 com.android.server.wm.AppWindowToken.notifyAppStopped:389 com.android.server.wm.WindowManagerService.notifyAppStopped:4456 com.android.server.am.ActivityStack.activityStoppedLocked:1252 com.android.server.am.ActivityManagerService.activityStopped:6873 
11-23 13:43:38.884  2278  2278 D LifecycleMonitor: Lifecycle status change: br.com.catbag.gifreduxsample.ui.GifListActivity@a86b27e in: STOPPED
11-23 13:43:38.904  2278  2278 D LifecycleMonitor: Lifecycle status change: br.com.catbag.gifreduxsample.ui.GifListActivity@a86b27e in: DESTROYED
11-23 13:43:38.908  1237  1267 I WindowManager: Destroying surface Surface(name=br.com.catbag.gifreduxsample/br.com.catbag.gifreduxsample.ui.GifListActivity) called by com.android.server.wm.WindowStateAnimator.destroySurface:2014 com.android.server.wm.WindowStateAnimator.destroySurfaceLocked:881 com.android.server.wm.WindowState.removeLocked:1449 com.android.server.wm.WindowManagerService.removeWindowInnerLocked:2478 com.android.server.wm.WindowManagerService.removeWindowLocked:2436 com.android.server.wm.WindowManagerService.removeWindowLocked:2305 com.android.server.wm.WindowManagerService.removeWindow:2300 com.android.server.wm.Session.remove:193 
11-23 13:43:38.950  2278  2278 W ResourceType: No package identifier when getting name for resource number 0x000000fc
11-23 13:43:38.950  2278  2278 I ViewInteraction: Performing 'scroll RecyclerView to position: 3' action on view with id: 252 (resource name not found)
11-23 13:43:39.272  2278  2278 W ResourceType: No package identifier when getting name for resource number 0x000000fc
11-23 13:43:39.301  2278  2278 W ResourceType: No package identifier when getting name for resource number 0x00000103
11-23 13:43:39.301  2278  2278 I ViewInteraction: Performing 'scroll RecyclerView to position: 4' action on view with id: 259 (resource name not found)
11-23 13:43:39.612  2278  2278 W ResourceType: No package identifier when getting name for resource number 0x00000103
11-23 13:43:39.633  2278  2278 W ResourceType: No package identifier when getting name for resource number 0x0000010a
11-23 13:43:39.633  2278  2278 I ViewInteraction: Performing 'scroll RecyclerView to position: 5' action on view with id: 266 (resource name not found)
11-23 13:43:39.922  2278  2278 W ResourceType: No package identifier when getting name for resource number 0x0000010a
11-23 13:43:39.973  2278  2278 W ResourceType: No package identifier when getting name for resource number 0x00000111
11-23 13:43:39.973  2278  2278 I ViewInteraction: Performing 'scroll RecyclerView to position: 6' action on view with id: 273 (resource name not found)
11-23 13:43:40.070  2278  2289 I art     : Background sticky concurrent mark sweep GC freed 28758(1935KB) AllocSpace objects, 12(256KB) LOS objects, 13% free, 12MB/14MB, paused 7.284ms total 111.091ms
11-23 13:43:40.262  2278  2278 W ResourceType: No package identifier when getting name for resource number 0x00000111
11-23 13:43:40.274  2278  2278 W ResourceType: No package identifier when getting name for resource number 0x00000118
11-23 13:43:40.274  2278  2278 I ViewInteraction: Performing 'scroll RecyclerView to position: 7' action on view with id: 280 (resource name not found)
11-23 13:43:40.582  2278  2278 W ResourceType: No package identifier when getting name for resource number 0x00000118
11-23 13:43:40.601  2278  2278 W ResourceType: No package identifier when getting name for resource number 0x0000011f
11-23 13:43:40.601  2278  2278 I ViewInteraction: Performing 'scroll RecyclerView to position: 8' action on view with id: 287 (resource name not found)
11-23 13:43:40.903  2278  2278 W ResourceType: No package identifier when getting name for resource number 0x0000011f
11-23 13:43:40.933  2278  2278 W ResourceType: No package identifier when getting name for resource number 0x00000126
11-23 13:43:40.933  2278  2278 I ViewInteraction: Performing 'scroll RecyclerView to position: 9' action on view with id: 294 (resource name not found)
11-23 13:43:41.021  2278  2289 I art     : Background sticky concurrent mark sweep GC freed 10405(993KB) AllocSpace objects, 9(192KB) LOS objects, 8% free, 13MB/14MB, paused 6.782ms total 66.045ms
11-23 13:43:41.208  1237  1324 E TaskPersister: File error accessing recents directory (directory doesn't exist?).
11-23 13:43:41.233  2278  2278 W ResourceType: No package identifier when getting name for resource number 0x00000126
11-23 13:43:41.284  2278  2293 I TestRunner: finished: whenLoadMultipleGifsOnAppStateTest(br.com.catbag.gifreduxsample.ui.giflist.GifListActivityTest)
11-23 13:43:41.348  2278  2278 D LifecycleMonitor: Lifecycle status change: br.com.catbag.gifreduxsample.ui.GifListActivity@f8d55b7 in: PAUSED
11-23 13:43:41.389   978   978 D gralloc : Registering a buffer in the process that created it. This may cause memory ordering problems.
11-23 13:43:41.389   978   978 E libEGL  : called unimplemented OpenGL ES API
11-23 13:43:41.390   978   978 E SurfaceFlinger: glCheckFramebufferStatusOES error 1844722566
11-23 13:43:41.391   978   978 E SurfaceFlinger: got GL_FRAMEBUFFER_COMPLETE_OES error while taking screenshot
11-23 13:43:41.404  1237  1555 W WindowManager: Screenshot failure taking screenshot for (480x800) to layer 21005
11-23 13:43:41.441  2278  2278 I MonitoringInstrumentation: Activities that are still in CREATED to STOPPED: 1
11-23 13:43:41.444  2278  2293 I TestRunner: run finished: 15 tests, 0 failed, 0 ignored
11-23 13:43:41.858  1749  1749 I Choreographer: Skipped 48 frames!  The application may be doing too much work on its main thread.
11-23 13:43:41.964  2278  2293 I MonitoringInstrumentation: Unstopped activity count: 1
11-23 13:43:41.998  2278  2278 I MonitoringInstrumentation: Activities that are still in CREATED to STOPPED: 1
11-23 13:43:42.003  1237  1258 I Choreographer: Skipped 41 frames!  The application may be doing too much work on its main thread.
11-23 13:43:42.026  2278  2293 I MonitoringInstrumentation: Unstopped activity count: 1
11-23 13:43:42.086  2278  2293 I MonitoringInstrumentation: Unstopped activity count: 1
11-23 13:43:42.146  2278  2293 I MonitoringInstrumentation: Unstopped activity count: 1
11-23 13:43:42.206  2278  2293 I MonitoringInstrumentation: Unstopped activity count: 1
11-23 13:43:42.266  2278  2293 I MonitoringInstrumentation: Unstopped activity count: 1
11-23 13:43:42.323  2278  2278 D LifecycleMonitor: Lifecycle status change: br.com.catbag.gifreduxsample.ui.GifListActivity@f8d55b7 in: STOPPED
11-23 13:43:42.323  2278  2278 D LifecycleMonitor: Lifecycle status change: br.com.catbag.gifreduxsample.ui.GifListActivity@f8d55b7 in: DESTROYED
11-23 13:43:42.327  2278  2293 I MonitoringInstrumentation: waitForActivitiesToComplete() took: 362ms
11-23 13:43:42.340  1237  1555 I ActivityManager: Force stopping br.com.catbag.gifreduxsample appid=10060 user=0: finished inst
11-23 13:43:42.341  1237  1555 I ActivityManager: Killing 2278:br.com.catbag.gifreduxsample/u0a60 (adj 0): stop br.com.catbag.gifreduxsample
11-23 13:43:42.389  2267  2267 D AndroidRuntime: Shutting down VM
11-23 13:43:42.402  1237  1249 I WindowManager: WIN DEATH: Window{86391e0 u0 br.com.catbag.gifreduxsample/br.com.catbag.gifreduxsample.ui.GifListActivity EXITING}
11-23 13:43:42.430  1237  1258 I Choreographer: Skipped 35 frames!  The application may be doing too much work on its main thread.
