11-23 18:01:22.287  1238  1259 I Choreographer: Skipped 52 frames!  The application may be doing too much work on its main thread.
11-23 18:01:22.391  2306  2306 D LifecycleMonitor: Lifecycle status change: br.com.catbag.gifreduxsample.ui.GifListActivity@8316c43 in: CREATED
11-23 18:01:22.394  2306  2322 I DroidFlux:Dispatcher: [STARTED] dispatch of action [APP_STATE_LOAD]
11-23 18:01:22.395  2306  2322 D DroidFlux:Dispatcher: An action of type [APP_STATE_LOAD] was dispatched, but no reducer handled it
11-23 18:01:22.395  2306  2322 I DroidFlux:Dispatcher: [COMPLETED] dispatch of action [APP_STATE_LOAD]
11-23 18:01:22.395  2306  2306 D LifecycleMonitor: Lifecycle status change: br.com.catbag.gifreduxsample.ui.GifListActivity@8316c43 in: STARTED
11-23 18:01:22.464  2306  2306 D LifecycleMonitor: Lifecycle status change: br.com.catbag.gifreduxsample.ui.GifListActivity@8316c43 in: RESUMED
11-23 18:01:22.556  1722  1722 I Choreographer: Skipped 44 frames!  The application may be doing too much work on its main thread.
11-23 18:01:22.980  2306  2306 I Choreographer: Skipped 73 frames!  The application may be doing too much work on its main thread.
11-23 18:01:23.168  1238  1259 I ActivityManager: Displayed br.com.catbag.gifreduxsample/.ui.GifListActivity: +1s150ms
11-23 18:01:23.196  2306  2306 W ResourceType: No package identifier when getting name for resource number 0x000000f5
11-23 18:01:23.196  2306  2306 I ViewInteraction: Performing 'scroll RecyclerView to position: 2' action on view with id: 245 (resource name not found)
11-23 18:01:23.310  1238  1324 E TaskPersister: File error accessing recents directory (directory doesn't exist?).
11-23 18:01:23.363  1238  1466 I WindowManager: Destroying surface Surface(name=com.android.launcher3/com.android.launcher3.Launcher) called by com.android.server.wm.WindowStateAnimator.destroySurface:2014 com.android.server.wm.WindowStateAnimator.destroySurfaceLocked:881 com.android.server.wm.WindowState.destroyOrSaveSurface:2073 com.android.server.wm.AppWindowToken.destroySurfaces:363 com.android.server.wm.AppWindowToken.notifyAppStopped:389 com.android.server.wm.WindowManagerService.notifyAppStopped:4456 com.android.server.am.ActivityStack.activityStoppedLocked:1252 com.android.server.am.ActivityManagerService.activityStopped:6873 
11-23 18:01:23.393  1238  1259 I Choreographer: Skipped 31 frames!  The application may be doing too much work on its main thread.
11-23 18:01:23.408  2306  2306 D LifecycleMonitor: Lifecycle status change: br.com.catbag.gifreduxsample.ui.GifListActivity@76f1565 in: STOPPED
11-23 18:01:23.408  2306  2306 D LifecycleMonitor: Lifecycle status change: br.com.catbag.gifreduxsample.ui.GifListActivity@76f1565 in: DESTROYED
11-23 18:01:23.452  1238  1268 I WindowManager: Destroying surface Surface(name=br.com.catbag.gifreduxsample/br.com.catbag.gifreduxsample.ui.GifListActivity) called by com.android.server.wm.WindowStateAnimator.destroySurface:2014 com.android.server.wm.WindowStateAnimator.destroySurfaceLocked:881 com.android.server.wm.WindowState.removeLocked:1449 com.android.server.wm.WindowManagerService.removeWindowInnerLocked:2478 com.android.server.wm.WindowManagerService.removeWindowLocked:2436 com.android.server.wm.WindowManagerService.removeWindowLocked:2305 com.android.server.wm.WindowManagerService.removeWindow:2300 com.android.server.wm.Session.remove:193 
11-23 18:01:23.493  2306  2311 I art     : Do partial code cache collection, code=121KB, data=121KB
11-23 18:01:23.572  1238  1259 I WindowManager: Destroying surface Surface(name=Starting br.com.catbag.gifreduxsample) called by com.android.server.wm.WindowStateAnimator.destroySurface:2014 com.android.server.wm.WindowStateAnimator.destroySurfaceLocked:881 com.android.server.wm.WindowState.destroyOrSaveSurface:2073 com.android.server.wm.AppWindowToken.destroySurfaces:363 com.android.server.wm.WindowStateAnimator.finishExit:565 com.android.server.wm.WindowStateAnimator.stepAnimationLocked:491 com.android.server.wm.WindowAnimator.updateWindowsLocked:303 com.android.server.wm.WindowAnimator.animateLocked:704 
11-23 18:01:23.712  2306  2306 W ResourceType: No package identifier when getting name for resource number 0x000000f5
11-23 18:01:23.728  2306  2311 I art     : After code cache collection, code=120KB, data=121KB
11-23 18:01:23.728  2306  2311 I art     : Increasing code cache capacity to 512KB
11-23 18:01:23.775  2306  2306 W ResourceType: No package identifier when getting name for resource number 0x000000fc
11-23 18:01:23.776  2306  2306 I ViewInteraction: Performing 'scroll RecyclerView to position: 3' action on view with id: 252 (resource name not found)
11-23 18:01:23.887  2306  2317 I art     : Background sticky concurrent mark sweep GC freed 18610(1144KB) AllocSpace objects, 3(64KB) LOS objects, 12% free, 12MB/13MB, paused 5.699ms total 79.681ms
11-23 18:01:24.106  2306  2306 W ResourceType: No package identifier when getting name for resource number 0x000000fc
11-23 18:01:24.144  2306  2306 W ResourceType: No package identifier when getting name for resource number 0x00000103
11-23 18:01:24.145  2306  2306 I ViewInteraction: Performing 'scroll RecyclerView to position: 4' action on view with id: 259 (resource name not found)
11-23 18:01:24.474  2306  2306 W ResourceType: No package identifier when getting name for resource number 0x00000103
11-23 18:01:24.548  2306  2306 W ResourceType: No package identifier when getting name for resource number 0x0000010a
11-23 18:01:24.574  2306  2306 I ViewInteraction: Performing 'scroll RecyclerView to position: 5' action on view with id: 266 (resource name not found)
11-23 18:01:24.897  2306  2306 W ResourceType: No package identifier when getting name for resource number 0x0000010a
11-23 18:01:24.956  2306  2306 W ResourceType: No package identifier when getting name for resource number 0x00000111
11-23 18:01:24.957  2306  2306 I ViewInteraction: Performing 'scroll RecyclerView to position: 6' action on view with id: 273 (resource name not found)
11-23 18:01:25.066  2306  2317 I art     : Background sticky concurrent mark sweep GC freed 10359(987KB) AllocSpace objects, 9(192KB) LOS objects, 6% free, 12MB/13MB, paused 7.878ms total 132.822ms
11-23 18:01:25.288  2306  2306 W ResourceType: No package identifier when getting name for resource number 0x00000111
11-23 18:01:25.326  2306  2306 W ResourceType: No package identifier when getting name for resource number 0x00000118
11-23 18:01:25.327  2306  2306 I ViewInteraction: Performing 'scroll RecyclerView to position: 7' action on view with id: 280 (resource name not found)
11-23 18:01:25.673  2306  2306 W ResourceType: No package identifier when getting name for resource number 0x00000118
11-23 18:01:25.780  2306  2306 W ResourceType: No package identifier when getting name for resource number 0x0000011f
11-23 18:01:25.780  2306  2306 I ViewInteraction: Performing 'scroll RecyclerView to position: 8' action on view with id: 287 (resource name not found)
11-23 18:01:25.841  2306  2317 I art     : Background sticky concurrent mark sweep GC freed 6813(650KB) AllocSpace objects, 6(128KB) LOS objects, 4% free, 13MB/13MB, paused 8.005ms total 125.161ms
11-23 18:01:26.141  2306  2306 W ResourceType: No package identifier when getting name for resource number 0x0000011f
11-23 18:01:26.187  2306  2306 W ResourceType: No package identifier when getting name for resource number 0x00000126
11-23 18:01:26.187  2306  2306 I ViewInteraction: Performing 'scroll RecyclerView to position: 9' action on view with id: 294 (resource name not found)
11-23 18:01:26.284  2306  2317 I art     : Background sticky concurrent mark sweep GC freed 3402(324KB) AllocSpace objects, 1(16KB) LOS objects, 0% free, 13MB/13MB, paused 15.207ms total 130.856ms
11-23 18:01:26.475  1238  1324 E TaskPersister: File error accessing recents directory (directory doesn't exist?).
11-23 18:01:26.496  2306  2306 W ResourceType: No package identifier when getting name for resource number 0x00000126
11-23 18:01:26.541  2306  2317 I art     : WaitForGcToComplete blocked for 44.927ms for cause Background
11-23 18:01:26.591  2306  2306 D LifecycleMonitor: Lifecycle status change: br.com.catbag.gifreduxsample.ui.GifListActivity@8316c43 in: PAUSED
11-23 18:01:26.662  2306  2321 I TestRunner: finished: whenLoadMultipleGifsOnAppStateTest(br.com.catbag.gifreduxsample.ui.giflist.GifListActivityTest)
11-23 18:01:26.706   977   977 D gralloc : Registering a buffer in the process that created it. This may cause memory ordering problems.
11-23 18:01:26.707   977   977 E libEGL  : called unimplemented OpenGL ES API
11-23 18:01:26.707   977   977 E SurfaceFlinger: glCheckFramebufferStatusOES error -1462821228
11-23 18:01:26.708   977   977 E SurfaceFlinger: got GL_FRAMEBUFFER_COMPLETE_OES error while taking screenshot
11-23 18:01:26.711  1238  1250 W WindowManager: Screenshot failure taking screenshot for (480x800) to layer 21010
11-23 18:01:26.734  2306  2306 I MonitoringInstrumentation: Activities that are still in CREATED to STOPPED: 1
11-23 18:01:26.742  2306  2321 I TestRunner: run finished: 15 tests, 0 failed, 0 ignored
11-23 18:01:26.770  1238  1259 I Choreographer: Skipped 43 frames!  The application may be doing too much work on its main thread.
11-23 18:01:27.064  1238  1259 I Choreographer: Skipped 36 frames!  The application may be doing too much work on its main thread.
11-23 18:01:27.120  2306  2306 I Choreographer: Skipped 62 frames!  The application may be doing too much work on its main thread.
11-23 18:01:27.281  2306  2306 I Choreographer: Skipped 38 frames!  The application may be doing too much work on its main thread.
11-23 18:01:27.904  1722  1722 I Choreographer: Skipped 113 frames!  The application may be doing too much work on its main thread.
11-23 18:01:27.934  2306  2321 I MonitoringInstrumentation: Unstopped activity count: 1
11-23 18:01:27.945  2306  2306 I MonitoringInstrumentation: Activities that are still in CREATED to STOPPED: 1
11-23 18:01:27.977  1238  1259 I Choreographer: Skipped 93 frames!  The application may be doing too much work on its main thread.
11-23 18:01:28.003  2306  2321 I MonitoringInstrumentation: Unstopped activity count: 1
11-23 18:01:28.121  2306  2321 I MonitoringInstrumentation: Unstopped activity count: 1
11-23 18:01:28.157  1238  1259 I Choreographer: Skipped 33 frames!  The application may be doing too much work on its main thread.
11-23 18:01:28.179  2306  2321 I MonitoringInstrumentation: Unstopped activity count: 1
11-23 18:01:28.241  2306  2321 I MonitoringInstrumentation: Unstopped activity count: 1
11-23 18:01:28.265  2306  2317 I art     : Background partial concurrent mark sweep GC freed 9977(831KB) AllocSpace objects, 8(180KB) LOS objects, 22% free, 13MB/17MB, paused 77.026ms total 1.647s
11-23 18:01:28.301  2306  2321 I MonitoringInstrumentation: Unstopped activity count: 1
11-23 18:01:28.318  1722  1722 I Choreographer: Skipped 53 frames!  The application may be doing too much work on its main thread.
11-23 18:01:28.363  2306  2321 I MonitoringInstrumentation: Unstopped activity count: 1
11-23 18:01:28.423  2306  2321 I MonitoringInstrumentation: Unstopped activity count: 1
11-23 18:01:28.480  2306  2321 I MonitoringInstrumentation: Unstopped activity count: 1
11-23 18:01:28.493  2306  2306 D LifecycleMonitor: Lifecycle status change: br.com.catbag.gifreduxsample.ui.GifListActivity@8316c43 in: STOPPED
11-23 18:01:28.494  2306  2306 D LifecycleMonitor: Lifecycle status change: br.com.catbag.gifreduxsample.ui.GifListActivity@8316c43 in: DESTROYED
11-23 18:01:28.522  1238  1466 I WindowManager: Destroying surface Surface(name=br.com.catbag.gifreduxsample/br.com.catbag.gifreduxsample.ui.GifListActivity) called by com.android.server.wm.WindowStateAnimator.destroySurface:2014 com.android.server.wm.WindowStateAnimator.destroySurfaceLocked:881 com.android.server.wm.WindowState.removeLocked:1449 com.android.server.wm.WindowManagerService.removeWindowInnerLocked:2478 com.android.server.wm.WindowManagerService.removeWindowLocked:2436 com.android.server.wm.WindowManagerService.removeWindowLocked:2305 com.android.server.wm.WindowManagerService.removeWindow:2300 com.android.server.wm.Session.remove:193 
11-23 18:01:28.565  2306  2321 I MonitoringInstrumentation: waitForActivitiesToComplete() took: 616ms
11-23 18:01:28.635  1238  1791 I ActivityManager: Force stopping br.com.catbag.gifreduxsample appid=10060 user=0: finished inst
11-23 18:01:28.637  1238  1791 I ActivityManager: Killing 2306:br.com.catbag.gifreduxsample/u0a60 (adj 0): stop br.com.catbag.gifreduxsample
11-23 18:01:28.652  2295  2295 D AndroidRuntime: Shutting down VM
11-23 18:01:30.307  2393  2393 D AndroidRuntime: >>>>>> START com.android.internal.os.RuntimeInit uid 2000 <<<<<<
11-23 18:01:30.335  2393  2393 D AndroidRuntime: CheckJNI is ON
11-23 18:01:30.552  2393  2393 W art     : Unexpected CPU variant for X86 using defaults: x86
11-23 18:01:30.621  2393  2393 D ICU     : No timezone override file found: /data/misc/zoneinfo/current/icu/icu_tzdata.dat
11-23 18:01:30.763  2393  2393 E memtrack: Couldn't load memtrack module (No such file or directory)
11-23 18:01:30.763  2393  2393 E android.os.Debug: failed to load memtrack module: -2
11-23 18:01:30.790  2393  2393 I Radio-JNI: register_android_hardware_Radio DONE
11-23 18:01:30.915  2393  2393 D AndroidRuntime: Calling main entry com.android.commands.pm.Pm
11-23 18:01:31.029  1238  1252 I ActivityManager: Force stopping br.com.catbag.gifreduxsample.test appid=10061 user=-1: deletePackageX
11-23 18:01:31.288  1238  1264 I art     : Starting a blocking GC Explicit
11-23 18:01:31.411  1238  1264 I art     : Explicit concurrent mark sweep GC freed 29695(2MB) AllocSpace objects, 12(240KB) LOS objects, 33% free, 7MB/10MB, paused 6.465ms total 105.387ms
11-23 18:01:31.434  2393  2393 I art     : System.exit called, status: 0
11-23 18:01:31.434  2393  2393 I AndroidRuntime: VM exiting with result code 0.
11-23 18:01:31.688  1238  1324 E TaskPersister: File error accessing recents directory (directory doesn't exist?).
11-23 18:01:31.701  1238  1264 I ActivityManager: Force stopping br.com.catbag.gifreduxsample.test appid=10061 user=0: pkg removed
11-23 18:01:31.914  1238  1252 W art     : Long monitor contention with owner PackageManager (1264) at int com.android.server.am.ActivityManagerService.broadcastIntent(android.app.IApplicationThread, android.content.Intent, java.lang.String, android.content.IIntentReceiver, int, java.lang.String, android.os.Bundle, java.lang.String[], int, android.os.Bundle, boolean, boolean, int)(ActivityManagerService.java:18249) waiters=0 in void com.android.server.am.ActivityStackSupervisor$ActivityStackSupervisorHandler.activityIdleInternal(com.android.server.am.ActivityRecord) for 203ms
11-23 18:01:32.330  1238  1279 I InputReader: Reconfiguring input devices.  changes=0x00000010
11-23 18:01:32.378  1238  1264 W art     : Long monitor contention with owner ActivityManager (1252) at void com.android.server.am.BroadcastQueue.processNextBroadcast(boolean)(BroadcastQueue.java:754) waiters=0 in int com.android.server.am.ActivityManagerService.broadcastIntent(android.app.IApplicationThread, android.content.Intent, java.lang.String, android.content.IIntentReceiver, int, java.lang.String, android.os.Bundle, java.lang.String[], int, android.os.Bundle, boolean, boolean, int) for 447ms
11-23 18:01:32.507  1238  1264 E KernelUidCpuTimeReader: failed to remove uid from uid_cputime module
11-23 18:01:32.507  1238  1264 E KernelUidCpuTimeReader: java.io.FileNotFoundException: /proc/uid_cputime/remove_uid_range (No such file or directory)
11-23 18:01:32.507  1238  1264 E KernelUidCpuTimeReader: 	at java.io.FileOutputStream.open(Native Method)
11-23 18:01:32.507  1238  1264 E KernelUidCpuTimeReader: 	at java.io.FileOutputStream.<init>(FileOutputStream.java:221)
11-23 18:01:32.507  1238  1264 E KernelUidCpuTimeReader: 	at java.io.FileOutputStream.<init>(FileOutputStream.java:108)
11-23 18:01:32.507  1238  1264 E KernelUidCpuTimeReader: 	at java.io.FileWriter.<init>(FileWriter.java:63)
11-23 18:01:32.507  1238  1264 E KernelUidCpuTimeReader: 	at com.android.internal.os.KernelUidCpuTimeReader.removeUid(KernelUidCpuTimeReader.java:158)
11-23 18:01:32.507  1238  1264 E KernelUidCpuTimeReader: 	at com.android.internal.os.BatteryStatsImpl.removeUidStatsLocked(BatteryStatsImpl.java:9805)
11-23 18:01:32.507  1238  1264 E KernelUidCpuTimeReader: 	at com.android.server.am.BatteryStatsService.removeUid(BatteryStatsService.java:291)
11-23 18:01:32.507  1238  1264 E KernelUidCpuTimeReader: 	at com.android.server.am.ActivityManagerService.broadcastIntentLocked(ActivityManagerService.java:17767)
11-23 18:01:32.507  1238  1264 E KernelUidCpuTimeReader: 	at com.android.server.am.ActivityManagerService.broadcastIntent(ActivityManagerService.java:18256)
11-23 18:01:32.507  1238  1264 E KernelUidCpuTimeReader: 	at com.android.server.pm.PackageManagerService$8.run(PackageManagerService.java:11407)
11-23 18:01:32.507  1238  1264 E KernelUidCpuTimeReader: 	at android.os.Handler.handleCallback(Handler.java:751)
11-23 18:01:32.507  1238  1264 E KernelUidCpuTimeReader: 	at android.os.Handler.dispatchMessage(Handler.java:95)
11-23 18:01:32.507  1238  1264 E KernelUidCpuTimeReader: 	at android.os.Looper.loop(Looper.java:154)
11-23 18:01:32.507  1238  1264 E KernelUidCpuTimeReader: 	at android.os.HandlerThread.run(HandlerThread.java:61)
11-23 18:01:32.507  1238  1264 E KernelUidCpuTimeReader: 	at com.android.server.ServiceThread.run(ServiceThread.java:46)
11-23 18:01:32.726  1238  1253 W art     : Long monitor contention with owner NetworkPolicy (1300) at void com.android.server.net.NetworkPolicyManagerService$MyPackageMonitor.onPackageRemoved(java.lang.String, int)(NetworkPolicyManagerService.java:3487) waiters=0 in void com.android.server.net.NetworkPolicyManagerService$1.onUidStateChanged(int, int) for 313ms
11-23 18:01:32.843  1449  1449 D CarrierSvcBindHelper: No carrier app for: 0
11-23 18:01:33.131  1238  1251 W LocationProviderProxy-network: Odd, no component found for service com.android.location.service.v3.NetworkLocationProvider
11-23 18:01:33.132  1238  1251 W GeocoderProxy: Odd, no component found for service com.android.location.service.GeocodeProvider
11-23 18:01:33.133  1238  1251 W GeofenceProxy: Odd, no component found for service com.android.location.service.GeofenceProvider
11-23 18:01:33.133  1238  1251 W ActivityRecognitionProxy: Odd, no component found for service com.android.location.service.ActivityRecognitionProvider
11-23 18:01:33.270  1678  1690 I art     : Background sticky concurrent mark sweep GC freed 2908(320KB) AllocSpace objects, 0(0B) LOS objects, 23% free, 2027KB/2MB, paused 30.815ms total 213.367ms
11-23 18:01:33.502  2405  2405 D AndroidRuntime: >>>>>> START com.android.internal.os.RuntimeInit uid 2000 <<<<<<
11-23 18:01:33.506  2405  2405 D AndroidRuntime: CheckJNI is ON
11-23 18:01:33.603  2405  2405 W art     : Unexpected CPU variant for X86 using defaults: x86
11-23 18:01:33.613  2405  2405 D ICU     : No timezone override file found: /data/misc/zoneinfo/current/icu/icu_tzdata.dat
11-23 18:01:33.662  2405  2405 E memtrack: Couldn't load memtrack module (No such file or directory)
11-23 18:01:33.662  2405  2405 E android.os.Debug: failed to load memtrack module: -2
11-23 18:01:33.664  2405  2405 I Radio-JNI: register_android_hardware_Radio DONE
11-23 18:01:33.728  1722  1722 I Choreographer: Skipped 124 frames!  The application may be doing too much work on its main thread.
11-23 18:01:33.731  2405  2405 D AndroidRuntime: Calling main entry com.android.commands.pm.Pm
11-23 18:01:33.770  1238  1252 I ActivityManager: Force stopping br.com.catbag.gifreduxsample appid=10060 user=-1: deletePackageX
11-23 18:01:34.216  1722  1722 I Choreographer: Skipped 113 frames!  The application may be doing too much work on its main thread.
11-23 18:01:34.324  1238  1264 I art     : Starting a blocking GC Explicit
11-23 18:01:34.550  1238  1264 I art     : Explicit concurrent mark sweep GC freed 31409(1653KB) AllocSpace objects, 8(160KB) LOS objects, 33% free, 6MB/10MB, paused 14.154ms total 220.102ms
11-23 18:01:34.730  2405  2405 I art     : System.exit called, status: 0
11-23 18:01:34.731  2405  2405 I AndroidRuntime: VM exiting with result code 0.
11-23 18:01:38.607  1793  1793 W ContextImpl: Calling a method in the system process without a qualified user: android.app.ContextImpl.startService:1385 android.content.ContextWrapper.startService:613 android.content.ContextWrapper.startService:613 com.android.keychain.KeyChainBroadcastReceiver.onReceive:12 android.app.ActivityThread.handleReceiver:3011 
11-23 18:01:38.966  1238  1791 W art     : Long monitor contention with owner PackageManager (1264) at int android.content.res.AssetManager.loadResourceValue!(int, short, android.util.TypedValue, boolean)(AssetManager.java:-2) waiters=0 in boolean com.android.server.MountService.isUserKeyUnlocked(int) for 1.028s
11-23 18:01:39.020  1238  1268 W art     : Long monitor contention with owner Binder:1238_8 (1791) at android.content.pm.PackageCleanItem com.android.server.pm.PackageManagerService.nextPackageToClean(android.content.pm.PackageCleanItem)(PackageManagerService.java:11429) waiters=0 in int com.android.server.pm.PackageManagerService.checkUidPermission(java.lang.String, int) for 3.531s
11-23 18:01:39.029  1238  1273 W art     : Long monitor contention with owner Binder:1238_8 (1791) at android.content.pm.PackageCleanItem com.android.server.pm.PackageManagerService.nextPackageToClean(android.content.pm.PackageCleanItem)(PackageManagerService.java:11429) waiters=1 in boolean com.android.server.pm.PackageManagerService.isProtectedBroadcast(java.lang.String) for 1.842s
11-23 18:01:39.078  1238  1466 W art     : Long monitor contention with owner AlarmManager (1273) at int com.android.server.am.PendingIntentRecord.sendInner(int, android.content.Intent, java.lang.String, android.content.IIntentReceiver, java.lang.String, android.os.IBinder, java.lang.String, int, int, int, android.os.Bundle, android.app.IActivityContainer)(PendingIntentRecord.java:234) waiters=0 in boolean com.android.server.am.ActivityManagerService.unbindService(android.app.IServiceConnection) for 573ms
11-23 18:01:39.152  1238  1655 W art     : Long monitor contention with owner AlarmManager (1273) at int com.android.server.am.PendingIntentRecord.sendInner(int, android.content.Intent, java.lang.String, android.content.IIntentReceiver, java.lang.String, android.os.IBinder, java.lang.String, int, int, int, android.os.Bundle, android.app.IActivityContainer)(PendingIntentRecord.java:234) waiters=1 in android.content.ComponentName com.android.server.am.ActivityManagerService.startService(android.app.IApplicationThread, android.content.Intent, java.lang.String, java.lang.String, int) for 221ms
11-23 18:01:40.294  1238  1251 W art     : Long monitor contention with owner Binder:1238_7 (1655) at android.content.ComponentName com.android.server.am.ActivityManagerService.startService(android.app.IApplicationThread, android.content.Intent, java.lang.String, java.lang.String, int)(ActivityManagerService.java:16905) waiters=0 in void com.android.server.am.ActivityManagerService$3.handleMessage(android.os.Message) for 938ms
11-23 18:01:40.848  1238  1264 W art     : Long monitor contention with owner Binder:1238_7 (1655) at android.content.ComponentName com.android.server.am.ActivityManagerService.startService(android.app.IApplicationThread, android.content.Intent, java.lang.String, java.lang.String, int)(ActivityManagerService.java:16905) waiters=1 in android.content.ComponentName com.android.server.am.ActivityManagerService.startService(android.app.IApplicationThread, android.content.Intent, java.lang.String, java.lang.String, int) for 594ms
11-23 18:01:42.039  1238  1466 W ActivityManager: Slow operation: 177ms so far, now at startProcess: returned from zygote!
11-23 18:01:42.040  1238  1466 W ActivityManager: Slow operation: 220ms so far, now at startProcess: done updating battery stats
11-23 18:01:42.041  1238  1466 W ActivityManager: Slow operation: 221ms so far, now at startProcess: building log message
11-23 18:01:42.041  1238  1466 I ActivityManager: Start proc 2421:com.android.documentsui/u0a7 for broadcast com.android.documentsui/.PackageReceiver
11-23 18:01:42.044  1238  1466 W ActivityManager: Slow operation: 223ms so far, now at startProcess: starting to update pids map
11-23 18:01:42.044  1238  1466 W ActivityManager: Slow operation: 224ms so far, now at startProcess: done updating pids map
11-23 18:01:42.045  1238  1466 W ActivityManager: Slow operation: 274ms so far, now at startProcess: done starting proc!
11-23 18:01:42.082  1238  1253 W art     : Long monitor contention with owner Binder:1238_5 (1466) at void com.android.server.am.BroadcastQueue.processNextBroadcast(boolean)(BroadcastQueue.java:754) waiters=1 in void com.android.server.am.ActivityManagerService.dispatchUidsChanged() for 225ms
11-23 18:01:42.125  2421  2421 W art     : Unexpected CPU variant for X86 using defaults: x86
11-23 18:01:43.621  1238  1264 I ActivityManager: Force stopping br.com.catbag.gifreduxsample appid=10060 user=0: pkg removed
11-23 18:01:44.340  1238  1252 W art     : Long monitor contention with owner PackageManager (1264) at int com.android.server.am.ActivityManagerService.broadcastIntent(android.app.IApplicationThread, android.content.Intent, java.lang.String, android.content.IIntentReceiver, int, java.lang.String, android.os.Bundle, java.lang.String[], int, android.os.Bundle, boolean, boolean, int)(ActivityManagerService.java:18249) waiters=0 in void com.android.server.am.ActivityStackSupervisor$ActivityStackSupervisorHandler.activityIdleInternal(com.android.server.am.ActivityRecord) for 619ms
11-23 18:01:44.553  1238  1264 E KernelUidCpuTimeReader: failed to remove uid from uid_cputime module
11-23 18:01:44.553  1238  1264 E KernelUidCpuTimeReader: java.io.FileNotFoundException: /proc/uid_cputime/remove_uid_range (No such file or directory)
11-23 18:01:44.553  1238  1264 E KernelUidCpuTimeReader: 	at java.io.FileOutputStream.open(Native Method)
11-23 18:01:44.553  1238  1264 E KernelUidCpuTimeReader: 	at java.io.FileOutputStream.<init>(FileOutputStream.java:221)
11-23 18:01:44.553  1238  1264 E KernelUidCpuTimeReader: 	at java.io.FileOutputStream.<init>(FileOutputStream.java:108)
11-23 18:01:44.553  1238  1264 E KernelUidCpuTimeReader: 	at java.io.FileWriter.<init>(FileWriter.java:63)
11-23 18:01:44.553  1238  1264 E KernelUidCpuTimeReader: 	at com.android.internal.os.KernelUidCpuTimeReader.removeUid(KernelUidCpuTimeReader.java:158)
11-23 18:01:44.553  1238  1264 E KernelUidCpuTimeReader: 	at com.android.internal.os.BatteryStatsImpl.removeUidStatsLocked(BatteryStatsImpl.java:9805)
11-23 18:01:44.553  1238  1264 E KernelUidCpuTimeReader: 	at com.android.server.am.BatteryStatsService.removeUid(BatteryStatsService.java:291)
11-23 18:01:44.553  1238  1264 E KernelUidCpuTimeReader: 	at com.android.server.am.ActivityManagerService.broadcastIntentLocked(ActivityManagerService.java:17767)
11-23 18:01:44.553  1238  1264 E KernelUidCpuTimeReader: 	at com.android.server.am.ActivityManagerService.broadcastIntent(ActivityManagerService.java:18256)
11-23 18:01:44.553  1238  1264 E KernelUidCpuTimeReader: 	at com.android.server.pm.PackageManagerService$8.run(PackageManagerService.java:11407)
11-23 18:01:44.553  1238  1264 E KernelUidCpuTimeReader: 	at android.os.Handler.handleCallback(Handler.java:751)
11-23 18:01:44.553  1238  1264 E KernelUidCpuTimeReader: 	at android.os.Handler.dispatchMessage(Handler.java:95)
11-23 18:01:44.553  1238  1264 E KernelUidCpuTimeReader: 	at android.os.Looper.loop(Looper.java:154)
11-23 18:01:44.553  1238  1264 E KernelUidCpuTimeReader: 	at android.os.HandlerThread.run(HandlerThread.java:61)
11-23 18:01:44.553  1238  1264 E KernelUidCpuTimeReader: 	at com.android.server.ServiceThread.run(ServiceThread.java:46)
11-23 18:01:44.952  1238  1264 W art     : Long monitor contention with owner main (1238) at java.util.List com.android.server.pm.PackageManagerService.queryIntentServicesInternal(android.content.Intent, java.lang.String, int, int)(PackageManagerService.java:6155) waiters=0 in void com.android.server.pm.PackageManagerService$PackageHandler.doHandleMessage(android.os.Message) for 205ms
11-23 18:01:45.619  1238  1324 W art     : Long monitor contention with owner ActivityManager (1252) at void com.android.server.am.BroadcastQueue.processNextBroadcast(boolean)(BroadcastQueue.java:754) waiters=0 in void com.android.server.am.TaskPersister$LazyTaskWriterThread.run() for 695ms
11-23 18:01:45.715  1238  1324 E TaskPersister: File error accessing recents directory (directory doesn't exist?).
11-23 18:01:46.777  1238  1251 W art     : Long monitor contention with owner PackageManager (1264) at void com.android.server.pm.PackageManagerService$PackageHandler.doHandleMessage(android.os.Message)(PackageManagerService.java:1666) waiters=0 in java.util.List com.android.server.pm.PackageManagerService.queryIntentServicesInternal(android.content.Intent, java.lang.String, int, int) for 1.693s
11-23 18:01:46.841  1238  1259 W art     : Long monitor contention with owner PackageManager (1264) at void com.android.server.pm.PackageManagerService$PackageHandler.doHandleMessage(android.os.Message)(PackageManagerService.java:1666) waiters=1 in java.util.List com.android.server.pm.PackageManagerService.queryIntentReceiversInternal(android.content.Intent, java.lang.String, int, int) for 1.509s
11-23 18:01:46.849  1238  1238 W art     : Long monitor contention with owner PackageManager (1264) at void com.android.server.pm.PackageManagerService$PackageHandler.doHandleMessage(android.os.Message)(PackageManagerService.java:1666) waiters=2 in java.util.List com.android.server.pm.PackageManagerService.queryIntentServicesInternal(android.content.Intent, java.lang.String, int, int) for 655ms
11-23 18:01:47.194  1238  1279 I InputReader: Reconfiguring input devices.  changes=0x00000010
11-23 18:01:47.383  1722  1735 I art     : Background partial concurrent mark sweep GC freed 2394(149KB) AllocSpace objects, 7(124KB) LOS objects, 39% free, 3MB/6MB, paused 87.186ms total 2.636s
11-23 18:01:50.610  1678  1690 I art     : HomogeneousSpaceCompact marksweep + semispace GC freed 189(8KB) AllocSpace objects, 0(0B) LOS objects, 39% free, 1961KB/3MB, paused 987.388ms total 987.388ms
11-23 18:01:51.467  1238  1251 W LocationProviderProxy-network: Odd, no component found for service com.android.location.service.v3.NetworkLocationProvider
11-23 18:01:51.519  1238  1251 W GeocoderProxy: Odd, no component found for service com.android.location.service.GeocodeProvider
11-23 18:01:51.519  1238  1251 W GeofenceProxy: Odd, no component found for service com.android.location.service.GeofenceProvider
11-23 18:01:51.543  1238  1251 W ActivityRecognitionProxy: Odd, no component found for service com.android.location.service.ActivityRecognitionProvider
11-23 18:01:53.032  1722  1722 I Choreographer: Skipped 170 frames!  The application may be doing too much work on its main thread.
11-23 18:01:53.387  1722  1722 I Choreographer: Skipped 72 frames!  The application may be doing too much work on its main thread.
11-23 18:01:53.837  1722  1722 I Choreographer: Skipped 96 frames!  The application may be doing too much work on its main thread.
11-23 18:01:54.567  1364  1377 I art     : Background partial concurrent mark sweep GC freed 53234(1937KB) AllocSpace objects, 12(5MB) LOS objects, 40% free, 4MB/7MB, paused 59.977ms total 1.732s
11-23 18:01:55.035  2209  2436 W art     : Long monitor contention with owner main (2209) at void android.os.MessageQueue.nativeWake(long)(MessageQueue.java:-2) waiters=0 in android.os.Message android.os.MessageQueue.next() for 9.493s
11-23 18:01:55.231  2421  2432 W art     : Suspending all threads took: 3.338s
11-23 18:01:55.327  1238  1252 I ActivityManager: Waited long enough for: ServiceRecord{dfb2bb8 u0 com.android.keychain/.KeyChainService}
11-23 18:01:56.790  1238  1252 I ActivityManager: Waited long enough for: ServiceRecord{393dd91 u0 com.android.providers.contacts/.VoicemailCleanupService}
11-23 18:01:57.179  1997  2440 D VoicemailCleanupService: Cleaning up data for package: br.com.catbag.gifreduxsample.test
11-23 18:01:57.442  1238  1268 W art     : Long monitor contention with owner AsyncTask #3 (2439) at java.util.List com.android.server.AppOpsService.getPackagesForOps(int[])(AppOpsService.java:405) waiters=0 in int com.android.server.AppOpsService.checkOperation(int, int, java.lang.String) for 1.458s
11-23 18:01:57.728  1449  1449 D CarrierSvcBindHelper: No carrier app for: 0
11-23 18:02:01.748  1325  1517 I LatinIME:LogUtils: Dictionary info: dictionary = main:en ; version = 54 ; date = 1414726273
11-23 18:02:02.822  2421  2421 W System  : ClassLoader referenced unknown path: /system/priv-app/DocumentsUI/lib/x86
11-23 18:02:04.352  1325  1517 I LatinIME:LogUtils: Dictionary info: dictionary = main:en ; version = 54 ; date = 1414726273
11-23 18:02:05.919  2421  2432 W art     : Suspending all threads took: 80.441ms
11-23 18:02:07.546  1238  1249 W ActivityManager: Slow operation: 258ms so far, now at startProcess: returned from zygote!
11-23 18:02:07.546  1238  1249 W ActivityManager: Slow operation: 261ms so far, now at startProcess: done updating battery stats
11-23 18:02:07.547  1238  1249 W ActivityManager: Slow operation: 262ms so far, now at startProcess: building log message
11-23 18:02:07.547  1238  1249 I ActivityManager: Start proc 2446:com.android.externalstorage/u0a11 for content provider com.android.externalstorage/.ExternalStorageProvider
11-23 18:02:07.548  1238  1249 W ActivityManager: Slow operation: 262ms so far, now at startProcess: starting to update pids map
11-23 18:02:07.548  1238  1249 W ActivityManager: Slow operation: 263ms so far, now at startProcess: done updating pids map
11-23 18:02:07.548  1238  1249 W ActivityManager: Slow operation: 281ms so far, now at startProcess: done starting proc!
11-23 18:02:07.549  1238  1249 W ActivityManager: Slow operation: 294ms so far, now at getContentProviderImpl: after start process
11-23 18:02:07.549  1238  1249 W ActivityManager: Slow operation: 295ms so far, now at getContentProviderImpl: updating data structures
11-23 18:02:07.568  1238  1249 W ActivityManager: Slow operation: 314ms so far, now at getContentProviderImpl: done!
11-23 18:02:07.585  1238  1253 W art     : Long monitor contention with owner Binder:1238_1 (1249) at android.app.IActivityManager$ContentProviderHolder com.android.server.am.ActivityManagerService.getContentProviderImpl(android.app.IApplicationThread, java.lang.String, android.os.IBinder, boolean, int)(ActivityManagerService.java:10555) waiters=0 in void com.android.server.am.ActivityManagerService.dispatchUidsChanged() for 284ms
11-23 18:02:07.599  2446  2446 W art     : Unexpected CPU variant for X86 using defaults: x86
11-23 18:02:08.681  2446  2446 W System  : ClassLoader referenced unknown path: /system/priv-app/ExternalStorageProvider/lib/x86
11-23 18:02:10.591  1238  1431 I ActivityManager: Killing 1530:com.android.settings/1000 (adj 906): empty #17
11-23 18:02:10.643  1238  1431 I ActivityManager: Killing 1980:com.android.quicksearchbox/u0a50 (adj 906): empty #18
11-23 18:02:11.413  2446  2446 D ExternalStorage: After updating volumes, found 2 active roots
11-23 18:02:14.219  1238  1648 W ActivityManager: Slow operation: 166ms so far, now at startProcess: returned from zygote!
11-23 18:02:14.219  1238  1648 W ActivityManager: Slow operation: 167ms so far, now at startProcess: done updating battery stats
11-23 18:02:14.219  1238  1648 W ActivityManager: Slow operation: 167ms so far, now at startProcess: building log message
11-23 18:02:14.219  1238  1648 I ActivityManager: Start proc 2462:com.android.mtp/u0a8 for content provider com.android.mtp/.MtpDocumentsProvider
11-23 18:02:14.231  1238  1648 W ActivityManager: Slow operation: 178ms so far, now at startProcess: starting to update pids map
11-23 18:02:14.231  1238  1648 W ActivityManager: Slow operation: 179ms so far, now at startProcess: done updating pids map
11-23 18:02:14.231  1238  1648 W ActivityManager: Slow operation: 189ms so far, now at startProcess: done starting proc!
11-23 18:02:14.232  1238  1648 W ActivityManager: Slow operation: 195ms so far, now at getContentProviderImpl: after start process
11-23 18:02:14.232  1238  1648 W ActivityManager: Slow operation: 196ms so far, now at getContentProviderImpl: updating data structures
11-23 18:02:14.233  1238  1648 W ActivityManager: Slow operation: 197ms so far, now at getContentProviderImpl: done!
11-23 18:02:14.259  2462  2462 W art     : Unexpected CPU variant for X86 using defaults: x86
11-23 18:02:15.474  1238  1466 I ActivityManager: Killing 2065:com.android.dialer/u0a6 (adj 906): empty #17
11-23 18:02:16.126  1793  1793 W ContextImpl: Calling a method in the system process without a qualified user: android.app.ContextImpl.startService:1385 android.content.ContextWrapper.startService:613 android.content.ContextWrapper.startService:613 com.android.keychain.KeyChainBroadcastReceiver.onReceive:12 android.app.ActivityThread.handleReceiver:3011 
11-23 18:02:16.292  1997  2477 D VoicemailCleanupService: Cleaning up data for package: br.com.catbag.gifreduxsample
11-23 18:02:16.654  2421  2429 W art     : Long monitor contention with owner main (2421) at void java.lang.ref.ReferenceQueue.add(java.lang.ref.Reference)(ReferenceQueue.java:260) waiters=1 in void java.lang.Object.wait!() for 195ms
11-23 18:02:18.503  1238  1253 W art     : Long monitor contention with owner Binder:1238_1 (1249) at void com.android.server.am.BroadcastQueue.processNextBroadcast(boolean)(BroadcastQueue.java:754) waiters=0 in void com.android.server.am.ActivityManagerService.dispatchProcessesChanged() for 105ms
11-23 18:02:20.097  2462  2473 W art     : Suspending all threads took: 155.337ms
11-23 18:02:21.796  1238  1655 D VoldConnector: SND -> {30 appfuse mount 10008 2462 MtpDocumentsProvider}
11-23 18:02:22.107  1238  1281 D VoldConnector: RCV <- {200 30 AppFuse command succeeded}
11-23 18:02:24.168  1914  1929 W art     : Long monitor contention with owner Binder:1914_1 (1927) at long android.database.sqlite.SQLiteConnection.nativeOpen(java.lang.String, int, java.lang.String, boolean, boolean)(SQLiteConnection.java:-2) waiters=0 in void android.database.sqlite.SQLiteConnectionPool.releaseConnection(android.database.sqlite.SQLiteConnection) for 470ms
11-23 18:02:24.788  2421  2432 I art     : WaitForGcToComplete blocked for 32.068ms for cause HeapTrim
