--------- beginning of main
11-23 11:51:02.942  1366  1366 I Choreographer: Skipped 81 frames!  The application may be doing too much work on its main thread.
11-23 11:51:18.177  2143  2143 D AndroidRuntime: >>>>>> START com.android.internal.os.RuntimeInit uid 2000 <<<<<<
11-23 11:51:18.281  2143  2143 D AndroidRuntime: CheckJNI is ON
11-23 11:51:19.335  2143  2143 W art     : Unexpected CPU variant for X86 using defaults: x86
11-23 11:51:19.703  2143  2143 D ICU     : No timezone override file found: /data/misc/zoneinfo/current/icu/icu_tzdata.dat
11-23 11:51:20.374  2143  2143 E memtrack: Couldn't load memtrack module (No such file or directory)
11-23 11:51:20.374  2143  2143 E android.os.Debug: failed to load memtrack module: -2
11-23 11:51:20.423  2143  2143 I Radio-JNI: register_android_hardware_Radio DONE
11-23 11:51:20.527  1006  1006 I perfprofd: profile collection skipped (running in emulator)
11-23 11:51:20.937  2143  2143 D AndroidRuntime: Calling main entry com.android.commands.am.Am
11-23 11:51:21.038  2143  2143 D AndroidRuntime: Shutting down VM
11-23 11:51:21.663  2153  2153 D AndroidRuntime: >>>>>> START com.android.internal.os.RuntimeInit uid 2000 <<<<<<
11-23 11:51:21.666  2153  2153 D AndroidRuntime: CheckJNI is ON
11-23 11:51:21.742  2153  2153 W art     : Unexpected CPU variant for X86 using defaults: x86
11-23 11:51:21.756  2153  2153 D ICU     : No timezone override file found: /data/misc/zoneinfo/current/icu/icu_tzdata.dat
11-23 11:51:21.808  2153  2153 E memtrack: Couldn't load memtrack module (No such file or directory)
11-23 11:51:21.809  2153  2153 E android.os.Debug: failed to load memtrack module: -2
11-23 11:51:21.816  2153  2153 I Radio-JNI: register_android_hardware_Radio DONE
11-23 11:51:21.846  2153  2153 D AndroidRuntime: Calling main entry com.android.commands.pm.Pm
11-23 11:51:22.077  2153  2153 I art     : System.exit called, status: 0
11-23 11:51:22.077  2153  2153 I AndroidRuntime: VM exiting with result code 0.
11-23 11:51:23.118  1238  1381 W art     : Long monitor contention with owner android.io (1258) at java.lang.Object java.lang.Throwable.nativeFillInStackTrace!()(Throwable.java:-2) waiters=0 in android.content.pm.PackageInstaller$SessionInfo com.android.server.pm.PackageInstallerService.getSessionInfo(int) for 584ms
11-23 11:51:24.087  2164  2164 D AndroidRuntime: >>>>>> START com.android.internal.os.RuntimeInit uid 2000 <<<<<<
11-23 11:51:24.114  2164  2164 D AndroidRuntime: CheckJNI is ON
11-23 11:51:24.258  2164  2164 W art     : Unexpected CPU variant for X86 using defaults: x86
11-23 11:51:24.290  2164  2164 D ICU     : No timezone override file found: /data/misc/zoneinfo/current/icu/icu_tzdata.dat
11-23 11:51:24.438  2164  2164 E memtrack: Couldn't load memtrack module (No such file or directory)
11-23 11:51:24.438  2164  2164 E android.os.Debug: failed to load memtrack module: -2
11-23 11:51:24.462  2164  2164 I Radio-JNI: register_android_hardware_Radio DONE
11-23 11:51:24.534  2164  2164 D AndroidRuntime: Calling main entry com.android.commands.pm.Pm
11-23 11:51:24.763   991   991 I         : free_cache(7068040) avail 512561152
--------- beginning of system
11-23 11:51:32.018  1238  1251 I UsageStatsService: User[0] Flushing usage stats to disk
11-23 11:51:45.031  2164  2164 I art     : System.exit called, status: 0
11-23 11:51:45.031  2164  2164 I AndroidRuntime: VM exiting with result code 0.
11-23 11:51:45.483  2178  2178 D AndroidRuntime: >>>>>> START com.android.internal.os.RuntimeInit uid 2000 <<<<<<
11-23 11:51:45.486  2178  2178 D AndroidRuntime: CheckJNI is ON
11-23 11:51:45.546  2178  2178 W art     : Unexpected CPU variant for X86 using defaults: x86
11-23 11:51:45.559  2178  2178 D ICU     : No timezone override file found: /data/misc/zoneinfo/current/icu/icu_tzdata.dat
11-23 11:51:45.594  2178  2178 E memtrack: Couldn't load memtrack module (No such file or directory)
11-23 11:51:45.594  2178  2178 E android.os.Debug: failed to load memtrack module: -2
11-23 11:51:45.595  2178  2178 I Radio-JNI: register_android_hardware_Radio DONE
11-23 11:51:45.624  2178  2178 D AndroidRuntime: Calling main entry com.android.commands.pm.Pm
11-23 11:51:46.682  1238  1264 W ActivityManager: Slow operation: 193ms so far, now at startProcess: returned from zygote!
11-23 11:51:46.684  1238  1264 W ActivityManager: Slow operation: 195ms so far, now at startProcess: done updating battery stats
11-23 11:51:46.685  1238  1264 W ActivityManager: Slow operation: 196ms so far, now at startProcess: building log message
11-23 11:51:46.687  1238  1264 I ActivityManager: Start proc 2188:com.android.defcontainer/u0a5 for service com.android.defcontainer/.DefaultContainerService
11-23 11:51:46.687  1238  1264 W ActivityManager: Slow operation: 198ms so far, now at startProcess: starting to update pids map
11-23 11:51:46.688  1238  1264 W ActivityManager: Slow operation: 199ms so far, now at startProcess: done updating pids map
11-23 11:51:46.689  1238  1264 W ActivityManager: Slow operation: 215ms so far, now at startProcess: done starting proc!
11-23 11:51:46.748  2188  2188 W art     : Unexpected CPU variant for X86 using defaults: x86
11-23 11:51:47.588  1238  1264 I PackageManager.DexOptimizer: Running dexopt (dex2oat) on: /data/app/vmdl791570828.tmp/base.apk pkg=br.com.catbag.gifreduxsample isa=x86 vmSafeMode=false debuggable=true target-filter=interpret-only oatDir = /data/app/vmdl791570828.tmp/oat sharedLibraries=null
11-23 11:51:47.671  2203  2203 W dex2oat : Unexpected CPU variant for X86 using defaults: x86
11-23 11:51:47.673  2203  2203 W dex2oat : Mismatch between dex2oat instruction set features (ISA: X86 Feature string: smp,-ssse3,-sse4.1,-sse4.2,-avx,-avx2,-lock_add,-popcnt) and those of dex2oat executable (ISA: X86 Feature string: smp,ssse3,-sse4.1,-sse4.2,-avx,-avx2,-lock_add,-popcnt) for the command line:
11-23 11:51:47.673  2203  2203 W dex2oat : /system/bin/dex2oat --zip-fd=6 --zip-location=base.apk --oat-fd=7 --oat-location=/data/app/vmdl791570828.tmp/oat/x86/base.odex --instruction-set=x86 --instruction-set-variant=x86 --instruction-set-features=default --runtime-arg -Xms64m --runtime-arg -Xmx512m --compiler-filter=interpret-only --swap-fd=9 --debuggable
11-23 11:51:47.677  2203  2203 I dex2oat : /system/bin/dex2oat --compiler-filter=interpret-only --debuggable
11-23 11:51:52.851  2203  2203 W dex2oat : Before Android 4.1, method android.graphics.PorterDuffColorFilter android.support.graphics.drawable.VectorDrawableCompat.updateTintFilter(android.graphics.PorterDuffColorFilter, android.content.res.ColorStateList, android.graphics.PorterDuff$Mode) would have incorrectly overridden the package-private method in android.graphics.drawable.Drawable
11-23 11:51:53.277  2203  2203 W dex2oat : Before Android 4.1, method int android.support.v7.widget.ListViewCompat.lookForSelectablePosition(int, boolean) would have incorrectly overridden the package-private method in android.widget.ListView
11-23 11:52:11.483  2203  2203 W dex2oat : Verification of void org.immutables.value.internal.$processor$.meta.$StyleMirror.<init>(javax.lang.model.element.AnnotationMirror) took 115.232ms
11-23 11:52:37.074  2203  2203 W dex2oat : Compilation of com.fasterxml.jackson.core.JsonGenerator com.fasterxml.jackson.core.util.JsonGeneratorDelegate.setCodec(com.fasterxml.jackson.core.ObjectCodec) took 197.161ms
11-23 11:52:42.036  2203  2203 W dex2oat : Compilation of java.util.Iterator com.google.common.collect.MapMakerInternalMap$ExpirationQueue.iterator() took 136.687ms
11-23 11:52:47.113  2203  2203 W dex2oat : Compilation of java.lang.String org.immutables.value.internal.$guava$.primitives.$Longs$LongConverter.doBackward(java.lang.Long) took 199.407ms
11-23 11:52:51.146  2203  2203 I dex2oat : dex2oat took 63.479s (threads: 1) arena alloc=1402KB (1436528B) java alloc=7MB (8050336B) native alloc=13MB (14283080B) free=2MB (2625208B)
11-23 11:52:51.739  1238  1264 W PackageManager: Not granting permission android.permission.SET_DEBUG_APP to package br.com.catbag.gifreduxsample (protectionLevel=50 flags=0x3848be46)
11-23 11:52:51.995  1238  1264 V BackupManagerService: restoreAtInstall pkg=br.com.catbag.gifreduxsample token=1 restoreSet=0
11-23 11:52:52.000  1238  1264 W BackupManagerService: Requested unavailable transport: android/com.android.internal.backup.LocalTransport
11-23 11:52:52.012  1238  1264 W BackupManagerService: No transport
11-23 11:52:52.013  1238  1264 V BackupManagerService: Finishing install immediately
11-23 11:52:52.056  1238  1520 I ActivityManager: Killing 1457:com.android.settings:CryptKeeper/1000 (adj 906): empty #17
11-23 11:52:52.270  1238  1264 I art     : Starting a blocking GC Explicit
11-23 11:52:52.855  1238  1264 I art     : Explicit concurrent mark sweep GC freed 33740(2MB) AllocSpace objects, 18(408KB) LOS objects, 33% free, 6MB/10MB, paused 6.092ms total 565.590ms
11-23 11:52:52.869   991   991 E         : Couldn't opendir /data/app/vmdl791570828.tmp: No such file or directory
11-23 11:52:52.933  2178  2178 I art     : System.exit called, status: 0
11-23 11:52:52.933  2178  2178 I AndroidRuntime: VM exiting with result code 0.
11-23 11:52:53.672  1238  1278 I InputReader: Reconfiguring input devices.  changes=0x00000010
11-23 11:52:53.817  1439  1439 D CarrierSvcBindHelper: No carrier app for: 0
11-23 11:52:53.854  1439  1439 D CarrierConfigLoader: mHandler: 9 phoneId: 0
11-23 11:52:54.533  1238  1251 W VoiceInteractionManagerService: no available voice recognition services found for user 0
11-23 11:52:54.534  1238  1251 W LocationProviderProxy-network: Odd, no component found for service com.android.location.service.v3.NetworkLocationProvider
11-23 11:52:54.535  1238  1251 W GeocoderProxy: Odd, no component found for service com.android.location.service.GeocodeProvider
11-23 11:52:54.535  1238  1251 W GeofenceProxy: Odd, no component found for service com.android.location.service.GeofenceProvider
11-23 11:52:54.535  1238  1251 W ActivityRecognitionProxy: Odd, no component found for service com.android.location.service.ActivityRecognitionProvider
11-23 11:52:54.774  2210  2210 D AndroidRuntime: >>>>>> START com.android.internal.os.RuntimeInit uid 2000 <<<<<<
11-23 11:52:54.779  2210  2210 D AndroidRuntime: CheckJNI is ON
11-23 11:52:54.966  2210  2210 W art     : Unexpected CPU variant for X86 using defaults: x86
11-23 11:52:54.986  2210  2210 D ICU     : No timezone override file found: /data/misc/zoneinfo/current/icu/icu_tzdata.dat
11-23 11:52:55.185  2210  2210 E memtrack: Couldn't load memtrack module (No such file or directory)
11-23 11:52:55.185  2210  2210 E android.os.Debug: failed to load memtrack module: -2
11-23 11:52:55.203  2210  2210 I Radio-JNI: register_android_hardware_Radio DONE
11-23 11:52:55.286  2210  2210 D AndroidRuntime: Calling main entry com.android.commands.pm.Pm
11-23 11:52:55.324  2210  2210 I art     : System.exit called, status: 0
11-23 11:52:55.325  2210  2210 I AndroidRuntime: VM exiting with result code 0.
11-23 11:52:56.550  2227  2227 D AndroidRuntime: >>>>>> START com.android.internal.os.RuntimeInit uid 2000 <<<<<<
11-23 11:52:56.563  2227  2227 D AndroidRuntime: CheckJNI is ON
11-23 11:52:56.683  2227  2227 W art     : Unexpected CPU variant for X86 using defaults: x86
11-23 11:52:56.689  2227  2227 D ICU     : No timezone override file found: /data/misc/zoneinfo/current/icu/icu_tzdata.dat
11-23 11:52:56.720  2227  2227 E memtrack: Couldn't load memtrack module (No such file or directory)
11-23 11:52:56.720  2227  2227 E android.os.Debug: failed to load memtrack module: -2
11-23 11:52:56.720  2227  2227 I Radio-JNI: register_android_hardware_Radio DONE
11-23 11:52:56.740  2227  2227 D AndroidRuntime: Calling main entry com.android.commands.pm.Pm
11-23 11:52:56.790   991   991 I         : free_cache(2038255) avail 492584960
11-23 11:52:59.587  2240  2240 W art     : Unexpected CPU variant for X86 using defaults: x86
11-23 11:52:59.603  1238  1520 W ActivityManager: Slow operation: 55ms so far, now at startProcess: returned from zygote!
11-23 11:52:59.603  1238  1520 W ActivityManager: Slow operation: 55ms so far, now at startProcess: done updating battery stats
11-23 11:52:59.604  1238  1520 W ActivityManager: Slow operation: 56ms so far, now at startProcess: building log message
11-23 11:52:59.604  1238  1520 I ActivityManager: Start proc 2240:com.svox.pico/u0a46 for broadcast com.svox.pico/.VoiceDataInstallerReceiver
11-23 11:52:59.605  1238  1520 W ActivityManager: Slow operation: 57ms so far, now at startProcess: starting to update pids map
11-23 11:52:59.606  1238  1520 W ActivityManager: Slow operation: 58ms so far, now at startProcess: done updating pids map
11-23 11:52:59.606  1238  1520 W ActivityManager: Slow operation: 60ms so far, now at startProcess: done starting proc!
11-23 11:53:00.278  2227  2227 I art     : System.exit called, status: 0
11-23 11:53:00.278  2227  2227 I AndroidRuntime: VM exiting with result code 0.
11-23 11:53:00.662  2256  2256 D AndroidRuntime: >>>>>> START com.android.internal.os.RuntimeInit uid 2000 <<<<<<
11-23 11:53:00.665  2256  2256 D AndroidRuntime: CheckJNI is ON
11-23 11:53:00.714  2256  2256 W art     : Unexpected CPU variant for X86 using defaults: x86
11-23 11:53:00.719  2256  2256 D ICU     : No timezone override file found: /data/misc/zoneinfo/current/icu/icu_tzdata.dat
11-23 11:53:00.757  2256  2256 E memtrack: Couldn't load memtrack module (No such file or directory)
11-23 11:53:00.757  2256  2256 E android.os.Debug: failed to load memtrack module: -2
11-23 11:53:00.758  2256  2256 I Radio-JNI: register_android_hardware_Radio DONE
11-23 11:53:00.777  2256  2256 D AndroidRuntime: Calling main entry com.android.commands.pm.Pm
11-23 11:53:00.903  2188  2199 I art     : HomogeneousSpaceCompact marksweep + semispace GC freed 9894(549KB) AllocSpace objects, 0(0B) LOS objects, 39% free, 2MB/3MB, paused 3.419s total 3.419s
11-23 11:53:01.095  1238  1264 I PackageManager.DexOptimizer: Running dexopt (dex2oat) on: /data/app/vmdl624067867.tmp/base.apk pkg=br.com.catbag.gifreduxsample.test isa=x86 vmSafeMode=false debuggable=true target-filter=interpret-only oatDir = /data/app/vmdl624067867.tmp/oat sharedLibraries=/system/framework/android.test.runner.jar
11-23 11:53:01.161  2267  2267 W dex2oat : Unexpected CPU variant for X86 using defaults: x86
11-23 11:53:01.162  2267  2267 W dex2oat : Mismatch between dex2oat instruction set features (ISA: X86 Feature string: smp,-ssse3,-sse4.1,-sse4.2,-avx,-avx2,-lock_add,-popcnt) and those of dex2oat executable (ISA: X86 Feature string: smp,ssse3,-sse4.1,-sse4.2,-avx,-avx2,-lock_add,-popcnt) for the command line:
11-23 11:53:01.162  2267  2267 W dex2oat : /system/bin/dex2oat --zip-fd=6 --zip-location=base.apk --oat-fd=7 --oat-location=/data/app/vmdl624067867.tmp/oat/x86/base.odex --instruction-set=x86 --instruction-set-variant=x86 --instruction-set-features=default --runtime-arg -Xms64m --runtime-arg -Xmx512m --compiler-filter=interpret-only --swap-fd=9 --debuggable --runtime-arg -classpath --runtime-arg /system/framework/android.test.runner.jar
11-23 11:53:01.162  2267  2267 I dex2oat : /system/bin/dex2oat --compiler-filter=interpret-only --debuggable
11-23 11:53:27.610  2267  2267 W dex2oat : Compilation of java.lang.String net.bytebuddy.ByteBuddy$EnumerationImplementation$InitializationAppender.toString() took 169.111ms
11-23 11:53:30.947  2267  2267 I dex2oat : dex2oat took 29.806s (threads: 1) arena alloc=824B (824B) java alloc=3MB (3868560B) native alloc=6MB (6969904B) free=2MB (2467280B)
11-23 11:53:31.243  1238  1264 V BackupManagerService: restoreAtInstall pkg=br.com.catbag.gifreduxsample.test token=2 restoreSet=0
11-23 11:53:31.243  1238  1264 W BackupManagerService: Requested unavailable transport: android/com.android.internal.backup.LocalTransport
11-23 11:53:31.243  1238  1264 W BackupManagerService: No transport
11-23 11:53:31.244  1238  1264 V BackupManagerService: Finishing install immediately
11-23 11:53:31.316  1238  1264 I art     : Starting a blocking GC Explicit
11-23 11:53:31.324  1238  1783 I ActivityManager: Killing 1751:com.android.sdksetup/u0a16 (adj 906): empty #17
11-23 11:53:31.633  1238  1264 I art     : Explicit concurrent mark sweep GC freed 38794(2MB) AllocSpace objects, 13(308KB) LOS objects, 33% free, 6MB/10MB, paused 6.586ms total 312.311ms
11-23 11:53:31.643   991   991 E         : Couldn't opendir /data/app/vmdl624067867.tmp: No such file or directory
11-23 11:53:31.727  2256  2256 I art     : System.exit called, status: 0
11-23 11:53:31.727  2256  2256 I AndroidRuntime: VM exiting with result code 0.
11-23 11:53:31.776  1238  1278 I InputReader: Reconfiguring input devices.  changes=0x00000010
11-23 11:53:31.980  1439  1439 D CarrierSvcBindHelper: No carrier app for: 0
11-23 11:53:31.993  1439  1439 D CarrierConfigLoader: mHandler: 9 phoneId: 0
11-23 11:53:32.037  1238  1251 W VoiceInteractionManagerService: no available voice recognition services found for user 0
11-23 11:53:32.038  1238  1251 W LocationProviderProxy-network: Odd, no component found for service com.android.location.service.v3.NetworkLocationProvider
11-23 11:53:32.039  1238  1251 W GeocoderProxy: Odd, no component found for service com.android.location.service.GeocodeProvider
11-23 11:53:32.039  1238  1251 W GeofenceProxy: Odd, no component found for service com.android.location.service.GeofenceProvider
11-23 11:53:32.040  1238  1251 W ActivityRecognitionProxy: Odd, no component found for service com.android.location.service.ActivityRecognitionProvider
11-23 11:53:32.670  2272  2272 D AndroidRuntime: >>>>>> START com.android.internal.os.RuntimeInit uid 2000 <<<<<<
11-23 11:53:32.674  2272  2272 D AndroidRuntime: CheckJNI is ON
11-23 11:53:32.740  2272  2272 W art     : Unexpected CPU variant for X86 using defaults: x86
11-23 11:53:32.747  2272  2272 D ICU     : No timezone override file found: /data/misc/zoneinfo/current/icu/icu_tzdata.dat
11-23 11:53:32.869  2272  2272 E memtrack: Couldn't load memtrack module (No such file or directory)
11-23 11:53:32.869  2272  2272 E android.os.Debug: failed to load memtrack module: -2
11-23 11:53:32.889  2272  2272 I Radio-JNI: register_android_hardware_Radio DONE
11-23 11:53:32.921  2272  2272 D AndroidRuntime: Calling main entry com.android.commands.am.Am
11-23 11:53:32.948  1238  1518 I ActivityManager: Force stopping br.com.catbag.gifreduxsample appid=10060 user=0: start instr
11-23 11:53:32.984  1238  1518 I ActivityManager: Start proc 2283:br.com.catbag.gifreduxsample/u0a60 for added application br.com.catbag.gifreduxsample
11-23 11:53:32.994  2283  2283 I art     : Not late-enabling -Xcheck:jni (already on)
11-23 11:53:32.994  2283  2283 W art     : Unexpected CPU variant for X86 using defaults: x86
11-23 11:53:33.048  2283  2283 W System  : ClassLoader referenced unknown path: /data/app/br.com.catbag.gifreduxsample.test-1/lib/x86
11-23 11:53:33.076  2283  2283 W System  : ClassLoader referenced unknown path: 
11-23 11:53:33.163  2283  2283 W System.err: java.io.FileNotFoundException: /jacoco.exec (Read-only file system)
11-23 11:53:33.166  2283  2283 W System.err: 	at java.io.FileOutputStream.open(Native Method)
11-23 11:53:33.166  2283  2283 W System.err: 	at java.io.FileOutputStream.<init>(FileOutputStream.java:221)
11-23 11:53:33.168  2283  2283 W System.err: 	at org.jacoco.agent.rt.internal_e6e56f0.output.FileOutput.openFile(FileOutput.java:67)
11-23 11:53:33.168  2283  2283 W System.err: 	at org.jacoco.agent.rt.internal_e6e56f0.output.FileOutput.startup(FileOutput.java:49)
11-23 11:53:33.168  2283  2283 W System.err: 	at org.jacoco.agent.rt.internal_e6e56f0.Agent.startup(Agent.java:122)
11-23 11:53:33.168  2283  2283 W System.err: 	at org.jacoco.agent.rt.internal_e6e56f0.Agent.getInstance(Agent.java:50)
11-23 11:53:33.168  2283  2283 W System.err: 	at org.jacoco.agent.rt.internal_e6e56f0.Offline.<clinit>(Offline.java:31)
11-23 11:53:33.169  2283  2283 W System.err: 	at org.jacoco.agent.rt.internal_e6e56f0.Offline.getProbes(Offline.java:51)
11-23 11:53:33.169  2283  2283 W System.err: 	at br.com.catbag.gifreduxsample.MyApp.$jacocoInit(MyApp.java)
11-23 11:53:33.169  2283  2283 W System.err: 	at br.com.catbag.gifreduxsample.MyApp.<clinit>(MyApp.java)
11-23 11:53:33.169  2283  2283 W System.err: 	at java.lang.Class.newInstance(Native Method)
11-23 11:53:33.169  2283  2283 W System.err: 	at android.app.Instrumentation.newApplication(Instrumentation.java:1007)
11-23 11:53:33.170  2283  2283 W System.err: 	at android.app.Instrumentation.newApplication(Instrumentation.java:992)
11-23 11:53:33.171  2283  2283 W System.err: 	at android.app.LoadedApk.makeApplication(LoadedApk.java:796)
11-23 11:53:33.171  2283  2283 W System.err: 	at android.app.ActivityThread.handleBindApplication(ActivityThread.java:5335)
11-23 11:53:33.171  2283  2283 W System.err: 	at android.app.ActivityThread.-wrap2(ActivityThread.java)
11-23 11:53:33.171  2283  2283 W System.err: 	at android.app.ActivityThread$H.handleMessage(ActivityThread.java:1528)
11-23 11:53:33.171  2283  2283 W System.err: 	at android.os.Handler.dispatchMessage(Handler.java:102)
11-23 11:53:33.199  2283  2283 W System.err: 	at android.os.Looper.loop(Looper.java:154)
11-23 11:53:33.199  2283  2283 W System.err: 	at android.app.ActivityThread.main(ActivityThread.java:6077)
11-23 11:53:33.199  2283  2283 W System.err: 	at java.lang.reflect.Method.invoke(Native Method)
11-23 11:53:33.199  2283  2283 W System.err: 	at com.android.internal.os.ZygoteInit$MethodAndArgsCaller.run(ZygoteInit.java:865)
11-23 11:53:33.200  2283  2283 W System.err: 	at com.android.internal.os.ZygoteInit.main(ZygoteInit.java:755)
11-23 11:53:33.225  2283  2283 I MonitoringInstrumentation: Instrumentation Started!
11-23 11:53:33.237  2283  2283 I MonitoringInstrumentation: Setting context classloader to 'dalvik.system.PathClassLoader[DexPathList[[zip file "/system/framework/android.test.runner.jar", zip file "/data/app/br.com.catbag.gifreduxsample.test-1/base.apk", zip file "/data/app/br.com.catbag.gifreduxsample-1/base.apk"],nativeLibraryDirectories=[/data/app/br.com.catbag.gifreduxsample.test-1/lib/x86, /data/app/br.com.catbag.gifreduxsample-1/lib/x86, /system/fake-libs, /data/app/br.com.catbag.gifreduxsample.test-1/base.apk!/lib/x86, /data/app/br.com.catbag.gifreduxsample-1/base.apk!/lib/x86, /system/lib, /vendor/lib]]]', Original: 'dalvik.system.PathClassLoader[DexPathList[[zip file "/system/framework/android.test.runner.jar", zip file "/data/app/br.com.catbag.gifreduxsample.test-1/base.apk", zip file "/data/app/br.com.catbag.gifreduxsample-1/base.apk"],nativeLibraryDirectories=[/data/app/br.com.catbag.gifreduxsample.test-1/lib/x86, /data/app/br.com.catbag.gifreduxsample-1/lib/x86, /system/fake-libs, /data/app/br.com.catbag.gifreduxsample.test-1/base.apk!/lib/x86, /data/app/br.com.catbag.gifreduxsample-1/base.apk!/lib/x86, /system/lib, /vendor/lib]]]'
11-23 11:53:33.345  2283  2283 D NetworkSecurityConfig: No Network Security Config specified, using platform default
11-23 11:53:33.408  2283  2283 I MonitoringInstrumentation: No JSBridge.
11-23 11:53:33.453  2283  2299 I UsageTrackerFacilitator: Usage tracking enabled
11-23 11:53:33.455  2283  2299 I TestRequestBuilder: Scanning classpath to find tests in apks [/data/app/br.com.catbag.gifreduxsample.test-1/base.apk]
11-23 11:53:34.217  2283  2299 I art     : Rejecting re-init on previously-failed class java.lang.Class<org.objectweb.asm.commons.JSRInlinerAdapter>: java.lang.NoClassDefFoundError: Failed resolution of: Lorg/objectweb/asm/tree/MethodNode;
11-23 11:53:34.217  2283  2299 I art     :   at java.lang.Class java.lang.Class.classForName!(java.lang.String, boolean, java.lang.ClassLoader) (Class.java:-2)
11-23 11:53:34.217  2283  2299 I art     :   at java.lang.Class java.lang.Class.forName(java.lang.String, boolean, java.lang.ClassLoader) (Class.java:400)
11-23 11:53:34.217  2283  2299 I art     :   at java.lang.Class android.support.test.internal.runner.TestLoader.doLoadClass(java.lang.String) (TestLoader.java:92)
11-23 11:53:34.217  2283  2299 I art     :   at java.lang.Class android.support.test.internal.runner.TestLoader.loadIfTest(java.lang.String) (TestLoader.java:113)
11-23 11:53:34.217  2283  2299 I art     :   at void android.support.test.internal.runner.TestRequestBuilder.loadClassesFromClassPath(android.support.test.internal.runner.TestLoader, java.util.Set) (TestRequestBuilder.java:801)
11-23 11:53:34.218  2283  2299 I art     :   at android.support.test.internal.runner.TestRequest android.support.test.internal.runner.TestRequestBuilder.build() (TestRequestBuilder.java:747)
11-23 11:53:34.218  2283  2299 I art     :   at android.support.test.internal.runner.TestRequest android.support.test.runner.AndroidJUnitRunner.buildRequest(android.support.test.internal.runner.RunnerArgs, android.os.Bundle) (AndroidJUnitRunner.java:354)
11-23 11:53:34.218  2283  2299 I art     :   at void android.support.test.runner.AndroidJUnitRunner.onStart() (AndroidJUnitRunner.java:260)
11-23 11:53:34.218  2283  2299 I art     :   at void android.app.Instrumentation$InstrumentationThread.run() (Instrumentation.java:1932)
11-23 11:53:34.218  2283  2299 I art     : Caused by: java.lang.ClassNotFoundException: Didn't find class "org.objectweb.asm.tree.MethodNode" on path: DexPathList[[zip file "/system/framework/android.test.runner.jar", zip file "/data/app/br.com.catbag.gifreduxsample.test-1/base.apk", zip file "/data/app/br.com.catbag.gifreduxsample-1/base.apk"],nativeLibraryDirectories=[/data/app/br.com.catbag.gifreduxsample.test-1/lib/x86, /data/app/br.com.catbag.gifreduxsample-1/lib/x86, /system/fake-libs, /data/app/br.com.catbag.gifreduxsample.test-1/base.apk!/lib/x86, /data/app/br.com.catbag.gifreduxsample-1/base.apk!/lib/x86, /system/lib, /vendor/lib]]
11-23 11:53:34.219  2283  2299 I art     :   at java.lang.Class dalvik.system.BaseDexClassLoader.findClass(java.lang.String) (BaseDexClassLoader.java:56)
11-23 11:53:34.219  2283  2299 I art     :   at java.lang.Class java.lang.ClassLoader.loadClass(java.lang.String, boolean) (ClassLoader.java:380)
11-23 11:53:34.219  2283  2299 I art     :   at java.lang.Class java.lang.ClassLoader.loadClass(java.lang.String) (ClassLoader.java:312)
11-23 11:53:34.219  2283  2299 I art     :   at java.lang.Class java.lang.Class.classForName!(java.lang.String, boolean, java.lang.ClassLoader) (Class.java:-2)
11-23 11:53:34.219  2283  2299 I art     :   at java.lang.Class java.lang.Class.forName(java.lang.String, boolean, java.lang.ClassLoader) (Class.java:400)
11-23 11:53:34.219  2283  2299 I art     :   at java.lang.Class android.support.test.internal.runner.TestLoader.doLoadClass(java.lang.String) (TestLoader.java:92)
11-23 11:53:34.219  2283  2299 I art     :   at java.lang.Class android.support.test.internal.runner.TestLoader.loadIfTest(java.lang.String) (TestLoader.java:113)
11-23 11:53:34.220  2283  2299 I art     :   at void android.support.test.internal.runner.TestRequestBuilder.loadClassesFromClassPath(android.support.test.internal.runner.TestLoader, java.util.Set) (TestRequestBuilder.java:801)
11-23 11:53:34.220  2283  2299 I art     :   at android.support.test.internal.runner.TestRequest android.support.test.internal.runner.TestRequestBuilder.build() (TestRequestBuilder.java:747)
11-23 11:53:34.220  2283  2299 I art     :   at android.support.test.internal.runner.TestRequest android.support.test.runner.AndroidJUnitRunner.buildRequest(android.support.test.internal.runner.RunnerArgs, android.os.Bundle) (AndroidJUnitRunner.java:354)
11-23 11:53:34.220  2283  2299 I art     :   at void android.support.test.runner.AndroidJUnitRunner.onStart() (AndroidJUnitRunner.java:260)
11-23 11:53:34.220  2283  2299 I art     :   at void android.app.Instrumentation$InstrumentationThread.run() (Instrumentation.java:1932)
11-23 11:53:34.220  2283  2299 I art     : 
11-23 11:53:34.220  2283  2299 E TestLoader: Could not find class: org.objectweb.asm.commons.JSRInlinerAdapter
11-23 11:53:34.249  2283  2299 I art     : Rejecting re-init on previously-failed class java.lang.Class<org.objectweb.asm.commons.TryCatchBlockSorter>: java.lang.NoClassDefFoundError: Failed resolution of: Lorg/objectweb/asm/tree/MethodNode;
11-23 11:53:34.249  2283  2299 I art     :   at java.lang.Class java.lang.Class.classForName!(java.lang.String, boolean, java.lang.ClassLoader) (Class.java:-2)
11-23 11:53:34.249  2283  2299 I art     :   at java.lang.Class java.lang.Class.forName(java.lang.String, boolean, java.lang.ClassLoader) (Class.java:400)
11-23 11:53:34.249  2283  2299 I art     :   at java.lang.Class android.support.test.internal.runner.TestLoader.doLoadClass(java.lang.String) (TestLoader.java:92)
11-23 11:53:34.249  2283  2299 I art     :   at java.lang.Class android.support.test.internal.runner.TestLoader.loadIfTest(java.lang.String) (TestLoader.java:113)
11-23 11:53:34.250  2283  2299 I art     :   at void android.support.test.internal.runner.TestRequestBuilder.loadClassesFromClassPath(android.support.test.internal.runner.TestLoader, java.util.Set) (TestRequestBuilder.java:801)
11-23 11:53:34.250  2283  2299 I art     :   at android.support.test.internal.runner.TestRequest android.support.test.internal.runner.TestRequestBuilder.build() (TestRequestBuilder.java:747)
11-23 11:53:34.250  2283  2299 I art     :   at android.support.test.internal.runner.TestRequest android.support.test.runner.AndroidJUnitRunner.buildRequest(android.support.test.internal.runner.RunnerArgs, android.os.Bundle) (AndroidJUnitRunner.java:354)
11-23 11:53:34.250  2283  2299 I art     :   at void android.support.test.runner.AndroidJUnitRunner.onStart() (AndroidJUnitRunner.java:260)
11-23 11:53:34.251  2283  2299 I art     :   at void android.app.Instrumentation$InstrumentationThread.run() (Instrumentation.java:1932)
11-23 11:53:34.251  2283  2299 I art     : Caused by: java.lang.ClassNotFoundException: Didn't find class "org.objectweb.asm.tree.MethodNode" on path: DexPathList[[zip file "/system/framework/android.test.runner.jar", zip file "/data/app/br.com.catbag.gifreduxsample.test-1/base.apk", zip file "/data/app/br.com.catbag.gifreduxsample-1/base.apk"],nativeLibraryDirectories=[/data/app/br.com.catbag.gifreduxsample.test-1/lib/x86, /data/app/br.com.catbag.gifreduxsample-1/lib/x86, /system/fake-libs, /data/app/br.com.catbag.gifreduxsample.test-1/base.apk!/lib/x86, /data/app/br.com.catbag.gifreduxsample-1/base.apk!/lib/x86, /system/lib, /vendor/lib]]
11-23 11:53:34.251  2283  2299 I art     :   at java.lang.Class dalvik.system.BaseDexClassLoader.findClass(java.lang.String) (BaseDexClassLoader.java:56)
11-23 11:53:34.251  2283  2299 I art     :   at java.lang.Class java.lang.ClassLoader.loadClass(java.lang.String, boolean) (ClassLoader.java:380)
11-23 11:53:34.251  2283  2299 I art     :   at java.lang.Class java.lang.ClassLoader.loadClass(java.lang.String) (ClassLoader.java:312)
11-23 11:53:34.251  2283  2299 I art     :   at java.lang.Class java.lang.Class.classForName!(java.lang.String, boolean, java.lang.ClassLoader) (Class.java:-2)
11-23 11:53:34.253  2283  2299 I art     :   at java.lang.Class java.lang.Class.forName(java.lang.String, boolean, java.lang.ClassLoader) (Class.java:400)
11-23 11:53:34.253  2283  2299 I art     :   at java.lang.Class android.support.test.internal.runner.TestLoader.doLoadClass(java.lang.String) (TestLoader.java:92)
11-23 11:53:34.253  2283  2299 I art     :   at java.lang.Class android.support.test.internal.runner.TestLoader.loadIfTest(java.lang.String) (TestLoader.java:113)
11-23 11:53:34.253  2283  2299 I art     :   at void android.support.test.internal.runner.TestRequestBuilder.loadClassesFromClassPath(android.support.test.internal.runner.TestLoader, java.util.Set) (TestRequestBuilder.java:801)
11-23 11:53:34.253  2283  2299 I art     :   at android.support.test.internal.runner.TestRequest android.support.test.internal.runner.TestRequestBuilder.build() (TestRequestBuilder.java:747)
11-23 11:53:34.254  2283  2299 I art     :   at android.support.test.internal.runner.TestRequest android.support.test.runner.AndroidJUnitRunner.buildRequest(android.support.test.internal.runner.RunnerArgs, android.os.Bundle) (AndroidJUnitRunner.java:354)
11-23 11:53:34.254  2283  2299 I art     :   at void android.support.test.runner.AndroidJUnitRunner.onStart() (AndroidJUnitRunner.java:260)
11-23 11:53:34.254  2283  2299 I art     :   at void android.app.Instrumentation$InstrumentationThread.run() (Instrumentation.java:1932)
11-23 11:53:34.254  2283  2299 I art     : 
11-23 11:53:34.255  2283  2299 E TestLoader: Could not find class: org.objectweb.asm.commons.TryCatchBlockSorter
11-23 11:53:34.311  2283  2299 D TestExecutor: Adding listener android.support.test.internal.runner.listener.LogRunListener
11-23 11:53:34.312  2283  2299 D TestExecutor: Adding listener android.support.test.internal.runner.listener.InstrumentationResultPrinter
11-23 11:53:34.313  2283  2299 D TestExecutor: Adding listener android.support.test.internal.runner.listener.ActivityFinisherRunListener
11-23 11:53:34.313  2283  2299 D TestExecutor: Adding listener android.support.test.internal.runner.listener.CoverageListener
11-23 11:53:34.321  2283  2299 I TestRunner: run started: 15 tests
11-23 11:53:34.338  2283  2299 I TestRunner: started: whenAppStateSavedSeveralTime(br.com.catbag.gifreduxsample.asyncs.data.DataManagerTest)
11-23 11:53:34.365  2283  2283 I MonitoringInstrumentation: Activities that are still in CREATED to STOPPED: 0
11-23 11:53:34.690  2283  2294 W art     : Suspending all threads took: 234.359ms
11-23 11:53:34.913  2283  2302 W Java7Support: Unable to load JDK7 types (annotations, java.nio.file.Path): no Java7 support added
11-23 11:53:34.939  2283  2294 I art     : Background sticky concurrent mark sweep GC freed 148510(6MB) AllocSpace objects, 0(0B) LOS objects, 44% free, 3MB/6MB, paused 258.054ms total 1.040s
11-23 11:53:35.499  2283  2299 I TestRunner: finished: whenAppStateSavedSeveralTime(br.com.catbag.gifreduxsample.asyncs.data.DataManagerTest)
11-23 11:53:35.509  2283  2283 I MonitoringInstrumentation: Activities that are still in CREATED to STOPPED: 0
11-23 11:53:35.511  2283  2299 I TestRunner: started: whenAppStateSavedOnceTime(br.com.catbag.gifreduxsample.asyncs.data.DataManagerTest)
11-23 11:53:35.513  2283  2283 I MonitoringInstrumentation: Activities that are still in CREATED to STOPPED: 0
11-23 11:53:35.898  2283  2299 I TestRunner: finished: whenAppStateSavedOnceTime(br.com.catbag.gifreduxsample.asyncs.data.DataManagerTest)
11-23 11:53:35.918  2283  2283 I MonitoringInstrumentation: Activities that are still in CREATED to STOPPED: 0
11-23 11:53:35.920  2283  2299 I TestRunner: started: whenUnsavedAppStateIsLoaded(br.com.catbag.gifreduxsample.asyncs.data.DataManagerTest)
11-23 11:53:35.926  2283  2283 I MonitoringInstrumentation: Activities that are still in CREATED to STOPPED: 0
11-23 11:53:36.055  2283  2299 I TestRunner: finished: whenUnsavedAppStateIsLoaded(br.com.catbag.gifreduxsample.asyncs.data.DataManagerTest)
11-23 11:53:36.067  2283  2283 I MonitoringInstrumentation: Activities that are still in CREATED to STOPPED: 0
11-23 11:53:36.069  2283  2299 I TestRunner: started: whenSavedAppStateIsLoaded(br.com.catbag.gifreduxsample.asyncs.data.DataManagerTest)
11-23 11:53:36.073  2283  2283 I MonitoringInstrumentation: Activities that are still in CREATED to STOPPED: 0
11-23 11:53:36.083  2283  2307 E DataManager: appstate not loaded
11-23 11:53:36.083  2283  2307 E DataManager: com.snappydb.SnappydbException: Failed to get a String: NotFound: 
11-23 11:53:36.083  2283  2307 E DataManager: 	at com.snappydb.internal.DBImpl.__get(Native Method)
11-23 11:53:36.083  2283  2307 E DataManager: 	at com.snappydb.internal.DBImpl.get(DBImpl.java:348)
11-23 11:53:36.083  2283  2307 E DataManager: 	at br.com.catbag.gifreduxsample.asyncs.data.storage.Database.getAppState(Database.java:29)
11-23 11:53:36.083  2283  2307 E DataManager: 	at br.com.catbag.gifreduxsample.asyncs.data.DataManager.lambda$loadAppState$0(DataManager.java:61)
11-23 11:53:36.083  2283  2307 E DataManager: 	at br.com.catbag.gifreduxsample.asyncs.data.DataManager$$Lambda$1.run(Unknown Source)
11-23 11:53:36.083  2283  2307 E DataManager: 	at java.lang.Thread.run(Thread.java:761)
11-23 11:53:36.367  2283  2299 I TestRunner: finished: whenSavedAppStateIsLoaded(br.com.catbag.gifreduxsample.asyncs.data.DataManagerTest)
11-23 11:53:36.377  2283  2283 I MonitoringInstrumentation: Activities that are still in CREATED to STOPPED: 0
11-23 11:53:36.403  2283  2299 I TestRunner: started: whenScrollDownAndPlayLastItemTest(br.com.catbag.gifreduxsample.ui.giflist.GifListActivityTest)
11-23 11:53:36.408  2283  2283 I MonitoringInstrumentation: Activities that are still in CREATED to STOPPED: 0
11-23 11:53:36.630  2283  2294 I art     : Background partial concurrent mark sweep GC freed 61793(2MB) AllocSpace objects, 2(40KB) LOS objects, 39% free, 3MB/6MB, paused 17.332ms total 123.922ms
11-23 11:53:36.867  2311  2311 W dex2oat : Unexpected CPU variant for X86 using defaults: x86
11-23 11:53:36.867  2311  2311 W dex2oat : Mismatch between dex2oat instruction set features (ISA: X86 Feature string: smp,-ssse3,-sse4.1,-sse4.2,-avx,-avx2,-lock_add,-popcnt) and those of dex2oat executable (ISA: X86 Feature string: smp,ssse3,-sse4.1,-sse4.2,-avx,-avx2,-lock_add,-popcnt) for the command line:
11-23 11:53:36.868  2311  2311 W dex2oat : /system/bin/dex2oat --runtime-arg -classpath --runtime-arg & --instruction-set=x86 --instruction-set-features=smp,ssse3,-sse4.1,-sse4.2,-avx,-avx2,-lock_add,-popcnt --runtime-arg -Xrelocate --boot-image=/system/framework/boot.art --runtime-arg -Xms64m --runtime-arg -Xmx512m --instruction-set-variant=x86 --instruction-set-features=default --dex-file=/data/user/0/br.com.catbag.gifreduxsample/app_dxmaker_cache/Generated_1497766805.jar --oat-fd=38 --oat-location=/data/user/0/br.com.catbag.gifreduxsample/app_dxmaker_cache/Generated_1497766805.dex --compiler-filter=speed
11-23 11:53:36.869  2311  2311 I dex2oat : /system/bin/dex2oat --dex-file=/data/user/0/br.com.catbag.gifreduxsample/app_dxmaker_cache/Generated_1497766805.jar --oat-fd=38 --oat-location=/data/user/0/br.com.catbag.gifreduxsample/app_dxmaker_cache/Generated_1497766805.dex --compiler-filter=speed
11-23 11:53:37.083  2311  2311 I dex2oat : dex2oat took 216.213ms (threads: 1) arena alloc=41KB (42016B) java alloc=28KB (28768B) native alloc=736KB (753768B) free=799KB (819096B)
11-23 11:53:37.147  1238  1321 D VoldConnector: SND -> {29 volume mkdirs /storage/emulated/0/Android/data/br.com.catbag.gifreduxsample/cache/}
11-23 11:53:37.180  1238  1280 D VoldConnector: RCV <- {200 29 Command succeeded}
11-23 11:53:37.205  2283  2300 I DroidFlux:Dispatcher: [STARTED] dispatch of action [FAKE_REDUCE_ACTION]
11-23 11:53:37.208  2283  2300 I DroidFlux:Dispatcher: [COMPLETED] dispatch of action [FAKE_REDUCE_ACTION]
11-23 11:53:37.234  2283  2310 D ActivityTestRule: Launching activity br.com.catbag.gifreduxsample.ui.GifListActivity
11-23 11:53:37.241  2283  2314 D MonitoringInstrumentation: execStartActivity(context, ibinder, ibinder, activity, intent, int, bundle
11-23 11:53:37.263  1238  1433 I ActivityManager: START u0 {flg=0x14000000 cmp=br.com.catbag.gifreduxsample/.ui.GifListActivity} from uid 10060 on display 0
11-23 11:53:37.630  1238  1252 W art     : Long monitor contention with owner Binder:1238_5 (1433) at int com.android.server.am.ActivityStarter.startActivityMayWait(android.app.IApplicationThread, int, java.lang.String, android.content.Intent, java.lang.String, android.service.voice.IVoiceInteractionSession, com.android.internal.app.IVoiceInteractor, android.os.IBinder, java.lang.String, int, int, android.app.ProfilerInfo, android.app.IActivityManager$WaitResult, android.content.res.Configuration, android.os.Bundle, boolean, int, android.app.IActivityContainer, com.android.server.am.TaskRecord)(ActivityStarter.java:725) waiters=0 in void com.android.server.am.ActivityManagerService$MainHandler.handleMessage(android.os.Message) for 139ms
11-23 11:53:37.915  2283  2283 D LifecycleMonitor: Lifecycle status change: br.com.catbag.gifreduxsample.ui.GifListActivity@e2f132c in: PRE_ON_CREATE
11-23 11:53:38.255  1778  1778 I Choreographer: Skipped 52 frames!  The application may be doing too much work on its main thread.
11-23 11:53:38.296  1238  1259 I Choreographer: Skipped 103 frames!  The application may be doing too much work on its main thread.
11-23 11:53:38.439  1238  1259 I Choreographer: Skipped 36 frames!  The application may be doing too much work on its main thread.
11-23 11:53:39.070  2283  2283 D LifecycleMonitor: Lifecycle status change: br.com.catbag.gifreduxsample.ui.GifListActivity@e2f132c in: CREATED
11-23 11:53:39.098  2283  2300 I DroidFlux:Dispatcher: [STARTED] dispatch of action [APP_STATE_LOAD]
11-23 11:53:39.119  2283  2283 D LifecycleMonitor: Lifecycle status change: br.com.catbag.gifreduxsample.ui.GifListActivity@e2f132c in: STARTED
11-23 11:53:39.177  2283  2283 D LifecycleMonitor: Lifecycle status change: br.com.catbag.gifreduxsample.ui.GifListActivity@e2f132c in: RESUMED
11-23 11:53:39.219  1778  1778 I Choreographer: Skipped 93 frames!  The application may be doing too much work on its main thread.
11-23 11:53:39.255  2283  2300 D DroidFlux:Dispatcher: An action of type [APP_STATE_LOAD] was dispatched, but no reducer handled it
11-23 11:53:39.256  2283  2300 I DroidFlux:Dispatcher: [COMPLETED] dispatch of action [APP_STATE_LOAD]
11-23 11:53:39.305  1238  1433 I WindowManager: Destroying surface Surface(name=com.android.launcher3/com.android.launcher3.Launcher) called by com.android.server.wm.WindowStateAnimator.destroySurface:2014 com.android.server.wm.WindowStateAnimator.destroySurfaceLocked:881 com.android.server.wm.WindowState.destroyOrSaveSurface:2073 com.android.server.wm.WindowManagerService.tryStartExitingAnimation:3017 com.android.server.wm.WindowManagerService.relayoutWindow:2897 com.android.server.wm.Session.relayout:215 android.view.IWindowSession$Stub.onTransact:286 com.android.server.wm.Session.onTransact:136 
11-23 11:53:39.762  2283  2283 D gralloc_ranchu: Emulator without host-side GPU emulation detected.
11-23 11:53:39.876  1238  1259 I ActivityManager: Displayed br.com.catbag.gifreduxsample/.ui.GifListActivity: +2s238ms
11-23 11:53:40.079  2283  2310 D InputManagerEventInjectionStrategy: Creating injection strategy with input manager.
11-23 11:53:40.165  1238  1259 I WindowManager: Destroying surface Surface(name=Starting br.com.catbag.gifreduxsample) called by com.android.server.wm.WindowStateAnimator.destroySurface:2014 com.android.server.wm.WindowStateAnimator.destroySurfaceLocked:881 com.android.server.wm.WindowState.destroyOrSaveSurface:2073 com.android.server.wm.AppWindowToken.destroySurfaces:363 com.android.server.wm.WindowStateAnimator.finishExit:565 com.android.server.wm.WindowStateAnimator.stepAnimationLocked:491 com.android.server.wm.WindowAnimator.updateWindowsLocked:303 com.android.server.wm.WindowAnimator.animateLocked:704 
11-23 11:53:40.242  2283  2283 W ResourceType: No package identifier when getting name for resource number 0x00000001
11-23 11:53:40.243  2283  2283 I ViewInteraction: Performing 'scroll RecyclerView to position: 4' action on view with id: 1 (resource name not found)
11-23 11:53:40.435  1238  1324 E TaskPersister: File error accessing recents directory (directory doesn't exist?).
11-23 11:53:40.449  2283  2294 I art     : Background sticky concurrent mark sweep GC freed 14648(930KB) AllocSpace objects, 0(0B) LOS objects, 11% free, 5MB/6MB, paused 16.726ms total 188.055ms
11-23 11:53:40.598  2283  2288 I art     : Do partial code cache collection, code=27KB, data=30KB
11-23 11:53:40.599  2283  2288 I art     : After code cache collection, code=25KB, data=29KB
11-23 11:53:40.599  2283  2288 I art     : Increasing code cache capacity to 128KB
11-23 11:53:40.636  2283  2283 W ResourceType: No package identifier when getting name for resource number 0x00000001
11-23 11:53:40.679  2283  2283 W ResourceType: No package identifier when getting name for resource number 0x00000004
11-23 11:53:40.679  2283  2283 I ViewInteraction: Performing 'single click' action on view with id: 4 (resource name not found)
11-23 11:53:40.881  2283  2300 I DroidFlux:Dispatcher: [STARTED] dispatch of action [GIF_PLAY]
11-23 11:53:40.899  2283  2300 I DroidFlux:Dispatcher: [COMPLETED] dispatch of action [GIF_PLAY]
11-23 11:53:41.247  1238  1320 D LightsService: Excessive delay setting light: 85ms
11-23 11:53:41.274  1238  1312 W AudioTrack: AUDIO_OUTPUT_FLAG_FAST denied by client; transfer 4, track 48000 Hz, output 44100 Hz
11-23 11:53:41.454   988  1032 D AudioFlinger: mixer(0xb2c837c0) throttle end: throttle time(7)
11-23 11:53:41.473   988  1032 D AudioFlinger: mixer(0xb2c837c0) throttle end: throttle time(9)
11-23 11:53:41.641  2283  2283 D LifecycleMonitor: Lifecycle status change: br.com.catbag.gifreduxsample.ui.GifListActivity@e2f132c in: PAUSED
11-23 11:53:41.681  2283  2299 I TestRunner: finished: whenScrollDownAndPlayLastItemTest(br.com.catbag.gifreduxsample.ui.giflist.GifListActivityTest)
11-23 11:53:41.717   978   978 D gralloc : Registering a buffer in the process that created it. This may cause memory ordering problems.
11-23 11:53:41.718   978   978 E libEGL  : called unimplemented OpenGL ES API
11-23 11:53:41.719   978   978 E SurfaceFlinger: glCheckFramebufferStatusOES error -237227574
11-23 11:53:41.719   978   978 E SurfaceFlinger: got GL_FRAMEBUFFER_COMPLETE_OES error while taking screenshot
11-23 11:53:41.726  1238  1519 W WindowManager: Screenshot failure taking screenshot for (480x800) to layer 21005
11-23 11:53:41.760  2283  2283 I MonitoringInstrumentation: Activities that are still in CREATED to STOPPED: 1
11-23 11:53:41.761  2283  2299 I TestRunner: started: whenGifIsNotWatchedTest(br.com.catbag.gifreduxsample.ui.giflist.GifListActivityTest)
11-23 11:53:41.785  2283  2283 I MonitoringInstrumentation: Activities that are still in CREATED to STOPPED: 1
11-23 11:53:41.797  2283  2300 I DroidFlux:Dispatcher: [STARTED] dispatch of action [FAKE_REDUCE_ACTION]
11-23 11:53:41.798  2283  2300 I DroidFlux:Dispatcher: [COMPLETED] dispatch of action [FAKE_REDUCE_ACTION]
11-23 11:53:41.800  2283  2320 D ActivityTestRule: Launching activity br.com.catbag.gifreduxsample.ui.GifListActivity
11-23 11:53:41.812  2283  2322 D MonitoringInstrumentation: execStartActivity(context, ibinder, ibinder, activity, intent, int, bundle
11-23 11:53:41.813  1238  1249 I ActivityManager: START u0 {flg=0x10000000 cmp=br.com.catbag.gifreduxsample/.ui.GifListActivity} from uid 10060 on display 0
11-23 11:53:41.983  2283  2294 W art     : Suspending all threads took: 56.362ms
11-23 11:53:42.021  1238  1259 I Choreographer: Skipped 76 frames!  The application may be doing too much work on its main thread.
11-23 11:53:42.038  2283  2294 I art     : Background partial concurrent mark sweep GC freed 12557(687KB) AllocSpace objects, 3(64KB) LOS objects, 40% free, 5MB/9MB, paused 63.364ms total 694.872ms
11-23 11:53:42.099  2283  2283 D LifecycleMonitor: Lifecycle status change: br.com.catbag.gifreduxsample.ui.GifListActivity@3613eb4 in: PRE_ON_CREATE
11-23 11:53:42.190  2283  2283 D LifecycleMonitor: Lifecycle status change: br.com.catbag.gifreduxsample.ui.GifListActivity@3613eb4 in: CREATED
11-23 11:53:42.191  2283  2300 I DroidFlux:Dispatcher: [STARTED] dispatch of action [APP_STATE_LOAD]
11-23 11:53:42.191  2283  2300 D DroidFlux:Dispatcher: An action of type [APP_STATE_LOAD] was dispatched, but no reducer handled it
11-23 11:53:42.198  2283  2283 D LifecycleMonitor: Lifecycle status change: br.com.catbag.gifreduxsample.ui.GifListActivity@3613eb4 in: STARTED
11-23 11:53:42.200  2283  2283 D LifecycleMonitor: Lifecycle status change: br.com.catbag.gifreduxsample.ui.GifListActivity@3613eb4 in: RESUMED
11-23 11:53:42.224  2283  2300 I DroidFlux:Dispatcher: [COMPLETED] dispatch of action [APP_STATE_LOAD]
11-23 11:53:42.267  1778  1778 I Choreographer: Skipped 46 frames!  The application may be doing too much work on its main thread.
11-23 11:53:42.273  2283  2283 I Choreographer: Skipped 69 frames!  The application may be doing too much work on its main thread.
11-23 11:53:42.483  1238  1259 I Choreographer: Skipped 41 frames!  The application may be doing too much work on its main thread.
11-23 11:53:42.655  1238  1259 I Choreographer: Skipped 43 frames!  The application may be doing too much work on its main thread.
11-23 11:53:42.838  1238  1259 I Choreographer: Skipped 43 frames!  The application may be doing too much work on its main thread.
11-23 11:53:42.872  1238  1249 W art     : Long monitor contention with owner android.display (1259) at void com.android.server.wm.WindowAnimator$1.doFrame(long)(WindowAnimator.java:138) waiters=1 in int com.android.server.wm.WindowManagerService.relayoutWindow(com.android.server.wm.Session, android.view.IWindow, int, android.view.WindowManager$LayoutParams, int, int, int, int, android.graphics.Rect, android.graphics.Rect, android.graphics.Rect, android.graphics.Rect, android.graphics.Rect, android.graphics.Rect, android.graphics.Rect, android.content.res.Configuration, android.view.Surface) for 355ms
11-23 11:53:42.997  1238  1259 I Choreographer: Skipped 39 frames!  The application may be doing too much work on its main thread.
