--------- beginning of main
11-23 18:28:18.481  1239  1258 W art     : Long monitor contention with owner NetdConnector (1298) at boolean android.os.MessageQueue.enqueueMessage(android.os.Message, long)(MessageQueue.java:541) waiters=0 in android.os.Message android.os.MessageQueue.next() for 131ms
11-23 18:28:30.703  2145  2145 D AndroidRuntime: >>>>>> START com.android.internal.os.RuntimeInit uid 2000 <<<<<<
11-23 18:28:30.792  2145  2145 D AndroidRuntime: CheckJNI is ON
11-23 18:28:31.461  2145  2145 W art     : Unexpected CPU variant for X86 using defaults: x86
11-23 18:28:31.822  2145  2145 D ICU     : No timezone override file found: /data/misc/zoneinfo/current/icu/icu_tzdata.dat
11-23 18:28:32.516  2145  2145 E memtrack: Couldn't load memtrack module (No such file or directory)
11-23 18:28:32.516  2145  2145 E android.os.Debug: failed to load memtrack module: -2
11-23 18:28:32.581  2145  2145 I Radio-JNI: register_android_hardware_Radio DONE
11-23 18:28:32.989  2145  2145 D AndroidRuntime: Calling main entry com.android.commands.am.Am
11-23 18:28:33.130  2145  2145 D AndroidRuntime: Shutting down VM
11-23 18:28:34.350  2155  2155 D AndroidRuntime: >>>>>> START com.android.internal.os.RuntimeInit uid 2000 <<<<<<
11-23 18:28:34.368  2155  2155 D AndroidRuntime: CheckJNI is ON
11-23 18:28:34.455  2155  2155 W art     : Unexpected CPU variant for X86 using defaults: x86
11-23 18:28:34.470  2155  2155 D ICU     : No timezone override file found: /data/misc/zoneinfo/current/icu/icu_tzdata.dat
11-23 18:28:34.529  2155  2155 E memtrack: Couldn't load memtrack module (No such file or directory)
11-23 18:28:34.529  2155  2155 E android.os.Debug: failed to load memtrack module: -2
11-23 18:28:34.530  2155  2155 I Radio-JNI: register_android_hardware_Radio DONE
11-23 18:28:34.573  2155  2155 D AndroidRuntime: Calling main entry com.android.commands.pm.Pm
11-23 18:28:34.819  2155  2155 I art     : System.exit called, status: 0
11-23 18:28:34.819  2155  2155 I AndroidRuntime: VM exiting with result code 0.
11-23 18:28:35.383  1239  1907 W art     : Long monitor contention with owner android.io (1259) at void com.android.server.pm.PackageInstallerService.writeSessionLocked(org.xmlpull.v1.XmlSerializer, com.android.server.pm.PackageInstallerSession)(PackageInstallerService.java:-1) waiters=0 in android.content.pm.PackageInstaller$SessionInfo com.android.server.pm.PackageInstallerService.getSessionInfo(int) for 455ms
11-23 18:28:37.819  2166  2166 D AndroidRuntime: >>>>>> START com.android.internal.os.RuntimeInit uid 2000 <<<<<<
11-23 18:28:37.866  2166  2166 D AndroidRuntime: CheckJNI is ON
11-23 18:28:38.079  2166  2166 W art     : Unexpected CPU variant for X86 using defaults: x86
11-23 18:28:38.125  2166  2166 D ICU     : No timezone override file found: /data/misc/zoneinfo/current/icu/icu_tzdata.dat
11-23 18:28:38.281  2166  2166 E memtrack: Couldn't load memtrack module (No such file or directory)
11-23 18:28:38.281  2166  2166 E android.os.Debug: failed to load memtrack module: -2
11-23 18:28:38.283  2166  2166 I Radio-JNI: register_android_hardware_Radio DONE
11-23 18:28:38.399  2166  2166 D AndroidRuntime: Calling main entry com.android.commands.pm.Pm
11-23 18:28:38.600   992   992 I         : free_cache(7065579) avail 512536576
11-23 18:29:06.521  2166  2166 I art     : System.exit called, status: 0
11-23 18:29:06.546  2166  2166 I AndroidRuntime: VM exiting with result code 0.
11-23 18:29:07.202  2178  2178 D AndroidRuntime: >>>>>> START com.android.internal.os.RuntimeInit uid 2000 <<<<<<
11-23 18:29:07.219  2178  2178 D AndroidRuntime: CheckJNI is ON
11-23 18:29:07.304  2178  2178 W art     : Unexpected CPU variant for X86 using defaults: x86
11-23 18:29:07.328  2178  2178 D ICU     : No timezone override file found: /data/misc/zoneinfo/current/icu/icu_tzdata.dat
11-23 18:29:07.388  2178  2178 E memtrack: Couldn't load memtrack module (No such file or directory)
11-23 18:29:07.389  2178  2178 E android.os.Debug: failed to load memtrack module: -2
11-23 18:29:07.392  2178  2178 I Radio-JNI: register_android_hardware_Radio DONE
11-23 18:29:07.431  2178  2178 D AndroidRuntime: Calling main entry com.android.commands.pm.Pm
--------- beginning of system
11-23 18:29:08.614  1239  1265 W ActivityManager: Slow operation: 278ms so far, now at startProcess: returned from zygote!
11-23 18:29:08.620  1239  1265 W ActivityManager: Slow operation: 283ms so far, now at startProcess: done updating battery stats
11-23 18:29:08.624  1239  1265 W ActivityManager: Slow operation: 288ms so far, now at startProcess: building log message
11-23 18:29:08.650  1239  1265 I ActivityManager: Start proc 2188:com.android.defcontainer/u0a5 for service com.android.defcontainer/.DefaultContainerService
11-23 18:29:08.651  1239  1265 W ActivityManager: Slow operation: 316ms so far, now at startProcess: starting to update pids map
11-23 18:29:08.651  1239  1265 W ActivityManager: Slow operation: 317ms so far, now at startProcess: done updating pids map
11-23 18:29:08.652  1239  1265 W ActivityManager: Slow operation: 335ms so far, now at startProcess: done starting proc!
11-23 18:29:08.707  2188  2188 W art     : Unexpected CPU variant for X86 using defaults: x86
11-23 18:29:09.556  1239  1265 I PackageManager.DexOptimizer: Running dexopt (dex2oat) on: /data/app/vmdl1355709084.tmp/base.apk pkg=br.com.catbag.gifreduxsample isa=x86 vmSafeMode=false debuggable=true target-filter=interpret-only oatDir = /data/app/vmdl1355709084.tmp/oat sharedLibraries=null
11-23 18:29:10.038  2203  2203 W dex2oat : Unexpected CPU variant for X86 using defaults: x86
11-23 18:29:10.040  2203  2203 W dex2oat : Mismatch between dex2oat instruction set features (ISA: X86 Feature string: smp,-ssse3,-sse4.1,-sse4.2,-avx,-avx2,-lock_add,-popcnt) and those of dex2oat executable (ISA: X86 Feature string: smp,ssse3,-sse4.1,-sse4.2,-avx,-avx2,-lock_add,-popcnt) for the command line:
11-23 18:29:10.040  2203  2203 W dex2oat : /system/bin/dex2oat --zip-fd=6 --zip-location=base.apk --oat-fd=7 --oat-location=/data/app/vmdl1355709084.tmp/oat/x86/base.odex --instruction-set=x86 --instruction-set-variant=x86 --instruction-set-features=default --runtime-arg -Xms64m --runtime-arg -Xmx512m --compiler-filter=interpret-only --swap-fd=9 --debuggable
11-23 18:29:10.043  2203  2203 I dex2oat : /system/bin/dex2oat --compiler-filter=interpret-only --debuggable
11-23 18:29:16.398  2203  2203 W dex2oat : Before Android 4.1, method android.graphics.PorterDuffColorFilter android.support.graphics.drawable.VectorDrawableCompat.updateTintFilter(android.graphics.PorterDuffColorFilter, android.content.res.ColorStateList, android.graphics.PorterDuff$Mode) would have incorrectly overridden the package-private method in android.graphics.drawable.Drawable
11-23 18:29:16.688  2203  2203 W dex2oat : Before Android 4.1, method int android.support.v7.widget.ListViewCompat.lookForSelectablePosition(int, boolean) would have incorrectly overridden the package-private method in android.widget.ListView
11-23 18:29:42.484  2203  2203 W dex2oat : Verification of void org.immutables.value.internal.$processor$.meta.$StyleMirror.<init>(javax.lang.model.element.AnnotationMirror) took 163.586ms
11-23 18:29:42.634  2203  2203 W dex2oat : Verification of void org.immutables.value.internal.$processor$.meta.$StyleMirror.<init>(javax.lang.model.element.TypeElement) took 121.357ms
11-23 18:30:00.552  2203  2203 W dex2oat : Compilation of com.google.common.collect.HashBiMap$BiEntry[] com.google.common.collect.HashBiMap.createTable(int) took 526.398ms
11-23 18:30:01.127  2203  2203 W dex2oat : Compilation of java.util.Map com.google.common.collect.LinkedListMultimap.access$600(com.google.common.collect.LinkedListMultimap) took 101.104ms
11-23 18:30:16.754  2203  2203 W dex2oat : Compilation of android.view.View android.support.v7.widget.RecyclerView.focusSearch(android.view.View, int) took 202.881ms
11-23 18:30:21.795  2203  2203 W dex2oat : Compilation of void com.fasterxml.jackson.databind.ser.impl.SimpleBeanPropertyFilter$1.serializeAsField(java.lang.Object, com.fasterxml.jackson.core.JsonGenerator, com.fasterxml.jackson.databind.SerializerProvider, com.fasterxml.jackson.databind.ser.PropertyWriter) took 231.708ms
11-23 18:30:26.728  2203  2203 W dex2oat : Compilation of long com.google.common.hash.BloomFilter.bitSize() took 144.383ms
11-23 18:30:31.759  2203  2203 W dex2oat : Compilation of void org.immutables.value.internal.$guava$.collect.$Sets$1.<init>(java.util.Set, java.util.Set, java.util.Set) took 155.855ms
11-23 18:30:37.787  2203  2203 I dex2oat : dex2oat took 87.759s (threads: 1) arena alloc=1402KB (1436528B) java alloc=7MB (8050336B) native alloc=13MB (14285024B) free=3MB (3147552B)
11-23 18:30:38.486  1239  1249 I art     : Background sticky concurrent mark sweep GC freed 30500(2MB) AllocSpace objects, 11(268KB) LOS objects, 31% free, 7MB/10MB, paused 12.238ms total 342.762ms
11-23 18:30:38.578  1239  1326 W art     : Long monitor contention with owner PackageManager (1265) at void com.android.server.pm.PackageManagerService.updateSettingsInternalLI(android.content.pm.PackageParser$Package, java.lang.String, int[], int[], com.android.server.pm.PackageManagerService$PackageInstalledInfo, android.os.UserHandle)(PackageManagerService.java:14757) waiters=0 in int com.android.server.pm.PackageManagerService.checkUidPermission(java.lang.String, int) for 544ms
11-23 18:30:38.600  1239  1265 W PackageManager: Not granting permission android.permission.SET_DEBUG_APP to package br.com.catbag.gifreduxsample (protectionLevel=50 flags=0x3848be46)
11-23 18:30:38.795  1239  1326 W art     : Long monitor contention with owner PackageManager (1265) at void com.android.server.pm.PackageManagerService.updateSettingsInternalLI(android.content.pm.PackageParser$Package, java.lang.String, int[], int[], com.android.server.pm.PackageManagerService$PackageInstalledInfo, android.os.UserHandle)(PackageManagerService.java:14768) waiters=0 in int com.android.server.pm.PackageManagerService.checkUidPermission(java.lang.String, int) for 215ms
11-23 18:30:38.889  1239  1265 V BackupManagerService: restoreAtInstall pkg=br.com.catbag.gifreduxsample token=1 restoreSet=0
11-23 18:30:38.893  1239  1265 W BackupManagerService: Requested unavailable transport: android/com.android.internal.backup.LocalTransport
11-23 18:30:38.894  1239  1265 W BackupManagerService: No transport
11-23 18:30:38.894  1239  1265 V BackupManagerService: Finishing install immediately
11-23 18:30:38.979  1239  1265 I art     : Starting a blocking GC Explicit
11-23 18:30:39.538  1239  1265 I art     : Explicit concurrent mark sweep GC freed 11855(683KB) AllocSpace objects, 8(160KB) LOS objects, 33% free, 6MB/10MB, paused 11.247ms total 553.947ms
11-23 18:30:39.547   992   992 E         : Couldn't opendir /data/app/vmdl1355709084.tmp: No such file or directory
11-23 18:30:39.792  2178  2178 I art     : System.exit called, status: 0
11-23 18:30:39.792  2178  2178 I AndroidRuntime: VM exiting with result code 0.
11-23 18:30:40.019  1239  1279 I InputReader: Reconfiguring input devices.  changes=0x00000010
11-23 18:30:40.185  1450  1450 D CarrierSvcBindHelper: No carrier app for: 0
11-23 18:30:40.266  1450  1450 D CarrierConfigLoader: mHandler: 9 phoneId: 0
11-23 18:30:41.121  1239  1252 W VoiceInteractionManagerService: no available voice recognition services found for user 0
11-23 18:30:41.121  1239  1252 W LocationProviderProxy-network: Odd, no component found for service com.android.location.service.v3.NetworkLocationProvider
11-23 18:30:41.123  1239  1252 W GeocoderProxy: Odd, no component found for service com.android.location.service.GeocodeProvider
11-23 18:30:41.124  1239  1252 W GeofenceProxy: Odd, no component found for service com.android.location.service.GeofenceProvider
11-23 18:30:41.124  1239  1252 W ActivityRecognitionProxy: Odd, no component found for service com.android.location.service.ActivityRecognitionProvider
11-23 18:30:41.548  1450  1461 I art     : Background sticky concurrent mark sweep GC freed 26145(1517KB) AllocSpace objects, 1(20KB) LOS objects, 38% free, 2MB/4MB, paused 30.727ms total 1.197s
11-23 18:30:42.217  2212  2212 D AndroidRuntime: >>>>>> START com.android.internal.os.RuntimeInit uid 2000 <<<<<<
11-23 18:30:42.221  2212  2212 D AndroidRuntime: CheckJNI is ON
11-23 18:30:42.299  2212  2212 W art     : Unexpected CPU variant for X86 using defaults: x86
11-23 18:30:42.307  2212  2212 D ICU     : No timezone override file found: /data/misc/zoneinfo/current/icu/icu_tzdata.dat
11-23 18:30:42.387  2212  2212 E memtrack: Couldn't load memtrack module (No such file or directory)
11-23 18:30:42.387  2212  2212 E android.os.Debug: failed to load memtrack module: -2
11-23 18:30:42.389  2212  2212 I Radio-JNI: register_android_hardware_Radio DONE
11-23 18:30:42.415  2212  2212 D AndroidRuntime: Calling main entry com.android.commands.pm.Pm
11-23 18:30:42.442  2212  2212 I art     : System.exit called, status: 0
11-23 18:30:42.442  2212  2212 I AndroidRuntime: VM exiting with result code 0.
11-23 18:30:43.875  2229  2229 D AndroidRuntime: >>>>>> START com.android.internal.os.RuntimeInit uid 2000 <<<<<<
11-23 18:30:43.880  2229  2229 D AndroidRuntime: CheckJNI is ON
11-23 18:30:43.983  2229  2229 W art     : Unexpected CPU variant for X86 using defaults: x86
11-23 18:30:43.992  2229  2229 D ICU     : No timezone override file found: /data/misc/zoneinfo/current/icu/icu_tzdata.dat
11-23 18:30:44.049  2229  2229 E memtrack: Couldn't load memtrack module (No such file or directory)
11-23 18:30:44.050  2229  2229 E android.os.Debug: failed to load memtrack module: -2
11-23 18:30:44.051  2229  2229 I Radio-JNI: register_android_hardware_Radio DONE
11-23 18:30:44.080  2229  2229 D AndroidRuntime: Calling main entry com.android.commands.pm.Pm
11-23 18:30:44.102   992   992 I         : free_cache(2038476) avail 492597248
11-23 18:30:44.310  1239  1326 W art     : Long monitor contention with owner android.io (1259) at void com.android.server.pm.PackageInstallerService$2.run()(PackageInstallerService.java:556) waiters=0 in android.content.pm.PackageInstaller$SessionInfo com.android.server.pm.PackageInstallerService.getSessionInfo(int) for 187ms
11-23 18:30:49.205  2229  2229 I art     : System.exit called, status: 0
11-23 18:30:49.209  2229  2229 I AndroidRuntime: VM exiting with result code 0.
11-23 18:30:49.740  1239  1250 I ActivityManager: Start proc 2244:com.svox.pico/u0a46 for broadcast com.svox.pico/.VoiceDataInstallerReceiver
11-23 18:30:49.771  2244  2244 W art     : Unexpected CPU variant for X86 using defaults: x86
11-23 18:30:49.894  2242  2242 D AndroidRuntime: >>>>>> START com.android.internal.os.RuntimeInit uid 2000 <<<<<<
11-23 18:30:49.899  2242  2242 D AndroidRuntime: CheckJNI is ON
11-23 18:30:49.969  2242  2242 W art     : Unexpected CPU variant for X86 using defaults: x86
11-23 18:30:49.982  2242  2242 D ICU     : No timezone override file found: /data/misc/zoneinfo/current/icu/icu_tzdata.dat
11-23 18:30:50.038  2242  2242 E memtrack: Couldn't load memtrack module (No such file or directory)
11-23 18:30:50.039  2242  2242 E android.os.Debug: failed to load memtrack module: -2
11-23 18:30:50.040  2242  2242 I Radio-JNI: register_android_hardware_Radio DONE
11-23 18:30:50.069  2242  2242 D AndroidRuntime: Calling main entry com.android.commands.pm.Pm
11-23 18:30:50.230  2188  2199 I art     : HomogeneousSpaceCompact marksweep + semispace GC freed 5111(373KB) AllocSpace objects, 0(0B) LOS objects, 39% free, 2007KB/3MB, paused 6.212s total 1.917s
11-23 18:30:50.548  1239  1265 I PackageManager.DexOptimizer: Running dexopt (dex2oat) on: /data/app/vmdl892375188.tmp/base.apk pkg=br.com.catbag.gifreduxsample.test isa=x86 vmSafeMode=false debuggable=true target-filter=interpret-only oatDir = /data/app/vmdl892375188.tmp/oat sharedLibraries=/system/framework/android.test.runner.jar
11-23 18:30:50.629  2268  2268 W dex2oat : Unexpected CPU variant for X86 using defaults: x86
11-23 18:30:50.630  2268  2268 W dex2oat : Mismatch between dex2oat instruction set features (ISA: X86 Feature string: smp,-ssse3,-sse4.1,-sse4.2,-avx,-avx2,-lock_add,-popcnt) and those of dex2oat executable (ISA: X86 Feature string: smp,ssse3,-sse4.1,-sse4.2,-avx,-avx2,-lock_add,-popcnt) for the command line:
11-23 18:30:50.630  2268  2268 W dex2oat : /system/bin/dex2oat --zip-fd=6 --zip-location=base.apk --oat-fd=7 --oat-location=/data/app/vmdl892375188.tmp/oat/x86/base.odex --instruction-set=x86 --instruction-set-variant=x86 --instruction-set-features=default --runtime-arg -Xms64m --runtime-arg -Xmx512m --compiler-filter=interpret-only --swap-fd=9 --debuggable --runtime-arg -classpath --runtime-arg /system/framework/android.test.runner.jar
11-23 18:30:50.631  2268  2268 I dex2oat : /system/bin/dex2oat --compiler-filter=interpret-only --debuggable
11-23 18:31:00.184  2268  2268 W dex2oat : Verification of void com.android.dx.dex.file.MixedItemSection.writeIndexAnnotation(com.android.dx.util.AnnotatedOutput, com.android.dx.dex.file.ItemType, java.lang.String) took 147.232ms
11-23 18:31:22.932  2268  2268 W dex2oat : Compilation of android.support.test.espresso.core.deps.guava.net.MediaType android.support.test.espresso.core.deps.guava.net.MediaType.withParameters(android.support.test.espresso.core.deps.guava.collect.Multimap) took 161.142ms
11-23 18:31:27.990  2268  2268 W dex2oat : Compilation of java.lang.String net.bytebuddy.matcher.MethodSortMatcher$Sort.toString() took 172.086ms
11-23 18:31:30.344  2268  2268 I dex2oat : dex2oat took 39.714s (threads: 1) arena alloc=824B (824B) java alloc=3MB (3868560B) native alloc=6MB (6969856B) free=2MB (2467328B)
11-23 18:31:30.738  1239  1265 V BackupManagerService: restoreAtInstall pkg=br.com.catbag.gifreduxsample.test token=2 restoreSet=0
11-23 18:31:30.739  1239  1265 W BackupManagerService: Requested unavailable transport: android/com.android.internal.backup.LocalTransport
11-23 18:31:30.739  1239  1265 W BackupManagerService: No transport
11-23 18:31:30.739  1239  1265 V BackupManagerService: Finishing install immediately
11-23 18:31:30.850  1239  1265 I art     : Starting a blocking GC Explicit
11-23 18:31:31.029  1239  1265 I art     : Explicit concurrent mark sweep GC freed 37758(2MB) AllocSpace objects, 12(288KB) LOS objects, 33% free, 6MB/10MB, paused 7.832ms total 171.431ms
11-23 18:31:31.042   992   992 E         : Couldn't opendir /data/app/vmdl892375188.tmp: No such file or directory
11-23 18:31:31.161  1239  1279 I InputReader: Reconfiguring input devices.  changes=0x00000010
11-23 18:31:31.180  2242  2242 I art     : System.exit called, status: 0
11-23 18:31:31.180  2242  2242 I AndroidRuntime: VM exiting with result code 0.
11-23 18:31:31.626  1450  1450 D CarrierSvcBindHelper: No carrier app for: 0
11-23 18:31:31.636  1239  1252 W VoiceInteractionManagerService: no available voice recognition services found for user 0
11-23 18:31:31.637  1239  1252 W LocationProviderProxy-network: Odd, no component found for service com.android.location.service.v3.NetworkLocationProvider
11-23 18:31:31.638  1450  1450 D CarrierConfigLoader: mHandler: 9 phoneId: 0
11-23 18:31:31.648  1239  1252 W GeocoderProxy: Odd, no component found for service com.android.location.service.GeocodeProvider
11-23 18:31:31.649  1239  1252 W GeofenceProxy: Odd, no component found for service com.android.location.service.GeofenceProvider
11-23 18:31:31.650  1239  1252 W ActivityRecognitionProxy: Odd, no component found for service com.android.location.service.ActivityRecognitionProvider
11-23 18:31:32.181  2273  2273 D AndroidRuntime: >>>>>> START com.android.internal.os.RuntimeInit uid 2000 <<<<<<
11-23 18:31:32.184  2273  2273 D AndroidRuntime: CheckJNI is ON
11-23 18:31:32.286  2273  2273 W art     : Unexpected CPU variant for X86 using defaults: x86
11-23 18:31:32.313  2273  2273 D ICU     : No timezone override file found: /data/misc/zoneinfo/current/icu/icu_tzdata.dat
11-23 18:31:32.365  2273  2273 E memtrack: Couldn't load memtrack module (No such file or directory)
11-23 18:31:32.365  2273  2273 E android.os.Debug: failed to load memtrack module: -2
11-23 18:31:32.376  2273  2273 I Radio-JNI: register_android_hardware_Radio DONE
11-23 18:31:32.424  2273  2273 D AndroidRuntime: Calling main entry com.android.commands.am.Am
11-23 18:31:32.460  1239  1773 I ActivityManager: Force stopping br.com.catbag.gifreduxsample appid=10060 user=0: start instr
11-23 18:31:32.504  2283  2283 I art     : Not late-enabling -Xcheck:jni (already on)
11-23 18:31:32.535  1239  1773 W ActivityManager: Slow operation: 52ms so far, now at startProcess: building log message
11-23 18:31:32.535  1239  1773 I ActivityManager: Start proc 2283:br.com.catbag.gifreduxsample/u0a60 for added application br.com.catbag.gifreduxsample
11-23 18:31:32.536  1239  1773 W ActivityManager: Slow operation: 53ms so far, now at startProcess: starting to update pids map
11-23 18:31:32.551  1239  1773 W ActivityManager: Slow operation: 53ms so far, now at startProcess: done updating pids map
11-23 18:31:32.559  2283  2283 W art     : Unexpected CPU variant for X86 using defaults: x86
11-23 18:31:32.640  2283  2283 W System  : ClassLoader referenced unknown path: /data/app/br.com.catbag.gifreduxsample.test-1/lib/x86
11-23 18:31:32.661  2283  2283 W System  : ClassLoader referenced unknown path: 
11-23 18:31:32.783  2283  2283 W System.err: java.io.FileNotFoundException: /jacoco.exec (Read-only file system)
11-23 18:31:32.786  2283  2283 W System.err: 	at java.io.FileOutputStream.open(Native Method)
11-23 18:31:32.808  2283  2283 W System.err: 	at java.io.FileOutputStream.<init>(FileOutputStream.java:221)
11-23 18:31:32.808  2283  2283 W System.err: 	at org.jacoco.agent.rt.internal_e6e56f0.output.FileOutput.openFile(FileOutput.java:67)
11-23 18:31:32.808  2283  2283 W System.err: 	at org.jacoco.agent.rt.internal_e6e56f0.output.FileOutput.startup(FileOutput.java:49)
11-23 18:31:32.808  2283  2283 W System.err: 	at org.jacoco.agent.rt.internal_e6e56f0.Agent.startup(Agent.java:122)
11-23 18:31:32.809  2283  2283 W System.err: 	at org.jacoco.agent.rt.internal_e6e56f0.Agent.getInstance(Agent.java:50)
11-23 18:31:32.809  2283  2283 W System.err: 	at org.jacoco.agent.rt.internal_e6e56f0.Offline.<clinit>(Offline.java:31)
11-23 18:31:32.809  2283  2283 W System.err: 	at org.jacoco.agent.rt.internal_e6e56f0.Offline.getProbes(Offline.java:51)
11-23 18:31:32.809  2283  2283 W System.err: 	at br.com.catbag.gifreduxsample.MyApp.$jacocoInit(MyApp.java)
11-23 18:31:32.809  2283  2283 W System.err: 	at br.com.catbag.gifreduxsample.MyApp.<clinit>(MyApp.java)
11-23 18:31:32.810  2283  2283 W System.err: 	at java.lang.Class.newInstance(Native Method)
11-23 18:31:32.810  2283  2283 W System.err: 	at android.app.Instrumentation.newApplication(Instrumentation.java:1007)
11-23 18:31:32.810  2283  2283 W System.err: 	at android.app.Instrumentation.newApplication(Instrumentation.java:992)
11-23 18:31:32.810  2283  2283 W System.err: 	at android.app.LoadedApk.makeApplication(LoadedApk.java:796)
11-23 18:31:32.810  2283  2283 W System.err: 	at android.app.ActivityThread.handleBindApplication(ActivityThread.java:5335)
11-23 18:31:32.810  2283  2283 W System.err: 	at android.app.ActivityThread.-wrap2(ActivityThread.java)
11-23 18:31:32.811  2283  2283 W System.err: 	at android.app.ActivityThread$H.handleMessage(ActivityThread.java:1528)
11-23 18:31:32.811  2283  2283 W System.err: 	at android.os.Handler.dispatchMessage(Handler.java:102)
11-23 18:31:32.811  2283  2283 W System.err: 	at android.os.Looper.loop(Looper.java:154)
11-23 18:31:32.811  2283  2283 W System.err: 	at android.app.ActivityThread.main(ActivityThread.java:6077)
11-23 18:31:32.811  2283  2283 W System.err: 	at java.lang.reflect.Method.invoke(Native Method)
11-23 18:31:32.812  2283  2283 W System.err: 	at com.android.internal.os.ZygoteInit$MethodAndArgsCaller.run(ZygoteInit.java:865)
11-23 18:31:32.812  2283  2283 W System.err: 	at com.android.internal.os.ZygoteInit.main(ZygoteInit.java:755)
11-23 18:31:32.853  2283  2283 I MonitoringInstrumentation: Instrumentation Started!
11-23 18:31:32.914  2283  2283 I MonitoringInstrumentation: Setting context classloader to 'dalvik.system.PathClassLoader[DexPathList[[zip file "/system/framework/android.test.runner.jar", zip file "/data/app/br.com.catbag.gifreduxsample.test-1/base.apk", zip file "/data/app/br.com.catbag.gifreduxsample-1/base.apk"],nativeLibraryDirectories=[/data/app/br.com.catbag.gifreduxsample.test-1/lib/x86, /data/app/br.com.catbag.gifreduxsample-1/lib/x86, /system/fake-libs, /data/app/br.com.catbag.gifreduxsample.test-1/base.apk!/lib/x86, /data/app/br.com.catbag.gifreduxsample-1/base.apk!/lib/x86, /system/lib, /vendor/lib]]]', Original: 'dalvik.system.PathClassLoader[DexPathList[[zip file "/system/framework/android.test.runner.jar", zip file "/data/app/br.com.catbag.gifreduxsample.test-1/base.apk", zip file "/data/app/br.com.catbag.gifreduxsample-1/base.apk"],nativeLibraryDirectories=[/data/app/br.com.catbag.gifreduxsample.test-1/lib/x86, /data/app/br.com.catbag.gifreduxsample-1/lib/x86, /system/fake-libs, /data/app/br.com.catbag.gifreduxsample.test-1/base.apk!/lib/x86, /data/app/br.com.catbag.gifreduxsample-1/base.apk!/lib/x86, /system/lib, /vendor/lib]]]'
11-23 18:31:33.091  2283  2283 D NetworkSecurityConfig: No Network Security Config specified, using platform default
11-23 18:31:33.206  2283  2283 I MonitoringInstrumentation: No JSBridge.
11-23 18:31:33.256  2283  2299 I UsageTrackerFacilitator: Usage tracking enabled
11-23 18:31:33.270  2283  2299 I TestRequestBuilder: Scanning classpath to find tests in apks [/data/app/br.com.catbag.gifreduxsample.test-1/base.apk]
11-23 18:31:34.436  2283  2299 I art     : Rejecting re-init on previously-failed class java.lang.Class<org.objectweb.asm.commons.JSRInlinerAdapter>: java.lang.NoClassDefFoundError: Failed resolution of: Lorg/objectweb/asm/tree/MethodNode;
11-23 18:31:34.436  2283  2299 I art     :   at java.lang.Class java.lang.Class.classForName!(java.lang.String, boolean, java.lang.ClassLoader) (Class.java:-2)
11-23 18:31:34.437  2283  2299 I art     :   at java.lang.Class java.lang.Class.forName(java.lang.String, boolean, java.lang.ClassLoader) (Class.java:400)
11-23 18:31:34.437  2283  2299 I art     :   at java.lang.Class android.support.test.internal.runner.TestLoader.doLoadClass(java.lang.String) (TestLoader.java:92)
11-23 18:31:34.437  2283  2299 I art     :   at java.lang.Class android.support.test.internal.runner.TestLoader.loadIfTest(java.lang.String) (TestLoader.java:113)
11-23 18:31:34.437  2283  2299 I art     :   at void android.support.test.internal.runner.TestRequestBuilder.loadClassesFromClassPath(android.support.test.internal.runner.TestLoader, java.util.Set) (TestRequestBuilder.java:801)
11-23 18:31:34.439  2283  2299 I art     :   at android.support.test.internal.runner.TestRequest android.support.test.internal.runner.TestRequestBuilder.build() (TestRequestBuilder.java:747)
11-23 18:31:34.440  2283  2299 I art     :   at android.support.test.internal.runner.TestRequest android.support.test.runner.AndroidJUnitRunner.buildRequest(android.support.test.internal.runner.RunnerArgs, android.os.Bundle) (AndroidJUnitRunner.java:354)
11-23 18:31:34.440  2283  2299 I art     :   at void android.support.test.runner.AndroidJUnitRunner.onStart() (AndroidJUnitRunner.java:260)
11-23 18:31:34.440  2283  2299 I art     :   at void android.app.Instrumentation$InstrumentationThread.run() (Instrumentation.java:1932)
11-23 18:31:34.440  2283  2299 I art     : Caused by: java.lang.ClassNotFoundException: Didn't find class "org.objectweb.asm.tree.MethodNode" on path: DexPathList[[zip file "/system/framework/android.test.runner.jar", zip file "/data/app/br.com.catbag.gifreduxsample.test-1/base.apk", zip file "/data/app/br.com.catbag.gifreduxsample-1/base.apk"],nativeLibraryDirectories=[/data/app/br.com.catbag.gifreduxsample.test-1/lib/x86, /data/app/br.com.catbag.gifreduxsample-1/lib/x86, /system/fake-libs, /data/app/br.com.catbag.gifreduxsample.test-1/base.apk!/lib/x86, /data/app/br.com.catbag.gifreduxsample-1/base.apk!/lib/x86, /system/lib, /vendor/lib]]
11-23 18:31:34.440  2283  2299 I art     :   at java.lang.Class dalvik.system.BaseDexClassLoader.findClass(java.lang.String) (BaseDexClassLoader.java:56)
11-23 18:31:34.440  2283  2299 I art     :   at java.lang.Class java.lang.ClassLoader.loadClass(java.lang.String, boolean) (ClassLoader.java:380)
11-23 18:31:34.440  2283  2299 I art     :   at java.lang.Class java.lang.ClassLoader.loadClass(java.lang.String) (ClassLoader.java:312)
11-23 18:31:34.441  2283  2299 I art     :   at java.lang.Class java.lang.Class.classForName!(java.lang.String, boolean, java.lang.ClassLoader) (Class.java:-2)
11-23 18:31:34.441  2283  2299 I art     :   at java.lang.Class java.lang.Class.forName(java.lang.String, boolean, java.lang.ClassLoader) (Class.java:400)
11-23 18:31:34.441  2283  2299 I art     :   at java.lang.Class android.support.test.internal.runner.TestLoader.doLoadClass(java.lang.String) (TestLoader.java:92)
11-23 18:31:34.442  2283  2299 I art     :   at java.lang.Class android.support.test.internal.runner.TestLoader.loadIfTest(java.lang.String) (TestLoader.java:113)
11-23 18:31:34.442  2283  2299 I art     :   at void android.support.test.internal.runner.TestRequestBuilder.loadClassesFromClassPath(android.support.test.internal.runner.TestLoader, java.util.Set) (TestRequestBuilder.java:801)
11-23 18:31:34.442  2283  2299 I art     :   at android.support.test.internal.runner.TestRequest android.support.test.internal.runner.TestRequestBuilder.build() (TestRequestBuilder.java:747)
11-23 18:31:34.442  2283  2299 I art     :   at android.support.test.internal.runner.TestRequest android.support.test.runner.AndroidJUnitRunner.buildRequest(android.support.test.internal.runner.RunnerArgs, android.os.Bundle) (AndroidJUnitRunner.java:354)
11-23 18:31:34.443  2283  2299 I art     :   at void android.support.test.runner.AndroidJUnitRunner.onStart() (AndroidJUnitRunner.java:260)
11-23 18:31:34.443  2283  2299 I art     :   at void android.app.Instrumentation$InstrumentationThread.run() (Instrumentation.java:1932)
11-23 18:31:34.443  2283  2299 I art     : 
11-23 18:31:34.443  2283  2299 E TestLoader: Could not find class: org.objectweb.asm.commons.JSRInlinerAdapter
11-23 18:31:34.496  2283  2299 I art     : Rejecting re-init on previously-failed class java.lang.Class<org.objectweb.asm.commons.TryCatchBlockSorter>: java.lang.NoClassDefFoundError: Failed resolution of: Lorg/objectweb/asm/tree/MethodNode;
11-23 18:31:34.496  2283  2299 I art     :   at java.lang.Class java.lang.Class.classForName!(java.lang.String, boolean, java.lang.ClassLoader) (Class.java:-2)
11-23 18:31:34.496  2283  2299 I art     :   at java.lang.Class java.lang.Class.forName(java.lang.String, boolean, java.lang.ClassLoader) (Class.java:400)
11-23 18:31:34.496  2283  2299 I art     :   at java.lang.Class android.support.test.internal.runner.TestLoader.doLoadClass(java.lang.String) (TestLoader.java:92)
11-23 18:31:34.496  2283  2299 I art     :   at java.lang.Class android.support.test.internal.runner.TestLoader.loadIfTest(java.lang.String) (TestLoader.java:113)
11-23 18:31:34.496  2283  2299 I art     :   at void android.support.test.internal.runner.TestRequestBuilder.loadClassesFromClassPath(android.support.test.internal.runner.TestLoader, java.util.Set) (TestRequestBuilder.java:801)
11-23 18:31:34.497  2283  2299 I art     :   at android.support.test.internal.runner.TestRequest android.support.test.internal.runner.TestRequestBuilder.build() (TestRequestBuilder.java:747)
11-23 18:31:34.497  2283  2299 I art     :   at android.support.test.internal.runner.TestRequest android.support.test.runner.AndroidJUnitRunner.buildRequest(android.support.test.internal.runner.RunnerArgs, android.os.Bundle) (AndroidJUnitRunner.java:354)
11-23 18:31:34.499  2283  2299 I art     :   at void android.support.test.runner.AndroidJUnitRunner.onStart() (AndroidJUnitRunner.java:260)
11-23 18:31:34.500  2283  2299 I art     :   at void android.app.Instrumentation$InstrumentationThread.run() (Instrumentation.java:1932)
11-23 18:31:34.501  2283  2299 I art     : Caused by: java.lang.ClassNotFoundException: Didn't find class "org.objectweb.asm.tree.MethodNode" on path: DexPathList[[zip file "/system/framework/android.test.runner.jar", zip file "/data/app/br.com.catbag.gifreduxsample.test-1/base.apk", zip file "/data/app/br.com.catbag.gifreduxsample-1/base.apk"],nativeLibraryDirectories=[/data/app/br.com.catbag.gifreduxsample.test-1/lib/x86, /data/app/br.com.catbag.gifreduxsample-1/lib/x86, /system/fake-libs, /data/app/br.com.catbag.gifreduxsample.test-1/base.apk!/lib/x86, /data/app/br.com.catbag.gifreduxsample-1/base.apk!/lib/x86, /system/lib, /vendor/lib]]
11-23 18:31:34.501  2283  2299 I art     :   at java.lang.Class dalvik.system.BaseDexClassLoader.findClass(java.lang.String) (BaseDexClassLoader.java:56)
11-23 18:31:34.501  2283  2299 I art     :   at java.lang.Class java.lang.ClassLoader.loadClass(java.lang.String, boolean) (ClassLoader.java:380)
11-23 18:31:34.501  2283  2299 I art     :   at java.lang.Class java.lang.ClassLoader.loadClass(java.lang.String) (ClassLoader.java:312)
11-23 18:31:34.501  2283  2299 I art     :   at java.lang.Class java.lang.Class.classForName!(java.lang.String, boolean, java.lang.ClassLoader) (Class.java:-2)
11-23 18:31:34.502  2283  2299 I art     :   at java.lang.Class java.lang.Class.forName(java.lang.String, boolean, java.lang.ClassLoader) (Class.java:400)
11-23 18:31:34.502  2283  2299 I art     :   at java.lang.Class android.support.test.internal.runner.TestLoader.doLoadClass(java.lang.String) (TestLoader.java:92)
11-23 18:31:34.502  2283  2299 I art     :   at java.lang.Class android.support.test.internal.runner.TestLoader.loadIfTest(java.lang.String) (TestLoader.java:113)
11-23 18:31:34.503  2283  2299 I art     :   at void android.support.test.internal.runner.TestRequestBuilder.loadClassesFromClassPath(android.support.test.internal.runner.TestLoader, java.util.Set) (TestRequestBuilder.java:801)
11-23 18:31:34.503  2283  2299 I art     :   at android.support.test.internal.runner.TestRequest android.support.test.internal.runner.TestRequestBuilder.build() (TestRequestBuilder.java:747)
11-23 18:31:34.503  2283  2299 I art     :   at android.support.test.internal.runner.TestRequest android.support.test.runner.AndroidJUnitRunner.buildRequest(android.support.test.internal.runner.RunnerArgs, android.os.Bundle) (AndroidJUnitRunner.java:354)
11-23 18:31:34.503  2283  2299 I art     :   at void android.support.test.runner.AndroidJUnitRunner.onStart() (AndroidJUnitRunner.java:260)
11-23 18:31:34.504  2283  2299 I art     :   at void android.app.Instrumentation$InstrumentationThread.run() (Instrumentation.java:1932)
11-23 18:31:34.504  2283  2299 I art     : 
11-23 18:31:34.510  2283  2299 E TestLoader: Could not find class: org.objectweb.asm.commons.TryCatchBlockSorter
11-23 18:31:34.648  2283  2299 D TestExecutor: Adding listener android.support.test.internal.runner.listener.LogRunListener
11-23 18:31:34.650  2283  2299 D TestExecutor: Adding listener android.support.test.internal.runner.listener.InstrumentationResultPrinter
11-23 18:31:34.651  2283  2299 D TestExecutor: Adding listener android.support.test.internal.runner.listener.ActivityFinisherRunListener
11-23 18:31:34.651  2283  2299 D TestExecutor: Adding listener android.support.test.internal.runner.listener.CoverageListener
11-23 18:31:34.660  2283  2299 I TestRunner: run started: 15 tests
11-23 18:31:34.696  2283  2299 I TestRunner: started: whenAppStateSavedSeveralTime(br.com.catbag.gifreduxsample.asyncs.data.DataManagerTest)
11-23 18:31:34.743  2283  2283 I MonitoringInstrumentation: Activities that are still in CREATED to STOPPED: 0
11-23 18:31:34.792  2283  2294 I art     : Background sticky concurrent mark sweep GC freed 115498(4MB) AllocSpace objects, 0(0B) LOS objects, 33% free, 4MB/6MB, paused 12.505ms total 899.768ms
11-23 18:31:35.220  2283  2302 W Java7Support: Unable to load JDK7 types (annotations, java.nio.file.Path): no Java7 support added
11-23 18:31:35.644  1239  1326 I ActivityManager: Killing 1702:com.android.sdksetup/u0a16 (adj 906): empty #17
11-23 18:31:36.036  2283  2299 I TestRunner: finished: whenAppStateSavedSeveralTime(br.com.catbag.gifreduxsample.asyncs.data.DataManagerTest)
11-23 18:31:36.053  2283  2283 I MonitoringInstrumentation: Activities that are still in CREATED to STOPPED: 0
11-23 18:31:36.055  2283  2299 I TestRunner: started: whenAppStateSavedOnceTime(br.com.catbag.gifreduxsample.asyncs.data.DataManagerTest)
11-23 18:31:36.062  2283  2283 I MonitoringInstrumentation: Activities that are still in CREATED to STOPPED: 0
11-23 18:31:36.426  2283  2294 I art     : Background partial concurrent mark sweep GC freed 64429(2MB) AllocSpace objects, 0(0B) LOS objects, 39% free, 3MB/5MB, paused 22.365ms total 173.487ms
11-23 18:31:36.784  2283  2299 I TestRunner: finished: whenAppStateSavedOnceTime(br.com.catbag.gifreduxsample.asyncs.data.DataManagerTest)
11-23 18:31:36.811  2283  2283 I MonitoringInstrumentation: Activities that are still in CREATED to STOPPED: 0
11-23 18:31:36.814  2283  2299 I TestRunner: started: whenUnsavedAppStateIsLoaded(br.com.catbag.gifreduxsample.asyncs.data.DataManagerTest)
11-23 18:31:36.843  2283  2283 I MonitoringInstrumentation: Activities that are still in CREATED to STOPPED: 0
11-23 18:31:37.025  2283  2299 I TestRunner: finished: whenUnsavedAppStateIsLoaded(br.com.catbag.gifreduxsample.asyncs.data.DataManagerTest)
11-23 18:31:37.043  2283  2283 I MonitoringInstrumentation: Activities that are still in CREATED to STOPPED: 0
11-23 18:31:37.046  2283  2299 I TestRunner: started: whenSavedAppStateIsLoaded(br.com.catbag.gifreduxsample.asyncs.data.DataManagerTest)
11-23 18:31:37.050  2283  2283 I MonitoringInstrumentation: Activities that are still in CREATED to STOPPED: 0
11-23 18:31:37.081  2283  2308 E DataManager: appstate not loaded
11-23 18:31:37.081  2283  2308 E DataManager: com.snappydb.SnappydbException: Failed to get a String: NotFound: 
11-23 18:31:37.081  2283  2308 E DataManager: 	at com.snappydb.internal.DBImpl.__get(Native Method)
11-23 18:31:37.081  2283  2308 E DataManager: 	at com.snappydb.internal.DBImpl.get(DBImpl.java:348)
11-23 18:31:37.081  2283  2308 E DataManager: 	at br.com.catbag.gifreduxsample.asyncs.data.storage.Database.getAppState(Database.java:29)
11-23 18:31:37.081  2283  2308 E DataManager: 	at br.com.catbag.gifreduxsample.asyncs.data.DataManager.lambda$loadAppState$0(DataManager.java:61)
11-23 18:31:37.081  2283  2308 E DataManager: 	at br.com.catbag.gifreduxsample.asyncs.data.DataManager$$Lambda$1.run(Unknown Source)
11-23 18:31:37.081  2283  2308 E DataManager: 	at java.lang.Thread.run(Thread.java:761)
11-23 18:31:37.406  2283  2299 I TestRunner: finished: whenSavedAppStateIsLoaded(br.com.catbag.gifreduxsample.asyncs.data.DataManagerTest)
11-23 18:31:37.422  2283  2283 I MonitoringInstrumentation: Activities that are still in CREATED to STOPPED: 0
11-23 18:31:37.461  2283  2299 I TestRunner: started: whenScrollDownAndPlayLastItemTest(br.com.catbag.gifreduxsample.ui.giflist.GifListActivityTest)
11-23 18:31:37.465  2283  2283 I MonitoringInstrumentation: Activities that are still in CREATED to STOPPED: 0
11-23 18:31:38.030  2312  2312 W dex2oat : Unexpected CPU variant for X86 using defaults: x86
11-23 18:31:38.031  2312  2312 W dex2oat : Mismatch between dex2oat instruction set features (ISA: X86 Feature string: smp,-ssse3,-sse4.1,-sse4.2,-avx,-avx2,-lock_add,-popcnt) and those of dex2oat executable (ISA: X86 Feature string: smp,ssse3,-sse4.1,-sse4.2,-avx,-avx2,-lock_add,-popcnt) for the command line:
11-23 18:31:38.031  2312  2312 W dex2oat : /system/bin/dex2oat --runtime-arg -classpath --runtime-arg & --instruction-set=x86 --instruction-set-features=smp,ssse3,-sse4.1,-sse4.2,-avx,-avx2,-lock_add,-popcnt --runtime-arg -Xrelocate --boot-image=/system/framework/boot.art --runtime-arg -Xms64m --runtime-arg -Xmx512m --instruction-set-variant=x86 --instruction-set-features=default --dex-file=/data/user/0/br.com.catbag.gifreduxsample/app_dxmaker_cache/Generated_1497766805.jar --oat-fd=38 --oat-location=/data/user/0/br.com.catbag.gifreduxsample/app_dxmaker_cache/Generated_1497766805.dex --compiler-filter=speed
11-23 18:31:38.032  2312  2312 I dex2oat : /system/bin/dex2oat --dex-file=/data/user/0/br.com.catbag.gifreduxsample/app_dxmaker_cache/Generated_1497766805.jar --oat-fd=38 --oat-location=/data/user/0/br.com.catbag.gifreduxsample/app_dxmaker_cache/Generated_1497766805.dex --compiler-filter=speed
11-23 18:31:38.305  2312  2312 I dex2oat : dex2oat took 275.292ms (threads: 1) arena alloc=41KB (42016B) java alloc=28KB (28768B) native alloc=736KB (753768B) free=799KB (819096B)
11-23 18:31:38.368  1239  1251 D VoldConnector: SND -> {29 volume mkdirs /storage/emulated/0/Android/data/br.com.catbag.gifreduxsample/cache/}
11-23 18:31:38.389  1239  1281 D VoldConnector: RCV <- {200 29 Command succeeded}
11-23 18:31:38.405  2283  2300 I DroidFlux:Dispatcher: [STARTED] dispatch of action [FAKE_REDUCE_ACTION]
11-23 18:31:38.433  2283  2300 I DroidFlux:Dispatcher: [COMPLETED] dispatch of action [FAKE_REDUCE_ACTION]
11-23 18:31:38.444  2283  2311 D ActivityTestRule: Launching activity br.com.catbag.gifreduxsample.ui.GifListActivity
11-23 18:31:38.474  2283  2314 D MonitoringInstrumentation: execStartActivity(context, ibinder, ibinder, activity, intent, int, bundle
11-23 18:31:38.486  1239  1773 I ActivityManager: START u0 {flg=0x14000000 cmp=br.com.catbag.gifreduxsample/.ui.GifListActivity} from uid 10060 on display 0
11-23 18:31:39.263  2283  2283 D LifecycleMonitor: Lifecycle status change: br.com.catbag.gifreduxsample.ui.GifListActivity@fae7257 in: PRE_ON_CREATE
11-23 18:31:39.346  1239  1260 I Choreographer: Skipped 54 frames!  The application may be doing too much work on its main thread.
11-23 18:31:39.531  2283  2294 W art     : Suspending all threads took: 77.843ms
11-23 18:31:39.631  1239  1260 I Choreographer: Skipped 43 frames!  The application may be doing too much work on its main thread.
11-23 18:31:39.748  2283  2294 I art     : Background sticky concurrent mark sweep GC freed 31861(1441KB) AllocSpace objects, 2(40KB) LOS objects, 30% free, 4MB/5MB, paused 98.239ms total 795.420ms
11-23 18:31:39.778  1716  1716 I Choreographer: Skipped 65 frames!  The application may be doing too much work on its main thread.
11-23 18:31:39.880  1239  1260 I Choreographer: Skipped 62 frames!  The application may be doing too much work on its main thread.
11-23 18:31:40.635  2283  2283 D LifecycleMonitor: Lifecycle status change: br.com.catbag.gifreduxsample.ui.GifListActivity@fae7257 in: CREATED
11-23 18:31:40.640  2283  2300 I DroidFlux:Dispatcher: [STARTED] dispatch of action [APP_STATE_LOAD]
11-23 18:31:40.643  2283  2300 D DroidFlux:Dispatcher: An action of type [APP_STATE_LOAD] was dispatched, but no reducer handled it
11-23 18:31:40.643  2283  2300 I DroidFlux:Dispatcher: [COMPLETED] dispatch of action [APP_STATE_LOAD]
11-23 18:31:40.644  2283  2283 D LifecycleMonitor: Lifecycle status change: br.com.catbag.gifreduxsample.ui.GifListActivity@fae7257 in: STARTED
11-23 18:31:40.653  2283  2283 D LifecycleMonitor: Lifecycle status change: br.com.catbag.gifreduxsample.ui.GifListActivity@fae7257 in: RESUMED
11-23 18:31:41.196  2283  2283 I Choreographer: Skipped 34 frames!  The application may be doing too much work on its main thread.
11-23 18:31:41.224  2283  2283 D gralloc_ranchu: Emulator without host-side GPU emulation detected.
11-23 18:31:41.601  1239  1260 I ActivityManager: Displayed br.com.catbag.gifreduxsample/.ui.GifListActivity: +2s744ms
11-23 18:31:41.801  1239  1327 E TaskPersister: File error accessing recents directory (directory doesn't exist?).
11-23 18:31:41.847  2283  2311 D InputManagerEventInjectionStrategy: Creating injection strategy with input manager.
11-23 18:31:41.932  2283  2283 I Choreographer: Skipped 125 frames!  The application may be doing too much work on its main thread.
11-23 18:31:41.981  1239  1260 I WindowManager: Destroying surface Surface(name=Starting br.com.catbag.gifreduxsample) called by com.android.server.wm.WindowStateAnimator.destroySurface:2014 com.android.server.wm.WindowStateAnimator.destroySurfaceLocked:881 com.android.server.wm.WindowState.destroyOrSaveSurface:2073 com.android.server.wm.AppWindowToken.destroySurfaces:363 com.android.server.wm.WindowStateAnimator.finishExit:565 com.android.server.wm.WindowStateAnimator.stepAnimationLocked:491 com.android.server.wm.WindowAnimator.updateWindowsLocked:303 com.android.server.wm.WindowAnimator.animateLocked:704 
11-23 18:31:42.186  2283  2283 W ResourceType: No package identifier when getting name for resource number 0x00000001
11-23 18:31:42.192  2283  2283 I ViewInteraction: Performing 'scroll RecyclerView to position: 4' action on view with id: 1 (resource name not found)
11-23 18:31:42.422  2283  2294 I art     : Background partial concurrent mark sweep GC freed 4140(468KB) AllocSpace objects, 0(0B) LOS objects, 39% free, 5MB/9MB, paused 9.776ms total 139.510ms
11-23 18:31:42.624  2283  2288 I art     : Do partial code cache collection, code=26KB, data=30KB
11-23 18:31:42.627  2283  2288 I art     : After code cache collection, code=23KB, data=29KB
11-23 18:31:42.627  2283  2288 I art     : Increasing code cache capacity to 128KB
11-23 18:31:42.656  2283  2283 W ResourceType: No package identifier when getting name for resource number 0x00000001
11-23 18:31:42.768  2283  2283 W ResourceType: No package identifier when getting name for resource number 0x00000004
11-23 18:31:42.769  2283  2283 I ViewInteraction: Performing 'single click' action on view with id: 4 (resource name not found)
11-23 18:31:43.016  1239  1323 D LightsService: Excessive delay setting light: 138ms
11-23 18:31:43.167  2283  2283 I Choreographer: Skipped 73 frames!  The application may be doing too much work on its main thread.
11-23 18:31:43.333  2283  2300 I DroidFlux:Dispatcher: [STARTED] dispatch of action [GIF_PLAY]
11-23 18:31:43.337  2283  2300 I DroidFlux:Dispatcher: [COMPLETED] dispatch of action [GIF_PLAY]
11-23 18:31:43.433  1716  1716 I Choreographer: Skipped 308 frames!  The application may be doing too much work on its main thread.
11-23 18:31:43.442  1239  1313 W AudioTrack: AUDIO_OUTPUT_FLAG_FAST denied by client; transfer 4, track 48000 Hz, output 44100 Hz
11-23 18:31:43.611   989  1026 D AudioFlinger: mixer(0xa6f83240) throttle end: throttle time(5)
11-23 18:31:43.628   989  1026 D AudioFlinger: mixer(0xa6f83240) throttle end: throttle time(10)
11-23 18:31:43.845  1239  1907 I WindowManager: Destroying surface Surface(name=com.android.launcher3/com.android.launcher3.Launcher) called by com.android.server.wm.WindowStateAnimator.destroySurface:2014 com.android.server.wm.WindowStateAnimator.destroySurfaceLocked:881 com.android.server.wm.WindowState.destroyOrSaveSurface:2073 com.android.server.wm.AppWindowToken.destroySurfaces:363 com.android.server.wm.AppWindowToken.notifyAppStopped:389 com.android.server.wm.WindowManagerService.notifyAppStopped:4456 com.android.server.am.ActivityStack.activityStoppedLocked:1252 com.android.server.am.ActivityManagerService.activityStopped:6873 
11-23 18:31:44.095  2283  2299 I TestRunner: finished: whenScrollDownAndPlayLastItemTest(br.com.catbag.gifreduxsample.ui.giflist.GifListActivityTest)
11-23 18:31:44.152  2283  2283 D LifecycleMonitor: Lifecycle status change: br.com.catbag.gifreduxsample.ui.GifListActivity@fae7257 in: PAUSED
11-23 18:31:44.236   978   978 D gralloc : Registering a buffer in the process that created it. This may cause memory ordering problems.
11-23 18:31:44.240   978   978 E libEGL  : called unimplemented OpenGL ES API
11-23 18:31:44.241   978   978 E SurfaceFlinger: glCheckFramebufferStatusOES error 2095471427
11-23 18:31:44.241   978   978 E SurfaceFlinger: got GL_FRAMEBUFFER_COMPLETE_OES error while taking screenshot
11-23 18:31:44.245  1239  1907 W WindowManager: Screenshot failure taking screenshot for (480x800) to layer 21005
11-23 18:31:44.274  2283  2283 I MonitoringInstrumentation: Activities that are still in CREATED to STOPPED: 1
11-23 18:31:44.274  2283  2283 I Choreographer: Skipped 31 frames!  The application may be doing too much work on its main thread.
11-23 18:31:44.276  2283  2299 I TestRunner: started: whenGifIsNotWatchedTest(br.com.catbag.gifreduxsample.ui.giflist.GifListActivityTest)
11-23 18:31:44.290  2283  2283 I MonitoringInstrumentation: Activities that are still in CREATED to STOPPED: 1
11-23 18:31:44.322  1239  1254 W art     : Long monitor contention with owner Binder:1239_A (1907) at void com.android.server.am.ActivityManagerService.activityPaused(android.os.IBinder)(ActivityManagerService.java:6849) waiters=1 in void com.android.server.am.ActivityManagerService.dispatchProcessesChanged() for 147ms
11-23 18:31:44.358  1239  1260 I Choreographer: Skipped 45 frames!  The application may be doing too much work on its main thread.
11-23 18:31:44.390  2283  2300 I DroidFlux:Dispatcher: [STARTED] dispatch of action [FAKE_REDUCE_ACTION]
11-23 18:31:44.420  2283  2300 I DroidFlux:Dispatcher: [COMPLETED] dispatch of action [FAKE_REDUCE_ACTION]
11-23 18:31:44.449  2283  2318 D ActivityTestRule: Launching activity br.com.catbag.gifreduxsample.ui.GifListActivity
11-23 18:31:44.482  2283  2319 D MonitoringInstrumentation: execStartActivity(context, ibinder, ibinder, activity, intent, int, bundle
11-23 18:31:44.483  1239  1437 I ActivityManager: START u0 {flg=0x10000000 cmp=br.com.catbag.gifreduxsample/.ui.GifListActivity} from uid 10060 on display 0
