11-22 15:36:37.796  1239  1617 W WindowManager: Screenshot failure taking screenshot for (480x800) to layer 22010
11-22 15:36:37.862  2315  2315 I MonitoringInstrumentation: Activities that are still in CREATED to STOPPED: 1
11-22 15:36:37.863  2315  2330 I TestRunner: started: whenScrollUpAndPlayFirstItemTest(br.com.catbag.gifreduxsample.ui.giflist.GifListActivityTest)
11-22 15:36:37.868  1239  1260 I WindowManager: Destroying surface Surface(name=Starting br.com.catbag.gifreduxsample) called by com.android.server.wm.WindowStateAnimator.destroySurface:2014 com.android.server.wm.WindowStateAnimator.destroySurfaceLocked:881 com.android.server.wm.WindowState.removeLocked:1449 com.android.server.wm.WindowManagerService.removeWindowInnerLocked:2478 com.android.server.wm.AppWindowToken.destroySurfaces:365 com.android.server.wm.WindowStateAnimator.finishExit:565 com.android.server.wm.WindowStateAnimator.stepAnimationLocked:491 com.android.server.wm.WindowAnimator.updateWindowsLocked:303 
11-22 15:36:37.886  2315  2315 I Choreographer: Skipped 34 frames!  The application may be doing too much work on its main thread.
11-22 15:36:37.891  2315  2315 I MonitoringInstrumentation: Activities that are still in CREATED to STOPPED: 1
11-22 15:36:37.920  1239  1683 D WindowManager: relayoutVisibleWindow: Window{f499673 u0 com.android.launcher3/com.android.launcher3.Launcher EXITING} mAnimatingExit=true, mRemoveOnExit=false, mDestroying=false
11-22 15:36:37.962  1239  1676 I ActivityManager: Activity reported stop, but no longer stopping: ActivityRecord{e6bb5a u0 com.android.launcher3/.Launcher t3}
11-22 15:36:38.030  2315  2315 D LifecycleMonitor: Lifecycle status change: br.com.catbag.gifreduxsample.ui.GifListActivity@79e12a8 in: STOPPED
11-22 15:36:38.030  2315  2315 D LifecycleMonitor: Lifecycle status change: br.com.catbag.gifreduxsample.ui.GifListActivity@79e12a8 in: DESTROYED
11-22 15:36:38.076  1239  1260 I Choreographer: Skipped 40 frames!  The application may be doing too much work on its main thread.
11-22 15:36:38.143  1239  1260 I WindowManager: Destroying surface Surface(name=br.com.catbag.gifreduxsample/br.com.catbag.gifreduxsample.ui.GifListActivity) called by com.android.server.wm.WindowStateAnimator.destroySurface:2014 com.android.server.wm.WindowStateAnimator.destroySurfaceLocked:881 com.android.server.wm.WindowState.destroyOrSaveSurface:2073 com.android.server.wm.AppWindowToken.destroySurfaces:363 com.android.server.wm.WindowStateAnimator.finishExit:565 com.android.server.wm.AppWindowAnimator.stepAnimationLocked:427 com.android.server.wm.WindowAnimator.updateAppWindowsLocked:196 com.android.server.wm.WindowAnimator.animateLocked:678 
11-22 15:36:38.152  2315  2331 I DroidFlux:Dispatcher: [STARTED] dispatch of action [FAKE_REDUCE_ACTION]
11-22 15:36:38.152  2315  2331 I DroidFlux:Dispatcher: [COMPLETED] dispatch of action [FAKE_REDUCE_ACTION]
11-22 15:36:38.209  2315  2350 D ActivityTestRule: Launching activity br.com.catbag.gifreduxsample.ui.GifListActivity
11-22 15:36:38.212  2315  2351 D MonitoringInstrumentation: execStartActivity(context, ibinder, ibinder, activity, intent, int, bundle
11-22 15:36:38.256  1730  1730 I Choreographer: Skipped 50 frames!  The application may be doing too much work on its main thread.
11-22 15:36:38.271  1239  1717 I ActivityManager: START u0 {flg=0x10000000 cmp=br.com.catbag.gifreduxsample/.ui.GifListActivity} from uid 10060 on display 0
11-22 15:36:38.391  2315  2315 D LifecycleMonitor: Lifecycle status change: br.com.catbag.gifreduxsample.ui.GifListActivity@2799687 in: PRE_ON_CREATE
11-22 15:36:38.408  2315  2315 D LifecycleMonitor: Lifecycle status change: br.com.catbag.gifreduxsample.ui.GifListActivity@2799687 in: CREATED
11-22 15:36:38.409  2315  2331 I DroidFlux:Dispatcher: [STARTED] dispatch of action [GIF_LIST_FETCHING]
11-22 15:36:38.409  2315  2331 D DroidFlux:Dispatcher: An action of type [GIF_LIST_FETCHING] was dispatched, but no reducer handled it
11-22 15:36:38.410  2315  2331 I DroidFlux:Dispatcher: [COMPLETED] dispatch of action [GIF_LIST_FETCHING]
11-22 15:36:38.410  2315  2315 D LifecycleMonitor: Lifecycle status change: br.com.catbag.gifreduxsample.ui.GifListActivity@2799687 in: STARTED
11-22 15:36:38.412  2315  2315 D LifecycleMonitor: Lifecycle status change: br.com.catbag.gifreduxsample.ui.GifListActivity@2799687 in: RESUMED
11-22 15:36:38.560  1239  1260 I Choreographer: Skipped 30 frames!  The application may be doing too much work on its main thread.
11-22 15:36:38.743  2315  2315 W ResourceType: No package identifier when getting name for resource number 0x000000e9
11-22 15:36:38.743  2315  2315 I ViewInteraction: Performing 'scroll RecyclerView to position: 4' action on view with id: 233 (resource name not found)
11-22 15:36:38.829  1239  1260 I ActivityManager: Displayed br.com.catbag.gifreduxsample/.ui.GifListActivity: +493ms
11-22 15:36:39.037  1239  1260 I WindowManager: Destroying surface Surface(name=Starting br.com.catbag.gifreduxsample) called by com.android.server.wm.WindowStateAnimator.destroySurface:2014 com.android.server.wm.WindowStateAnimator.destroySurfaceLocked:881 com.android.server.wm.WindowState.destroyOrSaveSurface:2073 com.android.server.wm.AppWindowToken.destroySurfaces:363 com.android.server.wm.WindowStateAnimator.finishExit:565 com.android.server.wm.WindowStateAnimator.stepAnimationLocked:491 com.android.server.wm.WindowAnimator.updateWindowsLocked:303 com.android.server.wm.WindowAnimator.animateLocked:704 
11-22 15:36:39.185  2315  2326 I art     : Background sticky concurrent mark sweep GC freed 21320(1604KB) AllocSpace objects, 10(208KB) LOS objects, 17% free, 10MB/12MB, paused 105.686ms total 268.592ms
11-22 15:36:39.236  1730  1730 W IInputConnectionWrapper: reportFullscreenMode on inexistent InputConnection
11-22 15:36:39.431  2315  2315 W ResourceType: No package identifier when getting name for resource number 0x000000e9
11-22 15:36:39.482  2315  2315 W ResourceType: No package identifier when getting name for resource number 0x000000ea
11-22 15:36:39.482  2315  2315 I ViewInteraction: Performing 'actionOnItemAtPosition performing ViewAction: single click on item at position: 0' action on view with id: 234 (resource name not found)
11-22 15:36:39.597  1239  1340 I WindowManager: Destroying surface Surface(name=com.android.launcher3/com.android.launcher3.Launcher) called by com.android.server.wm.WindowStateAnimator.destroySurface:2014 com.android.server.wm.WindowStateAnimator.destroySurfaceLocked:881 com.android.server.wm.WindowState.destroyOrSaveSurface:2073 com.android.server.wm.AppWindowToken.destroySurfaces:363 com.android.server.wm.AppWindowToken.notifyAppStopped:389 com.android.server.wm.WindowManagerService.notifyAppStopped:4456 com.android.server.am.ActivityStack.activityStoppedLocked:1252 com.android.server.am.ActivityManagerService.activityStopped:6873 
11-22 15:36:39.615  2315  2331 I DroidFlux:Dispatcher: [STARTED] dispatch of action [GIF_PLAY]
11-22 15:36:39.616  2315  2331 I DroidFlux:Dispatcher: [COMPLETED] dispatch of action [GIF_PLAY]
11-22 15:36:39.640   989  1038 D AudioFlinger: mixer(0xaeb03e00) throttle end: throttle time(1)
11-22 15:36:39.677   989  1038 D AudioFlinger: mixer(0xaeb03e00) throttle end: throttle time(11)
11-22 15:36:39.694   989  1038 D AudioFlinger: mixer(0xaeb03e00) throttle end: throttle time(2)
11-22 15:36:40.362  2315  2315 D LifecycleMonitor: Lifecycle status change: br.com.catbag.gifreduxsample.ui.GifListActivity@2799687 in: PAUSED
11-22 15:36:40.395  2315  2330 I TestRunner: finished: whenScrollUpAndPlayFirstItemTest(br.com.catbag.gifreduxsample.ui.giflist.GifListActivityTest)
11-22 15:36:40.438   979   979 D gralloc : Registering a buffer in the process that created it. This may cause memory ordering problems.
11-22 15:36:40.439   979   979 E libEGL  : called unimplemented OpenGL ES API
11-22 15:36:40.439   979   979 E SurfaceFlinger: glCheckFramebufferStatusOES error 902702928
11-22 15:36:40.440   979   979 E SurfaceFlinger: got GL_FRAMEBUFFER_COMPLETE_OES error while taking screenshot
11-22 15:36:40.450  1239  1683 W WindowManager: Screenshot failure taking screenshot for (480x800) to layer 21005
11-22 15:36:40.500  1239  1253 W art     : Long monitor contention with owner Binder:1239_A (1683) at void com.android.server.am.ActivityManagerService.activityPaused(android.os.IBinder)(ActivityManagerService.java:6849) waiters=0 in void com.android.server.am.ActivityStackSupervisor$ActivityStackSupervisorHandler.activityIdleInternal(com.android.server.am.ActivityRecord) for 115ms
11-22 15:36:40.508  2315  2315 I MonitoringInstrumentation: Activities that are still in CREATED to STOPPED: 1
11-22 15:36:40.509  2315  2330 I TestRunner: started: whenGifIsDownloadedTest(br.com.catbag.gifreduxsample.ui.giflist.GifListActivityTest)
11-22 15:36:40.535  2315  2315 I MonitoringInstrumentation: Activities that are still in CREATED to STOPPED: 1
11-22 15:36:40.671  2315  2331 I DroidFlux:Dispatcher: [STARTED] dispatch of action [FAKE_REDUCE_ACTION]
11-22 15:36:40.672  2315  2331 I DroidFlux:Dispatcher: [COMPLETED] dispatch of action [FAKE_REDUCE_ACTION]
11-22 15:36:40.805  2315  2353 D ActivityTestRule: Launching activity br.com.catbag.gifreduxsample.ui.GifListActivity
11-22 15:36:40.842  2315  2354 D MonitoringInstrumentation: execStartActivity(context, ibinder, ibinder, activity, intent, int, bundle
11-22 15:36:40.857  1239  1676 I ActivityManager: START u0 {flg=0x10000000 cmp=br.com.catbag.gifreduxsample/.ui.GifListActivity} from uid 10060 on display 0
11-22 15:36:41.072  2315  2315 D LifecycleMonitor: Lifecycle status change: br.com.catbag.gifreduxsample.ui.GifListActivity@71b9f1a in: PRE_ON_CREATE
11-22 15:36:41.268  2315  2315 D LifecycleMonitor: Lifecycle status change: br.com.catbag.gifreduxsample.ui.GifListActivity@71b9f1a in: CREATED
11-22 15:36:41.269  2315  2331 I DroidFlux:Dispatcher: [STARTED] dispatch of action [GIF_LIST_FETCHING]
11-22 15:36:41.270  2315  2331 D DroidFlux:Dispatcher: An action of type [GIF_LIST_FETCHING] was dispatched, but no reducer handled it
11-22 15:36:41.270  2315  2331 I DroidFlux:Dispatcher: [COMPLETED] dispatch of action [GIF_LIST_FETCHING]
11-22 15:36:41.270  2315  2315 D LifecycleMonitor: Lifecycle status change: br.com.catbag.gifreduxsample.ui.GifListActivity@71b9f1a in: STARTED
11-22 15:36:41.272  2315  2315 D LifecycleMonitor: Lifecycle status change: br.com.catbag.gifreduxsample.ui.GifListActivity@71b9f1a in: RESUMED
11-22 15:36:41.331  2315  2315 I Choreographer: Skipped 66 frames!  The application may be doing too much work on its main thread.
11-22 15:36:41.403  1730  1730 I Choreographer: Skipped 78 frames!  The application may be doing too much work on its main thread.
11-22 15:36:41.456  1239  1444 I WindowManager: Destroying surface Surface(name=com.android.launcher3/com.android.launcher3.Launcher) called by com.android.server.wm.WindowStateAnimator.destroySurface:2014 com.android.server.wm.WindowStateAnimator.destroySurfaceLocked:881 com.android.server.wm.WindowState.destroyOrSaveSurface:2073 com.android.server.wm.WindowManagerService.tryStartExitingAnimation:3017 com.android.server.wm.WindowManagerService.relayoutWindow:2897 com.android.server.wm.Session.relayout:215 android.view.IWindowSession$Stub.onTransact:286 com.android.server.wm.Session.onTransact:136 
11-22 15:36:41.650  1239  1260 I ActivityManager: Displayed br.com.catbag.gifreduxsample/.ui.GifListActivity: +627ms
11-22 15:36:41.902  2315  2315 D LifecycleMonitor: Lifecycle status change: br.com.catbag.gifreduxsample.ui.GifListActivity@71b9f1a in: PAUSED
11-22 15:36:41.906  2315  2330 I TestRunner: finished: whenGifIsDownloadedTest(br.com.catbag.gifreduxsample.ui.giflist.GifListActivityTest)
11-22 15:36:42.072   979   979 D gralloc : Registering a buffer in the process that created it. This may cause memory ordering problems.
11-22 15:36:42.073   979   979 E libEGL  : called unimplemented OpenGL ES API
11-22 15:36:42.073   979   979 E SurfaceFlinger: glCheckFramebufferStatusOES error 902702928
11-22 15:36:42.073   979   979 E SurfaceFlinger: got GL_FRAMEBUFFER_COMPLETE_OES error while taking screenshot
11-22 15:36:42.093  1239  1677 W WindowManager: Screenshot failure taking screenshot for (480x800) to layer 22015
11-22 15:36:42.137  2315  2315 I Choreographer: Skipped 52 frames!  The application may be doing too much work on its main thread.
11-22 15:36:42.142  2315  2315 I MonitoringInstrumentation: Activities that are still in CREATED to STOPPED: 2
11-22 15:36:42.147  2315  2330 I TestRunner: started: whenPlayGifTest(br.com.catbag.gifreduxsample.ui.giflist.GifListActivityTest)
11-22 15:36:42.149  2315  2315 I MonitoringInstrumentation: Activities that are still in CREATED to STOPPED: 2
11-22 15:36:42.238  2315  2331 I DroidFlux:Dispatcher: [STARTED] dispatch of action [FAKE_REDUCE_ACTION]
11-22 15:36:42.239  2315  2331 I DroidFlux:Dispatcher: [COMPLETED] dispatch of action [FAKE_REDUCE_ACTION]
11-22 15:36:42.276  2315  2355 D ActivityTestRule: Launching activity br.com.catbag.gifreduxsample.ui.GifListActivity
11-22 15:36:42.281  1239  1260 I WindowManager: Destroying surface Surface(name=Starting br.com.catbag.gifreduxsample) called by com.android.server.wm.WindowStateAnimator.destroySurface:2014 com.android.server.wm.WindowStateAnimator.destroySurfaceLocked:881 com.android.server.wm.WindowState.removeLocked:1449 com.android.server.wm.WindowManagerService.removeWindowInnerLocked:2478 com.android.server.wm.AppWindowToken.destroySurfaces:365 com.android.server.wm.WindowStateAnimator.finishExit:565 com.android.server.wm.WindowStateAnimator.stepAnimationLocked:491 com.android.server.wm.WindowAnimator.updateWindowsLocked:303 
11-22 15:36:42.302  2315  2356 D MonitoringInstrumentation: execStartActivity(context, ibinder, ibinder, activity, intent, int, bundle
11-22 15:36:42.303  1239  1683 I ActivityManager: START u0 {flg=0x10000000 cmp=br.com.catbag.gifreduxsample/.ui.GifListActivity} from uid 10060 on display 0
11-22 15:36:42.365  1730  1730 I Choreographer: Skipped 46 frames!  The application may be doing too much work on its main thread.
11-22 15:36:42.513  2315  2315 D LifecycleMonitor: Lifecycle status change: br.com.catbag.gifreduxsample.ui.GifListActivity@15f021 in: PRE_ON_CREATE
11-22 15:36:42.545  1730  1730 I Choreographer: Skipped 45 frames!  The application may be doing too much work on its main thread.
11-22 15:36:42.656  2315  2315 D LifecycleMonitor: Lifecycle status change: br.com.catbag.gifreduxsample.ui.GifListActivity@15f021 in: CREATED
11-22 15:36:42.673  2315  2331 I DroidFlux:Dispatcher: [STARTED] dispatch of action [GIF_LIST_FETCHING]
11-22 15:36:42.686  2315  2315 D LifecycleMonitor: Lifecycle status change: br.com.catbag.gifreduxsample.ui.GifListActivity@15f021 in: STARTED
11-22 15:36:42.700  2315  2331 D DroidFlux:Dispatcher: An action of type [GIF_LIST_FETCHING] was dispatched, but no reducer handled it
11-22 15:36:42.700  2315  2331 I DroidFlux:Dispatcher: [COMPLETED] dispatch of action [GIF_LIST_FETCHING]
11-22 15:36:42.715  2315  2315 D LifecycleMonitor: Lifecycle status change: br.com.catbag.gifreduxsample.ui.GifListActivity@15f021 in: RESUMED
11-22 15:36:42.938  1239  1249 I art     : Background sticky concurrent mark sweep GC freed 31028(2MB) AllocSpace objects, 7(140KB) LOS objects, 27% free, 7MB/10MB, paused 41.080ms total 515.260ms
11-22 15:36:43.030  2315  2315 I ViewInteraction: Performing 'single click' action on view with id: br.com.catbag.gifreduxsample:id/gif_image
11-22 15:36:43.160  2315  2331 I DroidFlux:Dispatcher: [STARTED] dispatch of action [GIF_PLAY]
11-22 15:36:43.161  2315  2331 I DroidFlux:Dispatcher: [COMPLETED] dispatch of action [GIF_PLAY]
11-22 15:36:43.185   989  1038 D AudioFlinger: mixer(0xaeb03e00) throttle end: throttle time(11)
11-22 15:36:43.202  1239  1260 I ActivityManager: Displayed br.com.catbag.gifreduxsample/.ui.GifListActivity: +754ms
11-22 15:36:43.205   989  1038 D AudioFlinger: mixer(0xaeb03e00) throttle end: throttle time(11)
11-22 15:36:43.397  2315  2315 D LifecycleMonitor: Lifecycle status change: br.com.catbag.gifreduxsample.ui.GifListActivity@71b9f1a in: STOPPED
11-22 15:36:43.398  2315  2315 D LifecycleMonitor: Lifecycle status change: br.com.catbag.gifreduxsample.ui.GifListActivity@71b9f1a in: DESTROYED
11-22 15:36:43.443  1239  1666 I WindowManager: Destroying surface Surface(name=br.com.catbag.gifreduxsample/br.com.catbag.gifreduxsample.ui.GifListActivity) called by com.android.server.wm.WindowStateAnimator.destroySurface:2014 com.android.server.wm.WindowStateAnimator.destroySurfaceLocked:881 com.android.server.wm.WindowState.removeLocked:1449 com.android.server.wm.WindowManagerService.removeWindowInnerLocked:2478 com.android.server.wm.WindowManagerService.removeWindowLocked:2436 com.android.server.wm.WindowManagerService.removeWindowLocked:2305 com.android.server.wm.WindowManagerService.removeWindow:2300 com.android.server.wm.Session.remove:193 
11-22 15:36:43.458  1239  1617 I WindowManager: Destroying surface Surface(name=com.android.launcher3/com.android.launcher3.Launcher) called by com.android.server.wm.WindowStateAnimator.destroySurface:2014 com.android.server.wm.WindowStateAnimator.destroySurfaceLocked:881 com.android.server.wm.WindowState.destroyOrSaveSurface:2073 com.android.server.wm.AppWindowToken.destroySurfaces:363 com.android.server.wm.AppWindowToken.notifyAppStopped:389 com.android.server.wm.WindowManagerService.notifyAppStopped:4456 com.android.server.am.ActivityStack.activityStoppedLocked:1252 com.android.server.am.ActivityManagerService.activityStopped:6873 
11-22 15:36:43.458  1239  1260 I WindowManager: Destroying surface Surface(name=Starting br.com.catbag.gifreduxsample) called by com.android.server.wm.WindowStateAnimator.destroySurface:2014 com.android.server.wm.WindowStateAnimator.destroySurfaceLocked:881 com.android.server.wm.WindowState.destroyOrSaveSurface:2073 com.android.server.wm.AppWindowToken.destroySurfaces:363 com.android.server.wm.WindowStateAnimator.finishExit:565 com.android.server.wm.WindowStateAnimator.stepAnimationLocked:491 com.android.server.wm.WindowAnimator.updateWindowsLocked:303 com.android.server.wm.WindowAnimator.animateLocked:704 
11-22 15:36:43.468  2315  2315 D LifecycleMonitor: Lifecycle status change: br.com.catbag.gifreduxsample.ui.GifListActivity@2799687 in: STOPPED
11-22 15:36:43.469  2315  2315 D LifecycleMonitor: Lifecycle status change: br.com.catbag.gifreduxsample.ui.GifListActivity@2799687 in: DESTROYED
11-22 15:36:43.573  1239  1439 I WindowManager: Destroying surface Surface(name=br.com.catbag.gifreduxsample/br.com.catbag.gifreduxsample.ui.GifListActivity) called by com.android.server.wm.WindowStateAnimator.destroySurface:2014 com.android.server.wm.WindowStateAnimator.destroySurfaceLocked:881 com.android.server.wm.WindowState.removeLocked:1449 com.android.server.wm.WindowManagerService.removeWindowInnerLocked:2478 com.android.server.wm.WindowManagerService.removeWindowLocked:2436 com.android.server.wm.WindowManagerService.removeWindowLocked:2305 com.android.server.wm.WindowManagerService.removeWindow:2300 com.android.server.wm.Session.remove:193 
11-22 15:36:43.597  2315  2315 I Choreographer: Skipped 59 frames!  The application may be doing too much work on its main thread.
11-22 15:36:44.062  2315  2315 D LifecycleMonitor: Lifecycle status change: br.com.catbag.gifreduxsample.ui.GifListActivity@15f021 in: PAUSED
11-22 15:36:44.098  2315  2330 I TestRunner: finished: whenPlayGifTest(br.com.catbag.gifreduxsample.ui.giflist.GifListActivityTest)
11-22 15:36:44.242   979   979 D gralloc : Registering a buffer in the process that created it. This may cause memory ordering problems.
11-22 15:36:44.243   979   979 E libEGL  : called unimplemented OpenGL ES API
11-22 15:36:44.257   979   979 E SurfaceFlinger: glCheckFramebufferStatusOES error 902702928
11-22 15:36:44.258   979   979 E SurfaceFlinger: got GL_FRAMEBUFFER_COMPLETE_OES error while taking screenshot
11-22 15:36:44.260  1239  1677 W WindowManager: Screenshot failure taking screenshot for (480x800) to layer 21005
11-22 15:36:44.271  2315  2315 I MonitoringInstrumentation: Activities that are still in CREATED to STOPPED: 1
11-22 15:36:44.273  2315  2330 I TestRunner: started: whenGifDownloadFailTest(br.com.catbag.gifreduxsample.ui.giflist.GifListActivityTest)
11-22 15:36:44.343  2315  2315 I MonitoringInstrumentation: Activities that are still in CREATED to STOPPED: 1
11-22 15:36:44.362  2315  2331 I DroidFlux:Dispatcher: [STARTED] dispatch of action [FAKE_REDUCE_ACTION]
11-22 15:36:44.363  2315  2331 I DroidFlux:Dispatcher: [COMPLETED] dispatch of action [FAKE_REDUCE_ACTION]
11-22 15:36:44.435  2315  2357 D ActivityTestRule: Launching activity br.com.catbag.gifreduxsample.ui.GifListActivity
11-22 15:36:44.442  2315  2358 D MonitoringInstrumentation: execStartActivity(context, ibinder, ibinder, activity, intent, int, bundle
11-22 15:36:44.445  1239  1251 I ActivityManager: START u0 {flg=0x10000000 cmp=br.com.catbag.gifreduxsample/.ui.GifListActivity} from uid 10060 on display 0
11-22 15:36:44.633  2315  2315 D LifecycleMonitor: Lifecycle status change: br.com.catbag.gifreduxsample.ui.GifListActivity@eb52139 in: PRE_ON_CREATE
11-22 15:36:44.730  1239  1260 I Choreographer: Skipped 42 frames!  The application may be doing too much work on its main thread.
11-22 15:36:44.770  1730  1730 I Choreographer: Skipped 45 frames!  The application may be doing too much work on its main thread.
11-22 15:36:44.789  2315  2315 D LifecycleMonitor: Lifecycle status change: br.com.catbag.gifreduxsample.ui.GifListActivity@eb52139 in: CREATED
11-22 15:36:44.791  2315  2331 I DroidFlux:Dispatcher: [STARTED] dispatch of action [GIF_LIST_FETCHING]
11-22 15:36:44.792  2315  2331 D DroidFlux:Dispatcher: An action of type [GIF_LIST_FETCHING] was dispatched, but no reducer handled it
11-22 15:36:44.792  2315  2331 I DroidFlux:Dispatcher: [COMPLETED] dispatch of action [GIF_LIST_FETCHING]
11-22 15:36:44.793  2315  2315 D LifecycleMonitor: Lifecycle status change: br.com.catbag.gifreduxsample.ui.GifListActivity@eb52139 in: STARTED
11-22 15:36:44.846  2315  2315 D LifecycleMonitor: Lifecycle status change: br.com.catbag.gifreduxsample.ui.GifListActivity@eb52139 in: RESUMED
11-22 15:36:44.855  2315  2315 I Choreographer: Skipped 60 frames!  The application may be doing too much work on its main thread.
11-22 15:36:44.896  1239  1444 I WindowManager: Destroying surface Surface(name=com.android.launcher3/com.android.launcher3.Launcher) called by com.android.server.wm.WindowStateAnimator.destroySurface:2014 com.android.server.wm.WindowStateAnimator.destroySurfaceLocked:881 com.android.server.wm.WindowState.destroyOrSaveSurface:2073 com.android.server.wm.WindowManagerService.tryStartExitingAnimation:3017 com.android.server.wm.WindowManagerService.relayoutWindow:2897 com.android.server.wm.Session.relayout:215 android.view.IWindowSession$Stub.onTransact:286 com.android.server.wm.Session.onTransact:136 
11-22 15:36:44.973  1239  1260 I ActivityManager: Displayed br.com.catbag.gifreduxsample/.ui.GifListActivity: +436ms
11-22 15:36:45.050  2315  2315 D LifecycleMonitor: Lifecycle status change: br.com.catbag.gifreduxsample.ui.GifListActivity@eb52139 in: PAUSED
11-22 15:36:45.051  2315  2330 I TestRunner: finished: whenGifDownloadFailTest(br.com.catbag.gifreduxsample.ui.giflist.GifListActivityTest)
11-22 15:36:45.109   979   979 D gralloc : Registering a buffer in the process that created it. This may cause memory ordering problems.
11-22 15:36:45.110   979   979 E SurfaceFlinger: glCheckFramebufferStatusOES error 902702928
11-22 15:36:45.110   979   979 E SurfaceFlinger: got GL_FRAMEBUFFER_COMPLETE_OES error while taking screenshot
11-22 15:36:45.111  1239  1718 W WindowManager: Screenshot failure taking screenshot for (480x800) to layer 22015
11-22 15:36:45.132  2315  2315 I MonitoringInstrumentation: Activities that are still in CREATED to STOPPED: 2
11-22 15:36:45.133  2315  2330 I TestRunner: started: whenPauseGifTest(br.com.catbag.gifreduxsample.ui.giflist.GifListActivityTest)
11-22 15:36:45.138  2315  2315 I MonitoringInstrumentation: Activities that are still in CREATED to STOPPED: 2
11-22 15:36:45.193  1730  1730 W IInputConnectionWrapper: reportFullscreenMode on inexistent InputConnection
11-22 15:36:45.210  1239  1260 I WindowManager: Destroying surface Surface(name=Starting br.com.catbag.gifreduxsample) called by com.android.server.wm.WindowStateAnimator.destroySurface:2014 com.android.server.wm.WindowStateAnimator.destroySurfaceLocked:881 com.android.server.wm.WindowState.removeLocked:1449 com.android.server.wm.WindowManagerService.removeWindowInnerLocked:2478 com.android.server.wm.AppWindowToken.destroySurfaces:365 com.android.server.wm.WindowStateAnimator.finishExit:565 com.android.server.wm.WindowStateAnimator.stepAnimationLocked:491 com.android.server.wm.WindowAnimator.updateWindowsLocked:303 
11-22 15:36:45.238  2315  2331 I DroidFlux:Dispatcher: [STARTED] dispatch of action [FAKE_REDUCE_ACTION]
11-22 15:36:45.238  2315  2331 I DroidFlux:Dispatcher: [COMPLETED] dispatch of action [FAKE_REDUCE_ACTION]
11-22 15:36:45.282  2315  2359 D ActivityTestRule: Launching activity br.com.catbag.gifreduxsample.ui.GifListActivity
11-22 15:36:45.326  2315  2360 D MonitoringInstrumentation: execStartActivity(context, ibinder, ibinder, activity, intent, int, bundle
11-22 15:36:45.328  1239  1250 I ActivityManager: START u0 {flg=0x10000000 cmp=br.com.catbag.gifreduxsample/.ui.GifListActivity} from uid 10060 on display 0
11-22 15:36:45.506  2315  2315 D LifecycleMonitor: Lifecycle status change: br.com.catbag.gifreduxsample.ui.GifListActivity@63b058c in: PRE_ON_CREATE
11-22 15:36:45.599  2315  2315 D LifecycleMonitor: Lifecycle status change: br.com.catbag.gifreduxsample.ui.GifListActivity@63b058c in: CREATED
11-22 15:36:45.601  2315  2331 I DroidFlux:Dispatcher: [STARTED] dispatch of action [GIF_LIST_FETCHING]
11-22 15:36:45.601  2315  2331 D DroidFlux:Dispatcher: An action of type [GIF_LIST_FETCHING] was dispatched, but no reducer handled it
11-22 15:36:45.602  2315  2331 I DroidFlux:Dispatcher: [COMPLETED] dispatch of action [GIF_LIST_FETCHING]
11-22 15:36:45.602  2315  2315 D LifecycleMonitor: Lifecycle status change: br.com.catbag.gifreduxsample.ui.GifListActivity@63b058c in: STARTED
11-22 15:36:45.606  2315  2315 D LifecycleMonitor: Lifecycle status change: br.com.catbag.gifreduxsample.ui.GifListActivity@63b058c in: RESUMED
11-22 15:36:45.660  1239  1260 I Choreographer: Skipped 83 frames!  The application may be doing too much work on its main thread.
11-22 15:36:45.885  1239  1260 I Choreographer: Skipped 38 frames!  The application may be doing too much work on its main thread.
11-22 15:36:45.926  2315  2326 I art     : Background partial concurrent mark sweep GC freed 19548(1167KB) AllocSpace objects, 5(584KB) LOS objects, 27% free, 10MB/14MB, paused 10.717ms total 600.542ms
11-22 15:36:45.971  2315  2315 D LifecycleMonitor: Lifecycle status change: br.com.catbag.gifreduxsample.ui.GifListActivity@eb52139 in: STOPPED
11-22 15:36:45.971  2315  2315 D LifecycleMonitor: Lifecycle status change: br.com.catbag.gifreduxsample.ui.GifListActivity@eb52139 in: DESTROYED
11-22 15:36:45.983  2315  2315 D LifecycleMonitor: Lifecycle status change: br.com.catbag.gifreduxsample.ui.GifListActivity@15f021 in: STOPPED
11-22 15:36:45.983  2315  2315 D LifecycleMonitor: Lifecycle status change: br.com.catbag.gifreduxsample.ui.GifListActivity@15f021 in: DESTROYED
11-22 15:36:45.986  1239  1260 I ActivityManager: Displayed br.com.catbag.gifreduxsample/.ui.GifListActivity: +580ms
11-22 15:36:45.996  1239  1718 I WindowManager: Destroying surface Surface(name=br.com.catbag.gifreduxsample/br.com.catbag.gifreduxsample.ui.GifListActivity) called by com.android.server.wm.WindowStateAnimator.destroySurface:2014 com.android.server.wm.WindowStateAnimator.destroySurfaceLocked:881 com.android.server.wm.WindowState.removeLocked:1449 com.android.server.wm.WindowManagerService.removeWindowInnerLocked:2478 com.android.server.wm.WindowManagerService.removeWindowLocked:2436 com.android.server.wm.WindowManagerService.removeWindowLocked:2305 com.android.server.wm.WindowManagerService.removeWindow:2300 com.android.server.wm.Session.remove:193 
11-22 15:36:46.069  2315  2315 I ViewInteraction: Performing 'single click' action on view with id: br.com.catbag.gifreduxsample:id/gif_image
11-22 15:36:46.122  1239  1444 I WindowManager: Destroying surface Surface(name=com.android.launcher3/com.android.launcher3.Launcher) called by com.android.server.wm.WindowStateAnimator.destroySurface:2014 com.android.server.wm.WindowStateAnimator.destroySurfaceLocked:881 com.android.server.wm.WindowState.destroyOrSaveSurface:2073 com.android.server.wm.AppWindowToken.destroySurfaces:363 com.android.server.wm.AppWindowToken.notifyAppStopped:389 com.android.server.wm.WindowManagerService.notifyAppStopped:4456 com.android.server.am.ActivityStack.activityStoppedLocked:1252 com.android.server.am.ActivityManagerService.activityStopped:6873 
11-22 15:36:46.196  1239  1260 I WindowManager: Destroying surface Surface(name=Starting br.com.catbag.gifreduxsample) called by com.android.server.wm.WindowStateAnimator.destroySurface:2014 com.android.server.wm.WindowStateAnimator.destroySurfaceLocked:881 com.android.server.wm.WindowState.destroyOrSaveSurface:2073 com.android.server.wm.AppWindowToken.destroySurfaces:363 com.android.server.wm.WindowStateAnimator.finishExit:565 com.android.server.wm.WindowStateAnimator.stepAnimationLocked:491 com.android.server.wm.WindowAnimator.updateWindowsLocked:303 com.android.server.wm.WindowAnimator.animateLocked:704 
11-22 15:36:46.285   989  1038 D AudioFlinger: mixer(0xaeb03e00) throttle end: throttle time(11)
11-22 15:36:46.286  2315  2331 I DroidFlux:Dispatcher: [STARTED] dispatch of action [GIF_PAUSE]
11-22 15:36:46.287  2315  2331 I DroidFlux:Dispatcher: [COMPLETED] dispatch of action [GIF_PAUSE]
11-22 15:36:46.305   989  1038 D AudioFlinger: mixer(0xaeb03e00) throttle end: throttle time(11)
11-22 15:36:46.342  1239  1260 I WindowManager: Destroying surface Surface(name=br.com.catbag.gifreduxsample/br.com.catbag.gifreduxsample.ui.GifListActivity) called by com.android.server.wm.WindowStateAnimator.destroySurface:2014 com.android.server.wm.WindowStateAnimator.destroySurfaceLocked:881 com.android.server.wm.WindowState.destroyOrSaveSurface:2073 com.android.server.wm.AppWindowToken.destroySurfaces:363 com.android.server.wm.WindowStateAnimator.finishExit:565 com.android.server.wm.WindowStateAnimator.stepAnimationLocked:491 com.android.server.wm.WindowAnimator.updateWindowsLocked:303 com.android.server.wm.WindowAnimator.animateLocked:704 
11-22 15:36:46.870  2315  2315 D LifecycleMonitor: Lifecycle status change: br.com.catbag.gifreduxsample.ui.GifListActivity@63b058c in: PAUSED
11-22 15:36:46.872  2315  2330 I TestRunner: finished: whenPauseGifTest(br.com.catbag.gifreduxsample.ui.giflist.GifListActivityTest)
11-22 15:36:46.950   979   979 D gralloc : Registering a buffer in the process that created it. This may cause memory ordering problems.
11-22 15:36:46.950   979   979 E libEGL  : called unimplemented OpenGL ES API
11-22 15:36:46.952   979   979 E SurfaceFlinger: glCheckFramebufferStatusOES error 902702928
11-22 15:36:46.953   979   979 E SurfaceFlinger: got GL_FRAMEBUFFER_COMPLETE_OES error while taking screenshot
11-22 15:36:46.953  1239  1717 W WindowManager: Screenshot failure taking screenshot for (480x800) to layer 21005
11-22 15:36:46.964  2315  2315 I MonitoringInstrumentation: Activities that are still in CREATED to STOPPED: 1
11-22 15:36:46.966  2315  2330 I TestRunner: started: whenLoadMultipleGifsOnAppStateTest(br.com.catbag.gifreduxsample.ui.giflist.GifListActivityTest)
11-22 15:36:46.969  2315  2315 I MonitoringInstrumentation: Activities that are still in CREATED to STOPPED: 1
11-22 15:36:47.007  2315  2331 I DroidFlux:Dispatcher: [STARTED] dispatch of action [FAKE_REDUCE_ACTION]
11-22 15:36:47.008  2315  2331 I DroidFlux:Dispatcher: [COMPLETED] dispatch of action [FAKE_REDUCE_ACTION]
11-22 15:36:47.068  2315  2361 D ActivityTestRule: Launching activity br.com.catbag.gifreduxsample.ui.GifListActivity
11-22 15:36:47.076  2315  2362 D MonitoringInstrumentation: execStartActivity(context, ibinder, ibinder, activity, intent, int, bundle
11-22 15:36:47.082  1239  1677 I ActivityManager: START u0 {flg=0x10000000 cmp=br.com.catbag.gifreduxsample/.ui.GifListActivity} from uid 10060 on display 0
11-22 15:36:47.225  1730  1730 I Choreographer: Skipped 35 frames!  The application may be doing too much work on its main thread.
11-22 15:36:47.291  2315  2315 D LifecycleMonitor: Lifecycle status change: br.com.catbag.gifreduxsample.ui.GifListActivity@38e1ea2 in: PRE_ON_CREATE
11-22 15:36:47.370  2315  2315 D LifecycleMonitor: Lifecycle status change: br.com.catbag.gifreduxsample.ui.GifListActivity@38e1ea2 in: CREATED
11-22 15:36:47.375  2315  2331 I DroidFlux:Dispatcher: [STARTED] dispatch of action [GIF_LIST_FETCHING]
11-22 15:36:47.376  2315  2331 D DroidFlux:Dispatcher: An action of type [GIF_LIST_FETCHING] was dispatched, but no reducer handled it
11-22 15:36:47.376  2315  2331 I DroidFlux:Dispatcher: [COMPLETED] dispatch of action [GIF_LIST_FETCHING]
11-22 15:36:47.376  2315  2315 D LifecycleMonitor: Lifecycle status change: br.com.catbag.gifreduxsample.ui.GifListActivity@38e1ea2 in: STARTED
11-22 15:36:47.378  2315  2315 D LifecycleMonitor: Lifecycle status change: br.com.catbag.gifreduxsample.ui.GifListActivity@38e1ea2 in: RESUMED
11-22 15:36:47.561  1239  1683 I WindowManager: Destroying surface Surface(name=com.android.launcher3/com.android.launcher3.Launcher) called by com.android.server.wm.WindowStateAnimator.destroySurface:2014 com.android.server.wm.WindowStateAnimator.destroySurfaceLocked:881 com.android.server.wm.WindowState.destroyOrSaveSurface:2073 com.android.server.wm.AppWindowToken.destroySurfaces:363 com.android.server.wm.AppWindowToken.notifyAppStopped:389 com.android.server.wm.WindowManagerService.notifyAppStopped:4456 com.android.server.am.ActivityStack.activityStoppedLocked:1252 com.android.server.am.ActivityManagerService.activityStopped:6873 
11-22 15:36:47.586  2315  2315 D LifecycleMonitor: Lifecycle status change: br.com.catbag.gifreduxsample.ui.GifListActivity@63b058c in: STOPPED
11-22 15:36:47.588  2315  2315 D LifecycleMonitor: Lifecycle status change: br.com.catbag.gifreduxsample.ui.GifListActivity@63b058c in: DESTROYED
11-22 15:36:47.590  1239  1676 I WindowManager: Destroying surface Surface(name=br.com.catbag.gifreduxsample/br.com.catbag.gifreduxsample.ui.GifListActivity) called by com.android.server.wm.WindowStateAnimator.destroySurface:2014 com.android.server.wm.WindowStateAnimator.destroySurfaceLocked:881 com.android.server.wm.WindowState.removeLocked:1449 com.android.server.wm.WindowManagerService.removeWindowInnerLocked:2478 com.android.server.wm.WindowManagerService.removeWindowLocked:2436 com.android.server.wm.WindowManagerService.removeWindowLocked:2305 com.android.server.wm.WindowManagerService.removeWindow:2300 com.android.server.wm.Session.remove:193 
11-22 15:36:47.638  2315  2315 W ResourceType: No package identifier when getting name for resource number 0x000000f5
11-22 15:36:47.638  2315  2315 I ViewInteraction: Performing 'scroll RecyclerView to position: 2' action on view with id: 245 (resource name not found)
11-22 15:36:47.657  2315  2320 I art     : Do partial code cache collection, code=121KB, data=121KB
11-22 15:36:47.657  2315  2320 I art     : After code cache collection, code=120KB, data=121KB
11-22 15:36:47.657  2315  2320 I art     : Increasing code cache capacity to 512KB
11-22 15:36:47.676  1239  1260 I ActivityManager: Displayed br.com.catbag.gifreduxsample/.ui.GifListActivity: +425ms
11-22 15:36:47.890  1239  1260 I WindowManager: Destroying surface Surface(name=Starting br.com.catbag.gifreduxsample) called by com.android.server.wm.WindowStateAnimator.destroySurface:2014 com.android.server.wm.WindowStateAnimator.destroySurfaceLocked:881 com.android.server.wm.WindowState.destroyOrSaveSurface:2073 com.android.server.wm.AppWindowToken.destroySurfaces:363 com.android.server.wm.WindowStateAnimator.finishExit:565 com.android.server.wm.WindowStateAnimator.stepAnimationLocked:491 com.android.server.wm.WindowAnimator.updateWindowsLocked:303 com.android.server.wm.WindowAnimator.animateLocked:704 
11-22 15:36:47.978  2315  2315 W ResourceType: No package identifier when getting name for resource number 0x000000f5
11-22 15:36:47.996  2315  2315 W ResourceType: No package identifier when getting name for resource number 0x000000fc
11-22 15:36:47.996  2315  2315 I ViewInteraction: Performing 'scroll RecyclerView to position: 3' action on view with id: 252 (resource name not found)
11-22 15:36:48.339  2315  2315 W ResourceType: No package identifier when getting name for resource number 0x000000fc
11-22 15:36:48.362  2315  2315 W ResourceType: No package identifier when getting name for resource number 0x00000103
11-22 15:36:48.363  2315  2315 I ViewInteraction: Performing 'scroll RecyclerView to position: 4' action on view with id: 259 (resource name not found)
11-22 15:36:48.683  2315  2315 W ResourceType: No package identifier when getting name for resource number 0x00000103
11-22 15:36:48.697  2315  2315 W ResourceType: No package identifier when getting name for resource number 0x0000010a
11-22 15:36:48.697  2315  2315 I ViewInteraction: Performing 'scroll RecyclerView to position: 5' action on view with id: 266 (resource name not found)
11-22 15:36:48.795  1239  1325 E TaskPersister: File error accessing recents directory (directory doesn't exist?).
11-22 15:36:49.012  2315  2315 W ResourceType: No package identifier when getting name for resource number 0x0000010a
11-22 15:36:49.059  2315  2315 W ResourceType: No package identifier when getting name for resource number 0x00000111
11-22 15:36:49.059  2315  2315 I ViewInteraction: Performing 'scroll RecyclerView to position: 6' action on view with id: 273 (resource name not found)
11-22 15:36:49.153  2315  2326 I art     : Background sticky concurrent mark sweep GC freed 18297(1556KB) AllocSpace objects, 12(256KB) LOS objects, 14% free, 12MB/14MB, paused 8.538ms total 69.654ms
11-22 15:36:49.403  2315  2315 W ResourceType: No package identifier when getting name for resource number 0x00000111
11-22 15:36:49.426  2315  2315 W ResourceType: No package identifier when getting name for resource number 0x00000118
11-22 15:36:49.426  2315  2315 I ViewInteraction: Performing 'scroll RecyclerView to position: 7' action on view with id: 280 (resource name not found)
11-22 15:36:49.753  2315  2315 W ResourceType: No package identifier when getting name for resource number 0x00000118
11-22 15:36:49.767  2315  2315 W ResourceType: No package identifier when getting name for resource number 0x0000011f
11-22 15:36:49.767  2315  2315 I ViewInteraction: Performing 'scroll RecyclerView to position: 8' action on view with id: 287 (resource name not found)
11-22 15:36:50.126  2315  2315 W ResourceType: No package identifier when getting name for resource number 0x0000011f
11-22 15:36:50.142  2315  2315 W ResourceType: No package identifier when getting name for resource number 0x00000126
11-22 15:36:50.142  2315  2315 I ViewInteraction: Performing 'scroll RecyclerView to position: 9' action on view with id: 294 (resource name not found)
11-22 15:36:50.236  2315  2326 I art     : Background sticky concurrent mark sweep GC freed 10426(993KB) AllocSpace objects, 9(192KB) LOS objects, 8% free, 13MB/14MB, paused 5.504ms total 73.832ms
11-22 15:36:50.463  2315  2315 W ResourceType: No package identifier when getting name for resource number 0x00000126
11-22 15:36:50.546  2315  2330 I TestRunner: finished: whenLoadMultipleGifsOnAppStateTest(br.com.catbag.gifreduxsample.ui.giflist.GifListActivityTest)
11-22 15:36:50.567  2315  2315 D LifecycleMonitor: Lifecycle status change: br.com.catbag.gifreduxsample.ui.GifListActivity@38e1ea2 in: PAUSED
11-22 15:36:50.606   979   979 D gralloc : Registering a buffer in the process that created it. This may cause memory ordering problems.
11-22 15:36:50.606   979   979 E libEGL  : called unimplemented OpenGL ES API
11-22 15:36:50.607   979   979 E SurfaceFlinger: glCheckFramebufferStatusOES error 902702928
11-22 15:36:50.607   979   979 E SurfaceFlinger: got GL_FRAMEBUFFER_COMPLETE_OES error while taking screenshot
11-22 15:36:50.609  1239  1676 W WindowManager: Screenshot failure taking screenshot for (480x800) to layer 21005
11-22 15:36:50.625  2315  2315 I MonitoringInstrumentation: Activities that are still in CREATED to STOPPED: 1
11-22 15:36:50.626  2315  2330 I TestRunner: run finished: 11 tests, 0 failed, 0 ignored
11-22 15:36:51.140  1730  1730 I Choreographer: Skipped 36 frames!  The application may be doing too much work on its main thread.
11-22 15:36:51.183  2315  2315 D LifecycleMonitor: Lifecycle status change: br.com.catbag.gifreduxsample.ui.GifListActivity@38e1ea2 in: STOPPED
11-22 15:36:51.183  2315  2315 D LifecycleMonitor: Lifecycle status change: br.com.catbag.gifreduxsample.ui.GifListActivity@38e1ea2 in: DESTROYED
11-22 15:36:51.207  2315  2330 I MonitoringInstrumentation: waitForActivitiesToComplete() took: 1ms
11-22 15:36:51.213  1239  1677 I ActivityManager: Force stopping br.com.catbag.gifreduxsample appid=10060 user=0: finished inst
11-22 15:36:51.231  2305  2305 D AndroidRuntime: Shutting down VM
11-22 15:36:51.238  1239  1677 I ActivityManager: Killing 2315:br.com.catbag.gifreduxsample/u0a60 (adj 0): stop br.com.catbag.gifreduxsample
11-22 15:36:51.333  1239  1278 W InputDispatcher: channel '4edbbc3 br.com.catbag.gifreduxsample/br.com.catbag.gifreduxsample.ui.GifListActivity (server)' ~ Consumer closed input channel or an error occurred.  events=0x9
11-22 15:36:51.357  1239  1278 E InputDispatcher: channel '4edbbc3 br.com.catbag.gifreduxsample/br.com.catbag.gifreduxsample.ui.GifListActivity (server)' ~ Channel is unrecoverably broken and will be disposed!
11-22 15:36:51.358  1239  1260 W InputDispatcher: Attempted to unregister already unregistered input channel '4edbbc3 br.com.catbag.gifreduxsample/br.com.catbag.gifreduxsample.ui.GifListActivity (server)'
11-22 15:36:51.361  1239  1260 I WindowManager: Destroying surface Surface(name=br.com.catbag.gifreduxsample/br.com.catbag.gifreduxsample.ui.GifListActivity) called by com.android.server.wm.WindowStateAnimator.destroySurface:2014 com.android.server.wm.WindowStateAnimator.destroySurfaceLocked:881 com.android.server.wm.WindowState.removeLocked:1449 com.android.server.wm.WindowManagerService.removeWindowInnerLocked:2478 com.android.server.wm.WindowManagerService.removeWindowLocked:2436 com.android.server.wm.WindowManagerService.removeWindowLocked:2305 com.android.server.wm.TaskStack.detachDisplay:807 com.android.server.wm.WindowManagerService.detachStackLocked:5022 
11-22 15:36:51.450  1239  1250 W WindowManager: Failed looking up window
11-22 15:36:51.450  1239  1250 W WindowManager: java.lang.IllegalArgumentException: Requested window android.os.BinderProxy@389bb72 does not exist
11-22 15:36:51.450  1239  1250 W WindowManager: 	at com.android.server.wm.WindowManagerService.windowForClientLocked(WindowManagerService.java:9100)
11-22 15:36:51.450  1239  1250 W WindowManager: 	at com.android.server.wm.WindowManagerService.windowForClientLocked(WindowManagerService.java:9091)
11-22 15:36:51.450  1239  1250 W WindowManager: 	at com.android.server.wm.WindowState$DeathRecipient.binderDied(WindowState.java:1777)
11-22 15:36:51.450  1239  1250 W WindowManager: 	at android.os.BinderProxy.sendDeathNotice(Binder.java:688)
11-22 15:36:51.450  1239  1250 I WindowManager: WIN DEATH: null
11-22 15:36:52.548  2373  2373 D AndroidRuntime: >>>>>> START com.android.internal.os.RuntimeInit uid 2000 <<<<<<
11-22 15:36:52.571  2373  2373 D AndroidRuntime: CheckJNI is ON
11-22 15:36:52.698  2373  2373 W art     : Unexpected CPU variant for X86 using defaults: x86
11-22 15:36:52.715  2373  2373 D ICU     : No timezone override file found: /data/misc/zoneinfo/current/icu/icu_tzdata.dat
11-22 15:36:52.755  2373  2373 E memtrack: Couldn't load memtrack module (No such file or directory)
11-22 15:36:52.755  2373  2373 E android.os.Debug: failed to load memtrack module: -2
11-22 15:36:52.757  2373  2373 I Radio-JNI: register_android_hardware_Radio DONE
11-22 15:36:52.788  2373  2373 D AndroidRuntime: Calling main entry com.android.commands.pm.Pm
11-22 15:36:52.830  1239  1253 I ActivityManager: Force stopping br.com.catbag.gifreduxsample.test appid=10061 user=-1: deletePackageX
11-22 15:36:53.018  1239  1265 I art     : Starting a blocking GC Explicit
11-22 15:36:53.115  1239  1265 I art     : Explicit concurrent mark sweep GC freed 27869(1904KB) AllocSpace objects, 11(220KB) LOS objects, 33% free, 7MB/10MB, paused 6.774ms total 86.616ms
11-22 15:36:53.137  2373  2373 I art     : System.exit called, status: 0
11-22 15:36:53.138  2373  2373 I AndroidRuntime: VM exiting with result code 0.
11-22 15:36:53.356  1239  1265 I ActivityManager: Force stopping br.com.catbag.gifreduxsample.test appid=10061 user=0: pkg removed
11-22 15:36:53.501  1239  1253 W art     : Long monitor contention with owner PackageManager (1265) at int com.android.server.am.ActivityManagerService.broadcastIntent(android.app.IApplicationThread, android.content.Intent, java.lang.String, android.content.IIntentReceiver, int, java.lang.String, android.os.Bundle, java.lang.String[], int, android.os.Bundle, boolean, boolean, int)(ActivityManagerService.java:18249) waiters=0 in void com.android.server.am.ActivityStackSupervisor$ActivityStackSupervisorHandler.activityIdleInternal(com.android.server.am.ActivityRecord) for 138ms
11-22 15:36:53.660  1239  1279 I InputReader: Reconfiguring input devices.  changes=0x00000010
11-22 15:36:53.673  1239  1239 W art     : Long monitor contention with owner ActivityManager (1253) at void com.android.server.am.BroadcastQueue.processNextBroadcast(boolean)(BroadcastQueue.java:754) waiters=1 in boolean com.android.server.am.ActivityManagerService.isUserRunning(int, int) for 151ms
11-22 15:36:53.721  1239  1265 E KernelUidCpuTimeReader: failed to remove uid from uid_cputime module
11-22 15:36:53.721  1239  1265 E KernelUidCpuTimeReader: java.io.FileNotFoundException: /proc/uid_cputime/remove_uid_range (No such file or directory)
11-22 15:36:53.721  1239  1265 E KernelUidCpuTimeReader: 	at java.io.FileOutputStream.open(Native Method)
11-22 15:36:53.721  1239  1265 E KernelUidCpuTimeReader: 	at java.io.FileOutputStream.<init>(FileOutputStream.java:221)
11-22 15:36:53.721  1239  1265 E KernelUidCpuTimeReader: 	at java.io.FileOutputStream.<init>(FileOutputStream.java:108)
11-22 15:36:53.721  1239  1265 E KernelUidCpuTimeReader: 	at java.io.FileWriter.<init>(FileWriter.java:63)
11-22 15:36:53.721  1239  1265 E KernelUidCpuTimeReader: 	at com.android.internal.os.KernelUidCpuTimeReader.removeUid(KernelUidCpuTimeReader.java:158)
11-22 15:36:53.721  1239  1265 E KernelUidCpuTimeReader: 	at com.android.internal.os.BatteryStatsImpl.removeUidStatsLocked(BatteryStatsImpl.java:9805)
11-22 15:36:53.721  1239  1265 E KernelUidCpuTimeReader: 	at com.android.server.am.BatteryStatsService.removeUid(BatteryStatsService.java:291)
11-22 15:36:53.721  1239  1265 E KernelUidCpuTimeReader: 	at com.android.server.am.ActivityManagerService.broadcastIntentLocked(ActivityManagerService.java:17767)
11-22 15:36:53.721  1239  1265 E KernelUidCpuTimeReader: 	at com.android.server.am.ActivityManagerService.broadcastIntent(ActivityManagerService.java:18256)
11-22 15:36:53.721  1239  1265 E KernelUidCpuTimeReader: 	at com.android.server.pm.PackageManagerService$8.run(PackageManagerService.java:11407)
11-22 15:36:53.721  1239  1265 E KernelUidCpuTimeReader: 	at android.os.Handler.handleCallback(Handler.java:751)
11-22 15:36:53.721  1239  1265 E KernelUidCpuTimeReader: 	at android.os.Handler.dispatchMessage(Handler.java:95)
11-22 15:36:53.721  1239  1265 E KernelUidCpuTimeReader: 	at android.os.Looper.loop(Looper.java:154)
11-22 15:36:53.721  1239  1265 E KernelUidCpuTimeReader: 	at android.os.HandlerThread.run(HandlerThread.java:61)
11-22 15:36:53.721  1239  1265 E KernelUidCpuTimeReader: 	at com.android.server.ServiceThread.run(ServiceThread.java:46)
11-22 15:36:53.740  1447  1447 D CarrierSvcBindHelper: No carrier app for: 0
11-22 15:36:53.863  1239  1439 W art     : Long monitor contention with owner ActivityManager (1253) at void com.android.server.am.BroadcastQueue.processNextBroadcast(boolean)(BroadcastQueue.java:754) waiters=0 in void com.android.server.am.ActivityManagerService.serviceDoneExecuting(android.os.IBinder, int, int, int) for 137ms
11-22 15:36:54.317  1239  1325 E TaskPersister: File error accessing recents directory (directory doesn't exist?).
11-22 15:36:54.396  1239  1252 W LocationProviderProxy-network: Odd, no component found for service com.android.location.service.v3.NetworkLocationProvider
11-22 15:36:54.396  1239  1252 W GeocoderProxy: Odd, no component found for service com.android.location.service.GeocodeProvider
11-22 15:36:54.397  1239  1252 W GeofenceProxy: Odd, no component found for service com.android.location.service.GeofenceProvider
11-22 15:36:54.397  1239  1252 W ActivityRecognitionProxy: Odd, no component found for service com.android.location.service.ActivityRecognitionProvider
11-22 15:36:54.572  1658  1672 I art     : Background sticky concurrent mark sweep GC freed 2929(322KB) AllocSpace objects, 0(0B) LOS objects, 24% free, 1976KB/2MB, paused 36.757ms total 189.378ms
11-22 15:36:54.697  2385  2385 D AndroidRuntime: >>>>>> START com.android.internal.os.RuntimeInit uid 2000 <<<<<<
11-22 15:36:54.700  2385  2385 D AndroidRuntime: CheckJNI is ON
