11-24 18:33:44.453  2250  2250 E Feed    : 	at android.support.v7.widget.RecyclerView$Recycler.getViewForPosition(RecyclerView.java:4913)
11-24 18:33:44.453  2250  2250 E Feed    : 	at android.support.v7.widget.LinearLayoutManager$LayoutState.next(LinearLayoutManager.java:2029)
11-24 18:33:44.453  2250  2250 E Feed    : 	at android.support.v7.widget.LinearLayoutManager.layoutChunk(LinearLayoutManager.java:1414)
11-24 18:33:44.453  2250  2250 E Feed    : 	at android.support.v7.widget.LinearLayoutManager.fill(LinearLayoutManager.java:1377)
11-24 18:33:44.453  2250  2250 E Feed    : 	at android.support.v7.widget.LinearLayoutManager.onLayoutChildren(LinearLayoutManager.java:578)
11-24 18:33:44.453  2250  2250 E Feed    : 	at android.support.v7.widget.RecyclerView.dispatchLayoutStep2(RecyclerView.java:3260)
11-24 18:33:44.453  2250  2250 E Feed    : 	at android.support.v7.widget.RecyclerView.dispatchLayout(RecyclerView.java:3069)
11-24 18:33:44.453  2250  2250 E Feed    : 	at android.support.v7.widget.RecyclerView.onLayout(RecyclerView.java:3518)
11-24 18:33:44.453  2250  2250 E Feed    : 	at android.view.View.layout(View.java:17520)
11-24 18:33:44.453  2250  2250 E Feed    : 	at android.view.ViewGroup.layout(ViewGroup.java:5612)
11-24 18:33:44.453  2250  2250 E Feed    : 	at android.widget.FrameLayout.layoutChildren(FrameLayout.java:323)
11-24 18:33:44.453  2250  2250 E Feed    : 	at android.widget.FrameLayout.onLayout(FrameLayout.java:261)
11-24 18:33:44.453  2250  2250 E Feed    : 	at android.view.View.layout(View.java:17520)
11-24 18:33:44.453  2250  2250 E Feed    : 	at android.view.ViewGroup.layout(ViewGroup.java:5612)
11-24 18:33:44.453  2250  2250 E Feed    : 	at android.widget.RelativeLayout.onLayout(RelativeLayout.java:1079)
11-24 18:33:44.453  2250  2250 E Feed    : 	at android.view.View.layout(View.java:17520)
11-24 18:33:44.453  2250  2250 E Feed    : 	at android.view.ViewGroup.layout(ViewGroup.java:5612)
11-24 18:33:44.453  2250  2250 E Feed    : 	at android.widget.FrameLayout.layoutChildren(FrameLayout.java:323)
11-24 18:33:44.453  2250  2250 E Feed    : 	at android.widget.FrameLayout.onLayout(FrameLayout.java:261)
11-24 18:33:44.453  2250  2250 E Feed    : 	at android.view.View.layout(View.java:17520)
11-24 18:33:44.453  2250  2250 E Feed    : 	at android.view.ViewGroup.layout(ViewGroup.java:5612)
11-24 18:33:44.453  2250  2250 E Feed    : 	at android.support.v7.widget.ActionBarOverlayLayout.onLayout(ActionBarOverlayLayout.java:435)
11-24 18:33:44.453  2250  2250 E Feed    : 	at android.view.View.layout(View.java:17520)
11-24 18:33:44.453  2250  2250 E Feed    : 	at android.view.ViewGroup.layout(ViewGroup.java:5612)
11-24 18:33:44.453  2250  2250 E Feed    : 	at android.widget.FrameLayout.layoutChildren(FrameLayout.java:323)
11-24 18:33:44.453  2250  2250 E Feed    : 	at android.widget.FrameLayout.onLayout(FrameLayout.java:261)
11-24 18:33:44.453  2250  2250 E Feed    : 	at android.view.View.layout(View.java:17520)
11-24 18:33:44.453  2250  2250 E Feed    : 	at android.view.ViewGroup.layout(ViewGroup.java:5612)
11-24 18:33:44.453  2250  2250 E Feed    : 	at android.widget.LinearLayout.setChildFrame(LinearLayout.java:1741)
11-24 18:33:44.453  2250  2250 E Feed    : 	at android.widget.LinearLayout.layoutVertical(LinearLayout.java:1585)
11-24 18:33:44.453  2250  2250 E Feed    : 	at android.widget.LinearLayout.onLayout(LinearLayout.java:1494)
11-24 18:33:44.453  2250  2250 E Feed    : 	at android.view.View.layout(View.java:17520)
11-24 18:33:44.453  2250  2250 E Feed    : 	at android.view.ViewGroup.layout(ViewGroup.java:5612)
11-24 18:33:44.453  2250  2250 E Feed    : 	at android.widget.FrameLayout.layoutChildren(FrameLayout.java:323)
11-24 18:33:44.453  2250  2250 E Feed    : 	at android.widget.FrameLayout.onLayout(FrameLayout.java:261)
11-24 18:33:44.453  2250  2250 E Feed    : 	at com.android.internal.policy.DecorView.onLayout(DecorView.java:724)
11-24 18:33:44.453  2250  2250 E Feed    : 	at android.view.View.layout(View.java:17520)
11-24 18:33:44.453  2250  2250 E Feed    : 	at android.view.ViewGroup.layout(ViewGroup.java:5612)
11-24 18:33:44.453  2250  2250 E Feed    : 	at android.view.ViewRootImpl.performLayout(ViewRootImpl.java:2342)
11-24 18:33:44.453  2250  2250 E Feed    : 	at android.view.ViewRootImpl.performTraversals(ViewRootImpl.java:2069)
11-24 18:33:44.453  2250  2250 E Feed    : 	at android.view.ViewRootImpl.doTraversal(ViewRootImpl.java:1246)
11-24 18:33:44.453  2250  2250 E Feed    : 	at android.view.ViewRootImpl$TraversalRunnable.run(ViewRootImpl.java:6301)
11-24 18:33:44.453  2250  2250 E Feed    : 	at android.view.Choreographer$CallbackRecord.run(Choreographer.java:871)
11-24 18:33:44.453  2250  2250 E Feed    : 	at android.view.Choreographer.doCallbacks(Choreographer.java:683)
11-24 18:33:44.453  2250  2250 E Feed    : 	at android.view.Choreographer.doFrame(Choreographer.java:619)
11-24 18:33:44.453  2250  2250 E Feed    : 	at android.view.Choreographer$FrameDisplayEventReceiver.run(Choreographer.java:857)
11-24 18:33:44.453  2250  2250 E Feed    : 	at android.os.Handler.handleCallback(Handler.java:751)
11-24 18:33:44.453  2250  2250 E Feed    : 	at android.os.Handler.dispatchMessage(Handler.java:95)
11-24 18:33:44.453  2250  2250 E Feed    : 	at android.os.Looper.loop(Looper.java:154)
11-24 18:33:44.453  2250  2250 E Feed    : 	at android.app.ActivityThread.main(ActivityThread.java:6077)
11-24 18:33:44.453  2250  2250 E Feed    : 	at java.lang.reflect.Method.invoke(Native Method)
11-24 18:33:44.453  2250  2250 E Feed    : 	at com.android.internal.os.ZygoteInit$MethodAndArgsCaller.run(ZygoteInit.java:865)
11-24 18:33:44.453  2250  2250 E Feed    : 	at com.android.internal.os.ZygoteInit.main(ZygoteInit.java:755)
11-24 18:33:44.458  2250  2250 D LifecycleMonitor: Lifecycle status change: br.com.catbag.gifreduxsample.ui.GifListActivity@bf80924 in: STOPPED
11-24 18:33:44.459  2250  2250 D LifecycleMonitor: Lifecycle status change: br.com.catbag.gifreduxsample.ui.GifListActivity@bf80924 in: DESTROYED
11-24 18:33:44.583  2250  2250 D LifecycleMonitor: Lifecycle status change: br.com.catbag.gifreduxsample.ui.GifListActivity@408e1ac in: PAUSED
11-24 18:33:44.611  1237  1258 I WindowManager: Destroying surface Surface(name=br.com.catbag.gifreduxsample/br.com.catbag.gifreduxsample.ui.GifListActivity) called by com.android.server.wm.WindowStateAnimator.destroySurface:2014 com.android.server.wm.WindowStateAnimator.destroySurfaceLocked:881 com.android.server.wm.WindowState.removeLocked:1449 com.android.server.wm.WindowManagerService.removeWindowInnerLocked:2478 com.android.server.wm.AppWindowToken.destroySurfaces:365 com.android.server.wm.WindowStateAnimator.finishExit:565 com.android.server.wm.WindowStateAnimator.stepAnimationLocked:491 com.android.server.wm.WindowAnimator.updateWindowsLocked:303 
11-24 18:33:44.624  2250  2265 I TestRunner: finished: whenGifIsNotWatchedTest(br.com.catbag.gifreduxsample.ui.giflist.GifListActivityTest)
11-24 18:33:44.684   977   977 D gralloc : Registering a buffer in the process that created it. This may cause memory ordering problems.
11-24 18:33:44.684   977   977 E libEGL  : called unimplemented OpenGL ES API
11-24 18:33:44.685   977   977 E SurfaceFlinger: glCheckFramebufferStatusOES error 546614527
11-24 18:33:44.685   977   977 E SurfaceFlinger: got GL_FRAMEBUFFER_COMPLETE_OES error while taking screenshot
11-24 18:33:44.702  1237  1249 W WindowManager: Screenshot failure taking screenshot for (480x800) to layer 22010
11-24 18:33:44.709  2250  2250 I MonitoringInstrumentation: Activities that are still in CREATED to STOPPED: 1
11-24 18:33:44.710  1237  1251 W art     : Long monitor contention with owner Binder:1237_2 (1249) at void com.android.server.am.ActivityManagerService.activityPaused(android.os.IBinder)(ActivityManagerService.java:6849) waiters=1 in void com.android.server.am.ActivityStackSupervisor$ActivityStackSupervisorHandler.activityIdleInternal(com.android.server.am.ActivityRecord) for 104ms
11-24 18:33:44.712  2250  2265 I TestRunner: started: whenGifIsDownloadingTest(br.com.catbag.gifreduxsample.ui.giflist.GifListActivityTest)
11-24 18:33:44.728  2250  2250 I MonitoringInstrumentation: Activities that are still in CREATED to STOPPED: 1
11-24 18:33:44.734  2250  2266 I DroidFlux:Dispatcher: [STARTED] dispatch of action [FAKE_REDUCE_ACTION]
11-24 18:33:44.755  1237  1258 I Choreographer: Skipped 32 frames!  The application may be doing too much work on its main thread.
11-24 18:33:44.763  2250  2266 I DroidFlux:Dispatcher: [COMPLETED] dispatch of action [FAKE_REDUCE_ACTION]
11-24 18:33:44.776  2250  2286 D ActivityTestRule: Launching activity br.com.catbag.gifreduxsample.ui.GifListActivity
11-24 18:33:44.784  2250  2287 D MonitoringInstrumentation: execStartActivity(context, ibinder, ibinder, activity, intent, int, bundle
11-24 18:33:44.805  1237  1620 I ActivityManager: START u0 {flg=0x10000000 cmp=br.com.catbag.gifreduxsample/.ui.GifListActivity} from uid 10060 on display 0
11-24 18:33:45.008  1237  1258 I Choreographer: Skipped 50 frames!  The application may be doing too much work on its main thread.
11-24 18:33:45.042  1237  1251 W art     : Long monitor contention with owner Binder:1237_7 (1620) at int com.android.server.am.ActivityStarter.startActivityMayWait(android.app.IApplicationThread, int, java.lang.String, android.content.Intent, java.lang.String, android.service.voice.IVoiceInteractionSession, com.android.internal.app.IVoiceInteractor, android.os.IBinder, java.lang.String, int, int, android.app.ProfilerInfo, android.app.IActivityManager$WaitResult, android.content.res.Configuration, android.os.Bundle, boolean, int, android.app.IActivityContainer, com.android.server.am.TaskRecord)(ActivityStarter.java:725) waiters=1 in void com.android.server.am.ActivityManagerService$MainHandler.handleMessage(android.os.Message) for 138ms
11-24 18:33:45.136  1714  1714 I Choreographer: Skipped 40 frames!  The application may be doing too much work on its main thread.
11-24 18:33:45.269  2250  2250 D LifecycleMonitor: Lifecycle status change: br.com.catbag.gifreduxsample.ui.GifListActivity@c0787d1 in: PRE_ON_CREATE
11-24 18:33:45.308  1237  1258 I Choreographer: Skipped 72 frames!  The application may be doing too much work on its main thread.
11-24 18:33:45.354  1237  1258 I WindowManager: Destroying surface Surface(name=Starting br.com.catbag.gifreduxsample) called by com.android.server.wm.WindowStateAnimator.destroySurface:2014 com.android.server.wm.WindowStateAnimator.destroySurfaceLocked:881 com.android.server.wm.WindowState.removeLocked:1449 com.android.server.wm.WindowManagerService.removeWindowInnerLocked:2478 com.android.server.wm.AppWindowToken.destroySurfaces:365 com.android.server.wm.WindowStateAnimator.finishExit:565 com.android.server.wm.WindowStateAnimator.stepAnimationLocked:491 com.android.server.wm.WindowAnimator.updateWindowsLocked:303 
11-24 18:33:45.393  2250  2250 D LifecycleMonitor: Lifecycle status change: br.com.catbag.gifreduxsample.ui.GifListActivity@c0787d1 in: CREATED
11-24 18:33:45.394  2250  2266 I DroidFlux:Dispatcher: [STARTED] dispatch of action [APP_STATE_LOAD]
11-24 18:33:45.396  2250  2250 D LifecycleMonitor: Lifecycle status change: br.com.catbag.gifreduxsample.ui.GifListActivity@c0787d1 in: STARTED
11-24 18:33:45.398  2250  2250 D LifecycleMonitor: Lifecycle status change: br.com.catbag.gifreduxsample.ui.GifListActivity@c0787d1 in: RESUMED
11-24 18:33:45.411  2250  2266 D DroidFlux:Dispatcher: An action of type [APP_STATE_LOAD] was dispatched, but no reducer handled it
11-24 18:33:45.411  2250  2266 I DroidFlux:Dispatcher: [COMPLETED] dispatch of action [APP_STATE_LOAD]
11-24 18:33:45.593  1237  1258 I ActivityManager: Displayed br.com.catbag.gifreduxsample/.ui.GifListActivity: +451ms (total +1s567ms)
11-24 18:33:45.743  2250  2265 I TestRunner: finished: whenGifIsDownloadingTest(br.com.catbag.gifreduxsample.ui.giflist.GifListActivityTest)
11-24 18:33:45.766  2250  2250 D LifecycleMonitor: Lifecycle status change: br.com.catbag.gifreduxsample.ui.GifListActivity@c0787d1 in: PAUSED
11-24 18:33:45.851   977   977 D gralloc : Registering a buffer in the process that created it. This may cause memory ordering problems.
11-24 18:33:45.851   977   977 E libEGL  : called unimplemented OpenGL ES API
11-24 18:33:45.852   977   977 E SurfaceFlinger: glCheckFramebufferStatusOES error 546614527
11-24 18:33:45.852   977   977 E SurfaceFlinger: got GL_FRAMEBUFFER_COMPLETE_OES error while taking screenshot
11-24 18:33:45.863  1237  1249 W WindowManager: Screenshot failure taking screenshot for (480x800) to layer 22015
11-24 18:33:45.876  2250  2250 I MonitoringInstrumentation: Activities that are still in CREATED to STOPPED: 2
11-24 18:33:45.878  2250  2265 I TestRunner: started: whenListKeepOrderedAfterPlayTest(br.com.catbag.gifreduxsample.ui.giflist.GifListActivityTest)
11-24 18:33:45.881  2250  2250 I MonitoringInstrumentation: Activities that are still in CREATED to STOPPED: 2
11-24 18:33:45.917  2250  2266 I DroidFlux:Dispatcher: [STARTED] dispatch of action [FAKE_REDUCE_ACTION]
11-24 18:33:45.918  2250  2266 I DroidFlux:Dispatcher: [COMPLETED] dispatch of action [FAKE_REDUCE_ACTION]
11-24 18:33:45.927  1237  1444 D WindowManager: relayoutVisibleWindow: Window{d4204c2 u0 com.android.launcher3/com.android.launcher3.Launcher EXITING} mAnimatingExit=true, mRemoveOnExit=false, mDestroying=false
11-24 18:33:45.996  2250  2288 D ActivityTestRule: Launching activity br.com.catbag.gifreduxsample.ui.GifListActivity
11-24 18:33:46.030  2250  2289 D MonitoringInstrumentation: execStartActivity(context, ibinder, ibinder, activity, intent, int, bundle
11-24 18:33:46.031  1237  1248 I ActivityManager: START u0 {flg=0x10000000 cmp=br.com.catbag.gifreduxsample/.ui.GifListActivity} from uid 10060 on display 0
11-24 18:33:46.046  1237  1258 I Choreographer: Skipped 64 frames!  The application may be doing too much work on its main thread.
11-24 18:33:46.061  1237  1258 I WindowManager: Destroying surface Surface(name=Starting br.com.catbag.gifreduxsample) called by com.android.server.wm.WindowStateAnimator.destroySurface:2014 com.android.server.wm.WindowStateAnimator.destroySurfaceLocked:881 com.android.server.wm.WindowState.removeLocked:1449 com.android.server.wm.WindowManagerService.removeWindowInnerLocked:2478 com.android.server.wm.AppWindowToken.destroySurfaces:365 com.android.server.wm.WindowStateAnimator.finishExit:565 com.android.server.wm.WindowStateAnimator.stepAnimationLocked:491 com.android.server.wm.WindowAnimator.updateWindowsLocked:303 
11-24 18:33:46.114  2250  2250 D LifecycleMonitor: Lifecycle status change: br.com.catbag.gifreduxsample.ui.GifListActivity@83f21b3 in: PRE_ON_CREATE
11-24 18:33:46.201  2250  2250 D LifecycleMonitor: Lifecycle status change: br.com.catbag.gifreduxsample.ui.GifListActivity@83f21b3 in: CREATED
11-24 18:33:46.202  2250  2266 I DroidFlux:Dispatcher: [STARTED] dispatch of action [APP_STATE_LOAD]
11-24 18:33:46.203  2250  2266 D DroidFlux:Dispatcher: An action of type [APP_STATE_LOAD] was dispatched, but no reducer handled it
11-24 18:33:46.203  2250  2266 I DroidFlux:Dispatcher: [COMPLETED] dispatch of action [APP_STATE_LOAD]
11-24 18:33:46.203  2250  2250 D LifecycleMonitor: Lifecycle status change: br.com.catbag.gifreduxsample.ui.GifListActivity@83f21b3 in: STARTED
11-24 18:33:46.247  2250  2250 D LifecycleMonitor: Lifecycle status change: br.com.catbag.gifreduxsample.ui.GifListActivity@83f21b3 in: RESUMED
11-24 18:33:46.400  2250  2255 I art     : Do partial code cache collection, code=54KB, data=61KB
11-24 18:33:46.400  2250  2255 I art     : After code cache collection, code=53KB, data=60KB
11-24 18:33:46.400  2250  2255 I art     : Increasing code cache capacity to 256KB
11-24 18:33:46.457  1237  1258 I ActivityManager: Displayed br.com.catbag.gifreduxsample/.ui.GifListActivity: +364ms
11-24 18:33:46.482  2250  2250 W ResourceType: No package identifier when getting name for resource number 0x0000000c
11-24 18:33:46.483  2250  2250 I ViewInteraction: Performing 'single click' action on view with id: 12 (resource name not found)
11-24 18:33:46.590  2250  2266 I DroidFlux:Dispatcher: [STARTED] dispatch of action [GIF_PLAY]
11-24 18:33:46.591  2250  2266 I DroidFlux:Dispatcher: [COMPLETED] dispatch of action [GIF_PLAY]
11-24 18:33:46.607   988  1027 D AudioFlinger: mixer(0xb3983e00) throttle end: throttle time(11)
11-24 18:33:46.626   988  1027 D AudioFlinger: mixer(0xb3983e00) throttle end: throttle time(11)
11-24 18:33:46.682  1237  1258 I WindowManager: Destroying surface Surface(name=Starting br.com.catbag.gifreduxsample) called by com.android.server.wm.WindowStateAnimator.destroySurface:2014 com.android.server.wm.WindowStateAnimator.destroySurfaceLocked:881 com.android.server.wm.WindowState.destroyOrSaveSurface:2073 com.android.server.wm.AppWindowToken.destroySurfaces:363 com.android.server.wm.WindowStateAnimator.finishExit:565 com.android.server.wm.WindowStateAnimator.stepAnimationLocked:491 com.android.server.wm.WindowAnimator.updateWindowsLocked:303 com.android.server.wm.WindowAnimator.animateLocked:704 
11-24 18:33:47.003  1237  1444 I WindowManager: Destroying surface Surface(name=com.android.launcher3/com.android.launcher3.Launcher) called by com.android.server.wm.WindowStateAnimator.destroySurface:2014 com.android.server.wm.WindowStateAnimator.destroySurfaceLocked:881 com.android.server.wm.WindowState.destroyOrSaveSurface:2073 com.android.server.wm.AppWindowToken.destroySurfaces:363 com.android.server.wm.AppWindowToken.notifyAppStopped:389 com.android.server.wm.WindowManagerService.notifyAppStopped:4456 com.android.server.am.ActivityStack.activityStoppedLocked:1252 com.android.server.am.ActivityManagerService.activityStopped:6873 
11-24 18:33:47.029  2250  2250 D LifecycleMonitor: Lifecycle status change: br.com.catbag.gifreduxsample.ui.GifListActivity@c0787d1 in: STOPPED
11-24 18:33:47.030  2250  2250 D LifecycleMonitor: Lifecycle status change: br.com.catbag.gifreduxsample.ui.GifListActivity@c0787d1 in: DESTROYED
11-24 18:33:47.034  1237  1358 I WindowManager: Destroying surface Surface(name=br.com.catbag.gifreduxsample/br.com.catbag.gifreduxsample.ui.GifListActivity) called by com.android.server.wm.WindowStateAnimator.destroySurface:2014 com.android.server.wm.WindowStateAnimator.destroySurfaceLocked:881 com.android.server.wm.WindowState.removeLocked:1449 com.android.server.wm.WindowManagerService.removeWindowInnerLocked:2478 com.android.server.wm.WindowManagerService.removeWindowLocked:2436 com.android.server.wm.WindowManagerService.removeWindowLocked:2305 com.android.server.wm.WindowManagerService.removeWindow:2300 com.android.server.wm.Session.remove:193 
11-24 18:33:47.070  2250  2250 D LifecycleMonitor: Lifecycle status change: br.com.catbag.gifreduxsample.ui.GifListActivity@408e1ac in: STOPPED
11-24 18:33:47.070  2250  2250 D LifecycleMonitor: Lifecycle status change: br.com.catbag.gifreduxsample.ui.GifListActivity@408e1ac in: DESTROYED
11-24 18:33:47.073  1237  1248 I WindowManager: Destroying surface Surface(name=br.com.catbag.gifreduxsample/br.com.catbag.gifreduxsample.ui.GifListActivity) called by com.android.server.wm.WindowStateAnimator.destroySurface:2014 com.android.server.wm.WindowStateAnimator.destroySurfaceLocked:881 com.android.server.wm.WindowState.removeLocked:1449 com.android.server.wm.WindowManagerService.removeWindowInnerLocked:2478 com.android.server.wm.WindowManagerService.removeWindowLocked:2436 com.android.server.wm.WindowManagerService.removeWindowLocked:2305 com.android.server.wm.WindowManagerService.removeWindow:2300 com.android.server.wm.Session.remove:193 
11-24 18:33:47.392  2250  2250 W ResourceType: No package identifier when getting name for resource number 0x00000010
11-24 18:33:47.392  2250  2250 I ViewInteraction: Performing 'scroll RecyclerView to position: 2' action on view with id: 16 (resource name not found)
11-24 18:33:47.711  2250  2250 W ResourceType: No package identifier when getting name for resource number 0x00000010
11-24 18:33:47.729  2250  2250 W ResourceType: No package identifier when getting name for resource number 0x00000018
11-24 18:33:47.729  2250  2250 I ViewInteraction: Performing 'single click' action on view with id: 24 (resource name not found)
11-24 18:33:47.794  2250  2266 I DroidFlux:Dispatcher: [STARTED] dispatch of action [GIF_PLAY]
11-24 18:33:47.808  2250  2266 I DroidFlux:Dispatcher: [COMPLETED] dispatch of action [GIF_PLAY]
11-24 18:33:48.373  2250  2250 W ResourceType: No package identifier when getting name for resource number 0x0000001c
11-24 18:33:48.373  2250  2250 I ViewInteraction: Performing 'scroll RecyclerView to position: 3' action on view with id: 28 (resource name not found)
11-24 18:33:48.680  2250  2250 W ResourceType: No package identifier when getting name for resource number 0x0000001c
11-24 18:33:48.722  2250  2250 W ResourceType: No package identifier when getting name for resource number 0x00000024
11-24 18:33:48.722  2250  2250 I ViewInteraction: Performing 'single click' action on view with id: 36 (resource name not found)
11-24 18:33:48.788  2250  2266 I DroidFlux:Dispatcher: [STARTED] dispatch of action [GIF_PLAY]
11-24 18:33:48.816  2250  2266 I DroidFlux:Dispatcher: [COMPLETED] dispatch of action [GIF_PLAY]
11-24 18:33:48.859  2250  2261 I art     : Background sticky concurrent mark sweep GC freed 21675(1677KB) AllocSpace objects, 10(208KB) LOS objects, 23% free, 6MB/9MB, paused 6.473ms total 140.732ms
11-24 18:33:48.872  1237  1324 E TaskPersister: File error accessing recents directory (directory doesn't exist?).
11-24 18:33:49.494  2250  2250 W ResourceType: No package identifier when getting name for resource number 0x00000028
11-24 18:33:49.494  2250  2250 I ViewInteraction: Performing 'scroll RecyclerView to position: 4' action on view with id: 40 (resource name not found)
11-24 18:33:49.838  2250  2250 W ResourceType: No package identifier when getting name for resource number 0x00000028
11-24 18:33:49.857  2250  2250 W ResourceType: No package identifier when getting name for resource number 0x00000030
11-24 18:33:49.858  2250  2250 I ViewInteraction: Performing 'single click' action on view with id: 48 (resource name not found)
11-24 18:33:49.915  2250  2266 I DroidFlux:Dispatcher: [STARTED] dispatch of action [GIF_PLAY]
11-24 18:33:49.939  2250  2266 I DroidFlux:Dispatcher: [COMPLETED] dispatch of action [GIF_PLAY]
11-24 18:33:50.561  2250  2250 W ResourceType: No package identifier when getting name for resource number 0x00000034
11-24 18:33:50.564  2250  2250 I ViewInteraction: Performing 'scroll RecyclerView to position: 5' action on view with id: 52 (resource name not found)
11-24 18:33:50.860  2250  2250 W ResourceType: No package identifier when getting name for resource number 0x00000034
11-24 18:33:50.872  2250  2250 W ResourceType: No package identifier when getting name for resource number 0x0000003c
11-24 18:33:50.872  2250  2250 I ViewInteraction: Performing 'single click' action on view with id: 60 (resource name not found)
11-24 18:33:50.931  2250  2266 I DroidFlux:Dispatcher: [STARTED] dispatch of action [GIF_PLAY]
11-24 18:33:50.932  2250  2266 I DroidFlux:Dispatcher: [COMPLETED] dispatch of action [GIF_PLAY]
11-24 18:33:51.499  2250  2250 W ResourceType: No package identifier when getting name for resource number 0x00000040
11-24 18:33:51.499  2250  2250 I ViewInteraction: Performing 'scroll RecyclerView to position: 6' action on view with id: 64 (resource name not found)
11-24 18:33:51.850  2250  2250 W ResourceType: No package identifier when getting name for resource number 0x00000040
11-24 18:33:51.876  2250  2250 W ResourceType: No package identifier when getting name for resource number 0x00000048
11-24 18:33:51.876  2250  2250 I ViewInteraction: Performing 'single click' action on view with id: 72 (resource name not found)
11-24 18:33:51.962  2250  2266 I DroidFlux:Dispatcher: [STARTED] dispatch of action [GIF_PLAY]
11-24 18:33:51.963  2250  2266 I DroidFlux:Dispatcher: [COMPLETED] dispatch of action [GIF_PLAY]
11-24 18:33:52.000  2250  2261 W art     : Suspending all threads took: 5.806ms
11-24 18:33:52.064  2250  2261 I art     : Background partial concurrent mark sweep GC freed 16535(1387KB) AllocSpace objects, 9(192KB) LOS objects, 33% free, 7MB/11MB, paused 13.980ms total 193.023ms
11-24 18:33:52.643  2250  2250 W ResourceType: No package identifier when getting name for resource number 0x0000004c
11-24 18:33:52.644  2250  2250 I ViewInteraction: Performing 'scroll RecyclerView to position: 7' action on view with id: 76 (resource name not found)
11-24 18:33:52.945  2250  2250 W ResourceType: No package identifier when getting name for resource number 0x0000004c
11-24 18:33:52.967  2250  2250 W ResourceType: No package identifier when getting name for resource number 0x00000054
11-24 18:33:52.970  2250  2250 I ViewInteraction: Performing 'single click' action on view with id: 84 (resource name not found)
11-24 18:33:53.044  2250  2266 I DroidFlux:Dispatcher: [STARTED] dispatch of action [GIF_PLAY]
11-24 18:33:53.072  2250  2266 I DroidFlux:Dispatcher: [COMPLETED] dispatch of action [GIF_PLAY]
11-24 18:33:53.639  2250  2250 W ResourceType: No package identifier when getting name for resource number 0x00000058
11-24 18:33:53.639  2250  2250 I ViewInteraction: Performing 'scroll RecyclerView to position: 8' action on view with id: 88 (resource name not found)
11-24 18:33:53.940  2250  2250 W ResourceType: No package identifier when getting name for resource number 0x00000058
11-24 18:33:53.982  2250  2250 W ResourceType: No package identifier when getting name for resource number 0x00000060
11-24 18:33:53.982  2250  2250 I ViewInteraction: Performing 'single click' action on view with id: 96 (resource name not found)
11-24 18:33:54.058  2250  2266 I DroidFlux:Dispatcher: [STARTED] dispatch of action [GIF_PLAY]
11-24 18:33:54.059  2250  2266 I DroidFlux:Dispatcher: [COMPLETED] dispatch of action [GIF_PLAY]
11-24 18:33:54.641  2250  2250 W ResourceType: No package identifier when getting name for resource number 0x00000064
11-24 18:33:54.642  2250  2250 I ViewInteraction: Performing 'scroll RecyclerView to position: 9' action on view with id: 100 (resource name not found)
11-24 18:33:54.982  2250  2250 W ResourceType: No package identifier when getting name for resource number 0x00000064
11-24 18:33:54.990  2250  2250 W ResourceType: No package identifier when getting name for resource number 0x0000006c
11-24 18:33:54.990  2250  2250 I ViewInteraction: Performing 'single click' action on view with id: 108 (resource name not found)
11-24 18:33:55.086  2250  2266 I DroidFlux:Dispatcher: [STARTED] dispatch of action [GIF_PLAY]
11-24 18:33:55.087  2250  2266 I DroidFlux:Dispatcher: [COMPLETED] dispatch of action [GIF_PLAY]
11-24 18:33:55.633  2250  2250 W ResourceType: No package identifier when getting name for resource number 0x00000070
11-24 18:33:55.633  2250  2250 I ViewInteraction: Performing 'scroll RecyclerView to position: 10' action on view with id: 112 (resource name not found)
11-24 18:33:55.949  2250  2250 W ResourceType: No package identifier when getting name for resource number 0x00000070
11-24 18:33:55.977  2250  2250 W ResourceType: No package identifier when getting name for resource number 0x00000078
11-24 18:33:55.977  2250  2250 I ViewInteraction: Performing 'single click' action on view with id: 120 (resource name not found)
11-24 18:33:56.041  2250  2266 I DroidFlux:Dispatcher: [STARTED] dispatch of action [GIF_PLAY]
11-24 18:33:56.042  2250  2266 I DroidFlux:Dispatcher: [COMPLETED] dispatch of action [GIF_PLAY]
11-24 18:33:56.635  2250  2250 W ResourceType: No package identifier when getting name for resource number 0x0000007c
11-24 18:33:56.635  2250  2250 I ViewInteraction: Performing 'scroll RecyclerView to position: 11' action on view with id: 124 (resource name not found)
11-24 18:33:56.962  2250  2250 W ResourceType: No package identifier when getting name for resource number 0x0000007c
11-24 18:33:57.013  2250  2250 W ResourceType: No package identifier when getting name for resource number 0x00000084
11-24 18:33:57.014  2250  2250 I ViewInteraction: Performing 'single click' action on view with id: 132 (resource name not found)
11-24 18:33:57.082  2250  2266 I DroidFlux:Dispatcher: [STARTED] dispatch of action [GIF_PLAY]
11-24 18:33:57.083  2250  2266 I DroidFlux:Dispatcher: [COMPLETED] dispatch of action [GIF_PLAY]
11-24 18:33:57.731  2250  2250 W ResourceType: No package identifier when getting name for resource number 0x00000088
11-24 18:33:57.732  2250  2250 I ViewInteraction: Performing 'scroll RecyclerView to position: 12' action on view with id: 136 (resource name not found)
11-24 18:33:57.862  2250  2261 I art     : Background sticky concurrent mark sweep GC freed 23900(1932KB) AllocSpace objects, 15(320KB) LOS objects, 20% free, 9MB/11MB, paused 11.504ms total 90.166ms
11-24 18:33:57.879  2250  2255 I art     : Do full code cache collection, code=120KB, data=122KB
11-24 18:33:57.879  2250  2255 I art     : After code cache collection, code=92KB, data=78KB
11-24 18:33:58.073  2250  2250 W ResourceType: No package identifier when getting name for resource number 0x00000088
11-24 18:33:58.091  2250  2250 W ResourceType: No package identifier when getting name for resource number 0x00000090
11-24 18:33:58.092  2250  2250 I ViewInteraction: Performing 'single click' action on view with id: 144 (resource name not found)
11-24 18:33:58.161  2250  2266 I DroidFlux:Dispatcher: [STARTED] dispatch of action [GIF_PLAY]
11-24 18:33:58.162  2250  2266 I DroidFlux:Dispatcher: [COMPLETED] dispatch of action [GIF_PLAY]
11-24 18:33:58.819  2250  2250 W ResourceType: No package identifier when getting name for resource number 0x00000094
11-24 18:33:58.820  2250  2250 I ViewInteraction: Performing 'scroll RecyclerView to position: 13' action on view with id: 148 (resource name not found)
11-24 18:33:59.130  2250  2250 W ResourceType: No package identifier when getting name for resource number 0x00000094
11-24 18:33:59.142  2250  2250 W ResourceType: No package identifier when getting name for resource number 0x0000009c
11-24 18:33:59.143  2250  2250 I ViewInteraction: Performing 'single click' action on view with id: 156 (resource name not found)
11-24 18:33:59.211  2250  2266 I DroidFlux:Dispatcher: [STARTED] dispatch of action [GIF_PLAY]
11-24 18:33:59.232  2250  2266 I DroidFlux:Dispatcher: [COMPLETED] dispatch of action [GIF_PLAY]
11-24 18:33:59.755  2250  2250 W ResourceType: No package identifier when getting name for resource number 0x000000a0
11-24 18:33:59.763  2250  2250 I ViewInteraction: Performing 'scroll RecyclerView to position: 14' action on view with id: 160 (resource name not found)
11-24 18:34:00.080  2250  2250 W ResourceType: No package identifier when getting name for resource number 0x000000a0
11-24 18:34:00.095  2250  2250 W ResourceType: No package identifier when getting name for resource number 0x000000a8
11-24 18:34:00.095  2250  2250 I ViewInteraction: Performing 'single click' action on view with id: 168 (resource name not found)
11-24 18:34:00.213  2250  2266 I DroidFlux:Dispatcher: [STARTED] dispatch of action [GIF_PLAY]
11-24 18:34:00.214  2250  2266 I DroidFlux:Dispatcher: [COMPLETED] dispatch of action [GIF_PLAY]
11-24 18:34:00.829  2250  2250 W ResourceType: No package identifier when getting name for resource number 0x000000ac
11-24 18:34:00.829  2250  2250 I ViewInteraction: Performing 'scroll RecyclerView to position: 15' action on view with id: 172 (resource name not found)
11-24 18:34:01.134  2250  2250 W ResourceType: No package identifier when getting name for resource number 0x000000ac
11-24 18:34:01.278  2250  2261 I art     : Background sticky concurrent mark sweep GC freed 16370(1435KB) AllocSpace objects, 10(208KB) LOS objects, 12% free, 10MB/11MB, paused 14.732ms total 135.062ms
11-24 18:34:01.304  2250  2250 W ResourceType: No package identifier when getting name for resource number 0x000000b4
11-24 18:34:01.304  2250  2250 I ViewInteraction: Performing 'single click' action on view with id: 180 (resource name not found)
11-24 18:34:01.445  2250  2266 I DroidFlux:Dispatcher: [STARTED] dispatch of action [GIF_PLAY]
11-24 18:34:01.477  2250  2266 I DroidFlux:Dispatcher: [COMPLETED] dispatch of action [GIF_PLAY]
11-24 18:34:02.154  2250  2250 W ResourceType: No package identifier when getting name for resource number 0x000000b8
11-24 18:34:02.155  2250  2250 I ViewInteraction: Performing 'scroll RecyclerView to position: 16' action on view with id: 184 (resource name not found)
11-24 18:34:02.484  2250  2250 W ResourceType: No package identifier when getting name for resource number 0x000000b8
11-24 18:34:02.504  2250  2250 W ResourceType: No package identifier when getting name for resource number 0x000000c0
11-24 18:34:02.505  2250  2250 I ViewInteraction: Performing 'single click' action on view with id: 192 (resource name not found)
11-24 18:34:02.564  2250  2266 I DroidFlux:Dispatcher: [STARTED] dispatch of action [GIF_PLAY]
11-24 18:34:02.565  2250  2266 I DroidFlux:Dispatcher: [COMPLETED] dispatch of action [GIF_PLAY]
11-24 18:34:03.171  2250  2250 W ResourceType: No package identifier when getting name for resource number 0x000000c4
11-24 18:34:03.172  2250  2250 I ViewInteraction: Performing 'scroll RecyclerView to position: 17' action on view with id: 196 (resource name not found)
11-24 18:34:03.481  2250  2250 W ResourceType: No package identifier when getting name for resource number 0x000000c4
11-24 18:34:03.512  2250  2250 W ResourceType: No package identifier when getting name for resource number 0x000000cc
11-24 18:34:03.513  2250  2250 I ViewInteraction: Performing 'single click' action on view with id: 204 (resource name not found)
11-24 18:34:03.569  2250  2266 I DroidFlux:Dispatcher: [STARTED] dispatch of action [GIF_PLAY]
11-24 18:34:03.570  2250  2266 I DroidFlux:Dispatcher: [COMPLETED] dispatch of action [GIF_PLAY]
11-24 18:34:03.707  2250  2261 I art     : Background partial concurrent mark sweep GC freed 15236(1086KB) AllocSpace objects, 14(2MB) LOS objects, 31% free, 8MB/12MB, paused 5.643ms total 214.699ms
11-24 18:34:04.188  2250  2250 W ResourceType: No package identifier when getting name for resource number 0x000000d0
11-24 18:34:04.188  2250  2250 I ViewInteraction: Performing 'scroll RecyclerView to position: 18' action on view with id: 208 (resource name not found)
11-24 18:34:04.504  2250  2250 W ResourceType: No package identifier when getting name for resource number 0x000000d0
11-24 18:34:04.542  2250  2250 W ResourceType: No package identifier when getting name for resource number 0x000000d8
11-24 18:34:04.543  2250  2250 I ViewInteraction: Performing 'single click' action on view with id: 216 (resource name not found)
11-24 18:34:04.611  2250  2266 I DroidFlux:Dispatcher: [STARTED] dispatch of action [GIF_PLAY]
11-24 18:34:04.612  2250  2266 I DroidFlux:Dispatcher: [COMPLETED] dispatch of action [GIF_PLAY]
11-24 18:34:05.162  2250  2250 W ResourceType: No package identifier when getting name for resource number 0x000000e3
11-24 18:34:05.163  2250  2250 I ViewInteraction: Performing 'single click' action on view with id: 227 (resource name not found)
11-24 18:34:05.282  2250  2266 I DroidFlux:Dispatcher: [STARTED] dispatch of action [GIF_PAUSE]
11-24 18:34:05.283  2250  2266 I DroidFlux:Dispatcher: [COMPLETED] dispatch of action [GIF_PAUSE]
11-24 18:34:05.921  2250  2265 I TestRunner: finished: whenListKeepOrderedAfterPlayTest(br.com.catbag.gifreduxsample.ui.giflist.GifListActivityTest)
11-24 18:34:05.941  2250  2250 D LifecycleMonitor: Lifecycle status change: br.com.catbag.gifreduxsample.ui.GifListActivity@83f21b3 in: PAUSED
11-24 18:34:06.317   977   977 D gralloc : Registering a buffer in the process that created it. This may cause memory ordering problems.
11-24 18:34:06.318   977   977 E libEGL  : called unimplemented OpenGL ES API
11-24 18:34:06.318   977   977 E SurfaceFlinger: glCheckFramebufferStatusOES error 546614527
11-24 18:34:06.318   977   977 E SurfaceFlinger: got GL_FRAMEBUFFER_COMPLETE_OES error while taking screenshot
11-24 18:34:06.334  1237  1620 W WindowManager: Screenshot failure taking screenshot for (480x800) to layer 21005
11-24 18:34:06.343  1237  1251 W art     : Long monitor contention with owner Binder:1237_7 (1620) at void com.android.server.am.ActivityManagerService.activityPaused(android.os.IBinder)(ActivityManagerService.java:6849) waiters=0 in void com.android.server.am.ActivityStackSupervisor$ActivityStackSupervisorHandler.activityIdleInternal(com.android.server.am.ActivityRecord) for 389ms
11-24 18:34:06.365  2250  2250 I MonitoringInstrumentation: Activities that are still in CREATED to STOPPED: 1
11-24 18:34:06.369  2250  2265 I TestRunner: started: whenGifIsWatchedTest(br.com.catbag.gifreduxsample.ui.giflist.GifListActivityTest)
11-24 18:34:06.391  2250  2250 I MonitoringInstrumentation: Activities that are still in CREATED to STOPPED: 1
11-24 18:34:06.403  2250  2266 I DroidFlux:Dispatcher: [STARTED] dispatch of action [FAKE_REDUCE_ACTION]
11-24 18:34:06.404  2250  2266 I DroidFlux:Dispatcher: [COMPLETED] dispatch of action [FAKE_REDUCE_ACTION]
11-24 18:34:06.452  2250  2290 D ActivityTestRule: Launching activity br.com.catbag.gifreduxsample.ui.GifListActivity
11-24 18:34:06.480  2250  2291 D MonitoringInstrumentation: execStartActivity(context, ibinder, ibinder, activity, intent, int, bundle
11-24 18:34:06.489  1237  1620 I ActivityManager: START u0 {flg=0x10000000 cmp=br.com.catbag.gifreduxsample/.ui.GifListActivity} from uid 10060 on display 0
11-24 18:34:06.571  1237  1258 I Choreographer: Skipped 54 frames!  The application may be doing too much work on its main thread.
11-24 18:34:06.589  2250  2250 D LifecycleMonitor: Lifecycle status change: br.com.catbag.gifreduxsample.ui.GifListActivity@c97990 in: PRE_ON_CREATE
11-24 18:34:06.630  2250  2250 D LifecycleMonitor: Lifecycle status change: br.com.catbag.gifreduxsample.ui.GifListActivity@c97990 in: CREATED
11-24 18:34:06.631  2250  2266 I DroidFlux:Dispatcher: [STARTED] dispatch of action [APP_STATE_LOAD]
11-24 18:34:06.631  2250  2266 D DroidFlux:Dispatcher: An action of type [APP_STATE_LOAD] was dispatched, but no reducer handled it
11-24 18:34:06.631  2250  2266 I DroidFlux:Dispatcher: [COMPLETED] dispatch of action [APP_STATE_LOAD]
11-24 18:34:06.632  2250  2250 D LifecycleMonitor: Lifecycle status change: br.com.catbag.gifreduxsample.ui.GifListActivity@c97990 in: STARTED
11-24 18:34:06.633  2250  2250 D LifecycleMonitor: Lifecycle status change: br.com.catbag.gifreduxsample.ui.GifListActivity@c97990 in: RESUMED
11-24 18:34:06.781  2250  2250 E Feed    : Gif{uuid=9179670d-e6a0-4a42-bccb-f04da90309fe, path=, url=, title=, watched=true, status=DOWNLOADED}
11-24 18:34:06.781  2250  2250 E Feed    : pl.droidsonroids.gif.GifIOException: GifError 101: Failed to open given input
11-24 18:34:06.781  2250  2250 E Feed    : 	at pl.droidsonroids.gif.GifInfoHandle.openFile(Native Method)
11-24 18:34:06.781  2250  2250 E Feed    : 	at pl.droidsonroids.gif.GifInfoHandle.<init>(GifInfoHandle.java:46)
11-24 18:34:06.781  2250  2250 E Feed    : 	at pl.droidsonroids.gif.GifDrawable.<init>(GifDrawable.java:124)
11-24 18:34:06.781  2250  2250 E Feed    : 	at br.com.catbag.gifreduxsample.ui.components.FeedView.createDrawable(FeedView.java:102)
11-24 18:34:06.781  2250  2250 E Feed    : 	at br.com.catbag.gifreduxsample.ui.components.FeedView.lambda$renderGifView$1(FeedView.java:89)
11-24 18:34:06.781  2250  2250 E Feed    : 	at br.com.catbag.gifreduxsample.ui.components.FeedView$$Lambda$2.view(Unknown Source)
11-24 18:34:06.781  2250  2250 E Feed    : 	at trikita.anvil.BaseDSL.v(BaseDSL.java:670)
11-24 18:34:06.781  2250  2250 E Feed    : 	at br.com.catbag.gifreduxsample.ui.components.FeedView.renderGifView(FeedView.java:88)
11-24 18:34:06.781  2250  2250 E Feed    : 	at br.com.catbag.gifreduxsample.ui.components.FeedView.access$lambda$0(FeedView.java)
11-24 18:34:06.781  2250  2250 E Feed    : 	at br.com.catbag.gifreduxsample.ui.components.FeedView$$Lambda$3.view(Unknown Source)
11-24 18:34:06.781  2250  2250 E Feed    : 	at br.com.catbag.gifreduxsample.ui.components.GifsAdapter.view(GifsAdapter.java:55)
11-24 18:34:06.781  2250  2250 E Feed    : 	at trikita.anvil.RenderableRecyclerViewAdapter$1.view(RenderableRecyclerViewAdapter.java:24)
11-24 18:34:06.781  2250  2250 E Feed    : 	at trikita.anvil.Anvil$Mount.render(Anvil.java:204)
11-24 18:34:06.781  2250  2250 E Feed    : 	at trikita.anvil.Anvil.render(Anvil.java:173)
11-24 18:34:06.781  2250  2250 E Feed    : 	at trikita.anvil.RenderableRecyclerViewAdapter.onBindViewHolder(RenderableRecyclerViewAdapter.java:27)
11-24 18:34:06.781  2250  2250 E Feed    : 	at trikita.anvil.RenderableRecyclerViewAdapter.onBindViewHolder(RenderableRecyclerViewAdapter.java:7)
11-24 18:34:06.781  2250  2250 E Feed    : 	at android.support.v7.widget.RecyclerView$Adapter.onBindViewHolder(RecyclerView.java:5768)
11-24 18:34:06.781  2250  2250 E Feed    : 	at android.support.v7.widget.RecyclerView$Adapter.bindViewHolder(RecyclerView.java:5801)
11-24 18:34:06.781  2250  2250 E Feed    : 	at android.support.v7.widget.RecyclerView$Recycler.getViewForPosition(RecyclerView.java:5037)
11-24 18:34:06.781  2250  2250 E Feed    : 	at android.support.v7.widget.RecyclerView$Recycler.getViewForPosition(RecyclerView.java:4913)
11-24 18:34:06.781  2250  2250 E Feed    : 	at android.support.v7.widget.LinearLayoutManager$LayoutState.next(LinearLayoutManager.java:2029)
11-24 18:34:06.781  2250  2250 E Feed    : 	at android.support.v7.widget.LinearLayoutManager.layoutChunk(LinearLayoutManager.java:1414)
11-24 18:34:06.781  2250  2250 E Feed    : 	at android.support.v7.widget.LinearLayoutManager.fill(LinearLayoutManager.java:1377)
11-24 18:34:06.781  2250  2250 E Feed    : 	at android.support.v7.widget.LinearLayoutManager.onLayoutChildren(LinearLayoutManager.java:578)
11-24 18:34:06.781  2250  2250 E Feed    : 	at android.support.v7.widget.RecyclerView.dispatchLayoutStep2(RecyclerView.java:3260)
11-24 18:34:06.781  2250  2250 E Feed    : 	at android.support.v7.widget.RecyclerView.dispatchLayout(RecyclerView.java:3069)
11-24 18:34:06.781  2250  2250 E Feed    : 	at android.support.v7.widget.RecyclerView.onLayout(RecyclerView.java:3518)
11-24 18:34:06.781  2250  2250 E Feed    : 	at android.view.View.layout(View.java:17520)
11-24 18:34:06.781  2250  2250 E Feed    : 	at android.view.ViewGroup.layout(ViewGroup.java:5612)
11-24 18:34:06.781  2250  2250 E Feed    : 	at android.widget.FrameLayout.layoutChildren(FrameLayout.java:323)
11-24 18:34:06.781  2250  2250 E Feed    : 	at android.widget.FrameLayout.onLayout(FrameLayout.java:261)
11-24 18:34:06.781  2250  2250 E Feed    : 	at android.view.View.layout(View.java:17520)
11-24 18:34:06.781  2250  2250 E Feed    : 	at android.view.ViewGroup.layout(ViewGroup.java:5612)
11-24 18:34:06.781  2250  2250 E Feed    : 	at android.widget.RelativeLayout.onLayout(RelativeLayout.java:1079)
11-24 18:34:06.781  2250  2250 E Feed    : 	at android.view.View.layout(View.java:17520)
11-24 18:34:06.781  2250  2250 E Feed    : 	at android.view.ViewGroup.layout(ViewGroup.java:5612)
11-24 18:34:06.781  2250  2250 E Feed    : 	at android.widget.FrameLayout.layoutChildren(FrameLayout.java:323)
11-24 18:34:06.781  2250  2250 E Feed    : 	at android.widget.FrameLayout.onLayout(FrameLayout.java:261)
11-24 18:34:06.781  2250  2250 E Feed    : 	at android.view.View.layout(View.java:17520)
11-24 18:34:06.781  2250  2250 E Feed    : 	at android.view.ViewGroup.layout(ViewGroup.java:5612)
11-24 18:34:06.781  2250  2250 E Feed    : 	at android.support.v7.widget.ActionBarOverlayLayout.onLayout(ActionBarOverlayLayout.java:435)
11-24 18:34:06.781  2250  2250 E Feed    : 	at android.view.View.layout(View.java:17520)
11-24 18:34:06.781  2250  2250 E Feed    : 	at android.view.ViewGroup.layout(ViewGroup.java:5612)
11-24 18:34:06.781  2250  2250 E Feed    : 	at android.widget.FrameLayout.layoutChildren(FrameLayout.java:323)
11-24 18:34:06.781  2250  2250 E Feed    : 	at android.widget.FrameLayout.onLayout(FrameLayout.java:261)
11-24 18:34:06.781  2250  2250 E Feed    : 	at android.view.View.layout(View.java:17520)
11-24 18:34:06.781  2250  2250 E Feed    : 	at android.view.ViewGroup.layout(ViewGroup.java:5612)
11-24 18:34:06.781  2250  2250 E Feed    : 	at android.widget.LinearLayout.setChildFrame(LinearLayout.java:1741)
11-24 18:34:06.781  2250  2250 E Feed    : 	at android.widget.LinearLayout.layoutVertical(LinearLayout.java:1585)
11-24 18:34:06.781  2250  2250 E Feed    : 	at android.widget.LinearLayout.onLayout(LinearLayout.java:1494)
11-24 18:34:06.781  2250  2250 E Feed    : 	at android.view.View.layout(View.java:17520)
11-24 18:34:06.781  2250  2250 E Feed    : 	at android.view.ViewGroup.layout(ViewGroup.java:5612)
11-24 18:34:06.781  2250  2250 E Feed    : 	at android.widget.FrameLayout.layoutChildren(FrameLayout.java:323)
11-24 18:34:06.805  2250  2250 E Feed    : 	at android.widget.FrameLayout.onLayout(FrameLayout.java:261)
11-24 18:34:06.805  2250  2250 E Feed    : 	at com.android.internal.policy.DecorView.onLayout(DecorView.java:724)
11-24 18:34:06.805  2250  2250 E Feed    : 	at android.view.View.layout(View.java:17520)
11-24 18:34:06.805  2250  2250 E Feed    : 	at android.view.ViewGroup.layout(ViewGroup.java:5612)
11-24 18:34:06.805  2250  2250 E Feed    : 	at android.view.ViewRootImpl.performLayout(ViewRootImpl.java:2342)
11-24 18:34:06.805  2250  2250 E Feed    : 	at android.view.ViewRootImpl.performTraversals(ViewRootImpl.java:2069)
11-24 18:34:06.805  2250  2250 E Feed    : 	at android.view.ViewRootImpl.doTraversal(ViewRootImpl.java:1246)
11-24 18:34:06.805  2250  2250 E Feed    : 	at android.view.ViewRootImpl$TraversalRunnable.run(ViewRootImpl.java:6301)
11-24 18:34:06.805  2250  2250 E Feed    : 	at android.view.Choreographer$CallbackRecord.run(Choreographer.java:871)
11-24 18:34:06.805  2250  2250 E Feed    : 	at android.view.Choreographer.doCallbacks(Choreographer.java:683)
11-24 18:34:06.805  2250  2250 E Feed    : 	at android.view.Choreographer.doFrame(Choreographer.java:619)
11-24 18:34:06.805  2250  2250 E Feed    : 	at android.view.Choreographer$FrameDisplayEventReceiver.run(Choreographer.java:857)
11-24 18:34:06.805  2250  2250 E Feed    : 	at android.os.Handler.handleCallback(Handler.java:751)
11-24 18:34:06.805  2250  2250 E Feed    : 	at android.os.Handler.dispatchMessage(Handler.java:95)
11-24 18:34:06.805  2250  2250 E Feed    : 	at android.os.Looper.loop(Looper.java:154)
11-24 18:34:06.805  2250  2250 E Feed    : 	at android.app.ActivityThread.main(ActivityThread.java:6077)
11-24 18:34:06.805  2250  2250 E Feed    : 	at java.lang.reflect.Method.invoke(Native Method)
11-24 18:34:06.805  2250  2250 E Feed    : 	at com.android.internal.os.ZygoteInit$MethodAndArgsCaller.run(ZygoteInit.java:865)
11-24 18:34:06.805  2250  2250 E Feed    : 	at com.android.internal.os.ZygoteInit.main(ZygoteInit.java:755)
11-24 18:34:06.914  1237  1249 I WindowManager: Destroying surface Surface(name=com.android.launcher3/com.android.launcher3.Launcher) called by com.android.server.wm.WindowStateAnimator.destroySurface:2014 com.android.server.wm.WindowStateAnimator.destroySurfaceLocked:881 com.android.server.wm.WindowState.destroyOrSaveSurface:2073 com.android.server.wm.AppWindowToken.destroySurfaces:363 com.android.server.wm.AppWindowToken.notifyAppStopped:389 com.android.server.wm.WindowManagerService.notifyAppStopped:4456 com.android.server.am.ActivityStack.activityStoppedLocked:1252 com.android.server.am.ActivityManagerService.activityStopped:6873 
11-24 18:34:07.080  2250  2250 D LifecycleMonitor: Lifecycle status change: br.com.catbag.gifreduxsample.ui.GifListActivity@83f21b3 in: STOPPED
11-24 18:34:07.081  2250  2250 D LifecycleMonitor: Lifecycle status change: br.com.catbag.gifreduxsample.ui.GifListActivity@83f21b3 in: DESTROYED
11-24 18:34:07.104  1237  1258 I ActivityManager: Displayed br.com.catbag.gifreduxsample/.ui.GifListActivity: +587ms
11-24 18:34:07.282  2250  2265 I TestRunner: finished: whenGifIsWatchedTest(br.com.catbag.gifreduxsample.ui.giflist.GifListActivityTest)
11-24 18:34:07.292  2250  2250 D LifecycleMonitor: Lifecycle status change: br.com.catbag.gifreduxsample.ui.GifListActivity@c97990 in: PAUSED
11-24 18:34:07.335   977   977 D gralloc : Registering a buffer in the process that created it. This may cause memory ordering problems.
11-24 18:34:07.335   977   977 E libEGL  : called unimplemented OpenGL ES API
11-24 18:34:07.337   977   977 E SurfaceFlinger: glCheckFramebufferStatusOES error 546614527
11-24 18:34:07.337   977   977 E SurfaceFlinger: got GL_FRAMEBUFFER_COMPLETE_OES error while taking screenshot
11-24 18:34:07.339  1237  1620 W WindowManager: Screenshot failure taking screenshot for (480x800) to layer 22020
11-24 18:34:07.345  2250  2250 I MonitoringInstrumentation: Activities that are still in CREATED to STOPPED: 1
11-24 18:34:07.347  2250  2265 I TestRunner: started: whenScrollUpAndPlayFirstItemTest(br.com.catbag.gifreduxsample.ui.giflist.GifListActivityTest)
