--------- beginning of main
11-24 14:13:01.989  2104  2104 D AndroidRuntime: >>>>>> START com.android.internal.os.RuntimeInit uid 2000 <<<<<<
11-24 14:13:02.041  2104  2104 D AndroidRuntime: CheckJNI is ON
11-24 14:13:02.360  2104  2104 W art     : Unexpected CPU variant for X86 using defaults: x86
11-24 14:13:02.519  2104  2104 D ICU     : No timezone override file found: /data/misc/zoneinfo/current/icu/icu_tzdata.dat
11-24 14:13:02.798  2104  2104 E memtrack: Couldn't load memtrack module (No such file or directory)
11-24 14:13:02.798  2104  2104 E android.os.Debug: failed to load memtrack module: -2
11-24 14:13:02.829  2104  2104 I Radio-JNI: register_android_hardware_Radio DONE
11-24 14:13:02.987  2104  2104 D AndroidRuntime: Calling main entry com.android.commands.am.Am
11-24 14:13:03.056  2104  2104 D AndroidRuntime: Shutting down VM
11-24 14:13:03.467  2114  2114 D AndroidRuntime: >>>>>> START com.android.internal.os.RuntimeInit uid 2000 <<<<<<
11-24 14:13:03.470  2114  2114 D AndroidRuntime: CheckJNI is ON
11-24 14:13:03.526  2114  2114 W art     : Unexpected CPU variant for X86 using defaults: x86
11-24 14:13:03.538  2114  2114 D ICU     : No timezone override file found: /data/misc/zoneinfo/current/icu/icu_tzdata.dat
11-24 14:13:03.571  2114  2114 E memtrack: Couldn't load memtrack module (No such file or directory)
11-24 14:13:03.571  2114  2114 E android.os.Debug: failed to load memtrack module: -2
11-24 14:13:03.573  2114  2114 I Radio-JNI: register_android_hardware_Radio DONE
11-24 14:13:03.597  2114  2114 D AndroidRuntime: Calling main entry com.android.commands.pm.Pm
11-24 14:13:03.722  2114  2114 I art     : System.exit called, status: 0
11-24 14:13:03.722  2114  2114 I AndroidRuntime: VM exiting with result code 0.
11-24 14:13:04.529  2125  2125 D AndroidRuntime: >>>>>> START com.android.internal.os.RuntimeInit uid 2000 <<<<<<
11-24 14:13:04.532  2125  2125 D AndroidRuntime: CheckJNI is ON
11-24 14:13:04.590  2125  2125 W art     : Unexpected CPU variant for X86 using defaults: x86
11-24 14:13:04.599  2125  2125 D ICU     : No timezone override file found: /data/misc/zoneinfo/current/icu/icu_tzdata.dat
11-24 14:13:04.633  2125  2125 E memtrack: Couldn't load memtrack module (No such file or directory)
11-24 14:13:04.640  2125  2125 E android.os.Debug: failed to load memtrack module: -2
11-24 14:13:04.641  2125  2125 I Radio-JNI: register_android_hardware_Radio DONE
11-24 14:13:04.664  2125  2125 D AndroidRuntime: Calling main entry com.android.commands.pm.Pm
11-24 14:13:04.726   991   991 I         : free_cache(7065748) avail 512577536
11-24 14:13:06.095  1237  1247 I art     : Background partial concurrent mark sweep GC freed 33707(2MB) AllocSpace objects, 15(348KB) LOS objects, 33% free, 6MB/10MB, paused 6.861ms total 1.342s
11-24 14:13:07.894  1237  1298 D SntpClient: round trip: 37ms, clock offset: 3726ms
11-24 14:13:16.407  2125  2125 I art     : System.exit called, status: 0
11-24 14:13:16.407  2125  2125 I AndroidRuntime: VM exiting with result code 0.
11-24 14:13:16.745  2139  2139 D AndroidRuntime: >>>>>> START com.android.internal.os.RuntimeInit uid 2000 <<<<<<
11-24 14:13:16.748  2139  2139 D AndroidRuntime: CheckJNI is ON
11-24 14:13:16.804  2139  2139 W art     : Unexpected CPU variant for X86 using defaults: x86
11-24 14:13:16.809  2139  2139 D ICU     : No timezone override file found: /data/misc/zoneinfo/current/icu/icu_tzdata.dat
11-24 14:13:16.846  2139  2139 E memtrack: Couldn't load memtrack module (No such file or directory)
11-24 14:13:16.847  2139  2139 E android.os.Debug: failed to load memtrack module: -2
11-24 14:13:16.848  2139  2139 I Radio-JNI: register_android_hardware_Radio DONE
11-24 14:13:16.870  2139  2139 D AndroidRuntime: Calling main entry com.android.commands.pm.Pm
--------- beginning of system
11-24 14:13:17.310  1237  1263 W ActivityManager: Slow operation: 95ms so far, now at startProcess: returned from zygote!
11-24 14:13:17.311  1237  1263 W ActivityManager: Slow operation: 96ms so far, now at startProcess: done updating battery stats
11-24 14:13:17.312  1237  1263 W ActivityManager: Slow operation: 97ms so far, now at startProcess: building log message
11-24 14:13:17.312  1237  1263 I ActivityManager: Start proc 2149:com.android.defcontainer/u0a5 for service com.android.defcontainer/.DefaultContainerService
11-24 14:13:17.313  1237  1263 W ActivityManager: Slow operation: 97ms so far, now at startProcess: starting to update pids map
11-24 14:13:17.313  1237  1263 W ActivityManager: Slow operation: 98ms so far, now at startProcess: done updating pids map
11-24 14:13:17.313  1237  1263 W ActivityManager: Slow operation: 106ms so far, now at startProcess: done starting proc!
11-24 14:13:17.341  2149  2149 W art     : Unexpected CPU variant for X86 using defaults: x86
11-24 14:13:17.638  1237  1263 I PackageManager.DexOptimizer: Running dexopt (dex2oat) on: /data/app/vmdl41189369.tmp/base.apk pkg=br.com.catbag.gifreduxsample isa=x86 vmSafeMode=false debuggable=true target-filter=interpret-only oatDir = /data/app/vmdl41189369.tmp/oat sharedLibraries=null
11-24 14:13:17.689  2164  2164 W dex2oat : Unexpected CPU variant for X86 using defaults: x86
11-24 14:13:17.690  2164  2164 W dex2oat : Mismatch between dex2oat instruction set features (ISA: X86 Feature string: smp,-ssse3,-sse4.1,-sse4.2,-avx,-avx2,-lock_add,-popcnt) and those of dex2oat executable (ISA: X86 Feature string: smp,ssse3,-sse4.1,-sse4.2,-avx,-avx2,-lock_add,-popcnt) for the command line:
11-24 14:13:17.690  2164  2164 W dex2oat : /system/bin/dex2oat --zip-fd=6 --zip-location=base.apk --oat-fd=7 --oat-location=/data/app/vmdl41189369.tmp/oat/x86/base.odex --instruction-set=x86 --instruction-set-variant=x86 --instruction-set-features=default --runtime-arg -Xms64m --runtime-arg -Xmx512m --compiler-filter=interpret-only --swap-fd=9 --debuggable
11-24 14:13:17.692  2164  2164 I dex2oat : /system/bin/dex2oat --compiler-filter=interpret-only --debuggable
11-24 14:13:20.730  2164  2164 W dex2oat : Before Android 4.1, method android.graphics.PorterDuffColorFilter android.support.graphics.drawable.VectorDrawableCompat.updateTintFilter(android.graphics.PorterDuffColorFilter, android.content.res.ColorStateList, android.graphics.PorterDuff$Mode) would have incorrectly overridden the package-private method in android.graphics.drawable.Drawable
11-24 14:13:20.869  2164  2164 W dex2oat : Before Android 4.1, method int android.support.v7.widget.ListViewCompat.lookForSelectablePosition(int, boolean) would have incorrectly overridden the package-private method in android.widget.ListView
11-24 14:13:37.624  2164  2164 W dex2oat : Verification of void org.immutables.value.internal.$processor$.meta.$StyleMirror.<init>(javax.lang.model.element.AnnotationMirror) took 109.306ms
11-24 14:14:01.869  2164  2164 W dex2oat : Compilation of java.lang.String com.fasterxml.jackson.core.Version.getArtifactId() took 165.843ms
11-24 14:14:06.855  2164  2164 W dex2oat : Compilation of java.util.Comparator com.google.common.collect.TreeBasedTable$TreeRow.comparator() took 137.350ms
11-24 14:14:07.949  1237  1250 I GnssLocationProvider: WakeLock acquired by handleInjectNtpTime()
11-24 14:14:07.969  1237  2170 I GnssLocationProvider: WakeLock acquired by sendMessage(10, 0, null)
11-24 14:14:07.971  1237  1250 I GnssLocationProvider: WakeLock released by handleMessage(10, 0, null)
11-24 14:14:07.973  1237  2170 I GnssLocationProvider: WakeLock released by handleInjectNtpTime()
11-24 14:14:14.772  2164  2164 I dex2oat : dex2oat took 57.085s (threads: 1) arena alloc=1402KB (1436528B) java alloc=7MB (8050336B) native alloc=13MB (14282344B) free=2MB (2625944B)
11-24 14:14:14.970  1237  1263 W PackageManager: Not granting permission android.permission.SET_DEBUG_APP to package br.com.catbag.gifreduxsample (protectionLevel=50 flags=0x3848be46)
11-24 14:14:15.105  1237  1263 V BackupManagerService: restoreAtInstall pkg=br.com.catbag.gifreduxsample token=1 restoreSet=0
11-24 14:14:15.114  1237  1263 W BackupManagerService: Requested unavailable transport: android/com.android.internal.backup.LocalTransport
11-24 14:14:15.114  1237  1263 W BackupManagerService: No transport
11-24 14:14:15.123  1237  1263 V BackupManagerService: Finishing install immediately
11-24 14:14:15.157  1237  1263 I art     : Starting a blocking GC Explicit
11-24 14:14:15.253  1237  1263 I art     : Explicit concurrent mark sweep GC freed 25760(1633KB) AllocSpace objects, 9(228KB) LOS objects, 33% free, 6MB/10MB, paused 5.767ms total 91.773ms
11-24 14:14:15.261   991   991 E         : Couldn't opendir /data/app/vmdl41189369.tmp: No such file or directory
11-24 14:14:15.387  2139  2139 I art     : System.exit called, status: 0
11-24 14:14:15.388  2139  2139 I AndroidRuntime: VM exiting with result code 0.
11-24 14:14:15.407  1237  1278 I InputReader: Reconfiguring input devices.  changes=0x00000010
11-24 14:14:15.688  1449  1449 D CarrierSvcBindHelper: No carrier app for: 0
11-24 14:14:15.693  1449  1449 D CarrierConfigLoader: mHandler: 9 phoneId: 0
11-24 14:14:15.943  1237  1250 W VoiceInteractionManagerService: no available voice recognition services found for user 0
11-24 14:14:15.944  1237  1250 W LocationProviderProxy-network: Odd, no component found for service com.android.location.service.v3.NetworkLocationProvider
11-24 14:14:15.946  1237  1250 W GeocoderProxy: Odd, no component found for service com.android.location.service.GeocodeProvider
11-24 14:14:15.947  1237  1250 W GeofenceProxy: Odd, no component found for service com.android.location.service.GeofenceProvider
11-24 14:14:15.947  1237  1250 W ActivityRecognitionProxy: Odd, no component found for service com.android.location.service.ActivityRecognitionProvider
11-24 14:14:16.346  2172  2172 D AndroidRuntime: >>>>>> START com.android.internal.os.RuntimeInit uid 2000 <<<<<<
11-24 14:14:16.349  2172  2172 D AndroidRuntime: CheckJNI is ON
11-24 14:14:16.419  2172  2172 W art     : Unexpected CPU variant for X86 using defaults: x86
11-24 14:14:16.438  2172  2172 D ICU     : No timezone override file found: /data/misc/zoneinfo/current/icu/icu_tzdata.dat
11-24 14:14:16.464  2172  2172 E memtrack: Couldn't load memtrack module (No such file or directory)
11-24 14:14:16.464  2172  2172 E android.os.Debug: failed to load memtrack module: -2
11-24 14:14:16.464  2172  2172 I Radio-JNI: register_android_hardware_Radio DONE
11-24 14:14:16.485  2172  2172 D AndroidRuntime: Calling main entry com.android.commands.pm.Pm
11-24 14:14:16.508  2172  2172 I art     : System.exit called, status: 0
11-24 14:14:16.508  2172  2172 I AndroidRuntime: VM exiting with result code 0.
11-24 14:14:17.010  2189  2189 D AndroidRuntime: >>>>>> START com.android.internal.os.RuntimeInit uid 2000 <<<<<<
11-24 14:14:17.053  2189  2189 D AndroidRuntime: CheckJNI is ON
11-24 14:14:17.109  2189  2189 W art     : Unexpected CPU variant for X86 using defaults: x86
11-24 14:14:17.115  2189  2189 D ICU     : No timezone override file found: /data/misc/zoneinfo/current/icu/icu_tzdata.dat
11-24 14:14:17.140  2189  2189 E memtrack: Couldn't load memtrack module (No such file or directory)
11-24 14:14:17.141  2189  2189 E android.os.Debug: failed to load memtrack module: -2
11-24 14:14:17.142  2189  2189 I Radio-JNI: register_android_hardware_Radio DONE
11-24 14:14:17.170  2189  2189 D AndroidRuntime: Calling main entry com.android.commands.pm.Pm
11-24 14:14:17.196   991   991 I         : free_cache(2038478) avail 492630016
11-24 14:14:18.762  1237  1248 W ActivityManager: Slow operation: 92ms so far, now at startProcess: returned from zygote!
11-24 14:14:18.763  1237  1248 W ActivityManager: Slow operation: 93ms so far, now at startProcess: done updating battery stats
11-24 14:14:18.763  1237  1248 W ActivityManager: Slow operation: 93ms so far, now at startProcess: building log message
11-24 14:14:18.764  1237  1248 I ActivityManager: Start proc 2202:com.svox.pico/u0a46 for broadcast com.svox.pico/.VoiceDataInstallerReceiver
11-24 14:14:18.764  1237  1248 W ActivityManager: Slow operation: 94ms so far, now at startProcess: starting to update pids map
11-24 14:14:18.764  1237  1248 W ActivityManager: Slow operation: 94ms so far, now at startProcess: done updating pids map
11-24 14:14:18.765  1237  1248 W ActivityManager: Slow operation: 97ms so far, now at startProcess: done starting proc!
11-24 14:14:18.770  2202  2202 W art     : Unexpected CPU variant for X86 using defaults: x86
11-24 14:14:20.731  2189  2189 I art     : System.exit called, status: 0
11-24 14:14:20.731  2189  2189 I AndroidRuntime: VM exiting with result code 0.
11-24 14:14:21.116  2217  2217 D AndroidRuntime: >>>>>> START com.android.internal.os.RuntimeInit uid 2000 <<<<<<
11-24 14:14:21.119  2217  2217 D AndroidRuntime: CheckJNI is ON
11-24 14:14:21.183  2217  2217 W art     : Unexpected CPU variant for X86 using defaults: x86
11-24 14:14:21.189  2217  2217 D ICU     : No timezone override file found: /data/misc/zoneinfo/current/icu/icu_tzdata.dat
11-24 14:14:21.216  2217  2217 E memtrack: Couldn't load memtrack module (No such file or directory)
11-24 14:14:21.216  2217  2217 E android.os.Debug: failed to load memtrack module: -2
11-24 14:14:21.217  2217  2217 I Radio-JNI: register_android_hardware_Radio DONE
11-24 14:14:21.237  2217  2217 D AndroidRuntime: Calling main entry com.android.commands.pm.Pm
11-24 14:14:21.310  2149  2149 I art     : Waiting for a blocking GC DisableMovingGc
11-24 14:14:21.312  2149  2160 I art     : HomogeneousSpaceCompact marksweep + semispace GC freed 8500(492KB) AllocSpace objects, 0(0B) LOS objects, 39% free, 2MB/3MB, paused 858.317ms total 858.317ms
11-24 14:14:21.313  2149  2149 I art     : Starting a blocking GC DisableMovingGc
11-24 14:14:21.357  1237  1263 I PackageManager.DexOptimizer: Running dexopt (dex2oat) on: /data/app/vmdl474841582.tmp/base.apk pkg=br.com.catbag.gifreduxsample.test isa=x86 vmSafeMode=false debuggable=true target-filter=interpret-only oatDir = /data/app/vmdl474841582.tmp/oat sharedLibraries=/system/framework/android.test.runner.jar
11-24 14:14:21.399  2228  2228 W dex2oat : Unexpected CPU variant for X86 using defaults: x86
11-24 14:14:21.400  2228  2228 W dex2oat : Mismatch between dex2oat instruction set features (ISA: X86 Feature string: smp,-ssse3,-sse4.1,-sse4.2,-avx,-avx2,-lock_add,-popcnt) and those of dex2oat executable (ISA: X86 Feature string: smp,ssse3,-sse4.1,-sse4.2,-avx,-avx2,-lock_add,-popcnt) for the command line:
11-24 14:14:21.400  2228  2228 W dex2oat : /system/bin/dex2oat --zip-fd=6 --zip-location=base.apk --oat-fd=7 --oat-location=/data/app/vmdl474841582.tmp/oat/x86/base.odex --instruction-set=x86 --instruction-set-variant=x86 --instruction-set-features=default --runtime-arg -Xms64m --runtime-arg -Xmx512m --compiler-filter=interpret-only --swap-fd=9 --debuggable --runtime-arg -classpath --runtime-arg /system/framework/android.test.runner.jar
11-24 14:14:21.401  2228  2228 I dex2oat : /system/bin/dex2oat --compiler-filter=interpret-only --debuggable
11-24 14:14:45.121  2228  2228 W dex2oat : Compilation of void com.android.dx.util.ByteArray$MyInputStream.reset() took 170.776ms
11-24 14:14:48.554  2228  2228 I dex2oat : dex2oat took 27.154s (threads: 1) arena alloc=824B (824B) java alloc=3MB (3868560B) native alloc=6MB (6969856B) free=2MB (2467328B)
11-24 14:14:48.780  1237  1263 V BackupManagerService: restoreAtInstall pkg=br.com.catbag.gifreduxsample.test token=2 restoreSet=0
11-24 14:14:48.781  1237  1263 W BackupManagerService: Requested unavailable transport: android/com.android.internal.backup.LocalTransport
11-24 14:14:48.781  1237  1263 W BackupManagerService: No transport
11-24 14:14:48.781  1237  1263 V BackupManagerService: Finishing install immediately
11-24 14:14:48.821  1237  1263 I art     : Starting a blocking GC Explicit
11-24 14:14:48.894  1237  1263 I art     : Explicit concurrent mark sweep GC freed 38255(2MB) AllocSpace objects, 13(308KB) LOS objects, 33% free, 6MB/10MB, paused 5.957ms total 67.501ms
11-24 14:14:48.900   991   991 E         : Couldn't opendir /data/app/vmdl474841582.tmp: No such file or directory
11-24 14:14:48.950  2217  2217 I art     : System.exit called, status: 0
11-24 14:14:48.950  2217  2217 I AndroidRuntime: VM exiting with result code 0.
11-24 14:14:49.009  1449  1449 D CarrierSvcBindHelper: No carrier app for: 0
11-24 14:14:49.011  1449  1449 D CarrierConfigLoader: mHandler: 9 phoneId: 0
11-24 14:14:49.042  1237  1278 I InputReader: Reconfiguring input devices.  changes=0x00000010
11-24 14:14:49.145  1237  1237 W art     : Long monitor contention with owner backup (1619) at void com.android.server.backup.BackupManagerService$1.run()(BackupManagerService.java:1482) waiters=0 in void com.android.server.backup.BackupManagerService.scheduleNextFullBackupJob(long) for 175ms
11-24 14:14:49.165  1237  1250 W VoiceInteractionManagerService: no available voice recognition services found for user 0
11-24 14:14:49.176  1237  1250 W LocationProviderProxy-network: Odd, no component found for service com.android.location.service.v3.NetworkLocationProvider
11-24 14:14:49.177  1237  1250 W GeocoderProxy: Odd, no component found for service com.android.location.service.GeocodeProvider
11-24 14:14:49.177  1237  1250 W GeofenceProxy: Odd, no component found for service com.android.location.service.GeofenceProvider
11-24 14:14:49.177  1237  1250 W ActivityRecognitionProxy: Odd, no component found for service com.android.location.service.ActivityRecognitionProvider
11-24 14:14:49.504  2233  2233 D AndroidRuntime: >>>>>> START com.android.internal.os.RuntimeInit uid 2000 <<<<<<
11-24 14:14:49.515  2233  2233 D AndroidRuntime: CheckJNI is ON
11-24 14:14:49.572  2233  2233 W art     : Unexpected CPU variant for X86 using defaults: x86
11-24 14:14:49.583  2233  2233 D ICU     : No timezone override file found: /data/misc/zoneinfo/current/icu/icu_tzdata.dat
11-24 14:14:49.617  2233  2233 E memtrack: Couldn't load memtrack module (No such file or directory)
11-24 14:14:49.617  2233  2233 E android.os.Debug: failed to load memtrack module: -2
11-24 14:14:49.618  2233  2233 I Radio-JNI: register_android_hardware_Radio DONE
11-24 14:14:49.647  2233  2233 D AndroidRuntime: Calling main entry com.android.commands.am.Am
11-24 14:14:49.667  1237  1249 I ActivityManager: Force stopping br.com.catbag.gifreduxsample appid=10060 user=0: start instr
11-24 14:14:49.668  1237  1249 I ActivityManager: Killing 1466:com.android.settings:CryptKeeper/1000 (adj 906): stop br.com.catbag.gifreduxsample
11-24 14:14:49.700  1237  1249 I ActivityManager: Start proc 2243:br.com.catbag.gifreduxsample/u0a60 for added application br.com.catbag.gifreduxsample
11-24 14:14:49.710  2243  2243 I art     : Not late-enabling -Xcheck:jni (already on)
11-24 14:14:49.710  2243  2243 W art     : Unexpected CPU variant for X86 using defaults: x86
11-24 14:14:49.744  2243  2243 W System  : ClassLoader referenced unknown path: /data/app/br.com.catbag.gifreduxsample.test-1/lib/x86
11-24 14:14:49.761  2243  2243 W System  : ClassLoader referenced unknown path: 
11-24 14:14:49.830  2243  2243 W System.err: java.io.FileNotFoundException: /jacoco.exec (Read-only file system)
11-24 14:14:49.832  2243  2243 W System.err: 	at java.io.FileOutputStream.open(Native Method)
11-24 14:14:49.832  2243  2243 W System.err: 	at java.io.FileOutputStream.<init>(FileOutputStream.java:221)
11-24 14:14:49.833  2243  2243 W System.err: 	at org.jacoco.agent.rt.internal_e6e56f0.output.FileOutput.openFile(FileOutput.java:67)
11-24 14:14:49.833  2243  2243 W System.err: 	at org.jacoco.agent.rt.internal_e6e56f0.output.FileOutput.startup(FileOutput.java:49)
11-24 14:14:49.833  2243  2243 W System.err: 	at org.jacoco.agent.rt.internal_e6e56f0.Agent.startup(Agent.java:122)
11-24 14:14:49.833  2243  2243 W System.err: 	at org.jacoco.agent.rt.internal_e6e56f0.Agent.getInstance(Agent.java:50)
11-24 14:14:49.833  2243  2243 W System.err: 	at org.jacoco.agent.rt.internal_e6e56f0.Offline.<clinit>(Offline.java:31)
11-24 14:14:49.833  2243  2243 W System.err: 	at org.jacoco.agent.rt.internal_e6e56f0.Offline.getProbes(Offline.java:51)
11-24 14:14:49.834  2243  2243 W System.err: 	at br.com.catbag.gifreduxsample.MyApp.$jacocoInit(MyApp.java)
11-24 14:14:49.834  2243  2243 W System.err: 	at br.com.catbag.gifreduxsample.MyApp.<clinit>(MyApp.java)
11-24 14:14:49.834  2243  2243 W System.err: 	at java.lang.Class.newInstance(Native Method)
11-24 14:14:49.834  2243  2243 W System.err: 	at android.app.Instrumentation.newApplication(Instrumentation.java:1007)
11-24 14:14:49.834  2243  2243 W System.err: 	at android.app.Instrumentation.newApplication(Instrumentation.java:992)
11-24 14:14:49.835  2243  2243 W System.err: 	at android.app.LoadedApk.makeApplication(LoadedApk.java:796)
11-24 14:14:49.835  2243  2243 W System.err: 	at android.app.ActivityThread.handleBindApplication(ActivityThread.java:5335)
11-24 14:14:49.835  2243  2243 W System.err: 	at android.app.ActivityThread.-wrap2(ActivityThread.java)
11-24 14:14:49.835  2243  2243 W System.err: 	at android.app.ActivityThread$H.handleMessage(ActivityThread.java:1528)
11-24 14:14:49.835  2243  2243 W System.err: 	at android.os.Handler.dispatchMessage(Handler.java:102)
11-24 14:14:49.835  2243  2243 W System.err: 	at android.os.Looper.loop(Looper.java:154)
11-24 14:14:49.836  2243  2243 W System.err: 	at android.app.ActivityThread.main(ActivityThread.java:6077)
11-24 14:14:49.836  2243  2243 W System.err: 	at java.lang.reflect.Method.invoke(Native Method)
11-24 14:14:49.836  2243  2243 W System.err: 	at com.android.internal.os.ZygoteInit$MethodAndArgsCaller.run(ZygoteInit.java:865)
11-24 14:14:49.836  2243  2243 W System.err: 	at com.android.internal.os.ZygoteInit.main(ZygoteInit.java:755)
11-24 14:14:49.843  2243  2243 I MonitoringInstrumentation: Instrumentation Started!
11-24 14:14:49.848  2243  2243 I MonitoringInstrumentation: Setting context classloader to 'dalvik.system.PathClassLoader[DexPathList[[zip file "/system/framework/android.test.runner.jar", zip file "/data/app/br.com.catbag.gifreduxsample.test-1/base.apk", zip file "/data/app/br.com.catbag.gifreduxsample-1/base.apk"],nativeLibraryDirectories=[/data/app/br.com.catbag.gifreduxsample.test-1/lib/x86, /data/app/br.com.catbag.gifreduxsample-1/lib/x86, /system/fake-libs, /data/app/br.com.catbag.gifreduxsample.test-1/base.apk!/lib/x86, /data/app/br.com.catbag.gifreduxsample-1/base.apk!/lib/x86, /system/lib, /vendor/lib]]]', Original: 'dalvik.system.PathClassLoader[DexPathList[[zip file "/system/framework/android.test.runner.jar", zip file "/data/app/br.com.catbag.gifreduxsample.test-1/base.apk", zip file "/data/app/br.com.catbag.gifreduxsample-1/base.apk"],nativeLibraryDirectories=[/data/app/br.com.catbag.gifreduxsample.test-1/lib/x86, /data/app/br.com.catbag.gifreduxsample-1/lib/x86, /system/fake-libs, /data/app/br.com.catbag.gifreduxsample.test-1/base.apk!/lib/x86, /data/app/br.com.catbag.gifreduxsample-1/base.apk!/lib/x86, /system/lib, /vendor/lib]]]'
11-24 14:14:49.917  2243  2243 D NetworkSecurityConfig: No Network Security Config specified, using platform default
11-24 14:14:50.029  2243  2243 I MonitoringInstrumentation: No JSBridge.
11-24 14:14:50.064  2243  2259 I UsageTrackerFacilitator: Usage tracking enabled
11-24 14:14:50.065  2243  2259 I TestRequestBuilder: Scanning classpath to find tests in apks [/data/app/br.com.catbag.gifreduxsample.test-1/base.apk]
11-24 14:14:50.652  2243  2259 I art     : Rejecting re-init on previously-failed class java.lang.Class<org.objectweb.asm.commons.JSRInlinerAdapter>: java.lang.NoClassDefFoundError: Failed resolution of: Lorg/objectweb/asm/tree/MethodNode;
11-24 14:14:50.652  2243  2259 I art     :   at java.lang.Class java.lang.Class.classForName!(java.lang.String, boolean, java.lang.ClassLoader) (Class.java:-2)
11-24 14:14:50.652  2243  2259 I art     :   at java.lang.Class java.lang.Class.forName(java.lang.String, boolean, java.lang.ClassLoader) (Class.java:400)
11-24 14:14:50.652  2243  2259 I art     :   at java.lang.Class android.support.test.internal.runner.TestLoader.doLoadClass(java.lang.String) (TestLoader.java:92)
11-24 14:14:50.652  2243  2259 I art     :   at java.lang.Class android.support.test.internal.runner.TestLoader.loadIfTest(java.lang.String) (TestLoader.java:113)
11-24 14:14:50.653  2243  2259 I art     :   at void android.support.test.internal.runner.TestRequestBuilder.loadClassesFromClassPath(android.support.test.internal.runner.TestLoader, java.util.Set) (TestRequestBuilder.java:801)
11-24 14:14:50.653  2243  2259 I art     :   at android.support.test.internal.runner.TestRequest android.support.test.internal.runner.TestRequestBuilder.build() (TestRequestBuilder.java:747)
11-24 14:14:50.653  2243  2259 I art     :   at android.support.test.internal.runner.TestRequest android.support.test.runner.AndroidJUnitRunner.buildRequest(android.support.test.internal.runner.RunnerArgs, android.os.Bundle) (AndroidJUnitRunner.java:354)
11-24 14:14:50.653  2243  2259 I art     :   at void android.support.test.runner.AndroidJUnitRunner.onStart() (AndroidJUnitRunner.java:260)
11-24 14:14:50.653  2243  2259 I art     :   at void android.app.Instrumentation$InstrumentationThread.run() (Instrumentation.java:1932)
11-24 14:14:50.653  2243  2259 I art     : Caused by: java.lang.ClassNotFoundException: Didn't find class "org.objectweb.asm.tree.MethodNode" on path: DexPathList[[zip file "/system/framework/android.test.runner.jar", zip file "/data/app/br.com.catbag.gifreduxsample.test-1/base.apk", zip file "/data/app/br.com.catbag.gifreduxsample-1/base.apk"],nativeLibraryDirectories=[/data/app/br.com.catbag.gifreduxsample.test-1/lib/x86, /data/app/br.com.catbag.gifreduxsample-1/lib/x86, /system/fake-libs, /data/app/br.com.catbag.gifreduxsample.test-1/base.apk!/lib/x86, /data/app/br.com.catbag.gifreduxsample-1/base.apk!/lib/x86, /system/lib, /vendor/lib]]
11-24 14:14:50.653  2243  2259 I art     :   at java.lang.Class dalvik.system.BaseDexClassLoader.findClass(java.lang.String) (BaseDexClassLoader.java:56)
11-24 14:14:50.654  2243  2259 I art     :   at java.lang.Class java.lang.ClassLoader.loadClass(java.lang.String, boolean) (ClassLoader.java:380)
11-24 14:14:50.654  2243  2259 I art     :   at java.lang.Class java.lang.ClassLoader.loadClass(java.lang.String) (ClassLoader.java:312)
11-24 14:14:50.654  2243  2259 I art     :   at java.lang.Class java.lang.Class.classForName!(java.lang.String, boolean, java.lang.ClassLoader) (Class.java:-2)
11-24 14:14:50.654  2243  2259 I art     :   at java.lang.Class java.lang.Class.forName(java.lang.String, boolean, java.lang.ClassLoader) (Class.java:400)
11-24 14:14:50.654  2243  2259 I art     :   at java.lang.Class android.support.test.internal.runner.TestLoader.doLoadClass(java.lang.String) (TestLoader.java:92)
11-24 14:14:50.654  2243  2259 I art     :   at java.lang.Class android.support.test.internal.runner.TestLoader.loadIfTest(java.lang.String) (TestLoader.java:113)
11-24 14:14:50.654  2243  2259 I art     :   at void android.support.test.internal.runner.TestRequestBuilder.loadClassesFromClassPath(android.support.test.internal.runner.TestLoader, java.util.Set) (TestRequestBuilder.java:801)
11-24 14:14:50.655  2243  2259 I art     :   at android.support.test.internal.runner.TestRequest android.support.test.internal.runner.TestRequestBuilder.build() (TestRequestBuilder.java:747)
11-24 14:14:50.655  2243  2259 I art     :   at android.support.test.internal.runner.TestRequest android.support.test.runner.AndroidJUnitRunner.buildRequest(android.support.test.internal.runner.RunnerArgs, android.os.Bundle) (AndroidJUnitRunner.java:354)
11-24 14:14:50.655  2243  2259 I art     :   at void android.support.test.runner.AndroidJUnitRunner.onStart() (AndroidJUnitRunner.java:260)
11-24 14:14:50.655  2243  2259 I art     :   at void android.app.Instrumentation$InstrumentationThread.run() (Instrumentation.java:1932)
11-24 14:14:50.655  2243  2259 I art     : 
11-24 14:14:50.655  2243  2259 E TestLoader: Could not find class: org.objectweb.asm.commons.JSRInlinerAdapter
11-24 14:14:50.661  2243  2259 I art     : Rejecting re-init on previously-failed class java.lang.Class<org.objectweb.asm.commons.TryCatchBlockSorter>: java.lang.NoClassDefFoundError: Failed resolution of: Lorg/objectweb/asm/tree/MethodNode;
11-24 14:14:50.661  2243  2259 I art     :   at java.lang.Class java.lang.Class.classForName!(java.lang.String, boolean, java.lang.ClassLoader) (Class.java:-2)
11-24 14:14:50.661  2243  2259 I art     :   at java.lang.Class java.lang.Class.forName(java.lang.String, boolean, java.lang.ClassLoader) (Class.java:400)
11-24 14:14:50.662  2243  2259 I art     :   at java.lang.Class android.support.test.internal.runner.TestLoader.doLoadClass(java.lang.String) (TestLoader.java:92)
11-24 14:14:50.662  2243  2259 I art     :   at java.lang.Class android.support.test.internal.runner.TestLoader.loadIfTest(java.lang.String) (TestLoader.java:113)
11-24 14:14:50.662  2243  2259 I art     :   at void android.support.test.internal.runner.TestRequestBuilder.loadClassesFromClassPath(android.support.test.internal.runner.TestLoader, java.util.Set) (TestRequestBuilder.java:801)
11-24 14:14:50.662  2243  2259 I art     :   at android.support.test.internal.runner.TestRequest android.support.test.internal.runner.TestRequestBuilder.build() (TestRequestBuilder.java:747)
11-24 14:14:50.662  2243  2259 I art     :   at android.support.test.internal.runner.TestRequest android.support.test.runner.AndroidJUnitRunner.buildRequest(android.support.test.internal.runner.RunnerArgs, android.os.Bundle) (AndroidJUnitRunner.java:354)
11-24 14:14:50.662  2243  2259 I art     :   at void android.support.test.runner.AndroidJUnitRunner.onStart() (AndroidJUnitRunner.java:260)
11-24 14:14:50.663  2243  2259 I art     :   at void android.app.Instrumentation$InstrumentationThread.run() (Instrumentation.java:1932)
11-24 14:14:50.663  2243  2259 I art     : Caused by: java.lang.ClassNotFoundException: Didn't find class "org.objectweb.asm.tree.MethodNode" on path: DexPathList[[zip file "/system/framework/android.test.runner.jar", zip file "/data/app/br.com.catbag.gifreduxsample.test-1/base.apk", zip file "/data/app/br.com.catbag.gifreduxsample-1/base.apk"],nativeLibraryDirectories=[/data/app/br.com.catbag.gifreduxsample.test-1/lib/x86, /data/app/br.com.catbag.gifreduxsample-1/lib/x86, /system/fake-libs, /data/app/br.com.catbag.gifreduxsample.test-1/base.apk!/lib/x86, /data/app/br.com.catbag.gifreduxsample-1/base.apk!/lib/x86, /system/lib, /vendor/lib]]
11-24 14:14:50.663  2243  2259 I art     :   at java.lang.Class dalvik.system.BaseDexClassLoader.findClass(java.lang.String) (BaseDexClassLoader.java:56)
11-24 14:14:50.663  2243  2259 I art     :   at java.lang.Class java.lang.ClassLoader.loadClass(java.lang.String, boolean) (ClassLoader.java:380)
11-24 14:14:50.663  2243  2259 I art     :   at java.lang.Class java.lang.ClassLoader.loadClass(java.lang.String) (ClassLoader.java:312)
11-24 14:14:50.663  2243  2259 I art     :   at java.lang.Class java.lang.Class.classForName!(java.lang.String, boolean, java.lang.ClassLoader) (Class.java:-2)
11-24 14:14:50.663  2243  2259 I art     :   at java.lang.Class java.lang.Class.forName(java.lang.String, boolean, java.lang.ClassLoader) (Class.java:400)
11-24 14:14:50.664  2243  2259 I art     :   at java.lang.Class android.support.test.internal.runner.TestLoader.doLoadClass(java.lang.String) (TestLoader.java:92)
11-24 14:14:50.664  2243  2259 I art     :   at java.lang.Class android.support.test.internal.runner.TestLoader.loadIfTest(java.lang.String) (TestLoader.java:113)
11-24 14:14:50.664  2243  2259 I art     :   at void android.support.test.internal.runner.TestRequestBuilder.loadClassesFromClassPath(android.support.test.internal.runner.TestLoader, java.util.Set) (TestRequestBuilder.java:801)
11-24 14:14:50.664  2243  2259 I art     :   at android.support.test.internal.runner.TestRequest android.support.test.internal.runner.TestRequestBuilder.build() (TestRequestBuilder.java:747)
11-24 14:14:50.664  2243  2259 I art     :   at android.support.test.internal.runner.TestRequest android.support.test.runner.AndroidJUnitRunner.buildRequest(android.support.test.internal.runner.RunnerArgs, android.os.Bundle) (AndroidJUnitRunner.java:354)
11-24 14:14:50.664  2243  2259 I art     :   at void android.support.test.runner.AndroidJUnitRunner.onStart() (AndroidJUnitRunner.java:260)
11-24 14:14:50.664  2243  2259 I art     :   at void android.app.Instrumentation$InstrumentationThread.run() (Instrumentation.java:1932)
11-24 14:14:50.665  2243  2259 I art     : 
11-24 14:14:50.665  2243  2259 E TestLoader: Could not find class: org.objectweb.asm.commons.TryCatchBlockSorter
11-24 14:14:50.723  2243  2259 D TestExecutor: Adding listener android.support.test.internal.runner.listener.LogRunListener
11-24 14:14:50.724  2243  2259 D TestExecutor: Adding listener android.support.test.internal.runner.listener.InstrumentationResultPrinter
11-24 14:14:50.724  2243  2259 D TestExecutor: Adding listener android.support.test.internal.runner.listener.ActivityFinisherRunListener
11-24 14:14:50.724  2243  2259 D TestExecutor: Adding listener android.support.test.internal.runner.listener.CoverageListener
11-24 14:14:50.730  2243  2259 I TestRunner: run started: 15 tests
11-24 14:14:50.741  2243  2259 I TestRunner: started: whenAppStateSavedSeveralTime(br.com.catbag.gifreduxsample.asyncs.data.DataManagerTest)
11-24 14:14:50.764  2243  2243 I MonitoringInstrumentation: Activities that are still in CREATED to STOPPED: 0
11-24 14:14:50.880  2243  2254 I art     : Background sticky concurrent mark sweep GC freed 139440(5MB) AllocSpace objects, 0(0B) LOS objects, 40% free, 4MB/6MB, paused 5.947ms total 486.710ms
11-24 14:14:50.939  2243  2262 W Java7Support: Unable to load JDK7 types (annotations, java.nio.file.Path): no Java7 support added
11-24 14:14:51.601  2243  2259 I TestRunner: finished: whenAppStateSavedSeveralTime(br.com.catbag.gifreduxsample.asyncs.data.DataManagerTest)
11-24 14:14:51.611  2243  2243 I MonitoringInstrumentation: Activities that are still in CREATED to STOPPED: 0
11-24 14:14:51.612  2243  2259 I TestRunner: started: whenAppStateSavedOnceTime(br.com.catbag.gifreduxsample.asyncs.data.DataManagerTest)
11-24 14:14:51.614  2243  2243 I MonitoringInstrumentation: Activities that are still in CREATED to STOPPED: 0
11-24 14:14:51.880  2243  2259 I TestRunner: finished: whenAppStateSavedOnceTime(br.com.catbag.gifreduxsample.asyncs.data.DataManagerTest)
11-24 14:14:51.888  2243  2243 I MonitoringInstrumentation: Activities that are still in CREATED to STOPPED: 0
11-24 14:14:51.889  2243  2259 I TestRunner: started: whenUnsavedAppStateIsLoaded(br.com.catbag.gifreduxsample.asyncs.data.DataManagerTest)
11-24 14:14:51.890  2243  2243 I MonitoringInstrumentation: Activities that are still in CREATED to STOPPED: 0
11-24 14:14:51.974  2243  2268 E DataManager: appstate not loaded
11-24 14:14:51.974  2243  2268 E DataManager: com.snappydb.SnappydbException: Failed to get a String: NotFound: 
11-24 14:14:51.974  2243  2268 E DataManager: 	at com.snappydb.internal.DBImpl.__get(Native Method)
11-24 14:14:51.974  2243  2268 E DataManager: 	at com.snappydb.internal.DBImpl.get(DBImpl.java:348)
11-24 14:14:51.974  2243  2268 E DataManager: 	at br.com.catbag.gifreduxsample.asyncs.data.storage.Database.getAppState(Database.java:29)
11-24 14:14:51.974  2243  2268 E DataManager: 	at br.com.catbag.gifreduxsample.asyncs.data.DataManager.lambda$loadAppState$0(DataManager.java:61)
11-24 14:14:51.974  2243  2268 E DataManager: 	at br.com.catbag.gifreduxsample.asyncs.data.DataManager$$Lambda$1.run(Unknown Source)
11-24 14:14:51.974  2243  2268 E DataManager: 	at java.lang.Thread.run(Thread.java:761)
11-24 14:14:51.975  2243  2259 I TestRunner: finished: whenUnsavedAppStateIsLoaded(br.com.catbag.gifreduxsample.asyncs.data.DataManagerTest)
11-24 14:14:52.003  2243  2243 I MonitoringInstrumentation: Activities that are still in CREATED to STOPPED: 0
11-24 14:14:52.004  2243  2259 I TestRunner: started: whenSavedAppStateIsLoaded(br.com.catbag.gifreduxsample.asyncs.data.DataManagerTest)
11-24 14:14:52.005  2243  2243 I MonitoringInstrumentation: Activities that are still in CREATED to STOPPED: 0
11-24 14:14:52.224  2243  2259 I TestRunner: finished: whenSavedAppStateIsLoaded(br.com.catbag.gifreduxsample.asyncs.data.DataManagerTest)
11-24 14:14:52.227  2243  2243 I MonitoringInstrumentation: Activities that are still in CREATED to STOPPED: 0
11-24 14:14:52.252  2243  2259 I TestRunner: started: whenScrollDownAndPlayLastItemTest(br.com.catbag.gifreduxsample.ui.giflist.GifListActivityTest)
11-24 14:14:52.261  2243  2243 I MonitoringInstrumentation: Activities that are still in CREATED to STOPPED: 0
11-24 14:14:52.327  2243  2254 I art     : Background partial concurrent mark sweep GC freed 64560(2MB) AllocSpace objects, 0(0B) LOS objects, 40% free, 3MB/6MB, paused 14.812ms total 167.279ms
11-24 14:14:52.553  2272  2272 W dex2oat : Unexpected CPU variant for X86 using defaults: x86
11-24 14:14:52.554  2272  2272 W dex2oat : Mismatch between dex2oat instruction set features (ISA: X86 Feature string: smp,-ssse3,-sse4.1,-sse4.2,-avx,-avx2,-lock_add,-popcnt) and those of dex2oat executable (ISA: X86 Feature string: smp,ssse3,-sse4.1,-sse4.2,-avx,-avx2,-lock_add,-popcnt) for the command line:
11-24 14:14:52.554  2272  2272 W dex2oat : /system/bin/dex2oat --runtime-arg -classpath --runtime-arg & --instruction-set=x86 --instruction-set-features=smp,ssse3,-sse4.1,-sse4.2,-avx,-avx2,-lock_add,-popcnt --runtime-arg -Xrelocate --boot-image=/system/framework/boot.art --runtime-arg -Xms64m --runtime-arg -Xmx512m --instruction-set-variant=x86 --instruction-set-features=default --dex-file=/data/user/0/br.com.catbag.gifreduxsample/app_dxmaker_cache/Generated_1497766805.jar --oat-fd=38 --oat-location=/data/user/0/br.com.catbag.gifreduxsample/app_dxmaker_cache/Generated_1497766805.dex --compiler-filter=speed
11-24 14:14:52.555  2272  2272 I dex2oat : /system/bin/dex2oat --dex-file=/data/user/0/br.com.catbag.gifreduxsample/app_dxmaker_cache/Generated_1497766805.jar --oat-fd=38 --oat-location=/data/user/0/br.com.catbag.gifreduxsample/app_dxmaker_cache/Generated_1497766805.dex --compiler-filter=speed
11-24 14:14:52.701  2272  2272 I dex2oat : dex2oat took 149.243ms (threads: 1) arena alloc=41KB (42016B) java alloc=28KB (28768B) native alloc=736KB (753768B) free=799KB (819096B)
11-24 14:14:52.733  1237  1484 D VoldConnector: SND -> {29 volume mkdirs /storage/emulated/0/Android/data/br.com.catbag.gifreduxsample/cache/}
11-24 14:14:52.742  1237  1280 D VoldConnector: RCV <- {200 29 Command succeeded}
11-24 14:14:52.751  2243  2260 I DroidFlux:Dispatcher: [STARTED] dispatch of action [FAKE_REDUCE_ACTION]
11-24 14:14:52.763  2243  2260 I DroidFlux:Dispatcher: [COMPLETED] dispatch of action [FAKE_REDUCE_ACTION]
11-24 14:14:52.769  2243  2271 D ActivityTestRule: Launching activity br.com.catbag.gifreduxsample.ui.GifListActivity
11-24 14:14:52.787  2243  2274 D MonitoringInstrumentation: execStartActivity(context, ibinder, ibinder, activity, intent, int, bundle
11-24 14:14:52.792  1237  1366 I ActivityManager: START u0 {flg=0x14000000 cmp=br.com.catbag.gifreduxsample/.ui.GifListActivity} from uid 10060 on display 0
11-24 14:14:53.014  2243  2243 D LifecycleMonitor: Lifecycle status change: br.com.catbag.gifreduxsample.ui.GifListActivity@bd8e56b in: PRE_ON_CREATE
11-24 14:14:53.434  1694  1694 I Choreographer: Skipped 33 frames!  The application may be doing too much work on its main thread.
11-24 14:14:53.771  2243  2243 D LifecycleMonitor: Lifecycle status change: br.com.catbag.gifreduxsample.ui.GifListActivity@bd8e56b in: CREATED
11-24 14:14:53.773  2243  2260 I DroidFlux:Dispatcher: [STARTED] dispatch of action [APP_STATE_LOAD]
11-24 14:14:53.775  2243  2260 D DroidFlux:Dispatcher: An action of type [APP_STATE_LOAD] was dispatched, but no reducer handled it
11-24 14:14:53.803  2243  2243 D LifecycleMonitor: Lifecycle status change: br.com.catbag.gifreduxsample.ui.GifListActivity@bd8e56b in: STARTED
11-24 14:14:53.812  2243  2260 I DroidFlux:Dispatcher: [COMPLETED] dispatch of action [APP_STATE_LOAD]
11-24 14:14:53.815  2243  2243 D LifecycleMonitor: Lifecycle status change: br.com.catbag.gifreduxsample.ui.GifListActivity@bd8e56b in: RESUMED
11-24 14:14:54.187  2243  2254 I art     : Background sticky concurrent mark sweep GC freed 14339(1040KB) AllocSpace objects, 2(40KB) LOS objects, 17% free, 5MB/6MB, paused 5.088ms total 83.474ms
11-24 14:14:54.230  2243  2243 D gralloc_ranchu: Emulator without host-side GPU emulation detected.
11-24 14:14:54.329  1237  1258 I ActivityManager: Displayed br.com.catbag.gifreduxsample/.ui.GifListActivity: +1s407ms
11-24 14:14:54.410  2243  2271 D InputManagerEventInjectionStrategy: Creating injection strategy with input manager.
11-24 14:14:54.592  2243  2243 W ResourceType: No package identifier when getting name for resource number 0x00000001
11-24 14:14:54.594  2243  2243 I ViewInteraction: Performing 'scroll RecyclerView to position: 4' action on view with id: 1 (resource name not found)
11-24 14:14:54.601  1237  1258 I WindowManager: Destroying surface Surface(name=Starting br.com.catbag.gifreduxsample) called by com.android.server.wm.WindowStateAnimator.destroySurface:2014 com.android.server.wm.WindowStateAnimator.destroySurfaceLocked:881 com.android.server.wm.WindowState.destroyOrSaveSurface:2073 com.android.server.wm.AppWindowToken.destroySurfaces:363 com.android.server.wm.WindowStateAnimator.finishExit:565 com.android.server.wm.WindowStateAnimator.stepAnimationLocked:491 com.android.server.wm.WindowAnimator.updateWindowsLocked:303 com.android.server.wm.WindowAnimator.animateLocked:704 
11-24 14:14:54.735  1237  1484 I WindowManager: Destroying surface Surface(name=com.android.launcher3/com.android.launcher3.Launcher) called by com.android.server.wm.WindowStateAnimator.destroySurface:2014 com.android.server.wm.WindowStateAnimator.destroySurfaceLocked:881 com.android.server.wm.WindowState.destroyOrSaveSurface:2073 com.android.server.wm.AppWindowToken.destroySurfaces:363 com.android.server.wm.AppWindowToken.notifyAppStopped:389 com.android.server.wm.WindowManagerService.notifyAppStopped:4456 com.android.server.am.ActivityStack.activityStoppedLocked:1252 com.android.server.am.ActivityManagerService.activityStopped:6873 
11-24 14:14:54.977  2243  2248 I art     : Do partial code cache collection, code=26KB, data=30KB
11-24 14:14:54.998  2243  2243 W ResourceType: No package identifier when getting name for resource number 0x00000001
11-24 14:14:55.002  2243  2248 I art     : After code cache collection, code=24KB, data=30KB
11-24 14:14:55.003  2243  2248 I art     : Increasing code cache capacity to 128KB
11-24 14:14:55.033  2243  2243 W ResourceType: No package identifier when getting name for resource number 0x00000004
11-24 14:14:55.034  2243  2243 I ViewInteraction: Performing 'single click' action on view with id: 4 (resource name not found)
11-24 14:14:55.172  2243  2260 I DroidFlux:Dispatcher: [STARTED] dispatch of action [GIF_PLAY]
11-24 14:14:55.174  2243  2260 I DroidFlux:Dispatcher: [COMPLETED] dispatch of action [GIF_PLAY]
11-24 14:14:55.284  1237  1312 W AudioTrack: AUDIO_OUTPUT_FLAG_FAST denied by client; transfer 4, track 48000 Hz, output 44100 Hz
11-24 14:14:55.477   986  1037 D AudioFlinger: mixer(0xac803bc0) throttle end: throttle time(9)
11-24 14:14:55.497   986  1037 D AudioFlinger: mixer(0xac803bc0) throttle end: throttle time(10)
11-24 14:14:55.563  2243  2254 I art     : Background partial concurrent mark sweep GC freed 6808(559KB) AllocSpace objects, 3(64KB) LOS objects, 40% free, 5MB/9MB, paused 5.630ms total 548.069ms
11-24 14:14:55.874  1237  1323 E TaskPersister: File error accessing recents directory (directory doesn't exist?).
11-24 14:14:56.080  2243  2259 I TestRunner: finished: whenScrollDownAndPlayLastItemTest(br.com.catbag.gifreduxsample.ui.giflist.GifListActivityTest)
11-24 14:14:56.152  2243  2243 D LifecycleMonitor: Lifecycle status change: br.com.catbag.gifreduxsample.ui.GifListActivity@bd8e56b in: PAUSED
11-24 14:14:56.287   978   978 D gralloc : Registering a buffer in the process that created it. This may cause memory ordering problems.
11-24 14:14:56.287   978   978 E libEGL  : called unimplemented OpenGL ES API
11-24 14:14:56.288   978   978 E SurfaceFlinger: glCheckFramebufferStatusOES error 154783791
11-24 14:14:56.289   978   978 E SurfaceFlinger: got GL_FRAMEBUFFER_COMPLETE_OES error while taking screenshot
11-24 14:14:56.300  1237  1353 W WindowManager: Screenshot failure taking screenshot for (480x800) to layer 21005
11-24 14:14:56.309  2243  2243 I MonitoringInstrumentation: Activities that are still in CREATED to STOPPED: 1
11-24 14:14:56.310  2243  2243 I Choreographer: Skipped 40 frames!  The application may be doing too much work on its main thread.
11-24 14:14:56.313  2243  2259 I TestRunner: started: whenGifIsNotWatchedTest(br.com.catbag.gifreduxsample.ui.giflist.GifListActivityTest)
11-24 14:14:56.344  2243  2243 I MonitoringInstrumentation: Activities that are still in CREATED to STOPPED: 1
11-24 14:14:56.413  2243  2260 I DroidFlux:Dispatcher: [STARTED] dispatch of action [FAKE_REDUCE_ACTION]
11-24 14:14:56.414  2243  2260 I DroidFlux:Dispatcher: [COMPLETED] dispatch of action [FAKE_REDUCE_ACTION]
11-24 14:14:56.414  2243  2278 D ActivityTestRule: Launching activity br.com.catbag.gifreduxsample.ui.GifListActivity
11-24 14:14:56.457  2243  2279 D MonitoringInstrumentation: execStartActivity(context, ibinder, ibinder, activity, intent, int, bundle
11-24 14:14:56.459  1237  1791 I ActivityManager: START u0 {flg=0x10000000 cmp=br.com.catbag.gifreduxsample/.ui.GifListActivity} from uid 10060 on display 0
11-24 14:14:56.494  1694  1694 I Choreographer: Skipped 44 frames!  The application may be doing too much work on its main thread.
11-24 14:14:56.672  1694  1694 I Choreographer: Skipped 30 frames!  The application may be doing too much work on its main thread.
11-24 14:14:56.770  2243  2243 D LifecycleMonitor: Lifecycle status change: br.com.catbag.gifreduxsample.ui.GifListActivity@c393693 in: PRE_ON_CREATE
11-24 14:14:56.823  2243  2243 D LifecycleMonitor: Lifecycle status change: br.com.catbag.gifreduxsample.ui.GifListActivity@c393693 in: CREATED
11-24 14:14:56.824  2243  2260 I DroidFlux:Dispatcher: [STARTED] dispatch of action [APP_STATE_LOAD]
11-24 14:14:56.824  2243  2260 D DroidFlux:Dispatcher: An action of type [APP_STATE_LOAD] was dispatched, but no reducer handled it
11-24 14:14:56.825  2243  2260 I DroidFlux:Dispatcher: [COMPLETED] dispatch of action [APP_STATE_LOAD]
11-24 14:14:56.825  2243  2243 D LifecycleMonitor: Lifecycle status change: br.com.catbag.gifreduxsample.ui.GifListActivity@c393693 in: STARTED
11-24 14:14:56.877  2243  2243 D LifecycleMonitor: Lifecycle status change: br.com.catbag.gifreduxsample.ui.GifListActivity@c393693 in: RESUMED
11-24 14:14:56.959  1237  1258 I Choreographer: Skipped 44 frames!  The application may be doing too much work on its main thread.
11-24 14:14:57.120  1237  1258 I Choreographer: Skipped 37 frames!  The application may be doing too much work on its main thread.
11-24 14:14:57.123  1237  1248 W art     : Long monitor contention with owner android.display (1258) at void com.android.server.wm.WindowAnimator$1.doFrame(long)(WindowAnimator.java:138) waiters=0 in int com.android.server.wm.WindowManagerService.addWindow(com.android.server.wm.Session, android.view.IWindow, int, android.view.WindowManager$LayoutParams, int, int, android.graphics.Rect, android.graphics.Rect, android.graphics.Rect, android.view.InputChannel) for 160ms
11-24 14:14:57.352  1237  1248 W art     : Long monitor contention with owner android.display (1258) at void com.android.server.wm.WindowAnimator$1.doFrame(long)(WindowAnimator.java:138) waiters=1 in int com.android.server.wm.WindowManagerService.addWindow(com.android.server.wm.Session, android.view.IWindow, int, android.view.WindowManager$LayoutParams, int, int, android.graphics.Rect, android.graphics.Rect, android.graphics.Rect, android.view.InputChannel) for 229ms
11-24 14:14:57.404  1694  1694 I Choreographer: Skipped 171 frames!  The application may be doing too much work on its main thread.
11-24 14:14:57.422  1237  1366 I WindowManager: Destroying surface Surface(name=com.android.launcher3/com.android.launcher3.Launcher) called by com.android.server.wm.WindowStateAnimator.destroySurface:2014 com.android.server.wm.WindowStateAnimator.destroySurfaceLocked:881 com.android.server.wm.WindowState.destroyOrSaveSurface:2073 com.android.server.wm.WindowManagerService.tryStartExitingAnimation:3017 com.android.server.wm.WindowManagerService.relayoutWindow:2897 com.android.server.wm.Session.relayout:215 android.view.IWindowSession$Stub.onTransact:286 com.android.server.wm.Session.onTransact:136 
11-24 14:14:57.439  2243  2243 I Choreographer: Skipped 208 frames!  The application may be doing too much work on its main thread.
11-24 14:14:57.612  2243  2243 E Feed    : Gif{uuid=9a7842bb-888c-47a4-8319-58b8c6e98374, path=, url=, title=, watched=false, status=DOWNLOADED}
11-24 14:14:57.612  2243  2243 E Feed    : pl.droidsonroids.gif.GifIOException: GifError 101: Failed to open given input
11-24 14:14:57.612  2243  2243 E Feed    : 	at pl.droidsonroids.gif.GifInfoHandle.openFile(Native Method)
11-24 14:14:57.612  2243  2243 E Feed    : 	at pl.droidsonroids.gif.GifInfoHandle.<init>(GifInfoHandle.java:46)
11-24 14:14:57.612  2243  2243 E Feed    : 	at pl.droidsonroids.gif.GifDrawable.<init>(GifDrawable.java:124)
11-24 14:14:57.612  2243  2243 E Feed    : 	at br.com.catbag.gifreduxsample.ui.components.FeedComponent.createDrawable(FeedComponent.java:104)
