11-22 15:36:11.682  2315  2315 E Feed    : 	at android.widget.FrameLayout.layoutChildren(FrameLayout.java:323)
11-22 15:36:11.682  2315  2315 E Feed    : 	at android.widget.FrameLayout.onLayout(FrameLayout.java:261)
11-22 15:36:11.682  2315  2315 E Feed    : 	at android.view.View.layout(View.java:17520)
11-22 15:36:11.682  2315  2315 E Feed    : 	at android.view.ViewGroup.layout(ViewGroup.java:5612)
11-22 15:36:11.682  2315  2315 E Feed    : 	at android.widget.RelativeLayout.onLayout(RelativeLayout.java:1079)
11-22 15:36:11.682  2315  2315 E Feed    : 	at android.view.View.layout(View.java:17520)
11-22 15:36:11.682  2315  2315 E Feed    : 	at android.view.ViewGroup.layout(ViewGroup.java:5612)
11-22 15:36:11.682  2315  2315 E Feed    : 	at android.widget.FrameLayout.layoutChildren(FrameLayout.java:323)
11-22 15:36:11.682  2315  2315 E Feed    : 	at android.widget.FrameLayout.onLayout(FrameLayout.java:261)
11-22 15:36:11.682  2315  2315 E Feed    : 	at android.view.View.layout(View.java:17520)
11-22 15:36:11.682  2315  2315 E Feed    : 	at android.view.ViewGroup.layout(ViewGroup.java:5612)
11-22 15:36:11.682  2315  2315 E Feed    : 	at android.support.v7.widget.ActionBarOverlayLayout.onLayout(ActionBarOverlayLayout.java:435)
11-22 15:36:11.682  2315  2315 E Feed    : 	at android.view.View.layout(View.java:17520)
11-22 15:36:11.682  2315  2315 E Feed    : 	at android.view.ViewGroup.layout(ViewGroup.java:5612)
11-22 15:36:11.682  2315  2315 E Feed    : 	at android.widget.FrameLayout.layoutChildren(FrameLayout.java:323)
11-22 15:36:11.682  2315  2315 E Feed    : 	at android.widget.FrameLayout.onLayout(FrameLayout.java:261)
11-22 15:36:11.682  2315  2315 E Feed    : 	at android.view.View.layout(View.java:17520)
11-22 15:36:11.682  2315  2315 E Feed    : 	at android.view.ViewGroup.layout(ViewGroup.java:5612)
11-22 15:36:11.682  2315  2315 E Feed    : 	at android.widget.LinearLayout.setChildFrame(LinearLayout.java:1741)
11-22 15:36:11.682  2315  2315 E Feed    : 	at android.widget.LinearLayout.layoutVertical(LinearLayout.java:1585)
11-22 15:36:11.682  2315  2315 E Feed    : 	at android.widget.LinearLayout.onLayout(LinearLayout.java:1494)
11-22 15:36:11.682  2315  2315 E Feed    : 	at android.view.View.layout(View.java:17520)
11-22 15:36:11.682  2315  2315 E Feed    : 	at android.view.ViewGroup.layout(ViewGroup.java:5612)
11-22 15:36:11.682  2315  2315 E Feed    : 	at android.widget.FrameLayout.layoutChildren(FrameLayout.java:323)
11-22 15:36:11.682  2315  2315 E Feed    : 	at android.widget.FrameLayout.onLayout(FrameLayout.java:261)
11-22 15:36:11.682  2315  2315 E Feed    : 	at com.android.internal.policy.DecorView.onLayout(DecorView.java:724)
11-22 15:36:11.682  2315  2315 E Feed    : 	at android.view.View.layout(View.java:17520)
11-22 15:36:11.682  2315  2315 E Feed    : 	at android.view.ViewGroup.layout(ViewGroup.java:5612)
11-22 15:36:11.682  2315  2315 E Feed    : 	at android.view.ViewRootImpl.performLayout(ViewRootImpl.java:2342)
11-22 15:36:11.682  2315  2315 E Feed    : 	at android.view.ViewRootImpl.performTraversals(ViewRootImpl.java:2069)
11-22 15:36:11.682  2315  2315 E Feed    : 	at android.view.ViewRootImpl.doTraversal(ViewRootImpl.java:1246)
11-22 15:36:11.682  2315  2315 E Feed    : 	at android.view.ViewRootImpl$TraversalRunnable.run(ViewRootImpl.java:6301)
11-22 15:36:11.682  2315  2315 E Feed    : 	at android.view.Choreographer$CallbackRecord.run(Choreographer.java:871)
11-22 15:36:11.682  2315  2315 E Feed    : 	at android.view.Choreographer.doCallbacks(Choreographer.java:683)
11-22 15:36:11.682  2315  2315 E Feed    : 	at android.view.Choreographer.doFrame(Choreographer.java:619)
11-22 15:36:11.682  2315  2315 E Feed    : 	at android.view.Choreographer$FrameDisplayEventReceiver.run(Choreographer.java:857)
11-22 15:36:11.682  2315  2315 E Feed    : 	at android.os.Handler.handleCallback(Handler.java:751)
11-22 15:36:11.682  2315  2315 E Feed    : 	at android.os.Handler.dispatchMessage(Handler.java:95)
11-22 15:36:11.682  2315  2315 E Feed    : 	at android.os.Looper.loop(Looper.java:154)
11-22 15:36:11.682  2315  2315 E Feed    : 	at android.app.ActivityThread.main(ActivityThread.java:6077)
11-22 15:36:11.682  2315  2315 E Feed    : 	at java.lang.reflect.Method.invoke(Native Method)
11-22 15:36:11.682  2315  2315 E Feed    : 	at com.android.internal.os.ZygoteInit$MethodAndArgsCaller.run(ZygoteInit.java:865)
11-22 15:36:11.682  2315  2315 E Feed    : 	at com.android.internal.os.ZygoteInit.main(ZygoteInit.java:755)
11-22 15:36:11.852  2315  2330 I TestRunner: finished: whenGifIsNotWatchedTest(br.com.catbag.gifreduxsample.ui.giflist.GifListActivityTest)
11-22 15:36:11.868  1239  1260 I WindowManager: Destroying surface Surface(name=Starting br.com.catbag.gifreduxsample) called by com.android.server.wm.WindowStateAnimator.destroySurface:2014 com.android.server.wm.WindowStateAnimator.destroySurfaceLocked:881 com.android.server.wm.WindowState.removeLocked:1449 com.android.server.wm.WindowManagerService.removeWindowInnerLocked:2478 com.android.server.wm.WindowManagerService.removeWindowLocked:2436 com.android.server.wm.WindowManagerService.removeWindowLocked:2305 com.android.server.wm.WindowManagerService.removeWindow:2300 com.android.server.wm.Session.remove:193 
11-22 15:36:11.883  2315  2315 D LifecycleMonitor: Lifecycle status change: br.com.catbag.gifreduxsample.ui.GifListActivity@2b02129 in: PAUSED
11-22 15:36:12.099   979   979 D gralloc : Registering a buffer in the process that created it. This may cause memory ordering problems.
11-22 15:36:12.099   979   979 E libEGL  : called unimplemented OpenGL ES API
11-22 15:36:12.100   979   979 E SurfaceFlinger: glCheckFramebufferStatusOES error 902702928
11-22 15:36:12.100   979   979 E SurfaceFlinger: got GL_FRAMEBUFFER_COMPLETE_OES error while taking screenshot
11-22 15:36:12.113  1239  1677 W WindowManager: Screenshot failure taking screenshot for (480x800) to layer 21010
11-22 15:36:12.145  1239  1251 I ActivityManager: Activity reported stop, but no longer stopping: ActivityRecord{e6bb5a u0 com.android.launcher3/.Launcher t3}
11-22 15:36:12.165  2315  2315 I MonitoringInstrumentation: Activities that are still in CREATED to STOPPED: 2
11-22 15:36:12.170  2315  2330 I TestRunner: started: whenGifIsDownloadingTest(br.com.catbag.gifreduxsample.ui.giflist.GifListActivityTest)
11-22 15:36:12.219  2315  2315 D LifecycleMonitor: Lifecycle status change: br.com.catbag.gifreduxsample.ui.GifListActivity@cd200bc in: STOPPED
11-22 15:36:12.219  2315  2315 D LifecycleMonitor: Lifecycle status change: br.com.catbag.gifreduxsample.ui.GifListActivity@cd200bc in: DESTROYED
11-22 15:36:12.260  1239  1717 I WindowManager: Destroying surface Surface(name=br.com.catbag.gifreduxsample/br.com.catbag.gifreduxsample.ui.GifListActivity) called by com.android.server.wm.WindowStateAnimator.destroySurface:2014 com.android.server.wm.WindowStateAnimator.destroySurfaceLocked:881 com.android.server.wm.WindowState.removeLocked:1449 com.android.server.wm.WindowManagerService.removeWindowInnerLocked:2478 com.android.server.wm.WindowManagerService.removeWindowLocked:2436 com.android.server.wm.WindowManagerService.removeWindowLocked:2305 com.android.server.wm.WindowManagerService.removeWindow:2300 com.android.server.wm.Session.remove:193 
11-22 15:36:12.337  2315  2315 I Choreographer: Skipped 113 frames!  The application may be doing too much work on its main thread.
11-22 15:36:12.346  2315  2315 I MonitoringInstrumentation: Activities that are still in CREATED to STOPPED: 1
11-22 15:36:12.361  2315  2331 I DroidFlux:Dispatcher: [STARTED] dispatch of action [FAKE_REDUCE_ACTION]
11-22 15:36:12.363  2315  2331 I DroidFlux:Dispatcher: [COMPLETED] dispatch of action [FAKE_REDUCE_ACTION]
11-22 15:36:12.402  1239  1260 I Choreographer: Skipped 38 frames!  The application may be doing too much work on its main thread.
11-22 15:36:12.408  1730  1730 I Choreographer: Skipped 33 frames!  The application may be doing too much work on its main thread.
11-22 15:36:12.430  2315  2343 D ActivityTestRule: Launching activity br.com.catbag.gifreduxsample.ui.GifListActivity
11-22 15:36:12.435  2315  2344 D MonitoringInstrumentation: execStartActivity(context, ibinder, ibinder, activity, intent, int, bundle
11-22 15:36:12.436  1239  1718 I ActivityManager: START u0 {flg=0x10000000 cmp=br.com.catbag.gifreduxsample/.ui.GifListActivity} from uid 10060 on display 0
11-22 15:36:12.530  2315  2315 D LifecycleMonitor: Lifecycle status change: br.com.catbag.gifreduxsample.ui.GifListActivity@82e523c in: PRE_ON_CREATE
11-22 15:36:12.547  2315  2315 D LifecycleMonitor: Lifecycle status change: br.com.catbag.gifreduxsample.ui.GifListActivity@82e523c in: CREATED
11-22 15:36:12.547  2315  2315 D LifecycleMonitor: Lifecycle status change: br.com.catbag.gifreduxsample.ui.GifListActivity@82e523c in: STARTED
11-22 15:36:12.549  2315  2331 I DroidFlux:Dispatcher: [STARTED] dispatch of action [GIF_LIST_FETCHING]
11-22 15:36:12.550  2315  2331 D DroidFlux:Dispatcher: An action of type [GIF_LIST_FETCHING] was dispatched, but no reducer handled it
11-22 15:36:12.550  2315  2331 I DroidFlux:Dispatcher: [COMPLETED] dispatch of action [GIF_LIST_FETCHING]
11-22 15:36:12.551  2315  2315 D LifecycleMonitor: Lifecycle status change: br.com.catbag.gifreduxsample.ui.GifListActivity@82e523c in: RESUMED
11-22 15:36:12.666  1239  1260 I Choreographer: Skipped 63 frames!  The application may be doing too much work on its main thread.
11-22 15:36:12.903  1239  1260 I Choreographer: Skipped 59 frames!  The application may be doing too much work on its main thread.
11-22 15:36:12.928  2315  2315 I Choreographer: Skipped 65 frames!  The application may be doing too much work on its main thread.
11-22 15:36:13.016  1239  1250 W InputMethodManagerService: Starting input on non-focused client com.android.internal.view.IInputMethodClient$Stub$Proxy@1cbe902 (uid=10012 pid=1730)
11-22 15:36:13.169  2315  2330 I TestRunner: finished: whenGifIsDownloadingTest(br.com.catbag.gifreduxsample.ui.giflist.GifListActivityTest)
11-22 15:36:13.191  2315  2315 D LifecycleMonitor: Lifecycle status change: br.com.catbag.gifreduxsample.ui.GifListActivity@82e523c in: PAUSED
11-22 15:36:13.217  1239  1444 I WindowManager: Failed to capture screenshot of Token{56ea5df ActivityRecord{389cc7e u0 br.com.catbag.gifreduxsample/.ui.GifListActivity t6 f}} appWin=Window{a7e88e2 u0 br.com.catbag.gifreduxsample/br.com.catbag.gifreduxsample.ui.GifListActivity} drawState=4
11-22 15:36:13.226  1239  1251 D WindowManager: relayoutVisibleWindow: Window{f499673 u0 com.android.launcher3/com.android.launcher3.Launcher EXITING} mAnimatingExit=true, mRemoveOnExit=false, mDestroying=false
11-22 15:36:13.246  1239  1260 I Choreographer: Skipped 71 frames!  The application may be doing too much work on its main thread.
11-22 15:36:13.305  2315  2315 I MonitoringInstrumentation: Activities that are still in CREATED to STOPPED: 2
11-22 15:36:13.308  2315  2330 I TestRunner: started: whenListKeepOrderedAfterPlayTest(br.com.catbag.gifreduxsample.ui.giflist.GifListActivityTest)
11-22 15:36:13.347  2315  2315 I MonitoringInstrumentation: Activities that are still in CREATED to STOPPED: 2
11-22 15:36:13.389  2315  2331 I DroidFlux:Dispatcher: [STARTED] dispatch of action [FAKE_REDUCE_ACTION]
11-22 15:36:13.390  2315  2331 I DroidFlux:Dispatcher: [COMPLETED] dispatch of action [FAKE_REDUCE_ACTION]
11-22 15:36:13.415  2315  2345 D ActivityTestRule: Launching activity br.com.catbag.gifreduxsample.ui.GifListActivity
11-22 15:36:13.422  2315  2346 D MonitoringInstrumentation: execStartActivity(context, ibinder, ibinder, activity, intent, int, bundle
11-22 15:36:13.456  1239  1683 I ActivityManager: START u0 {flg=0x10000000 cmp=br.com.catbag.gifreduxsample/.ui.GifListActivity} from uid 10060 on display 0
11-22 15:36:13.522  2315  2315 D LifecycleMonitor: Lifecycle status change: br.com.catbag.gifreduxsample.ui.GifListActivity@f7ddc2b in: PRE_ON_CREATE
11-22 15:36:13.552  2315  2315 D LifecycleMonitor: Lifecycle status change: br.com.catbag.gifreduxsample.ui.GifListActivity@f7ddc2b in: CREATED
11-22 15:36:13.553  2315  2331 I DroidFlux:Dispatcher: [STARTED] dispatch of action [GIF_LIST_FETCHING]
11-22 15:36:13.553  2315  2331 D DroidFlux:Dispatcher: An action of type [GIF_LIST_FETCHING] was dispatched, but no reducer handled it
11-22 15:36:13.553  2315  2331 I DroidFlux:Dispatcher: [COMPLETED] dispatch of action [GIF_LIST_FETCHING]
11-22 15:36:13.553  2315  2315 D LifecycleMonitor: Lifecycle status change: br.com.catbag.gifreduxsample.ui.GifListActivity@f7ddc2b in: STARTED
11-22 15:36:13.580  2315  2315 D LifecycleMonitor: Lifecycle status change: br.com.catbag.gifreduxsample.ui.GifListActivity@f7ddc2b in: RESUMED
11-22 15:36:13.727  1239  1260 I WindowManager: Destroying surface Surface(name=Starting br.com.catbag.gifreduxsample) called by com.android.server.wm.WindowStateAnimator.destroySurface:2014 com.android.server.wm.WindowStateAnimator.destroySurfaceLocked:881 com.android.server.wm.WindowState.removeLocked:1449 com.android.server.wm.WindowManagerService.removeWindowInnerLocked:2478 com.android.server.wm.AppWindowToken.destroySurfaces:365 com.android.server.wm.WindowStateAnimator.finishExit:565 com.android.server.wm.WindowStateAnimator.stepAnimationLocked:491 com.android.server.wm.WindowAnimator.updateWindowsLocked:303 
11-22 15:36:13.805  2315  2315 I Choreographer: Skipped 37 frames!  The application may be doing too much work on its main thread.
11-22 15:36:13.912  1730  1730 I Choreographer: Skipped 61 frames!  The application may be doing too much work on its main thread.
11-22 15:36:14.201  2315  2315 W IInputConnectionWrapper: reportFullscreenMode on inexistent InputConnection
11-22 15:36:14.202  2315  2315 I Choreographer: Skipped 30 frames!  The application may be doing too much work on its main thread.
11-22 15:36:14.208  1730  1730 I Choreographer: Skipped 65 frames!  The application may be doing too much work on its main thread.
11-22 15:36:14.350  2315  2315 W ResourceType: No package identifier when getting name for resource number 0x0000000c
11-22 15:36:14.350  2315  2315 I ViewInteraction: Performing 'single click' action on view with id: 12 (resource name not found)
11-22 15:36:14.417  1239  1260 I ActivityManager: Displayed br.com.catbag.gifreduxsample/.ui.GifListActivity: +910ms (total +3s734ms)
11-22 15:36:14.445  2315  2331 I DroidFlux:Dispatcher: [STARTED] dispatch of action [GIF_PLAY]
11-22 15:36:14.446  2315  2331 I DroidFlux:Dispatcher: [COMPLETED] dispatch of action [GIF_PLAY]
11-22 15:36:14.484   989  1038 D AudioFlinger: mixer(0xaeb03e00) throttle end: throttle time(11)
11-22 15:36:14.506   989  1038 D AudioFlinger: mixer(0xaeb03e00) throttle end: throttle time(11)
11-22 15:36:14.691  1239  1260 I WindowManager: Destroying surface Surface(name=Starting br.com.catbag.gifreduxsample) called by com.android.server.wm.WindowStateAnimator.destroySurface:2014 com.android.server.wm.WindowStateAnimator.destroySurfaceLocked:881 com.android.server.wm.WindowState.destroyOrSaveSurface:2073 com.android.server.wm.AppWindowToken.destroySurfaces:363 com.android.server.wm.WindowStateAnimator.finishExit:565 com.android.server.wm.WindowStateAnimator.stepAnimationLocked:491 com.android.server.wm.WindowAnimator.updateWindowsLocked:303 com.android.server.wm.WindowAnimator.animateLocked:704 
11-22 15:36:14.742  2315  2315 D LifecycleMonitor: Lifecycle status change: br.com.catbag.gifreduxsample.ui.GifListActivity@82e523c in: STOPPED
11-22 15:36:14.742  2315  2315 D LifecycleMonitor: Lifecycle status change: br.com.catbag.gifreduxsample.ui.GifListActivity@82e523c in: DESTROYED
11-22 15:36:14.761  1239  1717 I WindowManager: Destroying surface Surface(name=br.com.catbag.gifreduxsample/br.com.catbag.gifreduxsample.ui.GifListActivity) called by com.android.server.wm.WindowStateAnimator.destroySurface:2014 com.android.server.wm.WindowStateAnimator.destroySurfaceLocked:881 com.android.server.wm.WindowState.removeLocked:1449 com.android.server.wm.WindowManagerService.removeWindowInnerLocked:2478 com.android.server.wm.WindowManagerService.removeWindowLocked:2436 com.android.server.wm.WindowManagerService.removeWindowLocked:2305 com.android.server.wm.WindowManagerService.removeWindow:2300 com.android.server.wm.Session.remove:193 
11-22 15:36:14.770  2315  2315 D LifecycleMonitor: Lifecycle status change: br.com.catbag.gifreduxsample.ui.GifListActivity@2b02129 in: STOPPED
11-22 15:36:14.772  2315  2315 D LifecycleMonitor: Lifecycle status change: br.com.catbag.gifreduxsample.ui.GifListActivity@2b02129 in: DESTROYED
11-22 15:36:14.789  1239  1444 I WindowManager: Destroying surface Surface(name=br.com.catbag.gifreduxsample/br.com.catbag.gifreduxsample.ui.GifListActivity) called by com.android.server.wm.WindowStateAnimator.destroySurface:2014 com.android.server.wm.WindowStateAnimator.destroySurfaceLocked:881 com.android.server.wm.WindowState.removeLocked:1449 com.android.server.wm.WindowManagerService.removeWindowInnerLocked:2478 com.android.server.wm.WindowManagerService.removeWindowLocked:2436 com.android.server.wm.WindowManagerService.removeWindowLocked:2305 com.android.server.wm.WindowManagerService.removeWindow:2300 com.android.server.wm.Session.remove:193 
11-22 15:36:14.940  1239  1250 I WindowManager: Destroying surface Surface(name=com.android.launcher3/com.android.launcher3.Launcher) called by com.android.server.wm.WindowStateAnimator.destroySurface:2014 com.android.server.wm.WindowStateAnimator.destroySurfaceLocked:881 com.android.server.wm.WindowState.destroyOrSaveSurface:2073 com.android.server.wm.AppWindowToken.destroySurfaces:363 com.android.server.wm.AppWindowToken.notifyAppStopped:389 com.android.server.wm.WindowManagerService.notifyAppStopped:4456 com.android.server.am.ActivityStack.activityStoppedLocked:1252 com.android.server.am.ActivityManagerService.activityStopped:6873 
11-22 15:36:15.426  2315  2315 W ResourceType: No package identifier when getting name for resource number 0x00000010
11-22 15:36:15.426  2315  2315 I ViewInteraction: Performing 'scroll RecyclerView to position: 2' action on view with id: 16 (resource name not found)
11-22 15:36:15.756  2315  2315 W ResourceType: No package identifier when getting name for resource number 0x00000010
11-22 15:36:15.792  2315  2315 W ResourceType: No package identifier when getting name for resource number 0x00000018
11-22 15:36:15.792  2315  2315 I ViewInteraction: Performing 'single click' action on view with id: 24 (resource name not found)
11-22 15:36:15.856  2315  2331 I DroidFlux:Dispatcher: [STARTED] dispatch of action [GIF_PLAY]
11-22 15:36:15.861  2315  2331 I DroidFlux:Dispatcher: [COMPLETED] dispatch of action [GIF_PLAY]
11-22 15:36:15.915   989  1038 D AudioFlinger: mixer(0xaeb03e00) throttle end: throttle time(6)
11-22 15:36:15.945   989  1038 D AudioFlinger: mixer(0xaeb03e00) throttle end: throttle time(4)
11-22 15:36:16.489  2315  2315 W ResourceType: No package identifier when getting name for resource number 0x0000001c
11-22 15:36:16.490  2315  2315 I ViewInteraction: Performing 'scroll RecyclerView to position: 3' action on view with id: 28 (resource name not found)
11-22 15:36:16.501  2315  2320 I art     : Do partial code cache collection, code=61KB, data=62KB
11-22 15:36:16.510  2315  2320 I art     : After code cache collection, code=59KB, data=61KB
11-22 15:36:16.511  2315  2320 I art     : Increasing code cache capacity to 256KB
11-22 15:36:16.545  1239  1325 E TaskPersister: File error accessing recents directory (directory doesn't exist?).
11-22 15:36:16.668  2315  2326 I art     : Background sticky concurrent mark sweep GC freed 19556(1391KB) AllocSpace objects, 7(144KB) LOS objects, 22% free, 6MB/8MB, paused 7.730ms total 115.652ms
11-22 15:36:16.858  2315  2315 W ResourceType: No package identifier when getting name for resource number 0x0000001c
11-22 15:36:16.905  2315  2315 W ResourceType: No package identifier when getting name for resource number 0x00000024
11-22 15:36:16.905  2315  2315 I ViewInteraction: Performing 'single click' action on view with id: 36 (resource name not found)
11-22 15:36:16.976  2315  2331 I DroidFlux:Dispatcher: [STARTED] dispatch of action [GIF_PLAY]
11-22 15:36:16.977  2315  2331 I DroidFlux:Dispatcher: [COMPLETED] dispatch of action [GIF_PLAY]
11-22 15:36:17.034   989  1038 D AudioFlinger: mixer(0xaeb03e00) throttle end: throttle time(10)
11-22 15:36:17.659  2315  2315 W ResourceType: No package identifier when getting name for resource number 0x00000028
11-22 15:36:17.659  2315  2315 I ViewInteraction: Performing 'scroll RecyclerView to position: 4' action on view with id: 40 (resource name not found)
11-22 15:36:18.038  2315  2315 W ResourceType: No package identifier when getting name for resource number 0x00000028
11-22 15:36:18.080  2315  2315 W ResourceType: No package identifier when getting name for resource number 0x00000030
11-22 15:36:18.081  2315  2315 I ViewInteraction: Performing 'single click' action on view with id: 48 (resource name not found)
11-22 15:36:18.146  2315  2331 I DroidFlux:Dispatcher: [STARTED] dispatch of action [GIF_PLAY]
11-22 15:36:18.147  2315  2331 I DroidFlux:Dispatcher: [COMPLETED] dispatch of action [GIF_PLAY]
11-22 15:36:18.185   989  1038 D AudioFlinger: mixer(0xaeb03e00) throttle end: throttle time(10)
11-22 15:36:18.205   989  1038 D AudioFlinger: mixer(0xaeb03e00) throttle end: throttle time(11)
11-22 15:36:18.896  2315  2315 W ResourceType: No package identifier when getting name for resource number 0x00000034
11-22 15:36:18.896  2315  2315 I ViewInteraction: Performing 'scroll RecyclerView to position: 5' action on view with id: 52 (resource name not found)
11-22 15:36:19.237  2315  2315 W ResourceType: No package identifier when getting name for resource number 0x00000034
11-22 15:36:19.274  2315  2315 W ResourceType: No package identifier when getting name for resource number 0x0000003c
11-22 15:36:19.274  2315  2315 I ViewInteraction: Performing 'single click' action on view with id: 60 (resource name not found)
11-22 15:36:19.376  2315  2331 I DroidFlux:Dispatcher: [STARTED] dispatch of action [GIF_PLAY]
11-22 15:36:19.379  2315  2331 I DroidFlux:Dispatcher: [COMPLETED] dispatch of action [GIF_PLAY]
11-22 15:36:19.387   989  1038 D AudioFlinger: mixer(0xaeb03e00) throttle end: throttle time(9)
11-22 15:36:19.638  2315  2326 I art     : Background partial concurrent mark sweep GC freed 15099(1242KB) AllocSpace objects, 9(192KB) LOS objects, 36% free, 7MB/11MB, paused 8.386ms total 107.754ms
11-22 15:36:20.167  2315  2315 W ResourceType: No package identifier when getting name for resource number 0x00000040
11-22 15:36:20.168  2315  2315 I ViewInteraction: Performing 'scroll RecyclerView to position: 6' action on view with id: 64 (resource name not found)
11-22 15:36:20.519  2315  2315 W ResourceType: No package identifier when getting name for resource number 0x00000040
11-22 15:36:20.587  2315  2315 W ResourceType: No package identifier when getting name for resource number 0x00000048
11-22 15:36:20.589  2315  2315 I ViewInteraction: Performing 'single click' action on view with id: 72 (resource name not found)
11-22 15:36:20.672  2315  2331 I DroidFlux:Dispatcher: [STARTED] dispatch of action [GIF_PLAY]
11-22 15:36:20.672  2315  2331 I DroidFlux:Dispatcher: [COMPLETED] dispatch of action [GIF_PLAY]
11-22 15:36:20.696   989  1038 D AudioFlinger: mixer(0xaeb03e00) throttle end: throttle time(10)
11-22 15:36:20.718   989  1038 D AudioFlinger: mixer(0xaeb03e00) throttle end: throttle time(10)
11-22 15:36:21.369  2315  2315 W ResourceType: No package identifier when getting name for resource number 0x0000004c
11-22 15:36:21.369  2315  2315 I ViewInteraction: Performing 'scroll RecyclerView to position: 7' action on view with id: 76 (resource name not found)
11-22 15:36:21.732  2315  2315 W ResourceType: No package identifier when getting name for resource number 0x0000004c
11-22 15:36:21.759  2315  2315 W ResourceType: No package identifier when getting name for resource number 0x00000054
11-22 15:36:21.759  2315  2315 I ViewInteraction: Performing 'single click' action on view with id: 84 (resource name not found)
11-22 15:36:21.879  2315  2331 I DroidFlux:Dispatcher: [STARTED] dispatch of action [GIF_PLAY]
11-22 15:36:21.881  2315  2331 I DroidFlux:Dispatcher: [COMPLETED] dispatch of action [GIF_PLAY]
11-22 15:36:21.925   989  1038 D AudioFlinger: mixer(0xaeb03e00) throttle end: throttle time(11)
11-22 15:36:21.956   989  1038 D AudioFlinger: mixer(0xaeb03e00) throttle end: throttle time(11)
11-22 15:36:22.632  2315  2315 W ResourceType: No package identifier when getting name for resource number 0x00000058
11-22 15:36:22.632  2315  2315 I ViewInteraction: Performing 'scroll RecyclerView to position: 8' action on view with id: 88 (resource name not found)
11-22 15:36:22.962  2315  2315 W ResourceType: No package identifier when getting name for resource number 0x00000058
11-22 15:36:23.008  2315  2315 W ResourceType: No package identifier when getting name for resource number 0x00000060
11-22 15:36:23.009  2315  2315 I ViewInteraction: Performing 'single click' action on view with id: 96 (resource name not found)
11-22 15:36:23.081  2315  2331 I DroidFlux:Dispatcher: [STARTED] dispatch of action [GIF_PLAY]
11-22 15:36:23.117  2315  2331 I DroidFlux:Dispatcher: [COMPLETED] dispatch of action [GIF_PLAY]
11-22 15:36:23.128   989  1038 D AudioFlinger: mixer(0xaeb03e00) throttle end: throttle time(7)
11-22 15:36:24.111  2315  2315 W ResourceType: No package identifier when getting name for resource number 0x00000064
11-22 15:36:24.112  2315  2315 I ViewInteraction: Performing 'scroll RecyclerView to position: 9' action on view with id: 100 (resource name not found)
11-22 15:36:24.440  2315  2315 W ResourceType: No package identifier when getting name for resource number 0x00000064
11-22 15:36:24.498  2315  2315 W ResourceType: No package identifier when getting name for resource number 0x0000006c
11-22 15:36:24.499  2315  2315 I ViewInteraction: Performing 'single click' action on view with id: 108 (resource name not found)
11-22 15:36:24.605  2315  2331 I DroidFlux:Dispatcher: [STARTED] dispatch of action [GIF_PLAY]
11-22 15:36:24.608  2315  2331 I DroidFlux:Dispatcher: [COMPLETED] dispatch of action [GIF_PLAY]
11-22 15:36:24.656   989  1038 D AudioFlinger: mixer(0xaeb03e00) throttle end: throttle time(11)
11-22 15:36:24.686   989  1038 D AudioFlinger: mixer(0xaeb03e00) throttle end: throttle time(4)
11-22 15:36:25.308  2315  2315 W ResourceType: No package identifier when getting name for resource number 0x00000070
11-22 15:36:25.308  2315  2315 I ViewInteraction: Performing 'scroll RecyclerView to position: 10' action on view with id: 112 (resource name not found)
11-22 15:36:25.672  2315  2315 W ResourceType: No package identifier when getting name for resource number 0x00000070
11-22 15:36:25.710  2315  2315 W ResourceType: No package identifier when getting name for resource number 0x00000078
11-22 15:36:25.710  2315  2315 I ViewInteraction: Performing 'single click' action on view with id: 120 (resource name not found)
11-22 15:36:25.799  2315  2331 I DroidFlux:Dispatcher: [STARTED] dispatch of action [GIF_PLAY]
11-22 15:36:25.801  2315  2331 I DroidFlux:Dispatcher: [COMPLETED] dispatch of action [GIF_PLAY]
11-22 15:36:25.845   989  1038 D AudioFlinger: mixer(0xaeb03e00) throttle end: throttle time(8)
11-22 15:36:26.502  2315  2315 W ResourceType: No package identifier when getting name for resource number 0x0000007c
11-22 15:36:26.502  2315  2315 I ViewInteraction: Performing 'scroll RecyclerView to position: 11' action on view with id: 124 (resource name not found)
11-22 15:36:26.660  2315  2326 I art     : Background sticky concurrent mark sweep GC freed 23961(2043KB) AllocSpace objects, 15(320KB) LOS objects, 20% free, 8MB/11MB, paused 7.127ms total 120.344ms
11-22 15:36:26.833  2315  2315 W ResourceType: No package identifier when getting name for resource number 0x0000007c
11-22 15:36:26.878  2315  2315 W ResourceType: No package identifier when getting name for resource number 0x00000084
11-22 15:36:26.879  2315  2315 I ViewInteraction: Performing 'single click' action on view with id: 132 (resource name not found)
11-22 15:36:26.947  2315  2331 I DroidFlux:Dispatcher: [STARTED] dispatch of action [GIF_PLAY]
11-22 15:36:26.949  2315  2331 I DroidFlux:Dispatcher: [COMPLETED] dispatch of action [GIF_PLAY]
11-22 15:36:27.015   989  1038 D AudioFlinger: mixer(0xaeb03e00) throttle end: throttle time(10)
11-22 15:36:27.035   989  1038 D AudioFlinger: mixer(0xaeb03e00) throttle end: throttle time(11)
11-22 15:36:27.581  2315  2315 W ResourceType: No package identifier when getting name for resource number 0x00000088
11-22 15:36:27.582  2315  2315 I ViewInteraction: Performing 'scroll RecyclerView to position: 12' action on view with id: 136 (resource name not found)
11-22 15:36:27.917  2315  2315 W ResourceType: No package identifier when getting name for resource number 0x00000088
11-22 15:36:27.949  2315  2315 W ResourceType: No package identifier when getting name for resource number 0x00000090
11-22 15:36:27.949  2315  2315 I ViewInteraction: Performing 'single click' action on view with id: 144 (resource name not found)
11-22 15:36:28.037  2315  2331 I DroidFlux:Dispatcher: [STARTED] dispatch of action [GIF_PLAY]
11-22 15:36:28.039  2315  2331 I DroidFlux:Dispatcher: [COMPLETED] dispatch of action [GIF_PLAY]
11-22 15:36:28.084   989  1038 D AudioFlinger: mixer(0xaeb03e00) throttle end: throttle time(11)
11-22 15:36:28.104   989  1038 D AudioFlinger: mixer(0xaeb03e00) throttle end: throttle time(11)
11-22 15:36:28.790  2315  2315 W ResourceType: No package identifier when getting name for resource number 0x00000094
11-22 15:36:28.791  2315  2315 I ViewInteraction: Performing 'scroll RecyclerView to position: 13' action on view with id: 148 (resource name not found)
11-22 15:36:29.112  2315  2315 W ResourceType: No package identifier when getting name for resource number 0x00000094
11-22 15:36:29.179  2315  2315 W ResourceType: No package identifier when getting name for resource number 0x0000009c
11-22 15:36:29.180  2315  2315 I ViewInteraction: Performing 'single click' action on view with id: 156 (resource name not found)
11-22 15:36:29.250  2315  2331 I DroidFlux:Dispatcher: [STARTED] dispatch of action [GIF_PLAY]
11-22 15:36:29.251  2315  2331 I DroidFlux:Dispatcher: [COMPLETED] dispatch of action [GIF_PLAY]
11-22 15:36:29.264   989  1038 D AudioFlinger: mixer(0xaeb03e00) throttle end: throttle time(10)
11-22 15:36:29.296   989  1038 D AudioFlinger: mixer(0xaeb03e00) throttle end: throttle time(4)
11-22 15:36:29.939  2315  2315 W ResourceType: No package identifier when getting name for resource number 0x000000a0
11-22 15:36:29.939  2315  2315 I ViewInteraction: Performing 'scroll RecyclerView to position: 14' action on view with id: 160 (resource name not found)
11-22 15:36:30.271  2315  2315 W ResourceType: No package identifier when getting name for resource number 0x000000a0
11-22 15:36:30.328  2315  2315 W ResourceType: No package identifier when getting name for resource number 0x000000a8
11-22 15:36:30.328  2315  2315 I ViewInteraction: Performing 'single click' action on view with id: 168 (resource name not found)
11-22 15:36:30.386  2315  2331 I DroidFlux:Dispatcher: [STARTED] dispatch of action [GIF_PLAY]
11-22 15:36:30.387  2315  2331 I DroidFlux:Dispatcher: [COMPLETED] dispatch of action [GIF_PLAY]
11-22 15:36:30.403  2315  2320 I art     : Do full code cache collection, code=124KB, data=116KB
11-22 15:36:30.409  2315  2320 I art     : After code cache collection, code=97KB, data=80KB
11-22 15:36:30.416   989  1038 D AudioFlinger: mixer(0xaeb03e00) throttle end: throttle time(11)
11-22 15:36:30.987  2315  2315 W ResourceType: No package identifier when getting name for resource number 0x000000ac
11-22 15:36:30.988  2315  2315 I ViewInteraction: Performing 'scroll RecyclerView to position: 15' action on view with id: 172 (resource name not found)
11-22 15:36:31.303  2315  2315 W ResourceType: No package identifier when getting name for resource number 0x000000ac
11-22 15:36:31.322  2315  2315 W ResourceType: No package identifier when getting name for resource number 0x000000b4
11-22 15:36:31.322  2315  2315 I ViewInteraction: Performing 'single click' action on view with id: 180 (resource name not found)
11-22 15:36:31.403  2315  2331 I DroidFlux:Dispatcher: [STARTED] dispatch of action [GIF_PLAY]
11-22 15:36:31.422  2315  2331 I DroidFlux:Dispatcher: [COMPLETED] dispatch of action [GIF_PLAY]
11-22 15:36:31.429   989  1038 D AudioFlinger: mixer(0xaeb03e00) throttle end: throttle time(11)
11-22 15:36:31.455   989  1038 D AudioFlinger: mixer(0xaeb03e00) throttle end: throttle time(11)
11-22 15:36:32.122  2315  2315 W ResourceType: No package identifier when getting name for resource number 0x000000b8
11-22 15:36:32.122  2315  2315 I ViewInteraction: Performing 'scroll RecyclerView to position: 16' action on view with id: 184 (resource name not found)
11-22 15:36:32.262  2315  2326 I art     : Background partial concurrent mark sweep GC freed 14077(1025KB) AllocSpace objects, 13(1948KB) LOS objects, 32% free, 8MB/12MB, paused 7.182ms total 99.887ms
11-22 15:36:32.459  2315  2315 W ResourceType: No package identifier when getting name for resource number 0x000000b8
11-22 15:36:32.473  2315  2315 W ResourceType: No package identifier when getting name for resource number 0x000000c0
11-22 15:36:32.487  2315  2315 I ViewInteraction: Performing 'single click' action on view with id: 192 (resource name not found)
11-22 15:36:32.587  2315  2331 I DroidFlux:Dispatcher: [STARTED] dispatch of action [GIF_PLAY]
11-22 15:36:32.588  2315  2331 I DroidFlux:Dispatcher: [COMPLETED] dispatch of action [GIF_PLAY]
11-22 15:36:32.608   989  1038 D AudioFlinger: mixer(0xaeb03e00) throttle end: throttle time(8)
11-22 15:36:33.312  2315  2315 W ResourceType: No package identifier when getting name for resource number 0x000000c4
11-22 15:36:33.312  2315  2315 I ViewInteraction: Performing 'scroll RecyclerView to position: 17' action on view with id: 196 (resource name not found)
11-22 15:36:33.628  2315  2315 W ResourceType: No package identifier when getting name for resource number 0x000000c4
11-22 15:36:33.653  2315  2315 W ResourceType: No package identifier when getting name for resource number 0x000000cc
11-22 15:36:33.663  2315  2315 I ViewInteraction: Performing 'single click' action on view with id: 204 (resource name not found)
11-22 15:36:33.726  2315  2331 I DroidFlux:Dispatcher: [STARTED] dispatch of action [GIF_PLAY]
11-22 15:36:33.760  2315  2331 I DroidFlux:Dispatcher: [COMPLETED] dispatch of action [GIF_PLAY]
11-22 15:36:33.768   989  1038 D AudioFlinger: mixer(0xaeb03e00) throttle end: throttle time(9)
11-22 15:36:34.443  2315  2315 W ResourceType: No package identifier when getting name for resource number 0x000000d0
11-22 15:36:34.443  2315  2315 I ViewInteraction: Performing 'scroll RecyclerView to position: 18' action on view with id: 208 (resource name not found)
11-22 15:36:34.780  2315  2315 W ResourceType: No package identifier when getting name for resource number 0x000000d0
11-22 15:36:34.806  2315  2315 W ResourceType: No package identifier when getting name for resource number 0x000000d8
11-22 15:36:34.806  2315  2315 I ViewInteraction: Performing 'single click' action on view with id: 216 (resource name not found)
11-22 15:36:34.888  2315  2331 I DroidFlux:Dispatcher: [STARTED] dispatch of action [GIF_PLAY]
11-22 15:36:34.889  2315  2331 I DroidFlux:Dispatcher: [COMPLETED] dispatch of action [GIF_PLAY]
11-22 15:36:34.904   989  1038 D AudioFlinger: mixer(0xaeb03e00) throttle end: throttle time(11)
11-22 15:36:35.516  2315  2315 W ResourceType: No package identifier when getting name for resource number 0x000000e3
11-22 15:36:35.516  2315  2315 I ViewInteraction: Performing 'single click' action on view with id: 227 (resource name not found)
11-22 15:36:35.600  2315  2331 I DroidFlux:Dispatcher: [STARTED] dispatch of action [GIF_PAUSE]
11-22 15:36:35.602  2315  2331 I DroidFlux:Dispatcher: [COMPLETED] dispatch of action [GIF_PAUSE]
11-22 15:36:35.625   989  1038 D AudioFlinger: mixer(0xaeb03e00) throttle end: throttle time(11)
11-22 15:36:35.645   989  1038 D AudioFlinger: mixer(0xaeb03e00) throttle end: throttle time(11)
11-22 15:36:36.259  2315  2330 I TestRunner: finished: whenListKeepOrderedAfterPlayTest(br.com.catbag.gifreduxsample.ui.giflist.GifListActivityTest)
11-22 15:36:36.295  2315  2315 D LifecycleMonitor: Lifecycle status change: br.com.catbag.gifreduxsample.ui.GifListActivity@f7ddc2b in: PAUSED
11-22 15:36:36.361   979   979 D gralloc : Registering a buffer in the process that created it. This may cause memory ordering problems.
11-22 15:36:36.361   979   979 E libEGL  : called unimplemented OpenGL ES API
11-22 15:36:36.362   979   979 E SurfaceFlinger: glCheckFramebufferStatusOES error 902702928
11-22 15:36:36.362   979   979 E SurfaceFlinger: got GL_FRAMEBUFFER_COMPLETE_OES error while taking screenshot
11-22 15:36:36.373  1239  1439 W WindowManager: Screenshot failure taking screenshot for (480x800) to layer 21005
11-22 15:36:36.409  2315  2315 I MonitoringInstrumentation: Activities that are still in CREATED to STOPPED: 1
11-22 15:36:36.410  2315  2330 I TestRunner: started: whenGifIsWatchedTest(br.com.catbag.gifreduxsample.ui.giflist.GifListActivityTest)
11-22 15:36:36.443  2315  2315 I MonitoringInstrumentation: Activities that are still in CREATED to STOPPED: 1
11-22 15:36:36.470  2315  2331 I DroidFlux:Dispatcher: [STARTED] dispatch of action [FAKE_REDUCE_ACTION]
11-22 15:36:36.503  2315  2331 I DroidFlux:Dispatcher: [COMPLETED] dispatch of action [FAKE_REDUCE_ACTION]
11-22 15:36:36.651  2315  2347 D ActivityTestRule: Launching activity br.com.catbag.gifreduxsample.ui.GifListActivity
11-22 15:36:36.678  2315  2348 D MonitoringInstrumentation: execStartActivity(context, ibinder, ibinder, activity, intent, int, bundle
11-22 15:36:36.690  1239  1444 I ActivityManager: START u0 {flg=0x10000000 cmp=br.com.catbag.gifreduxsample/.ui.GifListActivity} from uid 10060 on display 0
11-22 15:36:36.798  2315  2315 D LifecycleMonitor: Lifecycle status change: br.com.catbag.gifreduxsample.ui.GifListActivity@79e12a8 in: PRE_ON_CREATE
11-22 15:36:36.822  1239  1260 I Choreographer: Skipped 51 frames!  The application may be doing too much work on its main thread.
11-22 15:36:36.872  2315  2315 D LifecycleMonitor: Lifecycle status change: br.com.catbag.gifreduxsample.ui.GifListActivity@79e12a8 in: CREATED
11-22 15:36:36.906  2315  2331 I DroidFlux:Dispatcher: [STARTED] dispatch of action [GIF_LIST_FETCHING]
11-22 15:36:36.907  2315  2331 D DroidFlux:Dispatcher: An action of type [GIF_LIST_FETCHING] was dispatched, but no reducer handled it
11-22 15:36:36.907  2315  2331 I DroidFlux:Dispatcher: [COMPLETED] dispatch of action [GIF_LIST_FETCHING]
11-22 15:36:36.907  2315  2315 D LifecycleMonitor: Lifecycle status change: br.com.catbag.gifreduxsample.ui.GifListActivity@79e12a8 in: STARTED
11-22 15:36:36.911  2315  2315 D LifecycleMonitor: Lifecycle status change: br.com.catbag.gifreduxsample.ui.GifListActivity@79e12a8 in: RESUMED
11-22 15:36:36.916  2315  2315 I Choreographer: Skipped 38 frames!  The application may be doing too much work on its main thread.
11-22 15:36:37.117  2315  2315 E Feed    : Gif{uuid=f20660af-78ce-4830-838e-d9be849ffadd, path=, url=, title=, watched=true, status=DOWNLOADED}
11-22 15:36:37.117  2315  2315 E Feed    : pl.droidsonroids.gif.GifIOException: GifError 101: Failed to open given input
11-22 15:36:37.117  2315  2315 E Feed    : 	at pl.droidsonroids.gif.GifInfoHandle.openFile(Native Method)
11-22 15:36:37.117  2315  2315 E Feed    : 	at pl.droidsonroids.gif.GifInfoHandle.<init>(GifInfoHandle.java:46)
11-22 15:36:37.117  2315  2315 E Feed    : 	at pl.droidsonroids.gif.GifDrawable.<init>(GifDrawable.java:124)
11-22 15:36:37.117  2315  2315 E Feed    : 	at br.com.catbag.gifreduxsample.ui.components.FeedComponent.createDrawable(FeedComponent.java:104)
11-22 15:36:37.117  2315  2315 E Feed    : 	at br.com.catbag.gifreduxsample.ui.components.FeedComponent.lambda$renderGifView$2(FeedComponent.java:90)
11-22 15:36:37.117  2315  2315 E Feed    : 	at br.com.catbag.gifreduxsample.ui.components.FeedComponent$$Lambda$2.view(Unknown Source)
11-22 15:36:37.117  2315  2315 E Feed    : 	at trikita.anvil.BaseDSL.v(BaseDSL.java:670)
11-22 15:36:37.117  2315  2315 E Feed    : 	at br.com.catbag.gifreduxsample.ui.components.FeedComponent.renderGifView(FeedComponent.java:88)
11-22 15:36:37.117  2315  2315 E Feed    : 	at br.com.catbag.gifreduxsample.ui.components.FeedComponent.lambda$null$0(FeedComponent.java:55)
11-22 15:36:37.117  2315  2315 E Feed    : 	at br.com.catbag.gifreduxsample.ui.components.FeedComponent$$Lambda$3.view(Unknown Source)
11-22 15:36:37.117  2315  2315 E Feed    : 	at br.com.catbag.gifreduxsample.ui.components.GifsAdapter.view(GifsAdapter.java:55)
11-22 15:36:37.117  2315  2315 E Feed    : 	at trikita.anvil.RenderableRecyclerViewAdapter$1.view(RenderableRecyclerViewAdapter.java:24)
11-22 15:36:37.117  2315  2315 E Feed    : 	at trikita.anvil.Anvil$Mount.render(Anvil.java:204)
11-22 15:36:37.117  2315  2315 E Feed    : 	at trikita.anvil.Anvil.render(Anvil.java:173)
11-22 15:36:37.117  2315  2315 E Feed    : 	at trikita.anvil.RenderableRecyclerViewAdapter.onBindViewHolder(RenderableRecyclerViewAdapter.java:27)
11-22 15:36:37.117  2315  2315 E Feed    : 	at trikita.anvil.RenderableRecyclerViewAdapter.onBindViewHolder(RenderableRecyclerViewAdapter.java:7)
11-22 15:36:37.117  2315  2315 E Feed    : 	at android.support.v7.widget.RecyclerView$Adapter.onBindViewHolder(RecyclerView.java:5768)
11-22 15:36:37.117  2315  2315 E Feed    : 	at android.support.v7.widget.RecyclerView$Adapter.bindViewHolder(RecyclerView.java:5801)
11-22 15:36:37.117  2315  2315 E Feed    : 	at android.support.v7.widget.RecyclerView$Recycler.getViewForPosition(RecyclerView.java:5037)
11-22 15:36:37.117  2315  2315 E Feed    : 	at android.support.v7.widget.RecyclerView$Recycler.getViewForPosition(RecyclerView.java:4913)
11-22 15:36:37.117  2315  2315 E Feed    : 	at android.support.v7.widget.LinearLayoutManager$LayoutState.next(LinearLayoutManager.java:2029)
11-22 15:36:37.117  2315  2315 E Feed    : 	at android.support.v7.widget.LinearLayoutManager.layoutChunk(LinearLayoutManager.java:1414)
11-22 15:36:37.117  2315  2315 E Feed    : 	at android.support.v7.widget.LinearLayoutManager.fill(LinearLayoutManager.java:1377)
11-22 15:36:37.117  2315  2315 E Feed    : 	at android.support.v7.widget.LinearLayoutManager.onLayoutChildren(LinearLayoutManager.java:578)
11-22 15:36:37.117  2315  2315 E Feed    : 	at android.support.v7.widget.RecyclerView.dispatchLayoutStep2(RecyclerView.java:3260)
11-22 15:36:37.117  2315  2315 E Feed    : 	at android.support.v7.widget.RecyclerView.dispatchLayout(RecyclerView.java:3069)
11-22 15:36:37.117  2315  2315 E Feed    : 	at android.support.v7.widget.RecyclerView.onLayout(RecyclerView.java:3518)
11-22 15:36:37.117  2315  2315 E Feed    : 	at android.view.View.layout(View.java:17520)
11-22 15:36:37.117  2315  2315 E Feed    : 	at android.view.ViewGroup.layout(ViewGroup.java:5612)
11-22 15:36:37.117  2315  2315 E Feed    : 	at android.widget.FrameLayout.layoutChildren(FrameLayout.java:323)
11-22 15:36:37.117  2315  2315 E Feed    : 	at android.widget.FrameLayout.onLayout(FrameLayout.java:261)
11-22 15:36:37.117  2315  2315 E Feed    : 	at android.view.View.layout(View.java:17520)
11-22 15:36:37.117  2315  2315 E Feed    : 	at android.view.ViewGroup.layout(ViewGroup.java:5612)
11-22 15:36:37.117  2315  2315 E Feed    : 	at android.widget.RelativeLayout.onLayout(RelativeLayout.java:1079)
11-22 15:36:37.117  2315  2315 E Feed    : 	at android.view.View.layout(View.java:17520)
11-22 15:36:37.117  2315  2315 E Feed    : 	at android.view.ViewGroup.layout(ViewGroup.java:5612)
11-22 15:36:37.117  2315  2315 E Feed    : 	at android.widget.FrameLayout.layoutChildren(FrameLayout.java:323)
11-22 15:36:37.117  2315  2315 E Feed    : 	at android.widget.FrameLayout.onLayout(FrameLayout.java:261)
11-22 15:36:37.117  2315  2315 E Feed    : 	at android.view.View.layout(View.java:17520)
11-22 15:36:37.117  2315  2315 E Feed    : 	at android.view.ViewGroup.layout(ViewGroup.java:5612)
11-22 15:36:37.117  2315  2315 E Feed    : 	at android.support.v7.widget.ActionBarOverlayLayout.onLayout(ActionBarOverlayLayout.java:435)
11-22 15:36:37.117  2315  2315 E Feed    : 	at android.view.View.layout(View.java:17520)
11-22 15:36:37.117  2315  2315 E Feed    : 	at android.view.ViewGroup.layout(ViewGroup.java:5612)
11-22 15:36:37.117  2315  2315 E Feed    : 	at android.widget.FrameLayout.layoutChildren(FrameLayout.java:323)
11-22 15:36:37.117  2315  2315 E Feed    : 	at android.widget.FrameLayout.onLayout(FrameLayout.java:261)
11-22 15:36:37.117  2315  2315 E Feed    : 	at android.view.View.layout(View.java:17520)
11-22 15:36:37.117  2315  2315 E Feed    : 	at android.view.ViewGroup.layout(ViewGroup.java:5612)
11-22 15:36:37.117  2315  2315 E Feed    : 	at android.widget.LinearLayout.setChildFrame(LinearLayout.java:1741)
11-22 15:36:37.117  2315  2315 E Feed    : 	at android.widget.LinearLayout.layoutVertical(LinearLayout.java:1585)
11-22 15:36:37.117  2315  2315 E Feed    : 	at android.widget.LinearLayout.onLayout(LinearLayout.java:1494)
11-22 15:36:37.117  2315  2315 E Feed    : 	at android.view.View.layout(View.java:17520)
11-22 15:36:37.117  2315  2315 E Feed    : 	at android.view.ViewGroup.layout(ViewGroup.java:5612)
11-22 15:36:37.117  2315  2315 E Feed    : 	at android.widget.FrameLayout.layoutChildren(FrameLayout.java:323)
11-22 15:36:37.118  2315  2315 E Feed    : 	at android.widget.FrameLayout.onLayout(FrameLayout.java:261)
11-22 15:36:37.118  2315  2315 E Feed    : 	at com.android.internal.policy.DecorView.onLayout(DecorView.java:724)
11-22 15:36:37.118  2315  2315 E Feed    : 	at android.view.View.layout(View.java:17520)
11-22 15:36:37.118  2315  2315 E Feed    : 	at android.view.ViewGroup.layout(ViewGroup.java:5612)
11-22 15:36:37.118  2315  2315 E Feed    : 	at android.view.ViewRootImpl.performLayout(ViewRootImpl.java:2342)
11-22 15:36:37.118  2315  2315 E Feed    : 	at android.view.ViewRootImpl.performTraversals(ViewRootImpl.java:2069)
11-22 15:36:37.118  2315  2315 E Feed    : 	at android.view.ViewRootImpl.doTraversal(ViewRootImpl.java:1246)
11-22 15:36:37.118  2315  2315 E Feed    : 	at android.view.ViewRootImpl$TraversalRunnable.run(ViewRootImpl.java:6301)
11-22 15:36:37.118  2315  2315 E Feed    : 	at android.view.Choreographer$CallbackRecord.run(Choreographer.java:871)
11-22 15:36:37.118  2315  2315 E Feed    : 	at android.view.Choreographer.doCallbacks(Choreographer.java:683)
11-22 15:36:37.118  2315  2315 E Feed    : 	at android.view.Choreographer.doFrame(Choreographer.java:619)
11-22 15:36:37.118  2315  2315 E Feed    : 	at android.view.Choreographer$FrameDisplayEventReceiver.run(Choreographer.java:857)
11-22 15:36:37.118  2315  2315 E Feed    : 	at android.os.Handler.handleCallback(Handler.java:751)
11-22 15:36:37.118  2315  2315 E Feed    : 	at android.os.Handler.dispatchMessage(Handler.java:95)
11-22 15:36:37.118  2315  2315 E Feed    : 	at android.os.Looper.loop(Looper.java:154)
11-22 15:36:37.118  2315  2315 E Feed    : 	at android.app.ActivityThread.main(ActivityThread.java:6077)
11-22 15:36:37.118  2315  2315 E Feed    : 	at java.lang.reflect.Method.invoke(Native Method)
11-22 15:36:37.118  2315  2315 E Feed    : 	at com.android.internal.os.ZygoteInit$MethodAndArgsCaller.run(ZygoteInit.java:865)
11-22 15:36:37.118  2315  2315 E Feed    : 	at com.android.internal.os.ZygoteInit.main(ZygoteInit.java:755)
11-22 15:36:37.308  1239  1260 I Choreographer: Skipped 107 frames!  The application may be doing too much work on its main thread.
11-22 15:36:37.568  1239  1260 I ActivityManager: Displayed br.com.catbag.gifreduxsample/.ui.GifListActivity: +842ms
11-22 15:36:37.582  2315  2315 D LifecycleMonitor: Lifecycle status change: br.com.catbag.gifreduxsample.ui.GifListActivity@f7ddc2b in: STOPPED
11-22 15:36:37.583  2315  2315 D LifecycleMonitor: Lifecycle status change: br.com.catbag.gifreduxsample.ui.GifListActivity@f7ddc2b in: DESTROYED
11-22 15:36:37.621  1239  1677 I WindowManager: Destroying surface Surface(name=br.com.catbag.gifreduxsample/br.com.catbag.gifreduxsample.ui.GifListActivity) called by com.android.server.wm.WindowStateAnimator.destroySurface:2014 com.android.server.wm.WindowStateAnimator.destroySurfaceLocked:881 com.android.server.wm.WindowState.removeLocked:1449 com.android.server.wm.WindowManagerService.removeWindowInnerLocked:2478 com.android.server.wm.WindowManagerService.removeWindowLocked:2436 com.android.server.wm.WindowManagerService.removeWindowLocked:2305 com.android.server.wm.WindowManagerService.removeWindow:2300 com.android.server.wm.Session.remove:193 
11-22 15:36:37.728  2315  2330 I TestRunner: finished: whenGifIsWatchedTest(br.com.catbag.gifreduxsample.ui.giflist.GifListActivityTest)
11-22 15:36:37.739  2315  2315 D LifecycleMonitor: Lifecycle status change: br.com.catbag.gifreduxsample.ui.GifListActivity@79e12a8 in: PAUSED
11-22 15:36:37.767  1730  1730 I Choreographer: Skipped 121 frames!  The application may be doing too much work on its main thread.
11-22 15:36:37.791   979   979 D gralloc : Registering a buffer in the process that created it. This may cause memory ordering problems.
11-22 15:36:37.791   979   979 E libEGL  : called unimplemented OpenGL ES API
11-22 15:36:37.792   979   979 E SurfaceFlinger: glCheckFramebufferStatusOES error 902702928
11-22 15:36:37.792   979   979 E SurfaceFlinger: got GL_FRAMEBUFFER_COMPLETE_OES error while taking screenshot
