11-23 18:00:29.486  1238  1466 I ActivityManager: START u0 {flg=0x10000000 cmp=br.com.catbag.gifreduxsample/.ui.GifListActivity} from uid 10060 on display 0
11-23 18:00:29.644  1238  1268 W art     : Long monitor contention with owner Binder:1238_5 (1466) at int com.android.server.am.ActivityStarter.startActivityMayWait(android.app.IApplicationThread, int, java.lang.String, android.content.Intent, java.lang.String, android.service.voice.IVoiceInteractionSession, com.android.internal.app.IVoiceInteractor, android.os.IBinder, java.lang.String, int, int, android.app.ProfilerInfo, android.app.IActivityManager$WaitResult, android.content.res.Configuration, android.os.Bundle, boolean, int, android.app.IActivityContainer, com.android.server.am.TaskRecord)(ActivityStarter.java:725) waiters=1 in void com.android.server.am.ActivityManagerService.activityResumed(android.os.IBinder) for 130ms
11-23 18:00:29.645  1722  1722 I Choreographer: Skipped 94 frames!  The application may be doing too much work on its main thread.
11-23 18:00:29.713  1238  1259 I Choreographer: Skipped 51 frames!  The application may be doing too much work on its main thread.
11-23 18:00:29.842  1722  1722 I Choreographer: Skipped 31 frames!  The application may be doing too much work on its main thread.
11-23 18:00:29.932  2306  2306 D LifecycleMonitor: Lifecycle status change: br.com.catbag.gifreduxsample.ui.GifListActivity@7a41bb2 in: PRE_ON_CREATE
11-23 18:00:29.980  1238  1259 I Choreographer: Skipped 48 frames!  The application may be doing too much work on its main thread.
11-23 18:00:30.442  1238  1259 I Choreographer: Skipped 33 frames!  The application may be doing too much work on its main thread.
11-23 18:00:30.453   997  1040 I MediaPlayerService: MediaPlayerService::getOMX
11-23 18:00:30.453  1238  2349 I OMXClient: MuxOMX ctor
11-23 18:00:30.454   992  1499 I OMXMaster: makeComponentInstance(OMX.google.vorbis.decoder) in mediacodec process
11-23 18:00:30.622  1722  1722 I Choreographer: Skipped 147 frames!  The application may be doing too much work on its main thread.
11-23 18:00:30.685  2306  2306 D LifecycleMonitor: Lifecycle status change: br.com.catbag.gifreduxsample.ui.GifListActivity@7a41bb2 in: CREATED
11-23 18:00:30.686  2306  2306 D LifecycleMonitor: Lifecycle status change: br.com.catbag.gifreduxsample.ui.GifListActivity@7a41bb2 in: STARTED
11-23 18:00:30.687  2306  2322 I DroidFlux:Dispatcher: [STARTED] dispatch of action [APP_STATE_LOAD]
11-23 18:00:30.687  2306  2322 D DroidFlux:Dispatcher: An action of type [APP_STATE_LOAD] was dispatched, but no reducer handled it
11-23 18:00:30.690  2306  2306 D LifecycleMonitor: Lifecycle status change: br.com.catbag.gifreduxsample.ui.GifListActivity@7a41bb2 in: RESUMED
11-23 18:00:30.720  2306  2322 I DroidFlux:Dispatcher: [COMPLETED] dispatch of action [APP_STATE_LOAD]
11-23 18:00:30.941  1238  1259 I Choreographer: Skipped 74 frames!  The application may be doing too much work on its main thread.
11-23 18:00:31.008  1238  1431 W art     : Long monitor contention with owner android.display (1259) at void com.android.server.wm.WindowAnimator$1.doFrame(long)(WindowAnimator.java:138) waiters=0 in int com.android.server.wm.WindowManagerService.relayoutWindow(com.android.server.wm.Session, android.view.IWindow, int, android.view.WindowManager$LayoutParams, int, int, int, int, android.graphics.Rect, android.graphics.Rect, android.graphics.Rect, android.graphics.Rect, android.graphics.Rect, android.graphics.Rect, android.graphics.Rect, android.content.res.Configuration, android.view.Surface) for 293ms
11-23 18:00:31.132  1238  1259 I Choreographer: Skipped 43 frames!  The application may be doing too much work on its main thread.
11-23 18:00:31.137  1238  1466 W art     : Long monitor contention with owner android.display (1259) at void com.android.server.wm.WindowAnimator$1.doFrame(long)(WindowAnimator.java:138) waiters=1 in int com.android.server.wm.WindowManagerService.addWindow(com.android.server.wm.Session, android.view.IWindow, int, android.view.WindowManager$LayoutParams, int, int, android.graphics.Rect, android.graphics.Rect, android.graphics.Rect, android.view.InputChannel) for 442ms
11-23 18:00:31.373  1238  1259 I Choreographer: Skipped 35 frames!  The application may be doing too much work on its main thread.
11-23 18:00:31.420  1238  1431 I WindowManager: Destroying surface Surface(name=com.android.launcher3/com.android.launcher3.Launcher) called by com.android.server.wm.WindowStateAnimator.destroySurface:2014 com.android.server.wm.WindowStateAnimator.destroySurfaceLocked:881 com.android.server.wm.WindowState.destroyOrSaveSurface:2073 com.android.server.wm.WindowManagerService.tryStartExitingAnimation:3017 com.android.server.wm.WindowManagerService.relayoutWindow:2897 com.android.server.wm.Session.relayout:215 android.view.IWindowSession$Stub.onTransact:286 com.android.server.wm.Session.onTransact:136 
11-23 18:00:31.438  1238  1466 W art     : Long monitor contention with owner android.display (1259) at void com.android.server.wm.WindowAnimator$1.doFrame(long)(WindowAnimator.java:138) waiters=1 in int com.android.server.wm.WindowManagerService.addWindow(com.android.server.wm.Session, android.view.IWindow, int, android.view.WindowManager$LayoutParams, int, int, android.graphics.Rect, android.graphics.Rect, android.graphics.Rect, android.view.InputChannel) for 300ms
11-23 18:00:31.467  2306  2306 I Choreographer: Skipped 197 frames!  The application may be doing too much work on its main thread.
11-23 18:00:31.575   997   997 I MediaPlayerService: MediaPlayerService::getOMX
11-23 18:00:31.575  1238  2352 I OMXClient: MuxOMX ctor
11-23 18:00:31.576   992   992 I OMXMaster: makeComponentInstance(OMX.google.vorbis.decoder) in mediacodec process
11-23 18:00:32.021   997  1448 I MediaPlayerService: MediaPlayerService::getOMX
11-23 18:00:32.022  1238  2355 I OMXClient: MuxOMX ctor
11-23 18:00:32.025   992  1389 I OMXMaster: makeComponentInstance(OMX.google.vorbis.decoder) in mediacodec process
11-23 18:00:32.076  2306  2306 E Feed    : Gif{uuid=221f2a79-4c46-4138-b341-cb57cfbede0f, path=, url=, title=, watched=false, status=DOWNLOADED}
11-23 18:00:32.076  2306  2306 E Feed    : pl.droidsonroids.gif.GifIOException: GifError 101: Failed to open given input
11-23 18:00:32.076  2306  2306 E Feed    : 	at pl.droidsonroids.gif.GifInfoHandle.openFile(Native Method)
11-23 18:00:32.076  2306  2306 E Feed    : 	at pl.droidsonroids.gif.GifInfoHandle.<init>(GifInfoHandle.java:46)
11-23 18:00:32.076  2306  2306 E Feed    : 	at pl.droidsonroids.gif.GifDrawable.<init>(GifDrawable.java:124)
11-23 18:00:32.076  2306  2306 E Feed    : 	at br.com.catbag.gifreduxsample.ui.components.FeedComponent.createDrawable(FeedComponent.java:104)
11-23 18:00:32.076  2306  2306 E Feed    : 	at br.com.catbag.gifreduxsample.ui.components.FeedComponent.lambda$renderGifView$2(FeedComponent.java:90)
11-23 18:00:32.076  2306  2306 E Feed    : 	at br.com.catbag.gifreduxsample.ui.components.FeedComponent$$Lambda$2.view(Unknown Source)
11-23 18:00:32.076  2306  2306 E Feed    : 	at trikita.anvil.BaseDSL.v(BaseDSL.java:670)
11-23 18:00:32.076  2306  2306 E Feed    : 	at br.com.catbag.gifreduxsample.ui.components.FeedComponent.renderGifView(FeedComponent.java:88)
11-23 18:00:32.076  2306  2306 E Feed    : 	at br.com.catbag.gifreduxsample.ui.components.FeedComponent.lambda$null$0(FeedComponent.java:55)
11-23 18:00:32.076  2306  2306 E Feed    : 	at br.com.catbag.gifreduxsample.ui.components.FeedComponent$$Lambda$3.view(Unknown Source)
11-23 18:00:32.076  2306  2306 E Feed    : 	at br.com.catbag.gifreduxsample.ui.components.GifsAdapter.view(GifsAdapter.java:55)
11-23 18:00:32.076  2306  2306 E Feed    : 	at trikita.anvil.RenderableRecyclerViewAdapter$1.view(RenderableRecyclerViewAdapter.java:24)
11-23 18:00:32.076  2306  2306 E Feed    : 	at trikita.anvil.Anvil$Mount.render(Anvil.java:204)
11-23 18:00:32.076  2306  2306 E Feed    : 	at trikita.anvil.Anvil.render(Anvil.java:173)
11-23 18:00:32.076  2306  2306 E Feed    : 	at trikita.anvil.RenderableRecyclerViewAdapter.onBindViewHolder(RenderableRecyclerViewAdapter.java:27)
11-23 18:00:32.076  2306  2306 E Feed    : 	at trikita.anvil.RenderableRecyclerViewAdapter.onBindViewHolder(RenderableRecyclerViewAdapter.java:7)
11-23 18:00:32.076  2306  2306 E Feed    : 	at android.support.v7.widget.RecyclerView$Adapter.onBindViewHolder(RecyclerView.java:5768)
11-23 18:00:32.076  2306  2306 E Feed    : 	at android.support.v7.widget.RecyclerView$Adapter.bindViewHolder(RecyclerView.java:5801)
11-23 18:00:32.076  2306  2306 E Feed    : 	at android.support.v7.widget.RecyclerView$Recycler.getViewForPosition(RecyclerView.java:5037)
11-23 18:00:32.076  2306  2306 E Feed    : 	at android.support.v7.widget.RecyclerView$Recycler.getViewForPosition(RecyclerView.java:4913)
11-23 18:00:32.076  2306  2306 E Feed    : 	at android.support.v7.widget.LinearLayoutManager$LayoutState.next(LinearLayoutManager.java:2029)
11-23 18:00:32.076  2306  2306 E Feed    : 	at android.support.v7.widget.LinearLayoutManager.layoutChunk(LinearLayoutManager.java:1414)
11-23 18:00:32.076  2306  2306 E Feed    : 	at android.support.v7.widget.LinearLayoutManager.fill(LinearLayoutManager.java:1377)
11-23 18:00:32.076  2306  2306 E Feed    : 	at android.support.v7.widget.LinearLayoutManager.onLayoutChildren(LinearLayoutManager.java:578)
11-23 18:00:32.076  2306  2306 E Feed    : 	at android.support.v7.widget.RecyclerView.dispatchLayoutStep2(RecyclerView.java:3260)
11-23 18:00:32.076  2306  2306 E Feed    : 	at android.support.v7.widget.RecyclerView.dispatchLayout(RecyclerView.java:3069)
11-23 18:00:32.076  2306  2306 E Feed    : 	at android.support.v7.widget.RecyclerView.onLayout(RecyclerView.java:3518)
11-23 18:00:32.076  2306  2306 E Feed    : 	at android.view.View.layout(View.java:17520)
11-23 18:00:32.076  2306  2306 E Feed    : 	at android.view.ViewGroup.layout(ViewGroup.java:5612)
11-23 18:00:32.076  2306  2306 E Feed    : 	at android.widget.FrameLayout.layoutChildren(FrameLayout.java:323)
11-23 18:00:32.076  2306  2306 E Feed    : 	at android.widget.FrameLayout.onLayout(FrameLayout.java:261)
11-23 18:00:32.076  2306  2306 E Feed    : 	at android.view.View.layout(View.java:17520)
11-23 18:00:32.076  2306  2306 E Feed    : 	at android.view.ViewGroup.layout(ViewGroup.java:5612)
11-23 18:00:32.076  2306  2306 E Feed    : 	at android.widget.RelativeLayout.onLayout(RelativeLayout.java:1079)
11-23 18:00:32.076  2306  2306 E Feed    : 	at android.view.View.layout(View.java:17520)
11-23 18:00:32.076  2306  2306 E Feed    : 	at android.view.ViewGroup.layout(ViewGroup.java:5612)
11-23 18:00:32.076  2306  2306 E Feed    : 	at android.widget.FrameLayout.layoutChildren(FrameLayout.java:323)
11-23 18:00:32.076  2306  2306 E Feed    : 	at android.widget.FrameLayout.onLayout(FrameLayout.java:261)
11-23 18:00:32.076  2306  2306 E Feed    : 	at android.view.View.layout(View.java:17520)
11-23 18:00:32.076  2306  2306 E Feed    : 	at android.view.ViewGroup.layout(ViewGroup.java:5612)
11-23 18:00:32.076  2306  2306 E Feed    : 	at android.support.v7.widget.ActionBarOverlayLayout.onLayout(ActionBarOverlayLayout.java:435)
11-23 18:00:32.076  2306  2306 E Feed    : 	at android.view.View.layout(View.java:17520)
11-23 18:00:32.076  2306  2306 E Feed    : 	at android.view.ViewGroup.layout(ViewGroup.java:5612)
11-23 18:00:32.076  2306  2306 E Feed    : 	at android.widget.FrameLayout.layoutChildren(FrameLayout.java:323)
11-23 18:00:32.076  2306  2306 E Feed    : 	at android.widget.FrameLayout.onLayout(FrameLayout.java:261)
11-23 18:00:32.076  2306  2306 E Feed    : 	at android.view.View.layout(View.java:17520)
11-23 18:00:32.076  2306  2306 E Feed    : 	at android.view.ViewGroup.layout(ViewGroup.java:5612)
11-23 18:00:32.076  2306  2306 E Feed    : 	at android.widget.LinearLayout.setChildFrame(LinearLayout.java:1741)
11-23 18:00:32.076  2306  2306 E Feed    : 	at android.widget.LinearLayout.layoutVertical(LinearLayout.java:1585)
11-23 18:00:32.076  2306  2306 E Feed    : 	at android.widget.LinearLayout.onLayout(LinearLayout.java:1494)
11-23 18:00:32.076  2306  2306 E Feed    : 	at android.view.View.layout(View.java:17520)
11-23 18:00:32.076  2306  2306 E Feed    : 	at android.view.ViewGroup.layout(ViewGroup.java:5612)
11-23 18:00:32.076  2306  2306 E Feed    : 	at android.widget.FrameLayout.layoutChildren(FrameLayout.java:323)
11-23 18:00:32.077  2306  2306 E Feed    : 	at android.widget.FrameLayout.onLayout(FrameLayout.java:261)
11-23 18:00:32.077  2306  2306 E Feed    : 	at com.android.internal.policy.DecorView.onLayout(DecorView.java:724)
11-23 18:00:32.077  2306  2306 E Feed    : 	at android.view.View.layout(View.java:17520)
11-23 18:00:32.077  2306  2306 E Feed    : 	at android.view.ViewGroup.layout(ViewGroup.java:5612)
11-23 18:00:32.077  2306  2306 E Feed    : 	at android.view.ViewRootImpl.performLayout(ViewRootImpl.java:2342)
11-23 18:00:32.077  2306  2306 E Feed    : 	at android.view.ViewRootImpl.performTraversals(ViewRootImpl.java:2069)
11-23 18:00:32.077  2306  2306 E Feed    : 	at android.view.ViewRootImpl.doTraversal(ViewRootImpl.java:1246)
11-23 18:00:32.077  2306  2306 E Feed    : 	at android.view.ViewRootImpl$TraversalRunnable.run(ViewRootImpl.java:6301)
11-23 18:00:32.077  2306  2306 E Feed    : 	at android.view.Choreographer$CallbackRecord.run(Choreographer.java:871)
11-23 18:00:32.077  2306  2306 E Feed    : 	at android.view.Choreographer.doCallbacks(Choreographer.java:683)
11-23 18:00:32.077  2306  2306 E Feed    : 	at android.view.Choreographer.doFrame(Choreographer.java:619)
11-23 18:00:32.077  2306  2306 E Feed    : 	at android.view.Choreographer$FrameDisplayEventReceiver.run(Choreographer.java:857)
11-23 18:00:32.077  2306  2306 E Feed    : 	at android.os.Handler.handleCallback(Handler.java:751)
11-23 18:00:32.077  2306  2306 E Feed    : 	at android.os.Handler.dispatchMessage(Handler.java:95)
11-23 18:00:32.077  2306  2306 E Feed    : 	at android.os.Looper.loop(Looper.java:154)
11-23 18:00:32.077  2306  2306 E Feed    : 	at android.app.ActivityThread.main(ActivityThread.java:6077)
11-23 18:00:32.077  2306  2306 E Feed    : 	at java.lang.reflect.Method.invoke(Native Method)
11-23 18:00:32.077  2306  2306 E Feed    : 	at com.android.internal.os.ZygoteInit$MethodAndArgsCaller.run(ZygoteInit.java:865)
11-23 18:00:32.077  2306  2306 E Feed    : 	at com.android.internal.os.ZygoteInit.main(ZygoteInit.java:755)
11-23 18:00:32.282  1238  1259 I ActivityManager: Displayed br.com.catbag.gifreduxsample/.ui.GifListActivity: +2s506ms
11-23 18:00:32.331  2306  2306 D LifecycleMonitor: Lifecycle status change: br.com.catbag.gifreduxsample.ui.GifListActivity@3c32cea in: STOPPED
11-23 18:00:32.331  2306  2306 D LifecycleMonitor: Lifecycle status change: br.com.catbag.gifreduxsample.ui.GifListActivity@3c32cea in: DESTROYED
11-23 18:00:32.483  1238  1259 I WindowManager: Destroying surface Surface(name=Starting br.com.catbag.gifreduxsample) called by com.android.server.wm.WindowStateAnimator.destroySurface:2014 com.android.server.wm.WindowStateAnimator.destroySurfaceLocked:881 com.android.server.wm.WindowState.destroyOrSaveSurface:2073 com.android.server.wm.AppWindowToken.destroySurfaces:363 com.android.server.wm.WindowStateAnimator.finishExit:565 com.android.server.wm.WindowStateAnimator.stepAnimationLocked:491 com.android.server.wm.WindowAnimator.updateWindowsLocked:303 com.android.server.wm.WindowAnimator.animateLocked:704 
11-23 18:00:32.567  1238  1655 I WindowManager: Destroying surface Surface(name=br.com.catbag.gifreduxsample/br.com.catbag.gifreduxsample.ui.GifListActivity) called by com.android.server.wm.WindowStateAnimator.destroySurface:2014 com.android.server.wm.WindowStateAnimator.destroySurfaceLocked:881 com.android.server.wm.WindowState.removeLocked:1449 com.android.server.wm.WindowManagerService.removeWindowInnerLocked:2478 com.android.server.wm.WindowManagerService.removeWindowLocked:2436 com.android.server.wm.WindowManagerService.removeWindowLocked:2305 com.android.server.wm.WindowManagerService.removeWindow:2300 com.android.server.wm.Session.remove:193 
11-23 18:00:32.630  2306  2306 I Choreographer: Skipped 77 frames!  The application may be doing too much work on its main thread.
11-23 18:00:32.743   997   997 I MediaPlayerService: MediaPlayerService::getOMX
11-23 18:00:32.754  1238  2358 I OMXClient: MuxOMX ctor
11-23 18:00:32.755   992  1389 I OMXMaster: makeComponentInstance(OMX.google.vorbis.decoder) in mediacodec process
11-23 18:00:32.875  2306  2321 I TestRunner: finished: whenGifIsNotWatchedTest(br.com.catbag.gifreduxsample.ui.giflist.GifListActivityTest)
11-23 18:00:32.896  2306  2306 D LifecycleMonitor: Lifecycle status change: br.com.catbag.gifreduxsample.ui.GifListActivity@7a41bb2 in: PAUSED
11-23 18:00:33.003   977   977 D gralloc : Registering a buffer in the process that created it. This may cause memory ordering problems.
11-23 18:00:33.004   977   977 E libEGL  : called unimplemented OpenGL ES API
11-23 18:00:33.005   977   977 E SurfaceFlinger: glCheckFramebufferStatusOES error -1462821228
11-23 18:00:33.005   977   977 E SurfaceFlinger: got GL_FRAMEBUFFER_COMPLETE_OES error while taking screenshot
11-23 18:00:33.007  1238  1249 W WindowManager: Screenshot failure taking screenshot for (480x800) to layer 21005
11-23 18:00:33.058  1238  1252 W art     : Long monitor contention with owner Binder:1238_1 (1249) at void com.android.server.am.ActivityManagerService.activityPaused(android.os.IBinder)(ActivityManagerService.java:6849) waiters=0 in void com.android.server.am.ActivityStackSupervisor$ActivityStackSupervisorHandler.activityIdleInternal(com.android.server.am.ActivityRecord) for 158ms
11-23 18:00:33.059  2306  2306 I MonitoringInstrumentation: Activities that are still in CREATED to STOPPED: 1
11-23 18:00:33.062  2306  2321 I TestRunner: started: whenGifIsDownloadingTest(br.com.catbag.gifreduxsample.ui.giflist.GifListActivityTest)
11-23 18:00:33.074  2306  2306 I MonitoringInstrumentation: Activities that are still in CREATED to STOPPED: 1
11-23 18:00:33.126  1238  1259 I Choreographer: Skipped 36 frames!  The application may be doing too much work on its main thread.
11-23 18:00:33.236  1238  1324 E TaskPersister: File error accessing recents directory (directory doesn't exist?).
11-23 18:00:33.331  2306  2306 I Choreographer: Skipped 30 frames!  The application may be doing too much work on its main thread.
11-23 18:00:33.467  2306  2306 I Choreographer: Skipped 31 frames!  The application may be doing too much work on its main thread.
11-23 18:00:33.483  1722  1722 I Choreographer: Skipped 49 frames!  The application may be doing too much work on its main thread.
11-23 18:00:33.630  2306  2322 I DroidFlux:Dispatcher: [STARTED] dispatch of action [FAKE_REDUCE_ACTION]
11-23 18:00:33.640  2306  2322 I DroidFlux:Dispatcher: [COMPLETED] dispatch of action [FAKE_REDUCE_ACTION]
11-23 18:00:33.694  2306  2361 D ActivityTestRule: Launching activity br.com.catbag.gifreduxsample.ui.GifListActivity
11-23 18:00:33.696  1238  1259 I Choreographer: Skipped 48 frames!  The application may be doing too much work on its main thread.
11-23 18:00:33.714  2306  2362 D MonitoringInstrumentation: execStartActivity(context, ibinder, ibinder, activity, intent, int, bundle
11-23 18:00:33.737  1238  1466 I ActivityManager: START u0 {flg=0x10000000 cmp=br.com.catbag.gifreduxsample/.ui.GifListActivity} from uid 10060 on display 0
11-23 18:00:33.996  1238  1259 I Choreographer: Skipped 38 frames!  The application may be doing too much work on its main thread.
11-23 18:00:34.019  1722  1722 I Choreographer: Skipped 111 frames!  The application may be doing too much work on its main thread.
11-23 18:00:34.472  1238  1259 I Choreographer: Skipped 77 frames!  The application may be doing too much work on its main thread.
11-23 18:00:34.757  1238  1259 I Choreographer: Skipped 71 frames!  The application may be doing too much work on its main thread.
11-23 18:00:34.783  1238  1252 W art     : Long monitor contention with owner Binder:1238_6 (1648) at void com.android.server.am.ActivityManagerService.activityPaused(android.os.IBinder)(ActivityManagerService.java:6849) waiters=0 in void com.android.server.am.ActivityStackSupervisor$ActivityStackSupervisorHandler.activityIdleInternal(com.android.server.am.ActivityRecord) for 375ms
11-23 18:00:34.820  1722  1722 I Choreographer: Skipped 207 frames!  The application may be doing too much work on its main thread.
11-23 18:00:35.072  2306  2306 D LifecycleMonitor: Lifecycle status change: br.com.catbag.gifreduxsample.ui.GifListActivity@80ec399 in: PRE_ON_CREATE
11-23 18:00:35.634  2306  2306 D LifecycleMonitor: Lifecycle status change: br.com.catbag.gifreduxsample.ui.GifListActivity@80ec399 in: CREATED
11-23 18:00:35.639  2306  2306 D LifecycleMonitor: Lifecycle status change: br.com.catbag.gifreduxsample.ui.GifListActivity@80ec399 in: STARTED
11-23 18:00:35.647  2306  2306 D LifecycleMonitor: Lifecycle status change: br.com.catbag.gifreduxsample.ui.GifListActivity@80ec399 in: RESUMED
11-23 18:00:35.651  1238  1313 W AudioTrack: AUDIO_OUTPUT_FLAG_FAST denied by client; transfer 4, track 48000 Hz, output 44100 Hz
11-23 18:00:35.659  2306  2322 I DroidFlux:Dispatcher: [STARTED] dispatch of action [APP_STATE_LOAD]
11-23 18:00:35.661  2306  2322 D DroidFlux:Dispatcher: An action of type [APP_STATE_LOAD] was dispatched, but no reducer handled it
11-23 18:00:35.662  2306  2322 I DroidFlux:Dispatcher: [COMPLETED] dispatch of action [APP_STATE_LOAD]
11-23 18:00:36.299   987  1031 D AudioFlinger: mixer(0xb0e83a40) throttle end: throttle time(9)
11-23 18:00:36.317  1238  1259 I ActivityManager: Displayed br.com.catbag.gifreduxsample/.ui.GifListActivity: +1s870ms
11-23 18:00:36.320   987  1031 D AudioFlinger: mixer(0xb0e83a40) throttle end: throttle time(10)
11-23 18:00:36.325  1238  1259 I Choreographer: Skipped 39 frames!  The application may be doing too much work on its main thread.
11-23 18:00:36.661  2306  2306 D LifecycleMonitor: Lifecycle status change: br.com.catbag.gifreduxsample.ui.GifListActivity@7a41bb2 in: STOPPED
11-23 18:00:36.661  2306  2306 D LifecycleMonitor: Lifecycle status change: br.com.catbag.gifreduxsample.ui.GifListActivity@7a41bb2 in: DESTROYED
11-23 18:00:36.758  1238  1259 I Choreographer: Skipped 77 frames!  The application may be doing too much work on its main thread.
11-23 18:00:36.763  1238  1249 I WindowManager: Destroying surface Surface(name=com.android.launcher3/com.android.launcher3.Launcher) called by com.android.server.wm.WindowStateAnimator.destroySurface:2014 com.android.server.wm.WindowStateAnimator.destroySurfaceLocked:881 com.android.server.wm.WindowState.destroyOrSaveSurface:2073 com.android.server.wm.AppWindowToken.destroySurfaces:363 com.android.server.wm.AppWindowToken.notifyAppStopped:389 com.android.server.wm.WindowManagerService.notifyAppStopped:4456 com.android.server.am.ActivityStack.activityStoppedLocked:1252 com.android.server.am.ActivityManagerService.activityStopped:6873 
11-23 18:00:36.860  1238  1431 I WindowManager: Destroying surface Surface(name=br.com.catbag.gifreduxsample/br.com.catbag.gifreduxsample.ui.GifListActivity) called by com.android.server.wm.WindowStateAnimator.destroySurface:2014 com.android.server.wm.WindowStateAnimator.destroySurfaceLocked:881 com.android.server.wm.WindowState.removeLocked:1449 com.android.server.wm.WindowManagerService.removeWindowInnerLocked:2478 com.android.server.wm.WindowManagerService.removeWindowLocked:2436 com.android.server.wm.WindowManagerService.removeWindowLocked:2305 com.android.server.wm.WindowManagerService.removeWindow:2300 com.android.server.wm.Session.remove:193 
11-23 18:00:37.035  1238  1259 I Choreographer: Skipped 54 frames!  The application may be doing too much work on its main thread.
11-23 18:00:37.040  1238  1259 I WindowManager: Destroying surface Surface(name=Starting br.com.catbag.gifreduxsample) called by com.android.server.wm.WindowStateAnimator.destroySurface:2014 com.android.server.wm.WindowStateAnimator.destroySurfaceLocked:881 com.android.server.wm.WindowState.destroyOrSaveSurface:2073 com.android.server.wm.AppWindowToken.destroySurfaces:363 com.android.server.wm.WindowStateAnimator.finishExit:565 com.android.server.wm.WindowStateAnimator.stepAnimationLocked:491 com.android.server.wm.WindowAnimator.updateWindowsLocked:303 com.android.server.wm.WindowAnimator.animateLocked:704 
11-23 18:00:37.191  2306  2321 I TestRunner: finished: whenGifIsDownloadingTest(br.com.catbag.gifreduxsample.ui.giflist.GifListActivityTest)
11-23 18:00:37.260  2306  2306 D LifecycleMonitor: Lifecycle status change: br.com.catbag.gifreduxsample.ui.GifListActivity@80ec399 in: PAUSED
11-23 18:00:37.427   977   977 D gralloc : Registering a buffer in the process that created it. This may cause memory ordering problems.
11-23 18:00:37.427   977   977 E libEGL  : called unimplemented OpenGL ES API
11-23 18:00:37.428   977   977 E SurfaceFlinger: glCheckFramebufferStatusOES error -1462821228
11-23 18:00:37.428   977   977 E SurfaceFlinger: got GL_FRAMEBUFFER_COMPLETE_OES error while taking screenshot
11-23 18:00:37.431  1238  1791 W WindowManager: Screenshot failure taking screenshot for (480x800) to layer 21005
11-23 18:00:37.448  2306  2306 I MonitoringInstrumentation: Activities that are still in CREATED to STOPPED: 1
11-23 18:00:37.467  2306  2321 I TestRunner: started: whenListKeepOrderedAfterPlayTest(br.com.catbag.gifreduxsample.ui.giflist.GifListActivityTest)
11-23 18:00:37.515  2306  2306 I Choreographer: Skipped 83 frames!  The application may be doing too much work on its main thread.
11-23 18:00:37.555  2306  2306 I MonitoringInstrumentation: Activities that are still in CREATED to STOPPED: 1
11-23 18:00:37.690  1238  1324 E TaskPersister: File error accessing recents directory (directory doesn't exist?).
11-23 18:00:37.865  2306  2322 I DroidFlux:Dispatcher: [STARTED] dispatch of action [FAKE_REDUCE_ACTION]
11-23 18:00:37.866  2306  2322 I DroidFlux:Dispatcher: [COMPLETED] dispatch of action [FAKE_REDUCE_ACTION]
11-23 18:00:37.879  2306  2365 D ActivityTestRule: Launching activity br.com.catbag.gifreduxsample.ui.GifListActivity
11-23 18:00:37.883  2306  2366 D MonitoringInstrumentation: execStartActivity(context, ibinder, ibinder, activity, intent, int, bundle
11-23 18:00:37.884  1238  1655 I ActivityManager: START u0 {flg=0x10000000 cmp=br.com.catbag.gifreduxsample/.ui.GifListActivity} from uid 10060 on display 0
11-23 18:00:38.053  1238  1259 I Choreographer: Skipped 55 frames!  The application may be doing too much work on its main thread.
11-23 18:00:38.083  2306  2306 D LifecycleMonitor: Lifecycle status change: br.com.catbag.gifreduxsample.ui.GifListActivity@bf74d35 in: PRE_ON_CREATE
11-23 18:00:38.227  2306  2306 D LifecycleMonitor: Lifecycle status change: br.com.catbag.gifreduxsample.ui.GifListActivity@bf74d35 in: CREATED
11-23 18:00:38.228  2306  2322 I DroidFlux:Dispatcher: [STARTED] dispatch of action [APP_STATE_LOAD]
11-23 18:00:38.234  2306  2306 D LifecycleMonitor: Lifecycle status change: br.com.catbag.gifreduxsample.ui.GifListActivity@bf74d35 in: STARTED
11-23 18:00:38.237  2306  2306 D LifecycleMonitor: Lifecycle status change: br.com.catbag.gifreduxsample.ui.GifListActivity@bf74d35 in: RESUMED
11-23 18:00:38.287  2306  2322 D DroidFlux:Dispatcher: An action of type [APP_STATE_LOAD] was dispatched, but no reducer handled it
11-23 18:00:38.287  2306  2322 I DroidFlux:Dispatcher: [COMPLETED] dispatch of action [APP_STATE_LOAD]
11-23 18:00:38.381  1238  1259 I Choreographer: Skipped 60 frames!  The application may be doing too much work on its main thread.
11-23 18:00:38.714  1722  1722 W IInputConnectionWrapper: reportFullscreenMode on inexistent InputConnection
11-23 18:00:38.867  2306  2306 W ResourceType: No package identifier when getting name for resource number 0x0000000c
11-23 18:00:38.868  2306  2306 I ViewInteraction: Performing 'single click' action on view with id: 12 (resource name not found)
11-23 18:00:39.004  1238  1259 I Choreographer: Skipped 33 frames!  The application may be doing too much work on its main thread.
11-23 18:00:39.017  1238  1259 I ActivityManager: Displayed br.com.catbag.gifreduxsample/.ui.GifListActivity: +1s13ms
11-23 18:00:39.289  2306  2306 I Choreographer: Skipped 86 frames!  The application may be doing too much work on its main thread.
11-23 18:00:39.295  2306  2306 D LifecycleMonitor: Lifecycle status change: br.com.catbag.gifreduxsample.ui.GifListActivity@80ec399 in: STOPPED
11-23 18:00:39.295  2306  2306 D LifecycleMonitor: Lifecycle status change: br.com.catbag.gifreduxsample.ui.GifListActivity@80ec399 in: DESTROYED
11-23 18:00:39.343  1238  1259 I WindowManager: Destroying surface Surface(name=Starting br.com.catbag.gifreduxsample) called by com.android.server.wm.WindowStateAnimator.destroySurface:2014 com.android.server.wm.WindowStateAnimator.destroySurfaceLocked:881 com.android.server.wm.WindowState.destroyOrSaveSurface:2073 com.android.server.wm.AppWindowToken.destroySurfaces:363 com.android.server.wm.WindowStateAnimator.finishExit:565 com.android.server.wm.WindowStateAnimator.stepAnimationLocked:491 com.android.server.wm.WindowAnimator.updateWindowsLocked:303 com.android.server.wm.WindowAnimator.animateLocked:704 
11-23 18:00:39.384  1238  1655 I WindowManager: Destroying surface Surface(name=br.com.catbag.gifreduxsample/br.com.catbag.gifreduxsample.ui.GifListActivity) called by com.android.server.wm.WindowStateAnimator.destroySurface:2014 com.android.server.wm.WindowStateAnimator.destroySurfaceLocked:881 com.android.server.wm.WindowState.removeLocked:1449 com.android.server.wm.WindowManagerService.removeWindowInnerLocked:2478 com.android.server.wm.WindowManagerService.removeWindowLocked:2436 com.android.server.wm.WindowManagerService.removeWindowLocked:2305 com.android.server.wm.WindowManagerService.removeWindow:2300 com.android.server.wm.Session.remove:193 
11-23 18:00:39.510  2306  2306 E MotionEvents: Overslept and turned a tap into a long press
11-23 18:00:39.543  2306  2311 I art     : Do partial code cache collection, code=54KB, data=62KB
11-23 18:00:39.545  2306  2311 I art     : After code cache collection, code=54KB, data=61KB
11-23 18:00:39.545  2306  2311 I art     : Increasing code cache capacity to 256KB
11-23 18:00:39.578  2306  2322 I DroidFlux:Dispatcher: [STARTED] dispatch of action [GIF_PLAY]
11-23 18:00:39.615  2306  2322 I DroidFlux:Dispatcher: [COMPLETED] dispatch of action [GIF_PLAY]
11-23 18:00:39.630   987  1031 D AudioFlinger: mixer(0xb0e83a40) throttle end: throttle time(10)
11-23 18:00:39.649   987  1031 D AudioFlinger: mixer(0xb0e83a40) throttle end: throttle time(11)
11-23 18:00:39.904  1238  1250 I WindowManager: Destroying surface Surface(name=com.android.launcher3/com.android.launcher3.Launcher) called by com.android.server.wm.WindowStateAnimator.destroySurface:2014 com.android.server.wm.WindowStateAnimator.destroySurfaceLocked:881 com.android.server.wm.WindowState.destroyOrSaveSurface:2073 com.android.server.wm.AppWindowToken.destroySurfaces:363 com.android.server.wm.AppWindowToken.notifyAppStopped:389 com.android.server.wm.WindowManagerService.notifyAppStopped:4456 com.android.server.am.ActivityStack.activityStoppedLocked:1252 com.android.server.am.ActivityManagerService.activityStopped:6873 
11-23 18:00:40.165  2306  2306 W ResourceType: No package identifier when getting name for resource number 0x00000010
11-23 18:00:40.165  2306  2306 I ViewInteraction: Performing 'scroll RecyclerView to position: 2' action on view with id: 16 (resource name not found)
11-23 18:00:40.513  2306  2306 W ResourceType: No package identifier when getting name for resource number 0x00000010
11-23 18:00:40.550  2306  2306 W ResourceType: No package identifier when getting name for resource number 0x00000018
11-23 18:00:40.551  2306  2306 I ViewInteraction: Performing 'single click' action on view with id: 24 (resource name not found)
11-23 18:00:40.618  2306  2322 I DroidFlux:Dispatcher: [STARTED] dispatch of action [GIF_PLAY]
11-23 18:00:40.676  2306  2322 I DroidFlux:Dispatcher: [COMPLETED] dispatch of action [GIF_PLAY]
11-23 18:00:41.250  2306  2306 W ResourceType: No package identifier when getting name for resource number 0x0000001c
11-23 18:00:41.251  2306  2306 I ViewInteraction: Performing 'scroll RecyclerView to position: 3' action on view with id: 28 (resource name not found)
11-23 18:00:41.481  1238  1324 E TaskPersister: File error accessing recents directory (directory doesn't exist?).
11-23 18:00:41.565  2306  2306 W ResourceType: No package identifier when getting name for resource number 0x0000001c
11-23 18:00:41.637  2306  2306 W ResourceType: No package identifier when getting name for resource number 0x00000024
11-23 18:00:41.637  2306  2306 I ViewInteraction: Performing 'single click' action on view with id: 36 (resource name not found)
11-23 18:00:41.717  2306  2322 I DroidFlux:Dispatcher: [STARTED] dispatch of action [GIF_PLAY]
11-23 18:00:41.730  2306  2322 I DroidFlux:Dispatcher: [COMPLETED] dispatch of action [GIF_PLAY]
11-23 18:00:42.485  2306  2306 W ResourceType: No package identifier when getting name for resource number 0x00000028
11-23 18:00:42.486  2306  2306 I ViewInteraction: Performing 'scroll RecyclerView to position: 4' action on view with id: 40 (resource name not found)
11-23 18:00:42.764  2306  2317 I art     : Background sticky concurrent mark sweep GC freed 19661(1400KB) AllocSpace objects, 7(144KB) LOS objects, 22% free, 7MB/9MB, paused 10.701ms total 220.902ms
11-23 18:00:43.063  2306  2306 W ResourceType: No package identifier when getting name for resource number 0x00000028
11-23 18:00:43.111  2306  2306 W ResourceType: No package identifier when getting name for resource number 0x00000030
11-23 18:00:43.112  2306  2306 I ViewInteraction: Performing 'single click' action on view with id: 48 (resource name not found)
11-23 18:00:43.192  2306  2322 I DroidFlux:Dispatcher: [STARTED] dispatch of action [GIF_PLAY]
11-23 18:00:43.194  2306  2322 I DroidFlux:Dispatcher: [COMPLETED] dispatch of action [GIF_PLAY]
11-23 18:00:44.024  2306  2306 W ResourceType: No package identifier when getting name for resource number 0x00000034
11-23 18:00:44.024  2306  2306 I ViewInteraction: Performing 'scroll RecyclerView to position: 5' action on view with id: 52 (resource name not found)
11-23 18:00:44.476  2306  2306 W ResourceType: No package identifier when getting name for resource number 0x00000034
11-23 18:00:44.538  2306  2306 W ResourceType: No package identifier when getting name for resource number 0x0000003c
11-23 18:00:44.538  2306  2306 I ViewInteraction: Performing 'single click' action on view with id: 60 (resource name not found)
11-23 18:00:44.707  2306  2322 I DroidFlux:Dispatcher: [STARTED] dispatch of action [GIF_PLAY]
11-23 18:00:44.722  2306  2322 I DroidFlux:Dispatcher: [COMPLETED] dispatch of action [GIF_PLAY]
11-23 18:00:45.727  2306  2306 W ResourceType: No package identifier when getting name for resource number 0x00000040
11-23 18:00:45.727  2306  2306 I ViewInteraction: Performing 'scroll RecyclerView to position: 6' action on view with id: 64 (resource name not found)
11-23 18:00:46.042  2306  2306 W ResourceType: No package identifier when getting name for resource number 0x00000040
11-23 18:00:46.157  2306  2306 W ResourceType: No package identifier when getting name for resource number 0x00000048
11-23 18:00:46.157  2306  2306 I ViewInteraction: Performing 'single click' action on view with id: 72 (resource name not found)
11-23 18:00:46.282  2306  2317 I art     : Background sticky concurrent mark sweep GC freed 12170(1176KB) AllocSpace objects, 9(192KB) LOS objects, 15% free, 7MB/9MB, paused 21.636ms total 184.412ms
11-23 18:00:46.317  2306  2322 I DroidFlux:Dispatcher: [STARTED] dispatch of action [GIF_PLAY]
11-23 18:00:46.347  2306  2322 I DroidFlux:Dispatcher: [COMPLETED] dispatch of action [GIF_PLAY]
11-23 18:00:47.078  2306  2306 W ResourceType: No package identifier when getting name for resource number 0x0000004c
11-23 18:00:47.078  2306  2306 I ViewInteraction: Performing 'scroll RecyclerView to position: 7' action on view with id: 76 (resource name not found)
11-23 18:00:47.490  2306  2306 W ResourceType: No package identifier when getting name for resource number 0x0000004c
11-23 18:00:47.557  2306  2306 W ResourceType: No package identifier when getting name for resource number 0x00000054
11-23 18:00:47.558  2306  2306 I ViewInteraction: Performing 'single click' action on view with id: 84 (resource name not found)
11-23 18:00:47.668  2306  2322 I DroidFlux:Dispatcher: [STARTED] dispatch of action [GIF_PLAY]
11-23 18:00:47.722  2306  2322 I DroidFlux:Dispatcher: [COMPLETED] dispatch of action [GIF_PLAY]
11-23 18:00:48.447  2306  2306 W ResourceType: No package identifier when getting name for resource number 0x00000058
11-23 18:00:48.448  2306  2306 I ViewInteraction: Performing 'scroll RecyclerView to position: 8' action on view with id: 88 (resource name not found)
11-23 18:00:48.823  2306  2306 W ResourceType: No package identifier when getting name for resource number 0x00000058
11-23 18:00:48.877  2306  2306 W ResourceType: No package identifier when getting name for resource number 0x00000060
11-23 18:00:48.877  2306  2306 I ViewInteraction: Performing 'single click' action on view with id: 96 (resource name not found)
11-23 18:00:48.990  2306  2322 I DroidFlux:Dispatcher: [STARTED] dispatch of action [GIF_PLAY]
11-23 18:00:48.992  2306  2322 I DroidFlux:Dispatcher: [COMPLETED] dispatch of action [GIF_PLAY]
11-23 18:00:49.050   987  1031 D AudioFlinger: mixer(0xb0e83a40) throttle end: throttle time(11)
11-23 18:00:49.062  2306  2317 W art     : Suspending all threads took: 13.431ms
11-23 18:00:49.138  2306  2317 I art     : Background sticky concurrent mark sweep GC freed 9458(767KB) AllocSpace objects, 6(128KB) LOS objects, 8% free, 8MB/9MB, paused 24.381ms total 292.191ms
11-23 18:00:49.760  2306  2306 W ResourceType: No package identifier when getting name for resource number 0x00000064
11-23 18:00:49.760  2306  2306 I ViewInteraction: Performing 'scroll RecyclerView to position: 9' action on view with id: 100 (resource name not found)
11-23 18:00:50.166  2306  2306 W ResourceType: No package identifier when getting name for resource number 0x00000064
11-23 18:00:50.210  2306  2306 W ResourceType: No package identifier when getting name for resource number 0x0000006c
11-23 18:00:50.210  2306  2306 I ViewInteraction: Performing 'single click' action on view with id: 108 (resource name not found)
11-23 18:00:50.346  2306  2322 I DroidFlux:Dispatcher: [STARTED] dispatch of action [GIF_PLAY]
11-23 18:00:50.362   987  1031 D AudioFlinger: mixer(0xb0e83a40) throttle end: throttle time(11)
11-23 18:00:50.370  2306  2322 I DroidFlux:Dispatcher: [COMPLETED] dispatch of action [GIF_PLAY]
11-23 18:00:50.574  2306  2317 I art     : Background partial concurrent mark sweep GC freed 8997(604KB) AllocSpace objects, 5(112KB) LOS objects, 31% free, 8MB/12MB, paused 11.191ms total 163.796ms
11-23 18:00:51.077  2306  2306 W ResourceType: No package identifier when getting name for resource number 0x00000070
11-23 18:00:51.077  2306  2306 I ViewInteraction: Performing 'scroll RecyclerView to position: 10' action on view with id: 112 (resource name not found)
11-23 18:00:51.432  2306  2306 W ResourceType: No package identifier when getting name for resource number 0x00000070
11-23 18:00:51.494  2306  2306 W ResourceType: No package identifier when getting name for resource number 0x00000078
11-23 18:00:51.494  2306  2306 I ViewInteraction: Performing 'single click' action on view with id: 120 (resource name not found)
11-23 18:00:51.592  2306  2322 I DroidFlux:Dispatcher: [STARTED] dispatch of action [GIF_PLAY]
11-23 18:00:51.594  2306  2322 I DroidFlux:Dispatcher: [COMPLETED] dispatch of action [GIF_PLAY]
11-23 18:00:52.339  2306  2306 W ResourceType: No package identifier when getting name for resource number 0x0000007c
11-23 18:00:52.340  2306  2306 I ViewInteraction: Performing 'scroll RecyclerView to position: 11' action on view with id: 124 (resource name not found)
11-23 18:00:52.702  2306  2306 W ResourceType: No package identifier when getting name for resource number 0x0000007c
11-23 18:00:52.761  2306  2306 W ResourceType: No package identifier when getting name for resource number 0x00000084
11-23 18:00:52.761  2306  2306 I ViewInteraction: Performing 'single click' action on view with id: 132 (resource name not found)
11-23 18:00:52.843  2306  2322 I DroidFlux:Dispatcher: [STARTED] dispatch of action [GIF_PLAY]
11-23 18:00:52.845  2306  2322 I DroidFlux:Dispatcher: [COMPLETED] dispatch of action [GIF_PLAY]
11-23 18:00:52.890   987  1031 D AudioFlinger: mixer(0xb0e83a40) throttle end: throttle time(10)
11-23 18:00:52.927   987  1031 D AudioFlinger: mixer(0xb0e83a40) throttle end: throttle time(4)
11-23 18:00:53.517  2306  2306 W ResourceType: No package identifier when getting name for resource number 0x00000088
11-23 18:00:53.518  2306  2306 I ViewInteraction: Performing 'scroll RecyclerView to position: 12' action on view with id: 136 (resource name not found)
11-23 18:00:53.888  2306  2306 W ResourceType: No package identifier when getting name for resource number 0x00000088
11-23 18:00:53.996  2306  2306 W ResourceType: No package identifier when getting name for resource number 0x00000090
11-23 18:00:53.997  2306  2306 I ViewInteraction: Performing 'single click' action on view with id: 144 (resource name not found)
11-23 18:00:54.101  2306  2322 I DroidFlux:Dispatcher: [STARTED] dispatch of action [GIF_PLAY]
11-23 18:00:54.103  2306  2322 I DroidFlux:Dispatcher: [COMPLETED] dispatch of action [GIF_PLAY]
11-23 18:00:54.175   987  1031 D AudioFlinger: mixer(0xb0e83a40) throttle end: throttle time(9)
11-23 18:00:54.212  2306  2311 I art     : Do full code cache collection, code=123KB, data=123KB
11-23 18:00:54.213  2306  2311 I art     : After code cache collection, code=87KB, data=74KB
11-23 18:00:54.902  2306  2306 W ResourceType: No package identifier when getting name for resource number 0x00000094
11-23 18:00:54.904  2306  2306 I ViewInteraction: Performing 'scroll RecyclerView to position: 13' action on view with id: 148 (resource name not found)
11-23 18:00:55.244  2306  2306 W ResourceType: No package identifier when getting name for resource number 0x00000094
11-23 18:00:55.312  2306  2306 W ResourceType: No package identifier when getting name for resource number 0x0000009c
11-23 18:00:55.312  2306  2306 I ViewInteraction: Performing 'single click' action on view with id: 156 (resource name not found)
11-23 18:00:55.414  2306  2322 I DroidFlux:Dispatcher: [STARTED] dispatch of action [GIF_PLAY]
11-23 18:00:55.417  2306  2322 I DroidFlux:Dispatcher: [COMPLETED] dispatch of action [GIF_PLAY]
11-23 18:00:55.984  2306  2306 W ResourceType: No package identifier when getting name for resource number 0x000000a0
11-23 18:00:55.984  2306  2306 I ViewInteraction: Performing 'scroll RecyclerView to position: 14' action on view with id: 160 (resource name not found)
11-23 18:00:56.300  2306  2306 W ResourceType: No package identifier when getting name for resource number 0x000000a0
11-23 18:00:56.356  2306  2306 W ResourceType: No package identifier when getting name for resource number 0x000000a8
11-23 18:00:56.356  2306  2306 I ViewInteraction: Performing 'single click' action on view with id: 168 (resource name not found)
11-23 18:00:56.428  2306  2322 I DroidFlux:Dispatcher: [STARTED] dispatch of action [GIF_PLAY]
11-23 18:00:56.452  2306  2322 I DroidFlux:Dispatcher: [COMPLETED] dispatch of action [GIF_PLAY]
11-23 18:00:56.560   987  1031 D AudioFlinger: mixer(0xb0e83a40) throttle end: throttle time(1)
11-23 18:00:57.327  2306  2306 W ResourceType: No package identifier when getting name for resource number 0x000000ac
11-23 18:00:57.357  2306  2306 I ViewInteraction: Performing 'scroll RecyclerView to position: 15' action on view with id: 172 (resource name not found)
11-23 18:00:57.569  2306  2317 I art     : Background sticky concurrent mark sweep GC freed 23879(1928KB) AllocSpace objects, 15(320KB) LOS objects, 18% free, 10MB/12MB, paused 11.441ms total 184.933ms
11-23 18:00:57.714  2306  2306 W ResourceType: No package identifier when getting name for resource number 0x000000ac
11-23 18:00:57.765  2306  2306 W ResourceType: No package identifier when getting name for resource number 0x000000b4
11-23 18:00:57.765  2306  2306 I ViewInteraction: Performing 'single click' action on view with id: 180 (resource name not found)
11-23 18:00:57.841  2306  2322 I DroidFlux:Dispatcher: [STARTED] dispatch of action [GIF_PLAY]
11-23 18:00:57.843  2306  2322 I DroidFlux:Dispatcher: [COMPLETED] dispatch of action [GIF_PLAY]
11-23 18:00:58.697  2306  2306 W ResourceType: No package identifier when getting name for resource number 0x000000b8
11-23 18:00:58.738  2306  2306 I ViewInteraction: Performing 'scroll RecyclerView to position: 16' action on view with id: 184 (resource name not found)
11-23 18:00:59.125  2306  2306 W ResourceType: No package identifier when getting name for resource number 0x000000b8
11-23 18:00:59.227  2306  2306 W ResourceType: No package identifier when getting name for resource number 0x000000c0
11-23 18:00:59.227  2306  2306 I ViewInteraction: Performing 'single click' action on view with id: 192 (resource name not found)
11-23 18:00:59.356  2306  2322 I DroidFlux:Dispatcher: [STARTED] dispatch of action [GIF_PLAY]
11-23 18:00:59.372  2306  2322 I DroidFlux:Dispatcher: [COMPLETED] dispatch of action [GIF_PLAY]
11-23 18:01:00.572  2306  2306 W ResourceType: No package identifier when getting name for resource number 0x000000c4
11-23 18:01:00.573  2306  2306 I ViewInteraction: Performing 'scroll RecyclerView to position: 17' action on view with id: 196 (resource name not found)
11-23 18:01:01.017  2306  2306 W ResourceType: No package identifier when getting name for resource number 0x000000c4
11-23 18:01:01.074  2306  2306 W ResourceType: No package identifier when getting name for resource number 0x000000cc
11-23 18:01:01.074  2306  2306 I ViewInteraction: Performing 'single click' action on view with id: 204 (resource name not found)
11-23 18:01:01.180  2306  2322 I DroidFlux:Dispatcher: [STARTED] dispatch of action [GIF_PLAY]
11-23 18:01:01.184  2306  2322 I DroidFlux:Dispatcher: [COMPLETED] dispatch of action [GIF_PLAY]
11-23 18:01:01.927  2306  2306 W ResourceType: No package identifier when getting name for resource number 0x000000d0
11-23 18:01:01.928  2306  2306 I ViewInteraction: Performing 'scroll RecyclerView to position: 18' action on view with id: 208 (resource name not found)
11-23 18:01:02.333  2306  2306 W ResourceType: No package identifier when getting name for resource number 0x000000d0
11-23 18:01:02.421  2306  2306 W ResourceType: No package identifier when getting name for resource number 0x000000d8
11-23 18:01:02.422  2306  2306 I ViewInteraction: Performing 'single click' action on view with id: 216 (resource name not found)
11-23 18:01:02.647  2306  2317 I art     : Background sticky concurrent mark sweep GC freed 16846(1450KB) AllocSpace objects, 12(256KB) LOS objects, 11% free, 11MB/12MB, paused 27.902ms total 342.218ms
11-23 18:01:02.718  2306  2322 I DroidFlux:Dispatcher: [STARTED] dispatch of action [GIF_PLAY]
11-23 18:01:02.756  2306  2322 I DroidFlux:Dispatcher: [COMPLETED] dispatch of action [GIF_PLAY]
11-23 18:01:03.536  2306  2306 W ResourceType: No package identifier when getting name for resource number 0x000000e3
11-23 18:01:03.537  2306  2306 I ViewInteraction: Performing 'single click' action on view with id: 227 (resource name not found)
11-23 18:01:03.624  2306  2322 I DroidFlux:Dispatcher: [STARTED] dispatch of action [GIF_PAUSE]
11-23 18:01:03.642  2306  2322 I DroidFlux:Dispatcher: [COMPLETED] dispatch of action [GIF_PAUSE]
11-23 18:01:04.412  2306  2306 D LifecycleMonitor: Lifecycle status change: br.com.catbag.gifreduxsample.ui.GifListActivity@bf74d35 in: PAUSED
11-23 18:01:04.445  2306  2321 I TestRunner: finished: whenListKeepOrderedAfterPlayTest(br.com.catbag.gifreduxsample.ui.giflist.GifListActivityTest)
11-23 18:01:04.646   977   977 D gralloc : Registering a buffer in the process that created it. This may cause memory ordering problems.
11-23 18:01:04.646   977   977 E libEGL  : called unimplemented OpenGL ES API
11-23 18:01:04.647   977   977 E SurfaceFlinger: glCheckFramebufferStatusOES error -1462821228
11-23 18:01:04.647   977   977 E SurfaceFlinger: got GL_FRAMEBUFFER_COMPLETE_OES error while taking screenshot
11-23 18:01:04.652  1238  1249 W WindowManager: Screenshot failure taking screenshot for (480x800) to layer 21005
11-23 18:01:04.694  2306  2306 I MonitoringInstrumentation: Activities that are still in CREATED to STOPPED: 1
11-23 18:01:04.696  2306  2321 I TestRunner: started: whenGifIsWatchedTest(br.com.catbag.gifreduxsample.ui.giflist.GifListActivityTest)
11-23 18:01:04.765  2306  2306 I MonitoringInstrumentation: Activities that are still in CREATED to STOPPED: 1
11-23 18:01:04.926  1238  1253 W art     : Long monitor contention with owner Binder:1238_1 (1249) at void com.android.server.am.ActivityManagerService.activityPaused(android.os.IBinder)(ActivityManagerService.java:6849) waiters=1 in void com.android.server.am.ActivityManagerService.dispatchProcessesChanged() for 224ms
11-23 18:01:04.977  1722  1722 I Choreographer: Skipped 77 frames!  The application may be doing too much work on its main thread.
11-23 18:01:05.228  2306  2322 I DroidFlux:Dispatcher: [STARTED] dispatch of action [FAKE_REDUCE_ACTION]
11-23 18:01:05.229  2306  2322 I DroidFlux:Dispatcher: [COMPLETED] dispatch of action [FAKE_REDUCE_ACTION]
