V/WindowManager( 1232): Layouts looping: wallpaper and commitFinishDrawingLocked true, mPendingLayoutChanges = 0x4
V/WindowManager( 1232): Layouts looping: WallpaperMayChange, mPendingLayoutChanges = 0x4
E/WindowManager( 1232): Performed 6 layouts in a row. Skipping
V/WindowManager( 1232): Layouts looping: On entry to LockedInner, mPendingLayoutChanges = 0x4
V/WindowManager( 1232): Layouts looping: loop number 4, mPendingLayoutChanges = 0x0
V/WindowManager( 1232): Layouts looping: after finishPostLayoutPolicyLw, mPendingLayoutChanges = 0x0
V/WindowManager( 1232): Layouts looping: wallpaper and commitFinishDrawingLocked true, mPendingLayoutChanges = 0x4
V/WindowManager( 1232): Layouts looping: WallpaperMayChange, mPendingLayoutChanges = 0x4
V/WindowManager( 1232): Layouts looping: On entry to LockedInner, mPendingLayoutChanges = 0x4
V/WindowManager( 1232): Layouts looping: loop number 5, mPendingLayoutChanges = 0x0
V/WindowManager( 1232): Layouts looping: after finishPostLayoutPolicyLw, mPendingLayoutChanges = 0x0
V/WindowManager( 1232): Layouts looping: wallpaper and commitFinishDrawingLocked true, mPendingLayoutChanges = 0x4
V/WindowManager( 1232): Layouts looping: WallpaperMayChange, mPendingLayoutChanges = 0x4
E/WindowManager( 1232): Performed 6 layouts in a row. Skipping
V/WindowManager( 1232): Layouts looping: On entry to LockedInner, mPendingLayoutChanges = 0x4
V/WindowManager( 1232): Layouts looping: loop number 4, mPendingLayoutChanges = 0x0
V/WindowManager( 1232): Layouts looping: after finishPostLayoutPolicyLw, mPendingLayoutChanges = 0x0
V/WindowManager( 1232): Layouts looping: wallpaper and commitFinishDrawingLocked true, mPendingLayoutChanges = 0x4
V/WindowManager( 1232): Layouts looping: WallpaperMayChange, mPendingLayoutChanges = 0x4
V/WindowManager( 1232): Layouts looping: On entry to LockedInner, mPendingLayoutChanges = 0x4
V/WindowManager( 1232): Layouts looping: loop number 5, mPendingLayoutChanges = 0x0
V/WindowManager( 1232): Layouts looping: after finishPostLayoutPolicyLw, mPendingLayoutChanges = 0x0
V/WindowManager( 1232): Layouts looping: wallpaper and commitFinishDrawingLocked true, mPendingLayoutChanges = 0x4
V/WindowManager( 1232): Layouts looping: WallpaperMayChange, mPendingLayoutChanges = 0x4
E/WindowManager( 1232): Performed 6 layouts in a row. Skipping
V/WindowManager( 1232): Layouts looping: On entry to LockedInner, mPendingLayoutChanges = 0x4
V/WindowManager( 1232): Layouts looping: loop number 4, mPendingLayoutChanges = 0x0
V/WindowManager( 1232): Layouts looping: after finishPostLayoutPolicyLw, mPendingLayoutChanges = 0x0
V/WindowManager( 1232): Layouts looping: wallpaper and commitFinishDrawingLocked true, mPendingLayoutChanges = 0x4
V/WindowManager( 1232): Layouts looping: WallpaperMayChange, mPendingLayoutChanges = 0x4
V/WindowManager( 1232): Layouts looping: On entry to LockedInner, mPendingLayoutChanges = 0x4
V/WindowManager( 1232): Layouts looping: loop number 5, mPendingLayoutChanges = 0x0
V/WindowManager( 1232): Layouts looping: after finishPostLayoutPolicyLw, mPendingLayoutChanges = 0x0
V/WindowManager( 1232): Layouts looping: wallpaper and commitFinishDrawingLocked true, mPendingLayoutChanges = 0x4
V/WindowManager( 1232): Layouts looping: WallpaperMayChange, mPendingLayoutChanges = 0x4
E/WindowManager( 1232): Performed 6 layouts in a row. Skipping
V/WindowManager( 1232): Layouts looping: On entry to LockedInner, mPendingLayoutChanges = 0x4
V/WindowManager( 1232): Layouts looping: loop number 4, mPendingLayoutChanges = 0x0
V/WindowManager( 1232): Layouts looping: after finishPostLayoutPolicyLw, mPendingLayoutChanges = 0x0
V/WindowManager( 1232): Layouts looping: wallpaper and commitFinishDrawingLocked true, mPendingLayoutChanges = 0x4
V/WindowManager( 1232): Layouts looping: WallpaperMayChange, mPendingLayoutChanges = 0x4
V/WindowManager( 1232): Layouts looping: On entry to LockedInner, mPendingLayoutChanges = 0x4
V/WindowManager( 1232): Layouts looping: loop number 5, mPendingLayoutChanges = 0x0
V/WindowManager( 1232): Layouts looping: after finishPostLayoutPolicyLw, mPendingLayoutChanges = 0x0
V/WindowManager( 1232): Layouts looping: wallpaper and commitFinishDrawingLocked true, mPendingLayoutChanges = 0x4
V/WindowManager( 1232): Layouts looping: WallpaperMayChange, mPendingLayoutChanges = 0x4
E/WindowManager( 1232): Performed 6 layouts in a row. Skipping
V/WindowManager( 1232): Layouts looping: On entry to LockedInner, mPendingLayoutChanges = 0x4
V/WindowManager( 1232): Layouts looping: loop number 4, mPendingLayoutChanges = 0x0
V/WindowManager( 1232): Layouts looping: after finishPostLayoutPolicyLw, mPendingLayoutChanges = 0x0
V/WindowManager( 1232): Layouts looping: wallpaper and commitFinishDrawingLocked true, mPendingLayoutChanges = 0x4
V/WindowManager( 1232): Layouts looping: WallpaperMayChange, mPendingLayoutChanges = 0x4
V/WindowManager( 1232): Layouts looping: On entry to LockedInner, mPendingLayoutChanges = 0x4
V/WindowManager( 1232): Layouts looping: loop number 5, mPendingLayoutChanges = 0x0
V/WindowManager( 1232): Layouts looping: after finishPostLayoutPolicyLw, mPendingLayoutChanges = 0x0
V/WindowManager( 1232): Layouts looping: wallpaper and commitFinishDrawingLocked true, mPendingLayoutChanges = 0x4
V/WindowManager( 1232): Layouts looping: WallpaperMayChange, mPendingLayoutChanges = 0x4
E/WindowManager( 1232): Performed 6 layouts in a row. Skipping
W/art     ( 1232): Long monitor contention event with owner method=void com.android.server.am.ActivityManagerService.activityPaused(android.os.IBinder) from ActivityManagerService.java:6313 waiters=1 for 268ms
D/LifecycleMonitor( 2325): Lifecycle status change: br.com.catbag.gifreduxsample.ui.GifListActivity@12678c0c in: PRE_ON_CREATE
D/LifecycleMonitor( 2325): Lifecycle status change: br.com.catbag.gifreduxsample.ui.GifListActivity@12678c0c in: CREATED
I/DroidFlux:Dispatcher( 2325): [STARTED] dispatch of action [APP_STATE_LOAD]
D/DroidFlux:Dispatcher( 2325): An action of type [APP_STATE_LOAD] was dispatched, but no reducer handled it
I/DroidFlux:Dispatcher( 2325): [COMPLETED] dispatch of action [APP_STATE_LOAD]
D/LifecycleMonitor( 2325): Lifecycle status change: br.com.catbag.gifreduxsample.ui.GifListActivity@12678c0c in: STARTED
D/LifecycleMonitor( 2325): Lifecycle status change: br.com.catbag.gifreduxsample.ui.GifListActivity@12678c0c in: RESUMED
V/WindowManager( 1232): Adding window Window{1a1ee6a7 u0 br.com.catbag.gifreduxsample/br.com.catbag.gifreduxsample.ui.GifListActivity} at 3 of 7 (before Window{3809b445 u0 Starting br.com.catbag.gifreduxsample})
E/Feed    ( 2325): Gif{uuid=30cba715-9e77-4733-a428-392087eb0295, path=, url=, title=, watched=false, status=DOWNLOADED}
E/Feed    ( 2325): pl.droidsonroids.gif.GifIOException: GifError 101: Failed to open given input
E/Feed    ( 2325): 	at pl.droidsonroids.gif.GifInfoHandle.openFile(Native Method)
E/Feed    ( 2325): 	at pl.droidsonroids.gif.GifInfoHandle.<init>(GifInfoHandle.java:46)
E/Feed    ( 2325): 	at pl.droidsonroids.gif.GifDrawable.<init>(GifDrawable.java:124)
E/Feed    ( 2325): 	at br.com.catbag.gifreduxsample.ui.components.FeedComponent.createDrawable(FeedComponent.java:104)
E/Feed    ( 2325): 	at br.com.catbag.gifreduxsample.ui.components.FeedComponent.lambda$renderGifView$2(FeedComponent.java:90)
E/Feed    ( 2325): 	at br.com.catbag.gifreduxsample.ui.components.FeedComponent$$Lambda$2.view(Unknown Source)
E/Feed    ( 2325): 	at trikita.anvil.BaseDSL.v(BaseDSL.java:670)
E/Feed    ( 2325): 	at br.com.catbag.gifreduxsample.ui.components.FeedComponent.renderGifView(FeedComponent.java:88)
E/Feed    ( 2325): 	at br.com.catbag.gifreduxsample.ui.components.FeedComponent.lambda$null$0(FeedComponent.java:55)
E/Feed    ( 2325): 	at br.com.catbag.gifreduxsample.ui.components.FeedComponent$$Lambda$3.view(Unknown Source)
E/Feed    ( 2325): 	at br.com.catbag.gifreduxsample.ui.components.GifsAdapter.view(GifsAdapter.java:55)
E/Feed    ( 2325): 	at trikita.anvil.RenderableRecyclerViewAdapter$1.view(RenderableRecyclerViewAdapter.java:24)
E/Feed    ( 2325): 	at trikita.anvil.Anvil$Mount.render(Anvil.java:204)
E/Feed    ( 2325): 	at trikita.anvil.Anvil.render(Anvil.java:173)
E/Feed    ( 2325): 	at trikita.anvil.RenderableRecyclerViewAdapter.onBindViewHolder(RenderableRecyclerViewAdapter.java:27)
E/Feed    ( 2325): 	at trikita.anvil.RenderableRecyclerViewAdapter.onBindViewHolder(RenderableRecyclerViewAdapter.java:7)
E/Feed    ( 2325): 	at android.support.v7.widget.RecyclerView$Adapter.onBindViewHolder(RecyclerView.java:5768)
E/Feed    ( 2325): 	at android.support.v7.widget.RecyclerView$Adapter.bindViewHolder(RecyclerView.java:5801)
E/Feed    ( 2325): 	at android.support.v7.widget.RecyclerView$Recycler.getViewForPosition(RecyclerView.java:5037)
E/Feed    ( 2325): 	at android.support.v7.widget.RecyclerView$Recycler.getViewForPosition(RecyclerView.java:4913)
E/Feed    ( 2325): 	at android.support.v7.widget.LinearLayoutManager$LayoutState.next(LinearLayoutManager.java:2029)
E/Feed    ( 2325): 	at android.support.v7.widget.LinearLayoutManager.layoutChunk(LinearLayoutManager.java:1414)
E/Feed    ( 2325): 	at android.support.v7.widget.LinearLayoutManager.fill(LinearLayoutManager.java:1377)
E/Feed    ( 2325): 	at android.support.v7.widget.LinearLayoutManager.onLayoutChildren(LinearLayoutManager.java:578)
E/Feed    ( 2325): 	at android.support.v7.widget.RecyclerView.dispatchLayoutStep2(RecyclerView.java:3260)
E/Feed    ( 2325): 	at android.support.v7.widget.RecyclerView.dispatchLayout(RecyclerView.java:3069)
E/Feed    ( 2325): 	at android.support.v7.widget.RecyclerView.onLayout(RecyclerView.java:3518)
E/Feed    ( 2325): 	at android.view.View.layout(View.java:15671)
E/Feed    ( 2325): 	at android.view.ViewGroup.layout(ViewGroup.java:5038)
E/Feed    ( 2325): 	at android.widget.FrameLayout.layoutChildren(FrameLayout.java:579)
E/Feed    ( 2325): 	at android.widget.FrameLayout.onLayout(FrameLayout.java:514)
E/Feed    ( 2325): 	at android.view.View.layout(View.java:15671)
E/Feed    ( 2325): 	at android.view.ViewGroup.layout(ViewGroup.java:5038)
E/Feed    ( 2325): 	at android.widget.RelativeLayout.onLayout(RelativeLayout.java:1076)
E/Feed    ( 2325): 	at android.view.View.layout(View.java:15671)
E/Feed    ( 2325): 	at android.view.ViewGroup.layout(ViewGroup.java:5038)
E/Feed    ( 2325): 	at android.widget.FrameLayout.layoutChildren(FrameLayout.java:579)
E/Feed    ( 2325): 	at android.widget.FrameLayout.onLayout(FrameLayout.java:514)
E/Feed    ( 2325): 	at android.view.View.layout(View.java:15671)
E/Feed    ( 2325): 	at android.view.ViewGroup.layout(ViewGroup.java:5038)
E/Feed    ( 2325): 	at android.support.v7.widget.ActionBarOverlayLayout.onLayout(ActionBarOverlayLayout.java:435)
E/Feed    ( 2325): 	at android.view.View.layout(View.java:15671)
E/Feed    ( 2325): 	at android.view.ViewGroup.layout(ViewGroup.java:5038)
E/Feed    ( 2325): 	at android.widget.FrameLayout.layoutChildren(FrameLayout.java:579)
E/Feed    ( 2325): 	at android.widget.FrameLayout.onLayout(FrameLayout.java:514)
E/Feed    ( 2325): 	at android.view.View.layout(View.java:15671)
E/Feed    ( 2325): 	at android.view.ViewGroup.layout(ViewGroup.java:5038)
E/Feed    ( 2325): 	at android.widget.LinearLayout.setChildFrame(LinearLayout.java:1703)
E/Feed    ( 2325): 	at android.widget.LinearLayout.layoutVertical(LinearLayout.java:1557)
E/Feed    ( 2325): 	at android.widget.LinearLayout.onLayout(LinearLayout.java:1466)
E/Feed    ( 2325): 	at android.view.View.layout(View.java:15671)
E/Feed    ( 2325): 	at android.view.ViewGroup.layout(ViewGroup.java:5038)
E/Feed    ( 2325): 	at android.widget.FrameLayout.layoutChildren(FrameLayout.java:579)
E/Feed    ( 2325): 	at android.widget.FrameLayout.onLayout(FrameL
D/gralloc (  923): Registering a buffer in the process that created it. This may cause memory ordering problems.
E/libEGL  (  923): called unimplemented OpenGL ES API
E/SurfaceFlinger(  923): glCheckFramebufferStatusOES error 1410954716
E/SurfaceFlinger(  923): got GL_FRAMEBUFFER_COMPLETE_OES error while taking screenshot
W/WindowManager( 1232): Screenshot failure taking screenshot for (480x800) to layer 22020
D/LifecycleMonitor( 2325): Lifecycle status change: br.com.catbag.gifreduxsample.ui.GifListActivity@12678c0c in: PAUSED
I/TestRunner( 2325): finished: whenGifIsNotWatchedTest(br.com.catbag.gifreduxsample.ui.giflist.GifListActivityTest)
I/MonitoringInstrumentation( 2325): Activities that are still in CREATED to STOPPED: 2
I/TestRunner( 2325): started: whenGifIsDownloadingTest(br.com.catbag.gifreduxsample.ui.giflist.GifListActivityTest)
I/MonitoringInstrumentation( 2325): Activities that are still in CREATED to STOPPED: 2
I/DroidFlux:Dispatcher( 2325): [STARTED] dispatch of action [FAKE_REDUCE_ACTION]
I/DroidFlux:Dispatcher( 2325): [COMPLETED] dispatch of action [FAKE_REDUCE_ACTION]
D/ActivityTestRule( 2325): Launching activity br.com.catbag.gifreduxsample.ui.GifListActivity
D/MonitoringInstrumentation( 2325): execStartActivity(context, ibinder, ibinder, activity, intent, int, bundle
I/ActivityManager( 1232): START u0 {flg=0x10000000 cmp=br.com.catbag.gifreduxsample/.ui.GifListActivity} from uid 10053 on display 0
V/WindowManager( 1232): addAppToken: AppWindowToken{31427b4a token=Token{175938b5 ActivityRecord{1a862cec u0 br.com.catbag.gifreduxsample/.ui.GifListActivity t6}}} to stack=1 task=6 at 0
D/LifecycleMonitor( 2325): Lifecycle status change: br.com.catbag.gifreduxsample.ui.GifListActivity@b91fd08 in: STOPPED
D/LifecycleMonitor( 2325): Lifecycle status change: br.com.catbag.gifreduxsample.ui.GifListActivity@b91fd08 in: DESTROYED
D/LifecycleMonitor( 2325): Lifecycle status change: br.com.catbag.gifreduxsample.ui.GifListActivity@12678c0c in: STOPPED
D/LifecycleMonitor( 2325): Lifecycle status change: br.com.catbag.gifreduxsample.ui.GifListActivity@12678c0c in: DESTROYED
V/WindowManager( 1232): Adding window Window{1744c96d u0 Starting br.com.catbag.gifreduxsample} at 3 of 6 (after Window{1a1ee6a7 u0 br.com.catbag.gifreduxsample/br.com.catbag.gifreduxsample.ui.GifListActivity EXITING})
I/Choreographer( 1232): Skipped 37 frames!  The application may be doing too much work on its main thread.
I/Choreographer( 1544): Skipped 34 frames!  The application may be doing too much work on its main thread.
D/LifecycleMonitor( 2325): Lifecycle status change: br.com.catbag.gifreduxsample.ui.GifListActivity@13df10b1 in: PRE_ON_CREATE
D/LifecycleMonitor( 2325): Lifecycle status change: br.com.catbag.gifreduxsample.ui.GifListActivity@13df10b1 in: CREATED
I/DroidFlux:Dispatcher( 2325): [STARTED] dispatch of action [APP_STATE_LOAD]
D/DroidFlux:Dispatcher( 2325): An action of type [APP_STATE_LOAD] was dispatched, but no reducer handled it
I/DroidFlux:Dispatcher( 2325): [COMPLETED] dispatch of action [APP_STATE_LOAD]
D/LifecycleMonitor( 2325): Lifecycle status change: br.com.catbag.gifreduxsample.ui.GifListActivity@13df10b1 in: STARTED
D/LifecycleMonitor( 2325): Lifecycle status change: br.com.catbag.gifreduxsample.ui.GifListActivity@13df10b1 in: RESUMED
V/WindowManager( 1232): Adding window Window{3527128f u0 br.com.catbag.gifreduxsample/br.com.catbag.gifreduxsample.ui.GifListActivity} at 2 of 6 (before Window{1744c96d u0 Starting br.com.catbag.gifreduxsample})
I/Choreographer( 2325): Skipped 159 frames!  The application may be doing too much work on its main thread.
I/ActivityManager( 1232): Displayed br.com.catbag.gifreduxsample/.ui.GifListActivity: +1s10ms (total +2s275ms)
D/gralloc (  923): Registering a buffer in the process that created it. This may cause memory ordering problems.
E/libEGL  (  923): called unimplemented OpenGL ES API
E/SurfaceFlinger(  923): glCheckFramebufferStatusOES error 1410954716
E/SurfaceFlinger(  923): got GL_FRAMEBUFFER_COMPLETE_OES error while taking screenshot
W/WindowManager( 1232): Screenshot failure taking screenshot for (480x800) to layer 21010
I/TestRunner( 2325): finished: whenGifIsDownloadingTest(br.com.catbag.gifreduxsample.ui.giflist.GifListActivityTest)
D/LifecycleMonitor( 2325): Lifecycle status change: br.com.catbag.gifreduxsample.ui.GifListActivity@13df10b1 in: PAUSED
I/MonitoringInstrumentation( 2325): Activities that are still in CREATED to STOPPED: 1
I/TestRunner( 2325): started: whenListKeepOrderedAfterPlayTest(br.com.catbag.gifreduxsample.ui.giflist.GifListActivityTest)
I/MonitoringInstrumentation( 2325): Activities that are still in CREATED to STOPPED: 1
E/Vold    (  922): Failed to find mounted volume for /storage/sdcard/Android/data/br.com.catbag.gifreduxsample/cache/
W/Vold    (  922): Returning OperationFailed - no handler for errno 0
W/ContextImpl( 2325): Failed to ensure directory: /storage/sdcard/Android/data/br.com.catbag.gifreduxsample/cache
E/FileUtils( 2325): 
E/FileUtils( 2325): java.io.FileNotFoundException: null/test.gif: open failed: ENOENT (No such file or directory)
E/FileUtils( 2325): 	at libcore.io.IoBridge.open(IoBridge.java:456)
E/FileUtils( 2325): 	at java.io.FileOutputStream.<init>(FileOutputStream.java:87)
E/FileUtils( 2325): 	at java.io.FileOutputStream.<init>(FileOutputStream.java:72)
E/FileUtils( 2325): 	at br.com.catbag.gifreduxsample.utils.FileUtils.createFakeGifFile(FileUtils.java:27)
E/FileUtils( 2325): 	at br.com.catbag.gifreduxsample.ui.giflist.GifListActivityTest.createFakeGifList(GifListActivityTest.java:364)
E/FileUtils( 2325): 	at br.com.catbag.gifreduxsample.ui.giflist.GifListActivityTest.whenListKeepOrderedAfterPlayTest(GifListActivityTest.java:296)
E/FileUtils( 2325): 	at java.lang.reflect.Method.invoke(Native Method)
E/FileUtils( 2325): 	at java.lang.reflect.Method.invoke(Method.java:372)
E/FileUtils( 2325): 	at org.junit.runners.model.FrameworkMethod$1.runReflectiveCall(FrameworkMethod.java:50)
E/FileUtils( 2325): 	at org.junit.internal.runners.model.ReflectiveCallable.run(ReflectiveCallable.java:12)
E/FileUtils( 2325): 	at org.junit.runners.model.FrameworkMethod.invokeExplosively(FrameworkMethod.java:47)
E/FileUtils( 2325): 	at org.junit.internal.runners.statements.InvokeMethod.evaluate(InvokeMethod.java:17)
E/FileUtils( 2325): 	at org.junit.internal.runners.statements.RunBefores.evaluate(RunBefores.java:26)
E/FileUtils( 2325): 	at org.junit.internal.runners.statements.RunAfters.evaluate(RunAfters.java:27)
E/FileUtils( 2325): 	at android.support.test.internal.statement.UiThreadStatement.evaluate(UiThreadStatement.java:55)
E/FileUtils( 2325): 	at android.support.test.rule.ActivityTestRule$ActivityStatement.evaluate(ActivityTestRule.java:270)
E/FileUtils( 2325): 	at org.junit.internal.runners.statements.FailOnTimeout$CallableStatement.call(FailOnTimeout.java:298)
E/FileUtils( 2325): 	at org.junit.internal.runners.statements.FailOnTimeout$CallableStatement.call(FailOnTimeout.java:292)
E/FileUtils( 2325): 	at java.util.concurrent.FutureTask.run(FutureTask.java:237)
E/FileUtils( 2325): 	at java.lang.Thread.run(Thread.java:818)
E/FileUtils( 2325): Caused by: android.system.ErrnoException: open failed: ENOENT (No such file or directory)
E/FileUtils( 2325): 	at libcore.io.Posix.open(Native Method)
E/FileUtils( 2325): 	at libcore.io.BlockGuardOs.open(BlockGuardOs.java:186)
E/FileUtils( 2325): 	at libcore.io.IoBridge.open(IoBridge.java:442)
E/FileUtils( 2325): 	... 19 more
I/DroidFlux:Dispatcher( 2325): [STARTED] dispatch of action [FAKE_REDUCE_ACTION]
I/DroidFlux:Dispatcher( 2325): [COMPLETED] dispatch of action [FAKE_REDUCE_ACTION]
D/ActivityTestRule( 2325): Launching activity br.com.catbag.gifreduxsample.ui.GifListActivity
D/MonitoringInstrumentation( 2325): execStartActivity(context, ibinder, ibinder, activity, intent, int, bundle
I/ActivityManager( 1232): START u0 {flg=0x10000000 cmp=br.com.catbag.gifreduxsample/.ui.GifListActivity} from uid 10053 on display 0
V/WindowManager( 1232): addAppToken: AppWindowToken{c52c2a1 token=Token{26213b08 ActivityRecord{218c48ab u0 br.com.catbag.gifreduxsample/.ui.GifListActivity t7}}} to stack=1 task=7 at 0
V/WindowManager( 1232): Adding window Window{17ba6320 u0 Starting br.com.catbag.gifreduxsample} at 3 of 6 (after Window{3527128f u0 br.com.catbag.gifreduxsample/br.com.catbag.gifreduxsample.ui.GifListActivity})
I/Choreographer( 2325): Skipped 30 frames!  The application may be doing too much work on its main thread.
V/WindowManager( 1232): Layouts looping: On entry to LockedInner, mPendingLayoutChanges = 0x4
V/WindowManager( 1232): Layouts looping: loop number 4, mPendingLayoutChanges = 0x0
V/WindowManager( 1232): Layouts looping: after finishPostLayoutPolicyLw, mPendingLayoutChanges = 0x0
V/WindowManager( 1232): Layouts looping: wallpaper and commitFinishDrawingLocked true, mPendingLayoutChanges = 0x4
V/WindowManager( 1232): Layouts looping: WallpaperMayChange, mPendingLayoutChanges = 0x4
V/WindowManager( 1232): Layouts looping: On entry to LockedInner, mPendingLayoutChanges = 0x4
V/WindowManager( 1232): Layouts looping: loop number 5, mPendingLayoutChanges = 0x0
V/WindowManager( 1232): Layouts looping: after finishPostLayoutPolicyLw, mPendingLayoutChanges = 0x0
V/WindowManager( 1232): Layouts looping: WallpaperMayChange, mPendingLayoutChanges = 0x4
E/WindowManager( 1232): Performed 6 layouts in a row. Skipping
V/WindowManager( 1232): Layouts looping: On entry to LockedInner, mPendingLayoutChanges = 0x4
V/WindowManager( 1232): Layouts looping: loop number 4, mPendingLayoutChanges = 0x0
V/WindowManager( 1232): Layouts looping: after finishPostLayoutPolicyLw, mPendingLayoutChanges = 0x0
V/WindowManager( 1232): Layouts looping: wallpaper and commitFinishDrawingLocked true, mPendingLayoutChanges = 0x4
V/WindowManager( 1232): Layouts looping: WallpaperMayChange, mPendingLayoutChanges = 0x4
V/WindowManager( 1232): Layouts looping: On entry to LockedInner, mPendingLayoutChanges = 0x4
V/WindowManager( 1232): Layouts looping: loop number 5, mPendingLayoutChanges = 0x0
V/WindowManager( 1232): Layouts looping: after finishPostLayoutPolicyLw, mPendingLayoutChanges = 0x0
V/WindowManager( 1232): Layouts looping: wallpaper and commitFinishDrawingLocked true, mPendingLayoutChanges = 0x4
V/WindowManager( 1232): Layouts looping: WallpaperMayChange, mPendingLayoutChanges = 0x4
E/WindowManager( 1232): Performed 6 layouts in a row. Skipping
W/art     ( 1232): Long monitor contention event with owner method=void com.android.server.am.ActivityManagerService.activityPaused(android.os.IBinder) from ActivityManagerService.java:6313 waiters=0 for 132ms
D/LifecycleMonitor( 2325): Lifecycle status change: br.com.catbag.gifreduxsample.ui.GifListActivity@203f1082 in: PRE_ON_CREATE
D/LifecycleMonitor( 2325): Lifecycle status change: br.com.catbag.gifreduxsample.ui.GifListActivity@203f1082 in: CREATED
D/LifecycleMonitor( 2325): Lifecycle status change: br.com.catbag.gifreduxsample.ui.GifListActivity@203f1082 in: STARTED
D/LifecycleMonitor( 2325): Lifecycle status change: br.com.catbag.gifreduxsample.ui.GifListActivity@203f1082 in: RESUMED
I/DroidFlux:Dispatcher( 2325): [STARTED] dispatch of action [APP_STATE_LOAD]
D/DroidFlux:Dispatcher( 2325): An action of type [APP_STATE_LOAD] was dispatched, but no reducer handled it
I/DroidFlux:Dispatcher( 2325): [COMPLETED] dispatch of action [APP_STATE_LOAD]
V/WindowManager( 1232): Layouts looping: On entry to LockedInner, mPendingLayoutChanges = 0x4
V/WindowManager( 1232): Layouts looping: loop number 4, mPendingLayoutChanges = 0x0
V/WindowManager( 1232): Layouts looping: after finishPostLayoutPolicyLw, mPendingLayoutChanges = 0x0
V/WindowManager( 1232): Layouts looping: wallpaper and commitFinishDrawingLocked true, mPendingLayoutChanges = 0x4
V/WindowManager( 1232): Layouts looping: WallpaperMayChange, mPendingLayoutChanges = 0x4
V/WindowManager( 1232): Layouts looping: On entry to LockedInner, mPendingLayoutChanges = 0x4
V/WindowManager( 1232): Layouts looping: loop number 5, mPendingLayoutChanges = 0x0
V/WindowManager( 1232): Layouts looping: after finishPostLayoutPolicyLw, mPendingLayoutChanges = 0x0
V/WindowManager( 1232): Layouts looping: wallpaper and commitFinishDrawingLocked true, mPendingLayoutChanges = 0x4
V/WindowManager( 1232): Layouts looping: WallpaperMayChange, mPendingLayoutChanges = 0x4
E/WindowManager( 1232): Performed 6 layouts in a row. Skipping
V/WindowManager( 1232): Adding window Window{3d9966aa u0 br.com.catbag.gifreduxsample/br.com.catbag.gifreduxsample.ui.GifListActivity} at 3 of 7 (before Window{17ba6320 u0 Starting br.com.catbag.gifreduxsample})
E/Feed    ( 2325): Gif{uuid=cae4a589-3b23-48ab-973e-be37f768c3e2, path=/null/test.gif, url=, title=gif0, watched=false, status=DOWNLOADED}
E/Feed    ( 2325): pl.droidsonroids.gif.GifIOException: GifError 101: Failed to open given input
E/Feed    ( 2325): 	at pl.droidsonroids.gif.GifInfoHandle.openFile(Native Method)
E/Feed    ( 2325): 	at pl.droidsonroids.gif.GifInfoHandle.<init>(GifInfoHandle.java:46)
E/Feed    ( 2325): 	at pl.droidsonroids.gif.GifDrawable.<init>(GifDrawable.java:124)
E/Feed    ( 2325): 	at br.com.catbag.gifreduxsample.ui.components.FeedComponent.createDrawable(FeedComponent.java:104)
E/Feed    ( 2325): 	at br.com.catbag.gifreduxsample.ui.components.FeedComponent.lambda$renderGifView$2(FeedComponent.java:90)
E/Feed    ( 2325): 	at br.com.catbag.gifreduxsample.ui.components.FeedComponent$$Lambda$2.view(Unknown Source)
E/Feed    ( 2325): 	at trikita.anvil.BaseDSL.v(BaseDSL.java:670)
E/Feed    ( 2325): 	at br.com.catbag.gifreduxsample.ui.components.FeedComponent.renderGifView(FeedComponent.java:88)
E/Feed    ( 2325): 	at br.com.catbag.gifreduxsample.ui.components.FeedComponent.lambda$null$0(FeedComponent.java:55)
E/Feed    ( 2325): 	at br.com.catbag.gifreduxsample.ui.components.FeedComponent$$Lambda$3.view(Unknown Source)
E/Feed    ( 2325): 	at br.com.catbag.gifreduxsample.ui.components.GifsAdapter.view(GifsAdapter.java:55)
E/Feed    ( 2325): 	at trikita.anvil.RenderableRecyclerViewAdapter$1.view(RenderableRecyclerViewAdapter.java:24)
E/Feed    ( 2325): 	at trikita.anvil.Anvil$Mount.render(Anvil.java:204)
E/Feed    ( 2325): 	at trikita.anvil.Anvil.render(Anvil.java:173)
E/Feed    ( 2325): 	at trikita.anvil.RenderableRecyclerViewAdapter.onBindViewHolder(RenderableRecyclerViewAdapter.java:27)
E/Feed    ( 2325): 	at trikita.anvil.RenderableRecyclerViewAdapter.onBindViewHolder(RenderableRecyclerViewAdapter.java:7)
E/Feed    ( 2325): 	at android.support.v7.widget.RecyclerView$Adapter.onBindViewHolder(RecyclerView.java:5768)
E/Feed    ( 2325): 	at android.support.v7.widget.RecyclerView$Adapter.bindViewHolder(RecyclerView.java:5801)
E/Feed    ( 2325): 	at android.support.v7.widget.RecyclerView$Recycler.getViewForPosition(RecyclerView.java:5037)
E/Feed    ( 2325): 	at android.support.v7.widget.RecyclerView$Recycler.getViewForPosition(RecyclerView.java:4913)
E/Feed    ( 2325): 	at android.support.v7.widget.LinearLayoutManager$LayoutState.next(LinearLayoutManager.java:2029)
E/Feed    ( 2325): 	at android.support.v7.widget.LinearLayoutManager.layoutChunk(LinearLayoutManager.java:1414)
E/Feed    ( 2325): 	at android.support.v7.widget.LinearLayoutManager.fill(LinearLayoutManager.java:1377)
E/Feed    ( 2325): 	at android.support.v7.widget.LinearLayoutManager.onLayoutChildren(LinearLayoutManager.java:578)
E/Feed    ( 2325): 	at android.support.v7.widget.RecyclerView.dispatchLayoutStep2(RecyclerView.java:3260)
E/Feed    ( 2325): 	at android.support.v7.widget.RecyclerView.dispatchLayout(RecyclerView.java:3069)
E/Feed    ( 2325): 	at android.support.v7.widget.RecyclerView.onLayout(RecyclerView.java:3518)
E/Feed    ( 2325): 	at android.view.View.layout(View.java:15671)
E/Feed    ( 2325): 	at android.view.ViewGroup.layout(ViewGroup.java:5038)
E/Feed    ( 2325): 	at android.widget.FrameLayout.layoutChildren(FrameLayout.java:579)
E/Feed    ( 2325): 	at android.widget.FrameLayout.onLayout(FrameLayout.java:514)
E/Feed    ( 2325): 	at android.view.View.layout(View.java:15671)
E/Feed    ( 2325): 	at android.view.ViewGroup.layout(ViewGroup.java:5038)
E/Feed    ( 2325): 	at android.widget.RelativeLayout.onLayout(RelativeLayout.java:1076)
E/Feed    ( 2325): 	at android.view.View.layout(View.java:15671)
E/Feed    ( 2325): 	at android.view.ViewGroup.layout(ViewGroup.java:5038)
E/Feed    ( 2325): 	at android.widget.FrameLayout.layoutChildren(FrameLayout.java:579)
E/Feed    ( 2325): 	at android.widget.FrameLayout.onLayout(FrameLayout.java:514)
E/Feed    ( 2325): 	at android.view.View.layout(View.java:15671)
E/Feed    ( 2325): 	at android.view.ViewGroup.layout(ViewGroup.java:5038)
E/Feed    ( 2325): 	at android.support.v7.widget.ActionBarOverlayLayout.onLayout(ActionBarOverlayLayout.java:435)
E/Feed    ( 2325): 	at android.view.View.layout(View.java:15671)
E/Feed    ( 2325): 	at android.view.ViewGroup.layout(ViewGroup.java:5038)
E/Feed    ( 2325): 	at android.widget.FrameLayout.layoutChildren(FrameLayout.java:579)
E/Feed    ( 2325): 	at android.widget.FrameLayout.onLayout(FrameLayout.java:514)
E/Feed    ( 2325): 	at android.view.View.layout(View.java:15671)
E/Feed    ( 2325): 	at android.view.ViewGroup.layout(ViewGroup.java:5038)
E/Feed    ( 2325): 	at android.widget.LinearLayout.setChildFrame(LinearLayout.java:1703)
E/Feed    ( 2325): 	at android.widget.LinearLayout.layoutVertical(LinearLayout.java:1557)
E/Feed    ( 2325): 	at android.widget.LinearLayout.onLayout(LinearLayout.java:1466)
E/Feed    ( 2325): 	at android.view.View.layout(View.java:15671)
E/Feed    ( 2325): 	at android.view.ViewGroup.layout(ViewGroup.java:5038)
E/Feed    ( 2325): 	at android.widget.FrameLayout.layoutChildren(FrameLayout.java:579)
E/Feed    ( 2325): 	at android.widget.FrameLayo
E/Feed    ( 2325): Gif{uuid=75d5e1a6-cb40-470c-bd77-186a230b1799, path=/null/test.gif, url=, title=gif1, watched=false, status=DOWNLOADED}
E/Feed    ( 2325): pl.droidsonroids.gif.GifIOException: GifError 101: Failed to open given input
E/Feed    ( 2325): 	at pl.droidsonroids.gif.GifInfoHandle.openFile(Native Method)
E/Feed    ( 2325): 	at pl.droidsonroids.gif.GifInfoHandle.<init>(GifInfoHandle.java:46)
E/Feed    ( 2325): 	at pl.droidsonroids.gif.GifDrawable.<init>(GifDrawable.java:124)
E/Feed    ( 2325): 	at br.com.catbag.gifreduxsample.ui.components.FeedComponent.createDrawable(FeedComponent.java:104)
E/Feed    ( 2325): 	at br.com.catbag.gifreduxsample.ui.components.FeedComponent.lambda$renderGifView$2(FeedComponent.java:90)
E/Feed    ( 2325): 	at br.com.catbag.gifreduxsample.ui.components.FeedComponent$$Lambda$2.view(Unknown Source)
E/Feed    ( 2325): 	at trikita.anvil.BaseDSL.v(BaseDSL.java:670)
E/Feed    ( 2325): 	at br.com.catbag.gifreduxsample.ui.components.FeedComponent.renderGifView(FeedComponent.java:88)
E/Feed    ( 2325): 	at br.com.catbag.gifreduxsample.ui.components.FeedComponent.lambda$null$0(FeedComponent.java:55)
E/Feed    ( 2325): 	at br.com.catbag.gifreduxsample.ui.components.FeedComponent$$Lambda$3.view(Unknown Source)
E/Feed    ( 2325): 	at br.com.catbag.gifreduxsample.ui.components.GifsAdapter.view(GifsAdapter.java:55)
E/Feed    ( 2325): 	at trikita.anvil.RenderableRecyclerViewAdapter$1.view(RenderableRecyclerViewAdapter.java:24)
E/Feed    ( 2325): 	at trikita.anvil.Anvil$Mount.render(Anvil.java:204)
E/Feed    ( 2325): 	at trikita.anvil.Anvil.render(Anvil.java:173)
E/Feed    ( 2325): 	at trikita.anvil.RenderableRecyclerViewAdapter.onBindViewHolder(RenderableRecyclerViewAdapter.java:27)
E/Feed    ( 2325): 	at trikita.anvil.RenderableRecyclerViewAdapter.onBindViewHolder(RenderableRecyclerViewAdapter.java:7)
E/Feed    ( 2325): 	at android.support.v7.widget.RecyclerView$Adapter.onBindViewHolder(RecyclerView.java:5768)
E/Feed    ( 2325): 	at android.support.v7.widget.RecyclerView$Adapter.bindViewHolder(RecyclerView.java:5801)
E/Feed    ( 2325): 	at android.support.v7.widget.RecyclerView$Recycler.getViewForPosition(RecyclerView.java:5037)
E/Feed    ( 2325): 	at android.support.v7.widget.RecyclerView$Recycler.getViewForPosition(RecyclerView.java:4913)
E/Feed    ( 2325): 	at android.support.v7.widget.LinearLayoutManager$LayoutState.next(LinearLayoutManager.java:2029)
E/Feed    ( 2325): 	at android.support.v7.widget.LinearLayoutManager.layoutChunk(LinearLayoutManager.java:1414)
E/Feed    ( 2325): 	at android.support.v7.widget.LinearLayoutManager.fill(LinearLayoutManager.java:1377)
E/Feed    ( 2325): 	at android.support.v7.widget.LinearLayoutManager.onLayoutChildren(LinearLayoutManager.java:578)
E/Feed    ( 2325): 	at android.support.v7.widget.RecyclerView.dispatchLayoutStep2(RecyclerView.java:3260)
E/Feed    ( 2325): 	at android.support.v7.widget.RecyclerView.dispatchLayout(RecyclerView.java:3069)
E/Feed    ( 2325): 	at android.support.v7.widget.RecyclerView.onLayout(RecyclerView.java:3518)
E/Feed    ( 2325): 	at android.view.View.layout(View.java:15671)
E/Feed    ( 2325): 	at android.view.ViewGroup.layout(ViewGroup.java:5038)
E/Feed    ( 2325): 	at android.widget.FrameLayout.layoutChildren(FrameLayout.java:579)
E/Feed    ( 2325): 	at android.widget.FrameLayout.onLayout(FrameLayout.java:514)
E/Feed    ( 2325): 	at android.view.View.layout(View.java:15671)
E/Feed    ( 2325): 	at android.view.ViewGroup.layout(ViewGroup.java:5038)
E/Feed    ( 2325): 	at android.widget.RelativeLayout.onLayout(RelativeLayout.java:1076)
E/Feed    ( 2325): 	at android.view.View.layout(View.java:15671)
E/Feed    ( 2325): 	at android.view.ViewGroup.layout(ViewGroup.java:5038)
E/Feed    ( 2325): 	at android.widget.FrameLayout.layoutChildren(FrameLayout.java:579)
E/Feed    ( 2325): 	at android.widget.FrameLayout.onLayout(FrameLayout.java:514)
E/Feed    ( 2325): 	at android.view.View.layout(View.java:15671)
E/Feed    ( 2325): 	at android.view.ViewGroup.layout(ViewGroup.java:5038)
E/Feed    ( 2325): 	at android.support.v7.widget.ActionBarOverlayLayout.onLayout(ActionBarOverlayLayout.java:435)
E/Feed    ( 2325): 	at android.view.View.layout(View.java:15671)
E/Feed    ( 2325): 	at android.view.ViewGroup.layout(ViewGroup.java:5038)
E/Feed    ( 2325): 	at android.widget.FrameLayout.layoutChildren(FrameLayout.java:579)
E/Feed    ( 2325): 	at android.widget.FrameLayout.onLayout(FrameLayout.java:514)
E/Feed    ( 2325): 	at android.view.View.layout(View.java:15671)
E/Feed    ( 2325): 	at android.view.ViewGroup.layout(ViewGroup.java:5038)
E/Feed    ( 2325): 	at android.widget.LinearLayout.setChildFrame(LinearLayout.java:1703)
E/Feed    ( 2325): 	at android.widget.LinearLayout.layoutVertical(LinearLayout.java:1557)
E/Feed    ( 2325): 	at android.widget.LinearLayout.onLayout(LinearLayout.java:1466)
E/Feed    ( 2325): 	at android.view.View.layout(View.java:15671)
E/Feed    ( 2325): 	at android.view.ViewGroup.layout(ViewGroup.java:5038)
E/Feed    ( 2325): 	at android.widget.FrameLayout.layoutChildren(FrameLayout.java:579)
E/Feed    ( 2325): 	at android.widget.FrameLayo
I/ActivityManager( 1232): Displayed br.com.catbag.gifreduxsample/.ui.GifListActivity: +618ms
W/ResourceType( 2325): No package identifier when getting name for resource number 0x0000000c
I/ViewInteraction( 2325): Performing 'single click' action on view with id: 12 (resource name not found)
I/Choreographer( 2325): Skipped 55 frames!  The application may be doing too much work on its main thread.
D/LifecycleMonitor( 2325): Lifecycle status change: br.com.catbag.gifreduxsample.ui.GifListActivity@13df10b1 in: STOPPED
D/LifecycleMonitor( 2325): Lifecycle status change: br.com.catbag.gifreduxsample.ui.GifListActivity@13df10b1 in: DESTROYED
I/art     ( 2325): Background partial concurrent mark sweep GC freed 17723(1120KB) AllocSpace objects, 5(81KB) LOS objects, 37% free, 6MB/10MB, paused 37.258ms total 448.287ms
E/IdlingResourceRegistry( 2325): Attempted to register resource with same names: Class. R1: br.com.catbag.gifreduxsample.lockers.AnvilTestLocker@6bbb630 R2: br.com.catbag.gifreduxsample.lockers.AnvilTestLocker@288f62a9.
E/IdlingResourceRegistry( 2325): Duplicate resource registration will be ignored.
E/IdlingResourceRegistry( 2325): Attempted to unregister resource that is not registered: 'Class'. Resource list: [br.com.catbag.gifreduxsample.lockers.AnvilTestLocker@288f62a9]
W/ResourceType( 2325): No package identifier when getting name for resource number 0x00000010
I/ViewInteraction( 2325): Performing 'scroll RecyclerView to position: 2' action on view with id: 16 (resource name not found)
E/Feed    ( 2325): Gif{uuid=48774299-fedb-4407-b0b5-28479421ba1d, path=/null/test.gif, url=, title=gif2, watched=false, status=DOWNLOADED}
E/Feed    ( 2325): pl.droidsonroids.gif.GifIOException: GifError 101: Failed to open given input
E/Feed    ( 2325): 	at pl.droidsonroids.gif.GifInfoHandle.openFile(Native Method)
E/Feed    ( 2325): 	at pl.droidsonroids.gif.GifInfoHandle.<init>(GifInfoHandle.java:46)
E/Feed    ( 2325): 	at pl.droidsonroids.gif.GifDrawable.<init>(GifDrawable.java:124)
E/Feed    ( 2325): 	at br.com.catbag.gifreduxsample.ui.components.FeedComponent.createDrawable(FeedComponent.java:104)
E/Feed    ( 2325): 	at br.com.catbag.gifreduxsample.ui.components.FeedComponent.lambda$renderGifView$2(FeedComponent.java:90)
E/Feed    ( 2325): 	at br.com.catbag.gifreduxsample.ui.components.FeedComponent$$Lambda$2.view(Unknown Source)
E/Feed    ( 2325): 	at trikita.anvil.BaseDSL.v(BaseDSL.java:670)
E/Feed    ( 2325): 	at br.com.catbag.gifreduxsample.ui.components.FeedComponent.renderGifView(FeedComponent.java:88)
E/Feed    ( 2325): 	at br.com.catbag.gifreduxsample.ui.components.FeedComponent.lambda$null$0(FeedComponent.java:55)
E/Feed    ( 2325): 	at br.com.catbag.gifreduxsample.ui.components.FeedComponent$$Lambda$3.view(Unknown Source)
E/Feed    ( 2325): 	at br.com.catbag.gifreduxsample.ui.components.GifsAdapter.view(GifsAdapter.java:55)
E/Feed    ( 2325): 	at trikita.anvil.RenderableRecyclerViewAdapter$1.view(RenderableRecyclerViewAdapter.java:24)
E/Feed    ( 2325): 	at trikita.anvil.Anvil$Mount.render(Anvil.java:204)
E/Feed    ( 2325): 	at trikita.anvil.Anvil.render(Anvil.java:173)
E/Feed    ( 2325): 	at trikita.anvil.RenderableRecyclerViewAdapter.onBindViewHolder(RenderableRecyclerViewAdapter.java:27)
E/Feed    ( 2325): 	at trikita.anvil.RenderableRecyclerViewAdapter.onBindViewHolder(RenderableRecyclerViewAdapter.java:7)
E/Feed    ( 2325): 	at android.support.v7.widget.RecyclerView$Adapter.onBindViewHolder(RecyclerView.java:5768)
E/Feed    ( 2325): 	at android.support.v7.widget.RecyclerView$Adapter.bindViewHolder(RecyclerView.java:5801)
E/Feed    ( 2325): 	at android.support.v7.widget.RecyclerView$Recycler.getViewForPosition(RecyclerView.java:5037)
E/Feed    ( 2325): 	at android.support.v7.widget.RecyclerView$Recycler.getViewForPosition(RecyclerView.java:4913)
E/Feed    ( 2325): 	at android.support.v7.widget.LinearLayoutManager$LayoutState.next(LinearLayoutManager.java:2029)
E/Feed    ( 2325): 	at android.support.v7.widget.LinearLayoutManager.layoutChunk(LinearLayoutManager.java:1414)
E/Feed    ( 2325): 	at android.support.v7.widget.LinearLayoutManager.fill(LinearLayoutManager.java:1377)
E/Feed    ( 2325): 	at android.support.v7.widget.LinearLayoutManager.onLayoutChildren(LinearLayoutManager.java:553)
E/Feed    ( 2325): 	at android.support.v7.widget.RecyclerView.dispatchLayoutStep2(RecyclerView.java:3260)
E/Feed    ( 2325): 	at android.support.v7.widget.RecyclerView.dispatchLayout(RecyclerView.java:3069)
E/Feed    ( 2325): 	at android.support.v7.widget.RecyclerView.onLayout(RecyclerView.java:3518)
E/Feed    ( 2325): 	at android.view.View.layout(View.java:15671)
E/Feed    ( 2325): 	at android.view.ViewGroup.layout(ViewGroup.java:5038)
E/Feed    ( 2325): 	at android.widget.FrameLayout.layoutChildren(FrameLayout.java:579)
E/Feed    ( 2325): 	at android.widget.FrameLayout.onLayout(FrameLayout.java:514)
E/Feed    ( 2325): 	at android.view.View.layout(View.java:15671)
E/Feed    ( 2325): 	at android.view.ViewGroup.layout(ViewGroup.java:5038)
E/Feed    ( 2325): 	at android.widget.RelativeLayout.onLayout(RelativeLayout.java:1076)
E/Feed    ( 2325): 	at android.view.View.layout(View.java:15671)
E/Feed    ( 2325): 	at android.view.ViewGroup.layout(ViewGroup.java:5038)
E/Feed    ( 2325): 	at android.widget.FrameLayout.layoutChildren(FrameLayout.java:579)
E/Feed    ( 2325): 	at android.widget.FrameLayout.onLayout(FrameLayout.java:514)
E/Feed    ( 2325): 	at android.view.View.layout(View.java:15671)
E/Feed    ( 2325): 	at android.view.ViewGroup.layout(ViewGroup.java:5038)
E/Feed    ( 2325): 	at android.support.v7.widget.ActionBarOverlayLayout.onLayout(ActionBarOverlayLayout.java:435)
E/Feed    ( 2325): 	at android.view.View.layout(View.java:15671)
E/Feed    ( 2325): 	at android.view.ViewGroup.layout(ViewGroup.java:5038)
E/Feed    ( 2325): 	at android.widget.FrameLayout.layoutChildren(FrameLayout.java:579)
E/Feed    ( 2325): 	at android.widget.FrameLayout.onLayout(FrameLayout.java:514)
E/Feed    ( 2325): 	at android.view.View.layout(View.java:15671)
E/Feed    ( 2325): 	at android.view.ViewGroup.layout(ViewGroup.java:5038)
E/Feed    ( 2325): 	at android.widget.LinearLayout.setChildFrame(LinearLayout.java:1703)
E/Feed    ( 2325): 	at android.widget.LinearLayout.layoutVertical(LinearLayout.java:1557)
E/Feed    ( 2325): 	at android.widget.LinearLayout.onLayout(LinearLayout.java:1466)
E/Feed    ( 2325): 	at android.view.View.layout(View.java:15671)
E/Feed    ( 2325): 	at android.view.ViewGroup.layout(ViewGroup.java:5038)
E/Feed    ( 2325): 	at android.widget.FrameLayout.layoutChildren(FrameLayout.java:579)
E/Feed    ( 2325): 	at android.widget.FrameLayo
E/IdlingResourceRegistry( 2325): Attempted to register resource with same names: Class. R1: br.com.catbag.gifreduxsample.lockers.AnvilTestLocker@45981eb R2: br.com.catbag.gifreduxsample.lockers.AnvilTestLocker@288f62a9.
E/IdlingResourceRegistry( 2325): Duplicate resource registration will be ignored.
W/ResourceType( 2325): No package identifier when getting name for resource number 0x00000010
E/IdlingResourceRegistry( 2325): Attempted to unregister resource that is not registered: 'Class'. Resource list: [br.com.catbag.gifreduxsample.lockers.AnvilTestLocker@288f62a9]
W/ResourceType( 2325): No package identifier when getting name for resource number 0x00000018
I/ViewInteraction( 2325): Performing 'single click' action on view with id: 24 (resource name not found)
E/IdlingResourceRegistry( 2325): Attempted to register resource with same names: Class. R1: br.com.catbag.gifreduxsample.lockers.AnvilTestLocker@9d2e151 R2: br.com.catbag.gifreduxsample.lockers.AnvilTestLocker@288f62a9.
E/IdlingResourceRegistry( 2325): Duplicate resource registration will be ignored.
E/IdlingResourceRegistry( 2325): Attempted to unregister resource that is not registered: 'Class'. Resource list: [br.com.catbag.gifreduxsample.lockers.AnvilTestLocker@288f62a9]
W/ResourceType( 2325): No package identifier when getting name for resource number 0x0000001c
I/ViewInteraction( 2325): Performing 'scroll RecyclerView to position: 3' action on view with id: 28 (resource name not found)
E/Feed    ( 2325): Gif{uuid=769eb579-b19f-4fae-92c9-54430bad2bc1, path=/null/test.gif, url=, title=gif3, watched=false, status=DOWNLOADED}
E/Feed    ( 2325): pl.droidsonroids.gif.GifIOException: GifError 101: Failed to open given input
E/Feed    ( 2325): 	at pl.droidsonroids.gif.GifInfoHandle.openFile(Native Method)
E/Feed    ( 2325): 	at pl.droidsonroids.gif.GifInfoHandle.<init>(GifInfoHandle.java:46)
E/Feed    ( 2325): 	at pl.droidsonroids.gif.GifDrawable.<init>(GifDrawable.java:124)
E/Feed    ( 2325): 	at br.com.catbag.gifreduxsample.ui.components.FeedComponent.createDrawable(FeedComponent.java:104)
E/Feed    ( 2325): 	at br.com.catbag.gifreduxsample.ui.components.FeedComponent.lambda$renderGifView$2(FeedComponent.java:90)
E/Feed    ( 2325): 	at br.com.catbag.gifreduxsample.ui.components.FeedComponent$$Lambda$2.view(Unknown Source)
E/Feed    ( 2325): 	at trikita.anvil.BaseDSL.v(BaseDSL.java:670)
E/Feed    ( 2325): 	at br.com.catbag.gifreduxsample.ui.components.FeedComponent.renderGifView(FeedComponent.java:88)
E/Feed    ( 2325): 	at br.com.catbag.gifreduxsample.ui.components.FeedComponent.lambda$null$0(FeedComponent.java:55)
E/Feed    ( 2325): 	at br.com.catbag.gifreduxsample.ui.components.FeedComponent$$Lambda$3.view(Unknown Source)
E/Feed    ( 2325): 	at br.com.catbag.gifreduxsample.ui.components.GifsAdapter.view(GifsAdapter.java:55)
E/Feed    ( 2325): 	at trikita.anvil.RenderableRecyclerViewAdapter$1.view(RenderableRecyclerViewAdapter.java:24)
E/Feed    ( 2325): 	at trikita.anvil.Anvil$Mount.render(Anvil.java:204)
E/Feed    ( 2325): 	at trikita.anvil.Anvil.render(Anvil.java:173)
E/Feed    ( 2325): 	at trikita.anvil.RenderableRecyclerViewAdapter.onBindViewHolder(RenderableRecyclerViewAdapter.java:27)
E/Feed    ( 2325): 	at trikita.anvil.RenderableRecyclerViewAdapter.onBindViewHolder(RenderableRecyclerViewAdapter.java:7)
E/Feed    ( 2325): 	at android.support.v7.widget.RecyclerView$Adapter.onBindViewHolder(RecyclerView.java:5768)
E/Feed    ( 2325): 	at android.support.v7.widget.RecyclerView$Adapter.bindViewHolder(RecyclerView.java:5801)
E/Feed    ( 2325): 	at android.support.v7.widget.RecyclerView$Recycler.getViewForPosition(RecyclerView.java:5037)
E/Feed    ( 2325): 	at android.support.v7.widget.RecyclerView$Recycler.getViewForPosition(RecyclerView.java:4913)
E/Feed    ( 2325): 	at android.support.v7.widget.LinearLayoutManager$LayoutState.next(LinearLayoutManager.java:2029)
E/Feed    ( 2325): 	at android.support.v7.widget.LinearLayoutManager.layoutChunk(LinearLayoutManager.java:1414)
E/Feed    ( 2325): 	at android.support.v7.widget.LinearLayoutManager.fill(LinearLayoutManager.java:1377)
E/Feed    ( 2325): 	at android.support.v7.widget.LinearLayoutManager.onLayoutChildren(LinearLayoutManager.java:553)
E/Feed    ( 2325): 	at android.support.v7.widget.RecyclerView.dispatchLayoutStep2(RecyclerView.java:3260)
E/Feed    ( 2325): 	at android.support.v7.widget.RecyclerView.dispatchLayout(RecyclerView.java:3069)
E/Feed    ( 2325): 	at android.support.v7.widget.RecyclerView.onLayout(RecyclerView.java:3518)
E/Feed    ( 2325): 	at android.view.View.layout(View.java:15671)
E/Feed    ( 2325): 	at android.view.ViewGroup.layout(ViewGroup.java:5038)
E/Feed    ( 2325): 	at android.widget.FrameLayout.layoutChildren(FrameLayout.java:579)
E/Feed    ( 2325): 	at android.widget.FrameLayout.onLayout(FrameLayout.java:514)
E/Feed    ( 2325): 	at android.view.View.layout(View.java:15671)
E/Feed    ( 2325): 	at android.view.ViewGroup.layout(ViewGroup.java:5038)
E/Feed    ( 2325): 	at android.widget.RelativeLayout.onLayout(RelativeLayout.java:1076)
E/Feed    ( 2325): 	at android.view.View.layout(View.java:15671)
E/Feed    ( 2325): 	at android.view.ViewGroup.layout(ViewGroup.java:5038)
E/Feed    ( 2325): 	at android.widget.FrameLayout.layoutChildren(FrameLayout.java:579)
E/Feed    ( 2325): 	at android.widget.FrameLayout.onLayout(FrameLayout.java:514)
E/Feed    ( 2325): 	at android.view.View.layout(View.java:15671)
E/Feed    ( 2325): 	at android.view.ViewGroup.layout(ViewGroup.java:5038)
E/Feed    ( 2325): 	at android.support.v7.widget.ActionBarOverlayLayout.onLayout(ActionBarOverlayLayout.java:435)
E/Feed    ( 2325): 	at android.view.View.layout(View.java:15671)
E/Feed    ( 2325): 	at android.view.ViewGroup.layout(ViewGroup.java:5038)
E/Feed    ( 2325): 	at android.widget.FrameLayout.layoutChildren(FrameLayout.java:579)
E/Feed    ( 2325): 	at android.widget.FrameLayout.onLayout(FrameLayout.java:514)
E/Feed    ( 2325): 	at android.view.View.layout(View.java:15671)
E/Feed    ( 2325): 	at android.view.ViewGroup.layout(ViewGroup.java:5038)
E/Feed    ( 2325): 	at android.widget.LinearLayout.setChildFrame(LinearLayout.java:1703)
E/Feed    ( 2325): 	at android.widget.LinearLayout.layoutVertical(LinearLayout.java:1557)
E/Feed    ( 2325): 	at android.widget.LinearLayout.onLayout(LinearLayout.java:1466)
E/Feed    ( 2325): 	at android.view.View.layout(View.java:15671)
E/Feed    ( 2325): 	at android.view.ViewGroup.layout(ViewGroup.java:5038)
E/Feed    ( 2325): 	at android.widget.FrameLayout.layoutChildren(FrameLayout.java:579)
E/Feed    ( 2325): 	at android.widget.FrameLayo
E/IdlingResourceRegistry( 2325): Attempted to register resource with same names: Class. R1: br.com.catbag.gifreduxsample.lockers.AnvilTestLocker@33a0f42 R2: br.com.catbag.gifreduxsample.lockers.AnvilTestLocker@288f62a9.
E/IdlingResourceRegistry( 2325): Duplicate resource registration will be ignored.
W/ResourceType( 2325): No package identifier when getting name for resource number 0x0000001c
E/IdlingResourceRegistry( 2325): Attempted to unregister resource that is not registered: 'Class'. Resource list: [br.com.catbag.gifreduxsample.lockers.AnvilTestLocker@288f62a9]
W/ResourceType( 2325): No package identifier when getting name for resource number 0x00000024
I/ViewInteraction( 2325): Performing 'single click' action on view with id: 36 (resource name not found)
E/IdlingResourceRegistry( 2325): Attempted to register resource with same names: Class. R1: br.com.catbag.gifreduxsample.lockers.AnvilTestLocker@57f6989 R2: br.com.catbag.gifreduxsample.lockers.AnvilTestLocker@288f62a9.
E/IdlingResourceRegistry( 2325): Duplicate resource registration will be ignored.
E/IdlingResourceRegistry( 2325): Attempted to unregister resource that is not registered: 'Class'. Resource list: [br.com.catbag.gifreduxsample.lockers.AnvilTestLocker@288f62a9]
W/ResourceType( 2325): No package identifier when getting name for resource number 0x00000028
I/ViewInteraction( 2325): Performing 'scroll RecyclerView to position: 4' action on view with id: 40 (resource name not found)
E/Feed    ( 2325): Gif{uuid=6cc9c1cf-f141-4045-98e5-ccc5afc5d630, path=/null/test.gif, url=, title=gif4, watched=false, status=DOWNLOADED}
E/Feed    ( 2325): pl.droidsonroids.gif.GifIOException: GifError 101: Failed to open given input
E/Feed    ( 2325): 	at pl.droidsonroids.gif.GifInfoHandle.openFile(Native Method)
E/Feed    ( 2325): 	at pl.droidsonroids.gif.GifInfoHandle.<init>(GifInfoHandle.java:46)
E/Feed    ( 2325): 	at pl.droidsonroids.gif.GifDrawable.<init>(GifDrawable.java:124)
E/Feed    ( 2325): 	at br.com.catbag.gifreduxsample.ui.components.FeedComponent.createDrawable(FeedComponent.java:104)
