--------- beginning of main
11-25 23:29:11.198  2106  2106 D AndroidRuntime: >>>>>> START com.android.internal.os.RuntimeInit uid 2000 <<<<<<
11-25 23:29:11.244  2106  2106 D AndroidRuntime: CheckJNI is ON
11-25 23:29:11.524  2106  2106 W art     : Unexpected CPU variant for X86 using defaults: x86
11-25 23:29:11.638  2106  2106 D ICU     : No timezone override file found: /data/misc/zoneinfo/current/icu/icu_tzdata.dat
11-25 23:29:11.907  2106  2106 E memtrack: Couldn't load memtrack module (No such file or directory)
11-25 23:29:11.907  2106  2106 E android.os.Debug: failed to load memtrack module: -2
11-25 23:29:11.932  2106  2106 I Radio-JNI: register_android_hardware_Radio DONE
11-25 23:29:12.075  2106  2106 D AndroidRuntime: Calling main entry com.android.commands.am.Am
11-25 23:29:12.120  2106  2106 D AndroidRuntime: Shutting down VM
11-25 23:29:12.479  2116  2116 D AndroidRuntime: >>>>>> START com.android.internal.os.RuntimeInit uid 2000 <<<<<<
11-25 23:29:12.481  2116  2116 D AndroidRuntime: CheckJNI is ON
11-25 23:29:12.525  2116  2116 W art     : Unexpected CPU variant for X86 using defaults: x86
11-25 23:29:12.529  2116  2116 D ICU     : No timezone override file found: /data/misc/zoneinfo/current/icu/icu_tzdata.dat
11-25 23:29:12.559  2116  2116 E memtrack: Couldn't load memtrack module (No such file or directory)
11-25 23:29:12.559  2116  2116 E android.os.Debug: failed to load memtrack module: -2
11-25 23:29:12.560  2116  2116 I Radio-JNI: register_android_hardware_Radio DONE
11-25 23:29:12.579  2116  2116 D AndroidRuntime: Calling main entry com.android.commands.pm.Pm
11-25 23:29:12.674  2116  2116 I art     : System.exit called, status: 0
11-25 23:29:12.674  2116  2116 I AndroidRuntime: VM exiting with result code 0.
11-25 23:29:13.269  2127  2127 D AndroidRuntime: >>>>>> START com.android.internal.os.RuntimeInit uid 2000 <<<<<<
11-25 23:29:13.272  2127  2127 D AndroidRuntime: CheckJNI is ON
11-25 23:29:13.323  2127  2127 W art     : Unexpected CPU variant for X86 using defaults: x86
11-25 23:29:13.332  2127  2127 D ICU     : No timezone override file found: /data/misc/zoneinfo/current/icu/icu_tzdata.dat
11-25 23:29:13.362  2127  2127 E memtrack: Couldn't load memtrack module (No such file or directory)
11-25 23:29:13.362  2127  2127 E android.os.Debug: failed to load memtrack module: -2
11-25 23:29:13.369  2127  2127 I Radio-JNI: register_android_hardware_Radio DONE
11-25 23:29:13.389  2127  2127 D AndroidRuntime: Calling main entry com.android.commands.pm.Pm
11-25 23:29:13.444   994   994 I         : free_cache(7065982) avail 512569344
11-25 23:29:15.400  1238  1299 D SntpClient: round trip: 39ms, clock offset: 2555ms
11-25 23:29:22.102  2127  2127 I art     : System.exit called, status: 0
11-25 23:29:22.102  2127  2127 I AndroidRuntime: VM exiting with result code 0.
11-25 23:29:22.457  2140  2140 D AndroidRuntime: >>>>>> START com.android.internal.os.RuntimeInit uid 2000 <<<<<<
11-25 23:29:22.460  2140  2140 D AndroidRuntime: CheckJNI is ON
11-25 23:29:22.513  2140  2140 W art     : Unexpected CPU variant for X86 using defaults: x86
11-25 23:29:22.529  2140  2140 D ICU     : No timezone override file found: /data/misc/zoneinfo/current/icu/icu_tzdata.dat
11-25 23:29:22.563  2140  2140 E memtrack: Couldn't load memtrack module (No such file or directory)
11-25 23:29:22.563  2140  2140 E android.os.Debug: failed to load memtrack module: -2
11-25 23:29:22.564  2140  2140 I Radio-JNI: register_android_hardware_Radio DONE
11-25 23:29:22.587  2140  2140 D AndroidRuntime: Calling main entry com.android.commands.pm.Pm
--------- beginning of system
11-25 23:29:22.965  1238  1264 W ActivityManager: Slow operation: 64ms so far, now at startProcess: returned from zygote!
11-25 23:29:22.965  1238  1264 W ActivityManager: Slow operation: 64ms so far, now at startProcess: done updating battery stats
11-25 23:29:22.975  1238  1264 W ActivityManager: Slow operation: 73ms so far, now at startProcess: building log message
11-25 23:29:22.975  1238  1264 I ActivityManager: Start proc 2150:com.android.defcontainer/u0a5 for service com.android.defcontainer/.DefaultContainerService
11-25 23:29:22.975  1238  1264 W ActivityManager: Slow operation: 74ms so far, now at startProcess: starting to update pids map
11-25 23:29:22.975  1238  1264 W ActivityManager: Slow operation: 74ms so far, now at startProcess: done updating pids map
11-25 23:29:22.975  1238  1264 W ActivityManager: Slow operation: 78ms so far, now at startProcess: done starting proc!
11-25 23:29:23.014  2150  2150 W art     : Unexpected CPU variant for X86 using defaults: x86
11-25 23:29:23.331  1238  1264 I PackageManager.DexOptimizer: Running dexopt (dex2oat) on: /data/app/vmdl1603828172.tmp/base.apk pkg=br.com.catbag.gifreduxsample isa=x86 vmSafeMode=false debuggable=true target-filter=interpret-only oatDir = /data/app/vmdl1603828172.tmp/oat sharedLibraries=null
11-25 23:29:23.370  2165  2165 W dex2oat : Unexpected CPU variant for X86 using defaults: x86
11-25 23:29:23.371  2165  2165 W dex2oat : Mismatch between dex2oat instruction set features (ISA: X86 Feature string: smp,-ssse3,-sse4.1,-sse4.2,-avx,-avx2,-lock_add,-popcnt) and those of dex2oat executable (ISA: X86 Feature string: smp,ssse3,-sse4.1,-sse4.2,-avx,-avx2,-lock_add,-popcnt) for the command line:
11-25 23:29:23.371  2165  2165 W dex2oat : /system/bin/dex2oat --zip-fd=6 --zip-location=base.apk --oat-fd=7 --oat-location=/data/app/vmdl1603828172.tmp/oat/x86/base.odex --instruction-set=x86 --instruction-set-variant=x86 --instruction-set-features=default --runtime-arg -Xms64m --runtime-arg -Xmx512m --compiler-filter=interpret-only --swap-fd=9 --debuggable
11-25 23:29:23.373  2165  2165 I dex2oat : /system/bin/dex2oat --compiler-filter=interpret-only --debuggable
11-25 23:29:26.070  2165  2165 W dex2oat : Before Android 4.1, method android.graphics.PorterDuffColorFilter android.support.graphics.drawable.VectorDrawableCompat.updateTintFilter(android.graphics.PorterDuffColorFilter, android.content.res.ColorStateList, android.graphics.PorterDuff$Mode) would have incorrectly overridden the package-private method in android.graphics.drawable.Drawable
11-25 23:29:26.200  2165  2165 W dex2oat : Before Android 4.1, method int android.support.v7.widget.ListViewCompat.lookForSelectablePosition(int, boolean) would have incorrectly overridden the package-private method in android.widget.ListView
11-25 23:29:27.894  2165  2165 W dex2oat : Verification of void android.support.v4.os.AsyncTaskCompatHoneycomb.executeParallel(android.os.AsyncTask, java.lang.Object[]) took 157.986ms
11-25 23:29:59.231  2165  2165 W dex2oat : Compilation of void com.fasterxml.jackson.databind.ser.SerializerFactory.<init>() took 336.763ms
11-25 23:30:00.361  1238  1238 D ConditionProviders.SCP: onReceive ScheduleConditionProvider.EVALUATE
11-25 23:30:00.365  1238  1238 D ConditionProviders.SCP: notifyCondition condition://android/schedule?days=6.7&start=23.30&end=10.0&exitAtAlarm=false STATE_TRUE reason=meetsSchedule
11-25 23:30:00.379  1238  1238 D ConditionProviders.SCP: notifyCondition condition://android/schedule?days=1.2.3.4.5&start=22.0&end=7.0&exitAtAlarm=false STATE_FALSE reason=!meetsSchedule
11-25 23:30:00.383  1238  1238 D ConditionProviders.SCP: Scheduling evaluate for Sat Nov 26 07:00:00 UTC 2016 (1480143600000), in +7h29m59s638ms, now=Fri Nov 25 23:30:00 UTC 2016 (1480116600362)
11-25 23:30:00.403  1238  1238 D ZenLog  : config: conditionChanged,ZenModeConfig[user=0,allowCalls=true,allowRepeatCallers=false,allowMessages=false,allowCallsFrom=contacts,allowMessagesFrom=contacts,allowReminders=true,allowEvents=true,allowWhenScreenOff=true,allowWhenScreenOn=true,automaticRules={f4fbd517a9674c6c9d5bf2a860c4b18c=ZenRule[enabled=false,snoozing=false,name=Event,zenMode=ZEN_MODE_ALARMS,conditionId=condition://android/event?userId=-10000&calendar=&reply=1,condition=Condition[id=condition://android/event?userId=-10000&calendar=&reply=1,summary=...,line1=...,line2=...,icon=0,state=STATE_FALSE,flags=2],component=ComponentInfo{android/com.android.server.notification.EventConditionProvider},id=f4fbd517a9674c6c9d5bf2a860c4b18c,creationTime=1480116307672], f52bbb2326934fd1b52e7ce8ebbdc4e3=ZenRule[enabled=false,snoozing=false,name=Weeknight,zenMode=ZEN_MODE_ALARMS,conditionId=condition://android/schedule?days=1.2.3.4.5&start=22.0&end=7.0&exitAtAlarm=false,condition=Condition[id=condition://android/schedule?days=1.2.3.4.5&start=22.0&end=7.0&exitAtAlarm=false,summary=...,line1=...,line2=...,icon=0,state=STATE_FALSE,flags=2],component=ComponentInfo{android/com.android.server.notification.ScheduleConditionProvider},id=f52bbb2326934fd1b52e7ce8ebbdc4e3,creationTime=1480116307671], 81396974dad4477582470fd079041486=ZenRule[enabled=false,snoozing=false,name=Weekend,zenMode=ZEN_MODE_ALARMS,conditionId=condition://android/schedule?days=6.7&start=23.30&end=10.0&exitAtAlarm=false,condition=Condition[id=condition://android/schedule?days=6.7&start=23.30&end=10.0&exitAtAlarm=false,summary=...,line1=...,line2=...,icon=0,state=STATE_TRUE,flags=2],component=ComponentInfo{android/com.android.server.notification.ScheduleConditionProvider},id=81396974dad4477582470fd079041486,creationTime=1480116307671]},manualRule=null],Diff[automaticRule[81396974dad4477582470fd079041486].condition:Condition[id=condition://android/schedule?days=6.7&start=23.30&end=10.0&exitAtAlarm=false,summary=...,line1=...,line2=...,icon=0,state=STATE_FALSE,flags=2]->Condition[id=condition://android/schedule?days=6.7&start=23.30&end=10.0&exitAtAlarm=false,summary=...,line1=...,line2=...,icon=0,state=STATE_TRUE,flags=2]]
11-25 23:30:00.471  2165  2165 W dex2oat : Compilation of void com.google.common.base.Predicates$AndPredicate.<init>(java.util.List) took 435.343ms
11-25 23:30:00.480  1238  1238 D ZenLog  : set_zen_mode: off,conditionChanged
11-25 23:30:00.594  2165  2165 W dex2oat : Compilation of void com.google.common.base.Predicates$ContainsPatternPredicate.<init>(java.util.regex.Pattern) took 118.259ms
11-25 23:30:04.118  2165  2165 W dex2oat : Compilation of void okhttp3.internal.DiskLruCache$Editor$1.onException(java.io.IOException) took 201.262ms
11-25 23:30:09.018  2165  2165 I dex2oat : dex2oat took 45.650s (threads: 1) arena alloc=1402KB (1436528B) java alloc=7MB (8051088B) native alloc=13MB (14287928B) free=2MB (2620360B)
11-25 23:30:09.269  1238  1264 W PackageManager: Not granting permission android.permission.SET_DEBUG_APP to package br.com.catbag.gifreduxsample (protectionLevel=50 flags=0x3848be46)
11-25 23:30:09.422  1238  1264 V BackupManagerService: restoreAtInstall pkg=br.com.catbag.gifreduxsample token=1 restoreSet=0
11-25 23:30:09.432  1238  1264 W BackupManagerService: Requested unavailable transport: android/com.android.internal.backup.LocalTransport
11-25 23:30:09.433  1238  1264 W BackupManagerService: No transport
11-25 23:30:09.433  1238  1264 V BackupManagerService: Finishing install immediately
11-25 23:30:09.460  1238  1264 I art     : Starting a blocking GC Explicit
11-25 23:30:09.617  1238  1264 I art     : Explicit concurrent mark sweep GC freed 28856(2040KB) AllocSpace objects, 14(328KB) LOS objects, 33% free, 6MB/10MB, paused 4.730ms total 143.238ms
11-25 23:30:09.619   994   994 E         : Couldn't opendir /data/app/vmdl1603828172.tmp: No such file or directory
11-25 23:30:09.734  2140  2140 I art     : System.exit called, status: 0
11-25 23:30:09.734  2140  2140 I AndroidRuntime: VM exiting with result code 0.
11-25 23:30:10.058  1238  1279 I InputReader: Reconfiguring input devices.  changes=0x00000010
11-25 23:30:10.104  1459  1459 D CarrierSvcBindHelper: No carrier app for: 0
11-25 23:30:10.139  1459  1459 D CarrierConfigLoader: mHandler: 9 phoneId: 0
11-25 23:30:10.645  1238  1251 W VoiceInteractionManagerService: no available voice recognition services found for user 0
11-25 23:30:10.657  1238  1251 W LocationProviderProxy-network: Odd, no component found for service com.android.location.service.v3.NetworkLocationProvider
11-25 23:30:10.658  1238  1251 W GeocoderProxy: Odd, no component found for service com.android.location.service.GeocodeProvider
11-25 23:30:10.658  1238  1251 W GeofenceProxy: Odd, no component found for service com.android.location.service.GeofenceProvider
11-25 23:30:10.659  1238  1251 W ActivityRecognitionProxy: Odd, no component found for service com.android.location.service.ActivityRecognitionProvider
11-25 23:30:11.179  2171  2171 D AndroidRuntime: >>>>>> START com.android.internal.os.RuntimeInit uid 2000 <<<<<<
11-25 23:30:11.190  2171  2171 D AndroidRuntime: CheckJNI is ON
11-25 23:30:11.319  2171  2171 W art     : Unexpected CPU variant for X86 using defaults: x86
11-25 23:30:11.345  2171  2171 D ICU     : No timezone override file found: /data/misc/zoneinfo/current/icu/icu_tzdata.dat
11-25 23:30:11.412  2171  2171 E memtrack: Couldn't load memtrack module (No such file or directory)
11-25 23:30:11.412  2171  2171 E android.os.Debug: failed to load memtrack module: -2
11-25 23:30:11.419  2171  2171 I Radio-JNI: register_android_hardware_Radio DONE
11-25 23:30:11.474  2171  2171 D AndroidRuntime: Calling main entry com.android.commands.pm.Pm
11-25 23:30:11.495  2171  2171 I art     : System.exit called, status: 0
11-25 23:30:11.495  2171  2171 I AndroidRuntime: VM exiting with result code 0.
11-25 23:30:12.171  2188  2188 D AndroidRuntime: >>>>>> START com.android.internal.os.RuntimeInit uid 2000 <<<<<<
11-25 23:30:12.179  2188  2188 D AndroidRuntime: CheckJNI is ON
11-25 23:30:12.220  2188  2188 W art     : Unexpected CPU variant for X86 using defaults: x86
11-25 23:30:12.225  2188  2188 D ICU     : No timezone override file found: /data/misc/zoneinfo/current/icu/icu_tzdata.dat
11-25 23:30:12.263  2188  2188 E memtrack: Couldn't load memtrack module (No such file or directory)
11-25 23:30:12.264  2188  2188 E android.os.Debug: failed to load memtrack module: -2
11-25 23:30:12.265  2188  2188 I Radio-JNI: register_android_hardware_Radio DONE
11-25 23:30:12.281  2188  2188 D AndroidRuntime: Calling main entry com.android.commands.pm.Pm
11-25 23:30:12.310   994   994 I         : free_cache(2040943) avail 492621824
11-25 23:30:13.912  1238  1250 W ActivityManager: Slow operation: 59ms so far, now at startProcess: returned from zygote!
11-25 23:30:13.913  1238  1250 W ActivityManager: Slow operation: 60ms so far, now at startProcess: done updating battery stats
11-25 23:30:13.913  1238  1250 W ActivityManager: Slow operation: 60ms so far, now at startProcess: building log message
11-25 23:30:13.914  1238  1250 I ActivityManager: Start proc 2201:com.svox.pico/u0a46 for broadcast com.svox.pico/.VoiceDataInstallerReceiver
11-25 23:30:13.914  1238  1250 W ActivityManager: Slow operation: 61ms so far, now at startProcess: starting to update pids map
11-25 23:30:13.914  1238  1250 W ActivityManager: Slow operation: 61ms so far, now at startProcess: done updating pids map
11-25 23:30:13.914  1238  1250 W ActivityManager: Slow operation: 82ms so far, now at startProcess: done starting proc!
11-25 23:30:13.941  2201  2201 W art     : Unexpected CPU variant for X86 using defaults: x86
11-25 23:30:14.887  2188  2188 I art     : System.exit called, status: 0
11-25 23:30:14.887  2188  2188 I AndroidRuntime: VM exiting with result code 0.
11-25 23:30:15.223  2216  2216 D AndroidRuntime: >>>>>> START com.android.internal.os.RuntimeInit uid 2000 <<<<<<
11-25 23:30:15.225  2216  2216 D AndroidRuntime: CheckJNI is ON
11-25 23:30:15.267  2216  2216 W art     : Unexpected CPU variant for X86 using defaults: x86
11-25 23:30:15.272  2216  2216 D ICU     : No timezone override file found: /data/misc/zoneinfo/current/icu/icu_tzdata.dat
11-25 23:30:15.308  2216  2216 E memtrack: Couldn't load memtrack module (No such file or directory)
11-25 23:30:15.308  2216  2216 E android.os.Debug: failed to load memtrack module: -2
11-25 23:30:15.309  2216  2216 I Radio-JNI: register_android_hardware_Radio DONE
11-25 23:30:15.323  2216  2216 D AndroidRuntime: Calling main entry com.android.commands.pm.Pm
11-25 23:30:15.457  2150  2161 I art     : HomogeneousSpaceCompact marksweep + semispace GC freed 7055(445KB) AllocSpace objects, 0(0B) LOS objects, 39% free, 2MB/3MB, paused 805.012ms total 805.012ms
11-25 23:30:15.521  1238  1264 I PackageManager.DexOptimizer: Running dexopt (dex2oat) on: /data/app/vmdl1977258784.tmp/base.apk pkg=br.com.catbag.gifreduxsample.test isa=x86 vmSafeMode=false debuggable=true target-filter=interpret-only oatDir = /data/app/vmdl1977258784.tmp/oat sharedLibraries=/system/framework/android.test.runner.jar
11-25 23:30:15.573  2227  2227 W dex2oat : Unexpected CPU variant for X86 using defaults: x86
11-25 23:30:15.573  2227  2227 W dex2oat : Mismatch between dex2oat instruction set features (ISA: X86 Feature string: smp,-ssse3,-sse4.1,-sse4.2,-avx,-avx2,-lock_add,-popcnt) and those of dex2oat executable (ISA: X86 Feature string: smp,ssse3,-sse4.1,-sse4.2,-avx,-avx2,-lock_add,-popcnt) for the command line:
11-25 23:30:15.573  2227  2227 W dex2oat : /system/bin/dex2oat --zip-fd=6 --zip-location=base.apk --oat-fd=7 --oat-location=/data/app/vmdl1977258784.tmp/oat/x86/base.odex --instruction-set=x86 --instruction-set-variant=x86 --instruction-set-features=default --runtime-arg -Xms64m --runtime-arg -Xmx512m --compiler-filter=interpret-only --swap-fd=9 --debuggable --runtime-arg -classpath --runtime-arg /system/framework/android.test.runner.jar
11-25 23:30:15.574  2227  2227 I dex2oat : /system/bin/dex2oat --compiler-filter=interpret-only --debuggable
11-25 23:30:30.509  1238  1251 I GnssLocationProvider: WakeLock acquired by handleInjectNtpTime()
11-25 23:30:30.529  1238  2231 I GnssLocationProvider: WakeLock acquired by sendMessage(10, 0, null)
11-25 23:30:30.530  1238  1251 I GnssLocationProvider: WakeLock released by handleMessage(10, 0, null)
11-25 23:30:30.532  1238  2231 I GnssLocationProvider: WakeLock released by handleInjectNtpTime()
11-25 23:30:35.311  2227  2227 W dex2oat : Compilation of java.lang.String net.bytebuddy.pool.TypePool$Default$ComponentTypeLocator$ForAnnotationProperty$Bound.toString() took 215.496ms
11-25 23:30:36.632  2227  2227 I dex2oat : dex2oat took 21.059s (threads: 1) arena alloc=1408B (1408B) java alloc=3MB (3870112B) native alloc=6MB (6972928B) free=2MB (2464256B)
11-25 23:30:36.850  1238  1264 V BackupManagerService: restoreAtInstall pkg=br.com.catbag.gifreduxsample.test token=2 restoreSet=0
11-25 23:30:36.850  1238  1264 W BackupManagerService: Requested unavailable transport: android/com.android.internal.backup.LocalTransport
11-25 23:30:36.851  1238  1264 W BackupManagerService: No transport
11-25 23:30:36.851  1238  1264 V BackupManagerService: Finishing install immediately
11-25 23:30:36.882  1238  1264 I art     : Starting a blocking GC Explicit
11-25 23:30:36.948  1238  1264 I art     : Explicit concurrent mark sweep GC freed 38374(2MB) AllocSpace objects, 13(308KB) LOS objects, 33% free, 6MB/10MB, paused 4.040ms total 63.117ms
11-25 23:30:36.955   994   994 E         : Couldn't opendir /data/app/vmdl1977258784.tmp: No such file or directory
11-25 23:30:36.969  2216  2216 I art     : System.exit called, status: 0
11-25 23:30:36.969  2216  2216 I AndroidRuntime: VM exiting with result code 0.
11-25 23:30:37.091  1238  1279 I InputReader: Reconfiguring input devices.  changes=0x00000010
11-25 23:30:37.154  1459  1459 D CarrierSvcBindHelper: No carrier app for: 0
11-25 23:30:37.158  1459  1459 D CarrierConfigLoader: mHandler: 9 phoneId: 0
11-25 23:30:37.253  1238  1251 W VoiceInteractionManagerService: no available voice recognition services found for user 0
11-25 23:30:37.253  1238  1251 W LocationProviderProxy-network: Odd, no component found for service com.android.location.service.v3.NetworkLocationProvider
11-25 23:30:37.254  1238  1251 W GeocoderProxy: Odd, no component found for service com.android.location.service.GeocodeProvider
11-25 23:30:37.254  1238  1251 W GeofenceProxy: Odd, no component found for service com.android.location.service.GeofenceProvider
11-25 23:30:37.254  1238  1251 W ActivityRecognitionProxy: Odd, no component found for service com.android.location.service.ActivityRecognitionProvider
11-25 23:30:37.534  2233  2233 D AndroidRuntime: >>>>>> START com.android.internal.os.RuntimeInit uid 2000 <<<<<<
11-25 23:30:37.542  2233  2233 D AndroidRuntime: CheckJNI is ON
11-25 23:30:37.591  2233  2233 W art     : Unexpected CPU variant for X86 using defaults: x86
11-25 23:30:37.601  2233  2233 D ICU     : No timezone override file found: /data/misc/zoneinfo/current/icu/icu_tzdata.dat
11-25 23:30:37.629  2233  2233 E memtrack: Couldn't load memtrack module (No such file or directory)
11-25 23:30:37.629  2233  2233 E android.os.Debug: failed to load memtrack module: -2
11-25 23:30:37.631  2233  2233 I Radio-JNI: register_android_hardware_Radio DONE
11-25 23:30:37.653  2233  2233 D AndroidRuntime: Calling main entry com.android.commands.am.Am
11-25 23:30:37.671  1238  1485 I ActivityManager: Force stopping br.com.catbag.gifreduxsample appid=10060 user=0: start instr
11-25 23:30:37.690  2243  2243 I art     : Not late-enabling -Xcheck:jni (already on)
11-25 23:30:37.691  2243  2243 W art     : Unexpected CPU variant for X86 using defaults: x86
11-25 23:30:37.700  1238  1485 I ActivityManager: Start proc 2243:br.com.catbag.gifreduxsample/u0a60 for added application br.com.catbag.gifreduxsample
11-25 23:30:37.740  2243  2243 W System  : ClassLoader referenced unknown path: /data/app/br.com.catbag.gifreduxsample.test-1/lib/x86
11-25 23:30:37.752  2243  2243 W System  : ClassLoader referenced unknown path: 
11-25 23:30:37.799  2243  2243 W System.err: java.io.FileNotFoundException: /jacoco.exec (Read-only file system)
11-25 23:30:37.801  2243  2243 W System.err: 	at java.io.FileOutputStream.open(Native Method)
11-25 23:30:37.801  2243  2243 W System.err: 	at java.io.FileOutputStream.<init>(FileOutputStream.java:221)
11-25 23:30:37.801  2243  2243 W System.err: 	at org.jacoco.agent.rt.internal_e6e56f0.output.FileOutput.openFile(FileOutput.java:67)
11-25 23:30:37.801  2243  2243 W System.err: 	at org.jacoco.agent.rt.internal_e6e56f0.output.FileOutput.startup(FileOutput.java:49)
11-25 23:30:37.802  2243  2243 W System.err: 	at org.jacoco.agent.rt.internal_e6e56f0.Agent.startup(Agent.java:122)
11-25 23:30:37.802  2243  2243 W System.err: 	at org.jacoco.agent.rt.internal_e6e56f0.Agent.getInstance(Agent.java:50)
11-25 23:30:37.802  2243  2243 W System.err: 	at org.jacoco.agent.rt.internal_e6e56f0.Offline.<clinit>(Offline.java:31)
11-25 23:30:37.802  2243  2243 W System.err: 	at org.jacoco.agent.rt.internal_e6e56f0.Offline.getProbes(Offline.java:51)
11-25 23:30:37.802  2243  2243 W System.err: 	at br.com.catbag.gifreduxsample.MyApp.$jacocoInit(MyApp.java)
11-25 23:30:37.802  2243  2243 W System.err: 	at br.com.catbag.gifreduxsample.MyApp.<clinit>(MyApp.java)
11-25 23:30:37.802  2243  2243 W System.err: 	at java.lang.Class.newInstance(Native Method)
11-25 23:30:37.802  2243  2243 W System.err: 	at android.app.Instrumentation.newApplication(Instrumentation.java:1007)
11-25 23:30:37.803  2243  2243 W System.err: 	at android.app.Instrumentation.newApplication(Instrumentation.java:992)
11-25 23:30:37.803  2243  2243 W System.err: 	at android.app.LoadedApk.makeApplication(LoadedApk.java:796)
11-25 23:30:37.803  2243  2243 W System.err: 	at android.app.ActivityThread.handleBindApplication(ActivityThread.java:5335)
11-25 23:30:37.803  2243  2243 W System.err: 	at android.app.ActivityThread.-wrap2(ActivityThread.java)
11-25 23:30:37.803  2243  2243 W System.err: 	at android.app.ActivityThread$H.handleMessage(ActivityThread.java:1528)
11-25 23:30:37.803  2243  2243 W System.err: 	at android.os.Handler.dispatchMessage(Handler.java:102)
11-25 23:30:37.803  2243  2243 W System.err: 	at android.os.Looper.loop(Looper.java:154)
11-25 23:30:37.804  2243  2243 W System.err: 	at android.app.ActivityThread.main(ActivityThread.java:6077)
11-25 23:30:37.804  2243  2243 W System.err: 	at java.lang.reflect.Method.invoke(Native Method)
11-25 23:30:37.804  2243  2243 W System.err: 	at com.android.internal.os.ZygoteInit$MethodAndArgsCaller.run(ZygoteInit.java:865)
11-25 23:30:37.804  2243  2243 W System.err: 	at com.android.internal.os.ZygoteInit.main(ZygoteInit.java:755)
11-25 23:30:37.810  2243  2243 I MonitoringInstrumentation: Instrumentation Started!
11-25 23:30:37.815  2243  2243 I MonitoringInstrumentation: Setting context classloader to 'dalvik.system.PathClassLoader[DexPathList[[zip file "/system/framework/android.test.runner.jar", zip file "/data/app/br.com.catbag.gifreduxsample.test-1/base.apk", zip file "/data/app/br.com.catbag.gifreduxsample-1/base.apk"],nativeLibraryDirectories=[/data/app/br.com.catbag.gifreduxsample.test-1/lib/x86, /data/app/br.com.catbag.gifreduxsample-1/lib/x86, /system/fake-libs, /data/app/br.com.catbag.gifreduxsample.test-1/base.apk!/lib/x86, /data/app/br.com.catbag.gifreduxsample-1/base.apk!/lib/x86, /system/lib, /vendor/lib]]]', Original: 'dalvik.system.PathClassLoader[DexPathList[[zip file "/system/framework/android.test.runner.jar", zip file "/data/app/br.com.catbag.gifreduxsample.test-1/base.apk", zip file "/data/app/br.com.catbag.gifreduxsample-1/base.apk"],nativeLibraryDirectories=[/data/app/br.com.catbag.gifreduxsample.test-1/lib/x86, /data/app/br.com.catbag.gifreduxsample-1/lib/x86, /system/fake-libs, /data/app/br.com.catbag.gifreduxsample.test-1/base.apk!/lib/x86, /data/app/br.com.catbag.gifreduxsample-1/base.apk!/lib/x86, /system/lib, /vendor/lib]]]'
11-25 23:30:37.874  2243  2243 D NetworkSecurityConfig: No Network Security Config specified, using platform default
11-25 23:30:37.905  2243  2243 I MonitoringInstrumentation: No JSBridge.
11-25 23:30:37.923  2243  2258 I UsageTrackerFacilitator: Usage tracking enabled
11-25 23:30:37.924  2243  2258 I TestRequestBuilder: Scanning classpath to find tests in apks [/data/app/br.com.catbag.gifreduxsample.test-1/base.apk]
11-25 23:30:38.447  2243  2258 I art     : Rejecting re-init on previously-failed class java.lang.Class<org.objectweb.asm.commons.JSRInlinerAdapter>: java.lang.NoClassDefFoundError: Failed resolution of: Lorg/objectweb/asm/tree/MethodNode;
11-25 23:30:38.448  2243  2258 I art     :   at java.lang.Class java.lang.Class.classForName!(java.lang.String, boolean, java.lang.ClassLoader) (Class.java:-2)
11-25 23:30:38.448  2243  2258 I art     :   at java.lang.Class java.lang.Class.forName(java.lang.String, boolean, java.lang.ClassLoader) (Class.java:400)
11-25 23:30:38.448  2243  2258 I art     :   at java.lang.Class android.support.test.internal.runner.TestLoader.doLoadClass(java.lang.String) (TestLoader.java:92)
11-25 23:30:38.448  2243  2258 I art     :   at java.lang.Class android.support.test.internal.runner.TestLoader.loadIfTest(java.lang.String) (TestLoader.java:113)
11-25 23:30:38.448  2243  2258 I art     :   at void android.support.test.internal.runner.TestRequestBuilder.loadClassesFromClassPath(android.support.test.internal.runner.TestLoader, java.util.Set) (TestRequestBuilder.java:801)
11-25 23:30:38.448  2243  2258 I art     :   at android.support.test.internal.runner.TestRequest android.support.test.internal.runner.TestRequestBuilder.build() (TestRequestBuilder.java:747)
11-25 23:30:38.448  2243  2258 I art     :   at android.support.test.internal.runner.TestRequest android.support.test.runner.AndroidJUnitRunner.buildRequest(android.support.test.internal.runner.RunnerArgs, android.os.Bundle) (AndroidJUnitRunner.java:354)
11-25 23:30:38.448  2243  2258 I art     :   at void android.support.test.runner.AndroidJUnitRunner.onStart() (AndroidJUnitRunner.java:260)
11-25 23:30:38.450  2243  2258 I art     :   at void android.app.Instrumentation$InstrumentationThread.run() (Instrumentation.java:1932)
11-25 23:30:38.450  2243  2258 I art     : Caused by: java.lang.ClassNotFoundException: Didn't find class "org.objectweb.asm.tree.MethodNode" on path: DexPathList[[zip file "/system/framework/android.test.runner.jar", zip file "/data/app/br.com.catbag.gifreduxsample.test-1/base.apk", zip file "/data/app/br.com.catbag.gifreduxsample-1/base.apk"],nativeLibraryDirectories=[/data/app/br.com.catbag.gifreduxsample.test-1/lib/x86, /data/app/br.com.catbag.gifreduxsample-1/lib/x86, /system/fake-libs, /data/app/br.com.catbag.gifreduxsample.test-1/base.apk!/lib/x86, /data/app/br.com.catbag.gifreduxsample-1/base.apk!/lib/x86, /system/lib, /vendor/lib]]
11-25 23:30:38.450  2243  2258 I art     :   at java.lang.Class dalvik.system.BaseDexClassLoader.findClass(java.lang.String) (BaseDexClassLoader.java:56)
11-25 23:30:38.450  2243  2258 I art     :   at java.lang.Class java.lang.ClassLoader.loadClass(java.lang.String, boolean) (ClassLoader.java:380)
11-25 23:30:38.451  2243  2258 I art     :   at java.lang.Class java.lang.ClassLoader.loadClass(java.lang.String) (ClassLoader.java:312)
11-25 23:30:38.451  2243  2258 I art     :   at java.lang.Class java.lang.Class.classForName!(java.lang.String, boolean, java.lang.ClassLoader) (Class.java:-2)
11-25 23:30:38.451  2243  2258 I art     :   at java.lang.Class java.lang.Class.forName(java.lang.String, boolean, java.lang.ClassLoader) (Class.java:400)
11-25 23:30:38.451  2243  2258 I art     :   at java.lang.Class android.support.test.internal.runner.TestLoader.doLoadClass(java.lang.String) (TestLoader.java:92)
11-25 23:30:38.451  2243  2258 I art     :   at java.lang.Class android.support.test.internal.runner.TestLoader.loadIfTest(java.lang.String) (TestLoader.java:113)
11-25 23:30:38.451  2243  2258 I art     :   at void android.support.test.internal.runner.TestRequestBuilder.loadClassesFromClassPath(android.support.test.internal.runner.TestLoader, java.util.Set) (TestRequestBuilder.java:801)
11-25 23:30:38.451  2243  2258 I art     :   at android.support.test.internal.runner.TestRequest android.support.test.internal.runner.TestRequestBuilder.build() (TestRequestBuilder.java:747)
11-25 23:30:38.451  2243  2258 I art     :   at android.support.test.internal.runner.TestRequest android.support.test.runner.AndroidJUnitRunner.buildRequest(android.support.test.internal.runner.RunnerArgs, android.os.Bundle) (AndroidJUnitRunner.java:354)
11-25 23:30:38.451  2243  2258 I art     :   at void android.support.test.runner.AndroidJUnitRunner.onStart() (AndroidJUnitRunner.java:260)
11-25 23:30:38.452  2243  2258 I art     :   at void android.app.Instrumentation$InstrumentationThread.run() (Instrumentation.java:1932)
11-25 23:30:38.452  2243  2258 I art     : 
11-25 23:30:38.452  2243  2258 E TestLoader: Could not find class: org.objectweb.asm.commons.JSRInlinerAdapter
11-25 23:30:38.458  2243  2258 I art     : Rejecting re-init on previously-failed class java.lang.Class<org.objectweb.asm.commons.TryCatchBlockSorter>: java.lang.NoClassDefFoundError: Failed resolution of: Lorg/objectweb/asm/tree/MethodNode;
11-25 23:30:38.458  2243  2258 I art     :   at java.lang.Class java.lang.Class.classForName!(java.lang.String, boolean, java.lang.ClassLoader) (Class.java:-2)
11-25 23:30:38.458  2243  2258 I art     :   at java.lang.Class java.lang.Class.forName(java.lang.String, boolean, java.lang.ClassLoader) (Class.java:400)
11-25 23:30:38.459  2243  2258 I art     :   at java.lang.Class android.support.test.internal.runner.TestLoader.doLoadClass(java.lang.String) (TestLoader.java:92)
11-25 23:30:38.459  2243  2258 I art     :   at java.lang.Class android.support.test.internal.runner.TestLoader.loadIfTest(java.lang.String) (TestLoader.java:113)
11-25 23:30:38.459  2243  2258 I art     :   at void android.support.test.internal.runner.TestRequestBuilder.loadClassesFromClassPath(android.support.test.internal.runner.TestLoader, java.util.Set) (TestRequestBuilder.java:801)
11-25 23:30:38.459  2243  2258 I art     :   at android.support.test.internal.runner.TestRequest android.support.test.internal.runner.TestRequestBuilder.build() (TestRequestBuilder.java:747)
11-25 23:30:38.459  2243  2258 I art     :   at android.support.test.internal.runner.TestRequest android.support.test.runner.AndroidJUnitRunner.buildRequest(android.support.test.internal.runner.RunnerArgs, android.os.Bundle) (AndroidJUnitRunner.java:354)
11-25 23:30:38.459  2243  2258 I art     :   at void android.support.test.runner.AndroidJUnitRunner.onStart() (AndroidJUnitRunner.java:260)
11-25 23:30:38.459  2243  2258 I art     :   at void android.app.Instrumentation$InstrumentationThread.run() (Instrumentation.java:1932)
11-25 23:30:38.459  2243  2258 I art     : Caused by: java.lang.ClassNotFoundException: Didn't find class "org.objectweb.asm.tree.MethodNode" on path: DexPathList[[zip file "/system/framework/android.test.runner.jar", zip file "/data/app/br.com.catbag.gifreduxsample.test-1/base.apk", zip file "/data/app/br.com.catbag.gifreduxsample-1/base.apk"],nativeLibraryDirectories=[/data/app/br.com.catbag.gifreduxsample.test-1/lib/x86, /data/app/br.com.catbag.gifreduxsample-1/lib/x86, /system/fake-libs, /data/app/br.com.catbag.gifreduxsample.test-1/base.apk!/lib/x86, /data/app/br.com.catbag.gifreduxsample-1/base.apk!/lib/x86, /system/lib, /vendor/lib]]
11-25 23:30:38.459  2243  2258 I art     :   at java.lang.Class dalvik.system.BaseDexClassLoader.findClass(java.lang.String) (BaseDexClassLoader.java:56)
11-25 23:30:38.460  2243  2258 I art     :   at java.lang.Class java.lang.ClassLoader.loadClass(java.lang.String, boolean) (ClassLoader.java:380)
11-25 23:30:38.460  2243  2258 I art     :   at java.lang.Class java.lang.ClassLoader.loadClass(java.lang.String) (ClassLoader.java:312)
11-25 23:30:38.460  2243  2258 I art     :   at java.lang.Class java.lang.Class.classForName!(java.lang.String, boolean, java.lang.ClassLoader) (Class.java:-2)
11-25 23:30:38.460  2243  2258 I art     :   at java.lang.Class java.lang.Class.forName(java.lang.String, boolean, java.lang.ClassLoader) (Class.java:400)
11-25 23:30:38.460  2243  2258 I art     :   at java.lang.Class android.support.test.internal.runner.TestLoader.doLoadClass(java.lang.String) (TestLoader.java:92)
11-25 23:30:38.460  2243  2258 I art     :   at java.lang.Class android.support.test.internal.runner.TestLoader.loadIfTest(java.lang.String) (TestLoader.java:113)
11-25 23:30:38.460  2243  2258 I art     :   at void android.support.test.internal.runner.TestRequestBuilder.loadClassesFromClassPath(android.support.test.internal.runner.TestLoader, java.util.Set) (TestRequestBuilder.java:801)
11-25 23:30:38.460  2243  2258 I art     :   at android.support.test.internal.runner.TestRequest android.support.test.internal.runner.TestRequestBuilder.build() (TestRequestBuilder.java:747)
11-25 23:30:38.460  2243  2258 I art     :   at android.support.test.internal.runner.TestRequest android.support.test.runner.AndroidJUnitRunner.buildRequest(android.support.test.internal.runner.RunnerArgs, android.os.Bundle) (AndroidJUnitRunner.java:354)
11-25 23:30:38.460  2243  2258 I art     :   at void android.support.test.runner.AndroidJUnitRunner.onStart() (AndroidJUnitRunner.java:260)
11-25 23:30:38.461  2243  2258 I art     :   at void android.app.Instrumentation$InstrumentationThread.run() (Instrumentation.java:1932)
11-25 23:30:38.461  2243  2258 I art     : 
11-25 23:30:38.461  2243  2258 E TestLoader: Could not find class: org.objectweb.asm.commons.TryCatchBlockSorter
11-25 23:30:38.508  2243  2258 D TestExecutor: Adding listener android.support.test.internal.runner.listener.LogRunListener
11-25 23:30:38.509  2243  2258 D TestExecutor: Adding listener android.support.test.internal.runner.listener.InstrumentationResultPrinter
11-25 23:30:38.509  2243  2258 D TestExecutor: Adding listener android.support.test.internal.runner.listener.ActivityFinisherRunListener
11-25 23:30:38.509  2243  2258 D TestExecutor: Adding listener android.support.test.internal.runner.listener.CoverageListener
11-25 23:30:38.517  2243  2258 I TestRunner: run started: 20 tests
11-25 23:30:38.525  2243  2258 I TestRunner: started: whenAppStateSavedSeveralTime(br.com.catbag.gifreduxsample.asyncs.data.DataManagerTest)
11-25 23:30:38.550  2243  2243 I MonitoringInstrumentation: Activities that are still in CREATED to STOPPED: 0
11-25 23:30:38.641  2243  2254 I art     : Background sticky concurrent mark sweep GC freed 113035(4MB) AllocSpace objects, 0(0B) LOS objects, 28% free, 4MB/6MB, paused 5.449ms total 429.348ms
11-25 23:30:38.766  2243  2261 W Java7Support: Unable to load JDK7 types (annotations, java.nio.file.Path): no Java7 support added
11-25 23:30:38.928  1238  1679 I ActivityManager: Killing 1475:com.android.settings:CryptKeeper/1000 (adj 906): empty #17
11-25 23:30:39.160  2243  2258 I TestRunner: finished: whenAppStateSavedSeveralTime(br.com.catbag.gifreduxsample.asyncs.data.DataManagerTest)
11-25 23:30:39.167  2243  2243 I MonitoringInstrumentation: Activities that are still in CREATED to STOPPED: 0
11-25 23:30:39.168  2243  2258 I TestRunner: started: whenAppStateSavedOnceTime(br.com.catbag.gifreduxsample.asyncs.data.DataManagerTest)
11-25 23:30:39.172  2243  2243 I MonitoringInstrumentation: Activities that are still in CREATED to STOPPED: 0
11-25 23:30:39.463  2243  2258 I TestRunner: finished: whenAppStateSavedOnceTime(br.com.catbag.gifreduxsample.asyncs.data.DataManagerTest)
11-25 23:30:39.469  2243  2243 I MonitoringInstrumentation: Activities that are still in CREATED to STOPPED: 0
11-25 23:30:39.470  2243  2258 I TestRunner: started: whenUnsavedAppStateIsLoaded(br.com.catbag.gifreduxsample.asyncs.data.DataManagerTest)
11-25 23:30:39.471  2243  2243 I MonitoringInstrumentation: Activities that are still in CREATED to STOPPED: 0
11-25 23:30:39.568  2243  2258 I TestRunner: finished: whenUnsavedAppStateIsLoaded(br.com.catbag.gifreduxsample.asyncs.data.DataManagerTest)
11-25 23:30:39.574  2243  2243 I MonitoringInstrumentation: Activities that are still in CREATED to STOPPED: 0
11-25 23:30:39.576  2243  2258 I TestRunner: started: whenSavedAppStateIsLoaded(br.com.catbag.gifreduxsample.asyncs.data.DataManagerTest)
11-25 23:30:39.583  2243  2243 I MonitoringInstrumentation: Activities that are still in CREATED to STOPPED: 0
11-25 23:30:39.605  2243  2267 E DataManager: appstate not loaded
11-25 23:30:39.605  2243  2267 E DataManager: com.snappydb.SnappydbException: Failed to get a String: NotFound: 
11-25 23:30:39.605  2243  2267 E DataManager: 	at com.snappydb.internal.DBImpl.__get(Native Method)
11-25 23:30:39.605  2243  2267 E DataManager: 	at com.snappydb.internal.DBImpl.get(DBImpl.java:348)
11-25 23:30:39.605  2243  2267 E DataManager: 	at br.com.catbag.gifreduxsample.asyncs.data.storage.Database.getAppState(Database.java:29)
11-25 23:30:39.605  2243  2267 E DataManager: 	at br.com.catbag.gifreduxsample.asyncs.data.DataManager.lambda$loadAppState$0(DataManager.java:61)
11-25 23:30:39.605  2243  2267 E DataManager: 	at br.com.catbag.gifreduxsample.asyncs.data.DataManager$$Lambda$1.run(Unknown Source)
11-25 23:30:39.605  2243  2267 E DataManager: 	at java.lang.Thread.run(Thread.java:761)
11-25 23:30:39.808  2243  2258 I TestRunner: finished: whenSavedAppStateIsLoaded(br.com.catbag.gifreduxsample.asyncs.data.DataManagerTest)
11-25 23:30:39.820  2243  2243 I MonitoringInstrumentation: Activities that are still in CREATED to STOPPED: 0
11-25 23:30:39.843  2243  2258 I TestRunner: started: whenScrollDownAndPlayLastItemTest(br.com.catbag.gifreduxsample.ui.giflist.GifListActivityTest)
11-25 23:30:39.854  2243  2243 I MonitoringInstrumentation: Activities that are still in CREATED to STOPPED: 0
11-25 23:30:40.103  2271  2271 W dex2oat : Unexpected CPU variant for X86 using defaults: x86
11-25 23:30:40.104  2271  2271 W dex2oat : Mismatch between dex2oat instruction set features (ISA: X86 Feature string: smp,-ssse3,-sse4.1,-sse4.2,-avx,-avx2,-lock_add,-popcnt) and those of dex2oat executable (ISA: X86 Feature string: smp,ssse3,-sse4.1,-sse4.2,-avx,-avx2,-lock_add,-popcnt) for the command line:
11-25 23:30:40.104  2271  2271 W dex2oat : /system/bin/dex2oat --runtime-arg -classpath --runtime-arg & --instruction-set=x86 --instruction-set-features=smp,ssse3,-sse4.1,-sse4.2,-avx,-avx2,-lock_add,-popcnt --runtime-arg -Xrelocate --boot-image=/system/framework/boot.art --runtime-arg -Xms64m --runtime-arg -Xmx512m --instruction-set-variant=x86 --instruction-set-features=default --dex-file=/data/user/0/br.com.catbag.gifreduxsample/app_dxmaker_cache/Generated_1497766805.jar --oat-fd=38 --oat-location=/data/user/0/br.com.catbag.gifreduxsample/app_dxmaker_cache/Generated_1497766805.dex --compiler-filter=speed
11-25 23:30:40.105  2271  2271 I dex2oat : /system/bin/dex2oat --dex-file=/data/user/0/br.com.catbag.gifreduxsample/app_dxmaker_cache/Generated_1497766805.jar --oat-fd=38 --oat-location=/data/user/0/br.com.catbag.gifreduxsample/app_dxmaker_cache/Generated_1497766805.dex --compiler-filter=speed
11-25 23:30:40.203  2243  2254 I art     : Background sticky concurrent mark sweep GC freed 34815(1479KB) AllocSpace objects, 2(40KB) LOS objects, 30% free, 4MB/5MB, paused 14.620ms total 147.556ms
11-25 23:30:40.304  2271  2271 I dex2oat : dex2oat took 201.938ms (threads: 1) arena alloc=41KB (42016B) java alloc=28KB (28768B) native alloc=736KB (753768B) free=799KB (819096B)
11-25 23:30:40.334  1238  1268 D VoldConnector: SND -> {29 volume mkdirs /storage/emulated/0/Android/data/br.com.catbag.gifreduxsample/cache/}
11-25 23:30:40.345  1238  1281 D VoldConnector: RCV <- {200 29 Command succeeded}
11-25 23:30:40.352  2243  2259 I DroidFlux:Dispatcher: [STARTED] dispatch of action [FAKE_REDUCE_ACTION]
11-25 23:30:40.373  2243  2259 I DroidFlux:Dispatcher: [COMPLETED] dispatch of action [FAKE_REDUCE_ACTION]
11-25 23:30:40.390  2243  2270 D ActivityTestRule: Launching activity br.com.catbag.gifreduxsample.ui.GifListActivity
11-25 23:30:40.393  2243  2273 D MonitoringInstrumentation: execStartActivity(context, ibinder, ibinder, activity, intent, int, bundle
11-25 23:30:40.399  1238  1631 I ActivityManager: START u0 {flg=0x14000000 cmp=br.com.catbag.gifreduxsample/.ui.GifListActivity} from uid 10060 on display 0
11-25 23:30:40.624  2243  2243 D LifecycleMonitor: Lifecycle status change: br.com.catbag.gifreduxsample.ui.GifListActivity@60e2d76 in: PRE_ON_CREATE
11-25 23:30:41.371  1748  1748 I Choreographer: Skipped 58 frames!  The application may be doing too much work on its main thread.
11-25 23:30:41.441  2243  2243 D LifecycleMonitor: Lifecycle status change: br.com.catbag.gifreduxsample.ui.GifListActivity@60e2d76 in: CREATED
11-25 23:30:41.458  2243  2259 I DroidFlux:Dispatcher: [STARTED] dispatch of action [APP_STATE_LOAD]
11-25 23:30:41.459  2243  2259 D DroidFlux:Dispatcher: An action of type [APP_STATE_LOAD] was dispatched, but no reducer handled it
11-25 23:30:41.459  2243  2259 I DroidFlux:Dispatcher: [COMPLETED] dispatch of action [APP_STATE_LOAD]
11-25 23:30:41.465  2243  2243 D LifecycleMonitor: Lifecycle status change: br.com.catbag.gifreduxsample.ui.GifListActivity@60e2d76 in: STARTED
11-25 23:30:41.496  2243  2243 D LifecycleMonitor: Lifecycle status change: br.com.catbag.gifreduxsample.ui.GifListActivity@60e2d76 in: RESUMED
11-25 23:30:41.650  1238  1268 I WindowManager: Destroying surface Surface(name=com.android.launcher3/com.android.launcher3.Launcher) called by com.android.server.wm.WindowStateAnimator.destroySurface:2014 com.android.server.wm.WindowStateAnimator.destroySurfaceLocked:881 com.android.server.wm.WindowState.destroyOrSaveSurface:2073 com.android.server.wm.WindowManagerService.tryStartExitingAnimation:3017 com.android.server.wm.WindowManagerService.relayoutWindow:2897 com.android.server.wm.Session.relayout:215 android.view.IWindowSession$Stub.onTransact:286 com.android.server.wm.Session.onTransact:136 
11-25 23:30:41.861  2243  2259 I DroidFlux:Dispatcher: [STARTED] dispatch of action [GIF_LIST_FETCHING]
11-25 23:30:41.862  2243  2259 D DroidFlux:Dispatcher: An action of type [GIF_LIST_FETCHING] was dispatched, but no reducer handled it
11-25 23:30:41.862  2243  2259 I DroidFlux:Dispatcher: [COMPLETED] dispatch of action [GIF_LIST_FETCHING]
11-25 23:30:41.946  2243  2243 D gralloc_ranchu: Emulator without host-side GPU emulation detected.
11-25 23:30:42.006  2243  2270 D InputManagerEventInjectionStrategy: Creating injection strategy with input manager.
11-25 23:30:42.013  1238  1259 I ActivityManager: Displayed br.com.catbag.gifreduxsample/.ui.GifListActivity: +1s499ms
11-25 23:30:42.074  2243  2243 W ResourceType: No package identifier when getting name for resource number 0x00000001
11-25 23:30:42.076  2243  2243 I ViewInteraction: Performing 'scroll RecyclerView to position: 4' action on view with id: 1 (resource name not found)
11-25 23:30:42.232  1238  1259 I WindowManager: Destroying surface Surface(name=Starting br.com.catbag.gifreduxsample) called by com.android.server.wm.WindowStateAnimator.destroySurface:2014 com.android.server.wm.WindowStateAnimator.destroySurfaceLocked:881 com.android.server.wm.WindowState.destroyOrSaveSurface:2073 com.android.server.wm.AppWindowToken.destroySurfaces:363 com.android.server.wm.WindowStateAnimator.finishExit:565 com.android.server.wm.WindowStateAnimator.stepAnimationLocked:491 com.android.server.wm.WindowAnimator.updateWindowsLocked:303 com.android.server.wm.WindowAnimator.animateLocked:704 
11-25 23:30:42.304  2243  2254 I art     : Background partial concurrent mark sweep GC freed 5605(576KB) AllocSpace objects, 0(0B) LOS objects, 40% free, 5MB/9MB, paused 4.783ms total 183.005ms
11-25 23:30:42.416  1748  1748 W IInputConnectionWrapper: reportFullscreenMode on inexistent InputConnection
11-25 23:30:42.551  2243  2243 W ResourceType: No package identifier when getting name for resource number 0x00000001
11-25 23:30:42.575  2243  2243 W ResourceType: No package identifier when getting name for resource number 0x00000004
11-25 23:30:42.575  2243  2243 I ViewInteraction: Performing 'single click' action on view with id: 4 (resource name not found)
11-25 23:30:42.632  2243  2244 I art     : Do partial code cache collection, code=25KB, data=30KB
11-25 23:30:42.632  2243  2244 I art     : After code cache collection, code=23KB, data=29KB
11-25 23:30:42.633  2243  2244 I art     : Increasing code cache capacity to 128KB
11-25 23:30:42.678  2243  2259 I DroidFlux:Dispatcher: [STARTED] dispatch of action [GIF_PLAY]
11-25 23:30:42.680  2243  2259 I DroidFlux:Dispatcher: [COMPLETED] dispatch of action [GIF_PLAY]
11-25 23:30:42.745  1238  1313 W AudioTrack: AUDIO_OUTPUT_FLAG_FAST denied by client; transfer 4, track 48000 Hz, output 44100 Hz
11-25 23:30:42.878   991  1028 D AudioFlinger: mixer(0xa7103080) throttle end: throttle time(10)
11-25 23:30:42.908   991  1028 D AudioFlinger: mixer(0xa7103080) throttle end: throttle time(10)
11-25 23:30:43.331  2243  2258 I TestRunner: finished: whenScrollDownAndPlayLastItemTest(br.com.catbag.gifreduxsample.ui.giflist.GifListActivityTest)
11-25 23:30:43.343  2243  2243 D LifecycleMonitor: Lifecycle status change: br.com.catbag.gifreduxsample.ui.GifListActivity@60e2d76 in: PAUSED
11-25 23:30:43.390   979   979 D gralloc : Registering a buffer in the process that created it. This may cause memory ordering problems.
11-25 23:30:43.391   979   979 E libEGL  : called unimplemented OpenGL ES API
11-25 23:30:43.392   979   979 E SurfaceFlinger: glCheckFramebufferStatusOES error 1319502399
11-25 23:30:43.392   979   979 E SurfaceFlinger: got GL_FRAMEBUFFER_COMPLETE_OES error while taking screenshot
11-25 23:30:43.395  1238  1413 W WindowManager: Screenshot failure taking screenshot for (480x800) to layer 21005
11-25 23:30:43.404  2243  2243 I MonitoringInstrumentation: Activities that are still in CREATED to STOPPED: 1
11-25 23:30:43.406  2243  2258 I TestRunner: started: whenGifIsNotWatchedTest(br.com.catbag.gifreduxsample.ui.giflist.GifListActivityTest)
11-25 23:30:43.453  2243  2243 I MonitoringInstrumentation: Activities that are still in CREATED to STOPPED: 1
11-25 23:30:43.502  2243  2259 I DroidFlux:Dispatcher: [STARTED] dispatch of action [FAKE_REDUCE_ACTION]
11-25 23:30:43.503  2243  2259 I DroidFlux:Dispatcher: [COMPLETED] dispatch of action [FAKE_REDUCE_ACTION]
11-25 23:30:43.513  2243  2280 D ActivityTestRule: Launching activity br.com.catbag.gifreduxsample.ui.GifListActivity
11-25 23:30:43.514  2243  2281 D MonitoringInstrumentation: execStartActivity(context, ibinder, ibinder, activity, intent, int, bundle
11-25 23:30:43.515  1238  1413 I ActivityManager: START u0 {flg=0x10000000 cmp=br.com.catbag.gifreduxsample/.ui.GifListActivity} from uid 10060 on display 0
11-25 23:30:43.599  1748  1748 I Choreographer: Skipped 34 frames!  The application may be doing too much work on its main thread.
11-25 23:30:43.711  2243  2243 D LifecycleMonitor: Lifecycle status change: br.com.catbag.gifreduxsample.ui.GifListActivity@a76a8be in: PRE_ON_CREATE
11-25 23:30:43.723  1748  1748 I Choreographer: Skipped 31 frames!  The application may be doing too much work on its main thread.
11-25 23:30:43.754  2243  2243 D LifecycleMonitor: Lifecycle status change: br.com.catbag.gifreduxsample.ui.GifListActivity@a76a8be in: CREATED
11-25 23:30:43.755  2243  2259 I DroidFlux:Dispatcher: [STARTED] dispatch of action [APP_STATE_LOAD]
11-25 23:30:43.755  2243  2259 D DroidFlux:Dispatcher: An action of type [APP_STATE_LOAD] was dispatched, but no reducer handled it
11-25 23:30:43.755  2243  2259 I DroidFlux:Dispatcher: [COMPLETED] dispatch of action [APP_STATE_LOAD]
11-25 23:30:43.755  2243  2243 D LifecycleMonitor: Lifecycle status change: br.com.catbag.gifreduxsample.ui.GifListActivity@a76a8be in: STARTED
11-25 23:30:43.755  2243  2243 D LifecycleMonitor: Lifecycle status change: br.com.catbag.gifreduxsample.ui.GifListActivity@a76a8be in: RESUMED
11-25 23:30:43.946  2243  2243 E Feed    : Gif{uuid=364a3946-6291-4fcf-95ce-b60587f62c99, path=, url=, title=, watched=false, status=DOWNLOADED}
11-25 23:30:43.946  2243  2243 E Feed    : pl.droidsonroids.gif.GifIOException: GifError 101: Failed to open given input
