11-24 18:07:22.402  2249  2294 D ActivityTestRule: Launching activity br.com.catbag.gifreduxsample.ui.GifListActivity
11-24 18:07:22.424  2249  2295 D MonitoringInstrumentation: execStartActivity(context, ibinder, ibinder, activity, intent, int, bundle
11-24 18:07:22.425  1238  1479 I ActivityManager: START u0 {flg=0x10000000 cmp=br.com.catbag.gifreduxsample/.ui.GifListActivity} from uid 10060 on display 0
11-24 18:07:22.546  2249  2249 D LifecycleMonitor: Lifecycle status change: br.com.catbag.gifreduxsample.ui.GifListActivity@827fd7 in: PRE_ON_CREATE
11-24 18:07:22.562  2249  2249 D LifecycleMonitor: Lifecycle status change: br.com.catbag.gifreduxsample.ui.GifListActivity@827fd7 in: CREATED
11-24 18:07:22.575  2249  2265 I DroidFlux:Dispatcher: [STARTED] dispatch of action [APP_STATE_LOAD]
11-24 18:07:22.575  2249  2265 D DroidFlux:Dispatcher: An action of type [APP_STATE_LOAD] was dispatched, but no reducer handled it
11-24 18:07:22.576  2249  2265 I DroidFlux:Dispatcher: [COMPLETED] dispatch of action [APP_STATE_LOAD]
11-24 18:07:22.576  2249  2249 D LifecycleMonitor: Lifecycle status change: br.com.catbag.gifreduxsample.ui.GifListActivity@827fd7 in: STARTED
11-24 18:07:22.577  2249  2249 D LifecycleMonitor: Lifecycle status change: br.com.catbag.gifreduxsample.ui.GifListActivity@827fd7 in: RESUMED
11-24 18:07:22.788  2249  2249 W ResourceType: No package identifier when getting name for resource number 0x000000e9
11-24 18:07:22.788  2249  2249 I ViewInteraction: Performing 'scroll RecyclerView to position: 4' action on view with id: 233 (resource name not found)
11-24 18:07:22.811  1238  1259 I ActivityManager: Displayed br.com.catbag.gifreduxsample/.ui.GifListActivity: +300ms
11-24 18:07:23.000  2249  2260 I art     : Background partial concurrent mark sweep GC freed 14675(828KB) AllocSpace objects, 10(2MB) LOS objects, 29% free, 9MB/13MB, paused 4.982ms total 243.317ms
11-24 18:07:23.026  1238  1259 I WindowManager: Destroying surface Surface(name=Starting br.com.catbag.gifreduxsample) called by com.android.server.wm.WindowStateAnimator.destroySurface:2014 com.android.server.wm.WindowStateAnimator.destroySurfaceLocked:881 com.android.server.wm.WindowState.destroyOrSaveSurface:2073 com.android.server.wm.AppWindowToken.destroySurfaces:363 com.android.server.wm.WindowStateAnimator.finishExit:565 com.android.server.wm.WindowStateAnimator.stepAnimationLocked:491 com.android.server.wm.WindowAnimator.updateWindowsLocked:303 com.android.server.wm.WindowAnimator.animateLocked:704 
11-24 18:07:23.193  2249  2249 W ResourceType: No package identifier when getting name for resource number 0x000000e9
11-24 18:07:23.233  2249  2249 W ResourceType: No package identifier when getting name for resource number 0x000000ea
11-24 18:07:23.251  2249  2249 I ViewInteraction: Performing 'actionOnItemAtPosition performing ViewAction: single click on item at position: 0' action on view with id: 234 (resource name not found)
11-24 18:07:23.375  2249  2265 I DroidFlux:Dispatcher: [STARTED] dispatch of action [GIF_PLAY]
11-24 18:07:23.376  2249  2265 I DroidFlux:Dispatcher: [COMPLETED] dispatch of action [GIF_PLAY]
11-24 18:07:23.491  1238  1477 I WindowManager: Destroying surface Surface(name=com.android.launcher3/com.android.launcher3.Launcher) called by com.android.server.wm.WindowStateAnimator.destroySurface:2014 com.android.server.wm.WindowStateAnimator.destroySurfaceLocked:881 com.android.server.wm.WindowState.destroyOrSaveSurface:2073 com.android.server.wm.AppWindowToken.destroySurfaces:363 com.android.server.wm.AppWindowToken.notifyAppStopped:389 com.android.server.wm.WindowManagerService.notifyAppStopped:4456 com.android.server.am.ActivityStack.activityStoppedLocked:1252 com.android.server.am.ActivityManagerService.activityStopped:6873 
11-24 18:07:23.516  2249  2249 D LifecycleMonitor: Lifecycle status change: br.com.catbag.gifreduxsample.ui.GifListActivity@8d6c71b in: STOPPED
11-24 18:07:23.516  2249  2249 D LifecycleMonitor: Lifecycle status change: br.com.catbag.gifreduxsample.ui.GifListActivity@8d6c71b in: DESTROYED
11-24 18:07:23.519  1238  1249 I WindowManager: Destroying surface Surface(name=br.com.catbag.gifreduxsample/br.com.catbag.gifreduxsample.ui.GifListActivity) called by com.android.server.wm.WindowStateAnimator.destroySurface:2014 com.android.server.wm.WindowStateAnimator.destroySurfaceLocked:881 com.android.server.wm.WindowState.removeLocked:1449 com.android.server.wm.WindowManagerService.removeWindowInnerLocked:2478 com.android.server.wm.WindowManagerService.removeWindowLocked:2436 com.android.server.wm.WindowManagerService.removeWindowLocked:2305 com.android.server.wm.WindowManagerService.removeWindow:2300 com.android.server.wm.Session.remove:193 
11-24 18:07:24.005  2249  2264 I TestRunner: finished: whenScrollUpAndPlayFirstItemTest(br.com.catbag.gifreduxsample.ui.giflist.GifListActivityTest)
11-24 18:07:24.029  2249  2249 D LifecycleMonitor: Lifecycle status change: br.com.catbag.gifreduxsample.ui.GifListActivity@827fd7 in: PAUSED
11-24 18:07:24.162   979   979 D gralloc : Registering a buffer in the process that created it. This may cause memory ordering problems.
11-24 18:07:24.162   979   979 E libEGL  : called unimplemented OpenGL ES API
11-24 18:07:24.163   979   979 E SurfaceFlinger: glCheckFramebufferStatusOES error -158841997
11-24 18:07:24.176   979   979 E SurfaceFlinger: got GL_FRAMEBUFFER_COMPLETE_OES error while taking screenshot
11-24 18:07:24.177  1238  1479 W WindowManager: Screenshot failure taking screenshot for (480x800) to layer 21005
11-24 18:07:24.185  1238  1252 W art     : Long monitor contention with owner Binder:1238_5 (1479) at void com.android.server.am.ActivityManagerService.activityPaused(android.os.IBinder)(ActivityManagerService.java:6849) waiters=0 in void com.android.server.am.ActivityStackSupervisor$ActivityStackSupervisorHandler.activityIdleInternal(com.android.server.am.ActivityRecord) for 150ms
11-24 18:07:24.187  2249  2249 I MonitoringInstrumentation: Activities that are still in CREATED to STOPPED: 1
11-24 18:07:24.187  2249  2249 I Choreographer: Skipped 42 frames!  The application may be doing too much work on its main thread.
11-24 18:07:24.190  2249  2264 I TestRunner: started: whenGifIsDownloadedTest(br.com.catbag.gifreduxsample.ui.giflist.GifListActivityTest)
11-24 18:07:24.220  2249  2249 I MonitoringInstrumentation: Activities that are still in CREATED to STOPPED: 1
11-24 18:07:24.251  2249  2265 I DroidFlux:Dispatcher: [STARTED] dispatch of action [FAKE_REDUCE_ACTION]
11-24 18:07:24.251  2249  2265 I DroidFlux:Dispatcher: [COMPLETED] dispatch of action [FAKE_REDUCE_ACTION]
11-24 18:07:24.270  2249  2296 D ActivityTestRule: Launching activity br.com.catbag.gifreduxsample.ui.GifListActivity
11-24 18:07:24.332  2249  2297 D MonitoringInstrumentation: execStartActivity(context, ibinder, ibinder, activity, intent, int, bundle
11-24 18:07:24.388  1238  1348 I ActivityManager: START u0 {flg=0x10000000 cmp=br.com.catbag.gifreduxsample/.ui.GifListActivity} from uid 10060 on display 0
11-24 18:07:24.479  2249  2249 D LifecycleMonitor: Lifecycle status change: br.com.catbag.gifreduxsample.ui.GifListActivity@43c069b in: PRE_ON_CREATE
11-24 18:07:24.530  2249  2249 D LifecycleMonitor: Lifecycle status change: br.com.catbag.gifreduxsample.ui.GifListActivity@43c069b in: CREATED
11-24 18:07:24.531  2249  2265 I DroidFlux:Dispatcher: [STARTED] dispatch of action [APP_STATE_LOAD]
11-24 18:07:24.532  2249  2265 D DroidFlux:Dispatcher: An action of type [APP_STATE_LOAD] was dispatched, but no reducer handled it
11-24 18:07:24.532  2249  2265 I DroidFlux:Dispatcher: [COMPLETED] dispatch of action [APP_STATE_LOAD]
11-24 18:07:24.541  2249  2249 D LifecycleMonitor: Lifecycle status change: br.com.catbag.gifreduxsample.ui.GifListActivity@43c069b in: STARTED
11-24 18:07:24.543  2249  2249 D LifecycleMonitor: Lifecycle status change: br.com.catbag.gifreduxsample.ui.GifListActivity@43c069b in: RESUMED
11-24 18:07:24.867  2249  2249 D LifecycleMonitor: Lifecycle status change: br.com.catbag.gifreduxsample.ui.GifListActivity@43c069b in: PAUSED
11-24 18:07:24.876  2249  2264 I TestRunner: finished: whenGifIsDownloadedTest(br.com.catbag.gifreduxsample.ui.giflist.GifListActivityTest)
11-24 18:07:24.889  1238  1479 D WindowManager: relayoutVisibleWindow: Window{b377d9b u0 com.android.launcher3/com.android.launcher3.Launcher EXITING} mAnimatingExit=true, mRemoveOnExit=false, mDestroying=false
11-24 18:07:24.920   979   979 D gralloc : Registering a buffer in the process that created it. This may cause memory ordering problems.
11-24 18:07:24.921   979   979 E SurfaceFlinger: glCheckFramebufferStatusOES error -158841997
11-24 18:07:24.921   979   979 E SurfaceFlinger: got GL_FRAMEBUFFER_COMPLETE_OES error while taking screenshot
11-24 18:07:24.922  1238  1348 W WindowManager: Screenshot failure taking screenshot for (480x800) to layer 22020
11-24 18:07:24.964  1238  1259 I WindowManager: Destroying surface Surface(name=Starting br.com.catbag.gifreduxsample) called by com.android.server.wm.WindowStateAnimator.destroySurface:2014 com.android.server.wm.WindowStateAnimator.destroySurfaceLocked:881 com.android.server.wm.WindowState.removeLocked:1449 com.android.server.wm.WindowManagerService.removeWindowInnerLocked:2478 com.android.server.wm.WindowManagerService.removeWindowLocked:2436 com.android.server.wm.WindowManagerService.removeWindowLocked:2305 com.android.server.wm.WindowManagerService.removeWindow:2300 com.android.server.wm.Session.remove:193 
11-24 18:07:24.969  1238  1259 I Choreographer: Skipped 30 frames!  The application may be doing too much work on its main thread.
11-24 18:07:24.990  2249  2249 I MonitoringInstrumentation: Activities that are still in CREATED to STOPPED: 2
11-24 18:07:24.991  2249  2264 I TestRunner: started: whenPlayGifTest(br.com.catbag.gifreduxsample.ui.giflist.GifListActivityTest)
11-24 18:07:24.999  2249  2249 I MonitoringInstrumentation: Activities that are still in CREATED to STOPPED: 2
11-24 18:07:25.074  2249  2265 I DroidFlux:Dispatcher: [STARTED] dispatch of action [FAKE_REDUCE_ACTION]
11-24 18:07:25.075  2249  2265 I DroidFlux:Dispatcher: [COMPLETED] dispatch of action [FAKE_REDUCE_ACTION]
11-24 18:07:25.154  2249  2298 D ActivityTestRule: Launching activity br.com.catbag.gifreduxsample.ui.GifListActivity
11-24 18:07:25.158  1683  1683 I Choreographer: Skipped 43 frames!  The application may be doing too much work on its main thread.
11-24 18:07:25.181  2249  2249 W IInputConnectionWrapper: reportFullscreenMode on inexistent InputConnection
11-24 18:07:25.230  2249  2299 D MonitoringInstrumentation: execStartActivity(context, ibinder, ibinder, activity, intent, int, bundle
11-24 18:07:25.236  1238  1348 I ActivityManager: START u0 {flg=0x10000000 cmp=br.com.catbag.gifreduxsample/.ui.GifListActivity} from uid 10060 on display 0
11-24 18:07:25.345  2249  2249 D LifecycleMonitor: Lifecycle status change: br.com.catbag.gifreduxsample.ui.GifListActivity@14618d6 in: PRE_ON_CREATE
11-24 18:07:25.372  2249  2249 D LifecycleMonitor: Lifecycle status change: br.com.catbag.gifreduxsample.ui.GifListActivity@14618d6 in: CREATED
11-24 18:07:25.379  2249  2265 I DroidFlux:Dispatcher: [STARTED] dispatch of action [APP_STATE_LOAD]
11-24 18:07:25.380  2249  2265 D DroidFlux:Dispatcher: An action of type [APP_STATE_LOAD] was dispatched, but no reducer handled it
11-24 18:07:25.380  2249  2265 I DroidFlux:Dispatcher: [COMPLETED] dispatch of action [APP_STATE_LOAD]
11-24 18:07:25.380  2249  2249 D LifecycleMonitor: Lifecycle status change: br.com.catbag.gifreduxsample.ui.GifListActivity@14618d6 in: STARTED
11-24 18:07:25.382  2249  2249 D LifecycleMonitor: Lifecycle status change: br.com.catbag.gifreduxsample.ui.GifListActivity@14618d6 in: RESUMED
11-24 18:07:25.493  1238  1259 I Choreographer: Skipped 46 frames!  The application may be doing too much work on its main thread.
11-24 18:07:25.500  2249  2249 D LifecycleMonitor: Lifecycle status change: br.com.catbag.gifreduxsample.ui.GifListActivity@43c069b in: STOPPED
11-24 18:07:25.500  2249  2249 D LifecycleMonitor: Lifecycle status change: br.com.catbag.gifreduxsample.ui.GifListActivity@43c069b in: DESTROYED
11-24 18:07:25.546  2249  2249 D LifecycleMonitor: Lifecycle status change: br.com.catbag.gifreduxsample.ui.GifListActivity@827fd7 in: STOPPED
11-24 18:07:25.547  2249  2249 D LifecycleMonitor: Lifecycle status change: br.com.catbag.gifreduxsample.ui.GifListActivity@827fd7 in: DESTROYED
11-24 18:07:25.549  1238  1479 I WindowManager: Destroying surface Surface(name=br.com.catbag.gifreduxsample/br.com.catbag.gifreduxsample.ui.GifListActivity) called by com.android.server.wm.WindowStateAnimator.destroySurface:2014 com.android.server.wm.WindowStateAnimator.destroySurfaceLocked:881 com.android.server.wm.WindowState.removeLocked:1449 com.android.server.wm.WindowManagerService.removeWindowInnerLocked:2478 com.android.server.wm.WindowManagerService.removeWindowLocked:2436 com.android.server.wm.WindowManagerService.removeWindowLocked:2305 com.android.server.wm.WindowManagerService.removeWindow:2300 com.android.server.wm.Session.remove:193 
11-24 18:07:25.601  1238  1259 I WindowManager: Destroying surface Surface(name=br.com.catbag.gifreduxsample/br.com.catbag.gifreduxsample.ui.GifListActivity) called by com.android.server.wm.WindowStateAnimator.destroySurface:2014 com.android.server.wm.WindowStateAnimator.destroySurfaceLocked:881 com.android.server.wm.WindowState.destroyOrSaveSurface:2073 com.android.server.wm.AppWindowToken.destroySurfaces:363 com.android.server.wm.WindowStateAnimator.finishExit:565 com.android.server.wm.WindowStateAnimator.stepAnimationLocked:491 com.android.server.wm.WindowAnimator.updateWindowsLocked:303 com.android.server.wm.WindowAnimator.animateLocked:704 
11-24 18:07:25.671  1238  1259 I ActivityManager: Displayed br.com.catbag.gifreduxsample/.ui.GifListActivity: +360ms (total +1s214ms)
11-24 18:07:25.703  2249  2249 I ViewInteraction: Performing 'single click' action on view with id: br.com.catbag.gifreduxsample:id/gif_image
11-24 18:07:25.837  2249  2265 I DroidFlux:Dispatcher: [STARTED] dispatch of action [GIF_PLAY]
11-24 18:07:25.838  2249  2265 I DroidFlux:Dispatcher: [COMPLETED] dispatch of action [GIF_PLAY]
11-24 18:07:25.907  1238  1259 I WindowManager: Destroying surface Surface(name=Starting br.com.catbag.gifreduxsample) called by com.android.server.wm.WindowStateAnimator.destroySurface:2014 com.android.server.wm.WindowStateAnimator.destroySurfaceLocked:881 com.android.server.wm.WindowState.destroyOrSaveSurface:2073 com.android.server.wm.AppWindowToken.destroySurfaces:363 com.android.server.wm.WindowStateAnimator.finishExit:565 com.android.server.wm.WindowStateAnimator.stepAnimationLocked:491 com.android.server.wm.WindowAnimator.updateWindowsLocked:303 com.android.server.wm.WindowAnimator.animateLocked:704 
11-24 18:07:26.097  1238  1259 I WindowManager: Destroying surface Surface(name=com.android.launcher3/com.android.launcher3.Launcher) called by com.android.server.wm.WindowStateAnimator.destroySurface:2014 com.android.server.wm.WindowStateAnimator.destroySurfaceLocked:881 com.android.server.wm.WindowState.destroyOrSaveSurface:2073 com.android.server.wm.AppWindowToken.destroySurfaces:363 com.android.server.wm.WindowStateAnimator.finishExit:565 com.android.server.wm.AppWindowAnimator.stepAnimationLocked:427 com.android.server.wm.WindowAnimator.updateAppWindowsLocked:176 com.android.server.wm.WindowAnimator.animateLocked:678 
11-24 18:07:26.292  1238  1248 I art     : Background sticky concurrent mark sweep GC freed 32793(2MB) AllocSpace objects, 8(160KB) LOS objects, 28% free, 7MB/10MB, paused 25.791ms total 283.006ms
11-24 18:07:26.626  2249  2264 I TestRunner: finished: whenPlayGifTest(br.com.catbag.gifreduxsample.ui.giflist.GifListActivityTest)
11-24 18:07:26.649  2249  2249 D LifecycleMonitor: Lifecycle status change: br.com.catbag.gifreduxsample.ui.GifListActivity@14618d6 in: PAUSED
11-24 18:07:26.672   979   979 D gralloc : Registering a buffer in the process that created it. This may cause memory ordering problems.
11-24 18:07:26.673   979   979 E libEGL  : called unimplemented OpenGL ES API
11-24 18:07:26.673   979   979 E SurfaceFlinger: glCheckFramebufferStatusOES error -158841997
11-24 18:07:26.673   979   979 E SurfaceFlinger: got GL_FRAMEBUFFER_COMPLETE_OES error while taking screenshot
11-24 18:07:26.676  1238  1250 W WindowManager: Screenshot failure taking screenshot for (480x800) to layer 21005
11-24 18:07:26.685  2249  2249 I MonitoringInstrumentation: Activities that are still in CREATED to STOPPED: 1
11-24 18:07:26.687  2249  2264 I TestRunner: started: whenGifDownloadFailTest(br.com.catbag.gifreduxsample.ui.giflist.GifListActivityTest)
11-24 18:07:26.696  2249  2249 I MonitoringInstrumentation: Activities that are still in CREATED to STOPPED: 1
11-24 18:07:26.807  2249  2265 I DroidFlux:Dispatcher: [STARTED] dispatch of action [FAKE_REDUCE_ACTION]
11-24 18:07:26.808  2249  2265 I DroidFlux:Dispatcher: [COMPLETED] dispatch of action [FAKE_REDUCE_ACTION]
11-24 18:07:26.933  2249  2300 D ActivityTestRule: Launching activity br.com.catbag.gifreduxsample.ui.GifListActivity
11-24 18:07:26.965  2249  2301 D MonitoringInstrumentation: execStartActivity(context, ibinder, ibinder, activity, intent, int, bundle
11-24 18:07:26.971  1238  1249 I ActivityManager: START u0 {flg=0x10000000 cmp=br.com.catbag.gifreduxsample/.ui.GifListActivity} from uid 10060 on display 0
11-24 18:07:27.035  2249  2249 D LifecycleMonitor: Lifecycle status change: br.com.catbag.gifreduxsample.ui.GifListActivity@f2ada0e in: PRE_ON_CREATE
11-24 18:07:27.052  2249  2249 D LifecycleMonitor: Lifecycle status change: br.com.catbag.gifreduxsample.ui.GifListActivity@f2ada0e in: CREATED
11-24 18:07:27.058  2249  2265 I DroidFlux:Dispatcher: [STARTED] dispatch of action [APP_STATE_LOAD]
11-24 18:07:27.059  2249  2265 D DroidFlux:Dispatcher: An action of type [APP_STATE_LOAD] was dispatched, but no reducer handled it
11-24 18:07:27.059  2249  2265 I DroidFlux:Dispatcher: [COMPLETED] dispatch of action [APP_STATE_LOAD]
11-24 18:07:27.059  2249  2249 D LifecycleMonitor: Lifecycle status change: br.com.catbag.gifreduxsample.ui.GifListActivity@f2ada0e in: STARTED
11-24 18:07:27.061  2249  2249 D LifecycleMonitor: Lifecycle status change: br.com.catbag.gifreduxsample.ui.GifListActivity@f2ada0e in: RESUMED
11-24 18:07:27.220  1238  1348 W InputMethodManagerService: Starting input on non-focused client com.android.internal.view.IInputMethodClient$Stub$Proxy@649a332 (uid=10012 pid=1683)
11-24 18:07:27.263  1238  1259 I ActivityManager: Displayed br.com.catbag.gifreduxsample/.ui.GifListActivity: +257ms
11-24 18:07:27.300  1238  1250 W InputMethodManagerService: Starting input on non-focused client com.android.internal.view.IInputMethodClient$Stub$Proxy@649a332 (uid=10012 pid=1683)
11-24 18:07:27.383  2249  2264 I TestRunner: finished: whenGifDownloadFailTest(br.com.catbag.gifreduxsample.ui.giflist.GifListActivityTest)
11-24 18:07:27.407  2249  2249 D LifecycleMonitor: Lifecycle status change: br.com.catbag.gifreduxsample.ui.GifListActivity@f2ada0e in: PAUSED
11-24 18:07:27.443   979   979 D gralloc : Registering a buffer in the process that created it. This may cause memory ordering problems.
11-24 18:07:27.443   979   979 E SurfaceFlinger: glCheckFramebufferStatusOES error -158841997
11-24 18:07:27.443   979   979 E SurfaceFlinger: got GL_FRAMEBUFFER_COMPLETE_OES error while taking screenshot
11-24 18:07:27.457  1238  1249 W WindowManager: Screenshot failure taking screenshot for (480x800) to layer 22015
11-24 18:07:27.466  2249  2249 I MonitoringInstrumentation: Activities that are still in CREATED to STOPPED: 2
11-24 18:07:27.466  2249  2264 I TestRunner: started: whenPauseGifTest(br.com.catbag.gifreduxsample.ui.giflist.GifListActivityTest)
11-24 18:07:27.468  2249  2249 I MonitoringInstrumentation: Activities that are still in CREATED to STOPPED: 2
11-24 18:07:27.504  1238  1250 D WindowManager: relayoutVisibleWindow: Window{b377d9b u0 com.android.launcher3/com.android.launcher3.Launcher EXITING} mAnimatingExit=true, mRemoveOnExit=false, mDestroying=false
11-24 18:07:27.574  2249  2265 I DroidFlux:Dispatcher: [STARTED] dispatch of action [FAKE_REDUCE_ACTION]
11-24 18:07:27.575  2249  2265 I DroidFlux:Dispatcher: [COMPLETED] dispatch of action [FAKE_REDUCE_ACTION]
11-24 18:07:27.618  2249  2302 D ActivityTestRule: Launching activity br.com.catbag.gifreduxsample.ui.GifListActivity
11-24 18:07:27.639  1683  1683 I Choreographer: Skipped 50 frames!  The application may be doing too much work on its main thread.
11-24 18:07:27.646  2249  2304 D MonitoringInstrumentation: execStartActivity(context, ibinder, ibinder, activity, intent, int, bundle
11-24 18:07:27.649  1238  1479 I ActivityManager: START u0 {flg=0x10000000 cmp=br.com.catbag.gifreduxsample/.ui.GifListActivity} from uid 10060 on display 0
11-24 18:07:27.722  1238  1259 I WindowManager: Destroying surface Surface(name=Starting br.com.catbag.gifreduxsample) called by com.android.server.wm.WindowStateAnimator.destroySurface:2014 com.android.server.wm.WindowStateAnimator.destroySurfaceLocked:881 com.android.server.wm.WindowState.removeLocked:1449 com.android.server.wm.WindowManagerService.removeWindowInnerLocked:2478 com.android.server.wm.AppWindowToken.destroySurfaces:365 com.android.server.wm.WindowStateAnimator.finishExit:565 com.android.server.wm.WindowStateAnimator.stepAnimationLocked:491 com.android.server.wm.WindowAnimator.updateWindowsLocked:303 
11-24 18:07:27.838  1683  1683 I Choreographer: Skipped 39 frames!  The application may be doing too much work on its main thread.
11-24 18:07:27.938  2249  2249 D LifecycleMonitor: Lifecycle status change: br.com.catbag.gifreduxsample.ui.GifListActivity@a5360a5 in: PRE_ON_CREATE
11-24 18:07:27.995  2249  2249 D LifecycleMonitor: Lifecycle status change: br.com.catbag.gifreduxsample.ui.GifListActivity@a5360a5 in: CREATED
11-24 18:07:27.996  2249  2265 I DroidFlux:Dispatcher: [STARTED] dispatch of action [APP_STATE_LOAD]
11-24 18:07:27.996  2249  2265 D DroidFlux:Dispatcher: An action of type [APP_STATE_LOAD] was dispatched, but no reducer handled it
11-24 18:07:27.997  2249  2265 I DroidFlux:Dispatcher: [COMPLETED] dispatch of action [APP_STATE_LOAD]
11-24 18:07:27.997  2249  2249 D LifecycleMonitor: Lifecycle status change: br.com.catbag.gifreduxsample.ui.GifListActivity@a5360a5 in: STARTED
11-24 18:07:27.999  2249  2249 D LifecycleMonitor: Lifecycle status change: br.com.catbag.gifreduxsample.ui.GifListActivity@a5360a5 in: RESUMED
11-24 18:07:28.213  1238  1259 I ActivityManager: Displayed br.com.catbag.gifreduxsample/.ui.GifListActivity: +328ms
11-24 18:07:28.342  2249  2249 I ViewInteraction: Performing 'single click' action on view with id: br.com.catbag.gifreduxsample:id/gif_image
11-24 18:07:28.443  1238  1259 I WindowManager: Destroying surface Surface(name=Starting br.com.catbag.gifreduxsample) called by com.android.server.wm.WindowStateAnimator.destroySurface:2014 com.android.server.wm.WindowStateAnimator.destroySurfaceLocked:881 com.android.server.wm.WindowState.destroyOrSaveSurface:2073 com.android.server.wm.AppWindowToken.destroySurfaces:363 com.android.server.wm.WindowStateAnimator.finishExit:565 com.android.server.wm.WindowStateAnimator.stepAnimationLocked:491 com.android.server.wm.WindowAnimator.updateWindowsLocked:303 com.android.server.wm.WindowAnimator.animateLocked:704 
11-24 18:07:28.550  2249  2265 I DroidFlux:Dispatcher: [STARTED] dispatch of action [GIF_PAUSE]
11-24 18:07:28.551  2249  2265 I DroidFlux:Dispatcher: [COMPLETED] dispatch of action [GIF_PAUSE]
11-24 18:07:28.733  2249  2249 D LifecycleMonitor: Lifecycle status change: br.com.catbag.gifreduxsample.ui.GifListActivity@f2ada0e in: STOPPED
11-24 18:07:28.758  1238  1477 I WindowManager: Destroying surface Surface(name=com.android.launcher3/com.android.launcher3.Launcher) called by com.android.server.wm.WindowStateAnimator.destroySurface:2014 com.android.server.wm.WindowStateAnimator.destroySurfaceLocked:881 com.android.server.wm.WindowState.destroyOrSaveSurface:2073 com.android.server.wm.AppWindowToken.destroySurfaces:363 com.android.server.wm.AppWindowToken.notifyAppStopped:389 com.android.server.wm.WindowManagerService.notifyAppStopped:4456 com.android.server.am.ActivityStack.activityStoppedLocked:1252 com.android.server.am.ActivityManagerService.activityStopped:6873 
11-24 18:07:28.787  2249  2249 D LifecycleMonitor: Lifecycle status change: br.com.catbag.gifreduxsample.ui.GifListActivity@f2ada0e in: DESTROYED
11-24 18:07:28.803  1238  1348 I WindowManager: Destroying surface Surface(name=br.com.catbag.gifreduxsample/br.com.catbag.gifreduxsample.ui.GifListActivity) called by com.android.server.wm.WindowStateAnimator.destroySurface:2014 com.android.server.wm.WindowStateAnimator.destroySurfaceLocked:881 com.android.server.wm.WindowState.removeLocked:1449 com.android.server.wm.WindowManagerService.removeWindowInnerLocked:2478 com.android.server.wm.WindowManagerService.removeWindowLocked:2436 com.android.server.wm.WindowManagerService.removeWindowLocked:2305 com.android.server.wm.WindowManagerService.removeWindow:2300 com.android.server.wm.Session.remove:193 
11-24 18:07:28.830  2249  2249 D LifecycleMonitor: Lifecycle status change: br.com.catbag.gifreduxsample.ui.GifListActivity@14618d6 in: STOPPED
11-24 18:07:28.831  2249  2249 D LifecycleMonitor: Lifecycle status change: br.com.catbag.gifreduxsample.ui.GifListActivity@14618d6 in: DESTROYED
11-24 18:07:28.847  1238  1479 I WindowManager: Destroying surface Surface(name=br.com.catbag.gifreduxsample/br.com.catbag.gifreduxsample.ui.GifListActivity) called by com.android.server.wm.WindowStateAnimator.destroySurface:2014 com.android.server.wm.WindowStateAnimator.destroySurfaceLocked:881 com.android.server.wm.WindowState.removeLocked:1449 com.android.server.wm.WindowManagerService.removeWindowInnerLocked:2478 com.android.server.wm.WindowManagerService.removeWindowLocked:2436 com.android.server.wm.WindowManagerService.removeWindowLocked:2305 com.android.server.wm.WindowManagerService.removeWindow:2300 com.android.server.wm.Session.remove:193 
11-24 18:07:29.232  2249  2249 D LifecycleMonitor: Lifecycle status change: br.com.catbag.gifreduxsample.ui.GifListActivity@a5360a5 in: PAUSED
11-24 18:07:29.267  2249  2264 I TestRunner: finished: whenPauseGifTest(br.com.catbag.gifreduxsample.ui.giflist.GifListActivityTest)
11-24 18:07:29.286   979   979 D gralloc : Registering a buffer in the process that created it. This may cause memory ordering problems.
11-24 18:07:29.286   979   979 E libEGL  : called unimplemented OpenGL ES API
11-24 18:07:29.287   979   979 E SurfaceFlinger: glCheckFramebufferStatusOES error -158841997
11-24 18:07:29.287   979   979 E SurfaceFlinger: got GL_FRAMEBUFFER_COMPLETE_OES error while taking screenshot
11-24 18:07:29.289  1238  1763 W WindowManager: Screenshot failure taking screenshot for (480x800) to layer 21010
11-24 18:07:29.297  2249  2249 I MonitoringInstrumentation: Activities that are still in CREATED to STOPPED: 1
11-24 18:07:29.300  2249  2264 I TestRunner: started: whenLoadMultipleGifsOnAppStateTest(br.com.catbag.gifreduxsample.ui.giflist.GifListActivityTest)
11-24 18:07:29.303  2249  2249 I MonitoringInstrumentation: Activities that are still in CREATED to STOPPED: 1
11-24 18:07:29.446  2249  2265 I DroidFlux:Dispatcher: [STARTED] dispatch of action [FAKE_REDUCE_ACTION]
11-24 18:07:29.447  2249  2265 I DroidFlux:Dispatcher: [COMPLETED] dispatch of action [FAKE_REDUCE_ACTION]
11-24 18:07:29.461  2249  2305 D ActivityTestRule: Launching activity br.com.catbag.gifreduxsample.ui.GifListActivity
11-24 18:07:29.467  2249  2306 D MonitoringInstrumentation: execStartActivity(context, ibinder, ibinder, activity, intent, int, bundle
11-24 18:07:29.468  1238  1477 I ActivityManager: START u0 {flg=0x10000000 cmp=br.com.catbag.gifreduxsample/.ui.GifListActivity} from uid 10060 on display 0
11-24 18:07:29.538  1683  1683 I Choreographer: Skipped 44 frames!  The application may be doing too much work on its main thread.
11-24 18:07:29.590  2249  2249 D LifecycleMonitor: Lifecycle status change: br.com.catbag.gifreduxsample.ui.GifListActivity@ecad183 in: PRE_ON_CREATE
11-24 18:07:29.597  2249  2249 D LifecycleMonitor: Lifecycle status change: br.com.catbag.gifreduxsample.ui.GifListActivity@ecad183 in: CREATED
11-24 18:07:29.605  2249  2249 D LifecycleMonitor: Lifecycle status change: br.com.catbag.gifreduxsample.ui.GifListActivity@ecad183 in: STARTED
11-24 18:07:29.606  2249  2265 I DroidFlux:Dispatcher: [STARTED] dispatch of action [APP_STATE_LOAD]
11-24 18:07:29.607  2249  2265 D DroidFlux:Dispatcher: An action of type [APP_STATE_LOAD] was dispatched, but no reducer handled it
11-24 18:07:29.607  2249  2265 I DroidFlux:Dispatcher: [COMPLETED] dispatch of action [APP_STATE_LOAD]
11-24 18:07:29.608  2249  2249 D LifecycleMonitor: Lifecycle status change: br.com.catbag.gifreduxsample.ui.GifListActivity@ecad183 in: RESUMED
11-24 18:07:29.830  2249  2250 I art     : Do partial code cache collection, code=119KB, data=119KB
11-24 18:07:29.831  2249  2250 I art     : After code cache collection, code=118KB, data=119KB
11-24 18:07:29.831  2249  2250 I art     : Increasing code cache capacity to 512KB
11-24 18:07:29.917  2249  2249 W ResourceType: No package identifier when getting name for resource number 0x000000f5
11-24 18:07:29.917  2249  2249 I ViewInteraction: Performing 'scroll RecyclerView to position: 2' action on view with id: 245 (resource name not found)
11-24 18:07:29.952  1238  1259 I ActivityManager: Displayed br.com.catbag.gifreduxsample/.ui.GifListActivity: +395ms
11-24 18:07:30.196  1238  1259 I WindowManager: Destroying surface Surface(name=Starting br.com.catbag.gifreduxsample) called by com.android.server.wm.WindowStateAnimator.destroySurface:2014 com.android.server.wm.WindowStateAnimator.destroySurfaceLocked:881 com.android.server.wm.WindowState.destroyOrSaveSurface:2073 com.android.server.wm.AppWindowToken.destroySurfaces:363 com.android.server.wm.WindowStateAnimator.finishExit:565 com.android.server.wm.WindowStateAnimator.stepAnimationLocked:491 com.android.server.wm.WindowAnimator.updateWindowsLocked:303 com.android.server.wm.WindowAnimator.animateLocked:704 
11-24 18:07:30.260  2249  2249 W ResourceType: No package identifier when getting name for resource number 0x000000f5
11-24 18:07:30.359  2249  2249 W ResourceType: No package identifier when getting name for resource number 0x000000fc
11-24 18:07:30.359  2249  2249 I ViewInteraction: Performing 'scroll RecyclerView to position: 3' action on view with id: 252 (resource name not found)
11-24 18:07:30.478  2249  2260 I art     : Background sticky concurrent mark sweep GC freed 22262(1487KB) AllocSpace objects, 4(80KB) LOS objects, 11% free, 12MB/13MB, paused 5.802ms total 205.029ms
11-24 18:07:30.505  2249  2249 D LifecycleMonitor: Lifecycle status change: br.com.catbag.gifreduxsample.ui.GifListActivity@a5360a5 in: STOPPED
11-24 18:07:30.505  2249  2249 D LifecycleMonitor: Lifecycle status change: br.com.catbag.gifreduxsample.ui.GifListActivity@a5360a5 in: DESTROYED
11-24 18:07:30.508  1238  1250 I WindowManager: Destroying surface Surface(name=br.com.catbag.gifreduxsample/br.com.catbag.gifreduxsample.ui.GifListActivity) called by com.android.server.wm.WindowStateAnimator.destroySurface:2014 com.android.server.wm.WindowStateAnimator.destroySurfaceLocked:881 com.android.server.wm.WindowState.removeLocked:1449 com.android.server.wm.WindowManagerService.removeWindowInnerLocked:2478 com.android.server.wm.WindowManagerService.removeWindowLocked:2436 com.android.server.wm.WindowManagerService.removeWindowLocked:2305 com.android.server.wm.WindowManagerService.removeWindow:2300 com.android.server.wm.Session.remove:193 
11-24 18:07:30.619  1238  1763 I WindowManager: Destroying surface Surface(name=com.android.launcher3/com.android.launcher3.Launcher) called by com.android.server.wm.WindowStateAnimator.destroySurface:2014 com.android.server.wm.WindowStateAnimator.destroySurfaceLocked:881 com.android.server.wm.WindowState.destroyOrSaveSurface:2073 com.android.server.wm.AppWindowToken.destroySurfaces:363 com.android.server.wm.AppWindowToken.notifyAppStopped:389 com.android.server.wm.WindowManagerService.notifyAppStopped:4456 com.android.server.am.ActivityStack.activityStoppedLocked:1252 com.android.server.am.ActivityManagerService.activityStopped:6873 
11-24 18:07:30.659  2249  2249 W ResourceType: No package identifier when getting name for resource number 0x000000fc
11-24 18:07:30.671  2249  2249 W ResourceType: No package identifier when getting name for resource number 0x00000103
11-24 18:07:30.672  2249  2249 I ViewInteraction: Performing 'scroll RecyclerView to position: 4' action on view with id: 259 (resource name not found)
11-24 18:07:30.967  2249  2249 W ResourceType: No package identifier when getting name for resource number 0x00000103
11-24 18:07:30.986  2249  2249 W ResourceType: No package identifier when getting name for resource number 0x0000010a
11-24 18:07:30.986  2249  2249 I ViewInteraction: Performing 'scroll RecyclerView to position: 5' action on view with id: 266 (resource name not found)
11-24 18:07:31.154  1238  1322 E TaskPersister: File error accessing recents directory (directory doesn't exist?).
11-24 18:07:31.293  2249  2249 W ResourceType: No package identifier when getting name for resource number 0x0000010a
11-24 18:07:31.327  2249  2249 W ResourceType: No package identifier when getting name for resource number 0x00000111
11-24 18:07:31.327  2249  2249 I ViewInteraction: Performing 'scroll RecyclerView to position: 6' action on view with id: 273 (resource name not found)
11-24 18:07:31.379  2249  2260 W art     : Suspending all threads took: 6.208ms
11-24 18:07:31.407  2249  2260 I art     : Background partial concurrent mark sweep GC freed 14755(1208KB) AllocSpace objects, 11(240KB) LOS objects, 23% free, 12MB/16MB, paused 15.506ms total 103.876ms
11-24 18:07:31.620  2249  2249 W ResourceType: No package identifier when getting name for resource number 0x00000111
11-24 18:07:31.641  2249  2249 W ResourceType: No package identifier when getting name for resource number 0x00000118
11-24 18:07:31.641  2249  2249 I ViewInteraction: Performing 'scroll RecyclerView to position: 7' action on view with id: 280 (resource name not found)
11-24 18:07:31.937  2249  2249 W ResourceType: No package identifier when getting name for resource number 0x00000118
11-24 18:07:31.968  2249  2249 W ResourceType: No package identifier when getting name for resource number 0x0000011f
11-24 18:07:31.969  2249  2249 I ViewInteraction: Performing 'scroll RecyclerView to position: 8' action on view with id: 287 (resource name not found)
11-24 18:07:32.258  2249  2249 W ResourceType: No package identifier when getting name for resource number 0x0000011f
11-24 18:07:32.277  2249  2249 W ResourceType: No package identifier when getting name for resource number 0x00000126
11-24 18:07:32.277  2249  2249 I ViewInteraction: Performing 'scroll RecyclerView to position: 9' action on view with id: 294 (resource name not found)
11-24 18:07:32.595  2249  2249 W ResourceType: No package identifier when getting name for resource number 0x00000126
11-24 18:07:32.633  2249  2264 I TestRunner: finished: whenLoadMultipleGifsOnAppStateTest(br.com.catbag.gifreduxsample.ui.giflist.GifListActivityTest)
11-24 18:07:32.652  2249  2249 D LifecycleMonitor: Lifecycle status change: br.com.catbag.gifreduxsample.ui.GifListActivity@ecad183 in: PAUSED
11-24 18:07:32.692   979   979 D gralloc : Registering a buffer in the process that created it. This may cause memory ordering problems.
11-24 18:07:32.692   979   979 E libEGL  : called unimplemented OpenGL ES API
11-24 18:07:32.693   979   979 E SurfaceFlinger: glCheckFramebufferStatusOES error -158841997
11-24 18:07:32.693   979   979 E SurfaceFlinger: got GL_FRAMEBUFFER_COMPLETE_OES error while taking screenshot
11-24 18:07:32.702  1238  1250 W WindowManager: Screenshot failure taking screenshot for (480x800) to layer 21005
11-24 18:07:32.720  2249  2249 I MonitoringInstrumentation: Activities that are still in CREATED to STOPPED: 1
11-24 18:07:32.722  2249  2264 I TestRunner: run finished: 15 tests, 0 failed, 0 ignored
11-24 18:07:33.080  2249  2264 I MonitoringInstrumentation: Unstopped activity count: 1
11-24 18:07:33.081  2249  2249 I MonitoringInstrumentation: Activities that are still in CREATED to STOPPED: 1
11-24 18:07:33.145  2249  2264 I MonitoringInstrumentation: Unstopped activity count: 1
11-24 18:07:33.205  2249  2264 I MonitoringInstrumentation: Unstopped activity count: 1
11-24 18:07:33.265  2249  2264 I MonitoringInstrumentation: Unstopped activity count: 1
11-24 18:07:33.325  2249  2264 I MonitoringInstrumentation: Unstopped activity count: 1
11-24 18:07:33.355  2249  2249 D LifecycleMonitor: Lifecycle status change: br.com.catbag.gifreduxsample.ui.GifListActivity@ecad183 in: STOPPED
11-24 18:07:33.356  2249  2249 D LifecycleMonitor: Lifecycle status change: br.com.catbag.gifreduxsample.ui.GifListActivity@ecad183 in: DESTROYED
11-24 18:07:33.384  2249  2264 I MonitoringInstrumentation: waitForActivitiesToComplete() took: 304ms
11-24 18:07:33.389  1238  1250 I ActivityManager: Force stopping br.com.catbag.gifreduxsample appid=10060 user=0: finished inst
11-24 18:07:33.389  1238  1250 I ActivityManager: Killing 2249:br.com.catbag.gifreduxsample/u0a60 (adj 0): stop br.com.catbag.gifreduxsample
11-24 18:07:33.405  2239  2239 D AndroidRuntime: Shutting down VM
11-24 18:07:33.495  1238  1259 I WindowManager: Destroying surface Surface(name=br.com.catbag.gifreduxsample/br.com.catbag.gifreduxsample.ui.GifListActivity) called by com.android.server.wm.WindowStateAnimator.destroySurface:2014 com.android.server.wm.WindowStateAnimator.destroySurfaceLocked:881 com.android.server.wm.WindowState.removeLocked:1449 com.android.server.wm.WindowManagerService.removeWindowInnerLocked:2478 com.android.server.wm.AppWindowToken.destroySurfaces:365 com.android.server.wm.WindowStateAnimator.finishExit:565 com.android.server.wm.AppWindowAnimator.stepAnimationLocked:427 com.android.server.wm.WindowAnimator.updateAppWindowsLocked:196 
11-24 18:07:34.087  2317  2317 D AndroidRuntime: >>>>>> START com.android.internal.os.RuntimeInit uid 2000 <<<<<<
11-24 18:07:34.090  2317  2317 D AndroidRuntime: CheckJNI is ON
11-24 18:07:34.151  2317  2317 W art     : Unexpected CPU variant for X86 using defaults: x86
11-24 18:07:34.163  2317  2317 D ICU     : No timezone override file found: /data/misc/zoneinfo/current/icu/icu_tzdata.dat
11-24 18:07:34.192  2317  2317 E memtrack: Couldn't load memtrack module (No such file or directory)
11-24 18:07:34.193  2317  2317 E android.os.Debug: failed to load memtrack module: -2
11-24 18:07:34.200  2317  2317 I Radio-JNI: register_android_hardware_Radio DONE
11-24 18:07:34.223  2317  2317 D AndroidRuntime: Calling main entry com.android.commands.pm.Pm
11-24 18:07:34.255  1238  1252 I ActivityManager: Force stopping br.com.catbag.gifreduxsample.test appid=10061 user=-1: deletePackageX
11-24 18:07:34.397  1238  1264 I art     : Starting a blocking GC Explicit
11-24 18:07:34.462  1238  1264 I art     : Explicit concurrent mark sweep GC freed 27836(1792KB) AllocSpace objects, 10(200KB) LOS objects, 33% free, 7MB/10MB, paused 5.351ms total 60.646ms
11-24 18:07:34.475  2317  2317 I art     : System.exit called, status: 0
11-24 18:07:34.475  2317  2317 I AndroidRuntime: VM exiting with result code 0.
11-24 18:07:34.516  1238  1264 I ActivityManager: Force stopping br.com.catbag.gifreduxsample.test appid=10061 user=0: pkg removed
11-24 18:07:34.768  1238  1264 E KernelUidCpuTimeReader: failed to remove uid from uid_cputime module
11-24 18:07:34.768  1238  1264 E KernelUidCpuTimeReader: java.io.FileNotFoundException: /proc/uid_cputime/remove_uid_range (No such file or directory)
11-24 18:07:34.768  1238  1264 E KernelUidCpuTimeReader: 	at java.io.FileOutputStream.open(Native Method)
11-24 18:07:34.768  1238  1264 E KernelUidCpuTimeReader: 	at java.io.FileOutputStream.<init>(FileOutputStream.java:221)
11-24 18:07:34.768  1238  1264 E KernelUidCpuTimeReader: 	at java.io.FileOutputStream.<init>(FileOutputStream.java:108)
11-24 18:07:34.768  1238  1264 E KernelUidCpuTimeReader: 	at java.io.FileWriter.<init>(FileWriter.java:63)
11-24 18:07:34.768  1238  1264 E KernelUidCpuTimeReader: 	at com.android.internal.os.KernelUidCpuTimeReader.removeUid(KernelUidCpuTimeReader.java:158)
11-24 18:07:34.768  1238  1264 E KernelUidCpuTimeReader: 	at com.android.internal.os.BatteryStatsImpl.removeUidStatsLocked(BatteryStatsImpl.java:9805)
11-24 18:07:34.768  1238  1264 E KernelUidCpuTimeReader: 	at com.android.server.am.BatteryStatsService.removeUid(BatteryStatsService.java:291)
11-24 18:07:34.768  1238  1264 E KernelUidCpuTimeReader: 	at com.android.server.am.ActivityManagerService.broadcastIntentLocked(ActivityManagerService.java:17767)
11-24 18:07:34.768  1238  1264 E KernelUidCpuTimeReader: 	at com.android.server.am.ActivityManagerService.broadcastIntent(ActivityManagerService.java:18256)
11-24 18:07:34.768  1238  1264 E KernelUidCpuTimeReader: 	at com.android.server.pm.PackageManagerService$8.run(PackageManagerService.java:11407)
11-24 18:07:34.768  1238  1264 E KernelUidCpuTimeReader: 	at android.os.Handler.handleCallback(Handler.java:751)
11-24 18:07:34.768  1238  1264 E KernelUidCpuTimeReader: 	at android.os.Handler.dispatchMessage(Handler.java:95)
11-24 18:07:34.768  1238  1264 E KernelUidCpuTimeReader: 	at android.os.Looper.loop(Looper.java:154)
11-24 18:07:34.768  1238  1264 E KernelUidCpuTimeReader: 	at android.os.HandlerThread.run(HandlerThread.java:61)
11-24 18:07:34.768  1238  1264 E KernelUidCpuTimeReader: 	at com.android.server.ServiceThread.run(ServiceThread.java:46)
11-24 18:07:34.793  1238  1278 I InputReader: Reconfiguring input devices.  changes=0x00000010
11-24 18:07:34.887  1449  1449 D CarrierSvcBindHelper: No carrier app for: 0
11-24 18:07:35.060  1238  1253 W art     : Long monitor contention with owner NetworkPolicy (1299) at void com.android.server.net.NetworkPolicyManagerService$MyPackageMonitor.onPackageRemoved(java.lang.String, int)(NetworkPolicyManagerService.java:3487) waiters=0 in void com.android.server.net.NetworkPolicyManagerService$1.onUidStateChanged(int, int) for 303ms
11-24 18:07:35.312  1655  1666 I art     : Background sticky concurrent mark sweep GC freed 1755(176KB) AllocSpace objects, 0(0B) LOS objects, 18% free, 2MB/2MB, paused 16.493ms total 108.231ms
11-24 18:07:35.352  1238  1251 W LocationProviderProxy-network: Odd, no component found for service com.android.location.service.v3.NetworkLocationProvider
11-24 18:07:35.353  1238  1251 W GeocoderProxy: Odd, no component found for service com.android.location.service.GeocodeProvider
11-24 18:07:35.359  1238  1251 W GeofenceProxy: Odd, no component found for service com.android.location.service.GeofenceProvider
11-24 18:07:35.360  1238  1251 W ActivityRecognitionProxy: Odd, no component found for service com.android.location.service.ActivityRecognitionProvider
11-24 18:07:35.738  2329  2329 D AndroidRuntime: >>>>>> START com.android.internal.os.RuntimeInit uid 2000 <<<<<<
11-24 18:07:35.740  2329  2329 D AndroidRuntime: CheckJNI is ON
11-24 18:07:35.799  2329  2329 W art     : Unexpected CPU variant for X86 using defaults: x86
11-24 18:07:35.805  2329  2329 D ICU     : No timezone override file found: /data/misc/zoneinfo/current/icu/icu_tzdata.dat
11-24 18:07:35.829  2329  2329 E memtrack: Couldn't load memtrack module (No such file or directory)
11-24 18:07:35.830  2329  2329 E android.os.Debug: failed to load memtrack module: -2
11-24 18:07:35.831  2329  2329 I Radio-JNI: register_android_hardware_Radio DONE
11-24 18:07:35.903  2329  2329 D AndroidRuntime: Calling main entry com.android.commands.pm.Pm
11-24 18:07:35.980  1238  1252 I ActivityManager: Force stopping br.com.catbag.gifreduxsample appid=10060 user=-1: deletePackageX
11-24 18:07:36.105  1238  1264 I art     : Starting a blocking GC Explicit
11-24 18:07:36.160  1238  1264 I art     : Explicit concurrent mark sweep GC freed 29475(1538KB) AllocSpace objects, 7(140KB) LOS objects, 33% free, 6MB/10MB, paused 5.276ms total 51.868ms
11-24 18:07:36.178  2329  2329 I art     : System.exit called, status: 0
11-24 18:07:36.178  2329  2329 I AndroidRuntime: VM exiting with result code 0.
11-24 18:07:36.249  1238  1264 I ActivityManager: Force stopping br.com.catbag.gifreduxsample appid=10060 user=0: pkg removed
11-24 18:07:36.481  1238  1278 I InputReader: Reconfiguring input devices.  changes=0x00000010
11-24 18:07:36.569  1238  1264 E KernelUidCpuTimeReader: failed to remove uid from uid_cputime module
11-24 18:07:36.569  1238  1264 E KernelUidCpuTimeReader: java.io.FileNotFoundException: /proc/uid_cputime/remove_uid_range (No such file or directory)
11-24 18:07:36.569  1238  1264 E KernelUidCpuTimeReader: 	at java.io.FileOutputStream.open(Native Method)
11-24 18:07:36.569  1238  1264 E KernelUidCpuTimeReader: 	at java.io.FileOutputStream.<init>(FileOutputStream.java:221)
11-24 18:07:36.569  1238  1264 E KernelUidCpuTimeReader: 	at java.io.FileOutputStream.<init>(FileOutputStream.java:108)
11-24 18:07:36.569  1238  1264 E KernelUidCpuTimeReader: 	at java.io.FileWriter.<init>(FileWriter.java:63)
11-24 18:07:36.569  1238  1264 E KernelUidCpuTimeReader: 	at com.android.internal.os.KernelUidCpuTimeReader.removeUid(KernelUidCpuTimeReader.java:158)
11-24 18:07:36.569  1238  1264 E KernelUidCpuTimeReader: 	at com.android.internal.os.BatteryStatsImpl.removeUidStatsLocked(BatteryStatsImpl.java:9805)
11-24 18:07:36.569  1238  1264 E KernelUidCpuTimeReader: 	at com.android.server.am.BatteryStatsService.removeUid(BatteryStatsService.java:291)
11-24 18:07:36.569  1238  1264 E KernelUidCpuTimeReader: 	at com.android.server.am.ActivityManagerService.broadcastIntentLocked(ActivityManagerService.java:17767)
11-24 18:07:36.569  1238  1264 E KernelUidCpuTimeReader: 	at com.android.server.am.ActivityManagerService.broadcastIntent(ActivityManagerService.java:18256)
11-24 18:07:36.569  1238  1264 E KernelUidCpuTimeReader: 	at com.android.server.pm.PackageManagerService$8.run(PackageManagerService.java:11407)
11-24 18:07:36.569  1238  1264 E KernelUidCpuTimeReader: 	at android.os.Handler.handleCallback(Handler.java:751)
11-24 18:07:36.569  1238  1264 E KernelUidCpuTimeReader: 	at android.os.Handler.dispatchMessage(Handler.java:95)
11-24 18:07:36.569  1238  1264 E KernelUidCpuTimeReader: 	at android.os.Looper.loop(Looper.java:154)
11-24 18:07:36.569  1238  1264 E KernelUidCpuTimeReader: 	at android.os.HandlerThread.run(HandlerThread.java:61)
11-24 18:07:36.569  1238  1264 E KernelUidCpuTimeReader: 	at com.android.server.ServiceThread.run(ServiceThread.java:46)
11-24 18:07:36.696  1449  1449 D CarrierSvcBindHelper: No carrier app for: 0
11-24 18:07:36.857  1683  1701 I art     : Background partial concurrent mark sweep GC freed 2296(140KB) AllocSpace objects, 7(124KB) LOS objects, 39% free, 3MB/6MB, paused 37.908ms total 583.732ms
11-24 18:07:36.914  1238  1322 E TaskPersister: File error accessing recents directory (directory doesn't exist?).
11-24 18:07:37.219  1238  1251 W LocationProviderProxy-network: Odd, no component found for service com.android.location.service.v3.NetworkLocationProvider
11-24 18:07:37.219  1238  1251 W GeocoderProxy: Odd, no component found for service com.android.location.service.GeocodeProvider
11-24 18:07:37.220  1238  1251 W GeofenceProxy: Odd, no component found for service com.android.location.service.GeofenceProvider
11-24 18:07:37.220  1238  1251 W ActivityRecognitionProxy: Odd, no component found for service com.android.location.service.ActivityRecognitionProvider
11-24 18:07:37.855  1364  1376 I art     : Background partial concurrent mark sweep GC freed 20867(935KB) AllocSpace objects, 12(5MB) LOS objects, 39% free, 4MB/7MB, paused 12.026ms total 1.421s
11-24 18:07:38.035  1722  1722 W ContextImpl: Calling a method in the system process without a qualified user: android.app.ContextImpl.startService:1385 android.content.ContextWrapper.startService:613 android.content.ContextWrapper.startService:613 com.android.keychain.KeyChainBroadcastReceiver.onReceive:12 android.app.ActivityThread.handleReceiver:3011 
11-24 18:07:38.246  2346  2346 W art     : Unexpected CPU variant for X86 using defaults: x86
11-24 18:07:38.257  1238  2303 W ActivityManager: Slow operation: 98ms so far, now at startProcess: returned from zygote!
11-24 18:07:38.258  1238  2303 W ActivityManager: Slow operation: 99ms so far, now at startProcess: done updating battery stats
11-24 18:07:38.258  1238  2303 W ActivityManager: Slow operation: 99ms so far, now at startProcess: building log message
11-24 18:07:38.258  1238  2303 I ActivityManager: Start proc 2346:com.android.documentsui/u0a7 for broadcast com.android.documentsui/.PackageReceiver
11-24 18:07:38.259  1238  2303 W ActivityManager: Slow operation: 100ms so far, now at startProcess: starting to update pids map
11-24 18:07:38.259  1238  2303 W ActivityManager: Slow operation: 100ms so far, now at startProcess: done updating pids map
11-24 18:07:38.260  1238  2303 W ActivityManager: Slow operation: 103ms so far, now at startProcess: done starting proc!
11-24 18:07:38.360  2346  2346 W System  : ClassLoader referenced unknown path: /system/priv-app/DocumentsUI/lib/x86
11-24 18:07:38.518  1786  2361 D VoicemailCleanupService: Cleaning up data for package: br.com.catbag.gifreduxsample.test
11-24 18:07:38.544  1323  1492 I LatinIME:LogUtils: Dictionary info: dictionary = main:en ; version = 54 ; date = 1414726273
