11-26 12:26:46.562  2237  2237 E Feed    : 	at trikita.anvil.Anvil.render(Anvil.java:173)
11-26 12:26:46.562  2237  2237 E Feed    : 	at trikita.anvil.RenderableRecyclerViewAdapter.onBindViewHolder(RenderableRecyclerViewAdapter.java:27)
11-26 12:26:46.562  2237  2237 E Feed    : 	at trikita.anvil.RenderableRecyclerViewAdapter.onBindViewHolder(RenderableRecyclerViewAdapter.java:7)
11-26 12:26:46.562  2237  2237 E Feed    : 	at android.support.v7.widget.RecyclerView$Adapter.onBindViewHolder(RecyclerView.java:5768)
11-26 12:26:46.562  2237  2237 E Feed    : 	at android.support.v7.widget.RecyclerView$Adapter.bindViewHolder(RecyclerView.java:5801)
11-26 12:26:46.562  2237  2237 E Feed    : 	at android.support.v7.widget.RecyclerView$Recycler.getViewForPosition(RecyclerView.java:5037)
11-26 12:26:46.562  2237  2237 E Feed    : 	at android.support.v7.widget.RecyclerView$Recycler.getViewForPosition(RecyclerView.java:4913)
11-26 12:26:46.562  2237  2237 E Feed    : 	at android.support.v7.widget.LinearLayoutManager$LayoutState.next(LinearLayoutManager.java:2029)
11-26 12:26:46.562  2237  2237 E Feed    : 	at android.support.v7.widget.LinearLayoutManager.layoutChunk(LinearLayoutManager.java:1414)
11-26 12:26:46.562  2237  2237 E Feed    : 	at android.support.v7.widget.LinearLayoutManager.fill(LinearLayoutManager.java:1377)
11-26 12:26:46.562  2237  2237 E Feed    : 	at android.support.v7.widget.LinearLayoutManager.onLayoutChildren(LinearLayoutManager.java:578)
11-26 12:26:46.562  2237  2237 E Feed    : 	at android.support.v7.widget.RecyclerView.dispatchLayoutStep2(RecyclerView.java:3260)
11-26 12:26:46.562  2237  2237 E Feed    : 	at android.support.v7.widget.RecyclerView.dispatchLayout(RecyclerView.java:3069)
11-26 12:26:46.562  2237  2237 E Feed    : 	at android.support.v7.widget.RecyclerView.onLayout(RecyclerView.java:3518)
11-26 12:26:46.562  2237  2237 E Feed    : 	at android.view.View.layout(View.java:17520)
11-26 12:26:46.562  2237  2237 E Feed    : 	at android.view.ViewGroup.layout(ViewGroup.java:5612)
11-26 12:26:46.562  2237  2237 E Feed    : 	at android.widget.FrameLayout.layoutChildren(FrameLayout.java:323)
11-26 12:26:46.562  2237  2237 E Feed    : 	at android.widget.FrameLayout.onLayout(FrameLayout.java:261)
11-26 12:26:46.562  2237  2237 E Feed    : 	at android.view.View.layout(View.java:17520)
11-26 12:26:46.562  2237  2237 E Feed    : 	at android.view.ViewGroup.layout(ViewGroup.java:5612)
11-26 12:26:46.562  2237  2237 E Feed    : 	at android.widget.RelativeLayout.onLayout(RelativeLayout.java:1079)
11-26 12:26:46.562  2237  2237 E Feed    : 	at android.view.View.layout(View.java:17520)
11-26 12:26:46.562  2237  2237 E Feed    : 	at android.view.ViewGroup.layout(ViewGroup.java:5612)
11-26 12:26:46.562  2237  2237 E Feed    : 	at android.widget.FrameLayout.layoutChildren(FrameLayout.java:323)
11-26 12:26:46.562  2237  2237 E Feed    : 	at android.widget.FrameLayout.onLayout(FrameLayout.java:261)
11-26 12:26:46.562  2237  2237 E Feed    : 	at android.view.View.layout(View.java:17520)
11-26 12:26:46.562  2237  2237 E Feed    : 	at android.view.ViewGroup.layout(ViewGroup.java:5612)
11-26 12:26:46.562  2237  2237 E Feed    : 	at android.support.v7.widget.ActionBarOverlayLayout.onLayout(ActionBarOverlayLayout.java:435)
11-26 12:26:46.562  2237  2237 E Feed    : 	at android.view.View.layout(View.java:17520)
11-26 12:26:46.562  2237  2237 E Feed    : 	at android.view.ViewGroup.layout(ViewGroup.java:5612)
11-26 12:26:46.562  2237  2237 E Feed    : 	at android.widget.FrameLayout.layoutChildren(FrameLayout.java:323)
11-26 12:26:46.562  2237  2237 E Feed    : 	at android.widget.FrameLayout.onLayout(FrameLayout.java:261)
11-26 12:26:46.562  2237  2237 E Feed    : 	at android.view.View.layout(View.java:17520)
11-26 12:26:46.562  2237  2237 E Feed    : 	at android.view.ViewGroup.layout(ViewGroup.java:5612)
11-26 12:26:46.562  2237  2237 E Feed    : 	at android.widget.LinearLayout.setChildFrame(LinearLayout.java:1741)
11-26 12:26:46.562  2237  2237 E Feed    : 	at android.widget.LinearLayout.layoutVertical(LinearLayout.java:1585)
11-26 12:26:46.562  2237  2237 E Feed    : 	at android.widget.LinearLayout.onLayout(LinearLayout.java:1494)
11-26 12:26:46.562  2237  2237 E Feed    : 	at android.view.View.layout(View.java:17520)
11-26 12:26:46.562  2237  2237 E Feed    : 	at android.view.ViewGroup.layout(ViewGroup.java:5612)
11-26 12:26:46.562  2237  2237 E Feed    : 	at android.widget.FrameLayout.layoutChildren(FrameLayout.java:323)
11-26 12:26:46.562  2237  2237 E Feed    : 	at android.widget.FrameLayout.onLayout(FrameLayout.java:261)
11-26 12:26:46.562  2237  2237 E Feed    : 	at com.android.internal.policy.DecorView.onLayout(DecorView.java:724)
11-26 12:26:46.562  2237  2237 E Feed    : 	at android.view.View.layout(View.java:17520)
11-26 12:26:46.562  2237  2237 E Feed    : 	at android.view.ViewGroup.layout(ViewGroup.java:5612)
11-26 12:26:46.562  2237  2237 E Feed    : 	at android.view.ViewRootImpl.performLayout(ViewRootImpl.java:2342)
11-26 12:26:46.562  2237  2237 E Feed    : 	at android.view.ViewRootImpl.performTraversals(ViewRootImpl.java:2069)
11-26 12:26:46.562  2237  2237 E Feed    : 	at android.view.ViewRootImpl.doTraversal(ViewRootImpl.java:1246)
11-26 12:26:46.562  2237  2237 E Feed    : 	at android.view.ViewRootImpl$TraversalRunnable.run(ViewRootImpl.java:6301)
11-26 12:26:46.562  2237  2237 E Feed    : 	at android.view.Choreographer$CallbackRecord.run(Choreographer.java:871)
11-26 12:26:46.562  2237  2237 E Feed    : 	at android.view.Choreographer.doCallbacks(Choreographer.java:683)
11-26 12:26:46.562  2237  2237 E Feed    : 	at android.view.Choreographer.doFrame(Choreographer.java:619)
11-26 12:26:46.562  2237  2237 E Feed    : 	at android.view.Choreographer$FrameDisplayEventReceiver.run(Choreographer.java:857)
11-26 12:26:46.562  2237  2237 E Feed    : 	at android.os.Handler.handleCallback(Handler.java:751)
11-26 12:26:46.562  2237  2237 E Feed    : 	at android.os.Handler.dispatchMessage(Handler.java:95)
11-26 12:26:46.562  2237  2237 E Feed    : 	at android.os.Looper.loop(Looper.java:154)
11-26 12:26:46.562  2237  2237 E Feed    : 	at android.app.ActivityThread.main(ActivityThread.java:6077)
11-26 12:26:46.562  2237  2237 E Feed    : 	at java.lang.reflect.Method.invoke(Native Method)
11-26 12:26:46.562  2237  2237 E Feed    : 	at com.android.internal.os.ZygoteInit$MethodAndArgsCaller.run(ZygoteInit.java:865)
11-26 12:26:46.562  2237  2237 E Feed    : 	at com.android.internal.os.ZygoteInit.main(ZygoteInit.java:755)
11-26 12:26:46.637  2237  2237 D LifecycleMonitor: Lifecycle status change: br.com.catbag.gifreduxsample.ui.GifListActivity@21ffa56 in: PAUSED
11-26 12:26:46.652  1238  1250 I WindowManager: Failed to capture screenshot of Token{6da0d63 ActivityRecord{153cf92 u0 br.com.catbag.gifreduxsample/.ui.GifListActivity t5 f}} appWin=Window{ee42878 u0 Starting br.com.catbag.gifreduxsample} drawState=4
11-26 12:26:46.703  2237  2253 I TestRunner: finished: whenGifIsNotWatchedTest(br.com.catbag.gifreduxsample.ui.giflist.GifListActivityTest)
11-26 12:26:46.712  2237  2237 I MonitoringInstrumentation: Activities that are still in CREATED to STOPPED: 2
11-26 12:26:46.713  2237  2253 I TestRunner: started: whenEndlessScrollNotTriggered(br.com.catbag.gifreduxsample.ui.giflist.GifListActivityTest)
11-26 12:26:46.714  2237  2237 I MonitoringInstrumentation: Activities that are still in CREATED to STOPPED: 2
11-26 12:26:46.723  1238  1259 I WindowManager: Destroying surface Surface(name=Starting br.com.catbag.gifreduxsample) called by com.android.server.wm.WindowStateAnimator.destroySurface:2014 com.android.server.wm.WindowStateAnimator.destroySurfaceLocked:881 com.android.server.wm.WindowState.removeLocked:1449 com.android.server.wm.WindowManagerService.removeWindowInnerLocked:2478 com.android.server.wm.WindowManagerService.removeWindowLocked:2436 com.android.server.wm.WindowManagerService.removeWindowLocked:2305 com.android.server.wm.WindowManagerService.removeWindow:2300 com.android.server.wm.Session.remove:193 
11-26 12:26:46.730  2237  2237 D LifecycleMonitor: Lifecycle status change: br.com.catbag.gifreduxsample.ui.GifListActivity@21ffa56 in: STOPPED
11-26 12:26:46.730  2237  2237 D LifecycleMonitor: Lifecycle status change: br.com.catbag.gifreduxsample.ui.GifListActivity@21ffa56 in: DESTROYED
11-26 12:26:46.735  1238  1322 E TaskPersister: File error accessing recents directory (directory doesn't exist?).
11-26 12:26:46.790  2237  2254 I DroidFlux:Dispatcher: [STARTED] dispatch of action [FAKE_REDUCE_ACTION]
11-26 12:26:46.791  2237  2254 I DroidFlux:Dispatcher: [COMPLETED] dispatch of action [FAKE_REDUCE_ACTION]
11-26 12:26:46.971  1721  1721 I Choreographer: Skipped 75 frames!  The application may be doing too much work on its main thread.
11-26 12:26:46.974  1238  1669 I WindowManager: Destroying surface Surface(name=br.com.catbag.gifreduxsample/br.com.catbag.gifreduxsample.ui.GifListActivity) called by com.android.server.wm.WindowStateAnimator.destroySurface:2014 com.android.server.wm.WindowStateAnimator.destroySurfaceLocked:881 com.android.server.wm.WindowState.removeLocked:1449 com.android.server.wm.WindowManagerService.removeWindowInnerLocked:2478 com.android.server.wm.WindowManagerService.removeWindowLocked:2436 com.android.server.wm.WindowManagerService.removeWindowLocked:2305 com.android.server.wm.WindowManagerService.removeWindow:2300 com.android.server.wm.Session.remove:193 
11-26 12:26:46.974  2237  2274 D ActivityTestRule: Launching activity br.com.catbag.gifreduxsample.ui.GifListActivity
11-26 12:26:47.030  2237  2237 I Choreographer: Skipped 77 frames!  The application may be doing too much work on its main thread.
11-26 12:26:47.032  2237  2237 D LifecycleMonitor: Lifecycle status change: br.com.catbag.gifreduxsample.ui.GifListActivity@68a960e in: STOPPED
11-26 12:26:47.032  2237  2237 D LifecycleMonitor: Lifecycle status change: br.com.catbag.gifreduxsample.ui.GifListActivity@68a960e in: DESTROYED
11-26 12:26:47.036  1238  1668 I WindowManager: Destroying surface Surface(name=br.com.catbag.gifreduxsample/br.com.catbag.gifreduxsample.ui.GifListActivity) called by com.android.server.wm.WindowStateAnimator.destroySurface:2014 com.android.server.wm.WindowStateAnimator.destroySurfaceLocked:881 com.android.server.wm.WindowState.removeLocked:1449 com.android.server.wm.WindowManagerService.removeWindowInnerLocked:2478 com.android.server.wm.WindowManagerService.removeWindowLocked:2436 com.android.server.wm.WindowManagerService.removeWindowLocked:2305 com.android.server.wm.WindowManagerService.removeWindow:2300 com.android.server.wm.Session.remove:193 
11-26 12:26:47.138  2237  2275 D MonitoringInstrumentation: execStartActivity(context, ibinder, ibinder, activity, intent, int, bundle
11-26 12:26:47.145  1238  1463 I ActivityManager: START u0 {flg=0x10000000 cmp=br.com.catbag.gifreduxsample/.ui.GifListActivity} from uid 10060 on display 0
11-26 12:26:47.223  2237  2237 D LifecycleMonitor: Lifecycle status change: br.com.catbag.gifreduxsample.ui.GifListActivity@a83a78d in: PRE_ON_CREATE
11-26 12:26:47.236  2237  2237 D LifecycleMonitor: Lifecycle status change: br.com.catbag.gifreduxsample.ui.GifListActivity@a83a78d in: CREATED
11-26 12:26:47.237  2237  2254 I DroidFlux:Dispatcher: [STARTED] dispatch of action [APP_STATE_LOAD]
11-26 12:26:47.237  2237  2254 D DroidFlux:Dispatcher: An action of type [APP_STATE_LOAD] was dispatched, but no reducer handled it
11-26 12:26:47.246  2237  2237 D LifecycleMonitor: Lifecycle status change: br.com.catbag.gifreduxsample.ui.GifListActivity@a83a78d in: STARTED
11-26 12:26:47.249  2237  2237 D LifecycleMonitor: Lifecycle status change: br.com.catbag.gifreduxsample.ui.GifListActivity@a83a78d in: RESUMED
11-26 12:26:47.252  2237  2254 I DroidFlux:Dispatcher: [COMPLETED] dispatch of action [APP_STATE_LOAD]
11-26 12:26:47.358  1238  1259 I Choreographer: Skipped 61 frames!  The application may be doing too much work on its main thread.
11-26 12:26:47.481  1238  1463 W InputMethodManagerService: Starting input on non-focused client com.android.internal.view.IInputMethodClient$Stub$Proxy@a5fb23c (uid=10012 pid=1721)
11-26 12:26:47.485  2237  2237 W ResourceType: No package identifier when getting name for resource number 0x00000006
11-26 12:26:47.485  2237  2237 I ViewInteraction: Performing 'scroll RecyclerView to position: 9' action on view with id: 6 (resource name not found)
11-26 12:26:47.523  1238  1259 I ActivityManager: Displayed br.com.catbag.gifreduxsample/.ui.GifListActivity: +336ms
11-26 12:26:47.756  1238  1259 I WindowManager: Destroying surface Surface(name=Starting br.com.catbag.gifreduxsample) called by com.android.server.wm.WindowStateAnimator.destroySurface:2014 com.android.server.wm.WindowStateAnimator.destroySurfaceLocked:881 com.android.server.wm.WindowState.destroyOrSaveSurface:2073 com.android.server.wm.AppWindowToken.destroySurfaces:363 com.android.server.wm.WindowStateAnimator.finishExit:565 com.android.server.wm.WindowStateAnimator.stepAnimationLocked:491 com.android.server.wm.WindowAnimator.updateWindowsLocked:303 com.android.server.wm.WindowAnimator.animateLocked:704 
11-26 12:26:47.783  2237  2237 W ResourceType: No package identifier when getting name for resource number 0x00000006
11-26 12:26:47.899  2237  2237 D LifecycleMonitor: Lifecycle status change: br.com.catbag.gifreduxsample.ui.GifListActivity@a83a78d in: PAUSED
11-26 12:26:47.921  2237  2253 I TestRunner: finished: whenEndlessScrollNotTriggered(br.com.catbag.gifreduxsample.ui.giflist.GifListActivityTest)
11-26 12:26:48.000   979   979 D gralloc : Registering a buffer in the process that created it. This may cause memory ordering problems.
11-26 12:26:48.000   979   979 E libEGL  : called unimplemented OpenGL ES API
11-26 12:26:48.000   979   979 E SurfaceFlinger: glCheckFramebufferStatusOES error 826700772
11-26 12:26:48.001   979   979 E SurfaceFlinger: got GL_FRAMEBUFFER_COMPLETE_OES error while taking screenshot
11-26 12:26:48.009  1238  1341 W WindowManager: Screenshot failure taking screenshot for (480x800) to layer 22005
11-26 12:26:48.054  2237  2237 I MonitoringInstrumentation: Activities that are still in CREATED to STOPPED: 1
11-26 12:26:48.055  2237  2253 I TestRunner: started: whenGifListIsNotEmpty(br.com.catbag.gifreduxsample.ui.giflist.GifListActivityTest)
11-26 12:26:48.063  1238  1252 W art     : Long monitor contention with owner Binder:1238_3 (1341) at void com.android.server.am.ActivityManagerService.activityPaused(android.os.IBinder)(ActivityManagerService.java:6849) waiters=0 in void com.android.server.am.ActivityStackSupervisor$ActivityStackSupervisorHandler.activityIdleInternal(com.android.server.am.ActivityRecord) for 144ms
11-26 12:26:48.087  2237  2237 I MonitoringInstrumentation: Activities that are still in CREATED to STOPPED: 1
11-26 12:26:48.149  2237  2254 I DroidFlux:Dispatcher: [STARTED] dispatch of action [FAKE_REDUCE_ACTION]
11-26 12:26:48.150  2237  2254 I DroidFlux:Dispatcher: [COMPLETED] dispatch of action [FAKE_REDUCE_ACTION]
11-26 12:26:48.171  2237  2276 D ActivityTestRule: Launching activity br.com.catbag.gifreduxsample.ui.GifListActivity
11-26 12:26:48.172  2237  2277 D MonitoringInstrumentation: execStartActivity(context, ibinder, ibinder, activity, intent, int, bundle
11-26 12:26:48.174  1238  1667 I ActivityManager: START u0 {flg=0x10000000 cmp=br.com.catbag.gifreduxsample/.ui.GifListActivity} from uid 10060 on display 0
11-26 12:26:48.223  2237  2237 D LifecycleMonitor: Lifecycle status change: br.com.catbag.gifreduxsample.ui.GifListActivity@1725068 in: PRE_ON_CREATE
11-26 12:26:48.265  2237  2237 D LifecycleMonitor: Lifecycle status change: br.com.catbag.gifreduxsample.ui.GifListActivity@1725068 in: CREATED
11-26 12:26:48.270  2237  2254 I DroidFlux:Dispatcher: [STARTED] dispatch of action [APP_STATE_LOAD]
11-26 12:26:48.270  2237  2254 D DroidFlux:Dispatcher: An action of type [APP_STATE_LOAD] was dispatched, but no reducer handled it
11-26 12:26:48.270  2237  2254 I DroidFlux:Dispatcher: [COMPLETED] dispatch of action [APP_STATE_LOAD]
11-26 12:26:48.271  2237  2237 D LifecycleMonitor: Lifecycle status change: br.com.catbag.gifreduxsample.ui.GifListActivity@1725068 in: STARTED
11-26 12:26:48.272  2237  2237 D LifecycleMonitor: Lifecycle status change: br.com.catbag.gifreduxsample.ui.GifListActivity@1725068 in: RESUMED
11-26 12:26:48.408  2237  2238 I art     : Do partial code cache collection, code=56KB, data=62KB
11-26 12:26:48.446  2237  2238 I art     : After code cache collection, code=54KB, data=61KB
11-26 12:26:48.446  2237  2238 I art     : Increasing code cache capacity to 256KB
11-26 12:26:48.453  2237  2254 I DroidFlux:Dispatcher: [STARTED] dispatch of action [GIF_LIST_FETCHING]
11-26 12:26:48.453  2237  2254 D DroidFlux:Dispatcher: An action of type [GIF_LIST_FETCHING] was dispatched, but no reducer handled it
11-26 12:26:48.453  2237  2254 I DroidFlux:Dispatcher: [COMPLETED] dispatch of action [GIF_LIST_FETCHING]
11-26 12:26:48.466  1238  1668 W InputMethodManagerService: Starting input on non-focused client com.android.internal.view.IInputMethodClient$Stub$Proxy@a5fb23c (uid=10012 pid=1721)
11-26 12:26:48.577  2237  2237 D LifecycleMonitor: Lifecycle status change: br.com.catbag.gifreduxsample.ui.GifListActivity@1725068 in: PAUSED
11-26 12:26:48.596  2237  2253 I TestRunner: finished: whenGifListIsNotEmpty(br.com.catbag.gifreduxsample.ui.giflist.GifListActivityTest)
11-26 12:26:48.601   979   979 D gralloc : Registering a buffer in the process that created it. This may cause memory ordering problems.
11-26 12:26:48.601   979   979 E SurfaceFlinger: glCheckFramebufferStatusOES error 826700772
11-26 12:26:48.601   979   979 E SurfaceFlinger: got GL_FRAMEBUFFER_COMPLETE_OES error while taking screenshot
11-26 12:26:48.603  1238  1341 W WindowManager: Screenshot failure taking screenshot for (480x800) to layer 22020
11-26 12:26:48.610  1238  1463 D WindowManager: relayoutVisibleWindow: Window{3958a48 u0 com.android.launcher3/com.android.launcher3.Launcher EXITING} mAnimatingExit=true, mRemoveOnExit=false, mDestroying=false
11-26 12:26:48.619  2237  2237 I MonitoringInstrumentation: Activities that are still in CREATED to STOPPED: 2
11-26 12:26:48.620  2237  2253 I TestRunner: started: whenGifIsDownloadingTest(br.com.catbag.gifreduxsample.ui.giflist.GifListActivityTest)
11-26 12:26:48.780  2237  2237 I MonitoringInstrumentation: Activities that are still in CREATED to STOPPED: 2
11-26 12:26:48.796  2237  2254 I DroidFlux:Dispatcher: [STARTED] dispatch of action [FAKE_REDUCE_ACTION]
11-26 12:26:48.796  2237  2254 I DroidFlux:Dispatcher: [COMPLETED] dispatch of action [FAKE_REDUCE_ACTION]
11-26 12:26:48.936  2237  2237 D LifecycleMonitor: Lifecycle status change: br.com.catbag.gifreduxsample.ui.GifListActivity@1725068 in: STOPPED
11-26 12:26:48.936  2237  2237 D LifecycleMonitor: Lifecycle status change: br.com.catbag.gifreduxsample.ui.GifListActivity@1725068 in: DESTROYED
11-26 12:26:48.958  2237  2278 D ActivityTestRule: Launching activity br.com.catbag.gifreduxsample.ui.GifListActivity
11-26 12:26:48.997  2237  2279 D MonitoringInstrumentation: execStartActivity(context, ibinder, ibinder, activity, intent, int, bundle
11-26 12:26:49.014  1238  1463 I ActivityManager: START u0 {flg=0x10000000 cmp=br.com.catbag.gifreduxsample/.ui.GifListActivity} from uid 10060 on display 0
11-26 12:26:49.074  2237  2237 D LifecycleMonitor: Lifecycle status change: br.com.catbag.gifreduxsample.ui.GifListActivity@a83a78d in: STOPPED
11-26 12:26:49.074  2237  2237 D LifecycleMonitor: Lifecycle status change: br.com.catbag.gifreduxsample.ui.GifListActivity@a83a78d in: DESTROYED
11-26 12:26:49.084  1238  1250 I WindowManager: Destroying surface Surface(name=br.com.catbag.gifreduxsample/br.com.catbag.gifreduxsample.ui.GifListActivity) called by com.android.server.wm.WindowStateAnimator.destroySurface:2014 com.android.server.wm.WindowStateAnimator.destroySurfaceLocked:881 com.android.server.wm.WindowState.removeLocked:1449 com.android.server.wm.WindowManagerService.removeWindowInnerLocked:2478 com.android.server.wm.WindowManagerService.removeWindowLocked:2436 com.android.server.wm.WindowManagerService.removeWindowLocked:2305 com.android.server.wm.WindowManagerService.removeWindow:2300 com.android.server.wm.Session.remove:193 
11-26 12:26:49.085  2237  2237 I Choreographer: Skipped 36 frames!  The application may be doing too much work on its main thread.
11-26 12:26:49.145  2237  2237 D LifecycleMonitor: Lifecycle status change: br.com.catbag.gifreduxsample.ui.GifListActivity@c40845e in: PRE_ON_CREATE
11-26 12:26:49.183  2237  2237 D LifecycleMonitor: Lifecycle status change: br.com.catbag.gifreduxsample.ui.GifListActivity@c40845e in: CREATED
11-26 12:26:49.183  2237  2254 I DroidFlux:Dispatcher: [STARTED] dispatch of action [APP_STATE_LOAD]
11-26 12:26:49.184  2237  2254 D DroidFlux:Dispatcher: An action of type [APP_STATE_LOAD] was dispatched, but no reducer handled it
11-26 12:26:49.184  2237  2254 I DroidFlux:Dispatcher: [COMPLETED] dispatch of action [APP_STATE_LOAD]
11-26 12:26:49.184  2237  2237 D LifecycleMonitor: Lifecycle status change: br.com.catbag.gifreduxsample.ui.GifListActivity@c40845e in: STARTED
11-26 12:26:49.186  2237  2237 D LifecycleMonitor: Lifecycle status change: br.com.catbag.gifreduxsample.ui.GifListActivity@c40845e in: RESUMED
11-26 12:26:49.200  1238  1259 I Choreographer: Skipped 31 frames!  The application may be doing too much work on its main thread.
11-26 12:26:49.201  1238  1259 I WindowManager: Destroying surface Surface(name=br.com.catbag.gifreduxsample/br.com.catbag.gifreduxsample.ui.GifListActivity) called by com.android.server.wm.WindowStateAnimator.destroySurface:2014 com.android.server.wm.WindowStateAnimator.destroySurfaceLocked:881 com.android.server.wm.WindowState.removeLocked:1449 com.android.server.wm.WindowManagerService.removeWindowInnerLocked:2478 com.android.server.wm.AppWindowToken.destroySurfaces:365 com.android.server.wm.WindowStateAnimator.finishExit:565 com.android.server.wm.AppWindowAnimator.stepAnimationLocked:427 com.android.server.wm.WindowAnimator.updateAppWindowsLocked:176 
11-26 12:26:49.204  1238  1259 I WindowManager: Destroying surface Surface(name=Starting br.com.catbag.gifreduxsample) called by com.android.server.wm.WindowStateAnimator.destroySurface:2014 com.android.server.wm.WindowStateAnimator.destroySurfaceLocked:881 com.android.server.wm.WindowState.destroyOrSaveSurface:2073 com.android.server.wm.AppWindowToken.destroySurfaces:363 com.android.server.wm.WindowStateAnimator.finishExit:565 com.android.server.wm.AppWindowAnimator.stepAnimationLocked:427 com.android.server.wm.WindowAnimator.updateAppWindowsLocked:176 com.android.server.wm.WindowAnimator.animateLocked:678 
11-26 12:26:49.396  1238  1259 I ActivityManager: Displayed br.com.catbag.gifreduxsample/.ui.GifListActivity: +288ms (total +1s202ms)
11-26 12:26:49.449  2237  2237 D LifecycleMonitor: Lifecycle status change: br.com.catbag.gifreduxsample.ui.GifListActivity@c40845e in: PAUSED
11-26 12:26:49.463  2237  2253 I TestRunner: finished: whenGifIsDownloadingTest(br.com.catbag.gifreduxsample.ui.giflist.GifListActivityTest)
11-26 12:26:49.501   979   979 D gralloc : Registering a buffer in the process that created it. This may cause memory ordering problems.
11-26 12:26:49.501   979   979 E libEGL  : called unimplemented OpenGL ES API
11-26 12:26:49.502   979   979 E SurfaceFlinger: glCheckFramebufferStatusOES error 826700772
11-26 12:26:49.502   979   979 E SurfaceFlinger: got GL_FRAMEBUFFER_COMPLETE_OES error while taking screenshot
11-26 12:26:49.509  1238  1463 W WindowManager: Screenshot failure taking screenshot for (480x800) to layer 22010
11-26 12:26:49.520  2237  2237 I MonitoringInstrumentation: Activities that are still in CREATED to STOPPED: 1
11-26 12:26:49.522  2237  2253 I TestRunner: started: whenListKeepOrderedAfterPlayTest(br.com.catbag.gifreduxsample.ui.giflist.GifListActivityTest)
11-26 12:26:49.529  1238  1250 D WindowManager: relayoutVisibleWindow: Window{3958a48 u0 com.android.launcher3/com.android.launcher3.Launcher EXITING} mAnimatingExit=true, mRemoveOnExit=false, mDestroying=false
11-26 12:26:49.555  2237  2237 I MonitoringInstrumentation: Activities that are still in CREATED to STOPPED: 1
11-26 12:26:49.574  2237  2254 I DroidFlux:Dispatcher: [STARTED] dispatch of action [FAKE_REDUCE_ACTION]
11-26 12:26:49.575  2237  2254 I DroidFlux:Dispatcher: [COMPLETED] dispatch of action [FAKE_REDUCE_ACTION]
11-26 12:26:49.621  2237  2280 D ActivityTestRule: Launching activity br.com.catbag.gifreduxsample.ui.GifListActivity
11-26 12:26:49.645  2237  2281 D MonitoringInstrumentation: execStartActivity(context, ibinder, ibinder, activity, intent, int, bundle
11-26 12:26:49.649  1238  1341 I ActivityManager: START u0 {flg=0x10000000 cmp=br.com.catbag.gifreduxsample/.ui.GifListActivity} from uid 10060 on display 0
11-26 12:26:49.716  2237  2237 D LifecycleMonitor: Lifecycle status change: br.com.catbag.gifreduxsample.ui.GifListActivity@101335 in: PRE_ON_CREATE
11-26 12:26:49.757  1238  1259 I Choreographer: Skipped 35 frames!  The application may be doing too much work on its main thread.
11-26 12:26:49.770  2237  2237 D LifecycleMonitor: Lifecycle status change: br.com.catbag.gifreduxsample.ui.GifListActivity@101335 in: CREATED
11-26 12:26:49.775  2237  2254 I DroidFlux:Dispatcher: [STARTED] dispatch of action [APP_STATE_LOAD]
11-26 12:26:49.775  2237  2254 D DroidFlux:Dispatcher: An action of type [APP_STATE_LOAD] was dispatched, but no reducer handled it
11-26 12:26:49.775  2237  2254 I DroidFlux:Dispatcher: [COMPLETED] dispatch of action [APP_STATE_LOAD]
11-26 12:26:49.795  1238  1259 I WindowManager: Destroying surface Surface(name=Starting br.com.catbag.gifreduxsample) called by com.android.server.wm.WindowStateAnimator.destroySurface:2014 com.android.server.wm.WindowStateAnimator.destroySurfaceLocked:881 com.android.server.wm.WindowState.removeLocked:1449 com.android.server.wm.WindowManagerService.removeWindowInnerLocked:2478 com.android.server.wm.AppWindowToken.destroySurfaces:365 com.android.server.wm.WindowStateAnimator.finishExit:565 com.android.server.wm.WindowStateAnimator.stepAnimationLocked:491 com.android.server.wm.WindowAnimator.updateWindowsLocked:303 
11-26 12:26:49.800  2237  2237 D LifecycleMonitor: Lifecycle status change: br.com.catbag.gifreduxsample.ui.GifListActivity@101335 in: STARTED
11-26 12:26:49.817  2237  2237 D LifecycleMonitor: Lifecycle status change: br.com.catbag.gifreduxsample.ui.GifListActivity@101335 in: RESUMED
11-26 12:26:50.045  2237  2237 W ResourceType: No package identifier when getting name for resource number 0x0000000e
11-26 12:26:50.045  2237  2237 I ViewInteraction: Performing 'single click' action on view with id: 14 (resource name not found)
11-26 12:26:50.105  2237  2248 I art     : Background sticky concurrent mark sweep GC freed 15823(1128KB) AllocSpace objects, 4(80KB) LOS objects, 11% free, 8MB/9MB, paused 15.198ms total 295.980ms
11-26 12:26:50.125  1238  1259 I ActivityManager: Displayed br.com.catbag.gifreduxsample/.ui.GifListActivity: +429ms
11-26 12:26:50.153  2237  2254 I DroidFlux:Dispatcher: [STARTED] dispatch of action [GIF_PLAY]
11-26 12:26:50.154  2237  2254 I DroidFlux:Dispatcher: [COMPLETED] dispatch of action [GIF_PLAY]
11-26 12:26:50.170   992  1028 D AudioFlinger: mixer(0xb2c837c0) throttle end: throttle time(11)
11-26 12:26:50.188   992  1028 D AudioFlinger: mixer(0xb2c837c0) throttle end: throttle time(11)
11-26 12:26:50.417  1238  1259 I WindowManager: Destroying surface Surface(name=Starting br.com.catbag.gifreduxsample) called by com.android.server.wm.WindowStateAnimator.destroySurface:2014 com.android.server.wm.WindowStateAnimator.destroySurfaceLocked:881 com.android.server.wm.WindowState.destroyOrSaveSurface:2073 com.android.server.wm.AppWindowToken.destroySurfaces:363 com.android.server.wm.WindowStateAnimator.finishExit:565 com.android.server.wm.WindowStateAnimator.stepAnimationLocked:491 com.android.server.wm.WindowAnimator.updateWindowsLocked:303 com.android.server.wm.WindowAnimator.animateLocked:704 
11-26 12:26:50.764  2237  2237 D LifecycleMonitor: Lifecycle status change: br.com.catbag.gifreduxsample.ui.GifListActivity@c40845e in: STOPPED
11-26 12:26:50.764  2237  2237 D LifecycleMonitor: Lifecycle status change: br.com.catbag.gifreduxsample.ui.GifListActivity@c40845e in: DESTROYED
11-26 12:26:50.774  1238  1667 I WindowManager: Destroying surface Surface(name=br.com.catbag.gifreduxsample/br.com.catbag.gifreduxsample.ui.GifListActivity) called by com.android.server.wm.WindowStateAnimator.destroySurface:2014 com.android.server.wm.WindowStateAnimator.destroySurfaceLocked:881 com.android.server.wm.WindowState.removeLocked:1449 com.android.server.wm.WindowManagerService.removeWindowInnerLocked:2478 com.android.server.wm.WindowManagerService.removeWindowLocked:2436 com.android.server.wm.WindowManagerService.removeWindowLocked:2305 com.android.server.wm.WindowManagerService.removeWindow:2300 com.android.server.wm.Session.remove:193 
11-26 12:26:50.799  1238  1250 I WindowManager: Destroying surface Surface(name=com.android.launcher3/com.android.launcher3.Launcher) called by com.android.server.wm.WindowStateAnimator.destroySurface:2014 com.android.server.wm.WindowStateAnimator.destroySurfaceLocked:881 com.android.server.wm.WindowState.destroyOrSaveSurface:2073 com.android.server.wm.AppWindowToken.destroySurfaces:363 com.android.server.wm.AppWindowToken.notifyAppStopped:389 com.android.server.wm.WindowManagerService.notifyAppStopped:4456 com.android.server.am.ActivityStack.activityStoppedLocked:1252 com.android.server.am.ActivityManagerService.activityStopped:6873 
11-26 12:26:50.827  2237  2237 W ResourceType: No package identifier when getting name for resource number 0x00000012
11-26 12:26:50.827  2237  2237 I ViewInteraction: Performing 'scroll RecyclerView to position: 2' action on view with id: 18 (resource name not found)
11-26 12:26:51.112  2237  2237 W ResourceType: No package identifier when getting name for resource number 0x00000012
11-26 12:26:51.117  2237  2237 W ResourceType: No package identifier when getting name for resource number 0x0000001a
11-26 12:26:51.117  2237  2237 I ViewInteraction: Performing 'single click' action on view with id: 26 (resource name not found)
11-26 12:26:51.167  2237  2254 I DroidFlux:Dispatcher: [STARTED] dispatch of action [GIF_PLAY]
11-26 12:26:51.180  2237  2254 I DroidFlux:Dispatcher: [COMPLETED] dispatch of action [GIF_PLAY]
11-26 12:26:51.717  2237  2237 W ResourceType: No package identifier when getting name for resource number 0x0000001e
11-26 12:26:51.717  2237  2237 I ViewInteraction: Performing 'scroll RecyclerView to position: 3' action on view with id: 30 (resource name not found)
11-26 12:26:52.016  2237  2237 W ResourceType: No package identifier when getting name for resource number 0x0000001e
11-26 12:26:52.035  2237  2237 W ResourceType: No package identifier when getting name for resource number 0x00000026
11-26 12:26:52.035  2237  2237 I ViewInteraction: Performing 'single click' action on view with id: 38 (resource name not found)
11-26 12:26:52.099  2237  2254 I DroidFlux:Dispatcher: [STARTED] dispatch of action [GIF_PLAY]
11-26 12:26:52.100  2237  2254 I DroidFlux:Dispatcher: [COMPLETED] dispatch of action [GIF_PLAY]
11-26 12:26:52.682  2237  2237 W ResourceType: No package identifier when getting name for resource number 0x0000002a
11-26 12:26:52.682  2237  2237 I ViewInteraction: Performing 'scroll RecyclerView to position: 4' action on view with id: 42 (resource name not found)
11-26 12:26:52.990  2237  2237 W ResourceType: No package identifier when getting name for resource number 0x0000002a
11-26 12:26:53.010  2237  2237 W ResourceType: No package identifier when getting name for resource number 0x00000032
11-26 12:26:53.010  2237  2237 I ViewInteraction: Performing 'single click' action on view with id: 50 (resource name not found)
11-26 12:26:53.084  2237  2254 I DroidFlux:Dispatcher: [STARTED] dispatch of action [GIF_PLAY]
11-26 12:26:53.101  2237  2254 I DroidFlux:Dispatcher: [COMPLETED] dispatch of action [GIF_PLAY]
11-26 12:26:53.155  1238  1322 E TaskPersister: File error accessing recents directory (directory doesn't exist?).
11-26 12:26:53.575  2237  2237 W ResourceType: No package identifier when getting name for resource number 0x00000036
11-26 12:26:53.576  2237  2237 I ViewInteraction: Performing 'scroll RecyclerView to position: 5' action on view with id: 54 (resource name not found)
11-26 12:26:53.867  2237  2237 W ResourceType: No package identifier when getting name for resource number 0x00000036
11-26 12:26:53.880  2237  2237 W ResourceType: No package identifier when getting name for resource number 0x0000003e
11-26 12:26:53.880  2237  2237 I ViewInteraction: Performing 'single click' action on view with id: 62 (resource name not found)
11-26 12:26:53.945  2237  2254 I DroidFlux:Dispatcher: [STARTED] dispatch of action [GIF_PLAY]
11-26 12:26:53.946  2237  2254 I DroidFlux:Dispatcher: [COMPLETED] dispatch of action [GIF_PLAY]
11-26 12:26:54.546  2237  2237 W ResourceType: No package identifier when getting name for resource number 0x00000042
11-26 12:26:54.546  2237  2237 I ViewInteraction: Performing 'scroll RecyclerView to position: 6' action on view with id: 66 (resource name not found)
11-26 12:26:54.836  2237  2237 W ResourceType: No package identifier when getting name for resource number 0x00000042
11-26 12:26:54.853  2237  2237 W ResourceType: No package identifier when getting name for resource number 0x0000004a
11-26 12:26:54.854  2237  2237 I ViewInteraction: Performing 'single click' action on view with id: 74 (resource name not found)
11-26 12:26:54.914  2237  2254 I DroidFlux:Dispatcher: [STARTED] dispatch of action [GIF_PLAY]
11-26 12:26:54.915  2237  2254 I DroidFlux:Dispatcher: [COMPLETED] dispatch of action [GIF_PLAY]
11-26 12:26:55.513  2237  2237 W ResourceType: No package identifier when getting name for resource number 0x0000004e
11-26 12:26:55.514  2237  2237 I ViewInteraction: Performing 'scroll RecyclerView to position: 7' action on view with id: 78 (resource name not found)
11-26 12:26:55.826  2237  2237 W ResourceType: No package identifier when getting name for resource number 0x0000004e
11-26 12:26:55.846  2237  2237 W ResourceType: No package identifier when getting name for resource number 0x00000056
11-26 12:26:55.846  2237  2237 I ViewInteraction: Performing 'single click' action on view with id: 86 (resource name not found)
11-26 12:26:55.924  2237  2254 I DroidFlux:Dispatcher: [STARTED] dispatch of action [GIF_PLAY]
11-26 12:26:55.925  2237  2254 I DroidFlux:Dispatcher: [COMPLETED] dispatch of action [GIF_PLAY]
11-26 12:26:56.575  2237  2237 W ResourceType: No package identifier when getting name for resource number 0x0000005a
11-26 12:26:56.575  2237  2237 I ViewInteraction: Performing 'scroll RecyclerView to position: 8' action on view with id: 90 (resource name not found)
11-26 12:26:56.657  2237  2248 I art     : Background sticky concurrent mark sweep GC freed 24413(1964KB) AllocSpace objects, 15(320KB) LOS objects, 18% free, 10MB/12MB, paused 5.621ms total 69.140ms
11-26 12:26:56.860  2237  2237 W ResourceType: No package identifier when getting name for resource number 0x0000005a
11-26 12:26:56.872  2237  2237 W ResourceType: No package identifier when getting name for resource number 0x00000062
11-26 12:26:56.872  2237  2237 I ViewInteraction: Performing 'single click' action on view with id: 98 (resource name not found)
11-26 12:26:56.942  2237  2254 I DroidFlux:Dispatcher: [STARTED] dispatch of action [GIF_PLAY]
11-26 12:26:56.944  2237  2254 I DroidFlux:Dispatcher: [COMPLETED] dispatch of action [GIF_PLAY]
11-26 12:26:57.531  2237  2237 W ResourceType: No package identifier when getting name for resource number 0x00000066
11-26 12:26:57.531  2237  2237 I ViewInteraction: Performing 'scroll RecyclerView to position: 9' action on view with id: 102 (resource name not found)
11-26 12:26:57.844  2237  2237 W ResourceType: No package identifier when getting name for resource number 0x00000066
11-26 12:26:57.855  2237  2237 W ResourceType: No package identifier when getting name for resource number 0x0000006e
11-26 12:26:57.855  2237  2237 I ViewInteraction: Performing 'single click' action on view with id: 110 (resource name not found)
11-26 12:26:57.947  2237  2254 I DroidFlux:Dispatcher: [STARTED] dispatch of action [GIF_PLAY]
11-26 12:26:57.949  2237  2254 I DroidFlux:Dispatcher: [COMPLETED] dispatch of action [GIF_PLAY]
11-26 12:26:58.456  2237  2237 W ResourceType: No package identifier when getting name for resource number 0x00000072
11-26 12:26:58.456  2237  2237 I ViewInteraction: Performing 'scroll RecyclerView to position: 10' action on view with id: 114 (resource name not found)
11-26 12:26:58.513  2237  2238 I art     : Do full code cache collection, code=123KB, data=123KB
11-26 12:26:58.514  2237  2238 I art     : After code cache collection, code=100KB, data=82KB
11-26 12:26:58.762  2237  2237 W ResourceType: No package identifier when getting name for resource number 0x00000072
11-26 12:26:58.767  2237  2237 W ResourceType: No package identifier when getting name for resource number 0x0000007a
11-26 12:26:58.770  2237  2237 I ViewInteraction: Performing 'single click' action on view with id: 122 (resource name not found)
11-26 12:26:58.824  2237  2254 I DroidFlux:Dispatcher: [STARTED] dispatch of action [GIF_PLAY]
11-26 12:26:58.826  2237  2254 I DroidFlux:Dispatcher: [COMPLETED] dispatch of action [GIF_PLAY]
11-26 12:26:59.425  2237  2237 W ResourceType: No package identifier when getting name for resource number 0x0000007e
11-26 12:26:59.425  2237  2237 I ViewInteraction: Performing 'scroll RecyclerView to position: 11' action on view with id: 126 (resource name not found)
11-26 12:26:59.735  2237  2237 W ResourceType: No package identifier when getting name for resource number 0x0000007e
11-26 12:26:59.747  2237  2237 W ResourceType: No package identifier when getting name for resource number 0x00000086
11-26 12:26:59.747  2237  2237 I ViewInteraction: Performing 'single click' action on view with id: 134 (resource name not found)
11-26 12:26:59.816  2237  2248 I art     : Background sticky concurrent mark sweep GC freed 16708(1448KB) AllocSpace objects, 10(208KB) LOS objects, 11% free, 11MB/12MB, paused 5.427ms total 97.891ms
11-26 12:26:59.825  2237  2254 I DroidFlux:Dispatcher: [STARTED] dispatch of action [GIF_PLAY]
11-26 12:26:59.826  2237  2254 I DroidFlux:Dispatcher: [COMPLETED] dispatch of action [GIF_PLAY]
11-26 12:27:00.443  2237  2237 W ResourceType: No package identifier when getting name for resource number 0x0000008a
11-26 12:27:00.443  2237  2237 I ViewInteraction: Performing 'scroll RecyclerView to position: 12' action on view with id: 138 (resource name not found)
11-26 12:27:00.764  2237  2237 W ResourceType: No package identifier when getting name for resource number 0x0000008a
11-26 12:27:00.806  2237  2237 W ResourceType: No package identifier when getting name for resource number 0x00000092
11-26 12:27:00.817  2237  2237 I ViewInteraction: Performing 'single click' action on view with id: 146 (resource name not found)
11-26 12:27:00.902  2237  2254 I DroidFlux:Dispatcher: [STARTED] dispatch of action [GIF_PLAY]
11-26 12:27:00.904  2237  2254 I DroidFlux:Dispatcher: [COMPLETED] dispatch of action [GIF_PLAY]
11-26 12:27:01.463  2237  2237 W ResourceType: No package identifier when getting name for resource number 0x00000096
11-26 12:27:01.463  2237  2237 I ViewInteraction: Performing 'scroll RecyclerView to position: 13' action on view with id: 150 (resource name not found)
11-26 12:27:01.775  2237  2237 W ResourceType: No package identifier when getting name for resource number 0x00000096
11-26 12:27:01.816  2237  2237 W ResourceType: No package identifier when getting name for resource number 0x0000009e
11-26 12:27:01.817  2237  2237 I ViewInteraction: Performing 'single click' action on view with id: 158 (resource name not found)
11-26 12:27:01.855  2237  2248 I art     : Background sticky concurrent mark sweep GC freed 9029(749KB) AllocSpace objects, 4(80KB) LOS objects, 6% free, 11MB/12MB, paused 5.621ms total 70.172ms
11-26 12:27:01.880  2237  2254 I DroidFlux:Dispatcher: [STARTED] dispatch of action [GIF_PLAY]
11-26 12:27:01.882  2237  2254 I DroidFlux:Dispatcher: [COMPLETED] dispatch of action [GIF_PLAY]
11-26 12:27:02.435  2237  2237 W ResourceType: No package identifier when getting name for resource number 0x000000a2
11-26 12:27:02.436  2237  2237 I ViewInteraction: Performing 'scroll RecyclerView to position: 14' action on view with id: 162 (resource name not found)
11-26 12:27:02.755  2237  2237 W ResourceType: No package identifier when getting name for resource number 0x000000a2
11-26 12:27:02.771  2237  2237 W ResourceType: No package identifier when getting name for resource number 0x000000aa
11-26 12:27:02.771  2237  2237 I ViewInteraction: Performing 'single click' action on view with id: 170 (resource name not found)
11-26 12:27:02.826  2237  2254 I DroidFlux:Dispatcher: [STARTED] dispatch of action [GIF_PLAY]
11-26 12:27:02.827  2237  2254 I DroidFlux:Dispatcher: [COMPLETED] dispatch of action [GIF_PLAY]
11-26 12:27:02.895  2237  2248 I art     : Background sticky concurrent mark sweep GC freed 5134(407KB) AllocSpace objects, 3(64KB) LOS objects, 3% free, 11MB/12MB, paused 4.388ms total 127.298ms
11-26 12:27:03.381  2237  2237 W ResourceType: No package identifier when getting name for resource number 0x000000ae
11-26 12:27:03.381  2237  2237 I ViewInteraction: Performing 'scroll RecyclerView to position: 15' action on view with id: 174 (resource name not found)
11-26 12:27:03.701  2237  2237 W ResourceType: No package identifier when getting name for resource number 0x000000ae
11-26 12:27:03.720  2237  2237 W ResourceType: No package identifier when getting name for resource number 0x000000b6
11-26 12:27:03.720  2237  2237 I ViewInteraction: Performing 'single click' action on view with id: 182 (resource name not found)
11-26 12:27:03.772  2237  2254 I DroidFlux:Dispatcher: [STARTED] dispatch of action [GIF_PLAY]
11-26 12:27:03.774  2237  2254 I DroidFlux:Dispatcher: [COMPLETED] dispatch of action [GIF_PLAY]
11-26 12:27:03.795  2237  2248 I art     : Background partial concurrent mark sweep GC freed 9674(648KB) AllocSpace objects, 11(1672KB) LOS objects, 27% free, 10MB/14MB, paused 5.741ms total 110.447ms
11-26 12:27:04.386  2237  2237 W ResourceType: No package identifier when getting name for resource number 0x000000ba
11-26 12:27:04.386  2237  2237 I ViewInteraction: Performing 'scroll RecyclerView to position: 16' action on view with id: 186 (resource name not found)
11-26 12:27:04.414  2237  2254 I DroidFlux:Dispatcher: [STARTED] dispatch of action [GIF_LIST_FETCHING]
11-26 12:27:04.415  2237  2254 D DroidFlux:Dispatcher: An action of type [GIF_LIST_FETCHING] was dispatched, but no reducer handled it
11-26 12:27:04.415  2237  2254 I DroidFlux:Dispatcher: [COMPLETED] dispatch of action [GIF_LIST_FETCHING]
11-26 12:27:04.426  2237  2254 I DroidFlux:Dispatcher: [STARTED] dispatch of action [GIF_LIST_FETCHING]
11-26 12:27:04.426  2237  2254 D DroidFlux:Dispatcher: An action of type [GIF_LIST_FETCHING] was dispatched, but no reducer handled it
11-26 12:27:04.426  2237  2254 I DroidFlux:Dispatcher: [COMPLETED] dispatch of action [GIF_LIST_FETCHING]
11-26 12:27:04.427  2237  2254 I DroidFlux:Dispatcher: [STARTED] dispatch of action [GIF_LIST_FETCHING]
11-26 12:27:04.439  2237  2254 D DroidFlux:Dispatcher: An action of type [GIF_LIST_FETCHING] was dispatched, but no reducer handled it
11-26 12:27:04.439  2237  2254 I DroidFlux:Dispatcher: [COMPLETED] dispatch of action [GIF_LIST_FETCHING]
11-26 12:27:04.439  2237  2254 I DroidFlux:Dispatcher: [STARTED] dispatch of action [GIF_LIST_FETCHING]
11-26 12:27:04.439  2237  2254 D DroidFlux:Dispatcher: An action of type [GIF_LIST_FETCHING] was dispatched, but no reducer handled it
11-26 12:27:04.440  2237  2254 I DroidFlux:Dispatcher: [COMPLETED] dispatch of action [GIF_LIST_FETCHING]
11-26 12:27:04.440  2237  2254 I DroidFlux:Dispatcher: [STARTED] dispatch of action [GIF_LIST_FETCHING]
11-26 12:27:04.440  2237  2254 D DroidFlux:Dispatcher: An action of type [GIF_LIST_FETCHING] was dispatched, but no reducer handled it
11-26 12:27:04.440  2237  2254 I DroidFlux:Dispatcher: [COMPLETED] dispatch of action [GIF_LIST_FETCHING]
11-26 12:27:04.441  2237  2254 I DroidFlux:Dispatcher: [STARTED] dispatch of action [GIF_LIST_FETCHING]
11-26 12:27:04.441  2237  2254 D DroidFlux:Dispatcher: An action of type [GIF_LIST_FETCHING] was dispatched, but no reducer handled it
11-26 12:27:04.441  2237  2254 I DroidFlux:Dispatcher: [COMPLETED] dispatch of action [GIF_LIST_FETCHING]
11-26 12:27:04.441  2237  2254 I DroidFlux:Dispatcher: [STARTED] dispatch of action [GIF_LIST_FETCHING]
11-26 12:27:04.442  2237  2254 D DroidFlux:Dispatcher: An action of type [GIF_LIST_FETCHING] was dispatched, but no reducer handled it
11-26 12:27:04.442  2237  2254 I DroidFlux:Dispatcher: [COMPLETED] dispatch of action [GIF_LIST_FETCHING]
11-26 12:27:04.442  2237  2254 I DroidFlux:Dispatcher: [STARTED] dispatch of action [GIF_LIST_FETCHING]
11-26 12:27:04.442  2237  2254 D DroidFlux:Dispatcher: An action of type [GIF_LIST_FETCHING] was dispatched, but no reducer handled it
11-26 12:27:04.442  2237  2254 I DroidFlux:Dispatcher: [COMPLETED] dispatch of action [GIF_LIST_FETCHING]
11-26 12:27:04.443  2237  2254 I DroidFlux:Dispatcher: [STARTED] dispatch of action [GIF_LIST_FETCHING]
11-26 12:27:04.443  2237  2254 D DroidFlux:Dispatcher: An action of type [GIF_LIST_FETCHING] was dispatched, but no reducer handled it
11-26 12:27:04.443  2237  2254 I DroidFlux:Dispatcher: [COMPLETED] dispatch of action [GIF_LIST_FETCHING]
11-26 12:27:04.443  2237  2254 I DroidFlux:Dispatcher: [STARTED] dispatch of action [GIF_LIST_FETCHING]
11-26 12:27:04.443  2237  2254 D DroidFlux:Dispatcher: An action of type [GIF_LIST_FETCHING] was dispatched, but no reducer handled it
11-26 12:27:04.444  2237  2254 I DroidFlux:Dispatcher: [COMPLETED] dispatch of action [GIF_LIST_FETCHING]
11-26 12:27:04.444  2237  2254 I DroidFlux:Dispatcher: [STARTED] dispatch of action [GIF_LIST_FETCHING]
11-26 12:27:04.444  2237  2254 D DroidFlux:Dispatcher: An action of type [GIF_LIST_FETCHING] was dispatched, but no reducer handled it
11-26 12:27:04.444  2237  2254 I DroidFlux:Dispatcher: [COMPLETED] dispatch of action [GIF_LIST_FETCHING]
11-26 12:27:04.445  2237  2254 I DroidFlux:Dispatcher: [STARTED] dispatch of action [GIF_LIST_FETCHING]
11-26 12:27:04.445  2237  2254 D DroidFlux:Dispatcher: An action of type [GIF_LIST_FETCHING] was dispatched, but no reducer handled it
11-26 12:27:04.445  2237  2254 I DroidFlux:Dispatcher: [COMPLETED] dispatch of action [GIF_LIST_FETCHING]
11-26 12:27:04.445  2237  2254 I DroidFlux:Dispatcher: [STARTED] dispatch of action [GIF_LIST_FETCHING]
11-26 12:27:04.446  2237  2254 D DroidFlux:Dispatcher: An action of type [GIF_LIST_FETCHING] was dispatched, but no reducer handled it
11-26 12:27:04.446  2237  2254 I DroidFlux:Dispatcher: [COMPLETED] dispatch of action [GIF_LIST_FETCHING]
11-26 12:27:04.446  2237  2254 I DroidFlux:Dispatcher: [STARTED] dispatch of action [GIF_LIST_FETCHING]
11-26 12:27:04.446  2237  2254 D DroidFlux:Dispatcher: An action of type [GIF_LIST_FETCHING] was dispatched, but no reducer handled it
11-26 12:27:04.447  2237  2254 I DroidFlux:Dispatcher: [COMPLETED] dispatch of action [GIF_LIST_FETCHING]
11-26 12:27:04.447  2237  2254 I DroidFlux:Dispatcher: [STARTED] dispatch of action [GIF_LIST_FETCHING]
11-26 12:27:04.447  2237  2254 D DroidFlux:Dispatcher: An action of type [GIF_LIST_FETCHING] was dispatched, but no reducer handled it
11-26 12:27:04.447  2237  2254 I DroidFlux:Dispatcher: [COMPLETED] dispatch of action [GIF_LIST_FETCHING]
11-26 12:27:04.447  2237  2254 I DroidFlux:Dispatcher: [STARTED] dispatch of action [GIF_LIST_FETCHING]
11-26 12:27:04.447  2237  2254 D DroidFlux:Dispatcher: An action of type [GIF_LIST_FETCHING] was dispatched, but no reducer handled it
11-26 12:27:04.447  2237  2254 I DroidFlux:Dispatcher: [COMPLETED] dispatch of action [GIF_LIST_FETCHING]
11-26 12:27:04.447  2237  2254 I DroidFlux:Dispatcher: [STARTED] dispatch of action [GIF_LIST_FETCHING]
11-26 12:27:04.481  2237  2254 D DroidFlux:Dispatcher: An action of type [GIF_LIST_FETCHING] was dispatched, but no reducer handled it
11-26 12:27:04.482  2237  2254 I DroidFlux:Dispatcher: [COMPLETED] dispatch of action [GIF_LIST_FETCHING]
11-26 12:27:04.482  2237  2254 I DroidFlux:Dispatcher: [STARTED] dispatch of action [GIF_LIST_FETCHING]
11-26 12:27:04.482  2237  2254 D DroidFlux:Dispatcher: An action of type [GIF_LIST_FETCHING] was dispatched, but no reducer handled it
11-26 12:27:04.484  2237  2254 I DroidFlux:Dispatcher: [COMPLETED] dispatch of action [GIF_LIST_FETCHING]
11-26 12:27:04.484  2237  2254 I DroidFlux:Dispatcher: [STARTED] dispatch of action [GIF_LIST_FETCHING]
11-26 12:27:04.484  2237  2254 D DroidFlux:Dispatcher: An action of type [GIF_LIST_FETCHING] was dispatched, but no reducer handled it
11-26 12:27:04.484  2237  2254 I DroidFlux:Dispatcher: [COMPLETED] dispatch of action [GIF_LIST_FETCHING]
11-26 12:27:04.485  2237  2254 I DroidFlux:Dispatcher: [STARTED] dispatch of action [GIF_LIST_FETCHING]
11-26 12:27:04.485  2237  2254 D DroidFlux:Dispatcher: An action of type [GIF_LIST_FETCHING] was dispatched, but no reducer handled it
11-26 12:27:04.485  2237  2254 I DroidFlux:Dispatcher: [COMPLETED] dispatch of action [GIF_LIST_FETCHING]
11-26 12:27:04.485  2237  2254 I DroidFlux:Dispatcher: [STARTED] dispatch of action [GIF_LIST_FETCHING]
