--------- beginning of main
11-24 17:56:46.333  2124  2124 D AndroidRuntime: >>>>>> START com.android.internal.os.RuntimeInit uid 2000 <<<<<<
11-24 17:56:46.389  2124  2124 D AndroidRuntime: CheckJNI is ON
11-24 17:56:46.658  2124  2124 W art     : Unexpected CPU variant for X86 using defaults: x86
11-24 17:56:46.787  2124  2124 D ICU     : No timezone override file found: /data/misc/zoneinfo/current/icu/icu_tzdata.dat
11-24 17:56:47.048  2124  2124 E memtrack: Couldn't load memtrack module (No such file or directory)
11-24 17:56:47.048  2124  2124 E android.os.Debug: failed to load memtrack module: -2
11-24 17:56:47.085  2124  2124 I Radio-JNI: register_android_hardware_Radio DONE
11-24 17:56:47.209  2124  2124 D AndroidRuntime: Calling main entry com.android.commands.am.Am
11-24 17:56:47.245  2124  2124 D AndroidRuntime: Shutting down VM
11-24 17:56:47.645  2134  2134 D AndroidRuntime: >>>>>> START com.android.internal.os.RuntimeInit uid 2000 <<<<<<
11-24 17:56:47.652  2134  2134 D AndroidRuntime: CheckJNI is ON
11-24 17:56:47.705  2134  2134 W art     : Unexpected CPU variant for X86 using defaults: x86
11-24 17:56:47.710  2134  2134 D ICU     : No timezone override file found: /data/misc/zoneinfo/current/icu/icu_tzdata.dat
11-24 17:56:47.749  2134  2134 E memtrack: Couldn't load memtrack module (No such file or directory)
11-24 17:56:47.749  2134  2134 E android.os.Debug: failed to load memtrack module: -2
11-24 17:56:47.750  2134  2134 I Radio-JNI: register_android_hardware_Radio DONE
11-24 17:56:47.770  2134  2134 D AndroidRuntime: Calling main entry com.android.commands.pm.Pm
11-24 17:56:47.863  2134  2134 I art     : System.exit called, status: 0
11-24 17:56:47.878  2134  2134 I AndroidRuntime: VM exiting with result code 0.
11-24 17:56:48.631  2145  2145 D AndroidRuntime: >>>>>> START com.android.internal.os.RuntimeInit uid 2000 <<<<<<
11-24 17:56:48.634  2145  2145 D AndroidRuntime: CheckJNI is ON
11-24 17:56:48.694  2145  2145 W art     : Unexpected CPU variant for X86 using defaults: x86
11-24 17:56:48.701  2145  2145 D ICU     : No timezone override file found: /data/misc/zoneinfo/current/icu/icu_tzdata.dat
11-24 17:56:48.741  2145  2145 E memtrack: Couldn't load memtrack module (No such file or directory)
11-24 17:56:48.741  2145  2145 E android.os.Debug: failed to load memtrack module: -2
11-24 17:56:48.744  2145  2145 I Radio-JNI: register_android_hardware_Radio DONE
11-24 17:56:48.777  2145  2145 D AndroidRuntime: Calling main entry com.android.commands.pm.Pm
11-24 17:56:48.835   991   991 I         : free_cache(7064430) avail 512581632
11-24 17:56:55.997  1239  1249 I art     : Background partial concurrent mark sweep GC freed 35589(2MB) AllocSpace objects, 19(552KB) LOS objects, 33% free, 6MB/10MB, paused 19.453ms total 1.242s
11-24 17:57:00.418  2145  2145 I art     : System.exit called, status: 0
11-24 17:57:00.418  2145  2145 I AndroidRuntime: VM exiting with result code 0.
11-24 17:57:00.749  2159  2159 D AndroidRuntime: >>>>>> START com.android.internal.os.RuntimeInit uid 2000 <<<<<<
11-24 17:57:00.752  2159  2159 D AndroidRuntime: CheckJNI is ON
11-24 17:57:00.809  2159  2159 W art     : Unexpected CPU variant for X86 using defaults: x86
11-24 17:57:00.820  2159  2159 D ICU     : No timezone override file found: /data/misc/zoneinfo/current/icu/icu_tzdata.dat
11-24 17:57:00.854  2159  2159 E memtrack: Couldn't load memtrack module (No such file or directory)
11-24 17:57:00.854  2159  2159 E android.os.Debug: failed to load memtrack module: -2
11-24 17:57:00.856  2159  2159 I Radio-JNI: register_android_hardware_Radio DONE
11-24 17:57:00.881  2159  2159 D AndroidRuntime: Calling main entry com.android.commands.pm.Pm
--------- beginning of system
11-24 17:57:01.324  1239  1265 W ActivityManager: Slow operation: 94ms so far, now at startProcess: returned from zygote!
11-24 17:57:01.325  1239  1265 W ActivityManager: Slow operation: 95ms so far, now at startProcess: done updating battery stats
11-24 17:57:01.337  1239  1265 W ActivityManager: Slow operation: 95ms so far, now at startProcess: building log message
11-24 17:57:01.337  1239  1265 I ActivityManager: Start proc 2169:com.android.defcontainer/u0a5 for service com.android.defcontainer/.DefaultContainerService
11-24 17:57:01.337  1239  1265 W ActivityManager: Slow operation: 107ms so far, now at startProcess: starting to update pids map
11-24 17:57:01.338  1239  1265 W ActivityManager: Slow operation: 107ms so far, now at startProcess: done updating pids map
11-24 17:57:01.338  1239  1265 W ActivityManager: Slow operation: 113ms so far, now at startProcess: done starting proc!
11-24 17:57:01.351  1239  1254 W art     : Long monitor contention with owner PackageManager (1265) at int com.android.server.am.ActivityManagerService.bindService(android.app.IApplicationThread, android.os.IBinder, android.content.Intent, java.lang.String, android.app.IServiceConnection, int, java.lang.String, int)(ActivityManagerService.java:17045) waiters=0 in void com.android.server.am.ActivityManagerService.dispatchUidsChanged() for 119ms
11-24 17:57:01.371  2169  2169 W art     : Unexpected CPU variant for X86 using defaults: x86
11-24 17:57:01.687  1239  1265 I PackageManager.DexOptimizer: Running dexopt (dex2oat) on: /data/app/vmdl4736622.tmp/base.apk pkg=br.com.catbag.gifreduxsample isa=x86 vmSafeMode=false debuggable=true target-filter=interpret-only oatDir = /data/app/vmdl4736622.tmp/oat sharedLibraries=null
11-24 17:57:01.738  2184  2184 W dex2oat : Unexpected CPU variant for X86 using defaults: x86
11-24 17:57:01.740  2184  2184 W dex2oat : Mismatch between dex2oat instruction set features (ISA: X86 Feature string: smp,-ssse3,-sse4.1,-sse4.2,-avx,-avx2,-lock_add,-popcnt) and those of dex2oat executable (ISA: X86 Feature string: smp,ssse3,-sse4.1,-sse4.2,-avx,-avx2,-lock_add,-popcnt) for the command line:
11-24 17:57:01.740  2184  2184 W dex2oat : /system/bin/dex2oat --zip-fd=6 --zip-location=base.apk --oat-fd=7 --oat-location=/data/app/vmdl4736622.tmp/oat/x86/base.odex --instruction-set=x86 --instruction-set-variant=x86 --instruction-set-features=default --runtime-arg -Xms64m --runtime-arg -Xmx512m --compiler-filter=interpret-only --swap-fd=9 --debuggable
11-24 17:57:01.742  2184  2184 I dex2oat : /system/bin/dex2oat --compiler-filter=interpret-only --debuggable
11-24 17:57:04.628  2184  2184 W dex2oat : Before Android 4.1, method android.graphics.PorterDuffColorFilter android.support.graphics.drawable.VectorDrawableCompat.updateTintFilter(android.graphics.PorterDuffColorFilter, android.content.res.ColorStateList, android.graphics.PorterDuff$Mode) would have incorrectly overridden the package-private method in android.graphics.drawable.Drawable
11-24 17:57:04.724  2184  2184 W dex2oat : Before Android 4.1, method int android.support.v7.widget.ListViewCompat.lookForSelectablePosition(int, boolean) would have incorrectly overridden the package-private method in android.widget.ListView
11-24 17:57:08.272  2184  2184 W dex2oat : Verification of boolean android.support.v7.app.ToolbarActionBar.isShowing() took 164.970ms
11-24 17:57:22.107  2184  2184 W dex2oat : Verification of void org.immutables.value.internal.$processor$.meta.$StyleMirror.<init>(javax.lang.model.element.AnnotationMirror) took 113.649ms
11-24 17:57:46.720  2184  2184 W dex2oat : Compilation of boolean com.fasterxml.jackson.core.type.ResolvedType.isReferenceType() took 185.333ms
11-24 17:57:51.675  2184  2184 W dex2oat : Compilation of java.io.InputStream com.google.common.io.ByteSource$SlicedByteSource.openStream() took 126.460ms
11-24 17:57:56.769  2184  2184 W dex2oat : Compilation of org.immutables.value.internal.$generator$.$Templates$Invokable org.immutables.value.internal.$processor$.encode.$Generator_Encodings.generate() took 201.073ms
11-24 17:57:59.004  2184  2184 I dex2oat : dex2oat took 57.268s (threads: 1) arena alloc=1402KB (1436528B) java alloc=7MB (8050336B) native alloc=13MB (14282712B) free=3MB (3149864B)
11-24 17:57:59.209  1239  1265 W PackageManager: Not granting permission android.permission.SET_DEBUG_APP to package br.com.catbag.gifreduxsample (protectionLevel=50 flags=0x3848be46)
11-24 17:57:59.355  1239  1265 V BackupManagerService: restoreAtInstall pkg=br.com.catbag.gifreduxsample token=1 restoreSet=0
11-24 17:57:59.357  1239  1265 W BackupManagerService: Requested unavailable transport: android/com.android.internal.backup.LocalTransport
11-24 17:57:59.369  1239  1265 W BackupManagerService: No transport
11-24 17:57:59.370  1239  1265 V BackupManagerService: Finishing install immediately
11-24 17:57:59.402  1239  1619 I ActivityManager: Killing 1458:com.android.settings:CryptKeeper/1000 (adj 906): empty #17
11-24 17:57:59.480  1239  1265 I art     : Starting a blocking GC Explicit
11-24 17:57:59.635  1239  1265 I art     : Explicit concurrent mark sweep GC freed 22938(1416KB) AllocSpace objects, 10(248KB) LOS objects, 33% free, 6MB/10MB, paused 5.735ms total 150.345ms
11-24 17:57:59.643   991   991 E         : Couldn't opendir /data/app/vmdl4736622.tmp: No such file or directory
11-24 17:57:59.779  2159  2159 I art     : System.exit called, status: 0
11-24 17:57:59.779  2159  2159 I AndroidRuntime: VM exiting with result code 0.
11-24 17:57:59.825  1239  1280 I InputReader: Reconfiguring input devices.  changes=0x00000010
11-24 17:57:59.928  1441  1441 D CarrierSvcBindHelper: No carrier app for: 0
11-24 17:57:59.935  1441  1441 D CarrierConfigLoader: mHandler: 9 phoneId: 0
11-24 17:58:00.435  1239  1252 W VoiceInteractionManagerService: no available voice recognition services found for user 0
11-24 17:58:00.436  1239  1252 W LocationProviderProxy-network: Odd, no component found for service com.android.location.service.v3.NetworkLocationProvider
11-24 17:58:00.447  1239  1252 W GeocoderProxy: Odd, no component found for service com.android.location.service.GeocodeProvider
11-24 17:58:00.448  1239  1252 W GeofenceProxy: Odd, no component found for service com.android.location.service.GeofenceProvider
11-24 17:58:00.448  1239  1252 W ActivityRecognitionProxy: Odd, no component found for service com.android.location.service.ActivityRecognitionProvider
11-24 17:58:00.912  2191  2191 D AndroidRuntime: >>>>>> START com.android.internal.os.RuntimeInit uid 2000 <<<<<<
11-24 17:58:00.916  2191  2191 D AndroidRuntime: CheckJNI is ON
11-24 17:58:00.978  2191  2191 W art     : Unexpected CPU variant for X86 using defaults: x86
11-24 17:58:00.984  2191  2191 D ICU     : No timezone override file found: /data/misc/zoneinfo/current/icu/icu_tzdata.dat
11-24 17:58:01.015  2191  2191 E memtrack: Couldn't load memtrack module (No such file or directory)
11-24 17:58:01.015  2191  2191 E android.os.Debug: failed to load memtrack module: -2
11-24 17:58:01.020  2191  2191 I Radio-JNI: register_android_hardware_Radio DONE
11-24 17:58:01.056  2191  2191 D AndroidRuntime: Calling main entry com.android.commands.pm.Pm
11-24 17:58:01.080  2191  2191 I art     : System.exit called, status: 0
11-24 17:58:01.080  2191  2191 I AndroidRuntime: VM exiting with result code 0.
11-24 17:58:01.909  2208  2208 D AndroidRuntime: >>>>>> START com.android.internal.os.RuntimeInit uid 2000 <<<<<<
11-24 17:58:01.911  2208  2208 D AndroidRuntime: CheckJNI is ON
11-24 17:58:01.956  2208  2208 W art     : Unexpected CPU variant for X86 using defaults: x86
11-24 17:58:01.962  2208  2208 D ICU     : No timezone override file found: /data/misc/zoneinfo/current/icu/icu_tzdata.dat
11-24 17:58:01.984  2208  2208 E memtrack: Couldn't load memtrack module (No such file or directory)
11-24 17:58:01.985  2208  2208 E android.os.Debug: failed to load memtrack module: -2
11-24 17:58:01.985  2208  2208 I Radio-JNI: register_android_hardware_Radio DONE
11-24 17:58:02.001  2208  2208 D AndroidRuntime: Calling main entry com.android.commands.pm.Pm
11-24 17:58:02.024   991   991 I         : free_cache(2038436) avail 492642304
11-24 17:58:02.645  2076  2084 W art     : Long monitor contention with owner IntentService[GalleryPackagesMonitorAsync] (2209) at void java.lang.ref.ReferenceQueue.add(java.lang.ref.Reference)(ReferenceQueue.java:260) waiters=1 in void java.lang.Object.wait!() for 148ms
11-24 17:58:03.593  2221  2221 W art     : Unexpected CPU variant for X86 using defaults: x86
11-24 17:58:03.612  1239  1682 I ActivityManager: Start proc 2221:com.svox.pico/u0a46 for broadcast com.svox.pico/.VoiceDataInstallerReceiver
11-24 17:58:05.181  2208  2208 I art     : System.exit called, status: 0
11-24 17:58:05.181  2208  2208 I AndroidRuntime: VM exiting with result code 0.
11-24 17:58:05.400  1239  1619 I ActivityManager: Killing 1744:com.android.sdksetup/u0a16 (adj 906): empty #17
11-24 17:58:05.530  2237  2237 D AndroidRuntime: >>>>>> START com.android.internal.os.RuntimeInit uid 2000 <<<<<<
11-24 17:58:05.532  2237  2237 D AndroidRuntime: CheckJNI is ON
11-24 17:58:05.579  2237  2237 W art     : Unexpected CPU variant for X86 using defaults: x86
11-24 17:58:05.585  2237  2237 D ICU     : No timezone override file found: /data/misc/zoneinfo/current/icu/icu_tzdata.dat
11-24 17:58:05.606  2237  2237 E memtrack: Couldn't load memtrack module (No such file or directory)
11-24 17:58:05.606  2237  2237 E android.os.Debug: failed to load memtrack module: -2
11-24 17:58:05.623  2237  2237 I Radio-JNI: register_android_hardware_Radio DONE
11-24 17:58:05.661  2237  2237 D AndroidRuntime: Calling main entry com.android.commands.pm.Pm
11-24 17:58:05.746  2169  2180 I art     : HomogeneousSpaceCompact marksweep + semispace GC freed 10922(588KB) AllocSpace objects, 0(0B) LOS objects, 39% free, 2MB/3MB, paused 1.174s total 1.174s
11-24 17:58:05.904  1239  1265 I PackageManager.DexOptimizer: Running dexopt (dex2oat) on: /data/app/vmdl264954937.tmp/base.apk pkg=br.com.catbag.gifreduxsample.test isa=x86 vmSafeMode=false debuggable=true target-filter=interpret-only oatDir = /data/app/vmdl264954937.tmp/oat sharedLibraries=/system/framework/android.test.runner.jar
11-24 17:58:05.973  2248  2248 W dex2oat : Unexpected CPU variant for X86 using defaults: x86
11-24 17:58:05.973  2248  2248 W dex2oat : Mismatch between dex2oat instruction set features (ISA: X86 Feature string: smp,-ssse3,-sse4.1,-sse4.2,-avx,-avx2,-lock_add,-popcnt) and those of dex2oat executable (ISA: X86 Feature string: smp,ssse3,-sse4.1,-sse4.2,-avx,-avx2,-lock_add,-popcnt) for the command line:
11-24 17:58:05.973  2248  2248 W dex2oat : /system/bin/dex2oat --zip-fd=6 --zip-location=base.apk --oat-fd=7 --oat-location=/data/app/vmdl264954937.tmp/oat/x86/base.odex --instruction-set=x86 --instruction-set-variant=x86 --instruction-set-features=default --runtime-arg -Xms64m --runtime-arg -Xmx512m --compiler-filter=interpret-only --swap-fd=9 --debuggable --runtime-arg -classpath --runtime-arg /system/framework/android.test.runner.jar
11-24 17:58:05.974  2248  2248 I dex2oat : /system/bin/dex2oat --compiler-filter=interpret-only --debuggable
11-24 17:58:29.524  2248  2248 W dex2oat : Compilation of int com.android.dx.util.Uint.compareTo(com.android.dx.util.Uint) took 158.609ms
11-24 17:58:32.946  2248  2248 I dex2oat : dex2oat took 26.973s (threads: 1) arena alloc=824B (824B) java alloc=3MB (3868560B) native alloc=6MB (6969808B) free=2MB (2467376B)
11-24 17:58:33.175  1239  1265 V BackupManagerService: restoreAtInstall pkg=br.com.catbag.gifreduxsample.test token=2 restoreSet=0
11-24 17:58:33.175  1239  1265 W BackupManagerService: Requested unavailable transport: android/com.android.internal.backup.LocalTransport
11-24 17:58:33.175  1239  1265 W BackupManagerService: No transport
11-24 17:58:33.175  1239  1265 V BackupManagerService: Finishing install immediately
11-24 17:58:33.191  1239  1265 I art     : Starting a blocking GC Explicit
11-24 17:58:33.289  1239  1265 I art     : Explicit concurrent mark sweep GC freed 37563(2MB) AllocSpace objects, 12(288KB) LOS objects, 33% free, 6MB/10MB, paused 8.290ms total 95.529ms
11-24 17:58:33.297   991   991 E         : Couldn't opendir /data/app/vmdl264954937.tmp: No such file or directory
11-24 17:58:33.342  1239  1280 I InputReader: Reconfiguring input devices.  changes=0x00000010
11-24 17:58:33.380  2237  2237 I art     : System.exit called, status: 0
11-24 17:58:33.380  2237  2237 I AndroidRuntime: VM exiting with result code 0.
11-24 17:58:33.427  1441  1441 D CarrierSvcBindHelper: No carrier app for: 0
11-24 17:58:33.441  1441  1441 D CarrierConfigLoader: mHandler: 9 phoneId: 0
11-24 17:58:33.597  1239  1252 W VoiceInteractionManagerService: no available voice recognition services found for user 0
11-24 17:58:33.597  1239  1252 W LocationProviderProxy-network: Odd, no component found for service com.android.location.service.v3.NetworkLocationProvider
11-24 17:58:33.608  1239  1252 W GeocoderProxy: Odd, no component found for service com.android.location.service.GeocodeProvider
11-24 17:58:33.609  1239  1252 W GeofenceProxy: Odd, no component found for service com.android.location.service.GeofenceProvider
11-24 17:58:33.609  1239  1252 W ActivityRecognitionProxy: Odd, no component found for service com.android.location.service.ActivityRecognitionProvider
11-24 17:58:33.998  2254  2254 D AndroidRuntime: >>>>>> START com.android.internal.os.RuntimeInit uid 2000 <<<<<<
11-24 17:58:34.001  2254  2254 D AndroidRuntime: CheckJNI is ON
11-24 17:58:34.065  2254  2254 W art     : Unexpected CPU variant for X86 using defaults: x86
11-24 17:58:34.081  2254  2254 D ICU     : No timezone override file found: /data/misc/zoneinfo/current/icu/icu_tzdata.dat
11-24 17:58:34.113  2254  2254 E memtrack: Couldn't load memtrack module (No such file or directory)
11-24 17:58:34.113  2254  2254 E android.os.Debug: failed to load memtrack module: -2
11-24 17:58:34.114  2254  2254 I Radio-JNI: register_android_hardware_Radio DONE
11-24 17:58:34.137  2254  2254 D AndroidRuntime: Calling main entry com.android.commands.am.Am
11-24 17:58:34.163  1239  1682 I ActivityManager: Force stopping br.com.catbag.gifreduxsample appid=10060 user=0: start instr
11-24 17:58:34.189  1239  1682 I ActivityManager: Start proc 2264:br.com.catbag.gifreduxsample/u0a60 for added application br.com.catbag.gifreduxsample
11-24 17:58:34.200  2264  2264 I art     : Not late-enabling -Xcheck:jni (already on)
11-24 17:58:34.201  2264  2264 W art     : Unexpected CPU variant for X86 using defaults: x86
11-24 17:58:34.244  2264  2264 W System  : ClassLoader referenced unknown path: /data/app/br.com.catbag.gifreduxsample.test-1/lib/x86
11-24 17:58:34.261  2264  2264 W System  : ClassLoader referenced unknown path: 
11-24 17:58:34.320  2264  2264 W System.err: java.io.FileNotFoundException: /jacoco.exec (Read-only file system)
11-24 17:58:34.322  2264  2264 W System.err: 	at java.io.FileOutputStream.open(Native Method)
11-24 17:58:34.322  2264  2264 W System.err: 	at java.io.FileOutputStream.<init>(FileOutputStream.java:221)
11-24 17:58:34.322  2264  2264 W System.err: 	at org.jacoco.agent.rt.internal_e6e56f0.output.FileOutput.openFile(FileOutput.java:67)
11-24 17:58:34.322  2264  2264 W System.err: 	at org.jacoco.agent.rt.internal_e6e56f0.output.FileOutput.startup(FileOutput.java:49)
11-24 17:58:34.323  2264  2264 W System.err: 	at org.jacoco.agent.rt.internal_e6e56f0.Agent.startup(Agent.java:122)
11-24 17:58:34.323  2264  2264 W System.err: 	at org.jacoco.agent.rt.internal_e6e56f0.Agent.getInstance(Agent.java:50)
11-24 17:58:34.323  2264  2264 W System.err: 	at org.jacoco.agent.rt.internal_e6e56f0.Offline.<clinit>(Offline.java:31)
11-24 17:58:34.323  2264  2264 W System.err: 	at org.jacoco.agent.rt.internal_e6e56f0.Offline.getProbes(Offline.java:51)
11-24 17:58:34.323  2264  2264 W System.err: 	at br.com.catbag.gifreduxsample.MyApp.$jacocoInit(MyApp.java)
11-24 17:58:34.323  2264  2264 W System.err: 	at br.com.catbag.gifreduxsample.MyApp.<clinit>(MyApp.java)
11-24 17:58:34.324  2264  2264 W System.err: 	at java.lang.Class.newInstance(Native Method)
11-24 17:58:34.324  2264  2264 W System.err: 	at android.app.Instrumentation.newApplication(Instrumentation.java:1007)
11-24 17:58:34.324  2264  2264 W System.err: 	at android.app.Instrumentation.newApplication(Instrumentation.java:992)
11-24 17:58:34.324  2264  2264 W System.err: 	at android.app.LoadedApk.makeApplication(LoadedApk.java:796)
11-24 17:58:34.324  2264  2264 W System.err: 	at android.app.ActivityThread.handleBindApplication(ActivityThread.java:5335)
11-24 17:58:34.325  2264  2264 W System.err: 	at android.app.ActivityThread.-wrap2(ActivityThread.java)
11-24 17:58:34.325  2264  2264 W System.err: 	at android.app.ActivityThread$H.handleMessage(ActivityThread.java:1528)
11-24 17:58:34.325  2264  2264 W System.err: 	at android.os.Handler.dispatchMessage(Handler.java:102)
11-24 17:58:34.325  2264  2264 W System.err: 	at android.os.Looper.loop(Looper.java:154)
11-24 17:58:34.325  2264  2264 W System.err: 	at android.app.ActivityThread.main(ActivityThread.java:6077)
11-24 17:58:34.325  2264  2264 W System.err: 	at java.lang.reflect.Method.invoke(Native Method)
11-24 17:58:34.326  2264  2264 W System.err: 	at com.android.internal.os.ZygoteInit$MethodAndArgsCaller.run(ZygoteInit.java:865)
11-24 17:58:34.326  2264  2264 W System.err: 	at com.android.internal.os.ZygoteInit.main(ZygoteInit.java:755)
11-24 17:58:34.364  2264  2264 I MonitoringInstrumentation: Instrumentation Started!
11-24 17:58:34.373  2264  2264 I MonitoringInstrumentation: Setting context classloader to 'dalvik.system.PathClassLoader[DexPathList[[zip file "/system/framework/android.test.runner.jar", zip file "/data/app/br.com.catbag.gifreduxsample.test-1/base.apk", zip file "/data/app/br.com.catbag.gifreduxsample-1/base.apk"],nativeLibraryDirectories=[/data/app/br.com.catbag.gifreduxsample.test-1/lib/x86, /data/app/br.com.catbag.gifreduxsample-1/lib/x86, /system/fake-libs, /data/app/br.com.catbag.gifreduxsample.test-1/base.apk!/lib/x86, /data/app/br.com.catbag.gifreduxsample-1/base.apk!/lib/x86, /system/lib, /vendor/lib]]]', Original: 'dalvik.system.PathClassLoader[DexPathList[[zip file "/system/framework/android.test.runner.jar", zip file "/data/app/br.com.catbag.gifreduxsample.test-1/base.apk", zip file "/data/app/br.com.catbag.gifreduxsample-1/base.apk"],nativeLibraryDirectories=[/data/app/br.com.catbag.gifreduxsample.test-1/lib/x86, /data/app/br.com.catbag.gifreduxsample-1/lib/x86, /system/fake-libs, /data/app/br.com.catbag.gifreduxsample.test-1/base.apk!/lib/x86, /data/app/br.com.catbag.gifreduxsample-1/base.apk!/lib/x86, /system/lib, /vendor/lib]]]'
11-24 17:58:34.479  2264  2264 D NetworkSecurityConfig: No Network Security Config specified, using platform default
11-24 17:58:34.515  2264  2264 I MonitoringInstrumentation: No JSBridge.
11-24 17:58:34.536  2264  2279 I UsageTrackerFacilitator: Usage tracking enabled
11-24 17:58:34.537  2264  2279 I TestRequestBuilder: Scanning classpath to find tests in apks [/data/app/br.com.catbag.gifreduxsample.test-1/base.apk]
11-24 17:58:35.053  2264  2279 I art     : Rejecting re-init on previously-failed class java.lang.Class<org.objectweb.asm.commons.JSRInlinerAdapter>: java.lang.NoClassDefFoundError: Failed resolution of: Lorg/objectweb/asm/tree/MethodNode;
11-24 17:58:35.054  2264  2279 I art     :   at java.lang.Class java.lang.Class.classForName!(java.lang.String, boolean, java.lang.ClassLoader) (Class.java:-2)
11-24 17:58:35.054  2264  2279 I art     :   at java.lang.Class java.lang.Class.forName(java.lang.String, boolean, java.lang.ClassLoader) (Class.java:400)
11-24 17:58:35.054  2264  2279 I art     :   at java.lang.Class android.support.test.internal.runner.TestLoader.doLoadClass(java.lang.String) (TestLoader.java:92)
11-24 17:58:35.054  2264  2279 I art     :   at java.lang.Class android.support.test.internal.runner.TestLoader.loadIfTest(java.lang.String) (TestLoader.java:113)
11-24 17:58:35.054  2264  2279 I art     :   at void android.support.test.internal.runner.TestRequestBuilder.loadClassesFromClassPath(android.support.test.internal.runner.TestLoader, java.util.Set) (TestRequestBuilder.java:801)
11-24 17:58:35.054  2264  2279 I art     :   at android.support.test.internal.runner.TestRequest android.support.test.internal.runner.TestRequestBuilder.build() (TestRequestBuilder.java:747)
11-24 17:58:35.055  2264  2279 I art     :   at android.support.test.internal.runner.TestRequest android.support.test.runner.AndroidJUnitRunner.buildRequest(android.support.test.internal.runner.RunnerArgs, android.os.Bundle) (AndroidJUnitRunner.java:354)
11-24 17:58:35.055  2264  2279 I art     :   at void android.support.test.runner.AndroidJUnitRunner.onStart() (AndroidJUnitRunner.java:260)
11-24 17:58:35.055  2264  2279 I art     :   at void android.app.Instrumentation$InstrumentationThread.run() (Instrumentation.java:1932)
11-24 17:58:35.055  2264  2279 I art     : Caused by: java.lang.ClassNotFoundException: Didn't find class "org.objectweb.asm.tree.MethodNode" on path: DexPathList[[zip file "/system/framework/android.test.runner.jar", zip file "/data/app/br.com.catbag.gifreduxsample.test-1/base.apk", zip file "/data/app/br.com.catbag.gifreduxsample-1/base.apk"],nativeLibraryDirectories=[/data/app/br.com.catbag.gifreduxsample.test-1/lib/x86, /data/app/br.com.catbag.gifreduxsample-1/lib/x86, /system/fake-libs, /data/app/br.com.catbag.gifreduxsample.test-1/base.apk!/lib/x86, /data/app/br.com.catbag.gifreduxsample-1/base.apk!/lib/x86, /system/lib, /vendor/lib]]
11-24 17:58:35.055  2264  2279 I art     :   at java.lang.Class dalvik.system.BaseDexClassLoader.findClass(java.lang.String) (BaseDexClassLoader.java:56)
11-24 17:58:35.055  2264  2279 I art     :   at java.lang.Class java.lang.ClassLoader.loadClass(java.lang.String, boolean) (ClassLoader.java:380)
11-24 17:58:35.055  2264  2279 I art     :   at java.lang.Class java.lang.ClassLoader.loadClass(java.lang.String) (ClassLoader.java:312)
11-24 17:58:35.056  2264  2279 I art     :   at java.lang.Class java.lang.Class.classForName!(java.lang.String, boolean, java.lang.ClassLoader) (Class.java:-2)
11-24 17:58:35.056  2264  2279 I art     :   at java.lang.Class java.lang.Class.forName(java.lang.String, boolean, java.lang.ClassLoader) (Class.java:400)
11-24 17:58:35.056  2264  2279 I art     :   at java.lang.Class android.support.test.internal.runner.TestLoader.doLoadClass(java.lang.String) (TestLoader.java:92)
11-24 17:58:35.056  2264  2279 I art     :   at java.lang.Class android.support.test.internal.runner.TestLoader.loadIfTest(java.lang.String) (TestLoader.java:113)
11-24 17:58:35.056  2264  2279 I art     :   at void android.support.test.internal.runner.TestRequestBuilder.loadClassesFromClassPath(android.support.test.internal.runner.TestLoader, java.util.Set) (TestRequestBuilder.java:801)
11-24 17:58:35.056  2264  2279 I art     :   at android.support.test.internal.runner.TestRequest android.support.test.internal.runner.TestRequestBuilder.build() (TestRequestBuilder.java:747)
11-24 17:58:35.056  2264  2279 I art     :   at android.support.test.internal.runner.TestRequest android.support.test.runner.AndroidJUnitRunner.buildRequest(android.support.test.internal.runner.RunnerArgs, android.os.Bundle) (AndroidJUnitRunner.java:354)
11-24 17:58:35.056  2264  2279 I art     :   at void android.support.test.runner.AndroidJUnitRunner.onStart() (AndroidJUnitRunner.java:260)
11-24 17:58:35.057  2264  2279 I art     :   at void android.app.Instrumentation$InstrumentationThread.run() (Instrumentation.java:1932)
11-24 17:58:35.057  2264  2279 I art     : 
11-24 17:58:35.057  2264  2279 E TestLoader: Could not find class: org.objectweb.asm.commons.JSRInlinerAdapter
11-24 17:58:35.081  2264  2279 I art     : Rejecting re-init on previously-failed class java.lang.Class<org.objectweb.asm.commons.TryCatchBlockSorter>: java.lang.NoClassDefFoundError: Failed resolution of: Lorg/objectweb/asm/tree/MethodNode;
11-24 17:58:35.081  2264  2279 I art     :   at java.lang.Class java.lang.Class.classForName!(java.lang.String, boolean, java.lang.ClassLoader) (Class.java:-2)
11-24 17:58:35.081  2264  2279 I art     :   at java.lang.Class java.lang.Class.forName(java.lang.String, boolean, java.lang.ClassLoader) (Class.java:400)
11-24 17:58:35.082  2264  2279 I art     :   at java.lang.Class android.support.test.internal.runner.TestLoader.doLoadClass(java.lang.String) (TestLoader.java:92)
11-24 17:58:35.082  2264  2279 I art     :   at java.lang.Class android.support.test.internal.runner.TestLoader.loadIfTest(java.lang.String) (TestLoader.java:113)
11-24 17:58:35.082  2264  2279 I art     :   at void android.support.test.internal.runner.TestRequestBuilder.loadClassesFromClassPath(android.support.test.internal.runner.TestLoader, java.util.Set) (TestRequestBuilder.java:801)
11-24 17:58:35.082  2264  2279 I art     :   at android.support.test.internal.runner.TestRequest android.support.test.internal.runner.TestRequestBuilder.build() (TestRequestBuilder.java:747)
11-24 17:58:35.082  2264  2279 I art     :   at android.support.test.internal.runner.TestRequest android.support.test.runner.AndroidJUnitRunner.buildRequest(android.support.test.internal.runner.RunnerArgs, android.os.Bundle) (AndroidJUnitRunner.java:354)
11-24 17:58:35.082  2264  2279 I art     :   at void android.support.test.runner.AndroidJUnitRunner.onStart() (AndroidJUnitRunner.java:260)
11-24 17:58:35.083  2264  2279 I art     :   at void android.app.Instrumentation$InstrumentationThread.run() (Instrumentation.java:1932)
11-24 17:58:35.083  2264  2279 I art     : Caused by: java.lang.ClassNotFoundException: Didn't find class "org.objectweb.asm.tree.MethodNode" on path: DexPathList[[zip file "/system/framework/android.test.runner.jar", zip file "/data/app/br.com.catbag.gifreduxsample.test-1/base.apk", zip file "/data/app/br.com.catbag.gifreduxsample-1/base.apk"],nativeLibraryDirectories=[/data/app/br.com.catbag.gifreduxsample.test-1/lib/x86, /data/app/br.com.catbag.gifreduxsample-1/lib/x86, /system/fake-libs, /data/app/br.com.catbag.gifreduxsample.test-1/base.apk!/lib/x86, /data/app/br.com.catbag.gifreduxsample-1/base.apk!/lib/x86, /system/lib, /vendor/lib]]
11-24 17:58:35.083  2264  2279 I art     :   at java.lang.Class dalvik.system.BaseDexClassLoader.findClass(java.lang.String) (BaseDexClassLoader.java:56)
11-24 17:58:35.083  2264  2279 I art     :   at java.lang.Class java.lang.ClassLoader.loadClass(java.lang.String, boolean) (ClassLoader.java:380)
11-24 17:58:35.083  2264  2279 I art     :   at java.lang.Class java.lang.ClassLoader.loadClass(java.lang.String) (ClassLoader.java:312)
11-24 17:58:35.083  2264  2279 I art     :   at java.lang.Class java.lang.Class.classForName!(java.lang.String, boolean, java.lang.ClassLoader) (Class.java:-2)
11-24 17:58:35.083  2264  2279 I art     :   at java.lang.Class java.lang.Class.forName(java.lang.String, boolean, java.lang.ClassLoader) (Class.java:400)
11-24 17:58:35.083  2264  2279 I art     :   at java.lang.Class android.support.test.internal.runner.TestLoader.doLoadClass(java.lang.String) (TestLoader.java:92)
11-24 17:58:35.084  2264  2279 I art     :   at java.lang.Class android.support.test.internal.runner.TestLoader.loadIfTest(java.lang.String) (TestLoader.java:113)
11-24 17:58:35.084  2264  2279 I art     :   at void android.support.test.internal.runner.TestRequestBuilder.loadClassesFromClassPath(android.support.test.internal.runner.TestLoader, java.util.Set) (TestRequestBuilder.java:801)
11-24 17:58:35.084  2264  2279 I art     :   at android.support.test.internal.runner.TestRequest android.support.test.internal.runner.TestRequestBuilder.build() (TestRequestBuilder.java:747)
11-24 17:58:35.084  2264  2279 I art     :   at android.support.test.internal.runner.TestRequest android.support.test.runner.AndroidJUnitRunner.buildRequest(android.support.test.internal.runner.RunnerArgs, android.os.Bundle) (AndroidJUnitRunner.java:354)
11-24 17:58:35.084  2264  2279 I art     :   at void android.support.test.runner.AndroidJUnitRunner.onStart() (AndroidJUnitRunner.java:260)
11-24 17:58:35.084  2264  2279 I art     :   at void android.app.Instrumentation$InstrumentationThread.run() (Instrumentation.java:1932)
11-24 17:58:35.084  2264  2279 I art     : 
11-24 17:58:35.085  2264  2279 E TestLoader: Could not find class: org.objectweb.asm.commons.TryCatchBlockSorter
11-24 17:58:35.150  2264  2279 D TestExecutor: Adding listener android.support.test.internal.runner.listener.LogRunListener
11-24 17:58:35.151  2264  2279 D TestExecutor: Adding listener android.support.test.internal.runner.listener.InstrumentationResultPrinter
11-24 17:58:35.151  2264  2279 D TestExecutor: Adding listener android.support.test.internal.runner.listener.ActivityFinisherRunListener
11-24 17:58:35.151  2264  2279 D TestExecutor: Adding listener android.support.test.internal.runner.listener.CoverageListener
11-24 17:58:35.157  2264  2279 I TestRunner: run started: 15 tests
11-24 17:58:35.167  2264  2279 I TestRunner: started: whenAppStateSavedSeveralTime(br.com.catbag.gifreduxsample.asyncs.data.DataManagerTest)
11-24 17:58:35.190  2264  2264 I MonitoringInstrumentation: Activities that are still in CREATED to STOPPED: 0
11-24 17:58:35.404  2264  2282 W Java7Support: Unable to load JDK7 types (annotations, java.nio.file.Path): no Java7 support added
11-24 17:58:35.569  2264  2275 I art     : Background sticky concurrent mark sweep GC freed 152099(6MB) AllocSpace objects, 0(0B) LOS objects, 43% free, 3MB/6MB, paused 7.842ms total 727.816ms
11-24 17:58:35.885  2264  2279 I TestRunner: finished: whenAppStateSavedSeveralTime(br.com.catbag.gifreduxsample.asyncs.data.DataManagerTest)
11-24 17:58:35.889  2264  2264 I MonitoringInstrumentation: Activities that are still in CREATED to STOPPED: 0
11-24 17:58:35.890  2264  2279 I TestRunner: started: whenAppStateSavedOnceTime(br.com.catbag.gifreduxsample.asyncs.data.DataManagerTest)
11-24 17:58:35.891  2264  2264 I MonitoringInstrumentation: Activities that are still in CREATED to STOPPED: 0
11-24 17:58:36.125  2264  2279 I TestRunner: finished: whenAppStateSavedOnceTime(br.com.catbag.gifreduxsample.asyncs.data.DataManagerTest)
11-24 17:58:36.133  2264  2264 I MonitoringInstrumentation: Activities that are still in CREATED to STOPPED: 0
11-24 17:58:36.134  2264  2279 I TestRunner: started: whenUnsavedAppStateIsLoaded(br.com.catbag.gifreduxsample.asyncs.data.DataManagerTest)
11-24 17:58:36.135  2264  2264 I MonitoringInstrumentation: Activities that are still in CREATED to STOPPED: 0
11-24 17:58:36.219  2264  2279 I TestRunner: finished: whenUnsavedAppStateIsLoaded(br.com.catbag.gifreduxsample.asyncs.data.DataManagerTest)
11-24 17:58:36.229  2264  2264 I MonitoringInstrumentation: Activities that are still in CREATED to STOPPED: 0
11-24 17:58:36.230  2264  2279 I TestRunner: started: whenSavedAppStateIsLoaded(br.com.catbag.gifreduxsample.asyncs.data.DataManagerTest)
11-24 17:58:36.232  2264  2264 I MonitoringInstrumentation: Activities that are still in CREATED to STOPPED: 0
11-24 17:58:36.239  2264  2287 E DataManager: appstate not loaded
11-24 17:58:36.239  2264  2287 E DataManager: com.snappydb.SnappydbException: Failed to get a String: NotFound: 
11-24 17:58:36.239  2264  2287 E DataManager: 	at com.snappydb.internal.DBImpl.__get(Native Method)
11-24 17:58:36.239  2264  2287 E DataManager: 	at com.snappydb.internal.DBImpl.get(DBImpl.java:348)
11-24 17:58:36.239  2264  2287 E DataManager: 	at br.com.catbag.gifreduxsample.asyncs.data.storage.Database.getAppState(Database.java:29)
11-24 17:58:36.239  2264  2287 E DataManager: 	at br.com.catbag.gifreduxsample.asyncs.data.DataManager.lambda$loadAppState$0(DataManager.java:61)
11-24 17:58:36.239  2264  2287 E DataManager: 	at br.com.catbag.gifreduxsample.asyncs.data.DataManager$$Lambda$1.run(Unknown Source)
11-24 17:58:36.239  2264  2287 E DataManager: 	at java.lang.Thread.run(Thread.java:761)
11-24 17:58:36.457  2264  2279 I TestRunner: finished: whenSavedAppStateIsLoaded(br.com.catbag.gifreduxsample.asyncs.data.DataManagerTest)
11-24 17:58:36.472  2264  2264 I MonitoringInstrumentation: Activities that are still in CREATED to STOPPED: 0
11-24 17:58:36.495  2264  2279 I TestRunner: started: whenScrollDownAndPlayLastItemTest(br.com.catbag.gifreduxsample.ui.giflist.GifListActivityTest)
11-24 17:58:36.497  2264  2264 I MonitoringInstrumentation: Activities that are still in CREATED to STOPPED: 0
11-24 17:58:36.665  2264  2275 I art     : Background partial concurrent mark sweep GC freed 59441(2MB) AllocSpace objects, 1(20KB) LOS objects, 39% free, 3MB/6MB, paused 6.510ms total 82.570ms
11-24 17:58:36.831  2291  2291 W dex2oat : Unexpected CPU variant for X86 using defaults: x86
11-24 17:58:36.831  2291  2291 W dex2oat : Mismatch between dex2oat instruction set features (ISA: X86 Feature string: smp,-ssse3,-sse4.1,-sse4.2,-avx,-avx2,-lock_add,-popcnt) and those of dex2oat executable (ISA: X86 Feature string: smp,ssse3,-sse4.1,-sse4.2,-avx,-avx2,-lock_add,-popcnt) for the command line:
11-24 17:58:36.831  2291  2291 W dex2oat : /system/bin/dex2oat --runtime-arg -classpath --runtime-arg & --instruction-set=x86 --instruction-set-features=smp,ssse3,-sse4.1,-sse4.2,-avx,-avx2,-lock_add,-popcnt --runtime-arg -Xrelocate --boot-image=/system/framework/boot.art --runtime-arg -Xms64m --runtime-arg -Xmx512m --instruction-set-variant=x86 --instruction-set-features=default --dex-file=/data/user/0/br.com.catbag.gifreduxsample/app_dxmaker_cache/Generated_1497766805.jar --oat-fd=38 --oat-location=/data/user/0/br.com.catbag.gifreduxsample/app_dxmaker_cache/Generated_1497766805.dex --compiler-filter=speed
11-24 17:58:36.832  2291  2291 I dex2oat : /system/bin/dex2oat --dex-file=/data/user/0/br.com.catbag.gifreduxsample/app_dxmaker_cache/Generated_1497766805.jar --oat-fd=38 --oat-location=/data/user/0/br.com.catbag.gifreduxsample/app_dxmaker_cache/Generated_1497766805.dex --compiler-filter=speed
11-24 17:58:36.971  2291  2291 I dex2oat : dex2oat took 140.197ms (threads: 1) arena alloc=41KB (42016B) java alloc=28KB (28768B) native alloc=736KB (753768B) free=799KB (819096B)
11-24 17:58:37.012  1239  1430 D VoldConnector: SND -> {29 volume mkdirs /storage/emulated/0/Android/data/br.com.catbag.gifreduxsample/cache/}
11-24 17:58:37.042  1239  1282 D VoldConnector: RCV <- {200 29 Command succeeded}
11-24 17:58:37.055  2264  2280 I DroidFlux:Dispatcher: [STARTED] dispatch of action [FAKE_REDUCE_ACTION]
11-24 17:58:37.097  2264  2280 I DroidFlux:Dispatcher: [COMPLETED] dispatch of action [FAKE_REDUCE_ACTION]
11-24 17:58:37.104  2264  2290 D ActivityTestRule: Launching activity br.com.catbag.gifreduxsample.ui.GifListActivity
11-24 17:58:37.112  2264  2293 D MonitoringInstrumentation: execStartActivity(context, ibinder, ibinder, activity, intent, int, bundle
11-24 17:58:37.117  1239  1682 I ActivityManager: START u0 {flg=0x14000000 cmp=br.com.catbag.gifreduxsample/.ui.GifListActivity} from uid 10060 on display 0
11-24 17:58:37.518  2264  2264 D LifecycleMonitor: Lifecycle status change: br.com.catbag.gifreduxsample.ui.GifListActivity@48a4b5 in: PRE_ON_CREATE
11-24 17:58:37.770  1758  1758 I Choreographer: Skipped 50 frames!  The application may be doing too much work on its main thread.
11-24 17:58:38.059  2264  2264 D LifecycleMonitor: Lifecycle status change: br.com.catbag.gifreduxsample.ui.GifListActivity@48a4b5 in: CREATED
11-24 17:58:38.093  2264  2280 I DroidFlux:Dispatcher: [STARTED] dispatch of action [APP_STATE_LOAD]
11-24 17:58:38.094  2264  2280 D DroidFlux:Dispatcher: An action of type [APP_STATE_LOAD] was dispatched, but no reducer handled it
11-24 17:58:38.094  2264  2280 I DroidFlux:Dispatcher: [COMPLETED] dispatch of action [APP_STATE_LOAD]
11-24 17:58:38.102  2264  2264 D LifecycleMonitor: Lifecycle status change: br.com.catbag.gifreduxsample.ui.GifListActivity@48a4b5 in: STARTED
11-24 17:58:38.107  2264  2264 D LifecycleMonitor: Lifecycle status change: br.com.catbag.gifreduxsample.ui.GifListActivity@48a4b5 in: RESUMED
11-24 17:58:38.431  2264  2264 D gralloc_ranchu: Emulator without host-side GPU emulation detected.
11-24 17:58:38.530  1239  1260 I ActivityManager: Displayed br.com.catbag.gifreduxsample/.ui.GifListActivity: +1s274ms
11-24 17:58:38.672  2264  2290 D InputManagerEventInjectionStrategy: Creating injection strategy with input manager.
11-24 17:58:38.781  1239  1260 I WindowManager: Destroying surface Surface(name=Starting br.com.catbag.gifreduxsample) called by com.android.server.wm.WindowStateAnimator.destroySurface:2014 com.android.server.wm.WindowStateAnimator.destroySurfaceLocked:881 com.android.server.wm.WindowState.destroyOrSaveSurface:2073 com.android.server.wm.AppWindowToken.destroySurfaces:363 com.android.server.wm.WindowStateAnimator.finishExit:565 com.android.server.wm.WindowStateAnimator.stepAnimationLocked:491 com.android.server.wm.WindowAnimator.updateWindowsLocked:303 com.android.server.wm.WindowAnimator.animateLocked:704 
11-24 17:58:38.817  2264  2264 W ResourceType: No package identifier when getting name for resource number 0x00000001
11-24 17:58:38.819  2264  2264 I ViewInteraction: Performing 'scroll RecyclerView to position: 4' action on view with id: 1 (resource name not found)
11-24 17:58:38.907  2264  2275 I art     : Background sticky concurrent mark sweep GC freed 8185(689KB) AllocSpace objects, 0(0B) LOS objects, 10% free, 5MB/6MB, paused 5.503ms total 70.109ms
11-24 17:58:39.009  1239  1503 I WindowManager: Destroying surface Surface(name=com.android.launcher3/com.android.launcher3.Launcher) called by com.android.server.wm.WindowStateAnimator.destroySurface:2014 com.android.server.wm.WindowStateAnimator.destroySurfaceLocked:881 com.android.server.wm.WindowState.destroyOrSaveSurface:2073 com.android.server.wm.AppWindowToken.destroySurfaces:363 com.android.server.wm.AppWindowToken.notifyAppStopped:389 com.android.server.wm.WindowManagerService.notifyAppStopped:4456 com.android.server.am.ActivityStack.activityStoppedLocked:1252 com.android.server.am.ActivityManagerService.activityStopped:6873 
11-24 17:58:39.132  2264  2269 I art     : Do partial code cache collection, code=25KB, data=30KB
11-24 17:58:39.151  2264  2269 I art     : After code cache collection, code=23KB, data=29KB
11-24 17:58:39.152  2264  2269 I art     : Increasing code cache capacity to 128KB
11-24 17:58:39.169  2264  2264 W ResourceType: No package identifier when getting name for resource number 0x00000001
11-24 17:58:39.197  2264  2264 W ResourceType: No package identifier when getting name for resource number 0x00000004
11-24 17:58:39.203  2264  2264 I ViewInteraction: Performing 'single click' action on view with id: 4 (resource name not found)
11-24 17:58:39.319  2264  2280 I DroidFlux:Dispatcher: [STARTED] dispatch of action [GIF_PLAY]
11-24 17:58:39.321  2264  2280 I DroidFlux:Dispatcher: [COMPLETED] dispatch of action [GIF_PLAY]
11-24 17:58:39.405  1239  1314 W AudioTrack: AUDIO_OUTPUT_FLAG_FAST denied by client; transfer 4, track 48000 Hz, output 44100 Hz
11-24 17:58:39.689   985  1025 D AudioFlinger: mixer(0xb4e03b80) throttle end: throttle time(11)
11-24 17:58:39.709   985  1025 D AudioFlinger: mixer(0xb4e03b80) throttle end: throttle time(11)
11-24 17:58:39.796  2264  2275 I art     : Background partial concurrent mark sweep GC freed 5823(448KB) AllocSpace objects, 4(84KB) LOS objects, 39% free, 5MB/9MB, paused 5.996ms total 352.514ms
11-24 17:58:40.137  2264  2264 D LifecycleMonitor: Lifecycle status change: br.com.catbag.gifreduxsample.ui.GifListActivity@48a4b5 in: PAUSED
11-24 17:58:40.165  2264  2279 I TestRunner: finished: whenScrollDownAndPlayLastItemTest(br.com.catbag.gifreduxsample.ui.giflist.GifListActivityTest)
11-24 17:58:40.217   977   977 D gralloc : Registering a buffer in the process that created it. This may cause memory ordering problems.
11-24 17:58:40.217   977   977 E libEGL  : called unimplemented OpenGL ES API
11-24 17:58:40.227   977   977 E SurfaceFlinger: glCheckFramebufferStatusOES error 2070398852
11-24 17:58:40.227   977   977 E SurfaceFlinger: got GL_FRAMEBUFFER_COMPLETE_OES error while taking screenshot
11-24 17:58:40.235  1239  1269 W WindowManager: Screenshot failure taking screenshot for (480x800) to layer 21005
11-24 17:58:40.306  2264  2264 I MonitoringInstrumentation: Activities that are still in CREATED to STOPPED: 1
11-24 17:58:40.307  2264  2279 I TestRunner: started: whenGifIsNotWatchedTest(br.com.catbag.gifreduxsample.ui.giflist.GifListActivityTest)
11-24 17:58:40.326  2264  2264 I MonitoringInstrumentation: Activities that are still in CREATED to STOPPED: 1
11-24 17:58:40.337  2264  2280 I DroidFlux:Dispatcher: [STARTED] dispatch of action [FAKE_REDUCE_ACTION]
11-24 17:58:40.337  2264  2280 I DroidFlux:Dispatcher: [COMPLETED] dispatch of action [FAKE_REDUCE_ACTION]
11-24 17:58:40.399  2264  2299 D ActivityTestRule: Launching activity br.com.catbag.gifreduxsample.ui.GifListActivity
11-24 17:58:40.413  2264  2300 D MonitoringInstrumentation: execStartActivity(context, ibinder, ibinder, activity, intent, int, bundle
11-24 17:58:40.414  1239  1503 I ActivityManager: START u0 {flg=0x10000000 cmp=br.com.catbag.gifreduxsample/.ui.GifListActivity} from uid 10060 on display 0
11-24 17:58:40.452  1758  1758 I Choreographer: Skipped 41 frames!  The application may be doing too much work on its main thread.
11-24 17:58:40.839  1758  1758 I Choreographer: Skipped 100 frames!  The application may be doing too much work on its main thread.
11-24 17:58:40.932  2264  2264 D LifecycleMonitor: Lifecycle status change: br.com.catbag.gifreduxsample.ui.GifListActivity@b57259d in: PRE_ON_CREATE
11-24 17:58:40.995  2264  2264 D LifecycleMonitor: Lifecycle status change: br.com.catbag.gifreduxsample.ui.GifListActivity@b57259d in: CREATED
11-24 17:58:40.996  2264  2280 I DroidFlux:Dispatcher: [STARTED] dispatch of action [APP_STATE_LOAD]
11-24 17:58:40.997  2264  2280 D DroidFlux:Dispatcher: An action of type [APP_STATE_LOAD] was dispatched, but no reducer handled it
11-24 17:58:40.997  2264  2280 I DroidFlux:Dispatcher: [COMPLETED] dispatch of action [APP_STATE_LOAD]
11-24 17:58:40.997  2264  2264 D LifecycleMonitor: Lifecycle status change: br.com.catbag.gifreduxsample.ui.GifListActivity@b57259d in: STARTED
11-24 17:58:41.086  2264  2264 D LifecycleMonitor: Lifecycle status change: br.com.catbag.gifreduxsample.ui.GifListActivity@b57259d in: RESUMED
11-24 17:58:41.096  2264  2264 I Choreographer: Skipped 41 frames!  The application may be doing too much work on its main thread.
11-24 17:58:41.385  2264  2264 E Feed    : Gif{uuid=655d83ab-26af-4bbe-8bb8-d12e02f89742, path=, url=, title=, watched=false, status=DOWNLOADED}
11-24 17:58:41.385  2264  2264 E Feed    : pl.droidsonroids.gif.GifIOException: GifError 101: Failed to open given input
11-24 17:58:41.385  2264  2264 E Feed    : 	at pl.droidsonroids.gif.GifInfoHandle.openFile(Native Method)
11-24 17:58:41.385  2264  2264 E Feed    : 	at pl.droidsonroids.gif.GifInfoHandle.<init>(GifInfoHandle.java:46)
11-24 17:58:41.385  2264  2264 E Feed    : 	at pl.droidsonroids.gif.GifDrawable.<init>(GifDrawable.java:124)
11-24 17:58:41.385  2264  2264 E Feed    : 	at br.com.catbag.gifreduxsample.ui.components.FeedView.createDrawable(FeedView.java:102)
11-24 17:58:41.385  2264  2264 E Feed    : 	at br.com.catbag.gifreduxsample.ui.components.FeedView.lambda$renderGifView$1(FeedView.java:89)
11-24 17:58:41.385  2264  2264 E Feed    : 	at br.com.catbag.gifreduxsample.ui.components.FeedView$$Lambda$2.view(Unknown Source)
11-24 17:58:41.385  2264  2264 E Feed    : 	at trikita.anvil.BaseDSL.v(BaseDSL.java:670)
11-24 17:58:41.385  2264  2264 E Feed    : 	at br.com.catbag.gifreduxsample.ui.components.FeedView.renderGifView(FeedView.java:88)
11-24 17:58:41.385  2264  2264 E Feed    : 	at br.com.catbag.gifreduxsample.ui.components.FeedView.access$lambda$0(FeedView.java)
11-24 17:58:41.385  2264  2264 E Feed    : 	at br.com.catbag.gifreduxsample.ui.components.FeedView$$Lambda$3.view(Unknown Source)
11-24 17:58:41.385  2264  2264 E Feed    : 	at br.com.catbag.gifreduxsample.ui.components.GifsAdapter.view(GifsAdapter.java:55)
11-24 17:58:41.385  2264  2264 E Feed    : 	at trikita.anvil.RenderableRecyclerViewAdapter$1.view(RenderableRecyclerViewAdapter.java:24)
11-24 17:58:41.385  2264  2264 E Feed    : 	at trikita.anvil.Anvil$Mount.render(Anvil.java:204)
11-24 17:58:41.385  2264  2264 E Feed    : 	at trikita.anvil.Anvil.render(Anvil.java:173)
11-24 17:58:41.385  2264  2264 E Feed    : 	at trikita.anvil.RenderableRecyclerViewAdapter.onBindViewHolder(RenderableRecyclerViewAdapter.java:27)
11-24 17:58:41.385  2264  2264 E Feed    : 	at trikita.anvil.RenderableRecyclerViewAdapter.onBindViewHolder(RenderableRecyclerViewAdapter.java:7)
11-24 17:58:41.385  2264  2264 E Feed    : 	at android.support.v7.widget.RecyclerView$Adapter.onBindViewHolder(RecyclerView.java:5768)
11-24 17:58:41.385  2264  2264 E Feed    : 	at android.support.v7.widget.RecyclerView$Adapter.bindViewHolder(RecyclerView.java:5801)
11-24 17:58:41.385  2264  2264 E Feed    : 	at android.support.v7.widget.RecyclerView$Recycler.getViewForPosition(RecyclerView.java:5037)
11-24 17:58:41.385  2264  2264 E Feed    : 	at android.support.v7.widget.RecyclerView$Recycler.getViewForPosition(RecyclerView.java:4913)
11-24 17:58:41.385  2264  2264 E Feed    : 	at android.support.v7.widget.LinearLayoutManager$LayoutState.next(LinearLayoutManager.java:2029)
11-24 17:58:41.385  2264  2264 E Feed    : 	at android.support.v7.widget.LinearLayoutManager.layoutChunk(LinearLayoutManager.java:1414)
11-24 17:58:41.385  2264  2264 E Feed    : 	at android.support.v7.widget.LinearLayoutManager.fill(LinearLayoutManager.java:1377)
11-24 17:58:41.385  2264  2264 E Feed    : 	at android.support.v7.widget.LinearLayoutManager.onLayoutChildren(LinearLayoutManager.java:578)
11-24 17:58:41.385  2264  2264 E Feed    : 	at android.support.v7.widget.RecyclerView.dispatchLayoutStep2(RecyclerView.java:3260)
