11-25 22:47:55.133  2243  2243 E Feed    : 	at android.support.v7.widget.RecyclerView.dispatchLayout(RecyclerView.java:3069)
11-25 22:47:55.133  2243  2243 E Feed    : 	at android.support.v7.widget.RecyclerView.onLayout(RecyclerView.java:3518)
11-25 22:47:55.133  2243  2243 E Feed    : 	at android.view.View.layout(View.java:17520)
11-25 22:47:55.133  2243  2243 E Feed    : 	at android.view.ViewGroup.layout(ViewGroup.java:5612)
11-25 22:47:55.133  2243  2243 E Feed    : 	at android.widget.FrameLayout.layoutChildren(FrameLayout.java:323)
11-25 22:47:55.133  2243  2243 E Feed    : 	at android.widget.FrameLayout.onLayout(FrameLayout.java:261)
11-25 22:47:55.133  2243  2243 E Feed    : 	at android.view.View.layout(View.java:17520)
11-25 22:47:55.133  2243  2243 E Feed    : 	at android.view.ViewGroup.layout(ViewGroup.java:5612)
11-25 22:47:55.133  2243  2243 E Feed    : 	at android.widget.RelativeLayout.onLayout(RelativeLayout.java:1079)
11-25 22:47:55.133  2243  2243 E Feed    : 	at android.view.View.layout(View.java:17520)
11-25 22:47:55.133  2243  2243 E Feed    : 	at android.view.ViewGroup.layout(ViewGroup.java:5612)
11-25 22:47:55.133  2243  2243 E Feed    : 	at android.widget.FrameLayout.layoutChildren(FrameLayout.java:323)
11-25 22:47:55.133  2243  2243 E Feed    : 	at android.widget.FrameLayout.onLayout(FrameLayout.java:261)
11-25 22:47:55.133  2243  2243 E Feed    : 	at android.view.View.layout(View.java:17520)
11-25 22:47:55.133  2243  2243 E Feed    : 	at android.view.ViewGroup.layout(ViewGroup.java:5612)
11-25 22:47:55.133  2243  2243 E Feed    : 	at android.support.v7.widget.ActionBarOverlayLayout.onLayout(ActionBarOverlayLayout.java:435)
11-25 22:47:55.133  2243  2243 E Feed    : 	at android.view.View.layout(View.java:17520)
11-25 22:47:55.133  2243  2243 E Feed    : 	at android.view.ViewGroup.layout(ViewGroup.java:5612)
11-25 22:47:55.133  2243  2243 E Feed    : 	at android.widget.FrameLayout.layoutChildren(FrameLayout.java:323)
11-25 22:47:55.133  2243  2243 E Feed    : 	at android.widget.FrameLayout.onLayout(FrameLayout.java:261)
11-25 22:47:55.133  2243  2243 E Feed    : 	at android.view.View.layout(View.java:17520)
11-25 22:47:55.133  2243  2243 E Feed    : 	at android.view.ViewGroup.layout(ViewGroup.java:5612)
11-25 22:47:55.133  2243  2243 E Feed    : 	at android.widget.LinearLayout.setChildFrame(LinearLayout.java:1741)
11-25 22:47:55.133  2243  2243 E Feed    : 	at android.widget.LinearLayout.layoutVertical(LinearLayout.java:1585)
11-25 22:47:55.133  2243  2243 E Feed    : 	at android.widget.LinearLayout.onLayout(LinearLayout.java:1494)
11-25 22:47:55.133  2243  2243 E Feed    : 	at android.view.View.layout(View.java:17520)
11-25 22:47:55.133  2243  2243 E Feed    : 	at android.view.ViewGroup.layout(ViewGroup.java:5612)
11-25 22:47:55.133  2243  2243 E Feed    : 	at android.widget.FrameLayout.layoutChildren(FrameLayout.java:323)
11-25 22:47:55.133  2243  2243 E Feed    : 	at android.widget.FrameLayout.onLayout(FrameLayout.java:261)
11-25 22:47:55.133  2243  2243 E Feed    : 	at com.android.internal.policy.DecorView.onLayout(DecorView.java:724)
11-25 22:47:55.133  2243  2243 E Feed    : 	at android.view.View.layout(View.java:17520)
11-25 22:47:55.133  2243  2243 E Feed    : 	at android.view.ViewGroup.layout(ViewGroup.java:5612)
11-25 22:47:55.133  2243  2243 E Feed    : 	at android.view.ViewRootImpl.performLayout(ViewRootImpl.java:2342)
11-25 22:47:55.133  2243  2243 E Feed    : 	at android.view.ViewRootImpl.performTraversals(ViewRootImpl.java:2069)
11-25 22:47:55.133  2243  2243 E Feed    : 	at android.view.ViewRootImpl.doTraversal(ViewRootImpl.java:1246)
11-25 22:47:55.133  2243  2243 E Feed    : 	at android.view.ViewRootImpl$TraversalRunnable.run(ViewRootImpl.java:6301)
11-25 22:47:55.133  2243  2243 E Feed    : 	at android.view.Choreographer$CallbackRecord.run(Choreographer.java:871)
11-25 22:47:55.133  2243  2243 E Feed    : 	at android.view.Choreographer.doCallbacks(Choreographer.java:683)
11-25 22:47:55.133  2243  2243 E Feed    : 	at android.view.Choreographer.doFrame(Choreographer.java:619)
11-25 22:47:55.133  2243  2243 E Feed    : 	at android.view.Choreographer$FrameDisplayEventReceiver.run(Choreographer.java:857)
11-25 22:47:55.133  2243  2243 E Feed    : 	at android.os.Handler.handleCallback(Handler.java:751)
11-25 22:47:55.133  2243  2243 E Feed    : 	at android.os.Handler.dispatchMessage(Handler.java:95)
11-25 22:47:55.133  2243  2243 E Feed    : 	at android.os.Looper.loop(Looper.java:154)
11-25 22:47:55.133  2243  2243 E Feed    : 	at android.app.ActivityThread.main(ActivityThread.java:6077)
11-25 22:47:55.133  2243  2243 E Feed    : 	at java.lang.reflect.Method.invoke(Native Method)
11-25 22:47:55.133  2243  2243 E Feed    : 	at com.android.internal.os.ZygoteInit$MethodAndArgsCaller.run(ZygoteInit.java:865)
11-25 22:47:55.133  2243  2243 E Feed    : 	at com.android.internal.os.ZygoteInit.main(ZygoteInit.java:755)
11-25 22:47:55.238  2243  2243 D LifecycleMonitor: Lifecycle status change: br.com.catbag.gifreduxsample.ui.GifListActivity@122aabb in: PAUSED
11-25 22:47:55.243  2243  2258 I TestRunner: finished: whenGifIsNotWatchedTest(br.com.catbag.gifreduxsample.ui.giflist.GifListActivityTest)
11-25 22:47:55.304   978   978 D gralloc : Registering a buffer in the process that created it. This may cause memory ordering problems.
11-25 22:47:55.305   978   978 E SurfaceFlinger: glCheckFramebufferStatusOES error 2054343128
11-25 22:47:55.305   978   978 E SurfaceFlinger: got GL_FRAMEBUFFER_COMPLETE_OES error while taking screenshot
11-25 22:47:55.306  1237  1314 W WindowManager: Screenshot failure taking screenshot for (480x800) to layer 22015
11-25 22:47:55.314  1696  1696 W IInputConnectionWrapper: reportFullscreenMode on inexistent InputConnection
11-25 22:47:55.358  2243  2243 I MonitoringInstrumentation: Activities that are still in CREATED to STOPPED: 2
11-25 22:47:55.359  2243  2258 I TestRunner: started: whenEndlessScrollNotTriggered(br.com.catbag.gifreduxsample.ui.giflist.GifListActivityTest)
11-25 22:47:55.368  2243  2243 I MonitoringInstrumentation: Activities that are still in CREATED to STOPPED: 2
11-25 22:47:55.490  2243  2259 I DroidFlux:Dispatcher: [STARTED] dispatch of action [FAKE_REDUCE_ACTION]
11-25 22:47:55.491  2243  2259 I DroidFlux:Dispatcher: [COMPLETED] dispatch of action [FAKE_REDUCE_ACTION]
11-25 22:47:55.519  2243  2281 D ActivityTestRule: Launching activity br.com.catbag.gifreduxsample.ui.GifListActivity
11-25 22:47:55.541  2243  2282 D MonitoringInstrumentation: execStartActivity(context, ibinder, ibinder, activity, intent, int, bundle
11-25 22:47:55.542  1237  1249 I ActivityManager: START u0 {flg=0x10000000 cmp=br.com.catbag.gifreduxsample/.ui.GifListActivity} from uid 10060 on display 0
11-25 22:47:55.585  1237  1258 I WindowManager: Destroying surface Surface(name=Starting br.com.catbag.gifreduxsample) called by com.android.server.wm.WindowStateAnimator.destroySurface:2014 com.android.server.wm.WindowStateAnimator.destroySurfaceLocked:881 com.android.server.wm.WindowState.destroyOrSaveSurface:2073 com.android.server.wm.AppWindowToken.destroySurfaces:363 com.android.server.wm.WindowStateAnimator.finishExit:565 com.android.server.wm.WindowStateAnimator.stepAnimationLocked:491 com.android.server.wm.WindowAnimator.updateWindowsLocked:303 com.android.server.wm.WindowAnimator.animateLocked:704 
11-25 22:47:55.598  1696  1696 I Choreographer: Skipped 44 frames!  The application may be doing too much work on its main thread.
11-25 22:47:55.795  1237  1379 W InputMethodManagerService: Starting input on non-focused client com.android.internal.view.IInputMethodClient$Stub$Proxy@195dc8b (uid=10060 pid=2243)
11-25 22:47:55.805  2243  2243 D LifecycleMonitor: Lifecycle status change: br.com.catbag.gifreduxsample.ui.GifListActivity@4c9e649 in: PRE_ON_CREATE
11-25 22:47:55.845  2243  2243 D LifecycleMonitor: Lifecycle status change: br.com.catbag.gifreduxsample.ui.GifListActivity@4c9e649 in: CREATED
11-25 22:47:55.846  2243  2259 I DroidFlux:Dispatcher: [STARTED] dispatch of action [APP_STATE_LOAD]
11-25 22:47:55.846  2243  2259 D DroidFlux:Dispatcher: An action of type [APP_STATE_LOAD] was dispatched, but no reducer handled it
11-25 22:47:55.846  2243  2259 I DroidFlux:Dispatcher: [COMPLETED] dispatch of action [APP_STATE_LOAD]
11-25 22:47:55.847  2243  2243 D LifecycleMonitor: Lifecycle status change: br.com.catbag.gifreduxsample.ui.GifListActivity@4c9e649 in: STARTED
11-25 22:47:55.873  2243  2243 D LifecycleMonitor: Lifecycle status change: br.com.catbag.gifreduxsample.ui.GifListActivity@4c9e649 in: RESUMED
11-25 22:47:56.244  1237  1258 I ActivityManager: Displayed br.com.catbag.gifreduxsample/.ui.GifListActivity: +545ms (total +1s453ms)
11-25 22:47:56.277  2243  2243 W ResourceType: No package identifier when getting name for resource number 0x00000006
11-25 22:47:56.277  2243  2243 I ViewInteraction: Performing 'scroll RecyclerView to position: 9' action on view with id: 6 (resource name not found)
11-25 22:47:56.445  1237  1258 I WindowManager: Destroying surface Surface(name=Starting br.com.catbag.gifreduxsample) called by com.android.server.wm.WindowStateAnimator.destroySurface:2014 com.android.server.wm.WindowStateAnimator.destroySurfaceLocked:881 com.android.server.wm.WindowState.destroyOrSaveSurface:2073 com.android.server.wm.AppWindowToken.destroySurfaces:363 com.android.server.wm.WindowStateAnimator.finishExit:565 com.android.server.wm.WindowStateAnimator.stepAnimationLocked:491 com.android.server.wm.WindowAnimator.updateWindowsLocked:303 com.android.server.wm.WindowAnimator.animateLocked:704 
11-25 22:47:56.489  2243  2243 D LifecycleMonitor: Lifecycle status change: br.com.catbag.gifreduxsample.ui.GifListActivity@122aabb in: STOPPED
11-25 22:47:56.490  2243  2243 D LifecycleMonitor: Lifecycle status change: br.com.catbag.gifreduxsample.ui.GifListActivity@122aabb in: DESTROYED
11-25 22:47:56.496  1237  1379 I WindowManager: Destroying surface Surface(name=br.com.catbag.gifreduxsample/br.com.catbag.gifreduxsample.ui.GifListActivity) called by com.android.server.wm.WindowStateAnimator.destroySurface:2014 com.android.server.wm.WindowStateAnimator.destroySurfaceLocked:881 com.android.server.wm.WindowState.removeLocked:1449 com.android.server.wm.WindowManagerService.removeWindowInnerLocked:2478 com.android.server.wm.WindowManagerService.removeWindowLocked:2436 com.android.server.wm.WindowManagerService.removeWindowLocked:2305 com.android.server.wm.WindowManagerService.removeWindow:2300 com.android.server.wm.Session.remove:193 
11-25 22:47:56.505  2243  2243 D LifecycleMonitor: Lifecycle status change: br.com.catbag.gifreduxsample.ui.GifListActivity@b549a93 in: STOPPED
11-25 22:47:56.506  2243  2243 D LifecycleMonitor: Lifecycle status change: br.com.catbag.gifreduxsample.ui.GifListActivity@b549a93 in: DESTROYED
11-25 22:47:56.510  1237  1557 I WindowManager: Destroying surface Surface(name=br.com.catbag.gifreduxsample/br.com.catbag.gifreduxsample.ui.GifListActivity) called by com.android.server.wm.WindowStateAnimator.destroySurface:2014 com.android.server.wm.WindowStateAnimator.destroySurfaceLocked:881 com.android.server.wm.WindowState.removeLocked:1449 com.android.server.wm.WindowManagerService.removeWindowInnerLocked:2478 com.android.server.wm.WindowManagerService.removeWindowLocked:2436 com.android.server.wm.WindowManagerService.removeWindowLocked:2305 com.android.server.wm.WindowManagerService.removeWindow:2300 com.android.server.wm.Session.remove:193 
11-25 22:47:56.565  1237  1314 I WindowManager: Destroying surface Surface(name=com.android.launcher3/com.android.launcher3.Launcher) called by com.android.server.wm.WindowStateAnimator.destroySurface:2014 com.android.server.wm.WindowStateAnimator.destroySurfaceLocked:881 com.android.server.wm.WindowState.destroyOrSaveSurface:2073 com.android.server.wm.AppWindowToken.destroySurfaces:363 com.android.server.wm.AppWindowToken.notifyAppStopped:389 com.android.server.wm.WindowManagerService.notifyAppStopped:4456 com.android.server.am.ActivityStack.activityStoppedLocked:1252 com.android.server.am.ActivityManagerService.activityStopped:6873 
11-25 22:47:56.694  2243  2243 W ResourceType: No package identifier when getting name for resource number 0x00000006
11-25 22:47:56.745  2243  2258 I TestRunner: finished: whenEndlessScrollNotTriggered(br.com.catbag.gifreduxsample.ui.giflist.GifListActivityTest)
11-25 22:47:56.747  2243  2243 D LifecycleMonitor: Lifecycle status change: br.com.catbag.gifreduxsample.ui.GifListActivity@4c9e649 in: PAUSED
11-25 22:47:56.865   978   978 D gralloc : Registering a buffer in the process that created it. This may cause memory ordering problems.
11-25 22:47:56.866   978   978 E libEGL  : called unimplemented OpenGL ES API
11-25 22:47:56.866   978   978 E SurfaceFlinger: glCheckFramebufferStatusOES error 2054343128
11-25 22:47:56.866   978   978 E SurfaceFlinger: got GL_FRAMEBUFFER_COMPLETE_OES error while taking screenshot
11-25 22:47:56.873  1237  1379 W WindowManager: Screenshot failure taking screenshot for (480x800) to layer 21005
11-25 22:47:56.881  2243  2243 I MonitoringInstrumentation: Activities that are still in CREATED to STOPPED: 1
11-25 22:47:56.883  2243  2258 I TestRunner: started: whenGifListIsNotEmpty(br.com.catbag.gifreduxsample.ui.giflist.GifListActivityTest)
11-25 22:47:56.885  2243  2243 I MonitoringInstrumentation: Activities that are still in CREATED to STOPPED: 1
11-25 22:47:57.011  2243  2259 I DroidFlux:Dispatcher: [STARTED] dispatch of action [FAKE_REDUCE_ACTION]
11-25 22:47:57.012  2243  2259 I DroidFlux:Dispatcher: [COMPLETED] dispatch of action [FAKE_REDUCE_ACTION]
11-25 22:47:57.014  2243  2285 D ActivityTestRule: Launching activity br.com.catbag.gifreduxsample.ui.GifListActivity
11-25 22:47:57.016  2243  2286 D MonitoringInstrumentation: execStartActivity(context, ibinder, ibinder, activity, intent, int, bundle
11-25 22:47:57.021  1237  1685 I ActivityManager: START u0 {flg=0x10000000 cmp=br.com.catbag.gifreduxsample/.ui.GifListActivity} from uid 10060 on display 0
11-25 22:47:57.080  2243  2243 D LifecycleMonitor: Lifecycle status change: br.com.catbag.gifreduxsample.ui.GifListActivity@9888179 in: PRE_ON_CREATE
11-25 22:47:57.102  2243  2243 D LifecycleMonitor: Lifecycle status change: br.com.catbag.gifreduxsample.ui.GifListActivity@9888179 in: CREATED
11-25 22:47:57.102  2243  2243 D LifecycleMonitor: Lifecycle status change: br.com.catbag.gifreduxsample.ui.GifListActivity@9888179 in: STARTED
11-25 22:47:57.103  2243  2259 I DroidFlux:Dispatcher: [STARTED] dispatch of action [APP_STATE_LOAD]
11-25 22:47:57.104  2243  2259 D DroidFlux:Dispatcher: An action of type [APP_STATE_LOAD] was dispatched, but no reducer handled it
11-25 22:47:57.104  2243  2259 I DroidFlux:Dispatcher: [COMPLETED] dispatch of action [APP_STATE_LOAD]
11-25 22:47:57.121  2243  2243 D LifecycleMonitor: Lifecycle status change: br.com.catbag.gifreduxsample.ui.GifListActivity@9888179 in: RESUMED
11-25 22:47:57.137  2243  2248 I art     : Do partial code cache collection, code=57KB, data=62KB
11-25 22:47:57.137  2243  2248 I art     : After code cache collection, code=56KB, data=61KB
11-25 22:47:57.137  2243  2248 I art     : Increasing code cache capacity to 256KB
11-25 22:47:57.155  1237  1258 I Choreographer: Skipped 31 frames!  The application may be doing too much work on its main thread.
11-25 22:47:57.190  2243  2259 I DroidFlux:Dispatcher: [STARTED] dispatch of action [GIF_LIST_FETCHING]
11-25 22:47:57.191  2243  2259 D DroidFlux:Dispatcher: An action of type [GIF_LIST_FETCHING] was dispatched, but no reducer handled it
11-25 22:47:57.191  2243  2259 I DroidFlux:Dispatcher: [COMPLETED] dispatch of action [GIF_LIST_FETCHING]
11-25 22:47:57.230  1237  1685 W InputMethodManagerService: Starting input on non-focused client com.android.internal.view.IInputMethodClient$Stub$Proxy@187064 (uid=10012 pid=1696)
11-25 22:47:57.274  2243  2243 D LifecycleMonitor: Lifecycle status change: br.com.catbag.gifreduxsample.ui.GifListActivity@9888179 in: PAUSED
11-25 22:47:57.284  2243  2258 I TestRunner: finished: whenGifListIsNotEmpty(br.com.catbag.gifreduxsample.ui.giflist.GifListActivityTest)
11-25 22:47:57.304  1237  1557 I WindowManager: Failed to capture screenshot of Token{8670b5f ActivityRecord{e3657fe u0 br.com.catbag.gifreduxsample/.ui.GifListActivity t7 f}} appWin=Window{10b68d6 u0 br.com.catbag.gifreduxsample/br.com.catbag.gifreduxsample.ui.GifListActivity} drawState=4
11-25 22:47:57.311  2243  2243 I MonitoringInstrumentation: Activities that are still in CREATED to STOPPED: 2
11-25 22:47:57.312  2243  2258 I TestRunner: started: whenGifIsDownloadingTest(br.com.catbag.gifreduxsample.ui.giflist.GifListActivityTest)
11-25 22:47:57.326  2243  2243 I MonitoringInstrumentation: Activities that are still in CREATED to STOPPED: 2
11-25 22:47:57.344  2243  2259 I DroidFlux:Dispatcher: [STARTED] dispatch of action [FAKE_REDUCE_ACTION]
11-25 22:47:57.345  2243  2259 I DroidFlux:Dispatcher: [COMPLETED] dispatch of action [FAKE_REDUCE_ACTION]
11-25 22:47:57.347  2243  2287 D ActivityTestRule: Launching activity br.com.catbag.gifreduxsample.ui.GifListActivity
11-25 22:47:57.353  2243  2259 I DroidFlux:Dispatcher: [STARTED] dispatch of action [GIF_LIST_FETCHING]
11-25 22:47:57.353  2243  2259 D DroidFlux:Dispatcher: An action of type [GIF_LIST_FETCHING] was dispatched, but no reducer handled it
11-25 22:47:57.353  2243  2259 I DroidFlux:Dispatcher: [COMPLETED] dispatch of action [GIF_LIST_FETCHING]
11-25 22:47:57.361  1237  1685 D WindowManager: relayoutVisibleWindow: Window{59c1831 u0 com.android.launcher3/com.android.launcher3.Launcher EXITING} mAnimatingExit=true, mRemoveOnExit=false, mDestroying=false
11-25 22:47:57.400  2243  2288 D MonitoringInstrumentation: execStartActivity(context, ibinder, ibinder, activity, intent, int, bundle
11-25 22:47:57.400  1237  1558 I ActivityManager: START u0 {flg=0x10000000 cmp=br.com.catbag.gifreduxsample/.ui.GifListActivity} from uid 10060 on display 0
11-25 22:47:57.422  1237  1258 I Choreographer: Skipped 57 frames!  The application may be doing too much work on its main thread.
11-25 22:47:57.486  2243  2243 D LifecycleMonitor: Lifecycle status change: br.com.catbag.gifreduxsample.ui.GifListActivity@3bc8f64 in: PRE_ON_CREATE
11-25 22:47:57.527  2243  2243 D LifecycleMonitor: Lifecycle status change: br.com.catbag.gifreduxsample.ui.GifListActivity@3bc8f64 in: CREATED
11-25 22:47:57.534  2243  2243 D LifecycleMonitor: Lifecycle status change: br.com.catbag.gifreduxsample.ui.GifListActivity@3bc8f64 in: STARTED
11-25 22:47:57.535  2243  2243 D LifecycleMonitor: Lifecycle status change: br.com.catbag.gifreduxsample.ui.GifListActivity@3bc8f64 in: RESUMED
11-25 22:47:57.540  2243  2259 I DroidFlux:Dispatcher: [STARTED] dispatch of action [APP_STATE_LOAD]
11-25 22:47:57.541  2243  2259 D DroidFlux:Dispatcher: An action of type [APP_STATE_LOAD] was dispatched, but no reducer handled it
11-25 22:47:57.541  2243  2259 I DroidFlux:Dispatcher: [COMPLETED] dispatch of action [APP_STATE_LOAD]
11-25 22:47:57.872  1237  1258 I WindowManager: Destroying surface Surface(name=Starting br.com.catbag.gifreduxsample) called by com.android.server.wm.WindowStateAnimator.destroySurface:2014 com.android.server.wm.WindowStateAnimator.destroySurfaceLocked:881 com.android.server.wm.WindowState.removeLocked:1449 com.android.server.wm.WindowManagerService.removeWindowInnerLocked:2478 com.android.server.wm.AppWindowToken.destroySurfaces:365 com.android.server.wm.WindowStateAnimator.finishExit:565 com.android.server.wm.WindowStateAnimator.stepAnimationLocked:491 com.android.server.wm.WindowAnimator.updateWindowsLocked:303 
11-25 22:47:57.891  1237  1258 I ActivityManager: Displayed br.com.catbag.gifreduxsample/.ui.GifListActivity: +409ms (total +817ms)
11-25 22:47:57.962  2243  2254 W art     : Suspending all threads took: 117.610ms
11-25 22:47:58.015  2243  2243 D LifecycleMonitor: Lifecycle status change: br.com.catbag.gifreduxsample.ui.GifListActivity@3bc8f64 in: PAUSED
11-25 22:47:58.016  2243  2258 I TestRunner: finished: whenGifIsDownloadingTest(br.com.catbag.gifreduxsample.ui.giflist.GifListActivityTest)
11-25 22:47:58.040  1237  1685 D WindowManager: relayoutVisibleWindow: Window{59c1831 u0 com.android.launcher3/com.android.launcher3.Launcher EXITING} mAnimatingExit=true, mRemoveOnExit=false, mDestroying=false
11-25 22:47:58.056  2243  2254 I art     : Background sticky concurrent mark sweep GC freed 14993(1067KB) AllocSpace objects, 4(80KB) LOS objects, 12% free, 8MB/9MB, paused 123.214ms total 724.858ms
11-25 22:47:58.101  1324  1337 W art     : Long monitor contention with owner main (1324) at long android.os.SystemClock.uptimeMillis()(SystemClock.java:-2) waiters=0 in boolean android.os.MessageQueue.enqueueMessage(android.os.Message, long) for 770ms
11-25 22:47:58.108   978   978 D gralloc : Registering a buffer in the process that created it. This may cause memory ordering problems.
11-25 22:47:58.108   978   978 E libEGL  : called unimplemented OpenGL ES API
11-25 22:47:58.110   978   978 E SurfaceFlinger: glCheckFramebufferStatusOES error 2054343128
11-25 22:47:58.110   978   978 E SurfaceFlinger: got GL_FRAMEBUFFER_COMPLETE_OES error while taking screenshot
11-25 22:47:58.112  1237  1249 W WindowManager: Screenshot failure taking screenshot for (480x800) to layer 22020
11-25 22:47:58.173  2243  2243 I MonitoringInstrumentation: Activities that are still in CREATED to STOPPED: 3
11-25 22:47:58.174  2243  2243 W IInputConnectionWrapper: reportFullscreenMode on inexistent InputConnection
11-25 22:47:58.176  2243  2258 I TestRunner: started: whenListKeepOrderedAfterPlayTest(br.com.catbag.gifreduxsample.ui.giflist.GifListActivityTest)
11-25 22:47:58.195  2243  2243 I MonitoringInstrumentation: Activities that are still in CREATED to STOPPED: 3
11-25 22:47:58.221  2243  2259 I DroidFlux:Dispatcher: [STARTED] dispatch of action [FAKE_REDUCE_ACTION]
11-25 22:47:58.222  2243  2259 I DroidFlux:Dispatcher: [COMPLETED] dispatch of action [FAKE_REDUCE_ACTION]
11-25 22:47:58.223  2243  2289 D ActivityTestRule: Launching activity br.com.catbag.gifreduxsample.ui.GifListActivity
11-25 22:47:58.231  2243  2290 D MonitoringInstrumentation: execStartActivity(context, ibinder, ibinder, activity, intent, int, bundle
11-25 22:47:58.232  1237  1558 I ActivityManager: START u0 {flg=0x10000000 cmp=br.com.catbag.gifreduxsample/.ui.GifListActivity} from uid 10060 on display 0
11-25 22:47:58.308  1237  1258 I WindowManager: Destroying surface Surface(name=Starting br.com.catbag.gifreduxsample) called by com.android.server.wm.WindowStateAnimator.destroySurface:2014 com.android.server.wm.WindowStateAnimator.destroySurfaceLocked:881 com.android.server.wm.WindowState.removeLocked:1449 com.android.server.wm.WindowManagerService.removeWindowInnerLocked:2478 com.android.server.wm.AppWindowToken.destroySurfaces:365 com.android.server.wm.WindowStateAnimator.finishExit:565 com.android.server.wm.WindowStateAnimator.stepAnimationLocked:491 com.android.server.wm.WindowAnimator.updateWindowsLocked:303 
11-25 22:47:58.337  2243  2243 D LifecycleMonitor: Lifecycle status change: br.com.catbag.gifreduxsample.ui.GifListActivity@a798e2e in: PRE_ON_CREATE
11-25 22:47:58.384  2243  2243 D LifecycleMonitor: Lifecycle status change: br.com.catbag.gifreduxsample.ui.GifListActivity@a798e2e in: CREATED
11-25 22:47:58.386  2243  2259 I DroidFlux:Dispatcher: [STARTED] dispatch of action [APP_STATE_LOAD]
11-25 22:47:58.386  2243  2259 D DroidFlux:Dispatcher: An action of type [APP_STATE_LOAD] was dispatched, but no reducer handled it
11-25 22:47:58.386  2243  2259 I DroidFlux:Dispatcher: [COMPLETED] dispatch of action [APP_STATE_LOAD]
11-25 22:47:58.386  2243  2243 D LifecycleMonitor: Lifecycle status change: br.com.catbag.gifreduxsample.ui.GifListActivity@a798e2e in: STARTED
11-25 22:47:58.388  2243  2243 D LifecycleMonitor: Lifecycle status change: br.com.catbag.gifreduxsample.ui.GifListActivity@a798e2e in: RESUMED
11-25 22:47:58.538  1237  1258 I Choreographer: Skipped 44 frames!  The application may be doing too much work on its main thread.
11-25 22:47:58.711  2243  2243 W ResourceType: No package identifier when getting name for resource number 0x0000000e
11-25 22:47:58.711  2243  2243 I ViewInteraction: Performing 'single click' action on view with id: 14 (resource name not found)
11-25 22:47:58.753  1237  1258 I ActivityManager: Displayed br.com.catbag.gifreduxsample/.ui.GifListActivity: +431ms
11-25 22:47:58.775  2243  2259 I DroidFlux:Dispatcher: [STARTED] dispatch of action [GIF_PLAY]
11-25 22:47:58.776  2243  2259 I DroidFlux:Dispatcher: [COMPLETED] dispatch of action [GIF_PLAY]
11-25 22:47:58.819   985  1022 D AudioFlinger: mixer(0xa7a83040) throttle end: throttle time(11)
11-25 22:47:58.839   985  1022 D AudioFlinger: mixer(0xa7a83040) throttle end: throttle time(11)
11-25 22:47:58.981  1237  1258 I WindowManager: Destroying surface Surface(name=Starting br.com.catbag.gifreduxsample) called by com.android.server.wm.WindowStateAnimator.destroySurface:2014 com.android.server.wm.WindowStateAnimator.destroySurfaceLocked:881 com.android.server.wm.WindowState.destroyOrSaveSurface:2073 com.android.server.wm.AppWindowToken.destroySurfaces:363 com.android.server.wm.WindowStateAnimator.finishExit:565 com.android.server.wm.WindowStateAnimator.stepAnimationLocked:491 com.android.server.wm.WindowAnimator.updateWindowsLocked:303 com.android.server.wm.WindowAnimator.animateLocked:704 
11-25 22:47:59.306  2243  2254 I art     : Background partial concurrent mark sweep GC freed 5660(372KB) AllocSpace objects, 2(48KB) LOS objects, 31% free, 8MB/12MB, paused 55.664ms total 656.276ms
11-25 22:47:59.376  2243  2243 D LifecycleMonitor: Lifecycle status change: br.com.catbag.gifreduxsample.ui.GifListActivity@3bc8f64 in: STOPPED
11-25 22:47:59.376  2243  2243 D LifecycleMonitor: Lifecycle status change: br.com.catbag.gifreduxsample.ui.GifListActivity@3bc8f64 in: DESTROYED
11-25 22:47:59.391  1237  1314 I WindowManager: Destroying surface Surface(name=br.com.catbag.gifreduxsample/br.com.catbag.gifreduxsample.ui.GifListActivity) called by com.android.server.wm.WindowStateAnimator.destroySurface:2014 com.android.server.wm.WindowStateAnimator.destroySurfaceLocked:881 com.android.server.wm.WindowState.removeLocked:1449 com.android.server.wm.WindowManagerService.removeWindowInnerLocked:2478 com.android.server.wm.WindowManagerService.removeWindowLocked:2436 com.android.server.wm.WindowManagerService.removeWindowLocked:2305 com.android.server.wm.WindowManagerService.removeWindow:2300 com.android.server.wm.Session.remove:193 
11-25 22:47:59.395  1237  1685 I WindowManager: Destroying surface Surface(name=com.android.launcher3/com.android.launcher3.Launcher) called by com.android.server.wm.WindowStateAnimator.destroySurface:2014 com.android.server.wm.WindowStateAnimator.destroySurfaceLocked:881 com.android.server.wm.WindowState.destroyOrSaveSurface:2073 com.android.server.wm.AppWindowToken.destroySurfaces:363 com.android.server.wm.AppWindowToken.notifyAppStopped:389 com.android.server.wm.WindowManagerService.notifyAppStopped:4456 com.android.server.am.ActivityStack.activityStoppedLocked:1252 com.android.server.am.ActivityManagerService.activityStopped:6873 
11-25 22:47:59.407  2243  2243 D LifecycleMonitor: Lifecycle status change: br.com.catbag.gifreduxsample.ui.GifListActivity@9888179 in: STOPPED
11-25 22:47:59.407  2243  2243 D LifecycleMonitor: Lifecycle status change: br.com.catbag.gifreduxsample.ui.GifListActivity@9888179 in: DESTROYED
11-25 22:47:59.410  1237  1249 I WindowManager: Destroying surface Surface(name=br.com.catbag.gifreduxsample/br.com.catbag.gifreduxsample.ui.GifListActivity) called by com.android.server.wm.WindowStateAnimator.destroySurface:2014 com.android.server.wm.WindowStateAnimator.destroySurfaceLocked:881 com.android.server.wm.WindowState.removeLocked:1449 com.android.server.wm.WindowManagerService.removeWindowInnerLocked:2478 com.android.server.wm.WindowManagerService.removeWindowLocked:2436 com.android.server.wm.WindowManagerService.removeWindowLocked:2305 com.android.server.wm.WindowManagerService.removeWindow:2300 com.android.server.wm.Session.remove:193 
11-25 22:47:59.414  2243  2243 D LifecycleMonitor: Lifecycle status change: br.com.catbag.gifreduxsample.ui.GifListActivity@4c9e649 in: STOPPED
11-25 22:47:59.415  2243  2243 D LifecycleMonitor: Lifecycle status change: br.com.catbag.gifreduxsample.ui.GifListActivity@4c9e649 in: DESTROYED
11-25 22:47:59.417  1237  1379 I WindowManager: Destroying surface Surface(name=br.com.catbag.gifreduxsample/br.com.catbag.gifreduxsample.ui.GifListActivity) called by com.android.server.wm.WindowStateAnimator.destroySurface:2014 com.android.server.wm.WindowStateAnimator.destroySurfaceLocked:881 com.android.server.wm.WindowState.removeLocked:1449 com.android.server.wm.WindowManagerService.removeWindowInnerLocked:2478 com.android.server.wm.WindowManagerService.removeWindowLocked:2436 com.android.server.wm.WindowManagerService.removeWindowLocked:2305 com.android.server.wm.WindowManagerService.removeWindow:2300 com.android.server.wm.Session.remove:193 
11-25 22:47:59.457  2243  2243 W ResourceType: No package identifier when getting name for resource number 0x00000012
11-25 22:47:59.457  2243  2243 I ViewInteraction: Performing 'scroll RecyclerView to position: 2' action on view with id: 18 (resource name not found)
11-25 22:47:59.752  2243  2243 W ResourceType: No package identifier when getting name for resource number 0x00000012
11-25 22:47:59.761  2243  2243 W ResourceType: No package identifier when getting name for resource number 0x0000001a
11-25 22:47:59.761  2243  2243 I ViewInteraction: Performing 'single click' action on view with id: 26 (resource name not found)
11-25 22:47:59.816  2243  2259 I DroidFlux:Dispatcher: [STARTED] dispatch of action [GIF_PLAY]
11-25 22:47:59.817  2243  2259 I DroidFlux:Dispatcher: [COMPLETED] dispatch of action [GIF_PLAY]
11-25 22:48:00.396  2243  2243 W ResourceType: No package identifier when getting name for resource number 0x0000001e
11-25 22:48:00.396  2243  2243 I ViewInteraction: Performing 'scroll RecyclerView to position: 3' action on view with id: 30 (resource name not found)
11-25 22:48:00.706  2243  2243 W ResourceType: No package identifier when getting name for resource number 0x0000001e
11-25 22:48:00.724  2243  2243 W ResourceType: No package identifier when getting name for resource number 0x00000026
11-25 22:48:00.725  2243  2243 I ViewInteraction: Performing 'single click' action on view with id: 38 (resource name not found)
11-25 22:48:00.786  2243  2259 I DroidFlux:Dispatcher: [STARTED] dispatch of action [GIF_PLAY]
11-25 22:48:00.787  2243  2259 I DroidFlux:Dispatcher: [COMPLETED] dispatch of action [GIF_PLAY]
11-25 22:48:01.335  2243  2243 W ResourceType: No package identifier when getting name for resource number 0x0000002a
11-25 22:48:01.336  2243  2243 I ViewInteraction: Performing 'scroll RecyclerView to position: 4' action on view with id: 42 (resource name not found)
11-25 22:48:01.424  1237  1323 E TaskPersister: File error accessing recents directory (directory doesn't exist?).
11-25 22:48:01.622  2243  2243 W ResourceType: No package identifier when getting name for resource number 0x0000002a
11-25 22:48:01.629  2243  2243 W ResourceType: No package identifier when getting name for resource number 0x00000032
11-25 22:48:01.629  2243  2243 I ViewInteraction: Performing 'single click' action on view with id: 50 (resource name not found)
11-25 22:48:01.681  2243  2259 I DroidFlux:Dispatcher: [STARTED] dispatch of action [GIF_PLAY]
11-25 22:48:01.683  2243  2259 I DroidFlux:Dispatcher: [COMPLETED] dispatch of action [GIF_PLAY]
11-25 22:48:02.266  2243  2243 W ResourceType: No package identifier when getting name for resource number 0x00000036
11-25 22:48:02.266  2243  2243 I ViewInteraction: Performing 'scroll RecyclerView to position: 5' action on view with id: 54 (resource name not found)
11-25 22:48:02.561  2243  2243 W ResourceType: No package identifier when getting name for resource number 0x00000036
11-25 22:48:02.575  2243  2243 W ResourceType: No package identifier when getting name for resource number 0x0000003e
11-25 22:48:02.575  2243  2243 I ViewInteraction: Performing 'single click' action on view with id: 62 (resource name not found)
11-25 22:48:02.632  2243  2259 I DroidFlux:Dispatcher: [STARTED] dispatch of action [GIF_PLAY]
11-25 22:48:02.633  2243  2259 I DroidFlux:Dispatcher: [COMPLETED] dispatch of action [GIF_PLAY]
11-25 22:48:03.215  2243  2243 W ResourceType: No package identifier when getting name for resource number 0x00000042
11-25 22:48:03.216  2243  2243 I ViewInteraction: Performing 'scroll RecyclerView to position: 6' action on view with id: 66 (resource name not found)
11-25 22:48:03.518  2243  2243 W ResourceType: No package identifier when getting name for resource number 0x00000042
11-25 22:48:03.539  2243  2243 W ResourceType: No package identifier when getting name for resource number 0x0000004a
11-25 22:48:03.540  2243  2243 I ViewInteraction: Performing 'single click' action on view with id: 74 (resource name not found)
11-25 22:48:03.596  2243  2259 I DroidFlux:Dispatcher: [STARTED] dispatch of action [GIF_PLAY]
11-25 22:48:03.597  2243  2259 I DroidFlux:Dispatcher: [COMPLETED] dispatch of action [GIF_PLAY]
11-25 22:48:04.148  2243  2243 W ResourceType: No package identifier when getting name for resource number 0x0000004e
11-25 22:48:04.148  2243  2243 I ViewInteraction: Performing 'scroll RecyclerView to position: 7' action on view with id: 78 (resource name not found)
11-25 22:48:04.226  2243  2254 I art     : Background sticky concurrent mark sweep GC freed 23928(1953KB) AllocSpace objects, 15(320KB) LOS objects, 18% free, 10MB/12MB, paused 5.083ms total 52.413ms
11-25 22:48:04.442  2243  2243 W ResourceType: No package identifier when getting name for resource number 0x0000004e
11-25 22:48:04.449  2243  2243 W ResourceType: No package identifier when getting name for resource number 0x00000056
11-25 22:48:04.449  2243  2243 I ViewInteraction: Performing 'single click' action on view with id: 86 (resource name not found)
11-25 22:48:04.524  2243  2259 I DroidFlux:Dispatcher: [STARTED] dispatch of action [GIF_PLAY]
11-25 22:48:04.525  2243  2259 I DroidFlux:Dispatcher: [COMPLETED] dispatch of action [GIF_PLAY]
11-25 22:48:05.112  2243  2243 W ResourceType: No package identifier when getting name for resource number 0x0000005a
11-25 22:48:05.113  2243  2243 I ViewInteraction: Performing 'scroll RecyclerView to position: 8' action on view with id: 90 (resource name not found)
11-25 22:48:05.427  2243  2243 W ResourceType: No package identifier when getting name for resource number 0x0000005a
11-25 22:48:05.446  2243  2243 W ResourceType: No package identifier when getting name for resource number 0x00000062
11-25 22:48:05.446  2243  2243 I ViewInteraction: Performing 'single click' action on view with id: 98 (resource name not found)
11-25 22:48:05.507  2243  2259 I DroidFlux:Dispatcher: [STARTED] dispatch of action [GIF_PLAY]
11-25 22:48:05.522  2243  2259 I DroidFlux:Dispatcher: [COMPLETED] dispatch of action [GIF_PLAY]
11-25 22:48:06.133  2243  2243 W ResourceType: No package identifier when getting name for resource number 0x00000066
11-25 22:48:06.134  2243  2243 I ViewInteraction: Performing 'scroll RecyclerView to position: 9' action on view with id: 102 (resource name not found)
11-25 22:48:06.424  2243  2243 W ResourceType: No package identifier when getting name for resource number 0x00000066
11-25 22:48:06.437  2243  2243 W ResourceType: No package identifier when getting name for resource number 0x0000006e
11-25 22:48:06.437  2243  2243 I ViewInteraction: Performing 'single click' action on view with id: 110 (resource name not found)
11-25 22:48:06.498  2243  2259 I DroidFlux:Dispatcher: [STARTED] dispatch of action [GIF_PLAY]
11-25 22:48:06.504  2243  2259 I DroidFlux:Dispatcher: [COMPLETED] dispatch of action [GIF_PLAY]
11-25 22:48:06.563  2243  2248 I art     : Do full code cache collection, code=122KB, data=123KB
11-25 22:48:06.564  2243  2248 I art     : After code cache collection, code=99KB, data=81KB
11-25 22:48:07.011  2243  2243 W ResourceType: No package identifier when getting name for resource number 0x00000072
11-25 22:48:07.013  2243  2243 I ViewInteraction: Performing 'scroll RecyclerView to position: 10' action on view with id: 114 (resource name not found)
11-25 22:48:07.313  2243  2243 W ResourceType: No package identifier when getting name for resource number 0x00000072
11-25 22:48:07.332  2243  2243 W ResourceType: No package identifier when getting name for resource number 0x0000007a
11-25 22:48:07.332  2243  2243 I ViewInteraction: Performing 'single click' action on view with id: 122 (resource name not found)
11-25 22:48:07.374  2243  2254 I art     : Background sticky concurrent mark sweep GC freed 16737(1447KB) AllocSpace objects, 10(208KB) LOS objects, 11% free, 11MB/12MB, paused 5.481ms total 69.721ms
11-25 22:48:07.386  2243  2259 I DroidFlux:Dispatcher: [STARTED] dispatch of action [GIF_PLAY]
11-25 22:48:07.388  2243  2259 I DroidFlux:Dispatcher: [COMPLETED] dispatch of action [GIF_PLAY]
11-25 22:48:07.944  2243  2243 W ResourceType: No package identifier when getting name for resource number 0x0000007e
11-25 22:48:07.944  2243  2243 I ViewInteraction: Performing 'scroll RecyclerView to position: 11' action on view with id: 126 (resource name not found)
11-25 22:48:08.234  2243  2243 W ResourceType: No package identifier when getting name for resource number 0x0000007e
11-25 22:48:08.243  2243  2243 W ResourceType: No package identifier when getting name for resource number 0x00000086
11-25 22:48:08.243  2243  2243 I ViewInteraction: Performing 'single click' action on view with id: 134 (resource name not found)
11-25 22:48:08.297  2243  2259 I DroidFlux:Dispatcher: [STARTED] dispatch of action [GIF_PLAY]
11-25 22:48:08.297  2243  2259 I DroidFlux:Dispatcher: [COMPLETED] dispatch of action [GIF_PLAY]
11-25 22:48:08.866  2243  2243 W ResourceType: No package identifier when getting name for resource number 0x0000008a
11-25 22:48:08.866  2243  2243 I ViewInteraction: Performing 'scroll RecyclerView to position: 12' action on view with id: 138 (resource name not found)
11-25 22:48:09.165  2243  2243 W ResourceType: No package identifier when getting name for resource number 0x0000008a
11-25 22:48:09.194  2243  2243 W ResourceType: No package identifier when getting name for resource number 0x00000092
11-25 22:48:09.194  2243  2243 I ViewInteraction: Performing 'single click' action on view with id: 146 (resource name not found)
11-25 22:48:09.255  2243  2259 I DroidFlux:Dispatcher: [STARTED] dispatch of action [GIF_PLAY]
11-25 22:48:09.257  2243  2259 I DroidFlux:Dispatcher: [COMPLETED] dispatch of action [GIF_PLAY]
11-25 22:48:09.823  2243  2243 W ResourceType: No package identifier when getting name for resource number 0x00000096
11-25 22:48:09.823  2243  2243 I ViewInteraction: Performing 'scroll RecyclerView to position: 13' action on view with id: 150 (resource name not found)
11-25 22:48:10.113  2243  2243 W ResourceType: No package identifier when getting name for resource number 0x00000096
11-25 22:48:10.137  2243  2243 W ResourceType: No package identifier when getting name for resource number 0x0000009e
11-25 22:48:10.138  2243  2243 I ViewInteraction: Performing 'single click' action on view with id: 158 (resource name not found)
11-25 22:48:10.224  2243  2259 I DroidFlux:Dispatcher: [STARTED] dispatch of action [GIF_PLAY]
11-25 22:48:10.226  2243  2259 I DroidFlux:Dispatcher: [COMPLETED] dispatch of action [GIF_PLAY]
11-25 22:48:10.243  2243  2254 I art     : Background sticky concurrent mark sweep GC freed 4508(374KB) AllocSpace objects, 3(64KB) LOS objects, 4% free, 12MB/12MB, paused 8.323ms total 118.759ms
11-25 22:48:10.775  2243  2243 W ResourceType: No package identifier when getting name for resource number 0x000000a2
11-25 22:48:10.775  2243  2243 I ViewInteraction: Performing 'scroll RecyclerView to position: 14' action on view with id: 162 (resource name not found)
11-25 22:48:11.070  2243  2243 W ResourceType: No package identifier when getting name for resource number 0x000000a2
11-25 22:48:11.091  2243  2243 W ResourceType: No package identifier when getting name for resource number 0x000000aa
11-25 22:48:11.091  2243  2243 I ViewInteraction: Performing 'single click' action on view with id: 170 (resource name not found)
11-25 22:48:11.150  2243  2259 I DroidFlux:Dispatcher: [STARTED] dispatch of action [GIF_PLAY]
11-25 22:48:11.151  2243  2259 I DroidFlux:Dispatcher: [COMPLETED] dispatch of action [GIF_PLAY]
11-25 22:48:11.166  2243  2254 I art     : Background partial concurrent mark sweep GC freed 10228(686KB) AllocSpace objects, 10(1412KB) LOS objects, 26% free, 10MB/14MB, paused 4.942ms total 101.884ms
11-25 22:48:11.774  2243  2243 W ResourceType: No package identifier when getting name for resource number 0x000000ae
11-25 22:48:11.775  2243  2243 I ViewInteraction: Performing 'scroll RecyclerView to position: 15' action on view with id: 174 (resource name not found)
11-25 22:48:12.064  2243  2243 W ResourceType: No package identifier when getting name for resource number 0x000000ae
11-25 22:48:12.074  2243  2243 W ResourceType: No package identifier when getting name for resource number 0x000000b6
11-25 22:48:12.074  2243  2243 I ViewInteraction: Performing 'single click' action on view with id: 182 (resource name not found)
11-25 22:48:12.130  2243  2259 I DroidFlux:Dispatcher: [STARTED] dispatch of action [GIF_PLAY]
11-25 22:48:12.132  2243  2259 I DroidFlux:Dispatcher: [COMPLETED] dispatch of action [GIF_PLAY]
11-25 22:48:12.685  2243  2243 W ResourceType: No package identifier when getting name for resource number 0x000000ba
11-25 22:48:12.685  2243  2243 I ViewInteraction: Performing 'scroll RecyclerView to position: 16' action on view with id: 186 (resource name not found)
11-25 22:48:12.706  2243  2259 I DroidFlux:Dispatcher: [STARTED] dispatch of action [GIF_LIST_FETCHING]
11-25 22:48:12.706  2243  2259 D DroidFlux:Dispatcher: An action of type [GIF_LIST_FETCHING] was dispatched, but no reducer handled it
11-25 22:48:12.707  2243  2259 I DroidFlux:Dispatcher: [COMPLETED] dispatch of action [GIF_LIST_FETCHING]
11-25 22:48:12.713  2243  2259 I DroidFlux:Dispatcher: [STARTED] dispatch of action [GIF_LIST_FETCHING]
11-25 22:48:12.713  2243  2259 D DroidFlux:Dispatcher: An action of type [GIF_LIST_FETCHING] was dispatched, but no reducer handled it
11-25 22:48:12.713  2243  2259 I DroidFlux:Dispatcher: [COMPLETED] dispatch of action [GIF_LIST_FETCHING]
11-25 22:48:12.714  2243  2259 I DroidFlux:Dispatcher: [STARTED] dispatch of action [GIF_LIST_FETCHING]
11-25 22:48:12.714  2243  2259 D DroidFlux:Dispatcher: An action of type [GIF_LIST_FETCHING] was dispatched, but no reducer handled it
11-25 22:48:12.714  2243  2259 I DroidFlux:Dispatcher: [COMPLETED] dispatch of action [GIF_LIST_FETCHING]
11-25 22:48:12.715  2243  2259 I DroidFlux:Dispatcher: [STARTED] dispatch of action [GIF_LIST_FETCHING]
11-25 22:48:12.715  2243  2259 D DroidFlux:Dispatcher: An action of type [GIF_LIST_FETCHING] was dispatched, but no reducer handled it
11-25 22:48:12.715  2243  2259 I DroidFlux:Dispatcher: [COMPLETED] dispatch of action [GIF_LIST_FETCHING]
11-25 22:48:12.717  2243  2259 I DroidFlux:Dispatcher: [STARTED] dispatch of action [GIF_LIST_FETCHING]
11-25 22:48:12.717  2243  2259 D DroidFlux:Dispatcher: An action of type [GIF_LIST_FETCHING] was dispatched, but no reducer handled it
11-25 22:48:12.718  2243  2259 I DroidFlux:Dispatcher: [COMPLETED] dispatch of action [GIF_LIST_FETCHING]
11-25 22:48:12.729  2243  2259 I DroidFlux:Dispatcher: [STARTED] dispatch of action [GIF_LIST_FETCHING]
11-25 22:48:12.729  2243  2259 D DroidFlux:Dispatcher: An action of type [GIF_LIST_FETCHING] was dispatched, but no reducer handled it
11-25 22:48:12.729  2243  2259 I DroidFlux:Dispatcher: [COMPLETED] dispatch of action [GIF_LIST_FETCHING]
11-25 22:48:12.729  2243  2259 I DroidFlux:Dispatcher: [STARTED] dispatch of action [GIF_LIST_FETCHING]
11-25 22:48:12.730  2243  2259 D DroidFlux:Dispatcher: An action of type [GIF_LIST_FETCHING] was dispatched, but no reducer handled it
11-25 22:48:12.730  2243  2259 I DroidFlux:Dispatcher: [COMPLETED] dispatch of action [GIF_LIST_FETCHING]
11-25 22:48:12.730  2243  2259 I DroidFlux:Dispatcher: [STARTED] dispatch of action [GIF_LIST_FETCHING]
11-25 22:48:12.731  2243  2259 D DroidFlux:Dispatcher: An action of type [GIF_LIST_FETCHING] was dispatched, but no reducer handled it
11-25 22:48:12.731  2243  2259 I DroidFlux:Dispatcher: [COMPLETED] dispatch of action [GIF_LIST_FETCHING]
11-25 22:48:12.731  2243  2259 I DroidFlux:Dispatcher: [STARTED] dispatch of action [GIF_LIST_FETCHING]
11-25 22:48:12.732  2243  2259 D DroidFlux:Dispatcher: An action of type [GIF_LIST_FETCHING] was dispatched, but no reducer handled it
11-25 22:48:12.732  2243  2259 I DroidFlux:Dispatcher: [COMPLETED] dispatch of action [GIF_LIST_FETCHING]
11-25 22:48:12.732  2243  2259 I DroidFlux:Dispatcher: [STARTED] dispatch of action [GIF_LIST_FETCHING]
11-25 22:48:12.732  2243  2259 D DroidFlux:Dispatcher: An action of type [GIF_LIST_FETCHING] was dispatched, but no reducer handled it
11-25 22:48:12.732  2243  2259 I DroidFlux:Dispatcher: [COMPLETED] dispatch of action [GIF_LIST_FETCHING]
11-25 22:48:12.733  2243  2259 I DroidFlux:Dispatcher: [STARTED] dispatch of action [GIF_LIST_FETCHING]
11-25 22:48:12.733  2243  2259 D DroidFlux:Dispatcher: An action of type [GIF_LIST_FETCHING] was dispatched, but no reducer handled it
11-25 22:48:12.733  2243  2259 I DroidFlux:Dispatcher: [COMPLETED] dispatch of action [GIF_LIST_FETCHING]
11-25 22:48:12.733  2243  2259 I DroidFlux:Dispatcher: [STARTED] dispatch of action [GIF_LIST_FETCHING]
11-25 22:48:12.733  2243  2259 D DroidFlux:Dispatcher: An action of type [GIF_LIST_FETCHING] was dispatched, but no reducer handled it
11-25 22:48:12.734  2243  2259 I DroidFlux:Dispatcher: [COMPLETED] dispatch of action [GIF_LIST_FETCHING]
11-25 22:48:12.734  2243  2259 I DroidFlux:Dispatcher: [STARTED] dispatch of action [GIF_LIST_FETCHING]
11-25 22:48:12.734  2243  2259 D DroidFlux:Dispatcher: An action of type [GIF_LIST_FETCHING] was dispatched, but no reducer handled it
11-25 22:48:12.734  2243  2259 I DroidFlux:Dispatcher: [COMPLETED] dispatch of action [GIF_LIST_FETCHING]
11-25 22:48:12.734  2243  2259 I DroidFlux:Dispatcher: [STARTED] dispatch of action [GIF_LIST_FETCHING]
11-25 22:48:12.735  2243  2259 D DroidFlux:Dispatcher: An action of type [GIF_LIST_FETCHING] was dispatched, but no reducer handled it
11-25 22:48:12.735  2243  2259 I DroidFlux:Dispatcher: [COMPLETED] dispatch of action [GIF_LIST_FETCHING]
11-25 22:48:12.735  2243  2259 I DroidFlux:Dispatcher: [STARTED] dispatch of action [GIF_LIST_FETCHING]
11-25 22:48:12.735  2243  2259 D DroidFlux:Dispatcher: An action of type [GIF_LIST_FETCHING] was dispatched, but no reducer handled it
11-25 22:48:12.736  2243  2259 I DroidFlux:Dispatcher: [COMPLETED] dispatch of action [GIF_LIST_FETCHING]
11-25 22:48:12.736  2243  2259 I DroidFlux:Dispatcher: [STARTED] dispatch of action [GIF_LIST_FETCHING]
11-25 22:48:12.736  2243  2259 D DroidFlux:Dispatcher: An action of type [GIF_LIST_FETCHING] was dispatched, but no reducer handled it
11-25 22:48:12.736  2243  2259 I DroidFlux:Dispatcher: [COMPLETED] dispatch of action [GIF_LIST_FETCHING]
11-25 22:48:12.736  2243  2259 I DroidFlux:Dispatcher: [STARTED] dispatch of action [GIF_LIST_FETCHING]
11-25 22:48:12.737  2243  2259 D DroidFlux:Dispatcher: An action of type [GIF_LIST_FETCHING] was dispatched, but no reducer handled it
11-25 22:48:12.737  2243  2259 I DroidFlux:Dispatcher: [COMPLETED] dispatch of action [GIF_LIST_FETCHING]
11-25 22:48:12.737  2243  2259 I DroidFlux:Dispatcher: [STARTED] dispatch of action [GIF_LIST_FETCHING]
11-25 22:48:12.737  2243  2259 D DroidFlux:Dispatcher: An action of type [GIF_LIST_FETCHING] was dispatched, but no reducer handled it
11-25 22:48:12.737  2243  2259 I DroidFlux:Dispatcher: [COMPLETED] dispatch of action [GIF_LIST_FETCHING]
11-25 22:48:12.738  2243  2259 I DroidFlux:Dispatcher: [STARTED] dispatch of action [GIF_LIST_FETCHING]
11-25 22:48:12.738  2243  2259 D DroidFlux:Dispatcher: An action of type [GIF_LIST_FETCHING] was dispatched, but no reducer handled it
11-25 22:48:12.767  2243  2259 I DroidFlux:Dispatcher: [COMPLETED] dispatch of action [GIF_LIST_FETCHING]
11-25 22:48:12.768  2243  2259 I DroidFlux:Dispatcher: [STARTED] dispatch of action [GIF_LIST_FETCHING]
11-25 22:48:12.768  2243  2259 D DroidFlux:Dispatcher: An action of type [GIF_LIST_FETCHING] was dispatched, but no reducer handled it
11-25 22:48:12.797  2243  2259 I DroidFlux:Dispatcher: [COMPLETED] dispatch of action [GIF_LIST_FETCHING]
11-25 22:48:12.797  2243  2259 I DroidFlux:Dispatcher: [STARTED] dispatch of action [GIF_LIST_FETCHING]
11-25 22:48:12.797  2243  2259 D DroidFlux:Dispatcher: An action of type [GIF_LIST_FETCHING] was dispatched, but no reducer handled it
11-25 22:48:12.797  2243  2259 I DroidFlux:Dispatcher: [COMPLETED] dispatch of action [GIF_LIST_FETCHING]
11-25 22:48:12.798  2243  2259 I DroidFlux:Dispatcher: [STARTED] dispatch of action [GIF_LIST_FETCHING]
11-25 22:48:12.836  2243  2259 D DroidFlux:Dispatcher: An action of type [GIF_LIST_FETCHING] was dispatched, but no reducer handled it
11-25 22:48:12.836  2243  2259 I DroidFlux:Dispatcher: [COMPLETED] dispatch of action [GIF_LIST_FETCHING]
11-25 22:48:12.836  2243  2259 I DroidFlux:Dispatcher: [STARTED] dispatch of action [GIF_LIST_FETCHING]
