--------- beginning of main
11-26 16:33:25.371  2095  2095 D AndroidRuntime: >>>>>> START com.android.internal.os.RuntimeInit uid 2000 <<<<<<
11-26 16:33:25.414  2095  2095 D AndroidRuntime: CheckJNI is ON
11-26 16:33:25.716  2095  2095 W art     : Unexpected CPU variant for X86 using defaults: x86
11-26 16:33:25.861  2095  2095 D ICU     : No timezone override file found: /data/misc/zoneinfo/current/icu/icu_tzdata.dat
11-26 16:33:26.092  2095  2095 E memtrack: Couldn't load memtrack module (No such file or directory)
11-26 16:33:26.092  2095  2095 E android.os.Debug: failed to load memtrack module: -2
11-26 16:33:26.115  2095  2095 I Radio-JNI: register_android_hardware_Radio DONE
11-26 16:33:26.241  2095  2095 D AndroidRuntime: Calling main entry com.android.commands.am.Am
11-26 16:33:26.282  2095  2095 D AndroidRuntime: Shutting down VM
11-26 16:33:26.675  2105  2105 D AndroidRuntime: >>>>>> START com.android.internal.os.RuntimeInit uid 2000 <<<<<<
11-26 16:33:26.678  2105  2105 D AndroidRuntime: CheckJNI is ON
11-26 16:33:26.744  2105  2105 W art     : Unexpected CPU variant for X86 using defaults: x86
11-26 16:33:26.751  2105  2105 D ICU     : No timezone override file found: /data/misc/zoneinfo/current/icu/icu_tzdata.dat
11-26 16:33:26.791  2105  2105 E memtrack: Couldn't load memtrack module (No such file or directory)
11-26 16:33:26.791  2105  2105 E android.os.Debug: failed to load memtrack module: -2
11-26 16:33:26.795  2105  2105 I Radio-JNI: register_android_hardware_Radio DONE
11-26 16:33:26.811  2105  2105 D AndroidRuntime: Calling main entry com.android.commands.pm.Pm
11-26 16:33:26.909  2105  2105 I art     : System.exit called, status: 0
11-26 16:33:26.910  2105  2105 I AndroidRuntime: VM exiting with result code 0.
11-26 16:33:27.599  2116  2116 D AndroidRuntime: >>>>>> START com.android.internal.os.RuntimeInit uid 2000 <<<<<<
11-26 16:33:27.601  2116  2116 D AndroidRuntime: CheckJNI is ON
11-26 16:33:27.642  2116  2116 W art     : Unexpected CPU variant for X86 using defaults: x86
11-26 16:33:27.648  2116  2116 D ICU     : No timezone override file found: /data/misc/zoneinfo/current/icu/icu_tzdata.dat
11-26 16:33:27.670  2116  2116 E memtrack: Couldn't load memtrack module (No such file or directory)
11-26 16:33:27.670  2116  2116 E android.os.Debug: failed to load memtrack module: -2
11-26 16:33:27.671  2116  2116 I Radio-JNI: register_android_hardware_Radio DONE
11-26 16:33:27.686  2116  2116 D AndroidRuntime: Calling main entry com.android.commands.pm.Pm
11-26 16:33:27.732   993   993 I         : free_cache(7066092) avail 512585728
11-26 16:33:35.327  1239  1249 I art     : Background sticky concurrent mark sweep GC freed 30264(2016KB) AllocSpace objects, 9(180KB) LOS objects, 29% free, 7MB/10MB, paused 16.839ms total 628.774ms
11-26 16:33:36.657  2116  2116 I art     : System.exit called, status: 0
11-26 16:33:36.657  2116  2116 I AndroidRuntime: VM exiting with result code 0.
11-26 16:33:36.999  2129  2129 D AndroidRuntime: >>>>>> START com.android.internal.os.RuntimeInit uid 2000 <<<<<<
11-26 16:33:37.002  2129  2129 D AndroidRuntime: CheckJNI is ON
11-26 16:33:37.053  2129  2129 W art     : Unexpected CPU variant for X86 using defaults: x86
11-26 16:33:37.064  2129  2129 D ICU     : No timezone override file found: /data/misc/zoneinfo/current/icu/icu_tzdata.dat
11-26 16:33:37.095  2129  2129 E memtrack: Couldn't load memtrack module (No such file or directory)
11-26 16:33:37.095  2129  2129 E android.os.Debug: failed to load memtrack module: -2
11-26 16:33:37.102  2129  2129 I Radio-JNI: register_android_hardware_Radio DONE
11-26 16:33:37.124  2129  2129 D AndroidRuntime: Calling main entry com.android.commands.pm.Pm
--------- beginning of system
11-26 16:33:37.513  1239  1265 W ActivityManager: Slow operation: 66ms so far, now at startProcess: returned from zygote!
11-26 16:33:37.514  1239  1265 W ActivityManager: Slow operation: 67ms so far, now at startProcess: done updating battery stats
11-26 16:33:37.515  1239  1265 W ActivityManager: Slow operation: 68ms so far, now at startProcess: building log message
11-26 16:33:37.515  1239  1265 I ActivityManager: Start proc 2139:com.android.defcontainer/u0a5 for service com.android.defcontainer/.DefaultContainerService
11-26 16:33:37.515  1239  1265 W ActivityManager: Slow operation: 68ms so far, now at startProcess: starting to update pids map
11-26 16:33:37.526  1239  1265 W ActivityManager: Slow operation: 80ms so far, now at startProcess: done updating pids map
11-26 16:33:37.527  1239  1265 W ActivityManager: Slow operation: 85ms so far, now at startProcess: done starting proc!
11-26 16:33:37.558  2139  2139 W art     : Unexpected CPU variant for X86 using defaults: x86
11-26 16:33:37.849  1239  1265 I PackageManager.DexOptimizer: Running dexopt (dex2oat) on: /data/app/vmdl1044711106.tmp/base.apk pkg=br.com.catbag.gifreduxsample isa=x86 vmSafeMode=false debuggable=true target-filter=interpret-only oatDir = /data/app/vmdl1044711106.tmp/oat sharedLibraries=null
11-26 16:33:37.892  2154  2154 W dex2oat : Unexpected CPU variant for X86 using defaults: x86
11-26 16:33:37.893  2154  2154 W dex2oat : Mismatch between dex2oat instruction set features (ISA: X86 Feature string: smp,-ssse3,-sse4.1,-sse4.2,-avx,-avx2,-lock_add,-popcnt) and those of dex2oat executable (ISA: X86 Feature string: smp,ssse3,-sse4.1,-sse4.2,-avx,-avx2,-lock_add,-popcnt) for the command line:
11-26 16:33:37.893  2154  2154 W dex2oat : /system/bin/dex2oat --zip-fd=6 --zip-location=base.apk --oat-fd=7 --oat-location=/data/app/vmdl1044711106.tmp/oat/x86/base.odex --instruction-set=x86 --instruction-set-variant=x86 --instruction-set-features=default --runtime-arg -Xms64m --runtime-arg -Xmx512m --compiler-filter=interpret-only --swap-fd=9 --debuggable
11-26 16:33:37.895  2154  2154 I dex2oat : /system/bin/dex2oat --compiler-filter=interpret-only --debuggable
11-26 16:33:40.494  2154  2154 W dex2oat : Before Android 4.1, method android.graphics.PorterDuffColorFilter android.support.graphics.drawable.VectorDrawableCompat.updateTintFilter(android.graphics.PorterDuffColorFilter, android.content.res.ColorStateList, android.graphics.PorterDuff$Mode) would have incorrectly overridden the package-private method in android.graphics.drawable.Drawable
11-26 16:33:40.596  2154  2154 W dex2oat : Before Android 4.1, method int android.support.v7.widget.ListViewCompat.lookForSelectablePosition(int, boolean) would have incorrectly overridden the package-private method in android.widget.ListView
11-26 16:33:42.347  2154  2154 W dex2oat : Verification of void android.support.v4.view.AccessibilityDelegateCompat.<clinit>() took 181.604ms
11-26 16:34:14.388  2154  2154 W dex2oat : Compilation of void com.fasterxml.jackson.databind.ser.PropertyWriter.<init>(com.fasterxml.jackson.databind.PropertyMetadata) took 221.123ms
11-26 16:34:19.311  2154  2154 W dex2oat : Compilation of boolean org.immutables.value.internal.$guava$.collect.$AbstractMapBasedMultimap$AsMap.equals(java.lang.Object) took 149.874ms
11-26 16:34:19.847  2154  2154 W dex2oat : Compilation of java.lang.Object org.immutables.value.internal.$guava$.collect.$Sets$DescendingSet.ceiling(java.lang.Object) took 201.055ms
11-26 16:34:19.999  1447  1465 I art     : Background partial concurrent mark sweep GC freed 23140(1613KB) AllocSpace objects, 1(20KB) LOS objects, 40% free, 2MB/4MB, paused 4.727ms total 355.053ms
11-26 16:34:20.030  2154  2154 W dex2oat : Compilation of java.lang.Object org.immutables.value.internal.$guava$.collect.$ForwardingSortedMap.lastKey() took 174.348ms
11-26 16:34:23.751  2154  2154 I dex2oat : dex2oat took 45.861s (threads: 1) arena alloc=1402KB (1436528B) java alloc=7MB (8051088B) native alloc=13MB (14287928B) free=2MB (2620360B)
11-26 16:34:23.980  1239  1265 W PackageManager: Not granting permission android.permission.SET_DEBUG_APP to package br.com.catbag.gifreduxsample (protectionLevel=50 flags=0x3848be46)
11-26 16:34:24.117  1239  1265 V BackupManagerService: restoreAtInstall pkg=br.com.catbag.gifreduxsample token=1 restoreSet=0
11-26 16:34:24.118  1239  1265 W BackupManagerService: Requested unavailable transport: android/com.android.internal.backup.LocalTransport
11-26 16:34:24.119  1239  1265 W BackupManagerService: No transport
11-26 16:34:24.120  1239  1265 V BackupManagerService: Finishing install immediately
11-26 16:34:24.157  1239  1265 I art     : Starting a blocking GC Explicit
11-26 16:34:24.453  1239  1265 I art     : Explicit concurrent mark sweep GC freed 24459(1443KB) AllocSpace objects, 11(268KB) LOS objects, 33% free, 6MB/10MB, paused 4.266ms total 280.299ms
11-26 16:34:24.459   993   993 E         : Couldn't opendir /data/app/vmdl1044711106.tmp: No such file or directory
11-26 16:34:24.570  2129  2129 I art     : System.exit called, status: 0
11-26 16:34:24.570  2129  2129 I AndroidRuntime: VM exiting with result code 0.
11-26 16:34:24.623  1239  1277 I InputReader: Reconfiguring input devices.  changes=0x00000010
11-26 16:34:24.880  1447  1447 D CarrierSvcBindHelper: No carrier app for: 0
11-26 16:34:24.884  1447  1447 D CarrierConfigLoader: mHandler: 9 phoneId: 0
11-26 16:34:25.211  1239  1252 W VoiceInteractionManagerService: no available voice recognition services found for user 0
11-26 16:34:25.212  1239  1252 W LocationProviderProxy-network: Odd, no component found for service com.android.location.service.v3.NetworkLocationProvider
11-26 16:34:25.213  1239  1252 W GeocoderProxy: Odd, no component found for service com.android.location.service.GeocodeProvider
11-26 16:34:25.213  1239  1252 W GeofenceProxy: Odd, no component found for service com.android.location.service.GeofenceProvider
11-26 16:34:25.213  1239  1252 W ActivityRecognitionProxy: Odd, no component found for service com.android.location.service.ActivityRecognitionProvider
11-26 16:34:25.567  2159  2159 D AndroidRuntime: >>>>>> START com.android.internal.os.RuntimeInit uid 2000 <<<<<<
11-26 16:34:25.570  2159  2159 D AndroidRuntime: CheckJNI is ON
11-26 16:34:25.684  2159  2159 W art     : Unexpected CPU variant for X86 using defaults: x86
11-26 16:34:25.691  2159  2159 D ICU     : No timezone override file found: /data/misc/zoneinfo/current/icu/icu_tzdata.dat
11-26 16:34:25.714  2159  2159 E memtrack: Couldn't load memtrack module (No such file or directory)
11-26 16:34:25.714  2159  2159 E android.os.Debug: failed to load memtrack module: -2
11-26 16:34:25.718  2159  2159 I Radio-JNI: register_android_hardware_Radio DONE
11-26 16:34:25.734  2159  2159 D AndroidRuntime: Calling main entry com.android.commands.pm.Pm
11-26 16:34:25.757  2159  2159 I art     : System.exit called, status: 0
11-26 16:34:25.757  2159  2159 I AndroidRuntime: VM exiting with result code 0.
11-26 16:34:26.411  2176  2176 D AndroidRuntime: >>>>>> START com.android.internal.os.RuntimeInit uid 2000 <<<<<<
11-26 16:34:26.414  2176  2176 D AndroidRuntime: CheckJNI is ON
11-26 16:34:26.459  2176  2176 W art     : Unexpected CPU variant for X86 using defaults: x86
11-26 16:34:26.463  2176  2176 D ICU     : No timezone override file found: /data/misc/zoneinfo/current/icu/icu_tzdata.dat
11-26 16:34:26.484  2176  2176 E memtrack: Couldn't load memtrack module (No such file or directory)
11-26 16:34:26.485  2176  2176 E android.os.Debug: failed to load memtrack module: -2
11-26 16:34:26.485  2176  2176 I Radio-JNI: register_android_hardware_Radio DONE
11-26 16:34:26.501  2176  2176 D AndroidRuntime: Calling main entry com.android.commands.pm.Pm
11-26 16:34:26.509   993   993 I         : free_cache(2040844) avail 492634112
11-26 16:34:27.827  1239  1458 I ActivityManager: Start proc 2189:com.svox.pico/u0a46 for broadcast com.svox.pico/.VoiceDataInstallerReceiver
11-26 16:34:27.852  2189  2189 W art     : Unexpected CPU variant for X86 using defaults: x86
11-26 16:34:29.054  2176  2176 I art     : System.exit called, status: 0
11-26 16:34:29.054  2176  2176 I AndroidRuntime: VM exiting with result code 0.
11-26 16:34:29.095  1239  1702 I ActivityManager: Killing 1461:com.android.settings:CryptKeeper/1000 (adj 906): empty #17
11-26 16:34:29.482  2204  2204 D AndroidRuntime: >>>>>> START com.android.internal.os.RuntimeInit uid 2000 <<<<<<
11-26 16:34:29.485  2204  2204 D AndroidRuntime: CheckJNI is ON
11-26 16:34:29.539  2204  2204 W art     : Unexpected CPU variant for X86 using defaults: x86
11-26 16:34:29.545  2204  2204 D ICU     : No timezone override file found: /data/misc/zoneinfo/current/icu/icu_tzdata.dat
11-26 16:34:29.569  2204  2204 E memtrack: Couldn't load memtrack module (No such file or directory)
11-26 16:34:29.569  2204  2204 E android.os.Debug: failed to load memtrack module: -2
11-26 16:34:29.571  2204  2204 I Radio-JNI: register_android_hardware_Radio DONE
11-26 16:34:29.588  2204  2204 D AndroidRuntime: Calling main entry com.android.commands.pm.Pm
11-26 16:34:29.694  2139  2150 I art     : HomogeneousSpaceCompact marksweep + semispace GC freed 11643(615KB) AllocSpace objects, 0(0B) LOS objects, 39% free, 2MB/3MB, paused 200.610ms total 200.610ms
11-26 16:34:29.725  1239  1265 I PackageManager.DexOptimizer: Running dexopt (dex2oat) on: /data/app/vmdl389018295.tmp/base.apk pkg=br.com.catbag.gifreduxsample.test isa=x86 vmSafeMode=false debuggable=true target-filter=interpret-only oatDir = /data/app/vmdl389018295.tmp/oat sharedLibraries=/system/framework/android.test.runner.jar
11-26 16:34:29.840  2215  2215 W dex2oat : Unexpected CPU variant for X86 using defaults: x86
11-26 16:34:29.841  2215  2215 W dex2oat : Mismatch between dex2oat instruction set features (ISA: X86 Feature string: smp,-ssse3,-sse4.1,-sse4.2,-avx,-avx2,-lock_add,-popcnt) and those of dex2oat executable (ISA: X86 Feature string: smp,ssse3,-sse4.1,-sse4.2,-avx,-avx2,-lock_add,-popcnt) for the command line:
11-26 16:34:29.841  2215  2215 W dex2oat : /system/bin/dex2oat --zip-fd=6 --zip-location=base.apk --oat-fd=7 --oat-location=/data/app/vmdl389018295.tmp/oat/x86/base.odex --instruction-set=x86 --instruction-set-variant=x86 --instruction-set-features=default --runtime-arg -Xms64m --runtime-arg -Xmx512m --compiler-filter=interpret-only --swap-fd=9 --debuggable --runtime-arg -classpath --runtime-arg /system/framework/android.test.runner.jar
11-26 16:34:29.842  2215  2215 I dex2oat : /system/bin/dex2oat --compiler-filter=interpret-only --debuggable
11-26 16:34:50.146  2215  2215 W dex2oat : Compilation of int net.bytebuddy.implementation.bytecode.collection.ArrayFactory$ArrayCreator$ForReferenceType.hashCode() took 178.480ms
11-26 16:34:51.788  2215  2215 I dex2oat : dex2oat took 21.947s (threads: 1) arena alloc=1408B (1408B) java alloc=3MB (3870112B) native alloc=6MB (6972928B) free=2MB (2464256B)
11-26 16:34:52.033  1239  1265 V BackupManagerService: restoreAtInstall pkg=br.com.catbag.gifreduxsample.test token=2 restoreSet=0
11-26 16:34:52.033  1239  1265 W BackupManagerService: Requested unavailable transport: android/com.android.internal.backup.LocalTransport
11-26 16:34:52.033  1239  1265 W BackupManagerService: No transport
11-26 16:34:52.033  1239  1265 V BackupManagerService: Finishing install immediately
11-26 16:34:52.059  1239  1265 I art     : Starting a blocking GC Explicit
11-26 16:34:52.124  1239  1265 I art     : Explicit concurrent mark sweep GC freed 37864(2MB) AllocSpace objects, 12(288KB) LOS objects, 33% free, 6MB/10MB, paused 6.706ms total 59.752ms
11-26 16:34:52.129   993   993 E         : Couldn't opendir /data/app/vmdl389018295.tmp: No such file or directory
11-26 16:34:52.138  2204  2204 I art     : System.exit called, status: 0
11-26 16:34:52.139  2204  2204 I AndroidRuntime: VM exiting with result code 0.
11-26 16:34:52.421  1239  1277 I InputReader: Reconfiguring input devices.  changes=0x00000010
11-26 16:34:52.504  1447  1447 D CarrierSvcBindHelper: No carrier app for: 0
11-26 16:34:52.508  1447  1447 D CarrierConfigLoader: mHandler: 9 phoneId: 0
11-26 16:34:52.596  1239  1252 W VoiceInteractionManagerService: no available voice recognition services found for user 0
11-26 16:34:52.607  1239  1252 W LocationProviderProxy-network: Odd, no component found for service com.android.location.service.v3.NetworkLocationProvider
11-26 16:34:52.607  1239  1252 W GeocoderProxy: Odd, no component found for service com.android.location.service.GeocodeProvider
11-26 16:34:52.608  1239  1252 W GeofenceProxy: Odd, no component found for service com.android.location.service.GeofenceProvider
11-26 16:34:52.608  1239  1252 W ActivityRecognitionProxy: Odd, no component found for service com.android.location.service.ActivityRecognitionProvider
11-26 16:34:52.741  2220  2220 D AndroidRuntime: >>>>>> START com.android.internal.os.RuntimeInit uid 2000 <<<<<<
11-26 16:34:52.744  2220  2220 D AndroidRuntime: CheckJNI is ON
11-26 16:34:52.856  2220  2220 W art     : Unexpected CPU variant for X86 using defaults: x86
11-26 16:34:52.863  2220  2220 D ICU     : No timezone override file found: /data/misc/zoneinfo/current/icu/icu_tzdata.dat
11-26 16:34:52.895  2220  2220 E memtrack: Couldn't load memtrack module (No such file or directory)
11-26 16:34:52.895  2220  2220 E android.os.Debug: failed to load memtrack module: -2
11-26 16:34:52.897  2220  2220 I Radio-JNI: register_android_hardware_Radio DONE
11-26 16:34:52.914  2220  2220 D AndroidRuntime: Calling main entry com.android.commands.am.Am
11-26 16:34:52.931  1239  1381 I ActivityManager: Force stopping br.com.catbag.gifreduxsample appid=10060 user=0: start instr
11-26 16:34:52.948  2231  2231 I art     : Not late-enabling -Xcheck:jni (already on)
11-26 16:34:52.949  2231  2231 W art     : Unexpected CPU variant for X86 using defaults: x86
11-26 16:34:52.952  1239  1381 I ActivityManager: Start proc 2231:br.com.catbag.gifreduxsample/u0a60 for added application br.com.catbag.gifreduxsample
11-26 16:34:52.984  2231  2231 W System  : ClassLoader referenced unknown path: /data/app/br.com.catbag.gifreduxsample.test-1/lib/x86
11-26 16:34:52.992  2231  2231 W System  : ClassLoader referenced unknown path: 
11-26 16:34:53.040  2231  2231 W System.err: java.io.FileNotFoundException: /jacoco.exec (Read-only file system)
11-26 16:34:53.042  2231  2231 W System.err: 	at java.io.FileOutputStream.open(Native Method)
11-26 16:34:53.042  2231  2231 W System.err: 	at java.io.FileOutputStream.<init>(FileOutputStream.java:221)
11-26 16:34:53.042  2231  2231 W System.err: 	at org.jacoco.agent.rt.internal_e6e56f0.output.FileOutput.openFile(FileOutput.java:67)
11-26 16:34:53.043  2231  2231 W System.err: 	at org.jacoco.agent.rt.internal_e6e56f0.output.FileOutput.startup(FileOutput.java:49)
11-26 16:34:53.043  2231  2231 W System.err: 	at org.jacoco.agent.rt.internal_e6e56f0.Agent.startup(Agent.java:122)
11-26 16:34:53.043  2231  2231 W System.err: 	at org.jacoco.agent.rt.internal_e6e56f0.Agent.getInstance(Agent.java:50)
11-26 16:34:53.043  2231  2231 W System.err: 	at org.jacoco.agent.rt.internal_e6e56f0.Offline.<clinit>(Offline.java:31)
11-26 16:34:53.044  2231  2231 W System.err: 	at org.jacoco.agent.rt.internal_e6e56f0.Offline.getProbes(Offline.java:51)
11-26 16:34:53.044  2231  2231 W System.err: 	at br.com.catbag.gifreduxsample.MyApp.$jacocoInit(MyApp.java)
11-26 16:34:53.044  2231  2231 W System.err: 	at br.com.catbag.gifreduxsample.MyApp.<clinit>(MyApp.java)
11-26 16:34:53.044  2231  2231 W System.err: 	at java.lang.Class.newInstance(Native Method)
11-26 16:34:53.044  2231  2231 W System.err: 	at android.app.Instrumentation.newApplication(Instrumentation.java:1007)
11-26 16:34:53.045  2231  2231 W System.err: 	at android.app.Instrumentation.newApplication(Instrumentation.java:992)
11-26 16:34:53.045  2231  2231 W System.err: 	at android.app.LoadedApk.makeApplication(LoadedApk.java:796)
11-26 16:34:53.046  2231  2231 W System.err: 	at android.app.ActivityThread.handleBindApplication(ActivityThread.java:5335)
11-26 16:34:53.046  2231  2231 W System.err: 	at android.app.ActivityThread.-wrap2(ActivityThread.java)
11-26 16:34:53.046  2231  2231 W System.err: 	at android.app.ActivityThread$H.handleMessage(ActivityThread.java:1528)
11-26 16:34:53.046  2231  2231 W System.err: 	at android.os.Handler.dispatchMessage(Handler.java:102)
11-26 16:34:53.046  2231  2231 W System.err: 	at android.os.Looper.loop(Looper.java:154)
11-26 16:34:53.047  2231  2231 W System.err: 	at android.app.ActivityThread.main(ActivityThread.java:6077)
11-26 16:34:53.048  2231  2231 W System.err: 	at java.lang.reflect.Method.invoke(Native Method)
11-26 16:34:53.048  2231  2231 W System.err: 	at com.android.internal.os.ZygoteInit$MethodAndArgsCaller.run(ZygoteInit.java:865)
11-26 16:34:53.048  2231  2231 W System.err: 	at com.android.internal.os.ZygoteInit.main(ZygoteInit.java:755)
11-26 16:34:53.054  2231  2231 I MonitoringInstrumentation: Instrumentation Started!
11-26 16:34:53.060  2231  2231 I MonitoringInstrumentation: Setting context classloader to 'dalvik.system.PathClassLoader[DexPathList[[zip file "/system/framework/android.test.runner.jar", zip file "/data/app/br.com.catbag.gifreduxsample.test-1/base.apk", zip file "/data/app/br.com.catbag.gifreduxsample-1/base.apk"],nativeLibraryDirectories=[/data/app/br.com.catbag.gifreduxsample.test-1/lib/x86, /data/app/br.com.catbag.gifreduxsample-1/lib/x86, /system/fake-libs, /data/app/br.com.catbag.gifreduxsample.test-1/base.apk!/lib/x86, /data/app/br.com.catbag.gifreduxsample-1/base.apk!/lib/x86, /system/lib, /vendor/lib]]]', Original: 'dalvik.system.PathClassLoader[DexPathList[[zip file "/system/framework/android.test.runner.jar", zip file "/data/app/br.com.catbag.gifreduxsample.test-1/base.apk", zip file "/data/app/br.com.catbag.gifreduxsample-1/base.apk"],nativeLibraryDirectories=[/data/app/br.com.catbag.gifreduxsample.test-1/lib/x86, /data/app/br.com.catbag.gifreduxsample-1/lib/x86, /system/fake-libs, /data/app/br.com.catbag.gifreduxsample.test-1/base.apk!/lib/x86, /data/app/br.com.catbag.gifreduxsample-1/base.apk!/lib/x86, /system/lib, /vendor/lib]]]'
11-26 16:34:53.218  2231  2231 D NetworkSecurityConfig: No Network Security Config specified, using platform default
11-26 16:34:53.249  2231  2231 I MonitoringInstrumentation: No JSBridge.
11-26 16:34:53.266  2231  2247 I UsageTrackerFacilitator: Usage tracking enabled
11-26 16:34:53.268  2231  2247 I TestRequestBuilder: Scanning classpath to find tests in apks [/data/app/br.com.catbag.gifreduxsample.test-1/base.apk]
11-26 16:34:53.733  2231  2247 I art     : Rejecting re-init on previously-failed class java.lang.Class<org.objectweb.asm.commons.JSRInlinerAdapter>: java.lang.NoClassDefFoundError: Failed resolution of: Lorg/objectweb/asm/tree/MethodNode;
11-26 16:34:53.733  2231  2247 I art     :   at java.lang.Class java.lang.Class.classForName!(java.lang.String, boolean, java.lang.ClassLoader) (Class.java:-2)
11-26 16:34:53.734  2231  2247 I art     :   at java.lang.Class java.lang.Class.forName(java.lang.String, boolean, java.lang.ClassLoader) (Class.java:400)
11-26 16:34:53.734  2231  2247 I art     :   at java.lang.Class android.support.test.internal.runner.TestLoader.doLoadClass(java.lang.String) (TestLoader.java:92)
11-26 16:34:53.734  2231  2247 I art     :   at java.lang.Class android.support.test.internal.runner.TestLoader.loadIfTest(java.lang.String) (TestLoader.java:113)
11-26 16:34:53.734  2231  2247 I art     :   at void android.support.test.internal.runner.TestRequestBuilder.loadClassesFromClassPath(android.support.test.internal.runner.TestLoader, java.util.Set) (TestRequestBuilder.java:801)
11-26 16:34:53.734  2231  2247 I art     :   at android.support.test.internal.runner.TestRequest android.support.test.internal.runner.TestRequestBuilder.build() (TestRequestBuilder.java:747)
11-26 16:34:53.734  2231  2247 I art     :   at android.support.test.internal.runner.TestRequest android.support.test.runner.AndroidJUnitRunner.buildRequest(android.support.test.internal.runner.RunnerArgs, android.os.Bundle) (AndroidJUnitRunner.java:354)
11-26 16:34:53.734  2231  2247 I art     :   at void android.support.test.runner.AndroidJUnitRunner.onStart() (AndroidJUnitRunner.java:260)
11-26 16:34:53.734  2231  2247 I art     :   at void android.app.Instrumentation$InstrumentationThread.run() (Instrumentation.java:1932)
11-26 16:34:53.734  2231  2247 I art     : Caused by: java.lang.ClassNotFoundException: Didn't find class "org.objectweb.asm.tree.MethodNode" on path: DexPathList[[zip file "/system/framework/android.test.runner.jar", zip file "/data/app/br.com.catbag.gifreduxsample.test-1/base.apk", zip file "/data/app/br.com.catbag.gifreduxsample-1/base.apk"],nativeLibraryDirectories=[/data/app/br.com.catbag.gifreduxsample.test-1/lib/x86, /data/app/br.com.catbag.gifreduxsample-1/lib/x86, /system/fake-libs, /data/app/br.com.catbag.gifreduxsample.test-1/base.apk!/lib/x86, /data/app/br.com.catbag.gifreduxsample-1/base.apk!/lib/x86, /system/lib, /vendor/lib]]
11-26 16:34:53.735  2231  2247 I art     :   at java.lang.Class dalvik.system.BaseDexClassLoader.findClass(java.lang.String) (BaseDexClassLoader.java:56)
11-26 16:34:53.735  2231  2247 I art     :   at java.lang.Class java.lang.ClassLoader.loadClass(java.lang.String, boolean) (ClassLoader.java:380)
11-26 16:34:53.735  2231  2247 I art     :   at java.lang.Class java.lang.ClassLoader.loadClass(java.lang.String) (ClassLoader.java:312)
11-26 16:34:53.735  2231  2247 I art     :   at java.lang.Class java.lang.Class.classForName!(java.lang.String, boolean, java.lang.ClassLoader) (Class.java:-2)
11-26 16:34:53.735  2231  2247 I art     :   at java.lang.Class java.lang.Class.forName(java.lang.String, boolean, java.lang.ClassLoader) (Class.java:400)
11-26 16:34:53.735  2231  2247 I art     :   at java.lang.Class android.support.test.internal.runner.TestLoader.doLoadClass(java.lang.String) (TestLoader.java:92)
11-26 16:34:53.735  2231  2247 I art     :   at java.lang.Class android.support.test.internal.runner.TestLoader.loadIfTest(java.lang.String) (TestLoader.java:113)
11-26 16:34:53.735  2231  2247 I art     :   at void android.support.test.internal.runner.TestRequestBuilder.loadClassesFromClassPath(android.support.test.internal.runner.TestLoader, java.util.Set) (TestRequestBuilder.java:801)
11-26 16:34:53.736  2231  2247 I art     :   at android.support.test.internal.runner.TestRequest android.support.test.internal.runner.TestRequestBuilder.build() (TestRequestBuilder.java:747)
11-26 16:34:53.736  2231  2247 I art     :   at android.support.test.internal.runner.TestRequest android.support.test.runner.AndroidJUnitRunner.buildRequest(android.support.test.internal.runner.RunnerArgs, android.os.Bundle) (AndroidJUnitRunner.java:354)
11-26 16:34:53.736  2231  2247 I art     :   at void android.support.test.runner.AndroidJUnitRunner.onStart() (AndroidJUnitRunner.java:260)
11-26 16:34:53.736  2231  2247 I art     :   at void android.app.Instrumentation$InstrumentationThread.run() (Instrumentation.java:1932)
11-26 16:34:53.736  2231  2247 I art     : 
11-26 16:34:53.737  2231  2247 E TestLoader: Could not find class: org.objectweb.asm.commons.JSRInlinerAdapter
11-26 16:34:53.742  2231  2247 I art     : Rejecting re-init on previously-failed class java.lang.Class<org.objectweb.asm.commons.TryCatchBlockSorter>: java.lang.NoClassDefFoundError: Failed resolution of: Lorg/objectweb/asm/tree/MethodNode;
11-26 16:34:53.742  2231  2247 I art     :   at java.lang.Class java.lang.Class.classForName!(java.lang.String, boolean, java.lang.ClassLoader) (Class.java:-2)
11-26 16:34:53.742  2231  2247 I art     :   at java.lang.Class java.lang.Class.forName(java.lang.String, boolean, java.lang.ClassLoader) (Class.java:400)
11-26 16:34:53.742  2231  2247 I art     :   at java.lang.Class android.support.test.internal.runner.TestLoader.doLoadClass(java.lang.String) (TestLoader.java:92)
11-26 16:34:53.742  2231  2247 I art     :   at java.lang.Class android.support.test.internal.runner.TestLoader.loadIfTest(java.lang.String) (TestLoader.java:113)
11-26 16:34:53.742  2231  2247 I art     :   at void android.support.test.internal.runner.TestRequestBuilder.loadClassesFromClassPath(android.support.test.internal.runner.TestLoader, java.util.Set) (TestRequestBuilder.java:801)
11-26 16:34:53.743  2231  2247 I art     :   at android.support.test.internal.runner.TestRequest android.support.test.internal.runner.TestRequestBuilder.build() (TestRequestBuilder.java:747)
11-26 16:34:53.743  2231  2247 I art     :   at android.support.test.internal.runner.TestRequest android.support.test.runner.AndroidJUnitRunner.buildRequest(android.support.test.internal.runner.RunnerArgs, android.os.Bundle) (AndroidJUnitRunner.java:354)
11-26 16:34:53.743  2231  2247 I art     :   at void android.support.test.runner.AndroidJUnitRunner.onStart() (AndroidJUnitRunner.java:260)
11-26 16:34:53.743  2231  2247 I art     :   at void android.app.Instrumentation$InstrumentationThread.run() (Instrumentation.java:1932)
11-26 16:34:53.743  2231  2247 I art     : Caused by: java.lang.ClassNotFoundException: Didn't find class "org.objectweb.asm.tree.MethodNode" on path: DexPathList[[zip file "/system/framework/android.test.runner.jar", zip file "/data/app/br.com.catbag.gifreduxsample.test-1/base.apk", zip file "/data/app/br.com.catbag.gifreduxsample-1/base.apk"],nativeLibraryDirectories=[/data/app/br.com.catbag.gifreduxsample.test-1/lib/x86, /data/app/br.com.catbag.gifreduxsample-1/lib/x86, /system/fake-libs, /data/app/br.com.catbag.gifreduxsample.test-1/base.apk!/lib/x86, /data/app/br.com.catbag.gifreduxsample-1/base.apk!/lib/x86, /system/lib, /vendor/lib]]
11-26 16:34:53.743  2231  2247 I art     :   at java.lang.Class dalvik.system.BaseDexClassLoader.findClass(java.lang.String) (BaseDexClassLoader.java:56)
11-26 16:34:53.743  2231  2247 I art     :   at java.lang.Class java.lang.ClassLoader.loadClass(java.lang.String, boolean) (ClassLoader.java:380)
11-26 16:34:53.743  2231  2247 I art     :   at java.lang.Class java.lang.ClassLoader.loadClass(java.lang.String) (ClassLoader.java:312)
11-26 16:34:53.744  2231  2247 I art     :   at java.lang.Class java.lang.Class.classForName!(java.lang.String, boolean, java.lang.ClassLoader) (Class.java:-2)
11-26 16:34:53.744  2231  2247 I art     :   at java.lang.Class java.lang.Class.forName(java.lang.String, boolean, java.lang.ClassLoader) (Class.java:400)
11-26 16:34:53.744  2231  2247 I art     :   at java.lang.Class android.support.test.internal.runner.TestLoader.doLoadClass(java.lang.String) (TestLoader.java:92)
11-26 16:34:53.744  2231  2247 I art     :   at java.lang.Class android.support.test.internal.runner.TestLoader.loadIfTest(java.lang.String) (TestLoader.java:113)
11-26 16:34:53.744  2231  2247 I art     :   at void android.support.test.internal.runner.TestRequestBuilder.loadClassesFromClassPath(android.support.test.internal.runner.TestLoader, java.util.Set) (TestRequestBuilder.java:801)
11-26 16:34:53.744  2231  2247 I art     :   at android.support.test.internal.runner.TestRequest android.support.test.internal.runner.TestRequestBuilder.build() (TestRequestBuilder.java:747)
11-26 16:34:53.744  2231  2247 I art     :   at android.support.test.internal.runner.TestRequest android.support.test.runner.AndroidJUnitRunner.buildRequest(android.support.test.internal.runner.RunnerArgs, android.os.Bundle) (AndroidJUnitRunner.java:354)
11-26 16:34:53.745  2231  2247 I art     :   at void android.support.test.runner.AndroidJUnitRunner.onStart() (AndroidJUnitRunner.java:260)
11-26 16:34:53.745  2231  2247 I art     :   at void android.app.Instrumentation$InstrumentationThread.run() (Instrumentation.java:1932)
11-26 16:34:53.745  2231  2247 I art     : 
11-26 16:34:53.745  2231  2247 E TestLoader: Could not find class: org.objectweb.asm.commons.TryCatchBlockSorter
11-26 16:34:53.835  2231  2247 D TestExecutor: Adding listener android.support.test.internal.runner.listener.LogRunListener
11-26 16:34:53.836  2231  2247 D TestExecutor: Adding listener android.support.test.internal.runner.listener.InstrumentationResultPrinter
11-26 16:34:53.836  2231  2247 D TestExecutor: Adding listener android.support.test.internal.runner.listener.ActivityFinisherRunListener
11-26 16:34:53.837  2231  2247 D TestExecutor: Adding listener android.support.test.internal.runner.listener.CoverageListener
11-26 16:34:53.843  2231  2247 I TestRunner: run started: 20 tests
11-26 16:34:53.863  2231  2247 I TestRunner: started: whenAppStateSavedSeveralTime(br.com.catbag.gifreduxsample.asyncs.data.DataManagerTest)
11-26 16:34:53.909  2231  2231 I MonitoringInstrumentation: Activities that are still in CREATED to STOPPED: 0
11-26 16:34:54.046  2231  2242 I art     : Background sticky concurrent mark sweep GC freed 146498(6MB) AllocSpace objects, 0(0B) LOS objects, 44% free, 3MB/6MB, paused 4.918ms total 521.197ms
11-26 16:34:54.155  2231  2250 W Java7Support: Unable to load JDK7 types (annotations, java.nio.file.Path): no Java7 support added
11-26 16:34:54.498  2231  2247 I TestRunner: finished: whenAppStateSavedSeveralTime(br.com.catbag.gifreduxsample.asyncs.data.DataManagerTest)
11-26 16:34:54.507  2231  2231 I MonitoringInstrumentation: Activities that are still in CREATED to STOPPED: 0
11-26 16:34:54.508  2231  2247 I TestRunner: started: whenAppStateSavedOnceTime(br.com.catbag.gifreduxsample.asyncs.data.DataManagerTest)
11-26 16:34:54.510  2231  2231 I MonitoringInstrumentation: Activities that are still in CREATED to STOPPED: 0
11-26 16:34:54.817  2231  2247 I TestRunner: finished: whenAppStateSavedOnceTime(br.com.catbag.gifreduxsample.asyncs.data.DataManagerTest)
11-26 16:34:54.832  2231  2231 I MonitoringInstrumentation: Activities that are still in CREATED to STOPPED: 0
11-26 16:34:54.834  2231  2247 I TestRunner: started: whenUnsavedAppStateIsLoaded(br.com.catbag.gifreduxsample.asyncs.data.DataManagerTest)
11-26 16:34:54.850  2231  2231 I MonitoringInstrumentation: Activities that are still in CREATED to STOPPED: 0
11-26 16:34:54.930  2231  2247 I TestRunner: finished: whenUnsavedAppStateIsLoaded(br.com.catbag.gifreduxsample.asyncs.data.DataManagerTest)
11-26 16:34:54.932  2231  2231 I MonitoringInstrumentation: Activities that are still in CREATED to STOPPED: 0
11-26 16:34:54.933  2231  2247 I TestRunner: started: whenSavedAppStateIsLoaded(br.com.catbag.gifreduxsample.asyncs.data.DataManagerTest)
11-26 16:34:54.934  2231  2231 I MonitoringInstrumentation: Activities that are still in CREATED to STOPPED: 0
11-26 16:34:54.963  2231  2255 E DataManager: appstate not loaded
11-26 16:34:54.963  2231  2255 E DataManager: com.snappydb.SnappydbException: Failed to get a String: NotFound: 
11-26 16:34:54.963  2231  2255 E DataManager: 	at com.snappydb.internal.DBImpl.__get(Native Method)
11-26 16:34:54.963  2231  2255 E DataManager: 	at com.snappydb.internal.DBImpl.get(DBImpl.java:348)
11-26 16:34:54.963  2231  2255 E DataManager: 	at br.com.catbag.gifreduxsample.asyncs.data.storage.Database.getAppState(Database.java:43)
11-26 16:34:54.963  2231  2255 E DataManager: 	at br.com.catbag.gifreduxsample.asyncs.data.DataManager.lambda$loadAppState$0(DataManager.java:75)
11-26 16:34:54.963  2231  2255 E DataManager: 	at br.com.catbag.gifreduxsample.asyncs.data.DataManager$$Lambda$1.run(Unknown Source)
11-26 16:34:54.963  2231  2255 E DataManager: 	at java.lang.Thread.run(Thread.java:761)
11-26 16:34:55.166  2231  2247 I TestRunner: finished: whenSavedAppStateIsLoaded(br.com.catbag.gifreduxsample.asyncs.data.DataManagerTest)
11-26 16:34:55.179  2231  2231 I MonitoringInstrumentation: Activities that are still in CREATED to STOPPED: 0
11-26 16:34:55.205  2231  2247 I TestRunner: started: whenScrollDownAndPlayLastItemTest(br.com.catbag.gifreduxsample.ui.giflist.GifListActivityTest)
11-26 16:34:55.207  2231  2231 I MonitoringInstrumentation: Activities that are still in CREATED to STOPPED: 0
11-26 16:34:55.497  2259  2259 W dex2oat : Unexpected CPU variant for X86 using defaults: x86
11-26 16:34:55.497  2259  2259 W dex2oat : Mismatch between dex2oat instruction set features (ISA: X86 Feature string: smp,-ssse3,-sse4.1,-sse4.2,-avx,-avx2,-lock_add,-popcnt) and those of dex2oat executable (ISA: X86 Feature string: smp,ssse3,-sse4.1,-sse4.2,-avx,-avx2,-lock_add,-popcnt) for the command line:
11-26 16:34:55.497  2259  2259 W dex2oat : /system/bin/dex2oat --runtime-arg -classpath --runtime-arg & --instruction-set=x86 --instruction-set-features=smp,ssse3,-sse4.1,-sse4.2,-avx,-avx2,-lock_add,-popcnt --runtime-arg -Xrelocate --boot-image=/system/framework/boot.art --runtime-arg -Xms64m --runtime-arg -Xmx512m --instruction-set-variant=x86 --instruction-set-features=default --dex-file=/data/user/0/br.com.catbag.gifreduxsample/app_dxmaker_cache/Generated_1497766805.jar --oat-fd=38 --oat-location=/data/user/0/br.com.catbag.gifreduxsample/app_dxmaker_cache/Generated_1497766805.dex --compiler-filter=speed
11-26 16:34:55.498  2259  2259 I dex2oat : /system/bin/dex2oat --dex-file=/data/user/0/br.com.catbag.gifreduxsample/app_dxmaker_cache/Generated_1497766805.jar --oat-fd=38 --oat-location=/data/user/0/br.com.catbag.gifreduxsample/app_dxmaker_cache/Generated_1497766805.dex --compiler-filter=speed
11-26 16:34:55.615  2259  2259 I dex2oat : dex2oat took 118.812ms (threads: 1) arena alloc=41KB (42016B) java alloc=28KB (28768B) native alloc=736KB (753768B) free=799KB (819096B)
11-26 16:34:55.653  1239  1381 D VoldConnector: SND -> {29 volume mkdirs /storage/emulated/0/Android/data/br.com.catbag.gifreduxsample/cache/}
11-26 16:34:55.669  1239  1281 D VoldConnector: RCV <- {200 29 Command succeeded}
11-26 16:34:55.689  2231  2248 I DroidFlux:Dispatcher: [STARTED] dispatch of action [FAKE_REDUCE_ACTION]
11-26 16:34:55.706  2231  2248 I DroidFlux:Dispatcher: [COMPLETED] dispatch of action [FAKE_REDUCE_ACTION]
11-26 16:34:55.720  2231  2258 D ActivityTestRule: Launching activity br.com.catbag.gifreduxsample.ui.GifListActivity
11-26 16:34:55.727  2231  2261 D MonitoringInstrumentation: execStartActivity(context, ibinder, ibinder, activity, intent, int, bundle
11-26 16:34:55.737  1239  1470 I ActivityManager: START u0 {flg=0x14000000 cmp=br.com.catbag.gifreduxsample/.ui.GifListActivity} from uid 10060 on display 0
11-26 16:34:56.141  2231  2231 D LifecycleMonitor: Lifecycle status change: br.com.catbag.gifreduxsample.ui.GifListActivity@8046493 in: PRE_ON_CREATE
11-26 16:34:56.675  2231  2231 D LifecycleMonitor: Lifecycle status change: br.com.catbag.gifreduxsample.ui.GifListActivity@8046493 in: CREATED
11-26 16:34:56.683  2231  2248 I DroidFlux:Dispatcher: [STARTED] dispatch of action [APP_STATE_LOAD]
11-26 16:34:56.684  2231  2248 D DroidFlux:Dispatcher: An action of type [APP_STATE_LOAD] was dispatched, but no reducer handled it
11-26 16:34:56.685  2231  2248 I DroidFlux:Dispatcher: [COMPLETED] dispatch of action [APP_STATE_LOAD]
11-26 16:34:56.693  2231  2231 D LifecycleMonitor: Lifecycle status change: br.com.catbag.gifreduxsample.ui.GifListActivity@8046493 in: STARTED
11-26 16:34:56.716  2231  2231 D LifecycleMonitor: Lifecycle status change: br.com.catbag.gifreduxsample.ui.GifListActivity@8046493 in: RESUMED
11-26 16:34:56.947  2231  2248 I DroidFlux:Dispatcher: [STARTED] dispatch of action [GIF_LIST_FETCHING]
11-26 16:34:56.948  2231  2248 D DroidFlux:Dispatcher: An action of type [GIF_LIST_FETCHING] was dispatched, but no reducer handled it
11-26 16:34:56.948  2231  2248 I DroidFlux:Dispatcher: [COMPLETED] dispatch of action [GIF_LIST_FETCHING]
11-26 16:34:57.013  2231  2231 D gralloc_ranchu: Emulator without host-side GPU emulation detected.
11-26 16:34:57.103  1239  1260 I ActivityManager: Displayed br.com.catbag.gifreduxsample/.ui.GifListActivity: +1s197ms
11-26 16:34:57.156  2231  2258 D InputManagerEventInjectionStrategy: Creating injection strategy with input manager.
11-26 16:34:57.224  2231  2231 W ResourceType: No package identifier when getting name for resource number 0x00000001
11-26 16:34:57.225  2231  2231 I ViewInteraction: Performing 'scroll RecyclerView to position: 4' action on view with id: 1 (resource name not found)
11-26 16:34:57.360  1239  1260 I WindowManager: Destroying surface Surface(name=Starting br.com.catbag.gifreduxsample) called by com.android.server.wm.WindowStateAnimator.destroySurface:2014 com.android.server.wm.WindowStateAnimator.destroySurfaceLocked:881 com.android.server.wm.WindowState.destroyOrSaveSurface:2073 com.android.server.wm.AppWindowToken.destroySurfaces:363 com.android.server.wm.WindowStateAnimator.finishExit:565 com.android.server.wm.WindowStateAnimator.stepAnimationLocked:491 com.android.server.wm.WindowAnimator.updateWindowsLocked:303 com.android.server.wm.WindowAnimator.animateLocked:704 
11-26 16:34:57.446  2231  2242 I art     : Background sticky concurrent mark sweep GC freed 11346(857KB) AllocSpace objects, 2(40KB) LOS objects, 12% free, 5MB/6MB, paused 13.893ms total 147.504ms
11-26 16:34:57.535  1239  1691 I WindowManager: Destroying surface Surface(name=com.android.launcher3/com.android.launcher3.Launcher) called by com.android.server.wm.WindowStateAnimator.destroySurface:2014 com.android.server.wm.WindowStateAnimator.destroySurfaceLocked:881 com.android.server.wm.WindowState.destroyOrSaveSurface:2073 com.android.server.wm.AppWindowToken.destroySurfaces:363 com.android.server.wm.AppWindowToken.notifyAppStopped:389 com.android.server.wm.WindowManagerService.notifyAppStopped:4456 com.android.server.am.ActivityStack.activityStoppedLocked:1252 com.android.server.am.ActivityManagerService.activityStopped:6873 
11-26 16:34:57.621  2231  2231 W ResourceType: No package identifier when getting name for resource number 0x00000001
11-26 16:34:57.650  2231  2231 W ResourceType: No package identifier when getting name for resource number 0x00000004
11-26 16:34:57.650  2231  2231 I ViewInteraction: Performing 'single click' action on view with id: 4 (resource name not found)
11-26 16:34:57.700  2231  2235 I art     : Do partial code cache collection, code=25KB, data=30KB
11-26 16:34:57.700  2231  2235 I art     : After code cache collection, code=23KB, data=30KB
11-26 16:34:57.700  2231  2235 I art     : Increasing code cache capacity to 128KB
11-26 16:34:57.758  2231  2248 I DroidFlux:Dispatcher: [STARTED] dispatch of action [GIF_PLAY]
11-26 16:34:57.759  2231  2248 I DroidFlux:Dispatcher: [COMPLETED] dispatch of action [GIF_PLAY]
11-26 16:34:57.816  1239  1313 W AudioTrack: AUDIO_OUTPUT_FLAG_FAST denied by client; transfer 4, track 48000 Hz, output 44100 Hz
11-26 16:34:58.048   990  1029 D AudioFlinger: mixer(0xb60036c0) throttle end: throttle time(11)
11-26 16:34:58.078   990  1029 D AudioFlinger: mixer(0xb60036c0) throttle end: throttle time(11)
11-26 16:34:58.384  2231  2231 D LifecycleMonitor: Lifecycle status change: br.com.catbag.gifreduxsample.ui.GifListActivity@8046493 in: PAUSED
11-26 16:34:58.428  2231  2247 I TestRunner: finished: whenScrollDownAndPlayLastItemTest(br.com.catbag.gifreduxsample.ui.giflist.GifListActivityTest)
11-26 16:34:58.463   979   979 D gralloc : Registering a buffer in the process that created it. This may cause memory ordering problems.
11-26 16:34:58.464   979   979 E libEGL  : called unimplemented OpenGL ES API
11-26 16:34:58.465   979   979 E SurfaceFlinger: glCheckFramebufferStatusOES error 439363597
11-26 16:34:58.465   979   979 E SurfaceFlinger: got GL_FRAMEBUFFER_COMPLETE_OES error while taking screenshot
11-26 16:34:58.471  1239  1250 W WindowManager: Screenshot failure taking screenshot for (480x800) to layer 21005
11-26 16:34:58.481  2231  2231 I MonitoringInstrumentation: Activities that are still in CREATED to STOPPED: 1
11-26 16:34:58.489  2231  2247 I TestRunner: started: whenGifIsNotWatchedTest(br.com.catbag.gifreduxsample.ui.giflist.GifListActivityTest)
11-26 16:34:58.630  2231  2231 I MonitoringInstrumentation: Activities that are still in CREATED to STOPPED: 1
11-26 16:34:58.636  2231  2248 I DroidFlux:Dispatcher: [STARTED] dispatch of action [FAKE_REDUCE_ACTION]
11-26 16:34:58.636  2231  2248 I DroidFlux:Dispatcher: [COMPLETED] dispatch of action [FAKE_REDUCE_ACTION]
11-26 16:34:58.645  2231  2268 D ActivityTestRule: Launching activity br.com.catbag.gifreduxsample.ui.GifListActivity
11-26 16:34:58.689  2231  2269 D MonitoringInstrumentation: execStartActivity(context, ibinder, ibinder, activity, intent, int, bundle
11-26 16:34:58.690  1239  1702 I ActivityManager: START u0 {flg=0x10000000 cmp=br.com.catbag.gifreduxsample/.ui.GifListActivity} from uid 10060 on display 0
11-26 16:34:58.905  1725  1725 I Choreographer: Skipped 82 frames!  The application may be doing too much work on its main thread.
11-26 16:34:59.062  1725  1725 I Choreographer: Skipped 33 frames!  The application may be doing too much work on its main thread.
11-26 16:34:59.128  2231  2231 D LifecycleMonitor: Lifecycle status change: br.com.catbag.gifreduxsample.ui.GifListActivity@f3234bb in: PRE_ON_CREATE
11-26 16:34:59.256  2231  2231 D LifecycleMonitor: Lifecycle status change: br.com.catbag.gifreduxsample.ui.GifListActivity@f3234bb in: CREATED
11-26 16:34:59.266  2231  2231 D LifecycleMonitor: Lifecycle status change: br.com.catbag.gifreduxsample.ui.GifListActivity@f3234bb in: STARTED
11-26 16:34:59.267  2231  2248 I DroidFlux:Dispatcher: [STARTED] dispatch of action [APP_STATE_LOAD]
11-26 16:34:59.267  2231  2248 D DroidFlux:Dispatcher: An action of type [APP_STATE_LOAD] was dispatched, but no reducer handled it
11-26 16:34:59.268  2231  2248 I DroidFlux:Dispatcher: [COMPLETED] dispatch of action [APP_STATE_LOAD]
11-26 16:34:59.275  2231  2242 I art     : Background partial concurrent mark sweep GC freed 6314(489KB) AllocSpace objects, 3(64KB) LOS objects, 39% free, 5MB/9MB, paused 16.949ms total 270.139ms
11-26 16:34:59.289  2231  2231 D LifecycleMonitor: Lifecycle status change: br.com.catbag.gifreduxsample.ui.GifListActivity@f3234bb in: RESUMED
11-26 16:34:59.290  2231  2242 I art     : WaitForGcToComplete blocked for 14.329ms for cause HeapTrim
11-26 16:34:59.640  2231  2231 E Feed    : Gif{uuid=a952f3d5-a5d1-4851-9aaa-535ef95956a3, path=, url=, title=, watched=false, status=DOWNLOADED}
11-26 16:34:59.640  2231  2231 E Feed    : pl.droidsonroids.gif.GifIOException: GifError 101: Failed to open given input
11-26 16:34:59.640  2231  2231 E Feed    : 	at pl.droidsonroids.gif.GifInfoHandle.openFile(Native Method)
11-26 16:34:59.640  2231  2231 E Feed    : 	at pl.droidsonroids.gif.GifInfoHandle.<init>(GifInfoHandle.java:46)
11-26 16:34:59.640  2231  2231 E Feed    : 	at pl.droidsonroids.gif.GifDrawable.<init>(GifDrawable.java:124)
11-26 16:34:59.640  2231  2231 E Feed    : 	at br.com.catbag.gifreduxsample.ui.views.FeedView.createDrawable(FeedView.java:137)
11-26 16:34:59.640  2231  2231 E Feed    : 	at br.com.catbag.gifreduxsample.ui.views.FeedView.lambda$renderGifView$1(FeedView.java:124)
11-26 16:34:59.640  2231  2231 E Feed    : 	at br.com.catbag.gifreduxsample.ui.views.FeedView$$Lambda$4.view(Unknown Source)
11-26 16:34:59.640  2231  2231 E Feed    : 	at trikita.anvil.BaseDSL.v(BaseDSL.java:670)
11-26 16:34:59.640  2231  2231 E Feed    : 	at br.com.catbag.gifreduxsample.ui.views.FeedView.renderGifView(FeedView.java:123)
11-26 16:34:59.640  2231  2231 E Feed    : 	at br.com.catbag.gifreduxsample.ui.views.FeedView.access$lambda$0(FeedView.java)
11-26 16:34:59.640  2231  2231 E Feed    : 	at br.com.catbag.gifreduxsample.ui.views.FeedView$$Lambda$5.view(Unknown Source)
11-26 16:34:59.640  2231  2231 E Feed    : 	at br.com.catbag.gifreduxsample.ui.views.GifsAdapter.view(GifsAdapter.java:69)
11-26 16:34:59.640  2231  2231 E Feed    : 	at trikita.anvil.RenderableRecyclerViewAdapter$1.view(RenderableRecyclerViewAdapter.java:24)
11-26 16:34:59.640  2231  2231 E Feed    : 	at trikita.anvil.Anvil$Mount.render(Anvil.java:204)
11-26 16:34:59.640  2231  2231 E Feed    : 	at trikita.anvil.Anvil.render(Anvil.java:173)
11-26 16:34:59.640  2231  2231 E Feed    : 	at trikita.anvil.RenderableRecyclerViewAdapter.onBindViewHolder(RenderableRecyclerViewAdapter.java:27)
11-26 16:34:59.640  2231  2231 E Feed    : 	at trikita.anvil.RenderableRecyclerViewAdapter.onBindViewHolder(RenderableRecyclerViewAdapter.java:7)
11-26 16:34:59.640  2231  2231 E Feed    : 	at android.support.v7.widget.RecyclerView$Adapter.onBindViewHolder(RecyclerView.java:5768)
11-26 16:34:59.640  2231  2231 E Feed    : 	at android.support.v7.widget.RecyclerView$Adapter.bindViewHolder(RecyclerView.java:5801)
11-26 16:34:59.640  2231  2231 E Feed    : 	at android.support.v7.widget.RecyclerView$Recycler.getViewForPosition(RecyclerView.java:5037)
11-26 16:34:59.640  2231  2231 E Feed    : 	at android.support.v7.widget.RecyclerView$Recycler.getViewForPosition(RecyclerView.java:4913)
11-26 16:34:59.640  2231  2231 E Feed    : 	at android.support.v7.widget.LinearLayoutManager$LayoutState.next(LinearLayoutManager.java:2029)
11-26 16:34:59.640  2231  2231 E Feed    : 	at android.support.v7.widget.LinearLayoutManager.layoutChunk(LinearLayoutManager.java:1414)
11-26 16:34:59.640  2231  2231 E Feed    : 	at android.support.v7.widget.LinearLayoutManager.fill(LinearLayoutManager.java:1377)
11-26 16:34:59.640  2231  2231 E Feed    : 	at android.support.v7.widget.LinearLayoutManager.onLayoutChildren(LinearLayoutManager.java:578)
11-26 16:34:59.640  2231  2231 E Feed    : 	at android.support.v7.widget.RecyclerView.dispatchLayoutStep2(RecyclerView.java:3260)
11-26 16:34:59.640  2231  2231 E Feed    : 	at android.support.v7.widget.RecyclerView.dispatchLayout(RecyclerView.java:3069)
11-26 16:34:59.640  2231  2231 E Feed    : 	at android.support.v7.widget.RecyclerView.onLayout(RecyclerView.java:3518)
11-26 16:34:59.640  2231  2231 E Feed    : 	at android.view.View.layout(View.java:17520)
11-26 16:34:59.640  2231  2231 E Feed    : 	at android.view.ViewGroup.layout(ViewGroup.java:5612)
11-26 16:34:59.640  2231  2231 E Feed    : 	at android.widget.FrameLayout.layoutChildren(FrameLayout.java:323)
11-26 16:34:59.640  2231  2231 E Feed    : 	at android.widget.FrameLayout.onLayout(FrameLayout.java:261)
