11-26 14:14:10.119  1239  1260 I WindowManager: Destroying surface Surface(name=Starting br.com.catbag.gifreduxsample) called by com.android.server.wm.WindowStateAnimator.destroySurface:2014 com.android.server.wm.WindowStateAnimator.destroySurfaceLocked:881 com.android.server.wm.WindowState.removeLocked:1449 com.android.server.wm.WindowManagerService.removeWindowInnerLocked:2478 com.android.server.wm.AppWindowToken.destroySurfaces:365 com.android.server.wm.WindowStateAnimator.finishExit:565 com.android.server.wm.AppWindowAnimator.stepAnimationLocked:427 com.android.server.wm.WindowAnimator.updateAppWindowsLocked:176 
11-26 14:14:10.200  2257  2272 I TestRunner: finished: whenGifDownloadFailTest(br.com.catbag.gifreduxsample.ui.giflist.GifListActivityTest)
11-26 14:14:10.220  2257  2257 D LifecycleMonitor: Lifecycle status change: br.com.catbag.gifreduxsample.ui.GifListActivity@36a9369 in: PAUSED
11-26 14:14:10.225  1239  1351 D WindowManager: relayoutVisibleWindow: Window{b9d6c8e u0 com.android.launcher3/com.android.launcher3.Launcher EXITING} mAnimatingExit=true, mRemoveOnExit=false, mDestroying=false
11-26 14:14:10.277   977   977 D gralloc : Registering a buffer in the process that created it. This may cause memory ordering problems.
11-26 14:14:10.277   977   977 E libEGL  : called unimplemented OpenGL ES API
11-26 14:14:10.278   977   977 E SurfaceFlinger: glCheckFramebufferStatusOES error -560253926
11-26 14:14:10.278   977   977 E SurfaceFlinger: got GL_FRAMEBUFFER_COMPLETE_OES error while taking screenshot
11-26 14:14:10.279  1239  1843 W WindowManager: Screenshot failure taking screenshot for (480x800) to layer 22035
11-26 14:14:10.320  1239  1260 I Choreographer: Skipped 44 frames!  The application may be doing too much work on its main thread.
11-26 14:14:10.347  2257  2257 I MonitoringInstrumentation: Activities that are still in CREATED to STOPPED: 5
11-26 14:14:10.349  2257  2272 I TestRunner: started: whenDefaultGifsAreLoaded(br.com.catbag.gifreduxsample.ui.giflist.GifListActivityTest)
11-26 14:14:10.399  2257  2257 I MonitoringInstrumentation: Activities that are still in CREATED to STOPPED: 5
11-26 14:14:10.524  1841  1841 I Choreographer: Skipped 34 frames!  The application may be doing too much work on its main thread.
11-26 14:14:10.593  2257  2257 D LifecycleMonitor: Lifecycle status change: br.com.catbag.gifreduxsample.ui.GifListActivity@36a9369 in: STOPPED
11-26 14:14:10.593  2257  2257 D LifecycleMonitor: Lifecycle status change: br.com.catbag.gifreduxsample.ui.GifListActivity@36a9369 in: DESTROYED
11-26 14:14:10.602  2257  2257 D LifecycleMonitor: Lifecycle status change: br.com.catbag.gifreduxsample.ui.GifListActivity@f416ccb in: STOPPED
11-26 14:14:10.603  2257  2257 D LifecycleMonitor: Lifecycle status change: br.com.catbag.gifreduxsample.ui.GifListActivity@f416ccb in: DESTROYED
11-26 14:14:10.613  1239  1468 I WindowManager: Destroying surface Surface(name=br.com.catbag.gifreduxsample/br.com.catbag.gifreduxsample.ui.GifListActivity) called by com.android.server.wm.WindowStateAnimator.destroySurface:2014 com.android.server.wm.WindowStateAnimator.destroySurfaceLocked:881 com.android.server.wm.WindowState.removeLocked:1449 com.android.server.wm.WindowManagerService.removeWindowInnerLocked:2478 com.android.server.wm.WindowManagerService.removeWindowLocked:2436 com.android.server.wm.WindowManagerService.removeWindowLocked:2305 com.android.server.wm.WindowManagerService.removeWindow:2300 com.android.server.wm.Session.remove:193 
11-26 14:14:10.617  2257  2257 D LifecycleMonitor: Lifecycle status change: br.com.catbag.gifreduxsample.ui.GifListActivity@80fd530 in: STOPPED
11-26 14:14:10.617  2257  2257 D LifecycleMonitor: Lifecycle status change: br.com.catbag.gifreduxsample.ui.GifListActivity@80fd530 in: DESTROYED
11-26 14:14:10.619  1239  1479 I WindowManager: Destroying surface Surface(name=br.com.catbag.gifreduxsample/br.com.catbag.gifreduxsample.ui.GifListActivity) called by com.android.server.wm.WindowStateAnimator.destroySurface:2014 com.android.server.wm.WindowStateAnimator.destroySurfaceLocked:881 com.android.server.wm.WindowState.removeLocked:1449 com.android.server.wm.WindowManagerService.removeWindowInnerLocked:2478 com.android.server.wm.WindowManagerService.removeWindowLocked:2436 com.android.server.wm.WindowManagerService.removeWindowLocked:2305 com.android.server.wm.WindowManagerService.removeWindow:2300 com.android.server.wm.Session.remove:193 
11-26 14:14:10.621  2257  2257 D LifecycleMonitor: Lifecycle status change: br.com.catbag.gifreduxsample.ui.GifListActivity@2bd91f6 in: STOPPED
11-26 14:14:10.621  2257  2257 D LifecycleMonitor: Lifecycle status change: br.com.catbag.gifreduxsample.ui.GifListActivity@2bd91f6 in: DESTROYED
11-26 14:14:10.657  1239  1352 I WindowManager: Destroying surface Surface(name=br.com.catbag.gifreduxsample/br.com.catbag.gifreduxsample.ui.GifListActivity) called by com.android.server.wm.WindowStateAnimator.destroySurface:2014 com.android.server.wm.WindowStateAnimator.destroySurfaceLocked:881 com.android.server.wm.WindowState.removeLocked:1449 com.android.server.wm.WindowManagerService.removeWindowInnerLocked:2478 com.android.server.wm.WindowManagerService.removeWindowLocked:2436 com.android.server.wm.WindowManagerService.removeWindowLocked:2305 com.android.server.wm.WindowManagerService.removeWindow:2300 com.android.server.wm.Session.remove:193 
11-26 14:14:10.701  2257  2257 D LifecycleMonitor: Lifecycle status change: br.com.catbag.gifreduxsample.ui.GifListActivity@f1a82dc in: STOPPED
11-26 14:14:10.701  2257  2257 D LifecycleMonitor: Lifecycle status change: br.com.catbag.gifreduxsample.ui.GifListActivity@f1a82dc in: DESTROYED
11-26 14:14:10.747  1239  1260 I WindowManager: Destroying surface Surface(name=Starting br.com.catbag.gifreduxsample) called by com.android.server.wm.WindowStateAnimator.destroySurface:2014 com.android.server.wm.WindowStateAnimator.destroySurfaceLocked:881 com.android.server.wm.WindowState.removeLocked:1449 com.android.server.wm.WindowManagerService.removeWindowInnerLocked:2478 com.android.server.wm.AppWindowToken.destroySurfaces:365 com.android.server.wm.WindowStateAnimator.finishExit:565 com.android.server.wm.AppWindowAnimator.stepAnimationLocked:427 com.android.server.wm.WindowAnimator.updateAppWindowsLocked:196 
11-26 14:14:10.749  1239  1260 I WindowManager: Destroying surface Surface(name=br.com.catbag.gifreduxsample/br.com.catbag.gifreduxsample.ui.GifListActivity) called by com.android.server.wm.WindowStateAnimator.destroySurface:2014 com.android.server.wm.WindowStateAnimator.destroySurfaceLocked:881 com.android.server.wm.WindowState.destroyOrSaveSurface:2073 com.android.server.wm.AppWindowToken.destroySurfaces:363 com.android.server.wm.WindowStateAnimator.finishExit:565 com.android.server.wm.AppWindowAnimator.stepAnimationLocked:427 com.android.server.wm.WindowAnimator.updateAppWindowsLocked:196 com.android.server.wm.WindowAnimator.animateLocked:678 
11-26 14:14:10.811  1239  1842 I WindowManager: Destroying surface Surface(name=br.com.catbag.gifreduxsample/br.com.catbag.gifreduxsample.ui.GifListActivity) called by com.android.server.wm.WindowStateAnimator.destroySurface:2014 com.android.server.wm.WindowStateAnimator.destroySurfaceLocked:881 com.android.server.wm.WindowState.removeLocked:1449 com.android.server.wm.WindowManagerService.removeWindowInnerLocked:2478 com.android.server.wm.WindowManagerService.removeWindowLocked:2436 com.android.server.wm.WindowManagerService.removeWindowLocked:2305 com.android.server.wm.WindowManagerService.removeWindow:2300 com.android.server.wm.Session.remove:193 
11-26 14:14:10.898  2257  2273 I DroidFlux:Dispatcher: [STARTED] dispatch of action [FAKE_REDUCE_ACTION]
11-26 14:14:10.899  2257  2273 I DroidFlux:Dispatcher: [COMPLETED] dispatch of action [FAKE_REDUCE_ACTION]
11-26 14:14:11.148  2324  2324 W dex2oat : Unexpected CPU variant for X86 using defaults: x86
11-26 14:14:11.148  2324  2324 W dex2oat : Mismatch between dex2oat instruction set features (ISA: X86 Feature string: smp,-ssse3,-sse4.1,-sse4.2,-avx,-avx2,-lock_add,-popcnt) and those of dex2oat executable (ISA: X86 Feature string: smp,ssse3,-sse4.1,-sse4.2,-avx,-avx2,-lock_add,-popcnt) for the command line:
11-26 14:14:11.148  2324  2324 W dex2oat : /system/bin/dex2oat --runtime-arg -classpath --runtime-arg & --debuggable --instruction-set=x86 --instruction-set-features=smp,ssse3,-sse4.1,-sse4.2,-avx,-avx2,-lock_add,-popcnt --runtime-arg -Xrelocate --boot-image=/system/framework/boot.art --runtime-arg -Xms64m --runtime-arg -Xmx512m --instruction-set-variant=x86 --instruction-set-features=default --dex-file=/data/user/0/br.com.catbag.gifreduxsample/app_dxmaker_cache/Generated_1514457007.jar --oat-fd=64 --oat-location=/data/user/0/br.com.catbag.gifreduxsample/app_dxmaker_cache/Generated_1514457007.dex --compiler-filter=speed
11-26 14:14:11.148  2324  2324 I dex2oat : /system/bin/dex2oat --debuggable --dex-file=/data/user/0/br.com.catbag.gifreduxsample/app_dxmaker_cache/Generated_1514457007.jar --oat-fd=64 --oat-location=/data/user/0/br.com.catbag.gifreduxsample/app_dxmaker_cache/Generated_1514457007.dex --compiler-filter=speed
11-26 14:14:11.318  2324  2324 I dex2oat : dex2oat took 170.548ms (threads: 1) arena alloc=47KB (48256B) java alloc=28KB (28768B) native alloc=788KB (807912B) free=747KB (764952B)
11-26 14:14:11.358  2257  2323 D ActivityTestRule: Launching activity br.com.catbag.gifreduxsample.ui.GifListActivity
11-26 14:14:11.372  2257  2326 D MonitoringInstrumentation: execStartActivity(context, ibinder, ibinder, activity, intent, int, bundle
11-26 14:14:11.379  1239  1351 I ActivityManager: START u0 {flg=0x10000000 cmp=br.com.catbag.gifreduxsample/.ui.GifListActivity} from uid 10060 on display 0
11-26 14:14:11.514  2257  2257 D LifecycleMonitor: Lifecycle status change: br.com.catbag.gifreduxsample.ui.GifListActivity@4a78580 in: PRE_ON_CREATE
11-26 14:14:11.628  2257  2257 D LifecycleMonitor: Lifecycle status change: br.com.catbag.gifreduxsample.ui.GifListActivity@4a78580 in: CREATED
11-26 14:14:11.646  2257  2273 I DroidFlux:Dispatcher: [STARTED] dispatch of action [APP_STATE_LOAD]
11-26 14:14:11.648  2257  2273 D DroidFlux:Dispatcher: An action of type [APP_STATE_LOAD] was dispatched, but no reducer handled it
11-26 14:14:11.648  2257  2273 I DroidFlux:Dispatcher: [COMPLETED] dispatch of action [APP_STATE_LOAD]
11-26 14:14:11.671  2257  2257 D LifecycleMonitor: Lifecycle status change: br.com.catbag.gifreduxsample.ui.GifListActivity@4a78580 in: STARTED
11-26 14:14:11.685  2257  2257 D LifecycleMonitor: Lifecycle status change: br.com.catbag.gifreduxsample.ui.GifListActivity@4a78580 in: RESUMED
11-26 14:14:11.760  2257  2327 E DataManager: appstate not loaded
11-26 14:14:11.760  2257  2327 E DataManager: com.snappydb.SnappydbException: Failed to get a String: NotFound: 
11-26 14:14:11.760  2257  2327 E DataManager: 	at com.snappydb.internal.DBImpl.__get(Native Method)
11-26 14:14:11.760  2257  2327 E DataManager: 	at com.snappydb.internal.DBImpl.get(DBImpl.java:348)
11-26 14:14:11.760  2257  2327 E DataManager: 	at br.com.catbag.gifreduxsample.asyncs.data.storage.Database.getAppState(Database.java:43)
11-26 14:14:11.760  2257  2327 E DataManager: 	at br.com.catbag.gifreduxsample.asyncs.data.DataManager.lambda$loadAppState$0(DataManager.java:75)
11-26 14:14:11.760  2257  2327 E DataManager: 	at br.com.catbag.gifreduxsample.asyncs.data.DataManager$$Lambda$1.run(Unknown Source)
11-26 14:14:11.760  2257  2327 E DataManager: 	at java.lang.Thread.run(Thread.java:761)
11-26 14:14:11.764  2257  2273 I DroidFlux:Dispatcher: [STARTED] dispatch of action [APP_STATE_LOADED]
11-26 14:14:11.788  2257  2273 I DroidFlux:Dispatcher: [COMPLETED] dispatch of action [APP_STATE_LOADED]
11-26 14:14:11.905  2257  2273 I DroidFlux:Dispatcher: [STARTED] dispatch of action [GIF_LIST_FETCHING]
11-26 14:14:11.905  2257  2273 D DroidFlux:Dispatcher: An action of type [GIF_LIST_FETCHING] was dispatched, but no reducer handled it
11-26 14:14:11.906  2257  2273 I DroidFlux:Dispatcher: [COMPLETED] dispatch of action [GIF_LIST_FETCHING]
11-26 14:14:12.064  1239  1260 I ActivityManager: Displayed br.com.catbag.gifreduxsample/.ui.GifListActivity: +644ms
11-26 14:14:12.226  2257  2257 W ResourceType: No package identifier when getting name for resource number 0x000000fe
11-26 14:14:12.288  1239  1260 I WindowManager: Destroying surface Surface(name=Starting br.com.catbag.gifreduxsample) called by com.android.server.wm.WindowStateAnimator.destroySurface:2014 com.android.server.wm.WindowStateAnimator.destroySurfaceLocked:881 com.android.server.wm.WindowState.destroyOrSaveSurface:2073 com.android.server.wm.AppWindowToken.destroySurfaces:363 com.android.server.wm.WindowStateAnimator.finishExit:565 com.android.server.wm.WindowStateAnimator.stepAnimationLocked:491 com.android.server.wm.WindowAnimator.updateWindowsLocked:303 com.android.server.wm.WindowAnimator.animateLocked:704 
11-26 14:14:12.312  2257  2257 D LifecycleMonitor: Lifecycle status change: br.com.catbag.gifreduxsample.ui.GifListActivity@4a78580 in: PAUSED
11-26 14:14:12.316  2257  2272 I TestRunner: finished: whenDefaultGifsAreLoaded(br.com.catbag.gifreduxsample.ui.giflist.GifListActivityTest)
11-26 14:14:12.351   977   977 D gralloc : Registering a buffer in the process that created it. This may cause memory ordering problems.
11-26 14:14:12.351   977   977 E libEGL  : called unimplemented OpenGL ES API
11-26 14:14:12.351   977   977 E SurfaceFlinger: glCheckFramebufferStatusOES error -560253926
11-26 14:14:12.352   977   977 E SurfaceFlinger: got GL_FRAMEBUFFER_COMPLETE_OES error while taking screenshot
11-26 14:14:12.353  1239  1843 W WindowManager: Screenshot failure taking screenshot for (480x800) to layer 22005
11-26 14:14:12.414  2257  2257 I MonitoringInstrumentation: Activities that are still in CREATED to STOPPED: 1
11-26 14:14:12.415  2257  2272 I TestRunner: started: whenPauseGifTest(br.com.catbag.gifreduxsample.ui.giflist.GifListActivityTest)
11-26 14:14:12.426  2257  2257 I MonitoringInstrumentation: Activities that are still in CREATED to STOPPED: 1
11-26 14:14:12.444  2257  2273 I DroidFlux:Dispatcher: [STARTED] dispatch of action [FAKE_REDUCE_ACTION]
11-26 14:14:12.444  2257  2273 I DroidFlux:Dispatcher: [COMPLETED] dispatch of action [FAKE_REDUCE_ACTION]
11-26 14:14:12.446  2257  2329 D ActivityTestRule: Launching activity br.com.catbag.gifreduxsample.ui.GifListActivity
11-26 14:14:12.447  2257  2330 D MonitoringInstrumentation: execStartActivity(context, ibinder, ibinder, activity, intent, int, bundle
11-26 14:14:12.448  1239  1251 I ActivityManager: START u0 {flg=0x10000000 cmp=br.com.catbag.gifreduxsample/.ui.GifListActivity} from uid 10060 on display 0
11-26 14:14:12.541  2257  2257 D LifecycleMonitor: Lifecycle status change: br.com.catbag.gifreduxsample.ui.GifListActivity@7ca9cd4 in: PRE_ON_CREATE
11-26 14:14:12.666  2257  2257 D LifecycleMonitor: Lifecycle status change: br.com.catbag.gifreduxsample.ui.GifListActivity@7ca9cd4 in: CREATED
11-26 14:14:12.680  2257  2273 I DroidFlux:Dispatcher: [STARTED] dispatch of action [APP_STATE_LOAD]
11-26 14:14:12.681  2257  2273 D DroidFlux:Dispatcher: An action of type [APP_STATE_LOAD] was dispatched, but no reducer handled it
11-26 14:14:12.681  2257  2273 I DroidFlux:Dispatcher: [COMPLETED] dispatch of action [APP_STATE_LOAD]
11-26 14:14:12.681  2257  2257 D LifecycleMonitor: Lifecycle status change: br.com.catbag.gifreduxsample.ui.GifListActivity@7ca9cd4 in: STARTED
11-26 14:14:12.690  2257  2257 D LifecycleMonitor: Lifecycle status change: br.com.catbag.gifreduxsample.ui.GifListActivity@7ca9cd4 in: RESUMED
11-26 14:14:12.858  2257  2257 I ViewInteraction: Performing 'single click' action on view with id: br.com.catbag.gifreduxsample:id/gif_image
11-26 14:14:12.914  1239  1260 I ActivityManager: Displayed br.com.catbag.gifreduxsample/.ui.GifListActivity: +445ms
11-26 14:14:12.984  2257  2273 I DroidFlux:Dispatcher: [STARTED] dispatch of action [GIF_PAUSE]
11-26 14:14:12.985  2257  2273 I DroidFlux:Dispatcher: [COMPLETED] dispatch of action [GIF_PAUSE]
11-26 14:14:13.023   985  1032 D AudioFlinger: mixer(0xb1e03300) throttle end: throttle time(11)
11-26 14:14:13.043   985  1032 D AudioFlinger: mixer(0xb1e03300) throttle end: throttle time(11)
11-26 14:14:13.138  1239  1260 I WindowManager: Destroying surface Surface(name=Starting br.com.catbag.gifreduxsample) called by com.android.server.wm.WindowStateAnimator.destroySurface:2014 com.android.server.wm.WindowStateAnimator.destroySurfaceLocked:881 com.android.server.wm.WindowState.destroyOrSaveSurface:2073 com.android.server.wm.AppWindowToken.destroySurfaces:363 com.android.server.wm.WindowStateAnimator.finishExit:565 com.android.server.wm.WindowStateAnimator.stepAnimationLocked:491 com.android.server.wm.WindowAnimator.updateWindowsLocked:303 com.android.server.wm.WindowAnimator.animateLocked:704 
11-26 14:14:13.385  2257  2257 D LifecycleMonitor: Lifecycle status change: br.com.catbag.gifreduxsample.ui.GifListActivity@4a78580 in: STOPPED
11-26 14:14:13.386  2257  2257 D LifecycleMonitor: Lifecycle status change: br.com.catbag.gifreduxsample.ui.GifListActivity@4a78580 in: DESTROYED
11-26 14:14:13.389  1239  1351 I WindowManager: Destroying surface Surface(name=br.com.catbag.gifreduxsample/br.com.catbag.gifreduxsample.ui.GifListActivity) called by com.android.server.wm.WindowStateAnimator.destroySurface:2014 com.android.server.wm.WindowStateAnimator.destroySurfaceLocked:881 com.android.server.wm.WindowState.removeLocked:1449 com.android.server.wm.WindowManagerService.removeWindowInnerLocked:2478 com.android.server.wm.WindowManagerService.removeWindowLocked:2436 com.android.server.wm.WindowManagerService.removeWindowLocked:2305 com.android.server.wm.WindowManagerService.removeWindow:2300 com.android.server.wm.Session.remove:193 
11-26 14:14:13.409  1239  1843 I WindowManager: Destroying surface Surface(name=com.android.launcher3/com.android.launcher3.Launcher) called by com.android.server.wm.WindowStateAnimator.destroySurface:2014 com.android.server.wm.WindowStateAnimator.destroySurfaceLocked:881 com.android.server.wm.WindowState.destroyOrSaveSurface:2073 com.android.server.wm.AppWindowToken.destroySurfaces:363 com.android.server.wm.AppWindowToken.notifyAppStopped:389 com.android.server.wm.WindowManagerService.notifyAppStopped:4456 com.android.server.am.ActivityStack.activityStoppedLocked:1252 com.android.server.am.ActivityManagerService.activityStopped:6873 
11-26 14:14:13.527  2257  2257 D LifecycleMonitor: Lifecycle status change: br.com.catbag.gifreduxsample.ui.GifListActivity@7ca9cd4 in: PAUSED
11-26 14:14:13.539  2257  2272 I TestRunner: finished: whenPauseGifTest(br.com.catbag.gifreduxsample.ui.giflist.GifListActivityTest)
11-26 14:14:13.595   977   977 D gralloc : Registering a buffer in the process that created it. This may cause memory ordering problems.
11-26 14:14:13.595   977   977 E libEGL  : called unimplemented OpenGL ES API
11-26 14:14:13.596   977   977 E SurfaceFlinger: glCheckFramebufferStatusOES error -560253926
11-26 14:14:13.596   977   977 E SurfaceFlinger: got GL_FRAMEBUFFER_COMPLETE_OES error while taking screenshot
11-26 14:14:13.597  1239  1251 W WindowManager: Screenshot failure taking screenshot for (480x800) to layer 21010
11-26 14:14:13.628  2257  2257 I MonitoringInstrumentation: Activities that are still in CREATED to STOPPED: 1
11-26 14:14:13.629  2257  2272 I TestRunner: started: whenLoadMultipleGifsOnAppStateTest(br.com.catbag.gifreduxsample.ui.giflist.GifListActivityTest)
11-26 14:14:13.631  2257  2257 I MonitoringInstrumentation: Activities that are still in CREATED to STOPPED: 1
11-26 14:14:13.680  2257  2273 I DroidFlux:Dispatcher: [STARTED] dispatch of action [FAKE_REDUCE_ACTION]
11-26 14:14:13.681  2257  2273 I DroidFlux:Dispatcher: [COMPLETED] dispatch of action [FAKE_REDUCE_ACTION]
11-26 14:14:13.719  2257  2331 D ActivityTestRule: Launching activity br.com.catbag.gifreduxsample.ui.GifListActivity
11-26 14:14:13.724  2257  2332 D MonitoringInstrumentation: execStartActivity(context, ibinder, ibinder, activity, intent, int, bundle
11-26 14:14:13.725  1239  1351 I ActivityManager: START u0 {flg=0x10000000 cmp=br.com.catbag.gifreduxsample/.ui.GifListActivity} from uid 10060 on display 0
11-26 14:14:13.814  2257  2257 D LifecycleMonitor: Lifecycle status change: br.com.catbag.gifreduxsample.ui.GifListActivity@fb9d6cc in: PRE_ON_CREATE
11-26 14:14:13.828  2257  2257 D LifecycleMonitor: Lifecycle status change: br.com.catbag.gifreduxsample.ui.GifListActivity@fb9d6cc in: CREATED
11-26 14:14:13.828  2257  2257 D LifecycleMonitor: Lifecycle status change: br.com.catbag.gifreduxsample.ui.GifListActivity@fb9d6cc in: STARTED
11-26 14:14:13.829  2257  2273 I DroidFlux:Dispatcher: [STARTED] dispatch of action [APP_STATE_LOAD]
11-26 14:14:13.830  2257  2273 D DroidFlux:Dispatcher: An action of type [APP_STATE_LOAD] was dispatched, but no reducer handled it
11-26 14:14:13.830  2257  2273 I DroidFlux:Dispatcher: [COMPLETED] dispatch of action [APP_STATE_LOAD]
11-26 14:14:13.831  2257  2257 D LifecycleMonitor: Lifecycle status change: br.com.catbag.gifreduxsample.ui.GifListActivity@fb9d6cc in: RESUMED
11-26 14:14:13.884  1239  1260 I Choreographer: Skipped 40 frames!  The application may be doing too much work on its main thread.
11-26 14:14:14.024  1239  1468 I WindowManager: Destroying surface Surface(name=com.android.launcher3/com.android.launcher3.Launcher) called by com.android.server.wm.WindowStateAnimator.destroySurface:2014 com.android.server.wm.WindowStateAnimator.destroySurfaceLocked:881 com.android.server.wm.WindowState.destroyOrSaveSurface:2073 com.android.server.wm.AppWindowToken.destroySurfaces:363 com.android.server.wm.AppWindowToken.notifyAppStopped:389 com.android.server.wm.WindowManagerService.notifyAppStopped:4456 com.android.server.am.ActivityStack.activityStoppedLocked:1252 com.android.server.am.ActivityManagerService.activityStopped:6873 
11-26 14:14:14.048  2257  2257 D LifecycleMonitor: Lifecycle status change: br.com.catbag.gifreduxsample.ui.GifListActivity@7ca9cd4 in: STOPPED
11-26 14:14:14.049  2257  2257 D LifecycleMonitor: Lifecycle status change: br.com.catbag.gifreduxsample.ui.GifListActivity@7ca9cd4 in: DESTROYED
11-26 14:14:14.064  1239  1352 I WindowManager: Destroying surface Surface(name=br.com.catbag.gifreduxsample/br.com.catbag.gifreduxsample.ui.GifListActivity) called by com.android.server.wm.WindowStateAnimator.destroySurface:2014 com.android.server.wm.WindowStateAnimator.destroySurfaceLocked:881 com.android.server.wm.WindowState.removeLocked:1449 com.android.server.wm.WindowManagerService.removeWindowInnerLocked:2478 com.android.server.wm.WindowManagerService.removeWindowLocked:2436 com.android.server.wm.WindowManagerService.removeWindowLocked:2305 com.android.server.wm.WindowManagerService.removeWindow:2300 com.android.server.wm.Session.remove:193 
11-26 14:14:14.080  1239  1260 I ActivityManager: Displayed br.com.catbag.gifreduxsample/.ui.GifListActivity: +291ms
11-26 14:14:14.127  2257  2257 W ResourceType: No package identifier when getting name for resource number 0x00000108
11-26 14:14:14.128  2257  2257 I ViewInteraction: Performing 'scroll RecyclerView to position: 2' action on view with id: 264 (resource name not found)
11-26 14:14:14.284  1239  1260 I WindowManager: Destroying surface Surface(name=Starting br.com.catbag.gifreduxsample) called by com.android.server.wm.WindowStateAnimator.destroySurface:2014 com.android.server.wm.WindowStateAnimator.destroySurfaceLocked:881 com.android.server.wm.WindowState.destroyOrSaveSurface:2073 com.android.server.wm.AppWindowToken.destroySurfaces:363 com.android.server.wm.WindowStateAnimator.finishExit:565 com.android.server.wm.WindowStateAnimator.stepAnimationLocked:491 com.android.server.wm.WindowAnimator.updateWindowsLocked:303 com.android.server.wm.WindowAnimator.animateLocked:704 
11-26 14:14:14.426  2257  2257 W ResourceType: No package identifier when getting name for resource number 0x00000108
11-26 14:14:14.458  2257  2257 W ResourceType: No package identifier when getting name for resource number 0x0000010f
11-26 14:14:14.459  2257  2257 I ViewInteraction: Performing 'scroll RecyclerView to position: 3' action on view with id: 271 (resource name not found)
11-26 14:14:14.759  2257  2257 W ResourceType: No package identifier when getting name for resource number 0x0000010f
11-26 14:14:14.784  2257  2257 W ResourceType: No package identifier when getting name for resource number 0x00000116
11-26 14:14:14.785  2257  2257 I ViewInteraction: Performing 'scroll RecyclerView to position: 4' action on view with id: 278 (resource name not found)
11-26 14:14:15.108  2257  2257 W ResourceType: No package identifier when getting name for resource number 0x00000116
11-26 14:14:15.134  2257  2257 W ResourceType: No package identifier when getting name for resource number 0x0000011d
11-26 14:14:15.134  2257  2257 I ViewInteraction: Performing 'scroll RecyclerView to position: 5' action on view with id: 285 (resource name not found)
11-26 14:14:15.437  2257  2257 W ResourceType: No package identifier when getting name for resource number 0x0000011d
11-26 14:14:15.516  2257  2257 W ResourceType: No package identifier when getting name for resource number 0x00000124
11-26 14:14:15.517  2257  2257 I ViewInteraction: Performing 'scroll RecyclerView to position: 6' action on view with id: 292 (resource name not found)
11-26 14:14:15.554  2257  2273 I DroidFlux:Dispatcher: [STARTED] dispatch of action [GIF_LIST_FETCHING]
11-26 14:14:15.555  2257  2273 D DroidFlux:Dispatcher: An action of type [GIF_LIST_FETCHING] was dispatched, but no reducer handled it
11-26 14:14:15.555  2257  2273 I DroidFlux:Dispatcher: [COMPLETED] dispatch of action [GIF_LIST_FETCHING]
11-26 14:14:15.837  2257  2257 W ResourceType: No package identifier when getting name for resource number 0x00000124
11-26 14:14:15.858  2257  2257 W ResourceType: No package identifier when getting name for resource number 0x0000012b
11-26 14:14:15.858  2257  2257 I ViewInteraction: Performing 'scroll RecyclerView to position: 7' action on view with id: 299 (resource name not found)
11-26 14:14:15.868  1239  1323 E TaskPersister: File error accessing recents directory (directory doesn't exist?).
11-26 14:14:16.156  2257  2257 W ResourceType: No package identifier when getting name for resource number 0x0000012b
11-26 14:14:16.173  2257  2257 W ResourceType: No package identifier when getting name for resource number 0x00000132
11-26 14:14:16.173  2257  2257 I ViewInteraction: Performing 'scroll RecyclerView to position: 8' action on view with id: 306 (resource name not found)
11-26 14:14:16.466  2257  2257 W ResourceType: No package identifier when getting name for resource number 0x00000132
11-26 14:14:16.496  2257  2257 W ResourceType: No package identifier when getting name for resource number 0x00000139
11-26 14:14:16.496  2257  2257 I ViewInteraction: Performing 'scroll RecyclerView to position: 9' action on view with id: 313 (resource name not found)
11-26 14:14:16.540  2257  2268 I art     : Background sticky concurrent mark sweep GC freed 10150(977KB) AllocSpace objects, 7(144KB) LOS objects, 3% free, 17MB/17MB, paused 5.106ms total 69.915ms
11-26 14:14:16.798  2257  2257 W ResourceType: No package identifier when getting name for resource number 0x00000139
11-26 14:14:16.871  2257  2257 D LifecycleMonitor: Lifecycle status change: br.com.catbag.gifreduxsample.ui.GifListActivity@fb9d6cc in: PAUSED
11-26 14:14:16.895  2257  2272 I TestRunner: finished: whenLoadMultipleGifsOnAppStateTest(br.com.catbag.gifreduxsample.ui.giflist.GifListActivityTest)
11-26 14:14:16.932   977   977 D gralloc : Registering a buffer in the process that created it. This may cause memory ordering problems.
11-26 14:14:16.933   977   977 E libEGL  : called unimplemented OpenGL ES API
11-26 14:14:16.933   977   977 E SurfaceFlinger: glCheckFramebufferStatusOES error -560253926
11-26 14:14:16.933   977   977 E SurfaceFlinger: got GL_FRAMEBUFFER_COMPLETE_OES error while taking screenshot
11-26 14:14:16.935  1239  1843 W WindowManager: Screenshot failure taking screenshot for (480x800) to layer 21005
11-26 14:14:16.959  2257  2257 I MonitoringInstrumentation: Activities that are still in CREATED to STOPPED: 1
11-26 14:14:16.961  2257  2272 I TestRunner: run finished: 20 tests, 0 failed, 0 ignored
11-26 14:14:17.120  2257  2268 I art     : Background sticky concurrent mark sweep GC freed 4441(526KB) AllocSpace objects, 4(84KB) LOS objects, 2% free, 17MB/17MB, paused 3.946ms total 142.238ms
11-26 14:14:17.288  2257  2272 I MonitoringInstrumentation: Unstopped activity count: 1
11-26 14:14:17.288  2257  2257 I MonitoringInstrumentation: Activities that are still in CREATED to STOPPED: 1
11-26 14:14:17.303  1841  1841 I Choreographer: Skipped 35 frames!  The application may be doing too much work on its main thread.
11-26 14:14:17.344  2257  2272 I MonitoringInstrumentation: Unstopped activity count: 1
11-26 14:14:17.402  2257  2272 I MonitoringInstrumentation: Unstopped activity count: 1
11-26 14:14:17.448  2257  2257 D LifecycleMonitor: Lifecycle status change: br.com.catbag.gifreduxsample.ui.GifListActivity@fb9d6cc in: STOPPED
11-26 14:14:17.449  2257  2257 D LifecycleMonitor: Lifecycle status change: br.com.catbag.gifreduxsample.ui.GifListActivity@fb9d6cc in: DESTROYED
11-26 14:14:17.463  2257  2272 I MonitoringInstrumentation: waitForActivitiesToComplete() took: 176ms
11-26 14:14:17.468  1239  1251 I ActivityManager: Force stopping br.com.catbag.gifreduxsample appid=10060 user=0: finished inst
11-26 14:14:17.484  2247  2247 D AndroidRuntime: Shutting down VM
11-26 14:14:17.524  1239  1251 I ActivityManager: Killing 2257:br.com.catbag.gifreduxsample/u0a60 (adj 0): stop br.com.catbag.gifreduxsample
11-26 14:14:17.558  1239  1843 I WindowManager: WIN DEATH: Window{9298d08 u0 br.com.catbag.gifreduxsample/br.com.catbag.gifreduxsample.ui.GifListActivity EXITING}
11-26 14:14:17.585  1239  1260 I WindowManager: Destroying surface Surface(name=br.com.catbag.gifreduxsample/br.com.catbag.gifreduxsample.ui.GifListActivity) called by com.android.server.wm.WindowStateAnimator.destroySurface:2014 com.android.server.wm.WindowStateAnimator.destroySurfaceLocked:881 com.android.server.wm.WindowState.removeLocked:1449 com.android.server.wm.WindowManagerService.removeWindowInnerLocked:2478 com.android.server.wm.AppWindowToken.destroySurfaces:365 com.android.server.wm.WindowStateAnimator.finishExit:565 com.android.server.wm.AppWindowAnimator.stepAnimationLocked:427 com.android.server.wm.WindowAnimator.updateAppWindowsLocked:196 
11-26 14:14:17.595  1841  1841 I Choreographer: Skipped 36 frames!  The application may be doing too much work on its main thread.
11-26 14:14:19.283  2343  2343 D AndroidRuntime: >>>>>> START com.android.internal.os.RuntimeInit uid 2000 <<<<<<
11-26 14:14:19.285  2343  2343 D AndroidRuntime: CheckJNI is ON
11-26 14:14:19.338  2343  2343 W art     : Unexpected CPU variant for X86 using defaults: x86
11-26 14:14:19.348  2343  2343 D ICU     : No timezone override file found: /data/misc/zoneinfo/current/icu/icu_tzdata.dat
11-26 14:14:19.379  2343  2343 E memtrack: Couldn't load memtrack module (No such file or directory)
11-26 14:14:19.379  2343  2343 E android.os.Debug: failed to load memtrack module: -2
11-26 14:14:19.380  2343  2343 I Radio-JNI: register_android_hardware_Radio DONE
11-26 14:14:19.403  2343  2343 D AndroidRuntime: Calling main entry com.android.commands.pm.Pm
11-26 14:14:19.432  1239  1253 I ActivityManager: Force stopping br.com.catbag.gifreduxsample.test appid=10061 user=-1: deletePackageX
11-26 14:14:19.635  1239  1265 I art     : Starting a blocking GC Explicit
11-26 14:14:19.684  1239  1265 I art     : Explicit concurrent mark sweep GC freed 14500(736KB) AllocSpace objects, 3(60KB) LOS objects, 33% free, 6MB/10MB, paused 4.417ms total 47.241ms
11-26 14:14:19.715  1239  1265 I ActivityManager: Force stopping br.com.catbag.gifreduxsample.test appid=10061 user=0: pkg removed
11-26 14:14:19.723  2343  2343 I art     : System.exit called, status: 0
11-26 14:14:19.723  2343  2343 I AndroidRuntime: VM exiting with result code 0.
11-26 14:14:19.776  1239  1279 I InputReader: Reconfiguring input devices.  changes=0x00000010
11-26 14:14:19.805  1239  1265 E KernelUidCpuTimeReader: failed to remove uid from uid_cputime module
11-26 14:14:19.805  1239  1265 E KernelUidCpuTimeReader: java.io.FileNotFoundException: /proc/uid_cputime/remove_uid_range (No such file or directory)
11-26 14:14:19.805  1239  1265 E KernelUidCpuTimeReader: 	at java.io.FileOutputStream.open(Native Method)
11-26 14:14:19.805  1239  1265 E KernelUidCpuTimeReader: 	at java.io.FileOutputStream.<init>(FileOutputStream.java:221)
11-26 14:14:19.805  1239  1265 E KernelUidCpuTimeReader: 	at java.io.FileOutputStream.<init>(FileOutputStream.java:108)
11-26 14:14:19.805  1239  1265 E KernelUidCpuTimeReader: 	at java.io.FileWriter.<init>(FileWriter.java:63)
11-26 14:14:19.805  1239  1265 E KernelUidCpuTimeReader: 	at com.android.internal.os.KernelUidCpuTimeReader.removeUid(KernelUidCpuTimeReader.java:158)
11-26 14:14:19.805  1239  1265 E KernelUidCpuTimeReader: 	at com.android.internal.os.BatteryStatsImpl.removeUidStatsLocked(BatteryStatsImpl.java:9805)
11-26 14:14:19.805  1239  1265 E KernelUidCpuTimeReader: 	at com.android.server.am.BatteryStatsService.removeUid(BatteryStatsService.java:291)
11-26 14:14:19.805  1239  1265 E KernelUidCpuTimeReader: 	at com.android.server.am.ActivityManagerService.broadcastIntentLocked(ActivityManagerService.java:17767)
11-26 14:14:19.805  1239  1265 E KernelUidCpuTimeReader: 	at com.android.server.am.ActivityManagerService.broadcastIntent(ActivityManagerService.java:18256)
11-26 14:14:19.805  1239  1265 E KernelUidCpuTimeReader: 	at com.android.server.pm.PackageManagerService$8.run(PackageManagerService.java:11407)
11-26 14:14:19.805  1239  1265 E KernelUidCpuTimeReader: 	at android.os.Handler.handleCallback(Handler.java:751)
11-26 14:14:19.805  1239  1265 E KernelUidCpuTimeReader: 	at android.os.Handler.dispatchMessage(Handler.java:95)
11-26 14:14:19.805  1239  1265 E KernelUidCpuTimeReader: 	at android.os.Looper.loop(Looper.java:154)
11-26 14:14:19.805  1239  1265 E KernelUidCpuTimeReader: 	at android.os.HandlerThread.run(HandlerThread.java:61)
11-26 14:14:19.805  1239  1265 E KernelUidCpuTimeReader: 	at com.android.server.ServiceThread.run(ServiceThread.java:46)
11-26 14:14:20.125  1462  1462 D CarrierSvcBindHelper: No carrier app for: 0
11-26 14:14:20.299  1239  1252 W LocationProviderProxy-network: Odd, no component found for service com.android.location.service.v3.NetworkLocationProvider
11-26 14:14:20.299  1239  1252 W GeocoderProxy: Odd, no component found for service com.android.location.service.GeocodeProvider
11-26 14:14:20.299  1239  1252 W GeofenceProxy: Odd, no component found for service com.android.location.service.GeofenceProvider
11-26 14:14:20.300  1239  1252 W ActivityRecognitionProxy: Odd, no component found for service com.android.location.service.ActivityRecognitionProvider
11-26 14:14:20.581  1239  1323 E TaskPersister: File error accessing recents directory (directory doesn't exist?).
11-26 14:14:20.730  2357  2357 D AndroidRuntime: >>>>>> START com.android.internal.os.RuntimeInit uid 2000 <<<<<<
11-26 14:14:20.730  2357  2357 D AndroidRuntime: CheckJNI is ON
11-26 14:14:20.773  2357  2357 W art     : Unexpected CPU variant for X86 using defaults: x86
11-26 14:14:20.788  2357  2357 D ICU     : No timezone override file found: /data/misc/zoneinfo/current/icu/icu_tzdata.dat
11-26 14:14:20.810  2357  2357 E memtrack: Couldn't load memtrack module (No such file or directory)
11-26 14:14:20.810  2357  2357 E android.os.Debug: failed to load memtrack module: -2
11-26 14:14:20.810  2357  2357 I Radio-JNI: register_android_hardware_Radio DONE
11-26 14:14:20.847  2357  2357 D AndroidRuntime: Calling main entry com.android.commands.pm.Pm
11-26 14:14:20.877  1239  1253 I ActivityManager: Force stopping br.com.catbag.gifreduxsample appid=10060 user=-1: deletePackageX
11-26 14:14:21.013  1239  1265 I art     : Starting a blocking GC Explicit
11-26 14:14:21.057  1239  1265 I art     : Explicit concurrent mark sweep GC freed 25377(1366KB) AllocSpace objects, 8(160KB) LOS objects, 33% free, 6MB/10MB, paused 4.298ms total 41.309ms
11-26 14:14:21.071  2357  2357 I art     : System.exit called, status: 0
11-26 14:14:21.071  2357  2357 I AndroidRuntime: VM exiting with result code 0.
11-26 14:14:21.169  1802  1802 W ContextImpl: Calling a method in the system process without a qualified user: android.app.ContextImpl.startService:1385 android.content.ContextWrapper.startService:613 android.content.ContextWrapper.startService:613 com.android.keychain.KeyChainBroadcastReceiver.onReceive:12 android.app.ActivityThread.handleReceiver:3011 
11-26 14:14:21.171  1239  1265 I ActivityManager: Force stopping br.com.catbag.gifreduxsample appid=10060 user=0: pkg removed
11-26 14:14:21.278  1239  1279 I InputReader: Reconfiguring input devices.  changes=0x00000010
11-26 14:14:21.307  1239  1265 E KernelUidCpuTimeReader: failed to remove uid from uid_cputime module
11-26 14:14:21.307  1239  1265 E KernelUidCpuTimeReader: java.io.FileNotFoundException: /proc/uid_cputime/remove_uid_range (No such file or directory)
11-26 14:14:21.307  1239  1265 E KernelUidCpuTimeReader: 	at java.io.FileOutputStream.open(Native Method)
11-26 14:14:21.307  1239  1265 E KernelUidCpuTimeReader: 	at java.io.FileOutputStream.<init>(FileOutputStream.java:221)
11-26 14:14:21.307  1239  1265 E KernelUidCpuTimeReader: 	at java.io.FileOutputStream.<init>(FileOutputStream.java:108)
11-26 14:14:21.307  1239  1265 E KernelUidCpuTimeReader: 	at java.io.FileWriter.<init>(FileWriter.java:63)
11-26 14:14:21.307  1239  1265 E KernelUidCpuTimeReader: 	at com.android.internal.os.KernelUidCpuTimeReader.removeUid(KernelUidCpuTimeReader.java:158)
11-26 14:14:21.307  1239  1265 E KernelUidCpuTimeReader: 	at com.android.internal.os.BatteryStatsImpl.removeUidStatsLocked(BatteryStatsImpl.java:9805)
11-26 14:14:21.307  1239  1265 E KernelUidCpuTimeReader: 	at com.android.server.am.BatteryStatsService.removeUid(BatteryStatsService.java:291)
11-26 14:14:21.307  1239  1265 E KernelUidCpuTimeReader: 	at com.android.server.am.ActivityManagerService.broadcastIntentLocked(ActivityManagerService.java:17767)
11-26 14:14:21.307  1239  1265 E KernelUidCpuTimeReader: 	at com.android.server.am.ActivityManagerService.broadcastIntent(ActivityManagerService.java:18256)
11-26 14:14:21.307  1239  1265 E KernelUidCpuTimeReader: 	at com.android.server.pm.PackageManagerService$8.run(PackageManagerService.java:11407)
11-26 14:14:21.307  1239  1265 E KernelUidCpuTimeReader: 	at android.os.Handler.handleCallback(Handler.java:751)
11-26 14:14:21.307  1239  1265 E KernelUidCpuTimeReader: 	at android.os.Handler.dispatchMessage(Handler.java:95)
11-26 14:14:21.307  1239  1265 E KernelUidCpuTimeReader: 	at android.os.Looper.loop(Looper.java:154)
11-26 14:14:21.307  1239  1265 E KernelUidCpuTimeReader: 	at android.os.HandlerThread.run(HandlerThread.java:61)
11-26 14:14:21.307  1239  1265 E KernelUidCpuTimeReader: 	at com.android.server.ServiceThread.run(ServiceThread.java:46)
11-26 14:14:21.381  1462  1462 D CarrierSvcBindHelper: No carrier app for: 0
11-26 14:14:21.514  1239  1323 E TaskPersister: File error accessing recents directory (directory doesn't exist?).
11-26 14:14:21.736  1841  1860 I art     : Background partial concurrent mark sweep GC freed 1881(127KB) AllocSpace objects, 7(124KB) LOS objects, 40% free, 3MB/6MB, paused 123.027ms total 484.602ms
11-26 14:14:21.843  1239  1252 W LocationProviderProxy-network: Odd, no component found for service com.android.location.service.v3.NetworkLocationProvider
11-26 14:14:21.843  1239  1252 W GeocoderProxy: Odd, no component found for service com.android.location.service.GeocodeProvider
11-26 14:14:21.844  1239  1252 W GeofenceProxy: Odd, no component found for service com.android.location.service.GeofenceProvider
11-26 14:14:21.844  1239  1252 W ActivityRecognitionProxy: Odd, no component found for service com.android.location.service.ActivityRecognitionProvider
11-26 14:14:22.751  1372  1387 I art     : Background partial concurrent mark sweep GC freed 23655(1109KB) AllocSpace objects, 17(5MB) LOS objects, 39% free, 4MB/7MB, paused 34.005ms total 1.356s
11-26 14:14:22.864  1462  1478 I art     : Background partial concurrent mark sweep GC freed 29627(1896KB) AllocSpace objects, 1(20KB) LOS objects, 40% free, 2MB/4MB, paused 10.570ms total 1.562s
11-26 14:14:22.997  1239  1468 I ActivityManager: Start proc 2372:com.android.documentsui/u0a7 for broadcast com.android.documentsui/.PackageReceiver
11-26 14:14:23.005  2372  2372 W art     : Unexpected CPU variant for X86 using defaults: x86
11-26 14:14:23.253  1324  1460 I LatinIME:LogUtils: Dictionary info: dictionary = main:en ; version = 54 ; date = 1414726273
11-26 14:14:23.286  1949  2387 D VoicemailCleanupService: Cleaning up data for package: br.com.catbag.gifreduxsample.test
11-26 14:14:23.320  2372  2372 W System  : ClassLoader referenced unknown path: /system/priv-app/DocumentsUI/lib/x86
11-26 14:14:23.486  1324  1460 I LatinIME:LogUtils: Dictionary info: dictionary = main:en ; version = 54 ; date = 1414726273
11-26 14:14:24.130  1239  1842 I ActivityManager: Start proc 2390:com.android.externalstorage/u0a11 for content provider com.android.externalstorage/.ExternalStorageProvider
11-26 14:14:24.141  2390  2390 W art     : Unexpected CPU variant for X86 using defaults: x86
11-26 14:14:24.302  2390  2390 W System  : ClassLoader referenced unknown path: /system/priv-app/ExternalStorageProvider/lib/x86
11-26 14:14:24.819  2390  2390 D ExternalStorage: After updating volumes, found 2 active roots
11-26 14:14:25.024  1239  1842 I ActivityManager: Start proc 2408:com.android.mtp/u0a8 for content provider com.android.mtp/.MtpDocumentsProvider
11-26 14:14:25.034  2408  2408 W art     : Unexpected CPU variant for X86 using defaults: x86
11-26 14:14:25.961  1239  1351 I ActivityManager: Killing 1522:com.android.settings/1000 (adj 906): empty #17
11-26 14:14:25.977  1239  1351 I ActivityManager: Killing 1918:com.android.quicksearchbox/u0a50 (adj 906): empty #18
11-26 14:14:26.568  1239  1468 D VoldConnector: SND -> {30 appfuse mount 10008 2408 MtpDocumentsProvider}
11-26 14:14:26.675  1239  1281 D VoldConnector: RCV <- {200 30 AppFuse command succeeded}
11-26 14:14:27.103  1802  1802 W ContextImpl: Calling a method in the system process without a qualified user: android.app.ContextImpl.startService:1385 android.content.ContextWrapper.startService:613 android.content.ContextWrapper.startService:613 com.android.keychain.KeyChainBroadcastReceiver.onReceive:12 android.app.ActivityThread.handleReceiver:3011 
11-26 14:14:27.387  1949  2434 D VoicemailCleanupService: Cleaning up data for package: br.com.catbag.gifreduxsample
