11-24 17:58:41.385  2264  2264 E Feed    : 	at android.support.v7.widget.RecyclerView.dispatchLayout(RecyclerView.java:3069)
11-24 17:58:41.385  2264  2264 E Feed    : 	at android.support.v7.widget.RecyclerView.onLayout(RecyclerView.java:3518)
11-24 17:58:41.385  2264  2264 E Feed    : 	at android.view.View.layout(View.java:17520)
11-24 17:58:41.385  2264  2264 E Feed    : 	at android.view.ViewGroup.layout(ViewGroup.java:5612)
11-24 17:58:41.385  2264  2264 E Feed    : 	at android.widget.FrameLayout.layoutChildren(FrameLayout.java:323)
11-24 17:58:41.385  2264  2264 E Feed    : 	at android.widget.FrameLayout.onLayout(FrameLayout.java:261)
11-24 17:58:41.385  2264  2264 E Feed    : 	at android.view.View.layout(View.java:17520)
11-24 17:58:41.385  2264  2264 E Feed    : 	at android.view.ViewGroup.layout(ViewGroup.java:5612)
11-24 17:58:41.385  2264  2264 E Feed    : 	at android.widget.RelativeLayout.onLayout(RelativeLayout.java:1079)
11-24 17:58:41.385  2264  2264 E Feed    : 	at android.view.View.layout(View.java:17520)
11-24 17:58:41.385  2264  2264 E Feed    : 	at android.view.ViewGroup.layout(ViewGroup.java:5612)
11-24 17:58:41.385  2264  2264 E Feed    : 	at android.widget.FrameLayout.layoutChildren(FrameLayout.java:323)
11-24 17:58:41.385  2264  2264 E Feed    : 	at android.widget.FrameLayout.onLayout(FrameLayout.java:261)
11-24 17:58:41.385  2264  2264 E Feed    : 	at android.view.View.layout(View.java:17520)
11-24 17:58:41.385  2264  2264 E Feed    : 	at android.view.ViewGroup.layout(ViewGroup.java:5612)
11-24 17:58:41.385  2264  2264 E Feed    : 	at android.support.v7.widget.ActionBarOverlayLayout.onLayout(ActionBarOverlayLayout.java:435)
11-24 17:58:41.385  2264  2264 E Feed    : 	at android.view.View.layout(View.java:17520)
11-24 17:58:41.385  2264  2264 E Feed    : 	at android.view.ViewGroup.layout(ViewGroup.java:5612)
11-24 17:58:41.385  2264  2264 E Feed    : 	at android.widget.FrameLayout.layoutChildren(FrameLayout.java:323)
11-24 17:58:41.385  2264  2264 E Feed    : 	at android.widget.FrameLayout.onLayout(FrameLayout.java:261)
11-24 17:58:41.385  2264  2264 E Feed    : 	at android.view.View.layout(View.java:17520)
11-24 17:58:41.385  2264  2264 E Feed    : 	at android.view.ViewGroup.layout(ViewGroup.java:5612)
11-24 17:58:41.385  2264  2264 E Feed    : 	at android.widget.LinearLayout.setChildFrame(LinearLayout.java:1741)
11-24 17:58:41.385  2264  2264 E Feed    : 	at android.widget.LinearLayout.layoutVertical(LinearLayout.java:1585)
11-24 17:58:41.385  2264  2264 E Feed    : 	at android.widget.LinearLayout.onLayout(LinearLayout.java:1494)
11-24 17:58:41.385  2264  2264 E Feed    : 	at android.view.View.layout(View.java:17520)
11-24 17:58:41.385  2264  2264 E Feed    : 	at android.view.ViewGroup.layout(ViewGroup.java:5612)
11-24 17:58:41.385  2264  2264 E Feed    : 	at android.widget.FrameLayout.layoutChildren(FrameLayout.java:323)
11-24 17:58:41.385  2264  2264 E Feed    : 	at android.widget.FrameLayout.onLayout(FrameLayout.java:261)
11-24 17:58:41.385  2264  2264 E Feed    : 	at com.android.internal.policy.DecorView.onLayout(DecorView.java:724)
11-24 17:58:41.385  2264  2264 E Feed    : 	at android.view.View.layout(View.java:17520)
11-24 17:58:41.385  2264  2264 E Feed    : 	at android.view.ViewGroup.layout(ViewGroup.java:5612)
11-24 17:58:41.385  2264  2264 E Feed    : 	at android.view.ViewRootImpl.performLayout(ViewRootImpl.java:2342)
11-24 17:58:41.385  2264  2264 E Feed    : 	at android.view.ViewRootImpl.performTraversals(ViewRootImpl.java:2069)
11-24 17:58:41.385  2264  2264 E Feed    : 	at android.view.ViewRootImpl.doTraversal(ViewRootImpl.java:1246)
11-24 17:58:41.385  2264  2264 E Feed    : 	at android.view.ViewRootImpl$TraversalRunnable.run(ViewRootImpl.java:6301)
11-24 17:58:41.385  2264  2264 E Feed    : 	at android.view.Choreographer$CallbackRecord.run(Choreographer.java:871)
11-24 17:58:41.385  2264  2264 E Feed    : 	at android.view.Choreographer.doCallbacks(Choreographer.java:683)
11-24 17:58:41.385  2264  2264 E Feed    : 	at android.view.Choreographer.doFrame(Choreographer.java:619)
11-24 17:58:41.385  2264  2264 E Feed    : 	at android.view.Choreographer$FrameDisplayEventReceiver.run(Choreographer.java:857)
11-24 17:58:41.385  2264  2264 E Feed    : 	at android.os.Handler.handleCallback(Handler.java:751)
11-24 17:58:41.385  2264  2264 E Feed    : 	at android.os.Handler.dispatchMessage(Handler.java:95)
11-24 17:58:41.385  2264  2264 E Feed    : 	at android.os.Looper.loop(Looper.java:154)
11-24 17:58:41.385  2264  2264 E Feed    : 	at android.app.ActivityThread.main(ActivityThread.java:6077)
11-24 17:58:41.385  2264  2264 E Feed    : 	at java.lang.reflect.Method.invoke(Native Method)
11-24 17:58:41.385  2264  2264 E Feed    : 	at com.android.internal.os.ZygoteInit$MethodAndArgsCaller.run(ZygoteInit.java:865)
11-24 17:58:41.385  2264  2264 E Feed    : 	at com.android.internal.os.ZygoteInit.main(ZygoteInit.java:755)
11-24 17:58:41.476  1239  1260 I ActivityManager: Displayed br.com.catbag.gifreduxsample/.ui.GifListActivity: +644ms
11-24 17:58:41.519  2264  2264 D LifecycleMonitor: Lifecycle status change: br.com.catbag.gifreduxsample.ui.GifListActivity@b57259d in: PAUSED
11-24 17:58:41.549  2264  2279 I TestRunner: finished: whenGifIsNotWatchedTest(br.com.catbag.gifreduxsample.ui.giflist.GifListActivityTest)
11-24 17:58:41.572   977   977 D gralloc : Registering a buffer in the process that created it. This may cause memory ordering problems.
11-24 17:58:41.572   977   977 E libEGL  : called unimplemented OpenGL ES API
11-24 17:58:41.573   977   977 E SurfaceFlinger: glCheckFramebufferStatusOES error 2070398852
11-24 17:58:41.573   977   977 E SurfaceFlinger: got GL_FRAMEBUFFER_COMPLETE_OES error while taking screenshot
11-24 17:58:41.581  1239  1430 W WindowManager: Screenshot failure taking screenshot for (480x800) to layer 22020
11-24 17:58:41.639  1239  1324 E TaskPersister: File error accessing recents directory (directory doesn't exist?).
11-24 17:58:41.651  2264  2264 I MonitoringInstrumentation: Activities that are still in CREATED to STOPPED: 2
11-24 17:58:41.652  2264  2279 I TestRunner: started: whenGifIsDownloadingTest(br.com.catbag.gifreduxsample.ui.giflist.GifListActivityTest)
11-24 17:58:41.702  1239  1260 I Choreographer: Skipped 52 frames!  The application may be doing too much work on its main thread.
11-24 17:58:41.772  2264  2264 I MonitoringInstrumentation: Activities that are still in CREATED to STOPPED: 2
11-24 17:58:41.777  2264  2280 I DroidFlux:Dispatcher: [STARTED] dispatch of action [FAKE_REDUCE_ACTION]
11-24 17:58:41.790  2264  2280 I DroidFlux:Dispatcher: [COMPLETED] dispatch of action [FAKE_REDUCE_ACTION]
11-24 17:58:41.792  1239  1260 I WindowManager: Destroying surface Surface(name=Starting br.com.catbag.gifreduxsample) called by com.android.server.wm.WindowStateAnimator.destroySurface:2014 com.android.server.wm.WindowStateAnimator.destroySurfaceLocked:881 com.android.server.wm.WindowState.removeLocked:1449 com.android.server.wm.WindowManagerService.removeWindowInnerLocked:2478 com.android.server.wm.AppWindowToken.destroySurfaces:365 com.android.server.wm.WindowStateAnimator.finishExit:565 com.android.server.wm.WindowStateAnimator.stepAnimationLocked:491 com.android.server.wm.WindowAnimator.updateWindowsLocked:303 
11-24 17:58:41.812  2264  2302 D ActivityTestRule: Launching activity br.com.catbag.gifreduxsample.ui.GifListActivity
11-24 17:58:41.813  2264  2303 D MonitoringInstrumentation: execStartActivity(context, ibinder, ibinder, activity, intent, int, bundle
11-24 17:58:41.814  1239  1503 I ActivityManager: START u0 {flg=0x10000000 cmp=br.com.catbag.gifreduxsample/.ui.GifListActivity} from uid 10060 on display 0
11-24 17:58:41.974  1758  1758 I Choreographer: Skipped 46 frames!  The application may be doing too much work on its main thread.
11-24 17:58:42.125  1758  1758 I Choreographer: Skipped 40 frames!  The application may be doing too much work on its main thread.
11-24 17:58:42.142  2264  2264 D LifecycleMonitor: Lifecycle status change: br.com.catbag.gifreduxsample.ui.GifListActivity@d48fa40 in: PRE_ON_CREATE
11-24 17:58:42.280  2264  2264 D LifecycleMonitor: Lifecycle status change: br.com.catbag.gifreduxsample.ui.GifListActivity@d48fa40 in: CREATED
11-24 17:58:42.310  2264  2280 I DroidFlux:Dispatcher: [STARTED] dispatch of action [APP_STATE_LOAD]
11-24 17:58:42.311  2264  2280 D DroidFlux:Dispatcher: An action of type [APP_STATE_LOAD] was dispatched, but no reducer handled it
11-24 17:58:42.311  2264  2280 I DroidFlux:Dispatcher: [COMPLETED] dispatch of action [APP_STATE_LOAD]
11-24 17:58:42.311  2264  2264 D LifecycleMonitor: Lifecycle status change: br.com.catbag.gifreduxsample.ui.GifListActivity@d48fa40 in: STARTED
11-24 17:58:42.313  2264  2264 D LifecycleMonitor: Lifecycle status change: br.com.catbag.gifreduxsample.ui.GifListActivity@d48fa40 in: RESUMED
11-24 17:58:42.754  2264  2279 I TestRunner: finished: whenGifIsDownloadingTest(br.com.catbag.gifreduxsample.ui.giflist.GifListActivityTest)
11-24 17:58:42.861  2264  2264 D LifecycleMonitor: Lifecycle status change: br.com.catbag.gifreduxsample.ui.GifListActivity@d48fa40 in: PAUSED
11-24 17:58:43.002   977   977 D gralloc : Registering a buffer in the process that created it. This may cause memory ordering problems.
11-24 17:58:43.002   977   977 E libEGL  : called unimplemented OpenGL ES API
11-24 17:58:43.003   977   977 E SurfaceFlinger: glCheckFramebufferStatusOES error 2070398852
11-24 17:58:43.003   977   977 E SurfaceFlinger: got GL_FRAMEBUFFER_COMPLETE_OES error while taking screenshot
11-24 17:58:43.006  1239  1430 W WindowManager: Screenshot failure taking screenshot for (480x800) to layer 22015
11-24 17:58:43.136  1239  1253 W art     : Long monitor contention with owner Binder:1239_4 (1430) at void com.android.server.am.ActivityManagerService.activityPaused(android.os.IBinder)(ActivityManagerService.java:6849) waiters=0 in void com.android.server.am.ActivityStackSupervisor$ActivityStackSupervisorHandler.activityIdleInternal(com.android.server.am.ActivityRecord) for 272ms
11-24 17:58:43.141  2264  2264 I MonitoringInstrumentation: Activities that are still in CREATED to STOPPED: 3
11-24 17:58:43.142  2264  2264 I Choreographer: Skipped 99 frames!  The application may be doing too much work on its main thread.
11-24 17:58:43.146  2264  2279 I TestRunner: started: whenListKeepOrderedAfterPlayTest(br.com.catbag.gifreduxsample.ui.giflist.GifListActivityTest)
11-24 17:58:43.154  2264  2264 I MonitoringInstrumentation: Activities that are still in CREATED to STOPPED: 3
11-24 17:58:43.214  1239  1260 W art     : Long monitor contention with owner Binder:1239_4 (1430) at void com.android.server.am.ActivityManagerService.activityPaused(android.os.IBinder)(ActivityManagerService.java:6849) waiters=1 in void com.android.server.am.ActivityManagerService$LocalService.notifyAppTransitionFinished() for 189ms
11-24 17:58:43.220  1239  1260 I Choreographer: Skipped 85 frames!  The application may be doing too much work on its main thread.
11-24 17:58:43.236  1239  1260 I WindowManager: Destroying surface Surface(name=Starting br.com.catbag.gifreduxsample) called by com.android.server.wm.WindowStateAnimator.destroySurface:2014 com.android.server.wm.WindowStateAnimator.destroySurfaceLocked:881 com.android.server.wm.WindowState.removeLocked:1449 com.android.server.wm.WindowManagerService.removeWindowInnerLocked:2478 com.android.server.wm.AppWindowToken.destroySurfaces:365 com.android.server.wm.WindowStateAnimator.finishExit:565 com.android.server.wm.WindowStateAnimator.stepAnimationLocked:491 com.android.server.wm.WindowAnimator.updateWindowsLocked:303 
11-24 17:58:43.261  2264  2280 I DroidFlux:Dispatcher: [STARTED] dispatch of action [FAKE_REDUCE_ACTION]
11-24 17:58:43.262  2264  2280 I DroidFlux:Dispatcher: [COMPLETED] dispatch of action [FAKE_REDUCE_ACTION]
11-24 17:58:43.326  2264  2304 D ActivityTestRule: Launching activity br.com.catbag.gifreduxsample.ui.GifListActivity
11-24 17:58:43.329  2264  2305 D MonitoringInstrumentation: execStartActivity(context, ibinder, ibinder, activity, intent, int, bundle
11-24 17:58:43.330  1239  1456 I ActivityManager: START u0 {flg=0x10000000 cmp=br.com.catbag.gifreduxsample/.ui.GifListActivity} from uid 10060 on display 0
11-24 17:58:43.394  1239  1260 I Choreographer: Skipped 31 frames!  The application may be doing too much work on its main thread.
11-24 17:58:43.402  1758  1758 I Choreographer: Skipped 39 frames!  The application may be doing too much work on its main thread.
11-24 17:58:43.452  2264  2264 D LifecycleMonitor: Lifecycle status change: br.com.catbag.gifreduxsample.ui.GifListActivity@93b90ff in: PRE_ON_CREATE
11-24 17:58:43.462  2264  2264 D LifecycleMonitor: Lifecycle status change: br.com.catbag.gifreduxsample.ui.GifListActivity@93b90ff in: CREATED
11-24 17:58:43.462  2264  2264 D LifecycleMonitor: Lifecycle status change: br.com.catbag.gifreduxsample.ui.GifListActivity@93b90ff in: STARTED
11-24 17:58:43.463  2264  2280 I DroidFlux:Dispatcher: [STARTED] dispatch of action [APP_STATE_LOAD]
11-24 17:58:43.464  2264  2280 D DroidFlux:Dispatcher: An action of type [APP_STATE_LOAD] was dispatched, but no reducer handled it
11-24 17:58:43.464  2264  2280 I DroidFlux:Dispatcher: [COMPLETED] dispatch of action [APP_STATE_LOAD]
11-24 17:58:43.465  2264  2264 D LifecycleMonitor: Lifecycle status change: br.com.catbag.gifreduxsample.ui.GifListActivity@93b90ff in: RESUMED
11-24 17:58:43.802  1239  1260 I ActivityManager: Displayed br.com.catbag.gifreduxsample/.ui.GifListActivity: +381ms (total +1s775ms)
11-24 17:58:43.852  2264  2264 W ResourceType: No package identifier when getting name for resource number 0x0000000c
11-24 17:58:43.852  2264  2264 I ViewInteraction: Performing 'single click' action on view with id: 12 (resource name not found)
11-24 17:58:44.003  1239  1260 I WindowManager: Destroying surface Surface(name=Starting br.com.catbag.gifreduxsample) called by com.android.server.wm.WindowStateAnimator.destroySurface:2014 com.android.server.wm.WindowStateAnimator.destroySurfaceLocked:881 com.android.server.wm.WindowState.destroyOrSaveSurface:2073 com.android.server.wm.AppWindowToken.destroySurfaces:363 com.android.server.wm.WindowStateAnimator.finishExit:565 com.android.server.wm.WindowStateAnimator.stepAnimationLocked:491 com.android.server.wm.WindowAnimator.updateWindowsLocked:303 com.android.server.wm.WindowAnimator.animateLocked:704 
11-24 17:58:44.064  2264  2269 I art     : Do partial code cache collection, code=54KB, data=61KB
11-24 17:58:44.086  2264  2269 I art     : After code cache collection, code=53KB, data=60KB
11-24 17:58:44.086  2264  2269 I art     : Increasing code cache capacity to 256KB
11-24 17:58:44.093  2264  2264 I Choreographer: Skipped 51 frames!  The application may be doing too much work on its main thread.
11-24 17:58:44.189   985  1025 D AudioFlinger: mixer(0xb4e03b80) throttle end: throttle time(11)
11-24 17:58:44.209   985  1025 D AudioFlinger: mixer(0xb4e03b80) throttle end: throttle time(11)
11-24 17:58:44.216  2264  2280 I DroidFlux:Dispatcher: [STARTED] dispatch of action [GIF_PLAY]
11-24 17:58:44.217  2264  2280 I DroidFlux:Dispatcher: [COMPLETED] dispatch of action [GIF_PLAY]
11-24 17:58:44.490  1239  1269 I WindowManager: Destroying surface Surface(name=com.android.launcher3/com.android.launcher3.Launcher) called by com.android.server.wm.WindowStateAnimator.destroySurface:2014 com.android.server.wm.WindowStateAnimator.destroySurfaceLocked:881 com.android.server.wm.WindowState.destroyOrSaveSurface:2073 com.android.server.wm.AppWindowToken.destroySurfaces:363 com.android.server.wm.AppWindowToken.notifyAppStopped:389 com.android.server.wm.WindowManagerService.notifyAppStopped:4456 com.android.server.am.ActivityStack.activityStoppedLocked:1252 com.android.server.am.ActivityManagerService.activityStopped:6873 
11-24 17:58:44.517  2264  2264 D LifecycleMonitor: Lifecycle status change: br.com.catbag.gifreduxsample.ui.GifListActivity@d48fa40 in: STOPPED
11-24 17:58:44.517  2264  2264 D LifecycleMonitor: Lifecycle status change: br.com.catbag.gifreduxsample.ui.GifListActivity@d48fa40 in: DESTROYED
11-24 17:58:44.537  1239  1503 I WindowManager: Destroying surface Surface(name=br.com.catbag.gifreduxsample/br.com.catbag.gifreduxsample.ui.GifListActivity) called by com.android.server.wm.WindowStateAnimator.destroySurface:2014 com.android.server.wm.WindowStateAnimator.destroySurfaceLocked:881 com.android.server.wm.WindowState.removeLocked:1449 com.android.server.wm.WindowManagerService.removeWindowInnerLocked:2478 com.android.server.wm.WindowManagerService.removeWindowLocked:2436 com.android.server.wm.WindowManagerService.removeWindowLocked:2305 com.android.server.wm.WindowManagerService.removeWindow:2300 com.android.server.wm.Session.remove:193 
11-24 17:58:44.566  2264  2264 D LifecycleMonitor: Lifecycle status change: br.com.catbag.gifreduxsample.ui.GifListActivity@b57259d in: STOPPED
11-24 17:58:44.574  2264  2264 D LifecycleMonitor: Lifecycle status change: br.com.catbag.gifreduxsample.ui.GifListActivity@b57259d in: DESTROYED
11-24 17:58:44.577  1239  1251 I WindowManager: Destroying surface Surface(name=br.com.catbag.gifreduxsample/br.com.catbag.gifreduxsample.ui.GifListActivity) called by com.android.server.wm.WindowStateAnimator.destroySurface:2014 com.android.server.wm.WindowStateAnimator.destroySurfaceLocked:881 com.android.server.wm.WindowState.removeLocked:1449 com.android.server.wm.WindowManagerService.removeWindowInnerLocked:2478 com.android.server.wm.WindowManagerService.removeWindowLocked:2436 com.android.server.wm.WindowManagerService.removeWindowLocked:2305 com.android.server.wm.WindowManagerService.removeWindow:2300 com.android.server.wm.Session.remove:193 
11-24 17:58:44.595  2264  2264 D LifecycleMonitor: Lifecycle status change: br.com.catbag.gifreduxsample.ui.GifListActivity@48a4b5 in: STOPPED
11-24 17:58:44.595  2264  2264 D LifecycleMonitor: Lifecycle status change: br.com.catbag.gifreduxsample.ui.GifListActivity@48a4b5 in: DESTROYED
11-24 17:58:44.629  1239  1430 I WindowManager: Destroying surface Surface(name=br.com.catbag.gifreduxsample/br.com.catbag.gifreduxsample.ui.GifListActivity) called by com.android.server.wm.WindowStateAnimator.destroySurface:2014 com.android.server.wm.WindowStateAnimator.destroySurfaceLocked:881 com.android.server.wm.WindowState.removeLocked:1449 com.android.server.wm.WindowManagerService.removeWindowInnerLocked:2478 com.android.server.wm.WindowManagerService.removeWindowLocked:2436 com.android.server.wm.WindowManagerService.removeWindowLocked:2305 com.android.server.wm.WindowManagerService.removeWindow:2300 com.android.server.wm.Session.remove:193 
11-24 17:58:44.647  2264  2264 I Choreographer: Skipped 38 frames!  The application may be doing too much work on its main thread.
11-24 17:58:45.075  2264  2264 W ResourceType: No package identifier when getting name for resource number 0x00000010
11-24 17:58:45.075  2264  2264 I ViewInteraction: Performing 'scroll RecyclerView to position: 2' action on view with id: 16 (resource name not found)
11-24 17:58:45.386  2264  2264 W ResourceType: No package identifier when getting name for resource number 0x00000010
11-24 17:58:45.412  2264  2264 W ResourceType: No package identifier when getting name for resource number 0x00000018
11-24 17:58:45.412  2264  2264 I ViewInteraction: Performing 'single click' action on view with id: 24 (resource name not found)
11-24 17:58:45.483  2264  2280 I DroidFlux:Dispatcher: [STARTED] dispatch of action [GIF_PLAY]
11-24 17:58:45.484  2264  2280 I DroidFlux:Dispatcher: [COMPLETED] dispatch of action [GIF_PLAY]
11-24 17:58:46.036  2264  2264 W ResourceType: No package identifier when getting name for resource number 0x0000001c
11-24 17:58:46.036  2264  2264 I ViewInteraction: Performing 'scroll RecyclerView to position: 3' action on view with id: 28 (resource name not found)
11-24 17:58:46.325  2264  2264 W ResourceType: No package identifier when getting name for resource number 0x0000001c
11-24 17:58:46.346  2264  2264 W ResourceType: No package identifier when getting name for resource number 0x00000024
11-24 17:58:46.356  2264  2264 I ViewInteraction: Performing 'single click' action on view with id: 36 (resource name not found)
11-24 17:58:46.420  2264  2280 I DroidFlux:Dispatcher: [STARTED] dispatch of action [GIF_PLAY]
11-24 17:58:46.421  2264  2280 I DroidFlux:Dispatcher: [COMPLETED] dispatch of action [GIF_PLAY]
11-24 17:58:46.900  1239  1324 E TaskPersister: File error accessing recents directory (directory doesn't exist?).
11-24 17:58:47.057  2264  2264 W ResourceType: No package identifier when getting name for resource number 0x00000028
11-24 17:58:47.057  2264  2264 I ViewInteraction: Performing 'scroll RecyclerView to position: 4' action on view with id: 40 (resource name not found)
11-24 17:58:47.369  2264  2264 W ResourceType: No package identifier when getting name for resource number 0x00000028
11-24 17:58:47.404  2264  2264 W ResourceType: No package identifier when getting name for resource number 0x00000030
11-24 17:58:47.404  2264  2264 I ViewInteraction: Performing 'single click' action on view with id: 48 (resource name not found)
11-24 17:58:47.507  2264  2280 I DroidFlux:Dispatcher: [STARTED] dispatch of action [GIF_PLAY]
11-24 17:58:47.541  2264  2280 I DroidFlux:Dispatcher: [COMPLETED] dispatch of action [GIF_PLAY]
11-24 17:58:47.574  2264  2275 I art     : Background sticky concurrent mark sweep GC freed 22512(1694KB) AllocSpace objects, 8(160KB) LOS objects, 20% free, 7MB/9MB, paused 17.048ms total 214.420ms
11-24 17:58:48.044  2264  2264 W ResourceType: No package identifier when getting name for resource number 0x00000034
11-24 17:58:48.045  2264  2264 I ViewInteraction: Performing 'scroll RecyclerView to position: 5' action on view with id: 52 (resource name not found)
11-24 17:58:48.380  2264  2264 W ResourceType: No package identifier when getting name for resource number 0x00000034
11-24 17:58:48.405  2264  2264 W ResourceType: No package identifier when getting name for resource number 0x0000003c
11-24 17:58:48.405  2264  2264 I ViewInteraction: Performing 'single click' action on view with id: 60 (resource name not found)
11-24 17:58:48.464  2264  2280 I DroidFlux:Dispatcher: [STARTED] dispatch of action [GIF_PLAY]
11-24 17:58:48.466  2264  2280 I DroidFlux:Dispatcher: [COMPLETED] dispatch of action [GIF_PLAY]
11-24 17:58:49.102  2264  2264 W ResourceType: No package identifier when getting name for resource number 0x00000040
11-24 17:58:49.102  2264  2264 I ViewInteraction: Performing 'scroll RecyclerView to position: 6' action on view with id: 64 (resource name not found)
11-24 17:58:49.452  2264  2264 W ResourceType: No package identifier when getting name for resource number 0x00000040
11-24 17:58:49.464  2264  2264 W ResourceType: No package identifier when getting name for resource number 0x00000048
11-24 17:58:49.464  2264  2264 I ViewInteraction: Performing 'single click' action on view with id: 72 (resource name not found)
11-24 17:58:49.579  2264  2280 I DroidFlux:Dispatcher: [STARTED] dispatch of action [GIF_PLAY]
11-24 17:58:49.581  2264  2280 I DroidFlux:Dispatcher: [COMPLETED] dispatch of action [GIF_PLAY]
11-24 17:58:50.145  2264  2264 W ResourceType: No package identifier when getting name for resource number 0x0000004c
11-24 17:58:50.146  2264  2264 I ViewInteraction: Performing 'scroll RecyclerView to position: 7' action on view with id: 76 (resource name not found)
11-24 17:58:50.243  2264  2275 W art     : Suspending all threads took: 5.927ms
11-24 17:58:50.274  2264  2275 I art     : Background sticky concurrent mark sweep GC freed 10474(922KB) AllocSpace objects, 6(128KB) LOS objects, 10% free, 8MB/9MB, paused 19.998ms total 103.594ms
11-24 17:58:50.467  2264  2264 W ResourceType: No package identifier when getting name for resource number 0x0000004c
11-24 17:58:50.494  2264  2264 W ResourceType: No package identifier when getting name for resource number 0x00000054
11-24 17:58:50.494  2264  2264 I ViewInteraction: Performing 'single click' action on view with id: 84 (resource name not found)
11-24 17:58:50.594  2264  2280 I DroidFlux:Dispatcher: [STARTED] dispatch of action [GIF_PLAY]
11-24 17:58:50.609  2264  2280 I DroidFlux:Dispatcher: [COMPLETED] dispatch of action [GIF_PLAY]
11-24 17:58:51.144  2264  2264 W ResourceType: No package identifier when getting name for resource number 0x00000058
11-24 17:58:51.144  2264  2264 I ViewInteraction: Performing 'scroll RecyclerView to position: 8' action on view with id: 88 (resource name not found)
11-24 17:58:51.463  2264  2264 W ResourceType: No package identifier when getting name for resource number 0x00000058
11-24 17:58:51.504  2264  2264 W ResourceType: No package identifier when getting name for resource number 0x00000060
11-24 17:58:51.505  2264  2264 I ViewInteraction: Performing 'single click' action on view with id: 96 (resource name not found)
11-24 17:58:51.557  2264  2280 I DroidFlux:Dispatcher: [STARTED] dispatch of action [GIF_PLAY]
11-24 17:58:51.580  2264  2280 I DroidFlux:Dispatcher: [COMPLETED] dispatch of action [GIF_PLAY]
11-24 17:58:51.586  2264  2275 I art     : Background sticky concurrent mark sweep GC freed 7425(683KB) AllocSpace objects, 6(128KB) LOS objects, 7% free, 8MB/9MB, paused 9.147ms total 110.051ms
11-24 17:58:52.077  2264  2264 W ResourceType: No package identifier when getting name for resource number 0x00000064
11-24 17:58:52.077  2264  2264 I ViewInteraction: Performing 'scroll RecyclerView to position: 9' action on view with id: 100 (resource name not found)
11-24 17:58:52.377  2264  2264 W ResourceType: No package identifier when getting name for resource number 0x00000064
11-24 17:58:52.434  2264  2264 W ResourceType: No package identifier when getting name for resource number 0x0000006c
11-24 17:58:52.434  2264  2264 I ViewInteraction: Performing 'single click' action on view with id: 108 (resource name not found)
11-24 17:58:52.505  2264  2280 I DroidFlux:Dispatcher: [STARTED] dispatch of action [GIF_PLAY]
11-24 17:58:52.507  2264  2280 I DroidFlux:Dispatcher: [COMPLETED] dispatch of action [GIF_PLAY]
11-24 17:58:52.526  2264  2275 I art     : Background partial concurrent mark sweep GC freed 8688(580KB) AllocSpace objects, 3(64KB) LOS objects, 31% free, 8MB/12MB, paused 6.693ms total 137.468ms
11-24 17:58:53.147  2264  2264 W ResourceType: No package identifier when getting name for resource number 0x00000070
11-24 17:58:53.147  2264  2264 I ViewInteraction: Performing 'scroll RecyclerView to position: 10' action on view with id: 112 (resource name not found)
11-24 17:58:53.474  2264  2264 W ResourceType: No package identifier when getting name for resource number 0x00000070
11-24 17:58:53.492  2264  2264 W ResourceType: No package identifier when getting name for resource number 0x00000078
11-24 17:58:53.492  2264  2264 I ViewInteraction: Performing 'single click' action on view with id: 120 (resource name not found)
11-24 17:58:53.566  2264  2280 I DroidFlux:Dispatcher: [STARTED] dispatch of action [GIF_PLAY]
11-24 17:58:53.567  2264  2280 I DroidFlux:Dispatcher: [COMPLETED] dispatch of action [GIF_PLAY]
11-24 17:58:54.154  2264  2264 W ResourceType: No package identifier when getting name for resource number 0x0000007c
11-24 17:58:54.154  2264  2264 I ViewInteraction: Performing 'scroll RecyclerView to position: 11' action on view with id: 124 (resource name not found)
11-24 17:58:54.457  2264  2264 W ResourceType: No package identifier when getting name for resource number 0x0000007c
11-24 17:58:54.496  2264  2264 W ResourceType: No package identifier when getting name for resource number 0x00000084
11-24 17:58:54.496  2264  2264 I ViewInteraction: Performing 'single click' action on view with id: 132 (resource name not found)
11-24 17:58:54.582  2264  2280 I DroidFlux:Dispatcher: [STARTED] dispatch of action [GIF_PLAY]
11-24 17:58:54.583  2264  2280 I DroidFlux:Dispatcher: [COMPLETED] dispatch of action [GIF_PLAY]
11-24 17:58:55.209  2264  2264 W ResourceType: No package identifier when getting name for resource number 0x00000088
11-24 17:58:55.210  2264  2264 I ViewInteraction: Performing 'scroll RecyclerView to position: 12' action on view with id: 136 (resource name not found)
11-24 17:58:55.288  2264  2269 I art     : Do full code cache collection, code=124KB, data=121KB
11-24 17:58:55.301  2264  2269 I art     : After code cache collection, code=90KB, data=73KB
11-24 17:58:55.533  2264  2264 W ResourceType: No package identifier when getting name for resource number 0x00000088
11-24 17:58:55.567  2264  2264 W ResourceType: No package identifier when getting name for resource number 0x00000090
11-24 17:58:55.567  2264  2264 I ViewInteraction: Performing 'single click' action on view with id: 144 (resource name not found)
11-24 17:58:55.633  2264  2280 I DroidFlux:Dispatcher: [STARTED] dispatch of action [GIF_PLAY]
11-24 17:58:55.635  2264  2280 I DroidFlux:Dispatcher: [COMPLETED] dispatch of action [GIF_PLAY]
11-24 17:58:56.286  2264  2264 W ResourceType: No package identifier when getting name for resource number 0x00000094
11-24 17:58:56.286  2264  2264 I ViewInteraction: Performing 'scroll RecyclerView to position: 13' action on view with id: 148 (resource name not found)
11-24 17:58:56.587  2264  2264 W ResourceType: No package identifier when getting name for resource number 0x00000094
11-24 17:58:56.635  2264  2264 W ResourceType: No package identifier when getting name for resource number 0x0000009c
11-24 17:58:56.635  2264  2264 I ViewInteraction: Performing 'single click' action on view with id: 156 (resource name not found)
11-24 17:58:56.715  2264  2280 I DroidFlux:Dispatcher: [STARTED] dispatch of action [GIF_PLAY]
11-24 17:58:56.730  2264  2280 I DroidFlux:Dispatcher: [COMPLETED] dispatch of action [GIF_PLAY]
11-24 17:58:57.272  2264  2264 W ResourceType: No package identifier when getting name for resource number 0x000000a0
11-24 17:58:57.272  2264  2264 I ViewInteraction: Performing 'scroll RecyclerView to position: 14' action on view with id: 160 (resource name not found)
11-24 17:58:57.573  2264  2264 W ResourceType: No package identifier when getting name for resource number 0x000000a0
11-24 17:58:57.594  2264  2264 W ResourceType: No package identifier when getting name for resource number 0x000000a8
11-24 17:58:57.594  2264  2264 I ViewInteraction: Performing 'single click' action on view with id: 168 (resource name not found)
11-24 17:58:57.663  2264  2280 I DroidFlux:Dispatcher: [STARTED] dispatch of action [GIF_PLAY]
11-24 17:58:57.664  2264  2280 I DroidFlux:Dispatcher: [COMPLETED] dispatch of action [GIF_PLAY]
11-24 17:58:58.298  2264  2264 W ResourceType: No package identifier when getting name for resource number 0x000000ac
11-24 17:58:58.298  2264  2264 I ViewInteraction: Performing 'scroll RecyclerView to position: 15' action on view with id: 172 (resource name not found)
11-24 17:58:58.415  2264  2275 I art     : Background sticky concurrent mark sweep GC freed 24347(1960KB) AllocSpace objects, 15(320KB) LOS objects, 18% free, 10MB/12MB, paused 6.101ms total 71.231ms
11-24 17:58:58.622  2264  2264 W ResourceType: No package identifier when getting name for resource number 0x000000ac
11-24 17:58:58.654  2264  2264 W ResourceType: No package identifier when getting name for resource number 0x000000b4
11-24 17:58:58.654  2264  2264 I ViewInteraction: Performing 'single click' action on view with id: 180 (resource name not found)
11-24 17:58:58.723  2264  2280 I DroidFlux:Dispatcher: [STARTED] dispatch of action [GIF_PLAY]
11-24 17:58:58.724  2264  2280 I DroidFlux:Dispatcher: [COMPLETED] dispatch of action [GIF_PLAY]
11-24 17:58:59.346  2264  2264 W ResourceType: No package identifier when getting name for resource number 0x000000b8
11-24 17:58:59.346  2264  2264 I ViewInteraction: Performing 'scroll RecyclerView to position: 16' action on view with id: 184 (resource name not found)
11-24 17:58:59.652  2264  2264 W ResourceType: No package identifier when getting name for resource number 0x000000b8
11-24 17:58:59.700  2264  2264 W ResourceType: No package identifier when getting name for resource number 0x000000c0
11-24 17:58:59.700  2264  2264 I ViewInteraction: Performing 'single click' action on view with id: 192 (resource name not found)
11-24 17:58:59.767  2264  2280 I DroidFlux:Dispatcher: [STARTED] dispatch of action [GIF_PLAY]
11-24 17:58:59.767  2264  2280 I DroidFlux:Dispatcher: [COMPLETED] dispatch of action [GIF_PLAY]
11-24 17:58:59.805   985  1025 D AudioFlinger: mixer(0xb4e03b80) throttle end: throttle time(6)
11-24 17:59:00.437  2264  2264 W ResourceType: No package identifier when getting name for resource number 0x000000c4
11-24 17:59:00.437  2264  2264 I ViewInteraction: Performing 'scroll RecyclerView to position: 17' action on view with id: 196 (resource name not found)
11-24 17:59:00.751  2264  2264 W ResourceType: No package identifier when getting name for resource number 0x000000c4
11-24 17:59:00.767  2264  2264 W ResourceType: No package identifier when getting name for resource number 0x000000cc
11-24 17:59:00.767  2264  2264 I ViewInteraction: Performing 'single click' action on view with id: 204 (resource name not found)
11-24 17:59:00.827  2264  2280 I DroidFlux:Dispatcher: [STARTED] dispatch of action [GIF_PLAY]
11-24 17:59:00.850  2264  2280 I DroidFlux:Dispatcher: [COMPLETED] dispatch of action [GIF_PLAY]
11-24 17:59:01.405  2264  2264 W ResourceType: No package identifier when getting name for resource number 0x000000d0
11-24 17:59:01.405  2264  2264 I ViewInteraction: Performing 'scroll RecyclerView to position: 18' action on view with id: 208 (resource name not found)
11-24 17:59:01.715  2264  2264 W ResourceType: No package identifier when getting name for resource number 0x000000d0
11-24 17:59:01.766  2264  2264 W ResourceType: No package identifier when getting name for resource number 0x000000d8
11-24 17:59:01.766  2264  2264 I ViewInteraction: Performing 'single click' action on view with id: 216 (resource name not found)
11-24 17:59:01.825  2264  2275 I art     : Background sticky concurrent mark sweep GC freed 16680(1445KB) AllocSpace objects, 12(256KB) LOS objects, 11% free, 11MB/12MB, paused 11.354ms total 101.963ms
11-24 17:59:01.852  2264  2280 I DroidFlux:Dispatcher: [STARTED] dispatch of action [GIF_PLAY]
11-24 17:59:01.853  2264  2280 I DroidFlux:Dispatcher: [COMPLETED] dispatch of action [GIF_PLAY]
11-24 17:59:02.461  2264  2264 W ResourceType: No package identifier when getting name for resource number 0x000000e3
11-24 17:59:02.461  2264  2264 I ViewInteraction: Performing 'single click' action on view with id: 227 (resource name not found)
11-24 17:59:02.566  2264  2280 I DroidFlux:Dispatcher: [STARTED] dispatch of action [GIF_PAUSE]
11-24 17:59:02.568  2264  2280 I DroidFlux:Dispatcher: [COMPLETED] dispatch of action [GIF_PAUSE]
11-24 17:59:03.202  2264  2264 D LifecycleMonitor: Lifecycle status change: br.com.catbag.gifreduxsample.ui.GifListActivity@93b90ff in: PAUSED
11-24 17:59:03.223  2264  2279 I TestRunner: finished: whenListKeepOrderedAfterPlayTest(br.com.catbag.gifreduxsample.ui.giflist.GifListActivityTest)
11-24 17:59:03.270   977   977 D gralloc : Registering a buffer in the process that created it. This may cause memory ordering problems.
11-24 17:59:03.271   977   977 E libEGL  : called unimplemented OpenGL ES API
11-24 17:59:03.271   977   977 E SurfaceFlinger: glCheckFramebufferStatusOES error 2070398852
11-24 17:59:03.271   977   977 E SurfaceFlinger: got GL_FRAMEBUFFER_COMPLETE_OES error while taking screenshot
11-24 17:59:03.273  1239  1682 W WindowManager: Screenshot failure taking screenshot for (480x800) to layer 21005
11-24 17:59:03.283  2264  2264 I MonitoringInstrumentation: Activities that are still in CREATED to STOPPED: 1
11-24 17:59:03.286  2264  2279 I TestRunner: started: whenGifIsWatchedTest(br.com.catbag.gifreduxsample.ui.giflist.GifListActivityTest)
11-24 17:59:03.310  2264  2264 I MonitoringInstrumentation: Activities that are still in CREATED to STOPPED: 1
11-24 17:59:03.375  2264  2280 I DroidFlux:Dispatcher: [STARTED] dispatch of action [FAKE_REDUCE_ACTION]
11-24 17:59:03.375  2264  2280 I DroidFlux:Dispatcher: [COMPLETED] dispatch of action [FAKE_REDUCE_ACTION]
11-24 17:59:03.376  2264  2307 D ActivityTestRule: Launching activity br.com.catbag.gifreduxsample.ui.GifListActivity
11-24 17:59:03.396  2264  2308 D MonitoringInstrumentation: execStartActivity(context, ibinder, ibinder, activity, intent, int, bundle
11-24 17:59:03.397  1239  1251 I ActivityManager: START u0 {flg=0x10000000 cmp=br.com.catbag.gifreduxsample/.ui.GifListActivity} from uid 10060 on display 0
11-24 17:59:03.496  2264  2264 D LifecycleMonitor: Lifecycle status change: br.com.catbag.gifreduxsample.ui.GifListActivity@eb8ad4a in: PRE_ON_CREATE
11-24 17:59:03.508  2264  2264 D LifecycleMonitor: Lifecycle status change: br.com.catbag.gifreduxsample.ui.GifListActivity@eb8ad4a in: CREATED
11-24 17:59:03.530  2264  2264 D LifecycleMonitor: Lifecycle status change: br.com.catbag.gifreduxsample.ui.GifListActivity@eb8ad4a in: STARTED
11-24 17:59:03.532  2264  2280 I DroidFlux:Dispatcher: [STARTED] dispatch of action [APP_STATE_LOAD]
11-24 17:59:03.532  2264  2280 D DroidFlux:Dispatcher: An action of type [APP_STATE_LOAD] was dispatched, but no reducer handled it
11-24 17:59:03.532  2264  2280 I DroidFlux:Dispatcher: [COMPLETED] dispatch of action [APP_STATE_LOAD]
11-24 17:59:03.533  2264  2264 D LifecycleMonitor: Lifecycle status change: br.com.catbag.gifreduxsample.ui.GifListActivity@eb8ad4a in: RESUMED
11-24 17:59:03.662  2264  2264 E Feed    : Gif{uuid=cef0f685-c177-427d-a413-d4063824cd55, path=, url=, title=, watched=true, status=DOWNLOADED}
11-24 17:59:03.662  2264  2264 E Feed    : pl.droidsonroids.gif.GifIOException: GifError 101: Failed to open given input
11-24 17:59:03.662  2264  2264 E Feed    : 	at pl.droidsonroids.gif.GifInfoHandle.openFile(Native Method)
11-24 17:59:03.662  2264  2264 E Feed    : 	at pl.droidsonroids.gif.GifInfoHandle.<init>(GifInfoHandle.java:46)
11-24 17:59:03.662  2264  2264 E Feed    : 	at pl.droidsonroids.gif.GifDrawable.<init>(GifDrawable.java:124)
11-24 17:59:03.662  2264  2264 E Feed    : 	at br.com.catbag.gifreduxsample.ui.components.FeedView.createDrawable(FeedView.java:102)
11-24 17:59:03.662  2264  2264 E Feed    : 	at br.com.catbag.gifreduxsample.ui.components.FeedView.lambda$renderGifView$1(FeedView.java:89)
11-24 17:59:03.662  2264  2264 E Feed    : 	at br.com.catbag.gifreduxsample.ui.components.FeedView$$Lambda$2.view(Unknown Source)
11-24 17:59:03.662  2264  2264 E Feed    : 	at trikita.anvil.BaseDSL.v(BaseDSL.java:670)
11-24 17:59:03.662  2264  2264 E Feed    : 	at br.com.catbag.gifreduxsample.ui.components.FeedView.renderGifView(FeedView.java:88)
11-24 17:59:03.662  2264  2264 E Feed    : 	at br.com.catbag.gifreduxsample.ui.components.FeedView.access$lambda$0(FeedView.java)
11-24 17:59:03.662  2264  2264 E Feed    : 	at br.com.catbag.gifreduxsample.ui.components.FeedView$$Lambda$3.view(Unknown Source)
11-24 17:59:03.662  2264  2264 E Feed    : 	at br.com.catbag.gifreduxsample.ui.components.GifsAdapter.view(GifsAdapter.java:55)
11-24 17:59:03.662  2264  2264 E Feed    : 	at trikita.anvil.RenderableRecyclerViewAdapter$1.view(RenderableRecyclerViewAdapter.java:24)
11-24 17:59:03.662  2264  2264 E Feed    : 	at trikita.anvil.Anvil$Mount.render(Anvil.java:204)
11-24 17:59:03.662  2264  2264 E Feed    : 	at trikita.anvil.Anvil.render(Anvil.java:173)
11-24 17:59:03.662  2264  2264 E Feed    : 	at trikita.anvil.RenderableRecyclerViewAdapter.onBindViewHolder(RenderableRecyclerViewAdapter.java:27)
11-24 17:59:03.662  2264  2264 E Feed    : 	at trikita.anvil.RenderableRecyclerViewAdapter.onBindViewHolder(RenderableRecyclerViewAdapter.java:7)
11-24 17:59:03.662  2264  2264 E Feed    : 	at android.support.v7.widget.RecyclerView$Adapter.onBindViewHolder(RecyclerView.java:5768)
11-24 17:59:03.662  2264  2264 E Feed    : 	at android.support.v7.widget.RecyclerView$Adapter.bindViewHolder(RecyclerView.java:5801)
11-24 17:59:03.662  2264  2264 E Feed    : 	at android.support.v7.widget.RecyclerView$Recycler.getViewForPosition(RecyclerView.java:5037)
11-24 17:59:03.662  2264  2264 E Feed    : 	at android.support.v7.widget.RecyclerView$Recycler.getViewForPosition(RecyclerView.java:4913)
11-24 17:59:03.662  2264  2264 E Feed    : 	at android.support.v7.widget.LinearLayoutManager$LayoutState.next(LinearLayoutManager.java:2029)
11-24 17:59:03.662  2264  2264 E Feed    : 	at android.support.v7.widget.LinearLayoutManager.layoutChunk(LinearLayoutManager.java:1414)
11-24 17:59:03.662  2264  2264 E Feed    : 	at android.support.v7.widget.LinearLayoutManager.fill(LinearLayoutManager.java:1377)
11-24 17:59:03.662  2264  2264 E Feed    : 	at android.support.v7.widget.LinearLayoutManager.onLayoutChildren(LinearLayoutManager.java:578)
11-24 17:59:03.662  2264  2264 E Feed    : 	at android.support.v7.widget.RecyclerView.dispatchLayoutStep2(RecyclerView.java:3260)
11-24 17:59:03.662  2264  2264 E Feed    : 	at android.support.v7.widget.RecyclerView.dispatchLayout(RecyclerView.java:3069)
11-24 17:59:03.662  2264  2264 E Feed    : 	at android.support.v7.widget.RecyclerView.onLayout(RecyclerView.java:3518)
11-24 17:59:03.662  2264  2264 E Feed    : 	at android.view.View.layout(View.java:17520)
11-24 17:59:03.662  2264  2264 E Feed    : 	at android.view.ViewGroup.layout(ViewGroup.java:5612)
11-24 17:59:03.662  2264  2264 E Feed    : 	at android.widget.FrameLayout.layoutChildren(FrameLayout.java:323)
11-24 17:59:03.662  2264  2264 E Feed    : 	at android.widget.FrameLayout.onLayout(FrameLayout.java:261)
11-24 17:59:03.662  2264  2264 E Feed    : 	at android.view.View.layout(View.java:17520)
11-24 17:59:03.662  2264  2264 E Feed    : 	at android.view.ViewGroup.layout(ViewGroup.java:5612)
11-24 17:59:03.662  2264  2264 E Feed    : 	at android.widget.RelativeLayout.onLayout(RelativeLayout.java:1079)
11-24 17:59:03.662  2264  2264 E Feed    : 	at android.view.View.layout(View.java:17520)
11-24 17:59:03.662  2264  2264 E Feed    : 	at android.view.ViewGroup.layout(ViewGroup.java:5612)
11-24 17:59:03.662  2264  2264 E Feed    : 	at android.widget.FrameLayout.layoutChildren(FrameLayout.java:323)
11-24 17:59:03.662  2264  2264 E Feed    : 	at android.widget.FrameLayout.onLayout(FrameLayout.java:261)
11-24 17:59:03.662  2264  2264 E Feed    : 	at android.view.View.layout(View.java:17520)
11-24 17:59:03.662  2264  2264 E Feed    : 	at android.view.ViewGroup.layout(ViewGroup.java:5612)
11-24 17:59:03.662  2264  2264 E Feed    : 	at android.support.v7.widget.ActionBarOverlayLayout.onLayout(ActionBarOverlayLayout.java:435)
11-24 17:59:03.662  2264  2264 E Feed    : 	at android.view.View.layout(View.java:17520)
11-24 17:59:03.662  2264  2264 E Feed    : 	at android.view.ViewGroup.layout(ViewGroup.java:5612)
11-24 17:59:03.662  2264  2264 E Feed    : 	at android.widget.FrameLayout.layoutChildren(FrameLayout.java:323)
11-24 17:59:03.662  2264  2264 E Feed    : 	at android.widget.FrameLayout.onLayout(FrameLayout.java:261)
11-24 17:59:03.662  2264  2264 E Feed    : 	at android.view.View.layout(View.java:17520)
11-24 17:59:03.662  2264  2264 E Feed    : 	at android.view.ViewGroup.layout(ViewGroup.java:5612)
11-24 17:59:03.662  2264  2264 E Feed    : 	at android.widget.LinearLayout.setChildFrame(LinearLayout.java:1741)
11-24 17:59:03.662  2264  2264 E Feed    : 	at android.widget.LinearLayout.layoutVertical(LinearLayout.java:1585)
11-24 17:59:03.662  2264  2264 E Feed    : 	at android.widget.LinearLayout.onLayout(LinearLayout.java:1494)
11-24 17:59:03.662  2264  2264 E Feed    : 	at android.view.View.layout(View.java:17520)
11-24 17:59:03.662  2264  2264 E Feed    : 	at android.view.ViewGroup.layout(ViewGroup.java:5612)
11-24 17:59:03.662  2264  2264 E Feed    : 	at android.widget.FrameLayout.layoutChildren(FrameLayout.java:323)
11-24 17:59:03.663  2264  2264 E Feed    : 	at android.widget.FrameLayout.onLayout(FrameLayout.java:261)
11-24 17:59:03.663  2264  2264 E Feed    : 	at com.android.internal.policy.DecorView.onLayout(DecorView.java:724)
11-24 17:59:03.663  2264  2264 E Feed    : 	at android.view.View.layout(View.java:17520)
11-24 17:59:03.663  2264  2264 E Feed    : 	at android.view.ViewGroup.layout(ViewGroup.java:5612)
11-24 17:59:03.663  2264  2264 E Feed    : 	at android.view.ViewRootImpl.performLayout(ViewRootImpl.java:2342)
11-24 17:59:03.663  2264  2264 E Feed    : 	at android.view.ViewRootImpl.performTraversals(ViewRootImpl.java:2069)
11-24 17:59:03.663  2264  2264 E Feed    : 	at android.view.ViewRootImpl.doTraversal(ViewRootImpl.java:1246)
11-24 17:59:03.663  2264  2264 E Feed    : 	at android.view.ViewRootImpl$TraversalRunnable.run(ViewRootImpl.java:6301)
11-24 17:59:03.663  2264  2264 E Feed    : 	at android.view.Choreographer$CallbackRecord.run(Choreographer.java:871)
11-24 17:59:03.663  2264  2264 E Feed    : 	at android.view.Choreographer.doCallbacks(Choreographer.java:683)
11-24 17:59:03.663  2264  2264 E Feed    : 	at android.view.Choreographer.doFrame(Choreographer.java:619)
11-24 17:59:03.663  2264  2264 E Feed    : 	at android.view.Choreographer$FrameDisplayEventReceiver.run(Choreographer.java:857)
11-24 17:59:03.663  2264  2264 E Feed    : 	at android.os.Handler.handleCallback(Handler.java:751)
11-24 17:59:03.663  2264  2264 E Feed    : 	at android.os.Handler.dispatchMessage(Handler.java:95)
11-24 17:59:03.663  2264  2264 E Feed    : 	at android.os.Looper.loop(Looper.java:154)
11-24 17:59:03.663  2264  2264 E Feed    : 	at android.app.ActivityThread.main(ActivityThread.java:6077)
11-24 17:59:03.663  2264  2264 E Feed    : 	at java.lang.reflect.Method.invoke(Native Method)
11-24 17:59:03.663  2264  2264 E Feed    : 	at com.android.internal.os.ZygoteInit$MethodAndArgsCaller.run(ZygoteInit.java:865)
11-24 17:59:03.663  2264  2264 E Feed    : 	at com.android.internal.os.ZygoteInit.main(ZygoteInit.java:755)
11-24 17:59:03.704  1758  1758 I Choreographer: Skipped 33 frames!  The application may be doing too much work on its main thread.
11-24 17:59:03.733  1239  1260 W art     : Long monitor contention with owner Binder:1239_1 (1250) at int com.android.server.wm.WindowManagerService.relayoutWindow(com.android.server.wm.Session, android.view.IWindow, int, android.view.WindowManager$LayoutParams, int, int, int, int, android.graphics.Rect, android.graphics.Rect, android.graphics.Rect, android.graphics.Rect, android.graphics.Rect, android.graphics.Rect, android.graphics.Rect, android.content.res.Configuration, android.view.Surface)(WindowManagerService.java:2759) waiters=0 in void com.android.server.wm.WindowManagerService$H.handleMessage(android.os.Message) for 162ms
11-24 17:59:03.735  1239  1260 I Choreographer: Skipped 86 frames!  The application may be doing too much work on its main thread.
11-24 17:59:04.006  1239  1260 I Choreographer: Skipped 37 frames!  The application may be doing too much work on its main thread.
11-24 17:59:04.023  1239  1260 I ActivityManager: Displayed br.com.catbag.gifreduxsample/.ui.GifListActivity: +566ms
11-24 17:59:04.077  2264  2264 D LifecycleMonitor: Lifecycle status change: br.com.catbag.gifreduxsample.ui.GifListActivity@93b90ff in: STOPPED
11-24 17:59:04.078  2264  2264 D LifecycleMonitor: Lifecycle status change: br.com.catbag.gifreduxsample.ui.GifListActivity@93b90ff in: DESTROYED
11-24 17:59:04.095  1239  1250 I WindowManager: Destroying surface Surface(name=com.android.launcher3/com.android.launcher3.Launcher) called by com.android.server.wm.WindowStateAnimator.destroySurface:2014 com.android.server.wm.WindowStateAnimator.destroySurfaceLocked:881 com.android.server.wm.WindowState.destroyOrSaveSurface:2073 com.android.server.wm.AppWindowToken.destroySurfaces:363 com.android.server.wm.AppWindowToken.notifyAppStopped:389 com.android.server.wm.WindowManagerService.notifyAppStopped:4456 com.android.server.am.ActivityStack.activityStoppedLocked:1252 com.android.server.am.ActivityManagerService.activityStopped:6873 
11-24 17:59:04.116  1239  1682 I WindowManager: Destroying surface Surface(name=br.com.catbag.gifreduxsample/br.com.catbag.gifreduxsample.ui.GifListActivity) called by com.android.server.wm.WindowStateAnimator.destroySurface:2014 com.android.server.wm.WindowStateAnimator.destroySurfaceLocked:881 com.android.server.wm.WindowState.removeLocked:1449 com.android.server.wm.WindowManagerService.removeWindowInnerLocked:2478 com.android.server.wm.WindowManagerService.removeWindowLocked:2436 com.android.server.wm.WindowManagerService.removeWindowLocked:2305 com.android.server.wm.WindowManagerService.removeWindow:2300 com.android.server.wm.Session.remove:193 
11-24 17:59:04.289  2264  2264 D LifecycleMonitor: Lifecycle status change: br.com.catbag.gifreduxsample.ui.GifListActivity@eb8ad4a in: PAUSED
11-24 17:59:04.300  2264  2279 I TestRunner: finished: whenGifIsWatchedTest(br.com.catbag.gifreduxsample.ui.giflist.GifListActivityTest)
11-24 17:59:04.391   977   977 D gralloc : Registering a buffer in the process that created it. This may cause memory ordering problems.
11-24 17:59:04.391   977   977 E libEGL  : called unimplemented OpenGL ES API
11-24 17:59:04.391   977   977 E SurfaceFlinger: glCheckFramebufferStatusOES error 2070398852
11-24 17:59:04.392   977   977 E SurfaceFlinger: got GL_FRAMEBUFFER_COMPLETE_OES error while taking screenshot
11-24 17:59:04.400  1239  1503 W WindowManager: Screenshot failure taking screenshot for (480x800) to layer 22010
11-24 17:59:04.407  2264  2264 I MonitoringInstrumentation: Activities that are still in CREATED to STOPPED: 1
