11-25 19:13:41.100  2239  2239 E Feed    : 	at android.support.v7.widget.RecyclerView.dispatchLayout(RecyclerView.java:3069)
11-25 19:13:41.100  2239  2239 E Feed    : 	at android.support.v7.widget.RecyclerView.onLayout(RecyclerView.java:3518)
11-25 19:13:41.100  2239  2239 E Feed    : 	at android.view.View.layout(View.java:17520)
11-25 19:13:41.100  2239  2239 E Feed    : 	at android.view.ViewGroup.layout(ViewGroup.java:5612)
11-25 19:13:41.100  2239  2239 E Feed    : 	at android.widget.FrameLayout.layoutChildren(FrameLayout.java:323)
11-25 19:13:41.100  2239  2239 E Feed    : 	at android.widget.FrameLayout.onLayout(FrameLayout.java:261)
11-25 19:13:41.100  2239  2239 E Feed    : 	at android.view.View.layout(View.java:17520)
11-25 19:13:41.100  2239  2239 E Feed    : 	at android.view.ViewGroup.layout(ViewGroup.java:5612)
11-25 19:13:41.100  2239  2239 E Feed    : 	at android.widget.RelativeLayout.onLayout(RelativeLayout.java:1079)
11-25 19:13:41.100  2239  2239 E Feed    : 	at android.view.View.layout(View.java:17520)
11-25 19:13:41.100  2239  2239 E Feed    : 	at android.view.ViewGroup.layout(ViewGroup.java:5612)
11-25 19:13:41.100  2239  2239 E Feed    : 	at android.widget.FrameLayout.layoutChildren(FrameLayout.java:323)
11-25 19:13:41.100  2239  2239 E Feed    : 	at android.widget.FrameLayout.onLayout(FrameLayout.java:261)
11-25 19:13:41.100  2239  2239 E Feed    : 	at android.view.View.layout(View.java:17520)
11-25 19:13:41.100  2239  2239 E Feed    : 	at android.view.ViewGroup.layout(ViewGroup.java:5612)
11-25 19:13:41.100  2239  2239 E Feed    : 	at android.support.v7.widget.ActionBarOverlayLayout.onLayout(ActionBarOverlayLayout.java:435)
11-25 19:13:41.100  2239  2239 E Feed    : 	at android.view.View.layout(View.java:17520)
11-25 19:13:41.100  2239  2239 E Feed    : 	at android.view.ViewGroup.layout(ViewGroup.java:5612)
11-25 19:13:41.100  2239  2239 E Feed    : 	at android.widget.FrameLayout.layoutChildren(FrameLayout.java:323)
11-25 19:13:41.100  2239  2239 E Feed    : 	at android.widget.FrameLayout.onLayout(FrameLayout.java:261)
11-25 19:13:41.100  2239  2239 E Feed    : 	at android.view.View.layout(View.java:17520)
11-25 19:13:41.100  2239  2239 E Feed    : 	at android.view.ViewGroup.layout(ViewGroup.java:5612)
11-25 19:13:41.100  2239  2239 E Feed    : 	at android.widget.LinearLayout.setChildFrame(LinearLayout.java:1741)
11-25 19:13:41.100  2239  2239 E Feed    : 	at android.widget.LinearLayout.layoutVertical(LinearLayout.java:1585)
11-25 19:13:41.100  2239  2239 E Feed    : 	at android.widget.LinearLayout.onLayout(LinearLayout.java:1494)
11-25 19:13:41.100  2239  2239 E Feed    : 	at android.view.View.layout(View.java:17520)
11-25 19:13:41.100  2239  2239 E Feed    : 	at android.view.ViewGroup.layout(ViewGroup.java:5612)
11-25 19:13:41.100  2239  2239 E Feed    : 	at android.widget.FrameLayout.layoutChildren(FrameLayout.java:323)
11-25 19:13:41.100  2239  2239 E Feed    : 	at android.widget.FrameLayout.onLayout(FrameLayout.java:261)
11-25 19:13:41.100  2239  2239 E Feed    : 	at com.android.internal.policy.DecorView.onLayout(DecorView.java:724)
11-25 19:13:41.100  2239  2239 E Feed    : 	at android.view.View.layout(View.java:17520)
11-25 19:13:41.100  2239  2239 E Feed    : 	at android.view.ViewGroup.layout(ViewGroup.java:5612)
11-25 19:13:41.100  2239  2239 E Feed    : 	at android.view.ViewRootImpl.performLayout(ViewRootImpl.java:2342)
11-25 19:13:41.100  2239  2239 E Feed    : 	at android.view.ViewRootImpl.performTraversals(ViewRootImpl.java:2069)
11-25 19:13:41.100  2239  2239 E Feed    : 	at android.view.ViewRootImpl.doTraversal(ViewRootImpl.java:1246)
11-25 19:13:41.100  2239  2239 E Feed    : 	at android.view.ViewRootImpl$TraversalRunnable.run(ViewRootImpl.java:6301)
11-25 19:13:41.100  2239  2239 E Feed    : 	at android.view.Choreographer$CallbackRecord.run(Choreographer.java:871)
11-25 19:13:41.100  2239  2239 E Feed    : 	at android.view.Choreographer.doCallbacks(Choreographer.java:683)
11-25 19:13:41.100  2239  2239 E Feed    : 	at android.view.Choreographer.doFrame(Choreographer.java:619)
11-25 19:13:41.100  2239  2239 E Feed    : 	at android.view.Choreographer$FrameDisplayEventReceiver.run(Choreographer.java:857)
11-25 19:13:41.100  2239  2239 E Feed    : 	at android.os.Handler.handleCallback(Handler.java:751)
11-25 19:13:41.100  2239  2239 E Feed    : 	at android.os.Handler.dispatchMessage(Handler.java:95)
11-25 19:13:41.100  2239  2239 E Feed    : 	at android.os.Looper.loop(Looper.java:154)
11-25 19:13:41.100  2239  2239 E Feed    : 	at android.app.ActivityThread.main(ActivityThread.java:6077)
11-25 19:13:41.100  2239  2239 E Feed    : 	at java.lang.reflect.Method.invoke(Native Method)
11-25 19:13:41.100  2239  2239 E Feed    : 	at com.android.internal.os.ZygoteInit$MethodAndArgsCaller.run(ZygoteInit.java:865)
11-25 19:13:41.100  2239  2239 E Feed    : 	at com.android.internal.os.ZygoteInit.main(ZygoteInit.java:755)
11-25 19:13:41.317  2239  2239 D LifecycleMonitor: Lifecycle status change: br.com.catbag.gifreduxsample.ui.GifListActivity@d48d453 in: PAUSED
11-25 19:13:41.324  2239  2255 I TestRunner: finished: whenGifIsNotWatchedTest(br.com.catbag.gifreduxsample.ui.giflist.GifListActivityTest)
11-25 19:13:41.369   978   978 D gralloc : Registering a buffer in the process that created it. This may cause memory ordering problems.
11-25 19:13:41.369   978   978 E SurfaceFlinger: glCheckFramebufferStatusOES error 25970820
11-25 19:13:41.370   978   978 E SurfaceFlinger: got GL_FRAMEBUFFER_COMPLETE_OES error while taking screenshot
11-25 19:13:41.371  1237  1665 W WindowManager: Screenshot failure taking screenshot for (480x800) to layer 22015
11-25 19:13:41.379  2239  2239 I MonitoringInstrumentation: Activities that are still in CREATED to STOPPED: 2
11-25 19:13:41.381  2239  2255 I TestRunner: started: whenEndlessScrollNotTriggered(br.com.catbag.gifreduxsample.ui.giflist.GifListActivityTest)
11-25 19:13:41.384  2239  2239 I MonitoringInstrumentation: Activities that are still in CREATED to STOPPED: 2
11-25 19:13:41.561  2239  2256 I DroidFlux:Dispatcher: [STARTED] dispatch of action [FAKE_REDUCE_ACTION]
11-25 19:13:41.562  2239  2256 I DroidFlux:Dispatcher: [COMPLETED] dispatch of action [FAKE_REDUCE_ACTION]
11-25 19:13:41.591  2239  2277 D ActivityTestRule: Launching activity br.com.catbag.gifreduxsample.ui.GifListActivity
11-25 19:13:41.592  2239  2278 D MonitoringInstrumentation: execStartActivity(context, ibinder, ibinder, activity, intent, int, bundle
11-25 19:13:41.593  1237  1547 I ActivityManager: START u0 {flg=0x10000000 cmp=br.com.catbag.gifreduxsample/.ui.GifListActivity} from uid 10060 on display 0
11-25 19:13:41.762  1748  1748 I Choreographer: Skipped 69 frames!  The application may be doing too much work on its main thread.
11-25 19:13:41.860  1237  1258 I WindowManager: Destroying surface Surface(name=Starting br.com.catbag.gifreduxsample) called by com.android.server.wm.WindowStateAnimator.destroySurface:2014 com.android.server.wm.WindowStateAnimator.destroySurfaceLocked:881 com.android.server.wm.WindowState.removeLocked:1449 com.android.server.wm.WindowManagerService.removeWindowInnerLocked:2478 com.android.server.wm.AppWindowToken.destroySurfaces:365 com.android.server.wm.WindowStateAnimator.finishExit:565 com.android.server.wm.AppWindowAnimator.stepAnimationLocked:427 com.android.server.wm.WindowAnimator.updateAppWindowsLocked:176 
11-25 19:13:41.881  2239  2239 D LifecycleMonitor: Lifecycle status change: br.com.catbag.gifreduxsample.ui.GifListActivity@306e48f in: PRE_ON_CREATE
11-25 19:13:41.972  2239  2239 D LifecycleMonitor: Lifecycle status change: br.com.catbag.gifreduxsample.ui.GifListActivity@306e48f in: CREATED
11-25 19:13:41.998  2239  2256 I DroidFlux:Dispatcher: [STARTED] dispatch of action [APP_STATE_LOAD]
11-25 19:13:41.998  2239  2256 D DroidFlux:Dispatcher: An action of type [APP_STATE_LOAD] was dispatched, but no reducer handled it
11-25 19:13:41.998  2239  2256 I DroidFlux:Dispatcher: [COMPLETED] dispatch of action [APP_STATE_LOAD]
11-25 19:13:41.999  2239  2239 D LifecycleMonitor: Lifecycle status change: br.com.catbag.gifreduxsample.ui.GifListActivity@306e48f in: STARTED
11-25 19:13:42.000  2239  2239 D LifecycleMonitor: Lifecycle status change: br.com.catbag.gifreduxsample.ui.GifListActivity@306e48f in: RESUMED
11-25 19:13:42.126  2239  2239 W ResourceType: No package identifier when getting name for resource number 0x00000006
11-25 19:13:42.126  2239  2239 I ViewInteraction: Performing 'scroll RecyclerView to position: 9' action on view with id: 6 (resource name not found)
11-25 19:13:42.156  1237  1258 I ActivityManager: Displayed br.com.catbag.gifreduxsample/.ui.GifListActivity: +336ms (total +1s362ms)
11-25 19:13:42.406  1237  1258 I WindowManager: Destroying surface Surface(name=Starting br.com.catbag.gifreduxsample) called by com.android.server.wm.WindowStateAnimator.destroySurface:2014 com.android.server.wm.WindowStateAnimator.destroySurfaceLocked:881 com.android.server.wm.WindowState.destroyOrSaveSurface:2073 com.android.server.wm.AppWindowToken.destroySurfaces:363 com.android.server.wm.WindowStateAnimator.finishExit:565 com.android.server.wm.WindowStateAnimator.stepAnimationLocked:491 com.android.server.wm.WindowAnimator.updateWindowsLocked:303 com.android.server.wm.WindowAnimator.animateLocked:704 
11-25 19:13:42.543  2239  2239 W ResourceType: No package identifier when getting name for resource number 0x00000006
11-25 19:13:42.596  2239  2255 I TestRunner: finished: whenEndlessScrollNotTriggered(br.com.catbag.gifreduxsample.ui.giflist.GifListActivityTest)
11-25 19:13:42.604  2239  2239 D LifecycleMonitor: Lifecycle status change: br.com.catbag.gifreduxsample.ui.GifListActivity@306e48f in: PAUSED
11-25 19:13:42.628   978   978 D gralloc : Registering a buffer in the process that created it. This may cause memory ordering problems.
11-25 19:13:42.628   978   978 E libEGL  : called unimplemented OpenGL ES API
11-25 19:13:42.629   978   978 E SurfaceFlinger: glCheckFramebufferStatusOES error 25970820
11-25 19:13:42.629   978   978 E SurfaceFlinger: got GL_FRAMEBUFFER_COMPLETE_OES error while taking screenshot
11-25 19:13:42.630  1237  1665 W WindowManager: Screenshot failure taking screenshot for (480x800) to layer 22015
11-25 19:13:42.645  2239  2239 I MonitoringInstrumentation: Activities that are still in CREATED to STOPPED: 3
11-25 19:13:42.645  2239  2255 I TestRunner: started: whenGifListIsNotEmpty(br.com.catbag.gifreduxsample.ui.giflist.GifListActivityTest)
11-25 19:13:42.646  2239  2239 I MonitoringInstrumentation: Activities that are still in CREATED to STOPPED: 3
11-25 19:13:42.660  2239  2256 I DroidFlux:Dispatcher: [STARTED] dispatch of action [FAKE_REDUCE_ACTION]
11-25 19:13:42.661  2239  2256 I DroidFlux:Dispatcher: [COMPLETED] dispatch of action [FAKE_REDUCE_ACTION]
11-25 19:13:42.728  2239  2279 D ActivityTestRule: Launching activity br.com.catbag.gifreduxsample.ui.GifListActivity
11-25 19:13:42.736  2239  2280 D MonitoringInstrumentation: execStartActivity(context, ibinder, ibinder, activity, intent, int, bundle
11-25 19:13:42.744  1237  1248 I ActivityManager: START u0 {flg=0x10000000 cmp=br.com.catbag.gifreduxsample/.ui.GifListActivity} from uid 10060 on display 0
11-25 19:13:42.839  2239  2239 D LifecycleMonitor: Lifecycle status change: br.com.catbag.gifreduxsample.ui.GifListActivity@2864812 in: PRE_ON_CREATE
11-25 19:13:42.862  2239  2239 D LifecycleMonitor: Lifecycle status change: br.com.catbag.gifreduxsample.ui.GifListActivity@2864812 in: CREATED
11-25 19:13:42.911  2239  2239 D LifecycleMonitor: Lifecycle status change: br.com.catbag.gifreduxsample.ui.GifListActivity@2864812 in: STARTED
11-25 19:13:42.919  2239  2239 D LifecycleMonitor: Lifecycle status change: br.com.catbag.gifreduxsample.ui.GifListActivity@2864812 in: RESUMED
11-25 19:13:42.934  2239  2256 I DroidFlux:Dispatcher: [STARTED] dispatch of action [APP_STATE_LOAD]
11-25 19:13:42.934  2239  2256 D DroidFlux:Dispatcher: An action of type [APP_STATE_LOAD] was dispatched, but no reducer handled it
11-25 19:13:42.934  2239  2256 I DroidFlux:Dispatcher: [COMPLETED] dispatch of action [APP_STATE_LOAD]
11-25 19:13:43.008  1237  1258 I Choreographer: Skipped 51 frames!  The application may be doing too much work on its main thread.
11-25 19:13:43.071  1748  1748 I Choreographer: Skipped 48 frames!  The application may be doing too much work on its main thread.
11-25 19:13:43.193  2239  2256 I DroidFlux:Dispatcher: [STARTED] dispatch of action [GIF_LIST_FETCHING]
11-25 19:13:43.194  2239  2256 D DroidFlux:Dispatcher: An action of type [GIF_LIST_FETCHING] was dispatched, but no reducer handled it
11-25 19:13:43.194  2239  2256 I DroidFlux:Dispatcher: [COMPLETED] dispatch of action [GIF_LIST_FETCHING]
11-25 19:13:43.284  2239  2250 I art     : Background sticky concurrent mark sweep GC freed 15644(1246KB) AllocSpace objects, 7(144KB) LOS objects, 18% free, 7MB/9MB, paused 4.456ms total 114.731ms
11-25 19:13:43.285  2239  2240 I art     : Do partial code cache collection, code=56KB, data=62KB
11-25 19:13:43.285  2239  2240 I art     : After code cache collection, code=54KB, data=61KB
11-25 19:13:43.285  2239  2240 I art     : Increasing code cache capacity to 256KB
11-25 19:13:43.329  1237  1356 W InputMethodManagerService: Starting input on non-focused client com.android.internal.view.IInputMethodClient$Stub$Proxy@e0448d0 (uid=10012 pid=1748)
11-25 19:13:43.390  2239  2255 I TestRunner: finished: whenGifListIsNotEmpty(br.com.catbag.gifreduxsample.ui.giflist.GifListActivityTest)
11-25 19:13:43.402  2239  2239 D LifecycleMonitor: Lifecycle status change: br.com.catbag.gifreduxsample.ui.GifListActivity@2864812 in: PAUSED
11-25 19:13:43.449   978   978 D gralloc : Registering a buffer in the process that created it. This may cause memory ordering problems.
11-25 19:13:43.449   978   978 E SurfaceFlinger: glCheckFramebufferStatusOES error 25970820
11-25 19:13:43.450   978   978 E SurfaceFlinger: got GL_FRAMEBUFFER_COMPLETE_OES error while taking screenshot
11-25 19:13:43.456  1237  1248 W WindowManager: Screenshot failure taking screenshot for (480x800) to layer 22025
11-25 19:13:43.469  1237  1356 D WindowManager: relayoutVisibleWindow: Window{816999b u0 com.android.launcher3/com.android.launcher3.Launcher EXITING} mAnimatingExit=true, mRemoveOnExit=false, mDestroying=false
11-25 19:13:43.470  2239  2239 I MonitoringInstrumentation: Activities that are still in CREATED to STOPPED: 4
11-25 19:13:43.472  2239  2255 I TestRunner: started: whenGifIsDownloadingTest(br.com.catbag.gifreduxsample.ui.giflist.GifListActivityTest)
11-25 19:13:43.481  2239  2239 I MonitoringInstrumentation: Activities that are still in CREATED to STOPPED: 4
11-25 19:13:43.493  1237  1258 I Choreographer: Skipped 30 frames!  The application may be doing too much work on its main thread.
11-25 19:13:43.513  2239  2256 I DroidFlux:Dispatcher: [STARTED] dispatch of action [FAKE_REDUCE_ACTION]
11-25 19:13:43.514  2239  2256 I DroidFlux:Dispatcher: [COMPLETED] dispatch of action [FAKE_REDUCE_ACTION]
11-25 19:13:43.540  2239  2281 D ActivityTestRule: Launching activity br.com.catbag.gifreduxsample.ui.GifListActivity
11-25 19:13:43.558  2239  2256 I DroidFlux:Dispatcher: [STARTED] dispatch of action [GIF_LIST_FETCHING]
11-25 19:13:43.558  2239  2256 D DroidFlux:Dispatcher: An action of type [GIF_LIST_FETCHING] was dispatched, but no reducer handled it
11-25 19:13:43.558  2239  2256 I DroidFlux:Dispatcher: [COMPLETED] dispatch of action [GIF_LIST_FETCHING]
11-25 19:13:43.561  2239  2282 D MonitoringInstrumentation: execStartActivity(context, ibinder, ibinder, activity, intent, int, bundle
11-25 19:13:43.562  1237  1248 I ActivityManager: START u0 {flg=0x10000000 cmp=br.com.catbag.gifreduxsample/.ui.GifListActivity} from uid 10060 on display 0
11-25 19:13:43.653  2239  2239 D LifecycleMonitor: Lifecycle status change: br.com.catbag.gifreduxsample.ui.GifListActivity@127b8b1 in: PRE_ON_CREATE
11-25 19:13:43.683  2239  2239 D LifecycleMonitor: Lifecycle status change: br.com.catbag.gifreduxsample.ui.GifListActivity@127b8b1 in: CREATED
11-25 19:13:43.696  2239  2256 I DroidFlux:Dispatcher: [STARTED] dispatch of action [APP_STATE_LOAD]
11-25 19:13:43.698  2239  2239 D LifecycleMonitor: Lifecycle status change: br.com.catbag.gifreduxsample.ui.GifListActivity@127b8b1 in: STARTED
11-25 19:13:43.699  2239  2239 D LifecycleMonitor: Lifecycle status change: br.com.catbag.gifreduxsample.ui.GifListActivity@127b8b1 in: RESUMED
11-25 19:13:43.724  2239  2256 D DroidFlux:Dispatcher: An action of type [APP_STATE_LOAD] was dispatched, but no reducer handled it
11-25 19:13:43.724  2239  2256 I DroidFlux:Dispatcher: [COMPLETED] dispatch of action [APP_STATE_LOAD]
11-25 19:13:43.870  1237  1258 I Choreographer: Skipped 30 frames!  The application may be doing too much work on its main thread.
11-25 19:13:43.876  1237  1258 I WindowManager: Destroying surface Surface(name=Starting br.com.catbag.gifreduxsample) called by com.android.server.wm.WindowStateAnimator.destroySurface:2014 com.android.server.wm.WindowStateAnimator.destroySurfaceLocked:881 com.android.server.wm.WindowState.removeLocked:1449 com.android.server.wm.WindowManagerService.removeWindowInnerLocked:2478 com.android.server.wm.AppWindowToken.destroySurfaces:365 com.android.server.wm.WindowStateAnimator.finishExit:565 com.android.server.wm.WindowStateAnimator.stepAnimationLocked:491 com.android.server.wm.WindowAnimator.updateWindowsLocked:303 
11-25 19:13:43.913  1237  1356 W InputMethodManagerService: Starting input on non-focused client com.android.internal.view.IInputMethodClient$Stub$Proxy@e0448d0 (uid=10012 pid=1748)
11-25 19:13:43.965  2239  2239 D LifecycleMonitor: Lifecycle status change: br.com.catbag.gifreduxsample.ui.GifListActivity@127b8b1 in: PAUSED
11-25 19:13:43.976  2239  2255 I TestRunner: finished: whenGifIsDownloadingTest(br.com.catbag.gifreduxsample.ui.giflist.GifListActivityTest)
11-25 19:13:44.001   978   978 D gralloc : Registering a buffer in the process that created it. This may cause memory ordering problems.
11-25 19:13:44.001   978   978 E libEGL  : called unimplemented OpenGL ES API
11-25 19:13:44.001   978   978 E SurfaceFlinger: glCheckFramebufferStatusOES error 25970820
11-25 19:13:44.002   978   978 E SurfaceFlinger: got GL_FRAMEBUFFER_COMPLETE_OES error while taking screenshot
11-25 19:13:44.003  1237  1547 W WindowManager: Screenshot failure taking screenshot for (480x800) to layer 22035
11-25 19:13:44.017  2239  2239 I MonitoringInstrumentation: Activities that are still in CREATED to STOPPED: 5
11-25 19:13:44.019  2239  2255 I TestRunner: started: whenListKeepOrderedAfterPlayTest(br.com.catbag.gifreduxsample.ui.giflist.GifListActivityTest)
11-25 19:13:44.020  2239  2239 I MonitoringInstrumentation: Activities that are still in CREATED to STOPPED: 5
11-25 19:13:44.056  1237  1258 I Choreographer: Skipped 41 frames!  The application may be doing too much work on its main thread.
11-25 19:13:44.079  2239  2256 I DroidFlux:Dispatcher: [STARTED] dispatch of action [FAKE_REDUCE_ACTION]
11-25 19:13:44.079  2239  2256 I DroidFlux:Dispatcher: [COMPLETED] dispatch of action [FAKE_REDUCE_ACTION]
11-25 19:13:44.105  1237  1665 D WindowManager: relayoutVisibleWindow: Window{816999b u0 com.android.launcher3/com.android.launcher3.Launcher EXITING} mAnimatingExit=true, mRemoveOnExit=false, mDestroying=false
11-25 19:13:44.138  2239  2283 D ActivityTestRule: Launching activity br.com.catbag.gifreduxsample.ui.GifListActivity
11-25 19:13:44.152  2239  2284 D MonitoringInstrumentation: execStartActivity(context, ibinder, ibinder, activity, intent, int, bundle
11-25 19:13:44.153  1237  1731 I ActivityManager: START u0 {flg=0x10000000 cmp=br.com.catbag.gifreduxsample/.ui.GifListActivity} from uid 10060 on display 0
11-25 19:13:44.226  2239  2239 D LifecycleMonitor: Lifecycle status change: br.com.catbag.gifreduxsample.ui.GifListActivity@cc90385 in: PRE_ON_CREATE
11-25 19:13:44.235  2239  2239 D LifecycleMonitor: Lifecycle status change: br.com.catbag.gifreduxsample.ui.GifListActivity@cc90385 in: CREATED
11-25 19:13:44.236  2239  2256 I DroidFlux:Dispatcher: [STARTED] dispatch of action [APP_STATE_LOAD]
11-25 19:13:44.236  2239  2256 D DroidFlux:Dispatcher: An action of type [APP_STATE_LOAD] was dispatched, but no reducer handled it
11-25 19:13:44.237  2239  2256 I DroidFlux:Dispatcher: [COMPLETED] dispatch of action [APP_STATE_LOAD]
11-25 19:13:44.237  2239  2239 D LifecycleMonitor: Lifecycle status change: br.com.catbag.gifreduxsample.ui.GifListActivity@cc90385 in: STARTED
11-25 19:13:44.239  2239  2239 D LifecycleMonitor: Lifecycle status change: br.com.catbag.gifreduxsample.ui.GifListActivity@cc90385 in: RESUMED
11-25 19:13:44.474  2239  2239 W ResourceType: No package identifier when getting name for resource number 0x0000000e
11-25 19:13:44.474  2239  2239 I ViewInteraction: Performing 'single click' action on view with id: 14 (resource name not found)
11-25 19:13:44.512  1237  1258 I ActivityManager: Displayed br.com.catbag.gifreduxsample/.ui.GifListActivity: +338ms (total +1s702ms)
11-25 19:13:44.527  2239  2256 I DroidFlux:Dispatcher: [STARTED] dispatch of action [GIF_PLAY]
11-25 19:13:44.529  2239  2256 I DroidFlux:Dispatcher: [COMPLETED] dispatch of action [GIF_PLAY]
11-25 19:13:44.558   987  1035 D AudioFlinger: mixer(0xaf803440) throttle end: throttle time(11)
11-25 19:13:44.571  1237  1258 I WindowManager: Destroying surface Surface(name=Starting br.com.catbag.gifreduxsample) called by com.android.server.wm.WindowStateAnimator.destroySurface:2014 com.android.server.wm.WindowStateAnimator.destroySurfaceLocked:881 com.android.server.wm.WindowState.removeLocked:1449 com.android.server.wm.WindowManagerService.removeWindowInnerLocked:2478 com.android.server.wm.AppWindowToken.destroySurfaces:365 com.android.server.wm.WindowStateAnimator.finishExit:565 com.android.server.wm.AppWindowAnimator.stepAnimationLocked:427 com.android.server.wm.WindowAnimator.updateAppWindowsLocked:176 
11-25 19:13:44.578   987  1035 D AudioFlinger: mixer(0xaf803440) throttle end: throttle time(10)
11-25 19:13:44.625  2239  2250 I art     : Background partial concurrent mark sweep GC freed 7938(525KB) AllocSpace objects, 0(0B) LOS objects, 31% free, 8MB/12MB, paused 5.045ms total 333.397ms
11-25 19:13:44.781  1237  1258 I WindowManager: Destroying surface Surface(name=Starting br.com.catbag.gifreduxsample) called by com.android.server.wm.WindowStateAnimator.destroySurface:2014 com.android.server.wm.WindowStateAnimator.destroySurfaceLocked:881 com.android.server.wm.WindowState.destroyOrSaveSurface:2073 com.android.server.wm.AppWindowToken.destroySurfaces:363 com.android.server.wm.WindowStateAnimator.finishExit:565 com.android.server.wm.WindowStateAnimator.stepAnimationLocked:491 com.android.server.wm.WindowAnimator.updateWindowsLocked:303 com.android.server.wm.WindowAnimator.animateLocked:704 
11-25 19:13:45.294  2239  2239 D LifecycleMonitor: Lifecycle status change: br.com.catbag.gifreduxsample.ui.GifListActivity@127b8b1 in: STOPPED
11-25 19:13:45.294  2239  2239 D LifecycleMonitor: Lifecycle status change: br.com.catbag.gifreduxsample.ui.GifListActivity@127b8b1 in: DESTROYED
11-25 19:13:45.313  1237  1731 I WindowManager: Destroying surface Surface(name=br.com.catbag.gifreduxsample/br.com.catbag.gifreduxsample.ui.GifListActivity) called by com.android.server.wm.WindowStateAnimator.destroySurface:2014 com.android.server.wm.WindowStateAnimator.destroySurfaceLocked:881 com.android.server.wm.WindowState.removeLocked:1449 com.android.server.wm.WindowManagerService.removeWindowInnerLocked:2478 com.android.server.wm.WindowManagerService.removeWindowLocked:2436 com.android.server.wm.WindowManagerService.removeWindowLocked:2305 com.android.server.wm.WindowManagerService.removeWindow:2300 com.android.server.wm.Session.remove:193 
11-25 19:13:45.334  1237  1665 I WindowManager: Destroying surface Surface(name=com.android.launcher3/com.android.launcher3.Launcher) called by com.android.server.wm.WindowStateAnimator.destroySurface:2014 com.android.server.wm.WindowStateAnimator.destroySurfaceLocked:881 com.android.server.wm.WindowState.destroyOrSaveSurface:2073 com.android.server.wm.AppWindowToken.destroySurfaces:363 com.android.server.wm.AppWindowToken.notifyAppStopped:389 com.android.server.wm.WindowManagerService.notifyAppStopped:4456 com.android.server.am.ActivityStack.activityStoppedLocked:1252 com.android.server.am.ActivityManagerService.activityStopped:6873 
11-25 19:13:45.343  2239  2239 D LifecycleMonitor: Lifecycle status change: br.com.catbag.gifreduxsample.ui.GifListActivity@2864812 in: STOPPED
11-25 19:13:45.343  2239  2239 D LifecycleMonitor: Lifecycle status change: br.com.catbag.gifreduxsample.ui.GifListActivity@2864812 in: DESTROYED
11-25 19:13:45.345  1237  1356 I WindowManager: Destroying surface Surface(name=br.com.catbag.gifreduxsample/br.com.catbag.gifreduxsample.ui.GifListActivity) called by com.android.server.wm.WindowStateAnimator.destroySurface:2014 com.android.server.wm.WindowStateAnimator.destroySurfaceLocked:881 com.android.server.wm.WindowState.removeLocked:1449 com.android.server.wm.WindowManagerService.removeWindowInnerLocked:2478 com.android.server.wm.WindowManagerService.removeWindowLocked:2436 com.android.server.wm.WindowManagerService.removeWindowLocked:2305 com.android.server.wm.WindowManagerService.removeWindow:2300 com.android.server.wm.Session.remove:193 
11-25 19:13:45.381  2239  2239 D LifecycleMonitor: Lifecycle status change: br.com.catbag.gifreduxsample.ui.GifListActivity@306e48f in: STOPPED
11-25 19:13:45.382  2239  2239 D LifecycleMonitor: Lifecycle status change: br.com.catbag.gifreduxsample.ui.GifListActivity@306e48f in: DESTROYED
11-25 19:13:45.383  1237  1351 I WindowManager: Destroying surface Surface(name=br.com.catbag.gifreduxsample/br.com.catbag.gifreduxsample.ui.GifListActivity) called by com.android.server.wm.WindowStateAnimator.destroySurface:2014 com.android.server.wm.WindowStateAnimator.destroySurfaceLocked:881 com.android.server.wm.WindowState.removeLocked:1449 com.android.server.wm.WindowManagerService.removeWindowInnerLocked:2478 com.android.server.wm.WindowManagerService.removeWindowLocked:2436 com.android.server.wm.WindowManagerService.removeWindowLocked:2305 com.android.server.wm.WindowManagerService.removeWindow:2300 com.android.server.wm.Session.remove:193 
11-25 19:13:45.416  2239  2239 D LifecycleMonitor: Lifecycle status change: br.com.catbag.gifreduxsample.ui.GifListActivity@d48d453 in: STOPPED
11-25 19:13:45.420  2239  2239 D LifecycleMonitor: Lifecycle status change: br.com.catbag.gifreduxsample.ui.GifListActivity@d48d453 in: DESTROYED
11-25 19:13:45.425  1237  1665 I WindowManager: Destroying surface Surface(name=br.com.catbag.gifreduxsample/br.com.catbag.gifreduxsample.ui.GifListActivity) called by com.android.server.wm.WindowStateAnimator.destroySurface:2014 com.android.server.wm.WindowStateAnimator.destroySurfaceLocked:881 com.android.server.wm.WindowState.removeLocked:1449 com.android.server.wm.WindowManagerService.removeWindowInnerLocked:2478 com.android.server.wm.WindowManagerService.removeWindowLocked:2436 com.android.server.wm.WindowManagerService.removeWindowLocked:2305 com.android.server.wm.WindowManagerService.removeWindow:2300 com.android.server.wm.Session.remove:193 
11-25 19:13:45.452  2239  2239 D LifecycleMonitor: Lifecycle status change: br.com.catbag.gifreduxsample.ui.GifListActivity@5acdb2b in: STOPPED
11-25 19:13:45.452  2239  2239 D LifecycleMonitor: Lifecycle status change: br.com.catbag.gifreduxsample.ui.GifListActivity@5acdb2b in: DESTROYED
11-25 19:13:45.454  1237  1249 I WindowManager: Destroying surface Surface(name=br.com.catbag.gifreduxsample/br.com.catbag.gifreduxsample.ui.GifListActivity) called by com.android.server.wm.WindowStateAnimator.destroySurface:2014 com.android.server.wm.WindowStateAnimator.destroySurfaceLocked:881 com.android.server.wm.WindowState.removeLocked:1449 com.android.server.wm.WindowManagerService.removeWindowInnerLocked:2478 com.android.server.wm.WindowManagerService.removeWindowLocked:2436 com.android.server.wm.WindowManagerService.removeWindowLocked:2305 com.android.server.wm.WindowManagerService.removeWindow:2300 com.android.server.wm.Session.remove:193 
11-25 19:13:45.466  2239  2239 I Choreographer: Skipped 45 frames!  The application may be doing too much work on its main thread.
11-25 19:13:45.491  2239  2239 W ResourceType: No package identifier when getting name for resource number 0x00000012
11-25 19:13:45.491  2239  2239 I ViewInteraction: Performing 'scroll RecyclerView to position: 2' action on view with id: 18 (resource name not found)
11-25 19:13:45.791  2239  2239 W ResourceType: No package identifier when getting name for resource number 0x00000012
11-25 19:13:45.804  2239  2239 W ResourceType: No package identifier when getting name for resource number 0x0000001a
11-25 19:13:45.806  2239  2239 I ViewInteraction: Performing 'single click' action on view with id: 26 (resource name not found)
11-25 19:13:45.860  2239  2256 I DroidFlux:Dispatcher: [STARTED] dispatch of action [GIF_PLAY]
11-25 19:13:45.861  2239  2256 I DroidFlux:Dispatcher: [COMPLETED] dispatch of action [GIF_PLAY]
11-25 19:13:46.440  2239  2239 W ResourceType: No package identifier when getting name for resource number 0x0000001e
11-25 19:13:46.440  2239  2239 I ViewInteraction: Performing 'scroll RecyclerView to position: 3' action on view with id: 30 (resource name not found)
11-25 19:13:46.732  2239  2239 W ResourceType: No package identifier when getting name for resource number 0x0000001e
11-25 19:13:46.745  2239  2239 W ResourceType: No package identifier when getting name for resource number 0x00000026
11-25 19:13:46.745  2239  2239 I ViewInteraction: Performing 'single click' action on view with id: 38 (resource name not found)
11-25 19:13:46.795  2239  2256 I DroidFlux:Dispatcher: [STARTED] dispatch of action [GIF_PLAY]
11-25 19:13:46.796  2239  2256 I DroidFlux:Dispatcher: [COMPLETED] dispatch of action [GIF_PLAY]
11-25 19:13:47.393  2239  2239 W ResourceType: No package identifier when getting name for resource number 0x0000002a
11-25 19:13:47.393  2239  2239 I ViewInteraction: Performing 'scroll RecyclerView to position: 4' action on view with id: 42 (resource name not found)
11-25 19:13:47.695  2239  2239 W ResourceType: No package identifier when getting name for resource number 0x0000002a
11-25 19:13:47.718  2239  2239 W ResourceType: No package identifier when getting name for resource number 0x00000032
11-25 19:13:47.718  2239  2239 I ViewInteraction: Performing 'single click' action on view with id: 50 (resource name not found)
11-25 19:13:47.770  2239  2256 I DroidFlux:Dispatcher: [STARTED] dispatch of action [GIF_PLAY]
11-25 19:13:47.772  2239  2256 I DroidFlux:Dispatcher: [COMPLETED] dispatch of action [GIF_PLAY]
11-25 19:13:48.316  2239  2239 W ResourceType: No package identifier when getting name for resource number 0x00000036
11-25 19:13:48.316  2239  2239 I ViewInteraction: Performing 'scroll RecyclerView to position: 5' action on view with id: 54 (resource name not found)
11-25 19:13:48.452  1237  1321 E TaskPersister: File error accessing recents directory (directory doesn't exist?).
11-25 19:13:48.601  2239  2239 W ResourceType: No package identifier when getting name for resource number 0x00000036
11-25 19:13:48.606  2239  2239 W ResourceType: No package identifier when getting name for resource number 0x0000003e
11-25 19:13:48.606  2239  2239 I ViewInteraction: Performing 'single click' action on view with id: 62 (resource name not found)
11-25 19:13:48.658  2239  2256 I DroidFlux:Dispatcher: [STARTED] dispatch of action [GIF_PLAY]
11-25 19:13:48.660  2239  2256 I DroidFlux:Dispatcher: [COMPLETED] dispatch of action [GIF_PLAY]
11-25 19:13:49.195  2239  2239 W ResourceType: No package identifier when getting name for resource number 0x00000042
11-25 19:13:49.195  2239  2239 I ViewInteraction: Performing 'scroll RecyclerView to position: 6' action on view with id: 66 (resource name not found)
11-25 19:13:49.494  2239  2239 W ResourceType: No package identifier when getting name for resource number 0x00000042
11-25 19:13:49.506  2239  2239 W ResourceType: No package identifier when getting name for resource number 0x0000004a
11-25 19:13:49.506  2239  2239 I ViewInteraction: Performing 'single click' action on view with id: 74 (resource name not found)
11-25 19:13:49.563  2239  2256 I DroidFlux:Dispatcher: [STARTED] dispatch of action [GIF_PLAY]
11-25 19:13:49.564  2239  2256 I DroidFlux:Dispatcher: [COMPLETED] dispatch of action [GIF_PLAY]
11-25 19:13:50.120  2239  2239 W ResourceType: No package identifier when getting name for resource number 0x0000004e
11-25 19:13:50.121  2239  2239 I ViewInteraction: Performing 'scroll RecyclerView to position: 7' action on view with id: 78 (resource name not found)
11-25 19:13:50.411  2239  2239 W ResourceType: No package identifier when getting name for resource number 0x0000004e
11-25 19:13:50.454  2239  2239 W ResourceType: No package identifier when getting name for resource number 0x00000056
11-25 19:13:50.454  2239  2239 I ViewInteraction: Performing 'single click' action on view with id: 86 (resource name not found)
11-25 19:13:50.519  2239  2256 I DroidFlux:Dispatcher: [STARTED] dispatch of action [GIF_PLAY]
11-25 19:13:50.521  2239  2256 I DroidFlux:Dispatcher: [COMPLETED] dispatch of action [GIF_PLAY]
11-25 19:13:51.059  2239  2239 W ResourceType: No package identifier when getting name for resource number 0x0000005a
11-25 19:13:51.060  2239  2239 I ViewInteraction: Performing 'scroll RecyclerView to position: 8' action on view with id: 90 (resource name not found)
11-25 19:13:51.381  2239  2239 W ResourceType: No package identifier when getting name for resource number 0x0000005a
11-25 19:13:51.386  2239  2239 W ResourceType: No package identifier when getting name for resource number 0x00000062
11-25 19:13:51.386  2239  2239 I ViewInteraction: Performing 'single click' action on view with id: 98 (resource name not found)
11-25 19:13:51.446  2239  2256 I DroidFlux:Dispatcher: [STARTED] dispatch of action [GIF_PLAY]
11-25 19:13:51.454  2239  2256 I DroidFlux:Dispatcher: [COMPLETED] dispatch of action [GIF_PLAY]
11-25 19:13:51.475  2239  2240 I art     : Do full code cache collection, code=123KB, data=122KB
11-25 19:13:51.475  2239  2240 I art     : After code cache collection, code=98KB, data=79KB
11-25 19:13:51.992  2239  2239 W ResourceType: No package identifier when getting name for resource number 0x00000066
11-25 19:13:51.992  2239  2239 I ViewInteraction: Performing 'scroll RecyclerView to position: 9' action on view with id: 102 (resource name not found)
11-25 19:13:52.302  2239  2239 W ResourceType: No package identifier when getting name for resource number 0x00000066
11-25 19:13:52.309  2239  2239 W ResourceType: No package identifier when getting name for resource number 0x0000006e
11-25 19:13:52.309  2239  2239 I ViewInteraction: Performing 'single click' action on view with id: 110 (resource name not found)
11-25 19:13:52.366  2239  2256 I DroidFlux:Dispatcher: [STARTED] dispatch of action [GIF_PLAY]
11-25 19:13:52.369  2239  2256 I DroidFlux:Dispatcher: [COMPLETED] dispatch of action [GIF_PLAY]
11-25 19:13:52.904  2239  2239 W ResourceType: No package identifier when getting name for resource number 0x00000072
11-25 19:13:52.904  2239  2239 I ViewInteraction: Performing 'scroll RecyclerView to position: 10' action on view with id: 114 (resource name not found)
11-25 19:13:53.209  2239  2239 W ResourceType: No package identifier when getting name for resource number 0x00000072
11-25 19:13:53.214  2239  2239 W ResourceType: No package identifier when getting name for resource number 0x0000007a
11-25 19:13:53.214  2239  2239 I ViewInteraction: Performing 'single click' action on view with id: 122 (resource name not found)
11-25 19:13:53.265  2239  2256 I DroidFlux:Dispatcher: [STARTED] dispatch of action [GIF_PLAY]
11-25 19:13:53.266  2239  2256 I DroidFlux:Dispatcher: [COMPLETED] dispatch of action [GIF_PLAY]
11-25 19:13:53.280  2239  2250 I art     : Background sticky concurrent mark sweep GC freed 16718(1445KB) AllocSpace objects, 10(208KB) LOS objects, 11% free, 11MB/12MB, paused 5.837ms total 75.768ms
11-25 19:13:53.809  2239  2239 W ResourceType: No package identifier when getting name for resource number 0x0000007e
11-25 19:13:53.809  2239  2239 I ViewInteraction: Performing 'scroll RecyclerView to position: 11' action on view with id: 126 (resource name not found)
11-25 19:13:54.095  2239  2239 W ResourceType: No package identifier when getting name for resource number 0x0000007e
11-25 19:13:54.106  2239  2239 W ResourceType: No package identifier when getting name for resource number 0x00000086
11-25 19:13:54.106  2239  2239 I ViewInteraction: Performing 'single click' action on view with id: 134 (resource name not found)
11-25 19:13:54.176  2239  2256 I DroidFlux:Dispatcher: [STARTED] dispatch of action [GIF_PLAY]
11-25 19:13:54.185  2239  2256 I DroidFlux:Dispatcher: [COMPLETED] dispatch of action [GIF_PLAY]
11-25 19:13:54.673  2239  2239 W ResourceType: No package identifier when getting name for resource number 0x0000008a
11-25 19:13:54.674  2239  2239 I ViewInteraction: Performing 'scroll RecyclerView to position: 12' action on view with id: 138 (resource name not found)
11-25 19:13:54.971  2239  2239 W ResourceType: No package identifier when getting name for resource number 0x0000008a
11-25 19:13:55.016  2239  2239 W ResourceType: No package identifier when getting name for resource number 0x00000092
11-25 19:13:55.033  2239  2239 I ViewInteraction: Performing 'single click' action on view with id: 146 (resource name not found)
11-25 19:13:55.088  2239  2256 I DroidFlux:Dispatcher: [STARTED] dispatch of action [GIF_PLAY]
11-25 19:13:55.096  2239  2256 I DroidFlux:Dispatcher: [COMPLETED] dispatch of action [GIF_PLAY]
11-25 19:13:55.671  2239  2239 W ResourceType: No package identifier when getting name for resource number 0x00000096
11-25 19:13:55.672  2239  2239 I ViewInteraction: Performing 'scroll RecyclerView to position: 13' action on view with id: 150 (resource name not found)
11-25 19:13:55.975  2239  2239 W ResourceType: No package identifier when getting name for resource number 0x00000096
11-25 19:13:56.001  2239  2239 W ResourceType: No package identifier when getting name for resource number 0x0000009e
11-25 19:13:56.001  2239  2239 I ViewInteraction: Performing 'single click' action on view with id: 158 (resource name not found)
11-25 19:13:56.041  2239  2250 I art     : Background sticky concurrent mark sweep GC freed 4686(379KB) AllocSpace objects, 1(16KB) LOS objects, 3% free, 12MB/12MB, paused 6.423ms total 51.793ms
11-25 19:13:56.066  2239  2256 I DroidFlux:Dispatcher: [STARTED] dispatch of action [GIF_PLAY]
11-25 19:13:56.076  2239  2256 I DroidFlux:Dispatcher: [COMPLETED] dispatch of action [GIF_PLAY]
11-25 19:13:56.615  2239  2239 W ResourceType: No package identifier when getting name for resource number 0x000000a2
11-25 19:13:56.615  2239  2239 I ViewInteraction: Performing 'scroll RecyclerView to position: 14' action on view with id: 162 (resource name not found)
11-25 19:13:56.941  2239  2239 W ResourceType: No package identifier when getting name for resource number 0x000000a2
11-25 19:13:56.972  2239  2239 W ResourceType: No package identifier when getting name for resource number 0x000000aa
11-25 19:13:56.972  2239  2239 I ViewInteraction: Performing 'single click' action on view with id: 170 (resource name not found)
11-25 19:13:57.033  2239  2256 I DroidFlux:Dispatcher: [STARTED] dispatch of action [GIF_PLAY]
11-25 19:13:57.035  2239  2256 I DroidFlux:Dispatcher: [COMPLETED] dispatch of action [GIF_PLAY]
11-25 19:13:57.603  2239  2250 I art     : Background partial concurrent mark sweep GC freed 7231(371KB) AllocSpace objects, 12(1460KB) LOS objects, 26% free, 10MB/14MB, paused 5.947ms total 50.762ms
11-25 19:13:57.619  2239  2239 W ResourceType: No package identifier when getting name for resource number 0x000000ae
11-25 19:13:57.619  2239  2239 I ViewInteraction: Performing 'scroll RecyclerView to position: 15' action on view with id: 174 (resource name not found)
11-25 19:13:57.908  2239  2239 W ResourceType: No package identifier when getting name for resource number 0x000000ae
11-25 19:13:57.914  2239  2239 W ResourceType: No package identifier when getting name for resource number 0x000000b6
11-25 19:13:57.914  2239  2239 I ViewInteraction: Performing 'single click' action on view with id: 182 (resource name not found)
11-25 19:13:57.982  2239  2256 I DroidFlux:Dispatcher: [STARTED] dispatch of action [GIF_PLAY]
11-25 19:13:57.983  2239  2256 I DroidFlux:Dispatcher: [COMPLETED] dispatch of action [GIF_PLAY]
11-25 19:13:58.506  2239  2239 W ResourceType: No package identifier when getting name for resource number 0x000000ba
11-25 19:13:58.506  2239  2239 I ViewInteraction: Performing 'scroll RecyclerView to position: 16' action on view with id: 186 (resource name not found)
11-25 19:13:58.526  2239  2256 I DroidFlux:Dispatcher: [STARTED] dispatch of action [GIF_LIST_FETCHING]
11-25 19:13:58.526  2239  2256 D DroidFlux:Dispatcher: An action of type [GIF_LIST_FETCHING] was dispatched, but no reducer handled it
11-25 19:13:58.526  2239  2256 I DroidFlux:Dispatcher: [COMPLETED] dispatch of action [GIF_LIST_FETCHING]
11-25 19:13:58.533  2239  2256 I DroidFlux:Dispatcher: [STARTED] dispatch of action [GIF_LIST_FETCHING]
11-25 19:13:58.533  2239  2256 D DroidFlux:Dispatcher: An action of type [GIF_LIST_FETCHING] was dispatched, but no reducer handled it
11-25 19:13:58.533  2239  2256 I DroidFlux:Dispatcher: [COMPLETED] dispatch of action [GIF_LIST_FETCHING]
11-25 19:13:58.534  2239  2256 I DroidFlux:Dispatcher: [STARTED] dispatch of action [GIF_LIST_FETCHING]
11-25 19:13:58.534  2239  2256 D DroidFlux:Dispatcher: An action of type [GIF_LIST_FETCHING] was dispatched, but no reducer handled it
11-25 19:13:58.534  2239  2256 I DroidFlux:Dispatcher: [COMPLETED] dispatch of action [GIF_LIST_FETCHING]
11-25 19:13:58.535  2239  2256 I DroidFlux:Dispatcher: [STARTED] dispatch of action [GIF_LIST_FETCHING]
11-25 19:13:58.536  2239  2256 D DroidFlux:Dispatcher: An action of type [GIF_LIST_FETCHING] was dispatched, but no reducer handled it
11-25 19:13:58.536  2239  2256 I DroidFlux:Dispatcher: [COMPLETED] dispatch of action [GIF_LIST_FETCHING]
11-25 19:13:58.538  2239  2256 I DroidFlux:Dispatcher: [STARTED] dispatch of action [GIF_LIST_FETCHING]
11-25 19:13:58.539  2239  2256 D DroidFlux:Dispatcher: An action of type [GIF_LIST_FETCHING] was dispatched, but no reducer handled it
11-25 19:13:58.539  2239  2256 I DroidFlux:Dispatcher: [COMPLETED] dispatch of action [GIF_LIST_FETCHING]
11-25 19:13:58.540  2239  2256 I DroidFlux:Dispatcher: [STARTED] dispatch of action [GIF_LIST_FETCHING]
11-25 19:13:58.540  2239  2256 D DroidFlux:Dispatcher: An action of type [GIF_LIST_FETCHING] was dispatched, but no reducer handled it
11-25 19:13:58.540  2239  2256 I DroidFlux:Dispatcher: [COMPLETED] dispatch of action [GIF_LIST_FETCHING]
11-25 19:13:58.541  2239  2256 I DroidFlux:Dispatcher: [STARTED] dispatch of action [GIF_LIST_FETCHING]
11-25 19:13:58.541  2239  2256 D DroidFlux:Dispatcher: An action of type [GIF_LIST_FETCHING] was dispatched, but no reducer handled it
11-25 19:13:58.541  2239  2256 I DroidFlux:Dispatcher: [COMPLETED] dispatch of action [GIF_LIST_FETCHING]
11-25 19:13:58.542  2239  2256 I DroidFlux:Dispatcher: [STARTED] dispatch of action [GIF_LIST_FETCHING]
11-25 19:13:58.542  2239  2256 D DroidFlux:Dispatcher: An action of type [GIF_LIST_FETCHING] was dispatched, but no reducer handled it
11-25 19:13:58.542  2239  2256 I DroidFlux:Dispatcher: [COMPLETED] dispatch of action [GIF_LIST_FETCHING]
11-25 19:13:58.543  2239  2256 I DroidFlux:Dispatcher: [STARTED] dispatch of action [GIF_LIST_FETCHING]
11-25 19:13:58.543  2239  2256 D DroidFlux:Dispatcher: An action of type [GIF_LIST_FETCHING] was dispatched, but no reducer handled it
11-25 19:13:58.544  2239  2256 I DroidFlux:Dispatcher: [COMPLETED] dispatch of action [GIF_LIST_FETCHING]
11-25 19:13:58.544  2239  2256 I DroidFlux:Dispatcher: [STARTED] dispatch of action [GIF_LIST_FETCHING]
11-25 19:13:58.544  2239  2256 D DroidFlux:Dispatcher: An action of type [GIF_LIST_FETCHING] was dispatched, but no reducer handled it
11-25 19:13:58.545  2239  2256 I DroidFlux:Dispatcher: [COMPLETED] dispatch of action [GIF_LIST_FETCHING]
11-25 19:13:58.545  2239  2256 I DroidFlux:Dispatcher: [STARTED] dispatch of action [GIF_LIST_FETCHING]
11-25 19:13:58.546  2239  2256 D DroidFlux:Dispatcher: An action of type [GIF_LIST_FETCHING] was dispatched, but no reducer handled it
11-25 19:13:58.546  2239  2256 I DroidFlux:Dispatcher: [COMPLETED] dispatch of action [GIF_LIST_FETCHING]
11-25 19:13:58.546  2239  2256 I DroidFlux:Dispatcher: [STARTED] dispatch of action [GIF_LIST_FETCHING]
11-25 19:13:58.546  2239  2256 D DroidFlux:Dispatcher: An action of type [GIF_LIST_FETCHING] was dispatched, but no reducer handled it
11-25 19:13:58.546  2239  2256 I DroidFlux:Dispatcher: [COMPLETED] dispatch of action [GIF_LIST_FETCHING]
11-25 19:13:58.568  2239  2256 I DroidFlux:Dispatcher: [STARTED] dispatch of action [GIF_LIST_FETCHING]
11-25 19:13:58.568  2239  2256 D DroidFlux:Dispatcher: An action of type [GIF_LIST_FETCHING] was dispatched, but no reducer handled it
11-25 19:13:58.568  2239  2256 I DroidFlux:Dispatcher: [COMPLETED] dispatch of action [GIF_LIST_FETCHING]
11-25 19:13:58.569  2239  2256 I DroidFlux:Dispatcher: [STARTED] dispatch of action [GIF_LIST_FETCHING]
11-25 19:13:58.569  2239  2256 D DroidFlux:Dispatcher: An action of type [GIF_LIST_FETCHING] was dispatched, but no reducer handled it
11-25 19:13:58.569  2239  2256 I DroidFlux:Dispatcher: [COMPLETED] dispatch of action [GIF_LIST_FETCHING]
11-25 19:13:58.569  2239  2256 I DroidFlux:Dispatcher: [STARTED] dispatch of action [GIF_LIST_FETCHING]
11-25 19:13:58.569  2239  2256 D DroidFlux:Dispatcher: An action of type [GIF_LIST_FETCHING] was dispatched, but no reducer handled it
11-25 19:13:58.570  2239  2256 I DroidFlux:Dispatcher: [COMPLETED] dispatch of action [GIF_LIST_FETCHING]
11-25 19:13:58.570  2239  2256 I DroidFlux:Dispatcher: [STARTED] dispatch of action [GIF_LIST_FETCHING]
11-25 19:13:58.570  2239  2256 D DroidFlux:Dispatcher: An action of type [GIF_LIST_FETCHING] was dispatched, but no reducer handled it
11-25 19:13:58.570  2239  2256 I DroidFlux:Dispatcher: [COMPLETED] dispatch of action [GIF_LIST_FETCHING]
11-25 19:13:58.570  2239  2256 I DroidFlux:Dispatcher: [STARTED] dispatch of action [GIF_LIST_FETCHING]
11-25 19:13:58.571  2239  2256 D DroidFlux:Dispatcher: An action of type [GIF_LIST_FETCHING] was dispatched, but no reducer handled it
11-25 19:13:58.571  2239  2256 I DroidFlux:Dispatcher: [COMPLETED] dispatch of action [GIF_LIST_FETCHING]
11-25 19:13:58.571  2239  2256 I DroidFlux:Dispatcher: [STARTED] dispatch of action [GIF_LIST_FETCHING]
11-25 19:13:58.571  2239  2256 D DroidFlux:Dispatcher: An action of type [GIF_LIST_FETCHING] was dispatched, but no reducer handled it
11-25 19:13:58.572  2239  2256 I DroidFlux:Dispatcher: [COMPLETED] dispatch of action [GIF_LIST_FETCHING]
11-25 19:13:58.572  2239  2256 I DroidFlux:Dispatcher: [STARTED] dispatch of action [GIF_LIST_FETCHING]
11-25 19:13:58.572  2239  2256 D DroidFlux:Dispatcher: An action of type [GIF_LIST_FETCHING] was dispatched, but no reducer handled it
11-25 19:13:58.572  2239  2256 I DroidFlux:Dispatcher: [COMPLETED] dispatch of action [GIF_LIST_FETCHING]
11-25 19:13:58.572  2239  2256 I DroidFlux:Dispatcher: [STARTED] dispatch of action [GIF_LIST_FETCHING]
11-25 19:13:58.573  2239  2256 D DroidFlux:Dispatcher: An action of type [GIF_LIST_FETCHING] was dispatched, but no reducer handled it
11-25 19:13:58.573  2239  2256 I DroidFlux:Dispatcher: [COMPLETED] dispatch of action [GIF_LIST_FETCHING]
11-25 19:13:58.573  2239  2256 I DroidFlux:Dispatcher: [STARTED] dispatch of action [GIF_LIST_FETCHING]
11-25 19:13:58.573  2239  2256 D DroidFlux:Dispatcher: An action of type [GIF_LIST_FETCHING] was dispatched, but no reducer handled it
11-25 19:13:58.573  2239  2256 I DroidFlux:Dispatcher: [COMPLETED] dispatch of action [GIF_LIST_FETCHING]
11-25 19:13:58.574  2239  2256 I DroidFlux:Dispatcher: [STARTED] dispatch of action [GIF_LIST_FETCHING]
11-25 19:13:58.574  2239  2256 D DroidFlux:Dispatcher: An action of type [GIF_LIST_FETCHING] was dispatched, but no reducer handled it
11-25 19:13:58.574  2239  2256 I DroidFlux:Dispatcher: [COMPLETED] dispatch of action [GIF_LIST_FETCHING]
11-25 19:13:58.574  2239  2256 I DroidFlux:Dispatcher: [STARTED] dispatch of action [GIF_LIST_FETCHING]
11-25 19:13:58.574  2239  2256 D DroidFlux:Dispatcher: An action of type [GIF_LIST_FETCHING] was dispatched, but no reducer handled it
11-25 19:13:58.575  2239  2256 I DroidFlux:Dispatcher: [COMPLETED] dispatch of action [GIF_LIST_FETCHING]
11-25 19:13:58.575  2239  2256 I DroidFlux:Dispatcher: [STARTED] dispatch of action [GIF_LIST_FETCHING]
11-25 19:13:58.576  2239  2256 D DroidFlux:Dispatcher: An action of type [GIF_LIST_FETCHING] was dispatched, but no reducer handled it
11-25 19:13:58.576  2239  2256 I DroidFlux:Dispatcher: [COMPLETED] dispatch of action [GIF_LIST_FETCHING]
11-25 19:13:58.576  2239  2256 I DroidFlux:Dispatcher: [STARTED] dispatch of action [GIF_LIST_FETCHING]
11-25 19:13:58.576  2239  2256 D DroidFlux:Dispatcher: An action of type [GIF_LIST_FETCHING] was dispatched, but no reducer handled it
11-25 19:13:58.576  2239  2256 I DroidFlux:Dispatcher: [COMPLETED] dispatch of action [GIF_LIST_FETCHING]
11-25 19:13:58.576  2239  2256 I DroidFlux:Dispatcher: [STARTED] dispatch of action [GIF_LIST_FETCHING]
