11-25 23:31:02.016  2243  2259 I DroidFlux:Dispatcher: [COMPLETED] dispatch of action [GIF_LIST_FETCHING]
11-25 23:31:02.016  2243  2259 I DroidFlux:Dispatcher: [STARTED] dispatch of action [GIF_LIST_FETCHING]
11-25 23:31:02.031  2243  2259 D DroidFlux:Dispatcher: An action of type [GIF_LIST_FETCHING] was dispatched, but no reducer handled it
11-25 23:31:02.031  2243  2259 I DroidFlux:Dispatcher: [COMPLETED] dispatch of action [GIF_LIST_FETCHING]
11-25 23:31:02.031  2243  2259 I DroidFlux:Dispatcher: [STARTED] dispatch of action [GIF_LIST_FETCHING]
11-25 23:31:02.032  2243  2259 D DroidFlux:Dispatcher: An action of type [GIF_LIST_FETCHING] was dispatched, but no reducer handled it
11-25 23:31:02.032  2243  2259 I DroidFlux:Dispatcher: [COMPLETED] dispatch of action [GIF_LIST_FETCHING]
11-25 23:31:02.032  2243  2259 I DroidFlux:Dispatcher: [STARTED] dispatch of action [GIF_LIST_FETCHING]
11-25 23:31:02.032  2243  2259 D DroidFlux:Dispatcher: An action of type [GIF_LIST_FETCHING] was dispatched, but no reducer handled it
11-25 23:31:02.033  2243  2259 I DroidFlux:Dispatcher: [COMPLETED] dispatch of action [GIF_LIST_FETCHING]
11-25 23:31:02.033  2243  2259 I DroidFlux:Dispatcher: [STARTED] dispatch of action [GIF_LIST_FETCHING]
11-25 23:31:02.033  2243  2259 D DroidFlux:Dispatcher: An action of type [GIF_LIST_FETCHING] was dispatched, but no reducer handled it
11-25 23:31:02.033  2243  2259 I DroidFlux:Dispatcher: [COMPLETED] dispatch of action [GIF_LIST_FETCHING]
11-25 23:31:02.034  2243  2259 I DroidFlux:Dispatcher: [STARTED] dispatch of action [GIF_LIST_FETCHING]
11-25 23:31:02.034  2243  2259 D DroidFlux:Dispatcher: An action of type [GIF_LIST_FETCHING] was dispatched, but no reducer handled it
11-25 23:31:02.034  2243  2259 I DroidFlux:Dispatcher: [COMPLETED] dispatch of action [GIF_LIST_FETCHING]
11-25 23:31:02.034  2243  2259 I DroidFlux:Dispatcher: [STARTED] dispatch of action [GIF_LIST_FETCHING]
11-25 23:31:02.034  2243  2259 D DroidFlux:Dispatcher: An action of type [GIF_LIST_FETCHING] was dispatched, but no reducer handled it
11-25 23:31:02.035  2243  2259 I DroidFlux:Dispatcher: [COMPLETED] dispatch of action [GIF_LIST_FETCHING]
11-25 23:31:02.035  2243  2259 I DroidFlux:Dispatcher: [STARTED] dispatch of action [GIF_LIST_FETCHING]
11-25 23:31:02.035  2243  2259 D DroidFlux:Dispatcher: An action of type [GIF_LIST_FETCHING] was dispatched, but no reducer handled it
11-25 23:31:02.035  2243  2259 I DroidFlux:Dispatcher: [COMPLETED] dispatch of action [GIF_LIST_FETCHING]
11-25 23:31:02.035  2243  2259 I DroidFlux:Dispatcher: [STARTED] dispatch of action [GIF_LIST_FETCHING]
11-25 23:31:02.036  2243  2259 D DroidFlux:Dispatcher: An action of type [GIF_LIST_FETCHING] was dispatched, but no reducer handled it
11-25 23:31:02.036  2243  2259 I DroidFlux:Dispatcher: [COMPLETED] dispatch of action [GIF_LIST_FETCHING]
11-25 23:31:02.036  2243  2259 I DroidFlux:Dispatcher: [STARTED] dispatch of action [GIF_LIST_FETCHING]
11-25 23:31:02.036  2243  2259 D DroidFlux:Dispatcher: An action of type [GIF_LIST_FETCHING] was dispatched, but no reducer handled it
11-25 23:31:02.036  2243  2259 I DroidFlux:Dispatcher: [COMPLETED] dispatch of action [GIF_LIST_FETCHING]
11-25 23:31:02.037  2243  2259 I DroidFlux:Dispatcher: [STARTED] dispatch of action [GIF_LIST_FETCHING]
11-25 23:31:02.038  2243  2259 D DroidFlux:Dispatcher: An action of type [GIF_LIST_FETCHING] was dispatched, but no reducer handled it
11-25 23:31:02.038  2243  2259 I DroidFlux:Dispatcher: [COMPLETED] dispatch of action [GIF_LIST_FETCHING]
11-25 23:31:02.038  2243  2259 I DroidFlux:Dispatcher: [STARTED] dispatch of action [GIF_LIST_FETCHING]
11-25 23:31:02.038  2243  2259 D DroidFlux:Dispatcher: An action of type [GIF_LIST_FETCHING] was dispatched, but no reducer handled it
11-25 23:31:02.039  2243  2259 I DroidFlux:Dispatcher: [COMPLETED] dispatch of action [GIF_LIST_FETCHING]
11-25 23:31:02.039  2243  2259 I DroidFlux:Dispatcher: [STARTED] dispatch of action [GIF_LIST_FETCHING]
11-25 23:31:02.039  2243  2259 D DroidFlux:Dispatcher: An action of type [GIF_LIST_FETCHING] was dispatched, but no reducer handled it
11-25 23:31:02.039  2243  2259 I DroidFlux:Dispatcher: [COMPLETED] dispatch of action [GIF_LIST_FETCHING]
11-25 23:31:02.039  2243  2259 I DroidFlux:Dispatcher: [STARTED] dispatch of action [GIF_LIST_FETCHING]
11-25 23:31:02.042  2243  2259 D DroidFlux:Dispatcher: An action of type [GIF_LIST_FETCHING] was dispatched, but no reducer handled it
11-25 23:31:02.042  2243  2259 I DroidFlux:Dispatcher: [COMPLETED] dispatch of action [GIF_LIST_FETCHING]
11-25 23:31:02.042  2243  2259 I DroidFlux:Dispatcher: [STARTED] dispatch of action [GIF_LIST_FETCHING]
11-25 23:31:02.043  2243  2259 D DroidFlux:Dispatcher: An action of type [GIF_LIST_FETCHING] was dispatched, but no reducer handled it
11-25 23:31:02.043  2243  2259 I DroidFlux:Dispatcher: [COMPLETED] dispatch of action [GIF_LIST_FETCHING]
11-25 23:31:02.043  2243  2259 I DroidFlux:Dispatcher: [STARTED] dispatch of action [GIF_LIST_FETCHING]
11-25 23:31:02.043  2243  2259 D DroidFlux:Dispatcher: An action of type [GIF_LIST_FETCHING] was dispatched, but no reducer handled it
11-25 23:31:02.044  2243  2259 I DroidFlux:Dispatcher: [COMPLETED] dispatch of action [GIF_LIST_FETCHING]
11-25 23:31:02.044  2243  2259 I DroidFlux:Dispatcher: [STARTED] dispatch of action [GIF_LIST_FETCHING]
11-25 23:31:02.044  2243  2259 D DroidFlux:Dispatcher: An action of type [GIF_LIST_FETCHING] was dispatched, but no reducer handled it
11-25 23:31:02.044  2243  2259 I DroidFlux:Dispatcher: [COMPLETED] dispatch of action [GIF_LIST_FETCHING]
11-25 23:31:02.044  2243  2259 I DroidFlux:Dispatcher: [STARTED] dispatch of action [GIF_LIST_FETCHING]
11-25 23:31:02.045  2243  2259 D DroidFlux:Dispatcher: An action of type [GIF_LIST_FETCHING] was dispatched, but no reducer handled it
11-25 23:31:02.045  2243  2259 I DroidFlux:Dispatcher: [COMPLETED] dispatch of action [GIF_LIST_FETCHING]
11-25 23:31:02.045  2243  2259 I DroidFlux:Dispatcher: [STARTED] dispatch of action [GIF_LIST_FETCHING]
11-25 23:31:02.045  2243  2259 D DroidFlux:Dispatcher: An action of type [GIF_LIST_FETCHING] was dispatched, but no reducer handled it
11-25 23:31:02.046  2243  2259 I DroidFlux:Dispatcher: [COMPLETED] dispatch of action [GIF_LIST_FETCHING]
11-25 23:31:02.046  2243  2259 I DroidFlux:Dispatcher: [STARTED] dispatch of action [GIF_LIST_FETCHING]
11-25 23:31:02.046  2243  2259 D DroidFlux:Dispatcher: An action of type [GIF_LIST_FETCHING] was dispatched, but no reducer handled it
11-25 23:31:02.046  2243  2259 I DroidFlux:Dispatcher: [COMPLETED] dispatch of action [GIF_LIST_FETCHING]
11-25 23:31:02.046  2243  2259 I DroidFlux:Dispatcher: [STARTED] dispatch of action [GIF_LIST_FETCHING]
11-25 23:31:02.052  2243  2259 D DroidFlux:Dispatcher: An action of type [GIF_LIST_FETCHING] was dispatched, but no reducer handled it
11-25 23:31:02.052  2243  2259 I DroidFlux:Dispatcher: [COMPLETED] dispatch of action [GIF_LIST_FETCHING]
11-25 23:31:02.052  2243  2259 I DroidFlux:Dispatcher: [STARTED] dispatch of action [GIF_LIST_FETCHING]
11-25 23:31:02.053  2243  2259 D DroidFlux:Dispatcher: An action of type [GIF_LIST_FETCHING] was dispatched, but no reducer handled it
11-25 23:31:02.053  2243  2259 I DroidFlux:Dispatcher: [COMPLETED] dispatch of action [GIF_LIST_FETCHING]
11-25 23:31:02.053  2243  2259 I DroidFlux:Dispatcher: [STARTED] dispatch of action [GIF_LIST_FETCHING]
11-25 23:31:02.053  2243  2259 D DroidFlux:Dispatcher: An action of type [GIF_LIST_FETCHING] was dispatched, but no reducer handled it
11-25 23:31:02.053  2243  2259 I DroidFlux:Dispatcher: [COMPLETED] dispatch of action [GIF_LIST_FETCHING]
11-25 23:31:02.054  2243  2259 I DroidFlux:Dispatcher: [STARTED] dispatch of action [GIF_LIST_FETCHING]
11-25 23:31:02.054  2243  2259 D DroidFlux:Dispatcher: An action of type [GIF_LIST_FETCHING] was dispatched, but no reducer handled it
11-25 23:31:02.054  2243  2259 I DroidFlux:Dispatcher: [COMPLETED] dispatch of action [GIF_LIST_FETCHING]
11-25 23:31:02.283  2243  2243 W ResourceType: No package identifier when getting name for resource number 0x000000ba
11-25 23:31:02.295  2243  2243 W ResourceType: No package identifier when getting name for resource number 0x000000c2
11-25 23:31:02.295  2243  2243 I ViewInteraction: Performing 'single click' action on view with id: 194 (resource name not found)
11-25 23:31:02.354  2243  2259 I DroidFlux:Dispatcher: [STARTED] dispatch of action [GIF_PLAY]
11-25 23:31:02.355  2243  2259 I DroidFlux:Dispatcher: [COMPLETED] dispatch of action [GIF_PLAY]
11-25 23:31:02.388   991  1028 D AudioFlinger: mixer(0xa7103080) throttle end: throttle time(11)
11-25 23:31:02.422   991  1028 D AudioFlinger: mixer(0xa7103080) throttle end: throttle time(11)
11-25 23:31:03.030  2243  2243 W ResourceType: No package identifier when getting name for resource number 0x000000c6
11-25 23:31:03.030  2243  2243 I ViewInteraction: Performing 'scroll RecyclerView to position: 17' action on view with id: 198 (resource name not found)
11-25 23:31:03.061  2243  2259 I DroidFlux:Dispatcher: [STARTED] dispatch of action [GIF_LIST_FETCHING]
11-25 23:31:03.061  2243  2259 D DroidFlux:Dispatcher: An action of type [GIF_LIST_FETCHING] was dispatched, but no reducer handled it
11-25 23:31:03.061  2243  2259 I DroidFlux:Dispatcher: [COMPLETED] dispatch of action [GIF_LIST_FETCHING]
11-25 23:31:03.068  2243  2259 I DroidFlux:Dispatcher: [STARTED] dispatch of action [GIF_LIST_FETCHING]
11-25 23:31:03.068  2243  2259 D DroidFlux:Dispatcher: An action of type [GIF_LIST_FETCHING] was dispatched, but no reducer handled it
11-25 23:31:03.068  2243  2259 I DroidFlux:Dispatcher: [COMPLETED] dispatch of action [GIF_LIST_FETCHING]
11-25 23:31:03.336  2243  2243 W ResourceType: No package identifier when getting name for resource number 0x000000c6
11-25 23:31:03.349  2243  2243 W ResourceType: No package identifier when getting name for resource number 0x000000ce
11-25 23:31:03.349  2243  2243 I ViewInteraction: Performing 'single click' action on view with id: 206 (resource name not found)
11-25 23:31:03.409  2243  2259 I DroidFlux:Dispatcher: [STARTED] dispatch of action [GIF_PLAY]
11-25 23:31:03.410  2243  2259 I DroidFlux:Dispatcher: [COMPLETED] dispatch of action [GIF_PLAY]
11-25 23:31:03.420   991  1028 D AudioFlinger: mixer(0xa7103080) throttle end: throttle time(22)
11-25 23:31:03.960  2243  2243 W ResourceType: No package identifier when getting name for resource number 0x000000d2
11-25 23:31:03.960  2243  2243 I ViewInteraction: Performing 'scroll RecyclerView to position: 18' action on view with id: 210 (resource name not found)
11-25 23:31:03.977  2243  2259 I DroidFlux:Dispatcher: [STARTED] dispatch of action [GIF_LIST_FETCHING]
11-25 23:31:03.978  2243  2259 D DroidFlux:Dispatcher: An action of type [GIF_LIST_FETCHING] was dispatched, but no reducer handled it
11-25 23:31:03.978  2243  2259 I DroidFlux:Dispatcher: [COMPLETED] dispatch of action [GIF_LIST_FETCHING]
11-25 23:31:03.979  2243  2259 I DroidFlux:Dispatcher: [STARTED] dispatch of action [GIF_LIST_FETCHING]
11-25 23:31:03.979  2243  2259 D DroidFlux:Dispatcher: An action of type [GIF_LIST_FETCHING] was dispatched, but no reducer handled it
11-25 23:31:03.980  2243  2259 I DroidFlux:Dispatcher: [COMPLETED] dispatch of action [GIF_LIST_FETCHING]
11-25 23:31:04.250  2243  2243 W ResourceType: No package identifier when getting name for resource number 0x000000d2
11-25 23:31:04.260  2243  2243 W ResourceType: No package identifier when getting name for resource number 0x000000da
11-25 23:31:04.261  2243  2243 I ViewInteraction: Performing 'single click' action on view with id: 218 (resource name not found)
11-25 23:31:04.326  2243  2259 I DroidFlux:Dispatcher: [STARTED] dispatch of action [GIF_PLAY]
11-25 23:31:04.326  2243  2259 I DroidFlux:Dispatcher: [COMPLETED] dispatch of action [GIF_PLAY]
11-25 23:31:04.349   991  1028 D AudioFlinger: mixer(0xa7103080) throttle end: throttle time(11)
11-25 23:31:04.378   991  1028 D AudioFlinger: mixer(0xa7103080) throttle end: throttle time(11)
11-25 23:31:04.913  2243  2243 W ResourceType: No package identifier when getting name for resource number 0x000000de
11-25 23:31:04.914  2243  2243 I ViewInteraction: Performing 'scroll RecyclerView to position: 19' action on view with id: 222 (resource name not found)
11-25 23:31:04.967  2243  2259 I DroidFlux:Dispatcher: [STARTED] dispatch of action [GIF_LIST_FETCHING]
11-25 23:31:04.968  2243  2259 D DroidFlux:Dispatcher: An action of type [GIF_LIST_FETCHING] was dispatched, but no reducer handled it
11-25 23:31:04.968  2243  2259 I DroidFlux:Dispatcher: [COMPLETED] dispatch of action [GIF_LIST_FETCHING]
11-25 23:31:04.968  2243  2259 I DroidFlux:Dispatcher: [STARTED] dispatch of action [GIF_LIST_FETCHING]
11-25 23:31:04.968  2243  2259 D DroidFlux:Dispatcher: An action of type [GIF_LIST_FETCHING] was dispatched, but no reducer handled it
11-25 23:31:04.969  2243  2259 I DroidFlux:Dispatcher: [COMPLETED] dispatch of action [GIF_LIST_FETCHING]
11-25 23:31:05.254  2243  2243 W ResourceType: No package identifier when getting name for resource number 0x000000de
11-25 23:31:05.271  2243  2243 W ResourceType: No package identifier when getting name for resource number 0x000000e6
11-25 23:31:05.271  2243  2243 I ViewInteraction: Performing 'single click' action on view with id: 230 (resource name not found)
11-25 23:31:05.344  2243  2259 I DroidFlux:Dispatcher: [STARTED] dispatch of action [GIF_PLAY]
11-25 23:31:05.345  2243  2259 I DroidFlux:Dispatcher: [COMPLETED] dispatch of action [GIF_PLAY]
11-25 23:31:05.945  2243  2243 W ResourceType: No package identifier when getting name for resource number 0x000000f1
11-25 23:31:05.946  2243  2243 I ViewInteraction: Performing 'single click' action on view with id: 241 (resource name not found)
11-25 23:31:06.025  2243  2259 I DroidFlux:Dispatcher: [STARTED] dispatch of action [GIF_PAUSE]
11-25 23:31:06.026  2243  2259 I DroidFlux:Dispatcher: [COMPLETED] dispatch of action [GIF_PAUSE]
11-25 23:31:06.068   991  1028 D AudioFlinger: mixer(0xa7103080) throttle end: throttle time(9)
11-25 23:31:06.097   991  1028 D AudioFlinger: mixer(0xa7103080) throttle end: throttle time(11)
11-25 23:31:06.612  2243  2243 D LifecycleMonitor: Lifecycle status change: br.com.catbag.gifreduxsample.ui.GifListActivity@890cf03 in: PAUSED
11-25 23:31:06.630  2243  2258 I TestRunner: finished: whenListKeepOrderedAfterPlayTest(br.com.catbag.gifreduxsample.ui.giflist.GifListActivityTest)
11-25 23:31:06.713   979   979 D gralloc : Registering a buffer in the process that created it. This may cause memory ordering problems.
11-25 23:31:06.713   979   979 E libEGL  : called unimplemented OpenGL ES API
11-25 23:31:06.713   979   979 E SurfaceFlinger: glCheckFramebufferStatusOES error 1319502399
11-25 23:31:06.713   979   979 E SurfaceFlinger: got GL_FRAMEBUFFER_COMPLETE_OES error while taking screenshot
11-25 23:31:06.723  1238  1413 W WindowManager: Screenshot failure taking screenshot for (480x800) to layer 21005
11-25 23:31:06.734  2243  2243 I MonitoringInstrumentation: Activities that are still in CREATED to STOPPED: 1
11-25 23:31:06.736  2243  2258 I TestRunner: started: whenGifIsWatchedTest(br.com.catbag.gifreduxsample.ui.giflist.GifListActivityTest)
11-25 23:31:06.752  2243  2243 I MonitoringInstrumentation: Activities that are still in CREATED to STOPPED: 1
11-25 23:31:06.772  2243  2259 I DroidFlux:Dispatcher: [STARTED] dispatch of action [FAKE_REDUCE_ACTION]
11-25 23:31:06.772  2243  2259 I DroidFlux:Dispatcher: [COMPLETED] dispatch of action [FAKE_REDUCE_ACTION]
11-25 23:31:06.773  2243  2292 D ActivityTestRule: Launching activity br.com.catbag.gifreduxsample.ui.GifListActivity
11-25 23:31:06.774  2243  2293 D MonitoringInstrumentation: execStartActivity(context, ibinder, ibinder, activity, intent, int, bundle
11-25 23:31:06.775  1238  1413 I ActivityManager: START u0 {flg=0x10000000 cmp=br.com.catbag.gifreduxsample/.ui.GifListActivity} from uid 10060 on display 0
11-25 23:31:06.945  2243  2243 D LifecycleMonitor: Lifecycle status change: br.com.catbag.gifreduxsample.ui.GifListActivity@fd50dd0 in: PRE_ON_CREATE
11-25 23:31:06.985  2243  2243 D LifecycleMonitor: Lifecycle status change: br.com.catbag.gifreduxsample.ui.GifListActivity@fd50dd0 in: CREATED
11-25 23:31:06.986  2243  2259 I DroidFlux:Dispatcher: [STARTED] dispatch of action [APP_STATE_LOAD]
11-25 23:31:06.986  2243  2259 D DroidFlux:Dispatcher: An action of type [APP_STATE_LOAD] was dispatched, but no reducer handled it
11-25 23:31:06.986  2243  2259 I DroidFlux:Dispatcher: [COMPLETED] dispatch of action [APP_STATE_LOAD]
11-25 23:31:06.989  2243  2243 D LifecycleMonitor: Lifecycle status change: br.com.catbag.gifreduxsample.ui.GifListActivity@fd50dd0 in: STARTED
11-25 23:31:06.991  2243  2243 D LifecycleMonitor: Lifecycle status change: br.com.catbag.gifreduxsample.ui.GifListActivity@fd50dd0 in: RESUMED
11-25 23:31:07.002  1238  1259 I Choreographer: Skipped 33 frames!  The application may be doing too much work on its main thread.
11-25 23:31:07.085  2243  2243 E Feed    : Gif{uuid=24dbe9df-193b-4f2f-a611-b37a51afede1, path=, url=, title=, watched=true, status=DOWNLOADED}
11-25 23:31:07.085  2243  2243 E Feed    : pl.droidsonroids.gif.GifIOException: GifError 101: Failed to open given input
11-25 23:31:07.085  2243  2243 E Feed    : 	at pl.droidsonroids.gif.GifInfoHandle.openFile(Native Method)
11-25 23:31:07.085  2243  2243 E Feed    : 	at pl.droidsonroids.gif.GifInfoHandle.<init>(GifInfoHandle.java:46)
11-25 23:31:07.085  2243  2243 E Feed    : 	at pl.droidsonroids.gif.GifDrawable.<init>(GifDrawable.java:124)
11-25 23:31:07.085  2243  2243 E Feed    : 	at br.com.catbag.gifreduxsample.ui.views.FeedView.createDrawable(FeedView.java:123)
11-25 23:31:07.085  2243  2243 E Feed    : 	at br.com.catbag.gifreduxsample.ui.views.FeedView.lambda$renderGifView$1(FeedView.java:110)
11-25 23:31:07.085  2243  2243 E Feed    : 	at br.com.catbag.gifreduxsample.ui.views.FeedView$$Lambda$4.view(Unknown Source)
11-25 23:31:07.085  2243  2243 E Feed    : 	at trikita.anvil.BaseDSL.v(BaseDSL.java:670)
11-25 23:31:07.085  2243  2243 E Feed    : 	at br.com.catbag.gifreduxsample.ui.views.FeedView.renderGifView(FeedView.java:109)
11-25 23:31:07.085  2243  2243 E Feed    : 	at br.com.catbag.gifreduxsample.ui.views.FeedView.access$lambda$0(FeedView.java)
11-25 23:31:07.085  2243  2243 E Feed    : 	at br.com.catbag.gifreduxsample.ui.views.FeedView$$Lambda$5.view(Unknown Source)
11-25 23:31:07.085  2243  2243 E Feed    : 	at br.com.catbag.gifreduxsample.ui.views.GifsAdapter.view(GifsAdapter.java:55)
11-25 23:31:07.085  2243  2243 E Feed    : 	at trikita.anvil.RenderableRecyclerViewAdapter$1.view(RenderableRecyclerViewAdapter.java:24)
11-25 23:31:07.085  2243  2243 E Feed    : 	at trikita.anvil.Anvil$Mount.render(Anvil.java:204)
11-25 23:31:07.085  2243  2243 E Feed    : 	at trikita.anvil.Anvil.render(Anvil.java:173)
11-25 23:31:07.085  2243  2243 E Feed    : 	at trikita.anvil.RenderableRecyclerViewAdapter.onBindViewHolder(RenderableRecyclerViewAdapter.java:27)
11-25 23:31:07.085  2243  2243 E Feed    : 	at trikita.anvil.RenderableRecyclerViewAdapter.onBindViewHolder(RenderableRecyclerViewAdapter.java:7)
11-25 23:31:07.085  2243  2243 E Feed    : 	at android.support.v7.widget.RecyclerView$Adapter.onBindViewHolder(RecyclerView.java:5768)
11-25 23:31:07.085  2243  2243 E Feed    : 	at android.support.v7.widget.RecyclerView$Adapter.bindViewHolder(RecyclerView.java:5801)
11-25 23:31:07.085  2243  2243 E Feed    : 	at android.support.v7.widget.RecyclerView$Recycler.getViewForPosition(RecyclerView.java:5037)
11-25 23:31:07.085  2243  2243 E Feed    : 	at android.support.v7.widget.RecyclerView$Recycler.getViewForPosition(RecyclerView.java:4913)
11-25 23:31:07.085  2243  2243 E Feed    : 	at android.support.v7.widget.LinearLayoutManager$LayoutState.next(LinearLayoutManager.java:2029)
11-25 23:31:07.085  2243  2243 E Feed    : 	at android.support.v7.widget.LinearLayoutManager.layoutChunk(LinearLayoutManager.java:1414)
11-25 23:31:07.085  2243  2243 E Feed    : 	at android.support.v7.widget.LinearLayoutManager.fill(LinearLayoutManager.java:1377)
11-25 23:31:07.085  2243  2243 E Feed    : 	at android.support.v7.widget.LinearLayoutManager.onLayoutChildren(LinearLayoutManager.java:578)
11-25 23:31:07.085  2243  2243 E Feed    : 	at android.support.v7.widget.RecyclerView.dispatchLayoutStep2(RecyclerView.java:3260)
11-25 23:31:07.085  2243  2243 E Feed    : 	at android.support.v7.widget.RecyclerView.dispatchLayout(RecyclerView.java:3069)
11-25 23:31:07.085  2243  2243 E Feed    : 	at android.support.v7.widget.RecyclerView.onLayout(RecyclerView.java:3518)
11-25 23:31:07.085  2243  2243 E Feed    : 	at android.view.View.layout(View.java:17520)
11-25 23:31:07.085  2243  2243 E Feed    : 	at android.view.ViewGroup.layout(ViewGroup.java:5612)
11-25 23:31:07.085  2243  2243 E Feed    : 	at android.widget.FrameLayout.layoutChildren(FrameLayout.java:323)
11-25 23:31:07.085  2243  2243 E Feed    : 	at android.widget.FrameLayout.onLayout(FrameLayout.java:261)
11-25 23:31:07.085  2243  2243 E Feed    : 	at android.view.View.layout(View.java:17520)
11-25 23:31:07.085  2243  2243 E Feed    : 	at android.view.ViewGroup.layout(ViewGroup.java:5612)
11-25 23:31:07.085  2243  2243 E Feed    : 	at android.widget.RelativeLayout.onLayout(RelativeLayout.java:1079)
11-25 23:31:07.085  2243  2243 E Feed    : 	at android.view.View.layout(View.java:17520)
11-25 23:31:07.085  2243  2243 E Feed    : 	at android.view.ViewGroup.layout(ViewGroup.java:5612)
11-25 23:31:07.085  2243  2243 E Feed    : 	at android.widget.FrameLayout.layoutChildren(FrameLayout.java:323)
11-25 23:31:07.085  2243  2243 E Feed    : 	at android.widget.FrameLayout.onLayout(FrameLayout.java:261)
11-25 23:31:07.085  2243  2243 E Feed    : 	at android.view.View.layout(View.java:17520)
11-25 23:31:07.085  2243  2243 E Feed    : 	at android.view.ViewGroup.layout(ViewGroup.java:5612)
11-25 23:31:07.085  2243  2243 E Feed    : 	at android.support.v7.widget.ActionBarOverlayLayout.onLayout(ActionBarOverlayLayout.java:435)
11-25 23:31:07.085  2243  2243 E Feed    : 	at android.view.View.layout(View.java:17520)
11-25 23:31:07.085  2243  2243 E Feed    : 	at android.view.ViewGroup.layout(ViewGroup.java:5612)
11-25 23:31:07.085  2243  2243 E Feed    : 	at android.widget.FrameLayout.layoutChildren(FrameLayout.java:323)
11-25 23:31:07.085  2243  2243 E Feed    : 	at android.widget.FrameLayout.onLayout(FrameLayout.java:261)
11-25 23:31:07.085  2243  2243 E Feed    : 	at android.view.View.layout(View.java:17520)
11-25 23:31:07.085  2243  2243 E Feed    : 	at android.view.ViewGroup.layout(ViewGroup.java:5612)
11-25 23:31:07.085  2243  2243 E Feed    : 	at android.widget.LinearLayout.setChildFrame(LinearLayout.java:1741)
11-25 23:31:07.085  2243  2243 E Feed    : 	at android.widget.LinearLayout.layoutVertical(LinearLayout.java:1585)
11-25 23:31:07.085  2243  2243 E Feed    : 	at android.widget.LinearLayout.onLayout(LinearLayout.java:1494)
11-25 23:31:07.085  2243  2243 E Feed    : 	at android.view.View.layout(View.java:17520)
11-25 23:31:07.085  2243  2243 E Feed    : 	at android.view.ViewGroup.layout(ViewGroup.java:5612)
11-25 23:31:07.085  2243  2243 E Feed    : 	at android.widget.FrameLayout.layoutChildren(FrameLayout.java:323)
11-25 23:31:07.085  2243  2243 E Feed    : 	at android.widget.FrameLayout.onLayout(FrameLayout.java:261)
11-25 23:31:07.086  2243  2243 E Feed    : 	at com.android.internal.policy.DecorView.onLayout(DecorView.java:724)
11-25 23:31:07.086  2243  2243 E Feed    : 	at android.view.View.layout(View.java:17520)
11-25 23:31:07.086  2243  2243 E Feed    : 	at android.view.ViewGroup.layout(ViewGroup.java:5612)
11-25 23:31:07.086  2243  2243 E Feed    : 	at android.view.ViewRootImpl.performLayout(ViewRootImpl.java:2342)
11-25 23:31:07.086  2243  2243 E Feed    : 	at android.view.ViewRootImpl.performTraversals(ViewRootImpl.java:2069)
11-25 23:31:07.086  2243  2243 E Feed    : 	at android.view.ViewRootImpl.doTraversal(ViewRootImpl.java:1246)
11-25 23:31:07.086  2243  2243 E Feed    : 	at android.view.ViewRootImpl$TraversalRunnable.run(ViewRootImpl.java:6301)
11-25 23:31:07.086  2243  2243 E Feed    : 	at android.view.Choreographer$CallbackRecord.run(Choreographer.java:871)
11-25 23:31:07.086  2243  2243 E Feed    : 	at android.view.Choreographer.doCallbacks(Choreographer.java:683)
11-25 23:31:07.086  2243  2243 E Feed    : 	at android.view.Choreographer.doFrame(Choreographer.java:619)
11-25 23:31:07.086  2243  2243 E Feed    : 	at android.view.Choreographer$FrameDisplayEventReceiver.run(Choreographer.java:857)
11-25 23:31:07.086  2243  2243 E Feed    : 	at android.os.Handler.handleCallback(Handler.java:751)
11-25 23:31:07.086  2243  2243 E Feed    : 	at android.os.Handler.dispatchMessage(Handler.java:95)
11-25 23:31:07.086  2243  2243 E Feed    : 	at android.os.Looper.loop(Looper.java:154)
11-25 23:31:07.086  2243  2243 E Feed    : 	at android.app.ActivityThread.main(ActivityThread.java:6077)
11-25 23:31:07.086  2243  2243 E Feed    : 	at java.lang.reflect.Method.invoke(Native Method)
11-25 23:31:07.086  2243  2243 E Feed    : 	at com.android.internal.os.ZygoteInit$MethodAndArgsCaller.run(ZygoteInit.java:865)
11-25 23:31:07.086  2243  2243 E Feed    : 	at com.android.internal.os.ZygoteInit.main(ZygoteInit.java:755)
11-25 23:31:07.102  2243  2243 D LifecycleMonitor: Lifecycle status change: br.com.catbag.gifreduxsample.ui.GifListActivity@890cf03 in: STOPPED
11-25 23:31:07.102  2243  2243 D LifecycleMonitor: Lifecycle status change: br.com.catbag.gifreduxsample.ui.GifListActivity@890cf03 in: DESTROYED
11-25 23:31:07.105  1238  1631 I WindowManager: Destroying surface Surface(name=br.com.catbag.gifreduxsample/br.com.catbag.gifreduxsample.ui.GifListActivity) called by com.android.server.wm.WindowStateAnimator.destroySurface:2014 com.android.server.wm.WindowStateAnimator.destroySurfaceLocked:881 com.android.server.wm.WindowState.removeLocked:1449 com.android.server.wm.WindowManagerService.removeWindowInnerLocked:2478 com.android.server.wm.WindowManagerService.removeWindowLocked:2436 com.android.server.wm.WindowManagerService.removeWindowLocked:2305 com.android.server.wm.WindowManagerService.removeWindow:2300 com.android.server.wm.Session.remove:193 
11-25 23:31:07.155  2243  2243 D LifecycleMonitor: Lifecycle status change: br.com.catbag.gifreduxsample.ui.GifListActivity@fd50dd0 in: PAUSED
11-25 23:31:07.171  2243  2258 I TestRunner: finished: whenGifIsWatchedTest(br.com.catbag.gifreduxsample.ui.giflist.GifListActivityTest)
11-25 23:31:07.196   979   979 D gralloc : Registering a buffer in the process that created it. This may cause memory ordering problems.
11-25 23:31:07.196   979   979 E SurfaceFlinger: glCheckFramebufferStatusOES error 1319502399
11-25 23:31:07.196   979   979 E SurfaceFlinger: got GL_FRAMEBUFFER_COMPLETE_OES error while taking screenshot
11-25 23:31:07.201  1238  1249 W WindowManager: Screenshot failure taking screenshot for (480x800) to layer 22010
11-25 23:31:07.232  1238  1250 I ActivityManager: Activity reported stop, but no longer stopping: ActivityRecord{506f402 u0 com.android.launcher3/.Launcher t3}
11-25 23:31:07.244  2243  2243 I MonitoringInstrumentation: Activities that are still in CREATED to STOPPED: 1
11-25 23:31:07.245  2243  2258 I TestRunner: started: whenScrollUpAndPlayFirstItemTest(br.com.catbag.gifreduxsample.ui.giflist.GifListActivityTest)
11-25 23:31:07.246  2243  2243 I MonitoringInstrumentation: Activities that are still in CREATED to STOPPED: 1
11-25 23:31:07.260  2243  2259 I DroidFlux:Dispatcher: [STARTED] dispatch of action [FAKE_REDUCE_ACTION]
11-25 23:31:07.261  2243  2259 I DroidFlux:Dispatcher: [COMPLETED] dispatch of action [FAKE_REDUCE_ACTION]
11-25 23:31:07.283  2243  2295 D ActivityTestRule: Launching activity br.com.catbag.gifreduxsample.ui.GifListActivity
11-25 23:31:07.286  2243  2296 D MonitoringInstrumentation: execStartActivity(context, ibinder, ibinder, activity, intent, int, bundle
11-25 23:31:07.286  1238  1268 I ActivityManager: START u0 {flg=0x10000000 cmp=br.com.catbag.gifreduxsample/.ui.GifListActivity} from uid 10060 on display 0
11-25 23:31:07.369  1238  1679 D WindowManager: relayoutVisibleWindow: Window{d03cbf6 u0 com.android.launcher3/com.android.launcher3.Launcher EXITING} mAnimatingExit=true, mRemoveOnExit=false, mDestroying=true
11-25 23:31:07.385  1748  1748 I Choreographer: Skipped 38 frames!  The application may be doing too much work on its main thread.
11-25 23:31:07.496  2243  2243 D LifecycleMonitor: Lifecycle status change: br.com.catbag.gifreduxsample.ui.GifListActivity@c9fe35c in: PRE_ON_CREATE
11-25 23:31:07.508  2243  2243 D LifecycleMonitor: Lifecycle status change: br.com.catbag.gifreduxsample.ui.GifListActivity@c9fe35c in: CREATED
11-25 23:31:07.509  2243  2243 D LifecycleMonitor: Lifecycle status change: br.com.catbag.gifreduxsample.ui.GifListActivity@c9fe35c in: STARTED
11-25 23:31:07.510  2243  2259 I DroidFlux:Dispatcher: [STARTED] dispatch of action [APP_STATE_LOAD]
11-25 23:31:07.511  2243  2259 D DroidFlux:Dispatcher: An action of type [APP_STATE_LOAD] was dispatched, but no reducer handled it
11-25 23:31:07.511  2243  2259 I DroidFlux:Dispatcher: [COMPLETED] dispatch of action [APP_STATE_LOAD]
11-25 23:31:07.512  2243  2243 D LifecycleMonitor: Lifecycle status change: br.com.catbag.gifreduxsample.ui.GifListActivity@c9fe35c in: RESUMED
11-25 23:31:07.627  2243  2259 I DroidFlux:Dispatcher: [STARTED] dispatch of action [GIF_LIST_FETCHING]
11-25 23:31:07.638  2243  2259 D DroidFlux:Dispatcher: An action of type [GIF_LIST_FETCHING] was dispatched, but no reducer handled it
11-25 23:31:07.638  2243  2259 I DroidFlux:Dispatcher: [COMPLETED] dispatch of action [GIF_LIST_FETCHING]
11-25 23:31:07.649  1238  1259 I Choreographer: Skipped 51 frames!  The application may be doing too much work on its main thread.
11-25 23:31:07.650  1238  1259 I WindowManager: Destroying surface Surface(name=Starting br.com.catbag.gifreduxsample) called by com.android.server.wm.WindowStateAnimator.destroySurface:2014 com.android.server.wm.WindowStateAnimator.destroySurfaceLocked:881 com.android.server.wm.WindowState.removeLocked:1449 com.android.server.wm.WindowManagerService.removeWindowInnerLocked:2478 com.android.server.wm.AppWindowToken.destroySurfaces:365 com.android.server.wm.WindowStateAnimator.finishExit:565 com.android.server.wm.WindowStateAnimator.stepAnimationLocked:491 com.android.server.wm.WindowAnimator.updateWindowsLocked:303 
11-25 23:31:07.738  2243  2254 I art     : Background sticky concurrent mark sweep GC freed 30179(2MB) AllocSpace objects, 13(272KB) LOS objects, 14% free, 12MB/14MB, paused 25.562ms total 230.322ms
11-25 23:31:07.764  2243  2243 D LifecycleMonitor: Lifecycle status change: br.com.catbag.gifreduxsample.ui.GifListActivity@fd50dd0 in: STOPPED
11-25 23:31:07.764  2243  2243 D LifecycleMonitor: Lifecycle status change: br.com.catbag.gifreduxsample.ui.GifListActivity@fd50dd0 in: DESTROYED
11-25 23:31:07.766  1238  1250 I WindowManager: Destroying surface Surface(name=br.com.catbag.gifreduxsample/br.com.catbag.gifreduxsample.ui.GifListActivity) called by com.android.server.wm.WindowStateAnimator.destroySurface:2014 com.android.server.wm.WindowStateAnimator.destroySurfaceLocked:881 com.android.server.wm.WindowState.removeLocked:1449 com.android.server.wm.WindowManagerService.removeWindowInnerLocked:2478 com.android.server.wm.WindowManagerService.removeWindowLocked:2436 com.android.server.wm.WindowManagerService.removeWindowLocked:2305 com.android.server.wm.WindowManagerService.removeWindow:2300 com.android.server.wm.Session.remove:193 
11-25 23:31:07.788  1238  1248 I art     : Background sticky concurrent mark sweep GC freed 31025(2MB) AllocSpace objects, 13(260KB) LOS objects, 27% free, 7MB/10MB, paused 4.969ms total 406.089ms
11-25 23:31:07.806  1238  1783 I WindowManager: Destroying surface Surface(name=com.android.launcher3/com.android.launcher3.Launcher) called by com.android.server.wm.WindowStateAnimator.destroySurface:2014 com.android.server.wm.WindowStateAnimator.destroySurfaceLocked:881 com.android.server.wm.WindowState.destroyOrSaveSurface:2073 com.android.server.wm.AppWindowToken.destroySurfaces:363 com.android.server.wm.AppWindowToken.notifyAppStopped:389 com.android.server.wm.WindowManagerService.notifyAppStopped:4456 com.android.server.am.ActivityStack.activityStoppedLocked:1252 com.android.server.am.ActivityManagerService.activityStopped:6873 
11-25 23:31:07.824  2243  2243 W ResourceType: No package identifier when getting name for resource number 0x000000f7
11-25 23:31:07.824  2243  2243 I ViewInteraction: Performing 'scroll RecyclerView to position: 4' action on view with id: 247 (resource name not found)
11-25 23:31:07.841  1238  1259 I ActivityManager: Displayed br.com.catbag.gifreduxsample/.ui.GifListActivity: +381ms (total +959ms)
11-25 23:31:08.043  1238  1259 I WindowManager: Destroying surface Surface(name=Starting br.com.catbag.gifreduxsample) called by com.android.server.wm.WindowStateAnimator.destroySurface:2014 com.android.server.wm.WindowStateAnimator.destroySurfaceLocked:881 com.android.server.wm.WindowState.destroyOrSaveSurface:2073 com.android.server.wm.AppWindowToken.destroySurfaces:363 com.android.server.wm.WindowStateAnimator.finishExit:565 com.android.server.wm.WindowStateAnimator.stepAnimationLocked:491 com.android.server.wm.WindowAnimator.updateWindowsLocked:303 com.android.server.wm.WindowAnimator.animateLocked:704 
11-25 23:31:08.171  2243  2243 W ResourceType: No package identifier when getting name for resource number 0x000000f7
11-25 23:31:08.176  2243  2243 W ResourceType: No package identifier when getting name for resource number 0x000000f8
11-25 23:31:08.176  2243  2243 I ViewInteraction: Performing 'actionOnItemAtPosition performing ViewAction: single click on item at position: 0' action on view with id: 248 (resource name not found)
11-25 23:31:08.261  2243  2259 I DroidFlux:Dispatcher: [STARTED] dispatch of action [GIF_PLAY]
11-25 23:31:08.262  2243  2259 I DroidFlux:Dispatcher: [COMPLETED] dispatch of action [GIF_PLAY]
11-25 23:31:08.289   991  1028 D AudioFlinger: mixer(0xa7103080) throttle end: throttle time(22)
11-25 23:31:08.315   991  1028 D AudioFlinger: mixer(0xa7103080) throttle end: throttle time(11)
11-25 23:31:08.854  2243  2258 I TestRunner: finished: whenScrollUpAndPlayFirstItemTest(br.com.catbag.gifreduxsample.ui.giflist.GifListActivityTest)
11-25 23:31:08.900  2243  2243 D LifecycleMonitor: Lifecycle status change: br.com.catbag.gifreduxsample.ui.GifListActivity@c9fe35c in: PAUSED
11-25 23:31:08.946   979   979 D gralloc : Registering a buffer in the process that created it. This may cause memory ordering problems.
11-25 23:31:08.946   979   979 E libEGL  : called unimplemented OpenGL ES API
11-25 23:31:08.947   979   979 E SurfaceFlinger: glCheckFramebufferStatusOES error 1319502399
11-25 23:31:08.947   979   979 E SurfaceFlinger: got GL_FRAMEBUFFER_COMPLETE_OES error while taking screenshot
11-25 23:31:08.949  1238  1268 W WindowManager: Screenshot failure taking screenshot for (480x800) to layer 21005
11-25 23:31:08.955  2243  2243 I MonitoringInstrumentation: Activities that are still in CREATED to STOPPED: 1
11-25 23:31:08.958  2243  2258 I TestRunner: started: whenEndlessScrollTriggered(br.com.catbag.gifreduxsample.ui.giflist.GifListActivityTest)
11-25 23:31:08.966  2243  2243 I MonitoringInstrumentation: Activities that are still in CREATED to STOPPED: 1
11-25 23:31:08.989  2243  2259 I DroidFlux:Dispatcher: [STARTED] dispatch of action [FAKE_REDUCE_ACTION]
11-25 23:31:08.990  2243  2259 I DroidFlux:Dispatcher: [COMPLETED] dispatch of action [FAKE_REDUCE_ACTION]
11-25 23:31:09.011  2243  2297 D ActivityTestRule: Launching activity br.com.catbag.gifreduxsample.ui.GifListActivity
11-25 23:31:09.013  2243  2298 D MonitoringInstrumentation: execStartActivity(context, ibinder, ibinder, activity, intent, int, bundle
11-25 23:31:09.014  1238  1250 I ActivityManager: START u0 {flg=0x10000000 cmp=br.com.catbag.gifreduxsample/.ui.GifListActivity} from uid 10060 on display 0
11-25 23:31:09.084  1748  1761 W art     : Long monitor contention with owner Binder:1748_4 (2287) at boolean android.os.MessageQueue.enqueueMessage(android.os.Message, long)(MessageQueue.java:541) waiters=1 in boolean android.os.MessageQueue.enqueueMessage(android.os.Message, long) for 132ms
11-25 23:31:09.166  2243  2243 D LifecycleMonitor: Lifecycle status change: br.com.catbag.gifreduxsample.ui.GifListActivity@63fc750 in: PRE_ON_CREATE
11-25 23:31:09.208  2243  2243 D LifecycleMonitor: Lifecycle status change: br.com.catbag.gifreduxsample.ui.GifListActivity@63fc750 in: CREATED
11-25 23:31:09.214  2243  2259 I DroidFlux:Dispatcher: [STARTED] dispatch of action [APP_STATE_LOAD]
11-25 23:31:09.214  2243  2259 D DroidFlux:Dispatcher: An action of type [APP_STATE_LOAD] was dispatched, but no reducer handled it
11-25 23:31:09.214  2243  2259 I DroidFlux:Dispatcher: [COMPLETED] dispatch of action [APP_STATE_LOAD]
11-25 23:31:09.218  2243  2243 D LifecycleMonitor: Lifecycle status change: br.com.catbag.gifreduxsample.ui.GifListActivity@63fc750 in: STARTED
11-25 23:31:09.221  2243  2243 D LifecycleMonitor: Lifecycle status change: br.com.catbag.gifreduxsample.ui.GifListActivity@63fc750 in: RESUMED
11-25 23:31:09.748  1238  1250 W art     : Long monitor contention with owner android.display (1259) at void com.android.server.wm.WindowAnimator$1.doFrame(long)(WindowAnimator.java:138) waiters=1 in boolean com.android.server.wm.WindowManagerService.inputMethodClientHasFocus(com.android.internal.view.IInputMethodClient) for 186ms
11-25 23:31:09.749  1238  1631 I WindowManager: Destroying surface Surface(name=com.android.launcher3/com.android.launcher3.Launcher) called by com.android.server.wm.WindowStateAnimator.destroySurface:2014 com.android.server.wm.WindowStateAnimator.destroySurfaceLocked:881 com.android.server.wm.WindowState.destroyOrSaveSurface:2073 com.android.server.wm.WindowManagerService.tryStartExitingAnimation:3017 com.android.server.wm.WindowManagerService.relayoutWindow:2897 com.android.server.wm.Session.relayout:215 android.view.IWindowSession$Stub.onTransact:286 com.android.server.wm.Session.onTransact:136 
11-25 23:31:09.750  2243  2243 I Choreographer: Skipped 84 frames!  The application may be doing too much work on its main thread.
11-25 23:31:09.892  2243  2243 W ResourceType: No package identifier when getting name for resource number 0x000000fb
11-25 23:31:09.892  2243  2243 I ViewInteraction: Performing 'scroll RecyclerView to position: 9' action on view with id: 251 (resource name not found)
11-25 23:31:09.912  1238  1259 I Choreographer: Skipped 36 frames!  The application may be doing too much work on its main thread.
11-25 23:31:09.925  2243  2244 I art     : Do partial code cache collection, code=122KB, data=122KB
11-25 23:31:09.926  2243  2244 I art     : After code cache collection, code=121KB, data=121KB
11-25 23:31:09.926  2243  2244 I art     : Increasing code cache capacity to 512KB
11-25 23:31:09.964  1238  1259 I ActivityManager: Displayed br.com.catbag.gifreduxsample/.ui.GifListActivity: +854ms
11-25 23:31:10.014  2243  2254 I art     : WaitForGcToComplete blocked for 77.077ms for cause Background
11-25 23:31:10.016  2243  2259 I DroidFlux:Dispatcher: [STARTED] dispatch of action [GIF_LIST_FETCHING]
11-25 23:31:10.025  2243  2243 D LifecycleMonitor: Lifecycle status change: br.com.catbag.gifreduxsample.ui.GifListActivity@c9fe35c in: STOPPED
11-25 23:31:10.025  2243  2243 D LifecycleMonitor: Lifecycle status change: br.com.catbag.gifreduxsample.ui.GifListActivity@c9fe35c in: DESTROYED
11-25 23:31:10.061  1238  1485 I WindowManager: Destroying surface Surface(name=br.com.catbag.gifreduxsample/br.com.catbag.gifreduxsample.ui.GifListActivity) called by com.android.server.wm.WindowStateAnimator.destroySurface:2014 com.android.server.wm.WindowStateAnimator.destroySurfaceLocked:881 com.android.server.wm.WindowState.removeLocked:1449 com.android.server.wm.WindowManagerService.removeWindowInnerLocked:2478 com.android.server.wm.WindowManagerService.removeWindowLocked:2436 com.android.server.wm.WindowManagerService.removeWindowLocked:2305 com.android.server.wm.WindowManagerService.removeWindow:2300 com.android.server.wm.Session.remove:193 
11-25 23:31:10.112  2243  2259 D DroidFlux:Dispatcher: An action of type [GIF_LIST_FETCHING] was dispatched, but no reducer handled it
11-25 23:31:10.112  2243  2259 I DroidFlux:Dispatcher: [COMPLETED] dispatch of action [GIF_LIST_FETCHING]
11-25 23:31:10.114  2243  2259 I DroidFlux:Dispatcher: [STARTED] dispatch of action [GIF_LIST_UPDATED]
11-25 23:31:10.132  2243  2259 I DroidFlux:Dispatcher: [COMPLETED] dispatch of action [GIF_LIST_UPDATED]
11-25 23:31:10.190  1238  1259 I WindowManager: Destroying surface Surface(name=Starting br.com.catbag.gifreduxsample) called by com.android.server.wm.WindowStateAnimator.destroySurface:2014 com.android.server.wm.WindowStateAnimator.destroySurfaceLocked:881 com.android.server.wm.WindowState.destroyOrSaveSurface:2073 com.android.server.wm.AppWindowToken.destroySurfaces:363 com.android.server.wm.WindowStateAnimator.finishExit:565 com.android.server.wm.WindowStateAnimator.stepAnimationLocked:491 com.android.server.wm.WindowAnimator.updateWindowsLocked:303 com.android.server.wm.WindowAnimator.animateLocked:704 
11-25 23:31:10.223  2243  2254 I art     : Background partial concurrent mark sweep GC freed 14162(929KB) AllocSpace objects, 9(1152KB) LOS objects, 24% free, 12MB/16MB, paused 11.267ms total 192.385ms
11-25 23:31:10.284  2243  2243 W ResourceType: No package identifier when getting name for resource number 0x000000fb
11-25 23:31:10.318  2243  2258 I TestRunner: finished: whenEndlessScrollTriggered(br.com.catbag.gifreduxsample.ui.giflist.GifListActivityTest)
11-25 23:31:10.338  2243  2243 I MonitoringInstrumentation: Activities that are still in CREATED to STOPPED: 1
11-25 23:31:10.343  2243  2258 I TestRunner: started: whenGifIsDownloadedTest(br.com.catbag.gifreduxsample.ui.giflist.GifListActivityTest)
11-25 23:31:10.349  2243  2243 I MonitoringInstrumentation: Activities that are still in CREATED to STOPPED: 1
11-25 23:31:10.359  2243  2259 I DroidFlux:Dispatcher: [STARTED] dispatch of action [FAKE_REDUCE_ACTION]
11-25 23:31:10.360  2243  2259 I DroidFlux:Dispatcher: [COMPLETED] dispatch of action [FAKE_REDUCE_ACTION]
11-25 23:31:10.362  2243  2243 D LifecycleMonitor: Lifecycle status change: br.com.catbag.gifreduxsample.ui.GifListActivity@63fc750 in: PAUSED
11-25 23:31:10.379  2243  2300 D ActivityTestRule: Launching activity br.com.catbag.gifreduxsample.ui.GifListActivity
11-25 23:31:10.382  2243  2301 D MonitoringInstrumentation: execStartActivity(context, ibinder, ibinder, activity, intent, int, bundle
11-25 23:31:10.411   979   979 D gralloc : Registering a buffer in the process that created it. This may cause memory ordering problems.
11-25 23:31:10.411   979   979 E libEGL  : called unimplemented OpenGL ES API
11-25 23:31:10.411   979   979 E SurfaceFlinger: glCheckFramebufferStatusOES error 1319502399
11-25 23:31:10.412   979   979 E SurfaceFlinger: got GL_FRAMEBUFFER_COMPLETE_OES error while taking screenshot
11-25 23:31:10.419  1238  1679 W WindowManager: Screenshot failure taking screenshot for (480x800) to layer 21005
11-25 23:31:10.432  1238  1250 I ActivityManager: START u0 {flg=0x10000000 cmp=br.com.catbag.gifreduxsample/.ui.GifListActivity} from uid 10060 on display 0
11-25 23:31:10.591  2243  2243 D LifecycleMonitor: Lifecycle status change: br.com.catbag.gifreduxsample.ui.GifListActivity@1bac16c in: PRE_ON_CREATE
11-25 23:31:10.628  1748  1748 I Choreographer: Skipped 37 frames!  The application may be doing too much work on its main thread.
11-25 23:31:10.654  2243  2243 D LifecycleMonitor: Lifecycle status change: br.com.catbag.gifreduxsample.ui.GifListActivity@1bac16c in: CREATED
11-25 23:31:10.660  2243  2259 I DroidFlux:Dispatcher: [STARTED] dispatch of action [APP_STATE_LOAD]
11-25 23:31:10.660  2243  2259 D DroidFlux:Dispatcher: An action of type [APP_STATE_LOAD] was dispatched, but no reducer handled it
11-25 23:31:10.660  2243  2259 I DroidFlux:Dispatcher: [COMPLETED] dispatch of action [APP_STATE_LOAD]
11-25 23:31:10.661  2243  2243 D LifecycleMonitor: Lifecycle status change: br.com.catbag.gifreduxsample.ui.GifListActivity@1bac16c in: STARTED
11-25 23:31:10.662  2243  2243 D LifecycleMonitor: Lifecycle status change: br.com.catbag.gifreduxsample.ui.GifListActivity@1bac16c in: RESUMED
11-25 23:31:10.689  1238  1631 I WindowManager: Destroying surface Surface(name=com.android.launcher3/com.android.launcher3.Launcher) called by com.android.server.wm.WindowStateAnimator.destroySurface:2014 com.android.server.wm.WindowStateAnimator.destroySurfaceLocked:881 com.android.server.wm.WindowState.destroyOrSaveSurface:2073 com.android.server.wm.WindowManagerService.tryStartExitingAnimation:3017 com.android.server.wm.WindowManagerService.relayoutWindow:2897 com.android.server.wm.Session.relayout:215 android.view.IWindowSession$Stub.onTransact:286 com.android.server.wm.Session.onTransact:136 
11-25 23:31:10.815  1238  1259 W art     : Long monitor contention with owner Binder:1238_6 (1631) at int com.android.server.wm.WindowManagerService.relayoutWindow(com.android.server.wm.Session, android.view.IWindow, int, android.view.WindowManager$LayoutParams, int, int, int, int, android.graphics.Rect, android.graphics.Rect, android.graphics.Rect, android.graphics.Rect, android.graphics.Rect, android.graphics.Rect, android.graphics.Rect, android.content.res.Configuration, android.view.Surface)(WindowManagerService.java:2759) waiters=1 in void com.android.server.wm.WindowAnimator$1.doFrame(long) for 121ms
11-25 23:31:10.999  1238  1259 I Choreographer: Skipped 34 frames!  The application may be doing too much work on its main thread.
11-25 23:31:11.205  2243  2243 I Choreographer: Skipped 82 frames!  The application may be doing too much work on its main thread.
11-25 23:31:11.316  2243  2243 D LifecycleMonitor: Lifecycle status change: br.com.catbag.gifreduxsample.ui.GifListActivity@1bac16c in: PAUSED
11-25 23:31:11.319  2243  2258 I TestRunner: finished: whenGifIsDownloadedTest(br.com.catbag.gifreduxsample.ui.giflist.GifListActivityTest)
11-25 23:31:11.345  1238  1679 I WindowManager: Failed to capture screenshot of Token{d21e75b ActivityRecord{4fb766a u0 br.com.catbag.gifreduxsample/.ui.GifListActivity t13 f}} appWin=Window{593e6d3 u0 Starting br.com.catbag.gifreduxsample} drawState=4
11-25 23:31:11.364  2243  2243 I MonitoringInstrumentation: Activities that are still in CREATED to STOPPED: 2
11-25 23:31:11.368  2243  2258 I TestRunner: started: whenPlayGifTest(br.com.catbag.gifreduxsample.ui.giflist.GifListActivityTest)
11-25 23:31:11.379  2243  2243 I MonitoringInstrumentation: Activities that are still in CREATED to STOPPED: 2
11-25 23:31:11.388  2243  2259 I DroidFlux:Dispatcher: [STARTED] dispatch of action [FAKE_REDUCE_ACTION]
11-25 23:31:11.389  2243  2259 I DroidFlux:Dispatcher: [COMPLETED] dispatch of action [FAKE_REDUCE_ACTION]
11-25 23:31:11.408  2243  2302 D ActivityTestRule: Launching activity br.com.catbag.gifreduxsample.ui.GifListActivity
11-25 23:31:11.443  1238  1259 I WindowManager: Destroying surface Surface(name=Starting br.com.catbag.gifreduxsample) called by com.android.server.wm.WindowStateAnimator.destroySurface:2014 com.android.server.wm.WindowStateAnimator.destroySurfaceLocked:881 com.android.server.wm.WindowState.removeLocked:1449 com.android.server.wm.WindowManagerService.removeWindowInnerLocked:2478 com.android.server.wm.WindowManagerService.removeWindowLocked:2436 com.android.server.wm.WindowManagerService.removeWindowLocked:2305 com.android.server.wm.WindowManagerService.removeWindow:2300 com.android.server.wm.Session.remove:193 
11-25 23:31:11.480  2243  2303 D MonitoringInstrumentation: execStartActivity(context, ibinder, ibinder, activity, intent, int, bundle
11-25 23:31:11.480  1238  1783 I ActivityManager: START u0 {flg=0x10000000 cmp=br.com.catbag.gifreduxsample/.ui.GifListActivity} from uid 10060 on display 0
11-25 23:31:11.484  2243  2243 D LifecycleMonitor: Lifecycle status change: br.com.catbag.gifreduxsample.ui.GifListActivity@1bac16c in: STOPPED
11-25 23:31:11.484  2243  2243 D LifecycleMonitor: Lifecycle status change: br.com.catbag.gifreduxsample.ui.GifListActivity@1bac16c in: DESTROYED
11-25 23:31:11.505  1238  1631 I WindowManager: Destroying surface Surface(name=br.com.catbag.gifreduxsample/br.com.catbag.gifreduxsample.ui.GifListActivity) called by com.android.server.wm.WindowStateAnimator.destroySurface:2014 com.android.server.wm.WindowStateAnimator.destroySurfaceLocked:881 com.android.server.wm.WindowState.removeLocked:1449 com.android.server.wm.WindowManagerService.removeWindowInnerLocked:2478 com.android.server.wm.WindowManagerService.removeWindowLocked:2436 com.android.server.wm.WindowManagerService.removeWindowLocked:2305 com.android.server.wm.WindowManagerService.removeWindow:2300 com.android.server.wm.Session.remove:193 
11-25 23:31:11.561  2243  2243 D LifecycleMonitor: Lifecycle status change: br.com.catbag.gifreduxsample.ui.GifListActivity@63fc750 in: STOPPED
11-25 23:31:11.562  2243  2243 D LifecycleMonitor: Lifecycle status change: br.com.catbag.gifreduxsample.ui.GifListActivity@63fc750 in: DESTROYED
