11-23 14:11:27.079  2278  2278 E Feed    : 	at android.view.ViewGroup.layout(ViewGroup.java:5612)
11-23 14:11:27.079  2278  2278 E Feed    : 	at android.widget.FrameLayout.layoutChildren(FrameLayout.java:323)
11-23 14:11:27.079  2278  2278 E Feed    : 	at android.widget.FrameLayout.onLayout(FrameLayout.java:261)
11-23 14:11:27.079  2278  2278 E Feed    : 	at com.android.internal.policy.DecorView.onLayout(DecorView.java:724)
11-23 14:11:27.079  2278  2278 E Feed    : 	at android.view.View.layout(View.java:17520)
11-23 14:11:27.079  2278  2278 E Feed    : 	at android.view.ViewGroup.layout(ViewGroup.java:5612)
11-23 14:11:27.079  2278  2278 E Feed    : 	at android.view.ViewRootImpl.performLayout(ViewRootImpl.java:2342)
11-23 14:11:27.079  2278  2278 E Feed    : 	at android.view.ViewRootImpl.performTraversals(ViewRootImpl.java:2069)
11-23 14:11:27.079  2278  2278 E Feed    : 	at android.view.ViewRootImpl.doTraversal(ViewRootImpl.java:1246)
11-23 14:11:27.079  2278  2278 E Feed    : 	at android.view.ViewRootImpl$TraversalRunnable.run(ViewRootImpl.java:6301)
11-23 14:11:27.079  2278  2278 E Feed    : 	at android.view.Choreographer$CallbackRecord.run(Choreographer.java:871)
11-23 14:11:27.079  2278  2278 E Feed    : 	at android.view.Choreographer.doCallbacks(Choreographer.java:683)
11-23 14:11:27.079  2278  2278 E Feed    : 	at android.view.Choreographer.doFrame(Choreographer.java:619)
11-23 14:11:27.079  2278  2278 E Feed    : 	at android.view.Choreographer$FrameDisplayEventReceiver.run(Choreographer.java:857)
11-23 14:11:27.079  2278  2278 E Feed    : 	at android.os.Handler.handleCallback(Handler.java:751)
11-23 14:11:27.079  2278  2278 E Feed    : 	at android.os.Handler.dispatchMessage(Handler.java:95)
11-23 14:11:27.079  2278  2278 E Feed    : 	at android.os.Looper.loop(Looper.java:154)
11-23 14:11:27.079  2278  2278 E Feed    : 	at android.app.ActivityThread.main(ActivityThread.java:6077)
11-23 14:11:27.079  2278  2278 E Feed    : 	at java.lang.reflect.Method.invoke(Native Method)
11-23 14:11:27.079  2278  2278 E Feed    : 	at com.android.internal.os.ZygoteInit$MethodAndArgsCaller.run(ZygoteInit.java:865)
11-23 14:11:27.079  2278  2278 E Feed    : 	at com.android.internal.os.ZygoteInit.main(ZygoteInit.java:755)
11-23 14:11:27.255  1239  1260 I ActivityManager: Displayed br.com.catbag.gifreduxsample/.ui.GifListActivity: +679ms
11-23 14:11:27.309  2278  2294 I TestRunner: finished: whenGifIsWatchedTest(br.com.catbag.gifreduxsample.ui.giflist.GifListActivityTest)
11-23 14:11:27.331  2278  2278 D LifecycleMonitor: Lifecycle status change: br.com.catbag.gifreduxsample.ui.GifListActivity@2303ff9 in: PAUSED
11-23 14:11:27.732  1239  1260 I Choreographer: Skipped 112 frames!  The application may be doing too much work on its main thread.
11-23 14:11:28.068  1753  1753 I Choreographer: Skipped 129 frames!  The application may be doing too much work on its main thread.
11-23 14:11:28.088  1239  1437 W art     : Long monitor contention with owner android.display (1260) at void com.android.server.wm.WindowManagerService$H.handleMessage(android.os.Message)(WindowManagerService.java:8567) waiters=1 in android.content.res.Configuration com.android.server.wm.WindowManagerService.updateOrientationFromAppTokens(android.content.res.Configuration, android.os.IBinder) for 473ms
11-23 14:11:28.093  1239  1260 W art     : Long monitor contention with owner Binder:1239_9 (1768) at int com.android.server.wm.WindowManagerService.relayoutWindow(com.android.server.wm.Session, android.view.IWindow, int, android.view.WindowManager$LayoutParams, int, int, int, int, android.graphics.Rect, android.graphics.Rect, android.graphics.Rect, android.graphics.Rect, android.graphics.Rect, android.graphics.Rect, android.graphics.Rect, android.content.res.Configuration, android.view.Surface)(WindowManagerService.java:2759) waiters=1 in void com.android.server.wm.WindowAnimator$1.doFrame(long) for 360ms
11-23 14:11:28.103  1239  1667 W art     : Long monitor contention with owner Binder:1239_9 (1768) at int com.android.server.wm.WindowManagerService.relayoutWindow(com.android.server.wm.Session, android.view.IWindow, int, android.view.WindowManager$LayoutParams, int, int, int, int, android.graphics.Rect, android.graphics.Rect, android.graphics.Rect, android.graphics.Rect, android.graphics.Rect, android.graphics.Rect, android.graphics.Rect, android.content.res.Configuration, android.view.Surface)(WindowManagerService.java:2759) waiters=2 in void com.android.server.wm.WindowManagerService.statusBarVisibilityChanged(int) for 164ms
11-23 14:11:28.141   978   978 D gralloc : Registering a buffer in the process that created it. This may cause memory ordering problems.
11-23 14:11:28.141   978   978 E libEGL  : called unimplemented OpenGL ES API
11-23 14:11:28.142   978   978 E SurfaceFlinger: glCheckFramebufferStatusOES error 157766865
11-23 14:11:28.142   978   978 E SurfaceFlinger: got GL_FRAMEBUFFER_COMPLETE_OES error while taking screenshot
11-23 14:11:28.144  1239  1437 W WindowManager: Screenshot failure taking screenshot for (480x800) to layer 22015
11-23 14:11:28.258  1753  1753 I Choreographer: Skipped 36 frames!  The application may be doing too much work on its main thread.
11-23 14:11:28.446  1239  1253 W art     : Long monitor contention with owner Binder:1239_4 (1437) at void com.android.server.am.ActivityManagerService.activityPaused(android.os.IBinder)(ActivityManagerService.java:6849) waiters=0 in void com.android.server.am.ActivityStack$ActivityStackHandler.handleMessage(android.os.Message) for 393ms
11-23 14:11:28.463  2278  2278 I MonitoringInstrumentation: Activities that are still in CREATED to STOPPED: 2
11-23 14:11:28.475  2278  2294 I TestRunner: started: whenScrollUpAndPlayFirstItemTest(br.com.catbag.gifreduxsample.ui.giflist.GifListActivityTest)
11-23 14:11:28.522  1239  1260 W art     : Long monitor contention with owner Binder:1239_4 (1437) at void com.android.server.am.ActivityManagerService.activityPaused(android.os.IBinder)(ActivityManagerService.java:6849) waiters=1 in void com.android.server.am.ActivityManagerService.notifyActivityDrawn(android.os.IBinder) for 411ms
11-23 14:11:28.531  1239  1254 W art     : Long monitor contention with owner Binder:1239_4 (1437) at void com.android.server.am.ActivityManagerService.activityPaused(android.os.IBinder)(ActivityManagerService.java:6849) waiters=2 in void com.android.server.am.ActivityManagerService$UiHandler.handleMessage(android.os.Message) for 315ms
11-23 14:11:28.542  1239  1260 I Choreographer: Skipped 118 frames!  The application may be doing too much work on its main thread.
11-23 14:11:28.573  1753  1753 I Choreographer: Skipped 55 frames!  The application may be doing too much work on its main thread.
11-23 14:11:28.662  2278  2278 I MonitoringInstrumentation: Activities that are still in CREATED to STOPPED: 2
11-23 14:11:28.791  1239  1260 I Choreographer: Skipped 63 frames!  The application may be doing too much work on its main thread.
11-23 14:11:28.844  1753  1753 I Choreographer: Skipped 37 frames!  The application may be doing too much work on its main thread.
11-23 14:11:28.864  1239  1260 I WindowManager: Destroying surface Surface(name=Starting br.com.catbag.gifreduxsample) called by com.android.server.wm.WindowStateAnimator.destroySurface:2014 com.android.server.wm.WindowStateAnimator.destroySurfaceLocked:881 com.android.server.wm.WindowState.removeLocked:1449 com.android.server.wm.WindowManagerService.removeWindowInnerLocked:2478 com.android.server.wm.AppWindowToken.destroySurfaces:365 com.android.server.wm.WindowStateAnimator.finishExit:565 com.android.server.wm.WindowStateAnimator.stepAnimationLocked:491 com.android.server.wm.WindowAnimator.updateWindowsLocked:303 
11-23 14:11:29.092  2278  2295 I DroidFlux:Dispatcher: [STARTED] dispatch of action [FAKE_REDUCE_ACTION]
11-23 14:11:29.093  2278  2295 I DroidFlux:Dispatcher: [COMPLETED] dispatch of action [FAKE_REDUCE_ACTION]
11-23 14:11:29.283  2278  2348 D ActivityTestRule: Launching activity br.com.catbag.gifreduxsample.ui.GifListActivity
11-23 14:11:29.314  2278  2350 D MonitoringInstrumentation: execStartActivity(context, ibinder, ibinder, activity, intent, int, bundle
11-23 14:11:29.315  1239  1437 I ActivityManager: START u0 {flg=0x10000000 cmp=br.com.catbag.gifreduxsample/.ui.GifListActivity} from uid 10060 on display 0
11-23 14:11:29.534  1239  1325 W art     : Long monitor contention with owner Binder:1239_4 (1437) at int com.android.server.am.ActivityStarter.startActivityMayWait(android.app.IApplicationThread, int, java.lang.String, android.content.Intent, java.lang.String, android.service.voice.IVoiceInteractionSession, com.android.internal.app.IVoiceInteractor, android.os.IBinder, java.lang.String, int, int, android.app.ProfilerInfo, android.app.IActivityManager$WaitResult, android.content.res.Configuration, android.os.Bundle, boolean, int, android.app.IActivityContainer, com.android.server.am.TaskRecord)(ActivityStarter.java:725) waiters=0 in void com.android.server.am.TaskPersister$LazyTaskWriterThread.run() for 125ms
11-23 14:11:29.779  2278  2278 D LifecycleMonitor: Lifecycle status change: br.com.catbag.gifreduxsample.ui.GifListActivity@484df95 in: PRE_ON_CREATE
11-23 14:11:29.755  1239  1260 I Choreographer: Skipped 89 frames!  The application may be doing too much work on its main thread.
11-23 14:11:29.942  2278  2278 D LifecycleMonitor: Lifecycle status change: br.com.catbag.gifreduxsample.ui.GifListActivity@484df95 in: CREATED
11-23 14:11:29.943  2278  2295 I DroidFlux:Dispatcher: [STARTED] dispatch of action [APP_STATE_LOAD]
11-23 14:11:29.943  2278  2295 D DroidFlux:Dispatcher: An action of type [APP_STATE_LOAD] was dispatched, but no reducer handled it
11-23 14:11:29.943  2278  2295 I DroidFlux:Dispatcher: [COMPLETED] dispatch of action [APP_STATE_LOAD]
11-23 14:11:29.944  2278  2278 D LifecycleMonitor: Lifecycle status change: br.com.catbag.gifreduxsample.ui.GifListActivity@484df95 in: STARTED
11-23 14:11:29.949  2278  2278 D LifecycleMonitor: Lifecycle status change: br.com.catbag.gifreduxsample.ui.GifListActivity@484df95 in: RESUMED
11-23 14:11:29.971  2278  2278 D LifecycleMonitor: Lifecycle status change: br.com.catbag.gifreduxsample.ui.GifListActivity@2303ff9 in: STOPPED
11-23 14:11:29.971  2278  2278 D LifecycleMonitor: Lifecycle status change: br.com.catbag.gifreduxsample.ui.GifListActivity@2303ff9 in: DESTROYED
11-23 14:11:29.974  1239  1472 I WindowManager: Destroying surface Surface(name=br.com.catbag.gifreduxsample/br.com.catbag.gifreduxsample.ui.GifListActivity) called by com.android.server.wm.WindowStateAnimator.destroySurface:2014 com.android.server.wm.WindowStateAnimator.destroySurfaceLocked:881 com.android.server.wm.WindowState.removeLocked:1449 com.android.server.wm.WindowManagerService.removeWindowInnerLocked:2478 com.android.server.wm.WindowManagerService.removeWindowLocked:2436 com.android.server.wm.WindowManagerService.removeWindowLocked:2305 com.android.server.wm.WindowManagerService.removeWindow:2300 com.android.server.wm.Session.remove:193 
11-23 14:11:29.978  2278  2278 D LifecycleMonitor: Lifecycle status change: br.com.catbag.gifreduxsample.ui.GifListActivity@32f275d in: STOPPED
11-23 14:11:29.979  2278  2278 D LifecycleMonitor: Lifecycle status change: br.com.catbag.gifreduxsample.ui.GifListActivity@32f275d in: DESTROYED
11-23 14:11:29.982  1239  1723 I WindowManager: Destroying surface Surface(name=br.com.catbag.gifreduxsample/br.com.catbag.gifreduxsample.ui.GifListActivity) called by com.android.server.wm.WindowStateAnimator.destroySurface:2014 com.android.server.wm.WindowStateAnimator.destroySurfaceLocked:881 com.android.server.wm.WindowState.removeLocked:1449 com.android.server.wm.WindowManagerService.removeWindowInnerLocked:2478 com.android.server.wm.WindowManagerService.removeWindowLocked:2436 com.android.server.wm.WindowManagerService.removeWindowLocked:2305 com.android.server.wm.WindowManagerService.removeWindow:2300 com.android.server.wm.Session.remove:193 
11-23 14:11:30.186  2278  2278 W ResourceType: No package identifier when getting name for resource number 0x000000e9
11-23 14:11:30.230  1239  1260 I ActivityManager: Displayed br.com.catbag.gifreduxsample/.ui.GifListActivity: +678ms
11-23 14:11:30.237  2278  2278 I ViewInteraction: Performing 'scroll RecyclerView to position: 4' action on view with id: 233 (resource name not found)
11-23 14:11:30.540  1239  1260 I WindowManager: Destroying surface Surface(name=Starting br.com.catbag.gifreduxsample) called by com.android.server.wm.WindowStateAnimator.destroySurface:2014 com.android.server.wm.WindowStateAnimator.destroySurfaceLocked:881 com.android.server.wm.WindowState.destroyOrSaveSurface:2073 com.android.server.wm.AppWindowToken.destroySurfaces:363 com.android.server.wm.WindowStateAnimator.finishExit:565 com.android.server.wm.WindowStateAnimator.stepAnimationLocked:491 com.android.server.wm.WindowAnimator.updateWindowsLocked:303 com.android.server.wm.WindowAnimator.animateLocked:704 
11-23 14:11:30.566  2278  2289 I art     : Background partial concurrent mark sweep GC freed 36679(1667KB) AllocSpace objects, 10(1884KB) LOS objects, 29% free, 9MB/13MB, paused 42.135ms total 452.896ms
11-23 14:11:30.594  2278  2278 W ResourceType: No package identifier when getting name for resource number 0x000000e9
11-23 14:11:30.626  2278  2278 W ResourceType: No package identifier when getting name for resource number 0x000000ea
11-23 14:11:30.626  2278  2278 I ViewInteraction: Performing 'actionOnItemAtPosition performing ViewAction: single click on item at position: 0' action on view with id: 234 (resource name not found)
11-23 14:11:30.724  2278  2295 I DroidFlux:Dispatcher: [STARTED] dispatch of action [GIF_PLAY]
11-23 14:11:30.725  2278  2295 I DroidFlux:Dispatcher: [COMPLETED] dispatch of action [GIF_PLAY]
11-23 14:11:30.767   988  1028 D AudioFlinger: mixer(0xb21839c0) throttle end: throttle time(11)
11-23 14:11:30.789   988  1028 D AudioFlinger: mixer(0xb21839c0) throttle end: throttle time(10)
11-23 14:11:30.872  1753  1753 I Choreographer: Skipped 95 frames!  The application may be doing too much work on its main thread.
11-23 14:11:30.875  1239  1488 I WindowManager: Destroying surface Surface(name=com.android.launcher3/com.android.launcher3.Launcher) called by com.android.server.wm.WindowStateAnimator.destroySurface:2014 com.android.server.wm.WindowStateAnimator.destroySurfaceLocked:881 com.android.server.wm.WindowState.destroyOrSaveSurface:2073 com.android.server.wm.WindowManagerService.tryStartExitingAnimation:3017 com.android.server.wm.WindowManagerService.relayoutWindow:2897 com.android.server.wm.Session.relayout:215 android.view.IWindowSession$Stub.onTransact:286 com.android.server.wm.Session.onTransact:136 
11-23 14:11:31.522  2278  2294 I TestRunner: finished: whenScrollUpAndPlayFirstItemTest(br.com.catbag.gifreduxsample.ui.giflist.GifListActivityTest)
11-23 14:11:31.561  2278  2278 D LifecycleMonitor: Lifecycle status change: br.com.catbag.gifreduxsample.ui.GifListActivity@484df95 in: PAUSED
11-23 14:11:31.624   978   978 D gralloc : Registering a buffer in the process that created it. This may cause memory ordering problems.
11-23 14:11:31.625   978   978 E libEGL  : called unimplemented OpenGL ES API
11-23 14:11:31.626   978   978 E SurfaceFlinger: glCheckFramebufferStatusOES error 157766865
11-23 14:11:31.626   978   978 E SurfaceFlinger: got GL_FRAMEBUFFER_COMPLETE_OES error while taking screenshot
11-23 14:11:31.630  1239  1791 W WindowManager: Screenshot failure taking screenshot for (480x800) to layer 21005
11-23 14:11:31.641  2278  2278 I MonitoringInstrumentation: Activities that are still in CREATED to STOPPED: 1
11-23 14:11:31.650  2278  2294 I TestRunner: started: whenGifIsDownloadedTest(br.com.catbag.gifreduxsample.ui.giflist.GifListActivityTest)
11-23 14:11:31.694  2278  2278 I MonitoringInstrumentation: Activities that are still in CREATED to STOPPED: 1
11-23 14:11:31.867  2278  2295 I DroidFlux:Dispatcher: [STARTED] dispatch of action [FAKE_REDUCE_ACTION]
11-23 14:11:31.869  2278  2295 I DroidFlux:Dispatcher: [COMPLETED] dispatch of action [FAKE_REDUCE_ACTION]
11-23 14:11:31.879  2278  2352 D ActivityTestRule: Launching activity br.com.catbag.gifreduxsample.ui.GifListActivity
11-23 14:11:31.933  1239  1260 I Choreographer: Skipped 31 frames!  The application may be doing too much work on its main thread.
11-23 14:11:31.941  1753  1753 I Choreographer: Skipped 43 frames!  The application may be doing too much work on its main thread.
11-23 14:11:31.957  2278  2354 D MonitoringInstrumentation: execStartActivity(context, ibinder, ibinder, activity, intent, int, bundle
11-23 14:11:31.958  1239  1768 I ActivityManager: START u0 {flg=0x10000000 cmp=br.com.catbag.gifreduxsample/.ui.GifListActivity} from uid 10060 on display 0
11-23 14:11:32.409  1239  1325 W art     : Long monitor contention with owner Binder:1239_B (1791) at void com.android.server.am.ActivityManagerService.activityPaused(android.os.IBinder)(ActivityManagerService.java:6849) waiters=0 in void com.android.server.am.TaskPersister$LazyTaskWriterThread.run() for 231ms
11-23 14:11:32.411  1753  1753 I Choreographer: Skipped 96 frames!  The application may be doing too much work on its main thread.
11-23 14:11:32.450  2278  2278 D LifecycleMonitor: Lifecycle status change: br.com.catbag.gifreduxsample.ui.GifListActivity@b799b79 in: PRE_ON_CREATE
11-23 14:11:32.500  1239  1249 I art     : Background sticky concurrent mark sweep GC freed 30667(2MB) AllocSpace objects, 14(280KB) LOS objects, 28% free, 7MB/10MB, paused 4.835ms total 224.517ms
11-23 14:11:32.525  2278  2278 D LifecycleMonitor: Lifecycle status change: br.com.catbag.gifreduxsample.ui.GifListActivity@b799b79 in: CREATED
11-23 14:11:32.554  2278  2295 I DroidFlux:Dispatcher: [STARTED] dispatch of action [APP_STATE_LOAD]
11-23 14:11:32.555  2278  2295 D DroidFlux:Dispatcher: An action of type [APP_STATE_LOAD] was dispatched, but no reducer handled it
11-23 14:11:32.555  2278  2295 I DroidFlux:Dispatcher: [COMPLETED] dispatch of action [APP_STATE_LOAD]
11-23 14:11:32.555  2278  2278 D LifecycleMonitor: Lifecycle status change: br.com.catbag.gifreduxsample.ui.GifListActivity@b799b79 in: STARTED
11-23 14:11:32.598  2278  2278 D LifecycleMonitor: Lifecycle status change: br.com.catbag.gifreduxsample.ui.GifListActivity@b799b79 in: RESUMED
11-23 14:11:32.907  2278  2278 D LifecycleMonitor: Lifecycle status change: br.com.catbag.gifreduxsample.ui.GifListActivity@b799b79 in: PAUSED
11-23 14:11:32.909  2278  2294 I TestRunner: finished: whenGifIsDownloadedTest(br.com.catbag.gifreduxsample.ui.giflist.GifListActivityTest)
11-23 14:11:32.965   978   978 D gralloc : Registering a buffer in the process that created it. This may cause memory ordering problems.
11-23 14:11:32.966   978   978 E libEGL  : called unimplemented OpenGL ES API
11-23 14:11:32.968   978   978 E SurfaceFlinger: glCheckFramebufferStatusOES error 157766865
11-23 14:11:32.968   978   978 E SurfaceFlinger: got GL_FRAMEBUFFER_COMPLETE_OES error while taking screenshot
11-23 14:11:32.970  1239  1351 W WindowManager: Screenshot failure taking screenshot for (480x800) to layer 22015
11-23 14:11:33.051  2278  2278 I MonitoringInstrumentation: Activities that are still in CREATED to STOPPED: 2
11-23 14:11:33.053  2278  2294 I TestRunner: started: whenPlayGifTest(br.com.catbag.gifreduxsample.ui.giflist.GifListActivityTest)
11-23 14:11:33.075  2278  2278 I MonitoringInstrumentation: Activities that are still in CREATED to STOPPED: 2
11-23 14:11:33.156  1239  1260 I WindowManager: Destroying surface Surface(name=Starting br.com.catbag.gifreduxsample) called by com.android.server.wm.WindowStateAnimator.destroySurface:2014 com.android.server.wm.WindowStateAnimator.destroySurfaceLocked:881 com.android.server.wm.WindowState.removeLocked:1449 com.android.server.wm.WindowManagerService.removeWindowInnerLocked:2478 com.android.server.wm.AppWindowToken.destroySurfaces:365 com.android.server.wm.WindowStateAnimator.finishExit:565 com.android.server.wm.WindowStateAnimator.stepAnimationLocked:491 com.android.server.wm.WindowAnimator.updateWindowsLocked:303 
11-23 14:11:33.198  2278  2295 I DroidFlux:Dispatcher: [STARTED] dispatch of action [FAKE_REDUCE_ACTION]
11-23 14:11:33.199  2278  2295 I DroidFlux:Dispatcher: [COMPLETED] dispatch of action [FAKE_REDUCE_ACTION]
11-23 14:11:33.216  1753  1753 I Choreographer: Skipped 70 frames!  The application may be doing too much work on its main thread.
11-23 14:11:33.246  2278  2355 D ActivityTestRule: Launching activity br.com.catbag.gifreduxsample.ui.GifListActivity
11-23 14:11:33.268  2278  2357 D MonitoringInstrumentation: execStartActivity(context, ibinder, ibinder, activity, intent, int, bundle
11-23 14:11:33.269  1239  1250 I ActivityManager: START u0 {flg=0x10000000 cmp=br.com.catbag.gifreduxsample/.ui.GifListActivity} from uid 10060 on display 0
11-23 14:11:33.591  1753  1753 I Choreographer: Skipped 68 frames!  The application may be doing too much work on its main thread.
11-23 14:11:33.618  2278  2278 D LifecycleMonitor: Lifecycle status change: br.com.catbag.gifreduxsample.ui.GifListActivity@b1514cc in: PRE_ON_CREATE
11-23 14:11:33.655  1239  1260 I Choreographer: Skipped 74 frames!  The application may be doing too much work on its main thread.
11-23 14:11:33.658  2278  2278 D LifecycleMonitor: Lifecycle status change: br.com.catbag.gifreduxsample.ui.GifListActivity@b1514cc in: CREATED
11-23 14:11:33.659  2278  2295 I DroidFlux:Dispatcher: [STARTED] dispatch of action [APP_STATE_LOAD]
11-23 14:11:33.659  2278  2295 D DroidFlux:Dispatcher: An action of type [APP_STATE_LOAD] was dispatched, but no reducer handled it
11-23 14:11:33.660  2278  2295 I DroidFlux:Dispatcher: [COMPLETED] dispatch of action [APP_STATE_LOAD]
11-23 14:11:33.661  2278  2278 D LifecycleMonitor: Lifecycle status change: br.com.catbag.gifreduxsample.ui.GifListActivity@b1514cc in: STARTED
11-23 14:11:33.662  2278  2278 D LifecycleMonitor: Lifecycle status change: br.com.catbag.gifreduxsample.ui.GifListActivity@b1514cc in: RESUMED
11-23 14:11:33.906  2278  2278 I ViewInteraction: Performing 'single click' action on view with id: br.com.catbag.gifreduxsample:id/gif_image
11-23 14:11:33.935  1239  1260 I ActivityManager: Displayed br.com.catbag.gifreduxsample/.ui.GifListActivity: +534ms (total +1s556ms)
11-23 14:11:33.998  2278  2295 I DroidFlux:Dispatcher: [STARTED] dispatch of action [GIF_PLAY]
11-23 14:11:33.999  2278  2295 I DroidFlux:Dispatcher: [COMPLETED] dispatch of action [GIF_PLAY]
11-23 14:11:34.108   988  1028 D AudioFlinger: mixer(0xb21839c0) throttle end: throttle time(11)
11-23 14:11:34.139   988  1028 D AudioFlinger: mixer(0xb21839c0) throttle end: throttle time(11)
11-23 14:11:34.180  1239  1260 I WindowManager: Destroying surface Surface(name=Starting br.com.catbag.gifreduxsample) called by com.android.server.wm.WindowStateAnimator.destroySurface:2014 com.android.server.wm.WindowStateAnimator.destroySurfaceLocked:881 com.android.server.wm.WindowState.destroyOrSaveSurface:2073 com.android.server.wm.AppWindowToken.destroySurfaces:363 com.android.server.wm.WindowStateAnimator.finishExit:565 com.android.server.wm.WindowStateAnimator.stepAnimationLocked:491 com.android.server.wm.WindowAnimator.updateWindowsLocked:303 com.android.server.wm.WindowAnimator.animateLocked:704 
11-23 14:11:34.625  2278  2278 D LifecycleMonitor: Lifecycle status change: br.com.catbag.gifreduxsample.ui.GifListActivity@b799b79 in: STOPPED
11-23 14:11:34.625  2278  2278 D LifecycleMonitor: Lifecycle status change: br.com.catbag.gifreduxsample.ui.GifListActivity@b799b79 in: DESTROYED
11-23 14:11:34.638  1239  1351 I WindowManager: Destroying surface Surface(name=com.android.launcher3/com.android.launcher3.Launcher) called by com.android.server.wm.WindowStateAnimator.destroySurface:2014 com.android.server.wm.WindowStateAnimator.destroySurfaceLocked:881 com.android.server.wm.WindowState.destroyOrSaveSurface:2073 com.android.server.wm.AppWindowToken.destroySurfaces:363 com.android.server.wm.AppWindowToken.notifyAppStopped:389 com.android.server.wm.WindowManagerService.notifyAppStopped:4456 com.android.server.am.ActivityStack.activityStoppedLocked:1252 com.android.server.am.ActivityManagerService.activityStopped:6873 
11-23 14:11:34.679  1239  1325 E TaskPersister: File error accessing recents directory (directory doesn't exist?).
11-23 14:11:34.681  1239  1251 I WindowManager: Destroying surface Surface(name=br.com.catbag.gifreduxsample/br.com.catbag.gifreduxsample.ui.GifListActivity) called by com.android.server.wm.WindowStateAnimator.destroySurface:2014 com.android.server.wm.WindowStateAnimator.destroySurfaceLocked:881 com.android.server.wm.WindowState.removeLocked:1449 com.android.server.wm.WindowManagerService.removeWindowInnerLocked:2478 com.android.server.wm.WindowManagerService.removeWindowLocked:2436 com.android.server.wm.WindowManagerService.removeWindowLocked:2305 com.android.server.wm.WindowManagerService.removeWindow:2300 com.android.server.wm.Session.remove:193 
11-23 14:11:34.703  2278  2278 D LifecycleMonitor: Lifecycle status change: br.com.catbag.gifreduxsample.ui.GifListActivity@484df95 in: STOPPED
11-23 14:11:34.704  2278  2278 D LifecycleMonitor: Lifecycle status change: br.com.catbag.gifreduxsample.ui.GifListActivity@484df95 in: DESTROYED
11-23 14:11:34.708  1239  1488 I WindowManager: Destroying surface Surface(name=br.com.catbag.gifreduxsample/br.com.catbag.gifreduxsample.ui.GifListActivity) called by com.android.server.wm.WindowStateAnimator.destroySurface:2014 com.android.server.wm.WindowStateAnimator.destroySurfaceLocked:881 com.android.server.wm.WindowState.removeLocked:1449 com.android.server.wm.WindowManagerService.removeWindowInnerLocked:2478 com.android.server.wm.WindowManagerService.removeWindowLocked:2436 com.android.server.wm.WindowManagerService.removeWindowLocked:2305 com.android.server.wm.WindowManagerService.removeWindow:2300 com.android.server.wm.Session.remove:193 
11-23 14:11:34.776  1326  1342 W art     : Long monitor contention with owner main (1326) at android.os.Message android.os.MessageQueue.next()(MessageQueue.java:325) waiters=0 in boolean android.os.MessageQueue.enqueueMessage(android.os.Message, long) for 1.397s
11-23 14:11:34.871  2278  2294 I TestRunner: finished: whenPlayGifTest(br.com.catbag.gifreduxsample.ui.giflist.GifListActivityTest)
11-23 14:11:34.925  2278  2278 D LifecycleMonitor: Lifecycle status change: br.com.catbag.gifreduxsample.ui.GifListActivity@b1514cc in: PAUSED
11-23 14:11:35.003   978   978 D gralloc : Registering a buffer in the process that created it. This may cause memory ordering problems.
11-23 14:11:35.004   978   978 E libEGL  : called unimplemented OpenGL ES API
11-23 14:11:35.005   978   978 E SurfaceFlinger: glCheckFramebufferStatusOES error 157766865
11-23 14:11:35.005   978   978 E SurfaceFlinger: got GL_FRAMEBUFFER_COMPLETE_OES error while taking screenshot
11-23 14:11:35.006  1239  1437 W WindowManager: Screenshot failure taking screenshot for (480x800) to layer 21005
11-23 14:11:35.076  1239  1253 W art     : Long monitor contention with owner Binder:1239_4 (1437) at void com.android.server.am.ActivityManagerService.activityPaused(android.os.IBinder)(ActivityManagerService.java:6849) waiters=0 in void com.android.server.am.ActivityStackSupervisor$ActivityStackSupervisorHandler.activityIdleInternal(com.android.server.am.ActivityRecord) for 146ms
11-23 14:11:35.081  1239  1254 W art     : Long monitor contention with owner Binder:1239_4 (1437) at void com.android.server.am.ActivityManagerService.activityPaused(android.os.IBinder)(ActivityManagerService.java:6849) waiters=1 in void com.android.server.am.ActivityManagerService.dispatchProcessesChanged() for 139ms
11-23 14:11:35.092  2278  2278 I MonitoringInstrumentation: Activities that are still in CREATED to STOPPED: 1
11-23 14:11:35.092  2278  2278 I Choreographer: Skipped 34 frames!  The application may be doing too much work on its main thread.
11-23 14:11:35.093  2278  2294 I TestRunner: started: whenGifDownloadFailTest(br.com.catbag.gifreduxsample.ui.giflist.GifListActivityTest)
11-23 14:11:35.133  2278  2278 I MonitoringInstrumentation: Activities that are still in CREATED to STOPPED: 1
11-23 14:11:35.138  2278  2295 I DroidFlux:Dispatcher: [STARTED] dispatch of action [FAKE_REDUCE_ACTION]
11-23 14:11:35.139  2278  2295 I DroidFlux:Dispatcher: [COMPLETED] dispatch of action [FAKE_REDUCE_ACTION]
11-23 14:11:35.278  2278  2360 D ActivityTestRule: Launching activity br.com.catbag.gifreduxsample.ui.GifListActivity
11-23 14:11:35.280  2278  2362 D MonitoringInstrumentation: execStartActivity(context, ibinder, ibinder, activity, intent, int, bundle
11-23 14:11:35.281  1239  1250 I ActivityManager: START u0 {flg=0x10000000 cmp=br.com.catbag.gifreduxsample/.ui.GifListActivity} from uid 10060 on display 0
11-23 14:11:35.405  2278  2278 D LifecycleMonitor: Lifecycle status change: br.com.catbag.gifreduxsample.ui.GifListActivity@7a731c4 in: PRE_ON_CREATE
11-23 14:11:35.409  1239  1260 I Choreographer: Skipped 41 frames!  The application may be doing too much work on its main thread.
11-23 14:11:35.436  2278  2278 D LifecycleMonitor: Lifecycle status change: br.com.catbag.gifreduxsample.ui.GifListActivity@7a731c4 in: CREATED
11-23 14:11:35.454  2278  2278 D LifecycleMonitor: Lifecycle status change: br.com.catbag.gifreduxsample.ui.GifListActivity@7a731c4 in: STARTED
11-23 14:11:35.461  2278  2295 I DroidFlux:Dispatcher: [STARTED] dispatch of action [APP_STATE_LOAD]
11-23 14:11:35.461  2278  2295 D DroidFlux:Dispatcher: An action of type [APP_STATE_LOAD] was dispatched, but no reducer handled it
11-23 14:11:35.461  2278  2295 I DroidFlux:Dispatcher: [COMPLETED] dispatch of action [APP_STATE_LOAD]
11-23 14:11:35.480  2278  2278 D LifecycleMonitor: Lifecycle status change: br.com.catbag.gifreduxsample.ui.GifListActivity@7a731c4 in: RESUMED
11-23 14:11:35.770  1239  1260 I Choreographer: Skipped 30 frames!  The application may be doing too much work on its main thread.
11-23 14:11:35.808  2278  2294 I TestRunner: finished: whenGifDownloadFailTest(br.com.catbag.gifreduxsample.ui.giflist.GifListActivityTest)
11-23 14:11:35.835  2278  2278 D LifecycleMonitor: Lifecycle status change: br.com.catbag.gifreduxsample.ui.GifListActivity@7a731c4 in: PAUSED
11-23 14:11:35.861  1239  1768 D WindowManager: relayoutVisibleWindow: Window{a7e96ba u0 com.android.launcher3/com.android.launcher3.Launcher EXITING} mAnimatingExit=true, mRemoveOnExit=false, mDestroying=false
11-23 14:11:35.932   978   978 D gralloc : Registering a buffer in the process that created it. This may cause memory ordering problems.
11-23 14:11:35.932   978   978 E SurfaceFlinger: glCheckFramebufferStatusOES error 157766865
11-23 14:11:35.932   978   978 E SurfaceFlinger: got GL_FRAMEBUFFER_COMPLETE_OES error while taking screenshot
11-23 14:11:35.934  1239  1250 W WindowManager: Screenshot failure taking screenshot for (480x800) to layer 22015
11-23 14:11:35.975  1753  1753 W IInputConnectionWrapper: reportFullscreenMode on inexistent InputConnection
11-23 14:11:35.992  1239  1260 I Choreographer: Skipped 48 frames!  The application may be doing too much work on its main thread.
11-23 14:11:36.023  2278  2278 I MonitoringInstrumentation: Activities that are still in CREATED to STOPPED: 2
11-23 14:11:36.024  2278  2278 I Choreographer: Skipped 51 frames!  The application may be doing too much work on its main thread.
11-23 14:11:36.026  2278  2294 I TestRunner: started: whenPauseGifTest(br.com.catbag.gifreduxsample.ui.giflist.GifListActivityTest)
11-23 14:11:36.110  2278  2278 I MonitoringInstrumentation: Activities that are still in CREATED to STOPPED: 2
11-23 14:11:36.174  2278  2278 W IInputConnectionWrapper: reportFullscreenMode on inexistent InputConnection
11-23 14:11:36.206  2278  2278 W IInputConnectionWrapper: reportFullscreenMode on inexistent InputConnection
11-23 14:11:36.234  2278  2295 I DroidFlux:Dispatcher: [STARTED] dispatch of action [FAKE_REDUCE_ACTION]
11-23 14:11:36.238  2278  2295 I DroidFlux:Dispatcher: [COMPLETED] dispatch of action [FAKE_REDUCE_ACTION]
11-23 14:11:36.289  2278  2363 D ActivityTestRule: Launching activity br.com.catbag.gifreduxsample.ui.GifListActivity
11-23 14:11:36.345  2278  2365 D MonitoringInstrumentation: execStartActivity(context, ibinder, ibinder, activity, intent, int, bundle
11-23 14:11:36.346  1239  1723 I ActivityManager: START u0 {flg=0x10000000 cmp=br.com.catbag.gifreduxsample/.ui.GifListActivity} from uid 10060 on display 0
11-23 14:11:36.454  2278  2278 D LifecycleMonitor: Lifecycle status change: br.com.catbag.gifreduxsample.ui.GifListActivity@c087b53 in: PRE_ON_CREATE
11-23 14:11:36.460  1239  1260 I Choreographer: Skipped 50 frames!  The application may be doing too much work on its main thread.
11-23 14:11:36.515  1239  1260 I WindowManager: Destroying surface Surface(name=Starting br.com.catbag.gifreduxsample) called by com.android.server.wm.WindowStateAnimator.destroySurface:2014 com.android.server.wm.WindowStateAnimator.destroySurfaceLocked:881 com.android.server.wm.WindowState.removeLocked:1449 com.android.server.wm.WindowManagerService.removeWindowInnerLocked:2478 com.android.server.wm.AppWindowToken.destroySurfaces:365 com.android.server.wm.WindowStateAnimator.finishExit:565 com.android.server.wm.AppWindowAnimator.stepAnimationLocked:427 com.android.server.wm.WindowAnimator.updateAppWindowsLocked:176 
11-23 14:11:36.619  2278  2278 D LifecycleMonitor: Lifecycle status change: br.com.catbag.gifreduxsample.ui.GifListActivity@c087b53 in: CREATED
11-23 14:11:36.622  2278  2278 D LifecycleMonitor: Lifecycle status change: br.com.catbag.gifreduxsample.ui.GifListActivity@c087b53 in: STARTED
11-23 14:11:36.624  2278  2295 I DroidFlux:Dispatcher: [STARTED] dispatch of action [APP_STATE_LOAD]
11-23 14:11:36.624  2278  2295 D DroidFlux:Dispatcher: An action of type [APP_STATE_LOAD] was dispatched, but no reducer handled it
11-23 14:11:36.625  2278  2295 I DroidFlux:Dispatcher: [COMPLETED] dispatch of action [APP_STATE_LOAD]
11-23 14:11:36.626  2278  2278 D LifecycleMonitor: Lifecycle status change: br.com.catbag.gifreduxsample.ui.GifListActivity@c087b53 in: RESUMED
11-23 14:11:36.711  2278  2278 D LifecycleMonitor: Lifecycle status change: br.com.catbag.gifreduxsample.ui.GifListActivity@7a731c4 in: STOPPED
11-23 14:11:36.711  2278  2278 D LifecycleMonitor: Lifecycle status change: br.com.catbag.gifreduxsample.ui.GifListActivity@7a731c4 in: DESTROYED
11-23 14:11:36.714  1239  1251 I WindowManager: Destroying surface Surface(name=br.com.catbag.gifreduxsample/br.com.catbag.gifreduxsample.ui.GifListActivity) called by com.android.server.wm.WindowStateAnimator.destroySurface:2014 com.android.server.wm.WindowStateAnimator.destroySurfaceLocked:881 com.android.server.wm.WindowState.removeLocked:1449 com.android.server.wm.WindowManagerService.removeWindowInnerLocked:2478 com.android.server.wm.WindowManagerService.removeWindowLocked:2436 com.android.server.wm.WindowManagerService.removeWindowLocked:2305 com.android.server.wm.WindowManagerService.removeWindow:2300 com.android.server.wm.Session.remove:193 
11-23 14:11:36.734  1239  1260 I Choreographer: Skipped 31 frames!  The application may be doing too much work on its main thread.
11-23 14:11:36.798  2278  2278 D LifecycleMonitor: Lifecycle status change: br.com.catbag.gifreduxsample.ui.GifListActivity@b1514cc in: STOPPED
11-23 14:11:36.798  2278  2278 D LifecycleMonitor: Lifecycle status change: br.com.catbag.gifreduxsample.ui.GifListActivity@b1514cc in: DESTROYED
11-23 14:11:36.801  1239  1250 I WindowManager: Destroying surface Surface(name=br.com.catbag.gifreduxsample/br.com.catbag.gifreduxsample.ui.GifListActivity) called by com.android.server.wm.WindowStateAnimator.destroySurface:2014 com.android.server.wm.WindowStateAnimator.destroySurfaceLocked:881 com.android.server.wm.WindowState.removeLocked:1449 com.android.server.wm.WindowManagerService.removeWindowInnerLocked:2478 com.android.server.wm.WindowManagerService.removeWindowLocked:2436 com.android.server.wm.WindowManagerService.removeWindowLocked:2305 com.android.server.wm.WindowManagerService.removeWindow:2300 com.android.server.wm.Session.remove:193 
11-23 14:11:36.811  2278  2278 I Choreographer: Skipped 31 frames!  The application may be doing too much work on its main thread.
11-23 14:11:37.036  2278  2278 I ViewInteraction: Performing 'single click' action on view with id: br.com.catbag.gifreduxsample:id/gif_image
11-23 14:11:37.084  1239  1260 I ActivityManager: Displayed br.com.catbag.gifreduxsample/.ui.GifListActivity: +710ms (total +1s705ms)
11-23 14:11:37.349  1239  1260 I WindowManager: Destroying surface Surface(name=Starting br.com.catbag.gifreduxsample) called by com.android.server.wm.WindowStateAnimator.destroySurface:2014 com.android.server.wm.WindowStateAnimator.destroySurfaceLocked:881 com.android.server.wm.WindowState.destroyOrSaveSurface:2073 com.android.server.wm.AppWindowToken.destroySurfaces:363 com.android.server.wm.WindowStateAnimator.finishExit:565 com.android.server.wm.WindowStateAnimator.stepAnimationLocked:491 com.android.server.wm.WindowAnimator.updateWindowsLocked:303 com.android.server.wm.WindowAnimator.animateLocked:704 
11-23 14:11:37.528  2278  2289 W art     : Suspending all threads took: 224.186ms
11-23 14:11:37.634  2278  2289 I art     : Background sticky concurrent mark sweep GC freed 42975(1916KB) AllocSpace objects, 3(64KB) LOS objects, 19% free, 11MB/13MB, paused 230.932ms total 666.283ms
11-23 14:11:37.660  2278  2278 E MotionEvents: Overslept and turned a tap into a long press
11-23 14:11:37.683  2278  2295 I DroidFlux:Dispatcher: [STARTED] dispatch of action [GIF_PAUSE]
11-23 14:11:37.685  2278  2295 I DroidFlux:Dispatcher: [COMPLETED] dispatch of action [GIF_PAUSE]
11-23 14:11:37.707   988  1028 D AudioFlinger: mixer(0xb21839c0) throttle end: throttle time(11)
11-23 14:11:37.737   988  1028 D AudioFlinger: mixer(0xb21839c0) throttle end: throttle time(11)
11-23 14:11:37.787  1753  1753 I Choreographer: Skipped 248 frames!  The application may be doing too much work on its main thread.
11-23 14:11:37.879  1239  1351 I WindowManager: Destroying surface Surface(name=com.android.launcher3/com.android.launcher3.Launcher) called by com.android.server.wm.WindowStateAnimator.destroySurface:2014 com.android.server.wm.WindowStateAnimator.destroySurfaceLocked:881 com.android.server.wm.WindowState.destroyOrSaveSurface:2073 com.android.server.wm.WindowManagerService.tryStartExitingAnimation:3017 com.android.server.wm.WindowManagerService.relayoutWindow:2897 com.android.server.wm.Session.relayout:215 android.view.IWindowSession$Stub.onTransact:286 com.android.server.wm.Session.onTransact:136 
11-23 14:11:38.146  2278  2294 I TestRunner: finished: whenPauseGifTest(br.com.catbag.gifreduxsample.ui.giflist.GifListActivityTest)
11-23 14:11:38.174  2278  2278 D LifecycleMonitor: Lifecycle status change: br.com.catbag.gifreduxsample.ui.GifListActivity@c087b53 in: PAUSED
11-23 14:11:38.254   978   978 D gralloc : Registering a buffer in the process that created it. This may cause memory ordering problems.
11-23 14:11:38.254   978   978 E libEGL  : called unimplemented OpenGL ES API
11-23 14:11:38.254   978   978 E SurfaceFlinger: glCheckFramebufferStatusOES error 157766865
11-23 14:11:38.255   978   978 E SurfaceFlinger: got GL_FRAMEBUFFER_COMPLETE_OES error while taking screenshot
11-23 14:11:38.266  1239  1250 W WindowManager: Screenshot failure taking screenshot for (480x800) to layer 21005
11-23 14:11:38.288  2278  2278 I MonitoringInstrumentation: Activities that are still in CREATED to STOPPED: 1
11-23 14:11:38.289  2278  2294 I TestRunner: started: whenLoadMultipleGifsOnAppStateTest(br.com.catbag.gifreduxsample.ui.giflist.GifListActivityTest)
11-23 14:11:38.291  2278  2278 I MonitoringInstrumentation: Activities that are still in CREATED to STOPPED: 1
11-23 14:11:38.320  2278  2295 I DroidFlux:Dispatcher: [STARTED] dispatch of action [FAKE_REDUCE_ACTION]
11-23 14:11:38.321  2278  2295 I DroidFlux:Dispatcher: [COMPLETED] dispatch of action [FAKE_REDUCE_ACTION]
11-23 14:11:38.322  2278  2368 D ActivityTestRule: Launching activity br.com.catbag.gifreduxsample.ui.GifListActivity
11-23 14:11:38.330  2278  2370 D MonitoringInstrumentation: execStartActivity(context, ibinder, ibinder, activity, intent, int, bundle
11-23 14:11:38.338  1239  1437 I ActivityManager: START u0 {flg=0x10000000 cmp=br.com.catbag.gifreduxsample/.ui.GifListActivity} from uid 10060 on display 0
11-23 14:11:38.459  1239  1351 W art     : Long monitor contention with owner Binder:1239_4 (1437) at int com.android.server.am.ActivityStarter.startActivityMayWait(android.app.IApplicationThread, int, java.lang.String, android.content.Intent, java.lang.String, android.service.voice.IVoiceInteractionSession, com.android.internal.app.IVoiceInteractor, android.os.IBinder, java.lang.String, int, int, android.app.ProfilerInfo, android.app.IActivityManager$WaitResult, android.content.res.Configuration, android.os.Bundle, boolean, int, android.app.IActivityContainer, com.android.server.am.TaskRecord)(ActivityStarter.java:725) waiters=1 in boolean com.android.server.am.ActivityManagerService.isTopOfTask(android.os.IBinder) for 121ms
11-23 14:11:38.462  1239  1325 W art     : Long monitor contention with owner Binder:1239_4 (1437) at android.app.ActivityOptions com.android.server.am.ActivityManagerService.getActivityOptions(android.os.IBinder)(ActivityManagerService.java:12471) waiters=1 in void com.android.server.am.TaskPersister.writeTaskIdsFiles() for 127ms
11-23 14:11:38.466  1753  1753 I Choreographer: Skipped 42 frames!  The application may be doing too much work on its main thread.
11-23 14:11:38.614  2278  2278 D LifecycleMonitor: Lifecycle status change: br.com.catbag.gifreduxsample.ui.GifListActivity@de1e3a1 in: PRE_ON_CREATE
11-23 14:11:38.635  1239  1472 I WindowManager: Destroying surface Surface(name=com.android.launcher3/com.android.launcher3.Launcher) called by com.android.server.wm.WindowStateAnimator.destroySurface:2014 com.android.server.wm.WindowStateAnimator.destroySurfaceLocked:881 com.android.server.wm.WindowState.destroyOrSaveSurface:2073 com.android.server.wm.WindowManagerService.tryStartExitingAnimation:3017 com.android.server.wm.WindowManagerService.relayoutWindow:2897 com.android.server.wm.Session.relayout:215 android.view.IWindowSession$Stub.onTransact:286 com.android.server.wm.Session.onTransact:136 
11-23 14:11:38.655  1239  1260 I Choreographer: Skipped 31 frames!  The application may be doing too much work on its main thread.
11-23 14:11:38.703  2278  2278 D LifecycleMonitor: Lifecycle status change: br.com.catbag.gifreduxsample.ui.GifListActivity@de1e3a1 in: CREATED
11-23 14:11:38.704  2278  2295 I DroidFlux:Dispatcher: [STARTED] dispatch of action [APP_STATE_LOAD]
11-23 14:11:38.757  2278  2278 D LifecycleMonitor: Lifecycle status change: br.com.catbag.gifreduxsample.ui.GifListActivity@de1e3a1 in: STARTED
11-23 14:11:38.759  2278  2278 D LifecycleMonitor: Lifecycle status change: br.com.catbag.gifreduxsample.ui.GifListActivity@de1e3a1 in: RESUMED
11-23 14:11:38.915  2278  2295 D DroidFlux:Dispatcher: An action of type [APP_STATE_LOAD] was dispatched, but no reducer handled it
11-23 14:11:38.915  2278  2295 I DroidFlux:Dispatcher: [COMPLETED] dispatch of action [APP_STATE_LOAD]
11-23 14:11:38.945  1239  1260 I Choreographer: Skipped 62 frames!  The application may be doing too much work on its main thread.
11-23 14:11:39.340  1239  1260 I ActivityManager: Displayed br.com.catbag.gifreduxsample/.ui.GifListActivity: +805ms
11-23 14:11:39.340  1239  1260 I Choreographer: Skipped 30 frames!  The application may be doing too much work on its main thread.
11-23 14:11:39.387  2278  2278 W ResourceType: No package identifier when getting name for resource number 0x000000f5
11-23 14:11:39.388  2278  2278 I ViewInteraction: Performing 'scroll RecyclerView to position: 2' action on view with id: 245 (resource name not found)
11-23 14:11:39.450  2278  2278 D LifecycleMonitor: Lifecycle status change: br.com.catbag.gifreduxsample.ui.GifListActivity@c087b53 in: STOPPED
11-23 14:11:39.453  2278  2278 D LifecycleMonitor: Lifecycle status change: br.com.catbag.gifreduxsample.ui.GifListActivity@c087b53 in: DESTROYED
11-23 14:11:39.455  1239  1351 I WindowManager: Destroying surface Surface(name=br.com.catbag.gifreduxsample/br.com.catbag.gifreduxsample.ui.GifListActivity) called by com.android.server.wm.WindowStateAnimator.destroySurface:2014 com.android.server.wm.WindowStateAnimator.destroySurfaceLocked:881 com.android.server.wm.WindowState.removeLocked:1449 com.android.server.wm.WindowManagerService.removeWindowInnerLocked:2478 com.android.server.wm.WindowManagerService.removeWindowLocked:2436 com.android.server.wm.WindowManagerService.removeWindowLocked:2305 com.android.server.wm.WindowManagerService.removeWindow:2300 com.android.server.wm.Session.remove:193 
11-23 14:11:39.580  1239  1260 I WindowManager: Destroying surface Surface(name=Starting br.com.catbag.gifreduxsample) called by com.android.server.wm.WindowStateAnimator.destroySurface:2014 com.android.server.wm.WindowStateAnimator.destroySurfaceLocked:881 com.android.server.wm.WindowState.destroyOrSaveSurface:2073 com.android.server.wm.AppWindowToken.destroySurfaces:363 com.android.server.wm.WindowStateAnimator.finishExit:565 com.android.server.wm.WindowStateAnimator.stepAnimationLocked:491 com.android.server.wm.WindowAnimator.updateWindowsLocked:303 com.android.server.wm.WindowAnimator.animateLocked:704 
11-23 14:11:39.693  2278  2278 W ResourceType: No package identifier when getting name for resource number 0x000000f5
11-23 14:11:39.735  2278  2278 W ResourceType: No package identifier when getting name for resource number 0x000000fc
11-23 14:11:39.735  2278  2278 I ViewInteraction: Performing 'scroll RecyclerView to position: 3' action on view with id: 252 (resource name not found)
11-23 14:11:40.045  2278  2278 W ResourceType: No package identifier when getting name for resource number 0x000000fc
11-23 14:11:40.082  2278  2278 W ResourceType: No package identifier when getting name for resource number 0x00000103
11-23 14:11:40.082  2278  2278 I ViewInteraction: Performing 'scroll RecyclerView to position: 4' action on view with id: 259 (resource name not found)
11-23 14:11:40.155  2278  2289 I art     : Background partial concurrent mark sweep GC freed 26863(1520KB) AllocSpace objects, 4(80KB) LOS objects, 24% free, 12MB/16MB, paused 12.271ms total 97.261ms
11-23 14:11:40.390  2278  2278 W ResourceType: No package identifier when getting name for resource number 0x00000103
11-23 14:11:40.406  2278  2278 W ResourceType: No package identifier when getting name for resource number 0x0000010a
11-23 14:11:40.406  2278  2278 I ViewInteraction: Performing 'scroll RecyclerView to position: 5' action on view with id: 266 (resource name not found)
11-23 14:11:40.566  1239  1325 E TaskPersister: File error accessing recents directory (directory doesn't exist?).
11-23 14:11:40.699  2278  2278 W ResourceType: No package identifier when getting name for resource number 0x0000010a
11-23 14:11:40.725  2278  2278 W ResourceType: No package identifier when getting name for resource number 0x00000111
11-23 14:11:40.725  2278  2278 I ViewInteraction: Performing 'scroll RecyclerView to position: 6' action on view with id: 273 (resource name not found)
11-23 14:11:41.063  2278  2278 W ResourceType: No package identifier when getting name for resource number 0x00000111
11-23 14:11:41.086  2278  2278 W ResourceType: No package identifier when getting name for resource number 0x00000118
11-23 14:11:41.086  2278  2278 I ViewInteraction: Performing 'scroll RecyclerView to position: 7' action on view with id: 280 (resource name not found)
11-23 14:11:41.376  2278  2278 W ResourceType: No package identifier when getting name for resource number 0x00000118
11-23 14:11:41.406  2278  2278 W ResourceType: No package identifier when getting name for resource number 0x0000011f
11-23 14:11:41.414  2278  2278 I ViewInteraction: Performing 'scroll RecyclerView to position: 8' action on view with id: 287 (resource name not found)
11-23 14:11:41.736  2278  2278 W ResourceType: No package identifier when getting name for resource number 0x0000011f
11-23 14:11:41.765  2278  2278 W ResourceType: No package identifier when getting name for resource number 0x00000126
11-23 14:11:41.766  2278  2278 I ViewInteraction: Performing 'scroll RecyclerView to position: 9' action on view with id: 294 (resource name not found)
11-23 14:11:42.082  2278  2278 W ResourceType: No package identifier when getting name for resource number 0x00000126
11-23 14:11:42.188  2278  2294 I TestRunner: finished: whenLoadMultipleGifsOnAppStateTest(br.com.catbag.gifreduxsample.ui.giflist.GifListActivityTest)
11-23 14:11:42.214  2278  2278 D LifecycleMonitor: Lifecycle status change: br.com.catbag.gifreduxsample.ui.GifListActivity@de1e3a1 in: PAUSED
11-23 14:11:42.290   978   978 D gralloc : Registering a buffer in the process that created it. This may cause memory ordering problems.
11-23 14:11:42.290   978   978 E libEGL  : called unimplemented OpenGL ES API
11-23 14:11:42.291   978   978 E SurfaceFlinger: glCheckFramebufferStatusOES error 157766865
11-23 14:11:42.291   978   978 E SurfaceFlinger: got GL_FRAMEBUFFER_COMPLETE_OES error while taking screenshot
11-23 14:11:42.306  1239  1488 W WindowManager: Screenshot failure taking screenshot for (480x800) to layer 21005
11-23 14:11:42.343  2278  2278 I MonitoringInstrumentation: Activities that are still in CREATED to STOPPED: 1
11-23 14:11:42.346  2278  2294 I TestRunner: run finished: 15 tests, 0 failed, 0 ignored
