11-22 16:50:54.288  2324  2324 E Feed    : 	at android.view.ViewGroup.layout(ViewGroup.java:5612)
11-22 16:50:54.288  2324  2324 E Feed    : 	at android.widget.FrameLayout.layoutChildren(FrameLayout.java:323)
11-22 16:50:54.288  2324  2324 E Feed    : 	at android.widget.FrameLayout.onLayout(FrameLayout.java:261)
11-22 16:50:54.288  2324  2324 E Feed    : 	at android.view.View.layout(View.java:17520)
11-22 16:50:54.288  2324  2324 E Feed    : 	at android.view.ViewGroup.layout(ViewGroup.java:5612)
11-22 16:50:54.288  2324  2324 E Feed    : 	at android.widget.RelativeLayout.onLayout(RelativeLayout.java:1079)
11-22 16:50:54.288  2324  2324 E Feed    : 	at android.view.View.layout(View.java:17520)
11-22 16:50:54.288  2324  2324 E Feed    : 	at android.view.ViewGroup.layout(ViewGroup.java:5612)
11-22 16:50:54.288  2324  2324 E Feed    : 	at android.widget.FrameLayout.layoutChildren(FrameLayout.java:323)
11-22 16:50:54.288  2324  2324 E Feed    : 	at android.widget.FrameLayout.onLayout(FrameLayout.java:261)
11-22 16:50:54.288  2324  2324 E Feed    : 	at android.view.View.layout(View.java:17520)
11-22 16:50:54.288  2324  2324 E Feed    : 	at android.view.ViewGroup.layout(ViewGroup.java:5612)
11-22 16:50:54.288  2324  2324 E Feed    : 	at android.support.v7.widget.ActionBarOverlayLayout.onLayout(ActionBarOverlayLayout.java:435)
11-22 16:50:54.288  2324  2324 E Feed    : 	at android.view.View.layout(View.java:17520)
11-22 16:50:54.288  2324  2324 E Feed    : 	at android.view.ViewGroup.layout(ViewGroup.java:5612)
11-22 16:50:54.288  2324  2324 E Feed    : 	at android.widget.FrameLayout.layoutChildren(FrameLayout.java:323)
11-22 16:50:54.288  2324  2324 E Feed    : 	at android.widget.FrameLayout.onLayout(FrameLayout.java:261)
11-22 16:50:54.288  2324  2324 E Feed    : 	at android.view.View.layout(View.java:17520)
11-22 16:50:54.288  2324  2324 E Feed    : 	at android.view.ViewGroup.layout(ViewGroup.java:5612)
11-22 16:50:54.288  2324  2324 E Feed    : 	at android.widget.LinearLayout.setChildFrame(LinearLayout.java:1741)
11-22 16:50:54.288  2324  2324 E Feed    : 	at android.widget.LinearLayout.layoutVertical(LinearLayout.java:1585)
11-22 16:50:54.288  2324  2324 E Feed    : 	at android.widget.LinearLayout.onLayout(LinearLayout.java:1494)
11-22 16:50:54.288  2324  2324 E Feed    : 	at android.view.View.layout(View.java:17520)
11-22 16:50:54.288  2324  2324 E Feed    : 	at android.view.ViewGroup.layout(ViewGroup.java:5612)
11-22 16:50:54.288  2324  2324 E Feed    : 	at android.widget.FrameLayout.layoutChildren(FrameLayout.java:323)
11-22 16:50:54.288  2324  2324 E Feed    : 	at android.widget.FrameLayout.onLayout(FrameLayout.java:261)
11-22 16:50:54.288  2324  2324 E Feed    : 	at com.android.internal.policy.DecorView.onLayout(DecorView.java:724)
11-22 16:50:54.288  2324  2324 E Feed    : 	at android.view.View.layout(View.java:17520)
11-22 16:50:54.288  2324  2324 E Feed    : 	at android.view.ViewGroup.layout(ViewGroup.java:5612)
11-22 16:50:54.288  2324  2324 E Feed    : 	at android.view.ViewRootImpl.performLayout(ViewRootImpl.java:2342)
11-22 16:50:54.288  2324  2324 E Feed    : 	at android.view.ViewRootImpl.performTraversals(ViewRootImpl.java:2069)
11-22 16:50:54.288  2324  2324 E Feed    : 	at android.view.ViewRootImpl.doTraversal(ViewRootImpl.java:1246)
11-22 16:50:54.288  2324  2324 E Feed    : 	at android.view.ViewRootImpl$TraversalRunnable.run(ViewRootImpl.java:6301)
11-22 16:50:54.288  2324  2324 E Feed    : 	at android.view.Choreographer$CallbackRecord.run(Choreographer.java:871)
11-22 16:50:54.288  2324  2324 E Feed    : 	at android.view.Choreographer.doCallbacks(Choreographer.java:683)
11-22 16:50:54.288  2324  2324 E Feed    : 	at android.view.Choreographer.doFrame(Choreographer.java:619)
11-22 16:50:54.288  2324  2324 E Feed    : 	at android.view.Choreographer$FrameDisplayEventReceiver.run(Choreographer.java:857)
11-22 16:50:54.288  2324  2324 E Feed    : 	at android.os.Handler.handleCallback(Handler.java:751)
11-22 16:50:54.288  2324  2324 E Feed    : 	at android.os.Handler.dispatchMessage(Handler.java:95)
11-22 16:50:54.288  2324  2324 E Feed    : 	at android.os.Looper.loop(Looper.java:154)
11-22 16:50:54.288  2324  2324 E Feed    : 	at android.app.ActivityThread.main(ActivityThread.java:6077)
11-22 16:50:54.288  2324  2324 E Feed    : 	at java.lang.reflect.Method.invoke(Native Method)
11-22 16:50:54.288  2324  2324 E Feed    : 	at com.android.internal.os.ZygoteInit$MethodAndArgsCaller.run(ZygoteInit.java:865)
11-22 16:50:54.288  2324  2324 E Feed    : 	at com.android.internal.os.ZygoteInit.main(ZygoteInit.java:755)
11-22 16:50:54.410  2324  2340 I DroidFlux:Dispatcher: [STARTED] dispatch of action [APP_STATE_LOADED]
11-22 16:50:54.413  2324  2340 I DroidFlux:Dispatcher: [COMPLETED] dispatch of action [APP_STATE_LOADED]
11-22 16:50:54.438  1239  1260 I ActivityManager: Displayed br.com.catbag.gifreduxsample/.ui.GifListActivity: +1s907ms
11-22 16:50:54.519  2324  2324 D LifecycleMonitor: Lifecycle status change: br.com.catbag.gifreduxsample.ui.GifListActivity@c5455ef in: STOPPED
11-22 16:50:54.519  2324  2324 D LifecycleMonitor: Lifecycle status change: br.com.catbag.gifreduxsample.ui.GifListActivity@c5455ef in: DESTROYED
11-22 16:50:54.538  1239  1447 I WindowManager: Destroying surface Surface(name=br.com.catbag.gifreduxsample/br.com.catbag.gifreduxsample.ui.GifListActivity) called by com.android.server.wm.WindowStateAnimator.destroySurface:2014 com.android.server.wm.WindowStateAnimator.destroySurfaceLocked:881 com.android.server.wm.WindowState.removeLocked:1449 com.android.server.wm.WindowManagerService.removeWindowInnerLocked:2478 com.android.server.wm.WindowManagerService.removeWindowLocked:2436 com.android.server.wm.WindowManagerService.removeWindowLocked:2305 com.android.server.wm.WindowManagerService.removeWindow:2300 com.android.server.wm.Session.remove:193 
11-22 16:50:54.701  1239  1260 I WindowManager: Destroying surface Surface(name=Starting br.com.catbag.gifreduxsample) called by com.android.server.wm.WindowStateAnimator.destroySurface:2014 com.android.server.wm.WindowStateAnimator.destroySurfaceLocked:881 com.android.server.wm.WindowState.destroyOrSaveSurface:2073 com.android.server.wm.AppWindowToken.destroySurfaces:363 com.android.server.wm.WindowStateAnimator.finishExit:565 com.android.server.wm.WindowStateAnimator.stepAnimationLocked:491 com.android.server.wm.WindowAnimator.updateWindowsLocked:303 com.android.server.wm.WindowAnimator.animateLocked:704 
11-22 16:50:55.082  2324  2335 I art     : Background sticky concurrent mark sweep GC freed 92267(2MB) AllocSpace objects, 2(32KB) LOS objects, 35% free, 5MB/8MB, paused 5.818ms total 789.052ms
11-22 16:50:55.137  2324  2329 I art     : Do partial code cache collection, code=59KB, data=62KB
11-22 16:50:55.138  2324  2329 I art     : After code cache collection, code=58KB, data=61KB
11-22 16:50:55.138  2324  2329 I art     : Increasing code cache capacity to 256KB
11-22 16:50:55.448  1239  1325 E TaskPersister: File error accessing recents directory (directory doesn't exist?).
11-22 16:51:23.137  2324  2324 D LifecycleMonitor: Lifecycle status change: br.com.catbag.gifreduxsample.ui.GifListActivity@bab8819 in: PAUSED
11-22 16:51:23.165  2324  2339 I TestRunner: failed: whenGifIsNotWatchedTest(br.com.catbag.gifreduxsample.ui.giflist.GifListActivityTest)
11-22 16:51:23.166  2324  2339 I TestRunner: ----- begin exception -----
11-22 16:51:23.167  2324  2339 I TestRunner: java.lang.RuntimeException: Waited for the root of the view hierarchy to have window focus and not be requesting layout for over 10 seconds. If you specified a non default root matcher, it may be picking a root that never takes focus. Otherwise, something is seriously wrong. Selected Root:
11-22 16:51:23.167  2324  2339 I TestRunner: Root{application-window-token=android.view.ViewRootImpl$W@ca484a, window-token=android.view.ViewRootImpl$W@ca484a, has-window-focus=false, layout-params-type=1, layout-params-string=WM.LayoutParams{(0,0)(fillxfill) sim=#100 ty=1 fl=#81810100 wanim=0x1030465 needsMenuKey=2}, decor-view-string=DecorView{id=-1, visibility=VISIBLE, width=480, height=800, has-focus=true, has-focusable=true, has-window-focus=false, is-clickable=false, is-enabled=true, is-focused=false, is-focusable=false, is-layout-requested=false, is-selected=false, root-is-layout-requested=false, has-input-connection=false, x=0.0, y=0.0, child-count=1}}
11-22 16:51:23.167  2324  2339 I TestRunner: . All Roots:
11-22 16:51:23.167  2324  2339 I TestRunner: Root{application-window-token=android.view.ViewRootImpl$W@ca484a, window-token=android.view.ViewRootImpl$W@ca484a, has-window-focus=false, layout-params-type=1, layout-params-string=WM.LayoutParams{(0,0)(fillxfill) sim=#100 ty=1 fl=#81810100 wanim=0x1030465 needsMenuKey=2}, decor-view-string=DecorView{id=-1, visibility=VISIBLE, width=480, height=800, has-focus=true, has-focusable=true, has-window-focus=false, is-clickable=false, is-enabled=true, is-focused=false, is-focusable=false, is-layout-requested=false, is-selected=false, root-is-layout-requested=false, has-input-connection=false, x=0.0, y=0.0, child-count=1}}
11-22 16:51:23.167  2324  2339 I TestRunner: 	at android.support.test.espresso.base.RootViewPicker.get(RootViewPicker.java:99)
11-22 16:51:23.167  2324  2339 I TestRunner: 	at android.support.test.espresso.ViewInteractionModule.provideRootView(ViewInteractionModule.java:69)
11-22 16:51:23.167  2324  2339 I TestRunner: 	at android.support.test.espresso.ViewInteractionModule_ProvideRootViewFactory.get(ViewInteractionModule_ProvideRootViewFactory.java:23)
11-22 16:51:23.167  2324  2339 I TestRunner: 	at android.support.test.espresso.ViewInteractionModule_ProvideRootViewFactory.get(ViewInteractionModule_ProvideRootViewFactory.java:9)
11-22 16:51:23.167  2324  2339 I TestRunner: 	at android.support.test.espresso.base.ViewFinderImpl.getView(ViewFinderImpl.java:68)
11-22 16:51:23.167  2324  2339 I TestRunner: 	at android.support.test.espresso.ViewInteraction$2.run(ViewInteraction.java:166)
11-22 16:51:23.167  2324  2339 I TestRunner: 	at java.util.concurrent.Executors$RunnableAdapter.call(Executors.java:428)
11-22 16:51:23.167  2324  2339 I TestRunner: 	at java.util.concurrent.FutureTask.run(FutureTask.java:237)
11-22 16:51:23.167  2324  2339 I TestRunner: 	at android.os.Handler.handleCallback(Handler.java:751)
11-22 16:51:23.167  2324  2339 I TestRunner: 	at android.os.Handler.dispatchMessage(Handler.java:95)
11-22 16:51:23.167  2324  2339 I TestRunner: 	at android.os.Looper.loop(Looper.java:154)
11-22 16:51:23.167  2324  2339 I TestRunner: 	at android.app.ActivityThread.main(ActivityThread.java:6077)
11-22 16:51:23.167  2324  2339 I TestRunner: 	at java.lang.reflect.Method.invoke(Native Method)
11-22 16:51:23.167  2324  2339 I TestRunner: 	at com.android.internal.os.ZygoteInit$MethodAndArgsCaller.run(ZygoteInit.java:865)
11-22 16:51:23.167  2324  2339 I TestRunner: 	at com.android.internal.os.ZygoteInit.main(ZygoteInit.java:755)
11-22 16:51:23.167  2324  2339 I TestRunner: ----- end exception -----
11-22 16:51:23.168  2324  2339 I TestRunner: finished: whenGifIsNotWatchedTest(br.com.catbag.gifreduxsample.ui.giflist.GifListActivityTest)
11-22 16:51:23.269   978   978 D gralloc : Registering a buffer in the process that created it. This may cause memory ordering problems.
11-22 16:51:23.270   978   978 E libEGL  : called unimplemented OpenGL ES API
11-22 16:51:23.270   978   978 E SurfaceFlinger: glCheckFramebufferStatusOES error -345084039
11-22 16:51:23.270   978   978 E SurfaceFlinger: got GL_FRAMEBUFFER_COMPLETE_OES error while taking screenshot
11-22 16:51:23.275  1239  1446 W WindowManager: Screenshot failure taking screenshot for (480x800) to layer 21000
11-22 16:51:23.332  2324  2324 I MonitoringInstrumentation: Activities that are still in CREATED to STOPPED: 1
11-22 16:51:23.336  2324  2339 I TestRunner: started: whenGifIsDownloadingTest(br.com.catbag.gifreduxsample.ui.giflist.GifListActivityTest)
11-22 16:51:23.341  2324  2324 I MonitoringInstrumentation: Activities that are still in CREATED to STOPPED: 1
11-22 16:51:23.429  2324  2340 I DroidFlux:Dispatcher: [STARTED] dispatch of action [FAKE_REDUCE_ACTION]
11-22 16:51:23.432  2324  2340 I DroidFlux:Dispatcher: [COMPLETED] dispatch of action [FAKE_REDUCE_ACTION]
11-22 16:51:23.476  2324  2368 D ActivityTestRule: Launching activity br.com.catbag.gifreduxsample.ui.GifListActivity
11-22 16:51:23.496  2324  2370 D MonitoringInstrumentation: execStartActivity(context, ibinder, ibinder, activity, intent, int, bundle
11-22 16:51:23.498  1239  1251 I ActivityManager: START u0 {flg=0x10000000 cmp=br.com.catbag.gifreduxsample/.ui.GifListActivity} from uid 10060 on display 0
11-22 16:51:23.883  1239  1260 I Choreographer: Skipped 42 frames!  The application may be doing too much work on its main thread.
11-22 16:51:23.969  2324  2324 D LifecycleMonitor: Lifecycle status change: br.com.catbag.gifreduxsample.ui.GifListActivity@3089284 in: PRE_ON_CREATE
11-22 16:51:24.063  2324  2324 D LifecycleMonitor: Lifecycle status change: br.com.catbag.gifreduxsample.ui.GifListActivity@3089284 in: CREATED
11-22 16:51:24.065  2324  2324 D LifecycleMonitor: Lifecycle status change: br.com.catbag.gifreduxsample.ui.GifListActivity@3089284 in: STARTED
11-22 16:51:24.068  2324  2324 D LifecycleMonitor: Lifecycle status change: br.com.catbag.gifreduxsample.ui.GifListActivity@3089284 in: RESUMED
11-22 16:51:24.072  2324  2324 I Choreographer: Skipped 56 frames!  The application may be doing too much work on its main thread.
11-22 16:51:24.108  2324  2340 I DroidFlux:Dispatcher: [STARTED] dispatch of action [APP_STATE_LOAD]
11-22 16:51:24.109  2324  2340 D DroidFlux:Dispatcher: An action of type [APP_STATE_LOAD] was dispatched, but no reducer handled it
11-22 16:51:24.110  2324  2340 I DroidFlux:Dispatcher: [COMPLETED] dispatch of action [APP_STATE_LOAD]
11-22 16:51:24.256  2324  2340 I DroidFlux:Dispatcher: [STARTED] dispatch of action [APP_STATE_LOADED]
11-22 16:51:24.257  2324  2340 I DroidFlux:Dispatcher: [COMPLETED] dispatch of action [APP_STATE_LOADED]
11-22 16:51:24.276  1239  1260 I Choreographer: Skipped 31 frames!  The application may be doing too much work on its main thread.
11-22 16:51:24.316  2324  2324 D LifecycleMonitor: Lifecycle status change: br.com.catbag.gifreduxsample.ui.GifListActivity@bab8819 in: STOPPED
11-22 16:51:24.316  2324  2324 D LifecycleMonitor: Lifecycle status change: br.com.catbag.gifreduxsample.ui.GifListActivity@bab8819 in: DESTROYED
--------- beginning of crash
11-22 16:51:24.347  2324  2369 F libc    : Fatal signal 6 (SIGABRT), code -6 in tid 2369 (Thread-15)
11-22 16:51:24.353   936   936 W         : debuggerd: handling request: pid=2324 uid=10060 gid=10060 tid=2369
11-22 16:51:24.526  2373  2373 F DEBUG   : *** *** *** *** *** *** *** *** *** *** *** *** *** *** *** ***
11-22 16:51:24.526  2373  2373 F DEBUG   : Build fingerprint: 'Android/sdk_phone_x86/generic_x86:7.0/NYC/3245079:userdebug/test-keys'
11-22 16:51:24.526  2373  2373 F DEBUG   : Revision: '0'
11-22 16:51:24.526  2373  2373 F DEBUG   : ABI: 'x86'
11-22 16:51:24.527  2373  2373 F DEBUG   : pid: 2324, tid: 2369, name: Thread-15  >>> br.com.catbag.gifreduxsample <<<
11-22 16:51:24.527  2373  2373 F DEBUG   : signal 6 (SIGABRT), code -6 (SI_TKILL), fault addr --------
11-22 16:51:24.527  2373  2373 F DEBUG   :     eax 00000000  ebx 00000914  ecx 00000941  edx 00000006
11-22 16:51:24.528  2373  2373 F DEBUG   :     esi 8d35a978  edi 8d35a920
11-22 16:51:24.528  2373  2373 F DEBUG   :     xcs 00000073  xds 0000007b  xes 0000007b  xfs 0000003b  xss 0000007b
11-22 16:51:24.528  2373  2373 F DEBUG   :     eip a82b6424  ebp 8d359828  esp 8d3597cc  flags 00000292
11-22 16:51:24.539  2373  2373 F DEBUG   : 
11-22 16:51:24.539  2373  2373 F DEBUG   : backtrace:
11-22 16:51:24.540  2373  2373 F DEBUG   :     #00 pc ffffe424  [vdso:a82b6000] (__kernel_vsyscall+16)
11-22 16:51:24.540  2373  2373 F DEBUG   :     #01 pc 0007a0ac  /system/lib/libc.so (tgkill+28)
11-22 16:51:24.540  2373  2373 F DEBUG   :     #02 pc 000758f5  /system/lib/libc.so (pthread_kill+85)
11-22 16:51:24.541  2373  2373 F DEBUG   :     #03 pc 0002782a  /system/lib/libc.so (raise+42)
11-22 16:51:24.541  2373  2373 F DEBUG   :     #04 pc 0001ee06  /system/lib/libc.so (abort+86)
11-22 16:51:24.541  2373  2373 F DEBUG   :     #05 pc 00012515  /data/app/br.com.catbag.gifreduxsample-1/lib/x86/libsnappydb-native.so
11-22 16:51:24.541  2373  2373 F DEBUG   :     #06 pc 0003dba2  /data/app/br.com.catbag.gifreduxsample-1/lib/x86/libsnappydb-native.so (_ZN7leveldb4port5MutexD1Ev+50)
11-22 16:51:24.541  2373  2373 F DEBUG   :     #07 pc 000265f7  /data/app/br.com.catbag.gifreduxsample-1/lib/x86/libsnappydb-native.so (_ZN7leveldb6DBImplD2Ev+535)
11-22 16:51:24.542  2373  2373 F DEBUG   :     #08 pc 000266bc  /data/app/br.com.catbag.gifreduxsample-1/lib/x86/libsnappydb-native.so (_ZN7leveldb6DBImplD0Ev+28)
11-22 16:51:24.542  2373  2373 F DEBUG   :     #09 pc 0003e25f  /data/app/br.com.catbag.gifreduxsample-1/lib/x86/libsnappydb-native.so (Java_com_snappydb_internal_DBImpl__1_1close+47)
11-22 16:51:24.542  2373  2373 F DEBUG   :     #10 pc 00b0725c  /data/app/br.com.catbag.gifreduxsample-1/oat/x86/base.odex (offset 0xa36000)
11-22 16:51:24.557  1239  1260 I Choreographer: Skipped 39 frames!  The application may be doing too much work on its main thread.
11-22 16:51:24.697  1239  1260 I Choreographer: Skipped 32 frames!  The application may be doing too much work on its main thread.
11-22 16:51:24.827  1239  1260 I Choreographer: Skipped 32 frames!  The application may be doing too much work on its main thread.
11-22 16:51:24.991  1239  2149 I WindowManager: Destroying surface Surface(name=br.com.catbag.gifreduxsample/br.com.catbag.gifreduxsample.ui.GifListActivity) called by com.android.server.wm.WindowStateAnimator.destroySurface:2014 com.android.server.wm.WindowStateAnimator.destroySurfaceLocked:881 com.android.server.wm.WindowState.removeLocked:1449 com.android.server.wm.WindowManagerService.removeWindowInnerLocked:2478 com.android.server.wm.WindowManagerService.removeWindowLocked:2436 com.android.server.wm.WindowManagerService.removeWindowLocked:2305 com.android.server.wm.WindowManagerService.removeWindow:2300 com.android.server.wm.Session.remove:193 
11-22 16:51:25.121  1726  1726 I Choreographer: Skipped 268 frames!  The application may be doing too much work on its main thread.
11-22 16:51:25.141  1239  1447 I WindowManager: Destroying surface Surface(name=com.android.launcher3/com.android.launcher3.Launcher) called by com.android.server.wm.WindowStateAnimator.destroySurface:2014 com.android.server.wm.WindowStateAnimator.destroySurfaceLocked:881 com.android.server.wm.WindowState.destroyOrSaveSurface:2073 com.android.server.wm.WindowManagerService.tryStartExitingAnimation:3017 com.android.server.wm.WindowManagerService.relayoutWindow:2897 com.android.server.wm.Session.relayout:215 android.view.IWindowSession$Stub.onTransact:286 com.android.server.wm.Session.onTransact:136 
11-22 16:51:24.507  2373  2373 W debuggerd: type=1400 audit(0.0:9): avc: denied { search } for name="br.com.catbag.gifreduxsample" dev="mtdblock1" ino=7365 scontext=u:r:debuggerd:s0 tcontext=u:object_r:app_data_file:s0:c512,c768 tclass=dir permissive=0
11-22 16:51:26.570  2373  2373 E         : debuggerd: failed to kill process 2324: No such process
11-22 16:51:26.582   936   936 W         : debuggerd: resuming target 2324
11-22 16:51:26.588  1239  1257 I BootReceiver: Copying /data/tombstones/tombstone_00 to DropBox (SYSTEM_TOMBSTONE)
11-22 16:51:26.606  1239  2148 I WindowManager: WIN DEATH: Window{c68f740 u0 br.com.catbag.gifreduxsample/br.com.catbag.gifreduxsample.ui.GifListActivity}
11-22 16:51:26.608  1239  2148 I WindowManager: Destroying surface Surface(name=br.com.catbag.gifreduxsample/br.com.catbag.gifreduxsample.ui.GifListActivity) called by com.android.server.wm.WindowStateAnimator.destroySurface:2014 com.android.server.wm.WindowStateAnimator.destroySurfaceLocked:881 com.android.server.wm.WindowState.removeLocked:1449 com.android.server.wm.WindowManagerService.removeWindowInnerLocked:2478 com.android.server.wm.WindowManagerService.removeWindowLocked:2436 com.android.server.wm.WindowState$DeathRecipient.binderDied:1780 android.os.BinderProxy.sendDeathNotice:688 <bottom of call stack> 
11-22 16:51:26.611  1239  1250 I ActivityManager: Process br.com.catbag.gifreduxsample (pid 2324) has died
11-22 16:51:26.618  1239  1250 W ActivityManager: Force removing ActivityRecord{1c150c2 u0 br.com.catbag.gifreduxsample/.ui.GifListActivity t6}: app died, no saved state
11-22 16:51:26.669  1239  1250 I WindowManager: Destroying surface Surface(name=Starting br.com.catbag.gifreduxsample) called by com.android.server.wm.WindowStateAnimator.destroySurface:2014 com.android.server.wm.WindowStateAnimator.destroySurfaceLocked:881 com.android.server.wm.WindowState.removeLocked:1449 com.android.server.wm.WindowManagerService.removeWindowInnerLocked:2478 com.android.server.wm.WindowManagerService.removeWindowLocked:2436 com.android.server.wm.WindowManagerService.removeWindowLocked:2305 com.android.server.wm.AppWindowToken.removeAllWindows:530 com.android.server.wm.AppWindowToken.removeAppFromTaskLocked:326 
11-22 16:51:26.703  1239  1250 W ActivityManager: Crash of app br.com.catbag.gifreduxsample running instrumentation ComponentInfo{br.com.catbag.gifreduxsample.test/android.support.test.runner.AndroidJUnitRunner}
11-22 16:51:26.743   988   988 I Zygote  : Process 2324 exited due to signal (6)
11-22 16:51:26.758  1239  1250 I ActivityManager: Force stopping br.com.catbag.gifreduxsample appid=10060 user=0: finished inst
11-22 16:51:26.802  2314  2314 D AndroidRuntime: Shutting down VM
11-22 16:51:26.816  1239  1260 W art     : Long monitor contention with owner Binder:1239_1 (1250) at void com.android.server.am.ActivityManagerService$AppDeathRecipient.binderDied()(ActivityManagerService.java:1457) waiters=2 in void com.android.server.am.ActivityManagerService$LocalService.notifyStartingWindowDrawn() for 132ms
11-22 16:51:26.866  1239  1260 W WindowManager: Failed looking up window
11-22 16:51:26.866  1239  1260 W WindowManager: java.lang.IllegalArgumentException: Requested window android.view.ViewRootImpl$W@55b254b does not exist
11-22 16:51:26.866  1239  1260 W WindowManager: 	at com.android.server.wm.WindowManagerService.windowForClientLocked(WindowManagerService.java:9100)
11-22 16:51:26.866  1239  1260 W WindowManager: 	at com.android.server.wm.WindowManagerService.windowForClientLocked(WindowManagerService.java:9091)
11-22 16:51:26.866  1239  1260 W WindowManager: 	at com.android.server.wm.WindowManagerService.removeWindow(WindowManagerService.java:2296)
11-22 16:51:26.866  1239  1260 W WindowManager: 	at com.android.server.wm.Session.remove(Session.java:193)
11-22 16:51:26.866  1239  1260 W WindowManager: 	at android.view.ViewRootImpl.dispatchDetachedFromWindow(ViewRootImpl.java:3286)
11-22 16:51:26.866  1239  1260 W WindowManager: 	at android.view.ViewRootImpl.doDie(ViewRootImpl.java:5881)
11-22 16:51:26.866  1239  1260 W WindowManager: 	at android.view.ViewRootImpl$ViewRootHandler.handleMessage(ViewRootImpl.java:3622)
11-22 16:51:26.866  1239  1260 W WindowManager: 	at android.os.Handler.dispatchMessage(Handler.java:102)
11-22 16:51:26.866  1239  1260 W WindowManager: 	at android.os.Looper.loop(Looper.java:154)
11-22 16:51:26.866  1239  1260 W WindowManager: 	at android.os.HandlerThread.run(HandlerThread.java:61)
11-22 16:51:26.866  1239  1260 W WindowManager: 	at com.android.server.ServiceThread.run(ServiceThread.java:46)
11-22 16:51:26.873  1239  1260 I Choreographer: Skipped 49 frames!  The application may be doing too much work on its main thread.
11-22 16:51:27.191  1239  1260 I Choreographer: Skipped 56 frames!  The application may be doing too much work on its main thread.
11-22 16:51:27.241  1239  2150 W art     : Long monitor contention with owner android.ui (1254) at void com.android.server.am.AppErrors.handleShowAppErrorUi(android.os.Message)(AppErrors.java:673) waiters=0 in void com.android.server.am.ActivityManagerService.activityIdle(android.os.IBinder, android.content.res.Configuration, boolean) for 259ms
11-22 16:51:27.746  1239  1249 I art     : Background sticky concurrent mark sweep GC freed 24137(1591KB) AllocSpace objects, 13(1412KB) LOS objects, 22% free, 7MB/10MB, paused 57.205ms total 941.295ms
11-22 16:51:27.964  1239  1254 I Choreographer: Skipped 33 frames!  The application may be doing too much work on its main thread.
11-22 16:51:28.016  1239  1325 E TaskPersister: File error accessing recents directory (directory doesn't exist?).
11-22 16:51:28.742  2389  2389 D AndroidRuntime: >>>>>> START com.android.internal.os.RuntimeInit uid 2000 <<<<<<
11-22 16:51:28.754  2389  2389 D AndroidRuntime: CheckJNI is ON
11-22 16:51:28.815  2389  2389 W art     : Unexpected CPU variant for X86 using defaults: x86
11-22 16:51:28.833  2389  2389 D ICU     : No timezone override file found: /data/misc/zoneinfo/current/icu/icu_tzdata.dat
11-22 16:51:28.925  2389  2389 E memtrack: Couldn't load memtrack module (No such file or directory)
11-22 16:51:28.925  2389  2389 E android.os.Debug: failed to load memtrack module: -2
11-22 16:51:28.932  2389  2389 I Radio-JNI: register_android_hardware_Radio DONE
11-22 16:51:28.979  2389  2389 D AndroidRuntime: Calling main entry com.android.commands.pm.Pm
11-22 16:51:29.040  1239  1253 I ActivityManager: Force stopping br.com.catbag.gifreduxsample.test appid=10061 user=-1: deletePackageX
11-22 16:51:29.230  1239  1265 I art     : Starting a blocking GC Explicit
11-22 16:51:29.315  1239  1265 I art     : Explicit concurrent mark sweep GC freed 14677(881KB) AllocSpace objects, 7(572KB) LOS objects, 33% free, 7MB/10MB, paused 9.346ms total 82.684ms
11-22 16:51:29.351  2389  2389 I art     : System.exit called, status: 0
11-22 16:51:29.352  2389  2389 I AndroidRuntime: VM exiting with result code 0.
11-22 16:51:29.421  1239  1265 I ActivityManager: Force stopping br.com.catbag.gifreduxsample.test appid=10061 user=0: pkg removed
11-22 16:51:29.582  1239  1253 W art     : Long monitor contention with owner PackageManager (1265) at int com.android.server.am.ActivityManagerService.broadcastIntent(android.app.IApplicationThread, android.content.Intent, java.lang.String, android.content.IIntentReceiver, int, java.lang.String, android.os.Bundle, java.lang.String[], int, android.os.Bundle, boolean, boolean, int)(ActivityManagerService.java:18249) waiters=0 in void com.android.server.am.ActivityStackSupervisor$ActivityStackSupervisorHandler.activityIdleInternal(com.android.server.am.ActivityRecord) for 136ms
11-22 16:51:29.727  1239  1279 I InputReader: Reconfiguring input devices.  changes=0x00000010
11-22 16:51:30.910  2401  2401 D AndroidRuntime: >>>>>> START com.android.internal.os.RuntimeInit uid 2000 <<<<<<
11-22 16:51:30.917  2401  2401 D AndroidRuntime: CheckJNI is ON
11-22 16:51:30.988  2401  2401 W art     : Unexpected CPU variant for X86 using defaults: x86
11-22 16:51:30.993  2401  2401 D ICU     : No timezone override file found: /data/misc/zoneinfo/current/icu/icu_tzdata.dat
11-22 16:51:31.029  2401  2401 E memtrack: Couldn't load memtrack module (No such file or directory)
11-22 16:51:31.029  2401  2401 E android.os.Debug: failed to load memtrack module: -2
11-22 16:51:31.030  2401  2401 I Radio-JNI: register_android_hardware_Radio DONE
11-22 16:51:31.129  1239  1265 W art     : Long monitor contention with owner ActivityManager (1253) at void com.android.server.am.BroadcastQueue.processNextBroadcast(boolean)(BroadcastQueue.java:754) waiters=0 in int com.android.server.am.ActivityManagerService.broadcastIntent(android.app.IApplicationThread, android.content.Intent, java.lang.String, android.content.IIntentReceiver, int, java.lang.String, android.os.Bundle, java.lang.String[], int, android.os.Bundle, boolean, boolean, int) for 1.519s
11-22 16:51:31.132  1239  1239 W art     : Long monitor contention with owner ActivityManager (1253) at void com.android.server.am.BroadcastQueue.processNextBroadcast(boolean)(BroadcastQueue.java:754) waiters=1 in boolean com.android.server.am.ActivityManagerService.isUserRunning(int, int) for 1.432s
11-22 16:51:31.136  1239  1252 W art     : Long monitor contention with owner ActivityManager (1253) at void com.android.server.am.BroadcastQueue.processNextBroadcast(boolean)(BroadcastQueue.java:754) waiters=2 in boolean com.android.server.am.ActivityManagerService.isUserRunning(int, int) for 636ms
11-22 16:51:31.138  2401  2401 D AndroidRuntime: Calling main entry com.android.commands.pm.Pm
11-22 16:51:31.246  1239  1265 E KernelUidCpuTimeReader: failed to remove uid from uid_cputime module
11-22 16:51:31.246  1239  1265 E KernelUidCpuTimeReader: java.io.FileNotFoundException: /proc/uid_cputime/remove_uid_range (No such file or directory)
11-22 16:51:31.246  1239  1265 E KernelUidCpuTimeReader: 	at java.io.FileOutputStream.open(Native Method)
11-22 16:51:31.246  1239  1265 E KernelUidCpuTimeReader: 	at java.io.FileOutputStream.<init>(FileOutputStream.java:221)
11-22 16:51:31.246  1239  1265 E KernelUidCpuTimeReader: 	at java.io.FileOutputStream.<init>(FileOutputStream.java:108)
11-22 16:51:31.246  1239  1265 E KernelUidCpuTimeReader: 	at java.io.FileWriter.<init>(FileWriter.java:63)
11-22 16:51:31.246  1239  1265 E KernelUidCpuTimeReader: 	at com.android.internal.os.KernelUidCpuTimeReader.removeUid(KernelUidCpuTimeReader.java:158)
11-22 16:51:31.246  1239  1265 E KernelUidCpuTimeReader: 	at com.android.internal.os.BatteryStatsImpl.removeUidStatsLocked(BatteryStatsImpl.java:9805)
11-22 16:51:31.246  1239  1265 E KernelUidCpuTimeReader: 	at com.android.server.am.BatteryStatsService.removeUid(BatteryStatsService.java:291)
11-22 16:51:31.246  1239  1265 E KernelUidCpuTimeReader: 	at com.android.server.am.ActivityManagerService.broadcastIntentLocked(ActivityManagerService.java:17767)
11-22 16:51:31.246  1239  1265 E KernelUidCpuTimeReader: 	at com.android.server.am.ActivityManagerService.broadcastIntent(ActivityManagerService.java:18256)
11-22 16:51:31.246  1239  1265 E KernelUidCpuTimeReader: 	at com.android.server.pm.PackageManagerService$8.run(PackageManagerService.java:11407)
11-22 16:51:31.246  1239  1265 E KernelUidCpuTimeReader: 	at android.os.Handler.handleCallback(Handler.java:751)
11-22 16:51:31.246  1239  1265 E KernelUidCpuTimeReader: 	at android.os.Handler.dispatchMessage(Handler.java:95)
11-22 16:51:31.246  1239  1265 E KernelUidCpuTimeReader: 	at android.os.Looper.loop(Looper.java:154)
11-22 16:51:31.246  1239  1265 E KernelUidCpuTimeReader: 	at android.os.HandlerThread.run(HandlerThread.java:61)
11-22 16:51:31.246  1239  1265 E KernelUidCpuTimeReader: 	at com.android.server.ServiceThread.run(ServiceThread.java:46)
11-22 16:51:31.470  1239  1252 W art     : Long monitor contention with owner PackageManager (1265) at void com.android.server.pm.PackageManagerService.removePackageDataLIF(com.android.server.pm.PackageSetting, int[], com.android.server.pm.PackageManagerService$PackageRemovedInfo, int, boolean)(PackageManagerService.java:15761) waiters=1 in android.content.pm.ProviderInfo com.android.server.pm.PackageManagerService.resolveContentProvider(java.lang.String, int, int) for 182ms
11-22 16:51:31.481  1239  1253 W art     : Long monitor contention with owner PackageManager (1265) at int com.android.server.am.ActivityManagerService.broadcastIntent(android.app.IApplicationThread, android.content.Intent, java.lang.String, android.content.IIntentReceiver, int, java.lang.String, android.os.Bundle, java.lang.String[], int, android.os.Bundle, boolean, boolean, int)(ActivityManagerService.java:18249) waiters=4 in void com.android.server.am.BroadcastQueue.processNextBroadcast(boolean) for 215ms
11-22 16:51:31.483  1239  1265 I art     : Starting a blocking GC Explicit
11-22 16:51:31.506  1239  1253 I ActivityManager: Force stopping br.com.catbag.gifreduxsample appid=10060 user=-1: deletePackageX
11-22 16:51:31.601  1453  1453 D CarrierSvcBindHelper: No carrier app for: 0
11-22 16:51:31.875  1239  1265 I art     : Explicit concurrent mark sweep GC freed 25675(1341KB) AllocSpace objects, 6(120KB) LOS objects, 33% free, 7MB/10MB, paused 21.471ms total 385.475ms
11-22 16:51:32.002  1668  1694 I art     : Background sticky concurrent mark sweep GC freed 2897(316KB) AllocSpace objects, 0(0B) LOS objects, 24% free, 1994KB/2MB, paused 5.951ms total 81.618ms
11-22 16:51:32.020  2401  2401 I art     : System.exit called, status: 0
11-22 16:51:32.021  2401  2401 I AndroidRuntime: VM exiting with result code 0.
11-22 16:51:32.027  1239  1252 W LocationProviderProxy-network: Odd, no component found for service com.android.location.service.v3.NetworkLocationProvider
11-22 16:51:32.029  1239  1252 W GeocoderProxy: Odd, no component found for service com.android.location.service.GeocodeProvider
11-22 16:51:32.029  1239  1252 W GeofenceProxy: Odd, no component found for service com.android.location.service.GeofenceProvider
11-22 16:51:32.030  1239  1252 W ActivityRecognitionProxy: Odd, no component found for service com.android.location.service.ActivityRecognitionProvider
11-22 16:51:32.598  1726  1726 I Choreographer: Skipped 50 frames!  The application may be doing too much work on its main thread.
11-22 16:51:33.067  1726  1726 I Choreographer: Skipped 45 frames!  The application may be doing too much work on its main thread.
11-22 16:51:34.861  1752  1752 W ContextImpl: Calling a method in the system process without a qualified user: android.app.ContextImpl.startService:1385 android.content.ContextWrapper.startService:613 android.content.ContextWrapper.startService:613 com.android.keychain.KeyChainBroadcastReceiver.onReceive:12 android.app.ActivityThread.handleReceiver:3011 
11-22 16:51:35.224  1239  1265 I ActivityManager: Force stopping br.com.catbag.gifreduxsample appid=10060 user=0: pkg removed
11-22 16:51:35.837  1239  1253 W art     : Long monitor contention with owner PackageManager (1265) at int com.android.server.am.ActivityManagerService.broadcastIntent(android.app.IApplicationThread, android.content.Intent, java.lang.String, android.content.IIntentReceiver, int, java.lang.String, android.os.Bundle, java.lang.String[], int, android.os.Bundle, boolean, boolean, int)(ActivityManagerService.java:18249) waiters=0 in void com.android.server.am.ActivityStackSupervisor$ActivityStackSupervisorHandler.activityIdleInternal(com.android.server.am.ActivityRecord) for 551ms
11-22 16:51:35.893  1239  1265 E KernelUidCpuTimeReader: failed to remove uid from uid_cputime module
11-22 16:51:35.893  1239  1265 E KernelUidCpuTimeReader: java.io.FileNotFoundException: /proc/uid_cputime/remove_uid_range (No such file or directory)
11-22 16:51:35.893  1239  1265 E KernelUidCpuTimeReader: 	at java.io.FileOutputStream.open(Native Method)
11-22 16:51:35.893  1239  1265 E KernelUidCpuTimeReader: 	at java.io.FileOutputStream.<init>(FileOutputStream.java:221)
11-22 16:51:35.893  1239  1265 E KernelUidCpuTimeReader: 	at java.io.FileOutputStream.<init>(FileOutputStream.java:108)
11-22 16:51:35.893  1239  1265 E KernelUidCpuTimeReader: 	at java.io.FileWriter.<init>(FileWriter.java:63)
11-22 16:51:35.893  1239  1265 E KernelUidCpuTimeReader: 	at com.android.internal.os.KernelUidCpuTimeReader.removeUid(KernelUidCpuTimeReader.java:158)
11-22 16:51:35.893  1239  1265 E KernelUidCpuTimeReader: 	at com.android.internal.os.BatteryStatsImpl.removeUidStatsLocked(BatteryStatsImpl.java:9805)
11-22 16:51:35.893  1239  1265 E KernelUidCpuTimeReader: 	at com.android.server.am.BatteryStatsService.removeUid(BatteryStatsService.java:291)
11-22 16:51:35.893  1239  1265 E KernelUidCpuTimeReader: 	at com.android.server.am.ActivityManagerService.broadcastIntentLocked(ActivityManagerService.java:17767)
11-22 16:51:35.893  1239  1265 E KernelUidCpuTimeReader: 	at com.android.server.am.ActivityManagerService.broadcastIntent(ActivityManagerService.java:18256)
11-22 16:51:35.893  1239  1265 E KernelUidCpuTimeReader: 	at com.android.server.pm.PackageManagerService$8.run(PackageManagerService.java:11407)
11-22 16:51:35.893  1239  1265 E KernelUidCpuTimeReader: 	at android.os.Handler.handleCallback(Handler.java:751)
11-22 16:51:35.893  1239  1265 E KernelUidCpuTimeReader: 	at android.os.Handler.dispatchMessage(Handler.java:95)
11-22 16:51:35.893  1239  1265 E KernelUidCpuTimeReader: 	at android.os.Looper.loop(Looper.java:154)
11-22 16:51:35.893  1239  1265 E KernelUidCpuTimeReader: 	at android.os.HandlerThread.run(HandlerThread.java:61)
11-22 16:51:35.893  1239  1265 E KernelUidCpuTimeReader: 	at com.android.server.ServiceThread.run(ServiceThread.java:46)
11-22 16:51:36.599  1239  1279 I InputReader: Reconfiguring input devices.  changes=0x00000010
11-22 16:51:37.520  1453  1453 D CarrierSvcBindHelper: No carrier app for: 0
11-22 16:51:38.742  1726  1749 I art     : Background partial concurrent mark sweep GC freed 679(24KB) AllocSpace objects, 0(0B) LOS objects, 40% free, 3MB/6MB, paused 265.268ms total 2.959s
11-22 16:51:38.901  1239  1252 W LocationProviderProxy-network: Odd, no component found for service com.android.location.service.v3.NetworkLocationProvider
11-22 16:51:38.913  1239  1252 W GeocoderProxy: Odd, no component found for service com.android.location.service.GeocodeProvider
11-22 16:51:38.914  1239  1252 W GeofenceProxy: Odd, no component found for service com.android.location.service.GeofenceProvider
11-22 16:51:38.925  1239  1252 W ActivityRecognitionProxy: Odd, no component found for service com.android.location.service.ActivityRecognitionProvider
11-22 16:51:39.984  1726  1726 I Choreographer: Skipped 56 frames!  The application may be doing too much work on its main thread.
11-22 16:51:40.504  1726  1726 I Choreographer: Skipped 112 frames!  The application may be doing too much work on its main thread.
11-22 16:51:42.188  1239  2150 W ActivityManager: Slow operation: 289ms so far, now at startProcess: returned from zygote!
11-22 16:51:42.190  1239  2150 W ActivityManager: Slow operation: 292ms so far, now at startProcess: done updating battery stats
11-22 16:51:42.211  1239  2150 W ActivityManager: Slow operation: 296ms so far, now at startProcess: building log message
11-22 16:51:42.212  1239  2150 I ActivityManager: Start proc 2420:com.android.documentsui/u0a7 for broadcast com.android.documentsui/.PackageReceiver
11-22 16:51:42.218  1239  2150 W ActivityManager: Slow operation: 316ms so far, now at startProcess: starting to update pids map
11-22 16:51:42.222  1239  2150 W ActivityManager: Slow operation: 324ms so far, now at startProcess: done updating pids map
11-22 16:51:42.223  1239  2150 W ActivityManager: Slow operation: 340ms so far, now at startProcess: done starting proc!
11-22 16:51:42.297  2420  2420 W art     : Unexpected CPU variant for X86 using defaults: x86
11-22 16:51:43.633  1652  2434 D VoicemailCleanupService: Cleaning up data for package: br.com.catbag.gifreduxsample.test
11-22 16:51:43.673  2420  2420 W System  : ClassLoader referenced unknown path: /system/priv-app/DocumentsUI/lib/x86
11-22 16:51:45.054  1326  1495 I LatinIME:LogUtils: Dictionary info: dictionary = main:en ; version = 54 ; date = 1414726273
11-22 16:51:45.232  1326  1495 I LatinIME:LogUtils: Dictionary info: dictionary = main:en ; version = 54 ; date = 1414726273
