11-24 17:59:04.433  2264  2279 I TestRunner: started: whenScrollUpAndPlayFirstItemTest(br.com.catbag.gifreduxsample.ui.giflist.GifListActivityTest)
11-24 17:59:04.436  2264  2264 I MonitoringInstrumentation: Activities that are still in CREATED to STOPPED: 1
11-24 17:59:04.449  1239  1260 I WindowManager: Destroying surface Surface(name=Starting br.com.catbag.gifreduxsample) called by com.android.server.wm.WindowStateAnimator.destroySurface:2014 com.android.server.wm.WindowStateAnimator.destroySurfaceLocked:881 com.android.server.wm.WindowState.removeLocked:1449 com.android.server.wm.WindowManagerService.removeWindowInnerLocked:2478 com.android.server.wm.AppWindowToken.destroySurfaces:365 com.android.server.wm.WindowStateAnimator.finishExit:565 com.android.server.wm.WindowStateAnimator.stepAnimationLocked:491 com.android.server.wm.WindowAnimator.updateWindowsLocked:303 
11-24 17:59:04.490  2264  2280 I DroidFlux:Dispatcher: [STARTED] dispatch of action [FAKE_REDUCE_ACTION]
11-24 17:59:04.557  2264  2280 I DroidFlux:Dispatcher: [COMPLETED] dispatch of action [FAKE_REDUCE_ACTION]
11-24 17:59:04.624  2264  2310 D ActivityTestRule: Launching activity br.com.catbag.gifreduxsample.ui.GifListActivity
11-24 17:59:04.626  2264  2311 D MonitoringInstrumentation: execStartActivity(context, ibinder, ibinder, activity, intent, int, bundle
11-24 17:59:04.626  1239  1503 I ActivityManager: START u0 {flg=0x10000000 cmp=br.com.catbag.gifreduxsample/.ui.GifListActivity} from uid 10060 on display 0
11-24 17:59:04.696  1239  1260 I Choreographer: Skipped 54 frames!  The application may be doing too much work on its main thread.
11-24 17:59:04.775  2264  2264 D LifecycleMonitor: Lifecycle status change: br.com.catbag.gifreduxsample.ui.GifListActivity@1379576 in: PRE_ON_CREATE
11-24 17:59:04.897  2264  2264 D LifecycleMonitor: Lifecycle status change: br.com.catbag.gifreduxsample.ui.GifListActivity@1379576 in: CREATED
11-24 17:59:04.901  2264  2264 D LifecycleMonitor: Lifecycle status change: br.com.catbag.gifreduxsample.ui.GifListActivity@1379576 in: STARTED
11-24 17:59:04.904  2264  2264 D LifecycleMonitor: Lifecycle status change: br.com.catbag.gifreduxsample.ui.GifListActivity@1379576 in: RESUMED
11-24 17:59:04.917  2264  2280 I DroidFlux:Dispatcher: [STARTED] dispatch of action [APP_STATE_LOAD]
11-24 17:59:04.917  2264  2280 D DroidFlux:Dispatcher: An action of type [APP_STATE_LOAD] was dispatched, but no reducer handled it
11-24 17:59:04.960  2264  2280 I DroidFlux:Dispatcher: [COMPLETED] dispatch of action [APP_STATE_LOAD]
11-24 17:59:05.067  2264  2264 W ResourceType: No package identifier when getting name for resource number 0x000000e9
11-24 17:59:05.101  2264  2264 I ViewInteraction: Performing 'scroll RecyclerView to position: 4' action on view with id: 233 (resource name not found)
11-24 17:59:05.164  1239  1260 I ActivityManager: Displayed br.com.catbag.gifreduxsample/.ui.GifListActivity: +418ms
11-24 17:59:05.213  2264  2275 W art     : Suspending all threads took: 56.858ms
11-24 17:59:05.236  2264  2275 I art     : Background sticky concurrent mark sweep GC freed 8388(493KB) AllocSpace objects, 1(16KB) LOS objects, 1% free, 12MB/12MB, paused 69.537ms total 224.197ms
11-24 17:59:05.424  1239  1260 I WindowManager: Destroying surface Surface(name=Starting br.com.catbag.gifreduxsample) called by com.android.server.wm.WindowStateAnimator.destroySurface:2014 com.android.server.wm.WindowStateAnimator.destroySurfaceLocked:881 com.android.server.wm.WindowState.destroyOrSaveSurface:2073 com.android.server.wm.AppWindowToken.destroySurfaces:363 com.android.server.wm.WindowStateAnimator.finishExit:565 com.android.server.wm.WindowStateAnimator.stepAnimationLocked:491 com.android.server.wm.WindowAnimator.updateWindowsLocked:303 com.android.server.wm.WindowAnimator.animateLocked:704 
11-24 17:59:05.522  2264  2264 W ResourceType: No package identifier when getting name for resource number 0x000000e9
11-24 17:59:05.556  2264  2264 W ResourceType: No package identifier when getting name for resource number 0x000000ea
11-24 17:59:05.557  2264  2264 I ViewInteraction: Performing 'actionOnItemAtPosition performing ViewAction: single click on item at position: 0' action on view with id: 234 (resource name not found)
11-24 17:59:05.640  1239  1682 I WindowManager: Destroying surface Surface(name=com.android.launcher3/com.android.launcher3.Launcher) called by com.android.server.wm.WindowStateAnimator.destroySurface:2014 com.android.server.wm.WindowStateAnimator.destroySurfaceLocked:881 com.android.server.wm.WindowState.destroyOrSaveSurface:2073 com.android.server.wm.AppWindowToken.destroySurfaces:363 com.android.server.wm.AppWindowToken.notifyAppStopped:389 com.android.server.wm.WindowManagerService.notifyAppStopped:4456 com.android.server.am.ActivityStack.activityStoppedLocked:1252 com.android.server.am.ActivityManagerService.activityStopped:6873 
11-24 17:59:05.683  2264  2264 D LifecycleMonitor: Lifecycle status change: br.com.catbag.gifreduxsample.ui.GifListActivity@eb8ad4a in: STOPPED
11-24 17:59:05.684  2264  2264 D LifecycleMonitor: Lifecycle status change: br.com.catbag.gifreduxsample.ui.GifListActivity@eb8ad4a in: DESTROYED
11-24 17:59:05.697  1239  1619 I WindowManager: Destroying surface Surface(name=br.com.catbag.gifreduxsample/br.com.catbag.gifreduxsample.ui.GifListActivity) called by com.android.server.wm.WindowStateAnimator.destroySurface:2014 com.android.server.wm.WindowStateAnimator.destroySurfaceLocked:881 com.android.server.wm.WindowState.removeLocked:1449 com.android.server.wm.WindowManagerService.removeWindowInnerLocked:2478 com.android.server.wm.WindowManagerService.removeWindowLocked:2436 com.android.server.wm.WindowManagerService.removeWindowLocked:2305 com.android.server.wm.WindowManagerService.removeWindow:2300 com.android.server.wm.Session.remove:193 
11-24 17:59:05.750  2264  2275 I art     : Background partial concurrent mark sweep GC freed 10014(691KB) AllocSpace objects, 14(2MB) LOS objects, 29% free, 9MB/13MB, paused 4.455ms total 222.256ms
11-24 17:59:05.819  2264  2280 I DroidFlux:Dispatcher: [STARTED] dispatch of action [GIF_PLAY]
11-24 17:59:05.820  2264  2280 I DroidFlux:Dispatcher: [COMPLETED] dispatch of action [GIF_PLAY]
11-24 17:59:05.880   985  1025 D AudioFlinger: mixer(0xb4e03b80) throttle end: throttle time(11)
11-24 17:59:05.899   985  1025 D AudioFlinger: mixer(0xb4e03b80) throttle end: throttle time(11)
11-24 17:59:06.530  2264  2264 D LifecycleMonitor: Lifecycle status change: br.com.catbag.gifreduxsample.ui.GifListActivity@1379576 in: PAUSED
11-24 17:59:06.555  2264  2279 I TestRunner: finished: whenScrollUpAndPlayFirstItemTest(br.com.catbag.gifreduxsample.ui.giflist.GifListActivityTest)
11-24 17:59:06.631   977   977 D gralloc : Registering a buffer in the process that created it. This may cause memory ordering problems.
11-24 17:59:06.632   977   977 E libEGL  : called unimplemented OpenGL ES API
11-24 17:59:06.633   977   977 E SurfaceFlinger: glCheckFramebufferStatusOES error 2070398852
11-24 17:59:06.633   977   977 E SurfaceFlinger: got GL_FRAMEBUFFER_COMPLETE_OES error while taking screenshot
11-24 17:59:06.635  1239  1456 W WindowManager: Screenshot failure taking screenshot for (480x800) to layer 21005
11-24 17:59:06.644  2264  2264 I MonitoringInstrumentation: Activities that are still in CREATED to STOPPED: 1
11-24 17:59:06.646  2264  2279 I TestRunner: started: whenGifIsDownloadedTest(br.com.catbag.gifreduxsample.ui.giflist.GifListActivityTest)
11-24 17:59:06.687  2264  2264 I MonitoringInstrumentation: Activities that are still in CREATED to STOPPED: 1
11-24 17:59:06.797  2264  2280 I DroidFlux:Dispatcher: [STARTED] dispatch of action [FAKE_REDUCE_ACTION]
11-24 17:59:06.798  2264  2280 I DroidFlux:Dispatcher: [COMPLETED] dispatch of action [FAKE_REDUCE_ACTION]
11-24 17:59:06.853  2264  2312 D ActivityTestRule: Launching activity br.com.catbag.gifreduxsample.ui.GifListActivity
11-24 17:59:06.870  2264  2313 D MonitoringInstrumentation: execStartActivity(context, ibinder, ibinder, activity, intent, int, bundle
11-24 17:59:06.871  1239  1430 I ActivityManager: START u0 {flg=0x10000000 cmp=br.com.catbag.gifreduxsample/.ui.GifListActivity} from uid 10060 on display 0
11-24 17:59:06.940  1758  1758 I Choreographer: Skipped 49 frames!  The application may be doing too much work on its main thread.
11-24 17:59:07.055  2264  2264 D LifecycleMonitor: Lifecycle status change: br.com.catbag.gifreduxsample.ui.GifListActivity@37710be in: PRE_ON_CREATE
11-24 17:59:07.072  2264  2264 D LifecycleMonitor: Lifecycle status change: br.com.catbag.gifreduxsample.ui.GifListActivity@37710be in: CREATED
11-24 17:59:07.072  2264  2264 D LifecycleMonitor: Lifecycle status change: br.com.catbag.gifreduxsample.ui.GifListActivity@37710be in: STARTED
11-24 17:59:07.073  2264  2280 I DroidFlux:Dispatcher: [STARTED] dispatch of action [APP_STATE_LOAD]
11-24 17:59:07.074  2264  2280 D DroidFlux:Dispatcher: An action of type [APP_STATE_LOAD] was dispatched, but no reducer handled it
11-24 17:59:07.074  2264  2280 I DroidFlux:Dispatcher: [COMPLETED] dispatch of action [APP_STATE_LOAD]
11-24 17:59:07.075  2264  2264 D LifecycleMonitor: Lifecycle status change: br.com.catbag.gifreduxsample.ui.GifListActivity@37710be in: RESUMED
11-24 17:59:07.084  1758  1758 I Choreographer: Skipped 33 frames!  The application may be doing too much work on its main thread.
11-24 17:59:07.162  1239  1260 I Choreographer: Skipped 53 frames!  The application may be doing too much work on its main thread.
11-24 17:59:07.493  2264  2264 D LifecycleMonitor: Lifecycle status change: br.com.catbag.gifreduxsample.ui.GifListActivity@37710be in: PAUSED
11-24 17:59:07.511  2264  2279 I TestRunner: finished: whenGifIsDownloadedTest(br.com.catbag.gifreduxsample.ui.giflist.GifListActivityTest)
11-24 17:59:07.552   977   977 D gralloc : Registering a buffer in the process that created it. This may cause memory ordering problems.
11-24 17:59:07.552   977   977 E SurfaceFlinger: glCheckFramebufferStatusOES error 2070398852
11-24 17:59:07.552   977   977 E SurfaceFlinger: got GL_FRAMEBUFFER_COMPLETE_OES error while taking screenshot
11-24 17:59:07.554  1239  1269 W WindowManager: Screenshot failure taking screenshot for (480x800) to layer 22020
11-24 17:59:07.564  2264  2264 I MonitoringInstrumentation: Activities that are still in CREATED to STOPPED: 2
11-24 17:59:07.566  2264  2279 I TestRunner: started: whenPlayGifTest(br.com.catbag.gifreduxsample.ui.giflist.GifListActivityTest)
11-24 17:59:07.617  2264  2264 I MonitoringInstrumentation: Activities that are still in CREATED to STOPPED: 2
11-24 17:59:07.631  2264  2280 I DroidFlux:Dispatcher: [STARTED] dispatch of action [FAKE_REDUCE_ACTION]
11-24 17:59:07.632  2264  2280 I DroidFlux:Dispatcher: [COMPLETED] dispatch of action [FAKE_REDUCE_ACTION]
11-24 17:59:07.637  1239  1251 D WindowManager: relayoutVisibleWindow: Window{3fd85d4 u0 com.android.launcher3/com.android.launcher3.Launcher EXITING} mAnimatingExit=true, mRemoveOnExit=false, mDestroying=false
11-24 17:59:07.766  2264  2314 D ActivityTestRule: Launching activity br.com.catbag.gifreduxsample.ui.GifListActivity
11-24 17:59:07.778  1758  1758 I Choreographer: Skipped 61 frames!  The application may be doing too much work on its main thread.
11-24 17:59:07.783  2264  2315 D MonitoringInstrumentation: execStartActivity(context, ibinder, ibinder, activity, intent, int, bundle
11-24 17:59:07.810  1239  1269 I ActivityManager: START u0 {flg=0x10000000 cmp=br.com.catbag.gifreduxsample/.ui.GifListActivity} from uid 10060 on display 0
11-24 17:59:07.868  1239  1260 I Choreographer: Skipped 58 frames!  The application may be doing too much work on its main thread.
11-24 17:59:07.945  2264  2264 D LifecycleMonitor: Lifecycle status change: br.com.catbag.gifreduxsample.ui.GifListActivity@cb54315 in: PRE_ON_CREATE
11-24 17:59:07.987  2264  2264 D LifecycleMonitor: Lifecycle status change: br.com.catbag.gifreduxsample.ui.GifListActivity@cb54315 in: CREATED
11-24 17:59:07.993  2264  2280 I DroidFlux:Dispatcher: [STARTED] dispatch of action [APP_STATE_LOAD]
11-24 17:59:07.993  2264  2280 D DroidFlux:Dispatcher: An action of type [APP_STATE_LOAD] was dispatched, but no reducer handled it
11-24 17:59:07.993  2264  2280 I DroidFlux:Dispatcher: [COMPLETED] dispatch of action [APP_STATE_LOAD]
11-24 17:59:07.994  2264  2264 D LifecycleMonitor: Lifecycle status change: br.com.catbag.gifreduxsample.ui.GifListActivity@cb54315 in: STARTED
11-24 17:59:07.996  2264  2264 D LifecycleMonitor: Lifecycle status change: br.com.catbag.gifreduxsample.ui.GifListActivity@cb54315 in: RESUMED
11-24 17:59:08.152  1239  1260 I WindowManager: Destroying surface Surface(name=Starting br.com.catbag.gifreduxsample) called by com.android.server.wm.WindowStateAnimator.destroySurface:2014 com.android.server.wm.WindowStateAnimator.destroySurfaceLocked:881 com.android.server.wm.WindowState.removeLocked:1449 com.android.server.wm.WindowManagerService.removeWindowInnerLocked:2478 com.android.server.wm.AppWindowToken.destroySurfaces:365 com.android.server.wm.WindowStateAnimator.finishExit:565 com.android.server.wm.WindowStateAnimator.stepAnimationLocked:491 com.android.server.wm.WindowAnimator.updateWindowsLocked:303 
11-24 17:59:08.273  1239  1251 W InputMethodManagerService: Starting input on non-focused client com.android.internal.view.IInputMethodClient$Stub$Proxy@7aa6223 (uid=10012 pid=1758)
11-24 17:59:08.290  2264  2264 I ViewInteraction: Performing 'single click' action on view with id: br.com.catbag.gifreduxsample:id/gif_image
11-24 17:59:08.318  1239  1260 I ActivityManager: Displayed br.com.catbag.gifreduxsample/.ui.GifListActivity: +416ms (total +1s299ms)
11-24 17:59:08.419  2264  2280 I DroidFlux:Dispatcher: [STARTED] dispatch of action [GIF_PLAY]
11-24 17:59:08.420  2264  2280 I DroidFlux:Dispatcher: [COMPLETED] dispatch of action [GIF_PLAY]
11-24 17:59:08.516  1239  1249 I art     : Background sticky concurrent mark sweep GC freed 31888(2MB) AllocSpace objects, 11(220KB) LOS objects, 26% free, 7MB/10MB, paused 19.361ms total 796.202ms
11-24 17:59:08.561  1239  1260 I WindowManager: Destroying surface Surface(name=Starting br.com.catbag.gifreduxsample) called by com.android.server.wm.WindowStateAnimator.destroySurface:2014 com.android.server.wm.WindowStateAnimator.destroySurfaceLocked:881 com.android.server.wm.WindowState.destroyOrSaveSurface:2073 com.android.server.wm.AppWindowToken.destroySurfaces:363 com.android.server.wm.WindowStateAnimator.finishExit:565 com.android.server.wm.WindowStateAnimator.stepAnimationLocked:491 com.android.server.wm.WindowAnimator.updateWindowsLocked:303 com.android.server.wm.WindowAnimator.animateLocked:704 
11-24 17:59:09.086  2264  2264 D LifecycleMonitor: Lifecycle status change: br.com.catbag.gifreduxsample.ui.GifListActivity@37710be in: STOPPED
11-24 17:59:09.086  2264  2264 D LifecycleMonitor: Lifecycle status change: br.com.catbag.gifreduxsample.ui.GifListActivity@37710be in: DESTROYED
11-24 17:59:09.091  1239  1682 I WindowManager: Destroying surface Surface(name=br.com.catbag.gifreduxsample/br.com.catbag.gifreduxsample.ui.GifListActivity) called by com.android.server.wm.WindowStateAnimator.destroySurface:2014 com.android.server.wm.WindowStateAnimator.destroySurfaceLocked:881 com.android.server.wm.WindowState.removeLocked:1449 com.android.server.wm.WindowManagerService.removeWindowInnerLocked:2478 com.android.server.wm.WindowManagerService.removeWindowLocked:2436 com.android.server.wm.WindowManagerService.removeWindowLocked:2305 com.android.server.wm.WindowManagerService.removeWindow:2300 com.android.server.wm.Session.remove:193 
11-24 17:59:09.110  2264  2264 D LifecycleMonitor: Lifecycle status change: br.com.catbag.gifreduxsample.ui.GifListActivity@1379576 in: STOPPED
11-24 17:59:09.111  2264  2264 D LifecycleMonitor: Lifecycle status change: br.com.catbag.gifreduxsample.ui.GifListActivity@1379576 in: DESTROYED
11-24 17:59:09.118  1239  1250 I WindowManager: Destroying surface Surface(name=br.com.catbag.gifreduxsample/br.com.catbag.gifreduxsample.ui.GifListActivity) called by com.android.server.wm.WindowStateAnimator.destroySurface:2014 com.android.server.wm.WindowStateAnimator.destroySurfaceLocked:881 com.android.server.wm.WindowState.removeLocked:1449 com.android.server.wm.WindowManagerService.removeWindowInnerLocked:2478 com.android.server.wm.WindowManagerService.removeWindowLocked:2436 com.android.server.wm.WindowManagerService.removeWindowLocked:2305 com.android.server.wm.WindowManagerService.removeWindow:2300 com.android.server.wm.Session.remove:193 
11-24 17:59:09.149  1239  1269 I WindowManager: Destroying surface Surface(name=com.android.launcher3/com.android.launcher3.Launcher) called by com.android.server.wm.WindowStateAnimator.destroySurface:2014 com.android.server.wm.WindowStateAnimator.destroySurfaceLocked:881 com.android.server.wm.WindowState.destroyOrSaveSurface:2073 com.android.server.wm.AppWindowToken.destroySurfaces:363 com.android.server.wm.AppWindowToken.notifyAppStopped:389 com.android.server.wm.WindowManagerService.notifyAppStopped:4456 com.android.server.am.ActivityStack.activityStoppedLocked:1252 com.android.server.am.ActivityManagerService.activityStopped:6873 
11-24 17:59:09.348  2264  2264 D LifecycleMonitor: Lifecycle status change: br.com.catbag.gifreduxsample.ui.GifListActivity@cb54315 in: PAUSED
11-24 17:59:09.382  2264  2279 I TestRunner: finished: whenPlayGifTest(br.com.catbag.gifreduxsample.ui.giflist.GifListActivityTest)
11-24 17:59:09.454   977   977 D gralloc : Registering a buffer in the process that created it. This may cause memory ordering problems.
11-24 17:59:09.454   977   977 E libEGL  : called unimplemented OpenGL ES API
11-24 17:59:09.455   977   977 E SurfaceFlinger: glCheckFramebufferStatusOES error 2070398852
11-24 17:59:09.455   977   977 E SurfaceFlinger: got GL_FRAMEBUFFER_COMPLETE_OES error while taking screenshot
11-24 17:59:09.463  1239  1682 W WindowManager: Screenshot failure taking screenshot for (480x800) to layer 21005
11-24 17:59:09.501  2264  2264 I MonitoringInstrumentation: Activities that are still in CREATED to STOPPED: 1
11-24 17:59:09.502  2264  2279 I TestRunner: started: whenGifDownloadFailTest(br.com.catbag.gifreduxsample.ui.giflist.GifListActivityTest)
11-24 17:59:09.575  2264  2264 I MonitoringInstrumentation: Activities that are still in CREATED to STOPPED: 1
11-24 17:59:09.651  2264  2280 I DroidFlux:Dispatcher: [STARTED] dispatch of action [FAKE_REDUCE_ACTION]
11-24 17:59:09.652  2264  2280 I DroidFlux:Dispatcher: [COMPLETED] dispatch of action [FAKE_REDUCE_ACTION]
11-24 17:59:09.695  2264  2316 D ActivityTestRule: Launching activity br.com.catbag.gifreduxsample.ui.GifListActivity
11-24 17:59:09.711  2264  2317 D MonitoringInstrumentation: execStartActivity(context, ibinder, ibinder, activity, intent, int, bundle
11-24 17:59:09.711  1239  1250 I ActivityManager: START u0 {flg=0x10000000 cmp=br.com.catbag.gifreduxsample/.ui.GifListActivity} from uid 10060 on display 0
11-24 17:59:09.987  1758  1758 I Choreographer: Skipped 63 frames!  The application may be doing too much work on its main thread.
11-24 17:59:09.990  2264  2264 D LifecycleMonitor: Lifecycle status change: br.com.catbag.gifreduxsample.ui.GifListActivity@4e928ad in: PRE_ON_CREATE
11-24 17:59:10.027  2264  2264 D LifecycleMonitor: Lifecycle status change: br.com.catbag.gifreduxsample.ui.GifListActivity@4e928ad in: CREATED
11-24 17:59:10.028  2264  2280 I DroidFlux:Dispatcher: [STARTED] dispatch of action [APP_STATE_LOAD]
11-24 17:59:10.042  2264  2264 D LifecycleMonitor: Lifecycle status change: br.com.catbag.gifreduxsample.ui.GifListActivity@4e928ad in: STARTED
11-24 17:59:10.044  2264  2264 D LifecycleMonitor: Lifecycle status change: br.com.catbag.gifreduxsample.ui.GifListActivity@4e928ad in: RESUMED
11-24 17:59:10.048  2264  2264 D LifecycleMonitor: Lifecycle status change: br.com.catbag.gifreduxsample.ui.GifListActivity@cb54315 in: STOPPED
11-24 17:59:10.048  2264  2264 D LifecycleMonitor: Lifecycle status change: br.com.catbag.gifreduxsample.ui.GifListActivity@cb54315 in: DESTROYED
11-24 17:59:10.069  2264  2280 D DroidFlux:Dispatcher: An action of type [APP_STATE_LOAD] was dispatched, but no reducer handled it
11-24 17:59:10.069  2264  2280 I DroidFlux:Dispatcher: [COMPLETED] dispatch of action [APP_STATE_LOAD]
11-24 17:59:10.084  1239  1250 I WindowManager: Destroying surface Surface(name=br.com.catbag.gifreduxsample/br.com.catbag.gifreduxsample.ui.GifListActivity) called by com.android.server.wm.WindowStateAnimator.destroySurface:2014 com.android.server.wm.WindowStateAnimator.destroySurfaceLocked:881 com.android.server.wm.WindowState.removeLocked:1449 com.android.server.wm.WindowManagerService.removeWindowInnerLocked:2478 com.android.server.wm.WindowManagerService.removeWindowLocked:2436 com.android.server.wm.WindowManagerService.removeWindowLocked:2305 com.android.server.wm.WindowManagerService.removeWindow:2300 com.android.server.wm.Session.remove:193 
11-24 17:59:10.288  2264  2264 D LifecycleMonitor: Lifecycle status change: br.com.catbag.gifreduxsample.ui.GifListActivity@4e928ad in: PAUSED
11-24 17:59:10.305  2264  2279 I TestRunner: finished: whenGifDownloadFailTest(br.com.catbag.gifreduxsample.ui.giflist.GifListActivityTest)
11-24 17:59:10.416   977   977 D gralloc : Registering a buffer in the process that created it. This may cause memory ordering problems.
11-24 17:59:10.417   977   977 E SurfaceFlinger: glCheckFramebufferStatusOES error 2070398852
11-24 17:59:10.417   977   977 E SurfaceFlinger: got GL_FRAMEBUFFER_COMPLETE_OES error while taking screenshot
11-24 17:59:10.419  1239  1619 W WindowManager: Screenshot failure taking screenshot for (480x800) to layer 22010
11-24 17:59:10.436  2264  2264 I MonitoringInstrumentation: Activities that are still in CREATED to STOPPED: 1
11-24 17:59:10.447  1239  1430 I ActivityManager: Activity reported stop, but no longer stopping: ActivityRecord{e0ab9bc u0 com.android.launcher3/.Launcher t3}
11-24 17:59:10.470  1239  1619 D WindowManager: relayoutVisibleWindow: Window{3fd85d4 u0 com.android.launcher3/com.android.launcher3.Launcher EXITING} mAnimatingExit=true, mRemoveOnExit=false, mDestroying=false
11-24 17:59:10.481  2264  2279 I TestRunner: started: whenPauseGifTest(br.com.catbag.gifreduxsample.ui.giflist.GifListActivityTest)
11-24 17:59:10.493  2264  2264 I MonitoringInstrumentation: Activities that are still in CREATED to STOPPED: 1
11-24 17:59:10.539  2264  2280 I DroidFlux:Dispatcher: [STARTED] dispatch of action [FAKE_REDUCE_ACTION]
11-24 17:59:10.540  2264  2280 I DroidFlux:Dispatcher: [COMPLETED] dispatch of action [FAKE_REDUCE_ACTION]
11-24 17:59:10.543  2264  2318 D ActivityTestRule: Launching activity br.com.catbag.gifreduxsample.ui.GifListActivity
11-24 17:59:10.544  2264  2319 D MonitoringInstrumentation: execStartActivity(context, ibinder, ibinder, activity, intent, int, bundle
11-24 17:59:10.545  1239  1619 I ActivityManager: START u0 {flg=0x10000000 cmp=br.com.catbag.gifreduxsample/.ui.GifListActivity} from uid 10060 on display 0
11-24 17:59:10.601  1239  1260 W art     : Long monitor contention with owner Binder:1239_7 (1619) at int com.android.server.wm.WindowManagerService.relayoutWindow(com.android.server.wm.Session, android.view.IWindow, int, android.view.WindowManager$LayoutParams, int, int, int, int, android.graphics.Rect, android.graphics.Rect, android.graphics.Rect, android.graphics.Rect, android.graphics.Rect, android.graphics.Rect, android.graphics.Rect, android.content.res.Configuration, android.view.Surface)(WindowManagerService.java:2759) waiters=1 in void com.android.server.wm.WindowAnimator$1.doFrame(long) for 129ms
11-24 17:59:10.643  2264  2264 D LifecycleMonitor: Lifecycle status change: br.com.catbag.gifreduxsample.ui.GifListActivity@baca989 in: PRE_ON_CREATE
11-24 17:59:10.682  2264  2264 D LifecycleMonitor: Lifecycle status change: br.com.catbag.gifreduxsample.ui.GifListActivity@baca989 in: CREATED
11-24 17:59:10.683  2264  2280 I DroidFlux:Dispatcher: [STARTED] dispatch of action [APP_STATE_LOAD]
11-24 17:59:10.683  2264  2280 D DroidFlux:Dispatcher: An action of type [APP_STATE_LOAD] was dispatched, but no reducer handled it
11-24 17:59:10.683  2264  2280 I DroidFlux:Dispatcher: [COMPLETED] dispatch of action [APP_STATE_LOAD]
11-24 17:59:10.698  1239  1260 I WindowManager: Destroying surface Surface(name=Starting br.com.catbag.gifreduxsample) called by com.android.server.wm.WindowStateAnimator.destroySurface:2014 com.android.server.wm.WindowStateAnimator.destroySurfaceLocked:881 com.android.server.wm.WindowState.removeLocked:1449 com.android.server.wm.WindowManagerService.removeWindowInnerLocked:2478 com.android.server.wm.AppWindowToken.destroySurfaces:365 com.android.server.wm.WindowStateAnimator.finishExit:565 com.android.server.wm.WindowStateAnimator.stepAnimationLocked:491 com.android.server.wm.WindowAnimator.updateWindowsLocked:303 
11-24 17:59:10.711  2264  2264 D LifecycleMonitor: Lifecycle status change: br.com.catbag.gifreduxsample.ui.GifListActivity@baca989 in: STARTED
11-24 17:59:10.712  2264  2264 D LifecycleMonitor: Lifecycle status change: br.com.catbag.gifreduxsample.ui.GifListActivity@baca989 in: RESUMED
11-24 17:59:10.758  2264  2264 D LifecycleMonitor: Lifecycle status change: br.com.catbag.gifreduxsample.ui.GifListActivity@4e928ad in: STOPPED
11-24 17:59:10.791  2264  2264 D LifecycleMonitor: Lifecycle status change: br.com.catbag.gifreduxsample.ui.GifListActivity@4e928ad in: DESTROYED
11-24 17:59:10.840  1758  1758 I Choreographer: Skipped 35 frames!  The application may be doing too much work on its main thread.
11-24 17:59:10.855  1239  1260 I WindowManager: Destroying surface Surface(name=br.com.catbag.gifreduxsample/br.com.catbag.gifreduxsample.ui.GifListActivity) called by com.android.server.wm.WindowStateAnimator.destroySurface:2014 com.android.server.wm.WindowStateAnimator.destroySurfaceLocked:881 com.android.server.wm.WindowState.destroyOrSaveSurface:2073 com.android.server.wm.AppWindowToken.destroySurfaces:363 com.android.server.wm.WindowStateAnimator.finishExit:565 com.android.server.wm.WindowStateAnimator.stepAnimationLocked:491 com.android.server.wm.WindowAnimator.updateWindowsLocked:303 com.android.server.wm.WindowAnimator.animateLocked:704 
11-24 17:59:11.207  1239  1260 I ActivityManager: Displayed br.com.catbag.gifreduxsample/.ui.GifListActivity: +613ms (total +1s307ms)
11-24 17:59:11.313  2264  2264 I Choreographer: Skipped 62 frames!  The application may be doing too much work on its main thread.
11-24 17:59:11.369  2264  2264 I ViewInteraction: Performing 'single click' action on view with id: br.com.catbag.gifreduxsample:id/gif_image
11-24 17:59:11.421  1239  1260 I WindowManager: Destroying surface Surface(name=Starting br.com.catbag.gifreduxsample) called by com.android.server.wm.WindowStateAnimator.destroySurface:2014 com.android.server.wm.WindowStateAnimator.destroySurfaceLocked:881 com.android.server.wm.WindowState.destroyOrSaveSurface:2073 com.android.server.wm.AppWindowToken.destroySurfaces:363 com.android.server.wm.WindowStateAnimator.finishExit:565 com.android.server.wm.WindowStateAnimator.stepAnimationLocked:491 com.android.server.wm.WindowAnimator.updateWindowsLocked:303 com.android.server.wm.WindowAnimator.animateLocked:704 
11-24 17:59:11.591  1239  1251 I WindowManager: Destroying surface Surface(name=com.android.launcher3/com.android.launcher3.Launcher) called by com.android.server.wm.WindowStateAnimator.destroySurface:2014 com.android.server.wm.WindowStateAnimator.destroySurfaceLocked:881 com.android.server.wm.WindowState.destroyOrSaveSurface:2073 com.android.server.wm.AppWindowToken.destroySurfaces:363 com.android.server.wm.AppWindowToken.notifyAppStopped:389 com.android.server.wm.WindowManagerService.notifyAppStopped:4456 com.android.server.am.ActivityStack.activityStoppedLocked:1252 com.android.server.am.ActivityManagerService.activityStopped:6873 
11-24 17:59:11.663  2264  2280 I DroidFlux:Dispatcher: [STARTED] dispatch of action [GIF_PAUSE]
11-24 17:59:11.664  2264  2280 I DroidFlux:Dispatcher: [COMPLETED] dispatch of action [GIF_PAUSE]
11-24 17:59:11.680   985  1025 D AudioFlinger: mixer(0xb4e03b80) throttle end: throttle time(11)
11-24 17:59:11.699   985  1025 D AudioFlinger: mixer(0xb4e03b80) throttle end: throttle time(11)
11-24 17:59:12.250  2264  2264 D LifecycleMonitor: Lifecycle status change: br.com.catbag.gifreduxsample.ui.GifListActivity@baca989 in: PAUSED
11-24 17:59:12.255  2264  2279 I TestRunner: finished: whenPauseGifTest(br.com.catbag.gifreduxsample.ui.giflist.GifListActivityTest)
11-24 17:59:12.311   977   977 D gralloc : Registering a buffer in the process that created it. This may cause memory ordering problems.
11-24 17:59:12.311   977   977 E libEGL  : called unimplemented OpenGL ES API
11-24 17:59:12.311   977   977 E SurfaceFlinger: glCheckFramebufferStatusOES error 2070398852
11-24 17:59:12.312   977   977 E SurfaceFlinger: got GL_FRAMEBUFFER_COMPLETE_OES error while taking screenshot
11-24 17:59:12.321  1239  1682 W WindowManager: Screenshot failure taking screenshot for (480x800) to layer 21010
11-24 17:59:12.347  2264  2264 I MonitoringInstrumentation: Activities that are still in CREATED to STOPPED: 1
11-24 17:59:12.356  2264  2279 I TestRunner: started: whenLoadMultipleGifsOnAppStateTest(br.com.catbag.gifreduxsample.ui.giflist.GifListActivityTest)
11-24 17:59:12.366  2264  2264 I MonitoringInstrumentation: Activities that are still in CREATED to STOPPED: 1
11-24 17:59:12.406  2264  2280 I DroidFlux:Dispatcher: [STARTED] dispatch of action [FAKE_REDUCE_ACTION]
11-24 17:59:12.407  2264  2280 I DroidFlux:Dispatcher: [COMPLETED] dispatch of action [FAKE_REDUCE_ACTION]
11-24 17:59:12.416  2264  2320 D ActivityTestRule: Launching activity br.com.catbag.gifreduxsample.ui.GifListActivity
11-24 17:59:12.457  2264  2321 D MonitoringInstrumentation: execStartActivity(context, ibinder, ibinder, activity, intent, int, bundle
11-24 17:59:12.463  1239  1251 I ActivityManager: START u0 {flg=0x10000000 cmp=br.com.catbag.gifreduxsample/.ui.GifListActivity} from uid 10060 on display 0
11-24 17:59:12.648  1239  1250 W art     : Long monitor contention with owner Binder:1239_2 (1251) at int com.android.server.am.ActivityStarter.startActivityMayWait(android.app.IApplicationThread, int, java.lang.String, android.content.Intent, java.lang.String, android.service.voice.IVoiceInteractionSession, com.android.internal.app.IVoiceInteractor, android.os.IBinder, java.lang.String, int, int, android.app.ProfilerInfo, android.app.IActivityManager$WaitResult, android.content.res.Configuration, android.os.Bundle, boolean, int, android.app.IActivityContainer, com.android.server.am.TaskRecord)(ActivityStarter.java:725) waiters=0 in android.app.ActivityOptions com.android.server.am.ActivityManagerService.getActivityOptions(android.os.IBinder) for 175ms
11-24 17:59:12.661  1758  1758 I Choreographer: Skipped 48 frames!  The application may be doing too much work on its main thread.
11-24 17:59:12.765  2264  2264 D LifecycleMonitor: Lifecycle status change: br.com.catbag.gifreduxsample.ui.GifListActivity@6c7f9c6 in: PRE_ON_CREATE
11-24 17:59:12.782  2264  2264 D LifecycleMonitor: Lifecycle status change: br.com.catbag.gifreduxsample.ui.GifListActivity@6c7f9c6 in: CREATED
11-24 17:59:12.783  2264  2280 I DroidFlux:Dispatcher: [STARTED] dispatch of action [APP_STATE_LOAD]
11-24 17:59:12.784  2264  2280 D DroidFlux:Dispatcher: An action of type [APP_STATE_LOAD] was dispatched, but no reducer handled it
11-24 17:59:12.784  2264  2280 I DroidFlux:Dispatcher: [COMPLETED] dispatch of action [APP_STATE_LOAD]
11-24 17:59:12.784  2264  2264 D LifecycleMonitor: Lifecycle status change: br.com.catbag.gifreduxsample.ui.GifListActivity@6c7f9c6 in: STARTED
11-24 17:59:12.786  2264  2264 D LifecycleMonitor: Lifecycle status change: br.com.catbag.gifreduxsample.ui.GifListActivity@6c7f9c6 in: RESUMED
11-24 17:59:12.912  1239  1682 I WindowManager: Destroying surface Surface(name=com.android.launcher3/com.android.launcher3.Launcher) called by com.android.server.wm.WindowStateAnimator.destroySurface:2014 com.android.server.wm.WindowStateAnimator.destroySurfaceLocked:881 com.android.server.wm.WindowState.destroyOrSaveSurface:2073 com.android.server.wm.AppWindowToken.destroySurfaces:363 com.android.server.wm.AppWindowToken.notifyAppStopped:389 com.android.server.wm.WindowManagerService.notifyAppStopped:4456 com.android.server.am.ActivityStack.activityStoppedLocked:1252 com.android.server.am.ActivityManagerService.activityStopped:6873 
11-24 17:59:12.977  2264  2264 D LifecycleMonitor: Lifecycle status change: br.com.catbag.gifreduxsample.ui.GifListActivity@baca989 in: STOPPED
11-24 17:59:12.977  2264  2264 D LifecycleMonitor: Lifecycle status change: br.com.catbag.gifreduxsample.ui.GifListActivity@baca989 in: DESTROYED
11-24 17:59:13.061  1239  1260 I ActivityManager: Displayed br.com.catbag.gifreduxsample/.ui.GifListActivity: +376ms
11-24 17:59:13.080  2264  2264 W ResourceType: No package identifier when getting name for resource number 0x000000f5
11-24 17:59:13.081  2264  2264 I ViewInteraction: Performing 'scroll RecyclerView to position: 2' action on view with id: 245 (resource name not found)
11-24 17:59:13.165  2264  2269 I art     : Do partial code cache collection, code=123KB, data=122KB
11-24 17:59:13.165  2264  2269 I art     : After code cache collection, code=122KB, data=121KB
11-24 17:59:13.166  2264  2269 I art     : Increasing code cache capacity to 512KB
11-24 17:59:13.275  1239  1260 I WindowManager: Destroying surface Surface(name=br.com.catbag.gifreduxsample/br.com.catbag.gifreduxsample.ui.GifListActivity) called by com.android.server.wm.WindowStateAnimator.destroySurface:2014 com.android.server.wm.WindowStateAnimator.destroySurfaceLocked:881 com.android.server.wm.WindowState.removeLocked:1449 com.android.server.wm.WindowManagerService.removeWindowInnerLocked:2478 com.android.server.wm.AppWindowToken.destroySurfaces:365 com.android.server.wm.WindowStateAnimator.finishExit:565 com.android.server.wm.AppWindowAnimator.stepAnimationLocked:427 com.android.server.wm.WindowAnimator.updateAppWindowsLocked:196 
11-24 17:59:13.351  1239  1260 I WindowManager: Destroying surface Surface(name=Starting br.com.catbag.gifreduxsample) called by com.android.server.wm.WindowStateAnimator.destroySurface:2014 com.android.server.wm.WindowStateAnimator.destroySurfaceLocked:881 com.android.server.wm.WindowState.destroyOrSaveSurface:2073 com.android.server.wm.AppWindowToken.destroySurfaces:363 com.android.server.wm.WindowStateAnimator.finishExit:565 com.android.server.wm.WindowStateAnimator.stepAnimationLocked:491 com.android.server.wm.WindowAnimator.updateWindowsLocked:303 com.android.server.wm.WindowAnimator.animateLocked:704 
11-24 17:59:13.386  2264  2264 W ResourceType: No package identifier when getting name for resource number 0x000000f5
11-24 17:59:13.396  2264  2264 W ResourceType: No package identifier when getting name for resource number 0x000000fc
11-24 17:59:13.396  2264  2264 I ViewInteraction: Performing 'scroll RecyclerView to position: 3' action on view with id: 252 (resource name not found)
11-24 17:59:13.585  2264  2275 I art     : Background sticky concurrent mark sweep GC freed 18985(1155KB) AllocSpace objects, 3(64KB) LOS objects, 12% free, 12MB/13MB, paused 7.100ms total 129.447ms
11-24 17:59:13.715  2264  2264 W ResourceType: No package identifier when getting name for resource number 0x000000fc
11-24 17:59:13.738  2264  2264 W ResourceType: No package identifier when getting name for resource number 0x00000103
11-24 17:59:13.738  2264  2264 I ViewInteraction: Performing 'scroll RecyclerView to position: 4' action on view with id: 259 (resource name not found)
11-24 17:59:13.763  1239  1324 E TaskPersister: File error accessing recents directory (directory doesn't exist?).
11-24 17:59:14.022  2264  2264 W ResourceType: No package identifier when getting name for resource number 0x00000103
11-24 17:59:14.036  2264  2264 W ResourceType: No package identifier when getting name for resource number 0x0000010a
11-24 17:59:14.036  2264  2264 I ViewInteraction: Performing 'scroll RecyclerView to position: 5' action on view with id: 266 (resource name not found)
11-24 17:59:14.340  2264  2264 W ResourceType: No package identifier when getting name for resource number 0x0000010a
11-24 17:59:14.374  2264  2264 W ResourceType: No package identifier when getting name for resource number 0x00000111
11-24 17:59:14.374  2264  2264 I ViewInteraction: Performing 'scroll RecyclerView to position: 6' action on view with id: 273 (resource name not found)
11-24 17:59:14.452  2264  2275 I art     : Background partial concurrent mark sweep GC freed 14058(1168KB) AllocSpace objects, 9(192KB) LOS objects, 23% free, 12MB/16MB, paused 5.450ms total 100.777ms
11-24 17:59:14.680  2264  2264 W ResourceType: No package identifier when getting name for resource number 0x00000111
11-24 17:59:14.697  2264  2264 W ResourceType: No package identifier when getting name for resource number 0x00000118
11-24 17:59:14.698  2264  2264 I ViewInteraction: Performing 'scroll RecyclerView to position: 7' action on view with id: 280 (resource name not found)
11-24 17:59:15.004  2264  2264 W ResourceType: No package identifier when getting name for resource number 0x00000118
11-24 17:59:15.029  2264  2264 W ResourceType: No package identifier when getting name for resource number 0x0000011f
11-24 17:59:15.030  2264  2264 I ViewInteraction: Performing 'scroll RecyclerView to position: 8' action on view with id: 287 (resource name not found)
11-24 17:59:15.322  2264  2264 W ResourceType: No package identifier when getting name for resource number 0x0000011f
11-24 17:59:15.359  2264  2264 W ResourceType: No package identifier when getting name for resource number 0x00000126
11-24 17:59:15.360  2264  2264 I ViewInteraction: Performing 'scroll RecyclerView to position: 9' action on view with id: 294 (resource name not found)
11-24 17:59:15.663  2264  2264 W ResourceType: No package identifier when getting name for resource number 0x00000126
11-24 17:59:15.708  2264  2264 D LifecycleMonitor: Lifecycle status change: br.com.catbag.gifreduxsample.ui.GifListActivity@6c7f9c6 in: PAUSED
11-24 17:59:15.733  2264  2279 I TestRunner: finished: whenLoadMultipleGifsOnAppStateTest(br.com.catbag.gifreduxsample.ui.giflist.GifListActivityTest)
11-24 17:59:15.786   977   977 D gralloc : Registering a buffer in the process that created it. This may cause memory ordering problems.
11-24 17:59:15.787   977   977 E libEGL  : called unimplemented OpenGL ES API
11-24 17:59:15.787   977   977 E SurfaceFlinger: glCheckFramebufferStatusOES error 2070398852
11-24 17:59:15.787   977   977 E SurfaceFlinger: got GL_FRAMEBUFFER_COMPLETE_OES error while taking screenshot
11-24 17:59:15.796  1239  1456 W WindowManager: Screenshot failure taking screenshot for (480x800) to layer 21005
11-24 17:59:15.857  2264  2264 I MonitoringInstrumentation: Activities that are still in CREATED to STOPPED: 1
11-24 17:59:15.864  2264  2279 I TestRunner: run finished: 15 tests, 0 failed, 0 ignored
11-24 17:59:15.970  1758  1758 I Choreographer: Skipped 37 frames!  The application may be doing too much work on its main thread.
11-24 17:59:16.141  2264  2279 I MonitoringInstrumentation: Unstopped activity count: 1
11-24 17:59:16.152  2264  2264 I MonitoringInstrumentation: Activities that are still in CREATED to STOPPED: 1
11-24 17:59:16.199  2264  2279 I MonitoringInstrumentation: Unstopped activity count: 1
11-24 17:59:16.259  2264  2279 I MonitoringInstrumentation: Unstopped activity count: 1
11-24 17:59:16.319  2264  2279 I MonitoringInstrumentation: Unstopped activity count: 1
11-24 17:59:16.326  1758  1758 I Choreographer: Skipped 34 frames!  The application may be doing too much work on its main thread.
11-24 17:59:16.379  2264  2279 I MonitoringInstrumentation: Unstopped activity count: 1
11-24 17:59:16.439  2264  2279 I MonitoringInstrumentation: Unstopped activity count: 1
11-24 17:59:16.500  2264  2279 I MonitoringInstrumentation: Unstopped activity count: 1
11-24 17:59:16.559  2264  2279 I MonitoringInstrumentation: Unstopped activity count: 1
11-24 17:59:16.620  2264  2279 I MonitoringInstrumentation: Unstopped activity count: 1
11-24 17:59:16.679  2264  2279 I MonitoringInstrumentation: Unstopped activity count: 1
11-24 17:59:16.708  2264  2264 D LifecycleMonitor: Lifecycle status change: br.com.catbag.gifreduxsample.ui.GifListActivity@6c7f9c6 in: STOPPED
11-24 17:59:16.708  2264  2264 D LifecycleMonitor: Lifecycle status change: br.com.catbag.gifreduxsample.ui.GifListActivity@6c7f9c6 in: DESTROYED
11-24 17:59:16.740  2264  2279 I MonitoringInstrumentation: waitForActivitiesToComplete() took: 598ms
11-24 17:59:16.753  1239  1503 I ActivityManager: Force stopping br.com.catbag.gifreduxsample appid=10060 user=0: finished inst
11-24 17:59:16.760  2254  2254 D AndroidRuntime: Shutting down VM
11-24 17:59:16.794  1239  1260 I Choreographer: Skipped 33 frames!  The application may be doing too much work on its main thread.
11-24 17:59:16.821  1239  1503 I ActivityManager: Killing 2264:br.com.catbag.gifreduxsample/u0a60 (adj 0): stop br.com.catbag.gifreduxsample
11-24 17:59:16.839  2254  2254 W art     : Suspending all threads took: 18.643ms
11-24 17:59:16.866  1239  1260 I WindowManager: Destroying surface Surface(name=br.com.catbag.gifreduxsample/br.com.catbag.gifreduxsample.ui.GifListActivity) called by com.android.server.wm.WindowStateAnimator.destroySurface:2014 com.android.server.wm.WindowStateAnimator.destroySurfaceLocked:881 com.android.server.wm.WindowState.removeLocked:1449 com.android.server.wm.WindowManagerService.removeWindowInnerLocked:2478 com.android.server.wm.AppWindowToken.destroySurfaces:365 com.android.server.wm.WindowStateAnimator.finishExit:565 com.android.server.wm.WindowStateAnimator.stepAnimationLocked:491 com.android.server.wm.WindowAnimator.updateWindowsLocked:303 
11-24 17:59:17.477  2332  2332 D AndroidRuntime: >>>>>> START com.android.internal.os.RuntimeInit uid 2000 <<<<<<
11-24 17:59:17.486  2332  2332 D AndroidRuntime: CheckJNI is ON
11-24 17:59:17.547  2332  2332 W art     : Unexpected CPU variant for X86 using defaults: x86
11-24 17:59:17.561  2332  2332 D ICU     : No timezone override file found: /data/misc/zoneinfo/current/icu/icu_tzdata.dat
11-24 17:59:17.594  2332  2332 E memtrack: Couldn't load memtrack module (No such file or directory)
11-24 17:59:17.595  2332  2332 E android.os.Debug: failed to load memtrack module: -2
11-24 17:59:17.596  2332  2332 I Radio-JNI: register_android_hardware_Radio DONE
11-24 17:59:17.622  2332  2332 D AndroidRuntime: Calling main entry com.android.commands.pm.Pm
11-24 17:59:17.657  1239  1253 I ActivityManager: Force stopping br.com.catbag.gifreduxsample.test appid=10061 user=-1: deletePackageX
11-24 17:59:17.822  1239  1265 I art     : Starting a blocking GC Explicit
11-24 17:59:17.889  1239  1265 I art     : Explicit concurrent mark sweep GC freed 27938(1888KB) AllocSpace objects, 10(200KB) LOS objects, 33% free, 7MB/10MB, paused 5.705ms total 61.967ms
11-24 17:59:17.909  2332  2332 I art     : System.exit called, status: 0
11-24 17:59:17.910  2332  2332 I AndroidRuntime: VM exiting with result code 0.
11-24 17:59:17.981  1239  1265 I ActivityManager: Force stopping br.com.catbag.gifreduxsample.test appid=10061 user=0: pkg removed
11-24 17:59:18.137  1239  1265 E KernelUidCpuTimeReader: failed to remove uid from uid_cputime module
11-24 17:59:18.137  1239  1265 E KernelUidCpuTimeReader: java.io.FileNotFoundException: /proc/uid_cputime/remove_uid_range (No such file or directory)
11-24 17:59:18.137  1239  1265 E KernelUidCpuTimeReader: 	at java.io.FileOutputStream.open(Native Method)
11-24 17:59:18.137  1239  1265 E KernelUidCpuTimeReader: 	at java.io.FileOutputStream.<init>(FileOutputStream.java:221)
11-24 17:59:18.137  1239  1265 E KernelUidCpuTimeReader: 	at java.io.FileOutputStream.<init>(FileOutputStream.java:108)
11-24 17:59:18.137  1239  1265 E KernelUidCpuTimeReader: 	at java.io.FileWriter.<init>(FileWriter.java:63)
11-24 17:59:18.137  1239  1265 E KernelUidCpuTimeReader: 	at com.android.internal.os.KernelUidCpuTimeReader.removeUid(KernelUidCpuTimeReader.java:158)
11-24 17:59:18.137  1239  1265 E KernelUidCpuTimeReader: 	at com.android.internal.os.BatteryStatsImpl.removeUidStatsLocked(BatteryStatsImpl.java:9805)
11-24 17:59:18.137  1239  1265 E KernelUidCpuTimeReader: 	at com.android.server.am.BatteryStatsService.removeUid(BatteryStatsService.java:291)
11-24 17:59:18.137  1239  1265 E KernelUidCpuTimeReader: 	at com.android.server.am.ActivityManagerService.broadcastIntentLocked(ActivityManagerService.java:17767)
11-24 17:59:18.137  1239  1265 E KernelUidCpuTimeReader: 	at com.android.server.am.ActivityManagerService.broadcastIntent(ActivityManagerService.java:18256)
11-24 17:59:18.137  1239  1265 E KernelUidCpuTimeReader: 	at com.android.server.pm.PackageManagerService$8.run(PackageManagerService.java:11407)
11-24 17:59:18.137  1239  1265 E KernelUidCpuTimeReader: 	at android.os.Handler.handleCallback(Handler.java:751)
11-24 17:59:18.137  1239  1265 E KernelUidCpuTimeReader: 	at android.os.Handler.dispatchMessage(Handler.java:95)
11-24 17:59:18.137  1239  1265 E KernelUidCpuTimeReader: 	at android.os.Looper.loop(Looper.java:154)
11-24 17:59:18.137  1239  1265 E KernelUidCpuTimeReader: 	at android.os.HandlerThread.run(HandlerThread.java:61)
11-24 17:59:18.137  1239  1265 E KernelUidCpuTimeReader: 	at com.android.server.ServiceThread.run(ServiceThread.java:46)
11-24 17:59:18.189  1239  1253 W art     : Long monitor contention with owner PackageManager (1265) at boolean android.os.MessageQueue.enqueueMessage(android.os.Message, long)(MessageQueue.java:541) waiters=0 in android.os.Message android.os.MessageQueue.next() for 207ms
11-24 17:59:18.372  1239  1280 I InputReader: Reconfiguring input devices.  changes=0x00000010
11-24 17:59:18.396  1441  1441 D CarrierSvcBindHelper: No carrier app for: 0
11-24 17:59:18.675  1239  1252 W LocationProviderProxy-network: Odd, no component found for service com.android.location.service.v3.NetworkLocationProvider
11-24 17:59:18.676  1239  1252 W GeocoderProxy: Odd, no component found for service com.android.location.service.GeocodeProvider
11-24 17:59:18.677  1239  1252 W GeofenceProxy: Odd, no component found for service com.android.location.service.GeofenceProvider
11-24 17:59:18.677  1239  1252 W ActivityRecognitionProxy: Odd, no component found for service com.android.location.service.ActivityRecognitionProvider
11-24 17:59:18.961  2345  2345 D AndroidRuntime: >>>>>> START com.android.internal.os.RuntimeInit uid 2000 <<<<<<
11-24 17:59:18.963  2345  2345 D AndroidRuntime: CheckJNI is ON
11-24 17:59:19.017  2345  2345 W art     : Unexpected CPU variant for X86 using defaults: x86
11-24 17:59:19.022  2345  2345 D ICU     : No timezone override file found: /data/misc/zoneinfo/current/icu/icu_tzdata.dat
11-24 17:59:19.065  2345  2345 E memtrack: Couldn't load memtrack module (No such file or directory)
11-24 17:59:19.065  2345  2345 E android.os.Debug: failed to load memtrack module: -2
11-24 17:59:19.067  2345  2345 I Radio-JNI: register_android_hardware_Radio DONE
11-24 17:59:19.166  2345  2345 D AndroidRuntime: Calling main entry com.android.commands.pm.Pm
11-24 17:59:19.222  1239  1253 I ActivityManager: Force stopping br.com.catbag.gifreduxsample appid=10060 user=-1: deletePackageX
11-24 17:59:19.374  1239  1265 I art     : Starting a blocking GC Explicit
11-24 17:59:19.430  1239  1265 I art     : Explicit concurrent mark sweep GC freed 31021(1615KB) AllocSpace objects, 7(140KB) LOS objects, 33% free, 6MB/10MB, paused 4.865ms total 52.162ms
11-24 17:59:19.441  2345  2345 I art     : System.exit called, status: 0
11-24 17:59:19.442  2345  2345 I AndroidRuntime: VM exiting with result code 0.
11-24 17:59:19.546  1239  1265 I ActivityManager: Force stopping br.com.catbag.gifreduxsample appid=10060 user=0: pkg removed
11-24 17:59:19.669  1239  1280 I InputReader: Reconfiguring input devices.  changes=0x00000010
11-24 17:59:19.687  1239  1265 E KernelUidCpuTimeReader: failed to remove uid from uid_cputime module
11-24 17:59:19.687  1239  1265 E KernelUidCpuTimeReader: java.io.FileNotFoundException: /proc/uid_cputime/remove_uid_range (No such file or directory)
11-24 17:59:19.687  1239  1265 E KernelUidCpuTimeReader: 	at java.io.FileOutputStream.open(Native Method)
11-24 17:59:19.687  1239  1265 E KernelUidCpuTimeReader: 	at java.io.FileOutputStream.<init>(FileOutputStream.java:221)
11-24 17:59:19.687  1239  1265 E KernelUidCpuTimeReader: 	at java.io.FileOutputStream.<init>(FileOutputStream.java:108)
11-24 17:59:19.687  1239  1265 E KernelUidCpuTimeReader: 	at java.io.FileWriter.<init>(FileWriter.java:63)
11-24 17:59:19.687  1239  1265 E KernelUidCpuTimeReader: 	at com.android.internal.os.KernelUidCpuTimeReader.removeUid(KernelUidCpuTimeReader.java:158)
11-24 17:59:19.687  1239  1265 E KernelUidCpuTimeReader: 	at com.android.internal.os.BatteryStatsImpl.removeUidStatsLocked(BatteryStatsImpl.java:9805)
11-24 17:59:19.687  1239  1265 E KernelUidCpuTimeReader: 	at com.android.server.am.BatteryStatsService.removeUid(BatteryStatsService.java:291)
11-24 17:59:19.687  1239  1265 E KernelUidCpuTimeReader: 	at com.android.server.am.ActivityManagerService.broadcastIntentLocked(ActivityManagerService.java:17767)
11-24 17:59:19.687  1239  1265 E KernelUidCpuTimeReader: 	at com.android.server.am.ActivityManagerService.broadcastIntent(ActivityManagerService.java:18256)
11-24 17:59:19.687  1239  1265 E KernelUidCpuTimeReader: 	at com.android.server.pm.PackageManagerService$8.run(PackageManagerService.java:11407)
