11-23 11:54:10.208  2283  2283 E Feed    : 	at android.view.View.layout(View.java:17520)
11-23 11:54:10.208  2283  2283 E Feed    : 	at android.view.ViewGroup.layout(ViewGroup.java:5612)
11-23 11:54:10.208  2283  2283 E Feed    : 	at android.support.v7.widget.ActionBarOverlayLayout.onLayout(ActionBarOverlayLayout.java:435)
11-23 11:54:10.208  2283  2283 E Feed    : 	at android.view.View.layout(View.java:17520)
11-23 11:54:10.208  2283  2283 E Feed    : 	at android.view.ViewGroup.layout(ViewGroup.java:5612)
11-23 11:54:10.208  2283  2283 E Feed    : 	at android.widget.FrameLayout.layoutChildren(FrameLayout.java:323)
11-23 11:54:10.208  2283  2283 E Feed    : 	at android.widget.FrameLayout.onLayout(FrameLayout.java:261)
11-23 11:54:10.208  2283  2283 E Feed    : 	at android.view.View.layout(View.java:17520)
11-23 11:54:10.208  2283  2283 E Feed    : 	at android.view.ViewGroup.layout(ViewGroup.java:5612)
11-23 11:54:10.208  2283  2283 E Feed    : 	at android.widget.LinearLayout.setChildFrame(LinearLayout.java:1741)
11-23 11:54:10.208  2283  2283 E Feed    : 	at android.widget.LinearLayout.layoutVertical(LinearLayout.java:1585)
11-23 11:54:10.208  2283  2283 E Feed    : 	at android.widget.LinearLayout.onLayout(LinearLayout.java:1494)
11-23 11:54:10.208  2283  2283 E Feed    : 	at android.view.View.layout(View.java:17520)
11-23 11:54:10.208  2283  2283 E Feed    : 	at android.view.ViewGroup.layout(ViewGroup.java:5612)
11-23 11:54:10.208  2283  2283 E Feed    : 	at android.widget.FrameLayout.layoutChildren(FrameLayout.java:323)
11-23 11:54:10.208  2283  2283 E Feed    : 	at android.widget.FrameLayout.onLayout(FrameLayout.java:261)
11-23 11:54:10.208  2283  2283 E Feed    : 	at com.android.internal.policy.DecorView.onLayout(DecorView.java:724)
11-23 11:54:10.208  2283  2283 E Feed    : 	at android.view.View.layout(View.java:17520)
11-23 11:54:10.208  2283  2283 E Feed    : 	at android.view.ViewGroup.layout(ViewGroup.java:5612)
11-23 11:54:10.208  2283  2283 E Feed    : 	at android.view.ViewRootImpl.performLayout(ViewRootImpl.java:2342)
11-23 11:54:10.208  2283  2283 E Feed    : 	at android.view.ViewRootImpl.performTraversals(ViewRootImpl.java:2069)
11-23 11:54:10.208  2283  2283 E Feed    : 	at android.view.ViewRootImpl.doTraversal(ViewRootImpl.java:1246)
11-23 11:54:10.208  2283  2283 E Feed    : 	at android.view.ViewRootImpl$TraversalRunnable.run(ViewRootImpl.java:6301)
11-23 11:54:10.208  2283  2283 E Feed    : 	at android.view.Choreographer$CallbackRecord.run(Choreographer.java:871)
11-23 11:54:10.208  2283  2283 E Feed    : 	at android.view.Choreographer.doCallbacks(Choreographer.java:683)
11-23 11:54:10.208  2283  2283 E Feed    : 	at android.view.Choreographer.doFrame(Choreographer.java:619)
11-23 11:54:10.208  2283  2283 E Feed    : 	at android.view.Choreographer$FrameDisplayEventReceiver.run(Choreographer.java:857)
11-23 11:54:10.208  2283  2283 E Feed    : 	at android.os.Handler.handleCallback(Handler.java:751)
11-23 11:54:10.208  2283  2283 E Feed    : 	at android.os.Handler.dispatchMessage(Handler.java:95)
11-23 11:54:10.208  2283  2283 E Feed    : 	at android.os.Looper.loop(Looper.java:154)
11-23 11:54:10.208  2283  2283 E Feed    : 	at android.app.ActivityThread.main(ActivityThread.java:6077)
11-23 11:54:10.208  2283  2283 E Feed    : 	at java.lang.reflect.Method.invoke(Native Method)
11-23 11:54:10.208  2283  2283 E Feed    : 	at com.android.internal.os.ZygoteInit$MethodAndArgsCaller.run(ZygoteInit.java:865)
11-23 11:54:10.208  2283  2283 E Feed    : 	at com.android.internal.os.ZygoteInit.main(ZygoteInit.java:755)
11-23 11:54:10.369  1238  1259 I ActivityManager: Displayed br.com.catbag.gifreduxsample/.ui.GifListActivity: +629ms
11-23 11:54:10.521  2283  2299 I TestRunner: finished: whenGifIsWatchedTest(br.com.catbag.gifreduxsample.ui.giflist.GifListActivityTest)
11-23 11:54:10.597  2283  2283 I Choreographer: Skipped 35 frames!  The application may be doing too much work on its main thread.
11-23 11:54:10.651  1238  1259 I WindowManager: Destroying surface Surface(name=Starting br.com.catbag.gifreduxsample) called by com.android.server.wm.WindowStateAnimator.destroySurface:2014 com.android.server.wm.WindowStateAnimator.destroySurfaceLocked:881 com.android.server.wm.WindowState.removeLocked:1449 com.android.server.wm.WindowManagerService.removeWindowInnerLocked:2478 com.android.server.wm.AppWindowToken.destroySurfaces:365 com.android.server.wm.WindowStateAnimator.finishExit:565 com.android.server.wm.WindowStateAnimator.stepAnimationLocked:491 com.android.server.wm.WindowAnimator.updateWindowsLocked:303 
11-23 11:54:10.666  2283  2283 D LifecycleMonitor: Lifecycle status change: br.com.catbag.gifreduxsample.ui.GifListActivity@90d902e in: PAUSED
11-23 11:54:10.725   978   978 D gralloc : Registering a buffer in the process that created it. This may cause memory ordering problems.
11-23 11:54:10.725   978   978 E libEGL  : called unimplemented OpenGL ES API
11-23 11:54:10.726   978   978 E SurfaceFlinger: glCheckFramebufferStatusOES error -237227574
11-23 11:54:10.726   978   978 E SurfaceFlinger: got GL_FRAMEBUFFER_COMPLETE_OES error while taking screenshot
11-23 11:54:10.728  1238  1433 W WindowManager: Screenshot failure taking screenshot for (480x800) to layer 22010
11-23 11:54:10.813  2283  2283 I MonitoringInstrumentation: Activities that are still in CREATED to STOPPED: 2
11-23 11:54:10.815  2283  2283 I Choreographer: Skipped 54 frames!  The application may be doing too much work on its main thread.
11-23 11:54:10.817  2283  2299 I TestRunner: started: whenScrollUpAndPlayFirstItemTest(br.com.catbag.gifreduxsample.ui.giflist.GifListActivityTest)
11-23 11:54:10.933  2283  2283 I MonitoringInstrumentation: Activities that are still in CREATED to STOPPED: 2
11-23 11:54:10.964  2283  2300 I DroidFlux:Dispatcher: [STARTED] dispatch of action [FAKE_REDUCE_ACTION]
11-23 11:54:10.965  2283  2300 I DroidFlux:Dispatcher: [COMPLETED] dispatch of action [FAKE_REDUCE_ACTION]
11-23 11:54:10.997  2283  2355 D ActivityTestRule: Launching activity br.com.catbag.gifreduxsample.ui.GifListActivity
11-23 11:54:11.032  2283  2357 D MonitoringInstrumentation: execStartActivity(context, ibinder, ibinder, activity, intent, int, bundle
11-23 11:54:11.033  1238  1321 I ActivityManager: START u0 {flg=0x10000000 cmp=br.com.catbag.gifreduxsample/.ui.GifListActivity} from uid 10060 on display 0
11-23 11:54:11.190  1778  1778 I Choreographer: Skipped 34 frames!  The application may be doing too much work on its main thread.
11-23 11:54:11.208  1238  1259 I Choreographer: Skipped 36 frames!  The application may be doing too much work on its main thread.
11-23 11:54:11.327  1778  1778 I Choreographer: Skipped 33 frames!  The application may be doing too much work on its main thread.
11-23 11:54:11.337  2283  2283 D LifecycleMonitor: Lifecycle status change: br.com.catbag.gifreduxsample.ui.GifListActivity@fd7249a in: PRE_ON_CREATE
11-23 11:54:11.373  2283  2283 D LifecycleMonitor: Lifecycle status change: br.com.catbag.gifreduxsample.ui.GifListActivity@fd7249a in: CREATED
11-23 11:54:11.374  2283  2283 D LifecycleMonitor: Lifecycle status change: br.com.catbag.gifreduxsample.ui.GifListActivity@fd7249a in: STARTED
11-23 11:54:11.376  2283  2300 I DroidFlux:Dispatcher: [STARTED] dispatch of action [APP_STATE_LOAD]
11-23 11:54:11.376  2283  2300 D DroidFlux:Dispatcher: An action of type [APP_STATE_LOAD] was dispatched, but no reducer handled it
11-23 11:54:11.377  2283  2300 I DroidFlux:Dispatcher: [COMPLETED] dispatch of action [APP_STATE_LOAD]
11-23 11:54:11.378  2283  2283 D LifecycleMonitor: Lifecycle status change: br.com.catbag.gifreduxsample.ui.GifListActivity@fd7249a in: RESUMED
11-23 11:54:11.875  2283  2283 I Choreographer: Skipped 42 frames!  The application may be doing too much work on its main thread.
11-23 11:54:11.899  2283  2283 W ResourceType: No package identifier when getting name for resource number 0x000000e9
11-23 11:54:11.899  2283  2283 I ViewInteraction: Performing 'scroll RecyclerView to position: 4' action on view with id: 233 (resource name not found)
11-23 11:54:12.012  1238  1259 I ActivityManager: Displayed br.com.catbag.gifreduxsample/.ui.GifListActivity: +702ms
11-23 11:54:12.366  1238  1259 I WindowManager: Destroying surface Surface(name=Starting br.com.catbag.gifreduxsample) called by com.android.server.wm.WindowStateAnimator.destroySurface:2014 com.android.server.wm.WindowStateAnimator.destroySurfaceLocked:881 com.android.server.wm.WindowState.destroyOrSaveSurface:2073 com.android.server.wm.AppWindowToken.destroySurfaces:363 com.android.server.wm.WindowStateAnimator.finishExit:565 com.android.server.wm.WindowStateAnimator.stepAnimationLocked:491 com.android.server.wm.WindowAnimator.updateWindowsLocked:303 com.android.server.wm.WindowAnimator.animateLocked:704 
11-23 11:54:12.379  1238  1249 I WindowManager: Destroying surface Surface(name=com.android.launcher3/com.android.launcher3.Launcher) called by com.android.server.wm.WindowStateAnimator.destroySurface:2014 com.android.server.wm.WindowStateAnimator.destroySurfaceLocked:881 com.android.server.wm.WindowState.destroyOrSaveSurface:2073 com.android.server.wm.AppWindowToken.destroySurfaces:363 com.android.server.wm.AppWindowToken.notifyAppStopped:389 com.android.server.wm.WindowManagerService.notifyAppStopped:4456 com.android.server.am.ActivityStack.activityStoppedLocked:1252 com.android.server.am.ActivityManagerService.activityStopped:6873 
11-23 11:54:12.428  2283  2283 D LifecycleMonitor: Lifecycle status change: br.com.catbag.gifreduxsample.ui.GifListActivity@90d902e in: STOPPED
11-23 11:54:12.428  2283  2283 D LifecycleMonitor: Lifecycle status change: br.com.catbag.gifreduxsample.ui.GifListActivity@90d902e in: DESTROYED
11-23 11:54:12.435  1238  1519 I WindowManager: Destroying surface Surface(name=br.com.catbag.gifreduxsample/br.com.catbag.gifreduxsample.ui.GifListActivity) called by com.android.server.wm.WindowStateAnimator.destroySurface:2014 com.android.server.wm.WindowStateAnimator.destroySurfaceLocked:881 com.android.server.wm.WindowState.removeLocked:1449 com.android.server.wm.WindowManagerService.removeWindowInnerLocked:2478 com.android.server.wm.WindowManagerService.removeWindowLocked:2436 com.android.server.wm.WindowManagerService.removeWindowLocked:2305 com.android.server.wm.WindowManagerService.removeWindow:2300 com.android.server.wm.Session.remove:193 
11-23 11:54:12.451  2283  2283 D LifecycleMonitor: Lifecycle status change: br.com.catbag.gifreduxsample.ui.GifListActivity@7c129f8 in: STOPPED
11-23 11:54:12.451  2283  2283 D LifecycleMonitor: Lifecycle status change: br.com.catbag.gifreduxsample.ui.GifListActivity@7c129f8 in: DESTROYED
11-23 11:54:12.457  1238  1518 I WindowManager: Destroying surface Surface(name=br.com.catbag.gifreduxsample/br.com.catbag.gifreduxsample.ui.GifListActivity) called by com.android.server.wm.WindowStateAnimator.destroySurface:2014 com.android.server.wm.WindowStateAnimator.destroySurfaceLocked:881 com.android.server.wm.WindowState.removeLocked:1449 com.android.server.wm.WindowManagerService.removeWindowInnerLocked:2478 com.android.server.wm.WindowManagerService.removeWindowLocked:2436 com.android.server.wm.WindowManagerService.removeWindowLocked:2305 com.android.server.wm.WindowManagerService.removeWindow:2300 com.android.server.wm.Session.remove:193 
11-23 11:54:12.652  1325  1339 W art     : Long monitor contention with owner main (1325) at android.os.Message android.os.MessageQueue.next()(MessageQueue.java:325) waiters=0 in boolean android.os.MessageQueue.enqueueMessage(android.os.Message, long) for 619ms
11-23 11:54:12.719  2283  2283 W ResourceType: No package identifier when getting name for resource number 0x000000e9
11-23 11:54:12.737  2283  2283 W ResourceType: No package identifier when getting name for resource number 0x000000ea
11-23 11:54:12.737  2283  2283 I ViewInteraction: Performing 'actionOnItemAtPosition performing ViewAction: single click on item at position: 0' action on view with id: 234 (resource name not found)
11-23 11:54:12.885  2283  2300 I DroidFlux:Dispatcher: [STARTED] dispatch of action [GIF_PLAY]
11-23 11:54:12.887  2283  2300 I DroidFlux:Dispatcher: [COMPLETED] dispatch of action [GIF_PLAY]
11-23 11:54:12.923   988  1032 D AudioFlinger: mixer(0xb2c837c0) throttle end: throttle time(11)
11-23 11:54:12.944   988  1032 D AudioFlinger: mixer(0xb2c837c0) throttle end: throttle time(11)
11-23 11:54:13.711  2283  2299 I TestRunner: finished: whenScrollUpAndPlayFirstItemTest(br.com.catbag.gifreduxsample.ui.giflist.GifListActivityTest)
11-23 11:54:13.751  2283  2283 D LifecycleMonitor: Lifecycle status change: br.com.catbag.gifreduxsample.ui.GifListActivity@fd7249a in: PAUSED
11-23 11:54:13.809   978   978 D gralloc : Registering a buffer in the process that created it. This may cause memory ordering problems.
11-23 11:54:13.811   978   978 E libEGL  : called unimplemented OpenGL ES API
11-23 11:54:13.811   978   978 E SurfaceFlinger: glCheckFramebufferStatusOES error -237227574
11-23 11:54:13.811   978   978 E SurfaceFlinger: got GL_FRAMEBUFFER_COMPLETE_OES error while taking screenshot
11-23 11:54:13.817  1238  1519 W WindowManager: Screenshot failure taking screenshot for (480x800) to layer 21005
11-23 11:54:13.829  2283  2283 I MonitoringInstrumentation: Activities that are still in CREATED to STOPPED: 1
11-23 11:54:13.833  2283  2299 I TestRunner: started: whenGifIsDownloadedTest(br.com.catbag.gifreduxsample.ui.giflist.GifListActivityTest)
11-23 11:54:13.869  2283  2283 I MonitoringInstrumentation: Activities that are still in CREATED to STOPPED: 1
11-23 11:54:14.074  2283  2300 I DroidFlux:Dispatcher: [STARTED] dispatch of action [FAKE_REDUCE_ACTION]
11-23 11:54:14.088  2283  2300 I DroidFlux:Dispatcher: [COMPLETED] dispatch of action [FAKE_REDUCE_ACTION]
11-23 11:54:14.101  2283  2360 D ActivityTestRule: Launching activity br.com.catbag.gifreduxsample.ui.GifListActivity
11-23 11:54:14.113  1238  1324 E TaskPersister: File error accessing recents directory (directory doesn't exist?).
11-23 11:54:14.130  2283  2362 D MonitoringInstrumentation: execStartActivity(context, ibinder, ibinder, activity, intent, int, bundle
11-23 11:54:14.171  1238  1783 I ActivityManager: START u0 {flg=0x10000000 cmp=br.com.catbag.gifreduxsample/.ui.GifListActivity} from uid 10060 on display 0
11-23 11:54:14.314  1238  1259 I Choreographer: Skipped 32 frames!  The application may be doing too much work on its main thread.
11-23 11:54:14.373  2283  2283 D LifecycleMonitor: Lifecycle status change: br.com.catbag.gifreduxsample.ui.GifListActivity@4a765ae in: PRE_ON_CREATE
11-23 11:54:14.413  2283  2283 D LifecycleMonitor: Lifecycle status change: br.com.catbag.gifreduxsample.ui.GifListActivity@4a765ae in: CREATED
11-23 11:54:14.413  2283  2300 I DroidFlux:Dispatcher: [STARTED] dispatch of action [APP_STATE_LOAD]
11-23 11:54:14.415  2283  2300 D DroidFlux:Dispatcher: An action of type [APP_STATE_LOAD] was dispatched, but no reducer handled it
11-23 11:54:14.415  2283  2300 I DroidFlux:Dispatcher: [COMPLETED] dispatch of action [APP_STATE_LOAD]
11-23 11:54:14.415  2283  2283 D LifecycleMonitor: Lifecycle status change: br.com.catbag.gifreduxsample.ui.GifListActivity@4a765ae in: STARTED
11-23 11:54:14.419  2283  2283 D LifecycleMonitor: Lifecycle status change: br.com.catbag.gifreduxsample.ui.GifListActivity@4a765ae in: RESUMED
11-23 11:54:14.491  2283  2283 I Choreographer: Skipped 41 frames!  The application may be doing too much work on its main thread.
11-23 11:54:14.831  1238  1259 I ActivityManager: Displayed br.com.catbag.gifreduxsample/.ui.GifListActivity: +549ms
11-23 11:54:15.004  2283  2294 W art     : Suspending all threads took: 34.056ms
11-23 11:54:15.131  2283  2283 I Choreographer: Skipped 45 frames!  The application may be doing too much work on its main thread.
11-23 11:54:15.175  1238  1259 I WindowManager: Destroying surface Surface(name=Starting br.com.catbag.gifreduxsample) called by com.android.server.wm.WindowStateAnimator.destroySurface:2014 com.android.server.wm.WindowStateAnimator.destroySurfaceLocked:881 com.android.server.wm.WindowState.destroyOrSaveSurface:2073 com.android.server.wm.AppWindowToken.destroySurfaces:363 com.android.server.wm.WindowStateAnimator.finishExit:565 com.android.server.wm.WindowStateAnimator.stepAnimationLocked:491 com.android.server.wm.WindowAnimator.updateWindowsLocked:303 com.android.server.wm.WindowAnimator.animateLocked:704 
11-23 11:54:15.189  2283  2294 I art     : Background sticky concurrent mark sweep GC freed 39575(1927KB) AllocSpace objects, 4(80KB) LOS objects, 16% free, 10MB/13MB, paused 40.671ms total 492.809ms
11-23 11:54:15.251  2283  2299 I TestRunner: finished: whenGifIsDownloadedTest(br.com.catbag.gifreduxsample.ui.giflist.GifListActivityTest)
11-23 11:54:15.267  2283  2283 D LifecycleMonitor: Lifecycle status change: br.com.catbag.gifreduxsample.ui.GifListActivity@4a765ae in: PAUSED
11-23 11:54:15.304   978   978 D gralloc : Registering a buffer in the process that created it. This may cause memory ordering problems.
11-23 11:54:15.304   978   978 E libEGL  : called unimplemented OpenGL ES API
11-23 11:54:15.305   978   978 E SurfaceFlinger: glCheckFramebufferStatusOES error -237227574
11-23 11:54:15.305   978   978 E SurfaceFlinger: got GL_FRAMEBUFFER_COMPLETE_OES error while taking screenshot
11-23 11:54:15.306  1238  1518 W WindowManager: Screenshot failure taking screenshot for (480x800) to layer 22015
11-23 11:54:15.391  2283  2283 I MonitoringInstrumentation: Activities that are still in CREATED to STOPPED: 2
11-23 11:54:15.399  2283  2299 I TestRunner: started: whenPlayGifTest(br.com.catbag.gifreduxsample.ui.giflist.GifListActivityTest)
11-23 11:54:15.480  2283  2283 I MonitoringInstrumentation: Activities that are still in CREATED to STOPPED: 2
11-23 11:54:15.497  1238  1259 I Choreographer: Skipped 33 frames!  The application may be doing too much work on its main thread.
11-23 11:54:15.510  1778  1778 W IInputConnectionWrapper: reportFullscreenMode on inexistent InputConnection
11-23 11:54:15.538  2283  2300 I DroidFlux:Dispatcher: [STARTED] dispatch of action [FAKE_REDUCE_ACTION]
11-23 11:54:15.539  2283  2300 I DroidFlux:Dispatcher: [COMPLETED] dispatch of action [FAKE_REDUCE_ACTION]
11-23 11:54:15.657  2283  2363 D ActivityTestRule: Launching activity br.com.catbag.gifreduxsample.ui.GifListActivity
11-23 11:54:15.660  2283  2365 D MonitoringInstrumentation: execStartActivity(context, ibinder, ibinder, activity, intent, int, bundle
11-23 11:54:15.661  1238  1249 I ActivityManager: START u0 {flg=0x10000000 cmp=br.com.catbag.gifreduxsample/.ui.GifListActivity} from uid 10060 on display 0
11-23 11:54:15.733  1238  1248 W art     : Suspending all threads took: 28.454ms
11-23 11:54:16.004  1238  1259 I Choreographer: Skipped 91 frames!  The application may be doing too much work on its main thread.
11-23 11:54:16.097  2283  2283 D LifecycleMonitor: Lifecycle status change: br.com.catbag.gifreduxsample.ui.GifListActivity@54a28c5 in: PRE_ON_CREATE
11-23 11:54:16.211  1238  1259 I Choreographer: Skipped 41 frames!  The application may be doing too much work on its main thread.
11-23 11:54:16.243  2283  2283 D LifecycleMonitor: Lifecycle status change: br.com.catbag.gifreduxsample.ui.GifListActivity@54a28c5 in: CREATED
11-23 11:54:16.245  2283  2300 I DroidFlux:Dispatcher: [STARTED] dispatch of action [APP_STATE_LOAD]
11-23 11:54:16.246  2283  2300 D DroidFlux:Dispatcher: An action of type [APP_STATE_LOAD] was dispatched, but no reducer handled it
11-23 11:54:16.246  2283  2300 I DroidFlux:Dispatcher: [COMPLETED] dispatch of action [APP_STATE_LOAD]
11-23 11:54:16.246  2283  2283 D LifecycleMonitor: Lifecycle status change: br.com.catbag.gifreduxsample.ui.GifListActivity@54a28c5 in: STARTED
11-23 11:54:16.248  2283  2283 D LifecycleMonitor: Lifecycle status change: br.com.catbag.gifreduxsample.ui.GifListActivity@54a28c5 in: RESUMED
11-23 11:54:16.265  1238  1248 I art     : Background sticky concurrent mark sweep GC freed 31489(2MB) AllocSpace objects, 9(180KB) LOS objects, 27% free, 7MB/10MB, paused 90.510ms total 1.046s
11-23 11:54:16.326  1778  1778 I Choreographer: Skipped 60 frames!  The application may be doing too much work on its main thread.
11-23 11:54:16.373  2283  2283 D LifecycleMonitor: Lifecycle status change: br.com.catbag.gifreduxsample.ui.GifListActivity@4a765ae in: STOPPED
11-23 11:54:16.374  2283  2283 D LifecycleMonitor: Lifecycle status change: br.com.catbag.gifreduxsample.ui.GifListActivity@4a765ae in: DESTROYED
11-23 11:54:16.379  1238  1249 I WindowManager: Destroying surface Surface(name=br.com.catbag.gifreduxsample/br.com.catbag.gifreduxsample.ui.GifListActivity) called by com.android.server.wm.WindowStateAnimator.destroySurface:2014 com.android.server.wm.WindowStateAnimator.destroySurfaceLocked:881 com.android.server.wm.WindowState.removeLocked:1449 com.android.server.wm.WindowManagerService.removeWindowInnerLocked:2478 com.android.server.wm.WindowManagerService.removeWindowLocked:2436 com.android.server.wm.WindowManagerService.removeWindowLocked:2305 com.android.server.wm.WindowManagerService.removeWindow:2300 com.android.server.wm.Session.remove:193 
11-23 11:54:16.389  2283  2283 D LifecycleMonitor: Lifecycle status change: br.com.catbag.gifreduxsample.ui.GifListActivity@fd7249a in: STOPPED
11-23 11:54:16.389  2283  2283 D LifecycleMonitor: Lifecycle status change: br.com.catbag.gifreduxsample.ui.GifListActivity@fd7249a in: DESTROYED
11-23 11:54:16.391  1238  1250 I WindowManager: Destroying surface Surface(name=br.com.catbag.gifreduxsample/br.com.catbag.gifreduxsample.ui.GifListActivity) called by com.android.server.wm.WindowStateAnimator.destroySurface:2014 com.android.server.wm.WindowStateAnimator.destroySurfaceLocked:881 com.android.server.wm.WindowState.removeLocked:1449 com.android.server.wm.WindowManagerService.removeWindowInnerLocked:2478 com.android.server.wm.WindowManagerService.removeWindowLocked:2436 com.android.server.wm.WindowManagerService.removeWindowLocked:2305 com.android.server.wm.WindowManagerService.removeWindow:2300 com.android.server.wm.Session.remove:193 
11-23 11:54:16.400  2283  2283 I Choreographer: Skipped 39 frames!  The application may be doing too much work on its main thread.
11-23 11:54:16.680  2283  2283 I Choreographer: Skipped 37 frames!  The application may be doing too much work on its main thread.
11-23 11:54:16.715  1238  1259 I WindowManager: Destroying surface Surface(name=com.android.launcher3/com.android.launcher3.Launcher) called by com.android.server.wm.WindowStateAnimator.destroySurface:2014 com.android.server.wm.WindowStateAnimator.destroySurfaceLocked:881 com.android.server.wm.WindowState.destroyOrSaveSurface:2073 com.android.server.wm.AppWindowToken.destroySurfaces:363 com.android.server.wm.WindowStateAnimator.finishExit:565 com.android.server.wm.AppWindowAnimator.stepAnimationLocked:427 com.android.server.wm.WindowAnimator.updateAppWindowsLocked:176 com.android.server.wm.WindowAnimator.animateLocked:678 
11-23 11:54:16.884  2283  2283 I ViewInteraction: Performing 'single click' action on view with id: br.com.catbag.gifreduxsample:id/gif_image
11-23 11:54:16.901  1238  1259 I ActivityManager: Displayed br.com.catbag.gifreduxsample/.ui.GifListActivity: +1s28ms
11-23 11:54:17.023  2283  2300 I DroidFlux:Dispatcher: [STARTED] dispatch of action [GIF_PLAY]
11-23 11:54:17.025  2283  2300 I DroidFlux:Dispatcher: [COMPLETED] dispatch of action [GIF_PLAY]
11-23 11:54:17.053   988  1032 D AudioFlinger: mixer(0xb2c837c0) throttle end: throttle time(11)
11-23 11:54:17.074   988  1032 D AudioFlinger: mixer(0xb2c837c0) throttle end: throttle time(8)
11-23 11:54:17.123  1238  1259 I Choreographer: Skipped 30 frames!  The application may be doing too much work on its main thread.
11-23 11:54:17.134  1238  1259 I WindowManager: Destroying surface Surface(name=Starting br.com.catbag.gifreduxsample) called by com.android.server.wm.WindowStateAnimator.destroySurface:2014 com.android.server.wm.WindowStateAnimator.destroySurfaceLocked:881 com.android.server.wm.WindowState.destroyOrSaveSurface:2073 com.android.server.wm.AppWindowToken.destroySurfaces:363 com.android.server.wm.WindowStateAnimator.finishExit:565 com.android.server.wm.WindowStateAnimator.stepAnimationLocked:491 com.android.server.wm.WindowAnimator.updateWindowsLocked:303 com.android.server.wm.WindowAnimator.animateLocked:704 
11-23 11:54:17.917  2283  2283 D LifecycleMonitor: Lifecycle status change: br.com.catbag.gifreduxsample.ui.GifListActivity@54a28c5 in: PAUSED
11-23 11:54:17.961  2283  2299 I TestRunner: finished: whenPlayGifTest(br.com.catbag.gifreduxsample.ui.giflist.GifListActivityTest)
11-23 11:54:18.176   978   978 D gralloc : Registering a buffer in the process that created it. This may cause memory ordering problems.
11-23 11:54:18.176   978   978 E libEGL  : called unimplemented OpenGL ES API
11-23 11:54:18.177   978   978 E SurfaceFlinger: glCheckFramebufferStatusOES error -237227574
11-23 11:54:18.177   978   978 E SurfaceFlinger: got GL_FRAMEBUFFER_COMPLETE_OES error while taking screenshot
11-23 11:54:18.181  1238  1321 W WindowManager: Screenshot failure taking screenshot for (480x800) to layer 21005
11-23 11:54:18.231  1238  1253 W art     : Long monitor contention with owner Binder:1238_3 (1321) at void com.android.server.am.ActivityManagerService.activityPaused(android.os.IBinder)(ActivityManagerService.java:6849) waiters=1 in void com.android.server.am.ActivityManagerService.dispatchProcessesChanged() for 136ms
11-23 11:54:18.237  2283  2283 I MonitoringInstrumentation: Activities that are still in CREATED to STOPPED: 1
11-23 11:54:18.241  2283  2299 I TestRunner: started: whenGifDownloadFailTest(br.com.catbag.gifreduxsample.ui.giflist.GifListActivityTest)
11-23 11:54:18.471  2283  2283 I MonitoringInstrumentation: Activities that are still in CREATED to STOPPED: 1
11-23 11:54:18.526  2283  2300 I DroidFlux:Dispatcher: [STARTED] dispatch of action [FAKE_REDUCE_ACTION]
11-23 11:54:18.527  2283  2300 I DroidFlux:Dispatcher: [COMPLETED] dispatch of action [FAKE_REDUCE_ACTION]
11-23 11:54:18.556  2283  2367 D ActivityTestRule: Launching activity br.com.catbag.gifreduxsample.ui.GifListActivity
11-23 11:54:18.576  2283  2369 D MonitoringInstrumentation: execStartActivity(context, ibinder, ibinder, activity, intent, int, bundle
11-23 11:54:18.577  1238  1520 I ActivityManager: START u0 {flg=0x10000000 cmp=br.com.catbag.gifreduxsample/.ui.GifListActivity} from uid 10060 on display 0
11-23 11:54:18.733  1238  1259 I Choreographer: Skipped 36 frames!  The application may be doing too much work on its main thread.
11-23 11:54:18.824  1778  1778 I Choreographer: Skipped 33 frames!  The application may be doing too much work on its main thread.
11-23 11:54:18.859  1238  1259 I Choreographer: Skipped 30 frames!  The application may be doing too much work on its main thread.
11-23 11:54:18.980  2283  2283 D LifecycleMonitor: Lifecycle status change: br.com.catbag.gifreduxsample.ui.GifListActivity@81eac5d in: PRE_ON_CREATE
11-23 11:54:19.087  2283  2283 D LifecycleMonitor: Lifecycle status change: br.com.catbag.gifreduxsample.ui.GifListActivity@81eac5d in: CREATED
11-23 11:54:19.088  2283  2300 I DroidFlux:Dispatcher: [STARTED] dispatch of action [APP_STATE_LOAD]
11-23 11:54:19.089  2283  2300 D DroidFlux:Dispatcher: An action of type [APP_STATE_LOAD] was dispatched, but no reducer handled it
11-23 11:54:19.089  2283  2300 I DroidFlux:Dispatcher: [COMPLETED] dispatch of action [APP_STATE_LOAD]
11-23 11:54:19.089  2283  2283 D LifecycleMonitor: Lifecycle status change: br.com.catbag.gifreduxsample.ui.GifListActivity@81eac5d in: STARTED
11-23 11:54:19.109  2283  2283 D LifecycleMonitor: Lifecycle status change: br.com.catbag.gifreduxsample.ui.GifListActivity@81eac5d in: RESUMED
11-23 11:54:19.137  2283  2283 I Choreographer: Skipped 51 frames!  The application may be doing too much work on its main thread.
11-23 11:54:19.230  2283  2283 D LifecycleMonitor: Lifecycle status change: br.com.catbag.gifreduxsample.ui.GifListActivity@54a28c5 in: STOPPED
11-23 11:54:19.230  2283  2283 D LifecycleMonitor: Lifecycle status change: br.com.catbag.gifreduxsample.ui.GifListActivity@54a28c5 in: DESTROYED
11-23 11:54:19.236  1238  1783 I WindowManager: Destroying surface Surface(name=br.com.catbag.gifreduxsample/br.com.catbag.gifreduxsample.ui.GifListActivity) called by com.android.server.wm.WindowStateAnimator.destroySurface:2014 com.android.server.wm.WindowStateAnimator.destroySurfaceLocked:881 com.android.server.wm.WindowState.removeLocked:1449 com.android.server.wm.WindowManagerService.removeWindowInnerLocked:2478 com.android.server.wm.WindowManagerService.removeWindowLocked:2436 com.android.server.wm.WindowManagerService.removeWindowLocked:2305 com.android.server.wm.WindowManagerService.removeWindow:2300 com.android.server.wm.Session.remove:193 
11-23 11:54:19.463  2283  2299 I TestRunner: finished: whenGifDownloadFailTest(br.com.catbag.gifreduxsample.ui.giflist.GifListActivityTest)
11-23 11:54:19.505  2283  2283 D LifecycleMonitor: Lifecycle status change: br.com.catbag.gifreduxsample.ui.GifListActivity@81eac5d in: PAUSED
11-23 11:54:19.547   978   978 D gralloc : Registering a buffer in the process that created it. This may cause memory ordering problems.
11-23 11:54:19.547   978   978 E libEGL  : called unimplemented OpenGL ES API
11-23 11:54:19.548   978   978 E SurfaceFlinger: glCheckFramebufferStatusOES error -237227574
11-23 11:54:19.548   978   978 E SurfaceFlinger: got GL_FRAMEBUFFER_COMPLETE_OES error while taking screenshot
11-23 11:54:19.549  1238  1519 W WindowManager: Screenshot failure taking screenshot for (480x800) to layer 22010
11-23 11:54:19.568  2283  2283 I MonitoringInstrumentation: Activities that are still in CREATED to STOPPED: 1
11-23 11:54:19.588  2283  2299 I TestRunner: started: whenPauseGifTest(br.com.catbag.gifreduxsample.ui.giflist.GifListActivityTest)
11-23 11:54:19.594  1238  1259 I Choreographer: Skipped 36 frames!  The application may be doing too much work on its main thread.
11-23 11:54:19.596  1778  1778 I Choreographer: Skipped 176 frames!  The application may be doing too much work on its main thread.
11-23 11:54:19.605  2283  2283 I MonitoringInstrumentation: Activities that are still in CREATED to STOPPED: 1
11-23 11:54:19.637  2283  2300 I DroidFlux:Dispatcher: [STARTED] dispatch of action [FAKE_REDUCE_ACTION]
11-23 11:54:19.638  2283  2300 I DroidFlux:Dispatcher: [COMPLETED] dispatch of action [FAKE_REDUCE_ACTION]
11-23 11:54:19.641  2283  2372 D ActivityTestRule: Launching activity br.com.catbag.gifreduxsample.ui.GifListActivity
11-23 11:54:19.693  2283  2374 D MonitoringInstrumentation: execStartActivity(context, ibinder, ibinder, activity, intent, int, bundle
11-23 11:54:19.694  1238  1519 I ActivityManager: START u0 {flg=0x10000000 cmp=br.com.catbag.gifreduxsample/.ui.GifListActivity} from uid 10060 on display 0
11-23 11:54:19.791  1238  1518 I ActivityManager: Activity reported stop, but no longer stopping: ActivityRecord{f3b7889 u0 com.android.launcher3/.Launcher t3}
11-23 11:54:19.927  2283  2283 D LifecycleMonitor: Lifecycle status change: br.com.catbag.gifreduxsample.ui.GifListActivity@27bd039 in: PRE_ON_CREATE
11-23 11:54:19.945  1238  1259 I WindowManager: Destroying surface Surface(name=Starting br.com.catbag.gifreduxsample) called by com.android.server.wm.WindowStateAnimator.destroySurface:2014 com.android.server.wm.WindowStateAnimator.destroySurfaceLocked:881 com.android.server.wm.WindowState.removeLocked:1449 com.android.server.wm.WindowManagerService.removeWindowInnerLocked:2478 com.android.server.wm.AppWindowToken.destroySurfaces:365 com.android.server.wm.WindowStateAnimator.finishExit:565 com.android.server.wm.WindowStateAnimator.stepAnimationLocked:491 com.android.server.wm.WindowAnimator.updateWindowsLocked:303 
11-23 11:54:19.966  2283  2283 D LifecycleMonitor: Lifecycle status change: br.com.catbag.gifreduxsample.ui.GifListActivity@27bd039 in: CREATED
11-23 11:54:19.967  2283  2300 I DroidFlux:Dispatcher: [STARTED] dispatch of action [APP_STATE_LOAD]
11-23 11:54:19.968  2283  2300 D DroidFlux:Dispatcher: An action of type [APP_STATE_LOAD] was dispatched, but no reducer handled it
11-23 11:54:19.968  2283  2300 I DroidFlux:Dispatcher: [COMPLETED] dispatch of action [APP_STATE_LOAD]
11-23 11:54:19.969  2283  2283 D LifecycleMonitor: Lifecycle status change: br.com.catbag.gifreduxsample.ui.GifListActivity@27bd039 in: STARTED
11-23 11:54:19.971  2283  2283 D LifecycleMonitor: Lifecycle status change: br.com.catbag.gifreduxsample.ui.GifListActivity@27bd039 in: RESUMED
11-23 11:54:20.080  2283  2283 D LifecycleMonitor: Lifecycle status change: br.com.catbag.gifreduxsample.ui.GifListActivity@81eac5d in: STOPPED
11-23 11:54:20.081  2283  2283 D LifecycleMonitor: Lifecycle status change: br.com.catbag.gifreduxsample.ui.GifListActivity@81eac5d in: DESTROYED
11-23 11:54:20.130  1238  1520 I WindowManager: Destroying surface Surface(name=br.com.catbag.gifreduxsample/br.com.catbag.gifreduxsample.ui.GifListActivity) called by com.android.server.wm.WindowStateAnimator.destroySurface:2014 com.android.server.wm.WindowStateAnimator.destroySurfaceLocked:881 com.android.server.wm.WindowState.removeLocked:1449 com.android.server.wm.WindowManagerService.removeWindowInnerLocked:2478 com.android.server.wm.WindowManagerService.removeWindowLocked:2436 com.android.server.wm.WindowManagerService.removeWindowLocked:2305 com.android.server.wm.WindowManagerService.removeWindow:2300 com.android.server.wm.Session.remove:193 
11-23 11:54:20.333  1778  1778 W IInputConnectionWrapper: reportFullscreenMode on inexistent InputConnection
11-23 11:54:20.428  1238  1259 I ActivityManager: Displayed br.com.catbag.gifreduxsample/.ui.GifListActivity: +584ms (total +1s647ms)
11-23 11:54:20.457  2283  2283 I ViewInteraction: Performing 'single click' action on view with id: br.com.catbag.gifreduxsample:id/gif_image
11-23 11:54:20.708  2283  2300 I DroidFlux:Dispatcher: [STARTED] dispatch of action [GIF_PAUSE]
11-23 11:54:20.709  2283  2300 I DroidFlux:Dispatcher: [COMPLETED] dispatch of action [GIF_PAUSE]
11-23 11:54:20.753   988  1032 D AudioFlinger: mixer(0xb2c837c0) throttle end: throttle time(11)
11-23 11:54:20.775   988  1032 D AudioFlinger: mixer(0xb2c837c0) throttle end: throttle time(11)
11-23 11:54:20.776  1238  1259 I WindowManager: Destroying surface Surface(name=Starting br.com.catbag.gifreduxsample) called by com.android.server.wm.WindowStateAnimator.destroySurface:2014 com.android.server.wm.WindowStateAnimator.destroySurfaceLocked:881 com.android.server.wm.WindowState.destroyOrSaveSurface:2073 com.android.server.wm.AppWindowToken.destroySurfaces:363 com.android.server.wm.WindowStateAnimator.finishExit:565 com.android.server.wm.WindowStateAnimator.stepAnimationLocked:491 com.android.server.wm.WindowAnimator.updateWindowsLocked:303 com.android.server.wm.WindowAnimator.animateLocked:704 
11-23 11:54:20.895  1238  1381 I WindowManager: Destroying surface Surface(name=com.android.launcher3/com.android.launcher3.Launcher) called by com.android.server.wm.WindowStateAnimator.destroySurface:2014 com.android.server.wm.WindowStateAnimator.destroySurfaceLocked:881 com.android.server.wm.WindowState.destroyOrSaveSurface:2073 com.android.server.wm.AppWindowToken.destroySurfaces:363 com.android.server.wm.AppWindowToken.notifyAppStopped:389 com.android.server.wm.WindowManagerService.notifyAppStopped:4456 com.android.server.am.ActivityStack.activityStoppedLocked:1252 com.android.server.am.ActivityManagerService.activityStopped:6873 
11-23 11:54:21.049  2283  2294 I art     : Background partial concurrent mark sweep GC freed 39418(1594KB) AllocSpace objects, 0(0B) LOS objects, 25% free, 11MB/15MB, paused 6.096ms total 756.061ms
11-23 11:54:21.265  2283  2283 D LifecycleMonitor: Lifecycle status change: br.com.catbag.gifreduxsample.ui.GifListActivity@27bd039 in: PAUSED
11-23 11:54:21.321  2283  2299 I TestRunner: finished: whenPauseGifTest(br.com.catbag.gifreduxsample.ui.giflist.GifListActivityTest)
11-23 11:54:21.441   978   978 D gralloc : Registering a buffer in the process that created it. This may cause memory ordering problems.
11-23 11:54:21.441   978   978 E libEGL  : called unimplemented OpenGL ES API
11-23 11:54:21.442   978   978 E SurfaceFlinger: glCheckFramebufferStatusOES error -237227574
11-23 11:54:21.453   978   978 E SurfaceFlinger: got GL_FRAMEBUFFER_COMPLETE_OES error while taking screenshot
11-23 11:54:21.455  1238  1381 W WindowManager: Screenshot failure taking screenshot for (480x800) to layer 21005
11-23 11:54:21.465  2283  2283 I MonitoringInstrumentation: Activities that are still in CREATED to STOPPED: 1
11-23 11:54:21.470  2283  2299 I TestRunner: started: whenLoadMultipleGifsOnAppStateTest(br.com.catbag.gifreduxsample.ui.giflist.GifListActivityTest)
11-23 11:54:21.479  2283  2283 I MonitoringInstrumentation: Activities that are still in CREATED to STOPPED: 1
11-23 11:54:21.563  1238  1324 E TaskPersister: File error accessing recents directory (directory doesn't exist?).
11-23 11:54:21.600  2283  2300 I DroidFlux:Dispatcher: [STARTED] dispatch of action [FAKE_REDUCE_ACTION]
11-23 11:54:21.601  2283  2300 I DroidFlux:Dispatcher: [COMPLETED] dispatch of action [FAKE_REDUCE_ACTION]
11-23 11:54:21.633  2283  2376 D ActivityTestRule: Launching activity br.com.catbag.gifreduxsample.ui.GifListActivity
11-23 11:54:21.646  2283  2378 D MonitoringInstrumentation: execStartActivity(context, ibinder, ibinder, activity, intent, int, bundle
11-23 11:54:21.647  1238  1783 I ActivityManager: START u0 {flg=0x10000000 cmp=br.com.catbag.gifreduxsample/.ui.GifListActivity} from uid 10060 on display 0
11-23 11:54:21.851  2283  2283 D LifecycleMonitor: Lifecycle status change: br.com.catbag.gifreduxsample.ui.GifListActivity@7bf78b6 in: PRE_ON_CREATE
11-23 11:54:22.220  2283  2283 D LifecycleMonitor: Lifecycle status change: br.com.catbag.gifreduxsample.ui.GifListActivity@7bf78b6 in: CREATED
11-23 11:54:22.233  2283  2283 D LifecycleMonitor: Lifecycle status change: br.com.catbag.gifreduxsample.ui.GifListActivity@7bf78b6 in: STARTED
11-23 11:54:22.235  2283  2283 D LifecycleMonitor: Lifecycle status change: br.com.catbag.gifreduxsample.ui.GifListActivity@7bf78b6 in: RESUMED
11-23 11:54:22.276  2283  2300 I DroidFlux:Dispatcher: [STARTED] dispatch of action [APP_STATE_LOAD]
11-23 11:54:22.277  2283  2300 D DroidFlux:Dispatcher: An action of type [APP_STATE_LOAD] was dispatched, but no reducer handled it
11-23 11:54:22.277  2283  2300 I DroidFlux:Dispatcher: [COMPLETED] dispatch of action [APP_STATE_LOAD]
11-23 11:54:22.548  1238  1259 I ActivityManager: Displayed br.com.catbag.gifreduxsample/.ui.GifListActivity: +708ms
11-23 11:54:22.631  2283  2283 W ResourceType: No package identifier when getting name for resource number 0x000000f5
11-23 11:54:22.631  2283  2283 I ViewInteraction: Performing 'scroll RecyclerView to position: 2' action on view with id: 245 (resource name not found)
11-23 11:54:22.849  2283  2283 D LifecycleMonitor: Lifecycle status change: br.com.catbag.gifreduxsample.ui.GifListActivity@27bd039 in: STOPPED
11-23 11:54:22.849  2283  2283 D LifecycleMonitor: Lifecycle status change: br.com.catbag.gifreduxsample.ui.GifListActivity@27bd039 in: DESTROYED
11-23 11:54:22.856  1238  1381 I WindowManager: Destroying surface Surface(name=com.android.launcher3/com.android.launcher3.Launcher) called by com.android.server.wm.WindowStateAnimator.destroySurface:2014 com.android.server.wm.WindowStateAnimator.destroySurfaceLocked:881 com.android.server.wm.WindowState.destroyOrSaveSurface:2073 com.android.server.wm.AppWindowToken.destroySurfaces:363 com.android.server.wm.AppWindowToken.notifyAppStopped:389 com.android.server.wm.WindowManagerService.notifyAppStopped:4456 com.android.server.am.ActivityStack.activityStoppedLocked:1252 com.android.server.am.ActivityManagerService.activityStopped:6873 
11-23 11:54:22.894  1238  1259 I WindowManager: Destroying surface Surface(name=Starting br.com.catbag.gifreduxsample) called by com.android.server.wm.WindowStateAnimator.destroySurface:2014 com.android.server.wm.WindowStateAnimator.destroySurfaceLocked:881 com.android.server.wm.WindowState.destroyOrSaveSurface:2073 com.android.server.wm.AppWindowToken.destroySurfaces:363 com.android.server.wm.WindowStateAnimator.finishExit:565 com.android.server.wm.WindowStateAnimator.stepAnimationLocked:491 com.android.server.wm.WindowAnimator.updateWindowsLocked:303 com.android.server.wm.WindowAnimator.animateLocked:704 
11-23 11:54:22.901  1238  1520 I WindowManager: Destroying surface Surface(name=br.com.catbag.gifreduxsample/br.com.catbag.gifreduxsample.ui.GifListActivity) called by com.android.server.wm.WindowStateAnimator.destroySurface:2014 com.android.server.wm.WindowStateAnimator.destroySurfaceLocked:881 com.android.server.wm.WindowState.removeLocked:1449 com.android.server.wm.WindowManagerService.removeWindowInnerLocked:2478 com.android.server.wm.WindowManagerService.removeWindowLocked:2436 com.android.server.wm.WindowManagerService.removeWindowLocked:2305 com.android.server.wm.WindowManagerService.removeWindow:2300 com.android.server.wm.Session.remove:193 
11-23 11:54:22.957  2283  2283 W ResourceType: No package identifier when getting name for resource number 0x000000f5
11-23 11:54:22.976  2283  2283 W ResourceType: No package identifier when getting name for resource number 0x000000fc
11-23 11:54:22.976  2283  2283 I ViewInteraction: Performing 'scroll RecyclerView to position: 3' action on view with id: 252 (resource name not found)
11-23 11:54:23.293  2283  2283 W ResourceType: No package identifier when getting name for resource number 0x000000fc
11-23 11:54:23.325  2283  2283 W ResourceType: No package identifier when getting name for resource number 0x00000103
11-23 11:54:23.325  2283  2283 I ViewInteraction: Performing 'scroll RecyclerView to position: 4' action on view with id: 259 (resource name not found)
11-23 11:54:23.633  2283  2283 W ResourceType: No package identifier when getting name for resource number 0x00000103
11-23 11:54:23.665  2283  2283 W ResourceType: No package identifier when getting name for resource number 0x0000010a
11-23 11:54:23.667  2283  2283 I ViewInteraction: Performing 'scroll RecyclerView to position: 5' action on view with id: 266 (resource name not found)
11-23 11:54:23.989  2283  2283 W ResourceType: No package identifier when getting name for resource number 0x0000010a
11-23 11:54:24.012  2283  2283 W ResourceType: No package identifier when getting name for resource number 0x00000111
11-23 11:54:24.012  2283  2283 I ViewInteraction: Performing 'scroll RecyclerView to position: 6' action on view with id: 273 (resource name not found)
11-23 11:54:24.159  2283  2294 I art     : Background sticky concurrent mark sweep GC freed 23576(1757KB) AllocSpace objects, 12(256KB) LOS objects, 13% free, 13MB/15MB, paused 8.277ms total 95.149ms
11-23 11:54:24.348  2283  2283 W ResourceType: No package identifier when getting name for resource number 0x00000111
11-23 11:54:24.385  2283  2283 W ResourceType: No package identifier when getting name for resource number 0x00000118
11-23 11:54:24.385  2283  2283 I ViewInteraction: Performing 'scroll RecyclerView to position: 7' action on view with id: 280 (resource name not found)
11-23 11:54:24.680  2283  2283 W ResourceType: No package identifier when getting name for resource number 0x00000118
11-23 11:54:24.730  2283  2283 W ResourceType: No package identifier when getting name for resource number 0x0000011f
11-23 11:54:24.730  2283  2283 I ViewInteraction: Performing 'scroll RecyclerView to position: 8' action on view with id: 287 (resource name not found)
11-23 11:54:25.031  2283  2283 W ResourceType: No package identifier when getting name for resource number 0x0000011f
11-23 11:54:25.080  2283  2283 W ResourceType: No package identifier when getting name for resource number 0x00000126
11-23 11:54:25.081  2283  2283 I ViewInteraction: Performing 'scroll RecyclerView to position: 9' action on view with id: 294 (resource name not found)
11-23 11:54:25.201  2283  2294 I art     : Background sticky concurrent mark sweep GC freed 10382(992KB) AllocSpace objects, 9(192KB) LOS objects, 8% free, 14MB/15MB, paused 8.343ms total 95.239ms
11-23 11:54:25.244  1238  1324 E TaskPersister: File error accessing recents directory (directory doesn't exist?).
11-23 11:54:25.404  2283  2283 W ResourceType: No package identifier when getting name for resource number 0x00000126
11-23 11:54:25.458  2283  2283 D LifecycleMonitor: Lifecycle status change: br.com.catbag.gifreduxsample.ui.GifListActivity@7bf78b6 in: PAUSED
11-23 11:54:25.510  2283  2299 I TestRunner: finished: whenLoadMultipleGifsOnAppStateTest(br.com.catbag.gifreduxsample.ui.giflist.GifListActivityTest)
11-23 11:54:25.629   978   978 D gralloc : Registering a buffer in the process that created it. This may cause memory ordering problems.
11-23 11:54:25.631   978   978 E libEGL  : called unimplemented OpenGL ES API
11-23 11:54:25.631   978   978 E SurfaceFlinger: glCheckFramebufferStatusOES error -237227574
11-23 11:54:25.631   978   978 E SurfaceFlinger: got GL_FRAMEBUFFER_COMPLETE_OES error while taking screenshot
11-23 11:54:25.647  1238  1519 W WindowManager: Screenshot failure taking screenshot for (480x800) to layer 21005
11-23 11:54:25.657  2283  2283 I MonitoringInstrumentation: Activities that are still in CREATED to STOPPED: 1
11-23 11:54:25.661  2283  2299 I TestRunner: run finished: 15 tests, 0 failed, 0 ignored
11-23 11:54:26.082  1778  1778 I Choreographer: Skipped 70 frames!  The application may be doing too much work on its main thread.
11-23 11:54:26.109  1238  1259 I Choreographer: Skipped 34 frames!  The application may be doing too much work on its main thread.
11-23 11:54:26.304  1238  1259 I Choreographer: Skipped 40 frames!  The application may be doing too much work on its main thread.
11-23 11:54:26.332  2283  2299 I MonitoringInstrumentation: Unstopped activity count: 1
11-23 11:54:26.335  2283  2283 I MonitoringInstrumentation: Activities that are still in CREATED to STOPPED: 1
11-23 11:54:26.364  1778  1778 I Choreographer: Skipped 31 frames!  The application may be doing too much work on its main thread.
11-23 11:54:26.404  2283  2299 I MonitoringInstrumentation: Unstopped activity count: 1
11-23 11:54:26.465  2283  2299 I MonitoringInstrumentation: Unstopped activity count: 1
11-23 11:54:26.500  2283  2283 D LifecycleMonitor: Lifecycle status change: br.com.catbag.gifreduxsample.ui.GifListActivity@7bf78b6 in: STOPPED
11-23 11:54:26.500  2283  2283 D LifecycleMonitor: Lifecycle status change: br.com.catbag.gifreduxsample.ui.GifListActivity@7bf78b6 in: DESTROYED
11-23 11:54:26.524  2283  2299 I MonitoringInstrumentation: waitForActivitiesToComplete() took: 193ms
11-23 11:54:26.596  2272  2272 D AndroidRuntime: Shutting down VM
11-23 11:54:26.636  2272  2272 W art     : Suspending all threads took: 24.994ms
11-23 11:54:26.661  1238  1520 I WindowManager: Destroying surface Surface(name=br.com.catbag.gifreduxsample/br.com.catbag.gifreduxsample.ui.GifListActivity) called by com.android.server.wm.WindowStateAnimator.destroySurface:2014 com.android.server.wm.WindowStateAnimator.destroySurfaceLocked:881 com.android.server.wm.WindowState.removeLocked:1449 com.android.server.wm.WindowManagerService.removeWindowInnerLocked:2478 com.android.server.wm.WindowManagerService.removeWindowLocked:2436 com.android.server.wm.WindowManagerService.removeWindowLocked:2305 com.android.server.wm.WindowManagerService.removeWindow:2300 com.android.server.wm.Session.remove:193 
11-23 11:54:26.662  1238  1249 I ActivityManager: Force stopping br.com.catbag.gifreduxsample appid=10060 user=0: finished inst
11-23 11:54:26.663  1238  1249 I ActivityManager: Killing 2283:br.com.catbag.gifreduxsample/u0a60 (adj 0): stop br.com.catbag.gifreduxsample
11-23 11:54:26.849  1238  1253 W art     : Long monitor contention with owner Binder:1238_1 (1249) at void com.android.server.am.ActivityManagerService.finishInstrumentation(android.app.IApplicationThread, int, android.os.Bundle)(ActivityManagerService.java:18494) waiters=0 in void com.android.server.am.ActivityManagerService.dispatchProcessesChanged() for 272ms
11-23 11:54:28.187  2389  2389 D AndroidRuntime: >>>>>> START com.android.internal.os.RuntimeInit uid 2000 <<<<<<
11-23 11:54:28.207  2389  2389 D AndroidRuntime: CheckJNI is ON
11-23 11:54:28.323  2389  2389 W art     : Unexpected CPU variant for X86 using defaults: x86
11-23 11:54:28.373  2389  2389 D ICU     : No timezone override file found: /data/misc/zoneinfo/current/icu/icu_tzdata.dat
11-23 11:54:28.453  2389  2389 E memtrack: Couldn't load memtrack module (No such file or directory)
11-23 11:54:28.454  2389  2389 E android.os.Debug: failed to load memtrack module: -2
11-23 11:54:28.459  2389  2389 I Radio-JNI: register_android_hardware_Radio DONE
11-23 11:54:28.515  2389  2389 D AndroidRuntime: Calling main entry com.android.commands.pm.Pm
11-23 11:54:28.579  1238  1252 I ActivityManager: Force stopping br.com.catbag.gifreduxsample.test appid=10061 user=-1: deletePackageX
11-23 11:54:28.809  1238  1264 I art     : Starting a blocking GC Explicit
11-23 11:54:28.903  1238  1264 I art     : Explicit concurrent mark sweep GC freed 28147(1936KB) AllocSpace objects, 13(260KB) LOS objects, 33% free, 7MB/10MB, paused 7.902ms total 91.171ms
11-23 11:54:28.953  2389  2389 I art     : System.exit called, status: 0
11-23 11:54:28.953  2389  2389 I AndroidRuntime: VM exiting with result code 0.
11-23 11:54:29.006  1238  1264 I ActivityManager: Force stopping br.com.catbag.gifreduxsample.test appid=10061 user=0: pkg removed
