--------- beginning of main
11-22 15:34:18.281  2172  2172 D AndroidRuntime: >>>>>> START com.android.internal.os.RuntimeInit uid 2000 <<<<<<
11-22 15:34:18.364  2172  2172 D AndroidRuntime: CheckJNI is ON
11-22 15:34:19.096  2172  2172 W art     : Unexpected CPU variant for X86 using defaults: x86
11-22 15:34:19.621  2172  2172 D ICU     : No timezone override file found: /data/misc/zoneinfo/current/icu/icu_tzdata.dat
11-22 15:34:20.215  2172  2172 E memtrack: Couldn't load memtrack module (No such file or directory)
11-22 15:34:20.217  2172  2172 E android.os.Debug: failed to load memtrack module: -2
11-22 15:34:20.259  2172  2172 I Radio-JNI: register_android_hardware_Radio DONE
11-22 15:34:20.543  2172  2172 D AndroidRuntime: Calling main entry com.android.commands.am.Am
11-22 15:34:20.653  2172  2172 D AndroidRuntime: Shutting down VM
11-22 15:34:21.444  2182  2182 D AndroidRuntime: >>>>>> START com.android.internal.os.RuntimeInit uid 2000 <<<<<<
11-22 15:34:21.447  2182  2182 D AndroidRuntime: CheckJNI is ON
11-22 15:34:21.542  2182  2182 W art     : Unexpected CPU variant for X86 using defaults: x86
11-22 15:34:21.575  2182  2182 D ICU     : No timezone override file found: /data/misc/zoneinfo/current/icu/icu_tzdata.dat
11-22 15:34:21.636  2182  2182 E memtrack: Couldn't load memtrack module (No such file or directory)
11-22 15:34:21.636  2182  2182 E android.os.Debug: failed to load memtrack module: -2
11-22 15:34:21.638  2182  2182 I Radio-JNI: register_android_hardware_Radio DONE
11-22 15:34:21.668  2182  2182 D AndroidRuntime: Calling main entry com.android.commands.pm.Pm
11-22 15:34:21.851  2182  2182 I art     : System.exit called, status: 0
11-22 15:34:21.864  2182  2182 I AndroidRuntime: VM exiting with result code 0.
11-22 15:34:22.840  1239  1677 W art     : Long monitor contention with owner android.io (1259) at java.lang.StringBuilder java.lang.StringBuilder.append(java.lang.String)(StringBuilder.java:133) waiters=0 in android.content.pm.PackageInstaller$SessionInfo com.android.server.pm.PackageInstallerService.getSessionInfo(int) for 645ms
11-22 15:34:24.877  2193  2193 D AndroidRuntime: >>>>>> START com.android.internal.os.RuntimeInit uid 2000 <<<<<<
11-22 15:34:24.913  2193  2193 D AndroidRuntime: CheckJNI is ON
11-22 15:34:25.050  2193  2193 W art     : Unexpected CPU variant for X86 using defaults: x86
11-22 15:34:25.087  2193  2193 D ICU     : No timezone override file found: /data/misc/zoneinfo/current/icu/icu_tzdata.dat
11-22 15:34:25.184  2193  2193 E memtrack: Couldn't load memtrack module (No such file or directory)
11-22 15:34:25.185  2193  2193 E android.os.Debug: failed to load memtrack module: -2
11-22 15:34:25.186  2193  2193 I Radio-JNI: register_android_hardware_Radio DONE
11-22 15:34:25.266  2193  2193 D AndroidRuntime: Calling main entry com.android.commands.pm.Pm
11-22 15:34:25.451   994   994 I         : free_cache(3798289) avail 512569344
11-22 15:34:27.648  1239  1249 I art     : Background sticky concurrent mark sweep GC freed 29082(2020KB) AllocSpace objects, 17(396KB) LOS objects, 30% free, 6MB/10MB, paused 50.072ms total 2.137s
11-22 15:34:34.519  2193  2193 I art     : System.exit called, status: 0
11-22 15:34:34.520  2193  2193 I AndroidRuntime: VM exiting with result code 0.
11-22 15:34:34.970  2207  2207 D AndroidRuntime: >>>>>> START com.android.internal.os.RuntimeInit uid 2000 <<<<<<
11-22 15:34:34.982  2207  2207 D AndroidRuntime: CheckJNI is ON
11-22 15:34:35.047  2207  2207 W art     : Unexpected CPU variant for X86 using defaults: x86
11-22 15:34:35.058  2207  2207 D ICU     : No timezone override file found: /data/misc/zoneinfo/current/icu/icu_tzdata.dat
11-22 15:34:35.100  2207  2207 E memtrack: Couldn't load memtrack module (No such file or directory)
11-22 15:34:35.100  2207  2207 E android.os.Debug: failed to load memtrack module: -2
11-22 15:34:35.111  2207  2207 I Radio-JNI: register_android_hardware_Radio DONE
11-22 15:34:35.136  2207  2207 D AndroidRuntime: Calling main entry com.android.commands.pm.Pm
--------- beginning of system
11-22 15:34:35.731  1239  1265 W ActivityManager: Slow operation: 134ms so far, now at startProcess: returned from zygote!
11-22 15:34:35.743  1239  1265 W ActivityManager: Slow operation: 134ms so far, now at startProcess: done updating battery stats
11-22 15:34:35.744  1239  1265 W ActivityManager: Slow operation: 146ms so far, now at startProcess: building log message
11-22 15:34:35.744  1239  1265 I ActivityManager: Start proc 2217:com.android.defcontainer/u0a5 for service com.android.defcontainer/.DefaultContainerService
11-22 15:34:35.744  1239  1265 W ActivityManager: Slow operation: 147ms so far, now at startProcess: starting to update pids map
11-22 15:34:35.746  1239  1265 W ActivityManager: Slow operation: 148ms so far, now at startProcess: done updating pids map
11-22 15:34:35.746  1239  1265 W ActivityManager: Slow operation: 155ms so far, now at startProcess: done starting proc!
11-22 15:34:35.835  2217  2217 W art     : Unexpected CPU variant for X86 using defaults: x86
11-22 15:34:36.319  1239  1265 I PackageManager.DexOptimizer: Running dexopt (dex2oat) on: /data/app/vmdl1176599647.tmp/base.apk pkg=br.com.catbag.gifreduxsample isa=x86 vmSafeMode=false debuggable=true target-filter=interpret-only oatDir = /data/app/vmdl1176599647.tmp/oat sharedLibraries=null
11-22 15:34:36.391  2232  2232 W dex2oat : Unexpected CPU variant for X86 using defaults: x86
11-22 15:34:36.391  2232  2232 W dex2oat : Mismatch between dex2oat instruction set features (ISA: X86 Feature string: smp,-ssse3,-sse4.1,-sse4.2,-avx,-avx2,-lock_add,-popcnt) and those of dex2oat executable (ISA: X86 Feature string: smp,ssse3,-sse4.1,-sse4.2,-avx,-avx2,-lock_add,-popcnt) for the command line:
11-22 15:34:36.391  2232  2232 W dex2oat : /system/bin/dex2oat --zip-fd=6 --zip-location=base.apk --oat-fd=7 --oat-location=/data/app/vmdl1176599647.tmp/oat/x86/base.odex --instruction-set=x86 --instruction-set-variant=x86 --instruction-set-features=default --runtime-arg -Xms64m --runtime-arg -Xmx512m --compiler-filter=interpret-only --swap-fd=9 --debuggable
11-22 15:34:36.405  2232  2232 I dex2oat : /system/bin/dex2oat --compiler-filter=interpret-only --debuggable
11-22 15:34:40.117  2232  2232 W dex2oat : Before Android 4.1, method int android.support.v7.widget.ListViewCompat.lookForSelectablePosition(int, boolean) would have incorrectly overridden the package-private method in android.widget.ListView
11-22 15:34:40.229  2232  2232 W dex2oat : Before Android 4.1, method android.graphics.PorterDuffColorFilter android.support.graphics.drawable.VectorDrawableCompat.updateTintFilter(android.graphics.PorterDuffColorFilter, android.content.res.ColorStateList, android.graphics.PorterDuff$Mode) would have incorrectly overridden the package-private method in android.graphics.drawable.Drawable
11-22 15:34:51.287  2232  2232 W dex2oat : Verification of void org.immutables.value.internal.$processor$.meta.$StyleMirror.<init>(javax.lang.model.element.AnnotationMirror) took 121.191ms
11-22 15:35:14.814  2232  2232 W dex2oat : Compilation of long[] org.immutables.value.internal.$guava$.primitives.$Longs.toArray(java.util.Collection) took 203.009ms
11-22 15:35:19.805  2232  2232 W dex2oat : Compilation of void trikita.anvil.DSL$EllipsizeFunc63cb4885.<init>() took 174.360ms
11-22 15:35:24.197  2232  2232 I dex2oat : dex2oat took 47.810s (threads: 1) arena alloc=1451KB (1486728B) java alloc=6MB (6985760B) native alloc=10MB (11325472B) free=2MB (2961376B)
11-22 15:35:24.712  1239  1265 W PackageManager: Not granting permission android.permission.SET_DEBUG_APP to package br.com.catbag.gifreduxsample (protectionLevel=50 flags=0x3848be46)
11-22 15:35:24.899  1239  1265 V BackupManagerService: restoreAtInstall pkg=br.com.catbag.gifreduxsample token=1 restoreSet=0
11-22 15:35:24.901  1239  1265 W BackupManagerService: Requested unavailable transport: android/com.android.internal.backup.LocalTransport
11-22 15:35:24.902  1239  1265 W BackupManagerService: No transport
11-22 15:35:24.902  1239  1265 V BackupManagerService: Finishing install immediately
11-22 15:35:24.978  1239  1265 I art     : Starting a blocking GC Explicit
11-22 15:35:25.364  1239  1265 I art     : Explicit concurrent mark sweep GC freed 25088(1461KB) AllocSpace objects, 10(248KB) LOS objects, 33% free, 6MB/10MB, paused 8.577ms total 380.661ms
11-22 15:35:25.375   994   994 E         : Couldn't opendir /data/app/vmdl1176599647.tmp: No such file or directory
11-22 15:35:25.480  2207  2207 I art     : System.exit called, status: 0
11-22 15:35:25.481  2207  2207 I AndroidRuntime: VM exiting with result code 0.
11-22 15:35:25.699  1239  1279 I InputReader: Reconfiguring input devices.  changes=0x00000010
11-22 15:35:25.829  1447  1447 D CarrierSvcBindHelper: No carrier app for: 0
11-22 15:35:25.873  1447  1447 D CarrierConfigLoader: mHandler: 9 phoneId: 0
11-22 15:35:26.363  1239  1252 W VoiceInteractionManagerService: no available voice recognition services found for user 0
11-22 15:35:26.364  1239  1252 W LocationProviderProxy-network: Odd, no component found for service com.android.location.service.v3.NetworkLocationProvider
11-22 15:35:26.365  1239  1252 W GeocoderProxy: Odd, no component found for service com.android.location.service.GeocodeProvider
11-22 15:35:26.366  1239  1252 W GeofenceProxy: Odd, no component found for service com.android.location.service.GeofenceProvider
11-22 15:35:26.366  1239  1252 W ActivityRecognitionProxy: Odd, no component found for service com.android.location.service.ActivityRecognitionProvider
11-22 15:35:27.033  2239  2239 D AndroidRuntime: >>>>>> START com.android.internal.os.RuntimeInit uid 2000 <<<<<<
11-22 15:35:27.052  2239  2239 D AndroidRuntime: CheckJNI is ON
11-22 15:35:27.147  2239  2239 W art     : Unexpected CPU variant for X86 using defaults: x86
11-22 15:35:27.155  2239  2239 D ICU     : No timezone override file found: /data/misc/zoneinfo/current/icu/icu_tzdata.dat
11-22 15:35:27.190  2239  2239 E memtrack: Couldn't load memtrack module (No such file or directory)
11-22 15:35:27.191  2239  2239 E android.os.Debug: failed to load memtrack module: -2
11-22 15:35:27.192  2239  2239 I Radio-JNI: register_android_hardware_Radio DONE
11-22 15:35:27.221  2239  2239 D AndroidRuntime: Calling main entry com.android.commands.pm.Pm
11-22 15:35:27.257  2239  2239 I art     : System.exit called, status: 0
11-22 15:35:27.257  2239  2239 I AndroidRuntime: VM exiting with result code 0.
11-22 15:35:28.122  2256  2256 D AndroidRuntime: >>>>>> START com.android.internal.os.RuntimeInit uid 2000 <<<<<<
11-22 15:35:28.125  2256  2256 D AndroidRuntime: CheckJNI is ON
11-22 15:35:28.264  2256  2256 W art     : Unexpected CPU variant for X86 using defaults: x86
11-22 15:35:28.271  2256  2256 D ICU     : No timezone override file found: /data/misc/zoneinfo/current/icu/icu_tzdata.dat
11-22 15:35:28.335  2256  2256 E memtrack: Couldn't load memtrack module (No such file or directory)
11-22 15:35:28.335  2256  2256 E android.os.Debug: failed to load memtrack module: -2
11-22 15:35:28.337  2256  2256 I Radio-JNI: register_android_hardware_Radio DONE
11-22 15:35:28.355  2256  2256 D AndroidRuntime: Calling main entry com.android.commands.pm.Pm
11-22 15:35:28.382   994   994 I         : free_cache(2064664) avail 499122176
11-22 15:35:30.264  1239  1251 W ActivityManager: Slow operation: 88ms so far, now at startProcess: returned from zygote!
11-22 15:35:30.264  1239  1251 W ActivityManager: Slow operation: 89ms so far, now at startProcess: done updating battery stats
11-22 15:35:30.267  1239  1251 W ActivityManager: Slow operation: 91ms so far, now at startProcess: building log message
11-22 15:35:30.267  1239  1251 I ActivityManager: Start proc 2268:com.svox.pico/u0a46 for broadcast com.svox.pico/.VoiceDataInstallerReceiver
11-22 15:35:30.267  1239  1251 W ActivityManager: Slow operation: 92ms so far, now at startProcess: starting to update pids map
11-22 15:35:30.268  1239  1251 W ActivityManager: Slow operation: 92ms so far, now at startProcess: done updating pids map
11-22 15:35:30.268  1239  1251 W ActivityManager: Slow operation: 93ms so far, now at startProcess: done starting proc!
11-22 15:35:30.276  2268  2268 W art     : Unexpected CPU variant for X86 using defaults: x86
11-22 15:35:31.922  2256  2256 I art     : System.exit called, status: 0
11-22 15:35:31.922  2256  2256 I AndroidRuntime: VM exiting with result code 0.
11-22 15:35:32.387  2284  2284 D AndroidRuntime: >>>>>> START com.android.internal.os.RuntimeInit uid 2000 <<<<<<
11-22 15:35:32.391  2284  2284 D AndroidRuntime: CheckJNI is ON
11-22 15:35:32.466  2284  2284 W art     : Unexpected CPU variant for X86 using defaults: x86
11-22 15:35:32.476  2284  2284 D ICU     : No timezone override file found: /data/misc/zoneinfo/current/icu/icu_tzdata.dat
11-22 15:35:32.522  2284  2284 E memtrack: Couldn't load memtrack module (No such file or directory)
11-22 15:35:32.522  2284  2284 E android.os.Debug: failed to load memtrack module: -2
11-22 15:35:32.545  2284  2284 I Radio-JNI: register_android_hardware_Radio DONE
11-22 15:35:32.576  2284  2284 D AndroidRuntime: Calling main entry com.android.commands.pm.Pm
11-22 15:35:32.732  2217  2228 I art     : HomogeneousSpaceCompact marksweep + semispace GC freed 12916(663KB) AllocSpace objects, 0(0B) LOS objects, 39% free, 2MB/3MB, paused 2.556s total 2.556s
11-22 15:35:32.878  1239  1265 I PackageManager.DexOptimizer: Running dexopt (dex2oat) on: /data/app/vmdl270930961.tmp/base.apk pkg=br.com.catbag.gifreduxsample.test isa=x86 vmSafeMode=false debuggable=true target-filter=interpret-only oatDir = /data/app/vmdl270930961.tmp/oat sharedLibraries=/system/framework/android.test.runner.jar
11-22 15:35:32.945  2295  2295 W dex2oat : Unexpected CPU variant for X86 using defaults: x86
11-22 15:35:32.946  2295  2295 W dex2oat : Mismatch between dex2oat instruction set features (ISA: X86 Feature string: smp,-ssse3,-sse4.1,-sse4.2,-avx,-avx2,-lock_add,-popcnt) and those of dex2oat executable (ISA: X86 Feature string: smp,ssse3,-sse4.1,-sse4.2,-avx,-avx2,-lock_add,-popcnt) for the command line:
11-22 15:35:32.946  2295  2295 W dex2oat : /system/bin/dex2oat --zip-fd=6 --zip-location=base.apk --oat-fd=7 --oat-location=/data/app/vmdl270930961.tmp/oat/x86/base.odex --instruction-set=x86 --instruction-set-variant=x86 --instruction-set-features=default --runtime-arg -Xms64m --runtime-arg -Xmx512m --compiler-filter=interpret-only --swap-fd=9 --debuggable --runtime-arg -classpath --runtime-arg /system/framework/android.test.runner.jar
11-22 15:35:32.947  2295  2295 I dex2oat : /system/bin/dex2oat --compiler-filter=interpret-only --debuggable
11-22 15:35:57.476  2295  2295 W dex2oat : Compilation of void net.bytebuddy.implementation.bind.annotation.Pipe$Binder$PrecomputedFinding.<init>(net.bytebuddy.implementation.bind.annotation.Pipe$Binder, net.bytebuddy.description.type.TypeDescription) took 162.205ms
11-22 15:36:01.070  1002  1231 E Netd    : Failed to dump IPv4 sockets for UID: No such file or directory
11-22 15:36:01.070  1239  1252 E NetworkManagement: Error closing sockets after enabling chain standby: android.os.ServiceSpecificException: destroySockets: No such file or directory
11-22 15:36:01.056  1231  1231 W Binder:1002_1: type=1400 audit(0.0:8): avc: denied { module_request } for kmod="net-pf-16-proto-4-type-2" scontext=u:r:netd:s0 tcontext=u:r:kernel:s0 tclass=system permissive=0
11-22 15:36:01.677  2295  2295 I dex2oat : dex2oat took 28.732s (threads: 1) arena alloc=4KB (4648B) java alloc=3MB (3874192B) native alloc=6MB (6983032B) free=2MB (2454152B)
11-22 15:36:02.016  1239  1265 V BackupManagerService: restoreAtInstall pkg=br.com.catbag.gifreduxsample.test token=2 restoreSet=0
11-22 15:36:02.016  1239  1265 W BackupManagerService: Requested unavailable transport: android/com.android.internal.backup.LocalTransport
11-22 15:36:02.016  1239  1265 W BackupManagerService: No transport
11-22 15:36:02.017  1239  1265 V BackupManagerService: Finishing install immediately
11-22 15:36:02.050  1239  1617 I ActivityManager: Killing 1466:com.android.settings:CryptKeeper/1000 (adj 906): empty #17
11-22 15:36:02.067  1239  1265 I art     : Starting a blocking GC Explicit
11-22 15:36:02.314  1239  1265 I art     : Explicit concurrent mark sweep GC freed 39138(2MB) AllocSpace objects, 13(308KB) LOS objects, 33% free, 6MB/10MB, paused 6.080ms total 232.871ms
11-22 15:36:02.323   994   994 E         : Couldn't opendir /data/app/vmdl270930961.tmp: No such file or directory
11-22 15:36:02.358  2284  2284 I art     : System.exit called, status: 0
11-22 15:36:02.359  2284  2284 I AndroidRuntime: VM exiting with result code 0.
11-22 15:36:02.455  1239  1279 I InputReader: Reconfiguring input devices.  changes=0x00000010
11-22 15:36:02.666  1447  1447 D CarrierSvcBindHelper: No carrier app for: 0
11-22 15:36:02.678  1447  1447 D CarrierConfigLoader: mHandler: 9 phoneId: 0
11-22 15:36:02.780  1239  1252 W VoiceInteractionManagerService: no available voice recognition services found for user 0
11-22 15:36:02.780  1239  1252 W LocationProviderProxy-network: Odd, no component found for service com.android.location.service.v3.NetworkLocationProvider
11-22 15:36:02.781  1239  1252 W GeocoderProxy: Odd, no component found for service com.android.location.service.GeocodeProvider
11-22 15:36:02.781  1239  1252 W GeofenceProxy: Odd, no component found for service com.android.location.service.GeofenceProvider
11-22 15:36:02.781  1239  1252 W ActivityRecognitionProxy: Odd, no component found for service com.android.location.service.ActivityRecognitionProvider
11-22 15:36:03.314  2305  2305 D AndroidRuntime: >>>>>> START com.android.internal.os.RuntimeInit uid 2000 <<<<<<
11-22 15:36:03.327  2305  2305 D AndroidRuntime: CheckJNI is ON
11-22 15:36:03.395  2305  2305 W art     : Unexpected CPU variant for X86 using defaults: x86
11-22 15:36:03.435  2305  2305 D ICU     : No timezone override file found: /data/misc/zoneinfo/current/icu/icu_tzdata.dat
11-22 15:36:03.517  2305  2305 E memtrack: Couldn't load memtrack module (No such file or directory)
11-22 15:36:03.517  2305  2305 E android.os.Debug: failed to load memtrack module: -2
11-22 15:36:03.519  2305  2305 I Radio-JNI: register_android_hardware_Radio DONE
11-22 15:36:03.550  2305  2305 D AndroidRuntime: Calling main entry com.android.commands.am.Am
11-22 15:36:03.568  1239  1250 I ActivityManager: Force stopping br.com.catbag.gifreduxsample appid=10060 user=0: start instr
11-22 15:36:03.599  1239  1250 I ActivityManager: Start proc 2315:br.com.catbag.gifreduxsample/u0a60 for added application br.com.catbag.gifreduxsample
11-22 15:36:03.604  2315  2315 I art     : Not late-enabling -Xcheck:jni (already on)
11-22 15:36:03.605  2315  2315 W art     : Unexpected CPU variant for X86 using defaults: x86
11-22 15:36:03.714  2315  2315 W System  : ClassLoader referenced unknown path: /data/app/br.com.catbag.gifreduxsample.test-1/lib/x86
11-22 15:36:03.730  2315  2315 W System  : ClassLoader referenced unknown path: 
11-22 15:36:03.799  2315  2315 W System.err: java.io.FileNotFoundException: /jacoco.exec (Read-only file system)
11-22 15:36:03.804  2315  2315 W System.err: 	at java.io.FileOutputStream.open(Native Method)
11-22 15:36:03.804  2315  2315 W System.err: 	at java.io.FileOutputStream.<init>(FileOutputStream.java:221)
11-22 15:36:03.804  2315  2315 W System.err: 	at org.jacoco.agent.rt.internal_e6e56f0.output.FileOutput.openFile(FileOutput.java:67)
11-22 15:36:03.804  2315  2315 W System.err: 	at org.jacoco.agent.rt.internal_e6e56f0.output.FileOutput.startup(FileOutput.java:49)
11-22 15:36:03.805  2315  2315 W System.err: 	at org.jacoco.agent.rt.internal_e6e56f0.Agent.startup(Agent.java:122)
11-22 15:36:03.805  2315  2315 W System.err: 	at org.jacoco.agent.rt.internal_e6e56f0.Agent.getInstance(Agent.java:50)
11-22 15:36:03.805  2315  2315 W System.err: 	at org.jacoco.agent.rt.internal_e6e56f0.Offline.<clinit>(Offline.java:31)
11-22 15:36:03.806  2315  2315 W System.err: 	at org.jacoco.agent.rt.internal_e6e56f0.Offline.getProbes(Offline.java:51)
11-22 15:36:03.806  2315  2315 W System.err: 	at br.com.catbag.gifreduxsample.MyApp.$jacocoInit(MyApp.java)
11-22 15:36:03.806  2315  2315 W System.err: 	at br.com.catbag.gifreduxsample.MyApp.<clinit>(MyApp.java)
11-22 15:36:03.806  2315  2315 W System.err: 	at java.lang.Class.newInstance(Native Method)
11-22 15:36:03.807  2315  2315 W System.err: 	at android.app.Instrumentation.newApplication(Instrumentation.java:1007)
11-22 15:36:03.807  2315  2315 W System.err: 	at android.app.Instrumentation.newApplication(Instrumentation.java:992)
11-22 15:36:03.807  2315  2315 W System.err: 	at android.app.LoadedApk.makeApplication(LoadedApk.java:796)
11-22 15:36:03.807  2315  2315 W System.err: 	at android.app.ActivityThread.handleBindApplication(ActivityThread.java:5335)
11-22 15:36:03.807  2315  2315 W System.err: 	at android.app.ActivityThread.-wrap2(ActivityThread.java)
11-22 15:36:03.808  2315  2315 W System.err: 	at android.app.ActivityThread$H.handleMessage(ActivityThread.java:1528)
11-22 15:36:03.808  2315  2315 W System.err: 	at android.os.Handler.dispatchMessage(Handler.java:102)
11-22 15:36:03.808  2315  2315 W System.err: 	at android.os.Looper.loop(Looper.java:154)
11-22 15:36:03.808  2315  2315 W System.err: 	at android.app.ActivityThread.main(ActivityThread.java:6077)
11-22 15:36:03.809  2315  2315 W System.err: 	at java.lang.reflect.Method.invoke(Native Method)
11-22 15:36:03.809  2315  2315 W System.err: 	at com.android.internal.os.ZygoteInit$MethodAndArgsCaller.run(ZygoteInit.java:865)
11-22 15:36:03.810  2315  2315 W System.err: 	at com.android.internal.os.ZygoteInit.main(ZygoteInit.java:755)
11-22 15:36:03.817  2315  2315 I MonitoringInstrumentation: Instrumentation Started!
11-22 15:36:03.827  2315  2315 I MonitoringInstrumentation: Setting context classloader to 'dalvik.system.PathClassLoader[DexPathList[[zip file "/system/framework/android.test.runner.jar", zip file "/data/app/br.com.catbag.gifreduxsample.test-1/base.apk", zip file "/data/app/br.com.catbag.gifreduxsample-1/base.apk"],nativeLibraryDirectories=[/data/app/br.com.catbag.gifreduxsample.test-1/lib/x86, /data/app/br.com.catbag.gifreduxsample-1/lib/x86, /system/fake-libs, /data/app/br.com.catbag.gifreduxsample.test-1/base.apk!/lib/x86, /data/app/br.com.catbag.gifreduxsample-1/base.apk!/lib/x86, /system/lib, /vendor/lib]]]', Original: 'dalvik.system.PathClassLoader[DexPathList[[zip file "/system/framework/android.test.runner.jar", zip file "/data/app/br.com.catbag.gifreduxsample.test-1/base.apk", zip file "/data/app/br.com.catbag.gifreduxsample-1/base.apk"],nativeLibraryDirectories=[/data/app/br.com.catbag.gifreduxsample.test-1/lib/x86, /data/app/br.com.catbag.gifreduxsample-1/lib/x86, /system/fake-libs, /data/app/br.com.catbag.gifreduxsample.test-1/base.apk!/lib/x86, /data/app/br.com.catbag.gifreduxsample-1/base.apk!/lib/x86, /system/lib, /vendor/lib]]]'
11-22 15:36:03.995  2315  2315 D NetworkSecurityConfig: No Network Security Config specified, using platform default
11-22 15:36:04.050  2315  2315 I MonitoringInstrumentation: No JSBridge.
11-22 15:36:04.076  2315  2330 I UsageTrackerFacilitator: Usage tracking enabled
11-22 15:36:04.078  2315  2330 I TestRequestBuilder: Scanning classpath to find tests in apks [/data/app/br.com.catbag.gifreduxsample.test-1/base.apk]
11-22 15:36:04.801  2315  2330 I art     : Rejecting re-init on previously-failed class java.lang.Class<org.objectweb.asm.commons.JSRInlinerAdapter>: java.lang.NoClassDefFoundError: Failed resolution of: Lorg/objectweb/asm/tree/MethodNode;
11-22 15:36:04.801  2315  2330 I art     :   at java.lang.Class java.lang.Class.classForName!(java.lang.String, boolean, java.lang.ClassLoader) (Class.java:-2)
11-22 15:36:04.801  2315  2330 I art     :   at java.lang.Class java.lang.Class.forName(java.lang.String, boolean, java.lang.ClassLoader) (Class.java:400)
11-22 15:36:04.801  2315  2330 I art     :   at java.lang.Class android.support.test.internal.runner.TestLoader.doLoadClass(java.lang.String) (TestLoader.java:92)
11-22 15:36:04.801  2315  2330 I art     :   at java.lang.Class android.support.test.internal.runner.TestLoader.loadIfTest(java.lang.String) (TestLoader.java:113)
11-22 15:36:04.801  2315  2330 I art     :   at void android.support.test.internal.runner.TestRequestBuilder.loadClassesFromClassPath(android.support.test.internal.runner.TestLoader, java.util.Set) (TestRequestBuilder.java:801)
11-22 15:36:04.801  2315  2330 I art     :   at android.support.test.internal.runner.TestRequest android.support.test.internal.runner.TestRequestBuilder.build() (TestRequestBuilder.java:747)
11-22 15:36:04.802  2315  2330 I art     :   at android.support.test.internal.runner.TestRequest android.support.test.runner.AndroidJUnitRunner.buildRequest(android.support.test.internal.runner.RunnerArgs, android.os.Bundle) (AndroidJUnitRunner.java:354)
11-22 15:36:04.802  2315  2330 I art     :   at void android.support.test.runner.AndroidJUnitRunner.onStart() (AndroidJUnitRunner.java:260)
11-22 15:36:04.802  2315  2330 I art     :   at void android.app.Instrumentation$InstrumentationThread.run() (Instrumentation.java:1932)
11-22 15:36:04.802  2315  2330 I art     : Caused by: java.lang.ClassNotFoundException: Didn't find class "org.objectweb.asm.tree.MethodNode" on path: DexPathList[[zip file "/system/framework/android.test.runner.jar", zip file "/data/app/br.com.catbag.gifreduxsample.test-1/base.apk", zip file "/data/app/br.com.catbag.gifreduxsample-1/base.apk"],nativeLibraryDirectories=[/data/app/br.com.catbag.gifreduxsample.test-1/lib/x86, /data/app/br.com.catbag.gifreduxsample-1/lib/x86, /system/fake-libs, /data/app/br.com.catbag.gifreduxsample.test-1/base.apk!/lib/x86, /data/app/br.com.catbag.gifreduxsample-1/base.apk!/lib/x86, /system/lib, /vendor/lib]]
11-22 15:36:04.802  2315  2330 I art     :   at java.lang.Class dalvik.system.BaseDexClassLoader.findClass(java.lang.String) (BaseDexClassLoader.java:56)
11-22 15:36:04.802  2315  2330 I art     :   at java.lang.Class java.lang.ClassLoader.loadClass(java.lang.String, boolean) (ClassLoader.java:380)
11-22 15:36:04.803  2315  2330 I art     :   at java.lang.Class java.lang.ClassLoader.loadClass(java.lang.String) (ClassLoader.java:312)
11-22 15:36:04.803  2315  2330 I art     :   at java.lang.Class java.lang.Class.classForName!(java.lang.String, boolean, java.lang.ClassLoader) (Class.java:-2)
11-22 15:36:04.803  2315  2330 I art     :   at java.lang.Class java.lang.Class.forName(java.lang.String, boolean, java.lang.ClassLoader) (Class.java:400)
11-22 15:36:04.803  2315  2330 I art     :   at java.lang.Class android.support.test.internal.runner.TestLoader.doLoadClass(java.lang.String) (TestLoader.java:92)
11-22 15:36:04.803  2315  2330 I art     :   at java.lang.Class android.support.test.internal.runner.TestLoader.loadIfTest(java.lang.String) (TestLoader.java:113)
11-22 15:36:04.803  2315  2330 I art     :   at void android.support.test.internal.runner.TestRequestBuilder.loadClassesFromClassPath(android.support.test.internal.runner.TestLoader, java.util.Set) (TestRequestBuilder.java:801)
11-22 15:36:04.803  2315  2330 I art     :   at android.support.test.internal.runner.TestRequest android.support.test.internal.runner.TestRequestBuilder.build() (TestRequestBuilder.java:747)
11-22 15:36:04.803  2315  2330 I art     :   at android.support.test.internal.runner.TestRequest android.support.test.runner.AndroidJUnitRunner.buildRequest(android.support.test.internal.runner.RunnerArgs, android.os.Bundle) (AndroidJUnitRunner.java:354)
11-22 15:36:04.803  2315  2330 I art     :   at void android.support.test.runner.AndroidJUnitRunner.onStart() (AndroidJUnitRunner.java:260)
11-22 15:36:04.813  2315  2330 I art     :   at void android.app.Instrumentation$InstrumentationThread.run() (Instrumentation.java:1932)
11-22 15:36:04.815  2315  2330 I art     : 
11-22 15:36:04.815  2315  2330 E TestLoader: Could not find class: org.objectweb.asm.commons.JSRInlinerAdapter
11-22 15:36:04.822  2315  2330 I art     : Rejecting re-init on previously-failed class java.lang.Class<org.objectweb.asm.commons.TryCatchBlockSorter>: java.lang.NoClassDefFoundError: Failed resolution of: Lorg/objectweb/asm/tree/MethodNode;
11-22 15:36:04.822  2315  2330 I art     :   at java.lang.Class java.lang.Class.classForName!(java.lang.String, boolean, java.lang.ClassLoader) (Class.java:-2)
11-22 15:36:04.822  2315  2330 I art     :   at java.lang.Class java.lang.Class.forName(java.lang.String, boolean, java.lang.ClassLoader) (Class.java:400)
11-22 15:36:04.822  2315  2330 I art     :   at java.lang.Class android.support.test.internal.runner.TestLoader.doLoadClass(java.lang.String) (TestLoader.java:92)
11-22 15:36:04.823  2315  2330 I art     :   at java.lang.Class android.support.test.internal.runner.TestLoader.loadIfTest(java.lang.String) (TestLoader.java:113)
11-22 15:36:04.823  2315  2330 I art     :   at void android.support.test.internal.runner.TestRequestBuilder.loadClassesFromClassPath(android.support.test.internal.runner.TestLoader, java.util.Set) (TestRequestBuilder.java:801)
11-22 15:36:04.823  2315  2330 I art     :   at android.support.test.internal.runner.TestRequest android.support.test.internal.runner.TestRequestBuilder.build() (TestRequestBuilder.java:747)
11-22 15:36:04.823  2315  2330 I art     :   at android.support.test.internal.runner.TestRequest android.support.test.runner.AndroidJUnitRunner.buildRequest(android.support.test.internal.runner.RunnerArgs, android.os.Bundle) (AndroidJUnitRunner.java:354)
11-22 15:36:04.823  2315  2330 I art     :   at void android.support.test.runner.AndroidJUnitRunner.onStart() (AndroidJUnitRunner.java:260)
11-22 15:36:04.823  2315  2330 I art     :   at void android.app.Instrumentation$InstrumentationThread.run() (Instrumentation.java:1932)
11-22 15:36:04.823  2315  2330 I art     : Caused by: java.lang.ClassNotFoundException: Didn't find class "org.objectweb.asm.tree.MethodNode" on path: DexPathList[[zip file "/system/framework/android.test.runner.jar", zip file "/data/app/br.com.catbag.gifreduxsample.test-1/base.apk", zip file "/data/app/br.com.catbag.gifreduxsample-1/base.apk"],nativeLibraryDirectories=[/data/app/br.com.catbag.gifreduxsample.test-1/lib/x86, /data/app/br.com.catbag.gifreduxsample-1/lib/x86, /system/fake-libs, /data/app/br.com.catbag.gifreduxsample.test-1/base.apk!/lib/x86, /data/app/br.com.catbag.gifreduxsample-1/base.apk!/lib/x86, /system/lib, /vendor/lib]]
11-22 15:36:04.823  2315  2330 I art     :   at java.lang.Class dalvik.system.BaseDexClassLoader.findClass(java.lang.String) (BaseDexClassLoader.java:56)
11-22 15:36:04.824  2315  2330 I art     :   at java.lang.Class java.lang.ClassLoader.loadClass(java.lang.String, boolean) (ClassLoader.java:380)
11-22 15:36:04.824  2315  2330 I art     :   at java.lang.Class java.lang.ClassLoader.loadClass(java.lang.String) (ClassLoader.java:312)
11-22 15:36:04.824  2315  2330 I art     :   at java.lang.Class java.lang.Class.classForName!(java.lang.String, boolean, java.lang.ClassLoader) (Class.java:-2)
11-22 15:36:04.824  2315  2330 I art     :   at java.lang.Class java.lang.Class.forName(java.lang.String, boolean, java.lang.ClassLoader) (Class.java:400)
11-22 15:36:04.825  2315  2330 I art     :   at java.lang.Class android.support.test.internal.runner.TestLoader.doLoadClass(java.lang.String) (TestLoader.java:92)
11-22 15:36:04.825  2315  2330 I art     :   at java.lang.Class android.support.test.internal.runner.TestLoader.loadIfTest(java.lang.String) (TestLoader.java:113)
11-22 15:36:04.825  2315  2330 I art     :   at void android.support.test.internal.runner.TestRequestBuilder.loadClassesFromClassPath(android.support.test.internal.runner.TestLoader, java.util.Set) (TestRequestBuilder.java:801)
11-22 15:36:04.825  2315  2330 I art     :   at android.support.test.internal.runner.TestRequest android.support.test.internal.runner.TestRequestBuilder.build() (TestRequestBuilder.java:747)
11-22 15:36:04.825  2315  2330 I art     :   at android.support.test.internal.runner.TestRequest android.support.test.runner.AndroidJUnitRunner.buildRequest(android.support.test.internal.runner.RunnerArgs, android.os.Bundle) (AndroidJUnitRunner.java:354)
11-22 15:36:04.826  2315  2330 I art     :   at void android.support.test.runner.AndroidJUnitRunner.onStart() (AndroidJUnitRunner.java:260)
11-22 15:36:04.826  2315  2330 I art     :   at void android.app.Instrumentation$InstrumentationThread.run() (Instrumentation.java:1932)
11-22 15:36:04.826  2315  2330 I art     : 
11-22 15:36:04.826  2315  2330 E TestLoader: Could not find class: org.objectweb.asm.commons.TryCatchBlockSorter
11-22 15:36:04.889  2315  2330 D TestExecutor: Adding listener android.support.test.internal.runner.listener.LogRunListener
11-22 15:36:04.890  2315  2330 D TestExecutor: Adding listener android.support.test.internal.runner.listener.InstrumentationResultPrinter
11-22 15:36:04.890  2315  2330 D TestExecutor: Adding listener android.support.test.internal.runner.listener.ActivityFinisherRunListener
11-22 15:36:04.890  2315  2330 D TestExecutor: Adding listener android.support.test.internal.runner.listener.CoverageListener
11-22 15:36:04.898  2315  2330 I TestRunner: run started: 11 tests
11-22 15:36:04.926  2315  2330 I TestRunner: started: whenScrollDownAndPlayLastItemTest(br.com.catbag.gifreduxsample.ui.giflist.GifListActivityTest)
11-22 15:36:04.941  2315  2315 I MonitoringInstrumentation: Activities that are still in CREATED to STOPPED: 0
11-22 15:36:05.197  2315  2326 I art     : Background sticky concurrent mark sweep GC freed 152779(6MB) AllocSpace objects, 0(0B) LOS objects, 39% free, 4MB/6MB, paused 13.255ms total 740.175ms
11-22 15:36:05.507  2333  2333 W dex2oat : Unexpected CPU variant for X86 using defaults: x86
11-22 15:36:05.507  2333  2333 W dex2oat : Mismatch between dex2oat instruction set features (ISA: X86 Feature string: smp,-ssse3,-sse4.1,-sse4.2,-avx,-avx2,-lock_add,-popcnt) and those of dex2oat executable (ISA: X86 Feature string: smp,ssse3,-sse4.1,-sse4.2,-avx,-avx2,-lock_add,-popcnt) for the command line:
11-22 15:36:05.507  2333  2333 W dex2oat : /system/bin/dex2oat --runtime-arg -classpath --runtime-arg & --instruction-set=x86 --instruction-set-features=smp,ssse3,-sse4.1,-sse4.2,-avx,-avx2,-lock_add,-popcnt --runtime-arg -Xrelocate --boot-image=/system/framework/boot.art --runtime-arg -Xms64m --runtime-arg -Xmx512m --instruction-set-variant=x86 --instruction-set-features=default --dex-file=/data/user/0/br.com.catbag.gifreduxsample/app_dxmaker_cache/Generated_553233834.jar --oat-fd=38 --oat-location=/data/user/0/br.com.catbag.gifreduxsample/app_dxmaker_cache/Generated_553233834.dex --compiler-filter=speed
11-22 15:36:05.508  2333  2333 I dex2oat : /system/bin/dex2oat --dex-file=/data/user/0/br.com.catbag.gifreduxsample/app_dxmaker_cache/Generated_553233834.jar --oat-fd=38 --oat-location=/data/user/0/br.com.catbag.gifreduxsample/app_dxmaker_cache/Generated_553233834.dex --compiler-filter=speed
11-22 15:36:05.708  2333  2333 I dex2oat : dex2oat took 201.592ms (threads: 1) arena alloc=41KB (42016B) java alloc=28KB (28768B) native alloc=734KB (752296B) free=801KB (820568B)
11-22 15:36:05.871  1239  1666 D VoldConnector: SND -> {29 volume mkdirs /storage/emulated/0/Android/data/br.com.catbag.gifreduxsample/cache/}
11-22 15:36:05.906  1239  1281 D VoldConnector: RCV <- {200 29 Command succeeded}
11-22 15:36:05.935  2315  2331 I DroidFlux:Dispatcher: [STARTED] dispatch of action [FAKE_REDUCE_ACTION]
11-22 15:36:05.942  2315  2331 I DroidFlux:Dispatcher: [COMPLETED] dispatch of action [FAKE_REDUCE_ACTION]
11-22 15:36:05.958  2315  2332 D ActivityTestRule: Launching activity br.com.catbag.gifreduxsample.ui.GifListActivity
11-22 15:36:05.969  2315  2335 D MonitoringInstrumentation: execStartActivity(context, ibinder, ibinder, activity, intent, int, bundle
11-22 15:36:05.980  1239  1444 I ActivityManager: START u0 {flg=0x14000000 cmp=br.com.catbag.gifreduxsample/.ui.GifListActivity} from uid 10060 on display 0
11-22 15:36:06.322  2315  2315 D LifecycleMonitor: Lifecycle status change: br.com.catbag.gifreduxsample.ui.GifListActivity@cd200bc in: PRE_ON_CREATE
11-22 15:36:06.620  1239  1260 I Choreographer: Skipped 43 frames!  The application may be doing too much work on its main thread.
11-22 15:36:06.854  1239  1260 I Choreographer: Skipped 49 frames!  The application may be doing too much work on its main thread.
11-22 15:36:07.292  2315  2315 D LifecycleMonitor: Lifecycle status change: br.com.catbag.gifreduxsample.ui.GifListActivity@cd200bc in: CREATED
11-22 15:36:07.294  2315  2315 D LifecycleMonitor: Lifecycle status change: br.com.catbag.gifreduxsample.ui.GifListActivity@cd200bc in: STARTED
11-22 15:36:07.299  2315  2315 D LifecycleMonitor: Lifecycle status change: br.com.catbag.gifreduxsample.ui.GifListActivity@cd200bc in: RESUMED
11-22 15:36:07.334  2315  2331 I DroidFlux:Dispatcher: [STARTED] dispatch of action [GIF_LIST_FETCHING]
11-22 15:36:07.362  2315  2331 D DroidFlux:Dispatcher: An action of type [GIF_LIST_FETCHING] was dispatched, but no reducer handled it
11-22 15:36:07.362  2315  2331 I DroidFlux:Dispatcher: [COMPLETED] dispatch of action [GIF_LIST_FETCHING]
11-22 15:36:07.709  1730  1730 I Choreographer: Skipped 74 frames!  The application may be doing too much work on its main thread.
11-22 15:36:07.779  1239  1677 I WindowManager: Destroying surface Surface(name=com.android.launcher3/com.android.launcher3.Launcher) called by com.android.server.wm.WindowStateAnimator.destroySurface:2014 com.android.server.wm.WindowStateAnimator.destroySurfaceLocked:881 com.android.server.wm.WindowState.destroyOrSaveSurface:2073 com.android.server.wm.WindowManagerService.tryStartExitingAnimation:3017 com.android.server.wm.WindowManagerService.relayoutWindow:2897 com.android.server.wm.Session.relayout:215 android.view.IWindowSession$Stub.onTransact:286 com.android.server.wm.Session.onTransact:136 
11-22 15:36:08.102  2315  2315 D gralloc_ranchu: Emulator without host-side GPU emulation detected.
11-22 15:36:08.188  1239  1260 I ActivityManager: Displayed br.com.catbag.gifreduxsample/.ui.GifListActivity: +1s967ms
11-22 15:36:08.402  2315  2332 D InputManagerEventInjectionStrategy: Creating injection strategy with input manager.
11-22 15:36:08.409  2315  2315 I Choreographer: Skipped 32 frames!  The application may be doing too much work on its main thread.
11-22 15:36:08.421  1239  1260 I WindowManager: Destroying surface Surface(name=Starting br.com.catbag.gifreduxsample) called by com.android.server.wm.WindowStateAnimator.destroySurface:2014 com.android.server.wm.WindowStateAnimator.destroySurfaceLocked:881 com.android.server.wm.WindowState.destroyOrSaveSurface:2073 com.android.server.wm.AppWindowToken.destroySurfaces:363 com.android.server.wm.WindowStateAnimator.finishExit:565 com.android.server.wm.WindowStateAnimator.stepAnimationLocked:491 com.android.server.wm.WindowAnimator.updateWindowsLocked:303 com.android.server.wm.WindowAnimator.animateLocked:704 
11-22 15:36:08.543  1915  1915 W art     : Long monitor contention with owner PhoneStatusBar (1950) at boolean android.os.MessageQueue.enqueueMessage(android.os.Message, long)(MessageQueue.java:541) waiters=0 in android.os.Message android.os.MessageQueue.next() for 387ms
11-22 15:36:08.565  1915  1928 W art     : Long monitor contention with owner PhoneStatusBar (1950) at boolean android.os.MessageQueue.enqueueMessage(android.os.Message, long)(MessageQueue.java:541) waiters=1 in void android.os.MessageQueue.removeMessages(android.os.Handler, int, java.lang.Object) for 379ms
11-22 15:36:08.576  2315  2315 W ResourceType: No package identifier when getting name for resource number 0x00000001
11-22 15:36:08.580  2315  2315 I ViewInteraction: Performing 'scroll RecyclerView to position: 4' action on view with id: 1 (resource name not found)
11-22 15:36:08.706  2315  2326 I art     : Background partial concurrent mark sweep GC freed 17066(1404KB) AllocSpace objects, 2(40KB) LOS objects, 39% free, 5MB/8MB, paused 10.317ms total 114.260ms
11-22 15:36:08.961  2315  2315 W ResourceType: No package identifier when getting name for resource number 0x00000001
11-22 15:36:09.005  2315  2315 W ResourceType: No package identifier when getting name for resource number 0x00000004
11-22 15:36:09.006  2315  2315 I ViewInteraction: Performing 'single click' action on view with id: 4 (resource name not found)
11-22 15:36:09.198  2315  2331 I DroidFlux:Dispatcher: [STARTED] dispatch of action [GIF_PLAY]
11-22 15:36:09.200  2315  2331 I DroidFlux:Dispatcher: [COMPLETED] dispatch of action [GIF_PLAY]
11-22 15:36:09.212  1239  1325 E TaskPersister: File error accessing recents directory (directory doesn't exist?).
11-22 15:36:09.372  1239  1313 W AudioTrack: AUDIO_OUTPUT_FLAG_FAST denied by client; transfer 4, track 48000 Hz, output 44100 Hz
11-22 15:36:09.495   989  1038 D AudioFlinger: mixer(0xaeb03e00) throttle end: throttle time(10)
11-22 15:36:09.515   989  1038 D AudioFlinger: mixer(0xaeb03e00) throttle end: throttle time(9)
11-22 15:36:10.080  2315  2330 I TestRunner: finished: whenScrollDownAndPlayLastItemTest(br.com.catbag.gifreduxsample.ui.giflist.GifListActivityTest)
11-22 15:36:10.123  2315  2315 D LifecycleMonitor: Lifecycle status change: br.com.catbag.gifreduxsample.ui.GifListActivity@cd200bc in: PAUSED
11-22 15:36:10.166   979   979 D gralloc : Registering a buffer in the process that created it. This may cause memory ordering problems.
11-22 15:36:10.167   979   979 E libEGL  : called unimplemented OpenGL ES API
11-22 15:36:10.168   979   979 E SurfaceFlinger: glCheckFramebufferStatusOES error 902702928
11-22 15:36:10.169   979   979 E SurfaceFlinger: got GL_FRAMEBUFFER_COMPLETE_OES error while taking screenshot
11-22 15:36:10.184  1239  1340 W WindowManager: Screenshot failure taking screenshot for (480x800) to layer 21005
11-22 15:36:10.248  1239  1253 W art     : Long monitor contention with owner Binder:1239_3 (1340) at void com.android.server.am.ActivityManagerService.activityPaused(android.os.IBinder)(ActivityManagerService.java:6849) waiters=0 in void com.android.server.am.ActivityStackSupervisor$ActivityStackSupervisorHandler.activityIdleInternal(com.android.server.am.ActivityRecord) for 118ms
11-22 15:36:10.253  2315  2315 I MonitoringInstrumentation: Activities that are still in CREATED to STOPPED: 1
11-22 15:36:10.256  2315  2330 I TestRunner: started: whenGifIsNotWatchedTest(br.com.catbag.gifreduxsample.ui.giflist.GifListActivityTest)
11-22 15:36:10.273  2315  2315 I Choreographer: Skipped 34 frames!  The application may be doing too much work on its main thread.
11-22 15:36:10.372  2315  2315 I MonitoringInstrumentation: Activities that are still in CREATED to STOPPED: 1
11-22 15:36:10.380  2315  2331 I DroidFlux:Dispatcher: [STARTED] dispatch of action [FAKE_REDUCE_ACTION]
11-22 15:36:10.381  2315  2331 I DroidFlux:Dispatcher: [COMPLETED] dispatch of action [FAKE_REDUCE_ACTION]
11-22 15:36:10.382  2315  2339 D ActivityTestRule: Launching activity br.com.catbag.gifreduxsample.ui.GifListActivity
11-22 15:36:10.390  2315  2340 D MonitoringInstrumentation: execStartActivity(context, ibinder, ibinder, activity, intent, int, bundle
11-22 15:36:10.391  1239  1439 I ActivityManager: START u0 {flg=0x10000000 cmp=br.com.catbag.gifreduxsample/.ui.GifListActivity} from uid 10060 on display 0
11-22 15:36:10.563  1730  1730 I Choreographer: Skipped 87 frames!  The application may be doing too much work on its main thread.
11-22 15:36:10.583  2315  2320 I art     : Do partial code cache collection, code=28KB, data=30KB
11-22 15:36:10.766  2315  2315 D LifecycleMonitor: Lifecycle status change: br.com.catbag.gifreduxsample.ui.GifListActivity@2b02129 in: PRE_ON_CREATE
11-22 15:36:10.825  1730  1730 I Choreographer: Skipped 42 frames!  The application may be doing too much work on its main thread.
11-22 15:36:10.876  2315  2315 D LifecycleMonitor: Lifecycle status change: br.com.catbag.gifreduxsample.ui.GifListActivity@2b02129 in: CREATED
11-22 15:36:10.877  2315  2331 I DroidFlux:Dispatcher: [STARTED] dispatch of action [GIF_LIST_FETCHING]
11-22 15:36:10.878  2315  2331 D DroidFlux:Dispatcher: An action of type [GIF_LIST_FETCHING] was dispatched, but no reducer handled it
11-22 15:36:10.879  2315  2331 I DroidFlux:Dispatcher: [COMPLETED] dispatch of action [GIF_LIST_FETCHING]
11-22 15:36:10.879  2315  2315 D LifecycleMonitor: Lifecycle status change: br.com.catbag.gifreduxsample.ui.GifListActivity@2b02129 in: STARTED
11-22 15:36:10.882  2315  2315 D LifecycleMonitor: Lifecycle status change: br.com.catbag.gifreduxsample.ui.GifListActivity@2b02129 in: RESUMED
11-22 15:36:10.975  1239  1260 I Choreographer: Skipped 44 frames!  The application may be doing too much work on its main thread.
11-22 15:36:11.035  1239  1250 I WindowManager: Destroying surface Surface(name=com.android.launcher3/com.android.launcher3.Launcher) called by com.android.server.wm.WindowStateAnimator.destroySurface:2014 com.android.server.wm.WindowStateAnimator.destroySurfaceLocked:881 com.android.server.wm.WindowState.destroyOrSaveSurface:2073 com.android.server.wm.WindowManagerService.tryStartExitingAnimation:3017 com.android.server.wm.WindowManagerService.relayoutWindow:2897 com.android.server.wm.Session.relayout:215 android.view.IWindowSession$Stub.onTransact:286 com.android.server.wm.Session.onTransact:136 
11-22 15:36:11.126  2315  2320 I art     : After code cache collection, code=26KB, data=30KB
11-22 15:36:11.127  2315  2320 I art     : Increasing code cache capacity to 128KB
11-22 15:36:11.351  1239  1260 I Choreographer: Skipped 69 frames!  The application may be doing too much work on its main thread.
11-22 15:36:11.582  1239  1260 I Choreographer: Skipped 52 frames!  The application may be doing too much work on its main thread.
11-22 15:36:11.682  2315  2315 E Feed    : Gif{uuid=74a533e7-c859-4065-9319-8df9677e6b59, path=, url=, title=, watched=false, status=DOWNLOADED}
11-22 15:36:11.682  2315  2315 E Feed    : pl.droidsonroids.gif.GifIOException: GifError 101: Failed to open given input
11-22 15:36:11.682  2315  2315 E Feed    : 	at pl.droidsonroids.gif.GifInfoHandle.openFile(Native Method)
11-22 15:36:11.682  2315  2315 E Feed    : 	at pl.droidsonroids.gif.GifInfoHandle.<init>(GifInfoHandle.java:46)
11-22 15:36:11.682  2315  2315 E Feed    : 	at pl.droidsonroids.gif.GifDrawable.<init>(GifDrawable.java:124)
11-22 15:36:11.682  2315  2315 E Feed    : 	at br.com.catbag.gifreduxsample.ui.components.FeedComponent.createDrawable(FeedComponent.java:104)
11-22 15:36:11.682  2315  2315 E Feed    : 	at br.com.catbag.gifreduxsample.ui.components.FeedComponent.lambda$renderGifView$2(FeedComponent.java:90)
11-22 15:36:11.682  2315  2315 E Feed    : 	at br.com.catbag.gifreduxsample.ui.components.FeedComponent$$Lambda$2.view(Unknown Source)
11-22 15:36:11.682  2315  2315 E Feed    : 	at trikita.anvil.BaseDSL.v(BaseDSL.java:670)
11-22 15:36:11.682  2315  2315 E Feed    : 	at br.com.catbag.gifreduxsample.ui.components.FeedComponent.renderGifView(FeedComponent.java:88)
11-22 15:36:11.682  2315  2315 E Feed    : 	at br.com.catbag.gifreduxsample.ui.components.FeedComponent.lambda$null$0(FeedComponent.java:55)
11-22 15:36:11.682  2315  2315 E Feed    : 	at br.com.catbag.gifreduxsample.ui.components.FeedComponent$$Lambda$3.view(Unknown Source)
11-22 15:36:11.682  2315  2315 E Feed    : 	at br.com.catbag.gifreduxsample.ui.components.GifsAdapter.view(GifsAdapter.java:55)
11-22 15:36:11.682  2315  2315 E Feed    : 	at trikita.anvil.RenderableRecyclerViewAdapter$1.view(RenderableRecyclerViewAdapter.java:24)
11-22 15:36:11.682  2315  2315 E Feed    : 	at trikita.anvil.Anvil$Mount.render(Anvil.java:204)
11-22 15:36:11.682  2315  2315 E Feed    : 	at trikita.anvil.Anvil.render(Anvil.java:173)
11-22 15:36:11.682  2315  2315 E Feed    : 	at trikita.anvil.RenderableRecyclerViewAdapter.onBindViewHolder(RenderableRecyclerViewAdapter.java:27)
11-22 15:36:11.682  2315  2315 E Feed    : 	at trikita.anvil.RenderableRecyclerViewAdapter.onBindViewHolder(RenderableRecyclerViewAdapter.java:7)
11-22 15:36:11.682  2315  2315 E Feed    : 	at android.support.v7.widget.RecyclerView$Adapter.onBindViewHolder(RecyclerView.java:5768)
11-22 15:36:11.682  2315  2315 E Feed    : 	at android.support.v7.widget.RecyclerView$Adapter.bindViewHolder(RecyclerView.java:5801)
11-22 15:36:11.682  2315  2315 E Feed    : 	at android.support.v7.widget.RecyclerView$Recycler.getViewForPosition(RecyclerView.java:5037)
11-22 15:36:11.682  2315  2315 E Feed    : 	at android.support.v7.widget.RecyclerView$Recycler.getViewForPosition(RecyclerView.java:4913)
11-22 15:36:11.682  2315  2315 E Feed    : 	at android.support.v7.widget.LinearLayoutManager$LayoutState.next(LinearLayoutManager.java:2029)
11-22 15:36:11.682  2315  2315 E Feed    : 	at android.support.v7.widget.LinearLayoutManager.layoutChunk(LinearLayoutManager.java:1414)
11-22 15:36:11.682  2315  2315 E Feed    : 	at android.support.v7.widget.LinearLayoutManager.fill(LinearLayoutManager.java:1377)
11-22 15:36:11.682  2315  2315 E Feed    : 	at android.support.v7.widget.LinearLayoutManager.onLayoutChildren(LinearLayoutManager.java:578)
11-22 15:36:11.682  2315  2315 E Feed    : 	at android.support.v7.widget.RecyclerView.dispatchLayoutStep2(RecyclerView.java:3260)
11-22 15:36:11.682  2315  2315 E Feed    : 	at android.support.v7.widget.RecyclerView.dispatchLayout(RecyclerView.java:3069)
11-22 15:36:11.682  2315  2315 E Feed    : 	at android.support.v7.widget.RecyclerView.onLayout(RecyclerView.java:3518)
11-22 15:36:11.682  2315  2315 E Feed    : 	at android.view.View.layout(View.java:17520)
11-22 15:36:11.682  2315  2315 E Feed    : 	at android.view.ViewGroup.layout(ViewGroup.java:5612)
