E/Feed    ( 2355): 	at android.widget.LinearLayout.layoutVertical(LinearLayout.java:1557)
E/Feed    ( 2355): 	at android.widget.LinearLayout.onLayout(LinearLayout.java:1466)
E/Feed    ( 2355): 	at android.view.View.layout(View.java:15671)
E/Feed    ( 2355): 	at android.view.ViewGroup.layout(ViewGroup.java:5038)
E/Feed    ( 2355): 	at android.widget.FrameLayout.layoutChildren(FrameLayout.java:579)
E/Feed    ( 2355): 	at android.widget.FrameLayo
I/ActivityManager( 1243): Displayed br.com.catbag.gifreduxsample/.ui.GifListActivity: +1s7ms
D/LifecycleMonitor( 2355): Lifecycle status change: br.com.catbag.gifreduxsample.ui.GifListActivity@3483485a in: STOPPED
D/LifecycleMonitor( 2355): Lifecycle status change: br.com.catbag.gifreduxsample.ui.GifListActivity@3483485a in: DESTROYED
D/gralloc (  923): Registering a buffer in the process that created it. This may cause memory ordering problems.
E/libEGL  (  923): called unimplemented OpenGL ES API
E/SurfaceFlinger(  923): glCheckFramebufferStatusOES error -847906629
E/SurfaceFlinger(  923): got GL_FRAMEBUFFER_COMPLETE_OES error while taking screenshot
W/WindowManager( 1243): Screenshot failure taking screenshot for (480x800) to layer 21015
I/TestRunner( 2355): failed: whenLoadMultipleGifsOnAppStateTest(br.com.catbag.gifreduxsample.ui.giflist.GifListActivityTest)
I/TestRunner( 2355): ----- begin exception -----
I/TestRunner( 2355): android.support.test.espresso.base.DefaultFailureHandler$AssertionFailedWithCauseError: 'with a not null drawable' doesn't match the selected view.
I/TestRunner( 2355): Expected: with a not null drawable
I/TestRunner( 2355):      Got: "FrameLayout{id=-1, visibility=VISIBLE, width=432, height=480, has-focus=false, has-focusable=false, has-window-focus=true, is-clickable=false, is-enabled=true, is-focused=false, is-focusable=false, is-layout-requested=false, is-selected=false, root-is-layout-requested=false, has-input-connection=false, x=0.0, y=0.0, child-count=1}"
I/TestRunner( 2355): 
I/TestRunner( 2355): 	at dalvik.system.VMStack.getThreadStackTrace(Native Method)
I/TestRunner( 2355): 	at java.lang.Thread.getStackTrace(Thread.java:580)
I/TestRunner( 2355): 	at android.support.test.espresso.base.DefaultFailureHandler.getUserFriendlyError(DefaultFailureHandler.java:92)
I/TestRunner( 2355): 	at android.support.test.espresso.base.DefaultFailureHandler.handle(DefaultFailureHandler.java:56)
I/TestRunner( 2355): 	at android.support.test.espresso.ViewInteraction.runSynchronouslyOnUiThread(ViewInteraction.java:184)
I/TestRunner( 2355): 	at android.support.test.espresso.ViewInteraction.check(ViewInteraction.java:158)
I/TestRunner( 2355): 	at br.com.catbag.gifreduxsample.ui.giflist.GifListActivityTest.whenLoadMultipleGifsOnAppStateTest(GifListActivityTest.java:227)
I/TestRunner( 2355): 	at java.lang.reflect.Method.invoke(Native Method)
I/TestRunner( 2355): 	at java.lang.reflect.Method.invoke(Method.java:372)
I/TestRunner( 2355): 	at org.junit.runners.model.FrameworkMethod$1.runReflectiveCall(FrameworkMethod.java:50)
I/TestRunner( 2355): 	at org.junit.internal.runners.model.ReflectiveCallable.run(ReflectiveCallable.java:12)
I/TestRunner( 2355): 	at org.junit.runners.model.FrameworkMethod.invokeExplosively(FrameworkMethod.java:47)
I/TestRunner( 2355): 	at org.junit.internal.runners.statements.InvokeMethod.evaluate(InvokeMethod.java:17)
I/TestRunner( 2355): 	at org.junit.internal.runners.statements.RunBefores.evaluate(RunBefores.java:26)
I/TestRunner( 2355): 	at org.junit.internal.runners.statements.RunAfters.evaluate(RunAfters.java:27)
I/TestRunner( 2355): 	at android.support.test.internal.statement.UiThreadStatement.evaluate(UiThreadStatement.java:55)
I/TestRunner( 2355): 	at android.support.test.rule.ActivityTestRule$ActivityStatement.evaluate(ActivityTestRule.java:270)
I/TestRunner( 2355): 	at org.junit.internal.runners.statements.FailOnTimeout$CallableStatement.call(FailOnTimeout.java:298)
I/TestRunner( 2355): 	at org.junit.internal.runners.statements.FailOnTimeout$CallableStatement.call(FailOnTimeout.java:292)
I/TestRunner( 2355): 	at java.util.concurrent.FutureTask.run(FutureTask.java:237)
I/TestRunner( 2355): 	at java.lang.Thread.run(Thread.java:818)
I/TestRunner( 2355): Caused by: junit.framework.AssertionFailedError: 'with a not null drawable' doesn't match the selected view.
I/TestRunner( 2355): Expected: with a not null drawable
I/TestRunner( 2355):      Got: "FrameLayout{id=-1, visibility=VISIBLE, width=432, height=480, has-focus=false, has-focusable=false, has-window-focus=true, is-clickable=false, is-enabled=true, is-focused=false, is-focusable=false, is-layout-requested=false, is-selected=false, root-is-layout-requested=false, has-input-connection=false, x=0.0, y=0.0, child-count=1}"
I/TestRunner( 2355): 
I/TestRunner( 2355): 	at android.support.test.espresso.matcher.ViewMatchers.assertThat(ViewMatchers.java:1053)
I/TestRunner( 2355): 	at android.support.test.espresso.assertion.ViewAssertions$2.check(ViewAssertions.java:89)
I/TestRunner( 2355): 	at android.support.test.espresso.ViewInteraction$2.run(ViewInteraction.java:170)
I/TestRunner( 2355): 	at java.util.concurrent.Executors$RunnableAdapter.call(Executors.java:422)
I/TestRunner( 2355): 	at java.util.concurrent.FutureTask.run(FutureTask.java:237)
I/TestRunner( 2355): 	at android.os.Handler.handleCallback(Handler.java:739)
I/TestRunner( 2355): 	at android.os.Handler.dispatchMessage(Handler.java:95)
I/TestRunner( 2355): 	at android.os.Looper.loop(Looper.java:135)
I/TestRunner( 2355): 	at android.app.ActivityThread.main(ActivityThread.java:5254)
I/TestRunner( 2355): 	at java.lang.reflect.Method.invoke(Native Method)
I/TestRunner( 2355): 	at java.lang.reflect.Method.invoke(Method.java:372)
I/TestRunner( 2355): 	at com.android.internal.os.ZygoteInit$MethodAndArgsCaller.run(ZygoteInit.java:903)
I/TestRunner( 2355): 	at com.android.internal.os.ZygoteInit.main(ZygoteInit.java:698)
I/TestRunner( 2355): ----- end exception -----
I/TestRunner( 2355): finished: whenLoadMultipleGifsOnAppStateTest(br.com.catbag.gifreduxsample.ui.giflist.GifListActivityTest)
D/LifecycleMonitor( 2355): Lifecycle status change: br.com.catbag.gifreduxsample.ui.GifListActivity@17dc4812 in: PAUSED
I/MonitoringInstrumentation( 2355): Activities that are still in CREATED to STOPPED: 1
I/TestRunner( 2355): run finished: 15 tests, 6 failed, 0 ignored
I/MonitoringInstrumentation( 2355): Unstopped activity count: 1
I/MonitoringInstrumentation( 2355): Activities that are still in CREATED to STOPPED: 1
I/MonitoringInstrumentation( 2355): Unstopped activity count: 1
D/TaskPersister( 1243): removeObsoleteFile: deleting file=11_task.xml
D/TaskPersister( 1243): removeObsoleteFile: deleting file=7_task.xml
D/TaskPersister( 1243): removeObsoleteFile: deleting file=12_task.xml
D/TaskPersister( 1243): removeObsoleteFile: deleting file=13_task.xml
W/art     ( 1799): Long monitor contention event with owner method=boolean android.os.MessageQueue.enqueueMessage(android.os.Message, long) from MessageQueue.java:323 waiters=0 for 520ms
W/art     ( 1799): Long monitor contention event with owner method=boolean android.os.MessageQueue.enqueueMessage(android.os.Message, long) from MessageQueue.java:323 waiters=1 for 378ms
I/MonitoringInstrumentation( 2355): Unstopped activity count: 1
I/MonitoringInstrumentation( 2355): Unstopped activity count: 1
I/MonitoringInstrumentation( 2355): Unstopped activity count: 1
I/MonitoringInstrumentation( 2355): Unstopped activity count: 1
I/MonitoringInstrumentation( 2355): Unstopped activity count: 1
I/MonitoringInstrumentation( 2355): Unstopped activity count: 1
I/MonitoringInstrumentation( 2355): Unstopped activity count: 1
I/MonitoringInstrumentation( 2355): Unstopped activity count: 1
D/LifecycleMonitor( 2355): Lifecycle status change: br.com.catbag.gifreduxsample.ui.GifListActivity@17dc4812 in: STOPPED
D/LifecycleMonitor( 2355): Lifecycle status change: br.com.catbag.gifreduxsample.ui.GifListActivity@17dc4812 in: DESTROYED
I/MonitoringInstrumentation( 2355): waitForActivitiesToComplete() took: 603ms
D/AndroidRuntime( 2345): Shutting down VM
I/Choreographer( 2355): Skipped 40 frames!  The application may be doing too much work on its main thread.
I/ActivityManager( 1243): Force stopping br.com.catbag.gifreduxsample appid=10053 user=0: finished inst
I/ActivityManager( 1243): Killing 2355:br.com.catbag.gifreduxsample/u0a53 (adj 0): stop br.com.catbag.gifreduxsample
W/libprocessgroup( 1243): failed to kill pid 2355: No such process
W/art     ( 1243): Long monitor contention event with owner method=void com.android.server.am.ActivityManagerService.finishInstrumentation(android.app.IApplicationThread, int, android.os.Bundle) from ActivityManagerService.java:16584 waiters=0 for 239ms
W/art     ( 1243): Long monitor contention event with owner method=void com.android.server.am.ActivityManagerService.finishInstrumentation(android.app.IApplicationThread, int, android.os.Bundle) from ActivityManagerService.java:16584 waiters=1 for 194ms
W/ActivityManager( 1243): Spurious death for ProcessRecord{183a4c56 2355:br.com.catbag.gifreduxsample/u0a53}, curProc for 2355: null
W/ResourceType( 1569): No package identifier when getting value for resource number 0x00000000
W/PackageManager( 1569): Failure retrieving resources for br.com.catbag.gifreduxsample: Resource ID #0x0
D/AndroidRuntime( 2420): >>>>>> START com.android.internal.os.RuntimeInit uid 0 <<<<<<
D/AndroidRuntime( 2420): CheckJNI is ON
E/memtrack( 2420): Couldn't load memtrack module (No such file or directory)
E/android.os.Debug( 2420): failed to load memtrack module: -2
D/AndroidRuntime( 2420): Calling main entry com.android.commands.pm.Pm
I/ActivityManager( 1243): Force stopping br.com.catbag.gifreduxsample.test appid=10054 user=-1: uninstall pkg
I/ActivityManager( 1243): Force stopping br.com.catbag.gifreduxsample.test appid=10054 user=0: pkg removed
I/InputReader( 1243): Reconfiguring input devices.  changes=0x00000010
D/JobSchedulerService( 1243): Receieved: android.intent.action.PACKAGE_REMOVED
D/BackupManagerService( 1243): Received broadcast Intent { act=android.intent.action.PACKAGE_REMOVED dat=package:br.com.catbag.gifreduxsample.test flg=0x4000010 (has extras) }
W/art     ( 1243): Long monitor contention event with owner method=void com.android.server.am.BroadcastQueue.processNextBroadcast(boolean) from BroadcastQueue.java:542 waiters=0 for 436ms
W/ContextImpl( 2119): Calling a method in the system process without a qualified user: android.app.ContextImpl.startService:1692 android.content.ContextWrapper.startService:516 android.content.ContextWrapper.startService:516 com.android.keychain.KeyChainBroadcastReceiver.onReceive:12 android.app.ActivityThread.handleReceiver:2609 
D/VoicemailCleanupService( 1539): Cleaning up data for package: br.com.catbag.gifreduxsample.test
I/art     (  939): Background concurrent mark sweep GC freed 783(33KB) AllocSpace objects, 0(0B) LOS objects, 91% free, 93KB/1117KB, paused 5.652ms total 31.938ms
I/ActivityManager( 1243): Start proc 2432:com.android.documentsui/u0a24 for broadcast com.android.documentsui/.PackageReceiver
I/LatinIME:LogUtils( 1616): Dictionary info: dictionary = main:en ; version = 47 ; date = 1402373178
I/art     ( 1243): Explicit concurrent mark sweep GC freed 23356(1575KB) AllocSpace objects, 10(160KB) LOS objects, 33% free, 7MB/10MB, paused 13.640ms total 1.196s
I/art     ( 2420): System.exit called, status: 0
I/AndroidRuntime( 2420): VM exiting with result code 0.
D/AndroidRuntime( 2451): >>>>>> START com.android.internal.os.RuntimeInit uid 0 <<<<<<
D/AndroidRuntime( 2451): CheckJNI is ON
E/memtrack( 2451): Couldn't load memtrack module (No such file or directory)
E/android.os.Debug( 2451): failed to load memtrack module: -2
D/AndroidRuntime( 2451): Calling main entry com.android.commands.pm.Pm
I/ActivityManager( 1243): Force stopping br.com.catbag.gifreduxsample appid=10053 user=-1: uninstall pkg
I/ActivityManager( 1243): Start proc 2461:com.android.externalstorage/u0a6 for content provider com.android.externalstorage/.ExternalStorageProvider
I/art     (  939): Explicit concurrent mark sweep GC freed 701(30KB) AllocSpace objects, 0(0B) LOS objects, 91% free, 92KB/1116KB, paused 4.326ms total 24.191ms
I/art     (  939): Explicit concurrent mark sweep GC freed 8(256B) AllocSpace objects, 0(0B) LOS objects, 91% free, 92KB/1116KB, paused 1.860ms total 39.214ms
I/art     (  939): Explicit concurrent mark sweep GC freed 5(160B) AllocSpace objects, 0(0B) LOS objects, 91% free, 92KB/1116KB, paused 2.265ms total 16.933ms
I/ActivityManager( 1243): Force stopping br.com.catbag.gifreduxsample appid=10053 user=0: pkg removed
I/art     ( 1799): Explicit concurrent mark sweep GC freed 4222(233KB) AllocSpace objects, 7(220KB) LOS objects, 37% free, 6MB/10MB, paused 2.110ms total 25.218ms
D/ExternalStorage( 2461): After updating volumes, found 0 active roots
W/art     ( 1243): Long monitor contention event with owner method=int com.android.server.am.ActivityManagerService.broadcastIntent(android.app.IApplicationThread, android.content.Intent, java.lang.String, android.content.IIntentReceiver, int, java.lang.String, android.os.Bundle, java.lang.String, int, boolean, boolean, int) from ActivityManagerService.java:16327 waiters=0 for 181ms
I/InputReader( 1243): Reconfiguring input devices.  changes=0x00000010
D/TaskPersister( 1243): removeObsoleteFile: deleting file=14_task.xml
D/JobSchedulerService( 1243): Receieved: android.intent.action.PACKAGE_REMOVED
D/BackupManagerService( 1243): Received broadcast Intent { act=android.intent.action.PACKAGE_REMOVED dat=package:br.com.catbag.gifreduxsample flg=0x4000010 (has extras) }
W/art     ( 1645): Suspending all threads took: 32.878ms
I/art     ( 1645): Background sticky concurrent mark sweep GC freed 19291(1029KB) AllocSpace objects, 0(0B) LOS objects, 39% free, 1646KB/2MB, paused 38.861ms total 314.641ms
W/art     ( 1569): Suspending all threads took: 10.667ms
I/art     ( 1569): Explicit concurrent mark sweep GC freed 7860(526KB) AllocSpace objects, 3(8MB) LOS objects, 39% free, 3MB/5MB, paused 13.171ms total 542.064ms
I/LatinIME:LogUtils( 1616): Dictionary info: dictionary = main:en ; version = 47 ; date = 1402373178
I/art     ( 1243): Explicit concurrent mark sweep GC freed 19307(1161KB) AllocSpace objects, 3(48KB) LOS objects, 33% free, 6MB/9MB, paused 3.900ms total 249.619ms
D/Documents( 2432): Update found 5 roots in 2459ms
I/ActivityManager( 1243): Killing 1755:com.android.printspooler/u0a39 (adj 15): empty #17
I/art     ( 2451): System.exit called, status: 0
I/AndroidRuntime( 2451): VM exiting with result code 0.
W/art     ( 1243): Long monitor contention event with owner method=void com.android.server.am.ActivityManagerService.removeContentProvider(android.os.IBinder, boolean) from ActivityManagerService.java:9536 waiters=0 for 198ms
W/art     ( 1243): Long monitor contention event with owner method=void com.android.server.am.ActivityManagerService.removeContentProvider(android.os.IBinder, boolean) from ActivityManagerService.java:9536 waiters=1 for 267ms
D/Documents( 2432): Update found 5 roots in 1546ms
D/Documents( 2432): Update found 5 roots in 20ms
W/ContextImpl( 2119): Calling a method in the system process without a qualified user: android.app.ContextImpl.startService:1692 android.content.ContextWrapper.startService:516 android.content.ContextWrapper.startService:516 com.android.keychain.KeyChainBroadcastReceiver.onReceive:12 android.app.ActivityThread.handleReceiver:2609 
D/VoicemailCleanupService( 1539): Cleaning up data for package: br.com.catbag.gifreduxsample
I/ActivityManager( 1243): Killing 1898:com.android.music/u0a33 (adj 15): empty #17
W/art     ( 1243): Long monitor contention event with owner method=void com.android.server.am.ActivityManagerService.serviceDoneExecuting(android.os.IBinder, int, int, int) from ActivityManagerService.java:15370 waiters=0 for 243ms
W/art     ( 1243): Long monitor contention event with owner method=void com.android.server.am.ActivityManagerService.serviceDoneExecuting(android.os.IBinder, int, int, int) from ActivityManagerService.java:15370 waiters=1 for 159ms
