11-22 13:45:31.975  1237  1249 W WindowManager: Screenshot failure taking screenshot for (480x800) to layer 21000
11-22 13:45:31.984  2311  2311 I MonitoringInstrumentation: Activities that are still in CREATED to STOPPED: 1
11-22 13:45:31.986  2311  2326 I TestRunner: started: whenGifIsNotWatchedTest(br.com.catbag.gifreduxsample.ui.giflist.GifListActivityTest)
11-22 13:45:31.989  1237  1252 W art     : Long monitor contention with owner Binder:1237_2 (1249) at void com.android.server.am.ActivityManagerService.activityPaused(android.os.IBinder)(ActivityManagerService.java:6849) waiters=1 in void com.android.server.am.ActivityManagerService.dispatchProcessesChanged() for 314ms
11-22 13:45:31.991  1237  1250 W art     : Long monitor contention with owner Binder:1237_2 (1249) at void com.android.server.am.ActivityManagerService.activityPaused(android.os.IBinder)(ActivityManagerService.java:6849) waiters=2 in void com.android.server.am.ActivityManagerService$3.handleMessage(android.os.Message) for 314ms
11-22 13:45:31.993  2311  2311 I MonitoringInstrumentation: Activities that are still in CREATED to STOPPED: 1
11-22 13:45:31.995  1237  1251 W art     : Long monitor contention with owner Binder:1237_2 (1249) at void com.android.server.am.ActivityManagerService.activityPaused(android.os.IBinder)(ActivityManagerService.java:6849) waiters=3 in void com.android.server.am.ActivityStackSupervisor$ActivityStackSupervisorHandler.activityIdleInternal(com.android.server.am.ActivityRecord) for 248ms
11-22 13:45:32.026  1237  1258 I Choreographer: Skipped 43 frames!  The application may be doing too much work on its main thread.
11-22 13:45:32.050  1237  1256 W art     : Long monitor contention with owner Binder:1237_4 (1438) at boolean com.android.server.am.ActivityManagerService.finishActivity(android.os.IBinder, int, android.content.Intent, int)(ActivityManagerService.java:4775) waiters=2 in int com.android.server.am.ActivityManagerService.broadcastIntent(android.app.IApplicationThread, android.content.Intent, java.lang.String, android.content.IIntentReceiver, int, java.lang.String, android.os.Bundle, java.lang.String[], int, android.os.Bundle, boolean, boolean, int) for 324ms
11-22 13:45:32.161  2311  2327 I DroidFlux:Dispatcher: [STARTED] dispatch of action [FAKE_REDUCE_ACTION]
11-22 13:45:32.214  2311  2327 I DroidFlux:Dispatcher: [COMPLETED] dispatch of action [FAKE_REDUCE_ACTION]
11-22 13:45:32.217  1708  1708 I Choreographer: Skipped 33 frames!  The application may be doing too much work on its main thread.
11-22 13:45:32.234  2311  2345 D ActivityTestRule: Launching activity br.com.catbag.gifreduxsample.ui.GifListActivity
11-22 13:45:32.259  2311  2348 D MonitoringInstrumentation: execStartActivity(context, ibinder, ibinder, activity, intent, int, bundle
11-22 13:45:32.262  1237  2133 I ActivityManager: START u0 {flg=0x10000000 cmp=br.com.catbag.gifreduxsample/.ui.GifListActivity} from uid 10060 on display 0
11-22 13:45:32.343  1237  1258 I Choreographer: Skipped 39 frames!  The application may be doing too much work on its main thread.
11-22 13:45:32.786  1708  1708 I Choreographer: Skipped 70 frames!  The application may be doing too much work on its main thread.
11-22 13:45:32.854  1237  1258 I Choreographer: Skipped 109 frames!  The application may be doing too much work on its main thread.
11-22 13:45:33.366  1237  1258 I Choreographer: Skipped 50 frames!  The application may be doing too much work on its main thread.
11-22 13:45:33.428  2311  2311 E Feed    : Gif{uuid=6acd2b57-02fe-4894-8105-f36b1f400b30, path=, url=, title=, watched=false, status=DOWNLOADED}
11-22 13:45:33.428  2311  2311 E Feed    : pl.droidsonroids.gif.GifIOException: GifError 101: Failed to open given input
11-22 13:45:33.428  2311  2311 E Feed    : 	at pl.droidsonroids.gif.GifInfoHandle.openFile(Native Method)
11-22 13:45:33.428  2311  2311 E Feed    : 	at pl.droidsonroids.gif.GifInfoHandle.<init>(GifInfoHandle.java:46)
11-22 13:45:33.428  2311  2311 E Feed    : 	at pl.droidsonroids.gif.GifDrawable.<init>(GifDrawable.java:124)
11-22 13:45:33.428  2311  2311 E Feed    : 	at br.com.catbag.gifreduxsample.ui.components.FeedComponent.createDrawable(FeedComponent.java:135)
11-22 13:45:33.428  2311  2311 E Feed    : 	at br.com.catbag.gifreduxsample.ui.components.FeedComponent.lambda$renderGifView$2(FeedComponent.java:122)
11-22 13:45:33.428  2311  2311 E Feed    : 	at br.com.catbag.gifreduxsample.ui.components.FeedComponent$$Lambda$2.view(Unknown Source)
11-22 13:45:33.428  2311  2311 E Feed    : 	at trikita.anvil.BaseDSL.v(BaseDSL.java:670)
11-22 13:45:33.428  2311  2311 E Feed    : 	at br.com.catbag.gifreduxsample.ui.components.FeedComponent.renderGifView(FeedComponent.java:120)
11-22 13:45:33.428  2311  2311 E Feed    : 	at br.com.catbag.gifreduxsample.ui.components.FeedComponent.lambda$null$0(FeedComponent.java:68)
11-22 13:45:33.428  2311  2311 E Feed    : 	at br.com.catbag.gifreduxsample.ui.components.FeedComponent$$Lambda$3.view(Unknown Source)
11-22 13:45:33.428  2311  2311 E Feed    : 	at trikita.anvil.recyclerview.Recycler$Adapter$1.view(Recycler.java:128)
11-22 13:45:33.428  2311  2311 E Feed    : 	at trikita.anvil.RenderableRecyclerViewAdapter$1.view(RenderableRecyclerViewAdapter.java:24)
11-22 13:45:33.428  2311  2311 E Feed    : 	at trikita.anvil.Anvil$Mount.render(Anvil.java:204)
11-22 13:45:33.428  2311  2311 E Feed    : 	at trikita.anvil.Anvil.render(Anvil.java:173)
11-22 13:45:33.428  2311  2311 E Feed    : 	at trikita.anvil.RenderableRecyclerViewAdapter.onBindViewHolder(RenderableRecyclerViewAdapter.java:29)
11-22 13:45:33.428  2311  2311 E Feed    : 	at trikita.anvil.RenderableRecyclerViewAdapter.onBindViewHolder(RenderableRecyclerViewAdapter.java:7)
11-22 13:45:33.428  2311  2311 E Feed    : 	at android.support.v7.widget.RecyclerView$Adapter.onBindViewHolder(RecyclerView.java:5768)
11-22 13:45:33.428  2311  2311 E Feed    : 	at android.support.v7.widget.RecyclerView$Adapter.bindViewHolder(RecyclerView.java:5801)
11-22 13:45:33.428  2311  2311 E Feed    : 	at android.support.v7.widget.RecyclerView$Recycler.getViewForPosition(RecyclerView.java:5037)
11-22 13:45:33.428  2311  2311 E Feed    : 	at android.support.v7.widget.RecyclerView$Recycler.getViewForPosition(RecyclerView.java:4913)
11-22 13:45:33.428  2311  2311 E Feed    : 	at android.support.v7.widget.LinearLayoutManager$LayoutState.next(LinearLayoutManager.java:2029)
11-22 13:45:33.428  2311  2311 E Feed    : 	at android.support.v7.widget.LinearLayoutManager.layoutChunk(LinearLayoutManager.java:1414)
11-22 13:45:33.428  2311  2311 E Feed    : 	at android.support.v7.widget.LinearLayoutManager.fill(LinearLayoutManager.java:1377)
11-22 13:45:33.428  2311  2311 E Feed    : 	at android.support.v7.widget.LinearLayoutManager.onLayoutChildren(LinearLayoutManager.java:578)
11-22 13:45:33.428  2311  2311 E Feed    : 	at android.support.v7.widget.RecyclerView.dispatchLayoutStep2(RecyclerView.java:3260)
11-22 13:45:33.428  2311  2311 E Feed    : 	at android.support.v7.widget.RecyclerView.dispatchLayout(RecyclerView.java:3069)
11-22 13:45:33.428  2311  2311 E Feed    : 	at android.support.v7.widget.RecyclerView.onLayout(RecyclerView.java:3518)
11-22 13:45:33.428  2311  2311 E Feed    : 	at android.view.View.layout(View.java:17520)
11-22 13:45:33.428  2311  2311 E Feed    : 	at android.view.ViewGroup.layout(ViewGroup.java:5612)
11-22 13:45:33.428  2311  2311 E Feed    : 	at android.widget.FrameLayout.layoutChildren(FrameLayout.java:323)
11-22 13:45:33.428  2311  2311 E Feed    : 	at android.widget.FrameLayout.onLayout(FrameLayout.java:261)
11-22 13:45:33.428  2311  2311 E Feed    : 	at android.view.View.layout(View.java:17520)
11-22 13:45:33.428  2311  2311 E Feed    : 	at android.view.ViewGroup.layout(ViewGroup.java:5612)
11-22 13:45:33.428  2311  2311 E Feed    : 	at android.widget.RelativeLayout.onLayout(RelativeLayout.java:1079)
11-22 13:45:33.428  2311  2311 E Feed    : 	at android.view.View.layout(View.java:17520)
11-22 13:45:33.428  2311  2311 E Feed    : 	at android.view.ViewGroup.layout(ViewGroup.java:5612)
11-22 13:45:33.428  2311  2311 E Feed    : 	at android.widget.FrameLayout.layoutChildren(FrameLayout.java:323)
11-22 13:45:33.428  2311  2311 E Feed    : 	at android.widget.FrameLayout.onLayout(FrameLayout.java:261)
11-22 13:45:33.428  2311  2311 E Feed    : 	at android.view.View.layout(View.java:17520)
11-22 13:45:33.428  2311  2311 E Feed    : 	at android.view.ViewGroup.layout(ViewGroup.java:5612)
11-22 13:45:33.428  2311  2311 E Feed    : 	at android.support.v7.widget.ActionBarOverlayLayout.onLayout(ActionBarOverlayLayout.java:435)
11-22 13:45:33.428  2311  2311 E Feed    : 	at android.view.View.layout(View.java:17520)
11-22 13:45:33.428  2311  2311 E Feed    : 	at android.view.ViewGroup.layout(ViewGroup.java:5612)
11-22 13:45:33.428  2311  2311 E Feed    : 	at android.widget.FrameLayout.layoutChildren(FrameLayout.java:323)
11-22 13:45:33.428  2311  2311 E Feed    : 	at android.widget.FrameLayout.onLayout(FrameLayout.java:261)
11-22 13:45:33.428  2311  2311 E Feed    : 	at android.view.View.layout(View.java:17520)
11-22 13:45:33.428  2311  2311 E Feed    : 	at android.view.ViewGroup.layout(ViewGroup.java:5612)
11-22 13:45:33.428  2311  2311 E Feed    : 	at android.widget.LinearLayout.setChildFrame(LinearLayout.java:1741)
11-22 13:45:33.428  2311  2311 E Feed    : 	at android.widget.LinearLayout.layoutVertical(LinearLayout.java:1585)
11-22 13:45:33.428  2311  2311 E Feed    : 	at android.widget.LinearLayout.onLayout(LinearLayout.java:1494)
11-22 13:45:33.428  2311  2311 E Feed    : 	at android.view.View.layout(View.java:17520)
11-22 13:45:33.428  2311  2311 E Feed    : 	at android.view.ViewGroup.layout(ViewGroup.java:5612)
11-22 13:45:33.428  2311  2311 E Feed    : 	at android.widget.FrameLayout.layoutChildren(FrameLayout.java:323)
11-22 13:45:33.429  2311  2311 E Feed    : 	at android.widget.FrameLayout.onLayout(FrameLayout.java:261)
11-22 13:45:33.429  2311  2311 E Feed    : 	at com.android.internal.policy.DecorView.onLayout(DecorView.java:724)
11-22 13:45:33.429  2311  2311 E Feed    : 	at android.view.View.layout(View.java:17520)
11-22 13:45:33.429  2311  2311 E Feed    : 	at android.view.ViewGroup.layout(ViewGroup.java:5612)
11-22 13:45:33.429  2311  2311 E Feed    : 	at android.view.ViewRootImpl.performLayout(ViewRootImpl.java:2342)
11-22 13:45:33.429  2311  2311 E Feed    : 	at android.view.ViewRootImpl.performTraversals(ViewRootImpl.java:2069)
11-22 13:45:33.429  2311  2311 E Feed    : 	at android.view.ViewRootImpl.doTraversal(ViewRootImpl.java:1246)
11-22 13:45:33.429  2311  2311 E Feed    : 	at android.view.ViewRootImpl$TraversalRunnable.run(ViewRootImpl.java:6301)
11-22 13:45:33.429  2311  2311 E Feed    : 	at android.view.Choreographer$CallbackRecord.run(Choreographer.java:871)
11-22 13:45:33.429  2311  2311 E Feed    : 	at android.view.Choreographer.doCallbacks(Choreographer.java:683)
11-22 13:45:33.429  2311  2311 E Feed    : 	at android.view.Choreographer.doFrame(Choreographer.java:619)
11-22 13:45:33.429  2311  2311 E Feed    : 	at android.view.Choreographer$FrameDisplayEventReceiver.run(Choreographer.java:857)
11-22 13:45:33.429  2311  2311 E Feed    : 	at android.os.Handler.handleCallback(Handler.java:751)
11-22 13:45:33.429  2311  2311 E Feed    : 	at android.os.Handler.dispatchMessage(Handler.java:95)
11-22 13:45:33.429  2311  2311 E Feed    : 	at android.os.Looper.loop(Looper.java:154)
11-22 13:45:33.429  2311  2311 E Feed    : 	at android.app.ActivityThread.main(ActivityThread.java:6077)
11-22 13:45:33.429  2311  2311 E Feed    : 	at java.lang.reflect.Method.invoke(Native Method)
11-22 13:45:33.429  2311  2311 E Feed    : 	at com.android.internal.os.ZygoteInit$MethodAndArgsCaller.run(ZygoteInit.java:865)
11-22 13:45:33.429  2311  2311 E Feed    : 	at com.android.internal.os.ZygoteInit.main(ZygoteInit.java:755)
11-22 13:45:33.556  1237  1258 I Choreographer: Skipped 49 frames!  The application may be doing too much work on its main thread.
11-22 13:45:33.557  1237  1665 W art     : Long monitor contention with owner android.display (1258) at void com.android.server.wm.WindowAnimator$1.doFrame(long)(WindowAnimator.java:138) waiters=0 in int com.android.server.wm.WindowManagerService.relayoutWindow(com.android.server.wm.Session, android.view.IWindow, int, android.view.WindowManager$LayoutParams, int, int, int, int, android.graphics.Rect, android.graphics.Rect, android.graphics.Rect, android.graphics.Rect, android.graphics.Rect, android.graphics.Rect, android.graphics.Rect, android.content.res.Configuration, android.view.Surface) for 190ms
11-22 13:45:33.592  2311  2311 D LifecycleMonitor: Lifecycle status change: br.com.catbag.gifreduxsample.ui.GifListActivity@14ea708 in: PRE_ON_CREATE
11-22 13:45:33.674  2311  2311 D LifecycleMonitor: Lifecycle status change: br.com.catbag.gifreduxsample.ui.GifListActivity@14ea708 in: CREATED
11-22 13:45:33.766  2311  2311 D LifecycleMonitor: Lifecycle status change: br.com.catbag.gifreduxsample.ui.GifListActivity@14ea708 in: STARTED
11-22 13:45:33.772  2311  2311 D LifecycleMonitor: Lifecycle status change: br.com.catbag.gifreduxsample.ui.GifListActivity@14ea708 in: RESUMED
11-22 13:45:33.816  1237  1258 I Choreographer: Skipped 62 frames!  The application may be doing too much work on its main thread.
11-22 13:45:34.018  1237  1258 I Choreographer: Skipped 52 frames!  The application may be doing too much work on its main thread.
11-22 13:45:34.057  1237  1665 I WindowManager: Destroying surface Surface(name=com.android.launcher3/com.android.launcher3.Launcher) called by com.android.server.wm.WindowStateAnimator.destroySurface:2014 com.android.server.wm.WindowStateAnimator.destroySurfaceLocked:881 com.android.server.wm.WindowState.destroyOrSaveSurface:2073 com.android.server.wm.WindowManagerService.tryStartExitingAnimation:3017 com.android.server.wm.WindowManagerService.relayoutWindow:2897 com.android.server.wm.Session.relayout:215 android.view.IWindowSession$Stub.onTransact:286 com.android.server.wm.Session.onTransact:136 
11-22 13:45:34.065  2311  2311 I Choreographer: Skipped 76 frames!  The application may be doing too much work on its main thread.
11-22 13:45:34.144  2311  2311 E Feed    : Gif{uuid=6acd2b57-02fe-4894-8105-f36b1f400b30, path=, url=, title=, watched=false, status=DOWNLOADED}
11-22 13:45:34.144  2311  2311 E Feed    : pl.droidsonroids.gif.GifIOException: GifError 101: Failed to open given input
11-22 13:45:34.144  2311  2311 E Feed    : 	at pl.droidsonroids.gif.GifInfoHandle.openFile(Native Method)
11-22 13:45:34.144  2311  2311 E Feed    : 	at pl.droidsonroids.gif.GifInfoHandle.<init>(GifInfoHandle.java:46)
11-22 13:45:34.144  2311  2311 E Feed    : 	at pl.droidsonroids.gif.GifDrawable.<init>(GifDrawable.java:124)
11-22 13:45:34.144  2311  2311 E Feed    : 	at br.com.catbag.gifreduxsample.ui.components.FeedComponent.createDrawable(FeedComponent.java:135)
11-22 13:45:34.144  2311  2311 E Feed    : 	at br.com.catbag.gifreduxsample.ui.components.FeedComponent.lambda$renderGifView$2(FeedComponent.java:122)
11-22 13:45:34.144  2311  2311 E Feed    : 	at br.com.catbag.gifreduxsample.ui.components.FeedComponent$$Lambda$2.view(Unknown Source)
11-22 13:45:34.144  2311  2311 E Feed    : 	at trikita.anvil.BaseDSL.v(BaseDSL.java:670)
11-22 13:45:34.144  2311  2311 E Feed    : 	at br.com.catbag.gifreduxsample.ui.components.FeedComponent.renderGifView(FeedComponent.java:120)
11-22 13:45:34.144  2311  2311 E Feed    : 	at br.com.catbag.gifreduxsample.ui.components.FeedComponent.lambda$null$0(FeedComponent.java:68)
11-22 13:45:34.144  2311  2311 E Feed    : 	at br.com.catbag.gifreduxsample.ui.components.FeedComponent$$Lambda$3.view(Unknown Source)
11-22 13:45:34.144  2311  2311 E Feed    : 	at trikita.anvil.recyclerview.Recycler$Adapter$1.view(Recycler.java:128)
11-22 13:45:34.144  2311  2311 E Feed    : 	at trikita.anvil.RenderableRecyclerViewAdapter$1.view(RenderableRecyclerViewAdapter.java:24)
11-22 13:45:34.144  2311  2311 E Feed    : 	at trikita.anvil.Anvil$Mount.render(Anvil.java:204)
11-22 13:45:34.144  2311  2311 E Feed    : 	at trikita.anvil.Anvil.render(Anvil.java:173)
11-22 13:45:34.144  2311  2311 E Feed    : 	at trikita.anvil.RenderableRecyclerViewAdapter.onBindViewHolder(RenderableRecyclerViewAdapter.java:29)
11-22 13:45:34.144  2311  2311 E Feed    : 	at trikita.anvil.RenderableRecyclerViewAdapter.onBindViewHolder(RenderableRecyclerViewAdapter.java:7)
11-22 13:45:34.144  2311  2311 E Feed    : 	at android.support.v7.widget.RecyclerView$Adapter.onBindViewHolder(RecyclerView.java:5768)
11-22 13:45:34.144  2311  2311 E Feed    : 	at android.support.v7.widget.RecyclerView$Adapter.bindViewHolder(RecyclerView.java:5801)
11-22 13:45:34.144  2311  2311 E Feed    : 	at android.support.v7.widget.RecyclerView$Recycler.getViewForPosition(RecyclerView.java:5037)
11-22 13:45:34.144  2311  2311 E Feed    : 	at android.support.v7.widget.RecyclerView$Recycler.getViewForPosition(RecyclerView.java:4913)
11-22 13:45:34.144  2311  2311 E Feed    : 	at android.support.v7.widget.LinearLayoutManager$LayoutState.next(LinearLayoutManager.java:2029)
11-22 13:45:34.144  2311  2311 E Feed    : 	at android.support.v7.widget.LinearLayoutManager.layoutChunk(LinearLayoutManager.java:1414)
11-22 13:45:34.144  2311  2311 E Feed    : 	at android.support.v7.widget.LinearLayoutManager.fill(LinearLayoutManager.java:1377)
11-22 13:45:34.144  2311  2311 E Feed    : 	at android.support.v7.widget.LinearLayoutManager.onLayoutChildren(LinearLayoutManager.java:578)
11-22 13:45:34.144  2311  2311 E Feed    : 	at android.support.v7.widget.RecyclerView.dispatchLayoutStep2(RecyclerView.java:3260)
11-22 13:45:34.144  2311  2311 E Feed    : 	at android.support.v7.widget.RecyclerView.dispatchLayout(RecyclerView.java:3069)
11-22 13:45:34.144  2311  2311 E Feed    : 	at android.support.v7.widget.RecyclerView.onLayout(RecyclerView.java:3518)
11-22 13:45:34.144  2311  2311 E Feed    : 	at android.view.View.layout(View.java:17520)
11-22 13:45:34.144  2311  2311 E Feed    : 	at android.view.ViewGroup.layout(ViewGroup.java:5612)
11-22 13:45:34.144  2311  2311 E Feed    : 	at android.widget.FrameLayout.layoutChildren(FrameLayout.java:323)
11-22 13:45:34.144  2311  2311 E Feed    : 	at android.widget.FrameLayout.onLayout(FrameLayout.java:261)
11-22 13:45:34.144  2311  2311 E Feed    : 	at android.view.View.layout(View.java:17520)
11-22 13:45:34.144  2311  2311 E Feed    : 	at android.view.ViewGroup.layout(ViewGroup.java:5612)
11-22 13:45:34.144  2311  2311 E Feed    : 	at android.widget.RelativeLayout.onLayout(RelativeLayout.java:1079)
11-22 13:45:34.144  2311  2311 E Feed    : 	at android.view.View.layout(View.java:17520)
11-22 13:45:34.144  2311  2311 E Feed    : 	at android.view.ViewGroup.layout(ViewGroup.java:5612)
11-22 13:45:34.144  2311  2311 E Feed    : 	at android.widget.FrameLayout.layoutChildren(FrameLayout.java:323)
11-22 13:45:34.144  2311  2311 E Feed    : 	at android.widget.FrameLayout.onLayout(FrameLayout.java:261)
11-22 13:45:34.144  2311  2311 E Feed    : 	at android.view.View.layout(View.java:17520)
11-22 13:45:34.144  2311  2311 E Feed    : 	at android.view.ViewGroup.layout(ViewGroup.java:5612)
11-22 13:45:34.144  2311  2311 E Feed    : 	at android.support.v7.widget.ActionBarOverlayLayout.onLayout(ActionBarOverlayLayout.java:435)
11-22 13:45:34.144  2311  2311 E Feed    : 	at android.view.View.layout(View.java:17520)
11-22 13:45:34.144  2311  2311 E Feed    : 	at android.view.ViewGroup.layout(ViewGroup.java:5612)
11-22 13:45:34.144  2311  2311 E Feed    : 	at android.widget.FrameLayout.layoutChildren(FrameLayout.java:323)
11-22 13:45:34.144  2311  2311 E Feed    : 	at android.widget.FrameLayout.onLayout(FrameLayout.java:261)
11-22 13:45:34.144  2311  2311 E Feed    : 	at android.view.View.layout(View.java:17520)
11-22 13:45:34.144  2311  2311 E Feed    : 	at android.view.ViewGroup.layout(ViewGroup.java:5612)
11-22 13:45:34.144  2311  2311 E Feed    : 	at android.widget.LinearLayout.setChildFrame(LinearLayout.java:1741)
11-22 13:45:34.144  2311  2311 E Feed    : 	at android.widget.LinearLayout.layoutVertical(LinearLayout.java:1585)
11-22 13:45:34.144  2311  2311 E Feed    : 	at android.widget.LinearLayout.onLayout(LinearLayout.java:1494)
11-22 13:45:34.144  2311  2311 E Feed    : 	at android.view.View.layout(View.java:17520)
11-22 13:45:34.144  2311  2311 E Feed    : 	at android.view.ViewGroup.layout(ViewGroup.java:5612)
11-22 13:45:34.144  2311  2311 E Feed    : 	at android.widget.FrameLayout.layoutChildren(FrameLayout.java:323)
11-22 13:45:34.145  2311  2311 E Feed    : 	at android.widget.FrameLayout.onLayout(FrameLayout.java:261)
11-22 13:45:34.145  2311  2311 E Feed    : 	at com.android.internal.policy.DecorView.onLayout(DecorView.java:724)
11-22 13:45:34.145  2311  2311 E Feed    : 	at android.view.View.layout(View.java:17520)
11-22 13:45:34.145  2311  2311 E Feed    : 	at android.view.ViewGroup.layout(ViewGroup.java:5612)
11-22 13:45:34.145  2311  2311 E Feed    : 	at android.view.ViewRootImpl.performLayout(ViewRootImpl.java:2342)
11-22 13:45:34.145  2311  2311 E Feed    : 	at android.view.ViewRootImpl.performTraversals(ViewRootImpl.java:2069)
11-22 13:45:34.145  2311  2311 E Feed    : 	at android.view.ViewRootImpl.doTraversal(ViewRootImpl.java:1246)
11-22 13:45:34.145  2311  2311 E Feed    : 	at android.view.ViewRootImpl$TraversalRunnable.run(ViewRootImpl.java:6301)
11-22 13:45:34.145  2311  2311 E Feed    : 	at android.view.Choreographer$CallbackRecord.run(Choreographer.java:871)
11-22 13:45:34.145  2311  2311 E Feed    : 	at android.view.Choreographer.doCallbacks(Choreographer.java:683)
11-22 13:45:34.145  2311  2311 E Feed    : 	at android.view.Choreographer.doFrame(Choreographer.java:619)
11-22 13:45:34.145  2311  2311 E Feed    : 	at android.view.Choreographer$FrameDisplayEventReceiver.run(Choreographer.java:857)
11-22 13:45:34.145  2311  2311 E Feed    : 	at android.os.Handler.handleCallback(Handler.java:751)
11-22 13:45:34.145  2311  2311 E Feed    : 	at android.os.Handler.dispatchMessage(Handler.java:95)
11-22 13:45:34.145  2311  2311 E Feed    : 	at android.os.Looper.loop(Looper.java:154)
11-22 13:45:34.145  2311  2311 E Feed    : 	at android.app.ActivityThread.main(ActivityThread.java:6077)
11-22 13:45:34.145  2311  2311 E Feed    : 	at java.lang.reflect.Method.invoke(Native Method)
11-22 13:45:34.145  2311  2311 E Feed    : 	at com.android.internal.os.ZygoteInit$MethodAndArgsCaller.run(ZygoteInit.java:865)
11-22 13:45:34.145  2311  2311 E Feed    : 	at com.android.internal.os.ZygoteInit.main(ZygoteInit.java:755)
11-22 13:45:34.151  2311  2315 I art     : Do partial code cache collection, code=61KB, data=60KB
11-22 13:45:34.171  2311  2315 I art     : After code cache collection, code=59KB, data=59KB
11-22 13:45:34.171  2311  2315 I art     : Increasing code cache capacity to 256KB
11-22 13:45:34.186  2311  2311 E Feed    : Gif{uuid=6acd2b57-02fe-4894-8105-f36b1f400b30, path=, url=, title=, watched=false, status=DOWNLOADED}
11-22 13:45:34.186  2311  2311 E Feed    : pl.droidsonroids.gif.GifIOException: GifError 101: Failed to open given input
11-22 13:45:34.186  2311  2311 E Feed    : 	at pl.droidsonroids.gif.GifInfoHandle.openFile(Native Method)
11-22 13:45:34.186  2311  2311 E Feed    : 	at pl.droidsonroids.gif.GifInfoHandle.<init>(GifInfoHandle.java:46)
11-22 13:45:34.186  2311  2311 E Feed    : 	at pl.droidsonroids.gif.GifDrawable.<init>(GifDrawable.java:124)
11-22 13:45:34.186  2311  2311 E Feed    : 	at br.com.catbag.gifreduxsample.ui.components.FeedComponent.createDrawable(FeedComponent.java:135)
11-22 13:45:34.186  2311  2311 E Feed    : 	at br.com.catbag.gifreduxsample.ui.components.FeedComponent.lambda$renderGifView$2(FeedComponent.java:122)
11-22 13:45:34.186  2311  2311 E Feed    : 	at br.com.catbag.gifreduxsample.ui.components.FeedComponent$$Lambda$2.view(Unknown Source)
11-22 13:45:34.186  2311  2311 E Feed    : 	at trikita.anvil.BaseDSL.v(BaseDSL.java:670)
11-22 13:45:34.186  2311  2311 E Feed    : 	at br.com.catbag.gifreduxsample.ui.components.FeedComponent.renderGifView(FeedComponent.java:120)
11-22 13:45:34.186  2311  2311 E Feed    : 	at br.com.catbag.gifreduxsample.ui.components.FeedComponent.lambda$null$0(FeedComponent.java:68)
11-22 13:45:34.186  2311  2311 E Feed    : 	at br.com.catbag.gifreduxsample.ui.components.FeedComponent$$Lambda$3.view(Unknown Source)
11-22 13:45:34.186  2311  2311 E Feed    : 	at trikita.anvil.recyclerview.Recycler$Adapter$1.view(Recycler.java:128)
11-22 13:45:34.186  2311  2311 E Feed    : 	at trikita.anvil.RenderableRecyclerViewAdapter$1.view(RenderableRecyclerViewAdapter.java:24)
11-22 13:45:34.186  2311  2311 E Feed    : 	at trikita.anvil.Anvil$Mount.render(Anvil.java:204)
11-22 13:45:34.186  2311  2311 E Feed    : 	at trikita.anvil.Anvil.render(Anvil.java:173)
11-22 13:45:34.186  2311  2311 E Feed    : 	at trikita.anvil.RenderableRecyclerViewAdapter.onBindViewHolder(RenderableRecyclerViewAdapter.java:27)
11-22 13:45:34.186  2311  2311 E Feed    : 	at trikita.anvil.RenderableRecyclerViewAdapter.onBindViewHolder(RenderableRecyclerViewAdapter.java:7)
11-22 13:45:34.186  2311  2311 E Feed    : 	at android.support.v7.widget.RecyclerView$Adapter.onBindViewHolder(RecyclerView.java:5768)
11-22 13:45:34.186  2311  2311 E Feed    : 	at android.support.v7.widget.RecyclerView$Adapter.bindViewHolder(RecyclerView.java:5801)
11-22 13:45:34.186  2311  2311 E Feed    : 	at android.support.v7.widget.RecyclerView$Recycler.getViewForPosition(RecyclerView.java:5037)
11-22 13:45:34.186  2311  2311 E Feed    : 	at android.support.v7.widget.RecyclerView$Recycler.getViewForPosition(RecyclerView.java:4913)
11-22 13:45:34.186  2311  2311 E Feed    : 	at android.support.v7.widget.LinearLayoutManager$LayoutState.next(LinearLayoutManager.java:2029)
11-22 13:45:34.186  2311  2311 E Feed    : 	at android.support.v7.widget.LinearLayoutManager.layoutChunk(LinearLayoutManager.java:1414)
11-22 13:45:34.186  2311  2311 E Feed    : 	at android.support.v7.widget.LinearLayoutManager.fill(LinearLayoutManager.java:1377)
11-22 13:45:34.186  2311  2311 E Feed    : 	at android.support.v7.widget.LinearLayoutManager.onLayoutChildren(LinearLayoutManager.java:578)
11-22 13:45:34.186  2311  2311 E Feed    : 	at android.support.v7.widget.RecyclerView.dispatchLayoutStep2(RecyclerView.java:3260)
11-22 13:45:34.186  2311  2311 E Feed    : 	at android.support.v7.widget.RecyclerView.dispatchLayout(RecyclerView.java:3069)
11-22 13:45:34.186  2311  2311 E Feed    : 	at android.support.v7.widget.RecyclerView.onLayout(RecyclerView.java:3518)
11-22 13:45:34.186  2311  2311 E Feed    : 	at android.view.View.layout(View.java:17520)
11-22 13:45:34.186  2311  2311 E Feed    : 	at android.view.ViewGroup.layout(ViewGroup.java:5612)
11-22 13:45:34.186  2311  2311 E Feed    : 	at android.widget.FrameLayout.layoutChildren(FrameLayout.java:323)
11-22 13:45:34.186  2311  2311 E Feed    : 	at android.widget.FrameLayout.onLayout(FrameLayout.java:261)
11-22 13:45:34.186  2311  2311 E Feed    : 	at android.view.View.layout(View.java:17520)
11-22 13:45:34.186  2311  2311 E Feed    : 	at android.view.ViewGroup.layout(ViewGroup.java:5612)
11-22 13:45:34.186  2311  2311 E Feed    : 	at android.widget.RelativeLayout.onLayout(RelativeLayout.java:1079)
11-22 13:45:34.186  2311  2311 E Feed    : 	at android.view.View.layout(View.java:17520)
11-22 13:45:34.186  2311  2311 E Feed    : 	at android.view.ViewGroup.layout(ViewGroup.java:5612)
11-22 13:45:34.186  2311  2311 E Feed    : 	at android.widget.FrameLayout.layoutChildren(FrameLayout.java:323)
11-22 13:45:34.186  2311  2311 E Feed    : 	at android.widget.FrameLayout.onLayout(FrameLayout.java:261)
11-22 13:45:34.186  2311  2311 E Feed    : 	at android.view.View.layout(View.java:17520)
11-22 13:45:34.186  2311  2311 E Feed    : 	at android.view.ViewGroup.layout(ViewGroup.java:5612)
11-22 13:45:34.186  2311  2311 E Feed    : 	at android.support.v7.widget.ActionBarOverlayLayout.onLayout(ActionBarOverlayLayout.java:435)
11-22 13:45:34.186  2311  2311 E Feed    : 	at android.view.View.layout(View.java:17520)
11-22 13:45:34.186  2311  2311 E Feed    : 	at android.view.ViewGroup.layout(ViewGroup.java:5612)
11-22 13:45:34.186  2311  2311 E Feed    : 	at android.widget.FrameLayout.layoutChildren(FrameLayout.java:323)
11-22 13:45:34.186  2311  2311 E Feed    : 	at android.widget.FrameLayout.onLayout(FrameLayout.java:261)
11-22 13:45:34.186  2311  2311 E Feed    : 	at android.view.View.layout(View.java:17520)
11-22 13:45:34.186  2311  2311 E Feed    : 	at android.view.ViewGroup.layout(ViewGroup.java:5612)
11-22 13:45:34.186  2311  2311 E Feed    : 	at android.widget.LinearLayout.setChildFrame(LinearLayout.java:1741)
11-22 13:45:34.186  2311  2311 E Feed    : 	at android.widget.LinearLayout.layoutVertical(LinearLayout.java:1585)
11-22 13:45:34.186  2311  2311 E Feed    : 	at android.widget.LinearLayout.onLayout(LinearLayout.java:1494)
11-22 13:45:34.186  2311  2311 E Feed    : 	at android.view.View.layout(View.java:17520)
11-22 13:45:34.186  2311  2311 E Feed    : 	at android.view.ViewGroup.layout(ViewGroup.java:5612)
11-22 13:45:34.186  2311  2311 E Feed    : 	at android.widget.FrameLayout.layoutChildren(FrameLayout.java:323)
11-22 13:45:34.187  2311  2311 E Feed    : 	at android.widget.FrameLayout.onLayout(FrameLayout.java:261)
11-22 13:45:34.187  2311  2311 E Feed    : 	at com.android.internal.policy.DecorView.onLayout(DecorView.java:724)
11-22 13:45:34.187  2311  2311 E Feed    : 	at android.view.View.layout(View.java:17520)
11-22 13:45:34.187  2311  2311 E Feed    : 	at android.view.ViewGroup.layout(ViewGroup.java:5612)
11-22 13:45:34.187  2311  2311 E Feed    : 	at android.view.ViewRootImpl.performLayout(ViewRootImpl.java:2342)
11-22 13:45:34.187  2311  2311 E Feed    : 	at android.view.ViewRootImpl.performTraversals(ViewRootImpl.java:2069)
11-22 13:45:34.187  2311  2311 E Feed    : 	at android.view.ViewRootImpl.doTraversal(ViewRootImpl.java:1246)
11-22 13:45:34.187  2311  2311 E Feed    : 	at android.view.ViewRootImpl$TraversalRunnable.run(ViewRootImpl.java:6301)
11-22 13:45:34.187  2311  2311 E Feed    : 	at android.view.Choreographer$CallbackRecord.run(Choreographer.java:871)
11-22 13:45:34.187  2311  2311 E Feed    : 	at android.view.Choreographer.doCallbacks(Choreographer.java:683)
11-22 13:45:34.187  2311  2311 E Feed    : 	at android.view.Choreographer.doFrame(Choreographer.java:619)
11-22 13:45:34.187  2311  2311 E Feed    : 	at android.view.Choreographer$FrameDisplayEventReceiver.run(Choreographer.java:857)
11-22 13:45:34.187  2311  2311 E Feed    : 	at android.os.Handler.handleCallback(Handler.java:751)
11-22 13:45:34.187  2311  2311 E Feed    : 	at android.os.Handler.dispatchMessage(Handler.java:95)
11-22 13:45:34.187  2311  2311 E Feed    : 	at android.os.Looper.loop(Looper.java:154)
11-22 13:45:34.187  2311  2311 E Feed    : 	at android.app.ActivityThread.main(ActivityThread.java:6077)
11-22 13:45:34.187  2311  2311 E Feed    : 	at java.lang.reflect.Method.invoke(Native Method)
11-22 13:45:34.187  2311  2311 E Feed    : 	at com.android.internal.os.ZygoteInit$MethodAndArgsCaller.run(ZygoteInit.java:865)
11-22 13:45:34.187  2311  2311 E Feed    : 	at com.android.internal.os.ZygoteInit.main(ZygoteInit.java:755)
11-22 13:45:34.241  2311  2311 E Feed    : Gif{uuid=6acd2b57-02fe-4894-8105-f36b1f400b30, path=, url=, title=, watched=false, status=DOWNLOADED}
11-22 13:45:34.241  2311  2311 E Feed    : pl.droidsonroids.gif.GifIOException: GifError 101: Failed to open given input
11-22 13:45:34.241  2311  2311 E Feed    : 	at pl.droidsonroids.gif.GifInfoHandle.openFile(Native Method)
11-22 13:45:34.241  2311  2311 E Feed    : 	at pl.droidsonroids.gif.GifInfoHandle.<init>(GifInfoHandle.java:46)
11-22 13:45:34.241  2311  2311 E Feed    : 	at pl.droidsonroids.gif.GifDrawable.<init>(GifDrawable.java:124)
11-22 13:45:34.241  2311  2311 E Feed    : 	at br.com.catbag.gifreduxsample.ui.components.FeedComponent.createDrawable(FeedComponent.java:135)
11-22 13:45:34.241  2311  2311 E Feed    : 	at br.com.catbag.gifreduxsample.ui.components.FeedComponent.lambda$renderGifView$2(FeedComponent.java:122)
11-22 13:45:34.241  2311  2311 E Feed    : 	at br.com.catbag.gifreduxsample.ui.components.FeedComponent$$Lambda$2.view(Unknown Source)
11-22 13:45:34.241  2311  2311 E Feed    : 	at trikita.anvil.BaseDSL.v(BaseDSL.java:670)
11-22 13:45:34.241  2311  2311 E Feed    : 	at br.com.catbag.gifreduxsample.ui.components.FeedComponent.renderGifView(FeedComponent.java:120)
11-22 13:45:34.241  2311  2311 E Feed    : 	at br.com.catbag.gifreduxsample.ui.components.FeedComponent.lambda$null$0(FeedComponent.java:68)
11-22 13:45:34.241  2311  2311 E Feed    : 	at br.com.catbag.gifreduxsample.ui.components.FeedComponent$$Lambda$3.view(Unknown Source)
11-22 13:45:34.241  2311  2311 E Feed    : 	at trikita.anvil.recyclerview.Recycler$Adapter$1.view(Recycler.java:128)
11-22 13:45:34.241  2311  2311 E Feed    : 	at trikita.anvil.RenderableRecyclerViewAdapter$1.view(RenderableRecyclerViewAdapter.java:24)
11-22 13:45:34.241  2311  2311 E Feed    : 	at trikita.anvil.Anvil$Mount.render(Anvil.java:204)
11-22 13:45:34.241  2311  2311 E Feed    : 	at trikita.anvil.Anvil.render(Anvil.java:173)
11-22 13:45:34.241  2311  2311 E Feed    : 	at trikita.anvil.RenderableRecyclerViewAdapter.onBindViewHolder(RenderableRecyclerViewAdapter.java:29)
11-22 13:45:34.241  2311  2311 E Feed    : 	at trikita.anvil.RenderableRecyclerViewAdapter.onBindViewHolder(RenderableRecyclerViewAdapter.java:7)
11-22 13:45:34.241  2311  2311 E Feed    : 	at android.support.v7.widget.RecyclerView$Adapter.onBindViewHolder(RecyclerView.java:5768)
11-22 13:45:34.241  2311  2311 E Feed    : 	at android.support.v7.widget.RecyclerView$Adapter.bindViewHolder(RecyclerView.java:5801)
11-22 13:45:34.241  2311  2311 E Feed    : 	at android.support.v7.widget.RecyclerView$Recycler.getViewForPosition(RecyclerView.java:5037)
11-22 13:45:34.241  2311  2311 E Feed    : 	at android.support.v7.widget.RecyclerView$Recycler.getViewForPosition(RecyclerView.java:4913)
11-22 13:45:34.241  2311  2311 E Feed    : 	at android.support.v7.widget.LinearLayoutManager$LayoutState.next(LinearLayoutManager.java:2029)
11-22 13:45:34.241  2311  2311 E Feed    : 	at android.support.v7.widget.LinearLayoutManager.layoutChunk(LinearLayoutManager.java:1414)
11-22 13:45:34.241  2311  2311 E Feed    : 	at android.support.v7.widget.LinearLayoutManager.fill(LinearLayoutManager.java:1377)
11-22 13:45:34.241  2311  2311 E Feed    : 	at android.support.v7.widget.LinearLayoutManager.onLayoutChildren(LinearLayoutManager.java:578)
11-22 13:45:34.241  2311  2311 E Feed    : 	at android.support.v7.widget.RecyclerView.dispatchLayoutStep2(RecyclerView.java:3260)
11-22 13:45:34.241  2311  2311 E Feed    : 	at android.support.v7.widget.RecyclerView.dispatchLayout(RecyclerView.java:3069)
11-22 13:45:34.241  2311  2311 E Feed    : 	at android.support.v7.widget.RecyclerView.onLayout(RecyclerView.java:3518)
11-22 13:45:34.241  2311  2311 E Feed    : 	at android.view.View.layout(View.java:17520)
11-22 13:45:34.241  2311  2311 E Feed    : 	at android.view.ViewGroup.layout(ViewGroup.java:5612)
11-22 13:45:34.241  2311  2311 E Feed    : 	at android.widget.FrameLayout.layoutChildren(FrameLayout.java:323)
11-22 13:45:34.241  2311  2311 E Feed    : 	at android.widget.FrameLayout.onLayout(FrameLayout.java:261)
11-22 13:45:34.241  2311  2311 E Feed    : 	at android.view.View.layout(View.java:17520)
11-22 13:45:34.241  2311  2311 E Feed    : 	at android.view.ViewGroup.layout(ViewGroup.java:5612)
11-22 13:45:34.241  2311  2311 E Feed    : 	at android.widget.RelativeLayout.onLayout(RelativeLayout.java:1079)
11-22 13:45:34.241  2311  2311 E Feed    : 	at android.view.View.layout(View.java:17520)
11-22 13:45:34.241  2311  2311 E Feed    : 	at android.view.ViewGroup.layout(ViewGroup.java:5612)
11-22 13:45:34.241  2311  2311 E Feed    : 	at android.widget.FrameLayout.layoutChildren(FrameLayout.java:323)
11-22 13:45:34.241  2311  2311 E Feed    : 	at android.widget.FrameLayout.onLayout(FrameLayout.java:261)
11-22 13:45:34.241  2311  2311 E Feed    : 	at android.view.View.layout(View.java:17520)
11-22 13:45:34.241  2311  2311 E Feed    : 	at android.view.ViewGroup.layout(ViewGroup.java:5612)
11-22 13:45:34.241  2311  2311 E Feed    : 	at android.support.v7.widget.ActionBarOverlayLayout.onLayout(ActionBarOverlayLayout.java:435)
11-22 13:45:34.241  2311  2311 E Feed    : 	at android.view.View.layout(View.java:17520)
11-22 13:45:34.241  2311  2311 E Feed    : 	at android.view.ViewGroup.layout(ViewGroup.java:5612)
11-22 13:45:34.241  2311  2311 E Feed    : 	at android.widget.FrameLayout.layoutChildren(FrameLayout.java:323)
11-22 13:45:34.241  2311  2311 E Feed    : 	at android.widget.FrameLayout.onLayout(FrameLayout.java:261)
11-22 13:45:34.241  2311  2311 E Feed    : 	at android.view.View.layout(View.java:17520)
11-22 13:45:34.241  2311  2311 E Feed    : 	at android.view.ViewGroup.layout(ViewGroup.java:5612)
11-22 13:45:34.241  2311  2311 E Feed    : 	at android.widget.LinearLayout.setChildFrame(LinearLayout.java:1741)
11-22 13:45:34.241  2311  2311 E Feed    : 	at android.widget.LinearLayout.layoutVertical(LinearLayout.java:1585)
11-22 13:45:34.241  2311  2311 E Feed    : 	at android.widget.LinearLayout.onLayout(LinearLayout.java:1494)
11-22 13:45:34.241  2311  2311 E Feed    : 	at android.view.View.layout(View.java:17520)
11-22 13:45:34.241  2311  2311 E Feed    : 	at android.view.ViewGroup.layout(ViewGroup.java:5612)
11-22 13:45:34.241  2311  2311 E Feed    : 	at android.widget.FrameLayout.layoutChildren(FrameLayout.java:323)
11-22 13:45:34.242  2311  2311 E Feed    : 	at android.widget.FrameLayout.onLayout(FrameLayout.java:261)
11-22 13:45:34.242  2311  2311 E Feed    : 	at com.android.internal.policy.DecorView.onLayout(DecorView.java:724)
11-22 13:45:34.242  2311  2311 E Feed    : 	at android.view.View.layout(View.java:17520)
11-22 13:45:34.242  2311  2311 E Feed    : 	at android.view.ViewGroup.layout(ViewGroup.java:5612)
11-22 13:45:34.242  2311  2311 E Feed    : 	at android.view.ViewRootImpl.performLayout(ViewRootImpl.java:2342)
11-22 13:45:34.242  2311  2311 E Feed    : 	at android.view.ViewRootImpl.performTraversals(ViewRootImpl.java:2069)
11-22 13:45:34.242  2311  2311 E Feed    : 	at android.view.ViewRootImpl.doTraversal(ViewRootImpl.java:1246)
11-22 13:45:34.242  2311  2311 E Feed    : 	at android.view.ViewRootImpl$TraversalRunnable.run(ViewRootImpl.java:6301)
11-22 13:45:34.242  2311  2311 E Feed    : 	at android.view.Choreographer$CallbackRecord.run(Choreographer.java:871)
11-22 13:45:34.242  2311  2311 E Feed    : 	at android.view.Choreographer.doCallbacks(Choreographer.java:683)
11-22 13:45:34.242  2311  2311 E Feed    : 	at android.view.Choreographer.doFrame(Choreographer.java:619)
11-22 13:45:34.242  2311  2311 E Feed    : 	at android.view.Choreographer$FrameDisplayEventReceiver.run(Choreographer.java:857)
11-22 13:45:34.242  2311  2311 E Feed    : 	at android.os.Handler.handleCallback(Handler.java:751)
11-22 13:45:34.242  2311  2311 E Feed    : 	at android.os.Handler.dispatchMessage(Handler.java:95)
11-22 13:45:34.242  2311  2311 E Feed    : 	at android.os.Looper.loop(Looper.java:154)
11-22 13:45:34.242  2311  2311 E Feed    : 	at android.app.ActivityThread.main(ActivityThread.java:6077)
11-22 13:45:34.242  2311  2311 E Feed    : 	at java.lang.reflect.Method.invoke(Native Method)
11-22 13:45:34.242  2311  2311 E Feed    : 	at com.android.internal.os.ZygoteInit$MethodAndArgsCaller.run(ZygoteInit.java:865)
11-22 13:45:34.242  2311  2311 E Feed    : 	at com.android.internal.os.ZygoteInit.main(ZygoteInit.java:755)
11-22 13:45:34.305  2311  2311 E Feed    : Gif{uuid=6acd2b57-02fe-4894-8105-f36b1f400b30, path=, url=, title=, watched=false, status=DOWNLOADED}
11-22 13:45:34.305  2311  2311 E Feed    : pl.droidsonroids.gif.GifIOException: GifError 101: Failed to open given input
11-22 13:45:34.305  2311  2311 E Feed    : 	at pl.droidsonroids.gif.GifInfoHandle.openFile(Native Method)
11-22 13:45:34.305  2311  2311 E Feed    : 	at pl.droidsonroids.gif.GifInfoHandle.<init>(GifInfoHandle.java:46)
11-22 13:45:34.305  2311  2311 E Feed    : 	at pl.droidsonroids.gif.GifDrawable.<init>(GifDrawable.java:124)
11-22 13:45:34.305  2311  2311 E Feed    : 	at br.com.catbag.gifreduxsample.ui.components.FeedComponent.createDrawable(FeedComponent.java:135)
11-22 13:45:34.305  2311  2311 E Feed    : 	at br.com.catbag.gifreduxsample.ui.components.FeedComponent.lambda$renderGifView$2(FeedComponent.java:122)
11-22 13:45:34.305  2311  2311 E Feed    : 	at br.com.catbag.gifreduxsample.ui.components.FeedComponent$$Lambda$2.view(Unknown Source)
11-22 13:45:34.305  2311  2311 E Feed    : 	at trikita.anvil.BaseDSL.v(BaseDSL.java:670)
11-22 13:45:34.305  2311  2311 E Feed    : 	at br.com.catbag.gifreduxsample.ui.components.FeedComponent.renderGifView(FeedComponent.java:120)
11-22 13:45:34.305  2311  2311 E Feed    : 	at br.com.catbag.gifreduxsample.ui.components.FeedComponent.lambda$null$0(FeedComponent.java:68)
11-22 13:45:34.305  2311  2311 E Feed    : 	at br.com.catbag.gifreduxsample.ui.components.FeedComponent$$Lambda$3.view(Unknown Source)
11-22 13:45:34.305  2311  2311 E Feed    : 	at trikita.anvil.recyclerview.Recycler$Adapter$1.view(Recycler.java:128)
11-22 13:45:34.305  2311  2311 E Feed    : 	at trikita.anvil.RenderableRecyclerViewAdapter$1.view(RenderableRecyclerViewAdapter.java:24)
11-22 13:45:34.305  2311  2311 E Feed    : 	at trikita.anvil.Anvil$Mount.render(Anvil.java:204)
11-22 13:45:34.305  2311  2311 E Feed    : 	at trikita.anvil.Anvil.render(Anvil.java:173)
11-22 13:45:34.305  2311  2311 E Feed    : 	at trikita.anvil.RenderableRecyclerViewAdapter.onBindViewHolder(RenderableRecyclerViewAdapter.java:29)
11-22 13:45:34.305  2311  2311 E Feed    : 	at trikita.anvil.RenderableRecyclerViewAdapter.onBindViewHolder(RenderableRecyclerViewAdapter.java:7)
11-22 13:45:34.305  2311  2311 E Feed    : 	at android.support.v7.widget.RecyclerView$Adapter.onBindViewHolder(RecyclerView.java:5768)
11-22 13:45:34.305  2311  2311 E Feed    : 	at android.support.v7.widget.RecyclerView$Adapter.bindViewHolder(RecyclerView.java:5801)
11-22 13:45:34.305  2311  2311 E Feed    : 	at android.support.v7.widget.RecyclerView$Recycler.getViewForPosition(RecyclerView.java:5037)
11-22 13:45:34.305  2311  2311 E Feed    : 	at android.support.v7.widget.RecyclerView$Recycler.getViewForPosition(RecyclerView.java:4913)
11-22 13:45:34.305  2311  2311 E Feed    : 	at android.support.v7.widget.LinearLayoutManager$LayoutState.next(LinearLayoutManager.java:2029)
11-22 13:45:34.305  2311  2311 E Feed    : 	at android.support.v7.widget.LinearLayoutManager.layoutChunk(LinearLayoutManager.java:1414)
11-22 13:45:34.305  2311  2311 E Feed    : 	at android.support.v7.widget.LinearLayoutManager.fill(LinearLayoutManager.java:1377)
11-22 13:45:34.305  2311  2311 E Feed    : 	at android.support.v7.widget.LinearLayoutManager.onLayoutChildren(LinearLayoutManager.java:578)
11-22 13:45:34.305  2311  2311 E Feed    : 	at android.support.v7.widget.RecyclerView.dispatchLayoutStep2(RecyclerView.java:3260)
11-22 13:45:34.305  2311  2311 E Feed    : 	at android.support.v7.widget.RecyclerView.dispatchLayout(RecyclerView.java:3069)
11-22 13:45:34.305  2311  2311 E Feed    : 	at android.support.v7.widget.RecyclerView.onLayout(RecyclerView.java:3518)
11-22 13:45:34.305  2311  2311 E Feed    : 	at android.view.View.layout(View.java:17520)
11-22 13:45:34.305  2311  2311 E Feed    : 	at android.view.ViewGroup.layout(ViewGroup.java:5612)
11-22 13:45:34.305  2311  2311 E Feed    : 	at android.widget.FrameLayout.layoutChildren(FrameLayout.java:323)
11-22 13:45:34.305  2311  2311 E Feed    : 	at android.widget.FrameLayout.onLayout(FrameLayout.java:261)
11-22 13:45:34.305  2311  2311 E Feed    : 	at android.view.View.layout(View.java:17520)
11-22 13:45:34.305  2311  2311 E Feed    : 	at android.view.ViewGroup.layout(ViewGroup.java:5612)
11-22 13:45:34.305  2311  2311 E Feed    : 	at android.widget.RelativeLayout.onLayout(RelativeLayout.java:1079)
11-22 13:45:34.305  2311  2311 E Feed    : 	at android.view.View.layout(View.java:17520)
11-22 13:45:34.305  2311  2311 E Feed    : 	at android.view.ViewGroup.layout(ViewGroup.java:5612)
11-22 13:45:34.305  2311  2311 E Feed    : 	at android.widget.FrameLayout.layoutChildren(FrameLayout.java:323)
11-22 13:45:34.305  2311  2311 E Feed    : 	at android.widget.FrameLayout.onLayout(FrameLayout.java:261)
11-22 13:45:34.305  2311  2311 E Feed    : 	at android.view.View.layout(View.java:17520)
11-22 13:45:34.305  2311  2311 E Feed    : 	at android.view.ViewGroup.layout(ViewGroup.java:5612)
11-22 13:45:34.305  2311  2311 E Feed    : 	at android.support.v7.widget.ActionBarOverlayLayout.onLayout(ActionBarOverlayLayout.java:435)
11-22 13:45:34.305  2311  2311 E Feed    : 	at android.view.View.layout(View.java:17520)
11-22 13:45:34.305  2311  2311 E Feed    : 	at android.view.ViewGroup.layout(ViewGroup.java:5612)
11-22 13:45:34.305  2311  2311 E Feed    : 	at android.widget.FrameLayout.layoutChildren(FrameLayout.java:323)
11-22 13:45:34.305  2311  2311 E Feed    : 	at android.widget.FrameLayout.onLayout(FrameLayout.java:261)
11-22 13:45:34.305  2311  2311 E Feed    : 	at android.view.View.layout(View.java:17520)
11-22 13:45:34.305  2311  2311 E Feed    : 	at android.view.ViewGroup.layout(ViewGroup.java:5612)
11-22 13:45:34.305  2311  2311 E Feed    : 	at android.widget.LinearLayout.setChildFrame(LinearLayout.java:1741)
11-22 13:45:34.305  2311  2311 E Feed    : 	at android.widget.LinearLayout.layoutVertical(LinearLayout.java:1585)
11-22 13:45:34.305  2311  2311 E Feed    : 	at android.widget.LinearLayout.onLayout(LinearLayout.java:1494)
11-22 13:45:34.305  2311  2311 E Feed    : 	at android.view.View.layout(View.java:17520)
11-22 13:45:34.305  2311  2311 E Feed    : 	at android.view.ViewGroup.layout(ViewGroup.java:5612)
11-22 13:45:34.305  2311  2311 E Feed    : 	at android.widget.FrameLayout.layoutChildren(FrameLayout.java:323)
11-22 13:45:34.306  2311  2311 E Feed    : 	at android.widget.FrameLayout.onLayout(FrameLayout.java:261)
11-22 13:45:34.306  2311  2311 E Feed    : 	at com.android.internal.policy.DecorView.onLayout(DecorView.java:724)
11-22 13:45:34.306  2311  2311 E Feed    : 	at android.view.View.layout(View.java:17520)
11-22 13:45:34.306  2311  2311 E Feed    : 	at android.view.ViewGroup.layout(ViewGroup.java:5612)
11-22 13:45:34.306  2311  2311 E Feed    : 	at android.view.ViewRootImpl.performLayout(ViewRootImpl.java:2342)
11-22 13:45:34.306  2311  2311 E Feed    : 	at android.view.ViewRootImpl.performTraversals(ViewRootImpl.java:2069)
11-22 13:45:34.306  2311  2311 E Feed    : 	at android.view.ViewRootImpl.doTraversal(ViewRootImpl.java:1246)
11-22 13:45:34.306  2311  2311 E Feed    : 	at android.view.ViewRootImpl$TraversalRunnable.run(ViewRootImpl.java:6301)
11-22 13:45:34.306  2311  2311 E Feed    : 	at android.view.Choreographer$CallbackRecord.run(Choreographer.java:871)
11-22 13:45:34.306  2311  2311 E Feed    : 	at android.view.Choreographer.doCallbacks(Choreographer.java:683)
11-22 13:45:34.306  2311  2311 E Feed    : 	at android.view.Choreographer.doFrame(Choreographer.java:619)
11-22 13:45:34.306  2311  2311 E Feed    : 	at android.view.Choreographer$FrameDisplayEventReceiver.run(Choreographer.java:857)
11-22 13:45:34.306  2311  2311 E Feed    : 	at android.os.Handler.handleCallback(Handler.java:751)
11-22 13:45:34.306  2311  2311 E Feed    : 	at android.os.Handler.dispatchMessage(Handler.java:95)
11-22 13:45:34.306  2311  2311 E Feed    : 	at android.os.Looper.loop(Looper.java:154)
11-22 13:45:34.306  2311  2311 E Feed    : 	at android.app.ActivityThread.main(ActivityThread.java:6077)
11-22 13:45:34.306  2311  2311 E Feed    : 	at java.lang.reflect.Method.invoke(Native Method)
11-22 13:45:34.306  2311  2311 E Feed    : 	at com.android.internal.os.ZygoteInit$MethodAndArgsCaller.run(ZygoteInit.java:865)
11-22 13:45:34.306  2311  2311 E Feed    : 	at com.android.internal.os.ZygoteInit.main(ZygoteInit.java:755)
11-22 13:45:34.319  2311  2322 I art     : Background sticky concurrent mark sweep GC freed 91573(2MB) AllocSpace objects, 1(16KB) LOS objects, 30% free, 5MB/8MB, paused 5.242ms total 741.108ms
11-22 13:45:34.366  1237  1258 I ActivityManager: Displayed br.com.catbag.gifreduxsample/.ui.GifListActivity: +1s610ms
11-22 13:45:34.419  2311  2311 E Feed    : Gif{uuid=6acd2b57-02fe-4894-8105-f36b1f400b30, path=, url=, title=, watched=false, status=DOWNLOADED}
11-22 13:45:34.419  2311  2311 E Feed    : pl.droidsonroids.gif.GifIOException: GifError 101: Failed to open given input
11-22 13:45:34.419  2311  2311 E Feed    : 	at pl.droidsonroids.gif.GifInfoHandle.openFile(Native Method)
11-22 13:45:34.419  2311  2311 E Feed    : 	at pl.droidsonroids.gif.GifInfoHandle.<init>(GifInfoHandle.java:46)
11-22 13:45:34.419  2311  2311 E Feed    : 	at pl.droidsonroids.gif.GifDrawable.<init>(GifDrawable.java:124)
11-22 13:45:34.419  2311  2311 E Feed    : 	at br.com.catbag.gifreduxsample.ui.components.FeedComponent.createDrawable(FeedComponent.java:135)
11-22 13:45:34.419  2311  2311 E Feed    : 	at br.com.catbag.gifreduxsample.ui.components.FeedComponent.lambda$renderGifView$2(FeedComponent.java:122)
11-22 13:45:34.419  2311  2311 E Feed    : 	at br.com.catbag.gifreduxsample.ui.components.FeedComponent$$Lambda$2.view(Unknown Source)
11-22 13:45:34.419  2311  2311 E Feed    : 	at trikita.anvil.BaseDSL.v(BaseDSL.java:670)
11-22 13:45:34.419  2311  2311 E Feed    : 	at br.com.catbag.gifreduxsample.ui.components.FeedComponent.renderGifView(FeedComponent.java:120)
11-22 13:45:34.419  2311  2311 E Feed    : 	at br.com.catbag.gifreduxsample.ui.components.FeedComponent.lambda$null$0(FeedComponent.java:68)
