I/TestRunner( 2325): 	at android.support.test.espresso.ViewInteraction.runSynchronouslyOnUiThread(ViewInteraction.java:184)
I/TestRunner( 2325): 	at android.support.test.espresso.ViewInteraction.check(ViewInteraction.java:158)
I/TestRunner( 2325): 	at br.com.catbag.gifreduxsample.ui.giflist.GifListActivityTest.whenGifIsDownloadedTest(GifListActivityTest.java:115)
I/TestRunner( 2325): 	at java.lang.reflect.Method.invoke(Native Method)
I/TestRunner( 2325): 	at java.lang.reflect.Method.invoke(Method.java:372)
I/TestRunner( 2325): 	at org.junit.runners.model.FrameworkMethod$1.runReflectiveCall(FrameworkMethod.java:50)
I/TestRunner( 2325): 	at org.junit.internal.runners.model.ReflectiveCallable.run(ReflectiveCallable.java:12)
I/TestRunner( 2325): 	at org.junit.runners.model.FrameworkMethod.invokeExplosively(FrameworkMethod.java:47)
I/TestRunner( 2325): 	at org.junit.internal.runners.statements.InvokeMethod.evaluate(InvokeMethod.java:17)
I/TestRunner( 2325): 	at org.junit.internal.runners.statements.RunBefores.evaluate(RunBefores.java:26)
I/TestRunner( 2325): 	at org.junit.internal.runners.statements.RunAfters.evaluate(RunAfters.java:27)
I/TestRunner( 2325): 	at android.support.test.internal.statement.UiThreadStatement.evaluate(UiThreadStatement.java:55)
I/TestRunner( 2325): 	at android.support.test.rule.ActivityTestRule$ActivityStatement.evaluate(ActivityTestRule.java:270)
I/TestRunner( 2325): 	at org.junit.internal.runners.statements.FailOnTimeout$CallableStatement.call(FailOnTimeout.java:298)
I/TestRunner( 2325): 	at org.junit.internal.runners.statements.FailOnTimeout$CallableStatement.call(FailOnTimeout.java:292)
I/TestRunner( 2325): 	at java.util.concurrent.FutureTask.run(FutureTask.java:237)
I/TestRunner( 2325): 	at java.lang.Thread.run(Thread.java:818)
I/TestRunner( 2325): Caused by: junit.framework.AssertionFailedError: 'with a not null drawable' doesn't match the selected view.
I/TestRunner( 2325): Expected: with a not null drawable
I/TestRunner( 2325):      Got: "GifImageView{id=2131492949, res-name=gif_image, visibility=VISIBLE, width=432, height=480, has-focus=false, has-focusable=false, has-window-focus=true, is-clickable=false, is-enabled=true, is-focused=false, is-focusable=false, is-layout-requested=false, is-selected=false, root-is-layout-requested=false, has-input-connection=false, x=0.0, y=0.0}"
I/TestRunner( 2325): 
I/TestRunner( 2325): 	at android.support.test.espresso.matcher.ViewMatchers.assertThat(ViewMatchers.java:1053)
I/TestRunner( 2325): 	at android.support.test.espresso.assertion.ViewAssertions$2.check(ViewAssertions.java:89)
I/TestRunner( 2325): 	at android.support.test.espresso.ViewInteraction$2.run(ViewInteraction.java:170)
I/TestRunner( 2325): 	at java.util.concurrent.Executors$RunnableAdapter.call(Executors.java:422)
I/TestRunner( 2325): 	at java.util.concurrent.FutureTask.run(FutureTask.java:237)
I/TestRunner( 2325): 	at android.os.Handler.handleCallback(Handler.java:739)
I/TestRunner( 2325): 	at android.os.Handler.dispatchMessage(Handler.java:95)
I/TestRunner( 2325): 	at android.os.Looper.loop(Looper.java:135)
I/TestRunner( 2325): 	at android.app.ActivityThread.main(ActivityThread.java:5254)
I/TestRunner( 2325): 	at java.lang.reflect.Method.invoke(Native Method)
I/TestRunner( 2325): 	at java.lang.reflect.Method.invoke(Method.java:372)
I/TestRunner( 2325): 	at com.android.internal.os.ZygoteInit$MethodAndArgsCaller.run(ZygoteInit.java:903)
I/TestRunner( 2325): 	at com.android.internal.os.ZygoteInit.main(ZygoteInit.java:698)
I/TestRunner( 2325): ----- end exception -----
I/TestRunner( 2325): finished: whenGifIsDownloadedTest(br.com.catbag.gifreduxsample.ui.giflist.GifListActivityTest)
I/MonitoringInstrumentation( 2325): Activities that are still in CREATED to STOPPED: 1
I/TestRunner( 2325): started: whenPlayGifTest(br.com.catbag.gifreduxsample.ui.giflist.GifListActivityTest)
I/MonitoringInstrumentation( 2325): Activities that are still in CREATED to STOPPED: 1
E/Vold    (  922): Failed to find mounted volume for /storage/sdcard/Android/data/br.com.catbag.gifreduxsample/cache/
W/Vold    (  922): Returning OperationFailed - no handler for errno 0
W/ContextImpl( 2325): Failed to ensure directory: /storage/sdcard/Android/data/br.com.catbag.gifreduxsample/cache
E/FileUtils( 2325): 
E/FileUtils( 2325): java.io.FileNotFoundException: null/test.gif: open failed: ENOENT (No such file or directory)
E/FileUtils( 2325): 	at libcore.io.IoBridge.open(IoBridge.java:456)
E/FileUtils( 2325): 	at java.io.FileOutputStream.<init>(FileOutputStream.java:87)
E/FileUtils( 2325): 	at java.io.FileOutputStream.<init>(FileOutputStream.java:72)
E/FileUtils( 2325): 	at br.com.catbag.gifreduxsample.utils.FileUtils.createFakeGifFile(FileUtils.java:27)
E/FileUtils( 2325): 	at br.com.catbag.gifreduxsample.ui.giflist.GifListActivityTest.whenPlayGifTest(GifListActivityTest.java:156)
E/FileUtils( 2325): 	at java.lang.reflect.Method.invoke(Native Method)
E/FileUtils( 2325): 	at java.lang.reflect.Method.invoke(Method.java:372)
E/FileUtils( 2325): 	at org.junit.runners.model.FrameworkMethod$1.runReflectiveCall(FrameworkMethod.java:50)
E/FileUtils( 2325): 	at org.junit.internal.runners.model.ReflectiveCallable.run(ReflectiveCallable.java:12)
E/FileUtils( 2325): 	at org.junit.runners.model.FrameworkMethod.invokeExplosively(FrameworkMethod.java:47)
E/FileUtils( 2325): 	at org.junit.internal.runners.statements.InvokeMethod.evaluate(InvokeMethod.java:17)
E/FileUtils( 2325): 	at org.junit.internal.runners.statements.RunBefores.evaluate(RunBefores.java:26)
E/FileUtils( 2325): 	at org.junit.internal.runners.statements.RunAfters.evaluate(RunAfters.java:27)
E/FileUtils( 2325): 	at android.support.test.internal.statement.UiThreadStatement.evaluate(UiThreadStatement.java:55)
E/FileUtils( 2325): 	at android.support.test.rule.ActivityTestRule$ActivityStatement.evaluate(ActivityTestRule.java:270)
E/FileUtils( 2325): 	at org.junit.internal.runners.statements.FailOnTimeout$CallableStatement.call(FailOnTimeout.java:298)
E/FileUtils( 2325): 	at org.junit.internal.runners.statements.FailOnTimeout$CallableStatement.call(FailOnTimeout.java:292)
E/FileUtils( 2325): 	at java.util.concurrent.FutureTask.run(FutureTask.java:237)
E/FileUtils( 2325): 	at java.lang.Thread.run(Thread.java:818)
E/FileUtils( 2325): Caused by: android.system.ErrnoException: open failed: ENOENT (No such file or directory)
E/FileUtils( 2325): 	at libcore.io.Posix.open(Native Method)
E/FileUtils( 2325): 	at libcore.io.BlockGuardOs.open(BlockGuardOs.java:186)
E/FileUtils( 2325): 	at libcore.io.IoBridge.open(IoBridge.java:442)
E/FileUtils( 2325): 	... 18 more
I/DroidFlux:Dispatcher( 2325): [STARTED] dispatch of action [FAKE_REDUCE_ACTION]
I/DroidFlux:Dispatcher( 2325): [COMPLETED] dispatch of action [FAKE_REDUCE_ACTION]
I/Choreographer( 1544): Skipped 37 frames!  The application may be doing too much work on its main thread.
D/ActivityTestRule( 2325): Launching activity br.com.catbag.gifreduxsample.ui.GifListActivity
D/MonitoringInstrumentation( 2325): execStartActivity(context, ibinder, ibinder, activity, intent, int, bundle
I/ActivityManager( 1232): START u0 {flg=0x10000000 cmp=br.com.catbag.gifreduxsample/.ui.GifListActivity} from uid 10053 on display 0
V/WindowManager( 1232): addAppToken: AppWindowToken{2599bb41 token=Token{30fc3228 ActivityRecord{ea284b u0 br.com.catbag.gifreduxsample/.ui.GifListActivity t11}}} to stack=1 task=11 at 0
V/WindowManager( 1232): Adding window Window{31d91e40 u0 Starting br.com.catbag.gifreduxsample} at 3 of 6 (after Window{2b605636 u0 br.com.catbag.gifreduxsample/br.com.catbag.gifreduxsample.ui.GifListActivity EXITING})
D/LifecycleMonitor( 2325): Lifecycle status change: br.com.catbag.gifreduxsample.ui.GifListActivity@10bbed71 in: STOPPED
D/LifecycleMonitor( 2325): Lifecycle status change: br.com.catbag.gifreduxsample.ui.GifListActivity@10bbed71 in: DESTROYED
I/Choreographer( 1544): Skipped 50 frames!  The application may be doing too much work on its main thread.
D/LifecycleMonitor( 2325): Lifecycle status change: br.com.catbag.gifreduxsample.ui.GifListActivity@11082a53 in: PRE_ON_CREATE
D/LifecycleMonitor( 2325): Lifecycle status change: br.com.catbag.gifreduxsample.ui.GifListActivity@11082a53 in: CREATED
D/LifecycleMonitor( 2325): Lifecycle status change: br.com.catbag.gifreduxsample.ui.GifListActivity@11082a53 in: STARTED
I/DroidFlux:Dispatcher( 2325): [STARTED] dispatch of action [APP_STATE_LOAD]
D/DroidFlux:Dispatcher( 2325): An action of type [APP_STATE_LOAD] was dispatched, but no reducer handled it
I/DroidFlux:Dispatcher( 2325): [COMPLETED] dispatch of action [APP_STATE_LOAD]
D/LifecycleMonitor( 2325): Lifecycle status change: br.com.catbag.gifreduxsample.ui.GifListActivity@11082a53 in: RESUMED
V/WindowManager( 1232): Adding window Window{69548ca u0 br.com.catbag.gifreduxsample/br.com.catbag.gifreduxsample.ui.GifListActivity} at 2 of 6 (before Window{31d91e40 u0 Starting br.com.catbag.gifreduxsample})
E/Feed    ( 2325): Gif{uuid=04d211e4-48ca-4dbf-b9a5-902ab263b16e, path=/null/test.gif, url=, title=, watched=false, status=DOWNLOADED}
E/Feed    ( 2325): pl.droidsonroids.gif.GifIOException: GifError 101: Failed to open given input
E/Feed    ( 2325): 	at pl.droidsonroids.gif.GifInfoHandle.openFile(Native Method)
E/Feed    ( 2325): 	at pl.droidsonroids.gif.GifInfoHandle.<init>(GifInfoHandle.java:46)
E/Feed    ( 2325): 	at pl.droidsonroids.gif.GifDrawable.<init>(GifDrawable.java:124)
E/Feed    ( 2325): 	at br.com.catbag.gifreduxsample.ui.components.FeedComponent.createDrawable(FeedComponent.java:104)
E/Feed    ( 2325): 	at br.com.catbag.gifreduxsample.ui.components.FeedComponent.lambda$renderGifView$2(FeedComponent.java:90)
E/Feed    ( 2325): 	at br.com.catbag.gifreduxsample.ui.components.FeedComponent$$Lambda$2.view(Unknown Source)
E/Feed    ( 2325): 	at trikita.anvil.BaseDSL.v(BaseDSL.java:670)
E/Feed    ( 2325): 	at br.com.catbag.gifreduxsample.ui.components.FeedComponent.renderGifView(FeedComponent.java:88)
E/Feed    ( 2325): 	at br.com.catbag.gifreduxsample.ui.components.FeedComponent.lambda$null$0(FeedComponent.java:55)
E/Feed    ( 2325): 	at br.com.catbag.gifreduxsample.ui.components.FeedComponent$$Lambda$3.view(Unknown Source)
E/Feed    ( 2325): 	at br.com.catbag.gifreduxsample.ui.components.GifsAdapter.view(GifsAdapter.java:55)
E/Feed    ( 2325): 	at trikita.anvil.RenderableRecyclerViewAdapter$1.view(RenderableRecyclerViewAdapter.java:24)
E/Feed    ( 2325): 	at trikita.anvil.Anvil$Mount.render(Anvil.java:204)
E/Feed    ( 2325): 	at trikita.anvil.Anvil.render(Anvil.java:173)
E/Feed    ( 2325): 	at trikita.anvil.RenderableRecyclerViewAdapter.onBindViewHolder(RenderableRecyclerViewAdapter.java:27)
E/Feed    ( 2325): 	at trikita.anvil.RenderableRecyclerViewAdapter.onBindViewHolder(RenderableRecyclerViewAdapter.java:7)
E/Feed    ( 2325): 	at android.support.v7.widget.RecyclerView$Adapter.onBindViewHolder(RecyclerView.java:5768)
E/Feed    ( 2325): 	at android.support.v7.widget.RecyclerView$Adapter.bindViewHolder(RecyclerView.java:5801)
E/Feed    ( 2325): 	at android.support.v7.widget.RecyclerView$Recycler.getViewForPosition(RecyclerView.java:5037)
E/Feed    ( 2325): 	at android.support.v7.widget.RecyclerView$Recycler.getViewForPosition(RecyclerView.java:4913)
E/Feed    ( 2325): 	at android.support.v7.widget.LinearLayoutManager$LayoutState.next(LinearLayoutManager.java:2029)
E/Feed    ( 2325): 	at android.support.v7.widget.LinearLayoutManager.layoutChunk(LinearLayoutManager.java:1414)
E/Feed    ( 2325): 	at android.support.v7.widget.LinearLayoutManager.fill(LinearLayoutManager.java:1377)
E/Feed    ( 2325): 	at android.support.v7.widget.LinearLayoutManager.onLayoutChildren(LinearLayoutManager.java:578)
E/Feed    ( 2325): 	at android.support.v7.widget.RecyclerView.dispatchLayoutStep2(RecyclerView.java:3260)
E/Feed    ( 2325): 	at android.support.v7.widget.RecyclerView.dispatchLayout(RecyclerView.java:3069)
E/Feed    ( 2325): 	at android.support.v7.widget.RecyclerView.onLayout(RecyclerView.java:3518)
E/Feed    ( 2325): 	at android.view.View.layout(View.java:15671)
E/Feed    ( 2325): 	at android.view.ViewGroup.layout(ViewGroup.java:5038)
E/Feed    ( 2325): 	at android.widget.FrameLayout.layoutChildren(FrameLayout.java:579)
E/Feed    ( 2325): 	at android.widget.FrameLayout.onLayout(FrameLayout.java:514)
E/Feed    ( 2325): 	at android.view.View.layout(View.java:15671)
E/Feed    ( 2325): 	at android.view.ViewGroup.layout(ViewGroup.java:5038)
E/Feed    ( 2325): 	at android.widget.RelativeLayout.onLayout(RelativeLayout.java:1076)
E/Feed    ( 2325): 	at android.view.View.layout(View.java:15671)
E/Feed    ( 2325): 	at android.view.ViewGroup.layout(ViewGroup.java:5038)
E/Feed    ( 2325): 	at android.widget.FrameLayout.layoutChildren(FrameLayout.java:579)
E/Feed    ( 2325): 	at android.widget.FrameLayout.onLayout(FrameLayout.java:514)
E/Feed    ( 2325): 	at android.view.View.layout(View.java:15671)
E/Feed    ( 2325): 	at android.view.ViewGroup.layout(ViewGroup.java:5038)
E/Feed    ( 2325): 	at android.support.v7.widget.ActionBarOverlayLayout.onLayout(ActionBarOverlayLayout.java:435)
E/Feed    ( 2325): 	at android.view.View.layout(View.java:15671)
E/Feed    ( 2325): 	at android.view.ViewGroup.layout(ViewGroup.java:5038)
E/Feed    ( 2325): 	at android.widget.FrameLayout.layoutChildren(FrameLayout.java:579)
E/Feed    ( 2325): 	at android.widget.FrameLayout.onLayout(FrameLayout.java:514)
E/Feed    ( 2325): 	at android.view.View.layout(View.java:15671)
E/Feed    ( 2325): 	at android.view.ViewGroup.layout(ViewGroup.java:5038)
E/Feed    ( 2325): 	at android.widget.LinearLayout.setChildFrame(LinearLayout.java:1703)
E/Feed    ( 2325): 	at android.widget.LinearLayout.layoutVertical(LinearLayout.java:1557)
E/Feed    ( 2325): 	at android.widget.LinearLayout.onLayout(LinearLayout.java:1466)
E/Feed    ( 2325): 	at android.view.View.layout(View.java:15671)
E/Feed    ( 2325): 	at android.view.ViewGroup.layout(ViewGroup.java:5038)
E/Feed    ( 2325): 	at android.widget.FrameLayout.layoutChildren(FrameLayout.java:579)
E/Feed    ( 2325): 	at android.widget.FrameLayout.o
I/ActivityManager( 1232): Displayed br.com.catbag.gifreduxsample/.ui.GifListActivity: +299ms (total +1s131ms)
I/ViewInteraction( 2325): Performing 'single click' action on view with id: br.com.catbag.gifreduxsample:id/gif_image
W/IInputConnectionWrapper( 1747): showStatusIcon on inactive InputConnection
E/IdlingResourceRegistry( 2325): Attempted to register resource with same names: Class. R1: br.com.catbag.gifreduxsample.lockers.AnvilTestLocker@28991584 R2: br.com.catbag.gifreduxsample.lockers.AnvilTestLocker@288f62a9.
E/IdlingResourceRegistry( 2325): Duplicate resource registration will be ignored.
D/gralloc (  923): Registering a buffer in the process that created it. This may cause memory ordering problems.
E/libEGL  (  923): called unimplemented OpenGL ES API
E/SurfaceFlinger(  923): glCheckFramebufferStatusOES error 1410954716
E/SurfaceFlinger(  923): got GL_FRAMEBUFFER_COMPLETE_OES error while taking screenshot
W/WindowManager( 1232): Screenshot failure taking screenshot for (480x800) to layer 22010
D/LifecycleMonitor( 2325): Lifecycle status change: br.com.catbag.gifreduxsample.ui.GifListActivity@11082a53 in: PAUSED
I/TestRunner( 2325): failed: whenPlayGifTest(br.com.catbag.gifreduxsample.ui.giflist.GifListActivityTest)
I/TestRunner( 2325): ----- begin exception -----
I/TestRunner( 2325): java.lang.NullPointerException: Attempt to invoke virtual method 'boolean pl.droidsonroids.gif.GifDrawable.isPlaying()' on a null object reference
I/TestRunner( 2325): 	at br.com.catbag.gifreduxsample.matchers.Matchers$2.matchesSafely(Matchers.java:45)
I/TestRunner( 2325): 	at br.com.catbag.gifreduxsample.matchers.Matchers$2.matchesSafely(Matchers.java:41)
I/TestRunner( 2325): 	at android.support.test.espresso.matcher.BoundedMatcher.matches(BoundedMatcher.java:73)
I/TestRunner( 2325): 	at android.support.test.espresso.matcher.ViewMatchers.assertThat(ViewMatchers.java:1041)
I/TestRunner( 2325): 	at android.support.test.espresso.assertion.ViewAssertions$2.check(ViewAssertions.java:89)
I/TestRunner( 2325): 	at android.support.test.espresso.ViewInteraction$2.run(ViewInteraction.java:170)
I/TestRunner( 2325): 	at java.util.concurrent.Executors$RunnableAdapter.call(Executors.java:422)
I/TestRunner( 2325): 	at java.util.concurrent.FutureTask.run(FutureTask.java:237)
I/TestRunner( 2325): 	at android.os.Handler.handleCallback(Handler.java:739)
I/TestRunner( 2325): 	at android.os.Handler.dispatchMessage(Handler.java:95)
I/TestRunner( 2325): 	at android.os.Looper.loop(Looper.java:135)
I/TestRunner( 2325): 	at android.app.ActivityThread.main(ActivityThread.java:5254)
I/TestRunner( 2325): 	at java.lang.reflect.Method.invoke(Native Method)
I/TestRunner( 2325): 	at java.lang.reflect.Method.invoke(Method.java:372)
I/TestRunner( 2325): 	at com.android.internal.os.ZygoteInit$MethodAndArgsCaller.run(ZygoteInit.java:903)
I/TestRunner( 2325): 	at com.android.internal.os.ZygoteInit.main(ZygoteInit.java:698)
I/TestRunner( 2325): ----- end exception -----
I/TestRunner( 2325): finished: whenPlayGifTest(br.com.catbag.gifreduxsample.ui.giflist.GifListActivityTest)
I/MonitoringInstrumentation( 2325): Activities that are still in CREATED to STOPPED: 1
I/TestRunner( 2325): started: whenGifDownloadFailTest(br.com.catbag.gifreduxsample.ui.giflist.GifListActivityTest)
I/MonitoringInstrumentation( 2325): Activities that are still in CREATED to STOPPED: 1
I/DroidFlux:Dispatcher( 2325): [STARTED] dispatch of action [FAKE_REDUCE_ACTION]
I/DroidFlux:Dispatcher( 2325): [COMPLETED] dispatch of action [FAKE_REDUCE_ACTION]
D/ActivityTestRule( 2325): Launching activity br.com.catbag.gifreduxsample.ui.GifListActivity
D/MonitoringInstrumentation( 2325): execStartActivity(context, ibinder, ibinder, activity, intent, int, bundle
I/ActivityManager( 1232): START u0 {flg=0x10000000 cmp=br.com.catbag.gifreduxsample/.ui.GifListActivity} from uid 10053 on display 0
V/WindowManager( 1232): addAppToken: AppWindowToken{30a78f04 token=Token{10bfbf17 ActivityRecord{16272796 u0 br.com.catbag.gifreduxsample/.ui.GifListActivity t12}}} to stack=1 task=12 at 0
V/WindowManager( 1232): Adding window Window{d257a0f u0 Starting br.com.catbag.gifreduxsample} at 3 of 6 (after Window{69548ca u0 br.com.catbag.gifreduxsample/br.com.catbag.gifreduxsample.ui.GifListActivity})
V/WindowManager( 1232): Layouts looping: On entry to LockedInner, mPendingLayoutChanges = 0x4
V/WindowManager( 1232): Layouts looping: loop number 4, mPendingLayoutChanges = 0x0
V/WindowManager( 1232): Layouts looping: after finishPostLayoutPolicyLw, mPendingLayoutChanges = 0x0
V/WindowManager( 1232): Layouts looping: wallpaper and commitFinishDrawingLocked true, mPendingLayoutChanges = 0x4
V/WindowManager( 1232): Layouts looping: WallpaperMayChange, mPendingLayoutChanges = 0x4
V/WindowManager( 1232): Layouts looping: On entry to LockedInner, mPendingLayoutChanges = 0x4
V/WindowManager( 1232): Layouts looping: loop number 5, mPendingLayoutChanges = 0x0
V/WindowManager( 1232): Layouts looping: after finishPostLayoutPolicyLw, mPendingLayoutChanges = 0x0
V/WindowManager( 1232): Layouts looping: wallpaper and commitFinishDrawingLocked true, mPendingLayoutChanges = 0x4
V/WindowManager( 1232): Layouts looping: WallpaperMayChange, mPendingLayoutChanges = 0x4
E/WindowManager( 1232): Performed 6 layouts in a row. Skipping
V/WindowManager( 1232): Layouts looping: On entry to LockedInner, mPendingLayoutChanges = 0x4
V/WindowManager( 1232): Layouts looping: loop number 4, mPendingLayoutChanges = 0x0
V/WindowManager( 1232): Layouts looping: wallpaper and commitFinishDrawingLocked true, mPendingLayoutChanges = 0x4
V/WindowManager( 1232): Layouts looping: after handleAppTransitionReadyLocked, mPendingLayoutChanges = 0x4
V/WindowManager( 1232): Layouts looping: WallpaperMayChange, mPendingLayoutChanges = 0x4
V/WindowManager( 1232): Layouts looping: On entry to LockedInner, mPendingLayoutChanges = 0x4
V/WindowManager( 1232): Layouts looping: loop number 5, mPendingLayoutChanges = 0x0
V/WindowManager( 1232): Layouts looping: after finishPostLayoutPolicyLw, mPendingLayoutChanges = 0x0
V/WindowManager( 1232): Layouts looping: wallpaper and commitFinishDrawingLocked true, mPendingLayoutChanges = 0x4
V/WindowManager( 1232): Layouts looping: after handleAppTransitionReadyLocked, mPendingLayoutChanges = 0x4
V/WindowManager( 1232): Layouts looping: WallpaperMayChange, mPendingLayoutChanges = 0x4
E/WindowManager( 1232): Performed 6 layouts in a row. Skipping
D/LifecycleMonitor( 2325): Lifecycle status change: br.com.catbag.gifreduxsample.ui.GifListActivity@318b911c in: PRE_ON_CREATE
D/LifecycleMonitor( 2325): Lifecycle status change: br.com.catbag.gifreduxsample.ui.GifListActivity@318b911c in: CREATED
D/LifecycleMonitor( 2325): Lifecycle status change: br.com.catbag.gifreduxsample.ui.GifListActivity@318b911c in: STARTED
D/LifecycleMonitor( 2325): Lifecycle status change: br.com.catbag.gifreduxsample.ui.GifListActivity@318b911c in: RESUMED
I/DroidFlux:Dispatcher( 2325): [STARTED] dispatch of action [APP_STATE_LOAD]
V/WindowManager( 1232): Adding window Window{1f262ca5 u0 br.com.catbag.gifreduxsample/br.com.catbag.gifreduxsample.ui.GifListActivity} at 3 of 7 (before Window{d257a0f u0 Starting br.com.catbag.gifreduxsample})
D/LifecycleMonitor( 2325): Lifecycle status change: br.com.catbag.gifreduxsample.ui.GifListActivity@11082a53 in: STOPPED
D/LifecycleMonitor( 2325): Lifecycle status change: br.com.catbag.gifreduxsample.ui.GifListActivity@11082a53 in: DESTROYED
V/WindowManager( 1232): Layouts looping: On entry to LockedInner, mPendingLayoutChanges = 0x4
V/WindowManager( 1232): Layouts looping: loop number 4, mPendingLayoutChanges = 0x0
V/WindowManager( 1232): Layouts looping: after finishPostLayoutPolicyLw, mPendingLayoutChanges = 0x0
V/WindowManager( 1232): Layouts looping: wallpaper and commitFinishDrawingLocked true, mPendingLayoutChanges = 0x4
V/WindowManager( 1232): Layouts looping: after handleAppTransitionReadyLocked, mPendingLayoutChanges = 0x4
D/DroidFlux:Dispatcher( 2325): An action of type [APP_STATE_LOAD] was dispatched, but no reducer handled it
I/DroidFlux:Dispatcher( 2325): [COMPLETED] dispatch of action [APP_STATE_LOAD]
V/WindowManager( 1232): Layouts looping: WallpaperMayChange, mPendingLayoutChanges = 0x4
V/WindowManager( 1232): Layouts looping: On entry to LockedInner, mPendingLayoutChanges = 0x4
V/WindowManager( 1232): Layouts looping: loop number 5, mPendingLayoutChanges = 0x0
V/WindowManager( 1232): Layouts looping: after finishPostLayoutPolicyLw, mPendingLayoutChanges = 0x0
V/WindowManager( 1232): Layouts looping: wallpaper and commitFinishDrawingLocked true, mPendingLayoutChanges = 0x4
V/WindowManager( 1232): Layouts looping: after handleAppTransitionReadyLocked, mPendingLayoutChanges = 0x4
V/WindowManager( 1232): Layouts looping: WallpaperMayChange, mPendingLayoutChanges = 0x4
E/WindowManager( 1232): Performed 6 layouts in a row. Skipping
V/WindowManager( 1232): Layouts looping: On entry to LockedInner, mPendingLayoutChanges = 0x4
V/WindowManager( 1232): Layouts looping: loop number 4, mPendingLayoutChanges = 0x0
V/WindowManager( 1232): Layouts looping: after finishPostLayoutPolicyLw, mPendingLayoutChanges = 0x0
V/WindowManager( 1232): Layouts looping: wallpaper and commitFinishDrawingLocked true, mPendingLayoutChanges = 0x4
V/WindowManager( 1232): Layouts looping: after handleAppTransitionReadyLocked, mPendingLayoutChanges = 0x4
V/WindowManager( 1232): Layouts looping: WallpaperMayChange, mPendingLayoutChanges = 0x4
V/WindowManager( 1232): Layouts looping: On entry to LockedInner, mPendingLayoutChanges = 0x4
V/WindowManager( 1232): Layouts looping: loop number 5, mPendingLayoutChanges = 0x0
V/WindowManager( 1232): Layouts looping: after finishPostLayoutPolicyLw, mPendingLayoutChanges = 0x0
V/WindowManager( 1232): Layouts looping: wallpaper and commitFinishDrawingLocked true, mPendingLayoutChanges = 0x4
V/WindowManager( 1232): Layouts looping: after handleAppTransitionReadyLocked, mPendingLayoutChanges = 0x4
V/WindowManager( 1232): Layouts looping: WallpaperMayChange, mPendingLayoutChanges = 0x4
E/WindowManager( 1232): Performed 6 layouts in a row. Skipping
V/WindowManager( 1232): Layouts looping: On entry to LockedInner, mPendingLayoutChanges = 0x4
V/WindowManager( 1232): Layouts looping: loop number 4, mPendingLayoutChanges = 0x0
V/WindowManager( 1232): Layouts looping: after finishPostLayoutPolicyLw, mPendingLayoutChanges = 0x0
V/WindowManager( 1232): Layouts looping: wallpaper and commitFinishDrawingLocked true, mPendingLayoutChanges = 0x4
V/WindowManager( 1232): Layouts looping: after handleAppTransitionReadyLocked, mPendingLayoutChanges = 0x4
V/WindowManager( 1232): Layouts looping: WallpaperMayChange, mPendingLayoutChanges = 0x4
V/WindowManager( 1232): Layouts looping: On entry to LockedInner, mPendingLayoutChanges = 0x4
V/WindowManager( 1232): Layouts looping: loop number 5, mPendingLayoutChanges = 0x0
V/WindowManager( 1232): Layouts looping: after finishPostLayoutPolicyLw, mPendingLayoutChanges = 0x0
V/WindowManager( 1232): Layouts looping: wallpaper and commitFinishDrawingLocked true, mPendingLayoutChanges = 0x4
V/WindowManager( 1232): Layouts looping: after handleAppTransitionReadyLocked, mPendingLayoutChanges = 0x4
V/WindowManager( 1232): Layouts looping: WallpaperMayChange, mPendingLayoutChanges = 0x4
E/WindowManager( 1232): Performed 6 layouts in a row. Skipping
V/WindowManager( 1232): Layouts looping: On entry to LockedInner, mPendingLayoutChanges = 0x4
V/WindowManager( 1232): Layouts looping: loop number 4, mPendingLayoutChanges = 0x0
V/WindowManager( 1232): Layouts looping: after finishPostLayoutPolicyLw, mPendingLayoutChanges = 0x0
V/WindowManager( 1232): Layouts looping: wallpaper and commitFinishDrawingLocked true, mPendingLayoutChanges = 0x4
V/WindowManager( 1232): Layouts looping: after handleAppTransitionReadyLocked, mPendingLayoutChanges = 0x4
V/WindowManager( 1232): Layouts looping: WallpaperMayChange, mPendingLayoutChanges = 0x4
V/WindowManager( 1232): Layouts looping: On entry to LockedInner, mPendingLayoutChanges = 0x4
V/WindowManager( 1232): Layouts looping: loop number 5, mPendingLayoutChanges = 0x0
V/WindowManager( 1232): Layouts looping: after finishPostLayoutPolicyLw, mPendingLayoutChanges = 0x0
V/WindowManager( 1232): Layouts looping: wallpaper and commitFinishDrawingLocked true, mPendingLayoutChanges = 0x4
V/WindowManager( 1232): Layouts looping: after handleAppTransitionReadyLocked, mPendingLayoutChanges = 0x4
V/WindowManager( 1232): Layouts looping: WallpaperMayChange, mPendingLayoutChanges = 0x4
E/WindowManager( 1232): Performed 6 layouts in a row. Skipping
V/WindowManager( 1232): Layouts looping: On entry to LockedInner, mPendingLayoutChanges = 0x4
V/WindowManager( 1232): Layouts looping: loop number 4, mPendingLayoutChanges = 0x0
V/WindowManager( 1232): Layouts looping: after finishPostLayoutPolicyLw, mPendingLayoutChanges = 0x0
V/WindowManager( 1232): Layouts looping: wallpaper and commitFinishDrawingLocked true, mPendingLayoutChanges = 0x4
V/WindowManager( 1232): Layouts looping: WallpaperMayChange, mPendingLayoutChanges = 0x4
V/WindowManager( 1232): Layouts looping: On entry to LockedInner, mPendingLayoutChanges = 0x4
V/WindowManager( 1232): Layouts looping: loop number 5, mPendingLayoutChanges = 0x0
V/WindowManager( 1232): Layouts looping: after finishPostLayoutPolicyLw, mPendingLayoutChanges = 0x0
V/WindowManager( 1232): Layouts looping: wallpaper and commitFinishDrawingLocked true, mPendingLayoutChanges = 0x4
V/WindowManager( 1232): Layouts looping: WallpaperMayChange, mPendingLayoutChanges = 0x4
E/WindowManager( 1232): Performed 6 layouts in a row. Skipping
V/WindowManager( 1232): Layouts looping: On entry to LockedInner, mPendingLayoutChanges = 0x4
V/WindowManager( 1232): Layouts looping: loop number 4, mPendingLayoutChanges = 0x0
V/WindowManager( 1232): Layouts looping: after finishPostLayoutPolicyLw, mPendingLayoutChanges = 0x0
V/WindowManager( 1232): Layouts looping: wallpaper and commitFinishDrawingLocked true, mPendingLayoutChanges = 0x4
V/WindowManager( 1232): Layouts looping: WallpaperMayChange, mPendingLayoutChanges = 0x4
V/WindowManager( 1232): Layouts looping: On entry to LockedInner, mPendingLayoutChanges = 0x4
V/WindowManager( 1232): Layouts looping: loop number 5, mPendingLayoutChanges = 0x0
V/WindowManager( 1232): Layouts looping: after finishPostLayoutPolicyLw, mPendingLayoutChanges = 0x0
V/WindowManager( 1232): Layouts looping: wallpaper and commitFinishDrawingLocked true, mPendingLayoutChanges = 0x4
V/WindowManager( 1232): Layouts looping: WallpaperMayChange, mPendingLayoutChanges = 0x4
E/WindowManager( 1232): Performed 6 layouts in a row. Skipping
V/WindowManager( 1232): Layouts looping: On entry to LockedInner, mPendingLayoutChanges = 0x4
V/WindowManager( 1232): Layouts looping: loop number 4, mPendingLayoutChanges = 0x0
V/WindowManager( 1232): Layouts looping: after finishPostLayoutPolicyLw, mPendingLayoutChanges = 0x0
V/WindowManager( 1232): Layouts looping: wallpaper and commitFinishDrawingLocked true, mPendingLayoutChanges = 0x4
V/WindowManager( 1232): Layouts looping: WallpaperMayChange, mPendingLayoutChanges = 0x4
V/WindowManager( 1232): Layouts looping: On entry to LockedInner, mPendingLayoutChanges = 0x4
V/WindowManager( 1232): Layouts looping: loop number 5, mPendingLayoutChanges = 0x0
V/WindowManager( 1232): Layouts looping: after finishPostLayoutPolicyLw, mPendingLayoutChanges = 0x0
V/WindowManager( 1232): Layouts looping: wallpaper and commitFinishDrawingLocked true, mPendingLayoutChanges = 0x4
V/WindowManager( 1232): Layouts looping: WallpaperMayChange, mPendingLayoutChanges = 0x4
E/WindowManager( 1232): Performed 6 layouts in a row. Skipping
V/WindowManager( 1232): Layouts looping: On entry to LockedInner, mPendingLayoutChanges = 0x4
V/WindowManager( 1232): Layouts looping: loop number 4, mPendingLayoutChanges = 0x0
V/WindowManager( 1232): Layouts looping: after finishPostLayoutPolicyLw, mPendingLayoutChanges = 0x0
V/WindowManager( 1232): Layouts looping: wallpaper and commitFinishDrawingLocked true, mPendingLayoutChanges = 0x4
V/WindowManager( 1232): Layouts looping: WallpaperMayChange, mPendingLayoutChanges = 0x4
V/WindowManager( 1232): Layouts looping: On entry to LockedInner, mPendingLayoutChanges = 0x4
V/WindowManager( 1232): Layouts looping: loop number 5, mPendingLayoutChanges = 0x0
V/WindowManager( 1232): Layouts looping: after finishPostLayoutPolicyLw, mPendingLayoutChanges = 0x0
V/WindowManager( 1232): Layouts looping: wallpaper and commitFinishDrawingLocked true, mPendingLayoutChanges = 0x4
V/WindowManager( 1232): Layouts looping: WallpaperMayChange, mPendingLayoutChanges = 0x4
E/WindowManager( 1232): Performed 6 layouts in a row. Skipping
V/WindowManager( 1232): Layouts looping: On entry to LockedInner, mPendingLayoutChanges = 0x4
V/WindowManager( 1232): Layouts looping: loop number 4, mPendingLayoutChanges = 0x0
V/WindowManager( 1232): Layouts looping: after finishPostLayoutPolicyLw, mPendingLayoutChanges = 0x0
V/WindowManager( 1232): Layouts looping: wallpaper and commitFinishDrawingLocked true, mPendingLayoutChanges = 0x4
V/WindowManager( 1232): Layouts looping: WallpaperMayChange, mPendingLayoutChanges = 0x4
V/WindowManager( 1232): Layouts looping: On entry to LockedInner, mPendingLayoutChanges = 0x4
V/WindowManager( 1232): Layouts looping: after finishPostLayoutPolicyLw, mPendingLayoutChanges = 0x0
V/WindowManager( 1232): Layouts looping: wallpaper and commitFinishDrawingLocked true, mPendingLayoutChanges = 0x4
V/WindowManager( 1232): Layouts looping: WallpaperMayChange, mPendingLayoutChanges = 0x4
E/WindowManager( 1232): Performed 6 layouts in a row. Skipping
V/WindowManager( 1232): Layouts looping: On entry to LockedInner, mPendingLayoutChanges = 0x4
V/WindowManager( 1232): Layouts looping: loop number 4, mPendingLayoutChanges = 0x0
V/WindowManager( 1232): Layouts looping: after finishPostLayoutPolicyLw, mPendingLayoutChanges = 0x0
V/WindowManager( 1232): Layouts looping: wallpaper and commitFinishDrawingLocked true, mPendingLayoutChanges = 0x4
V/WindowManager( 1232): Layouts looping: WallpaperMayChange, mPendingLayoutChanges = 0x4
V/WindowManager( 1232): Layouts looping: On entry to LockedInner, mPendingLayoutChanges = 0x4
V/WindowManager( 1232): Layouts looping: loop number 5, mPendingLayoutChanges = 0x0
V/WindowManager( 1232): Layouts looping: after finishPostLayoutPolicyLw, mPendingLayoutChanges = 0x0
V/WindowManager( 1232): Layouts looping: wallpaper and commitFinishDrawingLocked true, mPendingLayoutChanges = 0x4
V/WindowManager( 1232): Layouts looping: WallpaperMayChange, mPendingLayoutChanges = 0x4
E/WindowManager( 1232): Performed 6 layouts in a row. Skipping
V/WindowManager( 1232): Layouts looping: On entry to LockedInner, mPendingLayoutChanges = 0x4
V/WindowManager( 1232): Layouts looping: loop number 4, mPendingLayoutChanges = 0x0
V/WindowManager( 1232): Layouts looping: after finishPostLayoutPolicyLw, mPendingLayoutChanges = 0x0
V/WindowManager( 1232): Layouts looping: wallpaper and commitFinishDrawingLocked true, mPendingLayoutChanges = 0x4
V/WindowManager( 1232): Layouts looping: WallpaperMayChange, mPendingLayoutChanges = 0x4
V/WindowManager( 1232): Layouts looping: On entry to LockedInner, mPendingLayoutChanges = 0x4
V/WindowManager( 1232): Layouts looping: loop number 5, mPendingLayoutChanges = 0x0
V/WindowManager( 1232): Layouts looping: after finishPostLayoutPolicyLw, mPendingLayoutChanges = 0x0
V/WindowManager( 1232): Layouts looping: wallpaper and commitFinishDrawingLocked true, mPendingLayoutChanges = 0x4
V/WindowManager( 1232): Layouts looping: WallpaperMayChange, mPendingLayoutChanges = 0x4
E/WindowManager( 1232): Performed 6 layouts in a row. Skipping
V/WindowManager( 1232): Layouts looping: On entry to LockedInner, mPendingLayoutChanges = 0x4
V/WindowManager( 1232): Layouts looping: loop number 4, mPendingLayoutChanges = 0x0
V/WindowManager( 1232): Layouts looping: after finishPostLayoutPolicyLw, mPendingLayoutChanges = 0x0
V/WindowManager( 1232): Layouts looping: wallpaper and commitFinishDrawingLocked true, mPendingLayoutChanges = 0x4
V/WindowManager( 1232): Layouts looping: WallpaperMayChange, mPendingLayoutChanges = 0x4
V/WindowManager( 1232): Layouts looping: On entry to LockedInner, mPendingLayoutChanges = 0x4
V/WindowManager( 1232): Layouts looping: loop number 5, mPendingLayoutChanges = 0x0
V/WindowManager( 1232): Layouts looping: after finishPostLayoutPolicyLw, mPendingLayoutChanges = 0x0
V/WindowManager( 1232): Layouts looping: wallpaper and commitFinishDrawingLocked true, mPendingLayoutChanges = 0x4
V/WindowManager( 1232): Layouts looping: WallpaperMayChange, mPendingLayoutChanges = 0x4
E/WindowManager( 1232): Performed 6 layouts in a row. Skipping
V/WindowManager( 1232): Layouts looping: On entry to LockedInner, mPendingLayoutChanges = 0x4
V/WindowManager( 1232): Layouts looping: loop number 4, mPendingLayoutChanges = 0x0
V/WindowManager( 1232): Layouts looping: after finishPostLayoutPolicyLw, mPendingLayoutChanges = 0x0
V/WindowManager( 1232): Layouts looping: wallpaper and commitFinishDrawingLocked true, mPendingLayoutChanges = 0x4
V/WindowManager( 1232): Layouts looping: WallpaperMayChange, mPendingLayoutChanges = 0x4
V/WindowManager( 1232): Layouts looping: On entry to LockedInner, mPendingLayoutChanges = 0x4
V/WindowManager( 1232): Layouts looping: loop number 5, mPendingLayoutChanges = 0x0
V/WindowManager( 1232): Layouts looping: after finishPostLayoutPolicyLw, mPendingLayoutChanges = 0x0
V/WindowManager( 1232): Layouts looping: wallpaper and commitFinishDrawingLocked true, mPendingLayoutChanges = 0x4
V/WindowManager( 1232): Layouts looping: WallpaperMayChange, mPendingLayoutChanges = 0x4
E/WindowManager( 1232): Performed 6 layouts in a row. Skipping
W/art     ( 1232): Long monitor contention event with owner method=void com.android.server.am.ActivityStackSupervisor$ActivityStackSupervisorHandler.activityIdleInternal(com.android.server.am.ActivityRecord) from ActivityStackSupervisor.java:3511 waiters=0 for 251ms
I/Choreographer( 2325): Skipped 126 frames!  The application may be doing too much work on its main thread.
D/gralloc (  923): Registering a buffer in the process that created it. This may cause memory ordering problems.
E/SurfaceFlinger(  923): glCheckFramebufferStatusOES error 1410954716
E/SurfaceFlinger(  923): got GL_FRAMEBUFFER_COMPLETE_OES error while taking screenshot
W/WindowManager( 1232): Screenshot failure taking screenshot for (480x800) to layer 22015
D/LifecycleMonitor( 2325): Lifecycle status change: br.com.catbag.gifreduxsample.ui.GifListActivity@318b911c in: PAUSED
I/TestRunner( 2325): finished: whenGifDownloadFailTest(br.com.catbag.gifreduxsample.ui.giflist.GifListActivityTest)
I/MonitoringInstrumentation( 2325): Activities that are still in CREATED to STOPPED: 1
I/TestRunner( 2325): started: whenPauseGifTest(br.com.catbag.gifreduxsample.ui.giflist.GifListActivityTest)
I/MonitoringInstrumentation( 2325): Activities that are still in CREATED to STOPPED: 1
E/Vold    (  922): Failed to find mounted volume for /storage/sdcard/Android/data/br.com.catbag.gifreduxsample/cache/
W/Vold    (  922): Returning OperationFailed - no handler for errno 0
W/ContextImpl( 2325): Failed to ensure directory: /storage/sdcard/Android/data/br.com.catbag.gifreduxsample/cache
E/FileUtils( 2325): 
E/FileUtils( 2325): java.io.FileNotFoundException: null/test.gif: open failed: ENOENT (No such file or directory)
E/FileUtils( 2325): 	at libcore.io.IoBridge.open(IoBridge.java:456)
E/FileUtils( 2325): 	at java.io.FileOutputStream.<init>(FileOutputStream.java:87)
E/FileUtils( 2325): 	at java.io.FileOutputStream.<init>(FileOutputStream.java:72)
E/FileUtils( 2325): 	at br.com.catbag.gifreduxsample.utils.FileUtils.createFakeGifFile(FileUtils.java:27)
E/FileUtils( 2325): 	at br.com.catbag.gifreduxsample.ui.giflist.GifListActivityTest.whenPauseGifTest(GifListActivityTest.java:179)
E/FileUtils( 2325): 	at java.lang.reflect.Method.invoke(Native Method)
E/FileUtils( 2325): 	at java.lang.reflect.Method.invoke(Method.java:372)
E/FileUtils( 2325): 	at org.junit.runners.model.FrameworkMethod$1.runReflectiveCall(FrameworkMethod.java:50)
E/FileUtils( 2325): 	at org.junit.internal.runners.model.ReflectiveCallable.run(ReflectiveCallable.java:12)
E/FileUtils( 2325): 	at org.junit.runners.model.FrameworkMethod.invokeExplosively(FrameworkMethod.java:47)
E/FileUtils( 2325): 	at org.junit.internal.runners.statements.InvokeMethod.evaluate(InvokeMethod.java:17)
E/FileUtils( 2325): 	at org.junit.internal.runners.statements.RunBefores.evaluate(RunBefores.java:26)
E/FileUtils( 2325): 	at org.junit.internal.runners.statements.RunAfters.evaluate(RunAfters.java:27)
E/FileUtils( 2325): 	at android.support.test.internal.statement.UiThreadStatement.evaluate(UiThreadStatement.java:55)
E/FileUtils( 2325): 	at android.support.test.rule.ActivityTestRule$ActivityStatement.evaluate(ActivityTestRule.java:270)
E/FileUtils( 2325): 	at org.junit.internal.runners.statements.FailOnTimeout$CallableStatement.call(FailOnTimeout.java:298)
E/FileUtils( 2325): 	at org.junit.internal.runners.statements.FailOnTimeout$CallableStatement.call(FailOnTimeout.java:292)
E/FileUtils( 2325): 	at java.util.concurrent.FutureTask.run(FutureTask.java:237)
E/FileUtils( 2325): 	at java.lang.Thread.run(Thread.java:818)
E/FileUtils( 2325): Caused by: android.system.ErrnoException: open failed: ENOENT (No such file or directory)
E/FileUtils( 2325): 	at libcore.io.Posix.open(Native Method)
E/FileUtils( 2325): 	at libcore.io.BlockGuardOs.open(BlockGuardOs.java:186)
E/FileUtils( 2325): 	at libcore.io.IoBridge.open(IoBridge.java:442)
E/FileUtils( 2325): 	... 18 more
I/DroidFlux:Dispatcher( 2325): [STARTED] dispatch of action [FAKE_REDUCE_ACTION]
I/DroidFlux:Dispatcher( 2325): [COMPLETED] dispatch of action [FAKE_REDUCE_ACTION]
D/LifecycleMonitor( 2325): Lifecycle status change: br.com.catbag.gifreduxsample.ui.GifListActivity@318b911c in: STOPPED
D/LifecycleMonitor( 2325): Lifecycle status change: br.com.catbag.gifreduxsample.ui.GifListActivity@318b911c in: DESTROYED
D/ActivityTestRule( 2325): Launching activity br.com.catbag.gifreduxsample.ui.GifListActivity
D/MonitoringInstrumentation( 2325): execStartActivity(context, ibinder, ibinder, activity, intent, int, bundle
I/ActivityManager( 1232): START u0 {flg=0x10000000 cmp=br.com.catbag.gifreduxsample/.ui.GifListActivity} from uid 10053 on display 0
V/WindowManager( 1232): addAppToken: AppWindowToken{3db8f1a3 token=Token{50a9cd2 ActivityRecord{75e4b5d u0 br.com.catbag.gifreduxsample/.ui.GifListActivity t13}}} to stack=1 task=13 at 0
V/WindowManager( 1232): Adding window Window{2160f42a u0 Starting br.com.catbag.gifreduxsample} at 2 of 6 (after Window{1f262ca5 u0 br.com.catbag.gifreduxsample/br.com.catbag.gifreduxsample.ui.GifListActivity EXITING})
D/LifecycleMonitor( 2325): Lifecycle status change: br.com.catbag.gifreduxsample.ui.GifListActivity@184b6d81 in: PRE_ON_CREATE
D/LifecycleMonitor( 2325): Lifecycle status change: br.com.catbag.gifreduxsample.ui.GifListActivity@184b6d81 in: CREATED
I/DroidFlux:Dispatcher( 2325): [STARTED] dispatch of action [APP_STATE_LOAD]
D/DroidFlux:Dispatcher( 2325): An action of type [APP_STATE_LOAD] was dispatched, but no reducer handled it
D/LifecycleMonitor( 2325): Lifecycle status change: br.com.catbag.gifreduxsample.ui.GifListActivity@184b6d81 in: STARTED
D/LifecycleMonitor( 2325): Lifecycle status change: br.com.catbag.gifreduxsample.ui.GifListActivity@184b6d81 in: RESUMED
V/WindowManager( 1232): Adding window Window{1e7edf64 u0 br.com.catbag.gifreduxsample/br.com.catbag.gifreduxsample.ui.GifListActivity} at 2 of 6 (before Window{2160f42a u0 Starting br.com.catbag.gifreduxsample})
I/Choreographer( 2325): Skipped 84 frames!  The application may be doing too much work on its main thread.
I/DroidFlux:Dispatcher( 2325): [COMPLETED] dispatch of action [APP_STATE_LOAD]
E/Feed    ( 2325): Gif{uuid=8b8da406-e5c2-48ce-b585-86dcddc4d280, path=/null/test.gif, url=, title=, watched=false, status=LOOPING}
E/Feed    ( 2325): pl.droidsonroids.gif.GifIOException: GifError 101: Failed to open given input
E/Feed    ( 2325): 	at pl.droidsonroids.gif.GifInfoHandle.openFile(Native Method)
E/Feed    ( 2325): 	at pl.droidsonroids.gif.GifInfoHandle.<init>(GifInfoHandle.java:46)
E/Feed    ( 2325): 	at pl.droidsonroids.gif.GifDrawable.<init>(GifDrawable.java:124)
E/Feed    ( 2325): 	at br.com.catbag.gifreduxsample.ui.components.FeedComponent.createDrawable(FeedComponent.java:104)
E/Feed    ( 2325): 	at br.com.catbag.gifreduxsample.ui.components.FeedComponent.lambda$renderGifView$2(FeedComponent.java:90)
E/Feed    ( 2325): 	at br.com.catbag.gifreduxsample.ui.components.FeedComponent$$Lambda$2.view(Unknown Source)
E/Feed    ( 2325): 	at trikita.anvil.BaseDSL.v(BaseDSL.java:670)
E/Feed    ( 2325): 	at br.com.catbag.gifreduxsample.ui.components.FeedComponent.renderGifView(FeedComponent.java:88)
E/Feed    ( 2325): 	at br.com.catbag.gifreduxsample.ui.components.FeedComponent.lambda$null$0(FeedComponent.java:55)
E/Feed    ( 2325): 	at br.com.catbag.gifreduxsample.ui.components.FeedComponent$$Lambda$3.view(Unknown Source)
E/Feed    ( 2325): 	at br.com.catbag.gifreduxsample.ui.components.GifsAdapter.view(GifsAdapter.java:55)
E/Feed    ( 2325): 	at trikita.anvil.RenderableRecyclerViewAdapter$1.view(RenderableRecyclerViewAdapter.java:24)
E/Feed    ( 2325): 	at trikita.anvil.Anvil$Mount.render(Anvil.java:204)
E/Feed    ( 2325): 	at trikita.anvil.Anvil.render(Anvil.java:173)
E/Feed    ( 2325): 	at trikita.anvil.RenderableRecyclerViewAdapter.onBindViewHolder(RenderableRecyclerViewAdapter.java:27)
E/Feed    ( 2325): 	at trikita.anvil.RenderableRecyclerViewAdapter.onBindViewHolder(RenderableRecyclerViewAdapter.java:7)
E/Feed    ( 2325): 	at android.support.v7.widget.RecyclerView$Adapter.onBindViewHolder(RecyclerView.java:5768)
E/Feed    ( 2325): 	at android.support.v7.widget.RecyclerView$Adapter.bindViewHolder(RecyclerView.java:5801)
E/Feed    ( 2325): 	at android.support.v7.widget.RecyclerView$Recycler.getViewForPosition(RecyclerView.java:5037)
E/Feed    ( 2325): 	at android.support.v7.widget.RecyclerView$Recycler.getViewForPosition(RecyclerView.java:4913)
E/Feed    ( 2325): 	at android.support.v7.widget.LinearLayoutManager$LayoutState.next(LinearLayoutManager.java:2029)
E/Feed    ( 2325): 	at android.support.v7.widget.LinearLayoutManager.layoutChunk(LinearLayoutManager.java:1414)
E/Feed    ( 2325): 	at android.support.v7.widget.LinearLayoutManager.fill(LinearLayoutManager.java:1377)
E/Feed    ( 2325): 	at android.support.v7.widget.LinearLayoutManager.onLayoutChildren(LinearLayoutManager.java:578)
E/Feed    ( 2325): 	at android.support.v7.widget.RecyclerView.dispatchLayoutStep2(RecyclerView.java:3260)
E/Feed    ( 2325): 	at android.support.v7.widget.RecyclerView.dispatchLayout(RecyclerView.java:3069)
E/Feed    ( 2325): 	at android.support.v7.widget.RecyclerView.onLayout(RecyclerView.java:3518)
E/Feed    ( 2325): 	at android.view.View.layout(View.java:15671)
E/Feed    ( 2325): 	at android.view.ViewGroup.layout(ViewGroup.java:5038)
E/Feed    ( 2325): 	at android.widget.FrameLayout.layoutChildren(FrameLayout.java:579)
E/Feed    ( 2325): 	at android.widget.FrameLayout.onLayout(FrameLayout.java:514)
E/Feed    ( 2325): 	at android.view.View.layout(View.java:15671)
E/Feed    ( 2325): 	at android.view.ViewGroup.layout(ViewGroup.java:5038)
E/Feed    ( 2325): 	at android.widget.RelativeLayout.onLayout(RelativeLayout.java:1076)
E/Feed    ( 2325): 	at android.view.View.layout(View.java:15671)
E/Feed    ( 2325): 	at android.view.ViewGroup.layout(ViewGroup.java:5038)
E/Feed    ( 2325): 	at android.widget.FrameLayout.layoutChildren(FrameLayout.java:579)
E/Feed    ( 2325): 	at android.widget.FrameLayout.onLayout(FrameLayout.java:514)
E/Feed    ( 2325): 	at android.view.View.layout(View.java:15671)
E/Feed    ( 2325): 	at android.view.ViewGroup.layout(ViewGroup.java:5038)
E/Feed    ( 2325): 	at android.support.v7.widget.ActionBarOverlayLayout.onLayout(ActionBarOverlayLayout.java:435)
E/Feed    ( 2325): 	at android.view.View.layout(View.java:15671)
E/Feed    ( 2325): 	at android.view.ViewGroup.layout(ViewGroup.java:5038)
E/Feed    ( 2325): 	at android.widget.FrameLayout.layoutChildren(FrameLayout.java:579)
E/Feed    ( 2325): 	at android.widget.FrameLayout.onLayout(FrameLayout.java:514)
E/Feed    ( 2325): 	at android.view.View.layout(View.java:15671)
E/Feed    ( 2325): 	at android.view.ViewGroup.layout(ViewGroup.java:5038)
E/Feed    ( 2325): 	at android.widget.LinearLayout.setChildFrame(LinearLayout.java:1703)
E/Feed    ( 2325): 	at android.widget.LinearLayout.layoutVertical(LinearLayout.java:1557)
E/Feed    ( 2325): 	at android.widget.LinearLayout.onLayout(LinearLayout.java:1466)
E/Feed    ( 2325): 	at android.view.View.layout(View.java:15671)
E/Feed    ( 2325): 	at android.view.ViewGroup.layout(ViewGroup.java:5038)
E/Feed    ( 2325): 	at android.widget.FrameLayout.layoutChildren(FrameLayout.java:579)
E/Feed    ( 2325): 	at android.widget.FrameLayout.onLa
I/art     ( 2325): Background sticky concurrent mark sweep GC freed 36827(2MB) AllocSpace objects, 14(219KB) LOS objects, 20% free, 7MB/9MB, paused 19.686ms total 430.301ms
I/ViewInteraction( 2325): Performing 'single click' action on view with id: br.com.catbag.gifreduxsample:id/gif_image
I/ActivityManager( 1232): Displayed br.com.catbag.gifreduxsample/.ui.GifListActivity: +523ms (total +1s658ms)
E/IdlingResourceRegistry( 2325): Attempted to register resource with same names: Class. R1: br.com.catbag.gifreduxsample.lockers.AnvilTestLocker@107ba9ba R2: br.com.catbag.gifreduxsample.lockers.AnvilTestLocker@288f62a9.
E/IdlingResourceRegistry( 2325): Duplicate resource registration will be ignored.
D/gralloc (  923): Registering a buffer in the process that created it. This may cause memory ordering problems.
E/libEGL  (  923): called unimplemented OpenGL ES API
E/SurfaceFlinger(  923): glCheckFramebufferStatusOES error 1410954716
E/SurfaceFlinger(  923): got GL_FRAMEBUFFER_COMPLETE_OES error while taking screenshot
W/WindowManager( 1232): Screenshot failure taking screenshot for (480x800) to layer 22010
D/LifecycleMonitor( 2325): Lifecycle status change: br.com.catbag.gifreduxsample.ui.GifListActivity@184b6d81 in: PAUSED
I/TestRunner( 2325): failed: whenPauseGifTest(br.com.catbag.gifreduxsample.ui.giflist.GifListActivityTest)
I/TestRunner( 2325): ----- begin exception -----
I/TestRunner( 2325): java.lang.NullPointerException: Attempt to invoke virtual method 'boolean pl.droidsonroids.gif.GifDrawable.isPlaying()' on a null object reference
I/TestRunner( 2325): 	at br.com.catbag.gifreduxsample.matchers.Matchers$2.matchesSafely(Matchers.java:45)
I/TestRunner( 2325): 	at br.com.catbag.gifreduxsample.matchers.Matchers$2.matchesSafely(Matchers.java:41)
I/TestRunner( 2325): 	at android.support.test.espresso.matcher.BoundedMatcher.matches(BoundedMatcher.java:73)
I/TestRunner( 2325): 	at org.hamcrest.core.IsNot.matches(IsNot.java:25)
I/TestRunner( 2325): 	at android.support.test.espresso.matcher.ViewMatchers.assertThat(ViewMatchers.java:1041)
I/TestRunner( 2325): 	at android.support.test.espresso.assertion.ViewAssertions$2.check(ViewAssertions.java:89)
I/TestRunner( 2325): 	at android.support.test.espresso.ViewInteraction$2.run(ViewInteraction.java:170)
I/TestRunner( 2325): 	at java.util.concurrent.Executors$RunnableAdapter.call(Executors.java:422)
I/TestRunner( 2325): 	at java.util.concurrent.FutureTask.run(FutureTask.java:237)
I/TestRunner( 2325): 	at android.os.Handler.handleCallback(Handler.java:739)
I/TestRunner( 2325): 	at android.os.Handler.dispatchMessage(Handler.java:95)
I/TestRunner( 2325): 	at android.os.Looper.loop(Looper.java:135)
I/TestRunner( 2325): 	at android.app.ActivityThread.main(ActivityThread.java:5254)
I/TestRunner( 2325): 	at java.lang.reflect.Method.invoke(Native Method)
