--------- beginning of main
D/AndroidRuntime( 2230): >>>>>> START com.android.internal.os.RuntimeInit uid 0 <<<<<<
D/AndroidRuntime( 2230): CheckJNI is ON
E/memtrack( 2230): Couldn't load memtrack module (No such file or directory)
E/android.os.Debug( 2230): failed to load memtrack module: -2
D/AndroidRuntime( 2230): Calling main entry com.android.commands.am.Am
D/AndroidRuntime( 2230): Shutting down VM
I/art     ( 2230): WaitForGcToComplete blocked for 18.635ms for cause Background
D/AndroidRuntime( 2240): >>>>>> START com.android.internal.os.RuntimeInit uid 0 <<<<<<
D/AndroidRuntime( 2240): CheckJNI is ON
E/memtrack( 2240): Couldn't load memtrack module (No such file or directory)
E/android.os.Debug( 2240): failed to load memtrack module: -2
D/AndroidRuntime( 2240): Calling main entry com.android.commands.pm.Pm
I/art     ( 2240): System.exit called, status: 0
I/AndroidRuntime( 2240): VM exiting with result code 0.
D/AndroidRuntime( 2251): >>>>>> START com.android.internal.os.RuntimeInit uid 0 <<<<<<
D/AndroidRuntime( 2251): CheckJNI is ON
E/memtrack( 2251): Couldn't load memtrack module (No such file or directory)
E/android.os.Debug( 2251): failed to load memtrack module: -2
D/AndroidRuntime( 2251): Calling main entry com.android.commands.pm.Pm
I/installd(  937): free_cache(7067055) avail 388284416
I/art     ( 2251): System.exit called, status: 0
I/AndroidRuntime( 2251): VM exiting with result code 0.
D/AndroidRuntime( 2263): >>>>>> START com.android.internal.os.RuntimeInit uid 0 <<<<<<
D/AndroidRuntime( 2263): CheckJNI is ON
E/memtrack( 2263): Couldn't load memtrack module (No such file or directory)
E/android.os.Debug( 2263): failed to load memtrack module: -2
D/AndroidRuntime( 2263): Calling main entry com.android.commands.pm.Pm
I/art     ( 1243): Background sticky concurrent mark sweep GC freed 33586(2MB) AllocSpace objects, 30(841KB) LOS objects, 22% free, 7MB/9MB, paused 4.545ms total 826.748ms
I/art     (  939): Background concurrent mark sweep GC freed 797(33KB) AllocSpace objects, 0(0B) LOS objects, 91% free, 93KB/1117KB, paused 3.009ms total 156.995ms
--------- beginning of system
I/ActivityManager( 1243): Start proc 2275:com.android.defcontainer/u0a3 for service com.android.defcontainer/.DefaultContainerService
D/PackageManager( 1243): /data/app/vmdl502671047.tmp already staged; skipping copy
I/art     ( 1243): Background partial concurrent mark sweep GC freed 39596(1734KB) AllocSpace objects, 10(358KB) LOS objects, 33% free, 6MB/10MB, paused 2.996ms total 272.292ms
D/PackageManager( 1243): Renaming /data/app/vmdl502671047.tmp to /data/app/br.com.catbag.gifreduxsample-1
I/PackageManager( 1243): Running dexopt on: /data/app/br.com.catbag.gifreduxsample-1/base.apk pkg=br.com.catbag.gifreduxsample isa=x86 vmSafeMode=false
I/dex2oat ( 2291): /system/bin/dex2oat --zip-fd=6 --zip-location=/data/app/br.com.catbag.gifreduxsample-1/base.apk --oat-fd=7 --oat-location=/data/dalvik-cache/x86/data@app@br.com.catbag.gifreduxsample-1@base.apk@classes.dex --instruction-set=x86 --instruction-set-features=default --runtime-arg -Xms64m --runtime-arg -Xmx512m --swap-fd=12
I/dex2oat ( 2291): Decided to run without swap.
W/dex2oat ( 2291): Before Android 4.1, method android.graphics.PorterDuffColorFilter android.support.graphics.drawable.VectorDrawableCompat.updateTintFilter(android.graphics.PorterDuffColorFilter, android.content.res.ColorStateList, android.graphics.PorterDuff$Mode) would have incorrectly overridden the package-private method in android.graphics.drawable.Drawable
W/dex2oat ( 2291): Before Android 4.1, method int android.support.v7.widget.ListViewCompat.lookForSelectablePosition(int, boolean) would have incorrectly overridden the package-private method in android.widget.ListView
W/dex2oat ( 2291): Verification of void org.immutables.value.internal.$processor$.meta.$StyleMirror.<init>(javax.lang.model.element.AnnotationMirror) took 663.733ms
W/dex2oat ( 2291): Verification of void org.immutables.value.internal.$processor$.meta.$StyleMirror.<init>(javax.lang.model.element.TypeElement) took 588.315ms
W/dex2oat ( 2291): Compilation of void android.support.v4.view.ViewCompat$ICSViewCompatImpl.<init>() took 107.655ms
I/dex2oat ( 2291): Method exceeds compiler instruction limit: 36517 in void org.immutables.value.internal.$processor$.$Generator_Immutables._t18__generateBuilder(org.immutables.value.internal.$generator$.$Templates$Invokation)
I/dex2oat ( 2291): dex2oat took 66.461s (threads: 1) arena alloc=1816KB java alloc=15MB native alloc=27MB free=8MB
W/PackageManager( 1243): Not granting permission android.permission.SET_DEBUG_APP to package br.com.catbag.gifreduxsample (protectionLevel=50 flags=0x48be46)
V/BackupManagerService( 1243): restoreAtInstall pkg=br.com.catbag.gifreduxsample token=1 restoreSet=0
V/BackupManagerService( 1243): Finishing install immediately
W/Settings( 1243): Setting install_non_market_apps has moved from android.provider.Settings.Global to android.provider.Settings.Secure, returning read-only value.
I/InputReader( 1243): Reconfiguring input devices.  changes=0x00000010
D/BackupManagerService( 1243): Received broadcast Intent { act=android.intent.action.PACKAGE_ADDED dat=package:br.com.catbag.gifreduxsample flg=0x4000010 (has extras) }
I/ActivityManager( 1243): Start proc 2293:com.svox.pico/u0a38 for broadcast com.svox.pico/.VoiceDataInstallerReceiver
I/art     ( 1243): Explicit concurrent mark sweep GC freed 36357(2047KB) AllocSpace objects, 16(482KB) LOS objects, 33% free, 6MB/9MB, paused 7.709ms total 1.000s
I/art     ( 2263): System.exit called, status: 0
I/AndroidRuntime( 2263): VM exiting with result code 0.
D/AndroidRuntime( 2309): >>>>>> START com.android.internal.os.RuntimeInit uid 0 <<<<<<
D/AndroidRuntime( 2309): CheckJNI is ON
E/memtrack( 2309): Couldn't load memtrack module (No such file or directory)
E/android.os.Debug( 2309): failed to load memtrack module: -2
D/AndroidRuntime( 2309): Calling main entry com.android.commands.pm.Pm
I/art     ( 2309): System.exit called, status: 0
I/AndroidRuntime( 2309): VM exiting with result code 0.
D/AndroidRuntime( 2319): >>>>>> START com.android.internal.os.RuntimeInit uid 0 <<<<<<
D/AndroidRuntime( 2319): CheckJNI is ON
E/memtrack( 2319): Couldn't load memtrack module (No such file or directory)
E/android.os.Debug( 2319): failed to load memtrack module: -2
D/AndroidRuntime( 2319): Calling main entry com.android.commands.pm.Pm
I/installd(  937): free_cache(2038452) avail 356286464
I/art     ( 2319): System.exit called, status: 0
I/AndroidRuntime( 2319): VM exiting with result code 0.
D/AndroidRuntime( 2331): >>>>>> START com.android.internal.os.RuntimeInit uid 0 <<<<<<
D/AndroidRuntime( 2331): CheckJNI is ON
W/VoiceInteractionManagerService( 1243): no available voice recognition services found for user 0
E/memtrack( 2331): Couldn't load memtrack module (No such file or directory)
E/android.os.Debug( 2331): failed to load memtrack module: -2
D/AndroidRuntime( 2331): Calling main entry com.android.commands.pm.Pm
D/PackageManager( 1243): /data/app/vmdl331076416.tmp already staged; skipping copy
D/PackageManager( 1243): Renaming /data/app/vmdl331076416.tmp to /data/app/br.com.catbag.gifreduxsample.test-1
I/PackageManager( 1243): Running dexopt on: /data/app/br.com.catbag.gifreduxsample.test-1/base.apk pkg=br.com.catbag.gifreduxsample.test isa=x86 vmSafeMode=false
I/dex2oat ( 2342): /system/bin/dex2oat --zip-fd=6 --zip-location=/data/app/br.com.catbag.gifreduxsample.test-1/base.apk --oat-fd=7 --oat-location=/data/dalvik-cache/x86/data@app@br.com.catbag.gifreduxsample.test-1@base.apk@classes.dex --instruction-set=x86 --instruction-set-features=default --runtime-arg -Xms64m --runtime-arg -Xmx512m --swap-fd=12
I/dex2oat ( 2342): Decided to run without swap.
I/dex2oat ( 2342): dex2oat took 31.028s (threads: 1) arena alloc=533KB java alloc=6MB native alloc=12MB free=7MB
V/BackupManagerService( 1243): restoreAtInstall pkg=br.com.catbag.gifreduxsample.test token=2 restoreSet=0
V/BackupManagerService( 1243): Finishing install immediately
I/InputReader( 1243): Reconfiguring input devices.  changes=0x00000010
W/Settings( 1243): Setting install_non_market_apps has moved from android.provider.Settings.Global to android.provider.Settings.Secure, returning read-only value.
D/BackupManagerService( 1243): Received broadcast Intent { act=android.intent.action.PACKAGE_ADDED dat=package:br.com.catbag.gifreduxsample.test flg=0x4000010 (has extras) }
W/VoiceInteractionManagerService( 1243): no available voice recognition services found for user 0
I/art     ( 1243): Explicit concurrent mark sweep GC freed 16178(1174KB) AllocSpace objects, 12(192KB) LOS objects, 33% free, 6MB/9MB, paused 27.221ms total 277.889ms
I/art     ( 2331): System.exit called, status: 0
I/AndroidRuntime( 2331): VM exiting with result code 0.
D/AndroidRuntime( 2345): >>>>>> START com.android.internal.os.RuntimeInit uid 0 <<<<<<
D/AndroidRuntime( 2345): CheckJNI is ON
E/memtrack( 2345): Couldn't load memtrack module (No such file or directory)
E/android.os.Debug( 2345): failed to load memtrack module: -2
D/AndroidRuntime( 2345): Calling main entry com.android.commands.am.Am
I/ActivityManager( 1243): Force stopping br.com.catbag.gifreduxsample appid=10053 user=0: start instr
I/ActivityManager( 1243): Start proc 2355:br.com.catbag.gifreduxsample/u0a53 for added application br.com.catbag.gifreduxsample
I/art     ( 2355): Not late-enabling -Xcheck:jni (already on)
I/art     ( 2355): Background sticky concurrent mark sweep GC freed 1575(81KB) AllocSpace objects, 0(0B) LOS objects, 2% free, 1091KB/1117KB, paused 5.063ms total 60.021ms
W/System.err( 2355): java.io.FileNotFoundException: /jacoco.exec: open failed: EROFS (Read-only file system)
W/System.err( 2355): 	at libcore.io.IoBridge.open(IoBridge.java:456)
W/System.err( 2355): 	at java.io.FileOutputStream.<init>(FileOutputStream.java:87)
W/System.err( 2355): 	at org.jacoco.agent.rt.internal_e6e56f0.output.FileOutput.openFile(FileOutput.java:67)
W/System.err( 2355): 	at org.jacoco.agent.rt.internal_e6e56f0.output.FileOutput.startup(FileOutput.java:49)
W/System.err( 2355): 	at org.jacoco.agent.rt.internal_e6e56f0.Agent.startup(Agent.java:122)
W/System.err( 2355): 	at org.jacoco.agent.rt.internal_e6e56f0.Agent.getInstance(Agent.java:50)
W/System.err( 2355): 	at org.jacoco.agent.rt.internal_e6e56f0.Offline.<clinit>(Offline.java:31)
W/System.err( 2355): 	at br.com.catbag.gifreduxsample.MyApp.$jacocoInit(MyApp.java)
W/System.err( 2355): 	at br.com.catbag.gifreduxsample.MyApp.<clinit>(MyApp.java)
W/System.err( 2355): 	at java.lang.reflect.Constructor.newInstance(Native Method)
W/System.err( 2355): 	at java.lang.Class.newInstance(Class.java:1606)
W/System.err( 2355): 	at android.app.Instrumentation.newApplication(Instrumentation.java:995)
W/System.err( 2355): 	at android.app.Instrumentation.newApplication(Instrumentation.java:980)
W/System.err( 2355): 	at android.app.LoadedApk.makeApplication(LoadedApk.java:558)
W/System.err( 2355): 	at android.app.ActivityThread.handleBindApplication(ActivityThread.java:4526)
W/System.err( 2355): 	at android.app.ActivityThread.access$1500(ActivityThread.java:151)
W/System.err( 2355): 	at android.app.ActivityThread$H.handleMessage(ActivityThread.java:1364)
W/System.err( 2355): 	at android.os.Handler.dispatchMessage(Handler.java:102)
W/System.err( 2355): 	at android.os.Looper.loop(Looper.java:135)
W/System.err( 2355): 	at android.app.ActivityThread.main(ActivityThread.java:5254)
W/System.err( 2355): 	at java.lang.reflect.Method.invoke(Native Method)
W/System.err( 2355): 	at com.android.internal.os.ZygoteInit$MethodAndArgsCaller.run(ZygoteInit.java:903)
W/System.err( 2355): 	at com.android.internal.os.ZygoteInit.main(ZygoteInit.java:698)
W/System.err( 2355): Caused by: android.system.ErrnoException: open failed: EROFS (Read-only file system)
W/System.err( 2355): 	at libcore.io.Posix.open(Native Method)
W/System.err( 2355): 	at libcore.io.BlockGuardOs.open(BlockGuardOs.java:186)
W/System.err( 2355): 	at libcore.io.IoBridge.open(IoBridge.java:442)
W/System.err( 2355): 	... 23 more
I/MonitoringInstrumentation( 2355): Instrumentation Started!
I/art     ( 2355): Background partial concurrent mark sweep GC freed 973(90KB) AllocSpace objects, 0(0B) LOS objects, 45% free, 1234KB/2MB, paused 4.296ms total 101.515ms
I/MonitoringInstrumentation( 2355): Setting context classloader to 'dalvik.system.PathClassLoader[DexPathList[[zip file "/system/framework/android.test.runner.jar", zip file "/data/app/br.com.catbag.gifreduxsample.test-1/base.apk", zip file "/data/app/br.com.catbag.gifreduxsample-1/base.apk"],nativeLibraryDirectories=[/data/app/br.com.catbag.gifreduxsample-1/lib/x86, /vendor/lib, /system/lib]]]', Original: 'dalvik.system.PathClassLoader[DexPathList[[zip file "/system/framework/android.test.runner.jar", zip file "/data/app/br.com.catbag.gifreduxsample.test-1/base.apk", zip file "/data/app/br.com.catbag.gifreduxsample-1/base.apk"],nativeLibraryDirectories=[/data/app/br.com.catbag.gifreduxsample-1/lib/x86, /vendor/lib, /system/lib]]]'
I/MonitoringInstrumentation( 2355): No JSBridge.
I/UsageTrackerFacilitator( 2355): Usage tracking enabled
I/TestRequestBuilder( 2355): Scanning classpath to find tests in apks [/data/app/br.com.catbag.gifreduxsample.test-1/base.apk]
I/art     ( 2355): Background sticky concurrent mark sweep GC freed 98373(3MB) AllocSpace objects, 0(0B) LOS objects, 0% free, 14MB/14MB, paused 3.469ms total 407.637ms
I/art     ( 2355): Rejecting re-init on previously-failed class java.lang.Class<org.objectweb.asm.commons.JSRInlinerAdapter>
I/art     ( 2355): Rejecting re-init on previously-failed class java.lang.Class<org.objectweb.asm.commons.JSRInlinerAdapter>
E/TestLoader( 2355): Could not find class: org.objectweb.asm.commons.JSRInlinerAdapter
I/art     ( 2355): Rejecting re-init on previously-failed class java.lang.Class<org.objectweb.asm.commons.TryCatchBlockSorter>
I/art     ( 2355): Rejecting re-init on previously-failed class java.lang.Class<org.objectweb.asm.commons.TryCatchBlockSorter>
E/TestLoader( 2355): Could not find class: org.objectweb.asm.commons.TryCatchBlockSorter
D/TestExecutor( 2355): Adding listener android.support.test.internal.runner.listener.LogRunListener
D/TestExecutor( 2355): Adding listener android.support.test.internal.runner.listener.InstrumentationResultPrinter
D/TestExecutor( 2355): Adding listener android.support.test.internal.runner.listener.ActivityFinisherRunListener
D/TestExecutor( 2355): Adding listener android.support.test.internal.runner.listener.CoverageListener
I/TestRunner( 2355): run started: 15 tests
I/TestRunner( 2355): started: whenAppStateSavedSeveralTime(br.com.catbag.gifreduxsample.asyncs.data.DataManagerTest)
I/MonitoringInstrumentation( 2355): Activities that are still in CREATED to STOPPED: 0
I/art     ( 2355): Background partial concurrent mark sweep GC freed 290752(11MB) AllocSpace objects, 0(0B) LOS objects, 40% free, 4MB/7MB, paused 3.614ms total 398.829ms
W/Java7Support( 2355): Unable to load JDK7 types (annotations, java.nio.file.Path): no Java7 support added
I/TestRunner( 2355): finished: whenAppStateSavedSeveralTime(br.com.catbag.gifreduxsample.asyncs.data.DataManagerTest)
I/MonitoringInstrumentation( 2355): Activities that are still in CREATED to STOPPED: 0
I/TestRunner( 2355): started: whenAppStateSavedOnceTime(br.com.catbag.gifreduxsample.asyncs.data.DataManagerTest)
I/MonitoringInstrumentation( 2355): Activities that are still in CREATED to STOPPED: 0
I/art     ( 2355): Background sticky concurrent mark sweep GC freed 68773(2MB) AllocSpace objects, 0(0B) LOS objects, 28% free, 5MB/7MB, paused 6.550ms total 95.531ms
I/TestRunner( 2355): finished: whenAppStateSavedOnceTime(br.com.catbag.gifreduxsample.asyncs.data.DataManagerTest)
I/MonitoringInstrumentation( 2355): Activities that are still in CREATED to STOPPED: 0
I/TestRunner( 2355): started: whenUnsavedAppStateIsLoaded(br.com.catbag.gifreduxsample.asyncs.data.DataManagerTest)
I/MonitoringInstrumentation( 2355): Activities that are still in CREATED to STOPPED: 0
I/TestRunner( 2355): finished: whenUnsavedAppStateIsLoaded(br.com.catbag.gifreduxsample.asyncs.data.DataManagerTest)
I/MonitoringInstrumentation( 2355): Activities that are still in CREATED to STOPPED: 0
I/TestRunner( 2355): started: whenSavedAppStateIsLoaded(br.com.catbag.gifreduxsample.asyncs.data.DataManagerTest)
I/MonitoringInstrumentation( 2355): Activities that are still in CREATED to STOPPED: 0
E/DataManager( 2355): appstate not loaded
E/DataManager( 2355): com.snappydb.SnappydbException: Failed to get a String: NotFound: 
E/DataManager( 2355): 	at com.snappydb.internal.DBImpl.__get(Native Method)
E/DataManager( 2355): 	at com.snappydb.internal.DBImpl.get(DBImpl.java:348)
E/DataManager( 2355): 	at br.com.catbag.gifreduxsample.asyncs.data.storage.Database.getAppState(Database.java:29)
E/DataManager( 2355): 	at br.com.catbag.gifreduxsample.asyncs.data.DataManager.lambda$loadAppState$0(DataManager.java:61)
E/DataManager( 2355): 	at br.com.catbag.gifreduxsample.asyncs.data.DataManager$$Lambda$1.run(Unknown Source)
E/DataManager( 2355): 	at java.lang.Thread.run(Thread.java:818)
I/TestRunner( 2355): finished: whenSavedAppStateIsLoaded(br.com.catbag.gifreduxsample.asyncs.data.DataManagerTest)
I/MonitoringInstrumentation( 2355): Activities that are still in CREATED to STOPPED: 0
I/TestRunner( 2355): started: whenScrollDownAndPlayLastItemTest(br.com.catbag.gifreduxsample.ui.giflist.GifListActivityTest)
I/MonitoringInstrumentation( 2355): Activities that are still in CREATED to STOPPED: 0
I/dex2oat ( 2382): /system/bin/dex2oat --runtime-arg -classpath --runtime-arg  --instruction-set=x86 --instruction-set-features=default --runtime-arg -Xrelocate --boot-image=/system/framework/boot.art --dex-file=/data/data/br.com.catbag.gifreduxsample/app_dxmaker_cache/Generated_1497766805.jar --oat-fd=25 --oat-location=/data/data/br.com.catbag.gifreduxsample/app_dxmaker_cache/Generated_1497766805.dex --runtime-arg -Xms64m --runtime-arg -Xmx512m
I/dex2oat ( 2382): dex2oat took 59.231ms (threads: 1) arena alloc=32KB java alloc=26KB native alloc=510KB free=3MB
E/Vold    (  922): Failed to find mounted volume for /storage/sdcard/Android/data/br.com.catbag.gifreduxsample/cache/
W/Vold    (  922): Returning OperationFailed - no handler for errno 0
W/ContextImpl( 2355): Failed to ensure directory: /storage/sdcard/Android/data/br.com.catbag.gifreduxsample/cache
E/FileUtils( 2355): 
E/FileUtils( 2355): java.io.FileNotFoundException: null/test.gif: open failed: ENOENT (No such file or directory)
E/FileUtils( 2355): 	at libcore.io.IoBridge.open(IoBridge.java:456)
E/FileUtils( 2355): 	at java.io.FileOutputStream.<init>(FileOutputStream.java:87)
E/FileUtils( 2355): 	at java.io.FileOutputStream.<init>(FileOutputStream.java:72)
E/FileUtils( 2355): 	at br.com.catbag.gifreduxsample.utils.FileUtils.createFakeGifFile(FileUtils.java:27)
E/FileUtils( 2355): 	at br.com.catbag.gifreduxsample.ui.giflist.GifListActivityTest.createFakeGifList(GifListActivityTest.java:364)
E/FileUtils( 2355): 	at br.com.catbag.gifreduxsample.ui.giflist.GifListActivityTest.whenScrollDownAndPlayLastItemTest(GifListActivityTest.java:246)
E/FileUtils( 2355): 	at java.lang.reflect.Method.invoke(Native Method)
E/FileUtils( 2355): 	at java.lang.reflect.Method.invoke(Method.java:372)
E/FileUtils( 2355): 	at org.junit.runners.model.FrameworkMethod$1.runReflectiveCall(FrameworkMethod.java:50)
E/FileUtils( 2355): 	at org.junit.internal.runners.model.ReflectiveCallable.run(ReflectiveCallable.java:12)
E/FileUtils( 2355): 	at org.junit.runners.model.FrameworkMethod.invokeExplosively(FrameworkMethod.java:47)
E/FileUtils( 2355): 	at org.junit.internal.runners.statements.InvokeMethod.evaluate(InvokeMethod.java:17)
E/FileUtils( 2355): 	at org.junit.internal.runners.statements.RunBefores.evaluate(RunBefores.java:26)
E/FileUtils( 2355): 	at org.junit.internal.runners.statements.RunAfters.evaluate(RunAfters.java:27)
E/FileUtils( 2355): 	at android.support.test.internal.statement.UiThreadStatement.evaluate(UiThreadStatement.java:55)
E/FileUtils( 2355): 	at android.support.test.rule.ActivityTestRule$ActivityStatement.evaluate(ActivityTestRule.java:270)
E/FileUtils( 2355): 	at org.junit.internal.runners.statements.FailOnTimeout$CallableStatement.call(FailOnTimeout.java:298)
E/FileUtils( 2355): 	at org.junit.internal.runners.statements.FailOnTimeout$CallableStatement.call(FailOnTimeout.java:292)
E/FileUtils( 2355): 	at java.util.concurrent.FutureTask.run(FutureTask.java:237)
E/FileUtils( 2355): 	at java.lang.Thread.run(Thread.java:818)
E/FileUtils( 2355): Caused by: android.system.ErrnoException: open failed: ENOENT (No such file or directory)
E/FileUtils( 2355): 	at libcore.io.Posix.open(Native Method)
E/FileUtils( 2355): 	at libcore.io.BlockGuardOs.open(BlockGuardOs.java:186)
E/FileUtils( 2355): 	at libcore.io.IoBridge.open(IoBridge.java:442)
E/FileUtils( 2355): 	... 19 more
I/DroidFlux:Dispatcher( 2355): [STARTED] dispatch of action [FAKE_REDUCE_ACTION]
I/DroidFlux:Dispatcher( 2355): [COMPLETED] dispatch of action [FAKE_REDUCE_ACTION]
D/ActivityTestRule( 2355): Launching activity br.com.catbag.gifreduxsample.ui.GifListActivity
D/MonitoringInstrumentation( 2355): execStartActivity(context, ibinder, ibinder, activity, intent, int, bundle
I/ActivityManager( 1243): START u0 {flg=0x14000000 cmp=br.com.catbag.gifreduxsample/.ui.GifListActivity} from uid 10053 on display 0
V/WindowManager( 1243): addAppToken: AppWindowToken{14c0dce2 token=Token{32a441ad ActivityRecord{b945ec4 u0 br.com.catbag.gifreduxsample/.ui.GifListActivity t4}}} to stack=1 task=4 at 0
V/WindowManager( 1243): Adding window Window{3ed8f965 u0 Starting br.com.catbag.gifreduxsample} at 2 of 5 (after Window{e738e31 u0 com.android.launcher/com.android.launcher2.Launcher})
D/LifecycleMonitor( 2355): Lifecycle status change: br.com.catbag.gifreduxsample.ui.GifListActivity@133550ec in: PRE_ON_CREATE
I/Choreographer( 1569): Skipped 51 frames!  The application may be doing too much work on its main thread.
I/Choreographer( 1569): Skipped 32 frames!  The application may be doing too much work on its main thread.
D/LifecycleMonitor( 2355): Lifecycle status change: br.com.catbag.gifreduxsample.ui.GifListActivity@133550ec in: CREATED
I/DroidFlux:Dispatcher( 2355): [STARTED] dispatch of action [APP_STATE_LOAD]
D/DroidFlux:Dispatcher( 2355): An action of type [APP_STATE_LOAD] was dispatched, but no reducer handled it
I/DroidFlux:Dispatcher( 2355): [COMPLETED] dispatch of action [APP_STATE_LOAD]
D/LifecycleMonitor( 2355): Lifecycle status change: br.com.catbag.gifreduxsample.ui.GifListActivity@133550ec in: STARTED
D/LifecycleMonitor( 2355): Lifecycle status change: br.com.catbag.gifreduxsample.ui.GifListActivity@133550ec in: RESUMED
V/WindowManager( 1243): Adding window Window{1f85f01d u0 br.com.catbag.gifreduxsample/br.com.catbag.gifreduxsample.ui.GifListActivity} at 2 of 6 (before Window{3ed8f965 u0 Starting br.com.catbag.gifreduxsample})
W/linker  ( 2355): libpl_droidsonroids_gif.so: unused DT entry: type 0x6ffffffe arg 0x1688
W/linker  ( 2355): libpl_droidsonroids_gif.so: unused DT entry: type 0x6fffffff arg 0x1
I/art     ( 2355): Background partial concurrent mark sweep GC freed 15819(1005KB) AllocSpace objects, 1(16KB) LOS objects, 39% free, 5MB/9MB, paused 5.318ms total 222.373ms
E/Feed    ( 2355): Gif{uuid=9b7cc53d-b2e7-432d-8cb3-65185d959a37, path=/null/test.gif, url=, title=gif0, watched=false, status=DOWNLOADED}
E/Feed    ( 2355): pl.droidsonroids.gif.GifIOException: GifError 101: Failed to open given input
E/Feed    ( 2355): 	at pl.droidsonroids.gif.GifInfoHandle.openFile(Native Method)
E/Feed    ( 2355): 	at pl.droidsonroids.gif.GifInfoHandle.<init>(GifInfoHandle.java:46)
E/Feed    ( 2355): 	at pl.droidsonroids.gif.GifDrawable.<init>(GifDrawable.java:124)
E/Feed    ( 2355): 	at br.com.catbag.gifreduxsample.ui.components.FeedComponent.createDrawable(FeedComponent.java:104)
E/Feed    ( 2355): 	at br.com.catbag.gifreduxsample.ui.components.FeedComponent.lambda$renderGifView$2(FeedComponent.java:90)
E/Feed    ( 2355): 	at br.com.catbag.gifreduxsample.ui.components.FeedComponent$$Lambda$2.view(Unknown Source)
E/Feed    ( 2355): 	at trikita.anvil.BaseDSL.v(BaseDSL.java:670)
E/Feed    ( 2355): 	at br.com.catbag.gifreduxsample.ui.components.FeedComponent.renderGifView(FeedComponent.java:88)
E/Feed    ( 2355): 	at br.com.catbag.gifreduxsample.ui.components.FeedComponent.lambda$null$0(FeedComponent.java:55)
E/Feed    ( 2355): 	at br.com.catbag.gifreduxsample.ui.components.FeedComponent$$Lambda$3.view(Unknown Source)
E/Feed    ( 2355): 	at br.com.catbag.gifreduxsample.ui.components.GifsAdapter.view(GifsAdapter.java:55)
E/Feed    ( 2355): 	at trikita.anvil.RenderableRecyclerViewAdapter$1.view(RenderableRecyclerViewAdapter.java:24)
E/Feed    ( 2355): 	at trikita.anvil.Anvil$Mount.render(Anvil.java:204)
E/Feed    ( 2355): 	at trikita.anvil.Anvil.render(Anvil.java:173)
E/Feed    ( 2355): 	at trikita.anvil.RenderableRecyclerViewAdapter.onBindViewHolder(RenderableRecyclerViewAdapter.java:27)
E/Feed    ( 2355): 	at trikita.anvil.RenderableRecyclerViewAdapter.onBindViewHolder(RenderableRecyclerViewAdapter.java:7)
E/Feed    ( 2355): 	at android.support.v7.widget.RecyclerView$Adapter.onBindViewHolder(RecyclerView.java:5768)
E/Feed    ( 2355): 	at android.support.v7.widget.RecyclerView$Adapter.bindViewHolder(RecyclerView.java:5801)
E/Feed    ( 2355): 	at android.support.v7.widget.RecyclerView$Recycler.getViewForPosition(RecyclerView.java:5037)
E/Feed    ( 2355): 	at android.support.v7.widget.RecyclerView$Recycler.getViewForPosition(RecyclerView.java:4913)
E/Feed    ( 2355): 	at android.support.v7.widget.LinearLayoutManager$LayoutState.next(LinearLayoutManager.java:2029)
E/Feed    ( 2355): 	at android.support.v7.widget.LinearLayoutManager.layoutChunk(LinearLayoutManager.java:1414)
E/Feed    ( 2355): 	at android.support.v7.widget.LinearLayoutManager.fill(LinearLayoutManager.java:1377)
E/Feed    ( 2355): 	at android.support.v7.widget.LinearLayoutManager.onLayoutChildren(LinearLayoutManager.java:578)
E/Feed    ( 2355): 	at android.support.v7.widget.RecyclerView.dispatchLayoutStep2(RecyclerView.java:3260)
E/Feed    ( 2355): 	at android.support.v7.widget.RecyclerView.dispatchLayout(RecyclerView.java:3069)
E/Feed    ( 2355): 	at android.support.v7.widget.RecyclerView.onLayout(RecyclerView.java:3518)
E/Feed    ( 2355): 	at android.view.View.layout(View.java:15671)
E/Feed    ( 2355): 	at android.view.ViewGroup.layout(ViewGroup.java:5038)
E/Feed    ( 2355): 	at android.widget.FrameLayout.layoutChildren(FrameLayout.java:579)
E/Feed    ( 2355): 	at android.widget.FrameLayout.onLayout(FrameLayout.java:514)
E/Feed    ( 2355): 	at android.view.View.layout(View.java:15671)
E/Feed    ( 2355): 	at android.view.ViewGroup.layout(ViewGroup.java:5038)
E/Feed    ( 2355): 	at android.widget.RelativeLayout.onLayout(RelativeLayout.java:1076)
E/Feed    ( 2355): 	at android.view.View.layout(View.java:15671)
E/Feed    ( 2355): 	at android.view.ViewGroup.layout(ViewGroup.java:5038)
E/Feed    ( 2355): 	at android.widget.FrameLayout.layoutChildren(FrameLayout.java:579)
E/Feed    ( 2355): 	at android.widget.FrameLayout.onLayout(FrameLayout.java:514)
E/Feed    ( 2355): 	at android.view.View.layout(View.java:15671)
E/Feed    ( 2355): 	at android.view.ViewGroup.layout(ViewGroup.java:5038)
E/Feed    ( 2355): 	at android.support.v7.widget.ActionBarOverlayLayout.onLayout(ActionBarOverlayLayout.java:435)
E/Feed    ( 2355): 	at android.view.View.layout(View.java:15671)
E/Feed    ( 2355): 	at android.view.ViewGroup.layout(ViewGroup.java:5038)
E/Feed    ( 2355): 	at android.widget.FrameLayout.layoutChildren(FrameLayout.java:579)
E/Feed    ( 2355): 	at android.widget.FrameLayout.onLayout(FrameLayout.java:514)
E/Feed    ( 2355): 	at android.view.View.layout(View.java:15671)
E/Feed    ( 2355): 	at android.view.ViewGroup.layout(ViewGroup.java:5038)
E/Feed    ( 2355): 	at android.widget.LinearLayout.setChildFrame(LinearLayout.java:1703)
E/Feed    ( 2355): 	at android.widget.LinearLayout.layoutVertical(LinearLayout.java:1557)
E/Feed    ( 2355): 	at android.widget.LinearLayout.onLayout(LinearLayout.java:1466)
E/Feed    ( 2355): 	at android.view.View.layout(View.java:15671)
E/Feed    ( 2355): 	at android.view.ViewGroup.layout(ViewGroup.java:5038)
E/Feed    ( 2355): 	at android.widget.FrameLayout.layoutChildren(FrameLayout.java:579)
E/Feed    ( 2355): 	at android.widget.FrameLayo
E/Feed    ( 2355): Gif{uuid=59cb4f50-09fe-4231-8aef-e11243d9c7f0, path=/null/test.gif, url=, title=gif1, watched=false, status=DOWNLOADED}
E/Feed    ( 2355): pl.droidsonroids.gif.GifIOException: GifError 101: Failed to open given input
E/Feed    ( 2355): 	at pl.droidsonroids.gif.GifInfoHandle.openFile(Native Method)
E/Feed    ( 2355): 	at pl.droidsonroids.gif.GifInfoHandle.<init>(GifInfoHandle.java:46)
E/Feed    ( 2355): 	at pl.droidsonroids.gif.GifDrawable.<init>(GifDrawable.java:124)
E/Feed    ( 2355): 	at br.com.catbag.gifreduxsample.ui.components.FeedComponent.createDrawable(FeedComponent.java:104)
E/Feed    ( 2355): 	at br.com.catbag.gifreduxsample.ui.components.FeedComponent.lambda$renderGifView$2(FeedComponent.java:90)
E/Feed    ( 2355): 	at br.com.catbag.gifreduxsample.ui.components.FeedComponent$$Lambda$2.view(Unknown Source)
E/Feed    ( 2355): 	at trikita.anvil.BaseDSL.v(BaseDSL.java:670)
E/Feed    ( 2355): 	at br.com.catbag.gifreduxsample.ui.components.FeedComponent.renderGifView(FeedComponent.java:88)
E/Feed    ( 2355): 	at br.com.catbag.gifreduxsample.ui.components.FeedComponent.lambda$null$0(FeedComponent.java:55)
E/Feed    ( 2355): 	at br.com.catbag.gifreduxsample.ui.components.FeedComponent$$Lambda$3.view(Unknown Source)
E/Feed    ( 2355): 	at br.com.catbag.gifreduxsample.ui.components.GifsAdapter.view(GifsAdapter.java:55)
E/Feed    ( 2355): 	at trikita.anvil.RenderableRecyclerViewAdapter$1.view(RenderableRecyclerViewAdapter.java:24)
E/Feed    ( 2355): 	at trikita.anvil.Anvil$Mount.render(Anvil.java:204)
E/Feed    ( 2355): 	at trikita.anvil.Anvil.render(Anvil.java:173)
E/Feed    ( 2355): 	at trikita.anvil.RenderableRecyclerViewAdapter.onBindViewHolder(RenderableRecyclerViewAdapter.java:27)
E/Feed    ( 2355): 	at trikita.anvil.RenderableRecyclerViewAdapter.onBindViewHolder(RenderableRecyclerViewAdapter.java:7)
E/Feed    ( 2355): 	at android.support.v7.widget.RecyclerView$Adapter.onBindViewHolder(RecyclerView.java:5768)
E/Feed    ( 2355): 	at android.support.v7.widget.RecyclerView$Adapter.bindViewHolder(RecyclerView.java:5801)
E/Feed    ( 2355): 	at android.support.v7.widget.RecyclerView$Recycler.getViewForPosition(RecyclerView.java:5037)
E/Feed    ( 2355): 	at android.support.v7.widget.RecyclerView$Recycler.getViewForPosition(RecyclerView.java:4913)
E/Feed    ( 2355): 	at android.support.v7.widget.LinearLayoutManager$LayoutState.next(LinearLayoutManager.java:2029)
E/Feed    ( 2355): 	at android.support.v7.widget.LinearLayoutManager.layoutChunk(LinearLayoutManager.java:1414)
E/Feed    ( 2355): 	at android.support.v7.widget.LinearLayoutManager.fill(LinearLayoutManager.java:1377)
E/Feed    ( 2355): 	at android.support.v7.widget.LinearLayoutManager.onLayoutChildren(LinearLayoutManager.java:578)
E/Feed    ( 2355): 	at android.support.v7.widget.RecyclerView.dispatchLayoutStep2(RecyclerView.java:3260)
E/Feed    ( 2355): 	at android.support.v7.widget.RecyclerView.dispatchLayout(RecyclerView.java:3069)
E/Feed    ( 2355): 	at android.support.v7.widget.RecyclerView.onLayout(RecyclerView.java:3518)
E/Feed    ( 2355): 	at android.view.View.layout(View.java:15671)
E/Feed    ( 2355): 	at android.view.ViewGroup.layout(ViewGroup.java:5038)
E/Feed    ( 2355): 	at android.widget.FrameLayout.layoutChildren(FrameLayout.java:579)
E/Feed    ( 2355): 	at android.widget.FrameLayout.onLayout(FrameLayout.java:514)
E/Feed    ( 2355): 	at android.view.View.layout(View.java:15671)
E/Feed    ( 2355): 	at android.view.ViewGroup.layout(ViewGroup.java:5038)
E/Feed    ( 2355): 	at android.widget.RelativeLayout.onLayout(RelativeLayout.java:1076)
E/Feed    ( 2355): 	at android.view.View.layout(View.java:15671)
E/Feed    ( 2355): 	at android.view.ViewGroup.layout(ViewGroup.java:5038)
E/Feed    ( 2355): 	at android.widget.FrameLayout.layoutChildren(FrameLayout.java:579)
E/Feed    ( 2355): 	at android.widget.FrameLayout.onLayout(FrameLayout.java:514)
E/Feed    ( 2355): 	at android.view.View.layout(View.java:15671)
E/Feed    ( 2355): 	at android.view.ViewGroup.layout(ViewGroup.java:5038)
E/Feed    ( 2355): 	at android.support.v7.widget.ActionBarOverlayLayout.onLayout(ActionBarOverlayLayout.java:435)
E/Feed    ( 2355): 	at android.view.View.layout(View.java:15671)
E/Feed    ( 2355): 	at android.view.ViewGroup.layout(ViewGroup.java:5038)
E/Feed    ( 2355): 	at android.widget.FrameLayout.layoutChildren(FrameLayout.java:579)
E/Feed    ( 2355): 	at android.widget.FrameLayout.onLayout(FrameLayout.java:514)
E/Feed    ( 2355): 	at android.view.View.layout(View.java:15671)
E/Feed    ( 2355): 	at android.view.ViewGroup.layout(ViewGroup.java:5038)
E/Feed    ( 2355): 	at android.widget.LinearLayout.setChildFrame(LinearLayout.java:1703)
E/Feed    ( 2355): 	at android.widget.LinearLayout.layoutVertical(LinearLayout.java:1557)
E/Feed    ( 2355): 	at android.widget.LinearLayout.onLayout(LinearLayout.java:1466)
E/Feed    ( 2355): 	at android.view.View.layout(View.java:15671)
E/Feed    ( 2355): 	at android.view.ViewGroup.layout(ViewGroup.java:5038)
E/Feed    ( 2355): 	at android.widget.FrameLayout.layoutChildren(FrameLayout.java:579)
E/Feed    ( 2355): 	at android.widget.FrameLayo
D/gralloc_goldfish( 2355): Emulator without host-side GPU emulation detected.
I/ActivityManager( 1243): Displayed br.com.catbag.gifreduxsample/.ui.GifListActivity: +1s814ms
I/art     ( 1569): Background sticky concurrent mark sweep GC freed 8617(334KB) AllocSpace objects, 0(0B) LOS objects, 3% free, 12MB/12MB, paused 3.250ms total 637.485ms
D/InputManagerEventInjectionStrategy( 2355): Creating injection strategy with input manager.
W/ResourceType( 2355): No package identifier when getting name for resource number 0x00000001
I/ViewInteraction( 2355): Performing 'scroll RecyclerView to position: 4' action on view with id: 1 (resource name not found)
E/Feed    ( 2355): Gif{uuid=03446b1b-e72d-4dea-babf-4e798a3ec6f1, path=/null/test.gif, url=, title=gif4, watched=false, status=DOWNLOADED}
E/Feed    ( 2355): pl.droidsonroids.gif.GifIOException: GifError 101: Failed to open given input
E/Feed    ( 2355): 	at pl.droidsonroids.gif.GifInfoHandle.openFile(Native Method)
E/Feed    ( 2355): 	at pl.droidsonroids.gif.GifInfoHandle.<init>(GifInfoHandle.java:46)
E/Feed    ( 2355): 	at pl.droidsonroids.gif.GifDrawable.<init>(GifDrawable.java:124)
E/Feed    ( 2355): 	at br.com.catbag.gifreduxsample.ui.components.FeedComponent.createDrawable(FeedComponent.java:104)
E/Feed    ( 2355): 	at br.com.catbag.gifreduxsample.ui.components.FeedComponent.lambda$renderGifView$2(FeedComponent.java:90)
E/Feed    ( 2355): 	at br.com.catbag.gifreduxsample.ui.components.FeedComponent$$Lambda$2.view(Unknown Source)
E/Feed    ( 2355): 	at trikita.anvil.BaseDSL.v(BaseDSL.java:670)
E/Feed    ( 2355): 	at br.com.catbag.gifreduxsample.ui.components.FeedComponent.renderGifView(FeedComponent.java:88)
E/Feed    ( 2355): 	at br.com.catbag.gifreduxsample.ui.components.FeedComponent.lambda$null$0(FeedComponent.java:55)
E/Feed    ( 2355): 	at br.com.catbag.gifreduxsample.ui.components.FeedComponent$$Lambda$3.view(Unknown Source)
E/Feed    ( 2355): 	at br.com.catbag.gifreduxsample.ui.components.GifsAdapter.view(GifsAdapter.java:55)
E/Feed    ( 2355): 	at trikita.anvil.RenderableRecyclerViewAdapter$1.view(RenderableRecyclerViewAdapter.java:24)
E/Feed    ( 2355): 	at trikita.anvil.Anvil$Mount.render(Anvil.java:204)
E/Feed    ( 2355): 	at trikita.anvil.Anvil.render(Anvil.java:173)
E/Feed    ( 2355): 	at trikita.anvil.RenderableRecyclerViewAdapter.onBindViewHolder(RenderableRecyclerViewAdapter.java:27)
E/Feed    ( 2355): 	at trikita.anvil.RenderableRecyclerViewAdapter.onBindViewHolder(RenderableRecyclerViewAdapter.java:7)
E/Feed    ( 2355): 	at android.support.v7.widget.RecyclerView$Adapter.onBindViewHolder(RecyclerView.java:5768)
E/Feed    ( 2355): 	at android.support.v7.widget.RecyclerView$Adapter.bindViewHolder(RecyclerView.java:5801)
E/Feed    ( 2355): 	at android.support.v7.widget.RecyclerView$Recycler.getViewForPosition(RecyclerView.java:5037)
E/Feed    ( 2355): 	at android.support.v7.widget.RecyclerView$Recycler.getViewForPosition(RecyclerView.java:4913)
E/Feed    ( 2355): 	at android.support.v7.widget.LinearLayoutManager$LayoutState.next(LinearLayoutManager.java:2029)
E/Feed    ( 2355): 	at android.support.v7.widget.LinearLayoutManager.layoutChunk(LinearLayoutManager.java:1414)
E/Feed    ( 2355): 	at android.support.v7.widget.LinearLayoutManager.fill(LinearLayoutManager.java:1377)
E/Feed    ( 2355): 	at android.support.v7.widget.LinearLayoutManager.onLayoutChildren(LinearLayoutManager.java:553)
E/Feed    ( 2355): 	at android.support.v7.widget.RecyclerView.dispatchLayoutStep2(RecyclerView.java:3260)
E/Feed    ( 2355): 	at android.support.v7.widget.RecyclerView.dispatchLayout(RecyclerView.java:3069)
E/Feed    ( 2355): 	at android.support.v7.widget.RecyclerView.onLayout(RecyclerView.java:3518)
E/Feed    ( 2355): 	at android.view.View.layout(View.java:15671)
E/Feed    ( 2355): 	at android.view.ViewGroup.layout(ViewGroup.java:5038)
E/Feed    ( 2355): 	at android.widget.FrameLayout.layoutChildren(FrameLayout.java:579)
E/Feed    ( 2355): 	at android.widget.FrameLayout.onLayout(FrameLayout.java:514)
E/Feed    ( 2355): 	at android.view.View.layout(View.java:15671)
E/Feed    ( 2355): 	at android.view.ViewGroup.layout(ViewGroup.java:5038)
E/Feed    ( 2355): 	at android.widget.RelativeLayout.onLayout(RelativeLayout.java:1076)
E/Feed    ( 2355): 	at android.view.View.layout(View.java:15671)
E/Feed    ( 2355): 	at android.view.ViewGroup.layout(ViewGroup.java:5038)
E/Feed    ( 2355): 	at android.widget.FrameLayout.layoutChildren(FrameLayout.java:579)
E/Feed    ( 2355): 	at android.widget.FrameLayout.onLayout(FrameLayout.java:514)
E/Feed    ( 2355): 	at android.view.View.layout(View.java:15671)
E/Feed    ( 2355): 	at android.view.ViewGroup.layout(ViewGroup.java:5038)
E/Feed    ( 2355): 	at android.support.v7.widget.ActionBarOverlayLayout.onLayout(ActionBarOverlayLayout.java:435)
E/Feed    ( 2355): 	at android.view.View.layout(View.java:15671)
E/Feed    ( 2355): 	at android.view.ViewGroup.layout(ViewGroup.java:5038)
E/Feed    ( 2355): 	at android.widget.FrameLayout.layoutChildren(FrameLayout.java:579)
E/Feed    ( 2355): 	at android.widget.FrameLayout.onLayout(FrameLayout.java:514)
E/Feed    ( 2355): 	at android.view.View.layout(View.java:15671)
E/Feed    ( 2355): 	at android.view.ViewGroup.layout(ViewGroup.java:5038)
E/Feed    ( 2355): 	at android.widget.LinearLayout.setChildFrame(LinearLayout.java:1703)
E/Feed    ( 2355): 	at android.widget.LinearLayout.layoutVertical(LinearLayout.java:1557)
E/Feed    ( 2355): 	at android.widget.LinearLayout.onLayout(LinearLayout.java:1466)
E/Feed    ( 2355): 	at android.view.View.layout(View.java:15671)
E/Feed    ( 2355): 	at android.view.ViewGroup.layout(ViewGroup.java:5038)
E/Feed    ( 2355): 	at android.widget.FrameLayout.layoutChildren(FrameLayout.java:579)
E/Feed    ( 2355): 	at android.widget.FrameLayo
E/Feed    ( 2355): Gif{uuid=62e562be-0c69-4320-8fba-ff7b80fd2a51, path=/null/test.gif, url=, title=gif3, watched=false, status=DOWNLOADED}
E/Feed    ( 2355): pl.droidsonroids.gif.GifIOException: GifError 101: Failed to open given input
E/Feed    ( 2355): 	at pl.droidsonroids.gif.GifInfoHandle.openFile(Native Method)
E/Feed    ( 2355): 	at pl.droidsonroids.gif.GifInfoHandle.<init>(GifInfoHandle.java:46)
E/Feed    ( 2355): 	at pl.droidsonroids.gif.GifDrawable.<init>(GifDrawable.java:124)
E/Feed    ( 2355): 	at br.com.catbag.gifreduxsample.ui.components.FeedComponent.createDrawable(FeedComponent.java:104)
E/Feed    ( 2355): 	at br.com.catbag.gifreduxsample.ui.components.FeedComponent.lambda$renderGifView$2(FeedComponent.java:90)
E/Feed    ( 2355): 	at br.com.catbag.gifreduxsample.ui.components.FeedComponent$$Lambda$2.view(Unknown Source)
E/Feed    ( 2355): 	at trikita.anvil.BaseDSL.v(BaseDSL.java:670)
E/Feed    ( 2355): 	at br.com.catbag.gifreduxsample.ui.components.FeedComponent.renderGifView(FeedComponent.java:88)
E/Feed    ( 2355): 	at br.com.catbag.gifreduxsample.ui.components.FeedComponent.lambda$null$0(FeedComponent.java:55)
E/Feed    ( 2355): 	at br.com.catbag.gifreduxsample.ui.components.FeedComponent$$Lambda$3.view(Unknown Source)
E/Feed    ( 2355): 	at br.com.catbag.gifreduxsample.ui.components.GifsAdapter.view(GifsAdapter.java:55)
E/Feed    ( 2355): 	at trikita.anvil.RenderableRecyclerViewAdapter$1.view(RenderableRecyclerViewAdapter.java:24)
E/Feed    ( 2355): 	at trikita.anvil.Anvil$Mount.render(Anvil.java:204)
E/Feed    ( 2355): 	at trikita.anvil.Anvil.render(Anvil.java:173)
E/Feed    ( 2355): 	at trikita.anvil.RenderableRecyclerViewAdapter.onBindViewHolder(RenderableRecyclerViewAdapter.java:27)
E/Feed    ( 2355): 	at trikita.anvil.RenderableRecyclerViewAdapter.onBindViewHolder(RenderableRecyclerViewAdapter.java:7)
E/Feed    ( 2355): 	at android.support.v7.widget.RecyclerView$Adapter.onBindViewHolder(RecyclerView.java:5768)
E/Feed    ( 2355): 	at android.support.v7.widget.RecyclerView$Adapter.bindViewHolder(RecyclerView.java:5801)
E/Feed    ( 2355): 	at android.support.v7.widget.RecyclerView$Recycler.getViewForPosition(RecyclerView.java:5037)
E/Feed    ( 2355): 	at android.support.v7.widget.RecyclerView$Recycler.getViewForPosition(RecyclerView.java:4913)
E/Feed    ( 2355): 	at android.support.v7.widget.LinearLayoutManager$LayoutState.next(LinearLayoutManager.java:2029)
E/Feed    ( 2355): 	at android.support.v7.widget.LinearLayoutManager.layoutChunk(LinearLayoutManager.java:1414)
E/Feed    ( 2355): 	at android.support.v7.widget.LinearLayoutManager.fill(LinearLayoutManager.java:1377)
E/Feed    ( 2355): 	at android.support.v7.widget.LinearLayoutManager.onLayoutChildren(LinearLayoutManager.java:553)
E/Feed    ( 2355): 	at android.support.v7.widget.RecyclerView.dispatchLayoutStep2(RecyclerView.java:3260)
E/Feed    ( 2355): 	at android.support.v7.widget.RecyclerView.dispatchLayout(RecyclerView.java:3069)
E/Feed    ( 2355): 	at android.support.v7.widget.RecyclerView.onLayout(RecyclerView.java:3518)
E/Feed    ( 2355): 	at android.view.View.layout(View.java:15671)
E/Feed    ( 2355): 	at android.view.ViewGroup.layout(ViewGroup.java:5038)
E/Feed    ( 2355): 	at android.widget.FrameLayout.layoutChildren(FrameLayout.java:579)
E/Feed    ( 2355): 	at android.widget.FrameLayout.onLayout(FrameLayout.java:514)
E/Feed    ( 2355): 	at android.view.View.layout(View.java:15671)
E/Feed    ( 2355): 	at android.view.ViewGroup.layout(ViewGroup.java:5038)
E/Feed    ( 2355): 	at android.widget.RelativeLayout.onLayout(RelativeLayout.java:1076)
E/Feed    ( 2355): 	at android.view.View.layout(View.java:15671)
E/Feed    ( 2355): 	at android.view.ViewGroup.layout(ViewGroup.java:5038)
E/Feed    ( 2355): 	at android.widget.FrameLayout.layoutChildren(FrameLayout.java:579)
E/Feed    ( 2355): 	at android.widget.FrameLayout.onLayout(FrameLayout.java:514)
E/Feed    ( 2355): 	at android.view.View.layout(View.java:15671)
E/Feed    ( 2355): 	at android.view.ViewGroup.layout(ViewGroup.java:5038)
E/Feed    ( 2355): 	at android.support.v7.widget.ActionBarOverlayLayout.onLayout(ActionBarOverlayLayout.java:435)
E/Feed    ( 2355): 	at android.view.View.layout(View.java:15671)
E/Feed    ( 2355): 	at android.view.ViewGroup.layout(ViewGroup.java:5038)
E/Feed    ( 2355): 	at android.widget.FrameLayout.layoutChildren(FrameLayout.java:579)
E/Feed    ( 2355): 	at android.widget.FrameLayout.onLayout(FrameLayout.java:514)
E/Feed    ( 2355): 	at android.view.View.layout(View.java:15671)
E/Feed    ( 2355): 	at android.view.ViewGroup.layout(ViewGroup.java:5038)
E/Feed    ( 2355): 	at android.widget.LinearLayout.setChildFrame(LinearLayout.java:1703)
E/Feed    ( 2355): 	at android.widget.LinearLayout.layoutVertical(LinearLayout.java:1557)
E/Feed    ( 2355): 	at android.widget.LinearLayout.onLayout(LinearLayout.java:1466)
E/Feed    ( 2355): 	at android.view.View.layout(View.java:15671)
E/Feed    ( 2355): 	at android.view.ViewGroup.layout(ViewGroup.java:5038)
E/Feed    ( 2355): 	at android.widget.FrameLayout.layoutChildren(FrameLayout.java:579)
E/Feed    ( 2355): 	at android.widget.FrameLayo
W/ResourceType( 2355): No package identifier when getting name for resource number 0x00000001
W/ResourceType( 2355): No package identifier when getting name for resource number 0x00000004
I/ViewInteraction( 2355): Performing 'single click' action on view with id: 4 (resource name not found)
W/UiControllerImpl( 2355): Waiting for: DYNAMIC_TASKS_HAVE_IDLED for 100 iterations.
W/IdlingPolicy( 2355): These resources are not idle: [Class]
W/UiControllerImpl( 2355): Waiting for: DYNAMIC_TASKS_HAVE_IDLED for 200 iterations.
W/UiControllerImpl( 2355): Waiting for: DYNAMIC_TASKS_HAVE_IDLED for 300 iterations.
W/IdlingPolicy( 2355): These resources are not idle: [Class]
W/UiControllerImpl( 2355): Waiting for: DYNAMIC_TASKS_HAVE_IDLED for 400 iterations.
W/IdlingPolicy( 2355): These resources are not idle: [Class]
W/UiControllerImpl( 2355): Waiting for: DYNAMIC_TASKS_HAVE_IDLED for 500 iterations.
W/UiControllerImpl( 2355): Waiting for: DYNAMIC_TASKS_HAVE_IDLED for 600 iterations.
W/IdlingPolicy( 2355): These resources are not idle: [Class]
W/UiControllerImpl( 2355): Waiting for: DYNAMIC_TASKS_HAVE_IDLED for 700 iterations.
W/IdlingPolicy( 2355): These resources are not idle: [Class]
D/gralloc (  923): Registering a buffer in the process that created it. This may cause memory ordering problems.
E/libEGL  (  923): called unimplemented OpenGL ES API
E/SurfaceFlinger(  923): glCheckFramebufferStatusOES error -847906629
E/SurfaceFlinger(  923): got GL_FRAMEBUFFER_COMPLETE_OES error while taking screenshot
W/WindowManager( 1243): Screenshot failure taking screenshot for (480x800) to layer 21005
D/LifecycleMonitor( 2355): Lifecycle status change: br.com.catbag.gifreduxsample.ui.GifListActivity@133550ec in: PAUSED
I/TestRunner( 2355): failed: whenScrollDownAndPlayLastItemTest(br.com.catbag.gifreduxsample.ui.giflist.GifListActivityTest)
I/TestRunner( 2355): ----- begin exception -----
I/TestRunner( 2355): android.support.test.espresso.IdlingResourceTimeoutException: Wait for [Class] to become idle timed out
I/TestRunner( 2355): 	at dalvik.system.VMStack.getThreadStackTrace(Native Method)
I/TestRunner( 2355): 	at java.lang.Thread.getStackTrace(Thread.java:580)
I/TestRunner( 2355): 	at android.support.test.espresso.base.DefaultFailureHandler.getUserFriendlyError(DefaultFailureHandler.java:92)
I/TestRunner( 2355): 	at android.support.test.espresso.base.DefaultFailureHandler.handle(DefaultFailureHandler.java:56)
I/TestRunner( 2355): 	at android.support.test.espresso.ViewInteraction.runSynchronouslyOnUiThread(ViewInteraction.java:184)
I/TestRunner( 2355): 	at android.support.test.espresso.ViewInteraction.check(ViewInteraction.java:158)
I/TestRunner( 2355): 	at br.com.catbag.gifreduxsample.ui.giflist.GifListActivityTest.whenScrollDownAndPlayLastItemTest(GifListActivityTest.java:264)
I/TestRunner( 2355): 	at java.lang.reflect.Method.invoke(Native Method)
I/TestRunner( 2355): 	at java.lang.reflect.Method.invoke(Method.java:372)
I/TestRunner( 2355): 	at org.junit.runners.model.FrameworkMethod$1.runReflectiveCall(FrameworkMethod.java:50)
I/TestRunner( 2355): 	at org.junit.internal.runners.model.ReflectiveCallable.run(ReflectiveCallable.java:12)
I/TestRunner( 2355): 	at org.junit.runners.model.FrameworkMethod.invokeExplosively(FrameworkMethod.java:47)
I/TestRunner( 2355): 	at org.junit.internal.runners.statements.InvokeMethod.evaluate(InvokeMethod.java:17)
I/TestRunner( 2355): 	at org.junit.internal.runners.statements.RunBefores.evaluate(RunBefores.java:26)
I/TestRunner( 2355): 	at org.junit.internal.runners.statements.RunAfters.evaluate(RunAfters.java:27)
I/TestRunner( 2355): 	at android.support.test.internal.statement.UiThreadStatement.evaluate(UiThreadStatement.java:55)
I/TestRunner( 2355): 	at android.support.test.rule.ActivityTestRule$ActivityStatement.evaluate(ActivityTestRule.java:270)
I/TestRunner( 2355): 	at org.junit.internal.runners.statements.FailOnTimeout$CallableStatement.call(FailOnTimeout.java:298)
I/TestRunner( 2355): 	at org.junit.internal.runners.statements.FailOnTimeout$CallableStatement.call(FailOnTimeout.java:292)
I/TestRunner( 2355): 	at java.util.concurrent.FutureTask.run(FutureTask.java:237)
I/TestRunner( 2355): 	at java.lang.Thread.run(Thread.java:818)
I/TestRunner( 2355): ----- end exception -----
I/TestRunner( 2355): finished: whenScrollDownAndPlayLastItemTest(br.com.catbag.gifreduxsample.ui.giflist.GifListActivityTest)
I/MonitoringInstrumentation( 2355): Activities that are still in CREATED to STOPPED: 1
I/TestRunner( 2355): started: whenGifIsNotWatchedTest(br.com.catbag.gifreduxsample.ui.giflist.GifListActivityTest)
I/MonitoringInstrumentation( 2355): Activities that are still in CREATED to STOPPED: 1
I/DroidFlux:Dispatcher( 2355): [STARTED] dispatch of action [FAKE_REDUCE_ACTION]
I/DroidFlux:Dispatcher( 2355): [COMPLETED] dispatch of action [FAKE_REDUCE_ACTION]
D/ActivityTestRule( 2355): Launching activity br.com.catbag.gifreduxsample.ui.GifListActivity
D/MonitoringInstrumentation( 2355): execStartActivity(context, ibinder, ibinder, activity, intent, int, bundle
I/ActivityManager( 1243): START u0 {flg=0x10000000 cmp=br.com.catbag.gifreduxsample/.ui.GifListActivity} from uid 10053 on display 0
V/WindowManager( 1243): addAppToken: AppWindowToken{e257a8c token=Token{2feb83bf ActivityRecord{1d59f5de u0 br.com.catbag.gifreduxsample/.ui.GifListActivity t5}}} to stack=1 task=5 at 0
