11-25 22:48:12.837  2243  2259 D DroidFlux:Dispatcher: An action of type [GIF_LIST_FETCHING] was dispatched, but no reducer handled it
11-25 22:48:12.837  2243  2259 I DroidFlux:Dispatcher: [COMPLETED] dispatch of action [GIF_LIST_FETCHING]
11-25 22:48:12.837  2243  2259 I DroidFlux:Dispatcher: [STARTED] dispatch of action [GIF_LIST_FETCHING]
11-25 22:48:12.837  2243  2259 D DroidFlux:Dispatcher: An action of type [GIF_LIST_FETCHING] was dispatched, but no reducer handled it
11-25 22:48:12.838  2243  2259 I DroidFlux:Dispatcher: [COMPLETED] dispatch of action [GIF_LIST_FETCHING]
11-25 22:48:12.838  2243  2259 I DroidFlux:Dispatcher: [STARTED] dispatch of action [GIF_LIST_FETCHING]
11-25 22:48:12.848  2243  2259 D DroidFlux:Dispatcher: An action of type [GIF_LIST_FETCHING] was dispatched, but no reducer handled it
11-25 22:48:12.848  2243  2259 I DroidFlux:Dispatcher: [COMPLETED] dispatch of action [GIF_LIST_FETCHING]
11-25 22:48:12.856  2243  2259 I DroidFlux:Dispatcher: [STARTED] dispatch of action [GIF_LIST_FETCHING]
11-25 22:48:12.857  2243  2259 D DroidFlux:Dispatcher: An action of type [GIF_LIST_FETCHING] was dispatched, but no reducer handled it
11-25 22:48:12.859  2243  2259 I DroidFlux:Dispatcher: [COMPLETED] dispatch of action [GIF_LIST_FETCHING]
11-25 22:48:12.859  2243  2259 I DroidFlux:Dispatcher: [STARTED] dispatch of action [GIF_LIST_FETCHING]
11-25 22:48:12.860  2243  2259 D DroidFlux:Dispatcher: An action of type [GIF_LIST_FETCHING] was dispatched, but no reducer handled it
11-25 22:48:12.860  2243  2259 I DroidFlux:Dispatcher: [COMPLETED] dispatch of action [GIF_LIST_FETCHING]
11-25 22:48:12.861  2243  2259 I DroidFlux:Dispatcher: [STARTED] dispatch of action [GIF_LIST_FETCHING]
11-25 22:48:12.861  2243  2259 D DroidFlux:Dispatcher: An action of type [GIF_LIST_FETCHING] was dispatched, but no reducer handled it
11-25 22:48:12.861  2243  2259 I DroidFlux:Dispatcher: [COMPLETED] dispatch of action [GIF_LIST_FETCHING]
11-25 22:48:12.862  2243  2259 I DroidFlux:Dispatcher: [STARTED] dispatch of action [GIF_LIST_FETCHING]
11-25 22:48:12.862  2243  2259 D DroidFlux:Dispatcher: An action of type [GIF_LIST_FETCHING] was dispatched, but no reducer handled it
11-25 22:48:12.862  2243  2259 I DroidFlux:Dispatcher: [COMPLETED] dispatch of action [GIF_LIST_FETCHING]
11-25 22:48:12.862  2243  2259 I DroidFlux:Dispatcher: [STARTED] dispatch of action [GIF_LIST_FETCHING]
11-25 22:48:12.862  2243  2259 D DroidFlux:Dispatcher: An action of type [GIF_LIST_FETCHING] was dispatched, but no reducer handled it
11-25 22:48:12.863  2243  2259 I DroidFlux:Dispatcher: [COMPLETED] dispatch of action [GIF_LIST_FETCHING]
11-25 22:48:12.863  2243  2259 I DroidFlux:Dispatcher: [STARTED] dispatch of action [GIF_LIST_FETCHING]
11-25 22:48:12.863  2243  2259 D DroidFlux:Dispatcher: An action of type [GIF_LIST_FETCHING] was dispatched, but no reducer handled it
11-25 22:48:12.863  2243  2259 I DroidFlux:Dispatcher: [COMPLETED] dispatch of action [GIF_LIST_FETCHING]
11-25 22:48:13.022  2243  2243 W ResourceType: No package identifier when getting name for resource number 0x000000ba
11-25 22:48:13.036  2243  2243 W ResourceType: No package identifier when getting name for resource number 0x000000c2
11-25 22:48:13.036  2243  2243 I ViewInteraction: Performing 'single click' action on view with id: 194 (resource name not found)
11-25 22:48:13.090  2243  2259 I DroidFlux:Dispatcher: [STARTED] dispatch of action [GIF_PLAY]
11-25 22:48:13.091  2243  2259 I DroidFlux:Dispatcher: [COMPLETED] dispatch of action [GIF_PLAY]
11-25 22:48:13.636  2243  2243 W ResourceType: No package identifier when getting name for resource number 0x000000c6
11-25 22:48:13.636  2243  2243 I ViewInteraction: Performing 'scroll RecyclerView to position: 17' action on view with id: 198 (resource name not found)
11-25 22:48:13.644  2243  2259 I DroidFlux:Dispatcher: [STARTED] dispatch of action [GIF_LIST_FETCHING]
11-25 22:48:13.644  2243  2259 D DroidFlux:Dispatcher: An action of type [GIF_LIST_FETCHING] was dispatched, but no reducer handled it
11-25 22:48:13.644  2243  2259 I DroidFlux:Dispatcher: [COMPLETED] dispatch of action [GIF_LIST_FETCHING]
11-25 22:48:13.653  2243  2259 I DroidFlux:Dispatcher: [STARTED] dispatch of action [GIF_LIST_FETCHING]
11-25 22:48:13.653  2243  2259 D DroidFlux:Dispatcher: An action of type [GIF_LIST_FETCHING] was dispatched, but no reducer handled it
11-25 22:48:13.653  2243  2259 I DroidFlux:Dispatcher: [COMPLETED] dispatch of action [GIF_LIST_FETCHING]
11-25 22:48:13.922  2243  2243 W ResourceType: No package identifier when getting name for resource number 0x000000c6
11-25 22:48:13.928  2243  2243 W ResourceType: No package identifier when getting name for resource number 0x000000ce
11-25 22:48:13.928  2243  2243 I ViewInteraction: Performing 'single click' action on view with id: 206 (resource name not found)
11-25 22:48:13.980  2243  2259 I DroidFlux:Dispatcher: [STARTED] dispatch of action [GIF_PLAY]
11-25 22:48:13.981  2243  2259 I DroidFlux:Dispatcher: [COMPLETED] dispatch of action [GIF_PLAY]
11-25 22:48:14.511  2243  2243 W ResourceType: No package identifier when getting name for resource number 0x000000d2
11-25 22:48:14.511  2243  2243 I ViewInteraction: Performing 'scroll RecyclerView to position: 18' action on view with id: 210 (resource name not found)
11-25 22:48:14.535  2243  2259 I DroidFlux:Dispatcher: [STARTED] dispatch of action [GIF_LIST_FETCHING]
11-25 22:48:14.535  2243  2259 D DroidFlux:Dispatcher: An action of type [GIF_LIST_FETCHING] was dispatched, but no reducer handled it
11-25 22:48:14.535  2243  2259 I DroidFlux:Dispatcher: [COMPLETED] dispatch of action [GIF_LIST_FETCHING]
11-25 22:48:14.535  2243  2259 I DroidFlux:Dispatcher: [STARTED] dispatch of action [GIF_LIST_FETCHING]
11-25 22:48:14.536  2243  2259 D DroidFlux:Dispatcher: An action of type [GIF_LIST_FETCHING] was dispatched, but no reducer handled it
11-25 22:48:14.536  2243  2259 I DroidFlux:Dispatcher: [COMPLETED] dispatch of action [GIF_LIST_FETCHING]
11-25 22:48:14.832  2243  2243 W ResourceType: No package identifier when getting name for resource number 0x000000d2
11-25 22:48:14.837  2243  2243 W ResourceType: No package identifier when getting name for resource number 0x000000da
11-25 22:48:14.837  2243  2243 I ViewInteraction: Performing 'single click' action on view with id: 218 (resource name not found)
11-25 22:48:14.888  2243  2259 I DroidFlux:Dispatcher: [STARTED] dispatch of action [GIF_PLAY]
11-25 22:48:14.888  2243  2259 I DroidFlux:Dispatcher: [COMPLETED] dispatch of action [GIF_PLAY]
11-25 22:48:15.406  2243  2243 W ResourceType: No package identifier when getting name for resource number 0x000000de
11-25 22:48:15.415  2243  2243 I ViewInteraction: Performing 'scroll RecyclerView to position: 19' action on view with id: 222 (resource name not found)
11-25 22:48:15.440  2243  2259 I DroidFlux:Dispatcher: [STARTED] dispatch of action [GIF_LIST_FETCHING]
11-25 22:48:15.440  2243  2259 D DroidFlux:Dispatcher: An action of type [GIF_LIST_FETCHING] was dispatched, but no reducer handled it
11-25 22:48:15.440  2243  2259 I DroidFlux:Dispatcher: [COMPLETED] dispatch of action [GIF_LIST_FETCHING]
11-25 22:48:15.440  2243  2259 I DroidFlux:Dispatcher: [STARTED] dispatch of action [GIF_LIST_FETCHING]
11-25 22:48:15.441  2243  2259 D DroidFlux:Dispatcher: An action of type [GIF_LIST_FETCHING] was dispatched, but no reducer handled it
11-25 22:48:15.441  2243  2259 I DroidFlux:Dispatcher: [COMPLETED] dispatch of action [GIF_LIST_FETCHING]
11-25 22:48:15.706  2243  2243 W ResourceType: No package identifier when getting name for resource number 0x000000de
11-25 22:48:15.719  2243  2243 W ResourceType: No package identifier when getting name for resource number 0x000000e6
11-25 22:48:15.719  2243  2243 I ViewInteraction: Performing 'single click' action on view with id: 230 (resource name not found)
11-25 22:48:15.774  2243  2259 I DroidFlux:Dispatcher: [STARTED] dispatch of action [GIF_PLAY]
11-25 22:48:15.775  2243  2259 I DroidFlux:Dispatcher: [COMPLETED] dispatch of action [GIF_PLAY]
11-25 22:48:16.307  2243  2243 W ResourceType: No package identifier when getting name for resource number 0x000000f1
11-25 22:48:16.307  2243  2243 I ViewInteraction: Performing 'single click' action on view with id: 241 (resource name not found)
11-25 22:48:16.367  2243  2259 I DroidFlux:Dispatcher: [STARTED] dispatch of action [GIF_PAUSE]
11-25 22:48:16.376  2243  2259 I DroidFlux:Dispatcher: [COMPLETED] dispatch of action [GIF_PAUSE]
11-25 22:48:16.916  2243  2243 D LifecycleMonitor: Lifecycle status change: br.com.catbag.gifreduxsample.ui.GifListActivity@a798e2e in: PAUSED
11-25 22:48:16.917  2243  2258 I TestRunner: finished: whenListKeepOrderedAfterPlayTest(br.com.catbag.gifreduxsample.ui.giflist.GifListActivityTest)
11-25 22:48:16.992   978   978 D gralloc : Registering a buffer in the process that created it. This may cause memory ordering problems.
11-25 22:48:16.993   978   978 E libEGL  : called unimplemented OpenGL ES API
11-25 22:48:16.993   978   978 E SurfaceFlinger: glCheckFramebufferStatusOES error 2054343128
11-25 22:48:16.993   978   978 E SurfaceFlinger: got GL_FRAMEBUFFER_COMPLETE_OES error while taking screenshot
11-25 22:48:17.000  1237  1558 W WindowManager: Screenshot failure taking screenshot for (480x800) to layer 21005
11-25 22:48:17.007  2243  2243 I MonitoringInstrumentation: Activities that are still in CREATED to STOPPED: 1
11-25 22:48:17.034  2243  2258 I TestRunner: started: whenGifIsWatchedTest(br.com.catbag.gifreduxsample.ui.giflist.GifListActivityTest)
11-25 22:48:17.036  2243  2243 I MonitoringInstrumentation: Activities that are still in CREATED to STOPPED: 1
11-25 22:48:17.104  2243  2259 I DroidFlux:Dispatcher: [STARTED] dispatch of action [FAKE_REDUCE_ACTION]
11-25 22:48:17.105  2243  2259 I DroidFlux:Dispatcher: [COMPLETED] dispatch of action [FAKE_REDUCE_ACTION]
11-25 22:48:17.157  2243  2254 I art     : Background sticky concurrent mark sweep GC freed 30317(2MB) AllocSpace objects, 15(320KB) LOS objects, 16% free, 12MB/14MB, paused 15.889ms total 256.493ms
11-25 22:48:17.185  1696  1696 W art     : Long monitor contention with owner Binder:1696_3 (2283) at boolean android.os.MessageQueue.enqueueMessage(android.os.Message, long)(MessageQueue.java:541) waiters=0 in android.os.Message android.os.MessageQueue.next() for 258ms
11-25 22:48:17.187  1696  1710 W art     : Long monitor contention with owner Binder:1696_3 (2283) at boolean android.os.MessageQueue.enqueueMessage(android.os.Message, long)(MessageQueue.java:541) waiters=1 in boolean android.os.MessageQueue.enqueueMessage(android.os.Message, long) for 183ms
11-25 22:48:17.305  2243  2291 D ActivityTestRule: Launching activity br.com.catbag.gifreduxsample.ui.GifListActivity
11-25 22:48:17.322  2243  2292 D MonitoringInstrumentation: execStartActivity(context, ibinder, ibinder, activity, intent, int, bundle
11-25 22:48:17.323  1237  1314 I ActivityManager: START u0 {flg=0x10000000 cmp=br.com.catbag.gifreduxsample/.ui.GifListActivity} from uid 10060 on display 0
11-25 22:48:17.749  1237  1251 W art     : Long monitor contention with owner Binder:1237_3 (1314) at int com.android.server.am.ActivityStarter.startActivityMayWait(android.app.IApplicationThread, int, java.lang.String, android.content.Intent, java.lang.String, android.service.voice.IVoiceInteractionSession, com.android.internal.app.IVoiceInteractor, android.os.IBinder, java.lang.String, int, int, android.app.ProfilerInfo, android.app.IActivityManager$WaitResult, android.content.res.Configuration, android.os.Bundle, boolean, int, android.app.IActivityContainer, com.android.server.am.TaskRecord)(ActivityStarter.java:725) waiters=0 in void com.android.server.am.ActivityStack$ActivityStackHandler.handleMessage(android.os.Message) for 320ms
11-25 22:48:17.761  1696  1696 I Choreographer: Skipped 40 frames!  The application may be doing too much work on its main thread.
11-25 22:48:17.813  2243  2243 D LifecycleMonitor: Lifecycle status change: br.com.catbag.gifreduxsample.ui.GifListActivity@930755f in: PRE_ON_CREATE
11-25 22:48:17.922  2243  2243 D LifecycleMonitor: Lifecycle status change: br.com.catbag.gifreduxsample.ui.GifListActivity@930755f in: CREATED
11-25 22:48:17.927  2243  2259 I DroidFlux:Dispatcher: [STARTED] dispatch of action [APP_STATE_LOAD]
11-25 22:48:17.928  2243  2259 D DroidFlux:Dispatcher: An action of type [APP_STATE_LOAD] was dispatched, but no reducer handled it
11-25 22:48:17.928  2243  2259 I DroidFlux:Dispatcher: [COMPLETED] dispatch of action [APP_STATE_LOAD]
11-25 22:48:17.933  2243  2243 D LifecycleMonitor: Lifecycle status change: br.com.catbag.gifreduxsample.ui.GifListActivity@930755f in: STARTED
11-25 22:48:17.935  2243  2243 D LifecycleMonitor: Lifecycle status change: br.com.catbag.gifreduxsample.ui.GifListActivity@930755f in: RESUMED
11-25 22:48:17.946  1696  1696 I Choreographer: Skipped 39 frames!  The application may be doing too much work on its main thread.
11-25 22:48:17.973  1237  1258 I Choreographer: Skipped 42 frames!  The application may be doing too much work on its main thread.
11-25 22:48:18.045  1237  1247 I art     : WaitForGcToComplete blocked for 16.855ms for cause Background
11-25 22:48:18.048  2243  2243 E Feed    : Gif{uuid=f996d4f6-c2a1-42e5-bacb-b48cc2b4ee25, path=, url=, title=, watched=true, status=DOWNLOADED}
11-25 22:48:18.048  2243  2243 E Feed    : pl.droidsonroids.gif.GifIOException: GifError 101: Failed to open given input
11-25 22:48:18.048  2243  2243 E Feed    : 	at pl.droidsonroids.gif.GifInfoHandle.openFile(Native Method)
11-25 22:48:18.048  2243  2243 E Feed    : 	at pl.droidsonroids.gif.GifInfoHandle.<init>(GifInfoHandle.java:46)
11-25 22:48:18.048  2243  2243 E Feed    : 	at pl.droidsonroids.gif.GifDrawable.<init>(GifDrawable.java:124)
11-25 22:48:18.048  2243  2243 E Feed    : 	at br.com.catbag.gifreduxsample.ui.views.FeedView.createDrawable(FeedView.java:123)
11-25 22:48:18.048  2243  2243 E Feed    : 	at br.com.catbag.gifreduxsample.ui.views.FeedView.lambda$renderGifView$1(FeedView.java:110)
11-25 22:48:18.048  2243  2243 E Feed    : 	at br.com.catbag.gifreduxsample.ui.views.FeedView$$Lambda$4.view(Unknown Source)
11-25 22:48:18.048  2243  2243 E Feed    : 	at trikita.anvil.BaseDSL.v(BaseDSL.java:670)
11-25 22:48:18.048  2243  2243 E Feed    : 	at br.com.catbag.gifreduxsample.ui.views.FeedView.renderGifView(FeedView.java:109)
11-25 22:48:18.048  2243  2243 E Feed    : 	at br.com.catbag.gifreduxsample.ui.views.FeedView.access$lambda$0(FeedView.java)
11-25 22:48:18.048  2243  2243 E Feed    : 	at br.com.catbag.gifreduxsample.ui.views.FeedView$$Lambda$5.view(Unknown Source)
11-25 22:48:18.048  2243  2243 E Feed    : 	at br.com.catbag.gifreduxsample.ui.views.GifsAdapter.view(GifsAdapter.java:55)
11-25 22:48:18.048  2243  2243 E Feed    : 	at trikita.anvil.RenderableRecyclerViewAdapter$1.view(RenderableRecyclerViewAdapter.java:24)
11-25 22:48:18.048  2243  2243 E Feed    : 	at trikita.anvil.Anvil$Mount.render(Anvil.java:204)
11-25 22:48:18.048  2243  2243 E Feed    : 	at trikita.anvil.Anvil.render(Anvil.java:173)
11-25 22:48:18.048  2243  2243 E Feed    : 	at trikita.anvil.RenderableRecyclerViewAdapter.onBindViewHolder(RenderableRecyclerViewAdapter.java:27)
11-25 22:48:18.048  2243  2243 E Feed    : 	at trikita.anvil.RenderableRecyclerViewAdapter.onBindViewHolder(RenderableRecyclerViewAdapter.java:7)
11-25 22:48:18.048  2243  2243 E Feed    : 	at android.support.v7.widget.RecyclerView$Adapter.onBindViewHolder(RecyclerView.java:5768)
11-25 22:48:18.048  2243  2243 E Feed    : 	at android.support.v7.widget.RecyclerView$Adapter.bindViewHolder(RecyclerView.java:5801)
11-25 22:48:18.048  2243  2243 E Feed    : 	at android.support.v7.widget.RecyclerView$Recycler.getViewForPosition(RecyclerView.java:5037)
11-25 22:48:18.048  2243  2243 E Feed    : 	at android.support.v7.widget.RecyclerView$Recycler.getViewForPosition(RecyclerView.java:4913)
11-25 22:48:18.048  2243  2243 E Feed    : 	at android.support.v7.widget.LinearLayoutManager$LayoutState.next(LinearLayoutManager.java:2029)
11-25 22:48:18.048  2243  2243 E Feed    : 	at android.support.v7.widget.LinearLayoutManager.layoutChunk(LinearLayoutManager.java:1414)
11-25 22:48:18.048  2243  2243 E Feed    : 	at android.support.v7.widget.LinearLayoutManager.fill(LinearLayoutManager.java:1377)
11-25 22:48:18.048  2243  2243 E Feed    : 	at android.support.v7.widget.LinearLayoutManager.onLayoutChildren(LinearLayoutManager.java:578)
11-25 22:48:18.048  2243  2243 E Feed    : 	at android.support.v7.widget.RecyclerView.dispatchLayoutStep2(RecyclerView.java:3260)
11-25 22:48:18.048  2243  2243 E Feed    : 	at android.support.v7.widget.RecyclerView.dispatchLayout(RecyclerView.java:3069)
11-25 22:48:18.048  2243  2243 E Feed    : 	at android.support.v7.widget.RecyclerView.onLayout(RecyclerView.java:3518)
11-25 22:48:18.048  2243  2243 E Feed    : 	at android.view.View.layout(View.java:17520)
11-25 22:48:18.048  2243  2243 E Feed    : 	at android.view.ViewGroup.layout(ViewGroup.java:5612)
11-25 22:48:18.048  2243  2243 E Feed    : 	at android.widget.FrameLayout.layoutChildren(FrameLayout.java:323)
11-25 22:48:18.048  2243  2243 E Feed    : 	at android.widget.FrameLayout.onLayout(FrameLayout.java:261)
11-25 22:48:18.048  2243  2243 E Feed    : 	at android.view.View.layout(View.java:17520)
11-25 22:48:18.048  2243  2243 E Feed    : 	at android.view.ViewGroup.layout(ViewGroup.java:5612)
11-25 22:48:18.048  2243  2243 E Feed    : 	at android.widget.RelativeLayout.onLayout(RelativeLayout.java:1079)
11-25 22:48:18.048  2243  2243 E Feed    : 	at android.view.View.layout(View.java:17520)
11-25 22:48:18.048  2243  2243 E Feed    : 	at android.view.ViewGroup.layout(ViewGroup.java:5612)
11-25 22:48:18.048  2243  2243 E Feed    : 	at android.widget.FrameLayout.layoutChildren(FrameLayout.java:323)
11-25 22:48:18.048  2243  2243 E Feed    : 	at android.widget.FrameLayout.onLayout(FrameLayout.java:261)
11-25 22:48:18.048  2243  2243 E Feed    : 	at android.view.View.layout(View.java:17520)
11-25 22:48:18.048  2243  2243 E Feed    : 	at android.view.ViewGroup.layout(ViewGroup.java:5612)
11-25 22:48:18.048  2243  2243 E Feed    : 	at android.support.v7.widget.ActionBarOverlayLayout.onLayout(ActionBarOverlayLayout.java:435)
11-25 22:48:18.048  2243  2243 E Feed    : 	at android.view.View.layout(View.java:17520)
11-25 22:48:18.048  2243  2243 E Feed    : 	at android.view.ViewGroup.layout(ViewGroup.java:5612)
11-25 22:48:18.048  2243  2243 E Feed    : 	at android.widget.FrameLayout.layoutChildren(FrameLayout.java:323)
11-25 22:48:18.048  2243  2243 E Feed    : 	at android.widget.FrameLayout.onLayout(FrameLayout.java:261)
11-25 22:48:18.048  2243  2243 E Feed    : 	at android.view.View.layout(View.java:17520)
11-25 22:48:18.048  2243  2243 E Feed    : 	at android.view.ViewGroup.layout(ViewGroup.java:5612)
11-25 22:48:18.048  2243  2243 E Feed    : 	at android.widget.LinearLayout.setChildFrame(LinearLayout.java:1741)
11-25 22:48:18.048  2243  2243 E Feed    : 	at android.widget.LinearLayout.layoutVertical(LinearLayout.java:1585)
11-25 22:48:18.048  2243  2243 E Feed    : 	at android.widget.LinearLayout.onLayout(LinearLayout.java:1494)
11-25 22:48:18.048  2243  2243 E Feed    : 	at android.view.View.layout(View.java:17520)
11-25 22:48:18.048  2243  2243 E Feed    : 	at android.view.ViewGroup.layout(ViewGroup.java:5612)
11-25 22:48:18.048  2243  2243 E Feed    : 	at android.widget.FrameLayout.layoutChildren(FrameLayout.java:323)
11-25 22:48:18.048  2243  2243 E Feed    : 	at android.widget.FrameLayout.onLayout(FrameLayout.java:261)
11-25 22:48:18.048  2243  2243 E Feed    : 	at com.android.internal.policy.DecorView.onLayout(DecorView.java:724)
11-25 22:48:18.048  2243  2243 E Feed    : 	at android.view.View.layout(View.java:17520)
11-25 22:48:18.048  2243  2243 E Feed    : 	at android.view.ViewGroup.layout(ViewGroup.java:5612)
11-25 22:48:18.048  2243  2243 E Feed    : 	at android.view.ViewRootImpl.performLayout(ViewRootImpl.java:2342)
11-25 22:48:18.048  2243  2243 E Feed    : 	at android.view.ViewRootImpl.performTraversals(ViewRootImpl.java:2069)
11-25 22:48:18.048  2243  2243 E Feed    : 	at android.view.ViewRootImpl.doTraversal(ViewRootImpl.java:1246)
11-25 22:48:18.048  2243  2243 E Feed    : 	at android.view.ViewRootImpl$TraversalRunnable.run(ViewRootImpl.java:6301)
11-25 22:48:18.048  2243  2243 E Feed    : 	at android.view.Choreographer$CallbackRecord.run(Choreographer.java:871)
11-25 22:48:18.048  2243  2243 E Feed    : 	at android.view.Choreographer.doCallbacks(Choreographer.java:683)
11-25 22:48:18.048  2243  2243 E Feed    : 	at android.view.Choreographer.doFrame(Choreographer.java:619)
11-25 22:48:18.048  2243  2243 E Feed    : 	at android.view.Choreographer$FrameDisplayEventReceiver.run(Choreographer.java:857)
11-25 22:48:18.048  2243  2243 E Feed    : 	at android.os.Handler.handleCallback(Handler.java:751)
11-25 22:48:18.048  2243  2243 E Feed    : 	at android.os.Handler.dispatchMessage(Handler.java:95)
11-25 22:48:18.048  2243  2243 E Feed    : 	at android.os.Looper.loop(Looper.java:154)
11-25 22:48:18.048  2243  2243 E Feed    : 	at android.app.ActivityThread.main(ActivityThread.java:6077)
11-25 22:48:18.048  2243  2243 E Feed    : 	at java.lang.reflect.Method.invoke(Native Method)
11-25 22:48:18.048  2243  2243 E Feed    : 	at com.android.internal.os.ZygoteInit$MethodAndArgsCaller.run(ZygoteInit.java:865)
11-25 22:48:18.048  2243  2243 E Feed    : 	at com.android.internal.os.ZygoteInit.main(ZygoteInit.java:755)
11-25 22:48:18.078  1696  1696 I Choreographer: Skipped 34 frames!  The application may be doing too much work on its main thread.
11-25 22:48:18.266  1237  1258 I Choreographer: Skipped 69 frames!  The application may be doing too much work on its main thread.
11-25 22:48:18.443  2243  2243 D LifecycleMonitor: Lifecycle status change: br.com.catbag.gifreduxsample.ui.GifListActivity@a798e2e in: STOPPED
11-25 22:48:18.444  2243  2243 D LifecycleMonitor: Lifecycle status change: br.com.catbag.gifreduxsample.ui.GifListActivity@a798e2e in: DESTROYED
11-25 22:48:18.454  1237  1379 I WindowManager: Destroying surface Surface(name=br.com.catbag.gifreduxsample/br.com.catbag.gifreduxsample.ui.GifListActivity) called by com.android.server.wm.WindowStateAnimator.destroySurface:2014 com.android.server.wm.WindowStateAnimator.destroySurfaceLocked:881 com.android.server.wm.WindowState.removeLocked:1449 com.android.server.wm.WindowManagerService.removeWindowInnerLocked:2478 com.android.server.wm.WindowManagerService.removeWindowLocked:2436 com.android.server.wm.WindowManagerService.removeWindowLocked:2305 com.android.server.wm.WindowManagerService.removeWindow:2300 com.android.server.wm.Session.remove:193 
11-25 22:48:18.472  1237  1258 I ActivityManager: Displayed br.com.catbag.gifreduxsample/.ui.GifListActivity: +692ms
11-25 22:48:18.562  2243  2243 D LifecycleMonitor: Lifecycle status change: br.com.catbag.gifreduxsample.ui.GifListActivity@930755f in: PAUSED
11-25 22:48:18.572  2243  2258 I TestRunner: finished: whenGifIsWatchedTest(br.com.catbag.gifreduxsample.ui.giflist.GifListActivityTest)
11-25 22:48:18.610   978   978 D gralloc : Registering a buffer in the process that created it. This may cause memory ordering problems.
11-25 22:48:18.610   978   978 E libEGL  : called unimplemented OpenGL ES API
11-25 22:48:18.610   978   978 E SurfaceFlinger: glCheckFramebufferStatusOES error 2054343128
11-25 22:48:18.610   978   978 E SurfaceFlinger: got GL_FRAMEBUFFER_COMPLETE_OES error while taking screenshot
11-25 22:48:18.612  1237  1558 W WindowManager: Screenshot failure taking screenshot for (480x800) to layer 22015
11-25 22:48:18.629  1237  1247 I art     : Background sticky concurrent mark sweep GC freed 30662(2MB) AllocSpace objects, 14(280KB) LOS objects, 27% free, 7MB/10MB, paused 6.968ms total 531.176ms
11-25 22:48:18.660  2243  2243 I MonitoringInstrumentation: Activities that are still in CREATED to STOPPED: 1
11-25 22:48:18.661  2243  2258 I TestRunner: started: whenScrollUpAndPlayFirstItemTest(br.com.catbag.gifreduxsample.ui.giflist.GifListActivityTest)
11-25 22:48:18.693  2243  2243 I MonitoringInstrumentation: Activities that are still in CREATED to STOPPED: 1
11-25 22:48:18.696  1696  1696 I Choreographer: Skipped 71 frames!  The application may be doing too much work on its main thread.
11-25 22:48:18.716  1237  1258 I WindowManager: Destroying surface Surface(name=Starting br.com.catbag.gifreduxsample) called by com.android.server.wm.WindowStateAnimator.destroySurface:2014 com.android.server.wm.WindowStateAnimator.destroySurfaceLocked:881 com.android.server.wm.WindowState.removeLocked:1449 com.android.server.wm.WindowManagerService.removeWindowInnerLocked:2478 com.android.server.wm.AppWindowToken.destroySurfaces:365 com.android.server.wm.WindowStateAnimator.finishExit:565 com.android.server.wm.WindowStateAnimator.stepAnimationLocked:491 com.android.server.wm.WindowAnimator.updateWindowsLocked:303 
11-25 22:48:18.769  2243  2259 I DroidFlux:Dispatcher: [STARTED] dispatch of action [FAKE_REDUCE_ACTION]
11-25 22:48:18.770  2243  2259 I DroidFlux:Dispatcher: [COMPLETED] dispatch of action [FAKE_REDUCE_ACTION]
11-25 22:48:18.772  2243  2295 D ActivityTestRule: Launching activity br.com.catbag.gifreduxsample.ui.GifListActivity
11-25 22:48:18.774  2243  2296 D MonitoringInstrumentation: execStartActivity(context, ibinder, ibinder, activity, intent, int, bundle
11-25 22:48:18.774  1237  1314 I ActivityManager: START u0 {flg=0x10000000 cmp=br.com.catbag.gifreduxsample/.ui.GifListActivity} from uid 10060 on display 0
11-25 22:48:18.796  1237  1248 W InputMethodManagerService: Focus gain on non-focused client com.android.internal.view.IInputMethodClient$Stub$Proxy@187064 (uid=10012 pid=1696)
11-25 22:48:18.801  1237  1685 D WindowManager: relayoutVisibleWindow: Window{59c1831 u0 com.android.launcher3/com.android.launcher3.Launcher EXITING} mAnimatingExit=true, mRemoveOnExit=false, mDestroying=false
11-25 22:48:18.817  1237  1249 I ActivityManager: Activity reported stop, but no longer stopping: ActivityRecord{c68807d u0 com.android.launcher3/.Launcher t3}
11-25 22:48:18.917  2243  2243 D LifecycleMonitor: Lifecycle status change: br.com.catbag.gifreduxsample.ui.GifListActivity@f84605b in: PRE_ON_CREATE
11-25 22:48:18.967  2243  2243 D LifecycleMonitor: Lifecycle status change: br.com.catbag.gifreduxsample.ui.GifListActivity@f84605b in: CREATED
11-25 22:48:18.968  2243  2243 D LifecycleMonitor: Lifecycle status change: br.com.catbag.gifreduxsample.ui.GifListActivity@f84605b in: STARTED
11-25 22:48:18.968  2243  2259 I DroidFlux:Dispatcher: [STARTED] dispatch of action [APP_STATE_LOAD]
11-25 22:48:18.980  2243  2243 D LifecycleMonitor: Lifecycle status change: br.com.catbag.gifreduxsample.ui.GifListActivity@f84605b in: RESUMED
11-25 22:48:18.984  2243  2243 D LifecycleMonitor: Lifecycle status change: br.com.catbag.gifreduxsample.ui.GifListActivity@930755f in: STOPPED
11-25 22:48:18.985  2243  2243 D LifecycleMonitor: Lifecycle status change: br.com.catbag.gifreduxsample.ui.GifListActivity@930755f in: DESTROYED
11-25 22:48:19.010  2243  2259 D DroidFlux:Dispatcher: An action of type [APP_STATE_LOAD] was dispatched, but no reducer handled it
11-25 22:48:19.010  2243  2259 I DroidFlux:Dispatcher: [COMPLETED] dispatch of action [APP_STATE_LOAD]
11-25 22:48:19.079  2243  2259 I DroidFlux:Dispatcher: [STARTED] dispatch of action [GIF_LIST_FETCHING]
11-25 22:48:19.080  2243  2259 D DroidFlux:Dispatcher: An action of type [GIF_LIST_FETCHING] was dispatched, but no reducer handled it
11-25 22:48:19.080  2243  2259 I DroidFlux:Dispatcher: [COMPLETED] dispatch of action [GIF_LIST_FETCHING]
11-25 22:48:19.082  1237  1258 I Choreographer: Skipped 34 frames!  The application may be doing too much work on its main thread.
11-25 22:48:19.083  1237  1258 I WindowManager: Destroying surface Surface(name=br.com.catbag.gifreduxsample/br.com.catbag.gifreduxsample.ui.GifListActivity) called by com.android.server.wm.WindowStateAnimator.destroySurface:2014 com.android.server.wm.WindowStateAnimator.destroySurfaceLocked:881 com.android.server.wm.WindowState.destroyOrSaveSurface:2073 com.android.server.wm.AppWindowToken.destroySurfaces:363 com.android.server.wm.WindowStateAnimator.finishExit:565 com.android.server.wm.AppWindowAnimator.stepAnimationLocked:427 com.android.server.wm.WindowAnimator.updateAppWindowsLocked:196 com.android.server.wm.WindowAnimator.animateLocked:678 
11-25 22:48:19.208  2243  2243 W ResourceType: No package identifier when getting name for resource number 0x000000f7
11-25 22:48:19.208  2243  2243 I ViewInteraction: Performing 'scroll RecyclerView to position: 4' action on view with id: 247 (resource name not found)
11-25 22:48:19.288  1237  1258 I ActivityManager: Displayed br.com.catbag.gifreduxsample/.ui.GifListActivity: +448ms
11-25 22:48:19.294  2243  2248 I art     : Do partial code cache collection, code=123KB, data=118KB
11-25 22:48:19.294  2243  2248 I art     : After code cache collection, code=122KB, data=117KB
11-25 22:48:19.294  2243  2248 I art     : Increasing code cache capacity to 512KB
11-25 22:48:19.612  1237  1258 I WindowManager: Destroying surface Surface(name=Starting br.com.catbag.gifreduxsample) called by com.android.server.wm.WindowStateAnimator.destroySurface:2014 com.android.server.wm.WindowStateAnimator.destroySurfaceLocked:881 com.android.server.wm.WindowState.destroyOrSaveSurface:2073 com.android.server.wm.AppWindowToken.destroySurfaces:363 com.android.server.wm.WindowStateAnimator.finishExit:565 com.android.server.wm.WindowStateAnimator.stepAnimationLocked:491 com.android.server.wm.WindowAnimator.updateWindowsLocked:303 com.android.server.wm.WindowAnimator.animateLocked:704 
11-25 22:48:19.652  2243  2243 W ResourceType: No package identifier when getting name for resource number 0x000000f7
11-25 22:48:19.658  2243  2243 W ResourceType: No package identifier when getting name for resource number 0x000000f8
11-25 22:48:19.658  2243  2243 I ViewInteraction: Performing 'actionOnItemAtPosition performing ViewAction: single click on item at position: 0' action on view with id: 248 (resource name not found)
11-25 22:48:19.820  2243  2259 I DroidFlux:Dispatcher: [STARTED] dispatch of action [GIF_PLAY]
11-25 22:48:19.821  2243  2259 I DroidFlux:Dispatcher: [COMPLETED] dispatch of action [GIF_PLAY]
11-25 22:48:19.830   985  1022 D AudioFlinger: mixer(0xa7a83040) throttle end: throttle time(11)
11-25 22:48:19.850   985  1022 D AudioFlinger: mixer(0xa7a83040) throttle end: throttle time(11)
11-25 22:48:19.913  1237  1557 I WindowManager: Destroying surface Surface(name=com.android.launcher3/com.android.launcher3.Launcher) called by com.android.server.wm.WindowStateAnimator.destroySurface:2014 com.android.server.wm.WindowStateAnimator.destroySurfaceLocked:881 com.android.server.wm.WindowState.destroyOrSaveSurface:2073 com.android.server.wm.AppWindowToken.destroySurfaces:363 com.android.server.wm.AppWindowToken.notifyAppStopped:389 com.android.server.wm.WindowManagerService.notifyAppStopped:4456 com.android.server.am.ActivityStack.activityStoppedLocked:1252 com.android.server.am.ActivityManagerService.activityStopped:6873 
11-25 22:48:20.460  2243  2243 D LifecycleMonitor: Lifecycle status change: br.com.catbag.gifreduxsample.ui.GifListActivity@f84605b in: PAUSED
11-25 22:48:20.464  2243  2258 I TestRunner: finished: whenScrollUpAndPlayFirstItemTest(br.com.catbag.gifreduxsample.ui.giflist.GifListActivityTest)
11-25 22:48:20.496   978   978 D gralloc : Registering a buffer in the process that created it. This may cause memory ordering problems.
11-25 22:48:20.496   978   978 E libEGL  : called unimplemented OpenGL ES API
11-25 22:48:20.496   978   978 E SurfaceFlinger: glCheckFramebufferStatusOES error 2054343128
11-25 22:48:20.496   978   978 E SurfaceFlinger: got GL_FRAMEBUFFER_COMPLETE_OES error while taking screenshot
11-25 22:48:20.498  1237  1249 W WindowManager: Screenshot failure taking screenshot for (480x800) to layer 21010
11-25 22:48:20.505  2243  2243 I MonitoringInstrumentation: Activities that are still in CREATED to STOPPED: 1
11-25 22:48:20.507  2243  2258 I TestRunner: started: whenEndlessScrollTriggered(br.com.catbag.gifreduxsample.ui.giflist.GifListActivityTest)
11-25 22:48:20.526  2243  2243 I MonitoringInstrumentation: Activities that are still in CREATED to STOPPED: 1
11-25 22:48:20.611  2243  2259 I DroidFlux:Dispatcher: [STARTED] dispatch of action [FAKE_REDUCE_ACTION]
11-25 22:48:20.612  2243  2259 I DroidFlux:Dispatcher: [COMPLETED] dispatch of action [FAKE_REDUCE_ACTION]
11-25 22:48:20.623  2243  2297 D ActivityTestRule: Launching activity br.com.catbag.gifreduxsample.ui.GifListActivity
11-25 22:48:20.636  2243  2298 D MonitoringInstrumentation: execStartActivity(context, ibinder, ibinder, activity, intent, int, bundle
11-25 22:48:20.636  1237  1557 I ActivityManager: START u0 {flg=0x10000000 cmp=br.com.catbag.gifreduxsample/.ui.GifListActivity} from uid 10060 on display 0
11-25 22:48:20.811  2243  2243 D LifecycleMonitor: Lifecycle status change: br.com.catbag.gifreduxsample.ui.GifListActivity@40d7cdf in: PRE_ON_CREATE
11-25 22:48:20.862  2243  2243 D LifecycleMonitor: Lifecycle status change: br.com.catbag.gifreduxsample.ui.GifListActivity@40d7cdf in: CREATED
11-25 22:48:20.870  2243  2259 I DroidFlux:Dispatcher: [STARTED] dispatch of action [APP_STATE_LOAD]
11-25 22:48:20.871  2243  2259 D DroidFlux:Dispatcher: An action of type [APP_STATE_LOAD] was dispatched, but no reducer handled it
11-25 22:48:20.871  2243  2259 I DroidFlux:Dispatcher: [COMPLETED] dispatch of action [APP_STATE_LOAD]
11-25 22:48:20.876  2243  2243 D LifecycleMonitor: Lifecycle status change: br.com.catbag.gifreduxsample.ui.GifListActivity@40d7cdf in: STARTED
11-25 22:48:20.881  2243  2243 D LifecycleMonitor: Lifecycle status change: br.com.catbag.gifreduxsample.ui.GifListActivity@40d7cdf in: RESUMED
11-25 22:48:21.016  2243  2254 I art     : Background sticky concurrent mark sweep GC freed 11619(891KB) AllocSpace objects, 4(80KB) LOS objects, 8% free, 13MB/14MB, paused 4.928ms total 158.666ms
11-25 22:48:21.110  2243  2243 D LifecycleMonitor: Lifecycle status change: br.com.catbag.gifreduxsample.ui.GifListActivity@f84605b in: STOPPED
11-25 22:48:21.111  2243  2243 D LifecycleMonitor: Lifecycle status change: br.com.catbag.gifreduxsample.ui.GifListActivity@f84605b in: DESTROYED
11-25 22:48:21.128  1237  1558 I WindowManager: Destroying surface Surface(name=com.android.launcher3/com.android.launcher3.Launcher) called by com.android.server.wm.WindowStateAnimator.destroySurface:2014 com.android.server.wm.WindowStateAnimator.destroySurfaceLocked:881 com.android.server.wm.WindowState.destroyOrSaveSurface:2073 com.android.server.wm.WindowManagerService.tryStartExitingAnimation:3017 com.android.server.wm.WindowManagerService.relayoutWindow:2897 com.android.server.wm.Session.relayout:215 android.view.IWindowSession$Stub.onTransact:286 com.android.server.wm.Session.onTransact:136 
11-25 22:48:21.195  2243  2243 W ResourceType: No package identifier when getting name for resource number 0x000000fb
11-25 22:48:21.195  2243  2243 I ViewInteraction: Performing 'scroll RecyclerView to position: 9' action on view with id: 251 (resource name not found)
11-25 22:48:21.248  2243  2259 I DroidFlux:Dispatcher: [STARTED] dispatch of action [GIF_LIST_FETCHING]
11-25 22:48:21.254  2243  2259 D DroidFlux:Dispatcher: An action of type [GIF_LIST_FETCHING] was dispatched, but no reducer handled it
11-25 22:48:21.254  2243  2259 I DroidFlux:Dispatcher: [COMPLETED] dispatch of action [GIF_LIST_FETCHING]
11-25 22:48:21.262  2243  2259 I DroidFlux:Dispatcher: [STARTED] dispatch of action [GIF_LIST_UPDATED]
11-25 22:48:21.263  2243  2259 I DroidFlux:Dispatcher: [COMPLETED] dispatch of action [GIF_LIST_UPDATED]
11-25 22:48:21.315  1237  1258 I ActivityManager: Displayed br.com.catbag.gifreduxsample/.ui.GifListActivity: +537ms
11-25 22:48:21.334  1237  1258 I WindowManager: Destroying surface Surface(name=br.com.catbag.gifreduxsample/br.com.catbag.gifreduxsample.ui.GifListActivity) called by com.android.server.wm.WindowStateAnimator.destroySurface:2014 com.android.server.wm.WindowStateAnimator.destroySurfaceLocked:881 com.android.server.wm.WindowState.removeLocked:1449 com.android.server.wm.WindowManagerService.removeWindowInnerLocked:2478 com.android.server.wm.AppWindowToken.destroySurfaces:365 com.android.server.wm.WindowStateAnimator.finishExit:565 com.android.server.wm.AppWindowAnimator.stepAnimationLocked:427 com.android.server.wm.WindowAnimator.updateAppWindowsLocked:196 
11-25 22:48:21.428  2243  2254 W art     : Suspending all threads took: 7.927ms
11-25 22:48:21.487  2243  2254 I art     : Background sticky concurrent mark sweep GC freed 1356(83KB) AllocSpace objects, 0(0B) LOS objects, 0% free, 14MB/14MB, paused 37.585ms total 255.963ms
11-25 22:48:21.542  2243  2243 W ResourceType: No package identifier when getting name for resource number 0x000000fb
11-25 22:48:21.569  2243  2243 D LifecycleMonitor: Lifecycle status change: br.com.catbag.gifreduxsample.ui.GifListActivity@40d7cdf in: PAUSED
11-25 22:48:21.570  2243  2258 I TestRunner: finished: whenEndlessScrollTriggered(br.com.catbag.gifreduxsample.ui.giflist.GifListActivityTest)
11-25 22:48:21.607   978   978 D gralloc : Registering a buffer in the process that created it. This may cause memory ordering problems.
11-25 22:48:21.607   978   978 E libEGL  : called unimplemented OpenGL ES API
11-25 22:48:21.608   978   978 E SurfaceFlinger: glCheckFramebufferStatusOES error 2054343128
11-25 22:48:21.608   978   978 E SurfaceFlinger: got GL_FRAMEBUFFER_COMPLETE_OES error while taking screenshot
11-25 22:48:21.623  1237  1685 W WindowManager: Screenshot failure taking screenshot for (480x800) to layer 22015
11-25 22:48:21.632  1237  1258 I WindowManager: Destroying surface Surface(name=Starting br.com.catbag.gifreduxsample) called by com.android.server.wm.WindowStateAnimator.destroySurface:2014 com.android.server.wm.WindowStateAnimator.destroySurfaceLocked:881 com.android.server.wm.WindowState.removeLocked:1449 com.android.server.wm.WindowManagerService.removeWindowInnerLocked:2478 com.android.server.wm.AppWindowToken.destroySurfaces:365 com.android.server.wm.WindowStateAnimator.finishExit:565 com.android.server.wm.WindowStateAnimator.stepAnimationLocked:491 com.android.server.wm.WindowAnimator.updateWindowsLocked:303 
11-25 22:48:21.727  2243  2254 I art     : Background partial concurrent mark sweep GC freed 11049(716KB) AllocSpace objects, 10(1412KB) LOS objects, 23% free, 13MB/17MB, paused 4.849ms total 170.218ms
11-25 22:48:21.874  1237  1252 W art     : Long monitor contention with owner Binder:1237_7 (1685) at void com.android.server.am.ActivityManagerService.activityPaused(android.os.IBinder)(ActivityManagerService.java:6849) waiters=0 in void com.android.server.am.ActivityManagerService.dispatchProcessesChanged() for 298ms
11-25 22:48:21.875  2243  2243 I MonitoringInstrumentation: Activities that are still in CREATED to STOPPED: 1
11-25 22:48:21.877  2243  2258 I TestRunner: started: whenGifIsDownloadedTest(br.com.catbag.gifreduxsample.ui.giflist.GifListActivityTest)
11-25 22:48:21.886  2243  2243 I MonitoringInstrumentation: Activities that are still in CREATED to STOPPED: 1
11-25 22:48:21.897  1696  1696 I Choreographer: Skipped 39 frames!  The application may be doing too much work on its main thread.
11-25 22:48:21.973  2243  2259 I DroidFlux:Dispatcher: [STARTED] dispatch of action [FAKE_REDUCE_ACTION]
11-25 22:48:21.973  2243  2259 I DroidFlux:Dispatcher: [COMPLETED] dispatch of action [FAKE_REDUCE_ACTION]
11-25 22:48:21.982  2243  2300 D ActivityTestRule: Launching activity br.com.catbag.gifreduxsample.ui.GifListActivity
11-25 22:48:21.988  2243  2301 D MonitoringInstrumentation: execStartActivity(context, ibinder, ibinder, activity, intent, int, bundle
11-25 22:48:22.068  1237  1314 I ActivityManager: START u0 {flg=0x10000000 cmp=br.com.catbag.gifreduxsample/.ui.GifListActivity} from uid 10060 on display 0
11-25 22:48:22.191  2243  2243 D LifecycleMonitor: Lifecycle status change: br.com.catbag.gifreduxsample.ui.GifListActivity@998f5ab in: PRE_ON_CREATE
11-25 22:48:22.217  2243  2243 D LifecycleMonitor: Lifecycle status change: br.com.catbag.gifreduxsample.ui.GifListActivity@998f5ab in: CREATED
11-25 22:48:22.227  2243  2259 I DroidFlux:Dispatcher: [STARTED] dispatch of action [APP_STATE_LOAD]
11-25 22:48:22.227  2243  2259 D DroidFlux:Dispatcher: An action of type [APP_STATE_LOAD] was dispatched, but no reducer handled it
11-25 22:48:22.227  2243  2259 I DroidFlux:Dispatcher: [COMPLETED] dispatch of action [APP_STATE_LOAD]
11-25 22:48:22.227  2243  2243 D LifecycleMonitor: Lifecycle status change: br.com.catbag.gifreduxsample.ui.GifListActivity@998f5ab in: STARTED
11-25 22:48:22.237  2243  2243 D LifecycleMonitor: Lifecycle status change: br.com.catbag.gifreduxsample.ui.GifListActivity@998f5ab in: RESUMED
11-25 22:48:22.522  2243  2258 I TestRunner: finished: whenGifIsDownloadedTest(br.com.catbag.gifreduxsample.ui.giflist.GifListActivityTest)
11-25 22:48:22.549  2243  2243 D LifecycleMonitor: Lifecycle status change: br.com.catbag.gifreduxsample.ui.GifListActivity@998f5ab in: PAUSED
11-25 22:48:22.604   978   978 D gralloc : Registering a buffer in the process that created it. This may cause memory ordering problems.
11-25 22:48:22.604   978   978 E SurfaceFlinger: glCheckFramebufferStatusOES error 2054343128
11-25 22:48:22.604   978   978 E SurfaceFlinger: got GL_FRAMEBUFFER_COMPLETE_OES error while taking screenshot
11-25 22:48:22.616  1237  1379 W WindowManager: Screenshot failure taking screenshot for (480x800) to layer 22015
11-25 22:48:22.623  1237  1685 D WindowManager: relayoutVisibleWindow: Window{59c1831 u0 com.android.launcher3/com.android.launcher3.Launcher EXITING} mAnimatingExit=true, mRemoveOnExit=false, mDestroying=false
11-25 22:48:22.625  2243  2243 I MonitoringInstrumentation: Activities that are still in CREATED to STOPPED: 2
11-25 22:48:22.653  2243  2258 I TestRunner: started: whenPlayGifTest(br.com.catbag.gifreduxsample.ui.giflist.GifListActivityTest)
11-25 22:48:22.686  2243  2243 I MonitoringInstrumentation: Activities that are still in CREATED to STOPPED: 2
11-25 22:48:22.762  1237  1258 I WindowManager: Destroying surface Surface(name=Starting br.com.catbag.gifreduxsample) called by com.android.server.wm.WindowStateAnimator.destroySurface:2014 com.android.server.wm.WindowStateAnimator.destroySurfaceLocked:881 com.android.server.wm.WindowState.removeLocked:1449 com.android.server.wm.WindowManagerService.removeWindowInnerLocked:2478 com.android.server.wm.AppWindowToken.destroySurfaces:365 com.android.server.wm.WindowStateAnimator.finishExit:565 com.android.server.wm.WindowStateAnimator.stepAnimationLocked:491 com.android.server.wm.WindowAnimator.updateWindowsLocked:303 
11-25 22:48:22.796  2243  2259 I DroidFlux:Dispatcher: [STARTED] dispatch of action [FAKE_REDUCE_ACTION]
11-25 22:48:22.797  2243  2259 I DroidFlux:Dispatcher: [COMPLETED] dispatch of action [FAKE_REDUCE_ACTION]
11-25 22:48:22.822  1696  1696 I Choreographer: Skipped 30 frames!  The application may be doing too much work on its main thread.
11-25 22:48:22.843  2243  2302 D ActivityTestRule: Launching activity br.com.catbag.gifreduxsample.ui.GifListActivity
11-25 22:48:22.844  2243  2303 D MonitoringInstrumentation: execStartActivity(context, ibinder, ibinder, activity, intent, int, bundle
11-25 22:48:22.845  1237  1314 I ActivityManager: START u0 {flg=0x10000000 cmp=br.com.catbag.gifreduxsample/.ui.GifListActivity} from uid 10060 on display 0
11-25 22:48:22.928  2243  2243 D LifecycleMonitor: Lifecycle status change: br.com.catbag.gifreduxsample.ui.GifListActivity@29c4726 in: PRE_ON_CREATE
11-25 22:48:22.969  1237  1258 I Choreographer: Skipped 46 frames!  The application may be doing too much work on its main thread.
11-25 22:48:23.007  2243  2243 D LifecycleMonitor: Lifecycle status change: br.com.catbag.gifreduxsample.ui.GifListActivity@29c4726 in: CREATED
11-25 22:48:23.012  2243  2259 I DroidFlux:Dispatcher: [STARTED] dispatch of action [APP_STATE_LOAD]
11-25 22:48:23.012  2243  2259 D DroidFlux:Dispatcher: An action of type [APP_STATE_LOAD] was dispatched, but no reducer handled it
11-25 22:48:23.012  2243  2259 I DroidFlux:Dispatcher: [COMPLETED] dispatch of action [APP_STATE_LOAD]
11-25 22:48:23.012  2243  2243 D LifecycleMonitor: Lifecycle status change: br.com.catbag.gifreduxsample.ui.GifListActivity@29c4726 in: STARTED
11-25 22:48:23.014  2243  2243 D LifecycleMonitor: Lifecycle status change: br.com.catbag.gifreduxsample.ui.GifListActivity@29c4726 in: RESUMED
11-25 22:48:23.188  2243  2243 I ViewInteraction: Performing 'single click' action on view with id: br.com.catbag.gifreduxsample:id/gif_image
11-25 22:48:23.208  1237  1258 I ActivityManager: Displayed br.com.catbag.gifreduxsample/.ui.GifListActivity: +294ms (total +1s71ms)
11-25 22:48:23.248  2243  2259 I DroidFlux:Dispatcher: [STARTED] dispatch of action [GIF_PLAY]
11-25 22:48:23.279   985  1022 D AudioFlinger: mixer(0xa7a83040) throttle end: throttle time(11)
11-25 22:48:23.295  2243  2259 I DroidFlux:Dispatcher: [COMPLETED] dispatch of action [GIF_PLAY]
11-25 22:48:23.308   985  1022 D AudioFlinger: mixer(0xa7a83040) throttle end: throttle time(11)
11-25 22:48:23.432  1237  1258 I WindowManager: Destroying surface Surface(name=Starting br.com.catbag.gifreduxsample) called by com.android.server.wm.WindowStateAnimator.destroySurface:2014 com.android.server.wm.WindowStateAnimator.destroySurfaceLocked:881 com.android.server.wm.WindowState.destroyOrSaveSurface:2073 com.android.server.wm.AppWindowToken.destroySurfaces:363 com.android.server.wm.WindowStateAnimator.finishExit:565 com.android.server.wm.WindowStateAnimator.stepAnimationLocked:491 com.android.server.wm.WindowAnimator.updateWindowsLocked:303 com.android.server.wm.WindowAnimator.animateLocked:704 
11-25 22:48:23.897  2243  2243 D LifecycleMonitor: Lifecycle status change: br.com.catbag.gifreduxsample.ui.GifListActivity@29c4726 in: PAUSED
11-25 22:48:23.920  2243  2258 I TestRunner: finished: whenPlayGifTest(br.com.catbag.gifreduxsample.ui.giflist.GifListActivityTest)
11-25 22:48:23.936   978   978 D gralloc : Registering a buffer in the process that created it. This may cause memory ordering problems.
11-25 22:48:23.936   978   978 E libEGL  : called unimplemented OpenGL ES API
11-25 22:48:23.937   978   978 E SurfaceFlinger: glCheckFramebufferStatusOES error 2054343128
11-25 22:48:23.937   978   978 E SurfaceFlinger: got GL_FRAMEBUFFER_COMPLETE_OES error while taking screenshot
11-25 22:48:23.938  1237  1314 W WindowManager: Screenshot failure taking screenshot for (480x800) to layer 21020
11-25 22:48:23.945  2243  2243 I MonitoringInstrumentation: Activities that are still in CREATED to STOPPED: 3
11-25 22:48:23.946  2243  2258 I TestRunner: started: whenGifListIsEmpty(br.com.catbag.gifreduxsample.ui.giflist.GifListActivityTest)
11-25 22:48:23.962  2243  2243 I MonitoringInstrumentation: Activities that are still in CREATED to STOPPED: 3
11-25 22:48:23.977  2243  2259 I DroidFlux:Dispatcher: [STARTED] dispatch of action [FAKE_REDUCE_ACTION]
11-25 22:48:23.978  2243  2259 I DroidFlux:Dispatcher: [COMPLETED] dispatch of action [FAKE_REDUCE_ACTION]
11-25 22:48:23.982  2243  2304 D ActivityTestRule: Launching activity br.com.catbag.gifreduxsample.ui.GifListActivity
11-25 22:48:23.988  2243  2305 D MonitoringInstrumentation: execStartActivity(context, ibinder, ibinder, activity, intent, int, bundle
11-25 22:48:24.036  2243  2243 D LifecycleMonitor: Lifecycle status change: br.com.catbag.gifreduxsample.ui.GifListActivity@29c4726 in: STOPPED
11-25 22:48:24.036  2243  2243 D LifecycleMonitor: Lifecycle status change: br.com.catbag.gifreduxsample.ui.GifListActivity@29c4726 in: DESTROYED
11-25 22:48:24.041  1237  1685 I ActivityManager: START u0 {flg=0x10000000 cmp=br.com.catbag.gifreduxsample/.ui.GifListActivity} from uid 10060 on display 0
11-25 22:48:24.065  2243  2243 D LifecycleMonitor: Lifecycle status change: br.com.catbag.gifreduxsample.ui.GifListActivity@998f5ab in: STOPPED
11-25 22:48:24.065  2243  2243 D LifecycleMonitor: Lifecycle status change: br.com.catbag.gifreduxsample.ui.GifListActivity@998f5ab in: DESTROYED
11-25 22:48:24.066  1237  1248 I WindowManager: Destroying surface Surface(name=br.com.catbag.gifreduxsample/br.com.catbag.gifreduxsample.ui.GifListActivity) called by com.android.server.wm.WindowStateAnimator.destroySurface:2014 com.android.server.wm.WindowStateAnimator.destroySurfaceLocked:881 com.android.server.wm.WindowState.removeLocked:1449 com.android.server.wm.WindowManagerService.removeWindowInnerLocked:2478 com.android.server.wm.WindowManagerService.removeWindowLocked:2436 com.android.server.wm.WindowManagerService.removeWindowLocked:2305 com.android.server.wm.WindowManagerService.removeWindow:2300 com.android.server.wm.Session.remove:193 
11-25 22:48:24.100  2243  2243 D LifecycleMonitor: Lifecycle status change: br.com.catbag.gifreduxsample.ui.GifListActivity@40d7cdf in: STOPPED
11-25 22:48:24.101  2243  2243 D LifecycleMonitor: Lifecycle status change: br.com.catbag.gifreduxsample.ui.GifListActivity@40d7cdf in: DESTROYED
