11-23 11:54:29.209  1238  1278 I InputReader: Reconfiguring input devices.  changes=0x00000010
11-23 11:54:29.418  1238  1264 E KernelUidCpuTimeReader: failed to remove uid from uid_cputime module
11-23 11:54:29.418  1238  1264 E KernelUidCpuTimeReader: java.io.FileNotFoundException: /proc/uid_cputime/remove_uid_range (No such file or directory)
11-23 11:54:29.418  1238  1264 E KernelUidCpuTimeReader: 	at java.io.FileOutputStream.open(Native Method)
11-23 11:54:29.418  1238  1264 E KernelUidCpuTimeReader: 	at java.io.FileOutputStream.<init>(FileOutputStream.java:221)
11-23 11:54:29.418  1238  1264 E KernelUidCpuTimeReader: 	at java.io.FileOutputStream.<init>(FileOutputStream.java:108)
11-23 11:54:29.418  1238  1264 E KernelUidCpuTimeReader: 	at java.io.FileWriter.<init>(FileWriter.java:63)
11-23 11:54:29.418  1238  1264 E KernelUidCpuTimeReader: 	at com.android.internal.os.KernelUidCpuTimeReader.removeUid(KernelUidCpuTimeReader.java:158)
11-23 11:54:29.418  1238  1264 E KernelUidCpuTimeReader: 	at com.android.internal.os.BatteryStatsImpl.removeUidStatsLocked(BatteryStatsImpl.java:9805)
11-23 11:54:29.418  1238  1264 E KernelUidCpuTimeReader: 	at com.android.server.am.BatteryStatsService.removeUid(BatteryStatsService.java:291)
11-23 11:54:29.418  1238  1264 E KernelUidCpuTimeReader: 	at com.android.server.am.ActivityManagerService.broadcastIntentLocked(ActivityManagerService.java:17767)
11-23 11:54:29.418  1238  1264 E KernelUidCpuTimeReader: 	at com.android.server.am.ActivityManagerService.broadcastIntent(ActivityManagerService.java:18256)
11-23 11:54:29.418  1238  1264 E KernelUidCpuTimeReader: 	at com.android.server.pm.PackageManagerService$8.run(PackageManagerService.java:11407)
11-23 11:54:29.418  1238  1264 E KernelUidCpuTimeReader: 	at android.os.Handler.handleCallback(Handler.java:751)
11-23 11:54:29.418  1238  1264 E KernelUidCpuTimeReader: 	at android.os.Handler.dispatchMessage(Handler.java:95)
11-23 11:54:29.418  1238  1264 E KernelUidCpuTimeReader: 	at android.os.Looper.loop(Looper.java:154)
11-23 11:54:29.418  1238  1264 E KernelUidCpuTimeReader: 	at android.os.HandlerThread.run(HandlerThread.java:61)
11-23 11:54:29.418  1238  1264 E KernelUidCpuTimeReader: 	at com.android.server.ServiceThread.run(ServiceThread.java:46)
11-23 11:54:29.753  1238  1253 W art     : Long monitor contention with owner NetworkPolicy (1299) at boolean java.io.UnixFileSystem.rename0(java.io.File, java.io.File)(UnixFileSystem.java:-2) waiters=0 in void com.android.server.net.NetworkPolicyManagerService$1.onUidStateChanged(int, int) for 420ms
11-23 11:54:29.765  1439  1439 D CarrierSvcBindHelper: No carrier app for: 0
11-23 11:54:29.883  1238  1324 E TaskPersister: File error accessing recents directory (directory doesn't exist?).
11-23 11:54:30.107  1238  1251 W LocationProviderProxy-network: Odd, no component found for service com.android.location.service.v3.NetworkLocationProvider
11-23 11:54:30.110  1238  1251 W GeocoderProxy: Odd, no component found for service com.android.location.service.GeocodeProvider
11-23 11:54:30.110  1238  1251 W GeofenceProxy: Odd, no component found for service com.android.location.service.GeofenceProvider
11-23 11:54:30.110  1238  1251 W ActivityRecognitionProxy: Odd, no component found for service com.android.location.service.ActivityRecognitionProvider
11-23 11:54:30.271  1690  1706 I art     : Background sticky concurrent mark sweep GC freed 2824(308KB) AllocSpace objects, 0(0B) LOS objects, 21% free, 2MB/2MB, paused 36.972ms total 210.876ms
11-23 11:54:30.554  2403  2403 D AndroidRuntime: >>>>>> START com.android.internal.os.RuntimeInit uid 2000 <<<<<<
11-23 11:54:30.558  2403  2403 D AndroidRuntime: CheckJNI is ON
11-23 11:54:30.620  2403  2403 W art     : Unexpected CPU variant for X86 using defaults: x86
11-23 11:54:30.628  2403  2403 D ICU     : No timezone override file found: /data/misc/zoneinfo/current/icu/icu_tzdata.dat
11-23 11:54:30.657  2403  2403 E memtrack: Couldn't load memtrack module (No such file or directory)
11-23 11:54:30.657  2403  2403 E android.os.Debug: failed to load memtrack module: -2
11-23 11:54:30.659  2403  2403 I Radio-JNI: register_android_hardware_Radio DONE
11-23 11:54:30.733  2403  2403 D AndroidRuntime: Calling main entry com.android.commands.pm.Pm
11-23 11:54:30.736  1778  1778 I Choreographer: Skipped 120 frames!  The application may be doing too much work on its main thread.
11-23 11:54:31.221  1238  1253 W art     : Long monitor contention with owner Binder:1238_3 (1321) at android.content.ComponentName com.android.server.am.ActivityManagerService.startService(android.app.IApplicationThread, android.content.Intent, java.lang.String, java.lang.String, int)(ActivityManagerService.java:16905) waiters=0 in void com.android.server.am.ActivityManagerService.dispatchProcessesChanged() for 486ms
11-23 11:54:31.224  1778  1778 I Choreographer: Skipped 124 frames!  The application may be doing too much work on its main thread.
11-23 11:54:31.227  1238  1252 W art     : Long monitor contention with owner Binder:1238_3 (1321) at android.content.ComponentName com.android.server.am.ActivityManagerService.startService(android.app.IApplicationThread, android.content.Intent, java.lang.String, java.lang.String, int)(ActivityManagerService.java:16905) waiters=1 in void com.android.server.am.ActivityManagerService$MainHandler.handleMessage(android.os.Message) for 381ms
11-23 11:54:31.228  1238  1252 I ActivityManager: Force stopping br.com.catbag.gifreduxsample appid=10060 user=-1: deletePackageX
11-23 11:54:31.236  1238  1264 I art     : Starting a blocking GC Explicit
11-23 11:54:31.330  1238  1264 I art     : Explicit concurrent mark sweep GC freed 30608(1605KB) AllocSpace objects, 8(160KB) LOS objects, 33% free, 6MB/10MB, paused 6.569ms total 88.964ms
11-23 11:54:31.352  2403  2403 I art     : System.exit called, status: 0
11-23 11:54:31.352  2403  2403 I AndroidRuntime: VM exiting with result code 0.
11-23 11:54:31.651  1238  1264 I ActivityManager: Force stopping br.com.catbag.gifreduxsample appid=10060 user=0: pkg removed
11-23 11:54:32.314  1238  1252 W art     : Long monitor contention with owner PackageManager (1264) at int com.android.server.am.ActivityManagerService.broadcastIntent(android.app.IApplicationThread, android.content.Intent, java.lang.String, android.content.IIntentReceiver, int, java.lang.String, android.os.Bundle, java.lang.String[], int, android.os.Bundle, boolean, boolean, int)(ActivityManagerService.java:18249) waiters=0 in void com.android.server.am.ActivityStackSupervisor$ActivityStackSupervisorHandler.activityIdleInternal(com.android.server.am.ActivityRecord) for 460ms
11-23 11:54:32.380  1238  1264 E KernelUidCpuTimeReader: failed to remove uid from uid_cputime module
11-23 11:54:32.380  1238  1264 E KernelUidCpuTimeReader: java.io.FileNotFoundException: /proc/uid_cputime/remove_uid_range (No such file or directory)
11-23 11:54:32.380  1238  1264 E KernelUidCpuTimeReader: 	at java.io.FileOutputStream.open(Native Method)
11-23 11:54:32.380  1238  1264 E KernelUidCpuTimeReader: 	at java.io.FileOutputStream.<init>(FileOutputStream.java:221)
11-23 11:54:32.380  1238  1264 E KernelUidCpuTimeReader: 	at java.io.FileOutputStream.<init>(FileOutputStream.java:108)
11-23 11:54:32.380  1238  1264 E KernelUidCpuTimeReader: 	at java.io.FileWriter.<init>(FileWriter.java:63)
11-23 11:54:32.380  1238  1264 E KernelUidCpuTimeReader: 	at com.android.internal.os.KernelUidCpuTimeReader.removeUid(KernelUidCpuTimeReader.java:158)
11-23 11:54:32.380  1238  1264 E KernelUidCpuTimeReader: 	at com.android.internal.os.BatteryStatsImpl.removeUidStatsLocked(BatteryStatsImpl.java:9805)
11-23 11:54:32.380  1238  1264 E KernelUidCpuTimeReader: 	at com.android.server.am.BatteryStatsService.removeUid(BatteryStatsService.java:291)
11-23 11:54:32.380  1238  1264 E KernelUidCpuTimeReader: 	at com.android.server.am.ActivityManagerService.broadcastIntentLocked(ActivityManagerService.java:17767)
11-23 11:54:32.380  1238  1264 E KernelUidCpuTimeReader: 	at com.android.server.am.ActivityManagerService.broadcastIntent(ActivityManagerService.java:18256)
11-23 11:54:32.380  1238  1264 E KernelUidCpuTimeReader: 	at com.android.server.pm.PackageManagerService$8.run(PackageManagerService.java:11407)
11-23 11:54:32.380  1238  1264 E KernelUidCpuTimeReader: 	at android.os.Handler.handleCallback(Handler.java:751)
11-23 11:54:32.380  1238  1264 E KernelUidCpuTimeReader: 	at android.os.Handler.dispatchMessage(Handler.java:95)
11-23 11:54:32.380  1238  1264 E KernelUidCpuTimeReader: 	at android.os.Looper.loop(Looper.java:154)
11-23 11:54:32.380  1238  1264 E KernelUidCpuTimeReader: 	at android.os.HandlerThread.run(HandlerThread.java:61)
11-23 11:54:32.380  1238  1264 E KernelUidCpuTimeReader: 	at com.android.server.ServiceThread.run(ServiceThread.java:46)
11-23 11:54:32.731  1238  1324 W art     : Long monitor contention with owner PackageManager (1264) at int com.android.server.am.ActivityManagerService.broadcastIntent(android.app.IApplicationThread, android.content.Intent, java.lang.String, android.content.IIntentReceiver, int, java.lang.String, android.os.Bundle, java.lang.String[], int, android.os.Bundle, boolean, boolean, int)(ActivityManagerService.java:18249) waiters=1 in void com.android.server.am.TaskPersister$LazyTaskWriterThread.run() for 404ms
11-23 11:54:32.841  1439  1439 W art     : Long monitor contention with owner Binder:1439_4 (1710) at boolean android.os.MessageQueue.enqueueMessage(android.os.Message, long)(MessageQueue.java:541) waiters=0 in android.os.Message android.os.MessageQueue.next() for 344ms
11-23 11:54:33.251  1238  1252 W art     : Long monitor contention with owner PackageManager (1264) at int com.android.server.am.ActivityManagerService.broadcastIntent(android.app.IApplicationThread, android.content.Intent, java.lang.String, android.content.IIntentReceiver, int, java.lang.String, android.os.Bundle, java.lang.String[], int, android.os.Bundle, boolean, boolean, int)(ActivityManagerService.java:18249) waiters=1 in void com.android.server.am.ActivityStackSupervisor$ActivityStackSupervisorHandler.activityIdleInternal(com.android.server.am.ActivityRecord) for 669ms
11-23 11:54:33.489  1238  1324 E TaskPersister: File error accessing recents directory (directory doesn't exist?).
11-23 11:54:34.366  1238  1324 W art     : Long monitor contention with owner ActivityManager (1252) at void com.android.server.am.BroadcastQueue.processNextBroadcast(boolean)(BroadcastQueue.java:754) waiters=0 in void com.android.server.am.TaskPersister.writeTaskIdsFiles() for 291ms
11-23 11:54:35.424  1238  1278 I InputReader: Reconfiguring input devices.  changes=0x00000010
11-23 11:54:35.458  1238  1298 E NetdConnector: NDC Command {43 bandwidth gettetherstats} took too long (1356ms)
11-23 11:54:36.157  1778  1790 I art     : Background partial concurrent mark sweep GC freed 1980(131KB) AllocSpace objects, 7(124KB) LOS objects, 39% free, 3MB/6MB, paused 282.411ms total 162.770ms
11-23 11:54:36.314  1439  1439 D CarrierSvcBindHelper: No carrier app for: 0
11-23 11:54:38.130  1238  1251 W LocationProviderProxy-network: Odd, no component found for service com.android.location.service.v3.NetworkLocationProvider
11-23 11:54:38.131  1238  1251 W GeocoderProxy: Odd, no component found for service com.android.location.service.GeocodeProvider
11-23 11:54:38.177  1238  1251 W GeofenceProxy: Odd, no component found for service com.android.location.service.GeofenceProvider
11-23 11:54:38.179  1238  1251 W ActivityRecognitionProxy: Odd, no component found for service com.android.location.service.ActivityRecognitionProvider
11-23 11:54:39.261  1238  1272 W art     : Long monitor contention with owner PackageManager (1264) at void com.android.server.pm.PackageManagerService$PackageHandler.doHandleMessage(android.os.Message)(PackageManagerService.java:1666) waiters=0 in boolean com.android.server.pm.PackageManagerService.isProtectedBroadcast(java.lang.String) for 485ms
11-23 11:54:39.446  1778  1778 I Choreographer: Skipped 96 frames!  The application may be doing too much work on its main thread.
11-23 11:54:39.717  1778  1778 I Choreographer: Skipped 53 frames!  The application may be doing too much work on its main thread.
11-23 11:54:40.868  1366  1377 I art     : Background partial concurrent mark sweep GC freed 49166(1767KB) AllocSpace objects, 12(5MB) LOS objects, 40% free, 4MB/7MB, paused 22.184ms total 3.112s
11-23 11:54:41.373  2188  2199 W art     : Suspending all threads took: 96.288ms
11-23 11:54:42.133  1737  1737 W ContextImpl: Calling a method in the system process without a qualified user: android.app.ContextImpl.startService:1385 android.content.ContextWrapper.startService:613 android.content.ContextWrapper.startService:613 com.android.keychain.KeyChainBroadcastReceiver.onReceive:12 android.app.ActivityThread.handleReceiver:3011 
11-23 11:54:43.235  1238  1249 W ActivityManager: Slow operation: 252ms so far, now at startProcess: returned from zygote!
11-23 11:54:43.240  1238  1249 W ActivityManager: Slow operation: 257ms so far, now at startProcess: done updating battery stats
11-23 11:54:43.240  1238  1249 W ActivityManager: Slow operation: 258ms so far, now at startProcess: building log message
11-23 11:54:43.241  1238  1249 I ActivityManager: Start proc 2420:com.android.documentsui/u0a7 for broadcast com.android.documentsui/.PackageReceiver
11-23 11:54:43.241  1238  1249 W ActivityManager: Slow operation: 258ms so far, now at startProcess: starting to update pids map
11-23 11:54:43.281  1238  1249 W ActivityManager: Slow operation: 259ms so far, now at startProcess: done updating pids map
11-23 11:54:43.281  1238  1249 W ActivityManager: Slow operation: 316ms so far, now at startProcess: done starting proc!
11-23 11:54:43.282  1238  1253 W art     : Long monitor contention with owner Binder:1238_1 (1249) at void com.android.server.am.BroadcastQueue.processNextBroadcast(boolean)(BroadcastQueue.java:754) waiters=0 in void com.android.server.am.ActivityManagerService.dispatchUidsChanged() for 308ms
11-23 11:54:43.305  2420  2420 W art     : Unexpected CPU variant for X86 using defaults: x86
11-23 11:54:45.101  1325  1516 I LatinIME:LogUtils: Dictionary info: dictionary = main:en ; version = 54 ; date = 1414726273
11-23 11:54:45.279  1737  1749 W art     : Suspending all threads took: 11.785ms
11-23 11:54:45.337  1695  2435 D VoicemailCleanupService: Cleaning up data for package: br.com.catbag.gifreduxsample.test
11-23 11:54:45.399  1325  1337 W art     : Suspending all threads took: 127.200ms
11-23 11:54:45.788  2420  2420 W System  : ClassLoader referenced unknown path: /system/priv-app/DocumentsUI/lib/x86
11-23 11:54:45.854  1325  1516 I LatinIME:LogUtils: Dictionary info: dictionary = main:en ; version = 54 ; date = 1414726273
11-23 11:54:47.818  1695  1717 W art     : Suspending all threads took: 64.209ms
11-23 11:54:49.347  1238  1520 W ActivityManager: Slow operation: 109ms so far, now at startProcess: returned from zygote!
11-23 11:54:49.348  1238  1520 W ActivityManager: Slow operation: 110ms so far, now at startProcess: done updating battery stats
11-23 11:54:49.382  1238  1520 W ActivityManager: Slow operation: 143ms so far, now at startProcess: building log message
11-23 11:54:49.393  1238  1520 I ActivityManager: Start proc 2438:com.android.externalstorage/u0a11 for content provider com.android.externalstorage/.ExternalStorageProvider
11-23 11:54:49.394  1238  1520 W ActivityManager: Slow operation: 155ms so far, now at startProcess: starting to update pids map
11-23 11:54:49.394  1238  1520 W ActivityManager: Slow operation: 155ms so far, now at startProcess: done updating pids map
11-23 11:54:49.394  1238  1520 W ActivityManager: Slow operation: 173ms so far, now at startProcess: done starting proc!
11-23 11:54:49.395  1238  1520 W ActivityManager: Slow operation: 184ms so far, now at getContentProviderImpl: after start process
11-23 11:54:49.402  1238  1520 W ActivityManager: Slow operation: 191ms so far, now at getContentProviderImpl: updating data structures
11-23 11:54:49.409  2438  2438 W art     : Unexpected CPU variant for X86 using defaults: x86
11-23 11:54:49.422  1238  1520 W ActivityManager: Slow operation: 211ms so far, now at getContentProviderImpl: done!
11-23 11:54:50.492  2438  2438 W System  : ClassLoader referenced unknown path: /system/priv-app/ExternalStorageProvider/lib/x86
11-23 11:54:51.569  2438  2438 D ExternalStorage: After updating volumes, found 2 active roots
11-23 11:54:51.752  1238  1518 I ActivityManager: Killing 1535:com.android.settings/1000 (adj 906): empty #17
11-23 11:54:51.758  1238  1518 I ActivityManager: Killing 1963:com.android.quicksearchbox/u0a50 (adj 906): empty #18
11-23 11:54:53.059  1737  1737 W ContextImpl: Calling a method in the system process without a qualified user: android.app.ContextImpl.startService:1385 android.content.ContextWrapper.startService:613 android.content.ContextWrapper.startService:613 com.android.keychain.KeyChainBroadcastReceiver.onReceive:12 android.app.ActivityThread.handleReceiver:3011 
11-23 11:54:53.868  2458  2458 W art     : Unexpected CPU variant for X86 using defaults: x86
11-23 11:54:53.885  1238  1433 W ActivityManager: Slow operation: 186ms so far, now at startProcess: returned from zygote!
11-23 11:54:53.890  1238  1433 W ActivityManager: Slow operation: 191ms so far, now at startProcess: done updating battery stats
11-23 11:54:53.890  1238  1433 W ActivityManager: Slow operation: 191ms so far, now at startProcess: building log message
11-23 11:54:53.890  1238  1433 I ActivityManager: Start proc 2458:com.android.mtp/u0a8 for content provider com.android.mtp/.MtpDocumentsProvider
11-23 11:54:53.891  1238  1433 W ActivityManager: Slow operation: 192ms so far, now at startProcess: starting to update pids map
11-23 11:54:53.891  1238  1433 W ActivityManager: Slow operation: 192ms so far, now at startProcess: done updating pids map
11-23 11:54:53.891  1238  1433 W ActivityManager: Slow operation: 193ms so far, now at startProcess: done starting proc!
11-23 11:54:53.891  1238  1433 W ActivityManager: Slow operation: 200ms so far, now at getContentProviderImpl: after start process
11-23 11:54:53.905  1238  1433 W ActivityManager: Slow operation: 213ms so far, now at getContentProviderImpl: updating data structures
11-23 11:54:53.906  1238  1433 W ActivityManager: Slow operation: 214ms so far, now at getContentProviderImpl: done!
11-23 11:54:54.519  1695  1717 W art     : Suspending all threads took: 496.368ms
11-23 11:54:54.590  1695  2457 D VoicemailCleanupService: Cleaning up data for package: br.com.catbag.gifreduxsample
11-23 11:54:55.323  2438  2449 W art     : Suspending all threads took: 156.339ms
11-23 11:54:55.708  1238  1783 I ActivityManager: Killing 2040:com.android.dialer/u0a6 (adj 906): empty #17
11-23 11:54:56.660  1238  1518 D VoldConnector: SND -> {30 appfuse mount 10008 2458 MtpDocumentsProvider}
11-23 11:54:56.818  1238  1280 D VoldConnector: RCV <- {200 30 AppFuse command succeeded}
11-23 11:55:13.845  1238  1320 D LightsService: Excessive delay setting light: 63ms
11-23 11:55:14.036  1238  1320 D LightsService: Excessive delay setting light: 145ms
11-23 11:55:14.167  1238  1320 D LightsService: Excessive delay setting light: 64ms
