11-26 16:35:29.884  2231  2231 D LifecycleMonitor: Lifecycle status change: br.com.catbag.gifreduxsample.ui.GifListActivity@9021b74 in: PRE_ON_CREATE
11-26 16:35:29.950  2231  2231 D LifecycleMonitor: Lifecycle status change: br.com.catbag.gifreduxsample.ui.GifListActivity@9021b74 in: CREATED
11-26 16:35:29.964  2231  2231 D LifecycleMonitor: Lifecycle status change: br.com.catbag.gifreduxsample.ui.GifListActivity@9021b74 in: STARTED
11-26 16:35:29.971  2231  2231 D LifecycleMonitor: Lifecycle status change: br.com.catbag.gifreduxsample.ui.GifListActivity@9021b74 in: RESUMED
11-26 16:35:29.975  2231  2248 I DroidFlux:Dispatcher: [STARTED] dispatch of action [APP_STATE_LOAD]
11-26 16:35:29.975  2231  2248 D DroidFlux:Dispatcher: An action of type [APP_STATE_LOAD] was dispatched, but no reducer handled it
11-26 16:35:29.975  2231  2248 I DroidFlux:Dispatcher: [COMPLETED] dispatch of action [APP_STATE_LOAD]
11-26 16:35:30.104  1239  1260 I ActivityManager: Displayed br.com.catbag.gifreduxsample/.ui.GifListActivity: +257ms
11-26 16:35:30.154  2231  2231 D LifecycleMonitor: Lifecycle status change: br.com.catbag.gifreduxsample.ui.GifListActivity@9021b74 in: PAUSED
11-26 16:35:30.161  2231  2247 I TestRunner: finished: whenGifListIsEmpty(br.com.catbag.gifreduxsample.ui.giflist.GifListActivityTest)
11-26 16:35:30.200   979   979 D gralloc : Registering a buffer in the process that created it. This may cause memory ordering problems.
11-26 16:35:30.201   979   979 E SurfaceFlinger: glCheckFramebufferStatusOES error 439363597
11-26 16:35:30.201   979   979 E SurfaceFlinger: got GL_FRAMEBUFFER_COMPLETE_OES error while taking screenshot
11-26 16:35:30.202  1239  1702 W WindowManager: Screenshot failure taking screenshot for (480x800) to layer 22015
11-26 16:35:30.213  2231  2231 I MonitoringInstrumentation: Activities that are still in CREATED to STOPPED: 2
11-26 16:35:30.214  2231  2247 I TestRunner: started: whenGifDownloadFailTest(br.com.catbag.gifreduxsample.ui.giflist.GifListActivityTest)
11-26 16:35:30.216  2231  2231 I MonitoringInstrumentation: Activities that are still in CREATED to STOPPED: 2
11-26 16:35:30.293  2231  2248 I DroidFlux:Dispatcher: [STARTED] dispatch of action [FAKE_REDUCE_ACTION]
11-26 16:35:30.294  2231  2248 I DroidFlux:Dispatcher: [COMPLETED] dispatch of action [FAKE_REDUCE_ACTION]
11-26 16:35:30.324  2231  2297 D ActivityTestRule: Launching activity br.com.catbag.gifreduxsample.ui.GifListActivity
11-26 16:35:30.325  2231  2298 D MonitoringInstrumentation: execStartActivity(context, ibinder, ibinder, activity, intent, int, bundle
11-26 16:35:30.326  1239  1381 I ActivityManager: START u0 {flg=0x10000000 cmp=br.com.catbag.gifreduxsample/.ui.GifListActivity} from uid 10060 on display 0
11-26 16:35:30.348  1239  1260 I WindowManager: Destroying surface Surface(name=Starting br.com.catbag.gifreduxsample) called by com.android.server.wm.WindowStateAnimator.destroySurface:2014 com.android.server.wm.WindowStateAnimator.destroySurfaceLocked:881 com.android.server.wm.WindowState.removeLocked:1449 com.android.server.wm.WindowManagerService.removeWindowInnerLocked:2478 com.android.server.wm.AppWindowToken.destroySurfaces:365 com.android.server.wm.WindowStateAnimator.finishExit:565 com.android.server.wm.WindowStateAnimator.stepAnimationLocked:491 com.android.server.wm.WindowAnimator.updateWindowsLocked:303 
11-26 16:35:30.509  2231  2231 D LifecycleMonitor: Lifecycle status change: br.com.catbag.gifreduxsample.ui.GifListActivity@81181a in: PRE_ON_CREATE
11-26 16:35:30.552  2231  2231 D LifecycleMonitor: Lifecycle status change: br.com.catbag.gifreduxsample.ui.GifListActivity@81181a in: CREATED
11-26 16:35:30.565  2231  2248 I DroidFlux:Dispatcher: [STARTED] dispatch of action [APP_STATE_LOAD]
11-26 16:35:30.566  2231  2248 D DroidFlux:Dispatcher: An action of type [APP_STATE_LOAD] was dispatched, but no reducer handled it
11-26 16:35:30.566  2231  2248 I DroidFlux:Dispatcher: [COMPLETED] dispatch of action [APP_STATE_LOAD]
11-26 16:35:30.566  2231  2231 D LifecycleMonitor: Lifecycle status change: br.com.catbag.gifreduxsample.ui.GifListActivity@81181a in: STARTED
11-26 16:35:30.621  2231  2231 D LifecycleMonitor: Lifecycle status change: br.com.catbag.gifreduxsample.ui.GifListActivity@81181a in: RESUMED
11-26 16:35:30.799  2231  2231 D LifecycleMonitor: Lifecycle status change: br.com.catbag.gifreduxsample.ui.GifListActivity@81181a in: PAUSED
11-26 16:35:30.818  2231  2247 I TestRunner: finished: whenGifDownloadFailTest(br.com.catbag.gifreduxsample.ui.giflist.GifListActivityTest)
11-26 16:35:30.855   979   979 D gralloc : Registering a buffer in the process that created it. This may cause memory ordering problems.
11-26 16:35:30.856   979   979 E libEGL  : called unimplemented OpenGL ES API
11-26 16:35:30.856   979   979 E SurfaceFlinger: glCheckFramebufferStatusOES error 439363597
11-26 16:35:30.856   979   979 E SurfaceFlinger: got GL_FRAMEBUFFER_COMPLETE_OES error while taking screenshot
11-26 16:35:30.866  1239  1470 W WindowManager: Screenshot failure taking screenshot for (480x800) to layer 22025
11-26 16:35:30.880  1239  1691 D WindowManager: relayoutVisibleWindow: Window{4b55480 u0 com.android.launcher3/com.android.launcher3.Launcher EXITING} mAnimatingExit=true, mRemoveOnExit=false, mDestroying=false
11-26 16:35:30.899  2231  2231 I MonitoringInstrumentation: Activities that are still in CREATED to STOPPED: 3
11-26 16:35:30.900  2231  2247 I TestRunner: started: whenDefaultGifsAreLoaded(br.com.catbag.gifreduxsample.ui.giflist.GifListActivityTest)
11-26 16:35:30.923  1239  1260 I Choreographer: Skipped 41 frames!  The application may be doing too much work on its main thread.
11-26 16:35:30.926  2231  2231 I MonitoringInstrumentation: Activities that are still in CREATED to STOPPED: 3
11-26 16:35:31.169  2231  2248 I DroidFlux:Dispatcher: [STARTED] dispatch of action [FAKE_REDUCE_ACTION]
11-26 16:35:31.170  2231  2248 I DroidFlux:Dispatcher: [COMPLETED] dispatch of action [FAKE_REDUCE_ACTION]
11-26 16:35:31.230  2231  2231 D LifecycleMonitor: Lifecycle status change: br.com.catbag.gifreduxsample.ui.GifListActivity@81181a in: STOPPED
11-26 16:35:31.230  2231  2231 D LifecycleMonitor: Lifecycle status change: br.com.catbag.gifreduxsample.ui.GifListActivity@81181a in: DESTROYED
11-26 16:35:31.250  2231  2231 D LifecycleMonitor: Lifecycle status change: br.com.catbag.gifreduxsample.ui.GifListActivity@9021b74 in: STOPPED
11-26 16:35:31.250  2231  2231 D LifecycleMonitor: Lifecycle status change: br.com.catbag.gifreduxsample.ui.GifListActivity@9021b74 in: DESTROYED
11-26 16:35:31.279  1239  1458 I WindowManager: Destroying surface Surface(name=br.com.catbag.gifreduxsample/br.com.catbag.gifreduxsample.ui.GifListActivity) called by com.android.server.wm.WindowStateAnimator.destroySurface:2014 com.android.server.wm.WindowStateAnimator.destroySurfaceLocked:881 com.android.server.wm.WindowState.removeLocked:1449 com.android.server.wm.WindowManagerService.removeWindowInnerLocked:2478 com.android.server.wm.WindowManagerService.removeWindowLocked:2436 com.android.server.wm.WindowManagerService.removeWindowLocked:2305 com.android.server.wm.WindowManagerService.removeWindow:2300 com.android.server.wm.Session.remove:193 
11-26 16:35:31.284  2231  2231 D LifecycleMonitor: Lifecycle status change: br.com.catbag.gifreduxsample.ui.GifListActivity@5834d05 in: STOPPED
11-26 16:35:31.284  2231  2231 D LifecycleMonitor: Lifecycle status change: br.com.catbag.gifreduxsample.ui.GifListActivity@5834d05 in: DESTROYED
11-26 16:35:31.291  1239  1250 I WindowManager: Destroying surface Surface(name=br.com.catbag.gifreduxsample/br.com.catbag.gifreduxsample.ui.GifListActivity) called by com.android.server.wm.WindowStateAnimator.destroySurface:2014 com.android.server.wm.WindowStateAnimator.destroySurfaceLocked:881 com.android.server.wm.WindowState.removeLocked:1449 com.android.server.wm.WindowManagerService.removeWindowInnerLocked:2478 com.android.server.wm.WindowManagerService.removeWindowLocked:2436 com.android.server.wm.WindowManagerService.removeWindowLocked:2305 com.android.server.wm.WindowManagerService.removeWindow:2300 com.android.server.wm.Session.remove:193 
11-26 16:35:31.336  1239  1260 I WindowManager: Destroying surface Surface(name=Starting br.com.catbag.gifreduxsample) called by com.android.server.wm.WindowStateAnimator.destroySurface:2014 com.android.server.wm.WindowStateAnimator.destroySurfaceLocked:881 com.android.server.wm.WindowState.removeLocked:1449 com.android.server.wm.WindowManagerService.removeWindowInnerLocked:2478 com.android.server.wm.AppWindowToken.destroySurfaces:365 com.android.server.wm.WindowStateAnimator.finishExit:565 com.android.server.wm.AppWindowAnimator.stepAnimationLocked:427 com.android.server.wm.WindowAnimator.updateAppWindowsLocked:196 
11-26 16:35:31.366  1239  1260 I WindowManager: Destroying surface Surface(name=br.com.catbag.gifreduxsample/br.com.catbag.gifreduxsample.ui.GifListActivity) called by com.android.server.wm.WindowStateAnimator.destroySurface:2014 com.android.server.wm.WindowStateAnimator.destroySurfaceLocked:881 com.android.server.wm.WindowState.destroyOrSaveSurface:2073 com.android.server.wm.AppWindowToken.destroySurfaces:363 com.android.server.wm.WindowStateAnimator.finishExit:565 com.android.server.wm.WindowStateAnimator.stepAnimationLocked:491 com.android.server.wm.WindowAnimator.updateWindowsLocked:303 com.android.server.wm.WindowAnimator.animateLocked:704 
11-26 16:35:31.705  2300  2300 W dex2oat : Unexpected CPU variant for X86 using defaults: x86
11-26 16:35:31.706  2300  2300 W dex2oat : Mismatch between dex2oat instruction set features (ISA: X86 Feature string: smp,-ssse3,-sse4.1,-sse4.2,-avx,-avx2,-lock_add,-popcnt) and those of dex2oat executable (ISA: X86 Feature string: smp,ssse3,-sse4.1,-sse4.2,-avx,-avx2,-lock_add,-popcnt) for the command line:
11-26 16:35:31.706  2300  2300 W dex2oat : /system/bin/dex2oat --runtime-arg -classpath --runtime-arg & --instruction-set=x86 --instruction-set-features=smp,ssse3,-sse4.1,-sse4.2,-avx,-avx2,-lock_add,-popcnt --runtime-arg -Xrelocate --boot-image=/system/framework/boot.art --runtime-arg -Xms64m --runtime-arg -Xmx512m --instruction-set-variant=x86 --instruction-set-features=default --dex-file=/data/user/0/br.com.catbag.gifreduxsample/app_dxmaker_cache/Generated_1514457007.jar --oat-fd=67 --oat-location=/data/user/0/br.com.catbag.gifreduxsample/app_dxmaker_cache/Generated_1514457007.dex --compiler-filter=speed
11-26 16:35:31.706  2300  2300 I dex2oat : /system/bin/dex2oat --dex-file=/data/user/0/br.com.catbag.gifreduxsample/app_dxmaker_cache/Generated_1514457007.jar --oat-fd=67 --oat-location=/data/user/0/br.com.catbag.gifreduxsample/app_dxmaker_cache/Generated_1514457007.dex --compiler-filter=speed
11-26 16:35:31.851  2300  2300 I dex2oat : dex2oat took 146.668ms (threads: 1) arena alloc=47KB (48528B) java alloc=28KB (28768B) native alloc=789KB (808488B) free=746KB (764376B)
11-26 16:35:31.885  2231  2299 D ActivityTestRule: Launching activity br.com.catbag.gifreduxsample.ui.GifListActivity
11-26 16:35:31.888  2231  2302 D MonitoringInstrumentation: execStartActivity(context, ibinder, ibinder, activity, intent, int, bundle
11-26 16:35:31.889  1239  1702 I ActivityManager: START u0 {flg=0x10000000 cmp=br.com.catbag.gifreduxsample/.ui.GifListActivity} from uid 10060 on display 0
11-26 16:35:32.104  2231  2231 D LifecycleMonitor: Lifecycle status change: br.com.catbag.gifreduxsample.ui.GifListActivity@e0e72a in: PRE_ON_CREATE
11-26 16:35:32.121  2231  2231 D LifecycleMonitor: Lifecycle status change: br.com.catbag.gifreduxsample.ui.GifListActivity@e0e72a in: CREATED
11-26 16:35:32.122  2231  2248 I DroidFlux:Dispatcher: [STARTED] dispatch of action [APP_STATE_LOAD]
11-26 16:35:32.122  2231  2248 D DroidFlux:Dispatcher: An action of type [APP_STATE_LOAD] was dispatched, but no reducer handled it
11-26 16:35:32.122  2231  2248 I DroidFlux:Dispatcher: [COMPLETED] dispatch of action [APP_STATE_LOAD]
11-26 16:35:32.127  2231  2231 D LifecycleMonitor: Lifecycle status change: br.com.catbag.gifreduxsample.ui.GifListActivity@e0e72a in: STARTED
11-26 16:35:32.129  2231  2231 D LifecycleMonitor: Lifecycle status change: br.com.catbag.gifreduxsample.ui.GifListActivity@e0e72a in: RESUMED
11-26 16:35:32.228  1239  1260 I ActivityManager: Displayed br.com.catbag.gifreduxsample/.ui.GifListActivity: +249ms
11-26 16:35:32.379  2231  2248 I DroidFlux:Dispatcher: [STARTED] dispatch of action [APP_STATE_LOADED]
11-26 16:35:32.380  2231  2248 I DroidFlux:Dispatcher: [COMPLETED] dispatch of action [APP_STATE_LOADED]
11-26 16:35:32.416  2231  2248 I DroidFlux:Dispatcher: [STARTED] dispatch of action [GIF_LIST_FETCHING]
11-26 16:35:32.416  2231  2248 D DroidFlux:Dispatcher: An action of type [GIF_LIST_FETCHING] was dispatched, but no reducer handled it
11-26 16:35:32.416  2231  2248 I DroidFlux:Dispatcher: [COMPLETED] dispatch of action [GIF_LIST_FETCHING]
11-26 16:35:32.438  2231  2303 E DataManager: appstate not loaded
11-26 16:35:32.438  2231  2303 E DataManager: com.snappydb.SnappydbException: Failed to get a String: NotFound: 
11-26 16:35:32.438  2231  2303 E DataManager: 	at com.snappydb.internal.DBImpl.__get(Native Method)
11-26 16:35:32.438  2231  2303 E DataManager: 	at com.snappydb.internal.DBImpl.get(DBImpl.java:348)
11-26 16:35:32.438  2231  2303 E DataManager: 	at br.com.catbag.gifreduxsample.asyncs.data.storage.Database.getAppState(Database.java:43)
11-26 16:35:32.438  2231  2303 E DataManager: 	at br.com.catbag.gifreduxsample.asyncs.data.DataManager.lambda$loadAppState$0(DataManager.java:75)
11-26 16:35:32.438  2231  2303 E DataManager: 	at br.com.catbag.gifreduxsample.asyncs.data.DataManager$$Lambda$1.run(Unknown Source)
11-26 16:35:32.438  2231  2303 E DataManager: 	at java.lang.Thread.run(Thread.java:761)
11-26 16:35:32.416  2231  2248 I DroidFlux:Dispatcher: [STARTED] dispatch of action [GIF_LIST_FETCHING]
11-26 16:35:32.443  2231  2248 D DroidFlux:Dispatcher: An action of type [GIF_LIST_FETCHING] was dispatched, but no reducer handled it
11-26 16:35:32.444  2231  2248 I DroidFlux:Dispatcher: [COMPLETED] dispatch of action [GIF_LIST_FETCHING]
11-26 16:35:32.450  1239  1260 I WindowManager: Destroying surface Surface(name=Starting br.com.catbag.gifreduxsample) called by com.android.server.wm.WindowStateAnimator.destroySurface:2014 com.android.server.wm.WindowStateAnimator.destroySurfaceLocked:881 com.android.server.wm.WindowState.destroyOrSaveSurface:2073 com.android.server.wm.AppWindowToken.destroySurfaces:363 com.android.server.wm.WindowStateAnimator.finishExit:565 com.android.server.wm.WindowStateAnimator.stepAnimationLocked:491 com.android.server.wm.WindowAnimator.updateWindowsLocked:303 com.android.server.wm.WindowAnimator.animateLocked:704 
11-26 16:35:32.482  2231  2242 I art     : Background sticky concurrent mark sweep GC freed 40316(2008KB) AllocSpace objects, 3(64KB) LOS objects, 12% free, 14MB/16MB, paused 4.534ms total 469.836ms
11-26 16:35:32.511  2231  2231 W ResourceType: No package identifier when getting name for resource number 0x000000fe
11-26 16:35:32.573  2231  2231 D LifecycleMonitor: Lifecycle status change: br.com.catbag.gifreduxsample.ui.GifListActivity@e0e72a in: PAUSED
11-26 16:35:32.578  2231  2247 I TestRunner: finished: whenDefaultGifsAreLoaded(br.com.catbag.gifreduxsample.ui.giflist.GifListActivityTest)
11-26 16:35:32.744   979   979 D gralloc : Registering a buffer in the process that created it. This may cause memory ordering problems.
11-26 16:35:32.744   979   979 E libEGL  : called unimplemented OpenGL ES API
11-26 16:35:32.744   979   979 E SurfaceFlinger: glCheckFramebufferStatusOES error 439363597
11-26 16:35:32.745   979   979 E SurfaceFlinger: got GL_FRAMEBUFFER_COMPLETE_OES error while taking screenshot
11-26 16:35:32.746  1239  1691 W WindowManager: Screenshot failure taking screenshot for (480x800) to layer 22005
11-26 16:35:32.753  2231  2231 I MonitoringInstrumentation: Activities that are still in CREATED to STOPPED: 1
11-26 16:35:32.756  2231  2247 I TestRunner: started: whenPauseGifTest(br.com.catbag.gifreduxsample.ui.giflist.GifListActivityTest)
11-26 16:35:32.809  2231  2231 I MonitoringInstrumentation: Activities that are still in CREATED to STOPPED: 1
11-26 16:35:32.824  2231  2248 I DroidFlux:Dispatcher: [STARTED] dispatch of action [FAKE_REDUCE_ACTION]
11-26 16:35:32.825  2231  2248 I DroidFlux:Dispatcher: [COMPLETED] dispatch of action [FAKE_REDUCE_ACTION]
11-26 16:35:32.828  2231  2305 D ActivityTestRule: Launching activity br.com.catbag.gifreduxsample.ui.GifListActivity
11-26 16:35:32.829  2231  2306 D MonitoringInstrumentation: execStartActivity(context, ibinder, ibinder, activity, intent, int, bundle
11-26 16:35:32.830  1239  1250 I ActivityManager: START u0 {flg=0x10000000 cmp=br.com.catbag.gifreduxsample/.ui.GifListActivity} from uid 10060 on display 0
11-26 16:35:32.924  1725  1725 W IInputConnectionWrapper: reportFullscreenMode on inexistent InputConnection
11-26 16:35:33.058  1725  1725 I Choreographer: Skipped 30 frames!  The application may be doing too much work on its main thread.
11-26 16:35:33.105  2231  2231 D LifecycleMonitor: Lifecycle status change: br.com.catbag.gifreduxsample.ui.GifListActivity@c3971de in: PRE_ON_CREATE
11-26 16:35:33.214  2231  2231 D LifecycleMonitor: Lifecycle status change: br.com.catbag.gifreduxsample.ui.GifListActivity@c3971de in: CREATED
11-26 16:35:33.234  2231  2248 I DroidFlux:Dispatcher: [STARTED] dispatch of action [APP_STATE_LOAD]
11-26 16:35:33.234  2231  2248 D DroidFlux:Dispatcher: An action of type [APP_STATE_LOAD] was dispatched, but no reducer handled it
11-26 16:35:33.235  2231  2248 I DroidFlux:Dispatcher: [COMPLETED] dispatch of action [APP_STATE_LOAD]
11-26 16:35:33.235  2231  2231 D LifecycleMonitor: Lifecycle status change: br.com.catbag.gifreduxsample.ui.GifListActivity@c3971de in: STARTED
11-26 16:35:33.280  2231  2231 D LifecycleMonitor: Lifecycle status change: br.com.catbag.gifreduxsample.ui.GifListActivity@c3971de in: RESUMED
11-26 16:35:33.495  2231  2231 I ViewInteraction: Performing 'single click' action on view with id: br.com.catbag.gifreduxsample:id/gif_image
11-26 16:35:33.533  1239  1260 I ActivityManager: Displayed br.com.catbag.gifreduxsample/.ui.GifListActivity: +533ms
11-26 16:35:33.601  2231  2248 I DroidFlux:Dispatcher: [STARTED] dispatch of action [GIF_PAUSE]
11-26 16:35:33.603  2231  2248 I DroidFlux:Dispatcher: [COMPLETED] dispatch of action [GIF_PAUSE]
11-26 16:35:33.628   990  1029 D AudioFlinger: mixer(0xb60036c0) throttle end: throttle time(11)
11-26 16:35:33.648   990  1029 D AudioFlinger: mixer(0xb60036c0) throttle end: throttle time(11)
11-26 16:35:33.742  1239  1260 I WindowManager: Destroying surface Surface(name=Starting br.com.catbag.gifreduxsample) called by com.android.server.wm.WindowStateAnimator.destroySurface:2014 com.android.server.wm.WindowStateAnimator.destroySurfaceLocked:881 com.android.server.wm.WindowState.destroyOrSaveSurface:2073 com.android.server.wm.AppWindowToken.destroySurfaces:363 com.android.server.wm.WindowStateAnimator.finishExit:565 com.android.server.wm.WindowStateAnimator.stepAnimationLocked:491 com.android.server.wm.WindowAnimator.updateWindowsLocked:303 com.android.server.wm.WindowAnimator.animateLocked:704 
11-26 16:35:33.878  2231  2231 D LifecycleMonitor: Lifecycle status change: br.com.catbag.gifreduxsample.ui.GifListActivity@e0e72a in: STOPPED
11-26 16:35:33.879  2231  2231 D LifecycleMonitor: Lifecycle status change: br.com.catbag.gifreduxsample.ui.GifListActivity@e0e72a in: DESTROYED
11-26 16:35:33.882  1239  1470 I WindowManager: Destroying surface Surface(name=br.com.catbag.gifreduxsample/br.com.catbag.gifreduxsample.ui.GifListActivity) called by com.android.server.wm.WindowStateAnimator.destroySurface:2014 com.android.server.wm.WindowStateAnimator.destroySurfaceLocked:881 com.android.server.wm.WindowState.removeLocked:1449 com.android.server.wm.WindowManagerService.removeWindowInnerLocked:2478 com.android.server.wm.WindowManagerService.removeWindowLocked:2436 com.android.server.wm.WindowManagerService.removeWindowLocked:2305 com.android.server.wm.WindowManagerService.removeWindow:2300 com.android.server.wm.Session.remove:193 
11-26 16:35:33.916  1239  1702 I WindowManager: Destroying surface Surface(name=com.android.launcher3/com.android.launcher3.Launcher) called by com.android.server.wm.WindowStateAnimator.destroySurface:2014 com.android.server.wm.WindowStateAnimator.destroySurfaceLocked:881 com.android.server.wm.WindowState.destroyOrSaveSurface:2073 com.android.server.wm.AppWindowToken.destroySurfaces:363 com.android.server.wm.AppWindowToken.notifyAppStopped:389 com.android.server.wm.WindowManagerService.notifyAppStopped:4456 com.android.server.am.ActivityStack.activityStoppedLocked:1252 com.android.server.am.ActivityManagerService.activityStopped:6873 
11-26 16:35:34.166  2231  2231 D LifecycleMonitor: Lifecycle status change: br.com.catbag.gifreduxsample.ui.GifListActivity@c3971de in: PAUSED
11-26 16:35:34.187  2231  2247 I TestRunner: finished: whenPauseGifTest(br.com.catbag.gifreduxsample.ui.giflist.GifListActivityTest)
11-26 16:35:34.207   979   979 D gralloc : Registering a buffer in the process that created it. This may cause memory ordering problems.
11-26 16:35:34.209   979   979 E libEGL  : called unimplemented OpenGL ES API
11-26 16:35:34.209   979   979 E SurfaceFlinger: glCheckFramebufferStatusOES error 439363597
11-26 16:35:34.209   979   979 E SurfaceFlinger: got GL_FRAMEBUFFER_COMPLETE_OES error while taking screenshot
11-26 16:35:34.214  1239  1470 W WindowManager: Screenshot failure taking screenshot for (480x800) to layer 21005
11-26 16:35:34.224  2231  2231 I MonitoringInstrumentation: Activities that are still in CREATED to STOPPED: 1
11-26 16:35:34.225  2231  2247 I TestRunner: started: whenLoadMultipleGifsOnAppStateTest(br.com.catbag.gifreduxsample.ui.giflist.GifListActivityTest)
11-26 16:35:34.230  2231  2231 I MonitoringInstrumentation: Activities that are still in CREATED to STOPPED: 1
11-26 16:35:34.325  2231  2248 I DroidFlux:Dispatcher: [STARTED] dispatch of action [FAKE_REDUCE_ACTION]
11-26 16:35:34.326  2231  2248 I DroidFlux:Dispatcher: [COMPLETED] dispatch of action [FAKE_REDUCE_ACTION]
11-26 16:35:34.336  2231  2308 D ActivityTestRule: Launching activity br.com.catbag.gifreduxsample.ui.GifListActivity
11-26 16:35:34.339  2231  2309 D MonitoringInstrumentation: execStartActivity(context, ibinder, ibinder, activity, intent, int, bundle
11-26 16:35:34.340  1239  1250 I ActivityManager: START u0 {flg=0x10000000 cmp=br.com.catbag.gifreduxsample/.ui.GifListActivity} from uid 10060 on display 0
11-26 16:35:34.454  1725  1725 I Choreographer: Skipped 34 frames!  The application may be doing too much work on its main thread.
11-26 16:35:34.534  2231  2231 D LifecycleMonitor: Lifecycle status change: br.com.catbag.gifreduxsample.ui.GifListActivity@f90f016 in: PRE_ON_CREATE
11-26 16:35:34.575  2231  2231 D LifecycleMonitor: Lifecycle status change: br.com.catbag.gifreduxsample.ui.GifListActivity@f90f016 in: CREATED
11-26 16:35:34.593  2231  2248 I DroidFlux:Dispatcher: [STARTED] dispatch of action [APP_STATE_LOAD]
11-26 16:35:34.594  2231  2248 D DroidFlux:Dispatcher: An action of type [APP_STATE_LOAD] was dispatched, but no reducer handled it
11-26 16:35:34.594  2231  2248 I DroidFlux:Dispatcher: [COMPLETED] dispatch of action [APP_STATE_LOAD]
11-26 16:35:34.594  2231  2231 D LifecycleMonitor: Lifecycle status change: br.com.catbag.gifreduxsample.ui.GifListActivity@f90f016 in: STARTED
11-26 16:35:34.594  2231  2231 D LifecycleMonitor: Lifecycle status change: br.com.catbag.gifreduxsample.ui.GifListActivity@f90f016 in: RESUMED
11-26 16:35:34.625  1725  1725 I Choreographer: Skipped 39 frames!  The application may be doing too much work on its main thread.
11-26 16:35:34.815  1239  1260 I ActivityManager: Displayed br.com.catbag.gifreduxsample/.ui.GifListActivity: +325ms
11-26 16:35:34.852  2231  2231 W ResourceType: No package identifier when getting name for resource number 0x00000108
11-26 16:35:34.852  2231  2231 I ViewInteraction: Performing 'scroll RecyclerView to position: 2' action on view with id: 264 (resource name not found)
11-26 16:35:35.040  1239  1260 I WindowManager: Destroying surface Surface(name=Starting br.com.catbag.gifreduxsample) called by com.android.server.wm.WindowStateAnimator.destroySurface:2014 com.android.server.wm.WindowStateAnimator.destroySurfaceLocked:881 com.android.server.wm.WindowState.destroyOrSaveSurface:2073 com.android.server.wm.AppWindowToken.destroySurfaces:363 com.android.server.wm.WindowStateAnimator.finishExit:565 com.android.server.wm.WindowStateAnimator.stepAnimationLocked:491 com.android.server.wm.WindowAnimator.updateWindowsLocked:303 com.android.server.wm.WindowAnimator.animateLocked:704 
11-26 16:35:35.174  1239  1249 I art     : Background sticky concurrent mark sweep GC freed 21691(1998KB) AllocSpace objects, 8(160KB) LOS objects, 24% free, 7MB/10MB, paused 12.652ms total 235.791ms
11-26 16:35:35.228  2231  2242 I art     : Background partial concurrent mark sweep GC freed 21176(1176KB) AllocSpace objects, 3(64KB) LOS objects, 20% free, 15MB/19MB, paused 4.157ms total 378.543ms
11-26 16:35:35.283  2231  2231 D LifecycleMonitor: Lifecycle status change: br.com.catbag.gifreduxsample.ui.GifListActivity@c3971de in: STOPPED
11-26 16:35:35.283  2231  2231 D LifecycleMonitor: Lifecycle status change: br.com.catbag.gifreduxsample.ui.GifListActivity@c3971de in: DESTROYED
11-26 16:35:35.285  1239  1251 I WindowManager: Destroying surface Surface(name=br.com.catbag.gifreduxsample/br.com.catbag.gifreduxsample.ui.GifListActivity) called by com.android.server.wm.WindowStateAnimator.destroySurface:2014 com.android.server.wm.WindowStateAnimator.destroySurfaceLocked:881 com.android.server.wm.WindowState.removeLocked:1449 com.android.server.wm.WindowManagerService.removeWindowInnerLocked:2478 com.android.server.wm.WindowManagerService.removeWindowLocked:2436 com.android.server.wm.WindowManagerService.removeWindowLocked:2305 com.android.server.wm.WindowManagerService.removeWindow:2300 com.android.server.wm.Session.remove:193 
11-26 16:35:35.322  1239  1370 I WindowManager: Destroying surface Surface(name=com.android.launcher3/com.android.launcher3.Launcher) called by com.android.server.wm.WindowStateAnimator.destroySurface:2014 com.android.server.wm.WindowStateAnimator.destroySurfaceLocked:881 com.android.server.wm.WindowState.destroyOrSaveSurface:2073 com.android.server.wm.AppWindowToken.destroySurfaces:363 com.android.server.wm.AppWindowToken.notifyAppStopped:389 com.android.server.wm.WindowManagerService.notifyAppStopped:4456 com.android.server.am.ActivityStack.activityStoppedLocked:1252 com.android.server.am.ActivityManagerService.activityStopped:6873 
11-26 16:35:35.364  2231  2231 W ResourceType: No package identifier when getting name for resource number 0x00000108
11-26 16:35:35.377  2231  2231 W ResourceType: No package identifier when getting name for resource number 0x0000010f
11-26 16:35:35.377  2231  2231 I ViewInteraction: Performing 'scroll RecyclerView to position: 3' action on view with id: 271 (resource name not found)
11-26 16:35:35.701  2231  2231 W ResourceType: No package identifier when getting name for resource number 0x0000010f
11-26 16:35:35.714  2231  2231 W ResourceType: No package identifier when getting name for resource number 0x00000116
11-26 16:35:35.714  2231  2231 I ViewInteraction: Performing 'scroll RecyclerView to position: 4' action on view with id: 278 (resource name not found)
11-26 16:35:36.001  2231  2231 W ResourceType: No package identifier when getting name for resource number 0x00000116
11-26 16:35:36.020  2231  2231 W ResourceType: No package identifier when getting name for resource number 0x0000011d
11-26 16:35:36.020  2231  2231 I ViewInteraction: Performing 'scroll RecyclerView to position: 5' action on view with id: 285 (resource name not found)
11-26 16:35:36.311  2231  2231 W ResourceType: No package identifier when getting name for resource number 0x0000011d
11-26 16:35:36.325  2231  2231 W ResourceType: No package identifier when getting name for resource number 0x00000124
11-26 16:35:36.326  2231  2231 I ViewInteraction: Performing 'scroll RecyclerView to position: 6' action on view with id: 292 (resource name not found)
11-26 16:35:36.346  2231  2248 I DroidFlux:Dispatcher: [STARTED] dispatch of action [GIF_LIST_FETCHING]
11-26 16:35:36.346  2231  2248 D DroidFlux:Dispatcher: An action of type [GIF_LIST_FETCHING] was dispatched, but no reducer handled it
11-26 16:35:36.346  2231  2248 I DroidFlux:Dispatcher: [COMPLETED] dispatch of action [GIF_LIST_FETCHING]
11-26 16:35:36.484  1239  1323 E TaskPersister: File error accessing recents directory (directory doesn't exist?).
11-26 16:35:36.623  2231  2231 W ResourceType: No package identifier when getting name for resource number 0x00000124
11-26 16:35:36.631  2231  2231 W ResourceType: No package identifier when getting name for resource number 0x0000012b
11-26 16:35:36.632  2231  2231 I ViewInteraction: Performing 'scroll RecyclerView to position: 7' action on view with id: 299 (resource name not found)
11-26 16:35:36.942  2231  2231 W ResourceType: No package identifier when getting name for resource number 0x0000012b
11-26 16:35:36.959  2231  2231 W ResourceType: No package identifier when getting name for resource number 0x00000132
11-26 16:35:36.960  2231  2231 I ViewInteraction: Performing 'scroll RecyclerView to position: 8' action on view with id: 306 (resource name not found)
11-26 16:35:37.053  2231  2242 I art     : Background sticky concurrent mark sweep GC freed 20906(1998KB) AllocSpace objects, 18(384KB) LOS objects, 12% free, 16MB/19MB, paused 5.022ms total 56.956ms
11-26 16:35:37.302  2231  2231 W ResourceType: No package identifier when getting name for resource number 0x00000132
11-26 16:35:37.316  2231  2231 W ResourceType: No package identifier when getting name for resource number 0x00000139
11-26 16:35:37.316  2231  2231 I ViewInteraction: Performing 'scroll RecyclerView to position: 9' action on view with id: 313 (resource name not found)
11-26 16:35:37.622  2231  2231 W ResourceType: No package identifier when getting name for resource number 0x00000139
11-26 16:35:37.662  2231  2231 D LifecycleMonitor: Lifecycle status change: br.com.catbag.gifreduxsample.ui.GifListActivity@f90f016 in: PAUSED
11-26 16:35:37.682  2231  2247 I TestRunner: finished: whenLoadMultipleGifsOnAppStateTest(br.com.catbag.gifreduxsample.ui.giflist.GifListActivityTest)
11-26 16:35:37.751   979   979 D gralloc : Registering a buffer in the process that created it. This may cause memory ordering problems.
11-26 16:35:37.751   979   979 E libEGL  : called unimplemented OpenGL ES API
11-26 16:35:37.751   979   979 E SurfaceFlinger: glCheckFramebufferStatusOES error 439363597
11-26 16:35:37.751   979   979 E SurfaceFlinger: got GL_FRAMEBUFFER_COMPLETE_OES error while taking screenshot
11-26 16:35:37.760  1239  1470 W WindowManager: Screenshot failure taking screenshot for (480x800) to layer 21005
11-26 16:35:37.773  2231  2231 I MonitoringInstrumentation: Activities that are still in CREATED to STOPPED: 1
11-26 16:35:37.775  2231  2247 I TestRunner: run finished: 20 tests, 0 failed, 0 ignored
11-26 16:35:38.021  2231  2231 I MonitoringInstrumentation: Activities that are still in CREATED to STOPPED: 1
11-26 16:35:38.038  2231  2247 I MonitoringInstrumentation: Unstopped activity count: 1
11-26 16:35:38.040  1725  1725 I Choreographer: Skipped 50 frames!  The application may be doing too much work on its main thread.
11-26 16:35:38.097  2231  2247 I MonitoringInstrumentation: Unstopped activity count: 1
11-26 16:35:38.157  2231  2247 I MonitoringInstrumentation: Unstopped activity count: 1
11-26 16:35:38.218  2231  2247 I MonitoringInstrumentation: Unstopped activity count: 1
11-26 16:35:38.279  2231  2247 I MonitoringInstrumentation: Unstopped activity count: 1
11-26 16:35:38.338  2231  2247 I MonitoringInstrumentation: Unstopped activity count: 1
11-26 16:35:38.398  2231  2247 I MonitoringInstrumentation: Unstopped activity count: 1
11-26 16:35:38.417  2231  2231 D LifecycleMonitor: Lifecycle status change: br.com.catbag.gifreduxsample.ui.GifListActivity@f90f016 in: STOPPED
11-26 16:35:38.438  2231  2231 D LifecycleMonitor: Lifecycle status change: br.com.catbag.gifreduxsample.ui.GifListActivity@f90f016 in: DESTROYED
11-26 16:35:38.458  2231  2247 I MonitoringInstrumentation: waitForActivitiesToComplete() took: 421ms
11-26 16:35:38.465  1239  1381 I ActivityManager: Force stopping br.com.catbag.gifreduxsample appid=10060 user=0: finished inst
11-26 16:35:38.465  1239  1381 I ActivityManager: Killing 2231:br.com.catbag.gifreduxsample/u0a60 (adj 0): stop br.com.catbag.gifreduxsample
11-26 16:35:38.506  1239  1691 I WindowManager: WIN DEATH: Window{d5ae909 u0 br.com.catbag.gifreduxsample/br.com.catbag.gifreduxsample.ui.GifListActivity EXITING}
11-26 16:35:38.534  2220  2220 D AndroidRuntime: Shutting down VM
11-26 16:35:38.553  1239  1260 I WindowManager: Destroying surface Surface(name=br.com.catbag.gifreduxsample/br.com.catbag.gifreduxsample.ui.GifListActivity) called by com.android.server.wm.WindowStateAnimator.destroySurface:2014 com.android.server.wm.WindowStateAnimator.destroySurfaceLocked:881 com.android.server.wm.WindowState.removeLocked:1449 com.android.server.wm.WindowManagerService.removeWindowInnerLocked:2478 com.android.server.wm.AppWindowToken.destroySurfaces:365 com.android.server.wm.WindowStateAnimator.finishExit:565 com.android.server.wm.WindowStateAnimator.stepAnimationLocked:491 com.android.server.wm.WindowAnimator.updateWindowsLocked:303 
11-26 16:35:38.605  2220  2220 W art     : Suspending all threads took: 24.111ms
11-26 16:35:39.174  2320  2320 D AndroidRuntime: >>>>>> START com.android.internal.os.RuntimeInit uid 2000 <<<<<<
11-26 16:35:39.182  2320  2320 D AndroidRuntime: CheckJNI is ON
11-26 16:35:39.236  2320  2320 W art     : Unexpected CPU variant for X86 using defaults: x86
11-26 16:35:39.246  2320  2320 D ICU     : No timezone override file found: /data/misc/zoneinfo/current/icu/icu_tzdata.dat
11-26 16:35:39.276  2320  2320 E memtrack: Couldn't load memtrack module (No such file or directory)
11-26 16:35:39.276  2320  2320 E android.os.Debug: failed to load memtrack module: -2
11-26 16:35:39.278  2320  2320 I Radio-JNI: register_android_hardware_Radio DONE
11-26 16:35:39.295  2320  2320 D AndroidRuntime: Calling main entry com.android.commands.pm.Pm
11-26 16:35:39.321  1239  1253 I ActivityManager: Force stopping br.com.catbag.gifreduxsample.test appid=10061 user=-1: deletePackageX
11-26 16:35:39.446  1239  1265 I art     : Starting a blocking GC Explicit
11-26 16:35:39.503  1239  1265 I art     : Explicit concurrent mark sweep GC freed 28373(1540KB) AllocSpace objects, 5(100KB) LOS objects, 33% free, 6MB/10MB, paused 4.635ms total 53.557ms
11-26 16:35:39.519  2320  2320 I art     : System.exit called, status: 0
11-26 16:35:39.520  2320  2320 I AndroidRuntime: VM exiting with result code 0.
11-26 16:35:39.555  1239  1265 I ActivityManager: Force stopping br.com.catbag.gifreduxsample.test appid=10061 user=0: pkg removed
11-26 16:35:39.732  1239  1277 I InputReader: Reconfiguring input devices.  changes=0x00000010
11-26 16:35:39.887  1239  1265 E KernelUidCpuTimeReader: failed to remove uid from uid_cputime module
11-26 16:35:39.887  1239  1265 E KernelUidCpuTimeReader: java.io.FileNotFoundException: /proc/uid_cputime/remove_uid_range (No such file or directory)
11-26 16:35:39.887  1239  1265 E KernelUidCpuTimeReader: 	at java.io.FileOutputStream.open(Native Method)
11-26 16:35:39.887  1239  1265 E KernelUidCpuTimeReader: 	at java.io.FileOutputStream.<init>(FileOutputStream.java:221)
11-26 16:35:39.887  1239  1265 E KernelUidCpuTimeReader: 	at java.io.FileOutputStream.<init>(FileOutputStream.java:108)
11-26 16:35:39.887  1239  1265 E KernelUidCpuTimeReader: 	at java.io.FileWriter.<init>(FileWriter.java:63)
11-26 16:35:39.887  1239  1265 E KernelUidCpuTimeReader: 	at com.android.internal.os.KernelUidCpuTimeReader.removeUid(KernelUidCpuTimeReader.java:158)
11-26 16:35:39.887  1239  1265 E KernelUidCpuTimeReader: 	at com.android.internal.os.BatteryStatsImpl.removeUidStatsLocked(BatteryStatsImpl.java:9805)
11-26 16:35:39.887  1239  1265 E KernelUidCpuTimeReader: 	at com.android.server.am.BatteryStatsService.removeUid(BatteryStatsService.java:291)
11-26 16:35:39.887  1239  1265 E KernelUidCpuTimeReader: 	at com.android.server.am.ActivityManagerService.broadcastIntentLocked(ActivityManagerService.java:17767)
11-26 16:35:39.887  1239  1265 E KernelUidCpuTimeReader: 	at com.android.server.am.ActivityManagerService.broadcastIntent(ActivityManagerService.java:18256)
11-26 16:35:39.887  1239  1265 E KernelUidCpuTimeReader: 	at com.android.server.pm.PackageManagerService$8.run(PackageManagerService.java:11407)
11-26 16:35:39.887  1239  1265 E KernelUidCpuTimeReader: 	at android.os.Handler.handleCallback(Handler.java:751)
11-26 16:35:39.887  1239  1265 E KernelUidCpuTimeReader: 	at android.os.Handler.dispatchMessage(Handler.java:95)
11-26 16:35:39.887  1239  1265 E KernelUidCpuTimeReader: 	at android.os.Looper.loop(Looper.java:154)
11-26 16:35:39.887  1239  1265 E KernelUidCpuTimeReader: 	at android.os.HandlerThread.run(HandlerThread.java:61)
11-26 16:35:39.887  1239  1265 E KernelUidCpuTimeReader: 	at com.android.server.ServiceThread.run(ServiceThread.java:46)
11-26 16:35:39.896  1239  1370 W art     : Long monitor contention with owner PackageManager (1265) at int com.android.server.am.ActivityManagerService.broadcastIntent(android.app.IApplicationThread, android.content.Intent, java.lang.String, android.content.IIntentReceiver, int, java.lang.String, android.os.Bundle, java.lang.String[], int, android.os.Bundle, boolean, boolean, int)(ActivityManagerService.java:18249) waiters=1 in void com.android.server.am.ActivityManagerService.serviceDoneExecuting(android.os.IBinder, int, int, int) for 125ms
11-26 16:35:39.930  1447  1447 D CarrierSvcBindHelper: No carrier app for: 0
11-26 16:35:40.309  1239  1252 W LocationProviderProxy-network: Odd, no component found for service com.android.location.service.v3.NetworkLocationProvider
11-26 16:35:40.310  1239  1252 W GeocoderProxy: Odd, no component found for service com.android.location.service.GeocodeProvider
11-26 16:35:40.310  1239  1252 W GeofenceProxy: Odd, no component found for service com.android.location.service.GeofenceProvider
11-26 16:35:40.310  1239  1252 W ActivityRecognitionProxy: Odd, no component found for service com.android.location.service.ActivityRecognitionProvider
11-26 16:35:40.327  1683  1710 I art     : Background sticky concurrent mark sweep GC freed 2737(271KB) AllocSpace objects, 0(0B) LOS objects, 20% free, 2MB/2MB, paused 15.523ms total 94.900ms
11-26 16:35:40.684  2334  2334 D AndroidRuntime: >>>>>> START com.android.internal.os.RuntimeInit uid 2000 <<<<<<
11-26 16:35:40.687  2334  2334 D AndroidRuntime: CheckJNI is ON
11-26 16:35:40.741  2334  2334 W art     : Unexpected CPU variant for X86 using defaults: x86
11-26 16:35:40.748  2334  2334 D ICU     : No timezone override file found: /data/misc/zoneinfo/current/icu/icu_tzdata.dat
11-26 16:35:40.773  2334  2334 E memtrack: Couldn't load memtrack module (No such file or directory)
11-26 16:35:40.774  2334  2334 E android.os.Debug: failed to load memtrack module: -2
11-26 16:35:40.775  2334  2334 I Radio-JNI: register_android_hardware_Radio DONE
11-26 16:35:40.818  2334  2334 D AndroidRuntime: Calling main entry com.android.commands.pm.Pm
11-26 16:35:40.832  1239  1253 I ActivityManager: Force stopping br.com.catbag.gifreduxsample appid=10060 user=-1: deletePackageX
11-26 16:35:40.942  1239  1265 I art     : Starting a blocking GC Explicit
11-26 16:35:41.023  1239  1265 I art     : Explicit concurrent mark sweep GC freed 27542(1440KB) AllocSpace objects, 7(140KB) LOS objects, 33% free, 6MB/10MB, paused 8.626ms total 76.680ms
11-26 16:35:41.042  2334  2334 I art     : System.exit called, status: 0
11-26 16:35:41.043  2334  2334 I AndroidRuntime: VM exiting with result code 0.
11-26 16:35:41.116  2039  2052 W art     : Long monitor contention with owner main (2039) at long android.os.SystemClock.uptimeMillis()(SystemClock.java:-2) waiters=0 in boolean android.os.MessageQueue.enqueueMessage(android.os.Message, long) for 1.343s
11-26 16:35:41.262  1239  1265 I ActivityManager: Force stopping br.com.catbag.gifreduxsample appid=10060 user=0: pkg removed
11-26 16:35:41.408  1239  1277 I InputReader: Reconfiguring input devices.  changes=0x00000010
11-26 16:35:41.460  1239  1265 E KernelUidCpuTimeReader: failed to remove uid from uid_cputime module
11-26 16:35:41.460  1239  1265 E KernelUidCpuTimeReader: java.io.FileNotFoundException: /proc/uid_cputime/remove_uid_range (No such file or directory)
11-26 16:35:41.460  1239  1265 E KernelUidCpuTimeReader: 	at java.io.FileOutputStream.open(Native Method)
11-26 16:35:41.460  1239  1265 E KernelUidCpuTimeReader: 	at java.io.FileOutputStream.<init>(FileOutputStream.java:221)
11-26 16:35:41.460  1239  1265 E KernelUidCpuTimeReader: 	at java.io.FileOutputStream.<init>(FileOutputStream.java:108)
11-26 16:35:41.460  1239  1265 E KernelUidCpuTimeReader: 	at java.io.FileWriter.<init>(FileWriter.java:63)
11-26 16:35:41.460  1239  1265 E KernelUidCpuTimeReader: 	at com.android.internal.os.KernelUidCpuTimeReader.removeUid(KernelUidCpuTimeReader.java:158)
11-26 16:35:41.460  1239  1265 E KernelUidCpuTimeReader: 	at com.android.internal.os.BatteryStatsImpl.removeUidStatsLocked(BatteryStatsImpl.java:9805)
11-26 16:35:41.460  1239  1265 E KernelUidCpuTimeReader: 	at com.android.server.am.BatteryStatsService.removeUid(BatteryStatsService.java:291)
11-26 16:35:41.460  1239  1265 E KernelUidCpuTimeReader: 	at com.android.server.am.ActivityManagerService.broadcastIntentLocked(ActivityManagerService.java:17767)
11-26 16:35:41.460  1239  1265 E KernelUidCpuTimeReader: 	at com.android.server.am.ActivityManagerService.broadcastIntent(ActivityManagerService.java:18256)
11-26 16:35:41.460  1239  1265 E KernelUidCpuTimeReader: 	at com.android.server.pm.PackageManagerService$8.run(PackageManagerService.java:11407)
11-26 16:35:41.460  1239  1265 E KernelUidCpuTimeReader: 	at android.os.Handler.handleCallback(Handler.java:751)
11-26 16:35:41.460  1239  1265 E KernelUidCpuTimeReader: 	at android.os.Handler.dispatchMessage(Handler.java:95)
11-26 16:35:41.460  1239  1265 E KernelUidCpuTimeReader: 	at android.os.Looper.loop(Looper.java:154)
11-26 16:35:41.460  1239  1265 E KernelUidCpuTimeReader: 	at android.os.HandlerThread.run(HandlerThread.java:61)
11-26 16:35:41.460  1239  1265 E KernelUidCpuTimeReader: 	at com.android.server.ServiceThread.run(ServiceThread.java:46)
11-26 16:35:41.585  1447  1447 D CarrierSvcBindHelper: No carrier app for: 0
11-26 16:35:41.621  1239  1323 E TaskPersister: File error accessing recents directory (directory doesn't exist?).
11-26 16:35:41.903  1239  1252 W LocationProviderProxy-network: Odd, no component found for service com.android.location.service.v3.NetworkLocationProvider
11-26 16:35:41.904  1239  1252 W GeocoderProxy: Odd, no component found for service com.android.location.service.GeocodeProvider
11-26 16:35:41.904  1239  1252 W GeofenceProxy: Odd, no component found for service com.android.location.service.GeofenceProvider
11-26 16:35:41.905  1239  1252 W ActivityRecognitionProxy: Odd, no component found for service com.android.location.service.ActivityRecognitionProvider
11-26 16:35:41.940  1725  1736 I art     : Background partial concurrent mark sweep GC freed 2197(137KB) AllocSpace objects, 7(124KB) LOS objects, 39% free, 3MB/6MB, paused 84.489ms total 652.049ms
11-26 16:35:42.625  1365  1378 I art     : Background partial concurrent mark sweep GC freed 21985(1026KB) AllocSpace objects, 17(5MB) LOS objects, 39% free, 4MB/7MB, paused 10.745ms total 1.131s
11-26 16:35:42.743  1774  1774 W ContextImpl: Calling a method in the system process without a qualified user: android.app.ContextImpl.startService:1385 android.content.ContextWrapper.startService:613 android.content.ContextWrapper.startService:613 com.android.keychain.KeyChainBroadcastReceiver.onReceive:12 android.app.ActivityThread.handleReceiver:3011 
11-26 16:35:42.800  2349  2349 W art     : Unexpected CPU variant for X86 using defaults: x86
11-26 16:35:42.810  1239  1458 I ActivityManager: Start proc 2349:com.android.documentsui/u0a7 for broadcast com.android.documentsui/.PackageReceiver
11-26 16:35:42.936  1655  2348 D VoicemailCleanupService: Cleaning up data for package: br.com.catbag.gifreduxsample.test
11-26 16:35:42.998  2349  2349 W System  : ClassLoader referenced unknown path: /system/priv-app/DocumentsUI/lib/x86
11-26 16:35:43.688  1324  1446 I LatinIME:LogUtils: Dictionary info: dictionary = main:en ; version = 54 ; date = 1414726273
11-26 16:35:43.847  1239  1470 I ActivityManager: Start proc 2366:com.android.externalstorage/u0a11 for content provider com.android.externalstorage/.ExternalStorageProvider
11-26 16:35:43.859  2366  2366 W art     : Unexpected CPU variant for X86 using defaults: x86
11-26 16:35:44.060  1324  1446 I LatinIME:LogUtils: Dictionary info: dictionary = main:en ; version = 54 ; date = 1414726273
11-26 16:35:44.082  2366  2366 W System  : ClassLoader referenced unknown path: /system/priv-app/ExternalStorageProvider/lib/x86
11-26 16:35:44.236  2366  2366 D ExternalStorage: After updating volumes, found 2 active roots
11-26 16:35:44.348  1239  1470 I ActivityManager: Start proc 2383:com.android.mtp/u0a8 for content provider com.android.mtp/.MtpDocumentsProvider
11-26 16:35:44.374  2383  2383 W art     : Unexpected CPU variant for X86 using defaults: x86
11-26 16:35:44.496  1239  1250 I ActivityManager: Killing 1926:com.android.quicksearchbox/u0a50 (adj 906): empty #17
11-26 16:35:45.067  1774  1774 W ContextImpl: Calling a method in the system process without a qualified user: android.app.ContextImpl.startService:1385 android.content.ContextWrapper.startService:613 android.content.ContextWrapper.startService:613 com.android.keychain.KeyChainBroadcastReceiver.onReceive:12 android.app.ActivityThread.handleReceiver:3011 
11-26 16:35:45.211  1655  2402 D VoicemailCleanupService: Cleaning up data for package: br.com.catbag.gifreduxsample
11-26 16:35:45.507  1239  1691 I ActivityManager: Killing 1507:com.android.settings/1000 (adj 906): empty #17
11-26 16:35:45.562  1239  1250 D VoldConnector: SND -> {30 appfuse mount 10008 2383 MtpDocumentsProvider}
11-26 16:35:45.633  1239  1281 D VoldConnector: RCV <- {200 30 AppFuse command succeeded}
11-26 16:35:45.818  1239  1702 I ActivityManager: Killing 1993:com.android.dialer/u0a6 (adj 906): empty #17
