--------- beginning of main
11-23 13:40:37.159  2140  2140 D AndroidRuntime: >>>>>> START com.android.internal.os.RuntimeInit uid 2000 <<<<<<
11-23 13:40:37.237  2140  2140 D AndroidRuntime: CheckJNI is ON
11-23 13:40:38.121  2140  2140 W art     : Unexpected CPU variant for X86 using defaults: x86
11-23 13:40:38.438  2140  2140 D ICU     : No timezone override file found: /data/misc/zoneinfo/current/icu/icu_tzdata.dat
11-23 13:40:39.086  2140  2140 E memtrack: Couldn't load memtrack module (No such file or directory)
11-23 13:40:39.086  2140  2140 E android.os.Debug: failed to load memtrack module: -2
11-23 13:40:39.127  2140  2140 I Radio-JNI: register_android_hardware_Radio DONE
11-23 13:40:39.756  2140  2140 D AndroidRuntime: Calling main entry com.android.commands.am.Am
11-23 13:40:39.847  2140  2140 D AndroidRuntime: Shutting down VM
11-23 13:40:40.478  2150  2150 D AndroidRuntime: >>>>>> START com.android.internal.os.RuntimeInit uid 2000 <<<<<<
11-23 13:40:40.481  2150  2150 D AndroidRuntime: CheckJNI is ON
11-23 13:40:40.554  2150  2150 W art     : Unexpected CPU variant for X86 using defaults: x86
11-23 13:40:40.568  2150  2150 D ICU     : No timezone override file found: /data/misc/zoneinfo/current/icu/icu_tzdata.dat
11-23 13:40:40.621  2150  2150 E memtrack: Couldn't load memtrack module (No such file or directory)
11-23 13:40:40.621  2150  2150 E android.os.Debug: failed to load memtrack module: -2
11-23 13:40:40.631  2150  2150 I Radio-JNI: register_android_hardware_Radio DONE
11-23 13:40:40.659  2150  2150 D AndroidRuntime: Calling main entry com.android.commands.pm.Pm
11-23 13:40:40.806  2150  2150 I art     : System.exit called, status: 0
11-23 13:40:40.806  2150  2150 I AndroidRuntime: VM exiting with result code 0.
11-23 13:40:42.770  2161  2161 D AndroidRuntime: >>>>>> START com.android.internal.os.RuntimeInit uid 2000 <<<<<<
11-23 13:40:42.810  2161  2161 D AndroidRuntime: CheckJNI is ON
11-23 13:40:42.949  2161  2161 W art     : Unexpected CPU variant for X86 using defaults: x86
11-23 13:40:42.986  2161  2161 D ICU     : No timezone override file found: /data/misc/zoneinfo/current/icu/icu_tzdata.dat
11-23 13:40:43.093  2161  2161 E memtrack: Couldn't load memtrack module (No such file or directory)
11-23 13:40:43.093  2161  2161 E android.os.Debug: failed to load memtrack module: -2
11-23 13:40:43.095  2161  2161 I Radio-JNI: register_android_hardware_Radio DONE
11-23 13:40:43.171  2161  2161 D AndroidRuntime: Calling main entry com.android.commands.pm.Pm
11-23 13:40:43.293   991   991 I         : free_cache(7066013) avail 512573440
--------- beginning of system
11-23 13:41:00.151  1237  1250 I UsageStatsService: User[0] Flushing usage stats to disk
11-23 13:41:04.369  2161  2161 I art     : System.exit called, status: 0
11-23 13:41:04.369  2161  2161 I AndroidRuntime: VM exiting with result code 0.
11-23 13:41:04.840  2174  2174 D AndroidRuntime: >>>>>> START com.android.internal.os.RuntimeInit uid 2000 <<<<<<
11-23 13:41:04.851  2174  2174 D AndroidRuntime: CheckJNI is ON
11-23 13:41:04.925  2174  2174 W art     : Unexpected CPU variant for X86 using defaults: x86
11-23 13:41:04.943  2174  2174 D ICU     : No timezone override file found: /data/misc/zoneinfo/current/icu/icu_tzdata.dat
11-23 13:41:04.986  2174  2174 E memtrack: Couldn't load memtrack module (No such file or directory)
11-23 13:41:04.986  2174  2174 E android.os.Debug: failed to load memtrack module: -2
11-23 13:41:04.987  2174  2174 I Radio-JNI: register_android_hardware_Radio DONE
11-23 13:41:05.022  2174  2174 D AndroidRuntime: Calling main entry com.android.commands.pm.Pm
11-23 13:41:05.925  1237  1263 W ActivityManager: Slow operation: 434ms so far, now at startProcess: returned from zygote!
11-23 13:41:05.926  1237  1263 W ActivityManager: Slow operation: 436ms so far, now at startProcess: done updating battery stats
11-23 13:41:05.927  1237  1263 W ActivityManager: Slow operation: 437ms so far, now at startProcess: building log message
11-23 13:41:05.928  1237  1263 I ActivityManager: Start proc 2184:com.android.defcontainer/u0a5 for service com.android.defcontainer/.DefaultContainerService
11-23 13:41:05.928  1237  1263 W ActivityManager: Slow operation: 438ms so far, now at startProcess: starting to update pids map
11-23 13:41:05.929  1237  1263 W ActivityManager: Slow operation: 439ms so far, now at startProcess: done updating pids map
11-23 13:41:05.929  1237  1263 W ActivityManager: Slow operation: 452ms so far, now at startProcess: done starting proc!
11-23 13:41:05.950  1237  1252 W art     : Long monitor contention with owner PackageManager (1263) at int com.android.server.am.ActivityManagerService.bindService(android.app.IApplicationThread, android.os.IBinder, android.content.Intent, java.lang.String, android.app.IServiceConnection, int, java.lang.String, int)(ActivityManagerService.java:17045) waiters=0 in void com.android.server.am.ActivityManagerService.dispatchUidsChanged() for 444ms
11-23 13:41:05.986  2184  2184 W art     : Unexpected CPU variant for X86 using defaults: x86
11-23 13:41:06.482  1237  1263 I PackageManager.DexOptimizer: Running dexopt (dex2oat) on: /data/app/vmdl2038770496.tmp/base.apk pkg=br.com.catbag.gifreduxsample isa=x86 vmSafeMode=false debuggable=true target-filter=interpret-only oatDir = /data/app/vmdl2038770496.tmp/oat sharedLibraries=null
11-23 13:41:06.554  2199  2199 W dex2oat : Unexpected CPU variant for X86 using defaults: x86
11-23 13:41:06.556  2199  2199 W dex2oat : Mismatch between dex2oat instruction set features (ISA: X86 Feature string: smp,-ssse3,-sse4.1,-sse4.2,-avx,-avx2,-lock_add,-popcnt) and those of dex2oat executable (ISA: X86 Feature string: smp,ssse3,-sse4.1,-sse4.2,-avx,-avx2,-lock_add,-popcnt) for the command line:
11-23 13:41:06.556  2199  2199 W dex2oat : /system/bin/dex2oat --zip-fd=6 --zip-location=base.apk --oat-fd=7 --oat-location=/data/app/vmdl2038770496.tmp/oat/x86/base.odex --instruction-set=x86 --instruction-set-variant=x86 --instruction-set-features=default --runtime-arg -Xms64m --runtime-arg -Xmx512m --compiler-filter=interpret-only --swap-fd=9 --debuggable
11-23 13:41:06.558  2199  2199 I dex2oat : /system/bin/dex2oat --compiler-filter=interpret-only --debuggable
11-23 13:41:10.963  2199  2199 W dex2oat : Before Android 4.1, method android.graphics.PorterDuffColorFilter android.support.graphics.drawable.VectorDrawableCompat.updateTintFilter(android.graphics.PorterDuffColorFilter, android.content.res.ColorStateList, android.graphics.PorterDuff$Mode) would have incorrectly overridden the package-private method in android.graphics.drawable.Drawable
11-23 13:41:11.144  2199  2199 W dex2oat : Before Android 4.1, method int android.support.v7.widget.ListViewCompat.lookForSelectablePosition(int, boolean) would have incorrectly overridden the package-private method in android.widget.ListView
11-23 13:41:28.837  2199  2199 W dex2oat : Verification of void org.immutables.value.internal.$processor$.meta.$StyleMirror.<init>(javax.lang.model.element.AnnotationMirror) took 150.712ms
11-23 13:41:28.944  2199  2199 W dex2oat : Verification of void org.immutables.value.internal.$processor$.meta.$StyleMirror.<init>(javax.lang.model.element.TypeElement) took 105.377ms
11-23 13:41:54.373  2199  2199 W dex2oat : Compilation of void com.esotericsoftware.kryo.serializers.UnsafeCacheFields$UnsafeObjectField.setField(java.lang.Object, java.lang.Object) took 163.790ms
11-23 13:41:59.397  2199  2199 W dex2oat : Compilation of com.google.common.collect.Ordering com.google.common.collect.NullsLastOrdering.reverse() took 178.764ms
11-23 13:42:08.132  2199  2199 I dex2oat : dex2oat took 61.582s (threads: 1) arena alloc=1402KB (1436528B) java alloc=7MB (8050336B) native alloc=13MB (14283080B) free=3MB (3149496B)
11-23 13:42:08.482  1237  1263 W PackageManager: Not granting permission android.permission.SET_DEBUG_APP to package br.com.catbag.gifreduxsample (protectionLevel=50 flags=0x3848be46)
11-23 13:42:08.708  1237  1263 V BackupManagerService: restoreAtInstall pkg=br.com.catbag.gifreduxsample token=1 restoreSet=0
11-23 13:42:08.710  1237  1263 W BackupManagerService: Requested unavailable transport: android/com.android.internal.backup.LocalTransport
11-23 13:42:08.711  1237  1263 W BackupManagerService: No transport
11-23 13:42:08.711  1237  1263 V BackupManagerService: Finishing install immediately
11-23 13:42:08.776  1237  1544 I ActivityManager: Killing 1456:com.android.settings:CryptKeeper/1000 (adj 906): empty #17
11-23 13:42:08.813  1237  1263 I art     : Starting a blocking GC Explicit
11-23 13:42:09.184  1237  1263 I art     : Explicit concurrent mark sweep GC freed 29247(1886KB) AllocSpace objects, 18(408KB) LOS objects, 33% free, 6MB/10MB, paused 5.637ms total 227.114ms
11-23 13:42:09.191   991   991 E         : Couldn't opendir /data/app/vmdl2038770496.tmp: No such file or directory
11-23 13:42:09.407  2174  2174 I art     : System.exit called, status: 0
11-23 13:42:09.407  2174  2174 I AndroidRuntime: VM exiting with result code 0.
11-23 13:42:09.512  1237  1279 I InputReader: Reconfiguring input devices.  changes=0x00000010
11-23 13:42:09.670  1439  1439 D CarrierSvcBindHelper: No carrier app for: 0
11-23 13:42:09.710  1439  1439 D CarrierConfigLoader: mHandler: 9 phoneId: 0
11-23 13:42:10.359  1237  1250 W VoiceInteractionManagerService: no available voice recognition services found for user 0
11-23 13:42:10.361  1237  1250 W LocationProviderProxy-network: Odd, no component found for service com.android.location.service.v3.NetworkLocationProvider
11-23 13:42:10.362  1237  1250 W GeocoderProxy: Odd, no component found for service com.android.location.service.GeocodeProvider
11-23 13:42:10.362  1237  1250 W GeofenceProxy: Odd, no component found for service com.android.location.service.GeofenceProvider
11-23 13:42:10.363  1237  1250 W ActivityRecognitionProxy: Odd, no component found for service com.android.location.service.ActivityRecognitionProvider
11-23 13:42:11.157  2206  2206 D AndroidRuntime: >>>>>> START com.android.internal.os.RuntimeInit uid 2000 <<<<<<
11-23 13:42:11.163  2206  2206 D AndroidRuntime: CheckJNI is ON
11-23 13:42:11.250  2206  2206 W art     : Unexpected CPU variant for X86 using defaults: x86
11-23 13:42:11.262  2206  2206 D ICU     : No timezone override file found: /data/misc/zoneinfo/current/icu/icu_tzdata.dat
11-23 13:42:11.301  2206  2206 E memtrack: Couldn't load memtrack module (No such file or directory)
11-23 13:42:11.301  2206  2206 E android.os.Debug: failed to load memtrack module: -2
11-23 13:42:11.303  2206  2206 I Radio-JNI: register_android_hardware_Radio DONE
11-23 13:42:11.339  2206  2206 D AndroidRuntime: Calling main entry com.android.commands.pm.Pm
11-23 13:42:11.368  2206  2206 I art     : System.exit called, status: 0
11-23 13:42:11.368  2206  2206 I AndroidRuntime: VM exiting with result code 0.
11-23 13:42:12.383  2223  2223 D AndroidRuntime: >>>>>> START com.android.internal.os.RuntimeInit uid 2000 <<<<<<
11-23 13:42:12.386  2223  2223 D AndroidRuntime: CheckJNI is ON
11-23 13:42:12.443  2223  2223 W art     : Unexpected CPU variant for X86 using defaults: x86
11-23 13:42:12.460  2223  2223 D ICU     : No timezone override file found: /data/misc/zoneinfo/current/icu/icu_tzdata.dat
11-23 13:42:12.494  2223  2223 E memtrack: Couldn't load memtrack module (No such file or directory)
11-23 13:42:12.494  2223  2223 E android.os.Debug: failed to load memtrack module: -2
11-23 13:42:12.500  2223  2223 I Radio-JNI: register_android_hardware_Radio DONE
11-23 13:42:12.532  2223  2223 D AndroidRuntime: Calling main entry com.android.commands.pm.Pm
11-23 13:42:12.567   991   991 I         : free_cache(2038249) avail 492605440
11-23 13:42:14.989  2236  2236 W art     : Unexpected CPU variant for X86 using defaults: x86
11-23 13:42:15.009  1237  1555 W ActivityManager: Slow operation: 93ms so far, now at startProcess: returned from zygote!
11-23 13:42:15.010  1237  1555 W ActivityManager: Slow operation: 93ms so far, now at startProcess: done updating battery stats
11-23 13:42:15.010  1237  1555 W ActivityManager: Slow operation: 94ms so far, now at startProcess: building log message
11-23 13:42:15.011  1237  1555 I ActivityManager: Start proc 2236:com.svox.pico/u0a46 for broadcast com.svox.pico/.VoiceDataInstallerReceiver
11-23 13:42:15.011  1237  1555 W ActivityManager: Slow operation: 95ms so far, now at startProcess: starting to update pids map
11-23 13:42:15.011  1237  1555 W ActivityManager: Slow operation: 95ms so far, now at startProcess: done updating pids map
11-23 13:42:15.012  1237  1555 W ActivityManager: Slow operation: 99ms so far, now at startProcess: done starting proc!
11-23 13:42:16.369  2223  2223 I art     : System.exit called, status: 0
11-23 13:42:16.370  2223  2223 I AndroidRuntime: VM exiting with result code 0.
11-23 13:42:16.788  2251  2251 D AndroidRuntime: >>>>>> START com.android.internal.os.RuntimeInit uid 2000 <<<<<<
11-23 13:42:16.797  2251  2251 D AndroidRuntime: CheckJNI is ON
11-23 13:42:16.868  2251  2251 W art     : Unexpected CPU variant for X86 using defaults: x86
11-23 13:42:16.869  2251  2251 D ICU     : No timezone override file found: /data/misc/zoneinfo/current/icu/icu_tzdata.dat
11-23 13:42:16.905  2251  2251 E memtrack: Couldn't load memtrack module (No such file or directory)
11-23 13:42:16.905  2251  2251 E android.os.Debug: failed to load memtrack module: -2
11-23 13:42:16.907  2251  2251 I Radio-JNI: register_android_hardware_Radio DONE
11-23 13:42:16.926  2251  2251 D AndroidRuntime: Calling main entry com.android.commands.pm.Pm
11-23 13:42:17.063  2184  2195 I art     : HomogeneousSpaceCompact marksweep + semispace GC freed 13838(694KB) AllocSpace objects, 0(0B) LOS objects, 39% free, 2MB/3MB, paused 3.192s total 3.192s
11-23 13:42:17.153  1237  1263 I PackageManager.DexOptimizer: Running dexopt (dex2oat) on: /data/app/vmdl1893093886.tmp/base.apk pkg=br.com.catbag.gifreduxsample.test isa=x86 vmSafeMode=false debuggable=true target-filter=interpret-only oatDir = /data/app/vmdl1893093886.tmp/oat sharedLibraries=/system/framework/android.test.runner.jar
11-23 13:42:17.214  2262  2262 W dex2oat : Unexpected CPU variant for X86 using defaults: x86
11-23 13:42:17.215  2262  2262 W dex2oat : Mismatch between dex2oat instruction set features (ISA: X86 Feature string: smp,-ssse3,-sse4.1,-sse4.2,-avx,-avx2,-lock_add,-popcnt) and those of dex2oat executable (ISA: X86 Feature string: smp,ssse3,-sse4.1,-sse4.2,-avx,-avx2,-lock_add,-popcnt) for the command line:
11-23 13:42:17.215  2262  2262 W dex2oat : /system/bin/dex2oat --zip-fd=6 --zip-location=base.apk --oat-fd=7 --oat-location=/data/app/vmdl1893093886.tmp/oat/x86/base.odex --instruction-set=x86 --instruction-set-variant=x86 --instruction-set-features=default --runtime-arg -Xms64m --runtime-arg -Xmx512m --compiler-filter=interpret-only --swap-fd=9 --debuggable --runtime-arg -classpath --runtime-arg /system/framework/android.test.runner.jar
11-23 13:42:17.216  2262  2262 I dex2oat : /system/bin/dex2oat --compiler-filter=interpret-only --debuggable
11-23 13:42:46.507  2262  2262 I dex2oat : dex2oat took 29.304s (threads: 1) arena alloc=824B (824B) java alloc=3MB (3868560B) native alloc=6MB (6969904B) free=2MB (2467280B)
11-23 13:42:46.875  1237  1263 V BackupManagerService: restoreAtInstall pkg=br.com.catbag.gifreduxsample.test token=2 restoreSet=0
11-23 13:42:46.876  1237  1263 W BackupManagerService: Requested unavailable transport: android/com.android.internal.backup.LocalTransport
11-23 13:42:46.876  1237  1263 W BackupManagerService: No transport
11-23 13:42:46.876  1237  1263 V BackupManagerService: Finishing install immediately
11-23 13:42:46.918  1237  1248 I ActivityManager: Killing 1735:com.android.sdksetup/u0a16 (adj 906): empty #17
11-23 13:42:46.990  1237  1263 I art     : Starting a blocking GC Explicit
11-23 13:42:47.245  1237  1263 I art     : Explicit concurrent mark sweep GC freed 38371(2MB) AllocSpace objects, 13(308KB) LOS objects, 33% free, 6MB/10MB, paused 9.940ms total 247.098ms
11-23 13:42:47.257   991   991 E         : Couldn't opendir /data/app/vmdl1893093886.tmp: No such file or directory
11-23 13:42:47.307  2251  2251 I art     : System.exit called, status: 0
11-23 13:42:47.308  2251  2251 I AndroidRuntime: VM exiting with result code 0.
11-23 13:42:47.442  1237  1279 I InputReader: Reconfiguring input devices.  changes=0x00000010
11-23 13:42:47.532  1439  1439 D CarrierSvcBindHelper: No carrier app for: 0
11-23 13:42:47.535  1439  1439 D CarrierConfigLoader: mHandler: 9 phoneId: 0
11-23 13:42:47.812  1237  1250 W VoiceInteractionManagerService: no available voice recognition services found for user 0
11-23 13:42:47.813  1237  1250 W LocationProviderProxy-network: Odd, no component found for service com.android.location.service.v3.NetworkLocationProvider
11-23 13:42:47.814  1237  1250 W GeocoderProxy: Odd, no component found for service com.android.location.service.GeocodeProvider
11-23 13:42:47.814  1237  1250 W GeofenceProxy: Odd, no component found for service com.android.location.service.GeofenceProvider
11-23 13:42:47.814  1237  1250 W ActivityRecognitionProxy: Odd, no component found for service com.android.location.service.ActivityRecognitionProvider
11-23 13:42:48.381  2267  2267 D AndroidRuntime: >>>>>> START com.android.internal.os.RuntimeInit uid 2000 <<<<<<
11-23 13:42:48.393  2267  2267 D AndroidRuntime: CheckJNI is ON
11-23 13:42:48.462  2267  2267 W art     : Unexpected CPU variant for X86 using defaults: x86
11-23 13:42:48.479  2267  2267 D ICU     : No timezone override file found: /data/misc/zoneinfo/current/icu/icu_tzdata.dat
11-23 13:42:48.526  2267  2267 E memtrack: Couldn't load memtrack module (No such file or directory)
11-23 13:42:48.526  2267  2267 E android.os.Debug: failed to load memtrack module: -2
11-23 13:42:48.533  2267  2267 I Radio-JNI: register_android_hardware_Radio DONE
11-23 13:42:48.593  2267  2267 D AndroidRuntime: Calling main entry com.android.commands.am.Am
11-23 13:42:48.626  1237  1248 I ActivityManager: Force stopping br.com.catbag.gifreduxsample appid=10060 user=0: start instr
11-23 13:42:48.657  1237  1248 I ActivityManager: Start proc 2278:br.com.catbag.gifreduxsample/u0a60 for added application br.com.catbag.gifreduxsample
11-23 13:42:48.667  2278  2278 I art     : Not late-enabling -Xcheck:jni (already on)
11-23 13:42:48.669  2278  2278 W art     : Unexpected CPU variant for X86 using defaults: x86
11-23 13:42:48.719  2278  2278 W System  : ClassLoader referenced unknown path: /data/app/br.com.catbag.gifreduxsample.test-1/lib/x86
11-23 13:42:48.747  2278  2278 W System  : ClassLoader referenced unknown path: 
11-23 13:42:48.865  2278  2278 W System.err: java.io.FileNotFoundException: /jacoco.exec (Read-only file system)
11-23 13:42:48.868  2278  2278 W System.err: 	at java.io.FileOutputStream.open(Native Method)
11-23 13:42:48.868  2278  2278 W System.err: 	at java.io.FileOutputStream.<init>(FileOutputStream.java:221)
11-23 13:42:48.868  2278  2278 W System.err: 	at org.jacoco.agent.rt.internal_e6e56f0.output.FileOutput.openFile(FileOutput.java:67)
11-23 13:42:48.869  2278  2278 W System.err: 	at org.jacoco.agent.rt.internal_e6e56f0.output.FileOutput.startup(FileOutput.java:49)
11-23 13:42:48.869  2278  2278 W System.err: 	at org.jacoco.agent.rt.internal_e6e56f0.Agent.startup(Agent.java:122)
11-23 13:42:48.869  2278  2278 W System.err: 	at org.jacoco.agent.rt.internal_e6e56f0.Agent.getInstance(Agent.java:50)
11-23 13:42:48.869  2278  2278 W System.err: 	at org.jacoco.agent.rt.internal_e6e56f0.Offline.<clinit>(Offline.java:31)
11-23 13:42:48.869  2278  2278 W System.err: 	at org.jacoco.agent.rt.internal_e6e56f0.Offline.getProbes(Offline.java:51)
11-23 13:42:48.870  2278  2278 W System.err: 	at br.com.catbag.gifreduxsample.MyApp.$jacocoInit(MyApp.java)
11-23 13:42:48.870  2278  2278 W System.err: 	at br.com.catbag.gifreduxsample.MyApp.<clinit>(MyApp.java)
11-23 13:42:48.870  2278  2278 W System.err: 	at java.lang.Class.newInstance(Native Method)
11-23 13:42:48.870  2278  2278 W System.err: 	at android.app.Instrumentation.newApplication(Instrumentation.java:1007)
11-23 13:42:48.871  2278  2278 W System.err: 	at android.app.Instrumentation.newApplication(Instrumentation.java:992)
11-23 13:42:48.871  2278  2278 W System.err: 	at android.app.LoadedApk.makeApplication(LoadedApk.java:796)
11-23 13:42:48.871  2278  2278 W System.err: 	at android.app.ActivityThread.handleBindApplication(ActivityThread.java:5335)
11-23 13:42:48.871  2278  2278 W System.err: 	at android.app.ActivityThread.-wrap2(ActivityThread.java)
11-23 13:42:48.872  2278  2278 W System.err: 	at android.app.ActivityThread$H.handleMessage(ActivityThread.java:1528)
11-23 13:42:48.872  2278  2278 W System.err: 	at android.os.Handler.dispatchMessage(Handler.java:102)
11-23 13:42:48.872  2278  2278 W System.err: 	at android.os.Looper.loop(Looper.java:154)
11-23 13:42:48.872  2278  2278 W System.err: 	at android.app.ActivityThread.main(ActivityThread.java:6077)
11-23 13:42:48.872  2278  2278 W System.err: 	at java.lang.reflect.Method.invoke(Native Method)
11-23 13:42:48.872  2278  2278 W System.err: 	at com.android.internal.os.ZygoteInit$MethodAndArgsCaller.run(ZygoteInit.java:865)
11-23 13:42:48.873  2278  2278 W System.err: 	at com.android.internal.os.ZygoteInit.main(ZygoteInit.java:755)
11-23 13:42:48.920  2278  2278 I MonitoringInstrumentation: Instrumentation Started!
11-23 13:42:48.933  2278  2278 I MonitoringInstrumentation: Setting context classloader to 'dalvik.system.PathClassLoader[DexPathList[[zip file "/system/framework/android.test.runner.jar", zip file "/data/app/br.com.catbag.gifreduxsample.test-1/base.apk", zip file "/data/app/br.com.catbag.gifreduxsample-1/base.apk"],nativeLibraryDirectories=[/data/app/br.com.catbag.gifreduxsample.test-1/lib/x86, /data/app/br.com.catbag.gifreduxsample-1/lib/x86, /system/fake-libs, /data/app/br.com.catbag.gifreduxsample.test-1/base.apk!/lib/x86, /data/app/br.com.catbag.gifreduxsample-1/base.apk!/lib/x86, /system/lib, /vendor/lib]]]', Original: 'dalvik.system.PathClassLoader[DexPathList[[zip file "/system/framework/android.test.runner.jar", zip file "/data/app/br.com.catbag.gifreduxsample.test-1/base.apk", zip file "/data/app/br.com.catbag.gifreduxsample-1/base.apk"],nativeLibraryDirectories=[/data/app/br.com.catbag.gifreduxsample.test-1/lib/x86, /data/app/br.com.catbag.gifreduxsample-1/lib/x86, /system/fake-libs, /data/app/br.com.catbag.gifreduxsample.test-1/base.apk!/lib/x86, /data/app/br.com.catbag.gifreduxsample-1/base.apk!/lib/x86, /system/lib, /vendor/lib]]]'
11-23 13:42:49.046  2278  2278 D NetworkSecurityConfig: No Network Security Config specified, using platform default
11-23 13:42:49.113  2278  2278 I MonitoringInstrumentation: No JSBridge.
11-23 13:42:49.143  2278  2293 I UsageTrackerFacilitator: Usage tracking enabled
11-23 13:42:49.145  2278  2293 I TestRequestBuilder: Scanning classpath to find tests in apks [/data/app/br.com.catbag.gifreduxsample.test-1/base.apk]
11-23 13:42:49.880  2278  2293 I art     : Rejecting re-init on previously-failed class java.lang.Class<org.objectweb.asm.commons.JSRInlinerAdapter>: java.lang.NoClassDefFoundError: Failed resolution of: Lorg/objectweb/asm/tree/MethodNode;
11-23 13:42:49.880  2278  2293 I art     :   at java.lang.Class java.lang.Class.classForName!(java.lang.String, boolean, java.lang.ClassLoader) (Class.java:-2)
11-23 13:42:49.880  2278  2293 I art     :   at java.lang.Class java.lang.Class.forName(java.lang.String, boolean, java.lang.ClassLoader) (Class.java:400)
11-23 13:42:49.880  2278  2293 I art     :   at java.lang.Class android.support.test.internal.runner.TestLoader.doLoadClass(java.lang.String) (TestLoader.java:92)
11-23 13:42:49.880  2278  2293 I art     :   at java.lang.Class android.support.test.internal.runner.TestLoader.loadIfTest(java.lang.String) (TestLoader.java:113)
11-23 13:42:49.881  2278  2293 I art     :   at void android.support.test.internal.runner.TestRequestBuilder.loadClassesFromClassPath(android.support.test.internal.runner.TestLoader, java.util.Set) (TestRequestBuilder.java:801)
11-23 13:42:49.881  2278  2293 I art     :   at android.support.test.internal.runner.TestRequest android.support.test.internal.runner.TestRequestBuilder.build() (TestRequestBuilder.java:747)
11-23 13:42:49.881  2278  2293 I art     :   at android.support.test.internal.runner.TestRequest android.support.test.runner.AndroidJUnitRunner.buildRequest(android.support.test.internal.runner.RunnerArgs, android.os.Bundle) (AndroidJUnitRunner.java:354)
11-23 13:42:49.881  2278  2293 I art     :   at void android.support.test.runner.AndroidJUnitRunner.onStart() (AndroidJUnitRunner.java:260)
11-23 13:42:49.881  2278  2293 I art     :   at void android.app.Instrumentation$InstrumentationThread.run() (Instrumentation.java:1932)
11-23 13:42:49.881  2278  2293 I art     : Caused by: java.lang.ClassNotFoundException: Didn't find class "org.objectweb.asm.tree.MethodNode" on path: DexPathList[[zip file "/system/framework/android.test.runner.jar", zip file "/data/app/br.com.catbag.gifreduxsample.test-1/base.apk", zip file "/data/app/br.com.catbag.gifreduxsample-1/base.apk"],nativeLibraryDirectories=[/data/app/br.com.catbag.gifreduxsample.test-1/lib/x86, /data/app/br.com.catbag.gifreduxsample-1/lib/x86, /system/fake-libs, /data/app/br.com.catbag.gifreduxsample.test-1/base.apk!/lib/x86, /data/app/br.com.catbag.gifreduxsample-1/base.apk!/lib/x86, /system/lib, /vendor/lib]]
11-23 13:42:49.881  2278  2293 I art     :   at java.lang.Class dalvik.system.BaseDexClassLoader.findClass(java.lang.String) (BaseDexClassLoader.java:56)
11-23 13:42:49.881  2278  2293 I art     :   at java.lang.Class java.lang.ClassLoader.loadClass(java.lang.String, boolean) (ClassLoader.java:380)
11-23 13:42:49.882  2278  2293 I art     :   at java.lang.Class java.lang.ClassLoader.loadClass(java.lang.String) (ClassLoader.java:312)
11-23 13:42:49.882  2278  2293 I art     :   at java.lang.Class java.lang.Class.classForName!(java.lang.String, boolean, java.lang.ClassLoader) (Class.java:-2)
11-23 13:42:49.882  2278  2293 I art     :   at java.lang.Class java.lang.Class.forName(java.lang.String, boolean, java.lang.ClassLoader) (Class.java:400)
11-23 13:42:49.882  2278  2293 I art     :   at java.lang.Class android.support.test.internal.runner.TestLoader.doLoadClass(java.lang.String) (TestLoader.java:92)
11-23 13:42:49.882  2278  2293 I art     :   at java.lang.Class android.support.test.internal.runner.TestLoader.loadIfTest(java.lang.String) (TestLoader.java:113)
11-23 13:42:49.884  2278  2293 I art     :   at void android.support.test.internal.runner.TestRequestBuilder.loadClassesFromClassPath(android.support.test.internal.runner.TestLoader, java.util.Set) (TestRequestBuilder.java:801)
11-23 13:42:49.884  2278  2293 I art     :   at android.support.test.internal.runner.TestRequest android.support.test.internal.runner.TestRequestBuilder.build() (TestRequestBuilder.java:747)
11-23 13:42:49.885  2278  2293 I art     :   at android.support.test.internal.runner.TestRequest android.support.test.runner.AndroidJUnitRunner.buildRequest(android.support.test.internal.runner.RunnerArgs, android.os.Bundle) (AndroidJUnitRunner.java:354)
11-23 13:42:49.885  2278  2293 I art     :   at void android.support.test.runner.AndroidJUnitRunner.onStart() (AndroidJUnitRunner.java:260)
11-23 13:42:49.885  2278  2293 I art     :   at void android.app.Instrumentation$InstrumentationThread.run() (Instrumentation.java:1932)
11-23 13:42:49.885  2278  2293 I art     : 
11-23 13:42:49.885  2278  2293 E TestLoader: Could not find class: org.objectweb.asm.commons.JSRInlinerAdapter
11-23 13:42:49.892  2278  2293 I art     : Rejecting re-init on previously-failed class java.lang.Class<org.objectweb.asm.commons.TryCatchBlockSorter>: java.lang.NoClassDefFoundError: Failed resolution of: Lorg/objectweb/asm/tree/MethodNode;
11-23 13:42:49.892  2278  2293 I art     :   at java.lang.Class java.lang.Class.classForName!(java.lang.String, boolean, java.lang.ClassLoader) (Class.java:-2)
11-23 13:42:49.892  2278  2293 I art     :   at java.lang.Class java.lang.Class.forName(java.lang.String, boolean, java.lang.ClassLoader) (Class.java:400)
11-23 13:42:49.893  2278  2293 I art     :   at java.lang.Class android.support.test.internal.runner.TestLoader.doLoadClass(java.lang.String) (TestLoader.java:92)
11-23 13:42:49.893  2278  2293 I art     :   at java.lang.Class android.support.test.internal.runner.TestLoader.loadIfTest(java.lang.String) (TestLoader.java:113)
11-23 13:42:49.893  2278  2293 I art     :   at void android.support.test.internal.runner.TestRequestBuilder.loadClassesFromClassPath(android.support.test.internal.runner.TestLoader, java.util.Set) (TestRequestBuilder.java:801)
11-23 13:42:49.893  2278  2293 I art     :   at android.support.test.internal.runner.TestRequest android.support.test.internal.runner.TestRequestBuilder.build() (TestRequestBuilder.java:747)
11-23 13:42:49.893  2278  2293 I art     :   at android.support.test.internal.runner.TestRequest android.support.test.runner.AndroidJUnitRunner.buildRequest(android.support.test.internal.runner.RunnerArgs, android.os.Bundle) (AndroidJUnitRunner.java:354)
11-23 13:42:49.893  2278  2293 I art     :   at void android.support.test.runner.AndroidJUnitRunner.onStart() (AndroidJUnitRunner.java:260)
11-23 13:42:49.896  2278  2293 I art     :   at void android.app.Instrumentation$InstrumentationThread.run() (Instrumentation.java:1932)
11-23 13:42:49.896  2278  2293 I art     : Caused by: java.lang.ClassNotFoundException: Didn't find class "org.objectweb.asm.tree.MethodNode" on path: DexPathList[[zip file "/system/framework/android.test.runner.jar", zip file "/data/app/br.com.catbag.gifreduxsample.test-1/base.apk", zip file "/data/app/br.com.catbag.gifreduxsample-1/base.apk"],nativeLibraryDirectories=[/data/app/br.com.catbag.gifreduxsample.test-1/lib/x86, /data/app/br.com.catbag.gifreduxsample-1/lib/x86, /system/fake-libs, /data/app/br.com.catbag.gifreduxsample.test-1/base.apk!/lib/x86, /data/app/br.com.catbag.gifreduxsample-1/base.apk!/lib/x86, /system/lib, /vendor/lib]]
11-23 13:42:49.896  2278  2293 I art     :   at java.lang.Class dalvik.system.BaseDexClassLoader.findClass(java.lang.String) (BaseDexClassLoader.java:56)
11-23 13:42:49.896  2278  2293 I art     :   at java.lang.Class java.lang.ClassLoader.loadClass(java.lang.String, boolean) (ClassLoader.java:380)
11-23 13:42:49.896  2278  2293 I art     :   at java.lang.Class java.lang.ClassLoader.loadClass(java.lang.String) (ClassLoader.java:312)
11-23 13:42:49.897  2278  2293 I art     :   at java.lang.Class java.lang.Class.classForName!(java.lang.String, boolean, java.lang.ClassLoader) (Class.java:-2)
11-23 13:42:49.897  2278  2293 I art     :   at java.lang.Class java.lang.Class.forName(java.lang.String, boolean, java.lang.ClassLoader) (Class.java:400)
11-23 13:42:49.897  2278  2293 I art     :   at java.lang.Class android.support.test.internal.runner.TestLoader.doLoadClass(java.lang.String) (TestLoader.java:92)
11-23 13:42:49.897  2278  2293 I art     :   at java.lang.Class android.support.test.internal.runner.TestLoader.loadIfTest(java.lang.String) (TestLoader.java:113)
11-23 13:42:49.897  2278  2293 I art     :   at void android.support.test.internal.runner.TestRequestBuilder.loadClassesFromClassPath(android.support.test.internal.runner.TestLoader, java.util.Set) (TestRequestBuilder.java:801)
11-23 13:42:49.897  2278  2293 I art     :   at android.support.test.internal.runner.TestRequest android.support.test.internal.runner.TestRequestBuilder.build() (TestRequestBuilder.java:747)
11-23 13:42:49.897  2278  2293 I art     :   at android.support.test.internal.runner.TestRequest android.support.test.runner.AndroidJUnitRunner.buildRequest(android.support.test.internal.runner.RunnerArgs, android.os.Bundle) (AndroidJUnitRunner.java:354)
11-23 13:42:49.897  2278  2293 I art     :   at void android.support.test.runner.AndroidJUnitRunner.onStart() (AndroidJUnitRunner.java:260)
11-23 13:42:49.898  2278  2293 I art     :   at void android.app.Instrumentation$InstrumentationThread.run() (Instrumentation.java:1932)
11-23 13:42:49.898  2278  2293 I art     : 
11-23 13:42:49.898  2278  2293 E TestLoader: Could not find class: org.objectweb.asm.commons.TryCatchBlockSorter
11-23 13:42:49.953  2278  2293 D TestExecutor: Adding listener android.support.test.internal.runner.listener.LogRunListener
11-23 13:42:49.954  2278  2293 D TestExecutor: Adding listener android.support.test.internal.runner.listener.InstrumentationResultPrinter
11-23 13:42:49.954  2278  2293 D TestExecutor: Adding listener android.support.test.internal.runner.listener.ActivityFinisherRunListener
11-23 13:42:49.954  2278  2293 D TestExecutor: Adding listener android.support.test.internal.runner.listener.CoverageListener
11-23 13:42:49.966  2278  2293 I TestRunner: run started: 15 tests
11-23 13:42:49.979  2278  2293 I TestRunner: started: whenAppStateSavedSeveralTime(br.com.catbag.gifreduxsample.asyncs.data.DataManagerTest)
11-23 13:42:49.998  2278  2278 I MonitoringInstrumentation: Activities that are still in CREATED to STOPPED: 0
11-23 13:42:50.329  2278  2289 W art     : Suspending all threads took: 106.692ms
11-23 13:42:50.636  2278  2289 I art     : Background sticky concurrent mark sweep GC freed 150285(6MB) AllocSpace objects, 0(0B) LOS objects, 44% free, 3MB/6MB, paused 121.676ms total 1.097s
11-23 13:42:50.673  2278  2296 W Java7Support: Unable to load JDK7 types (annotations, java.nio.file.Path): no Java7 support added
11-23 13:42:51.166  2278  2293 I TestRunner: finished: whenAppStateSavedSeveralTime(br.com.catbag.gifreduxsample.asyncs.data.DataManagerTest)
11-23 13:42:51.185  2278  2278 I MonitoringInstrumentation: Activities that are still in CREATED to STOPPED: 0
11-23 13:42:51.186  2278  2293 I TestRunner: started: whenAppStateSavedOnceTime(br.com.catbag.gifreduxsample.asyncs.data.DataManagerTest)
11-23 13:42:51.188  2278  2278 I MonitoringInstrumentation: Activities that are still in CREATED to STOPPED: 0
11-23 13:42:51.522  2278  2293 I TestRunner: finished: whenAppStateSavedOnceTime(br.com.catbag.gifreduxsample.asyncs.data.DataManagerTest)
11-23 13:42:51.543  2278  2278 I MonitoringInstrumentation: Activities that are still in CREATED to STOPPED: 0
11-23 13:42:51.545  2278  2293 I TestRunner: started: whenUnsavedAppStateIsLoaded(br.com.catbag.gifreduxsample.asyncs.data.DataManagerTest)
11-23 13:42:51.548  2278  2278 I MonitoringInstrumentation: Activities that are still in CREATED to STOPPED: 0
11-23 13:42:51.641  2278  2301 E DataManager: appstate not loaded
11-23 13:42:51.641  2278  2301 E DataManager: com.snappydb.SnappydbException: Failed to get a String: NotFound: 
11-23 13:42:51.641  2278  2301 E DataManager: 	at com.snappydb.internal.DBImpl.__get(Native Method)
11-23 13:42:51.641  2278  2301 E DataManager: 	at com.snappydb.internal.DBImpl.get(DBImpl.java:348)
11-23 13:42:51.641  2278  2301 E DataManager: 	at br.com.catbag.gifreduxsample.asyncs.data.storage.Database.getAppState(Database.java:29)
11-23 13:42:51.641  2278  2301 E DataManager: 	at br.com.catbag.gifreduxsample.asyncs.data.DataManager.lambda$loadAppState$0(DataManager.java:61)
11-23 13:42:51.641  2278  2301 E DataManager: 	at br.com.catbag.gifreduxsample.asyncs.data.DataManager$$Lambda$1.run(Unknown Source)
11-23 13:42:51.641  2278  2301 E DataManager: 	at java.lang.Thread.run(Thread.java:761)
11-23 13:42:51.643  2278  2293 I TestRunner: finished: whenUnsavedAppStateIsLoaded(br.com.catbag.gifreduxsample.asyncs.data.DataManagerTest)
11-23 13:42:51.654  2278  2278 I MonitoringInstrumentation: Activities that are still in CREATED to STOPPED: 0
11-23 13:42:51.655  2278  2293 I TestRunner: started: whenSavedAppStateIsLoaded(br.com.catbag.gifreduxsample.asyncs.data.DataManagerTest)
11-23 13:42:51.659  2278  2278 I MonitoringInstrumentation: Activities that are still in CREATED to STOPPED: 0
11-23 13:42:51.930  2278  2293 I TestRunner: finished: whenSavedAppStateIsLoaded(br.com.catbag.gifreduxsample.asyncs.data.DataManagerTest)
11-23 13:42:51.942  2278  2278 I MonitoringInstrumentation: Activities that are still in CREATED to STOPPED: 0
11-23 13:42:51.971  2278  2293 I TestRunner: started: whenScrollDownAndPlayLastItemTest(br.com.catbag.gifreduxsample.ui.giflist.GifListActivityTest)
11-23 13:42:51.973  2278  2278 I MonitoringInstrumentation: Activities that are still in CREATED to STOPPED: 0
11-23 13:42:52.277  2278  2289 I art     : Background partial concurrent mark sweep GC freed 65308(2MB) AllocSpace objects, 2(40KB) LOS objects, 39% free, 4MB/6MB, paused 7.522ms total 207.468ms
11-23 13:42:52.428  2305  2305 W dex2oat : Unexpected CPU variant for X86 using defaults: x86
11-23 13:42:52.429  2305  2305 W dex2oat : Mismatch between dex2oat instruction set features (ISA: X86 Feature string: smp,-ssse3,-sse4.1,-sse4.2,-avx,-avx2,-lock_add,-popcnt) and those of dex2oat executable (ISA: X86 Feature string: smp,ssse3,-sse4.1,-sse4.2,-avx,-avx2,-lock_add,-popcnt) for the command line:
11-23 13:42:52.429  2305  2305 W dex2oat : /system/bin/dex2oat --runtime-arg -classpath --runtime-arg & --instruction-set=x86 --instruction-set-features=smp,ssse3,-sse4.1,-sse4.2,-avx,-avx2,-lock_add,-popcnt --runtime-arg -Xrelocate --boot-image=/system/framework/boot.art --runtime-arg -Xms64m --runtime-arg -Xmx512m --instruction-set-variant=x86 --instruction-set-features=default --dex-file=/data/user/0/br.com.catbag.gifreduxsample/app_dxmaker_cache/Generated_1497766805.jar --oat-fd=38 --oat-location=/data/user/0/br.com.catbag.gifreduxsample/app_dxmaker_cache/Generated_1497766805.dex --compiler-filter=speed
11-23 13:42:52.430  2305  2305 I dex2oat : /system/bin/dex2oat --dex-file=/data/user/0/br.com.catbag.gifreduxsample/app_dxmaker_cache/Generated_1497766805.jar --oat-fd=38 --oat-location=/data/user/0/br.com.catbag.gifreduxsample/app_dxmaker_cache/Generated_1497766805.dex --compiler-filter=speed
11-23 13:42:52.615  2305  2305 I dex2oat : dex2oat took 187.268ms (threads: 1) arena alloc=41KB (42016B) java alloc=28KB (28768B) native alloc=736KB (753768B) free=799KB (819096B)
11-23 13:42:52.664  1237  1544 D VoldConnector: SND -> {29 volume mkdirs /storage/emulated/0/Android/data/br.com.catbag.gifreduxsample/cache/}
11-23 13:42:52.682  1237  1281 D VoldConnector: RCV <- {200 29 Command succeeded}
11-23 13:42:52.706  2278  2294 I DroidFlux:Dispatcher: [STARTED] dispatch of action [FAKE_REDUCE_ACTION]
11-23 13:42:52.722  2278  2294 I DroidFlux:Dispatcher: [COMPLETED] dispatch of action [FAKE_REDUCE_ACTION]
11-23 13:42:52.750  2278  2304 D ActivityTestRule: Launching activity br.com.catbag.gifreduxsample.ui.GifListActivity
11-23 13:42:52.767  2278  2308 D MonitoringInstrumentation: execStartActivity(context, ibinder, ibinder, activity, intent, int, bundle
11-23 13:42:52.775  1237  1249 I ActivityManager: START u0 {flg=0x14000000 cmp=br.com.catbag.gifreduxsample/.ui.GifListActivity} from uid 10060 on display 0
11-23 13:42:53.349  2278  2278 D LifecycleMonitor: Lifecycle status change: br.com.catbag.gifreduxsample.ui.GifListActivity@e13c0a9 in: PRE_ON_CREATE
11-23 13:42:53.551  1237  1258 I Choreographer: Skipped 33 frames!  The application may be doing too much work on its main thread.
11-23 13:42:53.764  1237  1258 I Choreographer: Skipped 39 frames!  The application may be doing too much work on its main thread.
11-23 13:42:53.862  1749  1749 I Choreographer: Skipped 41 frames!  The application may be doing too much work on its main thread.
11-23 13:42:54.354  1749  1749 I Choreographer: Skipped 73 frames!  The application may be doing too much work on its main thread.
11-23 13:42:54.581  2278  2278 D LifecycleMonitor: Lifecycle status change: br.com.catbag.gifreduxsample.ui.GifListActivity@e13c0a9 in: CREATED
11-23 13:42:54.594  2278  2278 D LifecycleMonitor: Lifecycle status change: br.com.catbag.gifreduxsample.ui.GifListActivity@e13c0a9 in: STARTED
11-23 13:42:54.605  2278  2294 I DroidFlux:Dispatcher: [STARTED] dispatch of action [APP_STATE_LOAD]
11-23 13:42:54.627  2278  2278 D LifecycleMonitor: Lifecycle status change: br.com.catbag.gifreduxsample.ui.GifListActivity@e13c0a9 in: RESUMED
11-23 13:42:54.641  2278  2294 D DroidFlux:Dispatcher: An action of type [APP_STATE_LOAD] was dispatched, but no reducer handled it
11-23 13:42:54.641  2278  2294 I DroidFlux:Dispatcher: [COMPLETED] dispatch of action [APP_STATE_LOAD]
11-23 13:42:55.211  2278  2278 D gralloc_ranchu: Emulator without host-side GPU emulation detected.
11-23 13:42:55.344  1237  1258 I ActivityManager: Displayed br.com.catbag.gifreduxsample/.ui.GifListActivity: +2s226ms
11-23 13:42:55.529  2278  2304 D InputManagerEventInjectionStrategy: Creating injection strategy with input manager.
11-23 13:42:55.707  2278  2278 W ResourceType: No package identifier when getting name for resource number 0x00000001
11-23 13:42:55.710  2278  2278 I ViewInteraction: Performing 'scroll RecyclerView to position: 4' action on view with id: 1 (resource name not found)
11-23 13:42:55.723  1237  1258 I WindowManager: Destroying surface Surface(name=Starting br.com.catbag.gifreduxsample) called by com.android.server.wm.WindowStateAnimator.destroySurface:2014 com.android.server.wm.WindowStateAnimator.destroySurfaceLocked:881 com.android.server.wm.WindowState.destroyOrSaveSurface:2073 com.android.server.wm.AppWindowToken.destroySurfaces:363 com.android.server.wm.WindowStateAnimator.finishExit:565 com.android.server.wm.WindowStateAnimator.stepAnimationLocked:491 com.android.server.wm.WindowAnimator.updateWindowsLocked:303 com.android.server.wm.WindowAnimator.animateLocked:704 
11-23 13:42:55.912  1237  1324 E TaskPersister: File error accessing recents directory (directory doesn't exist?).
11-23 13:42:55.959  1237  1249 I WindowManager: Destroying surface Surface(name=com.android.launcher3/com.android.launcher3.Launcher) called by com.android.server.wm.WindowStateAnimator.destroySurface:2014 com.android.server.wm.WindowStateAnimator.destroySurfaceLocked:881 com.android.server.wm.WindowState.destroyOrSaveSurface:2073 com.android.server.wm.AppWindowToken.destroySurfaces:363 com.android.server.wm.AppWindowToken.notifyAppStopped:389 com.android.server.wm.WindowManagerService.notifyAppStopped:4456 com.android.server.am.ActivityStack.activityStoppedLocked:1252 com.android.server.am.ActivityManagerService.activityStopped:6873 
11-23 13:42:56.082  2278  2283 I art     : Do partial code cache collection, code=26KB, data=30KB
11-23 13:42:56.083  2278  2283 I art     : After code cache collection, code=25KB, data=29KB
11-23 13:42:56.084  2278  2283 I art     : Increasing code cache capacity to 128KB
11-23 13:42:56.132  2278  2278 W ResourceType: No package identifier when getting name for resource number 0x00000001
11-23 13:42:56.228  2278  2278 W ResourceType: No package identifier when getting name for resource number 0x00000004
11-23 13:42:56.228  2278  2278 I ViewInteraction: Performing 'single click' action on view with id: 4 (resource name not found)
11-23 13:42:56.495  2278  2294 I DroidFlux:Dispatcher: [STARTED] dispatch of action [GIF_PLAY]
11-23 13:42:56.497  2278  2294 I DroidFlux:Dispatcher: [COMPLETED] dispatch of action [GIF_PLAY]
11-23 13:42:56.591  2278  2289 I art     : Background sticky concurrent mark sweep GC freed 15267(1120KB) AllocSpace objects, 1(16KB) LOS objects, 14% free, 5MB/6MB, paused 18.732ms total 465.415ms
11-23 13:42:56.640  2278  2278 I Choreographer: Skipped 65 frames!  The application may be doing too much work on its main thread.
11-23 13:42:56.813  1237  1313 W AudioTrack: AUDIO_OUTPUT_FLAG_FAST denied by client; transfer 4, track 48000 Hz, output 44100 Hz
11-23 13:42:56.916   988  1043 D AudioFlinger: mixer(0xae4030c0) throttle end: throttle time(8)
11-23 13:42:56.935   988  1043 D AudioFlinger: mixer(0xae4030c0) throttle end: throttle time(10)
11-23 13:42:57.561  2278  2278 D LifecycleMonitor: Lifecycle status change: br.com.catbag.gifreduxsample.ui.GifListActivity@e13c0a9 in: PAUSED
11-23 13:42:57.598  2278  2293 I TestRunner: finished: whenScrollDownAndPlayLastItemTest(br.com.catbag.gifreduxsample.ui.giflist.GifListActivityTest)
11-23 13:42:57.659   978   978 D gralloc : Registering a buffer in the process that created it. This may cause memory ordering problems.
11-23 13:42:57.660   978   978 E libEGL  : called unimplemented OpenGL ES API
11-23 13:42:57.660   978   978 E SurfaceFlinger: glCheckFramebufferStatusOES error 1844722566
11-23 13:42:57.661   978   978 E SurfaceFlinger: got GL_FRAMEBUFFER_COMPLETE_OES error while taking screenshot
11-23 13:42:57.667  1237  1633 W WindowManager: Screenshot failure taking screenshot for (480x800) to layer 21010
11-23 13:42:57.741  1237  1252 W art     : Long monitor contention with owner Binder:1237_7 (1633) at void com.android.server.am.ActivityManagerService.activityPaused(android.os.IBinder)(ActivityManagerService.java:6849) waiters=1 in void com.android.server.am.ActivityManagerService.dispatchProcessesChanged() for 113ms
11-23 13:42:57.764  2278  2278 I MonitoringInstrumentation: Activities that are still in CREATED to STOPPED: 1
11-23 13:42:57.767  2278  2293 I TestRunner: started: whenGifIsNotWatchedTest(br.com.catbag.gifreduxsample.ui.giflist.GifListActivityTest)
11-23 13:42:57.814  2278  2278 I MonitoringInstrumentation: Activities that are still in CREATED to STOPPED: 1
11-23 13:42:57.851  2278  2294 I DroidFlux:Dispatcher: [STARTED] dispatch of action [FAKE_REDUCE_ACTION]
11-23 13:42:57.852  2278  2294 I DroidFlux:Dispatcher: [COMPLETED] dispatch of action [FAKE_REDUCE_ACTION]
11-23 13:42:57.852  2278  2313 D ActivityTestRule: Launching activity br.com.catbag.gifreduxsample.ui.GifListActivity
11-23 13:42:57.866  2278  2315 D MonitoringInstrumentation: execStartActivity(context, ibinder, ibinder, activity, intent, int, bundle
11-23 13:42:57.867  1237  1434 I ActivityManager: START u0 {flg=0x10000000 cmp=br.com.catbag.gifreduxsample/.ui.GifListActivity} from uid 10060 on display 0
11-23 13:42:58.352  1749  1749 I Choreographer: Skipped 173 frames!  The application may be doing too much work on its main thread.
11-23 13:42:58.395  1237  1251 W ActivityManager: Activity pause timeout for ActivityRecord{e377c51 u0 com.android.launcher3/.Launcher t3}
11-23 13:42:58.678  1749  1749 I Choreographer: Skipped 63 frames!  The application may be doing too much work on its main thread.
11-23 13:42:58.816  2278  2278 D LifecycleMonitor: Lifecycle status change: br.com.catbag.gifreduxsample.ui.GifListActivity@6f66511 in: PRE_ON_CREATE
11-23 13:42:58.987  2278  2278 D LifecycleMonitor: Lifecycle status change: br.com.catbag.gifreduxsample.ui.GifListActivity@6f66511 in: CREATED
11-23 13:42:59.001  2278  2294 I DroidFlux:Dispatcher: [STARTED] dispatch of action [APP_STATE_LOAD]
11-23 13:42:59.001  2278  2294 D DroidFlux:Dispatcher: An action of type [APP_STATE_LOAD] was dispatched, but no reducer handled it
11-23 13:42:59.001  2278  2294 I DroidFlux:Dispatcher: [COMPLETED] dispatch of action [APP_STATE_LOAD]
11-23 13:42:59.002  2278  2278 D LifecycleMonitor: Lifecycle status change: br.com.catbag.gifreduxsample.ui.GifListActivity@6f66511 in: STARTED
11-23 13:42:59.004  2278  2278 D LifecycleMonitor: Lifecycle status change: br.com.catbag.gifreduxsample.ui.GifListActivity@6f66511 in: RESUMED
11-23 13:42:59.070  1237  1258 I Choreographer: Skipped 48 frames!  The application may be doing too much work on its main thread.
11-23 13:42:59.288  1237  1258 I Choreographer: Skipped 56 frames!  The application may be doing too much work on its main thread.
11-23 13:42:59.291  1237  1658 W art     : Long monitor contention with owner android.display (1258) at void com.android.server.wm.WindowAnimator$1.doFrame(long)(WindowAnimator.java:138) waiters=0 in int com.android.server.wm.WindowManagerService.addWindow(com.android.server.wm.Session, android.view.IWindow, int, android.view.WindowManager$LayoutParams, int, int, android.graphics.Rect, android.graphics.Rect, android.graphics.Rect, android.view.InputChannel) for 181ms
11-23 13:42:59.604  1237  1258 I Choreographer: Skipped 82 frames!  The application may be doing too much work on its main thread.
11-23 13:42:59.606  1237  1658 W art     : Long monitor contention with owner android.display (1258) at void com.android.server.wm.WindowAnimator$1.doFrame(long)(WindowAnimator.java:138) waiters=0 in int com.android.server.wm.WindowManagerService.addWindow(com.android.server.wm.Session, android.view.IWindow, int, android.view.WindowManager$LayoutParams, int, int, android.graphics.Rect, android.graphics.Rect, android.graphics.Rect, android.view.InputChannel) for 313ms
11-23 13:42:59.620  2278  2278 I Choreographer: Skipped 134 frames!  The application may be doing too much work on its main thread.
11-23 13:42:59.732  1749  1749 I Choreographer: Skipped 169 frames!  The application may be doing too much work on its main thread.
11-23 13:42:59.771  1237  1633 I WindowManager: Destroying surface Surface(name=com.android.launcher3/com.android.launcher3.Launcher) called by com.android.server.wm.WindowStateAnimator.destroySurface:2014 com.android.server.wm.WindowStateAnimator.destroySurfaceLocked:881 com.android.server.wm.WindowState.destroyOrSaveSurface:2073 com.android.server.wm.WindowManagerService.tryStartExitingAnimation:3017 com.android.server.wm.WindowManagerService.relayoutWindow:2897 com.android.server.wm.Session.relayout:215 android.view.IWindowSession$Stub.onTransact:286 com.android.server.wm.Session.onTransact:136 
11-23 13:42:59.945  2278  2289 I art     : Background partial concurrent mark sweep GC freed 17348(665KB) AllocSpace objects, 2(48KB) LOS objects, 40% free, 5MB/9MB, paused 10.195ms total 847.449ms
