11-24 18:06:58.837  2249  2249 E Feed    : 	at android.support.v7.widget.LinearLayoutManager.layoutChunk(LinearLayoutManager.java:1414)
11-24 18:06:58.837  2249  2249 E Feed    : 	at android.support.v7.widget.LinearLayoutManager.fill(LinearLayoutManager.java:1377)
11-24 18:06:58.837  2249  2249 E Feed    : 	at android.support.v7.widget.LinearLayoutManager.onLayoutChildren(LinearLayoutManager.java:578)
11-24 18:06:58.837  2249  2249 E Feed    : 	at android.support.v7.widget.RecyclerView.dispatchLayoutStep2(RecyclerView.java:3260)
11-24 18:06:58.837  2249  2249 E Feed    : 	at android.support.v7.widget.RecyclerView.dispatchLayout(RecyclerView.java:3069)
11-24 18:06:58.837  2249  2249 E Feed    : 	at android.support.v7.widget.RecyclerView.onLayout(RecyclerView.java:3518)
11-24 18:06:58.837  2249  2249 E Feed    : 	at android.view.View.layout(View.java:17520)
11-24 18:06:58.837  2249  2249 E Feed    : 	at android.view.ViewGroup.layout(ViewGroup.java:5612)
11-24 18:06:58.837  2249  2249 E Feed    : 	at android.widget.FrameLayout.layoutChildren(FrameLayout.java:323)
11-24 18:06:58.837  2249  2249 E Feed    : 	at android.widget.FrameLayout.onLayout(FrameLayout.java:261)
11-24 18:06:58.837  2249  2249 E Feed    : 	at android.view.View.layout(View.java:17520)
11-24 18:06:58.837  2249  2249 E Feed    : 	at android.view.ViewGroup.layout(ViewGroup.java:5612)
11-24 18:06:58.837  2249  2249 E Feed    : 	at android.widget.RelativeLayout.onLayout(RelativeLayout.java:1079)
11-24 18:06:58.837  2249  2249 E Feed    : 	at android.view.View.layout(View.java:17520)
11-24 18:06:58.837  2249  2249 E Feed    : 	at android.view.ViewGroup.layout(ViewGroup.java:5612)
11-24 18:06:58.837  2249  2249 E Feed    : 	at android.widget.FrameLayout.layoutChildren(FrameLayout.java:323)
11-24 18:06:58.837  2249  2249 E Feed    : 	at android.widget.FrameLayout.onLayout(FrameLayout.java:261)
11-24 18:06:58.837  2249  2249 E Feed    : 	at android.view.View.layout(View.java:17520)
11-24 18:06:58.837  2249  2249 E Feed    : 	at android.view.ViewGroup.layout(ViewGroup.java:5612)
11-24 18:06:58.837  2249  2249 E Feed    : 	at android.support.v7.widget.ActionBarOverlayLayout.onLayout(ActionBarOverlayLayout.java:435)
11-24 18:06:58.837  2249  2249 E Feed    : 	at android.view.View.layout(View.java:17520)
11-24 18:06:58.837  2249  2249 E Feed    : 	at android.view.ViewGroup.layout(ViewGroup.java:5612)
11-24 18:06:58.837  2249  2249 E Feed    : 	at android.widget.FrameLayout.layoutChildren(FrameLayout.java:323)
11-24 18:06:58.837  2249  2249 E Feed    : 	at android.widget.FrameLayout.onLayout(FrameLayout.java:261)
11-24 18:06:58.837  2249  2249 E Feed    : 	at android.view.View.layout(View.java:17520)
11-24 18:06:58.837  2249  2249 E Feed    : 	at android.view.ViewGroup.layout(ViewGroup.java:5612)
11-24 18:06:58.837  2249  2249 E Feed    : 	at android.widget.LinearLayout.setChildFrame(LinearLayout.java:1741)
11-24 18:06:58.837  2249  2249 E Feed    : 	at android.widget.LinearLayout.layoutVertical(LinearLayout.java:1585)
11-24 18:06:58.837  2249  2249 E Feed    : 	at android.widget.LinearLayout.onLayout(LinearLayout.java:1494)
11-24 18:06:58.837  2249  2249 E Feed    : 	at android.view.View.layout(View.java:17520)
11-24 18:06:58.837  2249  2249 E Feed    : 	at android.view.ViewGroup.layout(ViewGroup.java:5612)
11-24 18:06:58.837  2249  2249 E Feed    : 	at android.widget.FrameLayout.layoutChildren(FrameLayout.java:323)
11-24 18:06:58.837  2249  2249 E Feed    : 	at android.widget.FrameLayout.onLayout(FrameLayout.java:261)
11-24 18:06:58.837  2249  2249 E Feed    : 	at com.android.internal.policy.DecorView.onLayout(DecorView.java:724)
11-24 18:06:58.837  2249  2249 E Feed    : 	at android.view.View.layout(View.java:17520)
11-24 18:06:58.837  2249  2249 E Feed    : 	at android.view.ViewGroup.layout(ViewGroup.java:5612)
11-24 18:06:58.837  2249  2249 E Feed    : 	at android.view.ViewRootImpl.performLayout(ViewRootImpl.java:2342)
11-24 18:06:58.837  2249  2249 E Feed    : 	at android.view.ViewRootImpl.performTraversals(ViewRootImpl.java:2069)
11-24 18:06:58.837  2249  2249 E Feed    : 	at android.view.ViewRootImpl.doTraversal(ViewRootImpl.java:1246)
11-24 18:06:58.837  2249  2249 E Feed    : 	at android.view.ViewRootImpl$TraversalRunnable.run(ViewRootImpl.java:6301)
11-24 18:06:58.837  2249  2249 E Feed    : 	at android.view.Choreographer$CallbackRecord.run(Choreographer.java:871)
11-24 18:06:58.837  2249  2249 E Feed    : 	at android.view.Choreographer.doCallbacks(Choreographer.java:683)
11-24 18:06:58.837  2249  2249 E Feed    : 	at android.view.Choreographer.doFrame(Choreographer.java:619)
11-24 18:06:58.837  2249  2249 E Feed    : 	at android.view.Choreographer$FrameDisplayEventReceiver.run(Choreographer.java:857)
11-24 18:06:58.837  2249  2249 E Feed    : 	at android.os.Handler.handleCallback(Handler.java:751)
11-24 18:06:58.837  2249  2249 E Feed    : 	at android.os.Handler.dispatchMessage(Handler.java:95)
11-24 18:06:58.837  2249  2249 E Feed    : 	at android.os.Looper.loop(Looper.java:154)
11-24 18:06:58.837  2249  2249 E Feed    : 	at android.app.ActivityThread.main(ActivityThread.java:6077)
11-24 18:06:58.837  2249  2249 E Feed    : 	at java.lang.reflect.Method.invoke(Native Method)
11-24 18:06:58.837  2249  2249 E Feed    : 	at com.android.internal.os.ZygoteInit$MethodAndArgsCaller.run(ZygoteInit.java:865)
11-24 18:06:58.837  2249  2249 E Feed    : 	at com.android.internal.os.ZygoteInit.main(ZygoteInit.java:755)
11-24 18:06:58.857  1238  1259 I Choreographer: Skipped 34 frames!  The application may be doing too much work on its main thread.
11-24 18:06:59.181  2249  2249 I Choreographer: Skipped 88 frames!  The application may be doing too much work on its main thread.
11-24 18:06:59.340  2249  2249 D LifecycleMonitor: Lifecycle status change: br.com.catbag.gifreduxsample.ui.GifListActivity@369bbf9 in: PAUSED
11-24 18:06:59.358  1238  1348 I WindowManager: Failed to capture screenshot of Token{5073ed9 ActivityRecord{7d5a520 u0 br.com.catbag.gifreduxsample/.ui.GifListActivity t5 f}} appWin=Window{4519576 u0 Starting br.com.catbag.gifreduxsample} drawState=4
11-24 18:06:59.364  2249  2264 I TestRunner: finished: whenGifIsNotWatchedTest(br.com.catbag.gifreduxsample.ui.giflist.GifListActivityTest)
11-24 18:06:59.382  1238  1259 I Choreographer: Skipped 33 frames!  The application may be doing too much work on its main thread.
11-24 18:06:59.515  1238  1259 I WindowManager: Destroying surface Surface(name=Starting br.com.catbag.gifreduxsample) called by com.android.server.wm.WindowStateAnimator.destroySurface:2014 com.android.server.wm.WindowStateAnimator.destroySurfaceLocked:881 com.android.server.wm.WindowState.removeLocked:1449 com.android.server.wm.WindowManagerService.removeWindowInnerLocked:2478 com.android.server.wm.WindowManagerService.removeWindowLocked:2436 com.android.server.wm.WindowManagerService.removeWindowLocked:2305 com.android.server.wm.WindowManagerService.removeWindow:2300 com.android.server.wm.Session.remove:193 
11-24 18:06:59.557  2249  2249 I MonitoringInstrumentation: Activities that are still in CREATED to STOPPED: 2
11-24 18:06:59.562  2249  2264 I TestRunner: started: whenGifIsDownloadingTest(br.com.catbag.gifreduxsample.ui.giflist.GifListActivityTest)
11-24 18:06:59.597  1238  1259 I Choreographer: Skipped 37 frames!  The application may be doing too much work on its main thread.
11-24 18:06:59.627  2249  2249 D LifecycleMonitor: Lifecycle status change: br.com.catbag.gifreduxsample.ui.GifListActivity@369bbf9 in: STOPPED
11-24 18:06:59.628  2249  2249 D LifecycleMonitor: Lifecycle status change: br.com.catbag.gifreduxsample.ui.GifListActivity@369bbf9 in: DESTROYED
11-24 18:06:59.670  1238  1477 I WindowManager: Destroying surface Surface(name=br.com.catbag.gifreduxsample/br.com.catbag.gifreduxsample.ui.GifListActivity) called by com.android.server.wm.WindowStateAnimator.destroySurface:2014 com.android.server.wm.WindowStateAnimator.destroySurfaceLocked:881 com.android.server.wm.WindowState.removeLocked:1449 com.android.server.wm.WindowManagerService.removeWindowInnerLocked:2478 com.android.server.wm.WindowManagerService.removeWindowLocked:2436 com.android.server.wm.WindowManagerService.removeWindowLocked:2305 com.android.server.wm.WindowManagerService.removeWindow:2300 com.android.server.wm.Session.remove:193 
11-24 18:06:59.678  2249  2249 I Choreographer: Skipped 59 frames!  The application may be doing too much work on its main thread.
11-24 18:06:59.680  2249  2249 D LifecycleMonitor: Lifecycle status change: br.com.catbag.gifreduxsample.ui.GifListActivity@f3dd091 in: STOPPED
11-24 18:06:59.680  2249  2249 D LifecycleMonitor: Lifecycle status change: br.com.catbag.gifreduxsample.ui.GifListActivity@f3dd091 in: DESTROYED
11-24 18:06:59.682  1238  1249 I WindowManager: Destroying surface Surface(name=br.com.catbag.gifreduxsample/br.com.catbag.gifreduxsample.ui.GifListActivity) called by com.android.server.wm.WindowStateAnimator.destroySurface:2014 com.android.server.wm.WindowStateAnimator.destroySurfaceLocked:881 com.android.server.wm.WindowState.removeLocked:1449 com.android.server.wm.WindowManagerService.removeWindowInnerLocked:2478 com.android.server.wm.WindowManagerService.removeWindowLocked:2436 com.android.server.wm.WindowManagerService.removeWindowLocked:2305 com.android.server.wm.WindowManagerService.removeWindow:2300 com.android.server.wm.Session.remove:193 
11-24 18:06:59.718  2249  2249 I MonitoringInstrumentation: Activities that are still in CREATED to STOPPED: 0
11-24 18:06:59.749  2249  2265 I DroidFlux:Dispatcher: [STARTED] dispatch of action [FAKE_REDUCE_ACTION]
11-24 18:06:59.750  2249  2265 I DroidFlux:Dispatcher: [COMPLETED] dispatch of action [FAKE_REDUCE_ACTION]
11-24 18:06:59.838  2249  2286 D ActivityTestRule: Launching activity br.com.catbag.gifreduxsample.ui.GifListActivity
11-24 18:06:59.857  2249  2287 D MonitoringInstrumentation: execStartActivity(context, ibinder, ibinder, activity, intent, int, bundle
11-24 18:06:59.859  1238  1479 I ActivityManager: START u0 {flg=0x10000000 cmp=br.com.catbag.gifreduxsample/.ui.GifListActivity} from uid 10060 on display 0
11-24 18:07:00.048  2249  2249 D LifecycleMonitor: Lifecycle status change: br.com.catbag.gifreduxsample.ui.GifListActivity@e1ab37f in: PRE_ON_CREATE
11-24 18:07:00.074  2249  2249 D LifecycleMonitor: Lifecycle status change: br.com.catbag.gifreduxsample.ui.GifListActivity@e1ab37f in: CREATED
11-24 18:07:00.076  2249  2249 D LifecycleMonitor: Lifecycle status change: br.com.catbag.gifreduxsample.ui.GifListActivity@e1ab37f in: STARTED
11-24 18:07:00.077  2249  2265 I DroidFlux:Dispatcher: [STARTED] dispatch of action [APP_STATE_LOAD]
11-24 18:07:00.077  2249  2265 D DroidFlux:Dispatcher: An action of type [APP_STATE_LOAD] was dispatched, but no reducer handled it
11-24 18:07:00.078  2249  2265 I DroidFlux:Dispatcher: [COMPLETED] dispatch of action [APP_STATE_LOAD]
11-24 18:07:00.078  2249  2249 D LifecycleMonitor: Lifecycle status change: br.com.catbag.gifreduxsample.ui.GifListActivity@e1ab37f in: RESUMED
11-24 18:07:00.165  1683  1683 I Choreographer: Skipped 35 frames!  The application may be doing too much work on its main thread.
11-24 18:07:00.302  1238  1259 I Choreographer: Skipped 71 frames!  The application may be doing too much work on its main thread.
11-24 18:07:00.488  1238  1259 I Choreographer: Skipped 32 frames!  The application may be doing too much work on its main thread.
11-24 18:07:00.511  2249  2249 D LifecycleMonitor: Lifecycle status change: br.com.catbag.gifreduxsample.ui.GifListActivity@e1ab37f in: PAUSED
11-24 18:07:00.553  2249  2264 I TestRunner: finished: whenGifIsDownloadingTest(br.com.catbag.gifreduxsample.ui.giflist.GifListActivityTest)
11-24 18:07:00.564   979   979 D gralloc : Registering a buffer in the process that created it. This may cause memory ordering problems.
11-24 18:07:00.564   979   979 E libEGL  : called unimplemented OpenGL ES API
11-24 18:07:00.565   979   979 E SurfaceFlinger: glCheckFramebufferStatusOES error -158841997
11-24 18:07:00.565   979   979 E SurfaceFlinger: got GL_FRAMEBUFFER_COMPLETE_OES error while taking screenshot
11-24 18:07:00.566  1238  1763 W WindowManager: Screenshot failure taking screenshot for (480x800) to layer 22015
11-24 18:07:00.580  2249  2249 I MonitoringInstrumentation: Activities that are still in CREATED to STOPPED: 1
11-24 18:07:00.601  2249  2264 I TestRunner: started: whenListKeepOrderedAfterPlayTest(br.com.catbag.gifreduxsample.ui.giflist.GifListActivityTest)
11-24 18:07:00.699  2249  2249 I MonitoringInstrumentation: Activities that are still in CREATED to STOPPED: 1
11-24 18:07:00.787  2249  2265 I DroidFlux:Dispatcher: [STARTED] dispatch of action [FAKE_REDUCE_ACTION]
11-24 18:07:00.787  2249  2265 I DroidFlux:Dispatcher: [COMPLETED] dispatch of action [FAKE_REDUCE_ACTION]
11-24 18:07:00.828  1238  1259 I WindowManager: Destroying surface Surface(name=Starting br.com.catbag.gifreduxsample) called by com.android.server.wm.WindowStateAnimator.destroySurface:2014 com.android.server.wm.WindowStateAnimator.destroySurfaceLocked:881 com.android.server.wm.WindowState.removeLocked:1449 com.android.server.wm.WindowManagerService.removeWindowInnerLocked:2478 com.android.server.wm.AppWindowToken.destroySurfaces:365 com.android.server.wm.WindowStateAnimator.finishExit:565 com.android.server.wm.WindowStateAnimator.stepAnimationLocked:491 com.android.server.wm.WindowAnimator.updateWindowsLocked:303 
11-24 18:07:01.064  2249  2289 D ActivityTestRule: Launching activity br.com.catbag.gifreduxsample.ui.GifListActivity
11-24 18:07:01.085  2249  2290 D MonitoringInstrumentation: execStartActivity(context, ibinder, ibinder, activity, intent, int, bundle
11-24 18:07:01.091  1238  1250 I ActivityManager: START u0 {flg=0x10000000 cmp=br.com.catbag.gifreduxsample/.ui.GifListActivity} from uid 10060 on display 0
11-24 18:07:01.121  1238  1477 D WindowManager: relayoutVisibleWindow: Window{b377d9b u0 com.android.launcher3/com.android.launcher3.Launcher EXITING} mAnimatingExit=true, mRemoveOnExit=false, mDestroying=false
11-24 18:07:01.188  2249  2249 D LifecycleMonitor: Lifecycle status change: br.com.catbag.gifreduxsample.ui.GifListActivity@b8700a in: PRE_ON_CREATE
11-24 18:07:01.219  1238  1259 I Choreographer: Skipped 37 frames!  The application may be doing too much work on its main thread.
11-24 18:07:01.232  2249  2249 D LifecycleMonitor: Lifecycle status change: br.com.catbag.gifreduxsample.ui.GifListActivity@b8700a in: CREATED
11-24 18:07:01.232  2249  2265 I DroidFlux:Dispatcher: [STARTED] dispatch of action [APP_STATE_LOAD]
11-24 18:07:01.241  2249  2249 D LifecycleMonitor: Lifecycle status change: br.com.catbag.gifreduxsample.ui.GifListActivity@b8700a in: STARTED
11-24 18:07:01.244  2249  2265 D DroidFlux:Dispatcher: An action of type [APP_STATE_LOAD] was dispatched, but no reducer handled it
11-24 18:07:01.244  2249  2265 I DroidFlux:Dispatcher: [COMPLETED] dispatch of action [APP_STATE_LOAD]
11-24 18:07:01.249  2249  2249 D LifecycleMonitor: Lifecycle status change: br.com.catbag.gifreduxsample.ui.GifListActivity@b8700a in: RESUMED
11-24 18:07:01.515  1238  1259 I ActivityManager: Displayed br.com.catbag.gifreduxsample/.ui.GifListActivity: +372ms (total +1s542ms)
11-24 18:07:01.608  1238  1477 I WindowManager: Destroying surface Surface(name=com.android.launcher3/com.android.launcher3.Launcher) called by com.android.server.wm.WindowStateAnimator.destroySurface:2014 com.android.server.wm.WindowStateAnimator.destroySurfaceLocked:881 com.android.server.wm.WindowState.destroyOrSaveSurface:2073 com.android.server.wm.AppWindowToken.destroySurfaces:363 com.android.server.wm.AppWindowToken.notifyAppStopped:389 com.android.server.wm.WindowManagerService.notifyAppStopped:4456 com.android.server.am.ActivityStack.activityStoppedLocked:1252 com.android.server.am.ActivityManagerService.activityStopped:6873 
11-24 18:07:01.680  2249  2249 D LifecycleMonitor: Lifecycle status change: br.com.catbag.gifreduxsample.ui.GifListActivity@e1ab37f in: STOPPED
11-24 18:07:01.681  2249  2249 D LifecycleMonitor: Lifecycle status change: br.com.catbag.gifreduxsample.ui.GifListActivity@e1ab37f in: DESTROYED
11-24 18:07:01.710  2249  2250 I art     : Do partial code cache collection, code=54KB, data=61KB
11-24 18:07:01.711  2249  2250 I art     : After code cache collection, code=53KB, data=60KB
11-24 18:07:01.711  2249  2250 I art     : Increasing code cache capacity to 256KB
11-24 18:07:01.758  2249  2249 W ResourceType: No package identifier when getting name for resource number 0x0000000c
11-24 18:07:01.758  2249  2249 I ViewInteraction: Performing 'single click' action on view with id: 12 (resource name not found)
11-24 18:07:01.798  1238  1259 I WindowManager: Destroying surface Surface(name=Starting br.com.catbag.gifreduxsample) called by com.android.server.wm.WindowStateAnimator.destroySurface:2014 com.android.server.wm.WindowStateAnimator.destroySurfaceLocked:881 com.android.server.wm.WindowState.destroyOrSaveSurface:2073 com.android.server.wm.AppWindowToken.destroySurfaces:363 com.android.server.wm.WindowStateAnimator.finishExit:565 com.android.server.wm.WindowStateAnimator.stepAnimationLocked:491 com.android.server.wm.WindowAnimator.updateWindowsLocked:303 com.android.server.wm.WindowAnimator.animateLocked:704 
11-24 18:07:01.825  1238  1259 I WindowManager: Destroying surface Surface(name=br.com.catbag.gifreduxsample/br.com.catbag.gifreduxsample.ui.GifListActivity) called by com.android.server.wm.WindowStateAnimator.destroySurface:2014 com.android.server.wm.WindowStateAnimator.destroySurfaceLocked:881 com.android.server.wm.WindowState.destroyOrSaveSurface:2073 com.android.server.wm.AppWindowToken.destroySurfaces:363 com.android.server.wm.WindowStateAnimator.finishExit:565 com.android.server.wm.WindowStateAnimator.stepAnimationLocked:491 com.android.server.wm.WindowAnimator.updateWindowsLocked:303 com.android.server.wm.WindowAnimator.animateLocked:704 
11-24 18:07:01.875  2249  2265 I DroidFlux:Dispatcher: [STARTED] dispatch of action [GIF_PLAY]
11-24 18:07:01.876  2249  2265 I DroidFlux:Dispatcher: [COMPLETED] dispatch of action [GIF_PLAY]
11-24 18:07:01.915   989  1029 D AudioFlinger: mixer(0xabe83c40) throttle end: throttle time(11)
11-24 18:07:01.934   989  1029 D AudioFlinger: mixer(0xabe83c40) throttle end: throttle time(11)
11-24 18:07:02.551  2249  2249 W ResourceType: No package identifier when getting name for resource number 0x00000010
11-24 18:07:02.552  2249  2249 I ViewInteraction: Performing 'scroll RecyclerView to position: 2' action on view with id: 16 (resource name not found)
11-24 18:07:02.872  2249  2249 W ResourceType: No package identifier when getting name for resource number 0x00000010
11-24 18:07:02.896  2249  2249 W ResourceType: No package identifier when getting name for resource number 0x00000018
11-24 18:07:02.897  2249  2249 I ViewInteraction: Performing 'single click' action on view with id: 24 (resource name not found)
11-24 18:07:02.964  2249  2265 I DroidFlux:Dispatcher: [STARTED] dispatch of action [GIF_PLAY]
11-24 18:07:02.966  2249  2265 I DroidFlux:Dispatcher: [COMPLETED] dispatch of action [GIF_PLAY]
11-24 18:07:03.256  1238  1322 E TaskPersister: File error accessing recents directory (directory doesn't exist?).
11-24 18:07:03.582  2249  2249 W ResourceType: No package identifier when getting name for resource number 0x0000001c
11-24 18:07:03.601  2249  2249 I ViewInteraction: Performing 'scroll RecyclerView to position: 3' action on view with id: 28 (resource name not found)
11-24 18:07:03.890  2249  2249 W ResourceType: No package identifier when getting name for resource number 0x0000001c
11-24 18:07:03.932  2249  2249 W ResourceType: No package identifier when getting name for resource number 0x00000024
11-24 18:07:03.932  2249  2249 I ViewInteraction: Performing 'single click' action on view with id: 36 (resource name not found)
11-24 18:07:04.015  2249  2265 I DroidFlux:Dispatcher: [STARTED] dispatch of action [GIF_PLAY]
11-24 18:07:04.016  2249  2265 I DroidFlux:Dispatcher: [COMPLETED] dispatch of action [GIF_PLAY]
11-24 18:07:04.671  2249  2249 W ResourceType: No package identifier when getting name for resource number 0x00000028
11-24 18:07:04.672  2249  2249 I ViewInteraction: Performing 'scroll RecyclerView to position: 4' action on view with id: 40 (resource name not found)
11-24 18:07:05.029  2249  2249 W ResourceType: No package identifier when getting name for resource number 0x00000028
11-24 18:07:05.082  2249  2249 W ResourceType: No package identifier when getting name for resource number 0x00000030
11-24 18:07:05.082  2249  2249 I ViewInteraction: Performing 'single click' action on view with id: 48 (resource name not found)
11-24 18:07:05.139  2249  2260 I art     : Background sticky concurrent mark sweep GC freed 23008(1718KB) AllocSpace objects, 8(160KB) LOS objects, 21% free, 7MB/9MB, paused 5.441ms total 121.281ms
11-24 18:07:05.175  2249  2265 I DroidFlux:Dispatcher: [STARTED] dispatch of action [GIF_PLAY]
11-24 18:07:05.176  2249  2265 I DroidFlux:Dispatcher: [COMPLETED] dispatch of action [GIF_PLAY]
11-24 18:07:05.765  2249  2249 W ResourceType: No package identifier when getting name for resource number 0x00000034
11-24 18:07:05.766  2249  2249 I ViewInteraction: Performing 'scroll RecyclerView to position: 5' action on view with id: 52 (resource name not found)
11-24 18:07:06.076  2249  2249 W ResourceType: No package identifier when getting name for resource number 0x00000034
11-24 18:07:06.100  2249  2249 W ResourceType: No package identifier when getting name for resource number 0x0000003c
11-24 18:07:06.100  2249  2249 I ViewInteraction: Performing 'single click' action on view with id: 60 (resource name not found)
11-24 18:07:06.179  2249  2265 I DroidFlux:Dispatcher: [STARTED] dispatch of action [GIF_PLAY]
11-24 18:07:06.181  2249  2265 I DroidFlux:Dispatcher: [COMPLETED] dispatch of action [GIF_PLAY]
11-24 18:07:06.786  2249  2249 W ResourceType: No package identifier when getting name for resource number 0x00000040
11-24 18:07:06.786  2249  2249 I ViewInteraction: Performing 'scroll RecyclerView to position: 6' action on view with id: 64 (resource name not found)
11-24 18:07:07.110  2249  2249 W ResourceType: No package identifier when getting name for resource number 0x00000040
11-24 18:07:07.160  2249  2249 W ResourceType: No package identifier when getting name for resource number 0x00000048
11-24 18:07:07.160  2249  2249 I ViewInteraction: Performing 'single click' action on view with id: 72 (resource name not found)
11-24 18:07:07.230  2249  2265 I DroidFlux:Dispatcher: [STARTED] dispatch of action [GIF_PLAY]
11-24 18:07:07.231  2249  2265 I DroidFlux:Dispatcher: [COMPLETED] dispatch of action [GIF_PLAY]
11-24 18:07:07.812  2249  2249 W ResourceType: No package identifier when getting name for resource number 0x0000004c
11-24 18:07:07.812  2249  2249 I ViewInteraction: Performing 'scroll RecyclerView to position: 7' action on view with id: 76 (resource name not found)
11-24 18:07:07.921  2249  2260 I art     : Background sticky concurrent mark sweep GC freed 10460(916KB) AllocSpace objects, 6(128KB) LOS objects, 11% free, 8MB/9MB, paused 17.684ms total 68.998ms
11-24 18:07:08.182  2249  2249 W ResourceType: No package identifier when getting name for resource number 0x0000004c
11-24 18:07:08.220  2249  2249 W ResourceType: No package identifier when getting name for resource number 0x00000054
11-24 18:07:08.221  2249  2249 I ViewInteraction: Performing 'single click' action on view with id: 84 (resource name not found)
11-24 18:07:08.289  2249  2265 I DroidFlux:Dispatcher: [STARTED] dispatch of action [GIF_PLAY]
11-24 18:07:08.291  2249  2265 I DroidFlux:Dispatcher: [COMPLETED] dispatch of action [GIF_PLAY]
11-24 18:07:08.893  2249  2249 W ResourceType: No package identifier when getting name for resource number 0x00000058
11-24 18:07:08.893  2249  2249 I ViewInteraction: Performing 'scroll RecyclerView to position: 8' action on view with id: 88 (resource name not found)
11-24 18:07:09.252  2249  2249 W ResourceType: No package identifier when getting name for resource number 0x00000058
11-24 18:07:09.281  2249  2249 W ResourceType: No package identifier when getting name for resource number 0x00000060
11-24 18:07:09.282  2249  2249 I ViewInteraction: Performing 'single click' action on view with id: 96 (resource name not found)
11-24 18:07:09.362  2249  2260 I art     : Background sticky concurrent mark sweep GC freed 7535(686KB) AllocSpace objects, 6(128KB) LOS objects, 8% free, 8MB/9MB, paused 9.300ms total 89.006ms
11-24 18:07:09.398  2249  2265 I DroidFlux:Dispatcher: [STARTED] dispatch of action [GIF_PLAY]
11-24 18:07:09.399  2249  2265 I DroidFlux:Dispatcher: [COMPLETED] dispatch of action [GIF_PLAY]
11-24 18:07:10.001  2249  2249 W ResourceType: No package identifier when getting name for resource number 0x00000064
11-24 18:07:10.001  2249  2249 I ViewInteraction: Performing 'scroll RecyclerView to position: 9' action on view with id: 100 (resource name not found)
11-24 18:07:10.314  2249  2249 W ResourceType: No package identifier when getting name for resource number 0x00000064
11-24 18:07:10.332  2249  2249 W ResourceType: No package identifier when getting name for resource number 0x0000006c
11-24 18:07:10.332  2249  2249 I ViewInteraction: Performing 'single click' action on view with id: 108 (resource name not found)
11-24 18:07:10.395  2249  2265 I DroidFlux:Dispatcher: [STARTED] dispatch of action [GIF_PLAY]
11-24 18:07:10.396  2249  2265 I DroidFlux:Dispatcher: [COMPLETED] dispatch of action [GIF_PLAY]
11-24 18:07:10.460  2249  2260 I art     : Background partial concurrent mark sweep GC freed 9000(595KB) AllocSpace objects, 7(160KB) LOS objects, 31% free, 8MB/12MB, paused 6.412ms total 119.679ms
11-24 18:07:10.992  2249  2249 W ResourceType: No package identifier when getting name for resource number 0x00000070
11-24 18:07:11.011  2249  2249 I ViewInteraction: Performing 'scroll RecyclerView to position: 10' action on view with id: 112 (resource name not found)
11-24 18:07:11.366  2249  2249 W ResourceType: No package identifier when getting name for resource number 0x00000070
11-24 18:07:11.382  2249  2249 W ResourceType: No package identifier when getting name for resource number 0x00000078
11-24 18:07:11.391  2249  2249 I ViewInteraction: Performing 'single click' action on view with id: 120 (resource name not found)
11-24 18:07:11.453  2249  2265 I DroidFlux:Dispatcher: [STARTED] dispatch of action [GIF_PLAY]
11-24 18:07:11.465  2249  2265 I DroidFlux:Dispatcher: [COMPLETED] dispatch of action [GIF_PLAY]
11-24 18:07:11.586   989  1029 D AudioFlinger: mixer(0xabe83c40) throttle end: throttle time(4)
11-24 18:07:12.108  2249  2249 W ResourceType: No package identifier when getting name for resource number 0x0000007c
11-24 18:07:12.108  2249  2249 I ViewInteraction: Performing 'scroll RecyclerView to position: 11' action on view with id: 124 (resource name not found)
11-24 18:07:12.417  2249  2249 W ResourceType: No package identifier when getting name for resource number 0x0000007c
11-24 18:07:12.432  2249  2249 W ResourceType: No package identifier when getting name for resource number 0x00000084
11-24 18:07:12.448  2249  2249 I ViewInteraction: Performing 'single click' action on view with id: 132 (resource name not found)
11-24 18:07:12.534  2249  2265 I DroidFlux:Dispatcher: [STARTED] dispatch of action [GIF_PLAY]
11-24 18:07:12.537  2249  2265 I DroidFlux:Dispatcher: [COMPLETED] dispatch of action [GIF_PLAY]
11-24 18:07:13.191  2249  2249 W ResourceType: No package identifier when getting name for resource number 0x00000088
11-24 18:07:13.191  2249  2249 I ViewInteraction: Performing 'scroll RecyclerView to position: 12' action on view with id: 136 (resource name not found)
11-24 18:07:13.248  2249  2250 I art     : Do full code cache collection, code=123KB, data=121KB
11-24 18:07:13.248  2249  2250 I art     : After code cache collection, code=91KB, data=75KB
11-24 18:07:13.500  2249  2249 W ResourceType: No package identifier when getting name for resource number 0x00000088
11-24 18:07:13.530  2249  2249 W ResourceType: No package identifier when getting name for resource number 0x00000090
11-24 18:07:13.530  2249  2249 I ViewInteraction: Performing 'single click' action on view with id: 144 (resource name not found)
11-24 18:07:13.600  2249  2265 I DroidFlux:Dispatcher: [STARTED] dispatch of action [GIF_PLAY]
11-24 18:07:13.602  2249  2265 I DroidFlux:Dispatcher: [COMPLETED] dispatch of action [GIF_PLAY]
11-24 18:07:13.727   989  1029 D AudioFlinger: mixer(0xabe83c40) throttle end: throttle time(1)
11-24 18:07:14.201  2249  2249 W ResourceType: No package identifier when getting name for resource number 0x00000094
11-24 18:07:14.202  2249  2249 I ViewInteraction: Performing 'scroll RecyclerView to position: 13' action on view with id: 148 (resource name not found)
11-24 18:07:14.515  2249  2249 W ResourceType: No package identifier when getting name for resource number 0x00000094
11-24 18:07:14.532  2249  2249 W ResourceType: No package identifier when getting name for resource number 0x0000009c
11-24 18:07:14.532  2249  2249 I ViewInteraction: Performing 'single click' action on view with id: 156 (resource name not found)
11-24 18:07:14.602  2249  2265 I DroidFlux:Dispatcher: [STARTED] dispatch of action [GIF_PLAY]
11-24 18:07:14.602  2249  2265 I DroidFlux:Dispatcher: [COMPLETED] dispatch of action [GIF_PLAY]
11-24 18:07:15.168  2249  2249 W ResourceType: No package identifier when getting name for resource number 0x000000a0
11-24 18:07:15.168  2249  2249 I ViewInteraction: Performing 'scroll RecyclerView to position: 14' action on view with id: 160 (resource name not found)
11-24 18:07:15.485  2249  2249 W ResourceType: No package identifier when getting name for resource number 0x000000a0
11-24 18:07:15.531  2249  2249 W ResourceType: No package identifier when getting name for resource number 0x000000a8
11-24 18:07:15.531  2249  2249 I ViewInteraction: Performing 'single click' action on view with id: 168 (resource name not found)
11-24 18:07:15.598  2249  2265 I DroidFlux:Dispatcher: [STARTED] dispatch of action [GIF_PLAY]
11-24 18:07:15.599  2249  2265 I DroidFlux:Dispatcher: [COMPLETED] dispatch of action [GIF_PLAY]
11-24 18:07:16.230  2249  2249 W ResourceType: No package identifier when getting name for resource number 0x000000ac
11-24 18:07:16.230  2249  2249 I ViewInteraction: Performing 'scroll RecyclerView to position: 15' action on view with id: 172 (resource name not found)
11-24 18:07:16.371  2249  2260 I art     : Background sticky concurrent mark sweep GC freed 24107(1952KB) AllocSpace objects, 15(320KB) LOS objects, 18% free, 10MB/12MB, paused 6.124ms total 101.145ms
11-24 18:07:16.555  2249  2249 W ResourceType: No package identifier when getting name for resource number 0x000000ac
11-24 18:07:16.601  2249  2249 W ResourceType: No package identifier when getting name for resource number 0x000000b4
11-24 18:07:16.602  2249  2249 I ViewInteraction: Performing 'single click' action on view with id: 180 (resource name not found)
11-24 18:07:16.670  2249  2265 I DroidFlux:Dispatcher: [STARTED] dispatch of action [GIF_PLAY]
11-24 18:07:16.672  2249  2265 I DroidFlux:Dispatcher: [COMPLETED] dispatch of action [GIF_PLAY]
11-24 18:07:17.275  2249  2249 W ResourceType: No package identifier when getting name for resource number 0x000000b8
11-24 18:07:17.275  2249  2249 I ViewInteraction: Performing 'scroll RecyclerView to position: 16' action on view with id: 184 (resource name not found)
11-24 18:07:17.601  2249  2249 W ResourceType: No package identifier when getting name for resource number 0x000000b8
11-24 18:07:17.653  2249  2249 W ResourceType: No package identifier when getting name for resource number 0x000000c0
11-24 18:07:17.661  2249  2249 I ViewInteraction: Performing 'single click' action on view with id: 192 (resource name not found)
11-24 18:07:17.731  2249  2265 I DroidFlux:Dispatcher: [STARTED] dispatch of action [GIF_PLAY]
11-24 18:07:17.766  2249  2265 I DroidFlux:Dispatcher: [COMPLETED] dispatch of action [GIF_PLAY]
11-24 18:07:18.451  2249  2249 W ResourceType: No package identifier when getting name for resource number 0x000000c4
11-24 18:07:18.451  2249  2249 I ViewInteraction: Performing 'scroll RecyclerView to position: 17' action on view with id: 196 (resource name not found)
11-24 18:07:18.766  2249  2249 W ResourceType: No package identifier when getting name for resource number 0x000000c4
11-24 18:07:18.779  2249  2249 W ResourceType: No package identifier when getting name for resource number 0x000000cc
11-24 18:07:18.779  2249  2249 I ViewInteraction: Performing 'single click' action on view with id: 204 (resource name not found)
11-24 18:07:18.850  2249  2265 I DroidFlux:Dispatcher: [STARTED] dispatch of action [GIF_PLAY]
11-24 18:07:18.851  2249  2265 I DroidFlux:Dispatcher: [COMPLETED] dispatch of action [GIF_PLAY]
11-24 18:07:18.896   989  1029 D AudioFlinger: mixer(0xabe83c40) throttle end: throttle time(3)
11-24 18:07:19.479  2249  2249 W ResourceType: No package identifier when getting name for resource number 0x000000d0
11-24 18:07:19.479  2249  2249 I ViewInteraction: Performing 'scroll RecyclerView to position: 18' action on view with id: 208 (resource name not found)
11-24 18:07:19.806  2249  2249 W ResourceType: No package identifier when getting name for resource number 0x000000d0
11-24 18:07:19.849  2249  2249 W ResourceType: No package identifier when getting name for resource number 0x000000d8
11-24 18:07:19.849  2249  2249 I ViewInteraction: Performing 'single click' action on view with id: 216 (resource name not found)
11-24 18:07:19.951  2249  2265 I DroidFlux:Dispatcher: [STARTED] dispatch of action [GIF_PLAY]
11-24 18:07:19.987  2249  2265 I DroidFlux:Dispatcher: [COMPLETED] dispatch of action [GIF_PLAY]
11-24 18:07:20.001  2249  2260 I art     : Background sticky concurrent mark sweep GC freed 16702(1445KB) AllocSpace objects, 12(256KB) LOS objects, 11% free, 11MB/12MB, paused 12.469ms total 148.354ms
11-24 18:07:20.442  2249  2249 W ResourceType: No package identifier when getting name for resource number 0x000000e3
11-24 18:07:20.442  2249  2249 I ViewInteraction: Performing 'single click' action on view with id: 227 (resource name not found)
11-24 18:07:20.513  2249  2265 I DroidFlux:Dispatcher: [STARTED] dispatch of action [GIF_PAUSE]
11-24 18:07:20.529  2249  2265 I DroidFlux:Dispatcher: [COMPLETED] dispatch of action [GIF_PAUSE]
11-24 18:07:21.135  2249  2249 D LifecycleMonitor: Lifecycle status change: br.com.catbag.gifreduxsample.ui.GifListActivity@b8700a in: PAUSED
11-24 18:07:21.156  2249  2264 I TestRunner: finished: whenListKeepOrderedAfterPlayTest(br.com.catbag.gifreduxsample.ui.giflist.GifListActivityTest)
11-24 18:07:21.209   979   979 D gralloc : Registering a buffer in the process that created it. This may cause memory ordering problems.
11-24 18:07:21.210   979   979 E libEGL  : called unimplemented OpenGL ES API
11-24 18:07:21.210   979   979 E SurfaceFlinger: glCheckFramebufferStatusOES error -158841997
11-24 18:07:21.210   979   979 E SurfaceFlinger: got GL_FRAMEBUFFER_COMPLETE_OES error while taking screenshot
11-24 18:07:21.212  1238  1477 W WindowManager: Screenshot failure taking screenshot for (480x800) to layer 21005
11-24 18:07:21.229  2249  2249 I MonitoringInstrumentation: Activities that are still in CREATED to STOPPED: 1
11-24 18:07:21.231  2249  2264 I TestRunner: started: whenGifIsWatchedTest(br.com.catbag.gifreduxsample.ui.giflist.GifListActivityTest)
11-24 18:07:21.251  2249  2249 I MonitoringInstrumentation: Activities that are still in CREATED to STOPPED: 1
11-24 18:07:21.303  2249  2265 I DroidFlux:Dispatcher: [STARTED] dispatch of action [FAKE_REDUCE_ACTION]
11-24 18:07:21.303  2249  2265 I DroidFlux:Dispatcher: [COMPLETED] dispatch of action [FAKE_REDUCE_ACTION]
11-24 18:07:21.324  2249  2291 D ActivityTestRule: Launching activity br.com.catbag.gifreduxsample.ui.GifListActivity
11-24 18:07:21.355  2249  2292 D MonitoringInstrumentation: execStartActivity(context, ibinder, ibinder, activity, intent, int, bundle
11-24 18:07:21.356  1238  1250 I ActivityManager: START u0 {flg=0x10000000 cmp=br.com.catbag.gifreduxsample/.ui.GifListActivity} from uid 10060 on display 0
11-24 18:07:21.478  2249  2249 D LifecycleMonitor: Lifecycle status change: br.com.catbag.gifreduxsample.ui.GifListActivity@8d6c71b in: PRE_ON_CREATE
11-24 18:07:21.511  2249  2249 D LifecycleMonitor: Lifecycle status change: br.com.catbag.gifreduxsample.ui.GifListActivity@8d6c71b in: CREATED
11-24 18:07:21.521  2249  2265 I DroidFlux:Dispatcher: [STARTED] dispatch of action [APP_STATE_LOAD]
11-24 18:07:21.522  2249  2265 D DroidFlux:Dispatcher: An action of type [APP_STATE_LOAD] was dispatched, but no reducer handled it
11-24 18:07:21.522  2249  2265 I DroidFlux:Dispatcher: [COMPLETED] dispatch of action [APP_STATE_LOAD]
11-24 18:07:21.522  2249  2249 D LifecycleMonitor: Lifecycle status change: br.com.catbag.gifreduxsample.ui.GifListActivity@8d6c71b in: STARTED
11-24 18:07:21.526  2249  2249 D LifecycleMonitor: Lifecycle status change: br.com.catbag.gifreduxsample.ui.GifListActivity@8d6c71b in: RESUMED
11-24 18:07:21.589  2249  2249 E Feed    : Gif{uuid=83d3315a-da97-47e0-a244-89e99b9c773e, path=, url=, title=, watched=true, status=DOWNLOADED}
11-24 18:07:21.589  2249  2249 E Feed    : pl.droidsonroids.gif.GifIOException: GifError 101: Failed to open given input
11-24 18:07:21.589  2249  2249 E Feed    : 	at pl.droidsonroids.gif.GifInfoHandle.openFile(Native Method)
11-24 18:07:21.589  2249  2249 E Feed    : 	at pl.droidsonroids.gif.GifInfoHandle.<init>(GifInfoHandle.java:46)
11-24 18:07:21.589  2249  2249 E Feed    : 	at pl.droidsonroids.gif.GifDrawable.<init>(GifDrawable.java:124)
11-24 18:07:21.589  2249  2249 E Feed    : 	at br.com.catbag.gifreduxsample.ui.components.FeedView.createDrawable(FeedView.java:102)
11-24 18:07:21.589  2249  2249 E Feed    : 	at br.com.catbag.gifreduxsample.ui.components.FeedView.lambda$renderGifView$1(FeedView.java:89)
11-24 18:07:21.589  2249  2249 E Feed    : 	at br.com.catbag.gifreduxsample.ui.components.FeedView$$Lambda$2.view(Unknown Source)
11-24 18:07:21.589  2249  2249 E Feed    : 	at trikita.anvil.BaseDSL.v(BaseDSL.java:670)
11-24 18:07:21.589  2249  2249 E Feed    : 	at br.com.catbag.gifreduxsample.ui.components.FeedView.renderGifView(FeedView.java:88)
11-24 18:07:21.589  2249  2249 E Feed    : 	at br.com.catbag.gifreduxsample.ui.components.FeedView.access$lambda$0(FeedView.java)
11-24 18:07:21.589  2249  2249 E Feed    : 	at br.com.catbag.gifreduxsample.ui.components.FeedView$$Lambda$3.view(Unknown Source)
11-24 18:07:21.589  2249  2249 E Feed    : 	at br.com.catbag.gifreduxsample.ui.components.GifsAdapter.view(GifsAdapter.java:55)
11-24 18:07:21.589  2249  2249 E Feed    : 	at trikita.anvil.RenderableRecyclerViewAdapter$1.view(RenderableRecyclerViewAdapter.java:24)
11-24 18:07:21.589  2249  2249 E Feed    : 	at trikita.anvil.Anvil$Mount.render(Anvil.java:204)
11-24 18:07:21.589  2249  2249 E Feed    : 	at trikita.anvil.Anvil.render(Anvil.java:173)
11-24 18:07:21.589  2249  2249 E Feed    : 	at trikita.anvil.RenderableRecyclerViewAdapter.onBindViewHolder(RenderableRecyclerViewAdapter.java:27)
11-24 18:07:21.589  2249  2249 E Feed    : 	at trikita.anvil.RenderableRecyclerViewAdapter.onBindViewHolder(RenderableRecyclerViewAdapter.java:7)
11-24 18:07:21.589  2249  2249 E Feed    : 	at android.support.v7.widget.RecyclerView$Adapter.onBindViewHolder(RecyclerView.java:5768)
11-24 18:07:21.589  2249  2249 E Feed    : 	at android.support.v7.widget.RecyclerView$Adapter.bindViewHolder(RecyclerView.java:5801)
11-24 18:07:21.589  2249  2249 E Feed    : 	at android.support.v7.widget.RecyclerView$Recycler.getViewForPosition(RecyclerView.java:5037)
11-24 18:07:21.589  2249  2249 E Feed    : 	at android.support.v7.widget.RecyclerView$Recycler.getViewForPosition(RecyclerView.java:4913)
11-24 18:07:21.589  2249  2249 E Feed    : 	at android.support.v7.widget.LinearLayoutManager$LayoutState.next(LinearLayoutManager.java:2029)
11-24 18:07:21.589  2249  2249 E Feed    : 	at android.support.v7.widget.LinearLayoutManager.layoutChunk(LinearLayoutManager.java:1414)
11-24 18:07:21.589  2249  2249 E Feed    : 	at android.support.v7.widget.LinearLayoutManager.fill(LinearLayoutManager.java:1377)
11-24 18:07:21.589  2249  2249 E Feed    : 	at android.support.v7.widget.LinearLayoutManager.onLayoutChildren(LinearLayoutManager.java:578)
11-24 18:07:21.589  2249  2249 E Feed    : 	at android.support.v7.widget.RecyclerView.dispatchLayoutStep2(RecyclerView.java:3260)
11-24 18:07:21.589  2249  2249 E Feed    : 	at android.support.v7.widget.RecyclerView.dispatchLayout(RecyclerView.java:3069)
11-24 18:07:21.589  2249  2249 E Feed    : 	at android.support.v7.widget.RecyclerView.onLayout(RecyclerView.java:3518)
11-24 18:07:21.589  2249  2249 E Feed    : 	at android.view.View.layout(View.java:17520)
11-24 18:07:21.589  2249  2249 E Feed    : 	at android.view.ViewGroup.layout(ViewGroup.java:5612)
11-24 18:07:21.589  2249  2249 E Feed    : 	at android.widget.FrameLayout.layoutChildren(FrameLayout.java:323)
11-24 18:07:21.589  2249  2249 E Feed    : 	at android.widget.FrameLayout.onLayout(FrameLayout.java:261)
11-24 18:07:21.589  2249  2249 E Feed    : 	at android.view.View.layout(View.java:17520)
11-24 18:07:21.589  2249  2249 E Feed    : 	at android.view.ViewGroup.layout(ViewGroup.java:5612)
11-24 18:07:21.589  2249  2249 E Feed    : 	at android.widget.RelativeLayout.onLayout(RelativeLayout.java:1079)
11-24 18:07:21.589  2249  2249 E Feed    : 	at android.view.View.layout(View.java:17520)
11-24 18:07:21.589  2249  2249 E Feed    : 	at android.view.ViewGroup.layout(ViewGroup.java:5612)
11-24 18:07:21.589  2249  2249 E Feed    : 	at android.widget.FrameLayout.layoutChildren(FrameLayout.java:323)
11-24 18:07:21.589  2249  2249 E Feed    : 	at android.widget.FrameLayout.onLayout(FrameLayout.java:261)
11-24 18:07:21.589  2249  2249 E Feed    : 	at android.view.View.layout(View.java:17520)
11-24 18:07:21.589  2249  2249 E Feed    : 	at android.view.ViewGroup.layout(ViewGroup.java:5612)
11-24 18:07:21.589  2249  2249 E Feed    : 	at android.support.v7.widget.ActionBarOverlayLayout.onLayout(ActionBarOverlayLayout.java:435)
11-24 18:07:21.589  2249  2249 E Feed    : 	at android.view.View.layout(View.java:17520)
11-24 18:07:21.589  2249  2249 E Feed    : 	at android.view.ViewGroup.layout(ViewGroup.java:5612)
11-24 18:07:21.589  2249  2249 E Feed    : 	at android.widget.FrameLayout.layoutChildren(FrameLayout.java:323)
11-24 18:07:21.589  2249  2249 E Feed    : 	at android.widget.FrameLayout.onLayout(FrameLayout.java:261)
11-24 18:07:21.589  2249  2249 E Feed    : 	at android.view.View.layout(View.java:17520)
11-24 18:07:21.589  2249  2249 E Feed    : 	at android.view.ViewGroup.layout(ViewGroup.java:5612)
11-24 18:07:21.589  2249  2249 E Feed    : 	at android.widget.LinearLayout.setChildFrame(LinearLayout.java:1741)
11-24 18:07:21.589  2249  2249 E Feed    : 	at android.widget.LinearLayout.layoutVertical(LinearLayout.java:1585)
11-24 18:07:21.589  2249  2249 E Feed    : 	at android.widget.LinearLayout.onLayout(LinearLayout.java:1494)
11-24 18:07:21.589  2249  2249 E Feed    : 	at android.view.View.layout(View.java:17520)
11-24 18:07:21.589  2249  2249 E Feed    : 	at android.view.ViewGroup.layout(ViewGroup.java:5612)
11-24 18:07:21.589  2249  2249 E Feed    : 	at android.widget.FrameLayout.layoutChildren(FrameLayout.java:323)
11-24 18:07:21.590  2249  2249 E Feed    : 	at android.widget.FrameLayout.onLayout(FrameLayout.java:261)
11-24 18:07:21.590  2249  2249 E Feed    : 	at com.android.internal.policy.DecorView.onLayout(DecorView.java:724)
11-24 18:07:21.590  2249  2249 E Feed    : 	at android.view.View.layout(View.java:17520)
11-24 18:07:21.590  2249  2249 E Feed    : 	at android.view.ViewGroup.layout(ViewGroup.java:5612)
11-24 18:07:21.590  2249  2249 E Feed    : 	at android.view.ViewRootImpl.performLayout(ViewRootImpl.java:2342)
11-24 18:07:21.590  2249  2249 E Feed    : 	at android.view.ViewRootImpl.performTraversals(ViewRootImpl.java:2069)
11-24 18:07:21.590  2249  2249 E Feed    : 	at android.view.ViewRootImpl.doTraversal(ViewRootImpl.java:1246)
11-24 18:07:21.590  2249  2249 E Feed    : 	at android.view.ViewRootImpl$TraversalRunnable.run(ViewRootImpl.java:6301)
11-24 18:07:21.590  2249  2249 E Feed    : 	at android.view.Choreographer$CallbackRecord.run(Choreographer.java:871)
11-24 18:07:21.590  2249  2249 E Feed    : 	at android.view.Choreographer.doCallbacks(Choreographer.java:683)
11-24 18:07:21.590  2249  2249 E Feed    : 	at android.view.Choreographer.doFrame(Choreographer.java:619)
11-24 18:07:21.590  2249  2249 E Feed    : 	at android.view.Choreographer$FrameDisplayEventReceiver.run(Choreographer.java:857)
11-24 18:07:21.590  2249  2249 E Feed    : 	at android.os.Handler.handleCallback(Handler.java:751)
11-24 18:07:21.590  2249  2249 E Feed    : 	at android.os.Handler.dispatchMessage(Handler.java:95)
11-24 18:07:21.590  2249  2249 E Feed    : 	at android.os.Looper.loop(Looper.java:154)
11-24 18:07:21.590  2249  2249 E Feed    : 	at android.app.ActivityThread.main(ActivityThread.java:6077)
11-24 18:07:21.590  2249  2249 E Feed    : 	at java.lang.reflect.Method.invoke(Native Method)
11-24 18:07:21.590  2249  2249 E Feed    : 	at com.android.internal.os.ZygoteInit$MethodAndArgsCaller.run(ZygoteInit.java:865)
11-24 18:07:21.590  2249  2249 E Feed    : 	at com.android.internal.os.ZygoteInit.main(ZygoteInit.java:755)
11-24 18:07:21.746  1238  1259 I Choreographer: Skipped 54 frames!  The application may be doing too much work on its main thread.
11-24 18:07:21.900  1238  1259 I ActivityManager: Displayed br.com.catbag.gifreduxsample/.ui.GifListActivity: +460ms
11-24 18:07:21.929  2249  2249 D LifecycleMonitor: Lifecycle status change: br.com.catbag.gifreduxsample.ui.GifListActivity@b8700a in: STOPPED
11-24 18:07:21.930  2249  2249 D LifecycleMonitor: Lifecycle status change: br.com.catbag.gifreduxsample.ui.GifListActivity@b8700a in: DESTROYED
11-24 18:07:21.981  1683  1683 I Choreographer: Skipped 35 frames!  The application may be doing too much work on its main thread.
11-24 18:07:22.055  1238  1763 I WindowManager: Destroying surface Surface(name=com.android.launcher3/com.android.launcher3.Launcher) called by com.android.server.wm.WindowStateAnimator.destroySurface:2014 com.android.server.wm.WindowStateAnimator.destroySurfaceLocked:881 com.android.server.wm.WindowState.destroyOrSaveSurface:2073 com.android.server.wm.AppWindowToken.destroySurfaces:363 com.android.server.wm.AppWindowToken.notifyAppStopped:389 com.android.server.wm.WindowManagerService.notifyAppStopped:4456 com.android.server.am.ActivityStack.activityStoppedLocked:1252 com.android.server.am.ActivityManagerService.activityStopped:6873 
11-24 18:07:22.076  1238  1477 I WindowManager: Destroying surface Surface(name=br.com.catbag.gifreduxsample/br.com.catbag.gifreduxsample.ui.GifListActivity) called by com.android.server.wm.WindowStateAnimator.destroySurface:2014 com.android.server.wm.WindowStateAnimator.destroySurfaceLocked:881 com.android.server.wm.WindowState.removeLocked:1449 com.android.server.wm.WindowManagerService.removeWindowInnerLocked:2478 com.android.server.wm.WindowManagerService.removeWindowLocked:2436 com.android.server.wm.WindowManagerService.removeWindowLocked:2305 com.android.server.wm.WindowManagerService.removeWindow:2300 com.android.server.wm.Session.remove:193 
11-24 18:07:22.089  2249  2249 I Choreographer: Skipped 45 frames!  The application may be doing too much work on its main thread.
11-24 18:07:22.102  1238  1259 I WindowManager: Destroying surface Surface(name=Starting br.com.catbag.gifreduxsample) called by com.android.server.wm.WindowStateAnimator.destroySurface:2014 com.android.server.wm.WindowStateAnimator.destroySurfaceLocked:881 com.android.server.wm.WindowState.destroyOrSaveSurface:2073 com.android.server.wm.AppWindowToken.destroySurfaces:363 com.android.server.wm.WindowStateAnimator.finishExit:565 com.android.server.wm.WindowStateAnimator.stepAnimationLocked:491 com.android.server.wm.WindowAnimator.updateWindowsLocked:303 com.android.server.wm.WindowAnimator.animateLocked:704 
11-24 18:07:22.158  2249  2249 D LifecycleMonitor: Lifecycle status change: br.com.catbag.gifreduxsample.ui.GifListActivity@8d6c71b in: PAUSED
11-24 18:07:22.177  2249  2264 I TestRunner: finished: whenGifIsWatchedTest(br.com.catbag.gifreduxsample.ui.giflist.GifListActivityTest)
11-24 18:07:22.209   979   979 D gralloc : Registering a buffer in the process that created it. This may cause memory ordering problems.
11-24 18:07:22.210   979   979 E libEGL  : called unimplemented OpenGL ES API
11-24 18:07:22.210   979   979 E SurfaceFlinger: glCheckFramebufferStatusOES error -158841997
11-24 18:07:22.210   979   979 E SurfaceFlinger: got GL_FRAMEBUFFER_COMPLETE_OES error while taking screenshot
11-24 18:07:22.212  1238  1477 W WindowManager: Screenshot failure taking screenshot for (480x800) to layer 22005
11-24 18:07:22.257  2249  2249 I MonitoringInstrumentation: Activities that are still in CREATED to STOPPED: 1
11-24 18:07:22.258  2249  2264 I TestRunner: started: whenScrollUpAndPlayFirstItemTest(br.com.catbag.gifreduxsample.ui.giflist.GifListActivityTest)
11-24 18:07:22.260  2249  2249 I MonitoringInstrumentation: Activities that are still in CREATED to STOPPED: 1
11-24 18:07:22.365  2249  2265 I DroidFlux:Dispatcher: [STARTED] dispatch of action [FAKE_REDUCE_ACTION]
11-24 18:07:22.366  2249  2265 I DroidFlux:Dispatcher: [COMPLETED] dispatch of action [FAKE_REDUCE_ACTION]
