11-26 12:27:16.724  1238  1252 W art     : Long monitor contention with owner Binder:1238_1 (1249) at int com.android.server.am.ActivityStarter.startActivityMayWait(android.app.IApplicationThread, int, java.lang.String, android.content.Intent, java.lang.String, android.service.voice.IVoiceInteractionSession, com.android.internal.app.IVoiceInteractor, android.os.IBinder, java.lang.String, int, int, android.app.ProfilerInfo, android.app.IActivityManager$WaitResult, android.content.res.Configuration, android.os.Bundle, boolean, int, android.app.IActivityContainer, com.android.server.am.TaskRecord)(ActivityStarter.java:725) waiters=0 in void com.android.server.am.ActivityManagerService$MainHandler.handleMessage(android.os.Message) for 116ms
11-26 12:27:16.807  2237  2237 D LifecycleMonitor: Lifecycle status change: br.com.catbag.gifreduxsample.ui.GifListActivity@2106a05 in: PRE_ON_CREATE
11-26 12:27:16.873  1238  1259 I Choreographer: Skipped 59 frames!  The application may be doing too much work on its main thread.
11-26 12:27:16.879  2237  2237 D LifecycleMonitor: Lifecycle status change: br.com.catbag.gifreduxsample.ui.GifListActivity@2106a05 in: CREATED
11-26 12:27:16.880  2237  2254 I DroidFlux:Dispatcher: [STARTED] dispatch of action [APP_STATE_LOAD]
11-26 12:27:16.881  2237  2254 D DroidFlux:Dispatcher: An action of type [APP_STATE_LOAD] was dispatched, but no reducer handled it
11-26 12:27:16.881  2237  2254 I DroidFlux:Dispatcher: [COMPLETED] dispatch of action [APP_STATE_LOAD]
11-26 12:27:16.881  2237  2237 D LifecycleMonitor: Lifecycle status change: br.com.catbag.gifreduxsample.ui.GifListActivity@2106a05 in: STARTED
11-26 12:27:16.883  2237  2237 D LifecycleMonitor: Lifecycle status change: br.com.catbag.gifreduxsample.ui.GifListActivity@2106a05 in: RESUMED
11-26 12:27:16.937  1238  1259 I WindowManager: Destroying surface Surface(name=Starting br.com.catbag.gifreduxsample) called by com.android.server.wm.WindowStateAnimator.destroySurface:2014 com.android.server.wm.WindowStateAnimator.destroySurfaceLocked:881 com.android.server.wm.WindowState.removeLocked:1449 com.android.server.wm.WindowManagerService.removeWindowInnerLocked:2478 com.android.server.wm.AppWindowToken.destroySurfaces:365 com.android.server.wm.WindowStateAnimator.finishExit:565 com.android.server.wm.AppWindowAnimator.stepAnimationLocked:427 com.android.server.wm.WindowAnimator.updateAppWindowsLocked:176 
11-26 12:27:16.970  2237  2237 D LifecycleMonitor: Lifecycle status change: br.com.catbag.gifreduxsample.ui.GifListActivity@8a1a087 in: STOPPED
11-26 12:27:16.970  2237  2237 D LifecycleMonitor: Lifecycle status change: br.com.catbag.gifreduxsample.ui.GifListActivity@8a1a087 in: DESTROYED
11-26 12:27:16.991  1238  1667 I WindowManager: Destroying surface Surface(name=br.com.catbag.gifreduxsample/br.com.catbag.gifreduxsample.ui.GifListActivity) called by com.android.server.wm.WindowStateAnimator.destroySurface:2014 com.android.server.wm.WindowStateAnimator.destroySurfaceLocked:881 com.android.server.wm.WindowState.removeLocked:1449 com.android.server.wm.WindowManagerService.removeWindowInnerLocked:2478 com.android.server.wm.WindowManagerService.removeWindowLocked:2436 com.android.server.wm.WindowManagerService.removeWindowLocked:2305 com.android.server.wm.WindowManagerService.removeWindow:2300 com.android.server.wm.Session.remove:193 
11-26 12:27:17.021  2237  2237 D LifecycleMonitor: Lifecycle status change: br.com.catbag.gifreduxsample.ui.GifListActivity@b848390 in: STOPPED
11-26 12:27:17.029  2237  2237 D LifecycleMonitor: Lifecycle status change: br.com.catbag.gifreduxsample.ui.GifListActivity@b848390 in: DESTROYED
11-26 12:27:17.049  1238  1249 I WindowManager: Destroying surface Surface(name=br.com.catbag.gifreduxsample/br.com.catbag.gifreduxsample.ui.GifListActivity) called by com.android.server.wm.WindowStateAnimator.destroySurface:2014 com.android.server.wm.WindowStateAnimator.destroySurfaceLocked:881 com.android.server.wm.WindowState.removeLocked:1449 com.android.server.wm.WindowManagerService.removeWindowInnerLocked:2478 com.android.server.wm.WindowManagerService.removeWindowLocked:2436 com.android.server.wm.WindowManagerService.removeWindowLocked:2305 com.android.server.wm.WindowManagerService.removeWindow:2300 com.android.server.wm.Session.remove:193 
11-26 12:27:17.061  2237  2237 I Choreographer: Skipped 47 frames!  The application may be doing too much work on its main thread.
11-26 12:27:17.087  1721  1721 I Choreographer: Skipped 56 frames!  The application may be doing too much work on its main thread.
11-26 12:27:17.178  1238  1259 I ActivityManager: Displayed br.com.catbag.gifreduxsample/.ui.GifListActivity: +414ms (total +1s312ms)
11-26 12:27:17.191  2237  2237 D LifecycleMonitor: Lifecycle status change: br.com.catbag.gifreduxsample.ui.GifListActivity@2106a05 in: PAUSED
11-26 12:27:17.226  2237  2253 I TestRunner: finished: whenGifDownloadFailTest(br.com.catbag.gifreduxsample.ui.giflist.GifListActivityTest)
11-26 12:27:17.254   979   979 D gralloc : Registering a buffer in the process that created it. This may cause memory ordering problems.
11-26 12:27:17.254   979   979 E libEGL  : called unimplemented OpenGL ES API
11-26 12:27:17.255   979   979 E SurfaceFlinger: glCheckFramebufferStatusOES error 826700772
11-26 12:27:17.255   979   979 E SurfaceFlinger: got GL_FRAMEBUFFER_COMPLETE_OES error while taking screenshot
11-26 12:27:17.256  1238  1667 W WindowManager: Screenshot failure taking screenshot for (480x800) to layer 22010
11-26 12:27:17.416  1238  1259 I WindowManager: Destroying surface Surface(name=Starting br.com.catbag.gifreduxsample) called by com.android.server.wm.WindowStateAnimator.destroySurface:2014 com.android.server.wm.WindowStateAnimator.destroySurfaceLocked:881 com.android.server.wm.WindowState.removeLocked:1449 com.android.server.wm.WindowManagerService.removeWindowInnerLocked:2478 com.android.server.wm.AppWindowToken.destroySurfaces:365 com.android.server.wm.WindowStateAnimator.finishExit:565 com.android.server.wm.WindowStateAnimator.stepAnimationLocked:491 com.android.server.wm.WindowAnimator.updateWindowsLocked:303 
11-26 12:27:17.454  1238  1252 W art     : Long monitor contention with owner Binder:1238_8 (1667) at void com.android.server.am.ActivityManagerService.activityPaused(android.os.IBinder)(ActivityManagerService.java:6849) waiters=0 in void com.android.server.am.ActivityStackSupervisor$ActivityStackSupervisorHandler.activityIdleInternal(com.android.server.am.ActivityRecord) for 257ms
11-26 12:27:17.456  2237  2237 I MonitoringInstrumentation: Activities that are still in CREATED to STOPPED: 1
11-26 12:27:17.457  2237  2253 I TestRunner: started: whenDefaultGifsAreLoaded(br.com.catbag.gifreduxsample.ui.giflist.GifListActivityTest)
11-26 12:27:17.458  1238  1463 W art     : Long monitor contention with owner Binder:1238_8 (1667) at void com.android.server.am.ActivityManagerService.activityPaused(android.os.IBinder)(ActivityManagerService.java:6849) waiters=2 in void com.android.server.am.ActivityManagerService.activityStopped(android.os.IBinder, android.os.Bundle, android.os.PersistableBundle, java.lang.CharSequence) for 216ms
11-26 12:27:17.460  1238  1463 I ActivityManager: Activity reported stop, but no longer stopping: ActivityRecord{72a6b4f u0 com.android.launcher3/.Launcher t3}
11-26 12:27:17.461  1238  1664 W art     : Long monitor contention with owner Binder:1238_8 (1667) at void com.android.server.am.ActivityManagerService.activityPaused(android.os.IBinder)(ActivityManagerService.java:6849) waiters=3 in android.app.ActivityOptions com.android.server.am.ActivityManagerService.getActivityOptions(android.os.IBinder) for 199ms
11-26 12:27:17.462  1238  1322 W art     : Long monitor contention with owner Binder:1238_8 (1667) at void com.android.server.am.ActivityManagerService.activityPaused(android.os.IBinder)(ActivityManagerService.java:6849) waiters=4 in void com.android.server.am.TaskPersister$LazyTaskWriterThread.run() for 163ms
11-26 12:27:17.470  1721  1721 I Choreographer: Skipped 55 frames!  The application may be doing too much work on its main thread.
11-26 12:27:17.471  1238  1668 D WindowManager: relayoutVisibleWindow: Window{3958a48 u0 com.android.launcher3/com.android.launcher3.Launcher EXITING} mAnimatingExit=true, mRemoveOnExit=false, mDestroying=false
11-26 12:27:17.549  2237  2237 I MonitoringInstrumentation: Activities that are still in CREATED to STOPPED: 1
11-26 12:27:17.712  1721  1721 I Choreographer: Skipped 43 frames!  The application may be doing too much work on its main thread.
11-26 12:27:17.749  2237  2254 I DroidFlux:Dispatcher: [STARTED] dispatch of action [FAKE_REDUCE_ACTION]
11-26 12:27:17.750  2237  2254 I DroidFlux:Dispatcher: [COMPLETED] dispatch of action [FAKE_REDUCE_ACTION]
11-26 12:27:17.810  2237  2237 D LifecycleMonitor: Lifecycle status change: br.com.catbag.gifreduxsample.ui.GifListActivity@2106a05 in: STOPPED
11-26 12:27:17.810  2237  2237 D LifecycleMonitor: Lifecycle status change: br.com.catbag.gifreduxsample.ui.GifListActivity@2106a05 in: DESTROYED
11-26 12:27:17.920  1238  1259 I WindowManager: Destroying surface Surface(name=br.com.catbag.gifreduxsample/br.com.catbag.gifreduxsample.ui.GifListActivity) called by com.android.server.wm.WindowStateAnimator.destroySurface:2014 com.android.server.wm.WindowStateAnimator.destroySurfaceLocked:881 com.android.server.wm.WindowState.destroyOrSaveSurface:2073 com.android.server.wm.AppWindowToken.destroySurfaces:363 com.android.server.wm.WindowStateAnimator.finishExit:565 com.android.server.wm.AppWindowAnimator.stepAnimationLocked:427 com.android.server.wm.WindowAnimator.updateAppWindowsLocked:196 com.android.server.wm.WindowAnimator.animateLocked:678 
11-26 12:27:18.184  2300  2300 W dex2oat : Unexpected CPU variant for X86 using defaults: x86
11-26 12:27:18.184  2300  2300 W dex2oat : Mismatch between dex2oat instruction set features (ISA: X86 Feature string: smp,-ssse3,-sse4.1,-sse4.2,-avx,-avx2,-lock_add,-popcnt) and those of dex2oat executable (ISA: X86 Feature string: smp,ssse3,-sse4.1,-sse4.2,-avx,-avx2,-lock_add,-popcnt) for the command line:
11-26 12:27:18.184  2300  2300 W dex2oat : /system/bin/dex2oat --runtime-arg -classpath --runtime-arg & --debuggable --instruction-set=x86 --instruction-set-features=smp,ssse3,-sse4.1,-sse4.2,-avx,-avx2,-lock_add,-popcnt --runtime-arg -Xrelocate --boot-image=/system/framework/boot.art --runtime-arg -Xms64m --runtime-arg -Xmx512m --instruction-set-variant=x86 --instruction-set-features=default --dex-file=/data/user/0/br.com.catbag.gifreduxsample/app_dxmaker_cache/Generated_1514457007.jar --oat-fd=62 --oat-location=/data/user/0/br.com.catbag.gifreduxsample/app_dxmaker_cache/Generated_1514457007.dex --compiler-filter=speed
11-26 12:27:18.185  2300  2300 I dex2oat : /system/bin/dex2oat --debuggable --dex-file=/data/user/0/br.com.catbag.gifreduxsample/app_dxmaker_cache/Generated_1514457007.jar --oat-fd=62 --oat-location=/data/user/0/br.com.catbag.gifreduxsample/app_dxmaker_cache/Generated_1514457007.dex --compiler-filter=speed
11-26 12:27:18.340  2300  2300 I dex2oat : dex2oat took 156.804ms (threads: 1) arena alloc=47KB (48256B) java alloc=28KB (28768B) native alloc=788KB (807912B) free=747KB (764952B)
11-26 12:27:18.368  2237  2299 D ActivityTestRule: Launching activity br.com.catbag.gifreduxsample.ui.GifListActivity
11-26 12:27:18.373  2237  2302 D MonitoringInstrumentation: execStartActivity(context, ibinder, ibinder, activity, intent, int, bundle
11-26 12:27:18.378  1238  1629 I ActivityManager: START u0 {flg=0x10000000 cmp=br.com.catbag.gifreduxsample/.ui.GifListActivity} from uid 10060 on display 0
11-26 12:27:18.437  2237  2237 D LifecycleMonitor: Lifecycle status change: br.com.catbag.gifreduxsample.ui.GifListActivity@85abb55 in: PRE_ON_CREATE
11-26 12:27:18.458  2237  2237 D LifecycleMonitor: Lifecycle status change: br.com.catbag.gifreduxsample.ui.GifListActivity@85abb55 in: CREATED
11-26 12:27:18.466  2237  2237 D LifecycleMonitor: Lifecycle status change: br.com.catbag.gifreduxsample.ui.GifListActivity@85abb55 in: STARTED
11-26 12:27:18.467  2237  2254 I DroidFlux:Dispatcher: [STARTED] dispatch of action [APP_STATE_LOAD]
11-26 12:27:18.468  2237  2254 D DroidFlux:Dispatcher: An action of type [APP_STATE_LOAD] was dispatched, but no reducer handled it
11-26 12:27:18.468  2237  2254 I DroidFlux:Dispatcher: [COMPLETED] dispatch of action [APP_STATE_LOAD]
11-26 12:27:18.469  2237  2237 D LifecycleMonitor: Lifecycle status change: br.com.catbag.gifreduxsample.ui.GifListActivity@85abb55 in: RESUMED
11-26 12:27:18.658  2237  2254 I DroidFlux:Dispatcher: [STARTED] dispatch of action [APP_STATE_LOADED]
11-26 12:27:18.660  2237  2254 I DroidFlux:Dispatcher: [COMPLETED] dispatch of action [APP_STATE_LOADED]
11-26 12:27:18.689  2237  2303 E DataManager: appstate not loaded
11-26 12:27:18.689  2237  2303 E DataManager: com.snappydb.SnappydbException: Failed to get a String: NotFound: 
11-26 12:27:18.689  2237  2303 E DataManager: 	at com.snappydb.internal.DBImpl.__get(Native Method)
11-26 12:27:18.689  2237  2303 E DataManager: 	at com.snappydb.internal.DBImpl.get(DBImpl.java:348)
11-26 12:27:18.689  2237  2303 E DataManager: 	at br.com.catbag.gifreduxsample.asyncs.data.storage.Database.getAppState(Database.java:29)
11-26 12:27:18.689  2237  2303 E DataManager: 	at br.com.catbag.gifreduxsample.asyncs.data.DataManager.lambda$loadAppState$0(DataManager.java:61)
11-26 12:27:18.689  2237  2303 E DataManager: 	at br.com.catbag.gifreduxsample.asyncs.data.DataManager$$Lambda$1.run(Unknown Source)
11-26 12:27:18.689  2237  2303 E DataManager: 	at java.lang.Thread.run(Thread.java:761)
11-26 12:27:18.699  2237  2254 I DroidFlux:Dispatcher: [STARTED] dispatch of action [GIF_LIST_FETCHING]
11-26 12:27:18.699  2237  2254 D DroidFlux:Dispatcher: An action of type [GIF_LIST_FETCHING] was dispatched, but no reducer handled it
11-26 12:27:18.699  2237  2254 I DroidFlux:Dispatcher: [COMPLETED] dispatch of action [GIF_LIST_FETCHING]
11-26 12:27:18.699  2237  2254 I DroidFlux:Dispatcher: [STARTED] dispatch of action [GIF_LIST_FETCHING]
11-26 12:27:18.700  2237  2254 D DroidFlux:Dispatcher: An action of type [GIF_LIST_FETCHING] was dispatched, but no reducer handled it
11-26 12:27:18.700  2237  2254 I DroidFlux:Dispatcher: [COMPLETED] dispatch of action [GIF_LIST_FETCHING]
11-26 12:27:18.728  1238  1259 I ActivityManager: Displayed br.com.catbag.gifreduxsample/.ui.GifListActivity: +323ms
11-26 12:27:18.763  2237  2237 W ResourceType: No package identifier when getting name for resource number 0x000000fe
11-26 12:27:18.823  2237  2237 D LifecycleMonitor: Lifecycle status change: br.com.catbag.gifreduxsample.ui.GifListActivity@85abb55 in: PAUSED
11-26 12:27:18.832  2237  2253 I TestRunner: finished: whenDefaultGifsAreLoaded(br.com.catbag.gifreduxsample.ui.giflist.GifListActivityTest)
11-26 12:27:18.881   979   979 D gralloc : Registering a buffer in the process that created it. This may cause memory ordering problems.
11-26 12:27:18.881   979   979 E libEGL  : called unimplemented OpenGL ES API
11-26 12:27:18.881   979   979 E SurfaceFlinger: glCheckFramebufferStatusOES error 826700772
11-26 12:27:18.881   979   979 E SurfaceFlinger: got GL_FRAMEBUFFER_COMPLETE_OES error while taking screenshot
11-26 12:27:18.883  1238  1667 W WindowManager: Screenshot failure taking screenshot for (480x800) to layer 22015
11-26 12:27:18.905  1238  1669 D WindowManager: relayoutVisibleWindow: Window{3958a48 u0 com.android.launcher3/com.android.launcher3.Launcher EXITING} mAnimatingExit=true, mRemoveOnExit=false, mDestroying=false
11-26 12:27:18.946  2237  2237 I MonitoringInstrumentation: Activities that are still in CREATED to STOPPED: 1
11-26 12:27:18.948  2237  2253 I TestRunner: started: whenPauseGifTest(br.com.catbag.gifreduxsample.ui.giflist.GifListActivityTest)
11-26 12:27:19.003  1238  1259 I WindowManager: Destroying surface Surface(name=Starting br.com.catbag.gifreduxsample) called by com.android.server.wm.WindowStateAnimator.destroySurface:2014 com.android.server.wm.WindowStateAnimator.destroySurfaceLocked:881 com.android.server.wm.WindowState.removeLocked:1449 com.android.server.wm.WindowManagerService.removeWindowInnerLocked:2478 com.android.server.wm.AppWindowToken.destroySurfaces:365 com.android.server.wm.WindowStateAnimator.finishExit:565 com.android.server.wm.WindowStateAnimator.stepAnimationLocked:491 com.android.server.wm.WindowAnimator.updateWindowsLocked:303 
11-26 12:27:19.029  2237  2248 I art     : Background sticky concurrent mark sweep GC freed 48844(2MB) AllocSpace objects, 6(128KB) LOS objects, 15% free, 13MB/16MB, paused 14.157ms total 276.011ms
11-26 12:27:19.050  2237  2237 I MonitoringInstrumentation: Activities that are still in CREATED to STOPPED: 1
11-26 12:27:19.112  2237  2254 I DroidFlux:Dispatcher: [STARTED] dispatch of action [FAKE_REDUCE_ACTION]
11-26 12:27:19.113  2237  2254 I DroidFlux:Dispatcher: [COMPLETED] dispatch of action [FAKE_REDUCE_ACTION]
11-26 12:27:19.143  2237  2305 D ActivityTestRule: Launching activity br.com.catbag.gifreduxsample.ui.GifListActivity
11-26 12:27:19.148  2237  2306 D MonitoringInstrumentation: execStartActivity(context, ibinder, ibinder, activity, intent, int, bundle
11-26 12:27:19.189  1238  1464 I ActivityManager: START u0 {flg=0x10000000 cmp=br.com.catbag.gifreduxsample/.ui.GifListActivity} from uid 10060 on display 0
11-26 12:27:19.250  2237  2237 D LifecycleMonitor: Lifecycle status change: br.com.catbag.gifreduxsample.ui.GifListActivity@8873c59 in: PRE_ON_CREATE
11-26 12:27:19.257  2237  2237 D LifecycleMonitor: Lifecycle status change: br.com.catbag.gifreduxsample.ui.GifListActivity@8873c59 in: CREATED
11-26 12:27:19.258  2237  2237 D LifecycleMonitor: Lifecycle status change: br.com.catbag.gifreduxsample.ui.GifListActivity@8873c59 in: STARTED
11-26 12:27:19.259  2237  2254 I DroidFlux:Dispatcher: [STARTED] dispatch of action [APP_STATE_LOAD]
11-26 12:27:19.260  2237  2254 D DroidFlux:Dispatcher: An action of type [APP_STATE_LOAD] was dispatched, but no reducer handled it
11-26 12:27:19.260  2237  2254 I DroidFlux:Dispatcher: [COMPLETED] dispatch of action [APP_STATE_LOAD]
11-26 12:27:19.283  2237  2237 D LifecycleMonitor: Lifecycle status change: br.com.catbag.gifreduxsample.ui.GifListActivity@8873c59 in: RESUMED
11-26 12:27:19.399  1238  1259 I Choreographer: Skipped 34 frames!  The application may be doing too much work on its main thread.
11-26 12:27:19.446  2237  2237 W IInputConnectionWrapper: reportFullscreenMode on inexistent InputConnection
11-26 12:27:19.610  1238  1259 I ActivityManager: Displayed br.com.catbag.gifreduxsample/.ui.GifListActivity: +379ms
11-26 12:27:19.647  2237  2237 I ViewInteraction: Performing 'single click' action on view with id: br.com.catbag.gifreduxsample:id/gif_image
11-26 12:27:19.762  2237  2254 I DroidFlux:Dispatcher: [STARTED] dispatch of action [GIF_PAUSE]
11-26 12:27:19.763  2237  2254 I DroidFlux:Dispatcher: [COMPLETED] dispatch of action [GIF_PAUSE]
11-26 12:27:19.769   992  1028 D AudioFlinger: mixer(0xb2c837c0) throttle end: throttle time(11)
11-26 12:27:19.789   992  1028 D AudioFlinger: mixer(0xb2c837c0) throttle end: throttle time(11)
11-26 12:27:19.804  1238  1259 I WindowManager: Destroying surface Surface(name=Starting br.com.catbag.gifreduxsample) called by com.android.server.wm.WindowStateAnimator.destroySurface:2014 com.android.server.wm.WindowStateAnimator.destroySurfaceLocked:881 com.android.server.wm.WindowState.destroyOrSaveSurface:2073 com.android.server.wm.AppWindowToken.destroySurfaces:363 com.android.server.wm.WindowStateAnimator.finishExit:565 com.android.server.wm.WindowStateAnimator.stepAnimationLocked:491 com.android.server.wm.WindowAnimator.updateWindowsLocked:303 com.android.server.wm.WindowAnimator.animateLocked:704 
11-26 12:27:20.240  2237  2237 D LifecycleMonitor: Lifecycle status change: br.com.catbag.gifreduxsample.ui.GifListActivity@85abb55 in: STOPPED
11-26 12:27:20.240  2237  2237 D LifecycleMonitor: Lifecycle status change: br.com.catbag.gifreduxsample.ui.GifListActivity@85abb55 in: DESTROYED
11-26 12:27:20.243  1238  1664 I WindowManager: Destroying surface Surface(name=br.com.catbag.gifreduxsample/br.com.catbag.gifreduxsample.ui.GifListActivity) called by com.android.server.wm.WindowStateAnimator.destroySurface:2014 com.android.server.wm.WindowStateAnimator.destroySurfaceLocked:881 com.android.server.wm.WindowState.removeLocked:1449 com.android.server.wm.WindowManagerService.removeWindowInnerLocked:2478 com.android.server.wm.WindowManagerService.removeWindowLocked:2436 com.android.server.wm.WindowManagerService.removeWindowLocked:2305 com.android.server.wm.WindowManagerService.removeWindow:2300 com.android.server.wm.Session.remove:193 
11-26 12:27:20.311  1238  1667 I WindowManager: Destroying surface Surface(name=com.android.launcher3/com.android.launcher3.Launcher) called by com.android.server.wm.WindowStateAnimator.destroySurface:2014 com.android.server.wm.WindowStateAnimator.destroySurfaceLocked:881 com.android.server.wm.WindowState.destroyOrSaveSurface:2073 com.android.server.wm.AppWindowToken.destroySurfaces:363 com.android.server.wm.AppWindowToken.notifyAppStopped:389 com.android.server.wm.WindowManagerService.notifyAppStopped:4456 com.android.server.am.ActivityStack.activityStoppedLocked:1252 com.android.server.am.ActivityManagerService.activityStopped:6873 
11-26 12:27:20.378  2237  2237 D LifecycleMonitor: Lifecycle status change: br.com.catbag.gifreduxsample.ui.GifListActivity@8873c59 in: PAUSED
11-26 12:27:20.397  2237  2253 I TestRunner: finished: whenPauseGifTest(br.com.catbag.gifreduxsample.ui.giflist.GifListActivityTest)
11-26 12:27:20.468   979   979 D gralloc : Registering a buffer in the process that created it. This may cause memory ordering problems.
11-26 12:27:20.468   979   979 E libEGL  : called unimplemented OpenGL ES API
11-26 12:27:20.469   979   979 E SurfaceFlinger: glCheckFramebufferStatusOES error 826700772
11-26 12:27:20.469   979   979 E SurfaceFlinger: got GL_FRAMEBUFFER_COMPLETE_OES error while taking screenshot
11-26 12:27:20.477  1238  1249 W WindowManager: Screenshot failure taking screenshot for (480x800) to layer 21005
11-26 12:27:20.498  2237  2237 I MonitoringInstrumentation: Activities that are still in CREATED to STOPPED: 1
11-26 12:27:20.499  2237  2253 I TestRunner: started: whenLoadMultipleGifsOnAppStateTest(br.com.catbag.gifreduxsample.ui.giflist.GifListActivityTest)
11-26 12:27:20.508  2237  2237 I MonitoringInstrumentation: Activities that are still in CREATED to STOPPED: 1
11-26 12:27:20.540  2237  2254 I DroidFlux:Dispatcher: [STARTED] dispatch of action [FAKE_REDUCE_ACTION]
11-26 12:27:20.540  2237  2254 I DroidFlux:Dispatcher: [COMPLETED] dispatch of action [FAKE_REDUCE_ACTION]
11-26 12:27:20.566  2237  2307 D ActivityTestRule: Launching activity br.com.catbag.gifreduxsample.ui.GifListActivity
11-26 12:27:20.578  2237  2308 D MonitoringInstrumentation: execStartActivity(context, ibinder, ibinder, activity, intent, int, bundle
11-26 12:27:20.579  1238  1250 I ActivityManager: START u0 {flg=0x10000000 cmp=br.com.catbag.gifreduxsample/.ui.GifListActivity} from uid 10060 on display 0
11-26 12:27:20.660  2237  2237 D LifecycleMonitor: Lifecycle status change: br.com.catbag.gifreduxsample.ui.GifListActivity@b0ab871 in: PRE_ON_CREATE
11-26 12:27:20.717  2237  2237 D LifecycleMonitor: Lifecycle status change: br.com.catbag.gifreduxsample.ui.GifListActivity@b0ab871 in: CREATED
11-26 12:27:20.718  2237  2254 I DroidFlux:Dispatcher: [STARTED] dispatch of action [APP_STATE_LOAD]
11-26 12:27:20.719  2237  2237 D LifecycleMonitor: Lifecycle status change: br.com.catbag.gifreduxsample.ui.GifListActivity@b0ab871 in: STARTED
11-26 12:27:20.722  2237  2237 D LifecycleMonitor: Lifecycle status change: br.com.catbag.gifreduxsample.ui.GifListActivity@b0ab871 in: RESUMED
11-26 12:27:20.750  2237  2254 D DroidFlux:Dispatcher: An action of type [APP_STATE_LOAD] was dispatched, but no reducer handled it
11-26 12:27:20.750  2237  2254 I DroidFlux:Dispatcher: [COMPLETED] dispatch of action [APP_STATE_LOAD]
11-26 12:27:20.829  2237  2237 D LifecycleMonitor: Lifecycle status change: br.com.catbag.gifreduxsample.ui.GifListActivity@8873c59 in: STOPPED
11-26 12:27:20.829  2237  2237 D LifecycleMonitor: Lifecycle status change: br.com.catbag.gifreduxsample.ui.GifListActivity@8873c59 in: DESTROYED
11-26 12:27:20.877  1238  1259 I ActivityManager: Displayed br.com.catbag.gifreduxsample/.ui.GifListActivity: +251ms
11-26 12:27:20.890  2237  2237 W ResourceType: No package identifier when getting name for resource number 0x00000108
11-26 12:27:20.891  2237  2237 I ViewInteraction: Performing 'scroll RecyclerView to position: 2' action on view with id: 264 (resource name not found)
11-26 12:27:20.976  1238  1629 I WindowManager: Destroying surface Surface(name=com.android.launcher3/com.android.launcher3.Launcher) called by com.android.server.wm.WindowStateAnimator.destroySurface:2014 com.android.server.wm.WindowStateAnimator.destroySurfaceLocked:881 com.android.server.wm.WindowState.destroyOrSaveSurface:2073 com.android.server.wm.AppWindowToken.destroySurfaces:363 com.android.server.wm.AppWindowToken.notifyAppStopped:389 com.android.server.wm.WindowManagerService.notifyAppStopped:4456 com.android.server.am.ActivityStack.activityStoppedLocked:1252 com.android.server.am.ActivityManagerService.activityStopped:6873 
11-26 12:27:21.101  1238  1259 I WindowManager: Destroying surface Surface(name=Starting br.com.catbag.gifreduxsample) called by com.android.server.wm.WindowStateAnimator.destroySurface:2014 com.android.server.wm.WindowStateAnimator.destroySurfaceLocked:881 com.android.server.wm.WindowState.destroyOrSaveSurface:2073 com.android.server.wm.AppWindowToken.destroySurfaces:363 com.android.server.wm.WindowStateAnimator.finishExit:565 com.android.server.wm.WindowStateAnimator.stepAnimationLocked:491 com.android.server.wm.WindowAnimator.updateWindowsLocked:303 com.android.server.wm.WindowAnimator.animateLocked:704 
11-26 12:27:21.151  1238  1259 I WindowManager: Destroying surface Surface(name=br.com.catbag.gifreduxsample/br.com.catbag.gifreduxsample.ui.GifListActivity) called by com.android.server.wm.WindowStateAnimator.destroySurface:2014 com.android.server.wm.WindowStateAnimator.destroySurfaceLocked:881 com.android.server.wm.WindowState.removeLocked:1449 com.android.server.wm.WindowManagerService.removeWindowInnerLocked:2478 com.android.server.wm.AppWindowToken.destroySurfaces:365 com.android.server.wm.WindowStateAnimator.finishExit:565 com.android.server.wm.AppWindowAnimator.stepAnimationLocked:427 com.android.server.wm.WindowAnimator.updateAppWindowsLocked:196 
11-26 12:27:21.232  2237  2237 W ResourceType: No package identifier when getting name for resource number 0x00000108
11-26 12:27:21.262  2237  2237 W ResourceType: No package identifier when getting name for resource number 0x0000010f
11-26 12:27:21.262  2237  2237 I ViewInteraction: Performing 'scroll RecyclerView to position: 3' action on view with id: 271 (resource name not found)
11-26 12:27:21.562  2237  2237 W ResourceType: No package identifier when getting name for resource number 0x0000010f
11-26 12:27:21.604  2237  2237 W ResourceType: No package identifier when getting name for resource number 0x00000116
11-26 12:27:21.604  2237  2237 I ViewInteraction: Performing 'scroll RecyclerView to position: 4' action on view with id: 278 (resource name not found)
11-26 12:27:21.669  2237  2248 I art     : Background partial concurrent mark sweep GC freed 17511(1192KB) AllocSpace objects, 4(80KB) LOS objects, 20% free, 15MB/19MB, paused 5.719ms total 103.803ms
11-26 12:27:21.893  2237  2237 W ResourceType: No package identifier when getting name for resource number 0x00000116
11-26 12:27:21.906  2237  2237 W ResourceType: No package identifier when getting name for resource number 0x0000011d
11-26 12:27:21.906  2237  2237 I ViewInteraction: Performing 'scroll RecyclerView to position: 5' action on view with id: 285 (resource name not found)
11-26 12:27:22.192  2237  2237 W ResourceType: No package identifier when getting name for resource number 0x0000011d
11-26 12:27:22.203  1238  1322 E TaskPersister: File error accessing recents directory (directory doesn't exist?).
11-26 12:27:22.207  2237  2237 W ResourceType: No package identifier when getting name for resource number 0x00000124
11-26 12:27:22.207  2237  2237 I ViewInteraction: Performing 'scroll RecyclerView to position: 6' action on view with id: 292 (resource name not found)
11-26 12:27:22.215  2237  2254 I DroidFlux:Dispatcher: [STARTED] dispatch of action [GIF_LIST_FETCHING]
11-26 12:27:22.215  2237  2254 D DroidFlux:Dispatcher: An action of type [GIF_LIST_FETCHING] was dispatched, but no reducer handled it
11-26 12:27:22.216  2237  2254 I DroidFlux:Dispatcher: [COMPLETED] dispatch of action [GIF_LIST_FETCHING]
11-26 12:27:22.492  2237  2237 W ResourceType: No package identifier when getting name for resource number 0x00000124
11-26 12:27:22.500  2237  2237 W ResourceType: No package identifier when getting name for resource number 0x0000012b
11-26 12:27:22.500  2237  2237 I ViewInteraction: Performing 'scroll RecyclerView to position: 7' action on view with id: 299 (resource name not found)
11-26 12:27:22.782  2237  2237 W ResourceType: No package identifier when getting name for resource number 0x0000012b
11-26 12:27:22.797  2237  2237 W ResourceType: No package identifier when getting name for resource number 0x00000132
11-26 12:27:22.797  2237  2237 I ViewInteraction: Performing 'scroll RecyclerView to position: 8' action on view with id: 306 (resource name not found)
11-26 12:27:23.092  2237  2237 W ResourceType: No package identifier when getting name for resource number 0x00000132
11-26 12:27:23.104  2237  2237 W ResourceType: No package identifier when getting name for resource number 0x00000139
11-26 12:27:23.105  2237  2237 I ViewInteraction: Performing 'scroll RecyclerView to position: 9' action on view with id: 313 (resource name not found)
11-26 12:27:23.392  2237  2237 W ResourceType: No package identifier when getting name for resource number 0x00000139
11-26 12:27:23.430  2237  2237 D LifecycleMonitor: Lifecycle status change: br.com.catbag.gifreduxsample.ui.GifListActivity@b0ab871 in: PAUSED
11-26 12:27:23.442  2237  2253 I TestRunner: finished: whenLoadMultipleGifsOnAppStateTest(br.com.catbag.gifreduxsample.ui.giflist.GifListActivityTest)
11-26 12:27:23.486   979   979 D gralloc : Registering a buffer in the process that created it. This may cause memory ordering problems.
11-26 12:27:23.486   979   979 E libEGL  : called unimplemented OpenGL ES API
11-26 12:27:23.486   979   979 E SurfaceFlinger: glCheckFramebufferStatusOES error 826700772
11-26 12:27:23.486   979   979 E SurfaceFlinger: got GL_FRAMEBUFFER_COMPLETE_OES error while taking screenshot
11-26 12:27:23.493  1238  1463 W WindowManager: Screenshot failure taking screenshot for (480x800) to layer 21005
11-26 12:27:23.510  2237  2237 I MonitoringInstrumentation: Activities that are still in CREATED to STOPPED: 1
11-26 12:27:23.511  2237  2253 I TestRunner: run finished: 20 tests, 0 failed, 0 ignored
11-26 12:27:23.816  1721  1721 I Choreographer: Skipped 38 frames!  The application may be doing too much work on its main thread.
11-26 12:27:23.826  2237  2253 I MonitoringInstrumentation: Unstopped activity count: 1
11-26 12:27:23.827  2237  2237 I MonitoringInstrumentation: Activities that are still in CREATED to STOPPED: 1
11-26 12:27:23.869  2237  2248 I art     : Background sticky concurrent mark sweep GC freed 21845(2MB) AllocSpace objects, 19(404KB) LOS objects, 13% free, 17MB/19MB, paused 48.279ms total 324.638ms
11-26 12:27:23.889  2237  2253 I MonitoringInstrumentation: Unstopped activity count: 1
11-26 12:27:23.949  2237  2253 I MonitoringInstrumentation: Unstopped activity count: 1
11-26 12:27:23.958  2237  2237 D LifecycleMonitor: Lifecycle status change: br.com.catbag.gifreduxsample.ui.GifListActivity@b0ab871 in: STOPPED
11-26 12:27:23.974  2237  2237 D LifecycleMonitor: Lifecycle status change: br.com.catbag.gifreduxsample.ui.GifListActivity@b0ab871 in: DESTROYED
11-26 12:27:24.009  2237  2253 I MonitoringInstrumentation: waitForActivitiesToComplete() took: 182ms
11-26 12:27:24.013  1238  1464 I ActivityManager: Force stopping br.com.catbag.gifreduxsample appid=10060 user=0: finished inst
11-26 12:27:24.013  1238  1464 I ActivityManager: Killing 2237:br.com.catbag.gifreduxsample/u0a60 (adj 0): stop br.com.catbag.gifreduxsample
11-26 12:27:24.040  2227  2227 D AndroidRuntime: Shutting down VM
11-26 12:27:24.101  1238  1275 W InputDispatcher: channel '7089dfe br.com.catbag.gifreduxsample/br.com.catbag.gifreduxsample.ui.GifListActivity (server)' ~ Consumer closed input channel or an error occurred.  events=0x9
11-26 12:27:24.124  1238  1275 E InputDispatcher: channel '7089dfe br.com.catbag.gifreduxsample/br.com.catbag.gifreduxsample.ui.GifListActivity (server)' ~ Channel is unrecoverably broken and will be disposed!
11-26 12:27:24.125  1238  1250 W InputDispatcher: Attempted to unregister already unregistered input channel '7089dfe br.com.catbag.gifreduxsample/br.com.catbag.gifreduxsample.ui.GifListActivity (server)'
11-26 12:27:24.163  1238  1667 I WindowManager: WIN DEATH: Window{7089dfe u0 br.com.catbag.gifreduxsample/br.com.catbag.gifreduxsample.ui.GifListActivity EXITING}
11-26 12:27:24.167  1238  1259 I WindowManager: Destroying surface Surface(name=br.com.catbag.gifreduxsample/br.com.catbag.gifreduxsample.ui.GifListActivity) called by com.android.server.wm.WindowStateAnimator.destroySurface:2014 com.android.server.wm.WindowStateAnimator.destroySurfaceLocked:881 com.android.server.wm.WindowState.removeLocked:1449 com.android.server.wm.WindowManagerService.removeWindowInnerLocked:2478 com.android.server.wm.AppWindowToken.destroySurfaces:365 com.android.server.wm.WindowStateAnimator.finishExit:565 com.android.server.wm.WindowStateAnimator.stepAnimationLocked:491 com.android.server.wm.WindowAnimator.updateWindowsLocked:303 
11-26 12:27:24.374  1238  1248 I art     : Background partial concurrent mark sweep GC freed 30792(2MB) AllocSpace objects, 11(220KB) LOS objects, 33% free, 7MB/10MB, paused 4.264ms total 181.634ms
11-26 12:27:24.824  2319  2319 D AndroidRuntime: >>>>>> START com.android.internal.os.RuntimeInit uid 2000 <<<<<<
11-26 12:27:24.826  2319  2319 D AndroidRuntime: CheckJNI is ON
11-26 12:27:24.874  2319  2319 W art     : Unexpected CPU variant for X86 using defaults: x86
11-26 12:27:24.883  2319  2319 D ICU     : No timezone override file found: /data/misc/zoneinfo/current/icu/icu_tzdata.dat
11-26 12:27:24.912  2319  2319 E memtrack: Couldn't load memtrack module (No such file or directory)
11-26 12:27:24.912  2319  2319 E android.os.Debug: failed to load memtrack module: -2
11-26 12:27:24.913  2319  2319 I Radio-JNI: register_android_hardware_Radio DONE
11-26 12:27:24.935  2319  2319 D AndroidRuntime: Calling main entry com.android.commands.pm.Pm
11-26 12:27:24.982  1238  1252 I ActivityManager: Force stopping br.com.catbag.gifreduxsample.test appid=10061 user=-1: deletePackageX
11-26 12:27:25.100  1238  1264 I art     : Starting a blocking GC Explicit
11-26 12:27:25.150  1238  1264 I art     : Explicit concurrent mark sweep GC freed 18586(977KB) AllocSpace objects, 3(60KB) LOS objects, 33% free, 6MB/10MB, paused 4.245ms total 48.898ms
11-26 12:27:25.169  2319  2319 I art     : System.exit called, status: 0
11-26 12:27:25.169  2319  2319 I AndroidRuntime: VM exiting with result code 0.
11-26 12:27:25.193  1238  1264 I ActivityManager: Force stopping br.com.catbag.gifreduxsample.test appid=10061 user=0: pkg removed
11-26 12:27:25.383  1238  1276 I InputReader: Reconfiguring input devices.  changes=0x00000010
11-26 12:27:25.493  1449  1449 D CarrierSvcBindHelper: No carrier app for: 0
11-26 12:27:25.546  1238  1264 E KernelUidCpuTimeReader: failed to remove uid from uid_cputime module
11-26 12:27:25.546  1238  1264 E KernelUidCpuTimeReader: java.io.FileNotFoundException: /proc/uid_cputime/remove_uid_range (No such file or directory)
11-26 12:27:25.546  1238  1264 E KernelUidCpuTimeReader: 	at java.io.FileOutputStream.open(Native Method)
11-26 12:27:25.546  1238  1264 E KernelUidCpuTimeReader: 	at java.io.FileOutputStream.<init>(FileOutputStream.java:221)
11-26 12:27:25.546  1238  1264 E KernelUidCpuTimeReader: 	at java.io.FileOutputStream.<init>(FileOutputStream.java:108)
11-26 12:27:25.546  1238  1264 E KernelUidCpuTimeReader: 	at java.io.FileWriter.<init>(FileWriter.java:63)
11-26 12:27:25.546  1238  1264 E KernelUidCpuTimeReader: 	at com.android.internal.os.KernelUidCpuTimeReader.removeUid(KernelUidCpuTimeReader.java:158)
11-26 12:27:25.546  1238  1264 E KernelUidCpuTimeReader: 	at com.android.internal.os.BatteryStatsImpl.removeUidStatsLocked(BatteryStatsImpl.java:9805)
11-26 12:27:25.546  1238  1264 E KernelUidCpuTimeReader: 	at com.android.server.am.BatteryStatsService.removeUid(BatteryStatsService.java:291)
11-26 12:27:25.546  1238  1264 E KernelUidCpuTimeReader: 	at com.android.server.am.ActivityManagerService.broadcastIntentLocked(ActivityManagerService.java:17767)
11-26 12:27:25.546  1238  1264 E KernelUidCpuTimeReader: 	at com.android.server.am.ActivityManagerService.broadcastIntent(ActivityManagerService.java:18256)
11-26 12:27:25.546  1238  1264 E KernelUidCpuTimeReader: 	at com.android.server.pm.PackageManagerService$8.run(PackageManagerService.java:11407)
11-26 12:27:25.546  1238  1264 E KernelUidCpuTimeReader: 	at android.os.Handler.handleCallback(Handler.java:751)
11-26 12:27:25.546  1238  1264 E KernelUidCpuTimeReader: 	at android.os.Handler.dispatchMessage(Handler.java:95)
11-26 12:27:25.546  1238  1264 E KernelUidCpuTimeReader: 	at android.os.Looper.loop(Looper.java:154)
11-26 12:27:25.546  1238  1264 E KernelUidCpuTimeReader: 	at android.os.HandlerThread.run(HandlerThread.java:61)
11-26 12:27:25.546  1238  1264 E KernelUidCpuTimeReader: 	at com.android.server.ServiceThread.run(ServiceThread.java:46)
11-26 12:27:25.562  1238  1238 W art     : Long monitor contention with owner PackageManager (1264) at int com.android.server.am.ActivityManagerService.broadcastIntent(android.app.IApplicationThread, android.content.Intent, java.lang.String, android.content.IIntentReceiver, int, java.lang.String, android.os.Bundle, java.lang.String[], int, android.os.Bundle, boolean, boolean, int)(ActivityManagerService.java:18249) waiters=1 in boolean com.android.server.am.ActivityManagerService.isUserRunning(int, int) for 169ms
11-26 12:27:25.763  1238  1251 W LocationProviderProxy-network: Odd, no component found for service com.android.location.service.v3.NetworkLocationProvider
11-26 12:27:25.763  1238  1251 W GeocoderProxy: Odd, no component found for service com.android.location.service.GeocodeProvider
11-26 12:27:25.763  1238  1251 W GeofenceProxy: Odd, no component found for service com.android.location.service.GeofenceProvider
11-26 12:27:25.764  1238  1251 W ActivityRecognitionProxy: Odd, no component found for service com.android.location.service.ActivityRecognitionProvider
11-26 12:27:26.133  2333  2333 D AndroidRuntime: >>>>>> START com.android.internal.os.RuntimeInit uid 2000 <<<<<<
11-26 12:27:26.136  2333  2333 D AndroidRuntime: CheckJNI is ON
11-26 12:27:26.185  2333  2333 W art     : Unexpected CPU variant for X86 using defaults: x86
11-26 12:27:26.190  2333  2333 D ICU     : No timezone override file found: /data/misc/zoneinfo/current/icu/icu_tzdata.dat
11-26 12:27:26.207  2333  2333 E memtrack: Couldn't load memtrack module (No such file or directory)
11-26 12:27:26.210  2333  2333 E android.os.Debug: failed to load memtrack module: -2
11-26 12:27:26.211  2333  2333 I Radio-JNI: register_android_hardware_Radio DONE
11-26 12:27:26.240  1721  1721 I Choreographer: Skipped 73 frames!  The application may be doing too much work on its main thread.
11-26 12:27:26.288  2333  2333 D AndroidRuntime: Calling main entry com.android.commands.pm.Pm
11-26 12:27:26.338  1238  1252 I ActivityManager: Force stopping br.com.catbag.gifreduxsample appid=10060 user=-1: deletePackageX
11-26 12:27:26.438  1238  1264 I art     : Starting a blocking GC Explicit
11-26 12:27:26.483  1238  1264 I art     : Explicit concurrent mark sweep GC freed 25251(1340KB) AllocSpace objects, 7(140KB) LOS objects, 33% free, 6MB/10MB, paused 4.238ms total 42.604ms
11-26 12:27:26.495  2333  2333 I art     : System.exit called, status: 0
11-26 12:27:26.495  2333  2333 I AndroidRuntime: VM exiting with result code 0.
11-26 12:27:26.560  1238  1264 I ActivityManager: Force stopping br.com.catbag.gifreduxsample appid=10060 user=0: pkg removed
11-26 12:27:26.636  1238  1276 I InputReader: Reconfiguring input devices.  changes=0x00000010
11-26 12:27:26.660  1238  1264 E KernelUidCpuTimeReader: failed to remove uid from uid_cputime module
11-26 12:27:26.660  1238  1264 E KernelUidCpuTimeReader: java.io.FileNotFoundException: /proc/uid_cputime/remove_uid_range (No such file or directory)
11-26 12:27:26.660  1238  1264 E KernelUidCpuTimeReader: 	at java.io.FileOutputStream.open(Native Method)
11-26 12:27:26.660  1238  1264 E KernelUidCpuTimeReader: 	at java.io.FileOutputStream.<init>(FileOutputStream.java:221)
11-26 12:27:26.660  1238  1264 E KernelUidCpuTimeReader: 	at java.io.FileOutputStream.<init>(FileOutputStream.java:108)
11-26 12:27:26.660  1238  1264 E KernelUidCpuTimeReader: 	at java.io.FileWriter.<init>(FileWriter.java:63)
11-26 12:27:26.660  1238  1264 E KernelUidCpuTimeReader: 	at com.android.internal.os.KernelUidCpuTimeReader.removeUid(KernelUidCpuTimeReader.java:158)
11-26 12:27:26.660  1238  1264 E KernelUidCpuTimeReader: 	at com.android.internal.os.BatteryStatsImpl.removeUidStatsLocked(BatteryStatsImpl.java:9805)
11-26 12:27:26.660  1238  1264 E KernelUidCpuTimeReader: 	at com.android.server.am.BatteryStatsService.removeUid(BatteryStatsService.java:291)
11-26 12:27:26.660  1238  1264 E KernelUidCpuTimeReader: 	at com.android.server.am.ActivityManagerService.broadcastIntentLocked(ActivityManagerService.java:17767)
11-26 12:27:26.660  1238  1264 E KernelUidCpuTimeReader: 	at com.android.server.am.ActivityManagerService.broadcastIntent(ActivityManagerService.java:18256)
11-26 12:27:26.660  1238  1264 E KernelUidCpuTimeReader: 	at com.android.server.pm.PackageManagerService$8.run(PackageManagerService.java:11407)
11-26 12:27:26.660  1238  1264 E KernelUidCpuTimeReader: 	at android.os.Handler.handleCallback(Handler.java:751)
11-26 12:27:26.660  1238  1264 E KernelUidCpuTimeReader: 	at android.os.Handler.dispatchMessage(Handler.java:95)
11-26 12:27:26.660  1238  1264 E KernelUidCpuTimeReader: 	at android.os.Looper.loop(Looper.java:154)
11-26 12:27:26.660  1238  1264 E KernelUidCpuTimeReader: 	at android.os.HandlerThread.run(HandlerThread.java:61)
11-26 12:27:26.660  1238  1264 E KernelUidCpuTimeReader: 	at com.android.server.ServiceThread.run(ServiceThread.java:46)
11-26 12:27:26.689  1238  1322 E TaskPersister: File error accessing recents directory (directory doesn't exist?).
11-26 12:27:26.706  1721  1742 I art     : Background partial concurrent mark sweep GC freed 2496(148KB) AllocSpace objects, 7(124KB) LOS objects, 39% free, 3MB/6MB, paused 38.192ms total 126.429ms
11-26 12:27:26.727  1238  1251 W LocationProviderProxy-network: Odd, no component found for service com.android.location.service.v3.NetworkLocationProvider
11-26 12:27:26.739  1238  1251 W GeocoderProxy: Odd, no component found for service com.android.location.service.GeocodeProvider
11-26 12:27:26.739  1238  1251 W GeofenceProxy: Odd, no component found for service com.android.location.service.GeofenceProvider
11-26 12:27:26.740  1238  1251 W ActivityRecognitionProxy: Odd, no component found for service com.android.location.service.ActivityRecognitionProvider
11-26 12:27:27.121  1449  1449 D CarrierSvcBindHelper: No carrier app for: 0
11-26 12:27:27.909  1356  1374 I art     : Background partial concurrent mark sweep GC freed 21634(1014KB) AllocSpace objects, 17(5MB) LOS objects, 39% free, 4MB/7MB, paused 18.880ms total 809.097ms
11-26 12:27:27.986  1752  1752 W ContextImpl: Calling a method in the system process without a qualified user: android.app.ContextImpl.startService:1385 android.content.ContextWrapper.startService:613 android.content.ContextWrapper.startService:613 com.android.keychain.KeyChainBroadcastReceiver.onReceive:12 android.app.ActivityThread.handleReceiver:3011 
11-26 12:27:28.143  1238  1669 I ActivityManager: Start proc 2347:com.android.documentsui/u0a7 for broadcast com.android.documentsui/.PackageReceiver
11-26 12:27:28.232  1670  2352 D VoicemailCleanupService: Cleaning up data for package: br.com.catbag.gifreduxsample.test
11-26 12:27:28.314  1323  1481 I LatinIME:LogUtils: Dictionary info: dictionary = main:en ; version = 54 ; date = 1414726273
11-26 12:27:28.409  2347  2347 W art     : Unexpected CPU variant for X86 using defaults: x86
11-26 12:27:28.490  1323  1481 I LatinIME:LogUtils: Dictionary info: dictionary = main:en ; version = 54 ; date = 1414726273
11-26 12:27:28.571  2347  2347 W System  : ClassLoader referenced unknown path: /system/priv-app/DocumentsUI/lib/x86
11-26 12:27:28.999  2366  2366 W art     : Unexpected CPU variant for X86 using defaults: x86
11-26 12:27:29.023  1238  1629 I ActivityManager: Start proc 2366:com.android.externalstorage/u0a11 for content provider com.android.externalstorage/.ExternalStorageProvider
11-26 12:27:29.024  1238  1629 W ActivityManager: Slow operation: 51ms so far, now at getContentProviderImpl: done!
11-26 12:27:29.087  2366  2366 W System  : ClassLoader referenced unknown path: /system/priv-app/ExternalStorageProvider/lib/x86
11-26 12:27:29.179  2366  2366 D ExternalStorage: After updating volumes, found 2 active roots
11-26 12:27:29.273  1238  1250 I ActivityManager: Killing 1948:com.android.quicksearchbox/u0a50 (adj 906): empty #17
11-26 12:27:29.520  1238  1463 I ActivityManager: Start proc 2383:com.android.mtp/u0a8 for content provider com.android.mtp/.MtpDocumentsProvider
11-26 12:27:29.527  2383  2383 W art     : Unexpected CPU variant for X86 using defaults: x86
11-26 12:27:29.901  1752  1752 W ContextImpl: Calling a method in the system process without a qualified user: android.app.ContextImpl.startService:1385 android.content.ContextWrapper.startService:613 android.content.ContextWrapper.startService:613 com.android.keychain.KeyChainBroadcastReceiver.onReceive:12 android.app.ActivityThread.handleReceiver:3011 
11-26 12:27:30.080  1670  2399 D VoicemailCleanupService: Cleaning up data for package: br.com.catbag.gifreduxsample
11-26 12:27:30.287  1238  1464 I ActivityManager: Killing 1515:com.android.settings/1000 (adj 906): empty #17
11-26 12:27:30.384  1238  1667 D VoldConnector: SND -> {30 appfuse mount 10008 2383 MtpDocumentsProvider}
11-26 12:27:30.471  1238  1280 D VoldConnector: RCV <- {200 30 AppFuse command succeeded}
11-26 12:27:30.816  1238  1667 I ActivityManager: Killing 2008:com.android.dialer/u0a6 (adj 906): empty #17
