E/Feed    ( 2355): 	at android.widget.FrameLayout.layoutChildren(FrameLayout.java:579)
E/Feed    ( 2355): 	at android.widget.FrameLayout.onLayout(FrameLa
I/Choreographer( 1569): Skipped 43 frames!  The application may be doing too much work on its main thread.
I/art     ( 2355): Background sticky concurrent mark sweep GC freed 39471(3MB) AllocSpace objects, 28(473KB) LOS objects, 22% free, 7MB/9MB, paused 16.046ms total 687.760ms
I/ActivityManager( 1243): Displayed br.com.catbag.gifreduxsample/.ui.GifListActivity: +818ms
D/gralloc (  923): Registering a buffer in the process that created it. This may cause memory ordering problems.
E/libEGL  (  923): called unimplemented OpenGL ES API
E/SurfaceFlinger(  923): glCheckFramebufferStatusOES error -847906629
E/SurfaceFlinger(  923): got GL_FRAMEBUFFER_COMPLETE_OES error while taking screenshot
W/WindowManager( 1243): Screenshot failure taking screenshot for (480x800) to layer 21020
D/LifecycleMonitor( 2355): Lifecycle status change: br.com.catbag.gifreduxsample.ui.GifListActivity@22a30657 in: PAUSED
D/LifecycleMonitor( 2355): Lifecycle status change: br.com.catbag.gifreduxsample.ui.GifListActivity@3b4d5007 in: STOPPED
D/LifecycleMonitor( 2355): Lifecycle status change: br.com.catbag.gifreduxsample.ui.GifListActivity@3b4d5007 in: DESTROYED
I/TestRunner( 2355): finished: whenGifIsWatchedTest(br.com.catbag.gifreduxsample.ui.giflist.GifListActivityTest)
I/MonitoringInstrumentation( 2355): Activities that are still in CREATED to STOPPED: 1
I/TestRunner( 2355): started: whenScrollUpAndPlayFirstItemTest(br.com.catbag.gifreduxsample.ui.giflist.GifListActivityTest)
I/MonitoringInstrumentation( 2355): Activities that are still in CREATED to STOPPED: 1
I/ActivityManager( 1243): Activity reported stop, but no longer stopping: ActivityRecord{247ea318 u0 com.android.launcher/com.android.launcher2.Launcher t3}
E/Vold    (  922): Failed to find mounted volume for /storage/sdcard/Android/data/br.com.catbag.gifreduxsample/cache/
W/Vold    (  922): Returning OperationFailed - no handler for errno 0
W/ContextImpl( 2355): Failed to ensure directory: /storage/sdcard/Android/data/br.com.catbag.gifreduxsample/cache
E/FileUtils( 2355): 
E/FileUtils( 2355): java.io.FileNotFoundException: null/test.gif: open failed: ENOENT (No such file or directory)
E/FileUtils( 2355): 	at libcore.io.IoBridge.open(IoBridge.java:456)
E/FileUtils( 2355): 	at java.io.FileOutputStream.<init>(FileOutputStream.java:87)
E/FileUtils( 2355): 	at java.io.FileOutputStream.<init>(FileOutputStream.java:72)
E/FileUtils( 2355): 	at br.com.catbag.gifreduxsample.utils.FileUtils.createFakeGifFile(FileUtils.java:27)
E/FileUtils( 2355): 	at br.com.catbag.gifreduxsample.ui.giflist.GifListActivityTest.createFakeGifList(GifListActivityTest.java:364)
E/FileUtils( 2355): 	at br.com.catbag.gifreduxsample.ui.giflist.GifListActivityTest.whenScrollUpAndPlayFirstItemTest(GifListActivityTest.java:272)
E/FileUtils( 2355): 	at java.lang.reflect.Method.invoke(Native Method)
E/FileUtils( 2355): 	at java.lang.reflect.Method.invoke(Method.java:372)
E/FileUtils( 2355): 	at org.junit.runners.model.FrameworkMethod$1.runReflectiveCall(FrameworkMethod.java:50)
E/FileUtils( 2355): 	at org.junit.internal.runners.model.ReflectiveCallable.run(ReflectiveCallable.java:12)
E/FileUtils( 2355): 	at org.junit.runners.model.FrameworkMethod.invokeExplosively(FrameworkMethod.java:47)
E/FileUtils( 2355): 	at org.junit.internal.runners.statements.InvokeMethod.evaluate(InvokeMethod.java:17)
E/FileUtils( 2355): 	at org.junit.internal.runners.statements.RunBefores.evaluate(RunBefores.java:26)
E/FileUtils( 2355): 	at org.junit.internal.runners.statements.RunAfters.evaluate(RunAfters.java:27)
E/FileUtils( 2355): 	at android.support.test.internal.statement.UiThreadStatement.evaluate(UiThreadStatement.java:55)
E/FileUtils( 2355): 	at android.support.test.rule.ActivityTestRule$ActivityStatement.evaluate(ActivityTestRule.java:270)
E/FileUtils( 2355): 	at org.junit.internal.runners.statements.FailOnTimeout$CallableStatement.call(FailOnTimeout.java:298)
E/FileUtils( 2355): 	at org.junit.internal.runners.statements.FailOnTimeout$CallableStatement.call(FailOnTimeout.java:292)
E/FileUtils( 2355): 	at java.util.concurrent.FutureTask.run(FutureTask.java:237)
E/FileUtils( 2355): 	at java.lang.Thread.run(Thread.java:818)
E/FileUtils( 2355): Caused by: android.system.ErrnoException: open failed: ENOENT (No such file or directory)
E/FileUtils( 2355): 	at libcore.io.Posix.open(Native Method)
E/FileUtils( 2355): 	at libcore.io.BlockGuardOs.open(BlockGuardOs.java:186)
E/FileUtils( 2355): 	at libcore.io.IoBridge.open(IoBridge.java:442)
E/FileUtils( 2355): 	... 19 more
I/DroidFlux:Dispatcher( 2355): [STARTED] dispatch of action [FAKE_REDUCE_ACTION]
I/DroidFlux:Dispatcher( 2355): [COMPLETED] dispatch of action [FAKE_REDUCE_ACTION]
D/ActivityTestRule( 2355): Launching activity br.com.catbag.gifreduxsample.ui.GifListActivity
D/MonitoringInstrumentation( 2355): execStartActivity(context, ibinder, ibinder, activity, intent, int, bundle
I/ActivityManager( 1243): START u0 {flg=0x10000000 cmp=br.com.catbag.gifreduxsample/.ui.GifListActivity} from uid 10053 on display 0
V/WindowManager( 1243): addAppToken: AppWindowToken{6a79803 token=Token{194c60b2 ActivityRecord{30ff32bd u0 br.com.catbag.gifreduxsample/.ui.GifListActivity t9}}} to stack=1 task=9 at 0
V/WindowManager( 1243): Adding window Window{3fdb540a u0 Starting br.com.catbag.gifreduxsample} at 3 of 6 (after Window{12e11f81 u0 br.com.catbag.gifreduxsample/br.com.catbag.gifreduxsample.ui.GifListActivity})
V/WindowManager( 1243): Layouts looping: On entry to LockedInner, mPendingLayoutChanges = 0x4
V/WindowManager( 1243): Layouts looping: loop number 4, mPendingLayoutChanges = 0x0
V/WindowManager( 1243): Layouts looping: after finishPostLayoutPolicyLw, mPendingLayoutChanges = 0x0
V/WindowManager( 1243): Layouts looping: wallpaper and commitFinishDrawingLocked true, mPendingLayoutChanges = 0x4
V/WindowManager( 1243): Layouts looping: WallpaperMayChange, mPendingLayoutChanges = 0x4
V/WindowManager( 1243): Layouts looping: On entry to LockedInner, mPendingLayoutChanges = 0x4
V/WindowManager( 1243): Layouts looping: loop number 5, mPendingLayoutChanges = 0x0
V/WindowManager( 1243): Layouts looping: after finishPostLayoutPolicyLw, mPendingLayoutChanges = 0x0
V/WindowManager( 1243): Layouts looping: wallpaper and commitFinishDrawingLocked true, mPendingLayoutChanges = 0x4
V/WindowManager( 1243): Layouts looping: WallpaperMayChange, mPendingLayoutChanges = 0x4
E/WindowManager( 1243): Performed 6 layouts in a row. Skipping
V/WindowManager( 1243): Layouts looping: On entry to LockedInner, mPendingLayoutChanges = 0x4
V/WindowManager( 1243): Layouts looping: loop number 4, mPendingLayoutChanges = 0x0
V/WindowManager( 1243): Layouts looping: after finishPostLayoutPolicyLw, mPendingLayoutChanges = 0x0
V/WindowManager( 1243): Layouts looping: wallpaper and commitFinishDrawingLocked true, mPendingLayoutChanges = 0x4
V/WindowManager( 1243): Layouts looping: after handleAppTransitionReadyLocked, mPendingLayoutChanges = 0x4
V/WindowManager( 1243): Layouts looping: WallpaperMayChange, mPendingLayoutChanges = 0x4
V/WindowManager( 1243): Layouts looping: On entry to LockedInner, mPendingLayoutChanges = 0x4
V/WindowManager( 1243): Layouts looping: loop number 5, mPendingLayoutChanges = 0x0
V/WindowManager( 1243): Layouts looping: after finishPostLayoutPolicyLw, mPendingLayoutChanges = 0x0
V/WindowManager( 1243): Layouts looping: wallpaper and commitFinishDrawingLocked true, mPendingLayoutChanges = 0x4
V/WindowManager( 1243): Layouts looping: after handleAppTransitionReadyLocked, mPendingLayoutChanges = 0x4
V/WindowManager( 1243): Layouts looping: WallpaperMayChange, mPendingLayoutChanges = 0x4
E/WindowManager( 1243): Performed 6 layouts in a row. Skipping
W/art     ( 1243): Long monitor contention event with owner method=void com.android.server.am.ActivityManagerService.activityPaused(android.os.IBinder) from ActivityManagerService.java:6313 waiters=0 for 128ms
D/LifecycleMonitor( 2355): Lifecycle status change: br.com.catbag.gifreduxsample.ui.GifListActivity@1878a810 in: PRE_ON_CREATE
V/WindowManager( 1243): Layouts looping: On entry to LockedInner, mPendingLayoutChanges = 0x4
V/WindowManager( 1243): Layouts looping: loop number 4, mPendingLayoutChanges = 0x0
V/WindowManager( 1243): Layouts looping: after finishPostLayoutPolicyLw, mPendingLayoutChanges = 0x0
V/WindowManager( 1243): Layouts looping: wallpaper and commitFinishDrawingLocked true, mPendingLayoutChanges = 0x4
V/WindowManager( 1243): Layouts looping: WallpaperMayChange, mPendingLayoutChanges = 0x4
V/WindowManager( 1243): Layouts looping: On entry to LockedInner, mPendingLayoutChanges = 0x4
V/WindowManager( 1243): Layouts looping: loop number 5, mPendingLayoutChanges = 0x0
V/WindowManager( 1243): Layouts looping: after finishPostLayoutPolicyLw, mPendingLayoutChanges = 0x0
V/WindowManager( 1243): Layouts looping: wallpaper and commitFinishDrawingLocked true, mPendingLayoutChanges = 0x4
V/WindowManager( 1243): Layouts looping: WallpaperMayChange, mPendingLayoutChanges = 0x4
E/WindowManager( 1243): Performed 6 layouts in a row. Skipping
V/WindowManager( 1243): Layouts looping: On entry to LockedInner, mPendingLayoutChanges = 0x4
V/WindowManager( 1243): Layouts looping: loop number 4, mPendingLayoutChanges = 0x0
V/WindowManager( 1243): Layouts looping: after finishPostLayoutPolicyLw, mPendingLayoutChanges = 0x0
V/WindowManager( 1243): Layouts looping: wallpaper and commitFinishDrawingLocked true, mPendingLayoutChanges = 0x4
V/WindowManager( 1243): Layouts looping: WallpaperMayChange, mPendingLayoutChanges = 0x4
V/WindowManager( 1243): Layouts looping: On entry to LockedInner, mPendingLayoutChanges = 0x4
V/WindowManager( 1243): Layouts looping: loop number 5, mPendingLayoutChanges = 0x0
V/WindowManager( 1243): Layouts looping: after finishPostLayoutPolicyLw, mPendingLayoutChanges = 0x0
V/WindowManager( 1243): Layouts looping: wallpaper and commitFinishDrawingLocked true, mPendingLayoutChanges = 0x4
V/WindowManager( 1243): Layouts looping: WallpaperMayChange, mPendingLayoutChanges = 0x4
E/WindowManager( 1243): Performed 6 layouts in a row. Skipping
D/LifecycleMonitor( 2355): Lifecycle status change: br.com.catbag.gifreduxsample.ui.GifListActivity@1878a810 in: CREATED
I/DroidFlux:Dispatcher( 2355): [STARTED] dispatch of action [APP_STATE_LOAD]
D/DroidFlux:Dispatcher( 2355): An action of type [APP_STATE_LOAD] was dispatched, but no reducer handled it
I/DroidFlux:Dispatcher( 2355): [COMPLETED] dispatch of action [APP_STATE_LOAD]
D/LifecycleMonitor( 2355): Lifecycle status change: br.com.catbag.gifreduxsample.ui.GifListActivity@1878a810 in: STARTED
D/LifecycleMonitor( 2355): Lifecycle status change: br.com.catbag.gifreduxsample.ui.GifListActivity@1878a810 in: RESUMED
V/WindowManager( 1243): Adding window Window{1e9b4044 u0 br.com.catbag.gifreduxsample/br.com.catbag.gifreduxsample.ui.GifListActivity} at 3 of 7 (before Window{3fdb540a u0 Starting br.com.catbag.gifreduxsample})
E/Feed    ( 2355): Gif{uuid=1be7e22f-96b8-49c6-be4d-cc0a8a3b2c39, path=/null/test.gif, url=, title=gif0, watched=false, status=DOWNLOADED}
E/Feed    ( 2355): pl.droidsonroids.gif.GifIOException: GifError 101: Failed to open given input
E/Feed    ( 2355): 	at pl.droidsonroids.gif.GifInfoHandle.openFile(Native Method)
E/Feed    ( 2355): 	at pl.droidsonroids.gif.GifInfoHandle.<init>(GifInfoHandle.java:46)
E/Feed    ( 2355): 	at pl.droidsonroids.gif.GifDrawable.<init>(GifDrawable.java:124)
E/Feed    ( 2355): 	at br.com.catbag.gifreduxsample.ui.components.FeedComponent.createDrawable(FeedComponent.java:104)
E/Feed    ( 2355): 	at br.com.catbag.gifreduxsample.ui.components.FeedComponent.lambda$renderGifView$2(FeedComponent.java:90)
E/Feed    ( 2355): 	at br.com.catbag.gifreduxsample.ui.components.FeedComponent$$Lambda$2.view(Unknown Source)
E/Feed    ( 2355): 	at trikita.anvil.BaseDSL.v(BaseDSL.java:670)
E/Feed    ( 2355): 	at br.com.catbag.gifreduxsample.ui.components.FeedComponent.renderGifView(FeedComponent.java:88)
E/Feed    ( 2355): 	at br.com.catbag.gifreduxsample.ui.components.FeedComponent.lambda$null$0(FeedComponent.java:55)
E/Feed    ( 2355): 	at br.com.catbag.gifreduxsample.ui.components.FeedComponent$$Lambda$3.view(Unknown Source)
E/Feed    ( 2355): 	at br.com.catbag.gifreduxsample.ui.components.GifsAdapter.view(GifsAdapter.java:55)
E/Feed    ( 2355): 	at trikita.anvil.RenderableRecyclerViewAdapter$1.view(RenderableRecyclerViewAdapter.java:24)
E/Feed    ( 2355): 	at trikita.anvil.Anvil$Mount.render(Anvil.java:204)
E/Feed    ( 2355): 	at trikita.anvil.Anvil.render(Anvil.java:173)
E/Feed    ( 2355): 	at trikita.anvil.RenderableRecyclerViewAdapter.onBindViewHolder(RenderableRecyclerViewAdapter.java:27)
E/Feed    ( 2355): 	at trikita.anvil.RenderableRecyclerViewAdapter.onBindViewHolder(RenderableRecyclerViewAdapter.java:7)
E/Feed    ( 2355): 	at android.support.v7.widget.RecyclerView$Adapter.onBindViewHolder(RecyclerView.java:5768)
E/Feed    ( 2355): 	at android.support.v7.widget.RecyclerView$Adapter.bindViewHolder(RecyclerView.java:5801)
E/Feed    ( 2355): 	at android.support.v7.widget.RecyclerView$Recycler.getViewForPosition(RecyclerView.java:5037)
E/Feed    ( 2355): 	at android.support.v7.widget.RecyclerView$Recycler.getViewForPosition(RecyclerView.java:4913)
E/Feed    ( 2355): 	at android.support.v7.widget.LinearLayoutManager$LayoutState.next(LinearLayoutManager.java:2029)
E/Feed    ( 2355): 	at android.support.v7.widget.LinearLayoutManager.layoutChunk(LinearLayoutManager.java:1414)
E/Feed    ( 2355): 	at android.support.v7.widget.LinearLayoutManager.fill(LinearLayoutManager.java:1377)
E/Feed    ( 2355): 	at android.support.v7.widget.LinearLayoutManager.onLayoutChildren(LinearLayoutManager.java:578)
E/Feed    ( 2355): 	at android.support.v7.widget.RecyclerView.dispatchLayoutStep2(RecyclerView.java:3260)
E/Feed    ( 2355): 	at android.support.v7.widget.RecyclerView.dispatchLayout(RecyclerView.java:3069)
E/Feed    ( 2355): 	at android.support.v7.widget.RecyclerView.onLayout(RecyclerView.java:3518)
E/Feed    ( 2355): 	at android.view.View.layout(View.java:15671)
E/Feed    ( 2355): 	at android.view.ViewGroup.layout(ViewGroup.java:5038)
E/Feed    ( 2355): 	at android.widget.FrameLayout.layoutChildren(FrameLayout.java:579)
E/Feed    ( 2355): 	at android.widget.FrameLayout.onLayout(FrameLayout.java:514)
E/Feed    ( 2355): 	at android.view.View.layout(View.java:15671)
E/Feed    ( 2355): 	at android.view.ViewGroup.layout(ViewGroup.java:5038)
E/Feed    ( 2355): 	at android.widget.RelativeLayout.onLayout(RelativeLayout.java:1076)
E/Feed    ( 2355): 	at android.view.View.layout(View.java:15671)
E/Feed    ( 2355): 	at android.view.ViewGroup.layout(ViewGroup.java:5038)
E/Feed    ( 2355): 	at android.widget.FrameLayout.layoutChildren(FrameLayout.java:579)
E/Feed    ( 2355): 	at android.widget.FrameLayout.onLayout(FrameLayout.java:514)
E/Feed    ( 2355): 	at android.view.View.layout(View.java:15671)
E/Feed    ( 2355): 	at android.view.ViewGroup.layout(ViewGroup.java:5038)
E/Feed    ( 2355): 	at android.support.v7.widget.ActionBarOverlayLayout.onLayout(ActionBarOverlayLayout.java:435)
E/Feed    ( 2355): 	at android.view.View.layout(View.java:15671)
E/Feed    ( 2355): 	at android.view.ViewGroup.layout(ViewGroup.java:5038)
E/Feed    ( 2355): 	at android.widget.FrameLayout.layoutChildren(FrameLayout.java:579)
E/Feed    ( 2355): 	at android.widget.FrameLayout.onLayout(FrameLayout.java:514)
E/Feed    ( 2355): 	at android.view.View.layout(View.java:15671)
E/Feed    ( 2355): 	at android.view.ViewGroup.layout(ViewGroup.java:5038)
E/Feed    ( 2355): 	at android.widget.LinearLayout.setChildFrame(LinearLayout.java:1703)
E/Feed    ( 2355): 	at android.widget.LinearLayout.layoutVertical(LinearLayout.java:1557)
E/Feed    ( 2355): 	at android.widget.LinearLayout.onLayout(LinearLayout.java:1466)
E/Feed    ( 2355): 	at android.view.View.layout(View.java:15671)
E/Feed    ( 2355): 	at android.view.ViewGroup.layout(ViewGroup.java:5038)
E/Feed    ( 2355): 	at android.widget.FrameLayout.layoutChildren(FrameLayout.java:579)
E/Feed    ( 2355): 	at android.widget.FrameLayo
E/Feed    ( 2355): Gif{uuid=36553338-b67d-4847-b931-636114f67578, path=/null/test.gif, url=, title=gif1, watched=false, status=DOWNLOADED}
E/Feed    ( 2355): pl.droidsonroids.gif.GifIOException: GifError 101: Failed to open given input
E/Feed    ( 2355): 	at pl.droidsonroids.gif.GifInfoHandle.openFile(Native Method)
E/Feed    ( 2355): 	at pl.droidsonroids.gif.GifInfoHandle.<init>(GifInfoHandle.java:46)
E/Feed    ( 2355): 	at pl.droidsonroids.gif.GifDrawable.<init>(GifDrawable.java:124)
E/Feed    ( 2355): 	at br.com.catbag.gifreduxsample.ui.components.FeedComponent.createDrawable(FeedComponent.java:104)
E/Feed    ( 2355): 	at br.com.catbag.gifreduxsample.ui.components.FeedComponent.lambda$renderGifView$2(FeedComponent.java:90)
E/Feed    ( 2355): 	at br.com.catbag.gifreduxsample.ui.components.FeedComponent$$Lambda$2.view(Unknown Source)
E/Feed    ( 2355): 	at trikita.anvil.BaseDSL.v(BaseDSL.java:670)
E/Feed    ( 2355): 	at br.com.catbag.gifreduxsample.ui.components.FeedComponent.renderGifView(FeedComponent.java:88)
E/Feed    ( 2355): 	at br.com.catbag.gifreduxsample.ui.components.FeedComponent.lambda$null$0(FeedComponent.java:55)
E/Feed    ( 2355): 	at br.com.catbag.gifreduxsample.ui.components.FeedComponent$$Lambda$3.view(Unknown Source)
E/Feed    ( 2355): 	at br.com.catbag.gifreduxsample.ui.components.GifsAdapter.view(GifsAdapter.java:55)
E/Feed    ( 2355): 	at trikita.anvil.RenderableRecyclerViewAdapter$1.view(RenderableRecyclerViewAdapter.java:24)
E/Feed    ( 2355): 	at trikita.anvil.Anvil$Mount.render(Anvil.java:204)
E/Feed    ( 2355): 	at trikita.anvil.Anvil.render(Anvil.java:173)
E/Feed    ( 2355): 	at trikita.anvil.RenderableRecyclerViewAdapter.onBindViewHolder(RenderableRecyclerViewAdapter.java:27)
E/Feed    ( 2355): 	at trikita.anvil.RenderableRecyclerViewAdapter.onBindViewHolder(RenderableRecyclerViewAdapter.java:7)
E/Feed    ( 2355): 	at android.support.v7.widget.RecyclerView$Adapter.onBindViewHolder(RecyclerView.java:5768)
E/Feed    ( 2355): 	at android.support.v7.widget.RecyclerView$Adapter.bindViewHolder(RecyclerView.java:5801)
E/Feed    ( 2355): 	at android.support.v7.widget.RecyclerView$Recycler.getViewForPosition(RecyclerView.java:5037)
E/Feed    ( 2355): 	at android.support.v7.widget.RecyclerView$Recycler.getViewForPosition(RecyclerView.java:4913)
E/Feed    ( 2355): 	at android.support.v7.widget.LinearLayoutManager$LayoutState.next(LinearLayoutManager.java:2029)
E/Feed    ( 2355): 	at android.support.v7.widget.LinearLayoutManager.layoutChunk(LinearLayoutManager.java:1414)
E/Feed    ( 2355): 	at android.support.v7.widget.LinearLayoutManager.fill(LinearLayoutManager.java:1377)
E/Feed    ( 2355): 	at android.support.v7.widget.LinearLayoutManager.onLayoutChildren(LinearLayoutManager.java:578)
E/Feed    ( 2355): 	at android.support.v7.widget.RecyclerView.dispatchLayoutStep2(RecyclerView.java:3260)
E/Feed    ( 2355): 	at android.support.v7.widget.RecyclerView.dispatchLayout(RecyclerView.java:3069)
E/Feed    ( 2355): 	at android.support.v7.widget.RecyclerView.onLayout(RecyclerView.java:3518)
E/Feed    ( 2355): 	at android.view.View.layout(View.java:15671)
E/Feed    ( 2355): 	at android.view.ViewGroup.layout(ViewGroup.java:5038)
E/Feed    ( 2355): 	at android.widget.FrameLayout.layoutChildren(FrameLayout.java:579)
E/Feed    ( 2355): 	at android.widget.FrameLayout.onLayout(FrameLayout.java:514)
E/Feed    ( 2355): 	at android.view.View.layout(View.java:15671)
E/Feed    ( 2355): 	at android.view.ViewGroup.layout(ViewGroup.java:5038)
E/Feed    ( 2355): 	at android.widget.RelativeLayout.onLayout(RelativeLayout.java:1076)
E/Feed    ( 2355): 	at android.view.View.layout(View.java:15671)
E/Feed    ( 2355): 	at android.view.ViewGroup.layout(ViewGroup.java:5038)
E/Feed    ( 2355): 	at android.widget.FrameLayout.layoutChildren(FrameLayout.java:579)
E/Feed    ( 2355): 	at android.widget.FrameLayout.onLayout(FrameLayout.java:514)
E/Feed    ( 2355): 	at android.view.View.layout(View.java:15671)
E/Feed    ( 2355): 	at android.view.ViewGroup.layout(ViewGroup.java:5038)
E/Feed    ( 2355): 	at android.support.v7.widget.ActionBarOverlayLayout.onLayout(ActionBarOverlayLayout.java:435)
E/Feed    ( 2355): 	at android.view.View.layout(View.java:15671)
E/Feed    ( 2355): 	at android.view.ViewGroup.layout(ViewGroup.java:5038)
E/Feed    ( 2355): 	at android.widget.FrameLayout.layoutChildren(FrameLayout.java:579)
E/Feed    ( 2355): 	at android.widget.FrameLayout.onLayout(FrameLayout.java:514)
E/Feed    ( 2355): 	at android.view.View.layout(View.java:15671)
E/Feed    ( 2355): 	at android.view.ViewGroup.layout(ViewGroup.java:5038)
E/Feed    ( 2355): 	at android.widget.LinearLayout.setChildFrame(LinearLayout.java:1703)
E/Feed    ( 2355): 	at android.widget.LinearLayout.layoutVertical(LinearLayout.java:1557)
E/Feed    ( 2355): 	at android.widget.LinearLayout.onLayout(LinearLayout.java:1466)
E/Feed    ( 2355): 	at android.view.View.layout(View.java:15671)
E/Feed    ( 2355): 	at android.view.ViewGroup.layout(ViewGroup.java:5038)
E/Feed    ( 2355): 	at android.widget.FrameLayout.layoutChildren(FrameLayout.java:579)
E/Feed    ( 2355): 	at android.widget.FrameLayo
I/ActivityManager( 1243): Displayed br.com.catbag.gifreduxsample/.ui.GifListActivity: +524ms
W/ResourceType( 2355): No package identifier when getting name for resource number 0x000000e9
I/ViewInteraction( 2355): Performing 'scroll RecyclerView to position: 4' action on view with id: 233 (resource name not found)
E/Feed    ( 2355): Gif{uuid=0bebce39-340c-4cb0-8436-9dc0de73f3d3, path=/null/test.gif, url=, title=gif4, watched=false, status=DOWNLOADED}
E/Feed    ( 2355): pl.droidsonroids.gif.GifIOException: GifError 101: Failed to open given input
E/Feed    ( 2355): 	at pl.droidsonroids.gif.GifInfoHandle.openFile(Native Method)
E/Feed    ( 2355): 	at pl.droidsonroids.gif.GifInfoHandle.<init>(GifInfoHandle.java:46)
E/Feed    ( 2355): 	at pl.droidsonroids.gif.GifDrawable.<init>(GifDrawable.java:124)
E/Feed    ( 2355): 	at br.com.catbag.gifreduxsample.ui.components.FeedComponent.createDrawable(FeedComponent.java:104)
E/Feed    ( 2355): 	at br.com.catbag.gifreduxsample.ui.components.FeedComponent.lambda$renderGifView$2(FeedComponent.java:90)
E/Feed    ( 2355): 	at br.com.catbag.gifreduxsample.ui.components.FeedComponent$$Lambda$2.view(Unknown Source)
E/Feed    ( 2355): 	at trikita.anvil.BaseDSL.v(BaseDSL.java:670)
E/Feed    ( 2355): 	at br.com.catbag.gifreduxsample.ui.components.FeedComponent.renderGifView(FeedComponent.java:88)
E/Feed    ( 2355): 	at br.com.catbag.gifreduxsample.ui.components.FeedComponent.lambda$null$0(FeedComponent.java:55)
E/Feed    ( 2355): 	at br.com.catbag.gifreduxsample.ui.components.FeedComponent$$Lambda$3.view(Unknown Source)
E/Feed    ( 2355): 	at br.com.catbag.gifreduxsample.ui.components.GifsAdapter.view(GifsAdapter.java:55)
E/Feed    ( 2355): 	at trikita.anvil.RenderableRecyclerViewAdapter$1.view(RenderableRecyclerViewAdapter.java:24)
E/Feed    ( 2355): 	at trikita.anvil.Anvil$Mount.render(Anvil.java:204)
E/Feed    ( 2355): 	at trikita.anvil.Anvil.render(Anvil.java:173)
E/Feed    ( 2355): 	at trikita.anvil.RenderableRecyclerViewAdapter.onBindViewHolder(RenderableRecyclerViewAdapter.java:27)
E/Feed    ( 2355): 	at trikita.anvil.RenderableRecyclerViewAdapter.onBindViewHolder(RenderableRecyclerViewAdapter.java:7)
E/Feed    ( 2355): 	at android.support.v7.widget.RecyclerView$Adapter.onBindViewHolder(RecyclerView.java:5768)
E/Feed    ( 2355): 	at android.support.v7.widget.RecyclerView$Adapter.bindViewHolder(RecyclerView.java:5801)
E/Feed    ( 2355): 	at android.support.v7.widget.RecyclerView$Recycler.getViewForPosition(RecyclerView.java:5037)
E/Feed    ( 2355): 	at android.support.v7.widget.RecyclerView$Recycler.getViewForPosition(RecyclerView.java:4913)
E/Feed    ( 2355): 	at android.support.v7.widget.LinearLayoutManager$LayoutState.next(LinearLayoutManager.java:2029)
E/Feed    ( 2355): 	at android.support.v7.widget.LinearLayoutManager.layoutChunk(LinearLayoutManager.java:1414)
E/Feed    ( 2355): 	at android.support.v7.widget.LinearLayoutManager.fill(LinearLayoutManager.java:1377)
E/Feed    ( 2355): 	at android.support.v7.widget.LinearLayoutManager.onLayoutChildren(LinearLayoutManager.java:553)
E/Feed    ( 2355): 	at android.support.v7.widget.RecyclerView.dispatchLayoutStep2(RecyclerView.java:3260)
E/Feed    ( 2355): 	at android.support.v7.widget.RecyclerView.dispatchLayout(RecyclerView.java:3069)
E/Feed    ( 2355): 	at android.support.v7.widget.RecyclerView.onLayout(RecyclerView.java:3518)
E/Feed    ( 2355): 	at android.view.View.layout(View.java:15671)
E/Feed    ( 2355): 	at android.view.ViewGroup.layout(ViewGroup.java:5038)
E/Feed    ( 2355): 	at android.widget.FrameLayout.layoutChildren(FrameLayout.java:579)
E/Feed    ( 2355): 	at android.widget.FrameLayout.onLayout(FrameLayout.java:514)
E/Feed    ( 2355): 	at android.view.View.layout(View.java:15671)
E/Feed    ( 2355): 	at android.view.ViewGroup.layout(ViewGroup.java:5038)
E/Feed    ( 2355): 	at android.widget.RelativeLayout.onLayout(RelativeLayout.java:1076)
E/Feed    ( 2355): 	at android.view.View.layout(View.java:15671)
E/Feed    ( 2355): 	at android.view.ViewGroup.layout(ViewGroup.java:5038)
E/Feed    ( 2355): 	at android.widget.FrameLayout.layoutChildren(FrameLayout.java:579)
E/Feed    ( 2355): 	at android.widget.FrameLayout.onLayout(FrameLayout.java:514)
E/Feed    ( 2355): 	at android.view.View.layout(View.java:15671)
E/Feed    ( 2355): 	at android.view.ViewGroup.layout(ViewGroup.java:5038)
E/Feed    ( 2355): 	at android.support.v7.widget.ActionBarOverlayLayout.onLayout(ActionBarOverlayLayout.java:435)
E/Feed    ( 2355): 	at android.view.View.layout(View.java:15671)
E/Feed    ( 2355): 	at android.view.ViewGroup.layout(ViewGroup.java:5038)
E/Feed    ( 2355): 	at android.widget.FrameLayout.layoutChildren(FrameLayout.java:579)
E/Feed    ( 2355): 	at android.widget.FrameLayout.onLayout(FrameLayout.java:514)
E/Feed    ( 2355): 	at android.view.View.layout(View.java:15671)
E/Feed    ( 2355): 	at android.view.ViewGroup.layout(ViewGroup.java:5038)
E/Feed    ( 2355): 	at android.widget.LinearLayout.setChildFrame(LinearLayout.java:1703)
E/Feed    ( 2355): 	at android.widget.LinearLayout.layoutVertical(LinearLayout.java:1557)
E/Feed    ( 2355): 	at android.widget.LinearLayout.onLayout(LinearLayout.java:1466)
E/Feed    ( 2355): 	at android.view.View.layout(View.java:15671)
E/Feed    ( 2355): 	at android.view.ViewGroup.layout(ViewGroup.java:5038)
E/Feed    ( 2355): 	at android.widget.FrameLayout.layoutChildren(FrameLayout.java:579)
E/Feed    ( 2355): 	at android.widget.FrameLayo
E/Feed    ( 2355): Gif{uuid=f5de89b2-32b1-4daf-a3b8-7bddd56cc005, path=/null/test.gif, url=, title=gif3, watched=false, status=DOWNLOADED}
E/Feed    ( 2355): pl.droidsonroids.gif.GifIOException: GifError 101: Failed to open given input
E/Feed    ( 2355): 	at pl.droidsonroids.gif.GifInfoHandle.openFile(Native Method)
E/Feed    ( 2355): 	at pl.droidsonroids.gif.GifInfoHandle.<init>(GifInfoHandle.java:46)
E/Feed    ( 2355): 	at pl.droidsonroids.gif.GifDrawable.<init>(GifDrawable.java:124)
E/Feed    ( 2355): 	at br.com.catbag.gifreduxsample.ui.components.FeedComponent.createDrawable(FeedComponent.java:104)
E/Feed    ( 2355): 	at br.com.catbag.gifreduxsample.ui.components.FeedComponent.lambda$renderGifView$2(FeedComponent.java:90)
E/Feed    ( 2355): 	at br.com.catbag.gifreduxsample.ui.components.FeedComponent$$Lambda$2.view(Unknown Source)
E/Feed    ( 2355): 	at trikita.anvil.BaseDSL.v(BaseDSL.java:670)
E/Feed    ( 2355): 	at br.com.catbag.gifreduxsample.ui.components.FeedComponent.renderGifView(FeedComponent.java:88)
E/Feed    ( 2355): 	at br.com.catbag.gifreduxsample.ui.components.FeedComponent.lambda$null$0(FeedComponent.java:55)
E/Feed    ( 2355): 	at br.com.catbag.gifreduxsample.ui.components.FeedComponent$$Lambda$3.view(Unknown Source)
E/Feed    ( 2355): 	at br.com.catbag.gifreduxsample.ui.components.GifsAdapter.view(GifsAdapter.java:55)
E/Feed    ( 2355): 	at trikita.anvil.RenderableRecyclerViewAdapter$1.view(RenderableRecyclerViewAdapter.java:24)
E/Feed    ( 2355): 	at trikita.anvil.Anvil$Mount.render(Anvil.java:204)
E/Feed    ( 2355): 	at trikita.anvil.Anvil.render(Anvil.java:173)
E/Feed    ( 2355): 	at trikita.anvil.RenderableRecyclerViewAdapter.onBindViewHolder(RenderableRecyclerViewAdapter.java:27)
E/Feed    ( 2355): 	at trikita.anvil.RenderableRecyclerViewAdapter.onBindViewHolder(RenderableRecyclerViewAdapter.java:7)
E/Feed    ( 2355): 	at android.support.v7.widget.RecyclerView$Adapter.onBindViewHolder(RecyclerView.java:5768)
E/Feed    ( 2355): 	at android.support.v7.widget.RecyclerView$Adapter.bindViewHolder(RecyclerView.java:5801)
E/Feed    ( 2355): 	at android.support.v7.widget.RecyclerView$Recycler.getViewForPosition(RecyclerView.java:5037)
E/Feed    ( 2355): 	at android.support.v7.widget.RecyclerView$Recycler.getViewForPosition(RecyclerView.java:4913)
E/Feed    ( 2355): 	at android.support.v7.widget.LinearLayoutManager$LayoutState.next(LinearLayoutManager.java:2029)
E/Feed    ( 2355): 	at android.support.v7.widget.LinearLayoutManager.layoutChunk(LinearLayoutManager.java:1414)
E/Feed    ( 2355): 	at android.support.v7.widget.LinearLayoutManager.fill(LinearLayoutManager.java:1377)
E/Feed    ( 2355): 	at android.support.v7.widget.LinearLayoutManager.onLayoutChildren(LinearLayoutManager.java:553)
E/Feed    ( 2355): 	at android.support.v7.widget.RecyclerView.dispatchLayoutStep2(RecyclerView.java:3260)
E/Feed    ( 2355): 	at android.support.v7.widget.RecyclerView.dispatchLayout(RecyclerView.java:3069)
E/Feed    ( 2355): 	at android.support.v7.widget.RecyclerView.onLayout(RecyclerView.java:3518)
E/Feed    ( 2355): 	at android.view.View.layout(View.java:15671)
E/Feed    ( 2355): 	at android.view.ViewGroup.layout(ViewGroup.java:5038)
E/Feed    ( 2355): 	at android.widget.FrameLayout.layoutChildren(FrameLayout.java:579)
E/Feed    ( 2355): 	at android.widget.FrameLayout.onLayout(FrameLayout.java:514)
E/Feed    ( 2355): 	at android.view.View.layout(View.java:15671)
E/Feed    ( 2355): 	at android.view.ViewGroup.layout(ViewGroup.java:5038)
E/Feed    ( 2355): 	at android.widget.RelativeLayout.onLayout(RelativeLayout.java:1076)
E/Feed    ( 2355): 	at android.view.View.layout(View.java:15671)
E/Feed    ( 2355): 	at android.view.ViewGroup.layout(ViewGroup.java:5038)
E/Feed    ( 2355): 	at android.widget.FrameLayout.layoutChildren(FrameLayout.java:579)
E/Feed    ( 2355): 	at android.widget.FrameLayout.onLayout(FrameLayout.java:514)
E/Feed    ( 2355): 	at android.view.View.layout(View.java:15671)
E/Feed    ( 2355): 	at android.view.ViewGroup.layout(ViewGroup.java:5038)
E/Feed    ( 2355): 	at android.support.v7.widget.ActionBarOverlayLayout.onLayout(ActionBarOverlayLayout.java:435)
E/Feed    ( 2355): 	at android.view.View.layout(View.java:15671)
E/Feed    ( 2355): 	at android.view.ViewGroup.layout(ViewGroup.java:5038)
E/Feed    ( 2355): 	at android.widget.FrameLayout.layoutChildren(FrameLayout.java:579)
E/Feed    ( 2355): 	at android.widget.FrameLayout.onLayout(FrameLayout.java:514)
E/Feed    ( 2355): 	at android.view.View.layout(View.java:15671)
E/Feed    ( 2355): 	at android.view.ViewGroup.layout(ViewGroup.java:5038)
E/Feed    ( 2355): 	at android.widget.LinearLayout.setChildFrame(LinearLayout.java:1703)
E/Feed    ( 2355): 	at android.widget.LinearLayout.layoutVertical(LinearLayout.java:1557)
E/Feed    ( 2355): 	at android.widget.LinearLayout.onLayout(LinearLayout.java:1466)
E/Feed    ( 2355): 	at android.view.View.layout(View.java:15671)
E/Feed    ( 2355): 	at android.view.ViewGroup.layout(ViewGroup.java:5038)
E/Feed    ( 2355): 	at android.widget.FrameLayout.layoutChildren(FrameLayout.java:579)
E/Feed    ( 2355): 	at android.widget.FrameLayo
E/IdlingResourceRegistry( 2355): Attempted to register resource with same names: Class. R1: br.com.catbag.gifreduxsample.lockers.AnvilTestLocker@659ff07 R2: br.com.catbag.gifreduxsample.lockers.AnvilTestLocker@588903d.
E/IdlingResourceRegistry( 2355): Duplicate resource registration will be ignored.
W/ResourceType( 2355): No package identifier when getting name for resource number 0x000000e9
E/IdlingResourceRegistry( 2355): Attempted to unregister resource that is not registered: 'Class'. Resource list: [br.com.catbag.gifreduxsample.lockers.AnvilTestLocker@588903d]
W/ResourceType( 2355): No package identifier when getting name for resource number 0x000000ea
I/ViewInteraction( 2355): Performing 'actionOnItemAtPosition performing ViewAction: single click on item at position: 0' action on view with id: 234 (resource name not found)
D/LifecycleMonitor( 2355): Lifecycle status change: br.com.catbag.gifreduxsample.ui.GifListActivity@22a30657 in: STOPPED
D/LifecycleMonitor( 2355): Lifecycle status change: br.com.catbag.gifreduxsample.ui.GifListActivity@22a30657 in: DESTROYED
E/IdlingResourceRegistry( 2355): Attempted to register resource with same names: Class. R1: br.com.catbag.gifreduxsample.lockers.AnvilTestLocker@1f7b0fce R2: br.com.catbag.gifreduxsample.lockers.AnvilTestLocker@588903d.
E/IdlingResourceRegistry( 2355): Duplicate resource registration will be ignored.
D/gralloc (  923): Registering a buffer in the process that created it. This may cause memory ordering problems.
E/libEGL  (  923): called unimplemented OpenGL ES API
E/SurfaceFlinger(  923): glCheckFramebufferStatusOES error -847906629
E/SurfaceFlinger(  923): got GL_FRAMEBUFFER_COMPLETE_OES error while taking screenshot
W/WindowManager( 1243): Screenshot failure taking screenshot for (480x800) to layer 21005
D/LifecycleMonitor( 2355): Lifecycle status change: br.com.catbag.gifreduxsample.ui.GifListActivity@1878a810 in: PAUSED
I/TestRunner( 2355): failed: whenScrollUpAndPlayFirstItemTest(br.com.catbag.gifreduxsample.ui.giflist.GifListActivityTest)
I/TestRunner( 2355): ----- begin exception -----
I/TestRunner( 2355): java.lang.NullPointerException: Attempt to invoke virtual method 'boolean pl.droidsonroids.gif.GifDrawable.isPlaying()' on a null object reference
I/TestRunner( 2355): 	at br.com.catbag.gifreduxsample.matchers.Matchers$2.matchesSafely(Matchers.java:45)
I/TestRunner( 2355): 	at br.com.catbag.gifreduxsample.matchers.Matchers$2.matchesSafely(Matchers.java:41)
I/TestRunner( 2355): 	at android.support.test.espresso.matcher.BoundedMatcher.matches(BoundedMatcher.java:73)
I/TestRunner( 2355): 	at android.support.test.espresso.matcher.ViewMatchers.assertThat(ViewMatchers.java:1041)
I/TestRunner( 2355): 	at android.support.test.espresso.assertion.ViewAssertions$2.check(ViewAssertions.java:89)
I/TestRunner( 2355): 	at android.support.test.espresso.ViewInteraction$2.run(ViewInteraction.java:170)
I/TestRunner( 2355): 	at java.util.concurrent.Executors$RunnableAdapter.call(Executors.java:422)
I/TestRunner( 2355): 	at java.util.concurrent.FutureTask.run(FutureTask.java:237)
I/TestRunner( 2355): 	at android.os.Handler.handleCallback(Handler.java:739)
I/TestRunner( 2355): 	at android.os.Handler.dispatchMessage(Handler.java:95)
I/TestRunner( 2355): 	at android.os.Looper.loop(Looper.java:135)
I/TestRunner( 2355): 	at android.app.ActivityThread.main(ActivityThread.java:5254)
I/TestRunner( 2355): 	at java.lang.reflect.Method.invoke(Native Method)
I/TestRunner( 2355): 	at java.lang.reflect.Method.invoke(Method.java:372)
I/TestRunner( 2355): 	at com.android.internal.os.ZygoteInit$MethodAndArgsCaller.run(ZygoteInit.java:903)
I/TestRunner( 2355): 	at com.android.internal.os.ZygoteInit.main(ZygoteInit.java:698)
I/TestRunner( 2355): ----- end exception -----
I/TestRunner( 2355): finished: whenScrollUpAndPlayFirstItemTest(br.com.catbag.gifreduxsample.ui.giflist.GifListActivityTest)
I/MonitoringInstrumentation( 2355): Activities that are still in CREATED to STOPPED: 1
I/TestRunner( 2355): started: whenGifIsDownloadedTest(br.com.catbag.gifreduxsample.ui.giflist.GifListActivityTest)
I/MonitoringInstrumentation( 2355): Activities that are still in CREATED to STOPPED: 1
E/Vold    (  922): Failed to find mounted volume for /storage/sdcard/Android/data/br.com.catbag.gifreduxsample/cache/
W/Vold    (  922): Returning OperationFailed - no handler for errno 0
W/ContextImpl( 2355): Failed to ensure directory: /storage/sdcard/Android/data/br.com.catbag.gifreduxsample/cache
E/FileUtils( 2355): 
E/FileUtils( 2355): java.io.FileNotFoundException: null/test.gif: open failed: ENOENT (No such file or directory)
E/FileUtils( 2355): 	at libcore.io.IoBridge.open(IoBridge.java:456)
E/FileUtils( 2355): 	at java.io.FileOutputStream.<init>(FileOutputStream.java:87)
E/FileUtils( 2355): 	at java.io.FileOutputStream.<init>(FileOutputStream.java:72)
E/FileUtils( 2355): 	at br.com.catbag.gifreduxsample.utils.FileUtils.createFakeGifFile(FileUtils.java:27)
E/FileUtils( 2355): 	at br.com.catbag.gifreduxsample.ui.giflist.GifListActivityTest.whenGifIsDownloadedTest(GifListActivityTest.java:101)
E/FileUtils( 2355): 	at java.lang.reflect.Method.invoke(Native Method)
E/FileUtils( 2355): 	at java.lang.reflect.Method.invoke(Method.java:372)
E/FileUtils( 2355): 	at org.junit.runners.model.FrameworkMethod$1.runReflectiveCall(FrameworkMethod.java:50)
E/FileUtils( 2355): 	at org.junit.internal.runners.model.ReflectiveCallable.run(ReflectiveCallable.java:12)
E/FileUtils( 2355): 	at org.junit.runners.model.FrameworkMethod.invokeExplosively(FrameworkMethod.java:47)
E/FileUtils( 2355): 	at org.junit.internal.runners.statements.InvokeMethod.evaluate(InvokeMethod.java:17)
E/FileUtils( 2355): 	at org.junit.internal.runners.statements.RunBefores.evaluate(RunBefores.java:26)
E/FileUtils( 2355): 	at org.junit.internal.runners.statements.RunAfters.evaluate(RunAfters.java:27)
E/FileUtils( 2355): 	at android.support.test.internal.statement.UiThreadStatement.evaluate(UiThreadStatement.java:55)
E/FileUtils( 2355): 	at android.support.test.rule.ActivityTestRule$ActivityStatement.evaluate(ActivityTestRule.java:270)
E/FileUtils( 2355): 	at org.junit.internal.runners.statements.FailOnTimeout$CallableStatement.call(FailOnTimeout.java:298)
E/FileUtils( 2355): 	at org.junit.internal.runners.statements.FailOnTimeout$CallableStatement.call(FailOnTimeout.java:292)
E/FileUtils( 2355): 	at java.util.concurrent.FutureTask.run(FutureTask.java:237)
E/FileUtils( 2355): 	at java.lang.Thread.run(Thread.java:818)
E/FileUtils( 2355): Caused by: android.system.ErrnoException: open failed: ENOENT (No such file or directory)
E/FileUtils( 2355): 	at libcore.io.Posix.open(Native Method)
E/FileUtils( 2355): 	at libcore.io.BlockGuardOs.open(BlockGuardOs.java:186)
E/FileUtils( 2355): 	at libcore.io.IoBridge.open(IoBridge.java:442)
E/FileUtils( 2355): 	... 18 more
I/DroidFlux:Dispatcher( 2355): [STARTED] dispatch of action [FAKE_REDUCE_ACTION]
I/DroidFlux:Dispatcher( 2355): [COMPLETED] dispatch of action [FAKE_REDUCE_ACTION]
D/ActivityTestRule( 2355): Launching activity br.com.catbag.gifreduxsample.ui.GifListActivity
D/MonitoringInstrumentation( 2355): execStartActivity(context, ibinder, ibinder, activity, intent, int, bundle
I/ActivityManager( 1243): START u0 {flg=0x10000000 cmp=br.com.catbag.gifreduxsample/.ui.GifListActivity} from uid 10053 on display 0
V/WindowManager( 1243): addAppToken: AppWindowToken{451026b token=Token{6f8d3ba ActivityRecord{1468ece5 u0 br.com.catbag.gifreduxsample/.ui.GifListActivity t10}}} to stack=1 task=10 at 0
W/art     ( 1243): Long monitor contention event with owner method=int com.android.server.am.ActivityStackSupervisor.startActivityMayWait(android.app.IApplicationThread, int, java.lang.String, android.content.Intent, java.lang.String, android.service.voice.IVoiceInteractionSession, com.android.internal.app.IVoiceInteractor, android.os.IBinder, java.lang.String, int, int, android.app.ProfilerInfo, android.app.IActivityManager$WaitResult, android.content.res.Configuration, android.os.Bundle, int, android.app.IActivityContainer, com.android.server.am.TaskRecord) from ActivityStackSupervisor.java:857 waiters=0 for 251ms
V/WindowManager( 1243): Adding window Window{21322012 u0 Starting br.com.catbag.gifreduxsample} at 3 of 6 (after Window{1e9b4044 u0 br.com.catbag.gifreduxsample/br.com.catbag.gifreduxsample.ui.GifListActivity EXITING})
D/LifecycleMonitor( 2355): Lifecycle status change: br.com.catbag.gifreduxsample.ui.GifListActivity@8512e8a in: PRE_ON_CREATE
D/LifecycleMonitor( 2355): Lifecycle status change: br.com.catbag.gifreduxsample.ui.GifListActivity@8512e8a in: CREATED
I/DroidFlux:Dispatcher( 2355): [STARTED] dispatch of action [APP_STATE_LOAD]
D/DroidFlux:Dispatcher( 2355): An action of type [APP_STATE_LOAD] was dispatched, but no reducer handled it
I/DroidFlux:Dispatcher( 2355): [COMPLETED] dispatch of action [APP_STATE_LOAD]
D/LifecycleMonitor( 2355): Lifecycle status change: br.com.catbag.gifreduxsample.ui.GifListActivity@8512e8a in: STARTED
D/LifecycleMonitor( 2355): Lifecycle status change: br.com.catbag.gifreduxsample.ui.GifListActivity@8512e8a in: RESUMED
V/WindowManager( 1243): Adding window Window{81a11e0 u0 br.com.catbag.gifreduxsample/br.com.catbag.gifreduxsample.ui.GifListActivity} at 3 of 7 (before Window{21322012 u0 Starting br.com.catbag.gifreduxsample})
I/Choreographer( 1569): Skipped 80 frames!  The application may be doing too much work on its main thread.
E/Feed    ( 2355): Gif{uuid=ca830afd-a95a-45b6-aa82-1c93089b39a5, path=/null/test.gif, url=, title=, watched=false, status=DOWNLOADED}
E/Feed    ( 2355): pl.droidsonroids.gif.GifIOException: GifError 101: Failed to open given input
E/Feed    ( 2355): 	at pl.droidsonroids.gif.GifInfoHandle.openFile(Native Method)
E/Feed    ( 2355): 	at pl.droidsonroids.gif.GifInfoHandle.<init>(GifInfoHandle.java:46)
E/Feed    ( 2355): 	at pl.droidsonroids.gif.GifDrawable.<init>(GifDrawable.java:124)
E/Feed    ( 2355): 	at br.com.catbag.gifreduxsample.ui.components.FeedComponent.createDrawable(FeedComponent.java:104)
E/Feed    ( 2355): 	at br.com.catbag.gifreduxsample.ui.components.FeedComponent.lambda$renderGifView$2(FeedComponent.java:90)
E/Feed    ( 2355): 	at br.com.catbag.gifreduxsample.ui.components.FeedComponent$$Lambda$2.view(Unknown Source)
E/Feed    ( 2355): 	at trikita.anvil.BaseDSL.v(BaseDSL.java:670)
E/Feed    ( 2355): 	at br.com.catbag.gifreduxsample.ui.components.FeedComponent.renderGifView(FeedComponent.java:88)
E/Feed    ( 2355): 	at br.com.catbag.gifreduxsample.ui.components.FeedComponent.lambda$null$0(FeedComponent.java:55)
E/Feed    ( 2355): 	at br.com.catbag.gifreduxsample.ui.components.FeedComponent$$Lambda$3.view(Unknown Source)
E/Feed    ( 2355): 	at br.com.catbag.gifreduxsample.ui.components.GifsAdapter.view(GifsAdapter.java:55)
E/Feed    ( 2355): 	at trikita.anvil.RenderableRecyclerViewAdapter$1.view(RenderableRecyclerViewAdapter.java:24)
E/Feed    ( 2355): 	at trikita.anvil.Anvil$Mount.render(Anvil.java:204)
E/Feed    ( 2355): 	at trikita.anvil.Anvil.render(Anvil.java:173)
E/Feed    ( 2355): 	at trikita.anvil.RenderableRecyclerViewAdapter.onBindViewHolder(RenderableRecyclerViewAdapter.java:27)
E/Feed    ( 2355): 	at trikita.anvil.RenderableRecyclerViewAdapter.onBindViewHolder(RenderableRecyclerViewAdapter.java:7)
E/Feed    ( 2355): 	at android.support.v7.widget.RecyclerView$Adapter.onBindViewHolder(RecyclerView.java:5768)
E/Feed    ( 2355): 	at android.support.v7.widget.RecyclerView$Adapter.bindViewHolder(RecyclerView.java:5801)
E/Feed    ( 2355): 	at android.support.v7.widget.RecyclerView$Recycler.getViewForPosition(RecyclerView.java:5037)
E/Feed    ( 2355): 	at android.support.v7.widget.RecyclerView$Recycler.getViewForPosition(RecyclerView.java:4913)
E/Feed    ( 2355): 	at android.support.v7.widget.LinearLayoutManager$LayoutState.next(LinearLayoutManager.java:2029)
E/Feed    ( 2355): 	at android.support.v7.widget.LinearLayoutManager.layoutChunk(LinearLayoutManager.java:1414)
E/Feed    ( 2355): 	at android.support.v7.widget.LinearLayoutManager.fill(LinearLayoutManager.java:1377)
E/Feed    ( 2355): 	at android.support.v7.widget.LinearLayoutManager.onLayoutChildren(LinearLayoutManager.java:578)
E/Feed    ( 2355): 	at android.support.v7.widget.RecyclerView.dispatchLayoutStep2(RecyclerView.java:3260)
E/Feed    ( 2355): 	at android.support.v7.widget.RecyclerView.dispatchLayout(RecyclerView.java:3069)
E/Feed    ( 2355): 	at android.support.v7.widget.RecyclerView.onLayout(RecyclerView.java:3518)
E/Feed    ( 2355): 	at android.view.View.layout(View.java:15671)
E/Feed    ( 2355): 	at android.view.ViewGroup.layout(ViewGroup.java:5038)
E/Feed    ( 2355): 	at android.widget.FrameLayout.layoutChildren(FrameLayout.java:579)
E/Feed    ( 2355): 	at android.widget.FrameLayout.onLayout(FrameLayout.java:514)
E/Feed    ( 2355): 	at android.view.View.layout(View.java:15671)
E/Feed    ( 2355): 	at android.view.ViewGroup.layout(ViewGroup.java:5038)
E/Feed    ( 2355): 	at android.widget.RelativeLayout.onLayout(RelativeLayout.java:1076)
E/Feed    ( 2355): 	at android.view.View.layout(View.java:15671)
E/Feed    ( 2355): 	at android.view.ViewGroup.layout(ViewGroup.java:5038)
E/Feed    ( 2355): 	at android.widget.FrameLayout.layoutChildren(FrameLayout.java:579)
E/Feed    ( 2355): 	at android.widget.FrameLayout.onLayout(FrameLayout.java:514)
E/Feed    ( 2355): 	at android.view.View.layout(View.java:15671)
E/Feed    ( 2355): 	at android.view.ViewGroup.layout(ViewGroup.java:5038)
E/Feed    ( 2355): 	at android.support.v7.widget.ActionBarOverlayLayout.onLayout(ActionBarOverlayLayout.java:435)
E/Feed    ( 2355): 	at android.view.View.layout(View.java:15671)
E/Feed    ( 2355): 	at android.view.ViewGroup.layout(ViewGroup.java:5038)
E/Feed    ( 2355): 	at android.widget.FrameLayout.layoutChildren(FrameLayout.java:579)
E/Feed    ( 2355): 	at android.widget.FrameLayout.onLayout(FrameLayout.java:514)
E/Feed    ( 2355): 	at android.view.View.layout(View.java:15671)
E/Feed    ( 2355): 	at android.view.ViewGroup.layout(ViewGroup.java:5038)
E/Feed    ( 2355): 	at android.widget.LinearLayout.setChildFrame(LinearLayout.java:1703)
E/Feed    ( 2355): 	at android.widget.LinearLayout.layoutVertical(LinearLayout.java:1557)
E/Feed    ( 2355): 	at android.widget.LinearLayout.onLayout(LinearLayout.java:1466)
E/Feed    ( 2355): 	at android.view.View.layout(View.java:15671)
E/Feed    ( 2355): 	at android.view.ViewGroup.layout(ViewGroup.java:5038)
E/Feed    ( 2355): 	at android.widget.FrameLayout.layoutChildren(FrameLayout.java:579)
E/Feed    ( 2355): 	at android.widget.FrameLayout.o
I/art     ( 2355): Background partial concurrent mark sweep GC freed 18969(1638KB) AllocSpace objects, 11(177KB) LOS objects, 36% free, 6MB/10MB, paused 3.555ms total 677.714ms
D/gralloc (  923): Registering a buffer in the process that created it. This may cause memory ordering problems.
E/libEGL  (  923): called unimplemented OpenGL ES API
E/SurfaceFlinger(  923): glCheckFramebufferStatusOES error -847906629
E/SurfaceFlinger(  923): got GL_FRAMEBUFFER_COMPLETE_OES error while taking screenshot
W/WindowManager( 1243): Screenshot failure taking screenshot for (480x800) to layer 22020
I/TestRunner( 2355): failed: whenGifIsDownloadedTest(br.com.catbag.gifreduxsample.ui.giflist.GifListActivityTest)
I/TestRunner( 2355): ----- begin exception -----
I/TestRunner( 2355): android.support.test.espresso.base.DefaultFailureHandler$AssertionFailedWithCauseError: 'with a not null drawable' doesn't match the selected view.
I/TestRunner( 2355): Expected: with a not null drawable
I/TestRunner( 2355):      Got: "GifImageView{id=2131492949, res-name=gif_image, visibility=VISIBLE, width=432, height=480, has-focus=false, has-focusable=false, has-window-focus=true, is-clickable=false, is-enabled=true, is-focused=false, is-focusable=false, is-layout-requested=false, is-selected=false, root-is-layout-requested=false, has-input-connection=false, x=0.0, y=0.0}"
I/TestRunner( 2355): 
I/TestRunner( 2355): 	at dalvik.system.VMStack.getThreadStackTrace(Native Method)
I/TestRunner( 2355): 	at java.lang.Thread.getStackTrace(Thread.java:580)
I/TestRunner( 2355): 	at android.support.test.espresso.base.DefaultFailureHandler.getUserFriendlyError(DefaultFailureHandler.java:92)
I/TestRunner( 2355): 	at android.support.test.espresso.base.DefaultFailureHandler.handle(DefaultFailureHandler.java:56)
I/TestRunner( 2355): 	at android.support.test.espresso.ViewInteraction.runSynchronouslyOnUiThread(ViewInteraction.java:184)
I/TestRunner( 2355): 	at android.support.test.espresso.ViewInteraction.check(ViewInteraction.java:158)
I/TestRunner( 2355): 	at br.com.catbag.gifreduxsample.ui.giflist.GifListActivityTest.whenGifIsDownloadedTest(GifListActivityTest.java:115)
I/TestRunner( 2355): 	at java.lang.reflect.Method.invoke(Native Method)
I/TestRunner( 2355): 	at java.lang.reflect.Method.invoke(Method.java:372)
I/TestRunner( 2355): 	at org.junit.runners.model.FrameworkMethod$1.runReflectiveCall(FrameworkMethod.java:50)
I/TestRunner( 2355): 	at org.junit.internal.runners.model.ReflectiveCallable.run(ReflectiveCallable.java:12)
I/TestRunner( 2355): 	at org.junit.runners.model.FrameworkMethod.invokeExplosively(FrameworkMethod.java:47)
I/TestRunner( 2355): 	at org.junit.internal.runners.statements.InvokeMethod.evaluate(InvokeMethod.java:17)
I/TestRunner( 2355): 	at org.junit.internal.runners.statements.RunBefores.evaluate(RunBefores.java:26)
I/TestRunner( 2355): 	at org.junit.internal.runners.statements.RunAfters.evaluate(RunAfters.java:27)
I/TestRunner( 2355): 	at android.support.test.internal.statement.UiThreadStatement.evaluate(UiThreadStatement.java:55)
I/TestRunner( 2355): 	at android.support.test.rule.ActivityTestRule$ActivityStatement.evaluate(ActivityTestRule.java:270)
I/TestRunner( 2355): 	at org.junit.internal.runners.statements.FailOnTimeout$CallableStatement.call(FailOnTimeout.java:298)
I/TestRunner( 2355): 	at org.junit.internal.runners.statements.FailOnTimeout$CallableStatement.call(FailOnTimeout.java:292)
