--------- beginning of main
11-22 14:34:40.540  2134  2134 D AndroidRuntime: >>>>>> START com.android.internal.os.RuntimeInit uid 2000 <<<<<<
11-22 14:34:40.668  2134  2134 D AndroidRuntime: CheckJNI is ON
11-22 14:34:41.523  2134  2134 W art     : Unexpected CPU variant for X86 using defaults: x86
11-22 14:34:41.924  2134  2134 D ICU     : No timezone override file found: /data/misc/zoneinfo/current/icu/icu_tzdata.dat
11-22 14:34:42.761  2134  2134 E memtrack: Couldn't load memtrack module (No such file or directory)
11-22 14:34:42.785  2134  2134 E android.os.Debug: failed to load memtrack module: -2
11-22 14:34:42.853  2134  2134 I Radio-JNI: register_android_hardware_Radio DONE
11-22 14:34:43.147  2134  2134 D AndroidRuntime: Calling main entry com.android.commands.am.Am
11-22 14:34:43.291  2134  2134 D AndroidRuntime: Shutting down VM
11-22 14:34:44.459  2144  2144 D AndroidRuntime: >>>>>> START com.android.internal.os.RuntimeInit uid 2000 <<<<<<
11-22 14:34:44.467  2144  2144 D AndroidRuntime: CheckJNI is ON
11-22 14:34:44.527  2144  2144 W art     : Unexpected CPU variant for X86 using defaults: x86
11-22 14:34:44.539  2144  2144 D ICU     : No timezone override file found: /data/misc/zoneinfo/current/icu/icu_tzdata.dat
11-22 14:34:44.675  2144  2144 E memtrack: Couldn't load memtrack module (No such file or directory)
11-22 14:34:44.676  2144  2144 E android.os.Debug: failed to load memtrack module: -2
11-22 14:34:44.702  2144  2144 I Radio-JNI: register_android_hardware_Radio DONE
11-22 14:34:44.751  2144  2144 D AndroidRuntime: Calling main entry com.android.commands.pm.Pm
11-22 14:34:44.927  2144  2144 I art     : System.exit called, status: 0
11-22 14:34:44.928  2144  2144 I AndroidRuntime: VM exiting with result code 0.
11-22 14:34:45.740  1237  1574 W art     : Long monitor contention with owner android.io (1257) at void java.nio.ByteBuffer.<init>(int, int, int, int, byte[], int)(ByteBuffer.java:-1) waiters=0 in android.content.pm.PackageInstaller$SessionInfo com.android.server.pm.PackageInstallerService.getSessionInfo(int) for 567ms
11-22 14:34:47.526  2155  2155 D AndroidRuntime: >>>>>> START com.android.internal.os.RuntimeInit uid 2000 <<<<<<
11-22 14:34:47.529  2155  2155 D AndroidRuntime: CheckJNI is ON
11-22 14:34:47.695  2155  2155 W art     : Unexpected CPU variant for X86 using defaults: x86
11-22 14:34:47.720  2155  2155 D ICU     : No timezone override file found: /data/misc/zoneinfo/current/icu/icu_tzdata.dat
11-22 14:34:47.787  2155  2155 E memtrack: Couldn't load memtrack module (No such file or directory)
11-22 14:34:47.787  2155  2155 E android.os.Debug: failed to load memtrack module: -2
11-22 14:34:47.792  2155  2155 I Radio-JNI: register_android_hardware_Radio DONE
11-22 14:34:47.828  2155  2155 D AndroidRuntime: Calling main entry com.android.commands.pm.Pm
11-22 14:34:47.976   991   991 I         : free_cache(3800349) avail 512585728
11-22 14:34:56.909  2155  2155 I art     : System.exit called, status: 0
11-22 14:34:56.910  2155  2155 I AndroidRuntime: VM exiting with result code 0.
11-22 14:34:57.412  2167  2167 D AndroidRuntime: >>>>>> START com.android.internal.os.RuntimeInit uid 2000 <<<<<<
11-22 14:34:57.416  2167  2167 D AndroidRuntime: CheckJNI is ON
11-22 14:34:57.503  2167  2167 W art     : Unexpected CPU variant for X86 using defaults: x86
11-22 14:34:57.514  2167  2167 D ICU     : No timezone override file found: /data/misc/zoneinfo/current/icu/icu_tzdata.dat
11-22 14:34:57.552  2167  2167 E memtrack: Couldn't load memtrack module (No such file or directory)
11-22 14:34:57.552  2167  2167 E android.os.Debug: failed to load memtrack module: -2
11-22 14:34:57.556  2167  2167 I Radio-JNI: register_android_hardware_Radio DONE
11-22 14:34:57.582  2167  2167 D AndroidRuntime: Calling main entry com.android.commands.pm.Pm
--------- beginning of system
11-22 14:34:58.380  1237  1263 W ActivityManager: Slow operation: 231ms so far, now at startProcess: returned from zygote!
11-22 14:34:58.384  1237  1263 W ActivityManager: Slow operation: 235ms so far, now at startProcess: done updating battery stats
11-22 14:34:58.386  1237  1263 W ActivityManager: Slow operation: 237ms so far, now at startProcess: building log message
11-22 14:34:58.387  1237  1263 I ActivityManager: Start proc 2177:com.android.defcontainer/u0a5 for service com.android.defcontainer/.DefaultContainerService
11-22 14:34:58.388  1237  1263 W ActivityManager: Slow operation: 238ms so far, now at startProcess: starting to update pids map
11-22 14:34:58.388  1237  1263 W ActivityManager: Slow operation: 239ms so far, now at startProcess: done updating pids map
11-22 14:34:58.388  1237  1263 W ActivityManager: Slow operation: 251ms so far, now at startProcess: done starting proc!
11-22 14:34:58.472  2177  2177 W art     : Unexpected CPU variant for X86 using defaults: x86
11-22 14:34:59.304  1237  1263 I PackageManager.DexOptimizer: Running dexopt (dex2oat) on: /data/app/vmdl148547453.tmp/base.apk pkg=br.com.catbag.gifreduxsample isa=x86 vmSafeMode=false debuggable=true target-filter=interpret-only oatDir = /data/app/vmdl148547453.tmp/oat sharedLibraries=null
11-22 14:34:59.424  2192  2192 W dex2oat : Unexpected CPU variant for X86 using defaults: x86
11-22 14:34:59.428  2192  2192 W dex2oat : Mismatch between dex2oat instruction set features (ISA: X86 Feature string: smp,-ssse3,-sse4.1,-sse4.2,-avx,-avx2,-lock_add,-popcnt) and those of dex2oat executable (ISA: X86 Feature string: smp,ssse3,-sse4.1,-sse4.2,-avx,-avx2,-lock_add,-popcnt) for the command line:
11-22 14:34:59.428  2192  2192 W dex2oat : /system/bin/dex2oat --zip-fd=6 --zip-location=base.apk --oat-fd=7 --oat-location=/data/app/vmdl148547453.tmp/oat/x86/base.odex --instruction-set=x86 --instruction-set-variant=x86 --instruction-set-features=default --runtime-arg -Xms64m --runtime-arg -Xmx512m --compiler-filter=interpret-only --swap-fd=9 --debuggable
11-22 14:34:59.430  2192  2192 I dex2oat : /system/bin/dex2oat --compiler-filter=interpret-only --debuggable
11-22 14:35:03.659  2192  2192 W dex2oat : Before Android 4.1, method int android.support.v7.widget.ListViewCompat.lookForSelectablePosition(int, boolean) would have incorrectly overridden the package-private method in android.widget.ListView
11-22 14:35:03.787  2192  2192 W dex2oat : Before Android 4.1, method android.graphics.PorterDuffColorFilter android.support.graphics.drawable.VectorDrawableCompat.updateTintFilter(android.graphics.PorterDuffColorFilter, android.content.res.ColorStateList, android.graphics.PorterDuff$Mode) would have incorrectly overridden the package-private method in android.graphics.drawable.Drawable
11-22 14:35:15.564  2192  2192 W dex2oat : Verification of void org.immutables.value.internal.$processor$.meta.$StyleMirror.<init>(javax.lang.model.element.AnnotationMirror) took 122.161ms
11-22 14:35:40.189  2192  2192 W dex2oat : Compilation of void org.immutables.value.internal.$guava$.io.$ByteStreams$LimitedInputStream.reset() took 187.074ms
11-22 14:35:45.165  2192  2192 W dex2oat : Compilation of javax.lang.model.element.AnnotationMirror org.immutables.value.internal.$processor$.meta.$EnclosingMirror.getAnnotationMirror() took 152.010ms
11-22 14:35:50.222  2192  2192 W dex2oat : Compilation of java.util.Iterator com.google.common.collect.RegularContiguousSet.iterator() took 187.728ms
11-22 14:35:51.160  2192  2192 I dex2oat : dex2oat took 51.740s (threads: 1) arena alloc=1451KB (1486728B) java alloc=6MB (6985760B) native alloc=10MB (11325488B) free=2MB (2961360B)
11-22 14:35:51.712  1237  1263 W PackageManager: Not granting permission android.permission.SET_DEBUG_APP to package br.com.catbag.gifreduxsample (protectionLevel=50 flags=0x3848be46)
11-22 14:35:51.936  1237  1263 V BackupManagerService: restoreAtInstall pkg=br.com.catbag.gifreduxsample token=1 restoreSet=0
11-22 14:35:51.936  1237  1263 W BackupManagerService: Requested unavailable transport: android/com.android.internal.backup.LocalTransport
11-22 14:35:51.956  1237  1263 W BackupManagerService: No transport
11-22 14:35:51.956  1237  1263 V BackupManagerService: Finishing install immediately
11-22 14:35:52.020  1237  1263 I art     : Starting a blocking GC Explicit
11-22 14:35:52.023  1237  1638 I ActivityManager: Killing 1462:com.android.settings:CryptKeeper/1000 (adj 906): empty #17
11-22 14:35:52.876  1237  1263 I art     : Explicit concurrent mark sweep GC freed 37607(2MB) AllocSpace objects, 14(328KB) LOS objects, 33% free, 6MB/10MB, paused 9.188ms total 635.500ms
11-22 14:35:52.877  1237  1247 I art     : WaitForGcToComplete blocked for 748.687ms for cause Background
11-22 14:35:52.890   991   991 E         : Couldn't opendir /data/app/vmdl148547453.tmp: No such file or directory
11-22 14:35:53.027  2167  2167 I art     : System.exit called, status: 0
11-22 14:35:53.027  2167  2167 I AndroidRuntime: VM exiting with result code 0.
11-22 14:35:53.619  1237  1277 I InputReader: Reconfiguring input devices.  changes=0x00000010
11-22 14:35:53.844  1448  1448 D CarrierSvcBindHelper: No carrier app for: 0
11-22 14:35:53.964  1448  1448 D CarrierConfigLoader: mHandler: 9 phoneId: 0
11-22 14:35:54.812  1237  1250 W VoiceInteractionManagerService: no available voice recognition services found for user 0
11-22 14:35:54.834  1237  1250 W LocationProviderProxy-network: Odd, no component found for service com.android.location.service.v3.NetworkLocationProvider
11-22 14:35:54.835  1237  1250 W GeocoderProxy: Odd, no component found for service com.android.location.service.GeocodeProvider
11-22 14:35:54.835  1237  1250 W GeofenceProxy: Odd, no component found for service com.android.location.service.GeofenceProvider
11-22 14:35:54.836  1237  1250 W ActivityRecognitionProxy: Odd, no component found for service com.android.location.service.ActivityRecognitionProvider
11-22 14:35:55.735  2200  2200 D AndroidRuntime: >>>>>> START com.android.internal.os.RuntimeInit uid 2000 <<<<<<
11-22 14:35:55.804  2200  2200 D AndroidRuntime: CheckJNI is ON
11-22 14:35:55.874  1448  1455 I art     : Background partial concurrent mark sweep GC freed 28159(1872KB) AllocSpace objects, 1(20KB) LOS objects, 39% free, 2MB/4MB, paused 38.237ms total 1.993s
11-22 14:35:56.187  2200  2200 W art     : Unexpected CPU variant for X86 using defaults: x86
11-22 14:35:56.205  2200  2200 D ICU     : No timezone override file found: /data/misc/zoneinfo/current/icu/icu_tzdata.dat
11-22 14:35:56.254  2200  2200 E memtrack: Couldn't load memtrack module (No such file or directory)
11-22 14:35:56.254  2200  2200 E android.os.Debug: failed to load memtrack module: -2
11-22 14:35:56.257  2200  2200 I Radio-JNI: register_android_hardware_Radio DONE
11-22 14:35:56.286  2200  2200 D AndroidRuntime: Calling main entry com.android.commands.pm.Pm
11-22 14:35:56.326  2200  2200 I art     : System.exit called, status: 0
11-22 14:35:56.326  2200  2200 I AndroidRuntime: VM exiting with result code 0.
11-22 14:35:57.448  2218  2218 D AndroidRuntime: >>>>>> START com.android.internal.os.RuntimeInit uid 2000 <<<<<<
11-22 14:35:57.450  2218  2218 D AndroidRuntime: CheckJNI is ON
11-22 14:35:57.517  2218  2218 W art     : Unexpected CPU variant for X86 using defaults: x86
11-22 14:35:57.522  2218  2218 D ICU     : No timezone override file found: /data/misc/zoneinfo/current/icu/icu_tzdata.dat
11-22 14:35:57.577  2218  2218 E memtrack: Couldn't load memtrack module (No such file or directory)
11-22 14:35:57.577  2218  2218 E android.os.Debug: failed to load memtrack module: -2
11-22 14:35:57.579  2218  2218 I Radio-JNI: register_android_hardware_Radio DONE
11-22 14:35:57.613  2218  2218 D AndroidRuntime: Calling main entry com.android.commands.pm.Pm
11-22 14:35:57.649   991   991 I         : free_cache(2064657) avail 499138560
11-22 14:36:01.687  2218  2218 I art     : System.exit called, status: 0
11-22 14:36:01.688  2218  2218 I AndroidRuntime: VM exiting with result code 0.
11-22 14:36:02.196  2232  2232 D AndroidRuntime: >>>>>> START com.android.internal.os.RuntimeInit uid 2000 <<<<<<
11-22 14:36:02.199  2232  2232 D AndroidRuntime: CheckJNI is ON
11-22 14:36:02.257  2232  2232 W art     : Unexpected CPU variant for X86 using defaults: x86
11-22 14:36:02.261  2232  2232 D ICU     : No timezone override file found: /data/misc/zoneinfo/current/icu/icu_tzdata.dat
11-22 14:36:02.291  2232  2232 E memtrack: Couldn't load memtrack module (No such file or directory)
11-22 14:36:02.291  2232  2232 E android.os.Debug: failed to load memtrack module: -2
11-22 14:36:02.292  2232  2232 I Radio-JNI: register_android_hardware_Radio DONE
11-22 14:36:02.310  2232  2232 D AndroidRuntime: Calling main entry com.android.commands.pm.Pm
11-22 14:36:02.394  2177  2177 I art     : Waiting for a blocking GC DisableMovingGc
11-22 14:36:02.396  2177  2188 I art     : HomogeneousSpaceCompact marksweep + semispace GC freed 6699(432KB) AllocSpace objects, 0(0B) LOS objects, 39% free, 2MB/3MB, paused 5.063s total 768.552ms
11-22 14:36:02.397  2177  2177 I art     : Starting a blocking GC DisableMovingGc
11-22 14:36:02.468  1237  1667 I ActivityManager: Start proc 2243:com.svox.pico/u0a46 for broadcast com.svox.pico/.VoiceDataInstallerReceiver
11-22 14:36:02.487  2243  2243 W art     : Unexpected CPU variant for X86 using defaults: x86
11-22 14:36:02.658  1237  1263 I PackageManager.DexOptimizer: Running dexopt (dex2oat) on: /data/app/vmdl1950727251.tmp/base.apk pkg=br.com.catbag.gifreduxsample.test isa=x86 vmSafeMode=false debuggable=true target-filter=interpret-only oatDir = /data/app/vmdl1950727251.tmp/oat sharedLibraries=/system/framework/android.test.runner.jar
11-22 14:36:02.830  2257  2257 W dex2oat : Unexpected CPU variant for X86 using defaults: x86
11-22 14:36:02.830  2257  2257 W dex2oat : Mismatch between dex2oat instruction set features (ISA: X86 Feature string: smp,-ssse3,-sse4.1,-sse4.2,-avx,-avx2,-lock_add,-popcnt) and those of dex2oat executable (ISA: X86 Feature string: smp,ssse3,-sse4.1,-sse4.2,-avx,-avx2,-lock_add,-popcnt) for the command line:
11-22 14:36:02.830  2257  2257 W dex2oat : /system/bin/dex2oat --zip-fd=6 --zip-location=base.apk --oat-fd=7 --oat-location=/data/app/vmdl1950727251.tmp/oat/x86/base.odex --instruction-set=x86 --instruction-set-variant=x86 --instruction-set-features=default --runtime-arg -Xms64m --runtime-arg -Xmx512m --compiler-filter=interpret-only --swap-fd=9 --debuggable --runtime-arg -classpath --runtime-arg /system/framework/android.test.runner.jar
11-22 14:36:02.831  2257  2257 I dex2oat : /system/bin/dex2oat --compiler-filter=interpret-only --debuggable
11-22 14:36:12.146   998   998 E Netd    : Failed to dump IPv4 sockets for UID: No such file or directory
11-22 14:36:12.150  1237  1250 E NetworkManagement: Error closing sockets after enabling chain standby: android.os.ServiceSpecificException: destroySockets: No such file or directory
11-22 14:36:12.126   998   998 W Binder:998_2: type=1400 audit(0.0:8): avc: denied { module_request } for kmod="net-pf-16-proto-4-type-2" scontext=u:r:netd:s0 tcontext=u:r:kernel:s0 tclass=system permissive=0
11-22 14:36:29.849  2257  2257 W dex2oat : Compilation of void com.android.dx.BinaryOp$11.<init>(java.lang.String, int) took 164.569ms
11-22 14:36:35.056  2257  2257 I dex2oat : dex2oat took 32.226s (threads: 1) arena alloc=4KB (4648B) java alloc=3MB (3874192B) native alloc=6MB (6983032B) free=2MB (2454152B)
11-22 14:36:35.459  1237  1263 V BackupManagerService: restoreAtInstall pkg=br.com.catbag.gifreduxsample.test token=2 restoreSet=0
11-22 14:36:35.460  1237  1263 W BackupManagerService: Requested unavailable transport: android/com.android.internal.backup.LocalTransport
11-22 14:36:35.460  1237  1263 W BackupManagerService: No transport
11-22 14:36:35.460  1237  1263 V BackupManagerService: Finishing install immediately
11-22 14:36:35.576  1237  1263 I art     : Starting a blocking GC Explicit
11-22 14:36:35.759  1237  1263 I art     : Explicit concurrent mark sweep GC freed 39499(2MB) AllocSpace objects, 13(308KB) LOS objects, 33% free, 6MB/10MB, paused 9.679ms total 175.613ms
11-22 14:36:35.767   991   991 E         : Couldn't opendir /data/app/vmdl1950727251.tmp: No such file or directory
11-22 14:36:35.852  2232  2232 I art     : System.exit called, status: 0
11-22 14:36:35.854  1237  1277 I InputReader: Reconfiguring input devices.  changes=0x00000010
11-22 14:36:35.904  2232  2232 I AndroidRuntime: VM exiting with result code 0.
11-22 14:36:36.188  1448  1448 D CarrierSvcBindHelper: No carrier app for: 0
11-22 14:36:36.194  1448  1448 D CarrierConfigLoader: mHandler: 9 phoneId: 0
11-22 14:36:36.246  1237  1250 W VoiceInteractionManagerService: no available voice recognition services found for user 0
11-22 14:36:36.246  1237  1250 W LocationProviderProxy-network: Odd, no component found for service com.android.location.service.v3.NetworkLocationProvider
11-22 14:36:36.249  1237  1250 W GeocoderProxy: Odd, no component found for service com.android.location.service.GeocodeProvider
11-22 14:36:36.249  1237  1250 W GeofenceProxy: Odd, no component found for service com.android.location.service.GeofenceProvider
11-22 14:36:36.249  1237  1250 W ActivityRecognitionProxy: Odd, no component found for service com.android.location.service.ActivityRecognitionProvider
11-22 14:36:36.692  2266  2266 D AndroidRuntime: >>>>>> START com.android.internal.os.RuntimeInit uid 2000 <<<<<<
11-22 14:36:36.705  2266  2266 D AndroidRuntime: CheckJNI is ON
11-22 14:36:36.780  2266  2266 W art     : Unexpected CPU variant for X86 using defaults: x86
11-22 14:36:36.796  2266  2266 D ICU     : No timezone override file found: /data/misc/zoneinfo/current/icu/icu_tzdata.dat
11-22 14:36:36.839  2266  2266 E memtrack: Couldn't load memtrack module (No such file or directory)
11-22 14:36:36.839  2266  2266 E android.os.Debug: failed to load memtrack module: -2
11-22 14:36:36.841  2266  2266 I Radio-JNI: register_android_hardware_Radio DONE
11-22 14:36:36.874  2266  2266 D AndroidRuntime: Calling main entry com.android.commands.am.Am
11-22 14:36:36.904  1237  1645 I ActivityManager: Force stopping br.com.catbag.gifreduxsample appid=10060 user=0: start instr
11-22 14:36:36.942  1237  1645 I ActivityManager: Start proc 2276:br.com.catbag.gifreduxsample/u0a60 for added application br.com.catbag.gifreduxsample
11-22 14:36:36.958  2276  2276 I art     : Not late-enabling -Xcheck:jni (already on)
11-22 14:36:36.959  2276  2276 W art     : Unexpected CPU variant for X86 using defaults: x86
11-22 14:36:37.008  2276  2276 W System  : ClassLoader referenced unknown path: /data/app/br.com.catbag.gifreduxsample.test-1/lib/x86
11-22 14:36:37.021  2276  2276 W System  : ClassLoader referenced unknown path: 
11-22 14:36:37.117  2276  2276 W System.err: java.io.FileNotFoundException: /jacoco.exec (Read-only file system)
11-22 14:36:37.122  2276  2276 W System.err: 	at java.io.FileOutputStream.open(Native Method)
11-22 14:36:37.122  2276  2276 W System.err: 	at java.io.FileOutputStream.<init>(FileOutputStream.java:221)
11-22 14:36:37.124  2276  2276 W System.err: 	at org.jacoco.agent.rt.internal_e6e56f0.output.FileOutput.openFile(FileOutput.java:67)
11-22 14:36:37.124  2276  2276 W System.err: 	at org.jacoco.agent.rt.internal_e6e56f0.output.FileOutput.startup(FileOutput.java:49)
11-22 14:36:37.125  2276  2276 W System.err: 	at org.jacoco.agent.rt.internal_e6e56f0.Agent.startup(Agent.java:122)
11-22 14:36:37.125  2276  2276 W System.err: 	at org.jacoco.agent.rt.internal_e6e56f0.Agent.getInstance(Agent.java:50)
11-22 14:36:37.125  2276  2276 W System.err: 	at org.jacoco.agent.rt.internal_e6e56f0.Offline.<clinit>(Offline.java:31)
11-22 14:36:37.125  2276  2276 W System.err: 	at org.jacoco.agent.rt.internal_e6e56f0.Offline.getProbes(Offline.java:51)
11-22 14:36:37.125  2276  2276 W System.err: 	at br.com.catbag.gifreduxsample.MyApp.$jacocoInit(MyApp.java)
11-22 14:36:37.126  2276  2276 W System.err: 	at br.com.catbag.gifreduxsample.MyApp.<clinit>(MyApp.java)
11-22 14:36:37.126  2276  2276 W System.err: 	at java.lang.Class.newInstance(Native Method)
11-22 14:36:37.126  2276  2276 W System.err: 	at android.app.Instrumentation.newApplication(Instrumentation.java:1007)
11-22 14:36:37.126  2276  2276 W System.err: 	at android.app.Instrumentation.newApplication(Instrumentation.java:992)
11-22 14:36:37.126  2276  2276 W System.err: 	at android.app.LoadedApk.makeApplication(LoadedApk.java:796)
11-22 14:36:37.127  2276  2276 W System.err: 	at android.app.ActivityThread.handleBindApplication(ActivityThread.java:5335)
11-22 14:36:37.127  2276  2276 W System.err: 	at android.app.ActivityThread.-wrap2(ActivityThread.java)
11-22 14:36:37.127  2276  2276 W System.err: 	at android.app.ActivityThread$H.handleMessage(ActivityThread.java:1528)
11-22 14:36:37.127  2276  2276 W System.err: 	at android.os.Handler.dispatchMessage(Handler.java:102)
11-22 14:36:37.127  2276  2276 W System.err: 	at android.os.Looper.loop(Looper.java:154)
11-22 14:36:37.128  2276  2276 W System.err: 	at android.app.ActivityThread.main(ActivityThread.java:6077)
11-22 14:36:37.128  2276  2276 W System.err: 	at java.lang.reflect.Method.invoke(Native Method)
11-22 14:36:37.128  2276  2276 W System.err: 	at com.android.internal.os.ZygoteInit$MethodAndArgsCaller.run(ZygoteInit.java:865)
11-22 14:36:37.129  2276  2276 W System.err: 	at com.android.internal.os.ZygoteInit.main(ZygoteInit.java:755)
11-22 14:36:37.140  2276  2276 I MonitoringInstrumentation: Instrumentation Started!
11-22 14:36:37.148  2276  2276 I MonitoringInstrumentation: Setting context classloader to 'dalvik.system.PathClassLoader[DexPathList[[zip file "/system/framework/android.test.runner.jar", zip file "/data/app/br.com.catbag.gifreduxsample.test-1/base.apk", zip file "/data/app/br.com.catbag.gifreduxsample-1/base.apk"],nativeLibraryDirectories=[/data/app/br.com.catbag.gifreduxsample.test-1/lib/x86, /data/app/br.com.catbag.gifreduxsample-1/lib/x86, /system/fake-libs, /data/app/br.com.catbag.gifreduxsample.test-1/base.apk!/lib/x86, /data/app/br.com.catbag.gifreduxsample-1/base.apk!/lib/x86, /system/lib, /vendor/lib]]]', Original: 'dalvik.system.PathClassLoader[DexPathList[[zip file "/system/framework/android.test.runner.jar", zip file "/data/app/br.com.catbag.gifreduxsample.test-1/base.apk", zip file "/data/app/br.com.catbag.gifreduxsample-1/base.apk"],nativeLibraryDirectories=[/data/app/br.com.catbag.gifreduxsample.test-1/lib/x86, /data/app/br.com.catbag.gifreduxsample-1/lib/x86, /system/fake-libs, /data/app/br.com.catbag.gifreduxsample.test-1/base.apk!/lib/x86, /data/app/br.com.catbag.gifreduxsample-1/base.apk!/lib/x86, /system/lib, /vendor/lib]]]'
11-22 14:36:37.309  2276  2276 D NetworkSecurityConfig: No Network Security Config specified, using platform default
11-22 14:36:37.365  2276  2276 I MonitoringInstrumentation: No JSBridge.
11-22 14:36:37.400  2276  2291 I UsageTrackerFacilitator: Usage tracking enabled
11-22 14:36:37.402  2276  2291 I TestRequestBuilder: Scanning classpath to find tests in apks [/data/app/br.com.catbag.gifreduxsample.test-1/base.apk]
11-22 14:36:38.217  2276  2291 I art     : Rejecting re-init on previously-failed class java.lang.Class<org.objectweb.asm.commons.JSRInlinerAdapter>: java.lang.NoClassDefFoundError: Failed resolution of: Lorg/objectweb/asm/tree/MethodNode;
11-22 14:36:38.217  2276  2291 I art     :   at java.lang.Class java.lang.Class.classForName!(java.lang.String, boolean, java.lang.ClassLoader) (Class.java:-2)
11-22 14:36:38.217  2276  2291 I art     :   at java.lang.Class java.lang.Class.forName(java.lang.String, boolean, java.lang.ClassLoader) (Class.java:400)
11-22 14:36:38.217  2276  2291 I art     :   at java.lang.Class android.support.test.internal.runner.TestLoader.doLoadClass(java.lang.String) (TestLoader.java:92)
11-22 14:36:38.218  2276  2291 I art     :   at java.lang.Class android.support.test.internal.runner.TestLoader.loadIfTest(java.lang.String) (TestLoader.java:113)
11-22 14:36:38.218  2276  2291 I art     :   at void android.support.test.internal.runner.TestRequestBuilder.loadClassesFromClassPath(android.support.test.internal.runner.TestLoader, java.util.Set) (TestRequestBuilder.java:801)
11-22 14:36:38.218  2276  2291 I art     :   at android.support.test.internal.runner.TestRequest android.support.test.internal.runner.TestRequestBuilder.build() (TestRequestBuilder.java:747)
11-22 14:36:38.218  2276  2291 I art     :   at android.support.test.internal.runner.TestRequest android.support.test.runner.AndroidJUnitRunner.buildRequest(android.support.test.internal.runner.RunnerArgs, android.os.Bundle) (AndroidJUnitRunner.java:354)
11-22 14:36:38.218  2276  2291 I art     :   at void android.support.test.runner.AndroidJUnitRunner.onStart() (AndroidJUnitRunner.java:260)
11-22 14:36:38.218  2276  2291 I art     :   at void android.app.Instrumentation$InstrumentationThread.run() (Instrumentation.java:1932)
11-22 14:36:38.219  2276  2291 I art     : Caused by: java.lang.ClassNotFoundException: Didn't find class "org.objectweb.asm.tree.MethodNode" on path: DexPathList[[zip file "/system/framework/android.test.runner.jar", zip file "/data/app/br.com.catbag.gifreduxsample.test-1/base.apk", zip file "/data/app/br.com.catbag.gifreduxsample-1/base.apk"],nativeLibraryDirectories=[/data/app/br.com.catbag.gifreduxsample.test-1/lib/x86, /data/app/br.com.catbag.gifreduxsample-1/lib/x86, /system/fake-libs, /data/app/br.com.catbag.gifreduxsample.test-1/base.apk!/lib/x86, /data/app/br.com.catbag.gifreduxsample-1/base.apk!/lib/x86, /system/lib, /vendor/lib]]
11-22 14:36:38.219  2276  2291 I art     :   at java.lang.Class dalvik.system.BaseDexClassLoader.findClass(java.lang.String) (BaseDexClassLoader.java:56)
11-22 14:36:38.220  2276  2291 I art     :   at java.lang.Class java.lang.ClassLoader.loadClass(java.lang.String, boolean) (ClassLoader.java:380)
11-22 14:36:38.220  2276  2291 I art     :   at java.lang.Class java.lang.ClassLoader.loadClass(java.lang.String) (ClassLoader.java:312)
11-22 14:36:38.221  2276  2291 I art     :   at java.lang.Class java.lang.Class.classForName!(java.lang.String, boolean, java.lang.ClassLoader) (Class.java:-2)
11-22 14:36:38.221  2276  2291 I art     :   at java.lang.Class java.lang.Class.forName(java.lang.String, boolean, java.lang.ClassLoader) (Class.java:400)
11-22 14:36:38.222  2276  2291 I art     :   at java.lang.Class android.support.test.internal.runner.TestLoader.doLoadClass(java.lang.String) (TestLoader.java:92)
11-22 14:36:38.222  2276  2291 I art     :   at java.lang.Class android.support.test.internal.runner.TestLoader.loadIfTest(java.lang.String) (TestLoader.java:113)
11-22 14:36:38.222  2276  2291 I art     :   at void android.support.test.internal.runner.TestRequestBuilder.loadClassesFromClassPath(android.support.test.internal.runner.TestLoader, java.util.Set) (TestRequestBuilder.java:801)
11-22 14:36:38.222  2276  2291 I art     :   at android.support.test.internal.runner.TestRequest android.support.test.internal.runner.TestRequestBuilder.build() (TestRequestBuilder.java:747)
11-22 14:36:38.246  2276  2291 I art     :   at android.support.test.internal.runner.TestRequest android.support.test.runner.AndroidJUnitRunner.buildRequest(android.support.test.internal.runner.RunnerArgs, android.os.Bundle) (AndroidJUnitRunner.java:354)
11-22 14:36:38.246  2276  2291 I art     :   at void android.support.test.runner.AndroidJUnitRunner.onStart() (AndroidJUnitRunner.java:260)
11-22 14:36:38.246  2276  2291 I art     :   at void android.app.Instrumentation$InstrumentationThread.run() (Instrumentation.java:1932)
11-22 14:36:38.246  2276  2291 I art     : 
11-22 14:36:38.248  2276  2291 E TestLoader: Could not find class: org.objectweb.asm.commons.JSRInlinerAdapter
11-22 14:36:38.259  2276  2291 I art     : Rejecting re-init on previously-failed class java.lang.Class<org.objectweb.asm.commons.TryCatchBlockSorter>: java.lang.NoClassDefFoundError: Failed resolution of: Lorg/objectweb/asm/tree/MethodNode;
11-22 14:36:38.259  2276  2291 I art     :   at java.lang.Class java.lang.Class.classForName!(java.lang.String, boolean, java.lang.ClassLoader) (Class.java:-2)
11-22 14:36:38.260  2276  2291 I art     :   at java.lang.Class java.lang.Class.forName(java.lang.String, boolean, java.lang.ClassLoader) (Class.java:400)
11-22 14:36:38.260  2276  2291 I art     :   at java.lang.Class android.support.test.internal.runner.TestLoader.doLoadClass(java.lang.String) (TestLoader.java:92)
11-22 14:36:38.260  2276  2291 I art     :   at java.lang.Class android.support.test.internal.runner.TestLoader.loadIfTest(java.lang.String) (TestLoader.java:113)
11-22 14:36:38.260  2276  2291 I art     :   at void android.support.test.internal.runner.TestRequestBuilder.loadClassesFromClassPath(android.support.test.internal.runner.TestLoader, java.util.Set) (TestRequestBuilder.java:801)
11-22 14:36:38.260  2276  2291 I art     :   at android.support.test.internal.runner.TestRequest android.support.test.internal.runner.TestRequestBuilder.build() (TestRequestBuilder.java:747)
11-22 14:36:38.260  2276  2291 I art     :   at android.support.test.internal.runner.TestRequest android.support.test.runner.AndroidJUnitRunner.buildRequest(android.support.test.internal.runner.RunnerArgs, android.os.Bundle) (AndroidJUnitRunner.java:354)
11-22 14:36:38.260  2276  2291 I art     :   at void android.support.test.runner.AndroidJUnitRunner.onStart() (AndroidJUnitRunner.java:260)
11-22 14:36:38.261  2276  2291 I art     :   at void android.app.Instrumentation$InstrumentationThread.run() (Instrumentation.java:1932)
11-22 14:36:38.261  2276  2291 I art     : Caused by: java.lang.ClassNotFoundException: Didn't find class "org.objectweb.asm.tree.MethodNode" on path: DexPathList[[zip file "/system/framework/android.test.runner.jar", zip file "/data/app/br.com.catbag.gifreduxsample.test-1/base.apk", zip file "/data/app/br.com.catbag.gifreduxsample-1/base.apk"],nativeLibraryDirectories=[/data/app/br.com.catbag.gifreduxsample.test-1/lib/x86, /data/app/br.com.catbag.gifreduxsample-1/lib/x86, /system/fake-libs, /data/app/br.com.catbag.gifreduxsample.test-1/base.apk!/lib/x86, /data/app/br.com.catbag.gifreduxsample-1/base.apk!/lib/x86, /system/lib, /vendor/lib]]
11-22 14:36:38.261  2276  2291 I art     :   at java.lang.Class dalvik.system.BaseDexClassLoader.findClass(java.lang.String) (BaseDexClassLoader.java:56)
11-22 14:36:38.261  2276  2291 I art     :   at java.lang.Class java.lang.ClassLoader.loadClass(java.lang.String, boolean) (ClassLoader.java:380)
11-22 14:36:38.261  2276  2291 I art     :   at java.lang.Class java.lang.ClassLoader.loadClass(java.lang.String) (ClassLoader.java:312)
11-22 14:36:38.261  2276  2291 I art     :   at java.lang.Class java.lang.Class.classForName!(java.lang.String, boolean, java.lang.ClassLoader) (Class.java:-2)
11-22 14:36:38.261  2276  2291 I art     :   at java.lang.Class java.lang.Class.forName(java.lang.String, boolean, java.lang.ClassLoader) (Class.java:400)
11-22 14:36:38.261  2276  2291 I art     :   at java.lang.Class android.support.test.internal.runner.TestLoader.doLoadClass(java.lang.String) (TestLoader.java:92)
11-22 14:36:38.262  2276  2291 I art     :   at java.lang.Class android.support.test.internal.runner.TestLoader.loadIfTest(java.lang.String) (TestLoader.java:113)
11-22 14:36:38.262  2276  2291 I art     :   at void android.support.test.internal.runner.TestRequestBuilder.loadClassesFromClassPath(android.support.test.internal.runner.TestLoader, java.util.Set) (TestRequestBuilder.java:801)
11-22 14:36:38.262  2276  2291 I art     :   at android.support.test.internal.runner.TestRequest android.support.test.internal.runner.TestRequestBuilder.build() (TestRequestBuilder.java:747)
11-22 14:36:38.262  2276  2291 I art     :   at android.support.test.internal.runner.TestRequest android.support.test.runner.AndroidJUnitRunner.buildRequest(android.support.test.internal.runner.RunnerArgs, android.os.Bundle) (AndroidJUnitRunner.java:354)
11-22 14:36:38.262  2276  2291 I art     :   at void android.support.test.runner.AndroidJUnitRunner.onStart() (AndroidJUnitRunner.java:260)
11-22 14:36:38.262  2276  2291 I art     :   at void android.app.Instrumentation$InstrumentationThread.run() (Instrumentation.java:1932)
11-22 14:36:38.262  2276  2291 I art     : 
11-22 14:36:38.264  2276  2291 E TestLoader: Could not find class: org.objectweb.asm.commons.TryCatchBlockSorter
11-22 14:36:38.348  2276  2291 D TestExecutor: Adding listener android.support.test.internal.runner.listener.LogRunListener
11-22 14:36:38.349  2276  2291 D TestExecutor: Adding listener android.support.test.internal.runner.listener.InstrumentationResultPrinter
11-22 14:36:38.349  2276  2291 D TestExecutor: Adding listener android.support.test.internal.runner.listener.ActivityFinisherRunListener
11-22 14:36:38.349  2276  2291 D TestExecutor: Adding listener android.support.test.internal.runner.listener.CoverageListener
11-22 14:36:38.360  2276  2291 I TestRunner: run started: 11 tests
11-22 14:36:38.554  2276  2291 W art     : Verification of void br.com.catbag.gifreduxsample.ui.giflist.GifListActivityTest.whenLoadMultipleGifsOnAppStateTest() took 161.838ms
11-22 14:36:38.574  2276  2291 I TestRunner: started: whenScrollDownAndPlayLastItemTest(br.com.catbag.gifreduxsample.ui.giflist.GifListActivityTest)
11-22 14:36:38.581  2276  2276 I MonitoringInstrumentation: Activities that are still in CREATED to STOPPED: 0
11-22 14:36:38.823  2276  2287 I art     : Background sticky concurrent mark sweep GC freed 144522(5MB) AllocSpace objects, 0(0B) LOS objects, 46% free, 3MB/6MB, paused 19.097ms total 913.002ms
11-22 14:36:39.121  2294  2294 W dex2oat : Unexpected CPU variant for X86 using defaults: x86
11-22 14:36:39.121  2294  2294 W dex2oat : Mismatch between dex2oat instruction set features (ISA: X86 Feature string: smp,-ssse3,-sse4.1,-sse4.2,-avx,-avx2,-lock_add,-popcnt) and those of dex2oat executable (ISA: X86 Feature string: smp,ssse3,-sse4.1,-sse4.2,-avx,-avx2,-lock_add,-popcnt) for the command line:
11-22 14:36:39.134  2294  2294 W dex2oat : /system/bin/dex2oat --runtime-arg -classpath --runtime-arg & --instruction-set=x86 --instruction-set-features=smp,ssse3,-sse4.1,-sse4.2,-avx,-avx2,-lock_add,-popcnt --runtime-arg -Xrelocate --boot-image=/system/framework/boot.art --runtime-arg -Xms64m --runtime-arg -Xmx512m --instruction-set-variant=x86 --instruction-set-features=default --dex-file=/data/user/0/br.com.catbag.gifreduxsample/app_dxmaker_cache/Generated_553233834.jar --oat-fd=38 --oat-location=/data/user/0/br.com.catbag.gifreduxsample/app_dxmaker_cache/Generated_553233834.dex --compiler-filter=speed
11-22 14:36:39.135  2294  2294 I dex2oat : /system/bin/dex2oat --dex-file=/data/user/0/br.com.catbag.gifreduxsample/app_dxmaker_cache/Generated_553233834.jar --oat-fd=38 --oat-location=/data/user/0/br.com.catbag.gifreduxsample/app_dxmaker_cache/Generated_553233834.dex --compiler-filter=speed
11-22 14:36:39.380  2294  2294 I dex2oat : dex2oat took 258.625ms (threads: 1) arena alloc=41KB (42016B) java alloc=28KB (28768B) native alloc=734KB (752296B) free=801KB (820568B)
11-22 14:36:39.469  1237  1441 D VoldConnector: SND -> {29 volume mkdirs /storage/emulated/0/Android/data/br.com.catbag.gifreduxsample/cache/}
11-22 14:36:39.499  1237  1280 D VoldConnector: RCV <- {200 29 Command succeeded}
11-22 14:36:39.547  2276  2292 I DroidFlux:Dispatcher: [STARTED] dispatch of action [FAKE_REDUCE_ACTION]
11-22 14:36:39.553  2276  2292 I DroidFlux:Dispatcher: [COMPLETED] dispatch of action [FAKE_REDUCE_ACTION]
11-22 14:36:39.568  2276  2293 D ActivityTestRule: Launching activity br.com.catbag.gifreduxsample.ui.GifListActivity
11-22 14:36:39.576  2276  2296 D MonitoringInstrumentation: execStartActivity(context, ibinder, ibinder, activity, intent, int, bundle
11-22 14:36:39.586  1237  1669 I ActivityManager: START u0 {flg=0x14000000 cmp=br.com.catbag.gifreduxsample/.ui.GifListActivity} from uid 10060 on display 0
11-22 14:36:40.200  2276  2276 D LifecycleMonitor: Lifecycle status change: br.com.catbag.gifreduxsample.ui.GifListActivity@e2200a8 in: PRE_ON_CREATE
11-22 14:36:40.419  1237  1258 I Choreographer: Skipped 44 frames!  The application may be doing too much work on its main thread.
11-22 14:36:40.599  1237  1258 I Choreographer: Skipped 44 frames!  The application may be doing too much work on its main thread.
11-22 14:36:40.772  1730  1730 I Choreographer: Skipped 33 frames!  The application may be doing too much work on its main thread.
11-22 14:36:41.389  2276  2276 D LifecycleMonitor: Lifecycle status change: br.com.catbag.gifreduxsample.ui.GifListActivity@e2200a8 in: CREATED
11-22 14:36:41.390  2276  2292 I DroidFlux:Dispatcher: [STARTED] dispatch of action [GIF_LIST_FETCHING]
11-22 14:36:41.394  2276  2276 D LifecycleMonitor: Lifecycle status change: br.com.catbag.gifreduxsample.ui.GifListActivity@e2200a8 in: STARTED
11-22 14:36:41.414  2276  2276 D LifecycleMonitor: Lifecycle status change: br.com.catbag.gifreduxsample.ui.GifListActivity@e2200a8 in: RESUMED
11-22 14:36:41.442  2276  2292 D DroidFlux:Dispatcher: An action of type [GIF_LIST_FETCHING] was dispatched, but no reducer handled it
11-22 14:36:41.442  2276  2292 I DroidFlux:Dispatcher: [COMPLETED] dispatch of action [GIF_LIST_FETCHING]
11-22 14:36:41.638  2177  2188 W art     : Suspending all threads took: 876.068ms
11-22 14:36:41.890  2276  2276 D gralloc_ranchu: Emulator without host-side GPU emulation detected.
11-22 14:36:42.085  1237  1258 I ActivityManager: Displayed br.com.catbag.gifreduxsample/.ui.GifListActivity: +2s173ms
11-22 14:36:42.241  2276  2293 D InputManagerEventInjectionStrategy: Creating injection strategy with input manager.
11-22 14:36:42.312  2276  2276 I Choreographer: Skipped 54 frames!  The application may be doing too much work on its main thread.
11-22 14:36:42.383  1237  1258 I WindowManager: Destroying surface Surface(name=Starting br.com.catbag.gifreduxsample) called by com.android.server.wm.WindowStateAnimator.destroySurface:2014 com.android.server.wm.WindowStateAnimator.destroySurfaceLocked:881 com.android.server.wm.WindowState.destroyOrSaveSurface:2073 com.android.server.wm.AppWindowToken.destroySurfaces:363 com.android.server.wm.WindowStateAnimator.finishExit:565 com.android.server.wm.WindowStateAnimator.stepAnimationLocked:491 com.android.server.wm.WindowAnimator.updateWindowsLocked:303 com.android.server.wm.WindowAnimator.animateLocked:704 
11-22 14:36:42.441  2276  2276 W ResourceType: No package identifier when getting name for resource number 0x00000001
11-22 14:36:42.445  2276  2276 I ViewInteraction: Performing 'scroll RecyclerView to position: 4' action on view with id: 1 (resource name not found)
11-22 14:36:42.616  2276  2287 I art     : Background partial concurrent mark sweep GC freed 17188(1366KB) AllocSpace objects, 2(40KB) LOS objects, 39% free, 5MB/8MB, paused 11.838ms total 140.481ms
11-22 14:36:42.656  1237  1323 E TaskPersister: File error accessing recents directory (directory doesn't exist?).
11-22 14:36:42.769  1237  1667 I WindowManager: Destroying surface Surface(name=com.android.launcher3/com.android.launcher3.Launcher) called by com.android.server.wm.WindowStateAnimator.destroySurface:2014 com.android.server.wm.WindowStateAnimator.destroySurfaceLocked:881 com.android.server.wm.WindowState.destroyOrSaveSurface:2073 com.android.server.wm.AppWindowToken.destroySurfaces:363 com.android.server.wm.AppWindowToken.notifyAppStopped:389 com.android.server.wm.WindowManagerService.notifyAppStopped:4456 com.android.server.am.ActivityStack.activityStoppedLocked:1252 com.android.server.am.ActivityManagerService.activityStopped:6873 
11-22 14:36:42.828  1237  1248 I ActivityManager: Killing 1723:com.android.sdksetup/u0a16 (adj 906): empty #17
11-22 14:36:42.882  2276  2276 W ResourceType: No package identifier when getting name for resource number 0x00000001
11-22 14:36:43.022  2276  2276 I Choreographer: Skipped 48 frames!  The application may be doing too much work on its main thread.
11-22 14:36:43.071  2276  2276 W ResourceType: No package identifier when getting name for resource number 0x00000004
11-22 14:36:43.076  2276  2276 I ViewInteraction: Performing 'single click' action on view with id: 4 (resource name not found)
11-22 14:36:43.310  2276  2276 I Choreographer: Skipped 40 frames!  The application may be doing too much work on its main thread.
11-22 14:36:43.356  1237  1321 D LightsService: Excessive delay setting light: 73ms
11-22 14:36:43.471  2276  2292 I DroidFlux:Dispatcher: [STARTED] dispatch of action [GIF_PLAY]
11-22 14:36:43.509  2276  2292 I DroidFlux:Dispatcher: [COMPLETED] dispatch of action [GIF_PLAY]
11-22 14:36:43.657  1237  1312 W AudioTrack: AUDIO_OUTPUT_FLAG_FAST denied by client; transfer 4, track 48000 Hz, output 44100 Hz
11-22 14:36:43.774   986  1030 D AudioFlinger: mixer(0xabd83800) throttle end: throttle time(9)
11-22 14:36:43.794   986  1030 D AudioFlinger: mixer(0xabd83800) throttle end: throttle time(10)
11-22 14:36:44.395  2276  2291 I TestRunner: finished: whenScrollDownAndPlayLastItemTest(br.com.catbag.gifreduxsample.ui.giflist.GifListActivityTest)
11-22 14:36:44.538  2276  2276 D LifecycleMonitor: Lifecycle status change: br.com.catbag.gifreduxsample.ui.GifListActivity@e2200a8 in: PAUSED
11-22 14:36:44.616   978   978 D gralloc : Registering a buffer in the process that created it. This may cause memory ordering problems.
11-22 14:36:44.617   978   978 E libEGL  : called unimplemented OpenGL ES API
11-22 14:36:44.617   978   978 E SurfaceFlinger: glCheckFramebufferStatusOES error -944636200
11-22 14:36:44.618   978   978 E SurfaceFlinger: got GL_FRAMEBUFFER_COMPLETE_OES error while taking screenshot
11-22 14:36:44.631  1237  1642 W WindowManager: Screenshot failure taking screenshot for (480x800) to layer 21005
11-22 14:36:44.652  1237  1251 W art     : Long monitor contention with owner Binder:1237_7 (1642) at void com.android.server.am.ActivityManagerService.activityPaused(android.os.IBinder)(ActivityManagerService.java:6849) waiters=0 in void com.android.server.am.ActivityStackSupervisor$ActivityStackSupervisorHandler.activityIdleInternal(com.android.server.am.ActivityRecord) for 111ms
11-22 14:36:44.668  2276  2276 I MonitoringInstrumentation: Activities that are still in CREATED to STOPPED: 1
11-22 14:36:44.668  2276  2276 I Choreographer: Skipped 34 frames!  The application may be doing too much work on its main thread.
11-22 14:36:44.671  2276  2291 I TestRunner: started: whenGifIsNotWatchedTest(br.com.catbag.gifreduxsample.ui.giflist.GifListActivityTest)
11-22 14:36:44.724  2276  2276 I MonitoringInstrumentation: Activities that are still in CREATED to STOPPED: 1
11-22 14:36:44.732  2276  2292 I DroidFlux:Dispatcher: [STARTED] dispatch of action [FAKE_REDUCE_ACTION]
11-22 14:36:44.782  2276  2292 I DroidFlux:Dispatcher: [COMPLETED] dispatch of action [FAKE_REDUCE_ACTION]
11-22 14:36:44.820  2276  2281 I art     : Do partial code cache collection, code=28KB, data=30KB
11-22 14:36:44.820  2276  2281 I art     : After code cache collection, code=26KB, data=29KB
11-22 14:36:44.820  2276  2281 I art     : Increasing code cache capacity to 128KB
11-22 14:36:44.827  2276  2302 D ActivityTestRule: Launching activity br.com.catbag.gifreduxsample.ui.GifListActivity
11-22 14:36:44.835  2276  2303 D MonitoringInstrumentation: execStartActivity(context, ibinder, ibinder, activity, intent, int, bundle
11-22 14:36:44.836  1237  1441 I ActivityManager: START u0 {flg=0x10000000 cmp=br.com.catbag.gifreduxsample/.ui.GifListActivity} from uid 10060 on display 0
11-22 14:36:44.920  1237  1258 I Choreographer: Skipped 30 frames!  The application may be doing too much work on its main thread.
11-22 14:36:45.140  1237  1258 I Choreographer: Skipped 44 frames!  The application may be doing too much work on its main thread.
11-22 14:36:45.207  1730  1730 I Choreographer: Skipped 108 frames!  The application may be doing too much work on its main thread.
11-22 14:36:45.447  1730  1730 I Choreographer: Skipped 60 frames!  The application may be doing too much work on its main thread.
11-22 14:36:45.492  2276  2276 D LifecycleMonitor: Lifecycle status change: br.com.catbag.gifreduxsample.ui.GifListActivity@c566ae5 in: PRE_ON_CREATE
11-22 14:36:45.587  2276  2276 D LifecycleMonitor: Lifecycle status change: br.com.catbag.gifreduxsample.ui.GifListActivity@c566ae5 in: CREATED
11-22 14:36:45.590  2276  2292 I DroidFlux:Dispatcher: [STARTED] dispatch of action [GIF_LIST_FETCHING]
11-22 14:36:45.591  2276  2292 D DroidFlux:Dispatcher: An action of type [GIF_LIST_FETCHING] was dispatched, but no reducer handled it
11-22 14:36:45.591  2276  2292 I DroidFlux:Dispatcher: [COMPLETED] dispatch of action [GIF_LIST_FETCHING]
11-22 14:36:45.591  2276  2276 D LifecycleMonitor: Lifecycle status change: br.com.catbag.gifreduxsample.ui.GifListActivity@c566ae5 in: STARTED
11-22 14:36:45.600  2276  2276 D LifecycleMonitor: Lifecycle status change: br.com.catbag.gifreduxsample.ui.GifListActivity@c566ae5 in: RESUMED
11-22 14:36:45.639  1237  1258 I Choreographer: Skipped 36 frames!  The application may be doing too much work on its main thread.
11-22 14:36:45.650  2276  2276 I Choreographer: Skipped 63 frames!  The application may be doing too much work on its main thread.
11-22 14:36:46.091  2276  2276 E Feed    : Gif{uuid=7a3e5950-5a31-4e6c-aec0-7b5578deaaf6, path=, url=, title=, watched=false, status=DOWNLOADED}
11-22 14:36:46.091  2276  2276 E Feed    : pl.droidsonroids.gif.GifIOException: GifError 101: Failed to open given input
11-22 14:36:46.091  2276  2276 E Feed    : 	at pl.droidsonroids.gif.GifInfoHandle.openFile(Native Method)
11-22 14:36:46.091  2276  2276 E Feed    : 	at pl.droidsonroids.gif.GifInfoHandle.<init>(GifInfoHandle.java:46)
11-22 14:36:46.091  2276  2276 E Feed    : 	at pl.droidsonroids.gif.GifDrawable.<init>(GifDrawable.java:124)
11-22 14:36:46.091  2276  2276 E Feed    : 	at br.com.catbag.gifreduxsample.ui.components.FeedComponent.createDrawable(FeedComponent.java:104)
11-22 14:36:46.091  2276  2276 E Feed    : 	at br.com.catbag.gifreduxsample.ui.components.FeedComponent.lambda$renderGifView$2(FeedComponent.java:90)
11-22 14:36:46.091  2276  2276 E Feed    : 	at br.com.catbag.gifreduxsample.ui.components.FeedComponent$$Lambda$2.view(Unknown Source)
11-22 14:36:46.091  2276  2276 E Feed    : 	at trikita.anvil.BaseDSL.v(BaseDSL.java:670)
11-22 14:36:46.091  2276  2276 E Feed    : 	at br.com.catbag.gifreduxsample.ui.components.FeedComponent.renderGifView(FeedComponent.java:88)
11-22 14:36:46.091  2276  2276 E Feed    : 	at br.com.catbag.gifreduxsample.ui.components.FeedComponent.lambda$null$0(FeedComponent.java:55)
11-22 14:36:46.091  2276  2276 E Feed    : 	at br.com.catbag.gifreduxsample.ui.components.FeedComponent$$Lambda$3.view(Unknown Source)
11-22 14:36:46.091  2276  2276 E Feed    : 	at br.com.catbag.gifreduxsample.ui.components.GifsAdapter.view(GifsAdapter.java:55)
11-22 14:36:46.091  2276  2276 E Feed    : 	at trikita.anvil.RenderableRecyclerViewAdapter$1.view(RenderableRecyclerViewAdapter.java:24)
11-22 14:36:46.091  2276  2276 E Feed    : 	at trikita.anvil.Anvil$Mount.render(Anvil.java:204)
11-22 14:36:46.091  2276  2276 E Feed    : 	at trikita.anvil.Anvil.render(Anvil.java:173)
11-22 14:36:46.091  2276  2276 E Feed    : 	at trikita.anvil.RenderableRecyclerViewAdapter.onBindViewHolder(RenderableRecyclerViewAdapter.java:27)
11-22 14:36:46.091  2276  2276 E Feed    : 	at trikita.anvil.RenderableRecyclerViewAdapter.onBindViewHolder(RenderableRecyclerViewAdapter.java:7)
11-22 14:36:46.091  2276  2276 E Feed    : 	at android.support.v7.widget.RecyclerView$Adapter.onBindViewHolder(RecyclerView.java:5768)
11-22 14:36:46.091  2276  2276 E Feed    : 	at android.support.v7.widget.RecyclerView$Adapter.bindViewHolder(RecyclerView.java:5801)
11-22 14:36:46.091  2276  2276 E Feed    : 	at android.support.v7.widget.RecyclerView$Recycler.getViewForPosition(RecyclerView.java:5037)
11-22 14:36:46.091  2276  2276 E Feed    : 	at android.support.v7.widget.RecyclerView$Recycler.getViewForPosition(RecyclerView.java:4913)
11-22 14:36:46.091  2276  2276 E Feed    : 	at android.support.v7.widget.LinearLayoutManager$LayoutState.next(LinearLayoutManager.java:2029)
11-22 14:36:46.091  2276  2276 E Feed    : 	at android.support.v7.widget.LinearLayoutManager.layoutChunk(LinearLayoutManager.java:1414)
11-22 14:36:46.091  2276  2276 E Feed    : 	at android.support.v7.widget.LinearLayoutManager.fill(LinearLayoutManager.java:1377)
11-22 14:36:46.091  2276  2276 E Feed    : 	at android.support.v7.widget.LinearLayoutManager.onLayoutChildren(LinearLayoutManager.java:578)
11-22 14:36:46.091  2276  2276 E Feed    : 	at android.support.v7.widget.RecyclerView.dispatchLayoutStep2(RecyclerView.java:3260)
11-22 14:36:46.091  2276  2276 E Feed    : 	at android.support.v7.widget.RecyclerView.dispatchLayout(RecyclerView.java:3069)
11-22 14:36:46.091  2276  2276 E Feed    : 	at android.support.v7.widget.RecyclerView.onLayout(RecyclerView.java:3518)
11-22 14:36:46.091  2276  2276 E Feed    : 	at android.view.View.layout(View.java:17520)
11-22 14:36:46.091  2276  2276 E Feed    : 	at android.view.ViewGroup.layout(ViewGroup.java:5612)
11-22 14:36:46.091  2276  2276 E Feed    : 	at android.widget.FrameLayout.layoutChildren(FrameLayout.java:323)
11-22 14:36:46.091  2276  2276 E Feed    : 	at android.widget.FrameLayout.onLayout(FrameLayout.java:261)
11-22 14:36:46.091  2276  2276 E Feed    : 	at android.view.View.layout(View.java:17520)
11-22 14:36:46.091  2276  2276 E Feed    : 	at android.view.ViewGroup.layout(ViewGroup.java:5612)
11-22 14:36:46.091  2276  2276 E Feed    : 	at android.widget.RelativeLayout.onLayout(RelativeLayout.java:1079)
11-22 14:36:46.091  2276  2276 E Feed    : 	at android.view.View.layout(View.java:17520)
11-22 14:36:46.091  2276  2276 E Feed    : 	at android.view.ViewGroup.layout(ViewGroup.java:5612)
