11-23 19:04:39.423  2308  2324 I TestRunner: 	at android.os.Handler.dispatchMessage(Handler.java:95)
11-23 19:04:39.423  2308  2324 I TestRunner: 	at android.os.Looper.loop(Looper.java:154)
11-23 19:04:39.423  2308  2324 I TestRunner: 	at android.app.ActivityThread.main(ActivityThread.java:6077)
11-23 19:04:39.423  2308  2324 I TestRunner: 	at java.lang.reflect.Method.invoke(Native Method)
11-23 19:04:39.423  2308  2324 I TestRunner: 	at com.android.internal.os.ZygoteInit$MethodAndArgsCaller.run(ZygoteInit.java:865)
11-23 19:04:39.423  2308  2324 I TestRunner: 	at com.android.internal.os.ZygoteInit.main(ZygoteInit.java:755)
11-23 19:04:39.423  2308  2324 I TestRunner: ----- end exception -----
11-23 19:04:39.436  2308  2324 I TestRunner: finished: whenListKeepOrderedAfterPlayTest(br.com.catbag.gifreduxsample.ui.giflist.GifListActivityTest)
11-23 19:04:39.594   978   978 D gralloc : Registering a buffer in the process that created it. This may cause memory ordering problems.
11-23 19:04:39.595   978   978 E libEGL  : called unimplemented OpenGL ES API
11-23 19:04:39.595   978   978 E SurfaceFlinger: glCheckFramebufferStatusOES error -221756020
11-23 19:04:39.596   978   978 E SurfaceFlinger: got GL_FRAMEBUFFER_COMPLETE_OES error while taking screenshot
11-23 19:04:39.600  1239  1250 W WindowManager: Screenshot failure taking screenshot for (480x800) to layer 21000
11-23 19:04:39.601  1239  1260 W art     : Long monitor contention with owner Binder:1239_1 (1250) at android.graphics.Bitmap com.android.server.wm.WindowManagerService.screenshotApplicationsInner(android.os.IBinder, int, int, int, boolean, float, android.graphics.Bitmap$Config)(WindowManagerService.java:6252) waiters=0 in void com.android.server.wm.WindowAnimator$1.doFrame(long) for 110ms
11-23 19:04:39.661  1239  1254 W art     : Long monitor contention with owner Binder:1239_1 (1250) at void com.android.server.am.ActivityManagerService.activityPaused(android.os.IBinder)(ActivityManagerService.java:6849) waiters=1 in void com.android.server.am.ActivityManagerService.dispatchProcessesChanged() for 260ms
11-23 19:04:39.680  2308  2308 I MonitoringInstrumentation: Activities that are still in CREATED to STOPPED: 1
11-23 19:04:39.696  2308  2324 I TestRunner: started: whenGifIsWatchedTest(br.com.catbag.gifreduxsample.ui.giflist.GifListActivityTest)
11-23 19:04:39.720  2308  2308 I MonitoringInstrumentation: Activities that are still in CREATED to STOPPED: 1
11-23 19:04:39.742  1239  1253 W art     : Long monitor contention with owner Binder:1239_1 (1250) at void com.android.server.am.ActivityManagerService.activityPaused(android.os.IBinder)(ActivityManagerService.java:6849) waiters=2 in void com.android.server.am.ActivityStackSupervisor$ActivityStackSupervisorHandler.activityIdleInternal(com.android.server.am.ActivityRecord) for 254ms
11-23 19:04:39.763  1713  1713 I Choreographer: Skipped 36 frames!  The application may be doing too much work on its main thread.
11-23 19:04:39.919  2308  2325 I DroidFlux:Dispatcher: [STARTED] dispatch of action [FAKE_REDUCE_ACTION]
11-23 19:04:39.962  2308  2308 E Feed    : Gif{uuid=fcfb1677-37df-4156-b962-b196abbf3e66, path=, url=, title=, watched=true, status=DOWNLOADED}
11-23 19:04:39.962  2308  2308 E Feed    : pl.droidsonroids.gif.GifIOException: GifError 101: Failed to open given input
11-23 19:04:39.962  2308  2308 E Feed    : 	at pl.droidsonroids.gif.GifInfoHandle.openFile(Native Method)
11-23 19:04:39.962  2308  2308 E Feed    : 	at pl.droidsonroids.gif.GifInfoHandle.<init>(GifInfoHandle.java:46)
11-23 19:04:39.962  2308  2308 E Feed    : 	at pl.droidsonroids.gif.GifDrawable.<init>(GifDrawable.java:124)
11-23 19:04:39.962  2308  2308 E Feed    : 	at br.com.catbag.gifreduxsample.ui.components.FeedComponent.createDrawable(FeedComponent.java:104)
11-23 19:04:39.962  2308  2308 E Feed    : 	at br.com.catbag.gifreduxsample.ui.components.FeedComponent.lambda$renderGifView$2(FeedComponent.java:90)
11-23 19:04:39.962  2308  2308 E Feed    : 	at br.com.catbag.gifreduxsample.ui.components.FeedComponent$$Lambda$2.view(Unknown Source)
11-23 19:04:39.962  2308  2308 E Feed    : 	at trikita.anvil.BaseDSL.v(BaseDSL.java:670)
11-23 19:04:39.962  2308  2308 E Feed    : 	at br.com.catbag.gifreduxsample.ui.components.FeedComponent.renderGifView(FeedComponent.java:88)
11-23 19:04:39.962  2308  2308 E Feed    : 	at br.com.catbag.gifreduxsample.ui.components.FeedComponent.lambda$null$0(FeedComponent.java:55)
11-23 19:04:39.962  2308  2308 E Feed    : 	at br.com.catbag.gifreduxsample.ui.components.FeedComponent$$Lambda$3.view(Unknown Source)
11-23 19:04:39.962  2308  2308 E Feed    : 	at br.com.catbag.gifreduxsample.ui.components.GifsAdapter.view(GifsAdapter.java:55)
11-23 19:04:39.962  2308  2308 E Feed    : 	at trikita.anvil.RenderableRecyclerViewAdapter$1.view(RenderableRecyclerViewAdapter.java:24)
11-23 19:04:39.962  2308  2308 E Feed    : 	at trikita.anvil.Anvil$Mount.render(Anvil.java:204)
11-23 19:04:39.962  2308  2308 E Feed    : 	at trikita.anvil.Anvil.render(Anvil.java:173)
11-23 19:04:39.962  2308  2308 E Feed    : 	at trikita.anvil.RenderableRecyclerViewAdapter.onBindViewHolder(RenderableRecyclerViewAdapter.java:29)
11-23 19:04:39.962  2308  2308 E Feed    : 	at trikita.anvil.RenderableRecyclerViewAdapter.onBindViewHolder(RenderableRecyclerViewAdapter.java:7)
11-23 19:04:39.962  2308  2308 E Feed    : 	at android.support.v7.widget.RecyclerView$Adapter.onBindViewHolder(RecyclerView.java:5768)
11-23 19:04:39.962  2308  2308 E Feed    : 	at android.support.v7.widget.RecyclerView$Adapter.bindViewHolder(RecyclerView.java:5801)
11-23 19:04:39.962  2308  2308 E Feed    : 	at android.support.v7.widget.RecyclerView$Recycler.getViewForPosition(RecyclerView.java:5037)
11-23 19:04:39.962  2308  2308 E Feed    : 	at android.support.v7.widget.RecyclerView$Recycler.getViewForPosition(RecyclerView.java:4913)
11-23 19:04:39.962  2308  2308 E Feed    : 	at android.support.v7.widget.LinearLayoutManager$LayoutState.next(LinearLayoutManager.java:2029)
11-23 19:04:39.962  2308  2308 E Feed    : 	at android.support.v7.widget.LinearLayoutManager.layoutChunk(LinearLayoutManager.java:1414)
11-23 19:04:39.962  2308  2308 E Feed    : 	at android.support.v7.widget.LinearLayoutManager.fill(LinearLayoutManager.java:1377)
11-23 19:04:39.962  2308  2308 E Feed    : 	at android.support.v7.widget.LinearLayoutManager.onLayoutChildren(LinearLayoutManager.java:578)
11-23 19:04:39.962  2308  2308 E Feed    : 	at android.support.v7.widget.RecyclerView.dispatchLayoutStep2(RecyclerView.java:3260)
11-23 19:04:39.962  2308  2308 E Feed    : 	at android.support.v7.widget.RecyclerView.dispatchLayout(RecyclerView.java:3069)
11-23 19:04:39.962  2308  2308 E Feed    : 	at android.support.v7.widget.RecyclerView.onLayout(RecyclerView.java:3518)
11-23 19:04:39.962  2308  2308 E Feed    : 	at android.view.View.layout(View.java:17520)
11-23 19:04:39.962  2308  2308 E Feed    : 	at android.view.ViewGroup.layout(ViewGroup.java:5612)
11-23 19:04:39.962  2308  2308 E Feed    : 	at android.widget.FrameLayout.layoutChildren(FrameLayout.java:323)
11-23 19:04:39.962  2308  2308 E Feed    : 	at android.widget.FrameLayout.onLayout(FrameLayout.java:261)
11-23 19:04:39.962  2308  2308 E Feed    : 	at android.view.View.layout(View.java:17520)
11-23 19:04:39.962  2308  2308 E Feed    : 	at android.view.ViewGroup.layout(ViewGroup.java:5612)
11-23 19:04:39.962  2308  2308 E Feed    : 	at android.widget.RelativeLayout.onLayout(RelativeLayout.java:1079)
11-23 19:04:39.962  2308  2308 E Feed    : 	at android.view.View.layout(View.java:17520)
11-23 19:04:39.962  2308  2308 E Feed    : 	at android.view.ViewGroup.layout(ViewGroup.java:5612)
11-23 19:04:39.962  2308  2308 E Feed    : 	at android.widget.FrameLayout.layoutChildren(FrameLayout.java:323)
11-23 19:04:39.962  2308  2308 E Feed    : 	at android.widget.FrameLayout.onLayout(FrameLayout.java:261)
11-23 19:04:39.962  2308  2308 E Feed    : 	at android.view.View.layout(View.java:17520)
11-23 19:04:39.962  2308  2308 E Feed    : 	at android.view.ViewGroup.layout(ViewGroup.java:5612)
11-23 19:04:39.962  2308  2308 E Feed    : 	at android.support.v7.widget.ActionBarOverlayLayout.onLayout(ActionBarOverlayLayout.java:435)
11-23 19:04:39.962  2308  2308 E Feed    : 	at android.view.View.layout(View.java:17520)
11-23 19:04:39.962  2308  2308 E Feed    : 	at android.view.ViewGroup.layout(ViewGroup.java:5612)
11-23 19:04:39.962  2308  2308 E Feed    : 	at android.widget.FrameLayout.layoutChildren(FrameLayout.java:323)
11-23 19:04:39.962  2308  2308 E Feed    : 	at android.widget.FrameLayout.onLayout(FrameLayout.java:261)
11-23 19:04:39.962  2308  2308 E Feed    : 	at android.view.View.layout(View.java:17520)
11-23 19:04:39.962  2308  2308 E Feed    : 	at android.view.ViewGroup.layout(ViewGroup.java:5612)
11-23 19:04:39.962  2308  2308 E Feed    : 	at android.widget.LinearLayout.setChildFrame(LinearLayout.java:1741)
11-23 19:04:39.962  2308  2308 E Feed    : 	at android.widget.LinearLayout.layoutVertical(LinearLayout.java:1585)
11-23 19:04:39.962  2308  2308 E Feed    : 	at android.widget.LinearLayout.onLayout(LinearLayout.java:1494)
11-23 19:04:39.962  2308  2308 E Feed    : 	at android.view.View.layout(View.java:17520)
11-23 19:04:39.962  2308  2308 E Feed    : 	at android.view.ViewGroup.layout(ViewGroup.java:5612)
11-23 19:04:39.962  2308  2308 E Feed    : 	at android.widget.FrameLayout.layoutChildren(FrameLayout.java:323)
11-23 19:04:39.982  2308  2325 I DroidFlux:Dispatcher: [COMPLETED] dispatch of action [FAKE_REDUCE_ACTION]
11-23 19:04:39.983  2308  2358 D ActivityTestRule: Launching activity br.com.catbag.gifreduxsample.ui.GifListActivity
11-23 19:04:40.054  2308  2308 E Feed    : 	at android.widget.FrameLayout.onLayout(FrameLayout.java:261)
11-23 19:04:40.054  2308  2308 E Feed    : 	at com.android.internal.policy.DecorView.onLayout(DecorView.java:724)
11-23 19:04:40.054  2308  2308 E Feed    : 	at android.view.View.layout(View.java:17520)
11-23 19:04:40.054  2308  2308 E Feed    : 	at android.view.ViewGroup.layout(ViewGroup.java:5612)
11-23 19:04:40.054  2308  2308 E Feed    : 	at android.view.ViewRootImpl.performLayout(ViewRootImpl.java:2342)
11-23 19:04:40.054  2308  2308 E Feed    : 	at android.view.ViewRootImpl.performTraversals(ViewRootImpl.java:2069)
11-23 19:04:40.054  2308  2308 E Feed    : 	at android.view.ViewRootImpl.doTraversal(ViewRootImpl.java:1246)
11-23 19:04:40.054  2308  2308 E Feed    : 	at android.view.ViewRootImpl$TraversalRunnable.run(ViewRootImpl.java:6301)
11-23 19:04:40.054  2308  2308 E Feed    : 	at android.view.Choreographer$CallbackRecord.run(Choreographer.java:871)
11-23 19:04:40.054  2308  2308 E Feed    : 	at android.view.Choreographer.doCallbacks(Choreographer.java:683)
11-23 19:04:40.054  2308  2308 E Feed    : 	at android.view.Choreographer.doFrame(Choreographer.java:619)
11-23 19:04:40.054  2308  2308 E Feed    : 	at android.view.Choreographer$FrameDisplayEventReceiver.run(Choreographer.java:857)
11-23 19:04:40.054  2308  2308 E Feed    : 	at android.os.Handler.handleCallback(Handler.java:751)
11-23 19:04:40.054  2308  2308 E Feed    : 	at android.os.Handler.dispatchMessage(Handler.java:95)
11-23 19:04:40.054  2308  2308 E Feed    : 	at android.os.Looper.loop(Looper.java:154)
11-23 19:04:40.054  2308  2308 E Feed    : 	at android.app.ActivityThread.main(ActivityThread.java:6077)
11-23 19:04:40.054  2308  2308 E Feed    : 	at java.lang.reflect.Method.invoke(Native Method)
11-23 19:04:40.054  2308  2308 E Feed    : 	at com.android.internal.os.ZygoteInit$MethodAndArgsCaller.run(ZygoteInit.java:865)
11-23 19:04:40.054  2308  2308 E Feed    : 	at com.android.internal.os.ZygoteInit.main(ZygoteInit.java:755)
11-23 19:04:40.124  1713  1713 I Choreographer: Skipped 35 frames!  The application may be doing too much work on its main thread.
11-23 19:04:40.137  2308  2359 D MonitoringInstrumentation: execStartActivity(context, ibinder, ibinder, activity, intent, int, bundle
11-23 19:04:40.138  1239  1711 I ActivityManager: START u0 {flg=0x10000000 cmp=br.com.catbag.gifreduxsample/.ui.GifListActivity} from uid 10060 on display 0
11-23 19:04:40.340  1239  1260 I Choreographer: Skipped 56 frames!  The application may be doing too much work on its main thread.
11-23 19:04:40.476  1239  1254 W art     : Long monitor contention with owner Binder:1239_6 (1677) at void com.android.server.am.ActivityManagerService.activityPaused(android.os.IBinder)(ActivityManagerService.java:6849) waiters=1 in void com.android.server.am.ActivityManagerService$UiHandler.handleMessage(android.os.Message) for 164ms
11-23 19:04:40.503  1239  1260 I Choreographer: Skipped 34 frames!  The application may be doing too much work on its main thread.
11-23 19:04:40.665  2308  2308 D LifecycleMonitor: Lifecycle status change: br.com.catbag.gifreduxsample.ui.GifListActivity@af9a7b in: PRE_ON_CREATE
11-23 19:04:40.800  1239  1260 I Choreographer: Skipped 37 frames!  The application may be doing too much work on its main thread.
11-23 19:04:40.890  2308  2308 D LifecycleMonitor: Lifecycle status change: br.com.catbag.gifreduxsample.ui.GifListActivity@af9a7b in: CREATED
11-23 19:04:40.901  2308  2325 I DroidFlux:Dispatcher: [STARTED] dispatch of action [APP_STATE_LOAD]
11-23 19:04:40.902  2308  2325 D DroidFlux:Dispatcher: An action of type [APP_STATE_LOAD] was dispatched, but no reducer handled it
11-23 19:04:40.902  2308  2325 I DroidFlux:Dispatcher: [COMPLETED] dispatch of action [APP_STATE_LOAD]
11-23 19:04:40.902  2308  2308 D LifecycleMonitor: Lifecycle status change: br.com.catbag.gifreduxsample.ui.GifListActivity@af9a7b in: STARTED
11-23 19:04:40.906  2308  2308 D LifecycleMonitor: Lifecycle status change: br.com.catbag.gifreduxsample.ui.GifListActivity@af9a7b in: RESUMED
11-23 19:04:41.107  1239  1260 I Choreographer: Skipped 64 frames!  The application may be doing too much work on its main thread.
11-23 19:04:41.299  1239  1260 I Choreographer: Skipped 47 frames!  The application may be doing too much work on its main thread.
11-23 19:04:41.525  1239  1370 W art     : Long monitor contention with owner android.display (1260) at void com.android.server.wm.WindowAnimator$1.doFrame(long)(WindowAnimator.java:138) waiters=0 in int com.android.server.wm.WindowManagerService.addWindow(com.android.server.wm.Session, android.view.IWindow, int, android.view.WindowManager$LayoutParams, int, int, android.graphics.Rect, android.graphics.Rect, android.graphics.Rect, android.view.InputChannel) for 179ms
11-23 19:04:41.529  1239  1260 I Choreographer: Skipped 56 frames!  The application may be doing too much work on its main thread.
11-23 19:04:41.537  2308  2308 I Choreographer: Skipped 160 frames!  The application may be doing too much work on its main thread.
11-23 19:04:41.747  1239  1374 W art     : Long monitor contention with owner android.display (1260) at void com.android.server.wm.WindowAnimator$1.doFrame(long)(WindowAnimator.java:138) waiters=0 in int com.android.server.wm.WindowManagerService.relayoutWindow(com.android.server.wm.Session, android.view.IWindow, int, android.view.WindowManager$LayoutParams, int, int, int, int, android.graphics.Rect, android.graphics.Rect, android.graphics.Rect, android.graphics.Rect, android.graphics.Rect, android.graphics.Rect, android.graphics.Rect, android.content.res.Configuration, android.view.Surface) for 204ms
11-23 19:04:41.852  2308  2308 E Feed    : Gif{uuid=fcfb1677-37df-4156-b962-b196abbf3e66, path=, url=, title=, watched=true, status=DOWNLOADED}
11-23 19:04:41.852  2308  2308 E Feed    : pl.droidsonroids.gif.GifIOException: GifError 101: Failed to open given input
11-23 19:04:41.852  2308  2308 E Feed    : 	at pl.droidsonroids.gif.GifInfoHandle.openFile(Native Method)
11-23 19:04:41.852  2308  2308 E Feed    : 	at pl.droidsonroids.gif.GifInfoHandle.<init>(GifInfoHandle.java:46)
11-23 19:04:41.852  2308  2308 E Feed    : 	at pl.droidsonroids.gif.GifDrawable.<init>(GifDrawable.java:124)
11-23 19:04:41.852  2308  2308 E Feed    : 	at br.com.catbag.gifreduxsample.ui.components.FeedComponent.createDrawable(FeedComponent.java:104)
11-23 19:04:41.852  2308  2308 E Feed    : 	at br.com.catbag.gifreduxsample.ui.components.FeedComponent.lambda$renderGifView$2(FeedComponent.java:90)
11-23 19:04:41.852  2308  2308 E Feed    : 	at br.com.catbag.gifreduxsample.ui.components.FeedComponent$$Lambda$2.view(Unknown Source)
11-23 19:04:41.852  2308  2308 E Feed    : 	at trikita.anvil.BaseDSL.v(BaseDSL.java:670)
11-23 19:04:41.852  2308  2308 E Feed    : 	at br.com.catbag.gifreduxsample.ui.components.FeedComponent.renderGifView(FeedComponent.java:88)
11-23 19:04:41.852  2308  2308 E Feed    : 	at br.com.catbag.gifreduxsample.ui.components.FeedComponent.lambda$null$0(FeedComponent.java:55)
11-23 19:04:41.852  2308  2308 E Feed    : 	at br.com.catbag.gifreduxsample.ui.components.FeedComponent$$Lambda$3.view(Unknown Source)
11-23 19:04:41.852  2308  2308 E Feed    : 	at br.com.catbag.gifreduxsample.ui.components.GifsAdapter.view(GifsAdapter.java:55)
11-23 19:04:41.852  2308  2308 E Feed    : 	at trikita.anvil.RenderableRecyclerViewAdapter$1.view(RenderableRecyclerViewAdapter.java:24)
11-23 19:04:41.852  2308  2308 E Feed    : 	at trikita.anvil.Anvil$Mount.render(Anvil.java:204)
11-23 19:04:41.852  2308  2308 E Feed    : 	at trikita.anvil.Anvil.render(Anvil.java:173)
11-23 19:04:41.852  2308  2308 E Feed    : 	at trikita.anvil.RenderableRecyclerViewAdapter.onBindViewHolder(RenderableRecyclerViewAdapter.java:27)
11-23 19:04:41.852  2308  2308 E Feed    : 	at trikita.anvil.RenderableRecyclerViewAdapter.onBindViewHolder(RenderableRecyclerViewAdapter.java:7)
11-23 19:04:41.852  2308  2308 E Feed    : 	at android.support.v7.widget.RecyclerView$Adapter.onBindViewHolder(RecyclerView.java:5768)
11-23 19:04:41.852  2308  2308 E Feed    : 	at android.support.v7.widget.RecyclerView$Adapter.bindViewHolder(RecyclerView.java:5801)
11-23 19:04:41.852  2308  2308 E Feed    : 	at android.support.v7.widget.RecyclerView$Recycler.getViewForPosition(RecyclerView.java:5037)
11-23 19:04:41.852  2308  2308 E Feed    : 	at android.support.v7.widget.RecyclerView$Recycler.getViewForPosition(RecyclerView.java:4913)
11-23 19:04:41.852  2308  2308 E Feed    : 	at android.support.v7.widget.LinearLayoutManager$LayoutState.next(LinearLayoutManager.java:2029)
11-23 19:04:41.852  2308  2308 E Feed    : 	at android.support.v7.widget.LinearLayoutManager.layoutChunk(LinearLayoutManager.java:1414)
11-23 19:04:41.852  2308  2308 E Feed    : 	at android.support.v7.widget.LinearLayoutManager.fill(LinearLayoutManager.java:1377)
11-23 19:04:41.852  2308  2308 E Feed    : 	at android.support.v7.widget.LinearLayoutManager.onLayoutChildren(LinearLayoutManager.java:578)
11-23 19:04:41.852  2308  2308 E Feed    : 	at android.support.v7.widget.RecyclerView.dispatchLayoutStep2(RecyclerView.java:3260)
11-23 19:04:41.852  2308  2308 E Feed    : 	at android.support.v7.widget.RecyclerView.dispatchLayout(RecyclerView.java:3069)
11-23 19:04:41.852  2308  2308 E Feed    : 	at android.support.v7.widget.RecyclerView.onLayout(RecyclerView.java:3518)
11-23 19:04:41.852  2308  2308 E Feed    : 	at android.view.View.layout(View.java:17520)
11-23 19:04:41.852  2308  2308 E Feed    : 	at android.view.ViewGroup.layout(ViewGroup.java:5612)
11-23 19:04:41.852  2308  2308 E Feed    : 	at android.widget.FrameLayout.layoutChildren(FrameLayout.java:323)
11-23 19:04:41.852  2308  2308 E Feed    : 	at android.widget.FrameLayout.onLayout(FrameLayout.java:261)
11-23 19:04:41.852  2308  2308 E Feed    : 	at android.view.View.layout(View.java:17520)
11-23 19:04:41.852  2308  2308 E Feed    : 	at android.view.ViewGroup.layout(ViewGroup.java:5612)
11-23 19:04:41.852  2308  2308 E Feed    : 	at android.widget.RelativeLayout.onLayout(RelativeLayout.java:1079)
11-23 19:04:41.852  2308  2308 E Feed    : 	at android.view.View.layout(View.java:17520)
11-23 19:04:41.852  2308  2308 E Feed    : 	at android.view.ViewGroup.layout(ViewGroup.java:5612)
11-23 19:04:41.852  2308  2308 E Feed    : 	at android.widget.FrameLayout.layoutChildren(FrameLayout.java:323)
11-23 19:04:41.852  2308  2308 E Feed    : 	at android.widget.FrameLayout.onLayout(FrameLayout.java:261)
11-23 19:04:41.852  2308  2308 E Feed    : 	at android.view.View.layout(View.java:17520)
11-23 19:04:41.852  2308  2308 E Feed    : 	at android.view.ViewGroup.layout(ViewGroup.java:5612)
11-23 19:04:41.852  2308  2308 E Feed    : 	at android.support.v7.widget.ActionBarOverlayLayout.onLayout(ActionBarOverlayLayout.java:435)
11-23 19:04:41.852  2308  2308 E Feed    : 	at android.view.View.layout(View.java:17520)
11-23 19:04:41.852  2308  2308 E Feed    : 	at android.view.ViewGroup.layout(ViewGroup.java:5612)
11-23 19:04:41.852  2308  2308 E Feed    : 	at android.widget.FrameLayout.layoutChildren(FrameLayout.java:323)
11-23 19:04:41.852  2308  2308 E Feed    : 	at android.widget.FrameLayout.onLayout(FrameLayout.java:261)
11-23 19:04:41.852  2308  2308 E Feed    : 	at android.view.View.layout(View.java:17520)
11-23 19:04:41.852  2308  2308 E Feed    : 	at android.view.ViewGroup.layout(ViewGroup.java:5612)
11-23 19:04:41.852  2308  2308 E Feed    : 	at android.widget.LinearLayout.setChildFrame(LinearLayout.java:1741)
11-23 19:04:41.852  2308  2308 E Feed    : 	at android.widget.LinearLayout.layoutVertical(LinearLayout.java:1585)
11-23 19:04:41.852  2308  2308 E Feed    : 	at android.widget.LinearLayout.onLayout(LinearLayout.java:1494)
11-23 19:04:41.852  2308  2308 E Feed    : 	at android.view.View.layout(View.java:17520)
11-23 19:04:41.852  2308  2308 E Feed    : 	at android.view.ViewGroup.layout(ViewGroup.java:5612)
11-23 19:04:41.852  2308  2308 E Feed    : 	at android.widget.FrameLayout.layoutChildren(FrameLayout.java:323)
11-23 19:04:41.853  2308  2308 E Feed    : 	at android.widget.FrameLayout.onLayout(FrameLayout.java:261)
11-23 19:04:41.853  2308  2308 E Feed    : 	at com.android.internal.policy.DecorView.onLayout(DecorView.java:724)
11-23 19:04:41.853  2308  2308 E Feed    : 	at android.view.View.layout(View.java:17520)
11-23 19:04:41.853  2308  2308 E Feed    : 	at android.view.ViewGroup.layout(ViewGroup.java:5612)
11-23 19:04:41.853  2308  2308 E Feed    : 	at android.view.ViewRootImpl.performLayout(ViewRootImpl.java:2342)
11-23 19:04:41.853  2308  2308 E Feed    : 	at android.view.ViewRootImpl.performTraversals(ViewRootImpl.java:2069)
11-23 19:04:41.853  2308  2308 E Feed    : 	at android.view.ViewRootImpl.doTraversal(ViewRootImpl.java:1246)
11-23 19:04:41.853  2308  2308 E Feed    : 	at android.view.ViewRootImpl$TraversalRunnable.run(ViewRootImpl.java:6301)
11-23 19:04:41.853  2308  2308 E Feed    : 	at android.view.Choreographer$CallbackRecord.run(Choreographer.java:871)
11-23 19:04:41.853  2308  2308 E Feed    : 	at android.view.Choreographer.doCallbacks(Choreographer.java:683)
11-23 19:04:41.853  2308  2308 E Feed    : 	at android.view.Choreographer.doFrame(Choreographer.java:619)
11-23 19:04:41.853  2308  2308 E Feed    : 	at android.view.Choreographer$FrameDisplayEventReceiver.run(Choreographer.java:857)
11-23 19:04:41.853  2308  2308 E Feed    : 	at android.os.Handler.handleCallback(Handler.java:751)
11-23 19:04:41.853  2308  2308 E Feed    : 	at android.os.Handler.dispatchMessage(Handler.java:95)
11-23 19:04:41.853  2308  2308 E Feed    : 	at android.os.Looper.loop(Looper.java:154)
11-23 19:04:41.853  2308  2308 E Feed    : 	at android.app.ActivityThread.main(ActivityThread.java:6077)
11-23 19:04:41.853  2308  2308 E Feed    : 	at java.lang.reflect.Method.invoke(Native Method)
11-23 19:04:41.853  2308  2308 E Feed    : 	at com.android.internal.os.ZygoteInit$MethodAndArgsCaller.run(ZygoteInit.java:865)
11-23 19:04:41.853  2308  2308 E Feed    : 	at com.android.internal.os.ZygoteInit.main(ZygoteInit.java:755)
11-23 19:04:41.906  1239  1260 I Choreographer: Skipped 93 frames!  The application may be doing too much work on its main thread.
11-23 19:04:42.141  1239  1260 I ActivityManager: Displayed br.com.catbag.gifreduxsample/.ui.GifListActivity: +1s864ms
11-23 19:04:42.207  1239  1677 I WindowManager: Destroying surface Surface(name=com.android.launcher3/com.android.launcher3.Launcher) called by com.android.server.wm.WindowStateAnimator.destroySurface:2014 com.android.server.wm.WindowStateAnimator.destroySurfaceLocked:881 com.android.server.wm.WindowState.destroyOrSaveSurface:2073 com.android.server.wm.AppWindowToken.destroySurfaces:363 com.android.server.wm.AppWindowToken.notifyAppStopped:389 com.android.server.wm.WindowManagerService.notifyAppStopped:4456 com.android.server.am.ActivityStack.activityStoppedLocked:1252 com.android.server.am.ActivityManagerService.activityStopped:6873 
11-23 19:04:42.247  2308  2308 I Choreographer: Skipped 30 frames!  The application may be doing too much work on its main thread.
11-23 19:04:42.273  2308  2308 D LifecycleMonitor: Lifecycle status change: br.com.catbag.gifreduxsample.ui.GifListActivity@b0ca91c in: STOPPED
11-23 19:04:42.294  2308  2308 D LifecycleMonitor: Lifecycle status change: br.com.catbag.gifreduxsample.ui.GifListActivity@b0ca91c in: DESTROYED
11-23 19:04:42.319  1239  2130 I WindowManager: Destroying surface Surface(name=br.com.catbag.gifreduxsample/br.com.catbag.gifreduxsample.ui.GifListActivity) called by com.android.server.wm.WindowStateAnimator.destroySurface:2014 com.android.server.wm.WindowStateAnimator.destroySurfaceLocked:881 com.android.server.wm.WindowState.removeLocked:1449 com.android.server.wm.WindowManagerService.removeWindowInnerLocked:2478 com.android.server.wm.WindowManagerService.removeWindowLocked:2436 com.android.server.wm.WindowManagerService.removeWindowLocked:2305 com.android.server.wm.WindowManagerService.removeWindow:2300 com.android.server.wm.Session.remove:193 
11-23 19:04:42.492  1239  1260 I WindowManager: Destroying surface Surface(name=Starting br.com.catbag.gifreduxsample) called by com.android.server.wm.WindowStateAnimator.destroySurface:2014 com.android.server.wm.WindowStateAnimator.destroySurfaceLocked:881 com.android.server.wm.WindowState.destroyOrSaveSurface:2073 com.android.server.wm.AppWindowToken.destroySurfaces:363 com.android.server.wm.WindowStateAnimator.finishExit:565 com.android.server.wm.WindowStateAnimator.stepAnimationLocked:491 com.android.server.wm.WindowAnimator.updateWindowsLocked:303 com.android.server.wm.WindowAnimator.animateLocked:704 
11-23 19:04:43.775  1239  1324 E TaskPersister: File error accessing recents directory (directory doesn't exist?).
11-23 19:05:09.772  2308  2324 I TestRunner: failed: whenGifIsWatchedTest(br.com.catbag.gifreduxsample.ui.giflist.GifListActivityTest)
11-23 19:05:09.772  2308  2324 I TestRunner: ----- begin exception -----
11-23 19:05:09.773  2308  2324 I TestRunner: java.lang.RuntimeException: Waited for the root of the view hierarchy to have window focus and not be requesting layout for over 10 seconds. If you specified a non default root matcher, it may be picking a root that never takes focus. Otherwise, something is seriously wrong. Selected Root:
11-23 19:05:09.773  2308  2324 I TestRunner: Root{application-window-token=android.view.ViewRootImpl$W@eee813f, window-token=android.view.ViewRootImpl$W@eee813f, has-window-focus=false, layout-params-type=1, layout-params-string=WM.LayoutParams{(0,0)(fillxfill) sim=#100 ty=1 fl=#81810100 wanim=0x1030465 needsMenuKey=2}, decor-view-string=DecorView{id=-1, visibility=VISIBLE, width=480, height=800, has-focus=true, has-focusable=true, has-window-focus=false, is-clickable=false, is-enabled=true, is-focused=false, is-focusable=false, is-layout-requested=false, is-selected=false, root-is-layout-requested=false, has-input-connection=false, x=0.0, y=0.0, child-count=1}}
11-23 19:05:09.773  2308  2324 I TestRunner: . All Roots:
11-23 19:05:09.773  2308  2324 I TestRunner: Root{application-window-token=android.view.ViewRootImpl$W@eee813f, window-token=android.view.ViewRootImpl$W@eee813f, has-window-focus=false, layout-params-type=1, layout-params-string=WM.LayoutParams{(0,0)(fillxfill) sim=#100 ty=1 fl=#81810100 wanim=0x1030465 needsMenuKey=2}, decor-view-string=DecorView{id=-1, visibility=VISIBLE, width=480, height=800, has-focus=true, has-focusable=true, has-window-focus=false, is-clickable=false, is-enabled=true, is-focused=false, is-focusable=false, is-layout-requested=false, is-selected=false, root-is-layout-requested=false, has-input-connection=false, x=0.0, y=0.0, child-count=1}}
11-23 19:05:09.773  2308  2324 I TestRunner: 	at android.support.test.espresso.base.RootViewPicker.get(RootViewPicker.java:99)
11-23 19:05:09.773  2308  2324 I TestRunner: 	at android.support.test.espresso.ViewInteractionModule.provideRootView(ViewInteractionModule.java:69)
11-23 19:05:09.773  2308  2324 I TestRunner: 	at android.support.test.espresso.ViewInteractionModule_ProvideRootViewFactory.get(ViewInteractionModule_ProvideRootViewFactory.java:23)
11-23 19:05:09.773  2308  2324 I TestRunner: 	at android.support.test.espresso.ViewInteractionModule_ProvideRootViewFactory.get(ViewInteractionModule_ProvideRootViewFactory.java:9)
11-23 19:05:09.773  2308  2324 I TestRunner: 	at android.support.test.espresso.base.ViewFinderImpl.getView(ViewFinderImpl.java:68)
11-23 19:05:09.773  2308  2324 I TestRunner: 	at android.support.test.espresso.ViewInteraction$2.run(ViewInteraction.java:166)
11-23 19:05:09.773  2308  2324 I TestRunner: 	at java.util.concurrent.Executors$RunnableAdapter.call(Executors.java:428)
11-23 19:05:09.773  2308  2324 I TestRunner: 	at java.util.concurrent.FutureTask.run(FutureTask.java:237)
11-23 19:05:09.773  2308  2324 I TestRunner: 	at android.os.Handler.handleCallback(Handler.java:751)
11-23 19:05:09.773  2308  2324 I TestRunner: 	at android.os.Handler.dispatchMessage(Handler.java:95)
11-23 19:05:09.773  2308  2324 I TestRunner: 	at android.os.Looper.loop(Looper.java:154)
11-23 19:05:09.773  2308  2324 I TestRunner: 	at android.app.ActivityThread.main(ActivityThread.java:6077)
11-23 19:05:09.773  2308  2324 I TestRunner: 	at java.lang.reflect.Method.invoke(Native Method)
11-23 19:05:09.773  2308  2324 I TestRunner: 	at com.android.internal.os.ZygoteInit$MethodAndArgsCaller.run(ZygoteInit.java:865)
11-23 19:05:09.773  2308  2324 I TestRunner: 	at com.android.internal.os.ZygoteInit.main(ZygoteInit.java:755)
11-23 19:05:09.773  2308  2324 I TestRunner: ----- end exception -----
11-23 19:05:09.801  2308  2324 I TestRunner: finished: whenGifIsWatchedTest(br.com.catbag.gifreduxsample.ui.giflist.GifListActivityTest)
11-23 19:05:09.805  2308  2308 D LifecycleMonitor: Lifecycle status change: br.com.catbag.gifreduxsample.ui.GifListActivity@af9a7b in: PAUSED
11-23 19:05:09.933   978   978 D gralloc : Registering a buffer in the process that created it. This may cause memory ordering problems.
11-23 19:05:09.933   978   978 E libEGL  : called unimplemented OpenGL ES API
11-23 19:05:09.935   978   978 E SurfaceFlinger: glCheckFramebufferStatusOES error -221756020
11-23 19:05:09.935   978   978 E SurfaceFlinger: got GL_FRAMEBUFFER_COMPLETE_OES error while taking screenshot
11-23 19:05:09.937  1239  1250 W WindowManager: Screenshot failure taking screenshot for (480x800) to layer 21000
11-23 19:05:10.069  2308  2308 I MonitoringInstrumentation: Activities that are still in CREATED to STOPPED: 1
11-23 19:05:10.073  2308  2324 I TestRunner: started: whenScrollUpAndPlayFirstItemTest(br.com.catbag.gifreduxsample.ui.giflist.GifListActivityTest)
11-23 19:05:10.092  2308  2308 I MonitoringInstrumentation: Activities that are still in CREATED to STOPPED: 1
11-23 19:05:10.207  2308  2325 I DroidFlux:Dispatcher: [STARTED] dispatch of action [FAKE_REDUCE_ACTION]
11-23 19:05:10.262  2308  2325 I DroidFlux:Dispatcher: [COMPLETED] dispatch of action [FAKE_REDUCE_ACTION]
11-23 19:05:10.281  2308  2362 D ActivityTestRule: Launching activity br.com.catbag.gifreduxsample.ui.GifListActivity
11-23 19:05:10.293  2308  2363 D MonitoringInstrumentation: execStartActivity(context, ibinder, ibinder, activity, intent, int, bundle
11-23 19:05:10.293  1239  2129 I ActivityManager: START u0 {flg=0x10000000 cmp=br.com.catbag.gifreduxsample/.ui.GifListActivity} from uid 10060 on display 0
11-23 19:05:10.489  2308  2308 D LifecycleMonitor: Lifecycle status change: br.com.catbag.gifreduxsample.ui.GifListActivity@871651a in: PRE_ON_CREATE
11-23 19:05:10.605  2308  2308 D LifecycleMonitor: Lifecycle status change: br.com.catbag.gifreduxsample.ui.GifListActivity@871651a in: CREATED
11-23 19:05:10.612  2308  2325 I DroidFlux:Dispatcher: [STARTED] dispatch of action [APP_STATE_LOAD]
11-23 19:05:10.612  2308  2325 D DroidFlux:Dispatcher: An action of type [APP_STATE_LOAD] was dispatched, but no reducer handled it
11-23 19:05:10.613  2308  2325 I DroidFlux:Dispatcher: [COMPLETED] dispatch of action [APP_STATE_LOAD]
11-23 19:05:10.620  2308  2308 D LifecycleMonitor: Lifecycle status change: br.com.catbag.gifreduxsample.ui.GifListActivity@871651a in: STARTED
11-23 19:05:10.622  2308  2308 D LifecycleMonitor: Lifecycle status change: br.com.catbag.gifreduxsample.ui.GifListActivity@871651a in: RESUMED
11-23 19:05:10.755  1239  1246 W art     : Suspending all threads took: 21.116ms
11-23 19:05:10.818  1239  1260 I Choreographer: Skipped 73 frames!  The application may be doing too much work on its main thread.
11-23 19:05:11.025  1239  1246 I art     : Background sticky concurrent mark sweep GC freed 31377(2MB) AllocSpace objects, 11(220KB) LOS objects, 28% free, 7MB/10MB, paused 27.580ms total 675.658ms
11-23 19:05:11.136  1239  1260 I Choreographer: Skipped 41 frames!  The application may be doing too much work on its main thread.
11-23 19:05:11.612  2308  2319 I art     : Background sticky concurrent mark sweep GC freed 109577(3MB) AllocSpace objects, 2(32KB) LOS objects, 25% free, 7MB/10MB, paused 36.222ms total 1.156s
11-23 19:05:11.630  1239  1260 I Choreographer: Skipped 127 frames!  The application may be doing too much work on its main thread.
11-23 19:05:11.842  1239  1260 I Choreographer: Skipped 54 frames!  The application may be doing too much work on its main thread.
11-23 19:05:12.079  1239  1260 I ActivityManager: Displayed br.com.catbag.gifreduxsample/.ui.GifListActivity: +1s663ms
11-23 19:05:12.196  1239  1678 I WindowManager: Destroying surface Surface(name=com.android.launcher3/com.android.launcher3.Launcher) called by com.android.server.wm.WindowStateAnimator.destroySurface:2014 com.android.server.wm.WindowStateAnimator.destroySurfaceLocked:881 com.android.server.wm.WindowState.destroyOrSaveSurface:2073 com.android.server.wm.AppWindowToken.destroySurfaces:363 com.android.server.wm.AppWindowToken.notifyAppStopped:389 com.android.server.wm.WindowManagerService.notifyAppStopped:4456 com.android.server.am.ActivityStack.activityStoppedLocked:1252 com.android.server.am.ActivityManagerService.activityStopped:6873 
11-23 19:05:12.242  2308  2308 D LifecycleMonitor: Lifecycle status change: br.com.catbag.gifreduxsample.ui.GifListActivity@af9a7b in: STOPPED
11-23 19:05:12.243  2308  2308 D LifecycleMonitor: Lifecycle status change: br.com.catbag.gifreduxsample.ui.GifListActivity@af9a7b in: DESTROYED
11-23 19:05:12.288  1239  1250 I WindowManager: Destroying surface Surface(name=br.com.catbag.gifreduxsample/br.com.catbag.gifreduxsample.ui.GifListActivity) called by com.android.server.wm.WindowStateAnimator.destroySurface:2014 com.android.server.wm.WindowStateAnimator.destroySurfaceLocked:881 com.android.server.wm.WindowState.removeLocked:1449 com.android.server.wm.WindowManagerService.removeWindowInnerLocked:2478 com.android.server.wm.WindowManagerService.removeWindowLocked:2436 com.android.server.wm.WindowManagerService.removeWindowLocked:2305 com.android.server.wm.WindowManagerService.removeWindow:2300 com.android.server.wm.Session.remove:193 
11-23 19:05:12.318  2308  2308 I Choreographer: Skipped 42 frames!  The application may be doing too much work on its main thread.
11-23 19:05:12.463  1239  1260 I WindowManager: Destroying surface Surface(name=Starting br.com.catbag.gifreduxsample) called by com.android.server.wm.WindowStateAnimator.destroySurface:2014 com.android.server.wm.WindowStateAnimator.destroySurfaceLocked:881 com.android.server.wm.WindowState.destroyOrSaveSurface:2073 com.android.server.wm.AppWindowToken.destroySurfaces:363 com.android.server.wm.WindowStateAnimator.finishExit:565 com.android.server.wm.WindowStateAnimator.stepAnimationLocked:491 com.android.server.wm.WindowAnimator.updateWindowsLocked:303 com.android.server.wm.WindowAnimator.animateLocked:704 
11-23 19:05:13.856  1239  1324 E TaskPersister: File error accessing recents directory (directory doesn't exist?).
11-23 19:05:40.386  2308  2308 D LifecycleMonitor: Lifecycle status change: br.com.catbag.gifreduxsample.ui.GifListActivity@871651a in: PAUSED
11-23 19:05:40.449  1239  1253 W art     : Long monitor contention with owner Binder:1239_8 (1711) at boolean com.android.server.am.ActivityManagerService.finishActivity(android.os.IBinder, int, android.content.Intent, int)(ActivityManagerService.java:4775) waiters=0 in void com.android.server.am.ActivityManagerService$MainHandler.handleMessage(android.os.Message) for 132ms
11-23 19:05:40.470   978   978 D gralloc : Registering a buffer in the process that created it. This may cause memory ordering problems.
11-23 19:05:40.470   978   978 E libEGL  : called unimplemented OpenGL ES API
11-23 19:05:40.471   978   978 E SurfaceFlinger: glCheckFramebufferStatusOES error -221756020
11-23 19:05:40.471   978   978 E SurfaceFlinger: got GL_FRAMEBUFFER_COMPLETE_OES error while taking screenshot
11-23 19:05:40.473  1239  2129 W WindowManager: Screenshot failure taking screenshot for (480x800) to layer 21000
11-23 19:05:40.767  2308  2324 I TestRunner: failed: whenScrollUpAndPlayFirstItemTest(br.com.catbag.gifreduxsample.ui.giflist.GifListActivityTest)
11-23 19:05:40.767  2308  2324 I TestRunner: ----- begin exception -----
11-23 19:05:40.768  2308  2324 I TestRunner: java.lang.RuntimeException: Waited for the root of the view hierarchy to have window focus and not be requesting layout for over 10 seconds. If you specified a non default root matcher, it may be picking a root that never takes focus. Otherwise, something is seriously wrong. Selected Root:
11-23 19:05:40.768  2308  2324 I TestRunner: Root{application-window-token=android.view.ViewRootImpl$W@82e2ca5, window-token=android.view.ViewRootImpl$W@82e2ca5, has-window-focus=false, layout-params-type=1, layout-params-string=WM.LayoutParams{(0,0)(fillxfill) sim=#100 ty=1 fl=#81810100 wanim=0x1030465 needsMenuKey=2}, decor-view-string=DecorView{id=-1, visibility=VISIBLE, width=480, height=800, has-focus=true, has-focusable=true, has-window-focus=false, is-clickable=false, is-enabled=true, is-focused=false, is-focusable=false, is-layout-requested=false, is-selected=false, root-is-layout-requested=false, has-input-connection=false, x=0.0, y=0.0, child-count=1}}
11-23 19:05:40.768  2308  2324 I TestRunner: . All Roots:
11-23 19:05:40.768  2308  2324 I TestRunner: Root{application-window-token=android.view.ViewRootImpl$W@82e2ca5, window-token=android.view.ViewRootImpl$W@82e2ca5, has-window-focus=false, layout-params-type=1, layout-params-string=WM.LayoutParams{(0,0)(fillxfill) sim=#100 ty=1 fl=#81810100 wanim=0x1030465 needsMenuKey=2}, decor-view-string=DecorView{id=-1, visibility=VISIBLE, width=480, height=800, has-focus=true, has-focusable=true, has-window-focus=false, is-clickable=false, is-enabled=true, is-focused=false, is-focusable=false, is-layout-requested=false, is-selected=false, root-is-layout-requested=false, has-input-connection=false, x=0.0, y=0.0, child-count=1}}
11-23 19:05:40.768  2308  2324 I TestRunner: 	at android.support.test.espresso.base.RootViewPicker.get(RootViewPicker.java:99)
11-23 19:05:40.768  2308  2324 I TestRunner: 	at android.support.test.espresso.ViewInteractionModule.provideRootView(ViewInteractionModule.java:69)
11-23 19:05:40.768  2308  2324 I TestRunner: 	at android.support.test.espresso.ViewInteractionModule_ProvideRootViewFactory.get(ViewInteractionModule_ProvideRootViewFactory.java:23)
11-23 19:05:40.768  2308  2324 I TestRunner: 	at android.support.test.espresso.ViewInteractionModule_ProvideRootViewFactory.get(ViewInteractionModule_ProvideRootViewFactory.java:9)
11-23 19:05:40.768  2308  2324 I TestRunner: 	at android.support.test.espresso.base.ViewFinderImpl.getView(ViewFinderImpl.java:68)
11-23 19:05:40.768  2308  2324 I TestRunner: 	at android.support.test.espresso.ViewInteraction$1.run(ViewInteraction.java:120)
11-23 19:05:40.768  2308  2324 I TestRunner: 	at java.util.concurrent.Executors$RunnableAdapter.call(Executors.java:428)
11-23 19:05:40.768  2308  2324 I TestRunner: 	at java.util.concurrent.FutureTask.run(FutureTask.java:237)
11-23 19:05:40.768  2308  2324 I TestRunner: 	at android.os.Handler.handleCallback(Handler.java:751)
11-23 19:05:40.768  2308  2324 I TestRunner: 	at android.os.Handler.dispatchMessage(Handler.java:95)
11-23 19:05:40.768  2308  2324 I TestRunner: 	at android.os.Looper.loop(Looper.java:154)
11-23 19:05:40.768  2308  2324 I TestRunner: 	at android.app.ActivityThread.main(ActivityThread.java:6077)
11-23 19:05:40.768  2308  2324 I TestRunner: 	at java.lang.reflect.Method.invoke(Native Method)
11-23 19:05:40.768  2308  2324 I TestRunner: 	at com.android.internal.os.ZygoteInit$MethodAndArgsCaller.run(ZygoteInit.java:865)
11-23 19:05:40.768  2308  2324 I TestRunner: 	at com.android.internal.os.ZygoteInit.main(ZygoteInit.java:755)
11-23 19:05:40.768  2308  2324 I TestRunner: ----- end exception -----
11-23 19:05:40.772  2308  2324 I TestRunner: finished: whenScrollUpAndPlayFirstItemTest(br.com.catbag.gifreduxsample.ui.giflist.GifListActivityTest)
11-23 19:05:40.843  2308  2308 I MonitoringInstrumentation: Activities that are still in CREATED to STOPPED: 1
11-23 19:05:40.843  2308  2324 I TestRunner: started: whenGifIsDownloadedTest(br.com.catbag.gifreduxsample.ui.giflist.GifListActivityTest)
11-23 19:05:40.852  2308  2308 I MonitoringInstrumentation: Activities that are still in CREATED to STOPPED: 1
11-23 19:05:40.937  1239  1260 I Choreographer: Skipped 52 frames!  The application may be doing too much work on its main thread.
11-23 19:05:40.994  2308  2325 I DroidFlux:Dispatcher: [STARTED] dispatch of action [FAKE_REDUCE_ACTION]
11-23 19:05:41.010  2308  2325 I DroidFlux:Dispatcher: [COMPLETED] dispatch of action [FAKE_REDUCE_ACTION]
11-23 19:05:41.029  2308  2366 D ActivityTestRule: Launching activity br.com.catbag.gifreduxsample.ui.GifListActivity
11-23 19:05:41.034  2308  2367 D MonitoringInstrumentation: execStartActivity(context, ibinder, ibinder, activity, intent, int, bundle
11-23 19:05:41.045  1239  2130 I ActivityManager: START u0 {flg=0x10000000 cmp=br.com.catbag.gifreduxsample/.ui.GifListActivity} from uid 10060 on display 0
11-23 19:05:41.280  1239  1260 I Choreographer: Skipped 35 frames!  The application may be doing too much work on its main thread.
11-23 19:05:41.376  1239  1253 W art     : Long monitor contention with owner Binder:1239_8 (1711) at void com.android.server.am.ActivityManagerService.activityPaused(android.os.IBinder)(ActivityManagerService.java:6849) waiters=0 in void com.android.server.am.ActivityStackSupervisor$ActivityStackSupervisorHandler.activityIdleInternal(com.android.server.am.ActivityRecord) for 223ms
11-23 19:05:41.395  2308  2308 D LifecycleMonitor: Lifecycle status change: br.com.catbag.gifreduxsample.ui.GifListActivity@fe9a191 in: PRE_ON_CREATE
11-23 19:05:41.551  2308  2308 D LifecycleMonitor: Lifecycle status change: br.com.catbag.gifreduxsample.ui.GifListActivity@fe9a191 in: CREATED
11-23 19:05:41.552  2308  2325 I DroidFlux:Dispatcher: [STARTED] dispatch of action [APP_STATE_LOAD]
11-23 19:05:41.552  2308  2325 D DroidFlux:Dispatcher: An action of type [APP_STATE_LOAD] was dispatched, but no reducer handled it
11-23 19:05:41.553  2308  2325 I DroidFlux:Dispatcher: [COMPLETED] dispatch of action [APP_STATE_LOAD]
11-23 19:05:41.553  2308  2308 D LifecycleMonitor: Lifecycle status change: br.com.catbag.gifreduxsample.ui.GifListActivity@fe9a191 in: STARTED
11-23 19:05:41.578  2308  2319 I art     : Background partial concurrent mark sweep GC freed 77739(2MB) AllocSpace objects, 0(0B) LOS objects, 33% free, 8MB/12MB, paused 48.611ms total 1.227s
11-23 19:05:41.609  2308  2308 D LifecycleMonitor: Lifecycle status change: br.com.catbag.gifreduxsample.ui.GifListActivity@fe9a191 in: RESUMED
11-23 19:05:41.837  1239  1260 I Choreographer: Skipped 52 frames!  The application may be doing too much work on its main thread.
11-23 19:05:41.840  1239  1677 W art     : Long monitor contention with owner android.display (1260) at void com.android.server.wm.WindowAnimator$1.doFrame(long)(WindowAnimator.java:138) waiters=0 in int com.android.server.wm.WindowManagerService.addWindow(com.android.server.wm.Session, android.view.IWindow, int, android.view.WindowManager$LayoutParams, int, int, android.graphics.Rect, android.graphics.Rect, android.graphics.Rect, android.view.InputChannel) for 198ms
11-23 19:05:42.021  1239  1260 I Choreographer: Skipped 47 frames!  The application may be doing too much work on its main thread.
11-23 19:05:42.026  2308  2308 I Choreographer: Skipped 101 frames!  The application may be doing too much work on its main thread.
11-23 19:05:42.193  1239  1260 I Choreographer: Skipped 43 frames!  The application may be doing too much work on its main thread.
11-23 19:05:42.369  1239  1260 I ActivityManager: Displayed br.com.catbag.gifreduxsample/.ui.GifListActivity: +1s216ms
11-23 19:05:42.463  2308  2308 D LifecycleMonitor: Lifecycle status change: br.com.catbag.gifreduxsample.ui.GifListActivity@871651a in: STOPPED
11-23 19:05:42.464  2308  2308 D LifecycleMonitor: Lifecycle status change: br.com.catbag.gifreduxsample.ui.GifListActivity@871651a in: DESTROYED
11-23 19:05:42.518  1239  2129 I WindowManager: Destroying surface Surface(name=com.android.launcher3/com.android.launcher3.Launcher) called by com.android.server.wm.WindowStateAnimator.destroySurface:2014 com.android.server.wm.WindowStateAnimator.destroySurfaceLocked:881 com.android.server.wm.WindowState.destroyOrSaveSurface:2073 com.android.server.wm.AppWindowToken.destroySurfaces:363 com.android.server.wm.AppWindowToken.notifyAppStopped:389 com.android.server.wm.WindowManagerService.notifyAppStopped:4456 com.android.server.am.ActivityStack.activityStoppedLocked:1252 com.android.server.am.ActivityManagerService.activityStopped:6873 
11-23 19:05:42.631  1239  1260 I WindowManager: Destroying surface Surface(name=Starting br.com.catbag.gifreduxsample) called by com.android.server.wm.WindowStateAnimator.destroySurface:2014 com.android.server.wm.WindowStateAnimator.destroySurfaceLocked:881 com.android.server.wm.WindowState.destroyOrSaveSurface:2073 com.android.server.wm.AppWindowToken.destroySurfaces:363 com.android.server.wm.WindowStateAnimator.finishExit:565 com.android.server.wm.WindowStateAnimator.stepAnimationLocked:491 com.android.server.wm.WindowAnimator.updateWindowsLocked:303 com.android.server.wm.WindowAnimator.animateLocked:704 
11-23 19:05:42.730  1239  1374 I WindowManager: Destroying surface Surface(name=br.com.catbag.gifreduxsample/br.com.catbag.gifreduxsample.ui.GifListActivity) called by com.android.server.wm.WindowStateAnimator.destroySurface:2014 com.android.server.wm.WindowStateAnimator.destroySurfaceLocked:881 com.android.server.wm.WindowState.removeLocked:1449 com.android.server.wm.WindowManagerService.removeWindowInnerLocked:2478 com.android.server.wm.WindowManagerService.removeWindowLocked:2436 com.android.server.wm.WindowManagerService.removeWindowLocked:2305 com.android.server.wm.WindowManagerService.removeWindow:2300 com.android.server.wm.Session.remove:193 
11-23 19:05:42.757  2308  2308 I Choreographer: Skipped 73 frames!  The application may be doing too much work on its main thread.
11-23 19:05:44.667  1239  1324 E TaskPersister: File error accessing recents directory (directory doesn't exist?).
11-23 19:06:09.224  2308  2308 D LifecycleMonitor: Lifecycle status change: br.com.catbag.gifreduxsample.ui.GifListActivity@fe9a191 in: PAUSED
11-23 19:06:09.273  2308  2324 I TestRunner: failed: whenGifIsDownloadedTest(br.com.catbag.gifreduxsample.ui.giflist.GifListActivityTest)
11-23 19:06:09.273  2308  2324 I TestRunner: ----- begin exception -----
11-23 19:06:09.286  2308  2324 I TestRunner: java.lang.RuntimeException: Waited for the root of the view hierarchy to have window focus and not be requesting layout for over 10 seconds. If you specified a non default root matcher, it may be picking a root that never takes focus. Otherwise, something is seriously wrong. Selected Root:
11-23 19:06:09.286  2308  2324 I TestRunner: Root{application-window-token=android.view.ViewRootImpl$W@ce9d72c, window-token=android.view.ViewRootImpl$W@ce9d72c, has-window-focus=false, layout-params-type=1, layout-params-string=WM.LayoutParams{(0,0)(fillxfill) sim=#100 ty=1 fl=#81810100 wanim=0x1030465 needsMenuKey=2}, decor-view-string=DecorView{id=-1, visibility=VISIBLE, width=480, height=800, has-focus=true, has-focusable=true, has-window-focus=false, is-clickable=false, is-enabled=true, is-focused=false, is-focusable=false, is-layout-requested=false, is-selected=false, root-is-layout-requested=false, has-input-connection=false, x=0.0, y=0.0, child-count=1}}
11-23 19:06:09.286  2308  2324 I TestRunner: . All Roots:
