11-25 19:13:58.576  2239  2256 D DroidFlux:Dispatcher: An action of type [GIF_LIST_FETCHING] was dispatched, but no reducer handled it
11-25 19:13:58.621  2239  2256 I DroidFlux:Dispatcher: [COMPLETED] dispatch of action [GIF_LIST_FETCHING]
11-25 19:13:58.621  2239  2256 I DroidFlux:Dispatcher: [STARTED] dispatch of action [GIF_LIST_FETCHING]
11-25 19:13:58.622  2239  2256 D DroidFlux:Dispatcher: An action of type [GIF_LIST_FETCHING] was dispatched, but no reducer handled it
11-25 19:13:58.622  2239  2256 I DroidFlux:Dispatcher: [COMPLETED] dispatch of action [GIF_LIST_FETCHING]
11-25 19:13:58.623  2239  2256 I DroidFlux:Dispatcher: [STARTED] dispatch of action [GIF_LIST_FETCHING]
11-25 19:13:58.624  2239  2256 D DroidFlux:Dispatcher: An action of type [GIF_LIST_FETCHING] was dispatched, but no reducer handled it
11-25 19:13:58.624  2239  2256 I DroidFlux:Dispatcher: [COMPLETED] dispatch of action [GIF_LIST_FETCHING]
11-25 19:13:58.624  2239  2256 I DroidFlux:Dispatcher: [STARTED] dispatch of action [GIF_LIST_FETCHING]
11-25 19:13:58.624  2239  2256 D DroidFlux:Dispatcher: An action of type [GIF_LIST_FETCHING] was dispatched, but no reducer handled it
11-25 19:13:58.625  2239  2256 I DroidFlux:Dispatcher: [COMPLETED] dispatch of action [GIF_LIST_FETCHING]
11-25 19:13:58.625  2239  2256 I DroidFlux:Dispatcher: [STARTED] dispatch of action [GIF_LIST_FETCHING]
11-25 19:13:58.625  2239  2256 D DroidFlux:Dispatcher: An action of type [GIF_LIST_FETCHING] was dispatched, but no reducer handled it
11-25 19:13:58.625  2239  2256 I DroidFlux:Dispatcher: [COMPLETED] dispatch of action [GIF_LIST_FETCHING]
11-25 19:13:58.625  2239  2256 I DroidFlux:Dispatcher: [STARTED] dispatch of action [GIF_LIST_FETCHING]
11-25 19:13:58.626  2239  2256 D DroidFlux:Dispatcher: An action of type [GIF_LIST_FETCHING] was dispatched, but no reducer handled it
11-25 19:13:58.626  2239  2256 I DroidFlux:Dispatcher: [COMPLETED] dispatch of action [GIF_LIST_FETCHING]
11-25 19:13:58.851  2239  2239 W ResourceType: No package identifier when getting name for resource number 0x000000ba
11-25 19:13:58.883  2239  2239 W ResourceType: No package identifier when getting name for resource number 0x000000c2
11-25 19:13:58.884  2239  2239 I ViewInteraction: Performing 'single click' action on view with id: 194 (resource name not found)
11-25 19:13:58.941  2239  2256 I DroidFlux:Dispatcher: [STARTED] dispatch of action [GIF_PLAY]
11-25 19:13:58.942  2239  2256 I DroidFlux:Dispatcher: [COMPLETED] dispatch of action [GIF_PLAY]
11-25 19:13:59.465  2239  2239 W ResourceType: No package identifier when getting name for resource number 0x000000c6
11-25 19:13:59.466  2239  2239 I ViewInteraction: Performing 'scroll RecyclerView to position: 17' action on view with id: 198 (resource name not found)
11-25 19:13:59.506  2239  2256 I DroidFlux:Dispatcher: [STARTED] dispatch of action [GIF_LIST_FETCHING]
11-25 19:13:59.507  2239  2256 D DroidFlux:Dispatcher: An action of type [GIF_LIST_FETCHING] was dispatched, but no reducer handled it
11-25 19:13:59.507  2239  2256 I DroidFlux:Dispatcher: [COMPLETED] dispatch of action [GIF_LIST_FETCHING]
11-25 19:13:59.519  2239  2256 I DroidFlux:Dispatcher: [STARTED] dispatch of action [GIF_LIST_FETCHING]
11-25 19:13:59.519  2239  2256 D DroidFlux:Dispatcher: An action of type [GIF_LIST_FETCHING] was dispatched, but no reducer handled it
11-25 19:13:59.520  2239  2256 I DroidFlux:Dispatcher: [COMPLETED] dispatch of action [GIF_LIST_FETCHING]
11-25 19:13:59.800  2239  2239 W ResourceType: No package identifier when getting name for resource number 0x000000c6
11-25 19:13:59.832  2239  2239 W ResourceType: No package identifier when getting name for resource number 0x000000ce
11-25 19:13:59.832  2239  2239 I ViewInteraction: Performing 'single click' action on view with id: 206 (resource name not found)
11-25 19:13:59.882  2239  2256 I DroidFlux:Dispatcher: [STARTED] dispatch of action [GIF_PLAY]
11-25 19:13:59.884  2239  2256 I DroidFlux:Dispatcher: [COMPLETED] dispatch of action [GIF_PLAY]
11-25 19:14:00.440  2239  2239 W ResourceType: No package identifier when getting name for resource number 0x000000d2
11-25 19:14:00.440  2239  2239 I ViewInteraction: Performing 'scroll RecyclerView to position: 18' action on view with id: 210 (resource name not found)
11-25 19:14:00.476  2239  2256 I DroidFlux:Dispatcher: [STARTED] dispatch of action [GIF_LIST_FETCHING]
11-25 19:14:00.477  2239  2256 D DroidFlux:Dispatcher: An action of type [GIF_LIST_FETCHING] was dispatched, but no reducer handled it
11-25 19:14:00.477  2239  2256 I DroidFlux:Dispatcher: [COMPLETED] dispatch of action [GIF_LIST_FETCHING]
11-25 19:14:00.478  2239  2256 I DroidFlux:Dispatcher: [STARTED] dispatch of action [GIF_LIST_FETCHING]
11-25 19:14:00.479  2239  2256 D DroidFlux:Dispatcher: An action of type [GIF_LIST_FETCHING] was dispatched, but no reducer handled it
11-25 19:14:00.479  2239  2256 I DroidFlux:Dispatcher: [COMPLETED] dispatch of action [GIF_LIST_FETCHING]
11-25 19:14:00.751  2239  2239 W ResourceType: No package identifier when getting name for resource number 0x000000d2
11-25 19:14:00.792  2239  2239 W ResourceType: No package identifier when getting name for resource number 0x000000da
11-25 19:14:00.792  2239  2239 I ViewInteraction: Performing 'single click' action on view with id: 218 (resource name not found)
11-25 19:14:00.846  2239  2256 I DroidFlux:Dispatcher: [STARTED] dispatch of action [GIF_PLAY]
11-25 19:14:00.858  2239  2256 I DroidFlux:Dispatcher: [COMPLETED] dispatch of action [GIF_PLAY]
11-25 19:14:01.406  2239  2239 W ResourceType: No package identifier when getting name for resource number 0x000000de
11-25 19:14:01.406  2239  2239 I ViewInteraction: Performing 'scroll RecyclerView to position: 19' action on view with id: 222 (resource name not found)
11-25 19:14:01.424  2239  2256 I DroidFlux:Dispatcher: [STARTED] dispatch of action [GIF_LIST_FETCHING]
11-25 19:14:01.425  2239  2256 D DroidFlux:Dispatcher: An action of type [GIF_LIST_FETCHING] was dispatched, but no reducer handled it
11-25 19:14:01.425  2239  2256 I DroidFlux:Dispatcher: [COMPLETED] dispatch of action [GIF_LIST_FETCHING]
11-25 19:14:01.435  2239  2256 I DroidFlux:Dispatcher: [STARTED] dispatch of action [GIF_LIST_FETCHING]
11-25 19:14:01.435  2239  2256 D DroidFlux:Dispatcher: An action of type [GIF_LIST_FETCHING] was dispatched, but no reducer handled it
11-25 19:14:01.436  2239  2256 I DroidFlux:Dispatcher: [COMPLETED] dispatch of action [GIF_LIST_FETCHING]
11-25 19:14:01.711  2239  2239 W ResourceType: No package identifier when getting name for resource number 0x000000de
11-25 19:14:01.723  2239  2239 W ResourceType: No package identifier when getting name for resource number 0x000000e6
11-25 19:14:01.723  2239  2239 I ViewInteraction: Performing 'single click' action on view with id: 230 (resource name not found)
11-25 19:14:01.775  2239  2256 I DroidFlux:Dispatcher: [STARTED] dispatch of action [GIF_PLAY]
11-25 19:14:01.776  2239  2256 I DroidFlux:Dispatcher: [COMPLETED] dispatch of action [GIF_PLAY]
11-25 19:14:02.365  2239  2239 W ResourceType: No package identifier when getting name for resource number 0x000000f1
11-25 19:14:02.365  2239  2239 I ViewInteraction: Performing 'single click' action on view with id: 241 (resource name not found)
11-25 19:14:02.443  2239  2256 I DroidFlux:Dispatcher: [STARTED] dispatch of action [GIF_PAUSE]
11-25 19:14:02.444  2239  2256 I DroidFlux:Dispatcher: [COMPLETED] dispatch of action [GIF_PAUSE]
11-25 19:14:02.545  2239  2250 I art     : Background sticky concurrent mark sweep GC freed 28297(2MB) AllocSpace objects, 15(320KB) LOS objects, 17% free, 12MB/14MB, paused 5.141ms total 69.993ms
11-25 19:14:03.027  2239  2239 D LifecycleMonitor: Lifecycle status change: br.com.catbag.gifreduxsample.ui.GifListActivity@cc90385 in: PAUSED
11-25 19:14:03.029  2239  2255 I TestRunner: finished: whenListKeepOrderedAfterPlayTest(br.com.catbag.gifreduxsample.ui.giflist.GifListActivityTest)
11-25 19:14:03.089   978   978 D gralloc : Registering a buffer in the process that created it. This may cause memory ordering problems.
11-25 19:14:03.089   978   978 E libEGL  : called unimplemented OpenGL ES API
11-25 19:14:03.090   978   978 E SurfaceFlinger: glCheckFramebufferStatusOES error 25970820
11-25 19:14:03.090   978   978 E SurfaceFlinger: got GL_FRAMEBUFFER_COMPLETE_OES error while taking screenshot
11-25 19:14:03.092  1237  1731 W WindowManager: Screenshot failure taking screenshot for (480x800) to layer 21005
11-25 19:14:03.131  2239  2239 I MonitoringInstrumentation: Activities that are still in CREATED to STOPPED: 1
11-25 19:14:03.132  2239  2255 I TestRunner: started: whenGifIsWatchedTest(br.com.catbag.gifreduxsample.ui.giflist.GifListActivityTest)
11-25 19:14:03.149  2239  2239 I MonitoringInstrumentation: Activities that are still in CREATED to STOPPED: 1
11-25 19:14:03.183  2239  2256 I DroidFlux:Dispatcher: [STARTED] dispatch of action [FAKE_REDUCE_ACTION]
11-25 19:14:03.184  2239  2256 I DroidFlux:Dispatcher: [COMPLETED] dispatch of action [FAKE_REDUCE_ACTION]
11-25 19:14:03.350  2239  2285 D ActivityTestRule: Launching activity br.com.catbag.gifreduxsample.ui.GifListActivity
11-25 19:14:03.374  2239  2286 D MonitoringInstrumentation: execStartActivity(context, ibinder, ibinder, activity, intent, int, bundle
11-25 19:14:03.375  1237  1249 I ActivityManager: START u0 {flg=0x10000000 cmp=br.com.catbag.gifreduxsample/.ui.GifListActivity} from uid 10060 on display 0
11-25 19:14:03.536  2239  2239 D LifecycleMonitor: Lifecycle status change: br.com.catbag.gifreduxsample.ui.GifListActivity@c545102 in: PRE_ON_CREATE
11-25 19:14:03.604  2239  2239 D LifecycleMonitor: Lifecycle status change: br.com.catbag.gifreduxsample.ui.GifListActivity@c545102 in: CREATED
11-25 19:14:03.605  2239  2256 I DroidFlux:Dispatcher: [STARTED] dispatch of action [APP_STATE_LOAD]
11-25 19:14:03.605  2239  2256 D DroidFlux:Dispatcher: An action of type [APP_STATE_LOAD] was dispatched, but no reducer handled it
11-25 19:14:03.605  2239  2256 I DroidFlux:Dispatcher: [COMPLETED] dispatch of action [APP_STATE_LOAD]
11-25 19:14:03.605  2239  2239 D LifecycleMonitor: Lifecycle status change: br.com.catbag.gifreduxsample.ui.GifListActivity@c545102 in: STARTED
11-25 19:14:03.653  2239  2239 D LifecycleMonitor: Lifecycle status change: br.com.catbag.gifreduxsample.ui.GifListActivity@c545102 in: RESUMED
11-25 19:14:03.772  2239  2239 E Feed    : Gif{uuid=d72dc7cd-abcf-43fe-a75b-07d6ce31d5ea, path=, url=, title=, watched=true, status=DOWNLOADED}
11-25 19:14:03.772  2239  2239 E Feed    : pl.droidsonroids.gif.GifIOException: GifError 101: Failed to open given input
11-25 19:14:03.772  2239  2239 E Feed    : 	at pl.droidsonroids.gif.GifInfoHandle.openFile(Native Method)
11-25 19:14:03.772  2239  2239 E Feed    : 	at pl.droidsonroids.gif.GifInfoHandle.<init>(GifInfoHandle.java:46)
11-25 19:14:03.772  2239  2239 E Feed    : 	at pl.droidsonroids.gif.GifDrawable.<init>(GifDrawable.java:124)
11-25 19:14:03.772  2239  2239 E Feed    : 	at br.com.catbag.gifreduxsample.ui.views.FeedView.createDrawable(FeedView.java:123)
11-25 19:14:03.772  2239  2239 E Feed    : 	at br.com.catbag.gifreduxsample.ui.views.FeedView.lambda$renderGifView$1(FeedView.java:110)
11-25 19:14:03.772  2239  2239 E Feed    : 	at br.com.catbag.gifreduxsample.ui.views.FeedView$$Lambda$4.view(Unknown Source)
11-25 19:14:03.772  2239  2239 E Feed    : 	at trikita.anvil.BaseDSL.v(BaseDSL.java:670)
11-25 19:14:03.772  2239  2239 E Feed    : 	at br.com.catbag.gifreduxsample.ui.views.FeedView.renderGifView(FeedView.java:109)
11-25 19:14:03.772  2239  2239 E Feed    : 	at br.com.catbag.gifreduxsample.ui.views.FeedView.access$lambda$0(FeedView.java)
11-25 19:14:03.772  2239  2239 E Feed    : 	at br.com.catbag.gifreduxsample.ui.views.FeedView$$Lambda$5.view(Unknown Source)
11-25 19:14:03.772  2239  2239 E Feed    : 	at br.com.catbag.gifreduxsample.ui.views.GifsAdapter.view(GifsAdapter.java:55)
11-25 19:14:03.772  2239  2239 E Feed    : 	at trikita.anvil.RenderableRecyclerViewAdapter$1.view(RenderableRecyclerViewAdapter.java:24)
11-25 19:14:03.772  2239  2239 E Feed    : 	at trikita.anvil.Anvil$Mount.render(Anvil.java:204)
11-25 19:14:03.772  2239  2239 E Feed    : 	at trikita.anvil.Anvil.render(Anvil.java:173)
11-25 19:14:03.772  2239  2239 E Feed    : 	at trikita.anvil.RenderableRecyclerViewAdapter.onBindViewHolder(RenderableRecyclerViewAdapter.java:27)
11-25 19:14:03.772  2239  2239 E Feed    : 	at trikita.anvil.RenderableRecyclerViewAdapter.onBindViewHolder(RenderableRecyclerViewAdapter.java:7)
11-25 19:14:03.772  2239  2239 E Feed    : 	at android.support.v7.widget.RecyclerView$Adapter.onBindViewHolder(RecyclerView.java:5768)
11-25 19:14:03.772  2239  2239 E Feed    : 	at android.support.v7.widget.RecyclerView$Adapter.bindViewHolder(RecyclerView.java:5801)
11-25 19:14:03.772  2239  2239 E Feed    : 	at android.support.v7.widget.RecyclerView$Recycler.getViewForPosition(RecyclerView.java:5037)
11-25 19:14:03.772  2239  2239 E Feed    : 	at android.support.v7.widget.RecyclerView$Recycler.getViewForPosition(RecyclerView.java:4913)
11-25 19:14:03.772  2239  2239 E Feed    : 	at android.support.v7.widget.LinearLayoutManager$LayoutState.next(LinearLayoutManager.java:2029)
11-25 19:14:03.772  2239  2239 E Feed    : 	at android.support.v7.widget.LinearLayoutManager.layoutChunk(LinearLayoutManager.java:1414)
11-25 19:14:03.772  2239  2239 E Feed    : 	at android.support.v7.widget.LinearLayoutManager.fill(LinearLayoutManager.java:1377)
11-25 19:14:03.772  2239  2239 E Feed    : 	at android.support.v7.widget.LinearLayoutManager.onLayoutChildren(LinearLayoutManager.java:578)
11-25 19:14:03.772  2239  2239 E Feed    : 	at android.support.v7.widget.RecyclerView.dispatchLayoutStep2(RecyclerView.java:3260)
11-25 19:14:03.772  2239  2239 E Feed    : 	at android.support.v7.widget.RecyclerView.dispatchLayout(RecyclerView.java:3069)
11-25 19:14:03.772  2239  2239 E Feed    : 	at android.support.v7.widget.RecyclerView.onLayout(RecyclerView.java:3518)
11-25 19:14:03.772  2239  2239 E Feed    : 	at android.view.View.layout(View.java:17520)
11-25 19:14:03.772  2239  2239 E Feed    : 	at android.view.ViewGroup.layout(ViewGroup.java:5612)
11-25 19:14:03.772  2239  2239 E Feed    : 	at android.widget.FrameLayout.layoutChildren(FrameLayout.java:323)
11-25 19:14:03.772  2239  2239 E Feed    : 	at android.widget.FrameLayout.onLayout(FrameLayout.java:261)
11-25 19:14:03.772  2239  2239 E Feed    : 	at android.view.View.layout(View.java:17520)
11-25 19:14:03.772  2239  2239 E Feed    : 	at android.view.ViewGroup.layout(ViewGroup.java:5612)
11-25 19:14:03.772  2239  2239 E Feed    : 	at android.widget.RelativeLayout.onLayout(RelativeLayout.java:1079)
11-25 19:14:03.772  2239  2239 E Feed    : 	at android.view.View.layout(View.java:17520)
11-25 19:14:03.772  2239  2239 E Feed    : 	at android.view.ViewGroup.layout(ViewGroup.java:5612)
11-25 19:14:03.772  2239  2239 E Feed    : 	at android.widget.FrameLayout.layoutChildren(FrameLayout.java:323)
11-25 19:14:03.772  2239  2239 E Feed    : 	at android.widget.FrameLayout.onLayout(FrameLayout.java:261)
11-25 19:14:03.772  2239  2239 E Feed    : 	at android.view.View.layout(View.java:17520)
11-25 19:14:03.772  2239  2239 E Feed    : 	at android.view.ViewGroup.layout(ViewGroup.java:5612)
11-25 19:14:03.772  2239  2239 E Feed    : 	at android.support.v7.widget.ActionBarOverlayLayout.onLayout(ActionBarOverlayLayout.java:435)
11-25 19:14:03.772  2239  2239 E Feed    : 	at android.view.View.layout(View.java:17520)
11-25 19:14:03.772  2239  2239 E Feed    : 	at android.view.ViewGroup.layout(ViewGroup.java:5612)
11-25 19:14:03.772  2239  2239 E Feed    : 	at android.widget.FrameLayout.layoutChildren(FrameLayout.java:323)
11-25 19:14:03.772  2239  2239 E Feed    : 	at android.widget.FrameLayout.onLayout(FrameLayout.java:261)
11-25 19:14:03.772  2239  2239 E Feed    : 	at android.view.View.layout(View.java:17520)
11-25 19:14:03.772  2239  2239 E Feed    : 	at android.view.ViewGroup.layout(ViewGroup.java:5612)
11-25 19:14:03.772  2239  2239 E Feed    : 	at android.widget.LinearLayout.setChildFrame(LinearLayout.java:1741)
11-25 19:14:03.772  2239  2239 E Feed    : 	at android.widget.LinearLayout.layoutVertical(LinearLayout.java:1585)
11-25 19:14:03.772  2239  2239 E Feed    : 	at android.widget.LinearLayout.onLayout(LinearLayout.java:1494)
11-25 19:14:03.772  2239  2239 E Feed    : 	at android.view.View.layout(View.java:17520)
11-25 19:14:03.772  2239  2239 E Feed    : 	at android.view.ViewGroup.layout(ViewGroup.java:5612)
11-25 19:14:03.772  2239  2239 E Feed    : 	at android.widget.FrameLayout.layoutChildren(FrameLayout.java:323)
11-25 19:14:03.772  2239  2239 E Feed    : 	at android.widget.FrameLayout.onLayout(FrameLayout.java:261)
11-25 19:14:03.772  2239  2239 E Feed    : 	at com.android.internal.policy.DecorView.onLayout(DecorView.java:724)
11-25 19:14:03.772  2239  2239 E Feed    : 	at android.view.View.layout(View.java:17520)
11-25 19:14:03.772  2239  2239 E Feed    : 	at android.view.ViewGroup.layout(ViewGroup.java:5612)
11-25 19:14:03.772  2239  2239 E Feed    : 	at android.view.ViewRootImpl.performLayout(ViewRootImpl.java:2342)
11-25 19:14:03.772  2239  2239 E Feed    : 	at android.view.ViewRootImpl.performTraversals(ViewRootImpl.java:2069)
11-25 19:14:03.772  2239  2239 E Feed    : 	at android.view.ViewRootImpl.doTraversal(ViewRootImpl.java:1246)
11-25 19:14:03.772  2239  2239 E Feed    : 	at android.view.ViewRootImpl$TraversalRunnable.run(ViewRootImpl.java:6301)
11-25 19:14:03.772  2239  2239 E Feed    : 	at android.view.Choreographer$CallbackRecord.run(Choreographer.java:871)
11-25 19:14:03.772  2239  2239 E Feed    : 	at android.view.Choreographer.doCallbacks(Choreographer.java:683)
11-25 19:14:03.772  2239  2239 E Feed    : 	at android.view.Choreographer.doFrame(Choreographer.java:619)
11-25 19:14:03.772  2239  2239 E Feed    : 	at android.view.Choreographer$FrameDisplayEventReceiver.run(Choreographer.java:857)
11-25 19:14:03.772  2239  2239 E Feed    : 	at android.os.Handler.handleCallback(Handler.java:751)
11-25 19:14:03.772  2239  2239 E Feed    : 	at android.os.Handler.dispatchMessage(Handler.java:95)
11-25 19:14:03.772  2239  2239 E Feed    : 	at android.os.Looper.loop(Looper.java:154)
11-25 19:14:03.772  2239  2239 E Feed    : 	at android.app.ActivityThread.main(ActivityThread.java:6077)
11-25 19:14:03.772  2239  2239 E Feed    : 	at java.lang.reflect.Method.invoke(Native Method)
11-25 19:14:03.772  2239  2239 E Feed    : 	at com.android.internal.os.ZygoteInit$MethodAndArgsCaller.run(ZygoteInit.java:865)
11-25 19:14:03.772  2239  2239 E Feed    : 	at com.android.internal.os.ZygoteInit.main(ZygoteInit.java:755)
11-25 19:14:03.785  2239  2239 D LifecycleMonitor: Lifecycle status change: br.com.catbag.gifreduxsample.ui.GifListActivity@cc90385 in: STOPPED
11-25 19:14:03.785  2239  2239 D LifecycleMonitor: Lifecycle status change: br.com.catbag.gifreduxsample.ui.GifListActivity@cc90385 in: DESTROYED
11-25 19:14:03.837  2239  2255 I TestRunner: finished: whenGifIsWatchedTest(br.com.catbag.gifreduxsample.ui.giflist.GifListActivityTest)
11-25 19:14:03.850  2239  2239 D LifecycleMonitor: Lifecycle status change: br.com.catbag.gifreduxsample.ui.GifListActivity@c545102 in: PAUSED
11-25 19:14:03.862   978   978 D gralloc : Registering a buffer in the process that created it. This may cause memory ordering problems.
11-25 19:14:03.863   978   978 E SurfaceFlinger: glCheckFramebufferStatusOES error 25970820
11-25 19:14:03.863   978   978 E SurfaceFlinger: got GL_FRAMEBUFFER_COMPLETE_OES error while taking screenshot
11-25 19:14:03.865  1237  1356 W WindowManager: Screenshot failure taking screenshot for (480x800) to layer 22020
11-25 19:14:03.878  2239  2239 I MonitoringInstrumentation: Activities that are still in CREATED to STOPPED: 1
11-25 19:14:03.879  2239  2255 I TestRunner: started: whenScrollUpAndPlayFirstItemTest(br.com.catbag.gifreduxsample.ui.giflist.GifListActivityTest)
11-25 19:14:03.884  2239  2239 I MonitoringInstrumentation: Activities that are still in CREATED to STOPPED: 1
11-25 19:14:03.900  1237  1351 I ActivityManager: Activity reported stop, but no longer stopping: ActivityRecord{6e4d78a u0 com.android.launcher3/.Launcher t3}
11-25 19:14:03.902  1237  1665 D WindowManager: relayoutVisibleWindow: Window{816999b u0 com.android.launcher3/com.android.launcher3.Launcher EXITING} mAnimatingExit=true, mRemoveOnExit=false, mDestroying=true
11-25 19:14:03.930  1237  1258 I Choreographer: Skipped 32 frames!  The application may be doing too much work on its main thread.
11-25 19:14:04.061  2239  2256 I DroidFlux:Dispatcher: [STARTED] dispatch of action [FAKE_REDUCE_ACTION]
11-25 19:14:04.062  2239  2256 I DroidFlux:Dispatcher: [COMPLETED] dispatch of action [FAKE_REDUCE_ACTION]
11-25 19:14:04.063  2239  2287 D ActivityTestRule: Launching activity br.com.catbag.gifreduxsample.ui.GifListActivity
11-25 19:14:04.064  2239  2288 D MonitoringInstrumentation: execStartActivity(context, ibinder, ibinder, activity, intent, int, bundle
11-25 19:14:04.065  1237  1665 I ActivityManager: START u0 {flg=0x10000000 cmp=br.com.catbag.gifreduxsample/.ui.GifListActivity} from uid 10060 on display 0
11-25 19:14:04.074  1237  1258 I WindowManager: Destroying surface Surface(name=br.com.catbag.gifreduxsample/br.com.catbag.gifreduxsample.ui.GifListActivity) called by com.android.server.wm.WindowStateAnimator.destroySurface:2014 com.android.server.wm.WindowStateAnimator.destroySurfaceLocked:881 com.android.server.wm.WindowState.removeLocked:1449 com.android.server.wm.WindowManagerService.removeWindowInnerLocked:2478 com.android.server.wm.AppWindowToken.destroySurfaces:365 com.android.server.wm.WindowStateAnimator.finishExit:565 com.android.server.wm.AppWindowAnimator.stepAnimationLocked:427 com.android.server.wm.WindowAnimator.updateAppWindowsLocked:196 
11-25 19:14:04.213  2239  2239 W IInputConnectionWrapper: reportFullscreenMode on inexistent InputConnection
11-25 19:14:04.285  1748  1748 I Choreographer: Skipped 36 frames!  The application may be doing too much work on its main thread.
11-25 19:14:04.312  2239  2239 D LifecycleMonitor: Lifecycle status change: br.com.catbag.gifreduxsample.ui.GifListActivity@349b8ae in: PRE_ON_CREATE
11-25 19:14:04.366  1237  1258 I WindowManager: Destroying surface Surface(name=Starting br.com.catbag.gifreduxsample) called by com.android.server.wm.WindowStateAnimator.destroySurface:2014 com.android.server.wm.WindowStateAnimator.destroySurfaceLocked:881 com.android.server.wm.WindowState.removeLocked:1449 com.android.server.wm.WindowManagerService.removeWindowInnerLocked:2478 com.android.server.wm.AppWindowToken.destroySurfaces:365 com.android.server.wm.WindowStateAnimator.finishExit:565 com.android.server.wm.AppWindowAnimator.stepAnimationLocked:427 com.android.server.wm.WindowAnimator.updateAppWindowsLocked:176 
11-25 19:14:04.376  2239  2239 D LifecycleMonitor: Lifecycle status change: br.com.catbag.gifreduxsample.ui.GifListActivity@349b8ae in: CREATED
11-25 19:14:04.377  2239  2256 I DroidFlux:Dispatcher: [STARTED] dispatch of action [APP_STATE_LOAD]
11-25 19:14:04.377  2239  2256 D DroidFlux:Dispatcher: An action of type [APP_STATE_LOAD] was dispatched, but no reducer handled it
11-25 19:14:04.378  2239  2239 D LifecycleMonitor: Lifecycle status change: br.com.catbag.gifreduxsample.ui.GifListActivity@349b8ae in: STARTED
11-25 19:14:04.380  2239  2239 D LifecycleMonitor: Lifecycle status change: br.com.catbag.gifreduxsample.ui.GifListActivity@349b8ae in: RESUMED
11-25 19:14:04.412  2239  2239 D LifecycleMonitor: Lifecycle status change: br.com.catbag.gifreduxsample.ui.GifListActivity@c545102 in: STOPPED
11-25 19:14:04.413  2239  2239 D LifecycleMonitor: Lifecycle status change: br.com.catbag.gifreduxsample.ui.GifListActivity@c545102 in: DESTROYED
11-25 19:14:04.465  2239  2256 I DroidFlux:Dispatcher: [COMPLETED] dispatch of action [APP_STATE_LOAD]
11-25 19:14:04.478  1237  1356 I WindowManager: Destroying surface Surface(name=br.com.catbag.gifreduxsample/br.com.catbag.gifreduxsample.ui.GifListActivity) called by com.android.server.wm.WindowStateAnimator.destroySurface:2014 com.android.server.wm.WindowStateAnimator.destroySurfaceLocked:881 com.android.server.wm.WindowState.removeLocked:1449 com.android.server.wm.WindowManagerService.removeWindowInnerLocked:2478 com.android.server.wm.WindowManagerService.removeWindowLocked:2436 com.android.server.wm.WindowManagerService.removeWindowLocked:2305 com.android.server.wm.WindowManagerService.removeWindow:2300 com.android.server.wm.Session.remove:193 
11-25 19:14:04.541  2239  2240 I art     : Do partial code cache collection, code=122KB, data=117KB
11-25 19:14:04.544  2239  2256 I DroidFlux:Dispatcher: [STARTED] dispatch of action [GIF_LIST_FETCHING]
11-25 19:14:04.544  2239  2256 D DroidFlux:Dispatcher: An action of type [GIF_LIST_FETCHING] was dispatched, but no reducer handled it
11-25 19:14:04.544  2239  2256 I DroidFlux:Dispatcher: [COMPLETED] dispatch of action [GIF_LIST_FETCHING]
11-25 19:14:04.567  2239  2240 I art     : After code cache collection, code=121KB, data=116KB
11-25 19:14:04.568  2239  2240 I art     : Increasing code cache capacity to 512KB
11-25 19:14:04.660  1237  1258 I ActivityManager: Displayed br.com.catbag.gifreduxsample/.ui.GifListActivity: +417ms (total +1s141ms)
11-25 19:14:04.759  1237  1258 I WindowManager: Destroying surface Surface(name=com.android.launcher3/com.android.launcher3.Launcher) called by com.android.server.wm.WindowStateAnimator.destroySurface:2014 com.android.server.wm.WindowStateAnimator.destroySurfaceLocked:881 com.android.server.wm.WindowState.destroyOrSaveSurface:2073 com.android.server.wm.AppWindowToken.destroySurfaces:363 com.android.server.wm.WindowStateAnimator.finishExit:565 com.android.server.wm.AppWindowAnimator.stepAnimationLocked:427 com.android.server.wm.WindowAnimator.updateAppWindowsLocked:176 com.android.server.wm.WindowAnimator.animateLocked:678 
11-25 19:14:04.775  2239  2239 W ResourceType: No package identifier when getting name for resource number 0x000000f7
11-25 19:14:04.775  2239  2239 I ViewInteraction: Performing 'scroll RecyclerView to position: 4' action on view with id: 247 (resource name not found)
11-25 19:14:04.845  1237  1247 I art     : Background sticky concurrent mark sweep GC freed 32334(2MB) AllocSpace objects, 11(220KB) LOS objects, 27% free, 7MB/10MB, paused 20.179ms total 591.067ms
11-25 19:14:04.866  1237  1258 I WindowManager: Destroying surface Surface(name=Starting br.com.catbag.gifreduxsample) called by com.android.server.wm.WindowStateAnimator.destroySurface:2014 com.android.server.wm.WindowStateAnimator.destroySurfaceLocked:881 com.android.server.wm.WindowState.destroyOrSaveSurface:2073 com.android.server.wm.AppWindowToken.destroySurfaces:363 com.android.server.wm.WindowStateAnimator.finishExit:565 com.android.server.wm.WindowStateAnimator.stepAnimationLocked:491 com.android.server.wm.WindowAnimator.updateWindowsLocked:303 com.android.server.wm.WindowAnimator.animateLocked:704 
11-25 19:14:05.052  2239  2239 W ResourceType: No package identifier when getting name for resource number 0x000000f7
11-25 19:14:05.074  2239  2239 W ResourceType: No package identifier when getting name for resource number 0x000000f8
11-25 19:14:05.074  2239  2239 I ViewInteraction: Performing 'actionOnItemAtPosition performing ViewAction: single click on item at position: 0' action on view with id: 248 (resource name not found)
11-25 19:14:05.177  2239  2256 I DroidFlux:Dispatcher: [STARTED] dispatch of action [GIF_PLAY]
11-25 19:14:05.190  2239  2256 I DroidFlux:Dispatcher: [COMPLETED] dispatch of action [GIF_PLAY]
11-25 19:14:05.746  2239  2255 I TestRunner: finished: whenScrollUpAndPlayFirstItemTest(br.com.catbag.gifreduxsample.ui.giflist.GifListActivityTest)
11-25 19:14:05.773  2239  2239 D LifecycleMonitor: Lifecycle status change: br.com.catbag.gifreduxsample.ui.GifListActivity@349b8ae in: PAUSED
11-25 19:14:05.835   978   978 D gralloc : Registering a buffer in the process that created it. This may cause memory ordering problems.
11-25 19:14:05.836   978   978 E libEGL  : called unimplemented OpenGL ES API
11-25 19:14:05.836   978   978 E SurfaceFlinger: glCheckFramebufferStatusOES error 25970820
11-25 19:14:05.836   978   978 E SurfaceFlinger: got GL_FRAMEBUFFER_COMPLETE_OES error while taking screenshot
11-25 19:14:05.838  1237  1547 W WindowManager: Screenshot failure taking screenshot for (480x800) to layer 21005
11-25 19:14:05.846  2239  2239 I MonitoringInstrumentation: Activities that are still in CREATED to STOPPED: 1
11-25 19:14:05.851  2239  2255 I TestRunner: started: whenEndlessScrollTriggered(br.com.catbag.gifreduxsample.ui.giflist.GifListActivityTest)
11-25 19:14:05.956  2239  2239 I MonitoringInstrumentation: Activities that are still in CREATED to STOPPED: 1
11-25 19:14:06.052  2239  2256 I DroidFlux:Dispatcher: [STARTED] dispatch of action [FAKE_REDUCE_ACTION]
11-25 19:14:06.053  2239  2256 I DroidFlux:Dispatcher: [COMPLETED] dispatch of action [FAKE_REDUCE_ACTION]
11-25 19:14:06.090  2239  2289 D ActivityTestRule: Launching activity br.com.catbag.gifreduxsample.ui.GifListActivity
11-25 19:14:06.099  2239  2290 D MonitoringInstrumentation: execStartActivity(context, ibinder, ibinder, activity, intent, int, bundle
11-25 19:14:06.099  1237  1665 I ActivityManager: START u0 {flg=0x10000000 cmp=br.com.catbag.gifreduxsample/.ui.GifListActivity} from uid 10060 on display 0
11-25 19:14:06.168  2239  2239 D LifecycleMonitor: Lifecycle status change: br.com.catbag.gifreduxsample.ui.GifListActivity@c300e82 in: PRE_ON_CREATE
11-25 19:14:06.190  2239  2239 D LifecycleMonitor: Lifecycle status change: br.com.catbag.gifreduxsample.ui.GifListActivity@c300e82 in: CREATED
11-25 19:14:06.190  2239  2256 I DroidFlux:Dispatcher: [STARTED] dispatch of action [APP_STATE_LOAD]
11-25 19:14:06.191  2239  2256 D DroidFlux:Dispatcher: An action of type [APP_STATE_LOAD] was dispatched, but no reducer handled it
11-25 19:14:06.191  2239  2256 I DroidFlux:Dispatcher: [COMPLETED] dispatch of action [APP_STATE_LOAD]
11-25 19:14:06.191  2239  2239 D LifecycleMonitor: Lifecycle status change: br.com.catbag.gifreduxsample.ui.GifListActivity@c300e82 in: STARTED
11-25 19:14:06.193  2239  2239 D LifecycleMonitor: Lifecycle status change: br.com.catbag.gifreduxsample.ui.GifListActivity@c300e82 in: RESUMED
11-25 19:14:06.415  2239  2250 I art     : Background sticky concurrent mark sweep GC freed 12991(935KB) AllocSpace objects, 4(80KB) LOS objects, 3% free, 14MB/14MB, paused 6.251ms total 369.319ms
11-25 19:14:06.458  1237  1356 W InputMethodManagerService: Starting input on non-focused client com.android.internal.view.IInputMethodClient$Stub$Proxy@e0448d0 (uid=10012 pid=1748)
11-25 19:14:06.459  1748  1748 I Choreographer: Skipped 35 frames!  The application may be doing too much work on its main thread.
11-25 19:14:06.466  1237  1351 W InputMethodManagerService: Starting input on non-focused client com.android.internal.view.IInputMethodClient$Stub$Proxy@e0448d0 (uid=10012 pid=1748)
11-25 19:14:06.526  1237  1258 I ActivityManager: Displayed br.com.catbag.gifreduxsample/.ui.GifListActivity: +385ms
11-25 19:14:06.536  2239  2239 W ResourceType: No package identifier when getting name for resource number 0x000000fb
11-25 19:14:06.536  2239  2239 I ViewInteraction: Performing 'scroll RecyclerView to position: 9' action on view with id: 251 (resource name not found)
11-25 19:14:06.558  2239  2256 I DroidFlux:Dispatcher: [STARTED] dispatch of action [GIF_LIST_FETCHING]
11-25 19:14:06.560  2239  2256 D DroidFlux:Dispatcher: An action of type [GIF_LIST_FETCHING] was dispatched, but no reducer handled it
11-25 19:14:06.560  2239  2256 I DroidFlux:Dispatcher: [COMPLETED] dispatch of action [GIF_LIST_FETCHING]
11-25 19:14:06.570  2239  2256 I DroidFlux:Dispatcher: [STARTED] dispatch of action [GIF_LIST_UPDATED]
11-25 19:14:06.571  2239  2256 I DroidFlux:Dispatcher: [COMPLETED] dispatch of action [GIF_LIST_UPDATED]
11-25 19:14:06.693  2239  2239 W ResourceType: No package identifier when getting name for resource number 0x000000fb
11-25 19:14:06.758  2239  2250 I art     : Background partial concurrent mark sweep GC freed 11508(765KB) AllocSpace objects, 6(1316KB) LOS objects, 23% free, 13MB/17MB, paused 23.972ms total 193.263ms
11-25 19:14:06.796  2239  2239 D LifecycleMonitor: Lifecycle status change: br.com.catbag.gifreduxsample.ui.GifListActivity@c300e82 in: PAUSED
11-25 19:14:06.831  1237  1258 I WindowManager: Destroying surface Surface(name=Starting br.com.catbag.gifreduxsample) called by com.android.server.wm.WindowStateAnimator.destroySurface:2014 com.android.server.wm.WindowStateAnimator.destroySurfaceLocked:881 com.android.server.wm.WindowState.removeLocked:1449 com.android.server.wm.WindowManagerService.removeWindowInnerLocked:2478 com.android.server.wm.AppWindowToken.destroySurfaces:365 com.android.server.wm.WindowStateAnimator.finishExit:565 com.android.server.wm.WindowStateAnimator.stepAnimationLocked:491 com.android.server.wm.WindowAnimator.updateWindowsLocked:303 
11-25 19:14:06.835  2239  2255 I TestRunner: finished: whenEndlessScrollTriggered(br.com.catbag.gifreduxsample.ui.giflist.GifListActivityTest)
11-25 19:14:06.875   978   978 D gralloc : Registering a buffer in the process that created it. This may cause memory ordering problems.
11-25 19:14:06.876   978   978 E libEGL  : called unimplemented OpenGL ES API
11-25 19:14:06.876   978   978 E SurfaceFlinger: glCheckFramebufferStatusOES error 25970820
11-25 19:14:06.876   978   978 E SurfaceFlinger: got GL_FRAMEBUFFER_COMPLETE_OES error while taking screenshot
11-25 19:14:06.881  1237  1731 W WindowManager: Screenshot failure taking screenshot for (480x800) to layer 22010
11-25 19:14:06.888  2239  2239 I MonitoringInstrumentation: Activities that are still in CREATED to STOPPED: 2
11-25 19:14:06.889  2239  2255 I TestRunner: started: whenGifIsDownloadedTest(br.com.catbag.gifreduxsample.ui.giflist.GifListActivityTest)
11-25 19:14:06.895  2239  2239 I MonitoringInstrumentation: Activities that are still in CREATED to STOPPED: 2
11-25 19:14:07.019  2239  2256 I DroidFlux:Dispatcher: [STARTED] dispatch of action [FAKE_REDUCE_ACTION]
11-25 19:14:07.020  2239  2256 I DroidFlux:Dispatcher: [COMPLETED] dispatch of action [FAKE_REDUCE_ACTION]
11-25 19:14:07.039  2239  2292 D ActivityTestRule: Launching activity br.com.catbag.gifreduxsample.ui.GifListActivity
11-25 19:14:07.043  2239  2293 D MonitoringInstrumentation: execStartActivity(context, ibinder, ibinder, activity, intent, int, bundle
11-25 19:14:07.044  1237  1665 I ActivityManager: START u0 {flg=0x10000000 cmp=br.com.catbag.gifreduxsample/.ui.GifListActivity} from uid 10060 on display 0
11-25 19:14:07.116  1748  1748 I Choreographer: Skipped 33 frames!  The application may be doing too much work on its main thread.
11-25 19:14:07.141  2239  2239 D LifecycleMonitor: Lifecycle status change: br.com.catbag.gifreduxsample.ui.GifListActivity@6c7243e in: PRE_ON_CREATE
11-25 19:14:07.165  2239  2239 D LifecycleMonitor: Lifecycle status change: br.com.catbag.gifreduxsample.ui.GifListActivity@6c7243e in: CREATED
11-25 19:14:07.170  2239  2256 I DroidFlux:Dispatcher: [STARTED] dispatch of action [APP_STATE_LOAD]
11-25 19:14:07.170  2239  2256 D DroidFlux:Dispatcher: An action of type [APP_STATE_LOAD] was dispatched, but no reducer handled it
11-25 19:14:07.170  2239  2256 I DroidFlux:Dispatcher: [COMPLETED] dispatch of action [APP_STATE_LOAD]
11-25 19:14:07.171  2239  2239 D LifecycleMonitor: Lifecycle status change: br.com.catbag.gifreduxsample.ui.GifListActivity@6c7243e in: STARTED
11-25 19:14:07.173  2239  2239 D LifecycleMonitor: Lifecycle status change: br.com.catbag.gifreduxsample.ui.GifListActivity@6c7243e in: RESUMED
11-25 19:14:07.439  2239  2255 I TestRunner: finished: whenGifIsDownloadedTest(br.com.catbag.gifreduxsample.ui.giflist.GifListActivityTest)
11-25 19:14:07.458  2239  2239 D LifecycleMonitor: Lifecycle status change: br.com.catbag.gifreduxsample.ui.GifListActivity@6c7243e in: PAUSED
11-25 19:14:07.481  1237  1665 D WindowManager: relayoutVisibleWindow: Window{816999b u0 com.android.launcher3/com.android.launcher3.Launcher EXITING} mAnimatingExit=true, mRemoveOnExit=false, mDestroying=false
11-25 19:14:07.520   978   978 D gralloc : Registering a buffer in the process that created it. This may cause memory ordering problems.
11-25 19:14:07.520   978   978 E SurfaceFlinger: glCheckFramebufferStatusOES error 25970820
11-25 19:14:07.521   978   978 E SurfaceFlinger: got GL_FRAMEBUFFER_COMPLETE_OES error while taking screenshot
11-25 19:14:07.527  1237  1351 W WindowManager: Screenshot failure taking screenshot for (480x800) to layer 22020
11-25 19:14:07.576  2239  2239 I MonitoringInstrumentation: Activities that are still in CREATED to STOPPED: 3
11-25 19:14:07.576  2239  2255 I TestRunner: started: whenPlayGifTest(br.com.catbag.gifreduxsample.ui.giflist.GifListActivityTest)
11-25 19:14:07.599  2239  2239 I MonitoringInstrumentation: Activities that are still in CREATED to STOPPED: 3
11-25 19:14:07.623  2239  2256 I DroidFlux:Dispatcher: [STARTED] dispatch of action [FAKE_REDUCE_ACTION]
11-25 19:14:07.624  2239  2256 I DroidFlux:Dispatcher: [COMPLETED] dispatch of action [FAKE_REDUCE_ACTION]
11-25 19:14:07.650  2239  2294 D ActivityTestRule: Launching activity br.com.catbag.gifreduxsample.ui.GifListActivity
11-25 19:14:07.663  2239  2295 D MonitoringInstrumentation: execStartActivity(context, ibinder, ibinder, activity, intent, int, bundle
11-25 19:14:07.672  1237  1547 I ActivityManager: START u0 {flg=0x10000000 cmp=br.com.catbag.gifreduxsample/.ui.GifListActivity} from uid 10060 on display 0
11-25 19:14:07.772  2239  2239 D LifecycleMonitor: Lifecycle status change: br.com.catbag.gifreduxsample.ui.GifListActivity@c7cc95 in: PRE_ON_CREATE
11-25 19:14:07.785  2239  2239 D LifecycleMonitor: Lifecycle status change: br.com.catbag.gifreduxsample.ui.GifListActivity@c7cc95 in: CREATED
11-25 19:14:07.786  2239  2239 D LifecycleMonitor: Lifecycle status change: br.com.catbag.gifreduxsample.ui.GifListActivity@c7cc95 in: STARTED
11-25 19:14:07.787  2239  2256 I DroidFlux:Dispatcher: [STARTED] dispatch of action [APP_STATE_LOAD]
11-25 19:14:07.788  2239  2256 D DroidFlux:Dispatcher: An action of type [APP_STATE_LOAD] was dispatched, but no reducer handled it
11-25 19:14:07.788  2239  2256 I DroidFlux:Dispatcher: [COMPLETED] dispatch of action [APP_STATE_LOAD]
11-25 19:14:07.798  2239  2239 D LifecycleMonitor: Lifecycle status change: br.com.catbag.gifreduxsample.ui.GifListActivity@c7cc95 in: RESUMED
11-25 19:14:08.080  1237  1258 I Choreographer: Skipped 42 frames!  The application may be doing too much work on its main thread.
11-25 19:14:08.084  1237  1258 I ActivityManager: Displayed br.com.catbag.gifreduxsample/.ui.GifListActivity: +360ms (total +955ms)
11-25 19:14:08.106  1237  1258 I WindowManager: Destroying surface Surface(name=Starting br.com.catbag.gifreduxsample) called by com.android.server.wm.WindowStateAnimator.destroySurface:2014 com.android.server.wm.WindowStateAnimator.destroySurfaceLocked:881 com.android.server.wm.WindowState.removeLocked:1449 com.android.server.wm.WindowManagerService.removeWindowInnerLocked:2478 com.android.server.wm.AppWindowToken.destroySurfaces:365 com.android.server.wm.WindowStateAnimator.finishExit:565 com.android.server.wm.AppWindowAnimator.stepAnimationLocked:427 com.android.server.wm.WindowAnimator.updateAppWindowsLocked:176 
11-25 19:14:08.108  2239  2239 I ViewInteraction: Performing 'single click' action on view with id: br.com.catbag.gifreduxsample:id/gif_image
11-25 19:14:08.156  2239  2256 I DroidFlux:Dispatcher: [STARTED] dispatch of action [GIF_PLAY]
11-25 19:14:08.168  2239  2256 I DroidFlux:Dispatcher: [COMPLETED] dispatch of action [GIF_PLAY]
11-25 19:14:08.301  1237  1258 I WindowManager: Destroying surface Surface(name=Starting br.com.catbag.gifreduxsample) called by com.android.server.wm.WindowStateAnimator.destroySurface:2014 com.android.server.wm.WindowStateAnimator.destroySurfaceLocked:881 com.android.server.wm.WindowState.destroyOrSaveSurface:2073 com.android.server.wm.AppWindowToken.destroySurfaces:363 com.android.server.wm.WindowStateAnimator.finishExit:565 com.android.server.wm.WindowStateAnimator.stepAnimationLocked:491 com.android.server.wm.WindowAnimator.updateWindowsLocked:303 com.android.server.wm.WindowAnimator.animateLocked:704 
11-25 19:14:08.831  2239  2255 I TestRunner: finished: whenPlayGifTest(br.com.catbag.gifreduxsample.ui.giflist.GifListActivityTest)
11-25 19:14:08.869  2239  2239 D LifecycleMonitor: Lifecycle status change: br.com.catbag.gifreduxsample.ui.GifListActivity@c7cc95 in: PAUSED
11-25 19:14:08.952   978   978 D gralloc : Registering a buffer in the process that created it. This may cause memory ordering problems.
11-25 19:14:08.953   978   978 E libEGL  : called unimplemented OpenGL ES API
11-25 19:14:08.953   978   978 E SurfaceFlinger: glCheckFramebufferStatusOES error 25970820
11-25 19:14:08.953   978   978 E SurfaceFlinger: got GL_FRAMEBUFFER_COMPLETE_OES error while taking screenshot
11-25 19:14:08.954  1237  1351 W WindowManager: Screenshot failure taking screenshot for (480x800) to layer 22020
11-25 19:14:08.962  2239  2239 I MonitoringInstrumentation: Activities that are still in CREATED to STOPPED: 4
11-25 19:14:08.964  2239  2255 I TestRunner: started: whenGifListIsEmpty(br.com.catbag.gifreduxsample.ui.giflist.GifListActivityTest)
11-25 19:14:09.033  2239  2239 I MonitoringInstrumentation: Activities that are still in CREATED to STOPPED: 4
11-25 19:14:09.041  2239  2256 I DroidFlux:Dispatcher: [STARTED] dispatch of action [FAKE_REDUCE_ACTION]
11-25 19:14:09.043  2239  2256 I DroidFlux:Dispatcher: [COMPLETED] dispatch of action [FAKE_REDUCE_ACTION]
11-25 19:14:09.043  2239  2296 D ActivityTestRule: Launching activity br.com.catbag.gifreduxsample.ui.GifListActivity
11-25 19:14:09.045  2239  2297 D MonitoringInstrumentation: execStartActivity(context, ibinder, ibinder, activity, intent, int, bundle
11-25 19:14:09.045  1237  1731 I ActivityManager: START u0 {flg=0x10000000 cmp=br.com.catbag.gifreduxsample/.ui.GifListActivity} from uid 10060 on display 0
11-25 19:14:09.255  2239  2239 D LifecycleMonitor: Lifecycle status change: br.com.catbag.gifreduxsample.ui.GifListActivity@78f7144 in: PRE_ON_CREATE
11-25 19:14:09.281  2239  2239 D LifecycleMonitor: Lifecycle status change: br.com.catbag.gifreduxsample.ui.GifListActivity@78f7144 in: CREATED
11-25 19:14:09.285  2239  2256 I DroidFlux:Dispatcher: [STARTED] dispatch of action [APP_STATE_LOAD]
11-25 19:14:09.286  2239  2256 D DroidFlux:Dispatcher: An action of type [APP_STATE_LOAD] was dispatched, but no reducer handled it
11-25 19:14:09.286  2239  2256 I DroidFlux:Dispatcher: [COMPLETED] dispatch of action [APP_STATE_LOAD]
11-25 19:14:09.294  2239  2239 D LifecycleMonitor: Lifecycle status change: br.com.catbag.gifreduxsample.ui.GifListActivity@78f7144 in: STARTED
11-25 19:14:09.295  2239  2239 D LifecycleMonitor: Lifecycle status change: br.com.catbag.gifreduxsample.ui.GifListActivity@78f7144 in: RESUMED
11-25 19:14:09.534  2239  2255 I TestRunner: finished: whenGifListIsEmpty(br.com.catbag.gifreduxsample.ui.giflist.GifListActivityTest)
11-25 19:14:09.575  2239  2239 I MonitoringInstrumentation: Activities that are still in CREATED to STOPPED: 5
11-25 19:14:09.576  2239  2255 I TestRunner: started: whenGifDownloadFailTest(br.com.catbag.gifreduxsample.ui.giflist.GifListActivityTest)
11-25 19:14:09.595  2239  2239 D LifecycleMonitor: Lifecycle status change: br.com.catbag.gifreduxsample.ui.GifListActivity@78f7144 in: PAUSED
11-25 19:14:09.629   978   978 D gralloc : Registering a buffer in the process that created it. This may cause memory ordering problems.
11-25 19:14:09.629   978   978 E SurfaceFlinger: glCheckFramebufferStatusOES error 25970820
11-25 19:14:09.629   978   978 E SurfaceFlinger: got GL_FRAMEBUFFER_COMPLETE_OES error while taking screenshot
11-25 19:14:09.631  1237  1248 W WindowManager: Screenshot failure taking screenshot for (480x800) to layer 22030
11-25 19:14:09.641  1237  1351 D WindowManager: relayoutVisibleWindow: Window{816999b u0 com.android.launcher3/com.android.launcher3.Launcher EXITING} mAnimatingExit=true, mRemoveOnExit=false, mDestroying=false
11-25 19:14:09.680  2239  2239 I MonitoringInstrumentation: Activities that are still in CREATED to STOPPED: 5
11-25 19:14:09.735  2239  2256 I DroidFlux:Dispatcher: [STARTED] dispatch of action [FAKE_REDUCE_ACTION]
11-25 19:14:09.736  2239  2256 I DroidFlux:Dispatcher: [COMPLETED] dispatch of action [FAKE_REDUCE_ACTION]
11-25 19:14:09.781  2239  2298 D ActivityTestRule: Launching activity br.com.catbag.gifreduxsample.ui.GifListActivity
11-25 19:14:09.792  2239  2299 D MonitoringInstrumentation: execStartActivity(context, ibinder, ibinder, activity, intent, int, bundle
11-25 19:14:09.792  1237  1356 I ActivityManager: START u0 {flg=0x10000000 cmp=br.com.catbag.gifreduxsample/.ui.GifListActivity} from uid 10060 on display 0
11-25 19:14:09.889  1748  1748 I Choreographer: Skipped 46 frames!  The application may be doing too much work on its main thread.
11-25 19:14:09.925  2239  2239 D LifecycleMonitor: Lifecycle status change: br.com.catbag.gifreduxsample.ui.GifListActivity@ba186a in: PRE_ON_CREATE
11-25 19:14:09.975  2239  2239 D LifecycleMonitor: Lifecycle status change: br.com.catbag.gifreduxsample.ui.GifListActivity@ba186a in: CREATED
11-25 19:14:09.976  2239  2256 I DroidFlux:Dispatcher: [STARTED] dispatch of action [APP_STATE_LOAD]
11-25 19:14:09.977  2239  2256 D DroidFlux:Dispatcher: An action of type [APP_STATE_LOAD] was dispatched, but no reducer handled it
11-25 19:14:09.977  2239  2256 I DroidFlux:Dispatcher: [COMPLETED] dispatch of action [APP_STATE_LOAD]
11-25 19:14:09.977  2239  2239 D LifecycleMonitor: Lifecycle status change: br.com.catbag.gifreduxsample.ui.GifListActivity@ba186a in: STARTED
11-25 19:14:09.979  2239  2239 D LifecycleMonitor: Lifecycle status change: br.com.catbag.gifreduxsample.ui.GifListActivity@ba186a in: RESUMED
11-25 19:14:09.995  1237  1258 I WindowManager: Destroying surface Surface(name=Starting br.com.catbag.gifreduxsample) called by com.android.server.wm.WindowStateAnimator.destroySurface:2014 com.android.server.wm.WindowStateAnimator.destroySurfaceLocked:881 com.android.server.wm.WindowState.removeLocked:1449 com.android.server.wm.WindowManagerService.removeWindowInnerLocked:2478 com.android.server.wm.AppWindowToken.destroySurfaces:365 com.android.server.wm.WindowStateAnimator.finishExit:565 com.android.server.wm.WindowStateAnimator.stepAnimationLocked:491 com.android.server.wm.WindowAnimator.updateWindowsLocked:303 
11-25 19:14:10.044  2239  2239 D LifecycleMonitor: Lifecycle status change: br.com.catbag.gifreduxsample.ui.GifListActivity@78f7144 in: STOPPED
11-25 19:14:10.044  2239  2239 D LifecycleMonitor: Lifecycle status change: br.com.catbag.gifreduxsample.ui.GifListActivity@78f7144 in: DESTROYED
11-25 19:14:10.062  1237  1665 I WindowManager: Destroying surface Surface(name=br.com.catbag.gifreduxsample/br.com.catbag.gifreduxsample.ui.GifListActivity) called by com.android.server.wm.WindowStateAnimator.destroySurface:2014 com.android.server.wm.WindowStateAnimator.destroySurfaceLocked:881 com.android.server.wm.WindowState.removeLocked:1449 com.android.server.wm.WindowManagerService.removeWindowInnerLocked:2478 com.android.server.wm.WindowManagerService.removeWindowLocked:2436 com.android.server.wm.WindowManagerService.removeWindowLocked:2305 com.android.server.wm.WindowManagerService.removeWindow:2300 com.android.server.wm.Session.remove:193 
11-25 19:14:10.066  2239  2239 D LifecycleMonitor: Lifecycle status change: br.com.catbag.gifreduxsample.ui.GifListActivity@c7cc95 in: STOPPED
11-25 19:14:10.092  1748  1748 I Choreographer: Skipped 36 frames!  The application may be doing too much work on its main thread.
11-25 19:14:10.120  2239  2239 D LifecycleMonitor: Lifecycle status change: br.com.catbag.gifreduxsample.ui.GifListActivity@c7cc95 in: DESTROYED
11-25 19:14:10.234  1748  1748 I Choreographer: Skipped 36 frames!  The application may be doing too much work on its main thread.
11-25 19:14:10.271  1237  1356 I WindowManager: Destroying surface Surface(name=br.com.catbag.gifreduxsample/br.com.catbag.gifreduxsample.ui.GifListActivity) called by com.android.server.wm.WindowStateAnimator.destroySurface:2014 com.android.server.wm.WindowStateAnimator.destroySurfaceLocked:881 com.android.server.wm.WindowState.removeLocked:1449 com.android.server.wm.WindowManagerService.removeWindowInnerLocked:2478 com.android.server.wm.WindowManagerService.removeWindowLocked:2436 com.android.server.wm.WindowManagerService.removeWindowLocked:2305 com.android.server.wm.WindowManagerService.removeWindow:2300 com.android.server.wm.Session.remove:193 
11-25 19:14:10.276  2239  2239 D LifecycleMonitor: Lifecycle status change: br.com.catbag.gifreduxsample.ui.GifListActivity@6c7243e in: STOPPED
11-25 19:14:10.277  2239  2239 D LifecycleMonitor: Lifecycle status change: br.com.catbag.gifreduxsample.ui.GifListActivity@6c7243e in: DESTROYED
