11-23 18:32:15.215  2283  2283 E Feed    : 	at br.com.catbag.gifreduxsample.ui.components.FeedComponent.lambda$null$0(FeedComponent.java:55)
11-23 18:32:15.215  2283  2283 E Feed    : 	at br.com.catbag.gifreduxsample.ui.components.FeedComponent$$Lambda$3.view(Unknown Source)
11-23 18:32:15.215  2283  2283 E Feed    : 	at br.com.catbag.gifreduxsample.ui.components.GifsAdapter.view(GifsAdapter.java:55)
11-23 18:32:15.215  2283  2283 E Feed    : 	at trikita.anvil.RenderableRecyclerViewAdapter$1.view(RenderableRecyclerViewAdapter.java:24)
11-23 18:32:15.215  2283  2283 E Feed    : 	at trikita.anvil.Anvil$Mount.render(Anvil.java:204)
11-23 18:32:15.215  2283  2283 E Feed    : 	at trikita.anvil.Anvil.render(Anvil.java:173)
11-23 18:32:15.215  2283  2283 E Feed    : 	at trikita.anvil.RenderableRecyclerViewAdapter.onBindViewHolder(RenderableRecyclerViewAdapter.java:27)
11-23 18:32:15.215  2283  2283 E Feed    : 	at trikita.anvil.RenderableRecyclerViewAdapter.onBindViewHolder(RenderableRecyclerViewAdapter.java:7)
11-23 18:32:15.215  2283  2283 E Feed    : 	at android.support.v7.widget.RecyclerView$Adapter.onBindViewHolder(RecyclerView.java:5768)
11-23 18:32:15.215  2283  2283 E Feed    : 	at android.support.v7.widget.RecyclerView$Adapter.bindViewHolder(RecyclerView.java:5801)
11-23 18:32:15.215  2283  2283 E Feed    : 	at android.support.v7.widget.RecyclerView$Recycler.getViewForPosition(RecyclerView.java:5037)
11-23 18:32:15.215  2283  2283 E Feed    : 	at android.support.v7.widget.RecyclerView$Recycler.getViewForPosition(RecyclerView.java:4913)
11-23 18:32:15.215  2283  2283 E Feed    : 	at android.support.v7.widget.LinearLayoutManager$LayoutState.next(LinearLayoutManager.java:2029)
11-23 18:32:15.215  2283  2283 E Feed    : 	at android.support.v7.widget.LinearLayoutManager.layoutChunk(LinearLayoutManager.java:1414)
11-23 18:32:15.215  2283  2283 E Feed    : 	at android.support.v7.widget.LinearLayoutManager.fill(LinearLayoutManager.java:1377)
11-23 18:32:15.215  2283  2283 E Feed    : 	at android.support.v7.widget.LinearLayoutManager.onLayoutChildren(LinearLayoutManager.java:578)
11-23 18:32:15.215  2283  2283 E Feed    : 	at android.support.v7.widget.RecyclerView.dispatchLayoutStep2(RecyclerView.java:3260)
11-23 18:32:15.215  2283  2283 E Feed    : 	at android.support.v7.widget.RecyclerView.dispatchLayout(RecyclerView.java:3069)
11-23 18:32:15.215  2283  2283 E Feed    : 	at android.support.v7.widget.RecyclerView.onLayout(RecyclerView.java:3518)
11-23 18:32:15.215  2283  2283 E Feed    : 	at android.view.View.layout(View.java:17520)
11-23 18:32:15.215  2283  2283 E Feed    : 	at android.view.ViewGroup.layout(ViewGroup.java:5612)
11-23 18:32:15.215  2283  2283 E Feed    : 	at android.widget.FrameLayout.layoutChildren(FrameLayout.java:323)
11-23 18:32:15.215  2283  2283 E Feed    : 	at android.widget.FrameLayout.onLayout(FrameLayout.java:261)
11-23 18:32:15.215  2283  2283 E Feed    : 	at android.view.View.layout(View.java:17520)
11-23 18:32:15.215  2283  2283 E Feed    : 	at android.view.ViewGroup.layout(ViewGroup.java:5612)
11-23 18:32:15.215  2283  2283 E Feed    : 	at android.widget.RelativeLayout.onLayout(RelativeLayout.java:1079)
11-23 18:32:15.215  2283  2283 E Feed    : 	at android.view.View.layout(View.java:17520)
11-23 18:32:15.215  2283  2283 E Feed    : 	at android.view.ViewGroup.layout(ViewGroup.java:5612)
11-23 18:32:15.215  2283  2283 E Feed    : 	at android.widget.FrameLayout.layoutChildren(FrameLayout.java:323)
11-23 18:32:15.215  2283  2283 E Feed    : 	at android.widget.FrameLayout.onLayout(FrameLayout.java:261)
11-23 18:32:15.215  2283  2283 E Feed    : 	at android.view.View.layout(View.java:17520)
11-23 18:32:15.215  2283  2283 E Feed    : 	at android.view.ViewGroup.layout(ViewGroup.java:5612)
11-23 18:32:15.215  2283  2283 E Feed    : 	at android.support.v7.widget.ActionBarOverlayLayout.onLayout(ActionBarOverlayLayout.java:435)
11-23 18:32:15.215  2283  2283 E Feed    : 	at android.view.View.layout(View.java:17520)
11-23 18:32:15.215  2283  2283 E Feed    : 	at android.view.ViewGroup.layout(ViewGroup.java:5612)
11-23 18:32:15.215  2283  2283 E Feed    : 	at android.widget.FrameLayout.layoutChildren(FrameLayout.java:323)
11-23 18:32:15.215  2283  2283 E Feed    : 	at android.widget.FrameLayout.onLayout(FrameLayout.java:261)
11-23 18:32:15.215  2283  2283 E Feed    : 	at android.view.View.layout(View.java:17520)
11-23 18:32:15.215  2283  2283 E Feed    : 	at android.view.ViewGroup.layout(ViewGroup.java:5612)
11-23 18:32:15.215  2283  2283 E Feed    : 	at android.widget.LinearLayout.setChildFrame(LinearLayout.java:1741)
11-23 18:32:15.215  2283  2283 E Feed    : 	at android.widget.LinearLayout.layoutVertical(LinearLayout.java:1585)
11-23 18:32:15.215  2283  2283 E Feed    : 	at android.widget.LinearLayout.onLayout(LinearLayout.java:1494)
11-23 18:32:15.215  2283  2283 E Feed    : 	at android.view.View.layout(View.java:17520)
11-23 18:32:15.215  2283  2283 E Feed    : 	at android.view.ViewGroup.layout(ViewGroup.java:5612)
11-23 18:32:15.215  2283  2283 E Feed    : 	at android.widget.FrameLayout.layoutChildren(FrameLayout.java:323)
11-23 18:32:15.216  2283  2283 E Feed    : 	at android.widget.FrameLayout.onLayout(FrameLayout.java:261)
11-23 18:32:15.216  2283  2283 E Feed    : 	at com.android.internal.policy.DecorView.onLayout(DecorView.java:724)
11-23 18:32:15.216  2283  2283 E Feed    : 	at android.view.View.layout(View.java:17520)
11-23 18:32:15.216  2283  2283 E Feed    : 	at android.view.ViewGroup.layout(ViewGroup.java:5612)
11-23 18:32:15.216  2283  2283 E Feed    : 	at android.view.ViewRootImpl.performLayout(ViewRootImpl.java:2342)
11-23 18:32:15.216  2283  2283 E Feed    : 	at android.view.ViewRootImpl.performTraversals(ViewRootImpl.java:2069)
11-23 18:32:15.216  2283  2283 E Feed    : 	at android.view.ViewRootImpl.doTraversal(ViewRootImpl.java:1246)
11-23 18:32:15.216  2283  2283 E Feed    : 	at android.view.ViewRootImpl$TraversalRunnable.run(ViewRootImpl.java:6301)
11-23 18:32:15.216  2283  2283 E Feed    : 	at android.view.Choreographer$CallbackRecord.run(Choreographer.java:871)
11-23 18:32:15.216  2283  2283 E Feed    : 	at android.view.Choreographer.doCallbacks(Choreographer.java:683)
11-23 18:32:15.216  2283  2283 E Feed    : 	at android.view.Choreographer.doFrame(Choreographer.java:619)
11-23 18:32:15.216  2283  2283 E Feed    : 	at android.view.Choreographer$FrameDisplayEventReceiver.run(Choreographer.java:857)
11-23 18:32:15.216  2283  2283 E Feed    : 	at android.os.Handler.handleCallback(Handler.java:751)
11-23 18:32:15.216  2283  2283 E Feed    : 	at android.os.Handler.dispatchMessage(Handler.java:95)
11-23 18:32:15.216  2283  2283 E Feed    : 	at android.os.Looper.loop(Looper.java:154)
11-23 18:32:15.216  2283  2283 E Feed    : 	at android.app.ActivityThread.main(ActivityThread.java:6077)
11-23 18:32:15.216  2283  2283 E Feed    : 	at java.lang.reflect.Method.invoke(Native Method)
11-23 18:32:15.216  2283  2283 E Feed    : 	at com.android.internal.os.ZygoteInit$MethodAndArgsCaller.run(ZygoteInit.java:865)
11-23 18:32:15.216  2283  2283 E Feed    : 	at com.android.internal.os.ZygoteInit.main(ZygoteInit.java:755)
11-23 18:32:15.341  2283  2283 D LifecycleMonitor: Lifecycle status change: br.com.catbag.gifreduxsample.ui.GifListActivity@6185778 in: STOPPED
11-23 18:32:15.342  2283  2283 D LifecycleMonitor: Lifecycle status change: br.com.catbag.gifreduxsample.ui.GifListActivity@6185778 in: DESTROYED
11-23 18:32:15.374  1239  1326 I WindowManager: Destroying surface Surface(name=br.com.catbag.gifreduxsample/br.com.catbag.gifreduxsample.ui.GifListActivity) called by com.android.server.wm.WindowStateAnimator.destroySurface:2014 com.android.server.wm.WindowStateAnimator.destroySurfaceLocked:881 com.android.server.wm.WindowState.removeLocked:1449 com.android.server.wm.WindowManagerService.removeWindowInnerLocked:2478 com.android.server.wm.WindowManagerService.removeWindowLocked:2436 com.android.server.wm.WindowManagerService.removeWindowLocked:2305 com.android.server.wm.WindowManagerService.removeWindow:2300 com.android.server.wm.Session.remove:193 
11-23 18:32:15.493  2283  2283 I Choreographer: Skipped 43 frames!  The application may be doing too much work on its main thread.
11-23 18:32:15.616  2283  2299 I TestRunner: finished: whenGifIsWatchedTest(br.com.catbag.gifreduxsample.ui.giflist.GifListActivityTest)
11-23 18:32:15.719  2283  2283 D LifecycleMonitor: Lifecycle status change: br.com.catbag.gifreduxsample.ui.GifListActivity@43a5057 in: PAUSED
11-23 18:32:15.736  1239  1260 I WindowManager: Destroying surface Surface(name=Starting br.com.catbag.gifreduxsample) called by com.android.server.wm.WindowStateAnimator.destroySurface:2014 com.android.server.wm.WindowStateAnimator.destroySurfaceLocked:881 com.android.server.wm.WindowState.removeLocked:1449 com.android.server.wm.WindowManagerService.removeWindowInnerLocked:2478 com.android.server.wm.WindowManagerService.removeWindowLocked:2436 com.android.server.wm.WindowManagerService.removeWindowLocked:2305 com.android.server.wm.WindowManagerService.removeWindow:2300 com.android.server.wm.Session.remove:193 
11-23 18:32:15.882   978   978 D gralloc : Registering a buffer in the process that created it. This may cause memory ordering problems.
11-23 18:32:15.882   978   978 E libEGL  : called unimplemented OpenGL ES API
11-23 18:32:15.886   978   978 E SurfaceFlinger: glCheckFramebufferStatusOES error 2095471427
11-23 18:32:15.886   978   978 E SurfaceFlinger: got GL_FRAMEBUFFER_COMPLETE_OES error while taking screenshot
11-23 18:32:15.890  1239  1906 W WindowManager: Screenshot failure taking screenshot for (480x800) to layer 21005
11-23 18:32:15.912  2283  2283 I MonitoringInstrumentation: Activities that are still in CREATED to STOPPED: 1
11-23 18:32:15.914  2283  2299 I TestRunner: started: whenScrollUpAndPlayFirstItemTest(br.com.catbag.gifreduxsample.ui.giflist.GifListActivityTest)
11-23 18:32:15.927  2283  2283 I MonitoringInstrumentation: Activities that are still in CREATED to STOPPED: 1
11-23 18:32:16.075  2283  2300 I DroidFlux:Dispatcher: [STARTED] dispatch of action [FAKE_REDUCE_ACTION]
11-23 18:32:16.086  2283  2300 I DroidFlux:Dispatcher: [COMPLETED] dispatch of action [FAKE_REDUCE_ACTION]
11-23 18:32:16.100  2283  2326 D ActivityTestRule: Launching activity br.com.catbag.gifreduxsample.ui.GifListActivity
11-23 18:32:16.140  2283  2327 D MonitoringInstrumentation: execStartActivity(context, ibinder, ibinder, activity, intent, int, bundle
11-23 18:32:16.141  1239  1326 I ActivityManager: START u0 {flg=0x10000000 cmp=br.com.catbag.gifreduxsample/.ui.GifListActivity} from uid 10060 on display 0
11-23 18:32:16.680  1239  1253 W ActivityManager: Activity pause timeout for ActivityRecord{257b623 u0 com.android.launcher3/.Launcher t3}
11-23 18:32:16.813  1239  1907 W InputMethodManagerService: Focus gain on non-focused client com.android.internal.view.IInputMethodClient$Stub$Proxy@b3cbbd2 (uid=10012 pid=1716)
11-23 18:32:16.844  2283  2283 D LifecycleMonitor: Lifecycle status change: br.com.catbag.gifreduxsample.ui.GifListActivity@1e78ed3 in: PRE_ON_CREATE
11-23 18:32:16.882  1716  1716 I Choreographer: Skipped 144 frames!  The application may be doing too much work on its main thread.
11-23 18:32:17.054  2283  2283 D LifecycleMonitor: Lifecycle status change: br.com.catbag.gifreduxsample.ui.GifListActivity@1e78ed3 in: CREATED
11-23 18:32:17.064  2283  2300 I DroidFlux:Dispatcher: [STARTED] dispatch of action [APP_STATE_LOAD]
11-23 18:32:17.065  2283  2300 D DroidFlux:Dispatcher: An action of type [APP_STATE_LOAD] was dispatched, but no reducer handled it
11-23 18:32:17.065  2283  2300 I DroidFlux:Dispatcher: [COMPLETED] dispatch of action [APP_STATE_LOAD]
11-23 18:32:17.065  2283  2283 D LifecycleMonitor: Lifecycle status change: br.com.catbag.gifreduxsample.ui.GifListActivity@1e78ed3 in: STARTED
11-23 18:32:17.073  2283  2283 D LifecycleMonitor: Lifecycle status change: br.com.catbag.gifreduxsample.ui.GifListActivity@1e78ed3 in: RESUMED
11-23 18:32:17.278  1716  1716 I Choreographer: Skipped 65 frames!  The application may be doing too much work on its main thread.
11-23 18:32:17.310  1239  1773 I WindowManager: Destroying surface Surface(name=com.android.launcher3/com.android.launcher3.Launcher) called by com.android.server.wm.WindowStateAnimator.destroySurface:2014 com.android.server.wm.WindowStateAnimator.destroySurfaceLocked:881 com.android.server.wm.WindowState.destroyOrSaveSurface:2073 com.android.server.wm.WindowManagerService.tryStartExitingAnimation:3017 com.android.server.wm.WindowManagerService.relayoutWindow:2897 com.android.server.wm.Session.relayout:215 android.view.IWindowSession$Stub.onTransact:286 com.android.server.wm.Session.onTransact:136 
11-23 18:32:17.577  2283  2283 I Choreographer: Skipped 47 frames!  The application may be doing too much work on its main thread.
11-23 18:32:17.733  1239  1260 I ActivityManager: Displayed br.com.catbag.gifreduxsample/.ui.GifListActivity: +997ms (total +3s446ms)
11-23 18:32:17.952  2283  2283 D LifecycleMonitor: Lifecycle status change: br.com.catbag.gifreduxsample.ui.GifListActivity@43a5057 in: STOPPED
11-23 18:32:17.952  2283  2283 D LifecycleMonitor: Lifecycle status change: br.com.catbag.gifreduxsample.ui.GifListActivity@43a5057 in: DESTROYED
11-23 18:32:17.957  1239  1250 I WindowManager: Destroying surface Surface(name=br.com.catbag.gifreduxsample/br.com.catbag.gifreduxsample.ui.GifListActivity) called by com.android.server.wm.WindowStateAnimator.destroySurface:2014 com.android.server.wm.WindowStateAnimator.destroySurfaceLocked:881 com.android.server.wm.WindowState.removeLocked:1449 com.android.server.wm.WindowManagerService.removeWindowInnerLocked:2478 com.android.server.wm.WindowManagerService.removeWindowLocked:2436 com.android.server.wm.WindowManagerService.removeWindowLocked:2305 com.android.server.wm.WindowManagerService.removeWindow:2300 com.android.server.wm.Session.remove:193 
11-23 18:32:18.024  2283  2283 W ResourceType: No package identifier when getting name for resource number 0x000000e9
11-23 18:32:18.025  2283  2283 I ViewInteraction: Performing 'scroll RecyclerView to position: 4' action on view with id: 233 (resource name not found)
11-23 18:32:18.075  1239  1260 I WindowManager: Destroying surface Surface(name=Starting br.com.catbag.gifreduxsample) called by com.android.server.wm.WindowStateAnimator.destroySurface:2014 com.android.server.wm.WindowStateAnimator.destroySurfaceLocked:881 com.android.server.wm.WindowState.destroyOrSaveSurface:2073 com.android.server.wm.AppWindowToken.destroySurfaces:363 com.android.server.wm.WindowStateAnimator.finishExit:565 com.android.server.wm.WindowStateAnimator.stepAnimationLocked:491 com.android.server.wm.WindowAnimator.updateWindowsLocked:303 com.android.server.wm.WindowAnimator.animateLocked:704 
11-23 18:32:18.497  2283  2283 W ResourceType: No package identifier when getting name for resource number 0x000000e9
11-23 18:32:18.553  2283  2283 W ResourceType: No package identifier when getting name for resource number 0x000000ea
11-23 18:32:18.554  2283  2283 I ViewInteraction: Performing 'actionOnItemAtPosition performing ViewAction: single click on item at position: 0' action on view with id: 234 (resource name not found)
11-23 18:32:18.739   989  1026 D AudioFlinger: mixer(0xa6f83240) throttle end: throttle time(10)
11-23 18:32:18.749  2283  2300 I DroidFlux:Dispatcher: [STARTED] dispatch of action [GIF_PLAY]
11-23 18:32:18.751  2283  2300 I DroidFlux:Dispatcher: [COMPLETED] dispatch of action [GIF_PLAY]
11-23 18:32:18.759   989  1026 D AudioFlinger: mixer(0xa6f83240) throttle end: throttle time(11)
11-23 18:32:18.762  1239  1327 E TaskPersister: File error accessing recents directory (directory doesn't exist?).
11-23 18:32:19.507  2283  2283 D LifecycleMonitor: Lifecycle status change: br.com.catbag.gifreduxsample.ui.GifListActivity@1e78ed3 in: PAUSED
11-23 18:32:19.520  2283  2299 I TestRunner: finished: whenScrollUpAndPlayFirstItemTest(br.com.catbag.gifreduxsample.ui.giflist.GifListActivityTest)
11-23 18:32:19.656   978   978 D gralloc : Registering a buffer in the process that created it. This may cause memory ordering problems.
11-23 18:32:19.656   978   978 E libEGL  : called unimplemented OpenGL ES API
11-23 18:32:19.660   978   978 E SurfaceFlinger: glCheckFramebufferStatusOES error 2095471427
11-23 18:32:19.661   978   978 E SurfaceFlinger: got GL_FRAMEBUFFER_COMPLETE_OES error while taking screenshot
11-23 18:32:19.663  1239  1906 W WindowManager: Screenshot failure taking screenshot for (480x800) to layer 21005
11-23 18:32:19.704  2283  2283 I MonitoringInstrumentation: Activities that are still in CREATED to STOPPED: 1
11-23 18:32:19.707  2283  2299 I TestRunner: started: whenGifIsDownloadedTest(br.com.catbag.gifreduxsample.ui.giflist.GifListActivityTest)
11-23 18:32:19.731  2283  2283 I MonitoringInstrumentation: Activities that are still in CREATED to STOPPED: 1
11-23 18:32:19.820  2283  2300 I DroidFlux:Dispatcher: [STARTED] dispatch of action [FAKE_REDUCE_ACTION]
11-23 18:32:19.823  2283  2300 I DroidFlux:Dispatcher: [COMPLETED] dispatch of action [FAKE_REDUCE_ACTION]
11-23 18:32:19.861  2283  2328 D ActivityTestRule: Launching activity br.com.catbag.gifreduxsample.ui.GifListActivity
11-23 18:32:19.876  2283  2329 D MonitoringInstrumentation: execStartActivity(context, ibinder, ibinder, activity, intent, int, bundle
11-23 18:32:19.879  1239  1773 I ActivityManager: START u0 {flg=0x10000000 cmp=br.com.catbag.gifreduxsample/.ui.GifListActivity} from uid 10060 on display 0
11-23 18:32:20.184  1239  1260 I Choreographer: Skipped 59 frames!  The application may be doing too much work on its main thread.
11-23 18:32:20.245  2283  2283 D LifecycleMonitor: Lifecycle status change: br.com.catbag.gifreduxsample.ui.GifListActivity@72ec7d7 in: PRE_ON_CREATE
11-23 18:32:20.267  2283  2283 D LifecycleMonitor: Lifecycle status change: br.com.catbag.gifreduxsample.ui.GifListActivity@72ec7d7 in: CREATED
11-23 18:32:20.291  2283  2283 D LifecycleMonitor: Lifecycle status change: br.com.catbag.gifreduxsample.ui.GifListActivity@72ec7d7 in: STARTED
11-23 18:32:20.293  2283  2300 I DroidFlux:Dispatcher: [STARTED] dispatch of action [APP_STATE_LOAD]
11-23 18:32:20.293  2283  2300 D DroidFlux:Dispatcher: An action of type [APP_STATE_LOAD] was dispatched, but no reducer handled it
11-23 18:32:20.294  2283  2300 I DroidFlux:Dispatcher: [COMPLETED] dispatch of action [APP_STATE_LOAD]
11-23 18:32:20.295  2283  2283 D LifecycleMonitor: Lifecycle status change: br.com.catbag.gifreduxsample.ui.GifListActivity@72ec7d7 in: RESUMED
11-23 18:32:20.376  2283  2283 I Choreographer: Skipped 54 frames!  The application may be doing too much work on its main thread.
11-23 18:32:20.507  1239  1260 I Choreographer: Skipped 85 frames!  The application may be doing too much work on its main thread.
11-23 18:32:20.526  1716  1716 I Choreographer: Skipped 111 frames!  The application may be doing too much work on its main thread.
11-23 18:32:20.575  2283  2294 I art     : WaitForGcToComplete blocked for 29.096ms for cause Background
11-23 18:32:20.897  1716  1716 I Choreographer: Skipped 64 frames!  The application may be doing too much work on its main thread.
11-23 18:32:20.954  2283  2283 I Choreographer: Skipped 76 frames!  The application may be doing too much work on its main thread.
11-23 18:32:21.025  1239  1260 I Choreographer: Skipped 116 frames!  The application may be doing too much work on its main thread.
11-23 18:32:21.173  1239  1437 I WindowManager: Destroying surface Surface(name=com.android.launcher3/com.android.launcher3.Launcher) called by com.android.server.wm.WindowStateAnimator.destroySurface:2014 com.android.server.wm.WindowStateAnimator.destroySurfaceLocked:881 com.android.server.wm.WindowState.destroyOrSaveSurface:2073 com.android.server.wm.AppWindowToken.destroySurfaces:363 com.android.server.wm.AppWindowToken.notifyAppStopped:389 com.android.server.wm.WindowManagerService.notifyAppStopped:4456 com.android.server.am.ActivityStack.activityStoppedLocked:1252 com.android.server.am.ActivityManagerService.activityStopped:6873 
11-23 18:32:21.366  2283  2283 D LifecycleMonitor: Lifecycle status change: br.com.catbag.gifreduxsample.ui.GifListActivity@1e78ed3 in: STOPPED
11-23 18:32:21.422  2283  2294 I art     : Background sticky concurrent mark sweep GC freed 22254(1699KB) AllocSpace objects, 10(208KB) LOS objects, 16% free, 10MB/12MB, paused 28.735ms total 836.496ms
11-23 18:32:21.424  2283  2283 D LifecycleMonitor: Lifecycle status change: br.com.catbag.gifreduxsample.ui.GifListActivity@1e78ed3 in: DESTROYED
11-23 18:32:21.463  1239  1476 I WindowManager: Destroying surface Surface(name=br.com.catbag.gifreduxsample/br.com.catbag.gifreduxsample.ui.GifListActivity) called by com.android.server.wm.WindowStateAnimator.destroySurface:2014 com.android.server.wm.WindowStateAnimator.destroySurfaceLocked:881 com.android.server.wm.WindowState.removeLocked:1449 com.android.server.wm.WindowManagerService.removeWindowInnerLocked:2478 com.android.server.wm.WindowManagerService.removeWindowLocked:2436 com.android.server.wm.WindowManagerService.removeWindowLocked:2305 com.android.server.wm.WindowManagerService.removeWindow:2300 com.android.server.wm.Session.remove:193 
11-23 18:32:21.513  2283  2283 I Choreographer: Skipped 35 frames!  The application may be doing too much work on its main thread.
11-23 18:32:21.534  1239  1260 I Choreographer: Skipped 35 frames!  The application may be doing too much work on its main thread.
11-23 18:32:21.546  1239  1260 I ActivityManager: Displayed br.com.catbag.gifreduxsample/.ui.GifListActivity: +1s500ms
11-23 18:32:21.885  1239  1260 I WindowManager: Destroying surface Surface(name=Starting br.com.catbag.gifreduxsample) called by com.android.server.wm.WindowStateAnimator.destroySurface:2014 com.android.server.wm.WindowStateAnimator.destroySurfaceLocked:881 com.android.server.wm.WindowState.destroyOrSaveSurface:2073 com.android.server.wm.AppWindowToken.destroySurfaces:363 com.android.server.wm.WindowStateAnimator.finishExit:565 com.android.server.wm.WindowStateAnimator.stepAnimationLocked:491 com.android.server.wm.WindowAnimator.updateWindowsLocked:303 com.android.server.wm.WindowAnimator.animateLocked:704 
11-23 18:32:21.983  2283  2283 D LifecycleMonitor: Lifecycle status change: br.com.catbag.gifreduxsample.ui.GifListActivity@72ec7d7 in: PAUSED
11-23 18:32:22.020  2283  2299 I TestRunner: finished: whenGifIsDownloadedTest(br.com.catbag.gifreduxsample.ui.giflist.GifListActivityTest)
11-23 18:32:22.061   978   978 D gralloc : Registering a buffer in the process that created it. This may cause memory ordering problems.
11-23 18:32:22.061   978   978 E libEGL  : called unimplemented OpenGL ES API
11-23 18:32:22.062   978   978 E SurfaceFlinger: glCheckFramebufferStatusOES error 2095471427
11-23 18:32:22.062   978   978 E SurfaceFlinger: got GL_FRAMEBUFFER_COMPLETE_OES error while taking screenshot
11-23 18:32:22.063  1239  1422 W WindowManager: Screenshot failure taking screenshot for (480x800) to layer 21010
11-23 18:32:22.113  1239  1260 I Choreographer: Skipped 53 frames!  The application may be doing too much work on its main thread.
11-23 18:32:22.157  2283  2283 I MonitoringInstrumentation: Activities that are still in CREATED to STOPPED: 1
11-23 18:32:22.161  2283  2299 I TestRunner: started: whenPlayGifTest(br.com.catbag.gifreduxsample.ui.giflist.GifListActivityTest)
11-23 18:32:22.313  2283  2283 I MonitoringInstrumentation: Activities that are still in CREATED to STOPPED: 1
11-23 18:32:22.359  2283  2283 I Choreographer: Skipped 34 frames!  The application may be doing too much work on its main thread.
11-23 18:32:22.402  2283  2300 I DroidFlux:Dispatcher: [STARTED] dispatch of action [FAKE_REDUCE_ACTION]
11-23 18:32:22.405  2283  2300 I DroidFlux:Dispatcher: [COMPLETED] dispatch of action [FAKE_REDUCE_ACTION]
11-23 18:32:22.454  2283  2332 D ActivityTestRule: Launching activity br.com.catbag.gifreduxsample.ui.GifListActivity
11-23 18:32:22.457  2283  2333 D MonitoringInstrumentation: execStartActivity(context, ibinder, ibinder, activity, intent, int, bundle
11-23 18:32:22.457  1239  1437 I ActivityManager: START u0 {flg=0x10000000 cmp=br.com.catbag.gifreduxsample/.ui.GifListActivity} from uid 10060 on display 0
11-23 18:32:22.564  1716  1716 I Choreographer: Skipped 34 frames!  The application may be doing too much work on its main thread.
11-23 18:32:22.747  2283  2283 D LifecycleMonitor: Lifecycle status change: br.com.catbag.gifreduxsample.ui.GifListActivity@190ee42 in: PRE_ON_CREATE
11-23 18:32:22.916  2283  2283 D LifecycleMonitor: Lifecycle status change: br.com.catbag.gifreduxsample.ui.GifListActivity@190ee42 in: CREATED
11-23 18:32:22.916  2283  2283 D LifecycleMonitor: Lifecycle status change: br.com.catbag.gifreduxsample.ui.GifListActivity@190ee42 in: STARTED
11-23 18:32:22.924  2283  2283 D LifecycleMonitor: Lifecycle status change: br.com.catbag.gifreduxsample.ui.GifListActivity@190ee42 in: RESUMED
11-23 18:32:22.934  2283  2300 I DroidFlux:Dispatcher: [STARTED] dispatch of action [APP_STATE_LOAD]
11-23 18:32:22.935  2283  2300 D DroidFlux:Dispatcher: An action of type [APP_STATE_LOAD] was dispatched, but no reducer handled it
11-23 18:32:22.936  2283  2300 I DroidFlux:Dispatcher: [COMPLETED] dispatch of action [APP_STATE_LOAD]
11-23 18:32:22.958  1239  1260 I Choreographer: Skipped 38 frames!  The application may be doing too much work on its main thread.
11-23 18:32:23.260  1239  1249 I art     : Background sticky concurrent mark sweep GC freed 32158(2MB) AllocSpace objects, 11(220KB) LOS objects, 27% free, 7MB/10MB, paused 8.976ms total 688.577ms
11-23 18:32:23.490  2283  2283 I Choreographer: Skipped 35 frames!  The application may be doing too much work on its main thread.
11-23 18:32:23.655  1239  1260 I ActivityManager: Displayed br.com.catbag.gifreduxsample/.ui.GifListActivity: +987ms
11-23 18:32:23.683  2283  2283 I ViewInteraction: Performing 'single click' action on view with id: br.com.catbag.gifreduxsample:id/gif_image
11-23 18:32:23.723  1239  1250 I WindowManager: Destroying surface Surface(name=com.android.launcher3/com.android.launcher3.Launcher) called by com.android.server.wm.WindowStateAnimator.destroySurface:2014 com.android.server.wm.WindowStateAnimator.destroySurfaceLocked:881 com.android.server.wm.WindowState.destroyOrSaveSurface:2073 com.android.server.wm.AppWindowToken.destroySurfaces:363 com.android.server.wm.AppWindowToken.notifyAppStopped:389 com.android.server.wm.WindowManagerService.notifyAppStopped:4456 com.android.server.am.ActivityStack.activityStoppedLocked:1252 com.android.server.am.ActivityManagerService.activityStopped:6873 
11-23 18:32:23.842  2283  2283 D LifecycleMonitor: Lifecycle status change: br.com.catbag.gifreduxsample.ui.GifListActivity@72ec7d7 in: STOPPED
11-23 18:32:23.843  2283  2283 D LifecycleMonitor: Lifecycle status change: br.com.catbag.gifreduxsample.ui.GifListActivity@72ec7d7 in: DESTROYED
11-23 18:32:23.896  1239  1251 I WindowManager: Destroying surface Surface(name=br.com.catbag.gifreduxsample/br.com.catbag.gifreduxsample.ui.GifListActivity) called by com.android.server.wm.WindowStateAnimator.destroySurface:2014 com.android.server.wm.WindowStateAnimator.destroySurfaceLocked:881 com.android.server.wm.WindowState.removeLocked:1449 com.android.server.wm.WindowManagerService.removeWindowInnerLocked:2478 com.android.server.wm.WindowManagerService.removeWindowLocked:2436 com.android.server.wm.WindowManagerService.removeWindowLocked:2305 com.android.server.wm.WindowManagerService.removeWindow:2300 com.android.server.wm.Session.remove:193 
11-23 18:32:23.964  2283  2283 I Choreographer: Skipped 36 frames!  The application may be doing too much work on its main thread.
11-23 18:32:24.115  1239  1260 I WindowManager: Destroying surface Surface(name=Starting br.com.catbag.gifreduxsample) called by com.android.server.wm.WindowStateAnimator.destroySurface:2014 com.android.server.wm.WindowStateAnimator.destroySurfaceLocked:881 com.android.server.wm.WindowState.destroyOrSaveSurface:2073 com.android.server.wm.AppWindowToken.destroySurfaces:363 com.android.server.wm.WindowStateAnimator.finishExit:565 com.android.server.wm.WindowStateAnimator.stepAnimationLocked:491 com.android.server.wm.WindowAnimator.updateWindowsLocked:303 com.android.server.wm.WindowAnimator.animateLocked:704 
11-23 18:32:24.222  2283  2300 I DroidFlux:Dispatcher: [STARTED] dispatch of action [GIF_PLAY]
11-23 18:32:24.225  2283  2300 I DroidFlux:Dispatcher: [COMPLETED] dispatch of action [GIF_PLAY]
11-23 18:32:24.259   989  1026 D AudioFlinger: mixer(0xa6f83240) throttle end: throttle time(11)
11-23 18:32:24.282   989  1026 D AudioFlinger: mixer(0xa6f83240) throttle end: throttle time(10)
11-23 18:32:24.792  1239  1327 E TaskPersister: File error accessing recents directory (directory doesn't exist?).
11-23 18:32:25.042  2283  2299 I TestRunner: finished: whenPlayGifTest(br.com.catbag.gifreduxsample.ui.giflist.GifListActivityTest)
11-23 18:32:25.100  2283  2283 I MonitoringInstrumentation: Activities that are still in CREATED to STOPPED: 1
11-23 18:32:25.102  2283  2299 I TestRunner: started: whenGifDownloadFailTest(br.com.catbag.gifreduxsample.ui.giflist.GifListActivityTest)
11-23 18:32:25.163  2283  2283 D LifecycleMonitor: Lifecycle status change: br.com.catbag.gifreduxsample.ui.GifListActivity@190ee42 in: PAUSED
11-23 18:32:25.502   978   978 D gralloc : Registering a buffer in the process that created it. This may cause memory ordering problems.
11-23 18:32:25.503   978   978 E libEGL  : called unimplemented OpenGL ES API
11-23 18:32:25.504   978   978 E SurfaceFlinger: glCheckFramebufferStatusOES error 2095471427
11-23 18:32:25.504   978   978 E SurfaceFlinger: got GL_FRAMEBUFFER_COMPLETE_OES error while taking screenshot
11-23 18:32:25.522  1239  1907 W WindowManager: Screenshot failure taking screenshot for (480x800) to layer 21005
11-23 18:32:25.540  1239  1253 W art     : Long monitor contention with owner Binder:1239_A (1907) at void com.android.server.am.ActivityManagerService.activityPaused(android.os.IBinder)(ActivityManagerService.java:6849) waiters=0 in void com.android.server.am.ActivityStackSupervisor$ActivityStackSupervisorHandler.activityIdleInternal(com.android.server.am.ActivityRecord) for 360ms
11-23 18:32:25.545  2283  2283 I MonitoringInstrumentation: Activities that are still in CREATED to STOPPED: 1
11-23 18:32:25.545  2283  2283 I Choreographer: Skipped 98 frames!  The application may be doing too much work on its main thread.
11-23 18:32:25.624  2283  2300 I DroidFlux:Dispatcher: [STARTED] dispatch of action [FAKE_REDUCE_ACTION]
11-23 18:32:25.624  2283  2300 I DroidFlux:Dispatcher: [COMPLETED] dispatch of action [FAKE_REDUCE_ACTION]
11-23 18:32:25.670  2283  2334 D ActivityTestRule: Launching activity br.com.catbag.gifreduxsample.ui.GifListActivity
11-23 18:32:25.732  2283  2335 D MonitoringInstrumentation: execStartActivity(context, ibinder, ibinder, activity, intent, int, bundle
11-23 18:32:25.733  1239  1250 I ActivityManager: START u0 {flg=0x10000000 cmp=br.com.catbag.gifreduxsample/.ui.GifListActivity} from uid 10060 on display 0
11-23 18:32:25.882  1716  1716 I Choreographer: Skipped 50 frames!  The application may be doing too much work on its main thread.
11-23 18:32:26.024  1716  1716 I Choreographer: Skipped 34 frames!  The application may be doing too much work on its main thread.
11-23 18:32:26.067  2283  2283 D LifecycleMonitor: Lifecycle status change: br.com.catbag.gifreduxsample.ui.GifListActivity@67356fa in: PRE_ON_CREATE
11-23 18:32:26.101  2283  2283 D LifecycleMonitor: Lifecycle status change: br.com.catbag.gifreduxsample.ui.GifListActivity@67356fa in: CREATED
11-23 18:32:26.111  2283  2300 I DroidFlux:Dispatcher: [STARTED] dispatch of action [APP_STATE_LOAD]
11-23 18:32:26.112  2283  2300 D DroidFlux:Dispatcher: An action of type [APP_STATE_LOAD] was dispatched, but no reducer handled it
11-23 18:32:26.112  2283  2300 I DroidFlux:Dispatcher: [COMPLETED] dispatch of action [APP_STATE_LOAD]
11-23 18:32:26.112  2283  2283 D LifecycleMonitor: Lifecycle status change: br.com.catbag.gifreduxsample.ui.GifListActivity@67356fa in: STARTED
11-23 18:32:26.116  2283  2283 D LifecycleMonitor: Lifecycle status change: br.com.catbag.gifreduxsample.ui.GifListActivity@67356fa in: RESUMED
11-23 18:32:26.149  1239  1260 I Choreographer: Skipped 80 frames!  The application may be doing too much work on its main thread.
11-23 18:32:26.227  2283  2283 I Choreographer: Skipped 47 frames!  The application may be doing too much work on its main thread.
11-23 18:32:26.287  1239  1260 I Choreographer: Skipped 36 frames!  The application may be doing too much work on its main thread.
11-23 18:32:26.512  1239  1260 I Choreographer: Skipped 49 frames!  The application may be doing too much work on its main thread.
11-23 18:32:26.715  1239  1773 I WindowManager: Destroying surface Surface(name=com.android.launcher3/com.android.launcher3.Launcher) called by com.android.server.wm.WindowStateAnimator.destroySurface:2014 com.android.server.wm.WindowStateAnimator.destroySurfaceLocked:881 com.android.server.wm.WindowState.destroyOrSaveSurface:2073 com.android.server.wm.AppWindowToken.destroySurfaces:363 com.android.server.wm.AppWindowToken.notifyAppStopped:389 com.android.server.wm.WindowManagerService.notifyAppStopped:4456 com.android.server.am.ActivityStack.activityStoppedLocked:1252 com.android.server.am.ActivityManagerService.activityStopped:6873 
11-23 18:32:26.815  1239  1260 I Choreographer: Skipped 47 frames!  The application may be doing too much work on its main thread.
11-23 18:32:26.831  1239  1260 I ActivityManager: Displayed br.com.catbag.gifreduxsample/.ui.GifListActivity: +911ms
11-23 18:32:26.991  2283  2283 D LifecycleMonitor: Lifecycle status change: br.com.catbag.gifreduxsample.ui.GifListActivity@190ee42 in: STOPPED
11-23 18:32:26.991  2283  2283 D LifecycleMonitor: Lifecycle status change: br.com.catbag.gifreduxsample.ui.GifListActivity@190ee42 in: DESTROYED
11-23 18:32:27.025  1239  1260 I WindowManager: Destroying surface Surface(name=Starting br.com.catbag.gifreduxsample) called by com.android.server.wm.WindowStateAnimator.destroySurface:2014 com.android.server.wm.WindowStateAnimator.destroySurfaceLocked:881 com.android.server.wm.WindowState.destroyOrSaveSurface:2073 com.android.server.wm.AppWindowToken.destroySurfaces:363 com.android.server.wm.WindowStateAnimator.finishExit:565 com.android.server.wm.WindowStateAnimator.stepAnimationLocked:491 com.android.server.wm.WindowAnimator.updateWindowsLocked:303 com.android.server.wm.WindowAnimator.animateLocked:704 
11-23 18:32:27.031  2283  2283 I Choreographer: Skipped 45 frames!  The application may be doing too much work on its main thread.
11-23 18:32:27.096  1239  1260 I WindowManager: Destroying surface Surface(name=br.com.catbag.gifreduxsample/br.com.catbag.gifreduxsample.ui.GifListActivity) called by com.android.server.wm.WindowStateAnimator.destroySurface:2014 com.android.server.wm.WindowStateAnimator.destroySurfaceLocked:881 com.android.server.wm.WindowState.removeLocked:1449 com.android.server.wm.WindowManagerService.removeWindowInnerLocked:2478 com.android.server.wm.AppWindowToken.destroySurfaces:365 com.android.server.wm.WindowStateAnimator.finishExit:565 com.android.server.wm.WindowStateAnimator.stepAnimationLocked:491 com.android.server.wm.WindowAnimator.updateWindowsLocked:303 
11-23 18:32:27.382  2283  2283 D LifecycleMonitor: Lifecycle status change: br.com.catbag.gifreduxsample.ui.GifListActivity@67356fa in: PAUSED
11-23 18:32:27.407  2283  2299 I TestRunner: finished: whenGifDownloadFailTest(br.com.catbag.gifreduxsample.ui.giflist.GifListActivityTest)
11-23 18:32:27.445   978   978 D gralloc : Registering a buffer in the process that created it. This may cause memory ordering problems.
11-23 18:32:27.445   978   978 E libEGL  : called unimplemented OpenGL ES API
11-23 18:32:27.446   978   978 E SurfaceFlinger: glCheckFramebufferStatusOES error 2095471427
11-23 18:32:27.452   978   978 E SurfaceFlinger: got GL_FRAMEBUFFER_COMPLETE_OES error while taking screenshot
11-23 18:32:27.456  1239  1907 W WindowManager: Screenshot failure taking screenshot for (480x800) to layer 22005
11-23 18:32:27.500  1239  1260 I Choreographer: Skipped 42 frames!  The application may be doing too much work on its main thread.
11-23 18:32:27.526  2283  2283 I MonitoringInstrumentation: Activities that are still in CREATED to STOPPED: 1
11-23 18:32:27.527  2283  2299 I TestRunner: started: whenPauseGifTest(br.com.catbag.gifreduxsample.ui.giflist.GifListActivityTest)
11-23 18:32:27.541  2283  2283 I MonitoringInstrumentation: Activities that are still in CREATED to STOPPED: 1
11-23 18:32:27.624  2283  2300 I DroidFlux:Dispatcher: [STARTED] dispatch of action [FAKE_REDUCE_ACTION]
11-23 18:32:27.625  2283  2300 I DroidFlux:Dispatcher: [COMPLETED] dispatch of action [FAKE_REDUCE_ACTION]
11-23 18:32:27.667  2283  2337 D ActivityTestRule: Launching activity br.com.catbag.gifreduxsample.ui.GifListActivity
11-23 18:32:27.697  2283  2338 D MonitoringInstrumentation: execStartActivity(context, ibinder, ibinder, activity, intent, int, bundle
11-23 18:32:27.699  1239  1905 I ActivityManager: START u0 {flg=0x10000000 cmp=br.com.catbag.gifreduxsample/.ui.GifListActivity} from uid 10060 on display 0
11-23 18:32:27.833  1239  1260 I Choreographer: Skipped 30 frames!  The application may be doing too much work on its main thread.
11-23 18:32:27.926  2283  2283 D LifecycleMonitor: Lifecycle status change: br.com.catbag.gifreduxsample.ui.GifListActivity@1f34226 in: PRE_ON_CREATE
11-23 18:32:27.974  1239  1260 I Choreographer: Skipped 30 frames!  The application may be doing too much work on its main thread.
11-23 18:32:28.045  2283  2283 D LifecycleMonitor: Lifecycle status change: br.com.catbag.gifreduxsample.ui.GifListActivity@1f34226 in: CREATED
11-23 18:32:28.046  2283  2300 I DroidFlux:Dispatcher: [STARTED] dispatch of action [APP_STATE_LOAD]
11-23 18:32:28.047  2283  2300 D DroidFlux:Dispatcher: An action of type [APP_STATE_LOAD] was dispatched, but no reducer handled it
11-23 18:32:28.047  2283  2300 I DroidFlux:Dispatcher: [COMPLETED] dispatch of action [APP_STATE_LOAD]
11-23 18:32:28.048  2283  2283 D LifecycleMonitor: Lifecycle status change: br.com.catbag.gifreduxsample.ui.GifListActivity@1f34226 in: STARTED
11-23 18:32:28.053  2283  2283 D LifecycleMonitor: Lifecycle status change: br.com.catbag.gifreduxsample.ui.GifListActivity@1f34226 in: RESUMED
11-23 18:32:28.132  1239  1260 I Choreographer: Skipped 39 frames!  The application may be doing too much work on its main thread.
11-23 18:32:28.286  1239  1249 I art     : WaitForGcToComplete blocked for 49.151ms for cause HeapTrim
11-23 18:32:28.319  1239  1905 I WindowManager: Destroying surface Surface(name=com.android.launcher3/com.android.launcher3.Launcher) called by com.android.server.wm.WindowStateAnimator.destroySurface:2014 com.android.server.wm.WindowStateAnimator.destroySurfaceLocked:881 com.android.server.wm.WindowState.destroyOrSaveSurface:2073 com.android.server.wm.AppWindowToken.destroySurfaces:363 com.android.server.wm.AppWindowToken.notifyAppStopped:389 com.android.server.wm.WindowManagerService.notifyAppStopped:4456 com.android.server.am.ActivityStack.activityStoppedLocked:1252 com.android.server.am.ActivityManagerService.activityStopped:6873 
11-23 18:32:28.675  2283  2283 D LifecycleMonitor: Lifecycle status change: br.com.catbag.gifreduxsample.ui.GifListActivity@67356fa in: STOPPED
11-23 18:32:28.675  2283  2283 D LifecycleMonitor: Lifecycle status change: br.com.catbag.gifreduxsample.ui.GifListActivity@67356fa in: DESTROYED
11-23 18:32:28.712  1239  1422 I WindowManager: Destroying surface Surface(name=br.com.catbag.gifreduxsample/br.com.catbag.gifreduxsample.ui.GifListActivity) called by com.android.server.wm.WindowStateAnimator.destroySurface:2014 com.android.server.wm.WindowStateAnimator.destroySurfaceLocked:881 com.android.server.wm.WindowState.removeLocked:1449 com.android.server.wm.WindowManagerService.removeWindowInnerLocked:2478 com.android.server.wm.WindowManagerService.removeWindowLocked:2436 com.android.server.wm.WindowManagerService.removeWindowLocked:2305 com.android.server.wm.WindowManagerService.removeWindow:2300 com.android.server.wm.Session.remove:193 
11-23 18:32:28.736  2283  2283 I Choreographer: Skipped 63 frames!  The application may be doing too much work on its main thread.
11-23 18:32:28.951  1239  1260 I ActivityManager: Displayed br.com.catbag.gifreduxsample/.ui.GifListActivity: +1s99ms
11-23 18:32:29.007  2283  2283 I ViewInteraction: Performing 'single click' action on view with id: br.com.catbag.gifreduxsample:id/gif_image
11-23 18:32:29.121  2283  2300 I DroidFlux:Dispatcher: [STARTED] dispatch of action [GIF_PAUSE]
11-23 18:32:29.123  2283  2300 I DroidFlux:Dispatcher: [COMPLETED] dispatch of action [GIF_PAUSE]
11-23 18:32:29.149   989  1026 D AudioFlinger: mixer(0xa6f83240) throttle end: throttle time(11)
11-23 18:32:29.162  1239  1260 I Choreographer: Skipped 35 frames!  The application may be doing too much work on its main thread.
11-23 18:32:29.168   989  1026 D AudioFlinger: mixer(0xa6f83240) throttle end: throttle time(11)
11-23 18:32:29.386  1239  1260 I WindowManager: Destroying surface Surface(name=Starting br.com.catbag.gifreduxsample) called by com.android.server.wm.WindowStateAnimator.destroySurface:2014 com.android.server.wm.WindowStateAnimator.destroySurfaceLocked:881 com.android.server.wm.WindowState.destroyOrSaveSurface:2073 com.android.server.wm.AppWindowToken.destroySurfaces:363 com.android.server.wm.WindowStateAnimator.finishExit:565 com.android.server.wm.WindowStateAnimator.stepAnimationLocked:491 com.android.server.wm.WindowAnimator.updateWindowsLocked:303 com.android.server.wm.WindowAnimator.animateLocked:704 
11-23 18:32:29.954  2283  2283 D LifecycleMonitor: Lifecycle status change: br.com.catbag.gifreduxsample.ui.GifListActivity@1f34226 in: PAUSED
11-23 18:32:29.997  2283  2299 I TestRunner: finished: whenPauseGifTest(br.com.catbag.gifreduxsample.ui.giflist.GifListActivityTest)
11-23 18:32:30.054   978   978 D gralloc : Registering a buffer in the process that created it. This may cause memory ordering problems.
11-23 18:32:30.055   978   978 E libEGL  : called unimplemented OpenGL ES API
11-23 18:32:30.059   978   978 E SurfaceFlinger: glCheckFramebufferStatusOES error 2095471427
11-23 18:32:30.059   978   978 E SurfaceFlinger: got GL_FRAMEBUFFER_COMPLETE_OES error while taking screenshot
11-23 18:32:30.061  1239  1773 W WindowManager: Screenshot failure taking screenshot for (480x800) to layer 21005
11-23 18:32:30.121  2283  2283 I MonitoringInstrumentation: Activities that are still in CREATED to STOPPED: 1
11-23 18:32:30.122  2283  2299 I TestRunner: started: whenLoadMultipleGifsOnAppStateTest(br.com.catbag.gifreduxsample.ui.giflist.GifListActivityTest)
11-23 18:32:30.126  2283  2283 I MonitoringInstrumentation: Activities that are still in CREATED to STOPPED: 1
11-23 18:32:30.329  1239  1327 E TaskPersister: File error accessing recents directory (directory doesn't exist?).
11-23 18:32:30.363  2283  2300 I DroidFlux:Dispatcher: [STARTED] dispatch of action [FAKE_REDUCE_ACTION]
11-23 18:32:30.364  2283  2300 I DroidFlux:Dispatcher: [COMPLETED] dispatch of action [FAKE_REDUCE_ACTION]
11-23 18:32:30.394  2283  2339 D ActivityTestRule: Launching activity br.com.catbag.gifreduxsample.ui.GifListActivity
11-23 18:32:30.474  2283  2340 D MonitoringInstrumentation: execStartActivity(context, ibinder, ibinder, activity, intent, int, bundle
11-23 18:32:30.477  1239  1905 I ActivityManager: START u0 {flg=0x10000000 cmp=br.com.catbag.gifreduxsample/.ui.GifListActivity} from uid 10060 on display 0
11-23 18:32:30.540  1716  1716 I Choreographer: Skipped 58 frames!  The application may be doing too much work on its main thread.
11-23 18:32:30.614  2283  2283 D LifecycleMonitor: Lifecycle status change: br.com.catbag.gifreduxsample.ui.GifListActivity@2d3dd3f in: PRE_ON_CREATE
11-23 18:32:30.646  2283  2283 D LifecycleMonitor: Lifecycle status change: br.com.catbag.gifreduxsample.ui.GifListActivity@2d3dd3f in: CREATED
11-23 18:32:30.647  2283  2300 I DroidFlux:Dispatcher: [STARTED] dispatch of action [APP_STATE_LOAD]
11-23 18:32:30.649  2283  2283 D LifecycleMonitor: Lifecycle status change: br.com.catbag.gifreduxsample.ui.GifListActivity@2d3dd3f in: STARTED
11-23 18:32:30.651  2283  2283 D LifecycleMonitor: Lifecycle status change: br.com.catbag.gifreduxsample.ui.GifListActivity@2d3dd3f in: RESUMED
11-23 18:32:30.724  2283  2300 D DroidFlux:Dispatcher: An action of type [APP_STATE_LOAD] was dispatched, but no reducer handled it
11-23 18:32:30.725  2283  2300 I DroidFlux:Dispatcher: [COMPLETED] dispatch of action [APP_STATE_LOAD]
11-23 18:32:30.917  1239  1260 I Choreographer: Skipped 116 frames!  The application may be doing too much work on its main thread.
11-23 18:32:31.313  1239  1476 W InputMethodManagerService: Starting input on non-focused client com.android.internal.view.IInputMethodClient$Stub$Proxy@b3cbbd2 (uid=10012 pid=1716)
11-23 18:32:31.395  1239  1326 W InputMethodManagerService: Starting input on non-focused client com.android.internal.view.IInputMethodClient$Stub$Proxy@b3cbbd2 (uid=10012 pid=1716)
11-23 18:32:31.689  2283  2294 I art     : Background partial concurrent mark sweep GC freed 16694(875KB) AllocSpace objects, 1(260KB) LOS objects, 25% free, 11MB/15MB, paused 52.039ms total 778.019ms
11-23 18:32:31.895  2283  2283 W ResourceType: No package identifier when getting name for resource number 0x000000f5
11-23 18:32:31.895  2283  2283 I ViewInteraction: Performing 'scroll RecyclerView to position: 2' action on view with id: 245 (resource name not found)
11-23 18:32:31.959  1239  1260 I ActivityManager: Displayed br.com.catbag.gifreduxsample/.ui.GifListActivity: +1s391ms
11-23 18:32:32.205  1239  1326 I WindowManager: Destroying surface Surface(name=com.android.launcher3/com.android.launcher3.Launcher) called by com.android.server.wm.WindowStateAnimator.destroySurface:2014 com.android.server.wm.WindowStateAnimator.destroySurfaceLocked:881 com.android.server.wm.WindowState.destroyOrSaveSurface:2073 com.android.server.wm.AppWindowToken.destroySurfaces:363 com.android.server.wm.AppWindowToken.notifyAppStopped:389 com.android.server.wm.WindowManagerService.notifyAppStopped:4456 com.android.server.am.ActivityStack.activityStoppedLocked:1252 com.android.server.am.ActivityManagerService.activityStopped:6873 
11-23 18:32:32.236  1239  1260 I WindowManager: Destroying surface Surface(name=Starting br.com.catbag.gifreduxsample) called by com.android.server.wm.WindowStateAnimator.destroySurface:2014 com.android.server.wm.WindowStateAnimator.destroySurfaceLocked:881 com.android.server.wm.WindowState.destroyOrSaveSurface:2073 com.android.server.wm.AppWindowToken.destroySurfaces:363 com.android.server.wm.WindowStateAnimator.finishExit:565 com.android.server.wm.WindowStateAnimator.stepAnimationLocked:491 com.android.server.wm.WindowAnimator.updateWindowsLocked:303 com.android.server.wm.WindowAnimator.animateLocked:704 
11-23 18:32:32.301  2283  2288 I art     : Do partial code cache collection, code=120KB, data=122KB
11-23 18:32:32.303  2283  2288 I art     : After code cache collection, code=119KB, data=121KB
11-23 18:32:32.303  2283  2288 I art     : Increasing code cache capacity to 512KB
11-23 18:32:32.329  2283  2283 D LifecycleMonitor: Lifecycle status change: br.com.catbag.gifreduxsample.ui.GifListActivity@1f34226 in: STOPPED
11-23 18:32:32.330  2283  2283 D LifecycleMonitor: Lifecycle status change: br.com.catbag.gifreduxsample.ui.GifListActivity@1f34226 in: DESTROYED
11-23 18:32:32.401  1239  1250 I WindowManager: Destroying surface Surface(name=br.com.catbag.gifreduxsample/br.com.catbag.gifreduxsample.ui.GifListActivity) called by com.android.server.wm.WindowStateAnimator.destroySurface:2014 com.android.server.wm.WindowStateAnimator.destroySurfaceLocked:881 com.android.server.wm.WindowState.removeLocked:1449 com.android.server.wm.WindowManagerService.removeWindowInnerLocked:2478 com.android.server.wm.WindowManagerService.removeWindowLocked:2436 com.android.server.wm.WindowManagerService.removeWindowLocked:2305 com.android.server.wm.WindowManagerService.removeWindow:2300 com.android.server.wm.Session.remove:193 
11-23 18:32:32.509  2283  2283 W ResourceType: No package identifier when getting name for resource number 0x000000f5
11-23 18:32:32.585  2283  2283 W ResourceType: No package identifier when getting name for resource number 0x000000fc
11-23 18:32:32.586  2283  2283 I ViewInteraction: Performing 'scroll RecyclerView to position: 3' action on view with id: 252 (resource name not found)
11-23 18:32:32.932  2283  2283 W ResourceType: No package identifier when getting name for resource number 0x000000fc
11-23 18:32:33.007  2283  2283 W ResourceType: No package identifier when getting name for resource number 0x00000103
11-23 18:32:33.007  2283  2283 I ViewInteraction: Performing 'scroll RecyclerView to position: 4' action on view with id: 259 (resource name not found)
11-23 18:32:33.377  2283  2283 W ResourceType: No package identifier when getting name for resource number 0x00000103
11-23 18:32:33.436  2283  2283 W ResourceType: No package identifier when getting name for resource number 0x0000010a
11-23 18:32:33.436  2283  2283 I ViewInteraction: Performing 'scroll RecyclerView to position: 5' action on view with id: 266 (resource name not found)
11-23 18:32:33.762  2283  2283 W ResourceType: No package identifier when getting name for resource number 0x0000010a
