--------- beginning of main
11-24 15:14:45.886  2108  2108 D AndroidRuntime: >>>>>> START com.android.internal.os.RuntimeInit uid 2000 <<<<<<
11-24 15:14:45.948  2108  2108 D AndroidRuntime: CheckJNI is ON
11-24 15:14:46.294  2108  2108 W art     : Unexpected CPU variant for X86 using defaults: x86
11-24 15:14:46.474  2108  2108 D ICU     : No timezone override file found: /data/misc/zoneinfo/current/icu/icu_tzdata.dat
11-24 15:14:46.821  2108  2108 E memtrack: Couldn't load memtrack module (No such file or directory)
11-24 15:14:46.821  2108  2108 E android.os.Debug: failed to load memtrack module: -2
11-24 15:14:46.861  2108  2108 I Radio-JNI: register_android_hardware_Radio DONE
11-24 15:14:47.034  2108  2108 D AndroidRuntime: Calling main entry com.android.commands.am.Am
11-24 15:14:47.086  2108  2108 D AndroidRuntime: Shutting down VM
11-24 15:14:47.511  2118  2118 D AndroidRuntime: >>>>>> START com.android.internal.os.RuntimeInit uid 2000 <<<<<<
11-24 15:14:47.514  2118  2118 D AndroidRuntime: CheckJNI is ON
11-24 15:14:47.571  2118  2118 W art     : Unexpected CPU variant for X86 using defaults: x86
11-24 15:14:47.584  2118  2118 D ICU     : No timezone override file found: /data/misc/zoneinfo/current/icu/icu_tzdata.dat
11-24 15:14:47.623  2118  2118 E memtrack: Couldn't load memtrack module (No such file or directory)
11-24 15:14:47.623  2118  2118 E android.os.Debug: failed to load memtrack module: -2
11-24 15:14:47.624  2118  2118 I Radio-JNI: register_android_hardware_Radio DONE
11-24 15:14:47.655  2118  2118 D AndroidRuntime: Calling main entry com.android.commands.pm.Pm
11-24 15:14:47.779  2118  2118 I art     : System.exit called, status: 0
11-24 15:14:47.779  2118  2118 I AndroidRuntime: VM exiting with result code 0.
11-24 15:14:48.555  2129  2129 D AndroidRuntime: >>>>>> START com.android.internal.os.RuntimeInit uid 2000 <<<<<<
11-24 15:14:48.557  2129  2129 D AndroidRuntime: CheckJNI is ON
11-24 15:14:48.615  2129  2129 W art     : Unexpected CPU variant for X86 using defaults: x86
11-24 15:14:48.626  2129  2129 D ICU     : No timezone override file found: /data/misc/zoneinfo/current/icu/icu_tzdata.dat
11-24 15:14:48.660  2129  2129 E memtrack: Couldn't load memtrack module (No such file or directory)
11-24 15:14:48.660  2129  2129 E android.os.Debug: failed to load memtrack module: -2
11-24 15:14:48.661  2129  2129 I Radio-JNI: register_android_hardware_Radio DONE
11-24 15:14:48.697  2129  2129 D AndroidRuntime: Calling main entry com.android.commands.pm.Pm
11-24 15:14:48.774   996   996 I         : free_cache(7064605) avail 512552960
11-24 15:14:59.806  2129  2129 I art     : System.exit called, status: 0
11-24 15:14:59.806  2129  2129 I AndroidRuntime: VM exiting with result code 0.
11-24 15:15:00.334  2141  2141 D AndroidRuntime: >>>>>> START com.android.internal.os.RuntimeInit uid 2000 <<<<<<
11-24 15:15:00.337  2141  2141 D AndroidRuntime: CheckJNI is ON
11-24 15:15:00.409  2141  2141 W art     : Unexpected CPU variant for X86 using defaults: x86
11-24 15:15:00.424  2141  2141 D ICU     : No timezone override file found: /data/misc/zoneinfo/current/icu/icu_tzdata.dat
11-24 15:15:00.464  2141  2141 E memtrack: Couldn't load memtrack module (No such file or directory)
11-24 15:15:00.465  2141  2141 E android.os.Debug: failed to load memtrack module: -2
11-24 15:15:00.466  2141  2141 I Radio-JNI: register_android_hardware_Radio DONE
11-24 15:15:00.501  2141  2141 D AndroidRuntime: Calling main entry com.android.commands.pm.Pm
--------- beginning of system
11-24 15:15:00.996  1238  1264 W ActivityManager: Slow operation: 107ms so far, now at startProcess: returned from zygote!
11-24 15:15:00.996  1238  1264 W ActivityManager: Slow operation: 108ms so far, now at startProcess: done updating battery stats
11-24 15:15:00.998  1238  1264 W ActivityManager: Slow operation: 110ms so far, now at startProcess: building log message
11-24 15:15:00.998  1238  1264 I ActivityManager: Start proc 2151:com.android.defcontainer/u0a5 for service com.android.defcontainer/.DefaultContainerService
11-24 15:15:01.012  1238  1264 W ActivityManager: Slow operation: 110ms so far, now at startProcess: starting to update pids map
11-24 15:15:01.013  1238  1264 W ActivityManager: Slow operation: 125ms so far, now at startProcess: done updating pids map
11-24 15:15:01.014  1238  1264 W ActivityManager: Slow operation: 132ms so far, now at startProcess: done starting proc!
11-24 15:15:01.014  1238  1253 W art     : Long monitor contention with owner PackageManager (1264) at int com.android.server.am.ActivityManagerService.bindService(android.app.IApplicationThread, android.os.IBinder, android.content.Intent, java.lang.String, android.app.IServiceConnection, int, java.lang.String, int)(ActivityManagerService.java:17045) waiters=0 in void com.android.server.am.ActivityManagerService.dispatchUidsChanged() for 126ms
11-24 15:15:01.076  2151  2151 W art     : Unexpected CPU variant for X86 using defaults: x86
11-24 15:15:01.572  1238  1264 I PackageManager.DexOptimizer: Running dexopt (dex2oat) on: /data/app/vmdl1271609325.tmp/base.apk pkg=br.com.catbag.gifreduxsample isa=x86 vmSafeMode=false debuggable=true target-filter=interpret-only oatDir = /data/app/vmdl1271609325.tmp/oat sharedLibraries=null
11-24 15:15:01.621  2166  2166 W dex2oat : Unexpected CPU variant for X86 using defaults: x86
11-24 15:15:01.623  2166  2166 W dex2oat : Mismatch between dex2oat instruction set features (ISA: X86 Feature string: smp,-ssse3,-sse4.1,-sse4.2,-avx,-avx2,-lock_add,-popcnt) and those of dex2oat executable (ISA: X86 Feature string: smp,ssse3,-sse4.1,-sse4.2,-avx,-avx2,-lock_add,-popcnt) for the command line:
11-24 15:15:01.623  2166  2166 W dex2oat : /system/bin/dex2oat --zip-fd=6 --zip-location=base.apk --oat-fd=7 --oat-location=/data/app/vmdl1271609325.tmp/oat/x86/base.odex --instruction-set=x86 --instruction-set-variant=x86 --instruction-set-features=default --runtime-arg -Xms64m --runtime-arg -Xmx512m --compiler-filter=interpret-only --swap-fd=9 --debuggable
11-24 15:15:01.625  2166  2166 I dex2oat : /system/bin/dex2oat --compiler-filter=interpret-only --debuggable
11-24 15:15:04.629  2166  2166 W dex2oat : Before Android 4.1, method android.graphics.PorterDuffColorFilter android.support.graphics.drawable.VectorDrawableCompat.updateTintFilter(android.graphics.PorterDuffColorFilter, android.content.res.ColorStateList, android.graphics.PorterDuff$Mode) would have incorrectly overridden the package-private method in android.graphics.drawable.Drawable
11-24 15:15:04.755  2166  2166 W dex2oat : Before Android 4.1, method int android.support.v7.widget.ListViewCompat.lookForSelectablePosition(int, boolean) would have incorrectly overridden the package-private method in android.widget.ListView
11-24 15:15:22.103  2166  2166 W dex2oat : Verification of void org.immutables.value.internal.$processor$.meta.$StyleMirror.<init>(javax.lang.model.element.AnnotationMirror) took 107.128ms
11-24 15:15:46.963  2166  2166 W dex2oat : Compilation of void com.fasterxml.jackson.core.util.DefaultPrettyPrinter.<init>(com.fasterxml.jackson.core.SerializableString) took 183.106ms
11-24 15:15:51.928  2166  2166 W dex2oat : Compilation of int com.google.common.io.LittleEndianDataInputStream.skipBytes(int) took 142.182ms
11-24 15:15:57.003  2166  2166 W dex2oat : Compilation of org.immutables.value.internal.$generator$.$Templates$Invokable org.immutables.value.internal.$processor$.$Generator_Transformers.generateTransformer() took 201.144ms
11-24 15:15:59.405  2166  2166 I dex2oat : dex2oat took 57.787s (threads: 1) arena alloc=1402KB (1436528B) java alloc=7MB (8050336B) native alloc=13MB (14282704B) free=3MB (3149872B)
11-24 15:15:59.659  1238  1264 W PackageManager: Not granting permission android.permission.SET_DEBUG_APP to package br.com.catbag.gifreduxsample (protectionLevel=50 flags=0x3848be46)
11-24 15:15:59.802  1238  1264 V BackupManagerService: restoreAtInstall pkg=br.com.catbag.gifreduxsample token=1 restoreSet=0
11-24 15:15:59.805  1238  1264 W BackupManagerService: Requested unavailable transport: android/com.android.internal.backup.LocalTransport
11-24 15:15:59.805  1238  1264 W BackupManagerService: No transport
11-24 15:15:59.806  1238  1264 V BackupManagerService: Finishing install immediately
11-24 15:15:59.852  1238  1264 I art     : Starting a blocking GC Explicit
11-24 15:16:00.392  1238  1264 I art     : Explicit concurrent mark sweep GC freed 35546(2MB) AllocSpace objects, 13(308KB) LOS objects, 33% free, 6MB/10MB, paused 5.897ms total 531.873ms
11-24 15:16:00.401   996   996 E         : Couldn't opendir /data/app/vmdl1271609325.tmp: No such file or directory
11-24 15:16:00.562  2141  2141 I art     : System.exit called, status: 0
11-24 15:16:00.562  2141  2141 I AndroidRuntime: VM exiting with result code 0.
11-24 15:16:00.582  1238  1278 I InputReader: Reconfiguring input devices.  changes=0x00000010
11-24 15:16:00.819  1456  1456 D CarrierSvcBindHelper: No carrier app for: 0
11-24 15:16:00.847  1456  1456 D CarrierConfigLoader: mHandler: 9 phoneId: 0
11-24 15:16:01.204  1238  1251 W VoiceInteractionManagerService: no available voice recognition services found for user 0
11-24 15:16:01.205  1238  1251 W LocationProviderProxy-network: Odd, no component found for service com.android.location.service.v3.NetworkLocationProvider
11-24 15:16:01.206  1238  1251 W GeocoderProxy: Odd, no component found for service com.android.location.service.GeocodeProvider
11-24 15:16:01.206  1238  1251 W GeofenceProxy: Odd, no component found for service com.android.location.service.GeofenceProvider
11-24 15:16:01.206  1238  1251 W ActivityRecognitionProxy: Odd, no component found for service com.android.location.service.ActivityRecognitionProvider
11-24 15:16:01.603  2173  2173 D AndroidRuntime: >>>>>> START com.android.internal.os.RuntimeInit uid 2000 <<<<<<
11-24 15:16:01.606  2173  2173 D AndroidRuntime: CheckJNI is ON
11-24 15:16:01.696  2173  2173 W art     : Unexpected CPU variant for X86 using defaults: x86
11-24 15:16:01.727  2173  2173 D ICU     : No timezone override file found: /data/misc/zoneinfo/current/icu/icu_tzdata.dat
11-24 15:16:01.753  2173  2173 E memtrack: Couldn't load memtrack module (No such file or directory)
11-24 15:16:01.753  2173  2173 E android.os.Debug: failed to load memtrack module: -2
11-24 15:16:01.755  2173  2173 I Radio-JNI: register_android_hardware_Radio DONE
11-24 15:16:01.774  2173  2173 D AndroidRuntime: Calling main entry com.android.commands.pm.Pm
11-24 15:16:01.802  2173  2173 I art     : System.exit called, status: 0
11-24 15:16:01.802  2173  2173 I AndroidRuntime: VM exiting with result code 0.
11-24 15:16:02.565  2190  2190 D AndroidRuntime: >>>>>> START com.android.internal.os.RuntimeInit uid 2000 <<<<<<
11-24 15:16:02.568  2190  2190 D AndroidRuntime: CheckJNI is ON
11-24 15:16:02.619  2190  2190 W art     : Unexpected CPU variant for X86 using defaults: x86
11-24 15:16:02.624  2190  2190 D ICU     : No timezone override file found: /data/misc/zoneinfo/current/icu/icu_tzdata.dat
11-24 15:16:02.645  2190  2190 E memtrack: Couldn't load memtrack module (No such file or directory)
11-24 15:16:02.645  2190  2190 E android.os.Debug: failed to load memtrack module: -2
11-24 15:16:02.648  2190  2190 I Radio-JNI: register_android_hardware_Radio DONE
11-24 15:16:02.663  2190  2190 D AndroidRuntime: Calling main entry com.android.commands.pm.Pm
11-24 15:16:02.754   996   996 I         : free_cache(2038437) avail 492609536
11-24 15:16:05.194  2203  2203 W art     : Unexpected CPU variant for X86 using defaults: x86
11-24 15:16:05.197  1238  1756 I ActivityManager: Start proc 2203:com.svox.pico/u0a46 for broadcast com.svox.pico/.VoiceDataInstallerReceiver
11-24 15:16:05.959  2190  2190 I art     : System.exit called, status: 0
11-24 15:16:05.959  2190  2190 I AndroidRuntime: VM exiting with result code 0.
11-24 15:16:06.351  2218  2218 D AndroidRuntime: >>>>>> START com.android.internal.os.RuntimeInit uid 2000 <<<<<<
11-24 15:16:06.354  2218  2218 D AndroidRuntime: CheckJNI is ON
11-24 15:16:06.408  2218  2218 W art     : Unexpected CPU variant for X86 using defaults: x86
11-24 15:16:06.415  2218  2218 D ICU     : No timezone override file found: /data/misc/zoneinfo/current/icu/icu_tzdata.dat
11-24 15:16:06.460  2218  2218 E memtrack: Couldn't load memtrack module (No such file or directory)
11-24 15:16:06.460  2218  2218 E android.os.Debug: failed to load memtrack module: -2
11-24 15:16:06.461  2218  2218 I Radio-JNI: register_android_hardware_Radio DONE
11-24 15:16:06.479  2218  2218 D AndroidRuntime: Calling main entry com.android.commands.pm.Pm
11-24 15:16:06.569  2151  2162 I art     : HomogeneousSpaceCompact marksweep + semispace GC freed 10351(567KB) AllocSpace objects, 0(0B) LOS objects, 39% free, 2MB/3MB, paused 1.650s total 1.650s
11-24 15:16:06.618  1238  1264 I PackageManager.DexOptimizer: Running dexopt (dex2oat) on: /data/app/vmdl900524267.tmp/base.apk pkg=br.com.catbag.gifreduxsample.test isa=x86 vmSafeMode=false debuggable=true target-filter=interpret-only oatDir = /data/app/vmdl900524267.tmp/oat sharedLibraries=/system/framework/android.test.runner.jar
11-24 15:16:06.666  2229  2229 W dex2oat : Unexpected CPU variant for X86 using defaults: x86
11-24 15:16:06.666  2229  2229 W dex2oat : Mismatch between dex2oat instruction set features (ISA: X86 Feature string: smp,-ssse3,-sse4.1,-sse4.2,-avx,-avx2,-lock_add,-popcnt) and those of dex2oat executable (ISA: X86 Feature string: smp,ssse3,-sse4.1,-sse4.2,-avx,-avx2,-lock_add,-popcnt) for the command line:
11-24 15:16:06.666  2229  2229 W dex2oat : /system/bin/dex2oat --zip-fd=6 --zip-location=base.apk --oat-fd=7 --oat-location=/data/app/vmdl900524267.tmp/oat/x86/base.odex --instruction-set=x86 --instruction-set-variant=x86 --instruction-set-features=default --runtime-arg -Xms64m --runtime-arg -Xmx512m --compiler-filter=interpret-only --swap-fd=9 --debuggable --runtime-arg -classpath --runtime-arg /system/framework/android.test.runner.jar
11-24 15:16:06.667  2229  2229 I dex2oat : /system/bin/dex2oat --compiler-filter=interpret-only --debuggable
11-24 15:16:30.847  2229  2229 W dex2oat : Compilation of java.util.List com.google.android.apps.common.testing.accessibility.framework.AccessibilityCheckResultUtils.getResultsForCheck(java.lang.Iterable, java.lang.Class) took 161.130ms
11-24 15:16:34.226  2229  2229 I dex2oat : dex2oat took 27.560s (threads: 1) arena alloc=824B (824B) java alloc=3MB (3868560B) native alloc=6MB (6969808B) free=2MB (2467376B)
11-24 15:16:34.458  1238  1264 V BackupManagerService: restoreAtInstall pkg=br.com.catbag.gifreduxsample.test token=2 restoreSet=0
11-24 15:16:34.458  1238  1264 W BackupManagerService: Requested unavailable transport: android/com.android.internal.backup.LocalTransport
11-24 15:16:34.458  1238  1264 W BackupManagerService: No transport
11-24 15:16:34.459  1238  1264 V BackupManagerService: Finishing install immediately
11-24 15:16:34.495  1238  1397 I ActivityManager: Killing 1463:com.android.settings:CryptKeeper/1000 (adj 906): empty #17
11-24 15:16:34.558  1238  1264 I art     : WaitForGcToComplete blocked for 38.339ms for cause Explicit
11-24 15:16:34.558  1238  1264 I art     : Starting a blocking GC Explicit
11-24 15:16:34.652  1238  1264 I art     : Explicit concurrent mark sweep GC freed 38125(2MB) AllocSpace objects, 12(288KB) LOS objects, 33% free, 6MB/10MB, paused 5.379ms total 87.482ms
11-24 15:16:34.658   996   996 E         : Couldn't opendir /data/app/vmdl900524267.tmp: No such file or directory
11-24 15:16:34.700  2218  2218 I art     : System.exit called, status: 0
11-24 15:16:34.700  2218  2218 I AndroidRuntime: VM exiting with result code 0.
11-24 15:16:34.738  1238  1278 I InputReader: Reconfiguring input devices.  changes=0x00000010
11-24 15:16:34.809  1456  1456 D CarrierSvcBindHelper: No carrier app for: 0
11-24 15:16:34.811  1456  1456 D CarrierConfigLoader: mHandler: 9 phoneId: 0
11-24 15:16:35.093  1238  1251 W VoiceInteractionManagerService: no available voice recognition services found for user 0
11-24 15:16:35.093  1238  1251 W LocationProviderProxy-network: Odd, no component found for service com.android.location.service.v3.NetworkLocationProvider
11-24 15:16:35.094  1238  1251 W GeocoderProxy: Odd, no component found for service com.android.location.service.GeocodeProvider
11-24 15:16:35.094  1238  1251 W GeofenceProxy: Odd, no component found for service com.android.location.service.GeofenceProvider
11-24 15:16:35.095  1238  1251 W ActivityRecognitionProxy: Odd, no component found for service com.android.location.service.ActivityRecognitionProvider
11-24 15:16:35.182  1456  1468 W art     : Suspending all threads took: 11.316ms
11-24 15:16:35.404  1456  1468 I art     : Background sticky concurrent mark sweep GC freed 21451(1563KB) AllocSpace objects, 1(20KB) LOS objects, 39% free, 3MB/4MB, paused 17.110ms total 577.944ms
11-24 15:16:35.640  2235  2235 D AndroidRuntime: >>>>>> START com.android.internal.os.RuntimeInit uid 2000 <<<<<<
11-24 15:16:35.653  2235  2235 D AndroidRuntime: CheckJNI is ON
11-24 15:16:35.745  2235  2235 W art     : Unexpected CPU variant for X86 using defaults: x86
11-24 15:16:35.756  2235  2235 D ICU     : No timezone override file found: /data/misc/zoneinfo/current/icu/icu_tzdata.dat
11-24 15:16:35.796  2235  2235 E memtrack: Couldn't load memtrack module (No such file or directory)
11-24 15:16:35.796  2235  2235 E android.os.Debug: failed to load memtrack module: -2
11-24 15:16:35.803  2235  2235 I Radio-JNI: register_android_hardware_Radio DONE
11-24 15:16:35.835  2235  2235 D AndroidRuntime: Calling main entry com.android.commands.am.Am
11-24 15:16:35.851  1238  1561 I ActivityManager: Force stopping br.com.catbag.gifreduxsample appid=10060 user=0: start instr
11-24 15:16:35.869  1238  1561 I ActivityManager: Start proc 2245:br.com.catbag.gifreduxsample/u0a60 for added application br.com.catbag.gifreduxsample
11-24 15:16:35.874  2245  2245 I art     : Not late-enabling -Xcheck:jni (already on)
11-24 15:16:35.875  2245  2245 W art     : Unexpected CPU variant for X86 using defaults: x86
11-24 15:16:35.912  2245  2245 W System  : ClassLoader referenced unknown path: /data/app/br.com.catbag.gifreduxsample.test-1/lib/x86
11-24 15:16:35.919  2245  2245 W System  : ClassLoader referenced unknown path: 
11-24 15:16:35.988  2245  2245 W System.err: java.io.FileNotFoundException: /jacoco.exec (Read-only file system)
11-24 15:16:35.990  2245  2245 W System.err: 	at java.io.FileOutputStream.open(Native Method)
11-24 15:16:35.990  2245  2245 W System.err: 	at java.io.FileOutputStream.<init>(FileOutputStream.java:221)
11-24 15:16:35.990  2245  2245 W System.err: 	at org.jacoco.agent.rt.internal_e6e56f0.output.FileOutput.openFile(FileOutput.java:67)
11-24 15:16:35.990  2245  2245 W System.err: 	at org.jacoco.agent.rt.internal_e6e56f0.output.FileOutput.startup(FileOutput.java:49)
11-24 15:16:35.990  2245  2245 W System.err: 	at org.jacoco.agent.rt.internal_e6e56f0.Agent.startup(Agent.java:122)
11-24 15:16:35.990  2245  2245 W System.err: 	at org.jacoco.agent.rt.internal_e6e56f0.Agent.getInstance(Agent.java:50)
11-24 15:16:35.990  2245  2245 W System.err: 	at org.jacoco.agent.rt.internal_e6e56f0.Offline.<clinit>(Offline.java:31)
11-24 15:16:35.990  2245  2245 W System.err: 	at org.jacoco.agent.rt.internal_e6e56f0.Offline.getProbes(Offline.java:51)
11-24 15:16:35.992  2245  2245 W System.err: 	at br.com.catbag.gifreduxsample.MyApp.$jacocoInit(MyApp.java)
11-24 15:16:35.992  2245  2245 W System.err: 	at br.com.catbag.gifreduxsample.MyApp.<clinit>(MyApp.java)
11-24 15:16:35.992  2245  2245 W System.err: 	at java.lang.Class.newInstance(Native Method)
11-24 15:16:35.992  2245  2245 W System.err: 	at android.app.Instrumentation.newApplication(Instrumentation.java:1007)
11-24 15:16:35.992  2245  2245 W System.err: 	at android.app.Instrumentation.newApplication(Instrumentation.java:992)
11-24 15:16:35.993  2245  2245 W System.err: 	at android.app.LoadedApk.makeApplication(LoadedApk.java:796)
11-24 15:16:35.993  2245  2245 W System.err: 	at android.app.ActivityThread.handleBindApplication(ActivityThread.java:5335)
11-24 15:16:35.993  2245  2245 W System.err: 	at android.app.ActivityThread.-wrap2(ActivityThread.java)
11-24 15:16:35.993  2245  2245 W System.err: 	at android.app.ActivityThread$H.handleMessage(ActivityThread.java:1528)
11-24 15:16:35.993  2245  2245 W System.err: 	at android.os.Handler.dispatchMessage(Handler.java:102)
11-24 15:16:35.993  2245  2245 W System.err: 	at android.os.Looper.loop(Looper.java:154)
11-24 15:16:35.994  2245  2245 W System.err: 	at android.app.ActivityThread.main(ActivityThread.java:6077)
11-24 15:16:35.994  2245  2245 W System.err: 	at java.lang.reflect.Method.invoke(Native Method)
11-24 15:16:35.994  2245  2245 W System.err: 	at com.android.internal.os.ZygoteInit$MethodAndArgsCaller.run(ZygoteInit.java:865)
11-24 15:16:35.994  2245  2245 W System.err: 	at com.android.internal.os.ZygoteInit.main(ZygoteInit.java:755)
11-24 15:16:36.000  2245  2245 I MonitoringInstrumentation: Instrumentation Started!
11-24 15:16:36.006  2245  2245 I MonitoringInstrumentation: Setting context classloader to 'dalvik.system.PathClassLoader[DexPathList[[zip file "/system/framework/android.test.runner.jar", zip file "/data/app/br.com.catbag.gifreduxsample.test-1/base.apk", zip file "/data/app/br.com.catbag.gifreduxsample-1/base.apk"],nativeLibraryDirectories=[/data/app/br.com.catbag.gifreduxsample.test-1/lib/x86, /data/app/br.com.catbag.gifreduxsample-1/lib/x86, /system/fake-libs, /data/app/br.com.catbag.gifreduxsample.test-1/base.apk!/lib/x86, /data/app/br.com.catbag.gifreduxsample-1/base.apk!/lib/x86, /system/lib, /vendor/lib]]]', Original: 'dalvik.system.PathClassLoader[DexPathList[[zip file "/system/framework/android.test.runner.jar", zip file "/data/app/br.com.catbag.gifreduxsample.test-1/base.apk", zip file "/data/app/br.com.catbag.gifreduxsample-1/base.apk"],nativeLibraryDirectories=[/data/app/br.com.catbag.gifreduxsample.test-1/lib/x86, /data/app/br.com.catbag.gifreduxsample-1/lib/x86, /system/fake-libs, /data/app/br.com.catbag.gifreduxsample.test-1/base.apk!/lib/x86, /data/app/br.com.catbag.gifreduxsample-1/base.apk!/lib/x86, /system/lib, /vendor/lib]]]'
11-24 15:16:36.074  2245  2245 D NetworkSecurityConfig: No Network Security Config specified, using platform default
11-24 15:16:36.108  2245  2245 I MonitoringInstrumentation: No JSBridge.
11-24 15:16:36.131  2245  2260 I UsageTrackerFacilitator: Usage tracking enabled
11-24 15:16:36.132  2245  2260 I TestRequestBuilder: Scanning classpath to find tests in apks [/data/app/br.com.catbag.gifreduxsample.test-1/base.apk]
11-24 15:16:36.660  2245  2260 I art     : Rejecting re-init on previously-failed class java.lang.Class<org.objectweb.asm.commons.JSRInlinerAdapter>: java.lang.NoClassDefFoundError: Failed resolution of: Lorg/objectweb/asm/tree/MethodNode;
11-24 15:16:36.660  2245  2260 I art     :   at java.lang.Class java.lang.Class.classForName!(java.lang.String, boolean, java.lang.ClassLoader) (Class.java:-2)
11-24 15:16:36.660  2245  2260 I art     :   at java.lang.Class java.lang.Class.forName(java.lang.String, boolean, java.lang.ClassLoader) (Class.java:400)
11-24 15:16:36.661  2245  2260 I art     :   at java.lang.Class android.support.test.internal.runner.TestLoader.doLoadClass(java.lang.String) (TestLoader.java:92)
11-24 15:16:36.661  2245  2260 I art     :   at java.lang.Class android.support.test.internal.runner.TestLoader.loadIfTest(java.lang.String) (TestLoader.java:113)
11-24 15:16:36.661  2245  2260 I art     :   at void android.support.test.internal.runner.TestRequestBuilder.loadClassesFromClassPath(android.support.test.internal.runner.TestLoader, java.util.Set) (TestRequestBuilder.java:801)
11-24 15:16:36.661  2245  2260 I art     :   at android.support.test.internal.runner.TestRequest android.support.test.internal.runner.TestRequestBuilder.build() (TestRequestBuilder.java:747)
11-24 15:16:36.661  2245  2260 I art     :   at android.support.test.internal.runner.TestRequest android.support.test.runner.AndroidJUnitRunner.buildRequest(android.support.test.internal.runner.RunnerArgs, android.os.Bundle) (AndroidJUnitRunner.java:354)
11-24 15:16:36.661  2245  2260 I art     :   at void android.support.test.runner.AndroidJUnitRunner.onStart() (AndroidJUnitRunner.java:260)
11-24 15:16:36.662  2245  2260 I art     :   at void android.app.Instrumentation$InstrumentationThread.run() (Instrumentation.java:1932)
11-24 15:16:36.662  2245  2260 I art     : Caused by: java.lang.ClassNotFoundException: Didn't find class "org.objectweb.asm.tree.MethodNode" on path: DexPathList[[zip file "/system/framework/android.test.runner.jar", zip file "/data/app/br.com.catbag.gifreduxsample.test-1/base.apk", zip file "/data/app/br.com.catbag.gifreduxsample-1/base.apk"],nativeLibraryDirectories=[/data/app/br.com.catbag.gifreduxsample.test-1/lib/x86, /data/app/br.com.catbag.gifreduxsample-1/lib/x86, /system/fake-libs, /data/app/br.com.catbag.gifreduxsample.test-1/base.apk!/lib/x86, /data/app/br.com.catbag.gifreduxsample-1/base.apk!/lib/x86, /system/lib, /vendor/lib]]
11-24 15:16:36.662  2245  2260 I art     :   at java.lang.Class dalvik.system.BaseDexClassLoader.findClass(java.lang.String) (BaseDexClassLoader.java:56)
11-24 15:16:36.662  2245  2260 I art     :   at java.lang.Class java.lang.ClassLoader.loadClass(java.lang.String, boolean) (ClassLoader.java:380)
11-24 15:16:36.662  2245  2260 I art     :   at java.lang.Class java.lang.ClassLoader.loadClass(java.lang.String) (ClassLoader.java:312)
11-24 15:16:36.662  2245  2260 I art     :   at java.lang.Class java.lang.Class.classForName!(java.lang.String, boolean, java.lang.ClassLoader) (Class.java:-2)
11-24 15:16:36.662  2245  2260 I art     :   at java.lang.Class java.lang.Class.forName(java.lang.String, boolean, java.lang.ClassLoader) (Class.java:400)
11-24 15:16:36.663  2245  2260 I art     :   at java.lang.Class android.support.test.internal.runner.TestLoader.doLoadClass(java.lang.String) (TestLoader.java:92)
11-24 15:16:36.663  2245  2260 I art     :   at java.lang.Class android.support.test.internal.runner.TestLoader.loadIfTest(java.lang.String) (TestLoader.java:113)
11-24 15:16:36.663  2245  2260 I art     :   at void android.support.test.internal.runner.TestRequestBuilder.loadClassesFromClassPath(android.support.test.internal.runner.TestLoader, java.util.Set) (TestRequestBuilder.java:801)
11-24 15:16:36.663  2245  2260 I art     :   at android.support.test.internal.runner.TestRequest android.support.test.internal.runner.TestRequestBuilder.build() (TestRequestBuilder.java:747)
11-24 15:16:36.663  2245  2260 I art     :   at android.support.test.internal.runner.TestRequest android.support.test.runner.AndroidJUnitRunner.buildRequest(android.support.test.internal.runner.RunnerArgs, android.os.Bundle) (AndroidJUnitRunner.java:354)
11-24 15:16:36.663  2245  2260 I art     :   at void android.support.test.runner.AndroidJUnitRunner.onStart() (AndroidJUnitRunner.java:260)
11-24 15:16:36.663  2245  2260 I art     :   at void android.app.Instrumentation$InstrumentationThread.run() (Instrumentation.java:1932)
11-24 15:16:36.663  2245  2260 I art     : 
11-24 15:16:36.664  2245  2260 E TestLoader: Could not find class: org.objectweb.asm.commons.JSRInlinerAdapter
11-24 15:16:36.669  2245  2260 I art     : Rejecting re-init on previously-failed class java.lang.Class<org.objectweb.asm.commons.TryCatchBlockSorter>: java.lang.NoClassDefFoundError: Failed resolution of: Lorg/objectweb/asm/tree/MethodNode;
11-24 15:16:36.669  2245  2260 I art     :   at java.lang.Class java.lang.Class.classForName!(java.lang.String, boolean, java.lang.ClassLoader) (Class.java:-2)
11-24 15:16:36.669  2245  2260 I art     :   at java.lang.Class java.lang.Class.forName(java.lang.String, boolean, java.lang.ClassLoader) (Class.java:400)
11-24 15:16:36.669  2245  2260 I art     :   at java.lang.Class android.support.test.internal.runner.TestLoader.doLoadClass(java.lang.String) (TestLoader.java:92)
11-24 15:16:36.670  2245  2260 I art     :   at java.lang.Class android.support.test.internal.runner.TestLoader.loadIfTest(java.lang.String) (TestLoader.java:113)
11-24 15:16:36.670  2245  2260 I art     :   at void android.support.test.internal.runner.TestRequestBuilder.loadClassesFromClassPath(android.support.test.internal.runner.TestLoader, java.util.Set) (TestRequestBuilder.java:801)
11-24 15:16:36.670  2245  2260 I art     :   at android.support.test.internal.runner.TestRequest android.support.test.internal.runner.TestRequestBuilder.build() (TestRequestBuilder.java:747)
11-24 15:16:36.670  2245  2260 I art     :   at android.support.test.internal.runner.TestRequest android.support.test.runner.AndroidJUnitRunner.buildRequest(android.support.test.internal.runner.RunnerArgs, android.os.Bundle) (AndroidJUnitRunner.java:354)
11-24 15:16:36.670  2245  2260 I art     :   at void android.support.test.runner.AndroidJUnitRunner.onStart() (AndroidJUnitRunner.java:260)
11-24 15:16:36.673  2245  2260 I art     :   at void android.app.Instrumentation$InstrumentationThread.run() (Instrumentation.java:1932)
11-24 15:16:36.673  2245  2260 I art     : Caused by: java.lang.ClassNotFoundException: Didn't find class "org.objectweb.asm.tree.MethodNode" on path: DexPathList[[zip file "/system/framework/android.test.runner.jar", zip file "/data/app/br.com.catbag.gifreduxsample.test-1/base.apk", zip file "/data/app/br.com.catbag.gifreduxsample-1/base.apk"],nativeLibraryDirectories=[/data/app/br.com.catbag.gifreduxsample.test-1/lib/x86, /data/app/br.com.catbag.gifreduxsample-1/lib/x86, /system/fake-libs, /data/app/br.com.catbag.gifreduxsample.test-1/base.apk!/lib/x86, /data/app/br.com.catbag.gifreduxsample-1/base.apk!/lib/x86, /system/lib, /vendor/lib]]
11-24 15:16:36.674  2245  2260 I art     :   at java.lang.Class dalvik.system.BaseDexClassLoader.findClass(java.lang.String) (BaseDexClassLoader.java:56)
11-24 15:16:36.674  2245  2260 I art     :   at java.lang.Class java.lang.ClassLoader.loadClass(java.lang.String, boolean) (ClassLoader.java:380)
11-24 15:16:36.674  2245  2260 I art     :   at java.lang.Class java.lang.ClassLoader.loadClass(java.lang.String) (ClassLoader.java:312)
11-24 15:16:36.674  2245  2260 I art     :   at java.lang.Class java.lang.Class.classForName!(java.lang.String, boolean, java.lang.ClassLoader) (Class.java:-2)
11-24 15:16:36.674  2245  2260 I art     :   at java.lang.Class java.lang.Class.forName(java.lang.String, boolean, java.lang.ClassLoader) (Class.java:400)
11-24 15:16:36.674  2245  2260 I art     :   at java.lang.Class android.support.test.internal.runner.TestLoader.doLoadClass(java.lang.String) (TestLoader.java:92)
11-24 15:16:36.675  2245  2260 I art     :   at java.lang.Class android.support.test.internal.runner.TestLoader.loadIfTest(java.lang.String) (TestLoader.java:113)
11-24 15:16:36.675  2245  2260 I art     :   at void android.support.test.internal.runner.TestRequestBuilder.loadClassesFromClassPath(android.support.test.internal.runner.TestLoader, java.util.Set) (TestRequestBuilder.java:801)
11-24 15:16:36.675  2245  2260 I art     :   at android.support.test.internal.runner.TestRequest android.support.test.internal.runner.TestRequestBuilder.build() (TestRequestBuilder.java:747)
11-24 15:16:36.675  2245  2260 I art     :   at android.support.test.internal.runner.TestRequest android.support.test.runner.AndroidJUnitRunner.buildRequest(android.support.test.internal.runner.RunnerArgs, android.os.Bundle) (AndroidJUnitRunner.java:354)
11-24 15:16:36.675  2245  2260 I art     :   at void android.support.test.runner.AndroidJUnitRunner.onStart() (AndroidJUnitRunner.java:260)
11-24 15:16:36.676  2245  2260 I art     :   at void android.app.Instrumentation$InstrumentationThread.run() (Instrumentation.java:1932)
11-24 15:16:36.676  2245  2260 I art     : 
11-24 15:16:36.676  2245  2260 E TestLoader: Could not find class: org.objectweb.asm.commons.TryCatchBlockSorter
11-24 15:16:36.728  2245  2260 D TestExecutor: Adding listener android.support.test.internal.runner.listener.LogRunListener
11-24 15:16:36.729  2245  2260 D TestExecutor: Adding listener android.support.test.internal.runner.listener.InstrumentationResultPrinter
11-24 15:16:36.729  2245  2260 D TestExecutor: Adding listener android.support.test.internal.runner.listener.ActivityFinisherRunListener
11-24 15:16:36.729  2245  2260 D TestExecutor: Adding listener android.support.test.internal.runner.listener.CoverageListener
11-24 15:16:36.736  2245  2260 I TestRunner: run started: 15 tests
11-24 15:16:36.751  2245  2260 I TestRunner: started: whenAppStateSavedSeveralTime(br.com.catbag.gifreduxsample.asyncs.data.DataManagerTest)
11-24 15:16:36.767  2245  2245 I MonitoringInstrumentation: Activities that are still in CREATED to STOPPED: 0
11-24 15:16:36.997  2245  2263 W Java7Support: Unable to load JDK7 types (annotations, java.nio.file.Path): no Java7 support added
11-24 15:16:37.231  2245  2256 I art     : Background sticky concurrent mark sweep GC freed 150745(6MB) AllocSpace objects, 0(0B) LOS objects, 42% free, 3MB/6MB, paused 29.423ms total 795.534ms
11-24 15:16:37.524  2245  2260 I TestRunner: finished: whenAppStateSavedSeveralTime(br.com.catbag.gifreduxsample.asyncs.data.DataManagerTest)
11-24 15:16:37.533  2245  2245 I MonitoringInstrumentation: Activities that are still in CREATED to STOPPED: 0
11-24 15:16:37.534  2245  2260 I TestRunner: started: whenAppStateSavedOnceTime(br.com.catbag.gifreduxsample.asyncs.data.DataManagerTest)
11-24 15:16:37.535  2245  2245 I MonitoringInstrumentation: Activities that are still in CREATED to STOPPED: 0
11-24 15:16:37.773  2245  2260 I TestRunner: finished: whenAppStateSavedOnceTime(br.com.catbag.gifreduxsample.asyncs.data.DataManagerTest)
11-24 15:16:37.781  2245  2245 I MonitoringInstrumentation: Activities that are still in CREATED to STOPPED: 0
11-24 15:16:37.782  2245  2260 I TestRunner: started: whenUnsavedAppStateIsLoaded(br.com.catbag.gifreduxsample.asyncs.data.DataManagerTest)
11-24 15:16:37.784  2245  2245 I MonitoringInstrumentation: Activities that are still in CREATED to STOPPED: 0
11-24 15:16:37.877  2245  2268 E DataManager: appstate not loaded
11-24 15:16:37.877  2245  2268 E DataManager: com.snappydb.SnappydbException: Failed to get a String: NotFound: 
11-24 15:16:37.877  2245  2268 E DataManager: 	at com.snappydb.internal.DBImpl.__get(Native Method)
11-24 15:16:37.877  2245  2268 E DataManager: 	at com.snappydb.internal.DBImpl.get(DBImpl.java:348)
11-24 15:16:37.877  2245  2268 E DataManager: 	at br.com.catbag.gifreduxsample.asyncs.data.storage.Database.getAppState(Database.java:29)
11-24 15:16:37.877  2245  2268 E DataManager: 	at br.com.catbag.gifreduxsample.asyncs.data.DataManager.lambda$loadAppState$0(DataManager.java:61)
11-24 15:16:37.877  2245  2268 E DataManager: 	at br.com.catbag.gifreduxsample.asyncs.data.DataManager$$Lambda$1.run(Unknown Source)
11-24 15:16:37.877  2245  2268 E DataManager: 	at java.lang.Thread.run(Thread.java:761)
11-24 15:16:37.879  2245  2260 I TestRunner: finished: whenUnsavedAppStateIsLoaded(br.com.catbag.gifreduxsample.asyncs.data.DataManagerTest)
11-24 15:16:37.881  2245  2245 I MonitoringInstrumentation: Activities that are still in CREATED to STOPPED: 0
11-24 15:16:37.883  2245  2260 I TestRunner: started: whenSavedAppStateIsLoaded(br.com.catbag.gifreduxsample.asyncs.data.DataManagerTest)
11-24 15:16:37.885  2245  2245 I MonitoringInstrumentation: Activities that are still in CREATED to STOPPED: 0
11-24 15:16:38.126  2245  2260 I TestRunner: finished: whenSavedAppStateIsLoaded(br.com.catbag.gifreduxsample.asyncs.data.DataManagerTest)
11-24 15:16:38.134  2245  2245 I MonitoringInstrumentation: Activities that are still in CREATED to STOPPED: 0
11-24 15:16:38.160  2245  2260 I TestRunner: started: whenScrollDownAndPlayLastItemTest(br.com.catbag.gifreduxsample.ui.giflist.GifListActivityTest)
11-24 15:16:38.162  2245  2245 I MonitoringInstrumentation: Activities that are still in CREATED to STOPPED: 0
11-24 15:16:38.362  2245  2256 I art     : Background partial concurrent mark sweep GC freed 60038(2MB) AllocSpace objects, 2(40KB) LOS objects, 39% free, 3MB/6MB, paused 6.843ms total 108.741ms
11-24 15:16:38.512  2272  2272 W dex2oat : Unexpected CPU variant for X86 using defaults: x86
11-24 15:16:38.512  2272  2272 W dex2oat : Mismatch between dex2oat instruction set features (ISA: X86 Feature string: smp,-ssse3,-sse4.1,-sse4.2,-avx,-avx2,-lock_add,-popcnt) and those of dex2oat executable (ISA: X86 Feature string: smp,ssse3,-sse4.1,-sse4.2,-avx,-avx2,-lock_add,-popcnt) for the command line:
11-24 15:16:38.512  2272  2272 W dex2oat : /system/bin/dex2oat --runtime-arg -classpath --runtime-arg & --instruction-set=x86 --instruction-set-features=smp,ssse3,-sse4.1,-sse4.2,-avx,-avx2,-lock_add,-popcnt --runtime-arg -Xrelocate --boot-image=/system/framework/boot.art --runtime-arg -Xms64m --runtime-arg -Xmx512m --instruction-set-variant=x86 --instruction-set-features=default --dex-file=/data/user/0/br.com.catbag.gifreduxsample/app_dxmaker_cache/Generated_1497766805.jar --oat-fd=38 --oat-location=/data/user/0/br.com.catbag.gifreduxsample/app_dxmaker_cache/Generated_1497766805.dex --compiler-filter=speed
11-24 15:16:38.513  2272  2272 I dex2oat : /system/bin/dex2oat --dex-file=/data/user/0/br.com.catbag.gifreduxsample/app_dxmaker_cache/Generated_1497766805.jar --oat-fd=38 --oat-location=/data/user/0/br.com.catbag.gifreduxsample/app_dxmaker_cache/Generated_1497766805.dex --compiler-filter=speed
11-24 15:16:38.649  2272  2272 I dex2oat : dex2oat took 138.057ms (threads: 1) arena alloc=41KB (42016B) java alloc=28KB (28768B) native alloc=736KB (753768B) free=799KB (819096B)
11-24 15:16:38.692  1238  1561 D VoldConnector: SND -> {29 volume mkdirs /storage/emulated/0/Android/data/br.com.catbag.gifreduxsample/cache/}
11-24 15:16:38.708  1238  1280 D VoldConnector: RCV <- {200 29 Command succeeded}
11-24 15:16:38.723  2245  2261 I DroidFlux:Dispatcher: [STARTED] dispatch of action [FAKE_REDUCE_ACTION]
11-24 15:16:38.748  2245  2261 I DroidFlux:Dispatcher: [COMPLETED] dispatch of action [FAKE_REDUCE_ACTION]
11-24 15:16:38.761  2245  2271 D ActivityTestRule: Launching activity br.com.catbag.gifreduxsample.ui.GifListActivity
11-24 15:16:38.782  2245  2274 D MonitoringInstrumentation: execStartActivity(context, ibinder, ibinder, activity, intent, int, bundle
11-24 15:16:38.793  1238  1397 I ActivityManager: START u0 {flg=0x14000000 cmp=br.com.catbag.gifreduxsample/.ui.GifListActivity} from uid 10060 on display 0
11-24 15:16:39.167  2245  2245 D LifecycleMonitor: Lifecycle status change: br.com.catbag.gifreduxsample.ui.GifListActivity@4462fae in: PRE_ON_CREATE
11-24 15:16:39.334  1700  1700 I Choreographer: Skipped 50 frames!  The application may be doing too much work on its main thread.
11-24 15:16:39.806  2245  2245 D LifecycleMonitor: Lifecycle status change: br.com.catbag.gifreduxsample.ui.GifListActivity@4462fae in: CREATED
11-24 15:16:39.808  2245  2261 I DroidFlux:Dispatcher: [STARTED] dispatch of action [APP_STATE_LOAD]
11-24 15:16:39.809  2245  2261 D DroidFlux:Dispatcher: An action of type [APP_STATE_LOAD] was dispatched, but no reducer handled it
11-24 15:16:39.809  2245  2261 I DroidFlux:Dispatcher: [COMPLETED] dispatch of action [APP_STATE_LOAD]
11-24 15:16:39.809  2245  2245 D LifecycleMonitor: Lifecycle status change: br.com.catbag.gifreduxsample.ui.GifListActivity@4462fae in: STARTED
11-24 15:16:39.846  2245  2245 D LifecycleMonitor: Lifecycle status change: br.com.catbag.gifreduxsample.ui.GifListActivity@4462fae in: RESUMED
11-24 15:16:40.027  1700  1700 I Choreographer: Skipped 85 frames!  The application may be doing too much work on its main thread.
11-24 15:16:40.065  1238  1397 I WindowManager: Destroying surface Surface(name=com.android.launcher3/com.android.launcher3.Launcher) called by com.android.server.wm.WindowStateAnimator.destroySurface:2014 com.android.server.wm.WindowStateAnimator.destroySurfaceLocked:881 com.android.server.wm.WindowState.destroyOrSaveSurface:2073 com.android.server.wm.WindowManagerService.tryStartExitingAnimation:3017 com.android.server.wm.WindowManagerService.relayoutWindow:2897 com.android.server.wm.Session.relayout:215 android.view.IWindowSession$Stub.onTransact:286 com.android.server.wm.Session.onTransact:136 
11-24 15:16:40.276  2245  2245 D gralloc_ranchu: Emulator without host-side GPU emulation detected.
11-24 15:16:40.316  1238  1259 I ActivityManager: Displayed br.com.catbag.gifreduxsample/.ui.GifListActivity: +1s359ms
11-24 15:16:40.454  2245  2271 D InputManagerEventInjectionStrategy: Creating injection strategy with input manager.
11-24 15:16:40.528  2245  2245 I Choreographer: Skipped 32 frames!  The application may be doing too much work on its main thread.
11-24 15:16:40.593  1238  1259 I WindowManager: Destroying surface Surface(name=Starting br.com.catbag.gifreduxsample) called by com.android.server.wm.WindowStateAnimator.destroySurface:2014 com.android.server.wm.WindowStateAnimator.destroySurfaceLocked:881 com.android.server.wm.WindowState.destroyOrSaveSurface:2073 com.android.server.wm.AppWindowToken.destroySurfaces:363 com.android.server.wm.WindowStateAnimator.finishExit:565 com.android.server.wm.WindowStateAnimator.stepAnimationLocked:491 com.android.server.wm.WindowAnimator.updateWindowsLocked:303 com.android.server.wm.WindowAnimator.animateLocked:704 
11-24 15:16:40.655  2245  2245 W ResourceType: No package identifier when getting name for resource number 0x00000001
11-24 15:16:40.656  2245  2245 I ViewInteraction: Performing 'scroll RecyclerView to position: 4' action on view with id: 1 (resource name not found)
11-24 15:16:40.809  2245  2256 I art     : Background sticky concurrent mark sweep GC freed 8242(691KB) AllocSpace objects, 0(0B) LOS objects, 13% free, 5MB/6MB, paused 11.459ms total 126.309ms
11-24 15:16:41.045  2245  2250 I art     : Do partial code cache collection, code=26KB, data=30KB
11-24 15:16:41.058  2245  2245 W ResourceType: No package identifier when getting name for resource number 0x00000001
11-24 15:16:41.062  2245  2250 I art     : After code cache collection, code=24KB, data=30KB
11-24 15:16:41.062  2245  2250 I art     : Increasing code cache capacity to 128KB
11-24 15:16:41.109  2245  2245 W ResourceType: No package identifier when getting name for resource number 0x00000004
11-24 15:16:41.110  2245  2245 I ViewInteraction: Performing 'single click' action on view with id: 4 (resource name not found)
11-24 15:16:41.234  2245  2261 I DroidFlux:Dispatcher: [STARTED] dispatch of action [GIF_PLAY]
11-24 15:16:41.236  2245  2261 I DroidFlux:Dispatcher: [COMPLETED] dispatch of action [GIF_PLAY]
11-24 15:16:41.456  1238  1312 W AudioTrack: AUDIO_OUTPUT_FLAG_FAST denied by client; transfer 4, track 48000 Hz, output 44100 Hz
11-24 15:16:41.622   988  1038 D AudioFlinger: mixer(0xadc83980) throttle end: throttle time(10)
11-24 15:16:41.870  1238  1325 E TaskPersister: File error accessing recents directory (directory doesn't exist?).
11-24 15:16:41.978  2245  2245 D LifecycleMonitor: Lifecycle status change: br.com.catbag.gifreduxsample.ui.GifListActivity@4462fae in: PAUSED
11-24 15:16:42.016  2245  2260 I TestRunner: finished: whenScrollDownAndPlayLastItemTest(br.com.catbag.gifreduxsample.ui.giflist.GifListActivityTest)
11-24 15:16:42.039   978   978 D gralloc : Registering a buffer in the process that created it. This may cause memory ordering problems.
11-24 15:16:42.040   978   978 E libEGL  : called unimplemented OpenGL ES API
11-24 15:16:42.043   978   978 E SurfaceFlinger: glCheckFramebufferStatusOES error 1513264017
11-24 15:16:42.043   978   978 E SurfaceFlinger: got GL_FRAMEBUFFER_COMPLETE_OES error while taking screenshot
11-24 15:16:42.046  1238  1249 W WindowManager: Screenshot failure taking screenshot for (480x800) to layer 21005
11-24 15:16:42.095  2245  2245 I MonitoringInstrumentation: Activities that are still in CREATED to STOPPED: 1
11-24 15:16:42.098  2245  2260 I TestRunner: started: whenGifIsNotWatchedTest(br.com.catbag.gifreduxsample.ui.giflist.GifListActivityTest)
11-24 15:16:42.114  2245  2245 I MonitoringInstrumentation: Activities that are still in CREATED to STOPPED: 1
11-24 15:16:42.156  2245  2261 I DroidFlux:Dispatcher: [STARTED] dispatch of action [FAKE_REDUCE_ACTION]
11-24 15:16:42.157  2245  2261 I DroidFlux:Dispatcher: [COMPLETED] dispatch of action [FAKE_REDUCE_ACTION]
11-24 15:16:42.210  2245  2279 D ActivityTestRule: Launching activity br.com.catbag.gifreduxsample.ui.GifListActivity
11-24 15:16:42.230  2245  2280 D MonitoringInstrumentation: execStartActivity(context, ibinder, ibinder, activity, intent, int, bundle
11-24 15:16:42.242  1238  1753 I ActivityManager: START u0 {flg=0x10000000 cmp=br.com.catbag.gifreduxsample/.ui.GifListActivity} from uid 10060 on display 0
11-24 15:16:42.527  1700  1700 I Choreographer: Skipped 67 frames!  The application may be doing too much work on its main thread.
11-24 15:16:42.700  2245  2245 D LifecycleMonitor: Lifecycle status change: br.com.catbag.gifreduxsample.ui.GifListActivity@5d66ff6 in: PRE_ON_CREATE
11-24 15:16:42.755  2245  2245 D LifecycleMonitor: Lifecycle status change: br.com.catbag.gifreduxsample.ui.GifListActivity@5d66ff6 in: CREATED
11-24 15:16:42.773  2245  2261 I DroidFlux:Dispatcher: [STARTED] dispatch of action [APP_STATE_LOAD]
11-24 15:16:42.773  2245  2261 D DroidFlux:Dispatcher: An action of type [APP_STATE_LOAD] was dispatched, but no reducer handled it
11-24 15:16:42.773  2245  2261 I DroidFlux:Dispatcher: [COMPLETED] dispatch of action [APP_STATE_LOAD]
11-24 15:16:42.774  2245  2245 D LifecycleMonitor: Lifecycle status change: br.com.catbag.gifreduxsample.ui.GifListActivity@5d66ff6 in: STARTED
11-24 15:16:42.775  2245  2245 D LifecycleMonitor: Lifecycle status change: br.com.catbag.gifreduxsample.ui.GifListActivity@5d66ff6 in: RESUMED
11-24 15:16:42.842  1238  1259 I Choreographer: Skipped 32 frames!  The application may be doing too much work on its main thread.
11-24 15:16:42.946  2245  2256 I art     : Background partial concurrent mark sweep GC freed 8214(562KB) AllocSpace objects, 3(64KB) LOS objects, 40% free, 5MB/9MB, paused 16.178ms total 201.045ms
11-24 15:16:43.277  2245  2245 E Feed    : Gif{uuid=e271321c-5be8-479a-9592-6b376886d6c0, path=, url=, title=, watched=false, status=DOWNLOADED}
11-24 15:16:43.277  2245  2245 E Feed    : pl.droidsonroids.gif.GifIOException: GifError 101: Failed to open given input
11-24 15:16:43.277  2245  2245 E Feed    : 	at pl.droidsonroids.gif.GifInfoHandle.openFile(Native Method)
11-24 15:16:43.277  2245  2245 E Feed    : 	at pl.droidsonroids.gif.GifInfoHandle.<init>(GifInfoHandle.java:46)
11-24 15:16:43.277  2245  2245 E Feed    : 	at pl.droidsonroids.gif.GifDrawable.<init>(GifDrawable.java:124)
11-24 15:16:43.277  2245  2245 E Feed    : 	at br.com.catbag.gifreduxsample.ui.components.FeedView.createDrawable(FeedView.java:102)
11-24 15:16:43.277  2245  2245 E Feed    : 	at br.com.catbag.gifreduxsample.ui.components.FeedView.lambda$renderGifView$1(FeedView.java:89)
11-24 15:16:43.277  2245  2245 E Feed    : 	at br.com.catbag.gifreduxsample.ui.components.FeedView$$Lambda$2.view(Unknown Source)
11-24 15:16:43.277  2245  2245 E Feed    : 	at trikita.anvil.BaseDSL.v(BaseDSL.java:670)
11-24 15:16:43.277  2245  2245 E Feed    : 	at br.com.catbag.gifreduxsample.ui.components.FeedView.renderGifView(FeedView.java:88)
11-24 15:16:43.277  2245  2245 E Feed    : 	at br.com.catbag.gifreduxsample.ui.components.FeedView.access$lambda$0(FeedView.java)
11-24 15:16:43.277  2245  2245 E Feed    : 	at br.com.catbag.gifreduxsample.ui.components.FeedView$$Lambda$3.view(Unknown Source)
11-24 15:16:43.277  2245  2245 E Feed    : 	at br.com.catbag.gifreduxsample.ui.components.GifsAdapter.view(GifsAdapter.java:55)
11-24 15:16:43.277  2245  2245 E Feed    : 	at trikita.anvil.RenderableRecyclerViewAdapter$1.view(RenderableRecyclerViewAdapter.java:24)
11-24 15:16:43.277  2245  2245 E Feed    : 	at trikita.anvil.Anvil$Mount.render(Anvil.java:204)
11-24 15:16:43.277  2245  2245 E Feed    : 	at trikita.anvil.Anvil.render(Anvil.java:173)
11-24 15:16:43.277  2245  2245 E Feed    : 	at trikita.anvil.RenderableRecyclerViewAdapter.onBindViewHolder(RenderableRecyclerViewAdapter.java:27)
11-24 15:16:43.277  2245  2245 E Feed    : 	at trikita.anvil.RenderableRecyclerViewAdapter.onBindViewHolder(RenderableRecyclerViewAdapter.java:7)
11-24 15:16:43.277  2245  2245 E Feed    : 	at android.support.v7.widget.RecyclerView$Adapter.onBindViewHolder(RecyclerView.java:5768)
11-24 15:16:43.277  2245  2245 E Feed    : 	at android.support.v7.widget.RecyclerView$Adapter.bindViewHolder(RecyclerView.java:5801)
11-24 15:16:43.277  2245  2245 E Feed    : 	at android.support.v7.widget.RecyclerView$Recycler.getViewForPosition(RecyclerView.java:5037)
11-24 15:16:43.277  2245  2245 E Feed    : 	at android.support.v7.widget.RecyclerView$Recycler.getViewForPosition(RecyclerView.java:4913)
11-24 15:16:43.277  2245  2245 E Feed    : 	at android.support.v7.widget.LinearLayoutManager$LayoutState.next(LinearLayoutManager.java:2029)
11-24 15:16:43.277  2245  2245 E Feed    : 	at android.support.v7.widget.LinearLayoutManager.layoutChunk(LinearLayoutManager.java:1414)
11-24 15:16:43.277  2245  2245 E Feed    : 	at android.support.v7.widget.LinearLayoutManager.fill(LinearLayoutManager.java:1377)
11-24 15:16:43.277  2245  2245 E Feed    : 	at android.support.v7.widget.LinearLayoutManager.onLayoutChildren(LinearLayoutManager.java:578)
11-24 15:16:43.277  2245  2245 E Feed    : 	at android.support.v7.widget.RecyclerView.dispatchLayoutStep2(RecyclerView.java:3260)
11-24 15:16:43.277  2245  2245 E Feed    : 	at android.support.v7.widget.RecyclerView.dispatchLayout(RecyclerView.java:3069)
