11-24 13:56:30.902  2250  2250 D LifecycleMonitor: Lifecycle status change: br.com.catbag.gifreduxsample.ui.GifListActivity@8b8deb7 in: STOPPED
11-24 13:56:30.902  2250  2250 D LifecycleMonitor: Lifecycle status change: br.com.catbag.gifreduxsample.ui.GifListActivity@8b8deb7 in: DESTROYED
11-24 13:56:30.907  1237  1249 I WindowManager: Destroying surface Surface(name=br.com.catbag.gifreduxsample/br.com.catbag.gifreduxsample.ui.GifListActivity) called by com.android.server.wm.WindowStateAnimator.destroySurface:2014 com.android.server.wm.WindowStateAnimator.destroySurfaceLocked:881 com.android.server.wm.WindowState.removeLocked:1449 com.android.server.wm.WindowManagerService.removeWindowInnerLocked:2478 com.android.server.wm.WindowManagerService.removeWindowLocked:2436 com.android.server.wm.WindowManagerService.removeWindowLocked:2305 com.android.server.wm.WindowManagerService.removeWindow:2300 com.android.server.wm.Session.remove:193 
11-24 13:56:30.918  2250  2250 D LifecycleMonitor: Lifecycle status change: br.com.catbag.gifreduxsample.ui.GifListActivity@fc0a296 in: STOPPED
11-24 13:56:30.918  2250  2250 D LifecycleMonitor: Lifecycle status change: br.com.catbag.gifreduxsample.ui.GifListActivity@fc0a296 in: DESTROYED
11-24 13:56:30.920  1237  1342 I WindowManager: Destroying surface Surface(name=br.com.catbag.gifreduxsample/br.com.catbag.gifreduxsample.ui.GifListActivity) called by com.android.server.wm.WindowStateAnimator.destroySurface:2014 com.android.server.wm.WindowStateAnimator.destroySurfaceLocked:881 com.android.server.wm.WindowState.removeLocked:1449 com.android.server.wm.WindowManagerService.removeWindowInnerLocked:2478 com.android.server.wm.WindowManagerService.removeWindowLocked:2436 com.android.server.wm.WindowManagerService.removeWindowLocked:2305 com.android.server.wm.WindowManagerService.removeWindow:2300 com.android.server.wm.Session.remove:193 
11-24 13:56:30.946  2250  2266 I DroidFlux:Dispatcher: [STARTED] dispatch of action [APP_STATE_LOAD]
11-24 13:56:30.947  2250  2266 D DroidFlux:Dispatcher: An action of type [APP_STATE_LOAD] was dispatched, but no reducer handled it
11-24 13:56:30.948  2250  2266 I DroidFlux:Dispatcher: [COMPLETED] dispatch of action [APP_STATE_LOAD]
11-24 13:56:31.151  1237  1258 I ActivityManager: Displayed br.com.catbag.gifreduxsample/.ui.GifListActivity: +361ms
11-24 13:56:31.155  2250  2250 W ResourceType: No package identifier when getting name for resource number 0x000000e9
11-24 13:56:31.156  2250  2250 I ViewInteraction: Performing 'scroll RecyclerView to position: 4' action on view with id: 233 (resource name not found)
11-24 13:56:31.363  1237  1258 I WindowManager: Destroying surface Surface(name=Starting br.com.catbag.gifreduxsample) called by com.android.server.wm.WindowStateAnimator.destroySurface:2014 com.android.server.wm.WindowStateAnimator.destroySurfaceLocked:881 com.android.server.wm.WindowState.destroyOrSaveSurface:2073 com.android.server.wm.AppWindowToken.destroySurfaces:363 com.android.server.wm.WindowStateAnimator.finishExit:565 com.android.server.wm.WindowStateAnimator.stepAnimationLocked:491 com.android.server.wm.WindowAnimator.updateWindowsLocked:303 com.android.server.wm.WindowAnimator.animateLocked:704 
11-24 13:56:31.552  2250  2250 W ResourceType: No package identifier when getting name for resource number 0x000000e9
11-24 13:56:31.573  2250  2250 W ResourceType: No package identifier when getting name for resource number 0x000000ea
11-24 13:56:31.573  2250  2250 I ViewInteraction: Performing 'actionOnItemAtPosition performing ViewAction: single click on item at position: 0' action on view with id: 234 (resource name not found)
11-24 13:56:31.828  1237  1732 I WindowManager: Destroying surface Surface(name=com.android.launcher3/com.android.launcher3.Launcher) called by com.android.server.wm.WindowStateAnimator.destroySurface:2014 com.android.server.wm.WindowStateAnimator.destroySurfaceLocked:881 com.android.server.wm.WindowState.destroyOrSaveSurface:2073 com.android.server.wm.AppWindowToken.destroySurfaces:363 com.android.server.wm.AppWindowToken.notifyAppStopped:389 com.android.server.wm.WindowManagerService.notifyAppStopped:4456 com.android.server.am.ActivityStack.activityStoppedLocked:1252 com.android.server.am.ActivityManagerService.activityStopped:6873 
11-24 13:56:31.883  2250  2266 I DroidFlux:Dispatcher: [STARTED] dispatch of action [GIF_PLAY]
11-24 13:56:31.896  2250  2266 I DroidFlux:Dispatcher: [COMPLETED] dispatch of action [GIF_PLAY]
11-24 13:56:31.905   988  1030 D AudioFlinger: mixer(0xb2b03940) throttle end: throttle time(11)
11-24 13:56:31.925   988  1030 D AudioFlinger: mixer(0xb2b03940) throttle end: throttle time(11)
11-24 13:56:32.520  2250  2250 D LifecycleMonitor: Lifecycle status change: br.com.catbag.gifreduxsample.ui.GifListActivity@925333 in: PAUSED
11-24 13:56:32.543  2250  2265 I TestRunner: finished: whenScrollUpAndPlayFirstItemTest(br.com.catbag.gifreduxsample.ui.giflist.GifListActivityTest)
11-24 13:56:32.631   978   978 D gralloc : Registering a buffer in the process that created it. This may cause memory ordering problems.
11-24 13:56:32.631   978   978 E libEGL  : called unimplemented OpenGL ES API
11-24 13:56:32.631   978   978 E SurfaceFlinger: glCheckFramebufferStatusOES error -1439337609
11-24 13:56:32.632   978   978 E SurfaceFlinger: got GL_FRAMEBUFFER_COMPLETE_OES error while taking screenshot
11-24 13:56:32.642  1237  1249 W WindowManager: Screenshot failure taking screenshot for (480x800) to layer 21005
11-24 13:56:32.671  2250  2250 I MonitoringInstrumentation: Activities that are still in CREATED to STOPPED: 1
11-24 13:56:32.687  2250  2265 I TestRunner: started: whenGifIsDownloadedTest(br.com.catbag.gifreduxsample.ui.giflist.GifListActivityTest)
11-24 13:56:32.711  2250  2250 I MonitoringInstrumentation: Activities that are still in CREATED to STOPPED: 1
11-24 13:56:32.823  2250  2266 I DroidFlux:Dispatcher: [STARTED] dispatch of action [FAKE_REDUCE_ACTION]
11-24 13:56:32.823  2250  2266 I DroidFlux:Dispatcher: [COMPLETED] dispatch of action [FAKE_REDUCE_ACTION]
11-24 13:56:32.910  2250  2296 D ActivityTestRule: Launching activity br.com.catbag.gifreduxsample.ui.GifListActivity
11-24 13:56:32.926  2250  2297 D MonitoringInstrumentation: execStartActivity(context, ibinder, ibinder, activity, intent, int, bundle
11-24 13:56:32.926  1237  1249 I ActivityManager: START u0 {flg=0x10000000 cmp=br.com.catbag.gifreduxsample/.ui.GifListActivity} from uid 10060 on display 0
11-24 13:56:32.999  2250  2250 D LifecycleMonitor: Lifecycle status change: br.com.catbag.gifreduxsample.ui.GifListActivity@d81637 in: PRE_ON_CREATE
11-24 13:56:33.021  2250  2250 D LifecycleMonitor: Lifecycle status change: br.com.catbag.gifreduxsample.ui.GifListActivity@d81637 in: CREATED
11-24 13:56:33.022  2250  2266 I DroidFlux:Dispatcher: [STARTED] dispatch of action [APP_STATE_LOAD]
11-24 13:56:33.022  2250  2266 D DroidFlux:Dispatcher: An action of type [APP_STATE_LOAD] was dispatched, but no reducer handled it
11-24 13:56:33.022  2250  2266 I DroidFlux:Dispatcher: [COMPLETED] dispatch of action [APP_STATE_LOAD]
11-24 13:56:33.022  2250  2250 D LifecycleMonitor: Lifecycle status change: br.com.catbag.gifreduxsample.ui.GifListActivity@d81637 in: STARTED
11-24 13:56:33.022  2250  2250 D LifecycleMonitor: Lifecycle status change: br.com.catbag.gifreduxsample.ui.GifListActivity@d81637 in: RESUMED
11-24 13:56:33.157  1237  1258 I Choreographer: Skipped 34 frames!  The application may be doing too much work on its main thread.
11-24 13:56:33.536  2250  2265 I TestRunner: finished: whenGifIsDownloadedTest(br.com.catbag.gifreduxsample.ui.giflist.GifListActivityTest)
11-24 13:56:33.545  1237  1258 I Choreographer: Skipped 39 frames!  The application may be doing too much work on its main thread.
11-24 13:56:33.673  2250  2250 D LifecycleMonitor: Lifecycle status change: br.com.catbag.gifreduxsample.ui.GifListActivity@d81637 in: PAUSED
11-24 13:56:33.769   978   978 D gralloc : Registering a buffer in the process that created it. This may cause memory ordering problems.
11-24 13:56:33.769   978   978 E libEGL  : called unimplemented OpenGL ES API
11-24 13:56:33.770   978   978 E SurfaceFlinger: glCheckFramebufferStatusOES error -1439337609
11-24 13:56:33.770   978   978 E SurfaceFlinger: got GL_FRAMEBUFFER_COMPLETE_OES error while taking screenshot
11-24 13:56:33.780  1237  1342 W WindowManager: Screenshot failure taking screenshot for (480x800) to layer 22015
11-24 13:56:33.886  2250  2250 I Choreographer: Skipped 91 frames!  The application may be doing too much work on its main thread.
11-24 13:56:33.897  2250  2250 I MonitoringInstrumentation: Activities that are still in CREATED to STOPPED: 2
11-24 13:56:33.901  2250  2265 I TestRunner: started: whenPlayGifTest(br.com.catbag.gifreduxsample.ui.giflist.GifListActivityTest)
11-24 13:56:33.906  1237  1258 I WindowManager: Destroying surface Surface(name=Starting br.com.catbag.gifreduxsample) called by com.android.server.wm.WindowStateAnimator.destroySurface:2014 com.android.server.wm.WindowStateAnimator.destroySurfaceLocked:881 com.android.server.wm.WindowState.removeLocked:1449 com.android.server.wm.WindowManagerService.removeWindowInnerLocked:2478 com.android.server.wm.AppWindowToken.destroySurfaces:365 com.android.server.wm.WindowStateAnimator.finishExit:565 com.android.server.wm.WindowStateAnimator.stepAnimationLocked:491 com.android.server.wm.WindowAnimator.updateWindowsLocked:303 
11-24 13:56:33.961  2250  2250 I MonitoringInstrumentation: Activities that are still in CREATED to STOPPED: 2
11-24 13:56:34.069  2250  2266 I DroidFlux:Dispatcher: [STARTED] dispatch of action [FAKE_REDUCE_ACTION]
11-24 13:56:34.073  2250  2266 I DroidFlux:Dispatcher: [COMPLETED] dispatch of action [FAKE_REDUCE_ACTION]
11-24 13:56:34.118  2250  2298 D ActivityTestRule: Launching activity br.com.catbag.gifreduxsample.ui.GifListActivity
11-24 13:56:34.128  1831  1831 I Choreographer: Skipped 41 frames!  The application may be doing too much work on its main thread.
11-24 13:56:34.148  2250  2299 D MonitoringInstrumentation: execStartActivity(context, ibinder, ibinder, activity, intent, int, bundle
11-24 13:56:34.149  1237  1343 I ActivityManager: START u0 {flg=0x10000000 cmp=br.com.catbag.gifreduxsample/.ui.GifListActivity} from uid 10060 on display 0
11-24 13:56:34.240  1237  1258 I Choreographer: Skipped 33 frames!  The application may be doing too much work on its main thread.
11-24 13:56:34.252  2250  2250 D LifecycleMonitor: Lifecycle status change: br.com.catbag.gifreduxsample.ui.GifListActivity@2ae4822 in: PRE_ON_CREATE
11-24 13:56:34.268  2250  2250 D LifecycleMonitor: Lifecycle status change: br.com.catbag.gifreduxsample.ui.GifListActivity@2ae4822 in: CREATED
11-24 13:56:34.269  2250  2266 I DroidFlux:Dispatcher: [STARTED] dispatch of action [APP_STATE_LOAD]
11-24 13:56:34.270  2250  2266 D DroidFlux:Dispatcher: An action of type [APP_STATE_LOAD] was dispatched, but no reducer handled it
11-24 13:56:34.270  2250  2266 I DroidFlux:Dispatcher: [COMPLETED] dispatch of action [APP_STATE_LOAD]
11-24 13:56:34.271  2250  2250 D LifecycleMonitor: Lifecycle status change: br.com.catbag.gifreduxsample.ui.GifListActivity@2ae4822 in: STARTED
11-24 13:56:34.272  2250  2250 D LifecycleMonitor: Lifecycle status change: br.com.catbag.gifreduxsample.ui.GifListActivity@2ae4822 in: RESUMED
11-24 13:56:34.657  2250  2250 I ViewInteraction: Performing 'single click' action on view with id: br.com.catbag.gifreduxsample:id/gif_image
11-24 13:56:34.691  1237  1258 I ActivityManager: Displayed br.com.catbag.gifreduxsample/.ui.GifListActivity: +502ms (total +1s717ms)
11-24 13:56:34.758  1237  1247 I art     : Background sticky concurrent mark sweep GC freed 32372(2MB) AllocSpace objects, 8(160KB) LOS objects, 27% free, 7MB/10MB, paused 4.602ms total 430.076ms
11-24 13:56:34.940  1237  1258 I WindowManager: Destroying surface Surface(name=Starting br.com.catbag.gifreduxsample) called by com.android.server.wm.WindowStateAnimator.destroySurface:2014 com.android.server.wm.WindowStateAnimator.destroySurfaceLocked:881 com.android.server.wm.WindowState.destroyOrSaveSurface:2073 com.android.server.wm.AppWindowToken.destroySurfaces:363 com.android.server.wm.WindowStateAnimator.finishExit:565 com.android.server.wm.WindowStateAnimator.stepAnimationLocked:491 com.android.server.wm.WindowAnimator.updateWindowsLocked:303 com.android.server.wm.WindowAnimator.animateLocked:704 
11-24 13:56:34.973  2250  2250 I Choreographer: Skipped 78 frames!  The application may be doing too much work on its main thread.
11-24 13:56:35.060  2250  2266 I DroidFlux:Dispatcher: [STARTED] dispatch of action [GIF_PLAY]
11-24 13:56:35.062  2250  2266 I DroidFlux:Dispatcher: [COMPLETED] dispatch of action [GIF_PLAY]
11-24 13:56:35.115   988  1030 D AudioFlinger: mixer(0xb2b03940) throttle end: throttle time(11)
11-24 13:56:35.135   988  1030 D AudioFlinger: mixer(0xb2b03940) throttle end: throttle time(11)
11-24 13:56:35.199  1237  1343 I WindowManager: Destroying surface Surface(name=com.android.launcher3/com.android.launcher3.Launcher) called by com.android.server.wm.WindowStateAnimator.destroySurface:2014 com.android.server.wm.WindowStateAnimator.destroySurfaceLocked:881 com.android.server.wm.WindowState.destroyOrSaveSurface:2073 com.android.server.wm.AppWindowToken.destroySurfaces:363 com.android.server.wm.AppWindowToken.notifyAppStopped:389 com.android.server.wm.WindowManagerService.notifyAppStopped:4456 com.android.server.am.ActivityStack.activityStoppedLocked:1252 com.android.server.am.ActivityManagerService.activityStopped:6873 
11-24 13:56:35.223  2250  2250 D LifecycleMonitor: Lifecycle status change: br.com.catbag.gifreduxsample.ui.GifListActivity@d81637 in: STOPPED
11-24 13:56:35.263  1237  1322 E TaskPersister: File error accessing recents directory (directory doesn't exist?).
11-24 13:56:35.277  2250  2250 D LifecycleMonitor: Lifecycle status change: br.com.catbag.gifreduxsample.ui.GifListActivity@d81637 in: DESTROYED
11-24 13:56:35.296  1237  1775 I WindowManager: Destroying surface Surface(name=br.com.catbag.gifreduxsample/br.com.catbag.gifreduxsample.ui.GifListActivity) called by com.android.server.wm.WindowStateAnimator.destroySurface:2014 com.android.server.wm.WindowStateAnimator.destroySurfaceLocked:881 com.android.server.wm.WindowState.removeLocked:1449 com.android.server.wm.WindowManagerService.removeWindowInnerLocked:2478 com.android.server.wm.WindowManagerService.removeWindowLocked:2436 com.android.server.wm.WindowManagerService.removeWindowLocked:2305 com.android.server.wm.WindowManagerService.removeWindow:2300 com.android.server.wm.Session.remove:193 
11-24 13:56:35.312  2250  2250 D LifecycleMonitor: Lifecycle status change: br.com.catbag.gifreduxsample.ui.GifListActivity@925333 in: STOPPED
11-24 13:56:35.313  2250  2250 D LifecycleMonitor: Lifecycle status change: br.com.catbag.gifreduxsample.ui.GifListActivity@925333 in: DESTROYED
11-24 13:56:35.323  1237  1343 I WindowManager: Destroying surface Surface(name=br.com.catbag.gifreduxsample/br.com.catbag.gifreduxsample.ui.GifListActivity) called by com.android.server.wm.WindowStateAnimator.destroySurface:2014 com.android.server.wm.WindowStateAnimator.destroySurfaceLocked:881 com.android.server.wm.WindowState.removeLocked:1449 com.android.server.wm.WindowManagerService.removeWindowInnerLocked:2478 com.android.server.wm.WindowManagerService.removeWindowLocked:2436 com.android.server.wm.WindowManagerService.removeWindowLocked:2305 com.android.server.wm.WindowManagerService.removeWindow:2300 com.android.server.wm.Session.remove:193 
11-24 13:56:35.344  2250  2250 I Choreographer: Skipped 31 frames!  The application may be doing too much work on its main thread.
11-24 13:56:35.952  2250  2265 I TestRunner: finished: whenPlayGifTest(br.com.catbag.gifreduxsample.ui.giflist.GifListActivityTest)
11-24 13:56:35.968  2250  2250 D LifecycleMonitor: Lifecycle status change: br.com.catbag.gifreduxsample.ui.GifListActivity@2ae4822 in: PAUSED
11-24 13:56:36.012   978   978 D gralloc : Registering a buffer in the process that created it. This may cause memory ordering problems.
11-24 13:56:36.013   978   978 E libEGL  : called unimplemented OpenGL ES API
11-24 13:56:36.013   978   978 E SurfaceFlinger: glCheckFramebufferStatusOES error -1439337609
11-24 13:56:36.013   978   978 E SurfaceFlinger: got GL_FRAMEBUFFER_COMPLETE_OES error while taking screenshot
11-24 13:56:36.016  1237  1342 W WindowManager: Screenshot failure taking screenshot for (480x800) to layer 21005
11-24 13:56:36.087  2250  2250 I MonitoringInstrumentation: Activities that are still in CREATED to STOPPED: 1
11-24 13:56:36.103  2250  2265 I TestRunner: started: whenGifDownloadFailTest(br.com.catbag.gifreduxsample.ui.giflist.GifListActivityTest)
11-24 13:56:36.128  2250  2250 I Choreographer: Skipped 41 frames!  The application may be doing too much work on its main thread.
11-24 13:56:36.166  2250  2250 I MonitoringInstrumentation: Activities that are still in CREATED to STOPPED: 1
11-24 13:56:36.171  2250  2266 I DroidFlux:Dispatcher: [STARTED] dispatch of action [FAKE_REDUCE_ACTION]
11-24 13:56:36.171  2250  2266 I DroidFlux:Dispatcher: [COMPLETED] dispatch of action [FAKE_REDUCE_ACTION]
11-24 13:56:36.172  2250  2300 D ActivityTestRule: Launching activity br.com.catbag.gifreduxsample.ui.GifListActivity
11-24 13:56:36.174  2250  2301 D MonitoringInstrumentation: execStartActivity(context, ibinder, ibinder, activity, intent, int, bundle
11-24 13:56:36.181  1237  1248 I ActivityManager: START u0 {flg=0x10000000 cmp=br.com.catbag.gifreduxsample/.ui.GifListActivity} from uid 10060 on display 0
11-24 13:56:36.300  2250  2250 D LifecycleMonitor: Lifecycle status change: br.com.catbag.gifreduxsample.ui.GifListActivity@b67cda in: PRE_ON_CREATE
11-24 13:56:36.309  1237  1258 I Choreographer: Skipped 30 frames!  The application may be doing too much work on its main thread.
11-24 13:56:36.385  2250  2250 D LifecycleMonitor: Lifecycle status change: br.com.catbag.gifreduxsample.ui.GifListActivity@b67cda in: CREATED
11-24 13:56:36.406  2250  2266 I DroidFlux:Dispatcher: [STARTED] dispatch of action [APP_STATE_LOAD]
11-24 13:56:36.407  2250  2266 D DroidFlux:Dispatcher: An action of type [APP_STATE_LOAD] was dispatched, but no reducer handled it
11-24 13:56:36.407  2250  2266 I DroidFlux:Dispatcher: [COMPLETED] dispatch of action [APP_STATE_LOAD]
11-24 13:56:36.413  2250  2250 D LifecycleMonitor: Lifecycle status change: br.com.catbag.gifreduxsample.ui.GifListActivity@b67cda in: STARTED
11-24 13:56:36.500  2250  2250 D LifecycleMonitor: Lifecycle status change: br.com.catbag.gifreduxsample.ui.GifListActivity@b67cda in: RESUMED
11-24 13:56:36.503  2250  2250 I Choreographer: Skipped 55 frames!  The application may be doing too much work on its main thread.
11-24 13:56:36.592  2250  2250 D LifecycleMonitor: Lifecycle status change: br.com.catbag.gifreduxsample.ui.GifListActivity@2ae4822 in: STOPPED
11-24 13:56:36.592  2250  2250 D LifecycleMonitor: Lifecycle status change: br.com.catbag.gifreduxsample.ui.GifListActivity@2ae4822 in: DESTROYED
11-24 13:56:36.596  1237  1343 I WindowManager: Destroying surface Surface(name=br.com.catbag.gifreduxsample/br.com.catbag.gifreduxsample.ui.GifListActivity) called by com.android.server.wm.WindowStateAnimator.destroySurface:2014 com.android.server.wm.WindowStateAnimator.destroySurfaceLocked:881 com.android.server.wm.WindowState.removeLocked:1449 com.android.server.wm.WindowManagerService.removeWindowInnerLocked:2478 com.android.server.wm.WindowManagerService.removeWindowLocked:2436 com.android.server.wm.WindowManagerService.removeWindowLocked:2305 com.android.server.wm.WindowManagerService.removeWindow:2300 com.android.server.wm.Session.remove:193 
11-24 13:56:36.663  1237  1258 I ActivityManager: Displayed br.com.catbag.gifreduxsample/.ui.GifListActivity: +420ms
11-24 13:56:36.733  2250  2250 D LifecycleMonitor: Lifecycle status change: br.com.catbag.gifreduxsample.ui.GifListActivity@b67cda in: PAUSED
11-24 13:56:36.740  2250  2265 I TestRunner: finished: whenGifDownloadFailTest(br.com.catbag.gifreduxsample.ui.giflist.GifListActivityTest)
11-24 13:56:36.787  1831  1831 I Choreographer: Skipped 51 frames!  The application may be doing too much work on its main thread.
11-24 13:56:36.790   978   978 D gralloc : Registering a buffer in the process that created it. This may cause memory ordering problems.
11-24 13:56:36.790   978   978 E SurfaceFlinger: glCheckFramebufferStatusOES error -1439337609
11-24 13:56:36.791   978   978 E SurfaceFlinger: got GL_FRAMEBUFFER_COMPLETE_OES error while taking screenshot
11-24 13:56:36.792  1237  1775 W WindowManager: Screenshot failure taking screenshot for (480x800) to layer 22010
11-24 13:56:36.829  2250  2250 I MonitoringInstrumentation: Activities that are still in CREATED to STOPPED: 1
11-24 13:56:36.832  2250  2265 I TestRunner: started: whenPauseGifTest(br.com.catbag.gifreduxsample.ui.giflist.GifListActivityTest)
11-24 13:56:36.847  2250  2250 I MonitoringInstrumentation: Activities that are still in CREATED to STOPPED: 1
11-24 13:56:36.876  2250  2266 I DroidFlux:Dispatcher: [STARTED] dispatch of action [FAKE_REDUCE_ACTION]
11-24 13:56:36.877  2250  2266 I DroidFlux:Dispatcher: [COMPLETED] dispatch of action [FAKE_REDUCE_ACTION]
11-24 13:56:36.885  1237  1248 I ActivityManager: Activity reported stop, but no longer stopping: ActivityRecord{c982a26 u0 com.android.launcher3/.Launcher t3}
11-24 13:56:36.952  2250  2302 D ActivityTestRule: Launching activity br.com.catbag.gifreduxsample.ui.GifListActivity
11-24 13:56:36.985  2250  2250 D LifecycleMonitor: Lifecycle status change: br.com.catbag.gifreduxsample.ui.GifListActivity@b67cda in: STOPPED
11-24 13:56:36.985  2250  2250 D LifecycleMonitor: Lifecycle status change: br.com.catbag.gifreduxsample.ui.GifListActivity@b67cda in: DESTROYED
11-24 13:56:36.989  2250  2303 D MonitoringInstrumentation: execStartActivity(context, ibinder, ibinder, activity, intent, int, bundle
11-24 13:56:36.990  1237  1775 I ActivityManager: START u0 {flg=0x10000000 cmp=br.com.catbag.gifreduxsample/.ui.GifListActivity} from uid 10060 on display 0
11-24 13:56:37.065  1237  1258 I Choreographer: Skipped 47 frames!  The application may be doing too much work on its main thread.
11-24 13:56:37.066  1237  1258 I WindowManager: Destroying surface Surface(name=Starting br.com.catbag.gifreduxsample) called by com.android.server.wm.WindowStateAnimator.destroySurface:2014 com.android.server.wm.WindowStateAnimator.destroySurfaceLocked:881 com.android.server.wm.WindowState.removeLocked:1449 com.android.server.wm.WindowManagerService.removeWindowInnerLocked:2478 com.android.server.wm.AppWindowToken.destroySurfaces:365 com.android.server.wm.WindowStateAnimator.finishExit:565 com.android.server.wm.WindowStateAnimator.stepAnimationLocked:491 com.android.server.wm.WindowAnimator.updateWindowsLocked:303 
11-24 13:56:37.156  2250  2250 D LifecycleMonitor: Lifecycle status change: br.com.catbag.gifreduxsample.ui.GifListActivity@de8a4c7 in: PRE_ON_CREATE
11-24 13:56:37.190  2250  2250 D LifecycleMonitor: Lifecycle status change: br.com.catbag.gifreduxsample.ui.GifListActivity@de8a4c7 in: CREATED
11-24 13:56:37.191  2250  2266 I DroidFlux:Dispatcher: [STARTED] dispatch of action [APP_STATE_LOAD]
11-24 13:56:37.192  2250  2266 D DroidFlux:Dispatcher: An action of type [APP_STATE_LOAD] was dispatched, but no reducer handled it
11-24 13:56:37.192  2250  2266 I DroidFlux:Dispatcher: [COMPLETED] dispatch of action [APP_STATE_LOAD]
11-24 13:56:37.192  2250  2250 D LifecycleMonitor: Lifecycle status change: br.com.catbag.gifreduxsample.ui.GifListActivity@de8a4c7 in: STARTED
11-24 13:56:37.193  2250  2250 D LifecycleMonitor: Lifecycle status change: br.com.catbag.gifreduxsample.ui.GifListActivity@de8a4c7 in: RESUMED
11-24 13:56:37.381  2250  2261 I art     : Background sticky concurrent mark sweep GC freed 22687(1420KB) AllocSpace objects, 4(80KB) LOS objects, 11% free, 11MB/12MB, paused 5.743ms total 419.795ms
11-24 13:56:37.474  1237  1258 I ActivityManager: Displayed br.com.catbag.gifreduxsample/.ui.GifListActivity: +391ms
11-24 13:56:37.527  2250  2250 I ViewInteraction: Performing 'single click' action on view with id: br.com.catbag.gifreduxsample:id/gif_image
11-24 13:56:37.575  2250  2266 I DroidFlux:Dispatcher: [STARTED] dispatch of action [GIF_PAUSE]
11-24 13:56:37.576  2250  2266 I DroidFlux:Dispatcher: [COMPLETED] dispatch of action [GIF_PAUSE]
11-24 13:56:37.788  1237  1258 I WindowManager: Destroying surface Surface(name=br.com.catbag.gifreduxsample/br.com.catbag.gifreduxsample.ui.GifListActivity) called by com.android.server.wm.WindowStateAnimator.destroySurface:2014 com.android.server.wm.WindowStateAnimator.destroySurfaceLocked:881 com.android.server.wm.WindowState.destroyOrSaveSurface:2073 com.android.server.wm.AppWindowToken.destroySurfaces:363 com.android.server.wm.WindowStateAnimator.finishExit:565 com.android.server.wm.WindowStateAnimator.stepAnimationLocked:491 com.android.server.wm.WindowAnimator.updateWindowsLocked:303 com.android.server.wm.WindowAnimator.animateLocked:704 
11-24 13:56:37.826  1237  1258 I WindowManager: Destroying surface Surface(name=Starting br.com.catbag.gifreduxsample) called by com.android.server.wm.WindowStateAnimator.destroySurface:2014 com.android.server.wm.WindowStateAnimator.destroySurfaceLocked:881 com.android.server.wm.WindowState.destroyOrSaveSurface:2073 com.android.server.wm.AppWindowToken.destroySurfaces:363 com.android.server.wm.WindowStateAnimator.finishExit:565 com.android.server.wm.WindowStateAnimator.stepAnimationLocked:491 com.android.server.wm.WindowAnimator.updateWindowsLocked:303 com.android.server.wm.WindowAnimator.animateLocked:704 
11-24 13:56:38.203  2250  2250 D LifecycleMonitor: Lifecycle status change: br.com.catbag.gifreduxsample.ui.GifListActivity@de8a4c7 in: PAUSED
11-24 13:56:38.224  2250  2265 I TestRunner: finished: whenPauseGifTest(br.com.catbag.gifreduxsample.ui.giflist.GifListActivityTest)
11-24 13:56:38.239   978   978 D gralloc : Registering a buffer in the process that created it. This may cause memory ordering problems.
11-24 13:56:38.240   978   978 E libEGL  : called unimplemented OpenGL ES API
11-24 13:56:38.241   978   978 E SurfaceFlinger: glCheckFramebufferStatusOES error -1439337609
11-24 13:56:38.241   978   978 E SurfaceFlinger: got GL_FRAMEBUFFER_COMPLETE_OES error while taking screenshot
11-24 13:56:38.243  1237  1775 W WindowManager: Screenshot failure taking screenshot for (480x800) to layer 21010
11-24 13:56:38.266  2250  2250 I MonitoringInstrumentation: Activities that are still in CREATED to STOPPED: 1
11-24 13:56:38.268  2250  2265 I TestRunner: started: whenLoadMultipleGifsOnAppStateTest(br.com.catbag.gifreduxsample.ui.giflist.GifListActivityTest)
11-24 13:56:38.269  2250  2250 I MonitoringInstrumentation: Activities that are still in CREATED to STOPPED: 1
11-24 13:56:38.286  1237  1258 I Choreographer: Skipped 38 frames!  The application may be doing too much work on its main thread.
11-24 13:56:38.291  1237  1343 I ActivityManager: Activity reported stop, but no longer stopping: ActivityRecord{c982a26 u0 com.android.launcher3/.Launcher t3}
11-24 13:56:38.303  1237  1775 D WindowManager: relayoutVisibleWindow: Window{4131e3b u0 com.android.launcher3/com.android.launcher3.Launcher EXITING} mAnimatingExit=true, mRemoveOnExit=false, mDestroying=true
11-24 13:56:38.376  2250  2266 I DroidFlux:Dispatcher: [STARTED] dispatch of action [FAKE_REDUCE_ACTION]
11-24 13:56:38.377  2250  2266 I DroidFlux:Dispatcher: [COMPLETED] dispatch of action [FAKE_REDUCE_ACTION]
11-24 13:56:38.407  2250  2304 D ActivityTestRule: Launching activity br.com.catbag.gifreduxsample.ui.GifListActivity
11-24 13:56:38.419  2250  2305 D MonitoringInstrumentation: execStartActivity(context, ibinder, ibinder, activity, intent, int, bundle
11-24 13:56:38.420  1237  1342 I ActivityManager: START u0 {flg=0x10000000 cmp=br.com.catbag.gifreduxsample/.ui.GifListActivity} from uid 10060 on display 0
11-24 13:56:38.551  2250  2250 D LifecycleMonitor: Lifecycle status change: br.com.catbag.gifreduxsample.ui.GifListActivity@592af9f in: PRE_ON_CREATE
11-24 13:56:38.638  2250  2250 D LifecycleMonitor: Lifecycle status change: br.com.catbag.gifreduxsample.ui.GifListActivity@592af9f in: CREATED
11-24 13:56:38.639  2250  2266 I DroidFlux:Dispatcher: [STARTED] dispatch of action [APP_STATE_LOAD]
11-24 13:56:38.640  2250  2266 D DroidFlux:Dispatcher: An action of type [APP_STATE_LOAD] was dispatched, but no reducer handled it
11-24 13:56:38.640  2250  2266 I DroidFlux:Dispatcher: [COMPLETED] dispatch of action [APP_STATE_LOAD]
11-24 13:56:38.641  2250  2250 D LifecycleMonitor: Lifecycle status change: br.com.catbag.gifreduxsample.ui.GifListActivity@592af9f in: STARTED
11-24 13:56:38.642  2250  2250 D LifecycleMonitor: Lifecycle status change: br.com.catbag.gifreduxsample.ui.GifListActivity@592af9f in: RESUMED
11-24 13:56:39.182  2250  2250 W ResourceType: No package identifier when getting name for resource number 0x000000f5
11-24 13:56:39.182  2250  2250 I ViewInteraction: Performing 'scroll RecyclerView to position: 2' action on view with id: 245 (resource name not found)
11-24 13:56:39.228  1237  1258 I ActivityManager: Displayed br.com.catbag.gifreduxsample/.ui.GifListActivity: +725ms
11-24 13:56:39.454  2250  2250 D LifecycleMonitor: Lifecycle status change: br.com.catbag.gifreduxsample.ui.GifListActivity@de8a4c7 in: STOPPED
11-24 13:56:39.478  2250  2250 D LifecycleMonitor: Lifecycle status change: br.com.catbag.gifreduxsample.ui.GifListActivity@de8a4c7 in: DESTROYED
11-24 13:56:39.527  1237  1258 I WindowManager: Destroying surface Surface(name=Starting br.com.catbag.gifreduxsample) called by com.android.server.wm.WindowStateAnimator.destroySurface:2014 com.android.server.wm.WindowStateAnimator.destroySurfaceLocked:881 com.android.server.wm.WindowState.destroyOrSaveSurface:2073 com.android.server.wm.AppWindowToken.destroySurfaces:363 com.android.server.wm.WindowStateAnimator.finishExit:565 com.android.server.wm.WindowStateAnimator.stepAnimationLocked:491 com.android.server.wm.WindowAnimator.updateWindowsLocked:303 com.android.server.wm.WindowAnimator.animateLocked:704 
11-24 13:56:39.588  1237  1732 I WindowManager: Destroying surface Surface(name=com.android.launcher3/com.android.launcher3.Launcher) called by com.android.server.wm.WindowStateAnimator.destroySurface:2014 com.android.server.wm.WindowStateAnimator.destroySurfaceLocked:881 com.android.server.wm.WindowState.destroyOrSaveSurface:2073 com.android.server.wm.AppWindowToken.destroySurfaces:363 com.android.server.wm.AppWindowToken.notifyAppStopped:389 com.android.server.wm.WindowManagerService.notifyAppStopped:4456 com.android.server.am.ActivityStack.activityStoppedLocked:1252 com.android.server.am.ActivityManagerService.activityStopped:6873 
11-24 13:56:39.589  1237  1775 I WindowManager: Destroying surface Surface(name=br.com.catbag.gifreduxsample/br.com.catbag.gifreduxsample.ui.GifListActivity) called by com.android.server.wm.WindowStateAnimator.destroySurface:2014 com.android.server.wm.WindowStateAnimator.destroySurfaceLocked:881 com.android.server.wm.WindowState.removeLocked:1449 com.android.server.wm.WindowManagerService.removeWindowInnerLocked:2478 com.android.server.wm.WindowManagerService.removeWindowLocked:2436 com.android.server.wm.WindowManagerService.removeWindowLocked:2305 com.android.server.wm.WindowManagerService.removeWindow:2300 com.android.server.wm.Session.remove:193 
11-24 13:56:39.619  2250  2250 I Choreographer: Skipped 33 frames!  The application may be doing too much work on its main thread.
11-24 13:56:39.649  2250  2250 W ResourceType: No package identifier when getting name for resource number 0x000000f5
11-24 13:56:39.685  2250  2250 W ResourceType: No package identifier when getting name for resource number 0x000000fc
11-24 13:56:39.686  2250  2250 I ViewInteraction: Performing 'scroll RecyclerView to position: 3' action on view with id: 252 (resource name not found)
11-24 13:56:39.732  2250  2261 I art     : Background partial concurrent mark sweep GC freed 12996(805KB) AllocSpace objects, 1(16KB) LOS objects, 25% free, 11MB/15MB, paused 6.894ms total 74.122ms
11-24 13:56:40.069  2250  2250 W ResourceType: No package identifier when getting name for resource number 0x000000fc
11-24 13:56:40.107  2250  2250 W ResourceType: No package identifier when getting name for resource number 0x00000103
11-24 13:56:40.108  2250  2250 I ViewInteraction: Performing 'scroll RecyclerView to position: 4' action on view with id: 259 (resource name not found)
11-24 13:56:40.420  2250  2250 W ResourceType: No package identifier when getting name for resource number 0x00000103
11-24 13:56:40.446  2250  2250 W ResourceType: No package identifier when getting name for resource number 0x0000010a
11-24 13:56:40.446  2250  2250 I ViewInteraction: Performing 'scroll RecyclerView to position: 5' action on view with id: 266 (resource name not found)
11-24 13:56:40.767  2250  2250 W ResourceType: No package identifier when getting name for resource number 0x0000010a
11-24 13:56:40.787  2250  2250 W ResourceType: No package identifier when getting name for resource number 0x00000111
11-24 13:56:40.787  2250  2250 I ViewInteraction: Performing 'scroll RecyclerView to position: 6' action on view with id: 273 (resource name not found)
11-24 13:56:40.912  1237  1322 E TaskPersister: File error accessing recents directory (directory doesn't exist?).
11-24 13:56:41.107  2250  2250 W ResourceType: No package identifier when getting name for resource number 0x00000111
11-24 13:56:41.120  2250  2255 I art     : Do partial code cache collection, code=123KB, data=124KB
11-24 13:56:41.121  2250  2255 I art     : After code cache collection, code=122KB, data=123KB
11-24 13:56:41.121  2250  2255 I art     : Increasing code cache capacity to 512KB
11-24 13:56:41.145  2250  2250 W ResourceType: No package identifier when getting name for resource number 0x00000118
11-24 13:56:41.145  2250  2250 I ViewInteraction: Performing 'scroll RecyclerView to position: 7' action on view with id: 280 (resource name not found)
11-24 13:56:41.447  2250  2250 W ResourceType: No package identifier when getting name for resource number 0x00000118
11-24 13:56:41.478  2250  2250 W ResourceType: No package identifier when getting name for resource number 0x0000011f
11-24 13:56:41.479  2250  2250 I ViewInteraction: Performing 'scroll RecyclerView to position: 8' action on view with id: 287 (resource name not found)
11-24 13:56:41.798  2250  2250 W ResourceType: No package identifier when getting name for resource number 0x0000011f
11-24 13:56:41.826  2250  2250 W ResourceType: No package identifier when getting name for resource number 0x00000126
11-24 13:56:41.826  2250  2250 I ViewInteraction: Performing 'scroll RecyclerView to position: 9' action on view with id: 294 (resource name not found)
11-24 13:56:41.902  2250  2261 I art     : Background sticky concurrent mark sweep GC freed 20986(2003KB) AllocSpace objects, 18(384KB) LOS objects, 15% free, 13MB/15MB, paused 6.983ms total 56.140ms
11-24 13:56:42.118  2250  2250 W ResourceType: No package identifier when getting name for resource number 0x00000126
11-24 13:56:42.173  2250  2265 I TestRunner: finished: whenLoadMultipleGifsOnAppStateTest(br.com.catbag.gifreduxsample.ui.giflist.GifListActivityTest)
11-24 13:56:42.200  2250  2250 D LifecycleMonitor: Lifecycle status change: br.com.catbag.gifreduxsample.ui.GifListActivity@592af9f in: PAUSED
11-24 13:56:42.239   978   978 D gralloc : Registering a buffer in the process that created it. This may cause memory ordering problems.
11-24 13:56:42.240   978   978 E libEGL  : called unimplemented OpenGL ES API
11-24 13:56:42.240   978   978 E SurfaceFlinger: glCheckFramebufferStatusOES error -1439337609
11-24 13:56:42.240   978   978 E SurfaceFlinger: got GL_FRAMEBUFFER_COMPLETE_OES error while taking screenshot
11-24 13:56:42.242  1237  1343 W WindowManager: Screenshot failure taking screenshot for (480x800) to layer 21005
11-24 13:56:42.258  2250  2250 I MonitoringInstrumentation: Activities that are still in CREATED to STOPPED: 1
11-24 13:56:42.260  2250  2265 I TestRunner: run finished: 15 tests, 0 failed, 0 ignored
11-24 13:56:42.562  1831  1831 I Choreographer: Skipped 74 frames!  The application may be doing too much work on its main thread.
11-24 13:56:42.633  2250  2265 I MonitoringInstrumentation: Unstopped activity count: 1
11-24 13:56:42.670  2250  2250 I MonitoringInstrumentation: Activities that are still in CREATED to STOPPED: 1
11-24 13:56:42.695  2250  2265 I MonitoringInstrumentation: Unstopped activity count: 1
11-24 13:56:42.755  2250  2265 I MonitoringInstrumentation: Unstopped activity count: 1
11-24 13:56:42.815  2250  2265 I MonitoringInstrumentation: Unstopped activity count: 1
11-24 13:56:42.876  2250  2265 I MonitoringInstrumentation: Unstopped activity count: 1
11-24 13:56:42.935  2250  2265 I MonitoringInstrumentation: Unstopped activity count: 1
11-24 13:56:42.972  2250  2250 D LifecycleMonitor: Lifecycle status change: br.com.catbag.gifreduxsample.ui.GifListActivity@592af9f in: STOPPED
11-24 13:56:42.972  2250  2250 D LifecycleMonitor: Lifecycle status change: br.com.catbag.gifreduxsample.ui.GifListActivity@592af9f in: DESTROYED
11-24 13:56:42.995  2250  2265 I MonitoringInstrumentation: waitForActivitiesToComplete() took: 363ms
11-24 13:56:43.002  1237  1249 I ActivityManager: Force stopping br.com.catbag.gifreduxsample appid=10060 user=0: finished inst
11-24 13:56:43.003  1237  1249 I ActivityManager: Killing 2250:br.com.catbag.gifreduxsample/u0a60 (adj 0): stop br.com.catbag.gifreduxsample
11-24 13:56:43.015  2240  2240 D AndroidRuntime: Shutting down VM
11-24 13:56:43.045  1237  1258 I Choreographer: Skipped 31 frames!  The application may be doing too much work on its main thread.
11-24 13:56:43.075  1237  1258 I WindowManager: Destroying surface Surface(name=br.com.catbag.gifreduxsample/br.com.catbag.gifreduxsample.ui.GifListActivity) called by com.android.server.wm.WindowStateAnimator.destroySurface:2014 com.android.server.wm.WindowStateAnimator.destroySurfaceLocked:881 com.android.server.wm.WindowState.removeLocked:1449 com.android.server.wm.WindowManagerService.removeWindowInnerLocked:2478 com.android.server.wm.AppWindowToken.destroySurfaces:365 com.android.server.wm.WindowStateAnimator.finishExit:565 com.android.server.wm.WindowStateAnimator.stepAnimationLocked:491 com.android.server.wm.WindowAnimator.updateWindowsLocked:303 
11-24 13:56:43.699  2316  2316 D AndroidRuntime: >>>>>> START com.android.internal.os.RuntimeInit uid 2000 <<<<<<
11-24 13:56:43.702  2316  2316 D AndroidRuntime: CheckJNI is ON
11-24 13:56:43.761  2316  2316 W art     : Unexpected CPU variant for X86 using defaults: x86
11-24 13:56:43.773  2316  2316 D ICU     : No timezone override file found: /data/misc/zoneinfo/current/icu/icu_tzdata.dat
11-24 13:56:43.803  2316  2316 E memtrack: Couldn't load memtrack module (No such file or directory)
11-24 13:56:43.803  2316  2316 E android.os.Debug: failed to load memtrack module: -2
11-24 13:56:43.810  2316  2316 I Radio-JNI: register_android_hardware_Radio DONE
11-24 13:56:43.833  2316  2316 D AndroidRuntime: Calling main entry com.android.commands.pm.Pm
11-24 13:56:43.865  1237  1251 I ActivityManager: Force stopping br.com.catbag.gifreduxsample.test appid=10061 user=-1: deletePackageX
11-24 13:56:44.012  1237  1263 I art     : Starting a blocking GC Explicit
11-24 13:56:44.085  1237  1263 I art     : Explicit concurrent mark sweep GC freed 27718(1784KB) AllocSpace objects, 6(120KB) LOS objects, 33% free, 7MB/10MB, paused 6.437ms total 66.710ms
11-24 13:56:44.105  2316  2316 I art     : System.exit called, status: 0
11-24 13:56:44.105  2316  2316 I AndroidRuntime: VM exiting with result code 0.
11-24 13:56:44.138  1237  1263 I ActivityManager: Force stopping br.com.catbag.gifreduxsample.test appid=10061 user=0: pkg removed
11-24 13:56:44.450  1237  1277 I InputReader: Reconfiguring input devices.  changes=0x00000010
11-24 13:56:44.463  1237  1237 W art     : Long monitor contention with owner ActivityManager (1251) at void com.android.server.am.BroadcastQueue.processNextBroadcast(boolean)(BroadcastQueue.java:754) waiters=0 in boolean com.android.server.am.ActivityManagerService.isUserRunning(int, int) for 169ms
11-24 13:56:44.468  1237  1263 E KernelUidCpuTimeReader: failed to remove uid from uid_cputime module
11-24 13:56:44.468  1237  1263 E KernelUidCpuTimeReader: java.io.FileNotFoundException: /proc/uid_cputime/remove_uid_range (No such file or directory)
11-24 13:56:44.468  1237  1263 E KernelUidCpuTimeReader: 	at java.io.FileOutputStream.open(Native Method)
11-24 13:56:44.468  1237  1263 E KernelUidCpuTimeReader: 	at java.io.FileOutputStream.<init>(FileOutputStream.java:221)
11-24 13:56:44.468  1237  1263 E KernelUidCpuTimeReader: 	at java.io.FileOutputStream.<init>(FileOutputStream.java:108)
11-24 13:56:44.468  1237  1263 E KernelUidCpuTimeReader: 	at java.io.FileWriter.<init>(FileWriter.java:63)
11-24 13:56:44.468  1237  1263 E KernelUidCpuTimeReader: 	at com.android.internal.os.KernelUidCpuTimeReader.removeUid(KernelUidCpuTimeReader.java:158)
11-24 13:56:44.468  1237  1263 E KernelUidCpuTimeReader: 	at com.android.internal.os.BatteryStatsImpl.removeUidStatsLocked(BatteryStatsImpl.java:9805)
11-24 13:56:44.468  1237  1263 E KernelUidCpuTimeReader: 	at com.android.server.am.BatteryStatsService.removeUid(BatteryStatsService.java:291)
11-24 13:56:44.468  1237  1263 E KernelUidCpuTimeReader: 	at com.android.server.am.ActivityManagerService.broadcastIntentLocked(ActivityManagerService.java:17767)
11-24 13:56:44.468  1237  1263 E KernelUidCpuTimeReader: 	at com.android.server.am.ActivityManagerService.broadcastIntent(ActivityManagerService.java:18256)
11-24 13:56:44.468  1237  1263 E KernelUidCpuTimeReader: 	at com.android.server.pm.PackageManagerService$8.run(PackageManagerService.java:11407)
11-24 13:56:44.468  1237  1263 E KernelUidCpuTimeReader: 	at android.os.Handler.handleCallback(Handler.java:751)
11-24 13:56:44.468  1237  1263 E KernelUidCpuTimeReader: 	at android.os.Handler.dispatchMessage(Handler.java:95)
11-24 13:56:44.468  1237  1263 E KernelUidCpuTimeReader: 	at android.os.Looper.loop(Looper.java:154)
11-24 13:56:44.468  1237  1263 E KernelUidCpuTimeReader: 	at android.os.HandlerThread.run(HandlerThread.java:61)
11-24 13:56:44.468  1237  1263 E KernelUidCpuTimeReader: 	at com.android.server.ServiceThread.run(ServiceThread.java:46)
11-24 13:56:44.666  1449  1449 D CarrierSvcBindHelper: No carrier app for: 0
11-24 13:56:44.872  1237  1250 W LocationProviderProxy-network: Odd, no component found for service com.android.location.service.v3.NetworkLocationProvider
11-24 13:56:44.874  1237  1250 W GeocoderProxy: Odd, no component found for service com.android.location.service.GeocodeProvider
11-24 13:56:44.878  1237  1250 W GeofenceProxy: Odd, no component found for service com.android.location.service.GeofenceProvider
11-24 13:56:44.878  1237  1250 W ActivityRecognitionProxy: Odd, no component found for service com.android.location.service.ActivityRecognitionProvider
11-24 13:56:45.230  2330  2330 D AndroidRuntime: >>>>>> START com.android.internal.os.RuntimeInit uid 2000 <<<<<<
11-24 13:56:45.232  2330  2330 D AndroidRuntime: CheckJNI is ON
11-24 13:56:45.296  2330  2330 W art     : Unexpected CPU variant for X86 using defaults: x86
11-24 13:56:45.300  2330  2330 D ICU     : No timezone override file found: /data/misc/zoneinfo/current/icu/icu_tzdata.dat
11-24 13:56:45.323  2330  2330 E memtrack: Couldn't load memtrack module (No such file or directory)
11-24 13:56:45.323  2330  2330 E android.os.Debug: failed to load memtrack module: -2
11-24 13:56:45.326  2330  2330 I Radio-JNI: register_android_hardware_Radio DONE
11-24 13:56:45.386  2330  2330 D AndroidRuntime: Calling main entry com.android.commands.pm.Pm
11-24 13:56:45.411  1237  1251 I ActivityManager: Force stopping br.com.catbag.gifreduxsample appid=10060 user=-1: deletePackageX
11-24 13:56:45.444  1831  1831 I Choreographer: Skipped 101 frames!  The application may be doing too much work on its main thread.
11-24 13:56:45.628  1237  1263 I art     : Starting a blocking GC Explicit
11-24 13:56:45.686  1237  1263 I art     : Explicit concurrent mark sweep GC freed 30623(1584KB) AllocSpace objects, 7(140KB) LOS objects, 33% free, 6MB/10MB, paused 6.238ms total 52.744ms
11-24 13:56:45.701  2330  2330 I art     : System.exit called, status: 0
11-24 13:56:45.701  2330  2330 I AndroidRuntime: VM exiting with result code 0.
11-24 13:56:45.707  2330  2338 W MessageQueue: Handler (android.os.Handler) {350b8b} sending message to a Handler on a dead thread
11-24 13:56:45.707  2330  2338 W MessageQueue: java.lang.IllegalStateException: Handler (android.os.Handler) {350b8b} sending message to a Handler on a dead thread
11-24 13:56:45.707  2330  2338 W MessageQueue: 	at android.os.MessageQueue.enqueueMessage(MessageQueue.java:543)
11-24 13:56:45.707  2330  2338 W MessageQueue: 	at android.os.Handler.enqueueMessage(Handler.java:643)
11-24 13:56:45.707  2330  2338 W MessageQueue: 	at android.os.Handler.sendMessageAtTime(Handler.java:612)
11-24 13:56:45.707  2330  2338 W MessageQueue: 	at android.os.Handler.sendMessageDelayed(Handler.java:582)
11-24 13:56:45.707  2330  2338 W MessageQueue: 	at android.os.Handler.post(Handler.java:338)
11-24 13:56:45.707  2330  2338 W MessageQueue: 	at android.os.ResultReceiver$MyResultReceiver.send(ResultReceiver.java:57)
11-24 13:56:45.707  2330  2338 W MessageQueue: 	at com.android.internal.os.IResultReceiver$Stub.onTransact(IResultReceiver.java:58)
11-24 13:56:45.707  2330  2338 W MessageQueue: 	at android.os.Binder.execTransact(Binder.java:565)
11-24 13:56:45.809  1237  1263 I ActivityManager: Force stopping br.com.catbag.gifreduxsample appid=10060 user=0: pkg removed
11-24 13:56:46.009  1237  1277 I InputReader: Reconfiguring input devices.  changes=0x00000010
11-24 13:56:46.076  1237  1263 E KernelUidCpuTimeReader: failed to remove uid from uid_cputime module
11-24 13:56:46.076  1237  1263 E KernelUidCpuTimeReader: java.io.FileNotFoundException: /proc/uid_cputime/remove_uid_range (No such file or directory)
11-24 13:56:46.076  1237  1263 E KernelUidCpuTimeReader: 	at java.io.FileOutputStream.open(Native Method)
11-24 13:56:46.076  1237  1263 E KernelUidCpuTimeReader: 	at java.io.FileOutputStream.<init>(FileOutputStream.java:221)
11-24 13:56:46.076  1237  1263 E KernelUidCpuTimeReader: 	at java.io.FileOutputStream.<init>(FileOutputStream.java:108)
11-24 13:56:46.076  1237  1263 E KernelUidCpuTimeReader: 	at java.io.FileWriter.<init>(FileWriter.java:63)
11-24 13:56:46.076  1237  1263 E KernelUidCpuTimeReader: 	at com.android.internal.os.KernelUidCpuTimeReader.removeUid(KernelUidCpuTimeReader.java:158)
11-24 13:56:46.076  1237  1263 E KernelUidCpuTimeReader: 	at com.android.internal.os.BatteryStatsImpl.removeUidStatsLocked(BatteryStatsImpl.java:9805)
11-24 13:56:46.076  1237  1263 E KernelUidCpuTimeReader: 	at com.android.server.am.BatteryStatsService.removeUid(BatteryStatsService.java:291)
11-24 13:56:46.076  1237  1263 E KernelUidCpuTimeReader: 	at com.android.server.am.ActivityManagerService.broadcastIntentLocked(ActivityManagerService.java:17767)
11-24 13:56:46.076  1237  1263 E KernelUidCpuTimeReader: 	at com.android.server.am.ActivityManagerService.broadcastIntent(ActivityManagerService.java:18256)
11-24 13:56:46.076  1237  1263 E KernelUidCpuTimeReader: 	at com.android.server.pm.PackageManagerService$8.run(PackageManagerService.java:11407)
11-24 13:56:46.076  1237  1263 E KernelUidCpuTimeReader: 	at android.os.Handler.handleCallback(Handler.java:751)
11-24 13:56:46.076  1237  1263 E KernelUidCpuTimeReader: 	at android.os.Handler.dispatchMessage(Handler.java:95)
11-24 13:56:46.076  1237  1263 E KernelUidCpuTimeReader: 	at android.os.Looper.loop(Looper.java:154)
11-24 13:56:46.076  1237  1263 E KernelUidCpuTimeReader: 	at android.os.HandlerThread.run(HandlerThread.java:61)
11-24 13:56:46.076  1237  1263 E KernelUidCpuTimeReader: 	at com.android.server.ServiceThread.run(ServiceThread.java:46)
11-24 13:56:46.351  1449  1449 D CarrierSvcBindHelper: No carrier app for: 0
11-24 13:56:46.389  1237  1322 E TaskPersister: File error accessing recents directory (directory doesn't exist?).
11-24 13:56:46.448  1831  1842 I art     : Background partial concurrent mark sweep GC freed 1908(127KB) AllocSpace objects, 7(124KB) LOS objects, 39% free, 3MB/6MB, paused 47.615ms total 633.670ms
11-24 13:56:46.730  1237  1250 W LocationProviderProxy-network: Odd, no component found for service com.android.location.service.v3.NetworkLocationProvider
11-24 13:56:46.730  1237  1250 W GeocoderProxy: Odd, no component found for service com.android.location.service.GeocodeProvider
11-24 13:56:46.757  1237  1250 W GeofenceProxy: Odd, no component found for service com.android.location.service.GeofenceProvider
11-24 13:56:46.758  1237  1250 W ActivityRecognitionProxy: Odd, no component found for service com.android.location.service.ActivityRecognitionProvider
11-24 13:56:47.396  1351  1372 I art     : Background partial concurrent mark sweep GC freed 21547(968KB) AllocSpace objects, 12(5MB) LOS objects, 39% free, 4MB/7MB, paused 9.261ms total 1.304s
11-24 13:56:47.571  1787  1787 W ContextImpl: Calling a method in the system process without a qualified user: android.app.ContextImpl.startService:1385 android.content.ContextWrapper.startService:613 android.content.ContextWrapper.startService:613 com.android.keychain.KeyChainBroadcastReceiver.onReceive:12 android.app.ActivityThread.handleReceiver:3011 
