11-22 14:37:30.540  1237  1258 I WindowManager: Destroying surface Surface(name=br.com.catbag.gifreduxsample/br.com.catbag.gifreduxsample.ui.GifListActivity) called by com.android.server.wm.WindowStateAnimator.destroySurface:2014 com.android.server.wm.WindowStateAnimator.destroySurfaceLocked:881 com.android.server.wm.WindowState.removeLocked:1449 com.android.server.wm.WindowManagerService.removeWindowInnerLocked:2478 com.android.server.wm.AppWindowToken.destroySurfaces:365 com.android.server.wm.WindowStateAnimator.finishExit:565 com.android.server.wm.WindowStateAnimator.stepAnimationLocked:491 com.android.server.wm.WindowAnimator.updateWindowsLocked:303 
11-22 14:37:30.619  1730  1730 I Choreographer: Skipped 70 frames!  The application may be doing too much work on its main thread.
11-22 14:37:31.795  2334  2334 D AndroidRuntime: >>>>>> START com.android.internal.os.RuntimeInit uid 2000 <<<<<<
11-22 14:37:31.798  2334  2334 D AndroidRuntime: CheckJNI is ON
11-22 14:37:31.859  2334  2334 W art     : Unexpected CPU variant for X86 using defaults: x86
11-22 14:37:31.870  2334  2334 D ICU     : No timezone override file found: /data/misc/zoneinfo/current/icu/icu_tzdata.dat
11-22 14:37:31.906  2334  2334 E memtrack: Couldn't load memtrack module (No such file or directory)
11-22 14:37:31.906  2334  2334 E android.os.Debug: failed to load memtrack module: -2
11-22 14:37:31.907  2334  2334 I Radio-JNI: register_android_hardware_Radio DONE
11-22 14:37:31.936  2334  2334 D AndroidRuntime: Calling main entry com.android.commands.pm.Pm
11-22 14:37:31.969  1237  1251 I ActivityManager: Force stopping br.com.catbag.gifreduxsample.test appid=10061 user=-1: deletePackageX
11-22 14:37:32.149  1237  1263 I art     : Starting a blocking GC Explicit
11-22 14:37:32.225  1237  1263 I art     : Explicit concurrent mark sweep GC freed 29450(2MB) AllocSpace objects, 12(240KB) LOS objects, 33% free, 7MB/10MB, paused 5.339ms total 72.703ms
11-22 14:37:32.255  2334  2334 I art     : System.exit called, status: 0
11-22 14:37:32.255  2334  2334 I AndroidRuntime: VM exiting with result code 0.
11-22 14:37:32.275  1237  1263 I ActivityManager: Force stopping br.com.catbag.gifreduxsample.test appid=10061 user=0: pkg removed
11-22 14:37:32.489  1237  1277 I InputReader: Reconfiguring input devices.  changes=0x00000010
11-22 14:37:32.699  1237  1263 E KernelUidCpuTimeReader: failed to remove uid from uid_cputime module
11-22 14:37:32.699  1237  1263 E KernelUidCpuTimeReader: java.io.FileNotFoundException: /proc/uid_cputime/remove_uid_range (No such file or directory)
11-22 14:37:32.699  1237  1263 E KernelUidCpuTimeReader: 	at java.io.FileOutputStream.open(Native Method)
11-22 14:37:32.699  1237  1263 E KernelUidCpuTimeReader: 	at java.io.FileOutputStream.<init>(FileOutputStream.java:221)
11-22 14:37:32.699  1237  1263 E KernelUidCpuTimeReader: 	at java.io.FileOutputStream.<init>(FileOutputStream.java:108)
11-22 14:37:32.699  1237  1263 E KernelUidCpuTimeReader: 	at java.io.FileWriter.<init>(FileWriter.java:63)
11-22 14:37:32.699  1237  1263 E KernelUidCpuTimeReader: 	at com.android.internal.os.KernelUidCpuTimeReader.removeUid(KernelUidCpuTimeReader.java:158)
11-22 14:37:32.699  1237  1263 E KernelUidCpuTimeReader: 	at com.android.internal.os.BatteryStatsImpl.removeUidStatsLocked(BatteryStatsImpl.java:9805)
11-22 14:37:32.699  1237  1263 E KernelUidCpuTimeReader: 	at com.android.server.am.BatteryStatsService.removeUid(BatteryStatsService.java:291)
11-22 14:37:32.699  1237  1263 E KernelUidCpuTimeReader: 	at com.android.server.am.ActivityManagerService.broadcastIntentLocked(ActivityManagerService.java:17767)
11-22 14:37:32.699  1237  1263 E KernelUidCpuTimeReader: 	at com.android.server.am.ActivityManagerService.broadcastIntent(ActivityManagerService.java:18256)
11-22 14:37:32.699  1237  1263 E KernelUidCpuTimeReader: 	at com.android.server.pm.PackageManagerService$8.run(PackageManagerService.java:11407)
11-22 14:37:32.699  1237  1263 E KernelUidCpuTimeReader: 	at android.os.Handler.handleCallback(Handler.java:751)
11-22 14:37:32.699  1237  1263 E KernelUidCpuTimeReader: 	at android.os.Handler.dispatchMessage(Handler.java:95)
11-22 14:37:32.699  1237  1263 E KernelUidCpuTimeReader: 	at android.os.Looper.loop(Looper.java:154)
11-22 14:37:32.699  1237  1263 E KernelUidCpuTimeReader: 	at android.os.HandlerThread.run(HandlerThread.java:61)
11-22 14:37:32.699  1237  1263 E KernelUidCpuTimeReader: 	at com.android.server.ServiceThread.run(ServiceThread.java:46)
11-22 14:37:32.764  1237  1251 W art     : Long monitor contention with owner PackageManager (1263) at int com.android.server.am.ActivityManagerService.broadcastIntent(android.app.IApplicationThread, android.content.Intent, java.lang.String, android.content.IIntentReceiver, int, java.lang.String, android.os.Bundle, java.lang.String[], int, android.os.Bundle, boolean, boolean, int)(ActivityManagerService.java:18249) waiters=0 in void com.android.server.am.BroadcastQueue.processNextBroadcast(boolean) for 177ms
11-22 14:37:32.782  1237  1252 W art     : Long monitor contention with owner PackageManager (1263) at int com.android.server.am.ActivityManagerService.broadcastIntent(android.app.IApplicationThread, android.content.Intent, java.lang.String, android.content.IIntentReceiver, int, java.lang.String, android.os.Bundle, java.lang.String[], int, android.os.Bundle, boolean, boolean, int)(ActivityManagerService.java:18249) waiters=1 in void com.android.server.am.ActivityManagerService.dispatchUidsChanged() for 245ms
11-22 14:37:32.792  1448  1448 D CarrierSvcBindHelper: No carrier app for: 0
11-22 14:37:33.068  1237  1252 W art     : Long monitor contention with owner NetworkStats (1298) at void com.android.server.power.PowerManagerService.acquireWakeLockInternal(android.os.IBinder, int, java.lang.String, java.lang.String, android.os.WorkSource, java.lang.String, int, int)(PowerManagerService.java:848) waiters=0 in void com.android.server.power.PowerManagerService.updateUidProcStateInternal(int, int) for 284ms
11-22 14:37:33.628  1237  1323 E TaskPersister: File error accessing recents directory (directory doesn't exist?).
11-22 14:37:33.815  1625  1652 W art     : Suspending all threads took: 11.049ms
11-22 14:37:33.844  1625  1652 I art     : Background sticky concurrent mark sweep GC freed 2812(279KB) AllocSpace objects, 0(0B) LOS objects, 23% free, 2013KB/2MB, paused 16.869ms total 107.710ms
11-22 14:37:34.108  2348  2348 D AndroidRuntime: >>>>>> START com.android.internal.os.RuntimeInit uid 2000 <<<<<<
11-22 14:37:34.112  2348  2348 D AndroidRuntime: CheckJNI is ON
11-22 14:37:34.167  2348  2348 W art     : Unexpected CPU variant for X86 using defaults: x86
11-22 14:37:34.172  2348  2348 D ICU     : No timezone override file found: /data/misc/zoneinfo/current/icu/icu_tzdata.dat
11-22 14:37:34.215  2348  2348 E memtrack: Couldn't load memtrack module (No such file or directory)
11-22 14:37:34.215  2348  2348 E android.os.Debug: failed to load memtrack module: -2
11-22 14:37:34.217  2348  2348 I Radio-JNI: register_android_hardware_Radio DONE
11-22 14:37:34.273  2348  2348 D AndroidRuntime: Calling main entry com.android.commands.pm.Pm
11-22 14:37:34.320  1237  1251 I ActivityManager: Force stopping br.com.catbag.gifreduxsample appid=10060 user=-1: deletePackageX
11-22 14:37:34.542  1237  1250 W LocationProviderProxy-network: Odd, no component found for service com.android.location.service.v3.NetworkLocationProvider
11-22 14:37:34.543  1237  1250 W GeocoderProxy: Odd, no component found for service com.android.location.service.GeocodeProvider
11-22 14:37:34.543  1237  1250 W GeofenceProxy: Odd, no component found for service com.android.location.service.GeofenceProvider
11-22 14:37:34.546  1237  1263 I art     : Starting a blocking GC Explicit
11-22 14:37:34.556  1237  1250 W ActivityRecognitionProxy: Odd, no component found for service com.android.location.service.ActivityRecognitionProvider
11-22 14:37:34.875  1237  1263 I art     : Explicit concurrent mark sweep GC freed 31082(1638KB) AllocSpace objects, 8(160KB) LOS objects, 33% free, 6MB/10MB, paused 153.995ms total 306.259ms
11-22 14:37:34.906  2348  2348 I art     : System.exit called, status: 0
11-22 14:37:34.906  2348  2348 I AndroidRuntime: VM exiting with result code 0.
11-22 14:37:35.079  1237  1263 I ActivityManager: Force stopping br.com.catbag.gifreduxsample appid=10060 user=0: pkg removed
11-22 14:37:35.453  1237  1251 W art     : Long monitor contention with owner PackageManager (1263) at int com.android.server.am.ActivityManagerService.broadcastIntent(android.app.IApplicationThread, android.content.Intent, java.lang.String, android.content.IIntentReceiver, int, java.lang.String, android.os.Bundle, java.lang.String[], int, android.os.Bundle, boolean, boolean, int)(ActivityManagerService.java:18249) waiters=0 in void com.android.server.am.ActivityStackSupervisor$ActivityStackSupervisorHandler.activityIdleInternal(com.android.server.am.ActivityRecord) for 371ms
11-22 14:37:35.676  1237  1323 W art     : Long monitor contention with owner PackageManager (1263) at int com.android.server.am.ActivityManagerService.broadcastIntent(android.app.IApplicationThread, android.content.Intent, java.lang.String, android.content.IIntentReceiver, int, java.lang.String, android.os.Bundle, java.lang.String[], int, android.os.Bundle, boolean, boolean, int)(ActivityManagerService.java:18249) waiters=1 in void com.android.server.am.TaskPersister$LazyTaskWriterThread.run() for 208ms
11-22 14:37:36.193  1237  1263 W art     : Long monitor contention with owner ActivityManager (1251) at void com.android.server.am.ActivityStackSupervisor$ActivityStackSupervisorHandler.activityIdleInternal(com.android.server.am.ActivityRecord)(ActivityStackSupervisor.java:3749) waiters=1 in int com.android.server.am.ActivityManagerService.broadcastIntent(android.app.IApplicationThread, android.content.Intent, java.lang.String, android.content.IIntentReceiver, int, java.lang.String, android.os.Bundle, java.lang.String[], int, android.os.Bundle, boolean, boolean, int) for 478ms
11-22 14:37:36.391  1237  1277 I InputReader: Reconfiguring input devices.  changes=0x00000010
11-22 14:37:36.463  1237  1263 E KernelUidCpuTimeReader: failed to remove uid from uid_cputime module
11-22 14:37:36.463  1237  1263 E KernelUidCpuTimeReader: java.io.FileNotFoundException: /proc/uid_cputime/remove_uid_range (No such file or directory)
11-22 14:37:36.463  1237  1263 E KernelUidCpuTimeReader: 	at java.io.FileOutputStream.open(Native Method)
11-22 14:37:36.463  1237  1263 E KernelUidCpuTimeReader: 	at java.io.FileOutputStream.<init>(FileOutputStream.java:221)
11-22 14:37:36.463  1237  1263 E KernelUidCpuTimeReader: 	at java.io.FileOutputStream.<init>(FileOutputStream.java:108)
11-22 14:37:36.463  1237  1263 E KernelUidCpuTimeReader: 	at java.io.FileWriter.<init>(FileWriter.java:63)
11-22 14:37:36.463  1237  1263 E KernelUidCpuTimeReader: 	at com.android.internal.os.KernelUidCpuTimeReader.removeUid(KernelUidCpuTimeReader.java:158)
11-22 14:37:36.463  1237  1263 E KernelUidCpuTimeReader: 	at com.android.internal.os.BatteryStatsImpl.removeUidStatsLocked(BatteryStatsImpl.java:9805)
11-22 14:37:36.463  1237  1263 E KernelUidCpuTimeReader: 	at com.android.server.am.BatteryStatsService.removeUid(BatteryStatsService.java:291)
11-22 14:37:36.463  1237  1263 E KernelUidCpuTimeReader: 	at com.android.server.am.ActivityManagerService.broadcastIntentLocked(ActivityManagerService.java:17767)
11-22 14:37:36.463  1237  1263 E KernelUidCpuTimeReader: 	at com.android.server.am.ActivityManagerService.broadcastIntent(ActivityManagerService.java:18256)
11-22 14:37:36.463  1237  1263 E KernelUidCpuTimeReader: 	at com.android.server.pm.PackageManagerService$8.run(PackageManagerService.java:11407)
11-22 14:37:36.463  1237  1263 E KernelUidCpuTimeReader: 	at android.os.Handler.handleCallback(Handler.java:751)
11-22 14:37:36.463  1237  1263 E KernelUidCpuTimeReader: 	at android.os.Handler.dispatchMessage(Handler.java:95)
11-22 14:37:36.463  1237  1263 E KernelUidCpuTimeReader: 	at android.os.Looper.loop(Looper.java:154)
11-22 14:37:36.463  1237  1263 E KernelUidCpuTimeReader: 	at android.os.HandlerThread.run(HandlerThread.java:61)
11-22 14:37:36.463  1237  1263 E KernelUidCpuTimeReader: 	at com.android.server.ServiceThread.run(ServiceThread.java:46)
11-22 14:37:36.855  1730  1748 W art     : Suspending all threads took: 33.003ms
11-22 14:37:37.092  1730  1748 I art     : Background partial concurrent mark sweep GC freed 4311(282KB) AllocSpace objects, 7(124KB) LOS objects, 40% free, 3MB/6MB, paused 110.786ms total 1.727s
11-22 14:37:38.535  1346  1367 W art     : Suspending all threads took: 13.009ms
11-22 14:37:39.040  1346  1367 I art     : Background partial concurrent mark sweep GC freed 28745(1170KB) AllocSpace objects, 12(5MB) LOS objects, 40% free, 4MB/7MB, paused 67.207ms total 3.458s
11-22 14:37:39.161  1237  1323 E TaskPersister: File error accessing recents directory (directory doesn't exist?).
11-22 14:37:40.055  1237  1252 W art     : Long monitor contention with owner NetworkPolicy (1299) at void com.android.server.net.NetworkPolicyManagerService$MyPackageMonitor.onPackageRemoved(java.lang.String, int)(NetworkPolicyManagerService.java:3487) waiters=0 in void com.android.server.net.NetworkPolicyManagerService$1.onUidStateChanged(int, int) for 3.764s
11-22 14:37:40.148  1448  1448 D CarrierSvcBindHelper: No carrier app for: 0
11-22 14:37:40.473  1237  1252 W art     : Long monitor contention with owner NetworkPolicy (1299) at void com.android.server.net.NetworkPolicyManagerService$6.onReceive(android.content.Context, android.content.Intent)(NetworkPolicyManagerService.java:732) waiters=0 in void com.android.server.net.NetworkPolicyManagerService$1.onUidStateChanged(int, int) for 413ms
11-22 14:37:40.640  1237  1250 W LocationProviderProxy-network: Odd, no component found for service com.android.location.service.v3.NetworkLocationProvider
11-22 14:37:40.641  1237  1250 W GeocoderProxy: Odd, no component found for service com.android.location.service.GeocodeProvider
11-22 14:37:40.641  1237  1250 W GeofenceProxy: Odd, no component found for service com.android.location.service.GeofenceProvider
11-22 14:37:40.641  1237  1250 W ActivityRecognitionProxy: Odd, no component found for service com.android.location.service.ActivityRecognitionProvider
11-22 14:37:40.882  2053  2066 W art     : Long monitor contention with owner main (2053) at long android.os.SystemClock.uptimeMillis()(SystemClock.java:-2) waiters=0 in boolean android.os.MessageQueue.enqueueMessage(android.os.Message, long) for 5.695s
11-22 14:37:41.200  1730  1730 I Choreographer: Skipped 72 frames!  The application may be doing too much work on its main thread.
11-22 14:37:41.388  1730  1730 I Choreographer: Skipped 41 frames!  The application may be doing too much work on its main thread.
11-22 14:37:41.875  2177  2188 W art     : Suspending all threads took: 27.036ms
11-22 14:37:42.709  1693  1693 W ContextImpl: Calling a method in the system process without a qualified user: android.app.ContextImpl.startService:1385 android.content.ContextWrapper.startService:613 android.content.ContextWrapper.startService:613 com.android.keychain.KeyChainBroadcastReceiver.onReceive:12 android.app.ActivityThread.handleReceiver:3011 
11-22 14:37:43.511  1237  1370 W ActivityManager: Slow operation: 149ms so far, now at startProcess: returned from zygote!
11-22 14:37:43.512  1237  1370 W ActivityManager: Slow operation: 149ms so far, now at startProcess: done updating battery stats
11-22 14:37:43.512  1237  1370 W ActivityManager: Slow operation: 150ms so far, now at startProcess: building log message
11-22 14:37:43.512  1237  1370 I ActivityManager: Start proc 2363:com.android.documentsui/u0a7 for broadcast com.android.documentsui/.PackageReceiver
11-22 14:37:43.535  1237  1370 W ActivityManager: Slow operation: 173ms so far, now at startProcess: starting to update pids map
11-22 14:37:43.536  1237  1370 W ActivityManager: Slow operation: 173ms so far, now at startProcess: done updating pids map
11-22 14:37:43.536  1237  1370 W ActivityManager: Slow operation: 184ms so far, now at startProcess: done starting proc!
11-22 14:37:43.582  2363  2363 W art     : Unexpected CPU variant for X86 using defaults: x86
11-22 14:37:44.512  2363  2363 W System  : ClassLoader referenced unknown path: /system/priv-app/DocumentsUI/lib/x86
11-22 14:37:44.548  1705  2378 D VoicemailCleanupService: Cleaning up data for package: br.com.catbag.gifreduxsample.test
11-22 14:37:45.543  1324  1488 I LatinIME:LogUtils: Dictionary info: dictionary = main:en ; version = 54 ; date = 1414726273
11-22 14:37:46.901  1324  1488 I LatinIME:LogUtils: Dictionary info: dictionary = main:en ; version = 54 ; date = 1414726273
11-22 14:37:48.738  1237  1667 W ActivityManager: Slow operation: 191ms so far, now at startProcess: returned from zygote!
11-22 14:37:48.739  1237  1667 W ActivityManager: Slow operation: 191ms so far, now at startProcess: done updating battery stats
11-22 14:37:48.740  1237  1667 W ActivityManager: Slow operation: 192ms so far, now at startProcess: building log message
11-22 14:37:48.761  1237  1667 I ActivityManager: Start proc 2383:com.android.externalstorage/u0a11 for content provider com.android.externalstorage/.ExternalStorageProvider
11-22 14:37:48.761  1237  1667 W ActivityManager: Slow operation: 214ms so far, now at startProcess: starting to update pids map
11-22 14:37:48.762  1237  1667 W ActivityManager: Slow operation: 214ms so far, now at startProcess: done updating pids map
11-22 14:37:48.762  1237  1667 W ActivityManager: Slow operation: 241ms so far, now at startProcess: done starting proc!
11-22 14:37:48.762  1237  1667 W ActivityManager: Slow operation: 251ms so far, now at getContentProviderImpl: after start process
11-22 14:37:48.762  1237  1667 W ActivityManager: Slow operation: 251ms so far, now at getContentProviderImpl: updating data structures
11-22 14:37:48.763  1237  1667 W ActivityManager: Slow operation: 252ms so far, now at getContentProviderImpl: done!
11-22 14:37:48.782  2383  2383 W art     : Unexpected CPU variant for X86 using defaults: x86
11-22 14:37:49.969  1237  1642 I ActivityManager: Killing 1969:com.android.quicksearchbox/u0a50 (adj 906): empty #17
11-22 14:37:50.663  2383  2383 W System  : ClassLoader referenced unknown path: /system/priv-app/ExternalStorageProvider/lib/x86
11-22 14:37:51.267  2383  2383 D ExternalStorage: After updating volumes, found 2 active roots
11-22 14:37:51.803  1693  1693 W ContextImpl: Calling a method in the system process without a qualified user: android.app.ContextImpl.startService:1385 android.content.ContextWrapper.startService:613 android.content.ContextWrapper.startService:613 com.android.keychain.KeyChainBroadcastReceiver.onReceive:12 android.app.ActivityThread.handleReceiver:3011 
11-22 14:37:52.259  1705  2401 D VoicemailCleanupService: Cleaning up data for package: br.com.catbag.gifreduxsample
11-22 14:37:54.183  2402  2402 W art     : Unexpected CPU variant for X86 using defaults: x86
11-22 14:37:54.188  1237  1638 W ActivityManager: Slow operation: 111ms so far, now at startProcess: returned from zygote!
11-22 14:37:54.188  1237  1638 W ActivityManager: Slow operation: 111ms so far, now at startProcess: done updating battery stats
11-22 14:37:54.195  1237  1638 W ActivityManager: Slow operation: 118ms so far, now at startProcess: building log message
11-22 14:37:54.195  1237  1638 I ActivityManager: Start proc 2402:com.android.mtp/u0a8 for content provider com.android.mtp/.MtpDocumentsProvider
11-22 14:37:54.195  1237  1638 W ActivityManager: Slow operation: 118ms so far, now at startProcess: starting to update pids map
11-22 14:37:54.196  1237  1638 W ActivityManager: Slow operation: 118ms so far, now at startProcess: done updating pids map
11-22 14:37:54.196  1237  1638 W ActivityManager: Slow operation: 135ms so far, now at startProcess: done starting proc!
11-22 14:37:54.201  1237  1638 W ActivityManager: Slow operation: 142ms so far, now at getContentProviderImpl: after start process
11-22 14:37:54.201  1237  1638 W ActivityManager: Slow operation: 142ms so far, now at getContentProviderImpl: updating data structures
11-22 14:37:54.202  1237  1638 W ActivityManager: Slow operation: 143ms so far, now at getContentProviderImpl: done!
11-22 14:37:54.627  1237  1642 I ActivityManager: Killing 1500:com.android.settings/1000 (adj 906): empty #17
11-22 14:37:56.140  2383  2394 W art     : Suspending all threads took: 58.053ms
11-22 14:37:56.400  1346  1346 W art     : Long monitor contention with owner PhoneStatusBar (1590) at boolean android.os.MessageQueue.enqueueMessage(android.os.Message, long)(MessageQueue.java:541) waiters=0 in android.os.Message android.os.MessageQueue.next() for 278ms
11-22 14:37:56.717  1237  1249 D VoldConnector: SND -> {30 appfuse mount 10008 2402 MtpDocumentsProvider}
11-22 14:37:56.913  1237  1280 D VoldConnector: RCV <- {200 30 AppFuse command succeeded}
11-22 14:38:16.110  1237  1321 D LightsService: Excessive delay setting light: 163ms
