V/WindowManager( 1243): Adding window Window{f202bb7 u0 Starting br.com.catbag.gifreduxsample} at 3 of 6 (after Window{1f85f01d u0 br.com.catbag.gifreduxsample/br.com.catbag.gifreduxsample.ui.GifListActivity})
I/Choreographer( 1799): Skipped 94 frames!  The application may be doing too much work on its main thread.
D/LifecycleMonitor( 2355): Lifecycle status change: br.com.catbag.gifreduxsample.ui.GifListActivity@3c929eb0 in: PRE_ON_CREATE
D/LifecycleMonitor( 2355): Lifecycle status change: br.com.catbag.gifreduxsample.ui.GifListActivity@3c929eb0 in: CREATED
D/LifecycleMonitor( 2355): Lifecycle status change: br.com.catbag.gifreduxsample.ui.GifListActivity@3c929eb0 in: STARTED
D/LifecycleMonitor( 2355): Lifecycle status change: br.com.catbag.gifreduxsample.ui.GifListActivity@3c929eb0 in: RESUMED
I/DroidFlux:Dispatcher( 2355): [STARTED] dispatch of action [APP_STATE_LOAD]
D/DroidFlux:Dispatcher( 2355): An action of type [APP_STATE_LOAD] was dispatched, but no reducer handled it
I/DroidFlux:Dispatcher( 2355): [COMPLETED] dispatch of action [APP_STATE_LOAD]
I/Choreographer( 1243): Skipped 31 frames!  The application may be doing too much work on its main thread.
I/Choreographer( 1243): Skipped 40 frames!  The application may be doing too much work on its main thread.
I/Choreographer( 1243): Skipped 31 frames!  The application may be doing too much work on its main thread.
I/Choreographer( 1243): Skipped 33 frames!  The application may be doing too much work on its main thread.
W/art     ( 1243): Long monitor contention event with owner method=void com.android.server.wm.WindowAnimator$1.run() from WindowAnimator.java:124 waiters=1 for 265ms
V/WindowManager( 1243): Adding window Window{3c52daaf u0 br.com.catbag.gifreduxsample/br.com.catbag.gifreduxsample.ui.GifListActivity} at 3 of 7 (before Window{f202bb7 u0 Starting br.com.catbag.gifreduxsample})
I/Choreographer( 2355): Skipped 175 frames!  The application may be doing too much work on its main thread.
E/Feed    ( 2355): Gif{uuid=07189847-0e0d-4a08-b276-ba96846483f9, path=, url=, title=, watched=false, status=DOWNLOADED}
E/Feed    ( 2355): pl.droidsonroids.gif.GifIOException: GifError 101: Failed to open given input
E/Feed    ( 2355): 	at pl.droidsonroids.gif.GifInfoHandle.openFile(Native Method)
E/Feed    ( 2355): 	at pl.droidsonroids.gif.GifInfoHandle.<init>(GifInfoHandle.java:46)
E/Feed    ( 2355): 	at pl.droidsonroids.gif.GifDrawable.<init>(GifDrawable.java:124)
E/Feed    ( 2355): 	at br.com.catbag.gifreduxsample.ui.components.FeedComponent.createDrawable(FeedComponent.java:104)
E/Feed    ( 2355): 	at br.com.catbag.gifreduxsample.ui.components.FeedComponent.lambda$renderGifView$2(FeedComponent.java:90)
E/Feed    ( 2355): 	at br.com.catbag.gifreduxsample.ui.components.FeedComponent$$Lambda$2.view(Unknown Source)
E/Feed    ( 2355): 	at trikita.anvil.BaseDSL.v(BaseDSL.java:670)
E/Feed    ( 2355): 	at br.com.catbag.gifreduxsample.ui.components.FeedComponent.renderGifView(FeedComponent.java:88)
E/Feed    ( 2355): 	at br.com.catbag.gifreduxsample.ui.components.FeedComponent.lambda$null$0(FeedComponent.java:55)
E/Feed    ( 2355): 	at br.com.catbag.gifreduxsample.ui.components.FeedComponent$$Lambda$3.view(Unknown Source)
E/Feed    ( 2355): 	at br.com.catbag.gifreduxsample.ui.components.GifsAdapter.view(GifsAdapter.java:55)
E/Feed    ( 2355): 	at trikita.anvil.RenderableRecyclerViewAdapter$1.view(RenderableRecyclerViewAdapter.java:24)
E/Feed    ( 2355): 	at trikita.anvil.Anvil$Mount.render(Anvil.java:204)
E/Feed    ( 2355): 	at trikita.anvil.Anvil.render(Anvil.java:173)
E/Feed    ( 2355): 	at trikita.anvil.RenderableRecyclerViewAdapter.onBindViewHolder(RenderableRecyclerViewAdapter.java:27)
E/Feed    ( 2355): 	at trikita.anvil.RenderableRecyclerViewAdapter.onBindViewHolder(RenderableRecyclerViewAdapter.java:7)
E/Feed    ( 2355): 	at android.support.v7.widget.RecyclerView$Adapter.onBindViewHolder(RecyclerView.java:5768)
E/Feed    ( 2355): 	at android.support.v7.widget.RecyclerView$Adapter.bindViewHolder(RecyclerView.java:5801)
E/Feed    ( 2355): 	at android.support.v7.widget.RecyclerView$Recycler.getViewForPosition(RecyclerView.java:5037)
E/Feed    ( 2355): 	at android.support.v7.widget.RecyclerView$Recycler.getViewForPosition(RecyclerView.java:4913)
E/Feed    ( 2355): 	at android.support.v7.widget.LinearLayoutManager$LayoutState.next(LinearLayoutManager.java:2029)
E/Feed    ( 2355): 	at android.support.v7.widget.LinearLayoutManager.layoutChunk(LinearLayoutManager.java:1414)
E/Feed    ( 2355): 	at android.support.v7.widget.LinearLayoutManager.fill(LinearLayoutManager.java:1377)
E/Feed    ( 2355): 	at android.support.v7.widget.LinearLayoutManager.onLayoutChildren(LinearLayoutManager.java:578)
E/Feed    ( 2355): 	at android.support.v7.widget.RecyclerView.dispatchLayoutStep2(RecyclerView.java:3260)
E/Feed    ( 2355): 	at android.support.v7.widget.RecyclerView.dispatchLayout(RecyclerView.java:3069)
E/Feed    ( 2355): 	at android.support.v7.widget.RecyclerView.onLayout(RecyclerView.java:3518)
E/Feed    ( 2355): 	at android.view.View.layout(View.java:15671)
E/Feed    ( 2355): 	at android.view.ViewGroup.layout(ViewGroup.java:5038)
E/Feed    ( 2355): 	at android.widget.FrameLayout.layoutChildren(FrameLayout.java:579)
E/Feed    ( 2355): 	at android.widget.FrameLayout.onLayout(FrameLayout.java:514)
E/Feed    ( 2355): 	at android.view.View.layout(View.java:15671)
E/Feed    ( 2355): 	at android.view.ViewGroup.layout(ViewGroup.java:5038)
E/Feed    ( 2355): 	at android.widget.RelativeLayout.onLayout(RelativeLayout.java:1076)
E/Feed    ( 2355): 	at android.view.View.layout(View.java:15671)
E/Feed    ( 2355): 	at android.view.ViewGroup.layout(ViewGroup.java:5038)
E/Feed    ( 2355): 	at android.widget.FrameLayout.layoutChildren(FrameLayout.java:579)
E/Feed    ( 2355): 	at android.widget.FrameLayout.onLayout(FrameLayout.java:514)
E/Feed    ( 2355): 	at android.view.View.layout(View.java:15671)
E/Feed    ( 2355): 	at android.view.ViewGroup.layout(ViewGroup.java:5038)
E/Feed    ( 2355): 	at android.support.v7.widget.ActionBarOverlayLayout.onLayout(ActionBarOverlayLayout.java:435)
E/Feed    ( 2355): 	at android.view.View.layout(View.java:15671)
E/Feed    ( 2355): 	at android.view.ViewGroup.layout(ViewGroup.java:5038)
E/Feed    ( 2355): 	at android.widget.FrameLayout.layoutChildren(FrameLayout.java:579)
E/Feed    ( 2355): 	at android.widget.FrameLayout.onLayout(FrameLayout.java:514)
E/Feed    ( 2355): 	at android.view.View.layout(View.java:15671)
E/Feed    ( 2355): 	at android.view.ViewGroup.layout(ViewGroup.java:5038)
E/Feed    ( 2355): 	at android.widget.LinearLayout.setChildFrame(LinearLayout.java:1703)
E/Feed    ( 2355): 	at android.widget.LinearLayout.layoutVertical(LinearLayout.java:1557)
E/Feed    ( 2355): 	at android.widget.LinearLayout.onLayout(LinearLayout.java:1466)
E/Feed    ( 2355): 	at android.view.View.layout(View.java:15671)
E/Feed    ( 2355): 	at android.view.ViewGroup.layout(ViewGroup.java:5038)
E/Feed    ( 2355): 	at android.widget.FrameLayout.layoutChildren(FrameLayout.java:579)
E/Feed    ( 2355): 	at android.widget.FrameLayout.onLayout(FrameL
I/ActivityManager( 1243): Displayed br.com.catbag.gifreduxsample/.ui.GifListActivity: +969ms
D/LifecycleMonitor( 2355): Lifecycle status change: br.com.catbag.gifreduxsample.ui.GifListActivity@133550ec in: STOPPED
D/LifecycleMonitor( 2355): Lifecycle status change: br.com.catbag.gifreduxsample.ui.GifListActivity@133550ec in: DESTROYED
I/Choreographer( 2355): Skipped 43 frames!  The application may be doing too much work on its main thread.
D/gralloc (  923): Registering a buffer in the process that created it. This may cause memory ordering problems.
E/libEGL  (  923): called unimplemented OpenGL ES API
E/SurfaceFlinger(  923): glCheckFramebufferStatusOES error -847906629
E/SurfaceFlinger(  923): got GL_FRAMEBUFFER_COMPLETE_OES error while taking screenshot
W/WindowManager( 1243): Screenshot failure taking screenshot for (480x800) to layer 21010
I/TestRunner( 2355): finished: whenGifIsNotWatchedTest(br.com.catbag.gifreduxsample.ui.giflist.GifListActivityTest)
D/LifecycleMonitor( 2355): Lifecycle status change: br.com.catbag.gifreduxsample.ui.GifListActivity@3c929eb0 in: PAUSED
I/MonitoringInstrumentation( 2355): Activities that are still in CREATED to STOPPED: 1
I/TestRunner( 2355): started: whenGifIsDownloadingTest(br.com.catbag.gifreduxsample.ui.giflist.GifListActivityTest)
I/MonitoringInstrumentation( 2355): Activities that are still in CREATED to STOPPED: 1
I/DroidFlux:Dispatcher( 2355): [STARTED] dispatch of action [FAKE_REDUCE_ACTION]
I/DroidFlux:Dispatcher( 2355): [COMPLETED] dispatch of action [FAKE_REDUCE_ACTION]
D/ActivityTestRule( 2355): Launching activity br.com.catbag.gifreduxsample.ui.GifListActivity
D/MonitoringInstrumentation( 2355): execStartActivity(context, ibinder, ibinder, activity, intent, int, bundle
I/ActivityManager( 1243): START u0 {flg=0x10000000 cmp=br.com.catbag.gifreduxsample/.ui.GifListActivity} from uid 10053 on display 0
V/WindowManager( 1243): addAppToken: AppWindowToken{1b5a71f2 token=Token{21a1c0fd ActivityRecord{47c72cb u0 br.com.catbag.gifreduxsample/.ui.GifListActivity t6}}} to stack=1 task=6 at 0
D/LifecycleMonitor( 2355): Lifecycle status change: br.com.catbag.gifreduxsample.ui.GifListActivity@3c929eb0 in: STOPPED
D/LifecycleMonitor( 2355): Lifecycle status change: br.com.catbag.gifreduxsample.ui.GifListActivity@3c929eb0 in: DESTROYED
V/WindowManager( 1243): Adding window Window{377d12b5 u0 Starting br.com.catbag.gifreduxsample} at 3 of 6 (after Window{3c52daaf u0 br.com.catbag.gifreduxsample/br.com.catbag.gifreduxsample.ui.GifListActivity EXITING})
I/Choreographer( 1243): Skipped 36 frames!  The application may be doing too much work on its main thread.
D/LifecycleMonitor( 2355): Lifecycle status change: br.com.catbag.gifreduxsample.ui.GifListActivity@323abbc5 in: PRE_ON_CREATE
I/Choreographer( 1569): Skipped 30 frames!  The application may be doing too much work on its main thread.
D/LifecycleMonitor( 2355): Lifecycle status change: br.com.catbag.gifreduxsample.ui.GifListActivity@323abbc5 in: CREATED
I/DroidFlux:Dispatcher( 2355): [STARTED] dispatch of action [APP_STATE_LOAD]
D/DroidFlux:Dispatcher( 2355): An action of type [APP_STATE_LOAD] was dispatched, but no reducer handled it
I/DroidFlux:Dispatcher( 2355): [COMPLETED] dispatch of action [APP_STATE_LOAD]
D/LifecycleMonitor( 2355): Lifecycle status change: br.com.catbag.gifreduxsample.ui.GifListActivity@323abbc5 in: STARTED
D/LifecycleMonitor( 2355): Lifecycle status change: br.com.catbag.gifreduxsample.ui.GifListActivity@323abbc5 in: RESUMED
V/WindowManager( 1243): Adding window Window{3eadd197 u0 br.com.catbag.gifreduxsample/br.com.catbag.gifreduxsample.ui.GifListActivity} at 2 of 6 (before Window{377d12b5 u0 Starting br.com.catbag.gifreduxsample})
D/gralloc (  923): Registering a buffer in the process that created it. This may cause memory ordering problems.
E/libEGL  (  923): called unimplemented OpenGL ES API
E/SurfaceFlinger(  923): glCheckFramebufferStatusOES error -847906629
E/SurfaceFlinger(  923): got GL_FRAMEBUFFER_COMPLETE_OES error while taking screenshot
W/WindowManager( 1243): Screenshot failure taking screenshot for (480x800) to layer 22015
D/LifecycleMonitor( 2355): Lifecycle status change: br.com.catbag.gifreduxsample.ui.GifListActivity@323abbc5 in: PAUSED
I/TestRunner( 2355): finished: whenGifIsDownloadingTest(br.com.catbag.gifreduxsample.ui.giflist.GifListActivityTest)
I/MonitoringInstrumentation( 2355): Activities that are still in CREATED to STOPPED: 1
I/TestRunner( 2355): started: whenListKeepOrderedAfterPlayTest(br.com.catbag.gifreduxsample.ui.giflist.GifListActivityTest)
I/MonitoringInstrumentation( 2355): Activities that are still in CREATED to STOPPED: 1
E/Vold    (  922): Failed to find mounted volume for /storage/sdcard/Android/data/br.com.catbag.gifreduxsample/cache/
W/Vold    (  922): Returning OperationFailed - no handler for errno 0
W/ContextImpl( 2355): Failed to ensure directory: /storage/sdcard/Android/data/br.com.catbag.gifreduxsample/cache
E/FileUtils( 2355): 
E/FileUtils( 2355): java.io.FileNotFoundException: null/test.gif: open failed: ENOENT (No such file or directory)
E/FileUtils( 2355): 	at libcore.io.IoBridge.open(IoBridge.java:456)
E/FileUtils( 2355): 	at java.io.FileOutputStream.<init>(FileOutputStream.java:87)
E/FileUtils( 2355): 	at java.io.FileOutputStream.<init>(FileOutputStream.java:72)
E/FileUtils( 2355): 	at br.com.catbag.gifreduxsample.utils.FileUtils.createFakeGifFile(FileUtils.java:27)
E/FileUtils( 2355): 	at br.com.catbag.gifreduxsample.ui.giflist.GifListActivityTest.createFakeGifList(GifListActivityTest.java:364)
E/FileUtils( 2355): 	at br.com.catbag.gifreduxsample.ui.giflist.GifListActivityTest.whenListKeepOrderedAfterPlayTest(GifListActivityTest.java:296)
E/FileUtils( 2355): 	at java.lang.reflect.Method.invoke(Native Method)
E/FileUtils( 2355): 	at java.lang.reflect.Method.invoke(Method.java:372)
E/FileUtils( 2355): 	at org.junit.runners.model.FrameworkMethod$1.runReflectiveCall(FrameworkMethod.java:50)
E/FileUtils( 2355): 	at org.junit.internal.runners.model.ReflectiveCallable.run(ReflectiveCallable.java:12)
E/FileUtils( 2355): 	at org.junit.runners.model.FrameworkMethod.invokeExplosively(FrameworkMethod.java:47)
E/FileUtils( 2355): 	at org.junit.internal.runners.statements.InvokeMethod.evaluate(InvokeMethod.java:17)
E/FileUtils( 2355): 	at org.junit.internal.runners.statements.RunBefores.evaluate(RunBefores.java:26)
E/FileUtils( 2355): 	at org.junit.internal.runners.statements.RunAfters.evaluate(RunAfters.java:27)
E/FileUtils( 2355): 	at android.support.test.internal.statement.UiThreadStatement.evaluate(UiThreadStatement.java:55)
E/FileUtils( 2355): 	at android.support.test.rule.ActivityTestRule$ActivityStatement.evaluate(ActivityTestRule.java:270)
E/FileUtils( 2355): 	at org.junit.internal.runners.statements.FailOnTimeout$CallableStatement.call(FailOnTimeout.java:298)
E/FileUtils( 2355): 	at org.junit.internal.runners.statements.FailOnTimeout$CallableStatement.call(FailOnTimeout.java:292)
E/FileUtils( 2355): 	at java.util.concurrent.FutureTask.run(FutureTask.java:237)
E/FileUtils( 2355): 	at java.lang.Thread.run(Thread.java:818)
E/FileUtils( 2355): Caused by: android.system.ErrnoException: open failed: ENOENT (No such file or directory)
E/FileUtils( 2355): 	at libcore.io.Posix.open(Native Method)
E/FileUtils( 2355): 	at libcore.io.BlockGuardOs.open(BlockGuardOs.java:186)
E/FileUtils( 2355): 	at libcore.io.IoBridge.open(IoBridge.java:442)
E/FileUtils( 2355): 	... 19 more
I/DroidFlux:Dispatcher( 2355): [STARTED] dispatch of action [FAKE_REDUCE_ACTION]
I/DroidFlux:Dispatcher( 2355): [COMPLETED] dispatch of action [FAKE_REDUCE_ACTION]
D/ActivityTestRule( 2355): Launching activity br.com.catbag.gifreduxsample.ui.GifListActivity
D/MonitoringInstrumentation( 2355): execStartActivity(context, ibinder, ibinder, activity, intent, int, bundle
I/ActivityManager( 1243): START u0 {flg=0x10000000 cmp=br.com.catbag.gifreduxsample/.ui.GifListActivity} from uid 10053 on display 0
V/WindowManager( 1243): addAppToken: AppWindowToken{13ec2b1c token=Token{13735c8f ActivityRecord{24496fee u0 br.com.catbag.gifreduxsample/.ui.GifListActivity t7}}} to stack=1 task=7 at 0
D/LifecycleMonitor( 2355): Lifecycle status change: br.com.catbag.gifreduxsample.ui.GifListActivity@323abbc5 in: STOPPED
D/LifecycleMonitor( 2355): Lifecycle status change: br.com.catbag.gifreduxsample.ui.GifListActivity@323abbc5 in: DESTROYED
V/WindowManager( 1243): Adding window Window{15104e87 u0 Starting br.com.catbag.gifreduxsample} at 3 of 6 (after Window{3eadd197 u0 br.com.catbag.gifreduxsample/br.com.catbag.gifreduxsample.ui.GifListActivity EXITING})
I/Choreographer( 1243): Skipped 35 frames!  The application may be doing too much work on its main thread.
D/LifecycleMonitor( 2355): Lifecycle status change: br.com.catbag.gifreduxsample.ui.GifListActivity@3b4d5007 in: PRE_ON_CREATE
I/Choreographer( 1569): Skipped 45 frames!  The application may be doing too much work on its main thread.
D/LifecycleMonitor( 2355): Lifecycle status change: br.com.catbag.gifreduxsample.ui.GifListActivity@3b4d5007 in: CREATED
D/LifecycleMonitor( 2355): Lifecycle status change: br.com.catbag.gifreduxsample.ui.GifListActivity@3b4d5007 in: STARTED
D/LifecycleMonitor( 2355): Lifecycle status change: br.com.catbag.gifreduxsample.ui.GifListActivity@3b4d5007 in: RESUMED
V/WindowManager( 1243): Adding window Window{aaf5ed9 u0 br.com.catbag.gifreduxsample/br.com.catbag.gifreduxsample.ui.GifListActivity} at 3 of 7 (before Window{15104e87 u0 Starting br.com.catbag.gifreduxsample})
I/DroidFlux:Dispatcher( 2355): [STARTED] dispatch of action [APP_STATE_LOAD]
D/DroidFlux:Dispatcher( 2355): An action of type [APP_STATE_LOAD] was dispatched, but no reducer handled it
I/DroidFlux:Dispatcher( 2355): [COMPLETED] dispatch of action [APP_STATE_LOAD]
I/Choreographer( 1569): Skipped 32 frames!  The application may be doing too much work on its main thread.
E/Feed    ( 2355): Gif{uuid=026616a3-5341-4858-a0ff-e2d535cabd75, path=/null/test.gif, url=, title=gif0, watched=false, status=DOWNLOADED}
E/Feed    ( 2355): pl.droidsonroids.gif.GifIOException: GifError 101: Failed to open given input
E/Feed    ( 2355): 	at pl.droidsonroids.gif.GifInfoHandle.openFile(Native Method)
E/Feed    ( 2355): 	at pl.droidsonroids.gif.GifInfoHandle.<init>(GifInfoHandle.java:46)
E/Feed    ( 2355): 	at pl.droidsonroids.gif.GifDrawable.<init>(GifDrawable.java:124)
E/Feed    ( 2355): 	at br.com.catbag.gifreduxsample.ui.components.FeedComponent.createDrawable(FeedComponent.java:104)
E/Feed    ( 2355): 	at br.com.catbag.gifreduxsample.ui.components.FeedComponent.lambda$renderGifView$2(FeedComponent.java:90)
E/Feed    ( 2355): 	at br.com.catbag.gifreduxsample.ui.components.FeedComponent$$Lambda$2.view(Unknown Source)
E/Feed    ( 2355): 	at trikita.anvil.BaseDSL.v(BaseDSL.java:670)
E/Feed    ( 2355): 	at br.com.catbag.gifreduxsample.ui.components.FeedComponent.renderGifView(FeedComponent.java:88)
E/Feed    ( 2355): 	at br.com.catbag.gifreduxsample.ui.components.FeedComponent.lambda$null$0(FeedComponent.java:55)
E/Feed    ( 2355): 	at br.com.catbag.gifreduxsample.ui.components.FeedComponent$$Lambda$3.view(Unknown Source)
E/Feed    ( 2355): 	at br.com.catbag.gifreduxsample.ui.components.GifsAdapter.view(GifsAdapter.java:55)
E/Feed    ( 2355): 	at trikita.anvil.RenderableRecyclerViewAdapter$1.view(RenderableRecyclerViewAdapter.java:24)
E/Feed    ( 2355): 	at trikita.anvil.Anvil$Mount.render(Anvil.java:204)
E/Feed    ( 2355): 	at trikita.anvil.Anvil.render(Anvil.java:173)
E/Feed    ( 2355): 	at trikita.anvil.RenderableRecyclerViewAdapter.onBindViewHolder(RenderableRecyclerViewAdapter.java:27)
E/Feed    ( 2355): 	at trikita.anvil.RenderableRecyclerViewAdapter.onBindViewHolder(RenderableRecyclerViewAdapter.java:7)
E/Feed    ( 2355): 	at android.support.v7.widget.RecyclerView$Adapter.onBindViewHolder(RecyclerView.java:5768)
E/Feed    ( 2355): 	at android.support.v7.widget.RecyclerView$Adapter.bindViewHolder(RecyclerView.java:5801)
E/Feed    ( 2355): 	at android.support.v7.widget.RecyclerView$Recycler.getViewForPosition(RecyclerView.java:5037)
E/Feed    ( 2355): 	at android.support.v7.widget.RecyclerView$Recycler.getViewForPosition(RecyclerView.java:4913)
E/Feed    ( 2355): 	at android.support.v7.widget.LinearLayoutManager$LayoutState.next(LinearLayoutManager.java:2029)
E/Feed    ( 2355): 	at android.support.v7.widget.LinearLayoutManager.layoutChunk(LinearLayoutManager.java:1414)
E/Feed    ( 2355): 	at android.support.v7.widget.LinearLayoutManager.fill(LinearLayoutManager.java:1377)
E/Feed    ( 2355): 	at android.support.v7.widget.LinearLayoutManager.onLayoutChildren(LinearLayoutManager.java:578)
E/Feed    ( 2355): 	at android.support.v7.widget.RecyclerView.dispatchLayoutStep2(RecyclerView.java:3260)
E/Feed    ( 2355): 	at android.support.v7.widget.RecyclerView.dispatchLayout(RecyclerView.java:3069)
E/Feed    ( 2355): 	at android.support.v7.widget.RecyclerView.onLayout(RecyclerView.java:3518)
E/Feed    ( 2355): 	at android.view.View.layout(View.java:15671)
E/Feed    ( 2355): 	at android.view.ViewGroup.layout(ViewGroup.java:5038)
E/Feed    ( 2355): 	at android.widget.FrameLayout.layoutChildren(FrameLayout.java:579)
E/Feed    ( 2355): 	at android.widget.FrameLayout.onLayout(FrameLayout.java:514)
E/Feed    ( 2355): 	at android.view.View.layout(View.java:15671)
E/Feed    ( 2355): 	at android.view.ViewGroup.layout(ViewGroup.java:5038)
E/Feed    ( 2355): 	at android.widget.RelativeLayout.onLayout(RelativeLayout.java:1076)
E/Feed    ( 2355): 	at android.view.View.layout(View.java:15671)
E/Feed    ( 2355): 	at android.view.ViewGroup.layout(ViewGroup.java:5038)
E/Feed    ( 2355): 	at android.widget.FrameLayout.layoutChildren(FrameLayout.java:579)
E/Feed    ( 2355): 	at android.widget.FrameLayout.onLayout(FrameLayout.java:514)
E/Feed    ( 2355): 	at android.view.View.layout(View.java:15671)
E/Feed    ( 2355): 	at android.view.ViewGroup.layout(ViewGroup.java:5038)
E/Feed    ( 2355): 	at android.support.v7.widget.ActionBarOverlayLayout.onLayout(ActionBarOverlayLayout.java:435)
E/Feed    ( 2355): 	at android.view.View.layout(View.java:15671)
E/Feed    ( 2355): 	at android.view.ViewGroup.layout(ViewGroup.java:5038)
E/Feed    ( 2355): 	at android.widget.FrameLayout.layoutChildren(FrameLayout.java:579)
E/Feed    ( 2355): 	at android.widget.FrameLayout.onLayout(FrameLayout.java:514)
E/Feed    ( 2355): 	at android.view.View.layout(View.java:15671)
E/Feed    ( 2355): 	at android.view.ViewGroup.layout(ViewGroup.java:5038)
E/Feed    ( 2355): 	at android.widget.LinearLayout.setChildFrame(LinearLayout.java:1703)
E/Feed    ( 2355): 	at android.widget.LinearLayout.layoutVertical(LinearLayout.java:1557)
E/Feed    ( 2355): 	at android.widget.LinearLayout.onLayout(LinearLayout.java:1466)
E/Feed    ( 2355): 	at android.view.View.layout(View.java:15671)
E/Feed    ( 2355): 	at android.view.ViewGroup.layout(ViewGroup.java:5038)
E/Feed    ( 2355): 	at android.widget.FrameLayout.layoutChildren(FrameLayout.java:579)
E/Feed    ( 2355): 	at android.widget.FrameLayo
E/Feed    ( 2355): Gif{uuid=a750edb3-d38e-4db8-9c09-2e373b8cc0de, path=/null/test.gif, url=, title=gif1, watched=false, status=DOWNLOADED}
E/Feed    ( 2355): pl.droidsonroids.gif.GifIOException: GifError 101: Failed to open given input
E/Feed    ( 2355): 	at pl.droidsonroids.gif.GifInfoHandle.openFile(Native Method)
E/Feed    ( 2355): 	at pl.droidsonroids.gif.GifInfoHandle.<init>(GifInfoHandle.java:46)
E/Feed    ( 2355): 	at pl.droidsonroids.gif.GifDrawable.<init>(GifDrawable.java:124)
E/Feed    ( 2355): 	at br.com.catbag.gifreduxsample.ui.components.FeedComponent.createDrawable(FeedComponent.java:104)
E/Feed    ( 2355): 	at br.com.catbag.gifreduxsample.ui.components.FeedComponent.lambda$renderGifView$2(FeedComponent.java:90)
E/Feed    ( 2355): 	at br.com.catbag.gifreduxsample.ui.components.FeedComponent$$Lambda$2.view(Unknown Source)
E/Feed    ( 2355): 	at trikita.anvil.BaseDSL.v(BaseDSL.java:670)
E/Feed    ( 2355): 	at br.com.catbag.gifreduxsample.ui.components.FeedComponent.renderGifView(FeedComponent.java:88)
E/Feed    ( 2355): 	at br.com.catbag.gifreduxsample.ui.components.FeedComponent.lambda$null$0(FeedComponent.java:55)
E/Feed    ( 2355): 	at br.com.catbag.gifreduxsample.ui.components.FeedComponent$$Lambda$3.view(Unknown Source)
E/Feed    ( 2355): 	at br.com.catbag.gifreduxsample.ui.components.GifsAdapter.view(GifsAdapter.java:55)
E/Feed    ( 2355): 	at trikita.anvil.RenderableRecyclerViewAdapter$1.view(RenderableRecyclerViewAdapter.java:24)
E/Feed    ( 2355): 	at trikita.anvil.Anvil$Mount.render(Anvil.java:204)
E/Feed    ( 2355): 	at trikita.anvil.Anvil.render(Anvil.java:173)
E/Feed    ( 2355): 	at trikita.anvil.RenderableRecyclerViewAdapter.onBindViewHolder(RenderableRecyclerViewAdapter.java:27)
E/Feed    ( 2355): 	at trikita.anvil.RenderableRecyclerViewAdapter.onBindViewHolder(RenderableRecyclerViewAdapter.java:7)
E/Feed    ( 2355): 	at android.support.v7.widget.RecyclerView$Adapter.onBindViewHolder(RecyclerView.java:5768)
E/Feed    ( 2355): 	at android.support.v7.widget.RecyclerView$Adapter.bindViewHolder(RecyclerView.java:5801)
E/Feed    ( 2355): 	at android.support.v7.widget.RecyclerView$Recycler.getViewForPosition(RecyclerView.java:5037)
E/Feed    ( 2355): 	at android.support.v7.widget.RecyclerView$Recycler.getViewForPosition(RecyclerView.java:4913)
E/Feed    ( 2355): 	at android.support.v7.widget.LinearLayoutManager$LayoutState.next(LinearLayoutManager.java:2029)
E/Feed    ( 2355): 	at android.support.v7.widget.LinearLayoutManager.layoutChunk(LinearLayoutManager.java:1414)
E/Feed    ( 2355): 	at android.support.v7.widget.LinearLayoutManager.fill(LinearLayoutManager.java:1377)
E/Feed    ( 2355): 	at android.support.v7.widget.LinearLayoutManager.onLayoutChildren(LinearLayoutManager.java:578)
E/Feed    ( 2355): 	at android.support.v7.widget.RecyclerView.dispatchLayoutStep2(RecyclerView.java:3260)
E/Feed    ( 2355): 	at android.support.v7.widget.RecyclerView.dispatchLayout(RecyclerView.java:3069)
E/Feed    ( 2355): 	at android.support.v7.widget.RecyclerView.onLayout(RecyclerView.java:3518)
E/Feed    ( 2355): 	at android.view.View.layout(View.java:15671)
E/Feed    ( 2355): 	at android.view.ViewGroup.layout(ViewGroup.java:5038)
E/Feed    ( 2355): 	at android.widget.FrameLayout.layoutChildren(FrameLayout.java:579)
E/Feed    ( 2355): 	at android.widget.FrameLayout.onLayout(FrameLayout.java:514)
E/Feed    ( 2355): 	at android.view.View.layout(View.java:15671)
E/Feed    ( 2355): 	at android.view.ViewGroup.layout(ViewGroup.java:5038)
E/Feed    ( 2355): 	at android.widget.RelativeLayout.onLayout(RelativeLayout.java:1076)
E/Feed    ( 2355): 	at android.view.View.layout(View.java:15671)
E/Feed    ( 2355): 	at android.view.ViewGroup.layout(ViewGroup.java:5038)
E/Feed    ( 2355): 	at android.widget.FrameLayout.layoutChildren(FrameLayout.java:579)
E/Feed    ( 2355): 	at android.widget.FrameLayout.onLayout(FrameLayout.java:514)
E/Feed    ( 2355): 	at android.view.View.layout(View.java:15671)
E/Feed    ( 2355): 	at android.view.ViewGroup.layout(ViewGroup.java:5038)
E/Feed    ( 2355): 	at android.support.v7.widget.ActionBarOverlayLayout.onLayout(ActionBarOverlayLayout.java:435)
E/Feed    ( 2355): 	at android.view.View.layout(View.java:15671)
E/Feed    ( 2355): 	at android.view.ViewGroup.layout(ViewGroup.java:5038)
E/Feed    ( 2355): 	at android.widget.FrameLayout.layoutChildren(FrameLayout.java:579)
E/Feed    ( 2355): 	at android.widget.FrameLayout.onLayout(FrameLayout.java:514)
E/Feed    ( 2355): 	at android.view.View.layout(View.java:15671)
E/Feed    ( 2355): 	at android.view.ViewGroup.layout(ViewGroup.java:5038)
E/Feed    ( 2355): 	at android.widget.LinearLayout.setChildFrame(LinearLayout.java:1703)
E/Feed    ( 2355): 	at android.widget.LinearLayout.layoutVertical(LinearLayout.java:1557)
E/Feed    ( 2355): 	at android.widget.LinearLayout.onLayout(LinearLayout.java:1466)
E/Feed    ( 2355): 	at android.view.View.layout(View.java:15671)
E/Feed    ( 2355): 	at android.view.ViewGroup.layout(ViewGroup.java:5038)
E/Feed    ( 2355): 	at android.widget.FrameLayout.layoutChildren(FrameLayout.java:579)
E/Feed    ( 2355): 	at android.widget.FrameLayo
I/Choreographer( 1569): Skipped 41 frames!  The application may be doing too much work on its main thread.
W/ResourceType( 2355): No package identifier when getting name for resource number 0x0000000c
I/ViewInteraction( 2355): Performing 'single click' action on view with id: 12 (resource name not found)
I/ActivityManager( 1243): Displayed br.com.catbag.gifreduxsample/.ui.GifListActivity: +937ms (total +2s404ms)
I/Choreographer( 1799): Skipped 35 frames!  The application may be doing too much work on its main thread.
E/IdlingResourceRegistry( 2355): Attempted to register resource with same names: Class. R1: br.com.catbag.gifreduxsample.lockers.AnvilTestLocker@39d58d94 R2: br.com.catbag.gifreduxsample.lockers.AnvilTestLocker@588903d.
E/IdlingResourceRegistry( 2355): Duplicate resource registration will be ignored.
E/IdlingResourceRegistry( 2355): Attempted to unregister resource that is not registered: 'Class'. Resource list: [br.com.catbag.gifreduxsample.lockers.AnvilTestLocker@588903d]
W/ResourceType( 2355): No package identifier when getting name for resource number 0x00000010
I/ViewInteraction( 2355): Performing 'scroll RecyclerView to position: 2' action on view with id: 16 (resource name not found)
E/Feed    ( 2355): Gif{uuid=11f0f162-7c87-480c-b557-931578da074d, path=/null/test.gif, url=, title=gif2, watched=false, status=DOWNLOADED}
E/Feed    ( 2355): pl.droidsonroids.gif.GifIOException: GifError 101: Failed to open given input
E/Feed    ( 2355): 	at pl.droidsonroids.gif.GifInfoHandle.openFile(Native Method)
E/Feed    ( 2355): 	at pl.droidsonroids.gif.GifInfoHandle.<init>(GifInfoHandle.java:46)
E/Feed    ( 2355): 	at pl.droidsonroids.gif.GifDrawable.<init>(GifDrawable.java:124)
E/Feed    ( 2355): 	at br.com.catbag.gifreduxsample.ui.components.FeedComponent.createDrawable(FeedComponent.java:104)
E/Feed    ( 2355): 	at br.com.catbag.gifreduxsample.ui.components.FeedComponent.lambda$renderGifView$2(FeedComponent.java:90)
E/Feed    ( 2355): 	at br.com.catbag.gifreduxsample.ui.components.FeedComponent$$Lambda$2.view(Unknown Source)
E/Feed    ( 2355): 	at trikita.anvil.BaseDSL.v(BaseDSL.java:670)
E/Feed    ( 2355): 	at br.com.catbag.gifreduxsample.ui.components.FeedComponent.renderGifView(FeedComponent.java:88)
E/Feed    ( 2355): 	at br.com.catbag.gifreduxsample.ui.components.FeedComponent.lambda$null$0(FeedComponent.java:55)
E/Feed    ( 2355): 	at br.com.catbag.gifreduxsample.ui.components.FeedComponent$$Lambda$3.view(Unknown Source)
E/Feed    ( 2355): 	at br.com.catbag.gifreduxsample.ui.components.GifsAdapter.view(GifsAdapter.java:55)
E/Feed    ( 2355): 	at trikita.anvil.RenderableRecyclerViewAdapter$1.view(RenderableRecyclerViewAdapter.java:24)
E/Feed    ( 2355): 	at trikita.anvil.Anvil$Mount.render(Anvil.java:204)
E/Feed    ( 2355): 	at trikita.anvil.Anvil.render(Anvil.java:173)
E/Feed    ( 2355): 	at trikita.anvil.RenderableRecyclerViewAdapter.onBindViewHolder(RenderableRecyclerViewAdapter.java:27)
E/Feed    ( 2355): 	at trikita.anvil.RenderableRecyclerViewAdapter.onBindViewHolder(RenderableRecyclerViewAdapter.java:7)
E/Feed    ( 2355): 	at android.support.v7.widget.RecyclerView$Adapter.onBindViewHolder(RecyclerView.java:5768)
E/Feed    ( 2355): 	at android.support.v7.widget.RecyclerView$Adapter.bindViewHolder(RecyclerView.java:5801)
E/Feed    ( 2355): 	at android.support.v7.widget.RecyclerView$Recycler.getViewForPosition(RecyclerView.java:5037)
E/Feed    ( 2355): 	at android.support.v7.widget.RecyclerView$Recycler.getViewForPosition(RecyclerView.java:4913)
E/Feed    ( 2355): 	at android.support.v7.widget.LinearLayoutManager$LayoutState.next(LinearLayoutManager.java:2029)
E/Feed    ( 2355): 	at android.support.v7.widget.LinearLayoutManager.layoutChunk(LinearLayoutManager.java:1414)
E/Feed    ( 2355): 	at android.support.v7.widget.LinearLayoutManager.fill(LinearLayoutManager.java:1377)
E/Feed    ( 2355): 	at android.support.v7.widget.LinearLayoutManager.onLayoutChildren(LinearLayoutManager.java:553)
E/Feed    ( 2355): 	at android.support.v7.widget.RecyclerView.dispatchLayoutStep2(RecyclerView.java:3260)
E/Feed    ( 2355): 	at android.support.v7.widget.RecyclerView.dispatchLayout(RecyclerView.java:3069)
E/Feed    ( 2355): 	at android.support.v7.widget.RecyclerView.onLayout(RecyclerView.java:3518)
E/Feed    ( 2355): 	at android.view.View.layout(View.java:15671)
E/Feed    ( 2355): 	at android.view.ViewGroup.layout(ViewGroup.java:5038)
E/Feed    ( 2355): 	at android.widget.FrameLayout.layoutChildren(FrameLayout.java:579)
E/Feed    ( 2355): 	at android.widget.FrameLayout.onLayout(FrameLayout.java:514)
E/Feed    ( 2355): 	at android.view.View.layout(View.java:15671)
E/Feed    ( 2355): 	at android.view.ViewGroup.layout(ViewGroup.java:5038)
E/Feed    ( 2355): 	at android.widget.RelativeLayout.onLayout(RelativeLayout.java:1076)
E/Feed    ( 2355): 	at android.view.View.layout(View.java:15671)
E/Feed    ( 2355): 	at android.view.ViewGroup.layout(ViewGroup.java:5038)
E/Feed    ( 2355): 	at android.widget.FrameLayout.layoutChildren(FrameLayout.java:579)
E/Feed    ( 2355): 	at android.widget.FrameLayout.onLayout(FrameLayout.java:514)
E/Feed    ( 2355): 	at android.view.View.layout(View.java:15671)
E/Feed    ( 2355): 	at android.view.ViewGroup.layout(ViewGroup.java:5038)
E/Feed    ( 2355): 	at android.support.v7.widget.ActionBarOverlayLayout.onLayout(ActionBarOverlayLayout.java:435)
E/Feed    ( 2355): 	at android.view.View.layout(View.java:15671)
E/Feed    ( 2355): 	at android.view.ViewGroup.layout(ViewGroup.java:5038)
E/Feed    ( 2355): 	at android.widget.FrameLayout.layoutChildren(FrameLayout.java:579)
E/Feed    ( 2355): 	at android.widget.FrameLayout.onLayout(FrameLayout.java:514)
E/Feed    ( 2355): 	at android.view.View.layout(View.java:15671)
E/Feed    ( 2355): 	at android.view.ViewGroup.layout(ViewGroup.java:5038)
E/Feed    ( 2355): 	at android.widget.LinearLayout.setChildFrame(LinearLayout.java:1703)
E/Feed    ( 2355): 	at android.widget.LinearLayout.layoutVertical(LinearLayout.java:1557)
E/Feed    ( 2355): 	at android.widget.LinearLayout.onLayout(LinearLayout.java:1466)
E/Feed    ( 2355): 	at android.view.View.layout(View.java:15671)
E/Feed    ( 2355): 	at android.view.ViewGroup.layout(ViewGroup.java:5038)
E/Feed    ( 2355): 	at android.widget.FrameLayout.layoutChildren(FrameLayout.java:579)
E/Feed    ( 2355): 	at android.widget.FrameLayo
E/IdlingResourceRegistry( 2355): Attempted to register resource with same names: Class. R1: br.com.catbag.gifreduxsample.lockers.AnvilTestLocker@86422df R2: br.com.catbag.gifreduxsample.lockers.AnvilTestLocker@588903d.
E/IdlingResourceRegistry( 2355): Duplicate resource registration will be ignored.
W/ResourceType( 2355): No package identifier when getting name for resource number 0x00000010
E/IdlingResourceRegistry( 2355): Attempted to unregister resource that is not registered: 'Class'. Resource list: [br.com.catbag.gifreduxsample.lockers.AnvilTestLocker@588903d]
W/ResourceType( 2355): No package identifier when getting name for resource number 0x00000018
I/ViewInteraction( 2355): Performing 'single click' action on view with id: 24 (resource name not found)
D/TaskPersister( 1243): removeObsoleteFile: deleting file=4_task.xml
E/IdlingResourceRegistry( 2355): Attempted to register resource with same names: Class. R1: br.com.catbag.gifreduxsample.lockers.AnvilTestLocker@37ceda65 R2: br.com.catbag.gifreduxsample.lockers.AnvilTestLocker@588903d.
E/IdlingResourceRegistry( 2355): Duplicate resource registration will be ignored.
E/IdlingResourceRegistry( 2355): Attempted to unregister resource that is not registered: 'Class'. Resource list: [br.com.catbag.gifreduxsample.lockers.AnvilTestLocker@588903d]
W/ResourceType( 2355): No package identifier when getting name for resource number 0x0000001c
I/ViewInteraction( 2355): Performing 'scroll RecyclerView to position: 3' action on view with id: 28 (resource name not found)
E/Feed    ( 2355): Gif{uuid=f2433f77-a544-4ff1-b23d-f16037b598e3, path=/null/test.gif, url=, title=gif3, watched=false, status=DOWNLOADED}
E/Feed    ( 2355): pl.droidsonroids.gif.GifIOException: GifError 101: Failed to open given input
E/Feed    ( 2355): 	at pl.droidsonroids.gif.GifInfoHandle.openFile(Native Method)
E/Feed    ( 2355): 	at pl.droidsonroids.gif.GifInfoHandle.<init>(GifInfoHandle.java:46)
E/Feed    ( 2355): 	at pl.droidsonroids.gif.GifDrawable.<init>(GifDrawable.java:124)
E/Feed    ( 2355): 	at br.com.catbag.gifreduxsample.ui.components.FeedComponent.createDrawable(FeedComponent.java:104)
E/Feed    ( 2355): 	at br.com.catbag.gifreduxsample.ui.components.FeedComponent.lambda$renderGifView$2(FeedComponent.java:90)
E/Feed    ( 2355): 	at br.com.catbag.gifreduxsample.ui.components.FeedComponent$$Lambda$2.view(Unknown Source)
E/Feed    ( 2355): 	at trikita.anvil.BaseDSL.v(BaseDSL.java:670)
E/Feed    ( 2355): 	at br.com.catbag.gifreduxsample.ui.components.FeedComponent.renderGifView(FeedComponent.java:88)
E/Feed    ( 2355): 	at br.com.catbag.gifreduxsample.ui.components.FeedComponent.lambda$null$0(FeedComponent.java:55)
E/Feed    ( 2355): 	at br.com.catbag.gifreduxsample.ui.components.FeedComponent$$Lambda$3.view(Unknown Source)
E/Feed    ( 2355): 	at br.com.catbag.gifreduxsample.ui.components.GifsAdapter.view(GifsAdapter.java:55)
E/Feed    ( 2355): 	at trikita.anvil.RenderableRecyclerViewAdapter$1.view(RenderableRecyclerViewAdapter.java:24)
E/Feed    ( 2355): 	at trikita.anvil.Anvil$Mount.render(Anvil.java:204)
E/Feed    ( 2355): 	at trikita.anvil.Anvil.render(Anvil.java:173)
E/Feed    ( 2355): 	at trikita.anvil.RenderableRecyclerViewAdapter.onBindViewHolder(RenderableRecyclerViewAdapter.java:27)
E/Feed    ( 2355): 	at trikita.anvil.RenderableRecyclerViewAdapter.onBindViewHolder(RenderableRecyclerViewAdapter.java:7)
E/Feed    ( 2355): 	at android.support.v7.widget.RecyclerView$Adapter.onBindViewHolder(RecyclerView.java:5768)
E/Feed    ( 2355): 	at android.support.v7.widget.RecyclerView$Adapter.bindViewHolder(RecyclerView.java:5801)
E/Feed    ( 2355): 	at android.support.v7.widget.RecyclerView$Recycler.getViewForPosition(RecyclerView.java:5037)
E/Feed    ( 2355): 	at android.support.v7.widget.RecyclerView$Recycler.getViewForPosition(RecyclerView.java:4913)
E/Feed    ( 2355): 	at android.support.v7.widget.LinearLayoutManager$LayoutState.next(LinearLayoutManager.java:2029)
E/Feed    ( 2355): 	at android.support.v7.widget.LinearLayoutManager.layoutChunk(LinearLayoutManager.java:1414)
E/Feed    ( 2355): 	at android.support.v7.widget.LinearLayoutManager.fill(LinearLayoutManager.java:1377)
E/Feed    ( 2355): 	at android.support.v7.widget.LinearLayoutManager.onLayoutChildren(LinearLayoutManager.java:553)
E/Feed    ( 2355): 	at android.support.v7.widget.RecyclerView.dispatchLayoutStep2(RecyclerView.java:3260)
E/Feed    ( 2355): 	at android.support.v7.widget.RecyclerView.dispatchLayout(RecyclerView.java:3069)
E/Feed    ( 2355): 	at android.support.v7.widget.RecyclerView.onLayout(RecyclerView.java:3518)
E/Feed    ( 2355): 	at android.view.View.layout(View.java:15671)
E/Feed    ( 2355): 	at android.view.ViewGroup.layout(ViewGroup.java:5038)
E/Feed    ( 2355): 	at android.widget.FrameLayout.layoutChildren(FrameLayout.java:579)
E/Feed    ( 2355): 	at android.widget.FrameLayout.onLayout(FrameLayout.java:514)
E/Feed    ( 2355): 	at android.view.View.layout(View.java:15671)
E/Feed    ( 2355): 	at android.view.ViewGroup.layout(ViewGroup.java:5038)
E/Feed    ( 2355): 	at android.widget.RelativeLayout.onLayout(RelativeLayout.java:1076)
E/Feed    ( 2355): 	at android.view.View.layout(View.java:15671)
E/Feed    ( 2355): 	at android.view.ViewGroup.layout(ViewGroup.java:5038)
E/Feed    ( 2355): 	at android.widget.FrameLayout.layoutChildren(FrameLayout.java:579)
E/Feed    ( 2355): 	at android.widget.FrameLayout.onLayout(FrameLayout.java:514)
E/Feed    ( 2355): 	at android.view.View.layout(View.java:15671)
E/Feed    ( 2355): 	at android.view.ViewGroup.layout(ViewGroup.java:5038)
E/Feed    ( 2355): 	at android.support.v7.widget.ActionBarOverlayLayout.onLayout(ActionBarOverlayLayout.java:435)
E/Feed    ( 2355): 	at android.view.View.layout(View.java:15671)
E/Feed    ( 2355): 	at android.view.ViewGroup.layout(ViewGroup.java:5038)
E/Feed    ( 2355): 	at android.widget.FrameLayout.layoutChildren(FrameLayout.java:579)
E/Feed    ( 2355): 	at android.widget.FrameLayout.onLayout(FrameLayout.java:514)
E/Feed    ( 2355): 	at android.view.View.layout(View.java:15671)
E/Feed    ( 2355): 	at android.view.ViewGroup.layout(ViewGroup.java:5038)
E/Feed    ( 2355): 	at android.widget.LinearLayout.setChildFrame(LinearLayout.java:1703)
E/Feed    ( 2355): 	at android.widget.LinearLayout.layoutVertical(LinearLayout.java:1557)
E/Feed    ( 2355): 	at android.widget.LinearLayout.onLayout(LinearLayout.java:1466)
E/Feed    ( 2355): 	at android.view.View.layout(View.java:15671)
E/Feed    ( 2355): 	at android.view.ViewGroup.layout(ViewGroup.java:5038)
E/Feed    ( 2355): 	at android.widget.FrameLayout.layoutChildren(FrameLayout.java:579)
E/Feed    ( 2355): 	at android.widget.FrameLayo
E/IdlingResourceRegistry( 2355): Attempted to register resource with same names: Class. R1: br.com.catbag.gifreduxsample.lockers.AnvilTestLocker@17e60906 R2: br.com.catbag.gifreduxsample.lockers.AnvilTestLocker@588903d.
E/IdlingResourceRegistry( 2355): Duplicate resource registration will be ignored.
W/ResourceType( 2355): No package identifier when getting name for resource number 0x0000001c
E/IdlingResourceRegistry( 2355): Attempted to unregister resource that is not registered: 'Class'. Resource list: [br.com.catbag.gifreduxsample.lockers.AnvilTestLocker@588903d]
W/ResourceType( 2355): No package identifier when getting name for resource number 0x00000024
I/ViewInteraction( 2355): Performing 'single click' action on view with id: 36 (resource name not found)
I/art     ( 2355): Background sticky concurrent mark sweep GC freed 33192(2MB) AllocSpace objects, 18(286KB) LOS objects, 23% free, 6MB/8MB, paused 3.651ms total 124.860ms
E/IdlingResourceRegistry( 2355): Attempted to register resource with same names: Class. R1: br.com.catbag.gifreduxsample.lockers.AnvilTestLocker@2336f11d R2: br.com.catbag.gifreduxsample.lockers.AnvilTestLocker@588903d.
E/IdlingResourceRegistry( 2355): Duplicate resource registration will be ignored.
E/IdlingResourceRegistry( 2355): Attempted to unregister resource that is not registered: 'Class'. Resource list: [br.com.catbag.gifreduxsample.lockers.AnvilTestLocker@588903d]
W/ResourceType( 2355): No package identifier when getting name for resource number 0x00000028
I/ViewInteraction( 2355): Performing 'scroll RecyclerView to position: 4' action on view with id: 40 (resource name not found)
E/Feed    ( 2355): Gif{uuid=b199e98c-eafe-483c-8949-124bb385de80, path=/null/test.gif, url=, title=gif4, watched=false, status=DOWNLOADED}
E/Feed    ( 2355): pl.droidsonroids.gif.GifIOException: GifError 101: Failed to open given input
E/Feed    ( 2355): 	at pl.droidsonroids.gif.GifInfoHandle.openFile(Native Method)
E/Feed    ( 2355): 	at pl.droidsonroids.gif.GifInfoHandle.<init>(GifInfoHandle.java:46)
E/Feed    ( 2355): 	at pl.droidsonroids.gif.GifDrawable.<init>(GifDrawable.java:124)
E/Feed    ( 2355): 	at br.com.catbag.gifreduxsample.ui.components.FeedComponent.createDrawable(FeedComponent.java:104)
E/Feed    ( 2355): 	at br.com.catbag.gifreduxsample.ui.components.FeedComponent.lambda$renderGifView$2(FeedComponent.java:90)
E/Feed    ( 2355): 	at br.com.catbag.gifreduxsample.ui.components.FeedComponent$$Lambda$2.view(Unknown Source)
E/Feed    ( 2355): 	at trikita.anvil.BaseDSL.v(BaseDSL.java:670)
E/Feed    ( 2355): 	at br.com.catbag.gifreduxsample.ui.components.FeedComponent.renderGifView(FeedComponent.java:88)
E/Feed    ( 2355): 	at br.com.catbag.gifreduxsample.ui.components.FeedComponent.lambda$null$0(FeedComponent.java:55)
E/Feed    ( 2355): 	at br.com.catbag.gifreduxsample.ui.components.FeedComponent$$Lambda$3.view(Unknown Source)
E/Feed    ( 2355): 	at br.com.catbag.gifreduxsample.ui.components.GifsAdapter.view(GifsAdapter.java:55)
E/Feed    ( 2355): 	at trikita.anvil.RenderableRecyclerViewAdapter$1.view(RenderableRecyclerViewAdapter.java:24)
E/Feed    ( 2355): 	at trikita.anvil.Anvil$Mount.render(Anvil.java:204)
E/Feed    ( 2355): 	at trikita.anvil.Anvil.render(Anvil.java:173)
E/Feed    ( 2355): 	at trikita.anvil.RenderableRecyclerViewAdapter.onBindViewHolder(RenderableRecyclerViewAdapter.java:27)
E/Feed    ( 2355): 	at trikita.anvil.RenderableRecyclerViewAdapter.onBindViewHolder(RenderableRecyclerViewAdapter.java:7)
E/Feed    ( 2355): 	at android.support.v7.widget.RecyclerView$Adapter.onBindViewHolder(RecyclerView.java:5768)
E/Feed    ( 2355): 	at android.support.v7.widget.RecyclerView$Adapter.bindViewHolder(RecyclerView.java:5801)
E/Feed    ( 2355): 	at android.support.v7.widget.RecyclerView$Recycler.getViewForPosition(RecyclerView.java:5037)
E/Feed    ( 2355): 	at android.support.v7.widget.RecyclerView$Recycler.getViewForPosition(RecyclerView.java:4913)
E/Feed    ( 2355): 	at android.support.v7.widget.LinearLayoutManager$LayoutState.next(LinearLayoutManager.java:2029)
E/Feed    ( 2355): 	at android.support.v7.widget.LinearLayoutManager.layoutChunk(LinearLayoutManager.java:1414)
E/Feed    ( 2355): 	at android.support.v7.widget.LinearLayoutManager.fill(LinearLayoutManager.java:1377)
E/Feed    ( 2355): 	at android.support.v7.widget.LinearLayoutManager.onLayoutChildren(LinearLayoutManager.java:553)
E/Feed    ( 2355): 	at android.support.v7.widget.RecyclerView.dispatchLayoutStep2(RecyclerView.java:3260)
E/Feed    ( 2355): 	at android.support.v7.widget.RecyclerView.dispatchLayout(RecyclerView.java:3069)
E/Feed    ( 2355): 	at android.support.v7.widget.RecyclerView.onLayout(RecyclerView.java:3518)
E/Feed    ( 2355): 	at android.view.View.layout(View.java:15671)
E/Feed    ( 2355): 	at android.view.ViewGroup.layout(ViewGroup.java:5038)
E/Feed    ( 2355): 	at android.widget.FrameLayout.layoutChildren(FrameLayout.java:579)
E/Feed    ( 2355): 	at android.widget.FrameLayout.onLayout(FrameLayout.java:514)
E/Feed    ( 2355): 	at android.view.View.layout(View.java:15671)
E/Feed    ( 2355): 	at android.view.ViewGroup.layout(ViewGroup.java:5038)
E/Feed    ( 2355): 	at android.widget.RelativeLayout.onLayout(RelativeLayout.java:1076)
E/Feed    ( 2355): 	at android.view.View.layout(View.java:15671)
E/Feed    ( 2355): 	at android.view.ViewGroup.layout(ViewGroup.java:5038)
E/Feed    ( 2355): 	at android.widget.FrameLayout.layoutChildren(FrameLayout.java:579)
E/Feed    ( 2355): 	at android.widget.FrameLayout.onLayout(FrameLayout.java:514)
E/Feed    ( 2355): 	at android.view.View.layout(View.java:15671)
E/Feed    ( 2355): 	at android.view.ViewGroup.layout(ViewGroup.java:5038)
E/Feed    ( 2355): 	at android.support.v7.widget.ActionBarOverlayLayout.onLayout(ActionBarOverlayLayout.java:435)
E/Feed    ( 2355): 	at android.view.View.layout(View.java:15671)
E/Feed    ( 2355): 	at android.view.ViewGroup.layout(ViewGroup.java:5038)
E/Feed    ( 2355): 	at android.widget.FrameLayout.layoutChildren(FrameLayout.java:579)
E/Feed    ( 2355): 	at android.widget.FrameLayout.onLayout(FrameLayout.java:514)
E/Feed    ( 2355): 	at android.view.View.layout(View.java:15671)
E/Feed    ( 2355): 	at android.view.ViewGroup.layout(ViewGroup.java:5038)
E/Feed    ( 2355): 	at android.widget.LinearLayout.setChildFrame(LinearLayout.java:1703)
E/Feed    ( 2355): 	at android.widget.LinearLayout.layoutVertical(LinearLayout.java:1557)
E/Feed    ( 2355): 	at android.widget.LinearLayout.onLayout(LinearLayout.java:1466)
E/Feed    ( 2355): 	at android.view.View.layout(View.java:15671)
E/Feed    ( 2355): 	at android.view.ViewGroup.layout(ViewGroup.java:5038)
E/Feed    ( 2355): 	at android.widget.FrameLayout.layoutChildren(FrameLayout.java:579)
E/Feed    ( 2355): 	at android.widget.FrameLayo
E/IdlingResourceRegistry( 2355): Attempted to register resource with same names: Class. R1: br.com.catbag.gifreduxsample.lockers.AnvilTestLocker@27cf32de R2: br.com.catbag.gifreduxsample.lockers.AnvilTestLocker@588903d.
E/IdlingResourceRegistry( 2355): Duplicate resource registration will be ignored.
W/ResourceType( 2355): No package identifier when getting name for resource number 0x00000028
E/IdlingResourceRegistry( 2355): Attempted to unregister resource that is not registered: 'Class'. Resource list: [br.com.catbag.gifreduxsample.lockers.AnvilTestLocker@588903d]
W/ResourceType( 2355): No package identifier when getting name for resource number 0x00000030
I/ViewInteraction( 2355): Performing 'single click' action on view with id: 48 (resource name not found)
E/IdlingResourceRegistry( 2355): Attempted to register resource with same names: Class. R1: br.com.catbag.gifreduxsample.lockers.AnvilTestLocker@c4426d5 R2: br.com.catbag.gifreduxsample.lockers.AnvilTestLocker@588903d.
E/IdlingResourceRegistry( 2355): Duplicate resource registration will be ignored.
E/IdlingResourceRegistry( 2355): Attempted to unregister resource that is not registered: 'Class'. Resource list: [br.com.catbag.gifreduxsample.lockers.AnvilTestLocker@588903d]
W/ResourceType( 2355): No package identifier when getting name for resource number 0x00000034
I/ViewInteraction( 2355): Performing 'scroll RecyclerView to position: 5' action on view with id: 52 (resource name not found)
E/Feed    ( 2355): Gif{uuid=6ebc1d2d-b690-4575-976e-db6870a15419, path=/null/test.gif, url=, title=gif5, watched=false, status=DOWNLOADED}
E/Feed    ( 2355): pl.droidsonroids.gif.GifIOException: GifError 101: Failed to open given input
E/Feed    ( 2355): 	at pl.droidsonroids.gif.GifInfoHandle.openFile(Native Method)
E/Feed    ( 2355): 	at pl.droidsonroids.gif.GifInfoHandle.<init>(GifInfoHandle.java:46)
E/Feed    ( 2355): 	at pl.droidsonroids.gif.GifDrawable.<init>(GifDrawable.java:124)
E/Feed    ( 2355): 	at br.com.catbag.gifreduxsample.ui.components.FeedComponent.createDrawable(FeedComponent.java:104)
E/Feed    ( 2355): 	at br.com.catbag.gifreduxsample.ui.components.FeedComponent.lambda$renderGifView$2(FeedComponent.java:90)
E/Feed    ( 2355): 	at br.com.catbag.gifreduxsample.ui.components.FeedComponent$$Lambda$2.view(Unknown Source)
E/Feed    ( 2355): 	at trikita.anvil.BaseDSL.v(BaseDSL.java:670)
E/Feed    ( 2355): 	at br.com.catbag.gifreduxsample.ui.components.FeedComponent.renderGifView(FeedComponent.java:88)
E/Feed    ( 2355): 	at br.com.catbag.gifreduxsample.ui.components.FeedComponent.lambda$null$0(FeedComponent.java:55)
E/Feed    ( 2355): 	at br.com.catbag.gifreduxsample.ui.components.FeedComponent$$Lambda$3.view(Unknown Source)
E/Feed    ( 2355): 	at br.com.catbag.gifreduxsample.ui.components.GifsAdapter.view(GifsAdapter.java:55)
