11-23 13:42:59.961  2278  2278 E Feed    : Gif{uuid=058124d5-9b48-4216-b515-b1e98005e0b5, path=, url=, title=, watched=false, status=DOWNLOADED}
11-23 13:42:59.961  2278  2278 E Feed    : pl.droidsonroids.gif.GifIOException: GifError 101: Failed to open given input
11-23 13:42:59.961  2278  2278 E Feed    : 	at pl.droidsonroids.gif.GifInfoHandle.openFile(Native Method)
11-23 13:42:59.961  2278  2278 E Feed    : 	at pl.droidsonroids.gif.GifInfoHandle.<init>(GifInfoHandle.java:46)
11-23 13:42:59.961  2278  2278 E Feed    : 	at pl.droidsonroids.gif.GifDrawable.<init>(GifDrawable.java:124)
11-23 13:42:59.961  2278  2278 E Feed    : 	at br.com.catbag.gifreduxsample.ui.components.FeedComponent.createDrawable(FeedComponent.java:104)
11-23 13:42:59.961  2278  2278 E Feed    : 	at br.com.catbag.gifreduxsample.ui.components.FeedComponent.lambda$renderGifView$2(FeedComponent.java:90)
11-23 13:42:59.961  2278  2278 E Feed    : 	at br.com.catbag.gifreduxsample.ui.components.FeedComponent$$Lambda$2.view(Unknown Source)
11-23 13:42:59.961  2278  2278 E Feed    : 	at trikita.anvil.BaseDSL.v(BaseDSL.java:670)
11-23 13:42:59.961  2278  2278 E Feed    : 	at br.com.catbag.gifreduxsample.ui.components.FeedComponent.renderGifView(FeedComponent.java:88)
11-23 13:42:59.961  2278  2278 E Feed    : 	at br.com.catbag.gifreduxsample.ui.components.FeedComponent.lambda$null$0(FeedComponent.java:55)
11-23 13:42:59.961  2278  2278 E Feed    : 	at br.com.catbag.gifreduxsample.ui.components.FeedComponent$$Lambda$3.view(Unknown Source)
11-23 13:42:59.961  2278  2278 E Feed    : 	at br.com.catbag.gifreduxsample.ui.components.GifsAdapter.view(GifsAdapter.java:55)
11-23 13:42:59.961  2278  2278 E Feed    : 	at trikita.anvil.RenderableRecyclerViewAdapter$1.view(RenderableRecyclerViewAdapter.java:24)
11-23 13:42:59.961  2278  2278 E Feed    : 	at trikita.anvil.Anvil$Mount.render(Anvil.java:204)
11-23 13:42:59.961  2278  2278 E Feed    : 	at trikita.anvil.Anvil.render(Anvil.java:173)
11-23 13:42:59.961  2278  2278 E Feed    : 	at trikita.anvil.RenderableRecyclerViewAdapter.onBindViewHolder(RenderableRecyclerViewAdapter.java:27)
11-23 13:42:59.961  2278  2278 E Feed    : 	at trikita.anvil.RenderableRecyclerViewAdapter.onBindViewHolder(RenderableRecyclerViewAdapter.java:7)
11-23 13:42:59.961  2278  2278 E Feed    : 	at android.support.v7.widget.RecyclerView$Adapter.onBindViewHolder(RecyclerView.java:5768)
11-23 13:42:59.961  2278  2278 E Feed    : 	at android.support.v7.widget.RecyclerView$Adapter.bindViewHolder(RecyclerView.java:5801)
11-23 13:42:59.961  2278  2278 E Feed    : 	at android.support.v7.widget.RecyclerView$Recycler.getViewForPosition(RecyclerView.java:5037)
11-23 13:42:59.961  2278  2278 E Feed    : 	at android.support.v7.widget.RecyclerView$Recycler.getViewForPosition(RecyclerView.java:4913)
11-23 13:42:59.961  2278  2278 E Feed    : 	at android.support.v7.widget.LinearLayoutManager$LayoutState.next(LinearLayoutManager.java:2029)
11-23 13:42:59.961  2278  2278 E Feed    : 	at android.support.v7.widget.LinearLayoutManager.layoutChunk(LinearLayoutManager.java:1414)
11-23 13:42:59.961  2278  2278 E Feed    : 	at android.support.v7.widget.LinearLayoutManager.fill(LinearLayoutManager.java:1377)
11-23 13:42:59.961  2278  2278 E Feed    : 	at android.support.v7.widget.LinearLayoutManager.onLayoutChildren(LinearLayoutManager.java:578)
11-23 13:42:59.961  2278  2278 E Feed    : 	at android.support.v7.widget.RecyclerView.dispatchLayoutStep2(RecyclerView.java:3260)
11-23 13:42:59.961  2278  2278 E Feed    : 	at android.support.v7.widget.RecyclerView.dispatchLayout(RecyclerView.java:3069)
11-23 13:42:59.961  2278  2278 E Feed    : 	at android.support.v7.widget.RecyclerView.onLayout(RecyclerView.java:3518)
11-23 13:42:59.961  2278  2278 E Feed    : 	at android.view.View.layout(View.java:17520)
11-23 13:42:59.961  2278  2278 E Feed    : 	at android.view.ViewGroup.layout(ViewGroup.java:5612)
11-23 13:42:59.961  2278  2278 E Feed    : 	at android.widget.FrameLayout.layoutChildren(FrameLayout.java:323)
11-23 13:42:59.961  2278  2278 E Feed    : 	at android.widget.FrameLayout.onLayout(FrameLayout.java:261)
11-23 13:42:59.961  2278  2278 E Feed    : 	at android.view.View.layout(View.java:17520)
11-23 13:42:59.961  2278  2278 E Feed    : 	at android.view.ViewGroup.layout(ViewGroup.java:5612)
11-23 13:42:59.961  2278  2278 E Feed    : 	at android.widget.RelativeLayout.onLayout(RelativeLayout.java:1079)
11-23 13:42:59.961  2278  2278 E Feed    : 	at android.view.View.layout(View.java:17520)
11-23 13:42:59.961  2278  2278 E Feed    : 	at android.view.ViewGroup.layout(ViewGroup.java:5612)
11-23 13:42:59.961  2278  2278 E Feed    : 	at android.widget.FrameLayout.layoutChildren(FrameLayout.java:323)
11-23 13:42:59.961  2278  2278 E Feed    : 	at android.widget.FrameLayout.onLayout(FrameLayout.java:261)
11-23 13:42:59.961  2278  2278 E Feed    : 	at android.view.View.layout(View.java:17520)
11-23 13:42:59.961  2278  2278 E Feed    : 	at android.view.ViewGroup.layout(ViewGroup.java:5612)
11-23 13:42:59.961  2278  2278 E Feed    : 	at android.support.v7.widget.ActionBarOverlayLayout.onLayout(ActionBarOverlayLayout.java:435)
11-23 13:42:59.961  2278  2278 E Feed    : 	at android.view.View.layout(View.java:17520)
11-23 13:42:59.961  2278  2278 E Feed    : 	at android.view.ViewGroup.layout(ViewGroup.java:5612)
11-23 13:42:59.961  2278  2278 E Feed    : 	at android.widget.FrameLayout.layoutChildren(FrameLayout.java:323)
11-23 13:42:59.961  2278  2278 E Feed    : 	at android.widget.FrameLayout.onLayout(FrameLayout.java:261)
11-23 13:42:59.961  2278  2278 E Feed    : 	at android.view.View.layout(View.java:17520)
11-23 13:42:59.961  2278  2278 E Feed    : 	at android.view.ViewGroup.layout(ViewGroup.java:5612)
11-23 13:42:59.961  2278  2278 E Feed    : 	at android.widget.LinearLayout.setChildFrame(LinearLayout.java:1741)
11-23 13:42:59.961  2278  2278 E Feed    : 	at android.widget.LinearLayout.layoutVertical(LinearLayout.java:1585)
11-23 13:42:59.961  2278  2278 E Feed    : 	at android.widget.LinearLayout.onLayout(LinearLayout.java:1494)
11-23 13:42:59.961  2278  2278 E Feed    : 	at android.view.View.layout(View.java:17520)
11-23 13:42:59.961  2278  2278 E Feed    : 	at android.view.ViewGroup.layout(ViewGroup.java:5612)
11-23 13:42:59.961  2278  2278 E Feed    : 	at android.widget.FrameLayout.layoutChildren(FrameLayout.java:323)
11-23 13:42:59.961  2278  2278 E Feed    : 	at android.widget.FrameLayout.onLayout(FrameLayout.java:261)
11-23 13:42:59.961  2278  2278 E Feed    : 	at com.android.internal.policy.DecorView.onLayout(DecorView.java:724)
11-23 13:42:59.961  2278  2278 E Feed    : 	at android.view.View.layout(View.java:17520)
11-23 13:42:59.961  2278  2278 E Feed    : 	at android.view.ViewGroup.layout(ViewGroup.java:5612)
11-23 13:42:59.961  2278  2278 E Feed    : 	at android.view.ViewRootImpl.performLayout(ViewRootImpl.java:2342)
11-23 13:42:59.961  2278  2278 E Feed    : 	at android.view.ViewRootImpl.performTraversals(ViewRootImpl.java:2069)
11-23 13:42:59.961  2278  2278 E Feed    : 	at android.view.ViewRootImpl.doTraversal(ViewRootImpl.java:1246)
11-23 13:42:59.961  2278  2278 E Feed    : 	at android.view.ViewRootImpl$TraversalRunnable.run(ViewRootImpl.java:6301)
11-23 13:42:59.961  2278  2278 E Feed    : 	at android.view.Choreographer$CallbackRecord.run(Choreographer.java:871)
11-23 13:42:59.961  2278  2278 E Feed    : 	at android.view.Choreographer.doCallbacks(Choreographer.java:683)
11-23 13:42:59.961  2278  2278 E Feed    : 	at android.view.Choreographer.doFrame(Choreographer.java:619)
11-23 13:42:59.961  2278  2278 E Feed    : 	at android.view.Choreographer$FrameDisplayEventReceiver.run(Choreographer.java:857)
11-23 13:42:59.961  2278  2278 E Feed    : 	at android.os.Handler.handleCallback(Handler.java:751)
11-23 13:42:59.961  2278  2278 E Feed    : 	at android.os.Handler.dispatchMessage(Handler.java:95)
11-23 13:42:59.961  2278  2278 E Feed    : 	at android.os.Looper.loop(Looper.java:154)
11-23 13:42:59.961  2278  2278 E Feed    : 	at android.app.ActivityThread.main(ActivityThread.java:6077)
11-23 13:42:59.961  2278  2278 E Feed    : 	at java.lang.reflect.Method.invoke(Native Method)
11-23 13:42:59.961  2278  2278 E Feed    : 	at com.android.internal.os.ZygoteInit$MethodAndArgsCaller.run(ZygoteInit.java:865)
11-23 13:42:59.961  2278  2278 E Feed    : 	at com.android.internal.os.ZygoteInit.main(ZygoteInit.java:755)
11-23 13:43:00.291  1237  1258 I WindowManager: Destroying surface Surface(name=Starting br.com.catbag.gifreduxsample) called by com.android.server.wm.WindowStateAnimator.destroySurface:2014 com.android.server.wm.WindowStateAnimator.destroySurfaceLocked:881 com.android.server.wm.WindowState.removeLocked:1449 com.android.server.wm.WindowManagerService.removeWindowInnerLocked:2478 com.android.server.wm.WindowManagerService.removeWindowLocked:2436 com.android.server.wm.WindowManagerService.removeWindowLocked:2305 com.android.server.wm.WindowManagerService.removeWindow:2300 com.android.server.wm.Session.remove:193 
11-23 13:43:00.298  2278  2293 I TestRunner: finished: whenGifIsNotWatchedTest(br.com.catbag.gifreduxsample.ui.giflist.GifListActivityTest)
11-23 13:43:00.302  2278  2278 D LifecycleMonitor: Lifecycle status change: br.com.catbag.gifreduxsample.ui.GifListActivity@6f66511 in: PAUSED
11-23 13:43:00.368  1237  1248 I WindowManager: Failed to capture screenshot of Token{39b8458 ActivityRecord{ee7a53b u0 br.com.catbag.gifreduxsample/.ui.GifListActivity t5 f}} appWin=Window{41121 u0 br.com.catbag.gifreduxsample/br.com.catbag.gifreduxsample.ui.GifListActivity} drawState=4
11-23 13:43:00.480  2278  2278 D LifecycleMonitor: Lifecycle status change: br.com.catbag.gifreduxsample.ui.GifListActivity@e13c0a9 in: STOPPED
11-23 13:43:00.482  2278  2278 D LifecycleMonitor: Lifecycle status change: br.com.catbag.gifreduxsample.ui.GifListActivity@e13c0a9 in: DESTROYED
11-23 13:43:00.490  1237  1658 I ActivityManager: Activity reported stop, but no longer stopping: ActivityRecord{e377c51 u0 com.android.launcher3/.Launcher t3}
11-23 13:43:00.579  1237  1555 I WindowManager: Destroying surface Surface(name=br.com.catbag.gifreduxsample/br.com.catbag.gifreduxsample.ui.GifListActivity) called by com.android.server.wm.WindowStateAnimator.destroySurface:2014 com.android.server.wm.WindowStateAnimator.destroySurfaceLocked:881 com.android.server.wm.WindowState.removeLocked:1449 com.android.server.wm.WindowManagerService.removeWindowInnerLocked:2478 com.android.server.wm.WindowManagerService.removeWindowLocked:2436 com.android.server.wm.WindowManagerService.removeWindowLocked:2305 com.android.server.wm.WindowManagerService.removeWindow:2300 com.android.server.wm.Session.remove:193 
11-23 13:43:00.606  2278  2278 I MonitoringInstrumentation: Activities that are still in CREATED to STOPPED: 1
11-23 13:43:00.608  2278  2293 I TestRunner: started: whenGifIsDownloadingTest(br.com.catbag.gifreduxsample.ui.giflist.GifListActivityTest)
11-23 13:43:00.627  2278  2278 I MonitoringInstrumentation: Activities that are still in CREATED to STOPPED: 1
11-23 13:43:00.653  2278  2294 I DroidFlux:Dispatcher: [STARTED] dispatch of action [FAKE_REDUCE_ACTION]
11-23 13:43:00.667  1237  1258 I Choreographer: Skipped 32 frames!  The application may be doing too much work on its main thread.
11-23 13:43:00.687  2278  2294 I DroidFlux:Dispatcher: [COMPLETED] dispatch of action [FAKE_REDUCE_ACTION]
11-23 13:43:00.715  2278  2318 D ActivityTestRule: Launching activity br.com.catbag.gifreduxsample.ui.GifListActivity
11-23 13:43:00.750  2278  2320 D MonitoringInstrumentation: execStartActivity(context, ibinder, ibinder, activity, intent, int, bundle
11-23 13:43:00.752  1237  1248 I ActivityManager: START u0 {flg=0x10000000 cmp=br.com.catbag.gifreduxsample/.ui.GifListActivity} from uid 10060 on display 0
11-23 13:43:00.972  1237  1258 I Choreographer: Skipped 66 frames!  The application may be doing too much work on its main thread.
11-23 13:43:01.008  2278  2278 D LifecycleMonitor: Lifecycle status change: br.com.catbag.gifreduxsample.ui.GifListActivity@560d944 in: PRE_ON_CREATE
11-23 13:43:01.095  2278  2278 D LifecycleMonitor: Lifecycle status change: br.com.catbag.gifreduxsample.ui.GifListActivity@560d944 in: CREATED
11-23 13:43:01.096  2278  2294 I DroidFlux:Dispatcher: [STARTED] dispatch of action [APP_STATE_LOAD]
11-23 13:43:01.096  2278  2294 D DroidFlux:Dispatcher: An action of type [APP_STATE_LOAD] was dispatched, but no reducer handled it
11-23 13:43:01.097  2278  2294 I DroidFlux:Dispatcher: [COMPLETED] dispatch of action [APP_STATE_LOAD]
11-23 13:43:01.097  2278  2278 D LifecycleMonitor: Lifecycle status change: br.com.catbag.gifreduxsample.ui.GifListActivity@560d944 in: STARTED
11-23 13:43:01.099  2278  2278 D LifecycleMonitor: Lifecycle status change: br.com.catbag.gifreduxsample.ui.GifListActivity@560d944 in: RESUMED
11-23 13:43:01.266  1237  1258 I Choreographer: Skipped 38 frames!  The application may be doing too much work on its main thread.
11-23 13:43:01.397  1237  1258 I ActivityManager: Displayed br.com.catbag.gifreduxsample/.ui.GifListActivity: +488ms (total +2s921ms)
11-23 13:43:01.430  2278  2278 D LifecycleMonitor: Lifecycle status change: br.com.catbag.gifreduxsample.ui.GifListActivity@6f66511 in: STOPPED
11-23 13:43:01.431  2278  2278 D LifecycleMonitor: Lifecycle status change: br.com.catbag.gifreduxsample.ui.GifListActivity@6f66511 in: DESTROYED
11-23 13:43:01.537  1237  1267 I WindowManager: Destroying surface Surface(name=com.android.launcher3/com.android.launcher3.Launcher) called by com.android.server.wm.WindowStateAnimator.destroySurface:2014 com.android.server.wm.WindowStateAnimator.destroySurfaceLocked:881 com.android.server.wm.WindowState.destroyOrSaveSurface:2073 com.android.server.wm.AppWindowToken.destroySurfaces:363 com.android.server.wm.AppWindowToken.notifyAppStopped:389 com.android.server.wm.WindowManagerService.notifyAppStopped:4456 com.android.server.am.ActivityStack.activityStoppedLocked:1252 com.android.server.am.ActivityManagerService.activityStopped:6873 
11-23 13:43:01.578  2278  2278 I Choreographer: Skipped 38 frames!  The application may be doing too much work on its main thread.
11-23 13:43:01.612  1237  1258 I WindowManager: Destroying surface Surface(name=Starting br.com.catbag.gifreduxsample) called by com.android.server.wm.WindowStateAnimator.destroySurface:2014 com.android.server.wm.WindowStateAnimator.destroySurfaceLocked:881 com.android.server.wm.WindowState.destroyOrSaveSurface:2073 com.android.server.wm.AppWindowToken.destroySurfaces:363 com.android.server.wm.WindowStateAnimator.finishExit:565 com.android.server.wm.WindowStateAnimator.stepAnimationLocked:491 com.android.server.wm.WindowAnimator.updateWindowsLocked:303 com.android.server.wm.WindowAnimator.animateLocked:704 
11-23 13:43:01.766  1237  1258 I WindowManager: Destroying surface Surface(name=br.com.catbag.gifreduxsample/br.com.catbag.gifreduxsample.ui.GifListActivity) called by com.android.server.wm.WindowStateAnimator.destroySurface:2014 com.android.server.wm.WindowStateAnimator.destroySurfaceLocked:881 com.android.server.wm.WindowState.removeLocked:1449 com.android.server.wm.WindowManagerService.removeWindowInnerLocked:2478 com.android.server.wm.AppWindowToken.destroySurfaces:365 com.android.server.wm.WindowStateAnimator.finishExit:565 com.android.server.wm.WindowStateAnimator.stepAnimationLocked:491 com.android.server.wm.WindowAnimator.updateWindowsLocked:303 
11-23 13:43:01.802  2278  2278 D LifecycleMonitor: Lifecycle status change: br.com.catbag.gifreduxsample.ui.GifListActivity@560d944 in: PAUSED
11-23 13:43:01.816  2278  2293 I TestRunner: finished: whenGifIsDownloadingTest(br.com.catbag.gifreduxsample.ui.giflist.GifListActivityTest)
11-23 13:43:01.843   978   978 D gralloc : Registering a buffer in the process that created it. This may cause memory ordering problems.
11-23 13:43:01.843   978   978 E libEGL  : called unimplemented OpenGL ES API
11-23 13:43:01.843   978   978 E SurfaceFlinger: glCheckFramebufferStatusOES error 1844722566
11-23 13:43:01.843   978   978 E SurfaceFlinger: got GL_FRAMEBUFFER_COMPLETE_OES error while taking screenshot
11-23 13:43:01.846  1237  1434 W WindowManager: Screenshot failure taking screenshot for (480x800) to layer 22005
11-23 13:43:01.959  2278  2278 I MonitoringInstrumentation: Activities that are still in CREATED to STOPPED: 1
11-23 13:43:01.992  2278  2293 I TestRunner: started: whenListKeepOrderedAfterPlayTest(br.com.catbag.gifreduxsample.ui.giflist.GifListActivityTest)
11-23 13:43:02.039  2278  2278 I Choreographer: Skipped 35 frames!  The application may be doing too much work on its main thread.
11-23 13:43:02.066  2278  2278 I MonitoringInstrumentation: Activities that are still in CREATED to STOPPED: 1
11-23 13:43:02.094  1237  1258 I Choreographer: Skipped 40 frames!  The application may be doing too much work on its main thread.
11-23 13:43:02.218  2278  2294 I DroidFlux:Dispatcher: [STARTED] dispatch of action [FAKE_REDUCE_ACTION]
11-23 13:43:02.219  2278  2294 I DroidFlux:Dispatcher: [COMPLETED] dispatch of action [FAKE_REDUCE_ACTION]
11-23 13:43:02.237  2278  2321 D ActivityTestRule: Launching activity br.com.catbag.gifreduxsample.ui.GifListActivity
11-23 13:43:02.245  2278  2323 D MonitoringInstrumentation: execStartActivity(context, ibinder, ibinder, activity, intent, int, bundle
11-23 13:43:02.246  1237  1658 I ActivityManager: START u0 {flg=0x10000000 cmp=br.com.catbag.gifreduxsample/.ui.GifListActivity} from uid 10060 on display 0
11-23 13:43:02.329  1749  1749 I Choreographer: Skipped 44 frames!  The application may be doing too much work on its main thread.
11-23 13:43:02.430  2278  2278 D LifecycleMonitor: Lifecycle status change: br.com.catbag.gifreduxsample.ui.GifListActivity@6945c10 in: PRE_ON_CREATE
11-23 13:43:02.477  1237  1258 I Choreographer: Skipped 50 frames!  The application may be doing too much work on its main thread.
11-23 13:43:02.593  2278  2278 D LifecycleMonitor: Lifecycle status change: br.com.catbag.gifreduxsample.ui.GifListActivity@6945c10 in: CREATED
11-23 13:43:02.600  2278  2294 I DroidFlux:Dispatcher: [STARTED] dispatch of action [APP_STATE_LOAD]
11-23 13:43:02.602  2278  2294 D DroidFlux:Dispatcher: An action of type [APP_STATE_LOAD] was dispatched, but no reducer handled it
11-23 13:43:02.602  2278  2294 I DroidFlux:Dispatcher: [COMPLETED] dispatch of action [APP_STATE_LOAD]
11-23 13:43:02.602  2278  2278 D LifecycleMonitor: Lifecycle status change: br.com.catbag.gifreduxsample.ui.GifListActivity@6945c10 in: STARTED
11-23 13:43:02.602  2278  2278 D LifecycleMonitor: Lifecycle status change: br.com.catbag.gifreduxsample.ui.GifListActivity@6945c10 in: RESUMED
11-23 13:43:02.742  1237  1258 I Choreographer: Skipped 53 frames!  The application may be doing too much work on its main thread.
11-23 13:43:02.965  2278  2283 I art     : Do partial code cache collection, code=49KB, data=60KB
11-23 13:43:03.055  2278  2283 I art     : After code cache collection, code=48KB, data=59KB
11-23 13:43:03.065  2278  2283 I art     : Increasing code cache capacity to 256KB
11-23 13:43:03.212  2278  2278 I Choreographer: Skipped 31 frames!  The application may be doing too much work on its main thread.
11-23 13:43:03.414  1237  1258 I ActivityManager: Displayed br.com.catbag.gifreduxsample/.ui.GifListActivity: +1s77ms
11-23 13:43:03.442  2278  2278 W ResourceType: No package identifier when getting name for resource number 0x0000000c
11-23 13:43:03.442  2278  2278 I ViewInteraction: Performing 'single click' action on view with id: 12 (resource name not found)
11-23 13:43:03.639  1237  1248 I WindowManager: Destroying surface Surface(name=com.android.launcher3/com.android.launcher3.Launcher) called by com.android.server.wm.WindowStateAnimator.destroySurface:2014 com.android.server.wm.WindowStateAnimator.destroySurfaceLocked:881 com.android.server.wm.WindowState.destroyOrSaveSurface:2073 com.android.server.wm.AppWindowToken.destroySurfaces:363 com.android.server.wm.AppWindowToken.notifyAppStopped:389 com.android.server.wm.WindowManagerService.notifyAppStopped:4456 com.android.server.am.ActivityStack.activityStoppedLocked:1252 com.android.server.am.ActivityManagerService.activityStopped:6873 
11-23 13:43:03.689  1237  1258 I WindowManager: Destroying surface Surface(name=Starting br.com.catbag.gifreduxsample) called by com.android.server.wm.WindowStateAnimator.destroySurface:2014 com.android.server.wm.WindowStateAnimator.destroySurfaceLocked:881 com.android.server.wm.WindowState.destroyOrSaveSurface:2073 com.android.server.wm.AppWindowToken.destroySurfaces:363 com.android.server.wm.WindowStateAnimator.finishExit:565 com.android.server.wm.WindowStateAnimator.stepAnimationLocked:491 com.android.server.wm.WindowAnimator.updateWindowsLocked:303 com.android.server.wm.WindowAnimator.animateLocked:704 
11-23 13:43:03.741  2278  2278 D LifecycleMonitor: Lifecycle status change: br.com.catbag.gifreduxsample.ui.GifListActivity@560d944 in: STOPPED
11-23 13:43:03.742  2278  2278 D LifecycleMonitor: Lifecycle status change: br.com.catbag.gifreduxsample.ui.GifListActivity@560d944 in: DESTROYED
11-23 13:43:03.768  1237  1434 I WindowManager: Destroying surface Surface(name=br.com.catbag.gifreduxsample/br.com.catbag.gifreduxsample.ui.GifListActivity) called by com.android.server.wm.WindowStateAnimator.destroySurface:2014 com.android.server.wm.WindowStateAnimator.destroySurfaceLocked:881 com.android.server.wm.WindowState.removeLocked:1449 com.android.server.wm.WindowManagerService.removeWindowInnerLocked:2478 com.android.server.wm.WindowManagerService.removeWindowLocked:2436 com.android.server.wm.WindowManagerService.removeWindowLocked:2305 com.android.server.wm.WindowManagerService.removeWindow:2300 com.android.server.wm.Session.remove:193 
11-23 13:43:03.799  2278  2278 I Choreographer: Skipped 40 frames!  The application may be doing too much work on its main thread.
11-23 13:43:03.821  2278  2294 I DroidFlux:Dispatcher: [STARTED] dispatch of action [GIF_PLAY]
11-23 13:43:03.823  2278  2294 I DroidFlux:Dispatcher: [COMPLETED] dispatch of action [GIF_PLAY]
11-23 13:43:03.836   988  1043 D AudioFlinger: mixer(0xae4030c0) throttle end: throttle time(11)
11-23 13:43:03.855   988  1043 D AudioFlinger: mixer(0xae4030c0) throttle end: throttle time(11)
11-23 13:43:04.316  1237  1324 E TaskPersister: File error accessing recents directory (directory doesn't exist?).
11-23 13:43:04.530  2278  2278 W ResourceType: No package identifier when getting name for resource number 0x00000010
11-23 13:43:04.539  2278  2278 I ViewInteraction: Performing 'scroll RecyclerView to position: 2' action on view with id: 16 (resource name not found)
11-23 13:43:04.826  2278  2278 W ResourceType: No package identifier when getting name for resource number 0x00000010
11-23 13:43:04.842  2278  2278 W ResourceType: No package identifier when getting name for resource number 0x00000018
11-23 13:43:04.842  2278  2278 I ViewInteraction: Performing 'single click' action on view with id: 24 (resource name not found)
11-23 13:43:04.898  2278  2294 I DroidFlux:Dispatcher: [STARTED] dispatch of action [GIF_PLAY]
11-23 13:43:04.900  2278  2294 I DroidFlux:Dispatcher: [COMPLETED] dispatch of action [GIF_PLAY]
11-23 13:43:05.518  2278  2278 W ResourceType: No package identifier when getting name for resource number 0x0000001c
11-23 13:43:05.518  2278  2278 I ViewInteraction: Performing 'scroll RecyclerView to position: 3' action on view with id: 28 (resource name not found)
11-23 13:43:05.828  2278  2278 W ResourceType: No package identifier when getting name for resource number 0x0000001c
11-23 13:43:05.890  2278  2278 W ResourceType: No package identifier when getting name for resource number 0x00000024
11-23 13:43:05.890  2278  2278 I ViewInteraction: Performing 'single click' action on view with id: 36 (resource name not found)
11-23 13:43:06.015  2278  2289 I art     : Background sticky concurrent mark sweep GC freed 39239(2MB) AllocSpace objects, 4(80KB) LOS objects, 24% free, 7MB/9MB, paused 26.301ms total 176.132ms
11-23 13:43:06.036  2278  2294 I DroidFlux:Dispatcher: [STARTED] dispatch of action [GIF_PLAY]
11-23 13:43:06.038  2278  2294 I DroidFlux:Dispatcher: [COMPLETED] dispatch of action [GIF_PLAY]
11-23 13:43:06.776  2278  2278 W ResourceType: No package identifier when getting name for resource number 0x00000028
11-23 13:43:06.776  2278  2278 I ViewInteraction: Performing 'scroll RecyclerView to position: 4' action on view with id: 40 (resource name not found)
11-23 13:43:07.094  2278  2278 W ResourceType: No package identifier when getting name for resource number 0x00000028
11-23 13:43:07.146  2278  2278 W ResourceType: No package identifier when getting name for resource number 0x00000030
11-23 13:43:07.146  2278  2278 I ViewInteraction: Performing 'single click' action on view with id: 48 (resource name not found)
11-23 13:43:07.220  2278  2294 I DroidFlux:Dispatcher: [STARTED] dispatch of action [GIF_PLAY]
11-23 13:43:07.223  2278  2294 I DroidFlux:Dispatcher: [COMPLETED] dispatch of action [GIF_PLAY]
11-23 13:43:08.019  2278  2278 W ResourceType: No package identifier when getting name for resource number 0x00000034
11-23 13:43:08.019  2278  2278 I ViewInteraction: Performing 'scroll RecyclerView to position: 5' action on view with id: 52 (resource name not found)
11-23 13:43:08.330  2278  2278 W ResourceType: No package identifier when getting name for resource number 0x00000034
11-23 13:43:08.376  2278  2278 W ResourceType: No package identifier when getting name for resource number 0x0000003c
11-23 13:43:08.377  2278  2278 I ViewInteraction: Performing 'single click' action on view with id: 60 (resource name not found)
11-23 13:43:08.462  2278  2294 I DroidFlux:Dispatcher: [STARTED] dispatch of action [GIF_PLAY]
11-23 13:43:08.487  2278  2294 I DroidFlux:Dispatcher: [COMPLETED] dispatch of action [GIF_PLAY]
11-23 13:43:08.852  2278  2289 I art     : Background sticky concurrent mark sweep GC freed 29216(1601KB) AllocSpace objects, 6(128KB) LOS objects, 19% free, 7MB/9MB, paused 11.261ms total 206.395ms
11-23 13:43:08.996  2278  2278 W ResourceType: No package identifier when getting name for resource number 0x00000040
11-23 13:43:08.996  2278  2278 I ViewInteraction: Performing 'scroll RecyclerView to position: 6' action on view with id: 64 (resource name not found)
11-23 13:43:09.291  2278  2278 W ResourceType: No package identifier when getting name for resource number 0x00000040
11-23 13:43:09.302  2278  2278 W ResourceType: No package identifier when getting name for resource number 0x00000048
11-23 13:43:09.303  2278  2278 I ViewInteraction: Performing 'single click' action on view with id: 72 (resource name not found)
11-23 13:43:09.401  2278  2294 I DroidFlux:Dispatcher: [STARTED] dispatch of action [GIF_PLAY]
11-23 13:43:09.403  2278  2294 I DroidFlux:Dispatcher: [COMPLETED] dispatch of action [GIF_PLAY]
11-23 13:43:09.708  2278  2283 I art     : Do full code cache collection, code=123KB, data=122KB
11-23 13:43:09.709  2278  2283 I art     : After code cache collection, code=104KB, data=83KB
11-23 13:43:10.060  2278  2278 W ResourceType: No package identifier when getting name for resource number 0x0000004c
11-23 13:43:10.060  2278  2278 I ViewInteraction: Performing 'scroll RecyclerView to position: 7' action on view with id: 76 (resource name not found)
11-23 13:43:10.403  2278  2278 W ResourceType: No package identifier when getting name for resource number 0x0000004c
11-23 13:43:10.433  2278  2278 W ResourceType: No package identifier when getting name for resource number 0x00000054
11-23 13:43:10.433  2278  2278 I ViewInteraction: Performing 'single click' action on view with id: 84 (resource name not found)
11-23 13:43:10.539  2278  2294 I DroidFlux:Dispatcher: [STARTED] dispatch of action [GIF_PLAY]
11-23 13:43:10.549  2278  2294 I DroidFlux:Dispatcher: [COMPLETED] dispatch of action [GIF_PLAY]
11-23 13:43:10.771  2278  2289 W art     : Suspending all threads took: 16.791ms
11-23 13:43:10.909  2278  2289 I art     : Background sticky concurrent mark sweep GC freed 15361(1018KB) AllocSpace objects, 6(128KB) LOS objects, 10% free, 8MB/9MB, paused 35.921ms total 460.917ms
11-23 13:43:11.331  2278  2278 W ResourceType: No package identifier when getting name for resource number 0x00000058
11-23 13:43:11.331  2278  2278 I ViewInteraction: Performing 'scroll RecyclerView to position: 8' action on view with id: 88 (resource name not found)
11-23 13:43:11.653  2278  2278 W ResourceType: No package identifier when getting name for resource number 0x00000058
11-23 13:43:11.684  2278  2278 W ResourceType: No package identifier when getting name for resource number 0x00000060
11-23 13:43:11.703  2278  2278 I ViewInteraction: Performing 'single click' action on view with id: 96 (resource name not found)
11-23 13:43:11.763  2278  2294 I DroidFlux:Dispatcher: [STARTED] dispatch of action [GIF_PLAY]
11-23 13:43:11.806  2278  2294 I DroidFlux:Dispatcher: [COMPLETED] dispatch of action [GIF_PLAY]
11-23 13:43:12.171  2278  2289 I art     : Background partial concurrent mark sweep GC freed 21662(1128KB) AllocSpace objects, 6(128KB) LOS objects, 32% free, 8MB/12MB, paused 7.294ms total 360.716ms
11-23 13:43:12.426  2278  2278 W ResourceType: No package identifier when getting name for resource number 0x00000064
11-23 13:43:12.426  2278  2278 I ViewInteraction: Performing 'scroll RecyclerView to position: 9' action on view with id: 100 (resource name not found)
11-23 13:43:12.758  2278  2278 W ResourceType: No package identifier when getting name for resource number 0x00000064
11-23 13:43:12.780  2278  2278 W ResourceType: No package identifier when getting name for resource number 0x0000006c
11-23 13:43:12.781  2278  2278 I ViewInteraction: Performing 'single click' action on view with id: 108 (resource name not found)
11-23 13:43:12.848  2278  2294 I DroidFlux:Dispatcher: [STARTED] dispatch of action [GIF_PLAY]
11-23 13:43:12.852  2278  2294 I DroidFlux:Dispatcher: [COMPLETED] dispatch of action [GIF_PLAY]
11-23 13:43:13.442  2278  2278 W ResourceType: No package identifier when getting name for resource number 0x00000070
11-23 13:43:13.442  2278  2278 I ViewInteraction: Performing 'scroll RecyclerView to position: 10' action on view with id: 112 (resource name not found)
11-23 13:43:13.784  2278  2278 W ResourceType: No package identifier when getting name for resource number 0x00000070
11-23 13:43:13.826  2278  2278 W ResourceType: No package identifier when getting name for resource number 0x00000078
11-23 13:43:13.826  2278  2278 I ViewInteraction: Performing 'single click' action on view with id: 120 (resource name not found)
11-23 13:43:13.911  2278  2294 I DroidFlux:Dispatcher: [STARTED] dispatch of action [GIF_PLAY]
11-23 13:43:13.913  2278  2294 I DroidFlux:Dispatcher: [COMPLETED] dispatch of action [GIF_PLAY]
11-23 13:43:14.614  2278  2278 W ResourceType: No package identifier when getting name for resource number 0x0000007c
11-23 13:43:14.614  2278  2278 I ViewInteraction: Performing 'scroll RecyclerView to position: 11' action on view with id: 124 (resource name not found)
11-23 13:43:14.921  2278  2278 W ResourceType: No package identifier when getting name for resource number 0x0000007c
11-23 13:43:14.964  2278  2278 W ResourceType: No package identifier when getting name for resource number 0x00000084
11-23 13:43:14.964  2278  2278 I ViewInteraction: Performing 'single click' action on view with id: 132 (resource name not found)
11-23 13:43:15.046  2278  2294 I DroidFlux:Dispatcher: [STARTED] dispatch of action [GIF_PLAY]
11-23 13:43:15.048  2278  2294 I DroidFlux:Dispatcher: [COMPLETED] dispatch of action [GIF_PLAY]
11-23 13:43:15.604  2278  2278 W ResourceType: No package identifier when getting name for resource number 0x00000088
11-23 13:43:15.624  2278  2278 I ViewInteraction: Performing 'scroll RecyclerView to position: 12' action on view with id: 136 (resource name not found)
11-23 13:43:15.971  2278  2278 W ResourceType: No package identifier when getting name for resource number 0x00000088
11-23 13:43:16.019  2278  2278 W ResourceType: No package identifier when getting name for resource number 0x00000090
11-23 13:43:16.020  2278  2278 I ViewInteraction: Performing 'single click' action on view with id: 144 (resource name not found)
11-23 13:43:16.105  2278  2294 I DroidFlux:Dispatcher: [STARTED] dispatch of action [GIF_PLAY]
11-23 13:43:16.107  2278  2294 I DroidFlux:Dispatcher: [COMPLETED] dispatch of action [GIF_PLAY]
11-23 13:43:16.545  2278  2289 I art     : Background sticky concurrent mark sweep GC freed 44146(2MB) AllocSpace objects, 12(256KB) LOS objects, 23% free, 9MB/12MB, paused 8.193ms total 242.772ms
11-23 13:43:16.751  2278  2278 W ResourceType: No package identifier when getting name for resource number 0x00000094
11-23 13:43:16.751  2278  2278 I ViewInteraction: Performing 'scroll RecyclerView to position: 13' action on view with id: 148 (resource name not found)
11-23 13:43:17.107  2278  2278 W ResourceType: No package identifier when getting name for resource number 0x00000094
11-23 13:43:17.142  2278  2278 W ResourceType: No package identifier when getting name for resource number 0x0000009c
11-23 13:43:17.142  2278  2278 I ViewInteraction: Performing 'single click' action on view with id: 156 (resource name not found)
11-23 13:43:17.228  2278  2294 I DroidFlux:Dispatcher: [STARTED] dispatch of action [GIF_PLAY]
11-23 13:43:17.230  2278  2294 I DroidFlux:Dispatcher: [COMPLETED] dispatch of action [GIF_PLAY]
11-23 13:43:17.916  2278  2278 W ResourceType: No package identifier when getting name for resource number 0x000000a0
11-23 13:43:17.917  2278  2278 I ViewInteraction: Performing 'scroll RecyclerView to position: 14' action on view with id: 160 (resource name not found)
11-23 13:43:18.228  2278  2278 W ResourceType: No package identifier when getting name for resource number 0x000000a0
11-23 13:43:18.259  2278  2278 W ResourceType: No package identifier when getting name for resource number 0x000000a8
11-23 13:43:18.271  2278  2278 I ViewInteraction: Performing 'single click' action on view with id: 168 (resource name not found)
11-23 13:43:18.339  2278  2294 I DroidFlux:Dispatcher: [STARTED] dispatch of action [GIF_PLAY]
11-23 13:43:18.340  2278  2294 I DroidFlux:Dispatcher: [COMPLETED] dispatch of action [GIF_PLAY]
11-23 13:43:18.932  2278  2278 W ResourceType: No package identifier when getting name for resource number 0x000000ac
11-23 13:43:18.955  2278  2278 I ViewInteraction: Performing 'scroll RecyclerView to position: 15' action on view with id: 172 (resource name not found)
11-23 13:43:19.354  2278  2278 W ResourceType: No package identifier when getting name for resource number 0x000000ac
11-23 13:43:19.412  2278  2278 W ResourceType: No package identifier when getting name for resource number 0x000000b4
11-23 13:43:19.413  2278  2278 I ViewInteraction: Performing 'single click' action on view with id: 180 (resource name not found)
11-23 13:43:19.498  2278  2294 I DroidFlux:Dispatcher: [STARTED] dispatch of action [GIF_PLAY]
11-23 13:43:19.501  2278  2294 I DroidFlux:Dispatcher: [COMPLETED] dispatch of action [GIF_PLAY]
11-23 13:43:19.978  2278  2289 I art     : Background sticky concurrent mark sweep GC freed 26535(1673KB) AllocSpace objects, 9(192KB) LOS objects, 16% free, 10MB/12MB, paused 40.997ms total 441.593ms
11-23 13:43:20.578  2278  2278 W ResourceType: No package identifier when getting name for resource number 0x000000b8
11-23 13:43:20.579  2278  2278 I ViewInteraction: Performing 'scroll RecyclerView to position: 16' action on view with id: 184 (resource name not found)
11-23 13:43:20.900  2278  2278 W ResourceType: No package identifier when getting name for resource number 0x000000b8
11-23 13:43:20.914  2278  2278 W ResourceType: No package identifier when getting name for resource number 0x000000c0
11-23 13:43:20.926  2278  2278 I ViewInteraction: Performing 'single click' action on view with id: 192 (resource name not found)
11-23 13:43:20.999  2278  2294 I DroidFlux:Dispatcher: [STARTED] dispatch of action [GIF_PLAY]
11-23 13:43:21.002  2278  2294 I DroidFlux:Dispatcher: [COMPLETED] dispatch of action [GIF_PLAY]
11-23 13:43:21.120  2278  2283 I art     : Do partial code cache collection, code=122KB, data=113KB
11-23 13:43:21.120  2278  2283 I art     : After code cache collection, code=122KB, data=113KB
11-23 13:43:21.120  2278  2283 I art     : Increasing code cache capacity to 512KB
11-23 13:43:21.811  2278  2278 W ResourceType: No package identifier when getting name for resource number 0x000000c4
11-23 13:43:21.812  2278  2278 I ViewInteraction: Performing 'scroll RecyclerView to position: 17' action on view with id: 196 (resource name not found)
11-23 13:43:22.137  2278  2278 W ResourceType: No package identifier when getting name for resource number 0x000000c4
11-23 13:43:22.172  2278  2278 W ResourceType: No package identifier when getting name for resource number 0x000000cc
11-23 13:43:22.172  2278  2278 I ViewInteraction: Performing 'single click' action on view with id: 204 (resource name not found)
11-23 13:43:22.297  2278  2294 I DroidFlux:Dispatcher: [STARTED] dispatch of action [GIF_PLAY]
11-23 13:43:22.300  2278  2294 I DroidFlux:Dispatcher: [COMPLETED] dispatch of action [GIF_PLAY]
11-23 13:43:22.456  2278  2289 W art     : Suspending all threads took: 20.090ms
11-23 13:43:22.617  2278  2289 I art     : Background sticky concurrent mark sweep GC freed 21977(1375KB) AllocSpace objects, 6(128KB) LOS objects, 8% free, 11MB/12MB, paused 26.542ms total 461.312ms
11-23 13:43:22.928  2278  2278 W ResourceType: No package identifier when getting name for resource number 0x000000d0
11-23 13:43:22.928  2278  2278 I ViewInteraction: Performing 'scroll RecyclerView to position: 18' action on view with id: 208 (resource name not found)
11-23 13:43:23.239  2278  2278 W ResourceType: No package identifier when getting name for resource number 0x000000d0
11-23 13:43:23.271  2278  2278 W ResourceType: No package identifier when getting name for resource number 0x000000d8
11-23 13:43:23.272  2278  2278 I ViewInteraction: Performing 'single click' action on view with id: 216 (resource name not found)
11-23 13:43:23.342  2278  2294 I DroidFlux:Dispatcher: [STARTED] dispatch of action [GIF_PLAY]
11-23 13:43:23.344  2278  2294 I DroidFlux:Dispatcher: [COMPLETED] dispatch of action [GIF_PLAY]
11-23 13:43:23.656  2278  2289 I art     : Background partial concurrent mark sweep GC freed 22808(1266KB) AllocSpace objects, 12(2MB) LOS objects, 31% free, 8MB/12MB, paused 7.795ms total 303.762ms
11-23 13:43:24.262  2278  2278 W ResourceType: No package identifier when getting name for resource number 0x000000e3
11-23 13:43:24.262  2278  2278 I ViewInteraction: Performing 'single click' action on view with id: 227 (resource name not found)
11-23 13:43:24.341  2278  2294 I DroidFlux:Dispatcher: [STARTED] dispatch of action [GIF_PAUSE]
11-23 13:43:24.343  2278  2294 I DroidFlux:Dispatcher: [COMPLETED] dispatch of action [GIF_PAUSE]
11-23 13:43:25.019  2278  2293 I TestRunner: finished: whenListKeepOrderedAfterPlayTest(br.com.catbag.gifreduxsample.ui.giflist.GifListActivityTest)
11-23 13:43:25.047  2278  2278 I MonitoringInstrumentation: Activities that are still in CREATED to STOPPED: 1
11-23 13:43:25.048  2278  2293 I TestRunner: started: whenGifIsWatchedTest(br.com.catbag.gifreduxsample.ui.giflist.GifListActivityTest)
11-23 13:43:25.082  2278  2278 I MonitoringInstrumentation: Activities that are still in CREATED to STOPPED: 1
11-23 13:43:25.141  2278  2278 D LifecycleMonitor: Lifecycle status change: br.com.catbag.gifreduxsample.ui.GifListActivity@6945c10 in: PAUSED
11-23 13:43:25.182  2278  2294 I DroidFlux:Dispatcher: [STARTED] dispatch of action [FAKE_REDUCE_ACTION]
11-23 13:43:25.183  2278  2294 I DroidFlux:Dispatcher: [COMPLETED] dispatch of action [FAKE_REDUCE_ACTION]
11-23 13:43:25.191  2278  2345 D ActivityTestRule: Launching activity br.com.catbag.gifreduxsample.ui.GifListActivity
11-23 13:43:25.198   978   978 D gralloc : Registering a buffer in the process that created it. This may cause memory ordering problems.
11-23 13:43:25.199   978   978 E libEGL  : called unimplemented OpenGL ES API
11-23 13:43:25.199   978   978 E SurfaceFlinger: glCheckFramebufferStatusOES error 1844722566
11-23 13:43:25.200   978   978 E SurfaceFlinger: got GL_FRAMEBUFFER_COMPLETE_OES error while taking screenshot
11-23 13:43:25.201  1237  1555 W WindowManager: Screenshot failure taking screenshot for (480x800) to layer 21005
11-23 13:43:25.217  2278  2278 I Choreographer: Skipped 35 frames!  The application may be doing too much work on its main thread.
11-23 13:43:25.240  2278  2347 D MonitoringInstrumentation: execStartActivity(context, ibinder, ibinder, activity, intent, int, bundle
11-23 13:43:25.241  1237  1658 I ActivityManager: START u0 {flg=0x10000000 cmp=br.com.catbag.gifreduxsample/.ui.GifListActivity} from uid 10060 on display 0
11-23 13:43:25.401  1237  1267 W art     : Long monitor contention with owner Binder:1237_8 (1658) at int com.android.server.am.ActivityStarter.startActivityMayWait(android.app.IApplicationThread, int, java.lang.String, android.content.Intent, java.lang.String, android.service.voice.IVoiceInteractionSession, com.android.internal.app.IVoiceInteractor, android.os.IBinder, java.lang.String, int, int, android.app.ProfilerInfo, android.app.IActivityManager$WaitResult, android.content.res.Configuration, android.os.Bundle, boolean, int, android.app.IActivityContainer, com.android.server.am.TaskRecord)(ActivityStarter.java:725) waiters=0 in android.app.ActivityOptions com.android.server.am.ActivityManagerService.getActivityOptions(android.os.IBinder) for 144ms
11-23 13:43:25.502  1749  1749 I Choreographer: Skipped 60 frames!  The application may be doing too much work on its main thread.
11-23 13:43:25.567  1237  1258 I Choreographer: Skipped 60 frames!  The application may be doing too much work on its main thread.
11-23 13:43:25.748  1749  1749 I Choreographer: Skipped 44 frames!  The application may be doing too much work on its main thread.
11-23 13:43:25.859  2278  2278 D LifecycleMonitor: Lifecycle status change: br.com.catbag.gifreduxsample.ui.GifListActivity@a5b63cf in: PRE_ON_CREATE
11-23 13:43:25.926  1237  1248 I WindowManager: Destroying surface Surface(name=com.android.launcher3/com.android.launcher3.Launcher) called by com.android.server.wm.WindowStateAnimator.destroySurface:2014 com.android.server.wm.WindowStateAnimator.destroySurfaceLocked:881 com.android.server.wm.WindowState.destroyOrSaveSurface:2073 com.android.server.wm.WindowManagerService.tryStartExitingAnimation:3017 com.android.server.wm.WindowManagerService.relayoutWindow:2897 com.android.server.wm.Session.relayout:215 android.view.IWindowSession$Stub.onTransact:286 com.android.server.wm.Session.onTransact:136 
11-23 13:43:25.990  1237  1258 I Choreographer: Skipped 59 frames!  The application may be doing too much work on its main thread.
11-23 13:43:26.018  2278  2278 D LifecycleMonitor: Lifecycle status change: br.com.catbag.gifreduxsample.ui.GifListActivity@a5b63cf in: CREATED
11-23 13:43:26.019  2278  2294 I DroidFlux:Dispatcher: [STARTED] dispatch of action [APP_STATE_LOAD]
11-23 13:43:26.020  2278  2294 D DroidFlux:Dispatcher: An action of type [APP_STATE_LOAD] was dispatched, but no reducer handled it
11-23 13:43:26.020  2278  2294 I DroidFlux:Dispatcher: [COMPLETED] dispatch of action [APP_STATE_LOAD]
11-23 13:43:26.020  2278  2278 D LifecycleMonitor: Lifecycle status change: br.com.catbag.gifreduxsample.ui.GifListActivity@a5b63cf in: STARTED
11-23 13:43:26.022  2278  2278 D LifecycleMonitor: Lifecycle status change: br.com.catbag.gifreduxsample.ui.GifListActivity@a5b63cf in: RESUMED
11-23 13:43:26.221  1237  1258 W art     : Long monitor contention with owner Binder:1237_1 (1248) at int com.android.server.wm.WindowManagerService.relayoutWindow(com.android.server.wm.Session, android.view.IWindow, int, android.view.WindowManager$LayoutParams, int, int, int, int, android.graphics.Rect, android.graphics.Rect, android.graphics.Rect, android.graphics.Rect, android.graphics.Rect, android.graphics.Rect, android.graphics.Rect, android.content.res.Configuration, android.view.Surface)(WindowManagerService.java:2759) waiters=0 in void com.android.server.wm.WindowManagerService$H.handleMessage(android.os.Message) for 155ms
11-23 13:43:26.222  2278  2278 E Feed    : Gif{uuid=ece1b716-8045-41bc-bae9-2647b503a216, path=, url=, title=, watched=true, status=DOWNLOADED}
11-23 13:43:26.222  2278  2278 E Feed    : pl.droidsonroids.gif.GifIOException: GifError 101: Failed to open given input
11-23 13:43:26.222  2278  2278 E Feed    : 	at pl.droidsonroids.gif.GifInfoHandle.openFile(Native Method)
11-23 13:43:26.222  2278  2278 E Feed    : 	at pl.droidsonroids.gif.GifInfoHandle.<init>(GifInfoHandle.java:46)
11-23 13:43:26.222  2278  2278 E Feed    : 	at pl.droidsonroids.gif.GifDrawable.<init>(GifDrawable.java:124)
11-23 13:43:26.222  2278  2278 E Feed    : 	at br.com.catbag.gifreduxsample.ui.components.FeedComponent.createDrawable(FeedComponent.java:104)
11-23 13:43:26.222  2278  2278 E Feed    : 	at br.com.catbag.gifreduxsample.ui.components.FeedComponent.lambda$renderGifView$2(FeedComponent.java:90)
11-23 13:43:26.222  2278  2278 E Feed    : 	at br.com.catbag.gifreduxsample.ui.components.FeedComponent$$Lambda$2.view(Unknown Source)
11-23 13:43:26.222  2278  2278 E Feed    : 	at trikita.anvil.BaseDSL.v(BaseDSL.java:670)
11-23 13:43:26.222  2278  2278 E Feed    : 	at br.com.catbag.gifreduxsample.ui.components.FeedComponent.renderGifView(FeedComponent.java:88)
11-23 13:43:26.222  2278  2278 E Feed    : 	at br.com.catbag.gifreduxsample.ui.components.FeedComponent.lambda$null$0(FeedComponent.java:55)
11-23 13:43:26.222  2278  2278 E Feed    : 	at br.com.catbag.gifreduxsample.ui.components.FeedComponent$$Lambda$3.view(Unknown Source)
11-23 13:43:26.222  2278  2278 E Feed    : 	at br.com.catbag.gifreduxsample.ui.components.GifsAdapter.view(GifsAdapter.java:55)
11-23 13:43:26.222  2278  2278 E Feed    : 	at trikita.anvil.RenderableRecyclerViewAdapter$1.view(RenderableRecyclerViewAdapter.java:24)
11-23 13:43:26.222  2278  2278 E Feed    : 	at trikita.anvil.Anvil$Mount.render(Anvil.java:204)
11-23 13:43:26.222  2278  2278 E Feed    : 	at trikita.anvil.Anvil.render(Anvil.java:173)
11-23 13:43:26.222  2278  2278 E Feed    : 	at trikita.anvil.RenderableRecyclerViewAdapter.onBindViewHolder(RenderableRecyclerViewAdapter.java:27)
11-23 13:43:26.222  2278  2278 E Feed    : 	at trikita.anvil.RenderableRecyclerViewAdapter.onBindViewHolder(RenderableRecyclerViewAdapter.java:7)
11-23 13:43:26.222  2278  2278 E Feed    : 	at android.support.v7.widget.RecyclerView$Adapter.onBindViewHolder(RecyclerView.java:5768)
11-23 13:43:26.222  2278  2278 E Feed    : 	at android.support.v7.widget.RecyclerView$Adapter.bindViewHolder(RecyclerView.java:5801)
11-23 13:43:26.222  2278  2278 E Feed    : 	at android.support.v7.widget.RecyclerView$Recycler.getViewForPosition(RecyclerView.java:5037)
11-23 13:43:26.222  2278  2278 E Feed    : 	at android.support.v7.widget.RecyclerView$Recycler.getViewForPosition(RecyclerView.java:4913)
11-23 13:43:26.222  2278  2278 E Feed    : 	at android.support.v7.widget.LinearLayoutManager$LayoutState.next(LinearLayoutManager.java:2029)
11-23 13:43:26.222  2278  2278 E Feed    : 	at android.support.v7.widget.LinearLayoutManager.layoutChunk(LinearLayoutManager.java:1414)
11-23 13:43:26.222  2278  2278 E Feed    : 	at android.support.v7.widget.LinearLayoutManager.fill(LinearLayoutManager.java:1377)
11-23 13:43:26.222  2278  2278 E Feed    : 	at android.support.v7.widget.LinearLayoutManager.onLayoutChildren(LinearLayoutManager.java:578)
11-23 13:43:26.222  2278  2278 E Feed    : 	at android.support.v7.widget.RecyclerView.dispatchLayoutStep2(RecyclerView.java:3260)
11-23 13:43:26.222  2278  2278 E Feed    : 	at android.support.v7.widget.RecyclerView.dispatchLayout(RecyclerView.java:3069)
11-23 13:43:26.222  2278  2278 E Feed    : 	at android.support.v7.widget.RecyclerView.onLayout(RecyclerView.java:3518)
11-23 13:43:26.222  2278  2278 E Feed    : 	at android.view.View.layout(View.java:17520)
11-23 13:43:26.222  2278  2278 E Feed    : 	at android.view.ViewGroup.layout(ViewGroup.java:5612)
11-23 13:43:26.222  2278  2278 E Feed    : 	at android.widget.FrameLayout.layoutChildren(FrameLayout.java:323)
11-23 13:43:26.222  2278  2278 E Feed    : 	at android.widget.FrameLayout.onLayout(FrameLayout.java:261)
11-23 13:43:26.222  2278  2278 E Feed    : 	at android.view.View.layout(View.java:17520)
11-23 13:43:26.222  2278  2278 E Feed    : 	at android.view.ViewGroup.layout(ViewGroup.java:5612)
11-23 13:43:26.222  2278  2278 E Feed    : 	at android.widget.RelativeLayout.onLayout(RelativeLayout.java:1079)
11-23 13:43:26.222  2278  2278 E Feed    : 	at android.view.View.layout(View.java:17520)
11-23 13:43:26.222  2278  2278 E Feed    : 	at android.view.ViewGroup.layout(ViewGroup.java:5612)
11-23 13:43:26.222  2278  2278 E Feed    : 	at android.widget.FrameLayout.layoutChildren(FrameLayout.java:323)
11-23 13:43:26.222  2278  2278 E Feed    : 	at android.widget.FrameLayout.onLayout(FrameLayout.java:261)
11-23 13:43:26.222  2278  2278 E Feed    : 	at android.view.View.layout(View.java:17520)
11-23 13:43:26.222  2278  2278 E Feed    : 	at android.view.ViewGroup.layout(ViewGroup.java:5612)
11-23 13:43:26.222  2278  2278 E Feed    : 	at android.support.v7.widget.ActionBarOverlayLayout.onLayout(ActionBarOverlayLayout.java:435)
11-23 13:43:26.222  2278  2278 E Feed    : 	at android.view.View.layout(View.java:17520)
11-23 13:43:26.222  2278  2278 E Feed    : 	at android.view.ViewGroup.layout(ViewGroup.java:5612)
