--------- beginning of main
11-23 20:41:39.930  2175  2175 D AndroidRuntime: >>>>>> START com.android.internal.os.RuntimeInit uid 2000 <<<<<<
11-23 20:41:40.072  2175  2175 D AndroidRuntime: CheckJNI is ON
11-23 20:41:41.311  2175  2175 W art     : Unexpected CPU variant for X86 using defaults: x86
11-23 20:41:41.958  2175  2175 D ICU     : No timezone override file found: /data/misc/zoneinfo/current/icu/icu_tzdata.dat
11-23 20:41:42.660  2175  2175 E memtrack: Couldn't load memtrack module (No such file or directory)
11-23 20:41:42.660  2175  2175 E android.os.Debug: failed to load memtrack module: -2
11-23 20:41:42.712  2175  2175 I Radio-JNI: register_android_hardware_Radio DONE
11-23 20:41:43.312  2175  2175 D AndroidRuntime: Calling main entry com.android.commands.am.Am
11-23 20:41:43.446  2175  2175 D AndroidRuntime: Shutting down VM
11-23 20:41:44.411  2185  2185 D AndroidRuntime: >>>>>> START com.android.internal.os.RuntimeInit uid 2000 <<<<<<
11-23 20:41:44.421  2185  2185 D AndroidRuntime: CheckJNI is ON
11-23 20:41:44.535  2185  2185 W art     : Unexpected CPU variant for X86 using defaults: x86
11-23 20:41:44.564  2185  2185 D ICU     : No timezone override file found: /data/misc/zoneinfo/current/icu/icu_tzdata.dat
11-23 20:41:44.635  2185  2185 E memtrack: Couldn't load memtrack module (No such file or directory)
11-23 20:41:44.635  2185  2185 E android.os.Debug: failed to load memtrack module: -2
11-23 20:41:44.647  2185  2185 I Radio-JNI: register_android_hardware_Radio DONE
11-23 20:41:44.715  2185  2185 D AndroidRuntime: Calling main entry com.android.commands.pm.Pm
11-23 20:41:44.944  2185  2185 I art     : System.exit called, status: 0
11-23 20:41:44.944  2185  2185 I AndroidRuntime: VM exiting with result code 0.
11-23 20:41:46.834  2196  2196 D AndroidRuntime: >>>>>> START com.android.internal.os.RuntimeInit uid 2000 <<<<<<
11-23 20:41:46.865  2196  2196 D AndroidRuntime: CheckJNI is ON
11-23 20:41:47.004  2196  2196 W art     : Unexpected CPU variant for X86 using defaults: x86
11-23 20:41:47.044  2196  2196 D ICU     : No timezone override file found: /data/misc/zoneinfo/current/icu/icu_tzdata.dat
11-23 20:41:47.135  2196  2196 E memtrack: Couldn't load memtrack module (No such file or directory)
11-23 20:41:47.136  2196  2196 E android.os.Debug: failed to load memtrack module: -2
11-23 20:41:47.157  2196  2196 I Radio-JNI: register_android_hardware_Radio DONE
11-23 20:41:47.265  2196  2196 D AndroidRuntime: Calling main entry com.android.commands.pm.Pm
11-23 20:41:47.495   990   990 I         : free_cache(7067354) avail 512548864
11-23 20:42:05.061  1237  1247 I art     : Background sticky concurrent mark sweep GC freed 28137(2MB) AllocSpace objects, 5(272KB) LOS objects, 32% free, 6MB/10MB, paused 21.136ms total 1.862s
11-23 20:42:09.858  2196  2196 I art     : System.exit called, status: 0
11-23 20:42:09.858  2196  2196 I AndroidRuntime: VM exiting with result code 0.
11-23 20:42:10.356  2209  2209 D AndroidRuntime: >>>>>> START com.android.internal.os.RuntimeInit uid 2000 <<<<<<
11-23 20:42:10.368  2209  2209 D AndroidRuntime: CheckJNI is ON
11-23 20:42:10.439  2209  2209 W art     : Unexpected CPU variant for X86 using defaults: x86
11-23 20:42:10.455  2209  2209 D ICU     : No timezone override file found: /data/misc/zoneinfo/current/icu/icu_tzdata.dat
11-23 20:42:10.500  2209  2209 E memtrack: Couldn't load memtrack module (No such file or directory)
11-23 20:42:10.501  2209  2209 E android.os.Debug: failed to load memtrack module: -2
11-23 20:42:10.502  2209  2209 I Radio-JNI: register_android_hardware_Radio DONE
11-23 20:42:10.533  2209  2209 D AndroidRuntime: Calling main entry com.android.commands.pm.Pm
--------- beginning of system
11-23 20:42:11.134  1237  1263 W ActivityManager: Slow operation: 170ms so far, now at startProcess: returned from zygote!
11-23 20:42:11.135  1237  1263 W ActivityManager: Slow operation: 171ms so far, now at startProcess: done updating battery stats
11-23 20:42:11.152  1237  1263 W ActivityManager: Slow operation: 188ms so far, now at startProcess: building log message
11-23 20:42:11.153  1237  1263 I ActivityManager: Start proc 2219:com.android.defcontainer/u0a5 for service com.android.defcontainer/.DefaultContainerService
11-23 20:42:11.153  1237  1263 W ActivityManager: Slow operation: 189ms so far, now at startProcess: starting to update pids map
11-23 20:42:11.154  1237  1263 W ActivityManager: Slow operation: 190ms so far, now at startProcess: done updating pids map
11-23 20:42:11.154  1237  1263 W ActivityManager: Slow operation: 214ms so far, now at startProcess: done starting proc!
11-23 20:42:11.184  2219  2219 W art     : Unexpected CPU variant for X86 using defaults: x86
11-23 20:42:11.783  1237  1263 I PackageManager.DexOptimizer: Running dexopt (dex2oat) on: /data/app/vmdl1483717265.tmp/base.apk pkg=br.com.catbag.gifreduxsample isa=x86 vmSafeMode=false debuggable=true target-filter=interpret-only oatDir = /data/app/vmdl1483717265.tmp/oat sharedLibraries=null
11-23 20:42:11.855  2234  2234 W dex2oat : Unexpected CPU variant for X86 using defaults: x86
11-23 20:42:11.856  2234  2234 W dex2oat : Mismatch between dex2oat instruction set features (ISA: X86 Feature string: smp,-ssse3,-sse4.1,-sse4.2,-avx,-avx2,-lock_add,-popcnt) and those of dex2oat executable (ISA: X86 Feature string: smp,ssse3,-sse4.1,-sse4.2,-avx,-avx2,-lock_add,-popcnt) for the command line:
11-23 20:42:11.856  2234  2234 W dex2oat : /system/bin/dex2oat --zip-fd=6 --zip-location=base.apk --oat-fd=7 --oat-location=/data/app/vmdl1483717265.tmp/oat/x86/base.odex --instruction-set=x86 --instruction-set-variant=x86 --instruction-set-features=default --runtime-arg -Xms64m --runtime-arg -Xmx512m --compiler-filter=interpret-only --swap-fd=9 --debuggable
11-23 20:42:11.869  2234  2234 I dex2oat : /system/bin/dex2oat --compiler-filter=interpret-only --debuggable
11-23 20:42:17.343  2234  2234 W dex2oat : Before Android 4.1, method android.graphics.PorterDuffColorFilter android.support.graphics.drawable.VectorDrawableCompat.updateTintFilter(android.graphics.PorterDuffColorFilter, android.content.res.ColorStateList, android.graphics.PorterDuff$Mode) would have incorrectly overridden the package-private method in android.graphics.drawable.Drawable
11-23 20:42:17.521  2234  2234 W dex2oat : Before Android 4.1, method int android.support.v7.widget.ListViewCompat.lookForSelectablePosition(int, boolean) would have incorrectly overridden the package-private method in android.widget.ListView
11-23 20:42:34.139  2234  2234 W dex2oat : Verification of void org.immutables.value.internal.$processor$.meta.$StyleMirror.<init>(javax.lang.model.element.AnnotationMirror) took 164.752ms
11-23 20:42:34.249  2234  2234 W dex2oat : Verification of void org.immutables.value.internal.$processor$.meta.$StyleMirror.<init>(javax.lang.model.element.TypeElement) took 107.007ms
11-23 20:42:58.265  2234  2234 W dex2oat : Compilation of com.fasterxml.jackson.core.JsonLocation com.fasterxml.jackson.core.filter.FilteringParserDelegate.getCurrentLocation() took 188.664ms
11-23 20:43:03.254  2234  2234 W dex2oat : Compilation of boolean com.google.common.hash.BloomFilterStrategies$2.mightContain(java.lang.Object, com.google.common.hash.Funnel, int, com.google.common.hash.BloomFilterStrategies$BitArray) took 168.670ms
11-23 20:43:05.111  1237  1250 I UsageStatsService: User[0] Flushing usage stats to disk
11-23 20:43:08.240  2234  2234 W dex2oat : Compilation of java.lang.String org.immutables.value.internal.$processor$.meta.$NaturalOrderMirror.toString() took 141.736ms
11-23 20:43:11.409  2234  2234 I dex2oat : dex2oat took 59.557s (threads: 1) arena alloc=1402KB (1436528B) java alloc=7MB (8050336B) native alloc=13MB (14283256B) free=2MB (2625032B)
11-23 20:43:11.717  1237  1263 W PackageManager: Not granting permission android.permission.SET_DEBUG_APP to package br.com.catbag.gifreduxsample (protectionLevel=50 flags=0x3848be46)
11-23 20:43:11.931  1237  1263 V BackupManagerService: restoreAtInstall pkg=br.com.catbag.gifreduxsample token=1 restoreSet=0
11-23 20:43:11.934  1237  1263 W BackupManagerService: Requested unavailable transport: android/com.android.internal.backup.LocalTransport
11-23 20:43:11.936  1237  1263 W BackupManagerService: No transport
11-23 20:43:11.936  1237  1263 V BackupManagerService: Finishing install immediately
11-23 20:43:11.987  1237  1541 I ActivityManager: Killing 1466:com.android.settings:CryptKeeper/1000 (adj 906): empty #17
11-23 20:43:12.013  1237  1263 I art     : Starting a blocking GC Explicit
11-23 20:43:12.479  1237  1263 I art     : Explicit concurrent mark sweep GC freed 25693(1561KB) AllocSpace objects, 16(368KB) LOS objects, 33% free, 6MB/10MB, paused 5.749ms total 448.525ms
11-23 20:43:12.493   990   990 E         : Couldn't opendir /data/app/vmdl1483717265.tmp: No such file or directory
11-23 20:43:12.809  1237  1252 W art     : Long monitor contention with owner ActivityManager (1251) at void com.android.server.am.BroadcastQueue.processNextBroadcast(boolean)(BroadcastQueue.java:754) waiters=0 in void com.android.server.am.ActivityManagerService.dispatchUidsChanged() for 201ms
11-23 20:43:12.865  2209  2209 I art     : System.exit called, status: 0
11-23 20:43:12.865  2209  2209 I AndroidRuntime: VM exiting with result code 0.
11-23 20:43:13.052  1237  1279 I InputReader: Reconfiguring input devices.  changes=0x00000010
11-23 20:43:13.371  1449  1449 D CarrierSvcBindHelper: No carrier app for: 0
11-23 20:43:13.420  1449  1449 D CarrierConfigLoader: mHandler: 9 phoneId: 0
11-23 20:43:14.374  1237  1250 W VoiceInteractionManagerService: no available voice recognition services found for user 0
11-23 20:43:14.375  1237  1250 W LocationProviderProxy-network: Odd, no component found for service com.android.location.service.v3.NetworkLocationProvider
11-23 20:43:14.377  1237  1250 W GeocoderProxy: Odd, no component found for service com.android.location.service.GeocodeProvider
11-23 20:43:14.377  1237  1250 W GeofenceProxy: Odd, no component found for service com.android.location.service.GeofenceProvider
11-23 20:43:14.377  1237  1250 W ActivityRecognitionProxy: Odd, no component found for service com.android.location.service.ActivityRecognitionProvider
11-23 20:43:15.086  2241  2241 D AndroidRuntime: >>>>>> START com.android.internal.os.RuntimeInit uid 2000 <<<<<<
11-23 20:43:15.112  2241  2241 D AndroidRuntime: CheckJNI is ON
11-23 20:43:15.319  2241  2241 W art     : Unexpected CPU variant for X86 using defaults: x86
11-23 20:43:15.348  2241  2241 D ICU     : No timezone override file found: /data/misc/zoneinfo/current/icu/icu_tzdata.dat
11-23 20:43:15.443  2241  2241 E memtrack: Couldn't load memtrack module (No such file or directory)
11-23 20:43:15.443  2241  2241 E android.os.Debug: failed to load memtrack module: -2
11-23 20:43:15.445  2241  2241 I Radio-JNI: register_android_hardware_Radio DONE
11-23 20:43:15.473  2241  2241 D AndroidRuntime: Calling main entry com.android.commands.pm.Pm
11-23 20:43:15.502  2241  2241 I art     : System.exit called, status: 0
11-23 20:43:15.502  2241  2241 I AndroidRuntime: VM exiting with result code 0.
11-23 20:43:16.875  2258  2258 D AndroidRuntime: >>>>>> START com.android.internal.os.RuntimeInit uid 2000 <<<<<<
11-23 20:43:16.881  2258  2258 D AndroidRuntime: CheckJNI is ON
11-23 20:43:16.975  2258  2258 W art     : Unexpected CPU variant for X86 using defaults: x86
11-23 20:43:16.982  2258  2258 D ICU     : No timezone override file found: /data/misc/zoneinfo/current/icu/icu_tzdata.dat
11-23 20:43:17.025  2258  2258 E memtrack: Couldn't load memtrack module (No such file or directory)
11-23 20:43:17.025  2258  2258 E android.os.Debug: failed to load memtrack module: -2
11-23 20:43:17.027  2258  2258 I Radio-JNI: register_android_hardware_Radio DONE
11-23 20:43:17.047  2258  2258 D AndroidRuntime: Calling main entry com.android.commands.pm.Pm
11-23 20:43:17.060   990   990 I         : free_cache(2038469) avail 492572672
11-23 20:43:20.920  2258  2258 I art     : System.exit called, status: 0
11-23 20:43:20.921  2258  2258 I AndroidRuntime: VM exiting with result code 0.
11-23 20:43:21.352  2272  2272 D AndroidRuntime: >>>>>> START com.android.internal.os.RuntimeInit uid 2000 <<<<<<
11-23 20:43:21.355  2272  2272 D AndroidRuntime: CheckJNI is ON
11-23 20:43:21.428  2272  2272 W art     : Unexpected CPU variant for X86 using defaults: x86
11-23 20:43:21.443  2272  2272 D ICU     : No timezone override file found: /data/misc/zoneinfo/current/icu/icu_tzdata.dat
11-23 20:43:21.475  2272  2272 E memtrack: Couldn't load memtrack module (No such file or directory)
11-23 20:43:21.475  2272  2272 E android.os.Debug: failed to load memtrack module: -2
11-23 20:43:21.476  2272  2272 I Radio-JNI: register_android_hardware_Radio DONE
11-23 20:43:21.496  2272  2272 D AndroidRuntime: Calling main entry com.android.commands.pm.Pm
11-23 20:43:21.654  2219  2230 I art     : HomogeneousSpaceCompact marksweep + semispace GC freed 5451(386KB) AllocSpace objects, 0(0B) LOS objects, 39% free, 2MB/3MB, paused 4.640s total 345.263ms
11-23 20:43:21.743  2283  2283 W art     : Unexpected CPU variant for X86 using defaults: x86
11-23 20:43:21.747  1237  1248 I ActivityManager: Start proc 2283:com.svox.pico/u0a46 for broadcast com.svox.pico/.VoiceDataInstallerReceiver
11-23 20:43:21.880  1237  1263 I PackageManager.DexOptimizer: Running dexopt (dex2oat) on: /data/app/vmdl1936925605.tmp/base.apk pkg=br.com.catbag.gifreduxsample.test isa=x86 vmSafeMode=false debuggable=true target-filter=interpret-only oatDir = /data/app/vmdl1936925605.tmp/oat sharedLibraries=/system/framework/android.test.runner.jar
11-23 20:43:21.979  2297  2297 W dex2oat : Unexpected CPU variant for X86 using defaults: x86
11-23 20:43:21.980  2297  2297 W dex2oat : Mismatch between dex2oat instruction set features (ISA: X86 Feature string: smp,-ssse3,-sse4.1,-sse4.2,-avx,-avx2,-lock_add,-popcnt) and those of dex2oat executable (ISA: X86 Feature string: smp,ssse3,-sse4.1,-sse4.2,-avx,-avx2,-lock_add,-popcnt) for the command line:
11-23 20:43:21.980  2297  2297 W dex2oat : /system/bin/dex2oat --zip-fd=6 --zip-location=base.apk --oat-fd=7 --oat-location=/data/app/vmdl1936925605.tmp/oat/x86/base.odex --instruction-set=x86 --instruction-set-variant=x86 --instruction-set-features=default --runtime-arg -Xms64m --runtime-arg -Xmx512m --compiler-filter=interpret-only --swap-fd=9 --debuggable --runtime-arg -classpath --runtime-arg /system/framework/android.test.runner.jar
11-23 20:43:21.981  2297  2297 I dex2oat : /system/bin/dex2oat --compiler-filter=interpret-only --debuggable
11-23 20:43:45.867  2297  2297 W dex2oat : Compilation of com.android.dx.rop.annotation.AnnotationsList com.android.dx.dex.file.AnnotationsDirectoryItem.getParameterAnnotations(com.android.dx.rop.cst.CstMethodRef) took 204.180ms
11-23 20:43:50.686  2297  2297 I dex2oat : dex2oat took 28.718s (threads: 1) arena alloc=824B (824B) java alloc=3MB (3868560B) native alloc=6MB (6969856B) free=2MB (2467328B)
11-23 20:43:51.044  1237  1263 V BackupManagerService: restoreAtInstall pkg=br.com.catbag.gifreduxsample.test token=2 restoreSet=0
11-23 20:43:51.045  1237  1263 W BackupManagerService: Requested unavailable transport: android/com.android.internal.backup.LocalTransport
11-23 20:43:51.045  1237  1263 W BackupManagerService: No transport
11-23 20:43:51.045  1237  1263 V BackupManagerService: Finishing install immediately
11-23 20:43:51.072  1237  1263 I art     : Starting a blocking GC Explicit
11-23 20:43:51.086  1237  2137 I ActivityManager: Killing 1716:com.android.sdksetup/u0a16 (adj 906): empty #17
11-23 20:43:51.379  1237  1263 I art     : Explicit concurrent mark sweep GC freed 38658(2MB) AllocSpace objects, 13(308KB) LOS objects, 33% free, 6MB/10MB, paused 11.536ms total 300.715ms
11-23 20:43:51.389   990   990 E         : Couldn't opendir /data/app/vmdl1936925605.tmp: No such file or directory
11-23 20:43:51.412  2272  2272 I art     : System.exit called, status: 0
11-23 20:43:51.413  2272  2272 I AndroidRuntime: VM exiting with result code 0.
11-23 20:43:51.526  1237  1279 I InputReader: Reconfiguring input devices.  changes=0x00000010
11-23 20:43:51.780  1449  1449 D CarrierSvcBindHelper: No carrier app for: 0
11-23 20:43:51.781  1449  1449 D CarrierConfigLoader: mHandler: 9 phoneId: 0
11-23 20:43:51.860  1237  1237 W art     : Long monitor contention with owner backup (1618) at void com.android.server.backup.BackupManagerService$1.run()(BackupManagerService.java:1482) waiters=0 in void com.android.server.backup.BackupManagerService.scheduleNextFullBackupJob(long) for 232ms
11-23 20:43:51.917  1237  1250 W VoiceInteractionManagerService: no available voice recognition services found for user 0
11-23 20:43:51.918  1237  1250 W LocationProviderProxy-network: Odd, no component found for service com.android.location.service.v3.NetworkLocationProvider
11-23 20:43:51.929  1237  1250 W GeocoderProxy: Odd, no component found for service com.android.location.service.GeocodeProvider
11-23 20:43:51.929  1237  1250 W GeofenceProxy: Odd, no component found for service com.android.location.service.GeofenceProvider
11-23 20:43:51.930  1237  1250 W ActivityRecognitionProxy: Odd, no component found for service com.android.location.service.ActivityRecognitionProvider
11-23 20:43:52.552  2302  2302 D AndroidRuntime: >>>>>> START com.android.internal.os.RuntimeInit uid 2000 <<<<<<
11-23 20:43:52.568  2302  2302 D AndroidRuntime: CheckJNI is ON
11-23 20:43:52.656  2302  2302 W art     : Unexpected CPU variant for X86 using defaults: x86
11-23 20:43:52.695  2302  2302 D ICU     : No timezone override file found: /data/misc/zoneinfo/current/icu/icu_tzdata.dat
11-23 20:43:52.769  2302  2302 E memtrack: Couldn't load memtrack module (No such file or directory)
11-23 20:43:52.769  2302  2302 E android.os.Debug: failed to load memtrack module: -2
11-23 20:43:52.771  2302  2302 I Radio-JNI: register_android_hardware_Radio DONE
11-23 20:43:52.810  2302  2302 D AndroidRuntime: Calling main entry com.android.commands.am.Am
11-23 20:43:52.835  1237  1541 I ActivityManager: Force stopping br.com.catbag.gifreduxsample appid=10060 user=0: start instr
11-23 20:43:52.863  1237  1541 I ActivityManager: Start proc 2313:br.com.catbag.gifreduxsample/u0a60 for added application br.com.catbag.gifreduxsample
11-23 20:43:52.881  2313  2313 I art     : Not late-enabling -Xcheck:jni (already on)
11-23 20:43:52.883  2313  2313 W art     : Unexpected CPU variant for X86 using defaults: x86
11-23 20:43:53.049  2313  2313 W System  : ClassLoader referenced unknown path: /data/app/br.com.catbag.gifreduxsample.test-1/lib/x86
11-23 20:43:53.085  2313  2313 W System  : ClassLoader referenced unknown path: 
11-23 20:43:53.213  2313  2313 W System.err: java.io.FileNotFoundException: /jacoco.exec (Read-only file system)
11-23 20:43:53.215  2313  2313 W System.err: 	at java.io.FileOutputStream.open(Native Method)
11-23 20:43:53.215  2313  2313 W System.err: 	at java.io.FileOutputStream.<init>(FileOutputStream.java:221)
11-23 20:43:53.216  2313  2313 W System.err: 	at org.jacoco.agent.rt.internal_e6e56f0.output.FileOutput.openFile(FileOutput.java:67)
11-23 20:43:53.216  2313  2313 W System.err: 	at org.jacoco.agent.rt.internal_e6e56f0.output.FileOutput.startup(FileOutput.java:49)
11-23 20:43:53.216  2313  2313 W System.err: 	at org.jacoco.agent.rt.internal_e6e56f0.Agent.startup(Agent.java:122)
11-23 20:43:53.216  2313  2313 W System.err: 	at org.jacoco.agent.rt.internal_e6e56f0.Agent.getInstance(Agent.java:50)
11-23 20:43:53.217  2313  2313 W System.err: 	at org.jacoco.agent.rt.internal_e6e56f0.Offline.<clinit>(Offline.java:31)
11-23 20:43:53.217  2313  2313 W System.err: 	at org.jacoco.agent.rt.internal_e6e56f0.Offline.getProbes(Offline.java:51)
11-23 20:43:53.217  2313  2313 W System.err: 	at br.com.catbag.gifreduxsample.MyApp.$jacocoInit(MyApp.java)
11-23 20:43:53.217  2313  2313 W System.err: 	at br.com.catbag.gifreduxsample.MyApp.<clinit>(MyApp.java)
11-23 20:43:53.218  2313  2313 W System.err: 	at java.lang.Class.newInstance(Native Method)
11-23 20:43:53.239  2313  2313 W System.err: 	at android.app.Instrumentation.newApplication(Instrumentation.java:1007)
11-23 20:43:53.239  2313  2313 W System.err: 	at android.app.Instrumentation.newApplication(Instrumentation.java:992)
11-23 20:43:53.240  2313  2313 W System.err: 	at android.app.LoadedApk.makeApplication(LoadedApk.java:796)
11-23 20:43:53.240  2313  2313 W System.err: 	at android.app.ActivityThread.handleBindApplication(ActivityThread.java:5335)
11-23 20:43:53.240  2313  2313 W System.err: 	at android.app.ActivityThread.-wrap2(ActivityThread.java)
11-23 20:43:53.240  2313  2313 W System.err: 	at android.app.ActivityThread$H.handleMessage(ActivityThread.java:1528)
11-23 20:43:53.240  2313  2313 W System.err: 	at android.os.Handler.dispatchMessage(Handler.java:102)
11-23 20:43:53.240  2313  2313 W System.err: 	at android.os.Looper.loop(Looper.java:154)
11-23 20:43:53.241  2313  2313 W System.err: 	at android.app.ActivityThread.main(ActivityThread.java:6077)
11-23 20:43:53.241  2313  2313 W System.err: 	at java.lang.reflect.Method.invoke(Native Method)
11-23 20:43:53.241  2313  2313 W System.err: 	at com.android.internal.os.ZygoteInit$MethodAndArgsCaller.run(ZygoteInit.java:865)
11-23 20:43:53.241  2313  2313 W System.err: 	at com.android.internal.os.ZygoteInit.main(ZygoteInit.java:755)
11-23 20:43:53.252  2313  2313 I MonitoringInstrumentation: Instrumentation Started!
11-23 20:43:53.297  2313  2313 I MonitoringInstrumentation: Setting context classloader to 'dalvik.system.PathClassLoader[DexPathList[[zip file "/system/framework/android.test.runner.jar", zip file "/data/app/br.com.catbag.gifreduxsample.test-1/base.apk", zip file "/data/app/br.com.catbag.gifreduxsample-1/base.apk"],nativeLibraryDirectories=[/data/app/br.com.catbag.gifreduxsample.test-1/lib/x86, /data/app/br.com.catbag.gifreduxsample-1/lib/x86, /system/fake-libs, /data/app/br.com.catbag.gifreduxsample.test-1/base.apk!/lib/x86, /data/app/br.com.catbag.gifreduxsample-1/base.apk!/lib/x86, /system/lib, /vendor/lib]]]', Original: 'dalvik.system.PathClassLoader[DexPathList[[zip file "/system/framework/android.test.runner.jar", zip file "/data/app/br.com.catbag.gifreduxsample.test-1/base.apk", zip file "/data/app/br.com.catbag.gifreduxsample-1/base.apk"],nativeLibraryDirectories=[/data/app/br.com.catbag.gifreduxsample.test-1/lib/x86, /data/app/br.com.catbag.gifreduxsample-1/lib/x86, /system/fake-libs, /data/app/br.com.catbag.gifreduxsample.test-1/base.apk!/lib/x86, /data/app/br.com.catbag.gifreduxsample-1/base.apk!/lib/x86, /system/lib, /vendor/lib]]]'
11-23 20:43:53.466  2313  2313 D NetworkSecurityConfig: No Network Security Config specified, using platform default
11-23 20:43:53.553  2313  2313 I MonitoringInstrumentation: No JSBridge.
11-23 20:43:53.596  2313  2328 I UsageTrackerFacilitator: Usage tracking enabled
11-23 20:43:53.597  2313  2328 I TestRequestBuilder: Scanning classpath to find tests in apks [/data/app/br.com.catbag.gifreduxsample.test-1/base.apk]
11-23 20:43:54.354  2313  2328 I art     : Rejecting re-init on previously-failed class java.lang.Class<org.objectweb.asm.commons.JSRInlinerAdapter>: java.lang.NoClassDefFoundError: Failed resolution of: Lorg/objectweb/asm/tree/MethodNode;
11-23 20:43:54.355  2313  2328 I art     :   at java.lang.Class java.lang.Class.classForName!(java.lang.String, boolean, java.lang.ClassLoader) (Class.java:-2)
11-23 20:43:54.355  2313  2328 I art     :   at java.lang.Class java.lang.Class.forName(java.lang.String, boolean, java.lang.ClassLoader) (Class.java:400)
11-23 20:43:54.355  2313  2328 I art     :   at java.lang.Class android.support.test.internal.runner.TestLoader.doLoadClass(java.lang.String) (TestLoader.java:92)
11-23 20:43:54.355  2313  2328 I art     :   at java.lang.Class android.support.test.internal.runner.TestLoader.loadIfTest(java.lang.String) (TestLoader.java:113)
11-23 20:43:54.355  2313  2328 I art     :   at void android.support.test.internal.runner.TestRequestBuilder.loadClassesFromClassPath(android.support.test.internal.runner.TestLoader, java.util.Set) (TestRequestBuilder.java:801)
11-23 20:43:54.355  2313  2328 I art     :   at android.support.test.internal.runner.TestRequest android.support.test.internal.runner.TestRequestBuilder.build() (TestRequestBuilder.java:747)
11-23 20:43:54.355  2313  2328 I art     :   at android.support.test.internal.runner.TestRequest android.support.test.runner.AndroidJUnitRunner.buildRequest(android.support.test.internal.runner.RunnerArgs, android.os.Bundle) (AndroidJUnitRunner.java:354)
11-23 20:43:54.356  2313  2328 I art     :   at void android.support.test.runner.AndroidJUnitRunner.onStart() (AndroidJUnitRunner.java:260)
11-23 20:43:54.356  2313  2328 I art     :   at void android.app.Instrumentation$InstrumentationThread.run() (Instrumentation.java:1932)
11-23 20:43:54.356  2313  2328 I art     : Caused by: java.lang.ClassNotFoundException: Didn't find class "org.objectweb.asm.tree.MethodNode" on path: DexPathList[[zip file "/system/framework/android.test.runner.jar", zip file "/data/app/br.com.catbag.gifreduxsample.test-1/base.apk", zip file "/data/app/br.com.catbag.gifreduxsample-1/base.apk"],nativeLibraryDirectories=[/data/app/br.com.catbag.gifreduxsample.test-1/lib/x86, /data/app/br.com.catbag.gifreduxsample-1/lib/x86, /system/fake-libs, /data/app/br.com.catbag.gifreduxsample.test-1/base.apk!/lib/x86, /data/app/br.com.catbag.gifreduxsample-1/base.apk!/lib/x86, /system/lib, /vendor/lib]]
11-23 20:43:54.356  2313  2328 I art     :   at java.lang.Class dalvik.system.BaseDexClassLoader.findClass(java.lang.String) (BaseDexClassLoader.java:56)
11-23 20:43:54.356  2313  2328 I art     :   at java.lang.Class java.lang.ClassLoader.loadClass(java.lang.String, boolean) (ClassLoader.java:380)
11-23 20:43:54.357  2313  2328 I art     :   at java.lang.Class java.lang.ClassLoader.loadClass(java.lang.String) (ClassLoader.java:312)
11-23 20:43:54.357  2313  2328 I art     :   at java.lang.Class java.lang.Class.classForName!(java.lang.String, boolean, java.lang.ClassLoader) (Class.java:-2)
11-23 20:43:54.357  2313  2328 I art     :   at java.lang.Class java.lang.Class.forName(java.lang.String, boolean, java.lang.ClassLoader) (Class.java:400)
11-23 20:43:54.357  2313  2328 I art     :   at java.lang.Class android.support.test.internal.runner.TestLoader.doLoadClass(java.lang.String) (TestLoader.java:92)
11-23 20:43:54.357  2313  2328 I art     :   at java.lang.Class android.support.test.internal.runner.TestLoader.loadIfTest(java.lang.String) (TestLoader.java:113)
11-23 20:43:54.358  2313  2328 I art     :   at void android.support.test.internal.runner.TestRequestBuilder.loadClassesFromClassPath(android.support.test.internal.runner.TestLoader, java.util.Set) (TestRequestBuilder.java:801)
11-23 20:43:54.377  2313  2328 I art     :   at android.support.test.internal.runner.TestRequest android.support.test.internal.runner.TestRequestBuilder.build() (TestRequestBuilder.java:747)
11-23 20:43:54.378  2313  2328 I art     :   at android.support.test.internal.runner.TestRequest android.support.test.runner.AndroidJUnitRunner.buildRequest(android.support.test.internal.runner.RunnerArgs, android.os.Bundle) (AndroidJUnitRunner.java:354)
11-23 20:43:54.378  2313  2328 I art     :   at void android.support.test.runner.AndroidJUnitRunner.onStart() (AndroidJUnitRunner.java:260)
11-23 20:43:54.381  2313  2328 I art     :   at void android.app.Instrumentation$InstrumentationThread.run() (Instrumentation.java:1932)
11-23 20:43:54.381  2313  2328 I art     : 
11-23 20:43:54.382  2313  2328 E TestLoader: Could not find class: org.objectweb.asm.commons.JSRInlinerAdapter
11-23 20:43:54.414  2313  2328 I art     : Rejecting re-init on previously-failed class java.lang.Class<org.objectweb.asm.commons.TryCatchBlockSorter>: java.lang.NoClassDefFoundError: Failed resolution of: Lorg/objectweb/asm/tree/MethodNode;
11-23 20:43:54.415  2313  2328 I art     :   at java.lang.Class java.lang.Class.classForName!(java.lang.String, boolean, java.lang.ClassLoader) (Class.java:-2)
11-23 20:43:54.415  2313  2328 I art     :   at java.lang.Class java.lang.Class.forName(java.lang.String, boolean, java.lang.ClassLoader) (Class.java:400)
11-23 20:43:54.415  2313  2328 I art     :   at java.lang.Class android.support.test.internal.runner.TestLoader.doLoadClass(java.lang.String) (TestLoader.java:92)
11-23 20:43:54.415  2313  2328 I art     :   at java.lang.Class android.support.test.internal.runner.TestLoader.loadIfTest(java.lang.String) (TestLoader.java:113)
11-23 20:43:54.415  2313  2328 I art     :   at void android.support.test.internal.runner.TestRequestBuilder.loadClassesFromClassPath(android.support.test.internal.runner.TestLoader, java.util.Set) (TestRequestBuilder.java:801)
11-23 20:43:54.416  2313  2328 I art     :   at android.support.test.internal.runner.TestRequest android.support.test.internal.runner.TestRequestBuilder.build() (TestRequestBuilder.java:747)
11-23 20:43:54.416  2313  2328 I art     :   at android.support.test.internal.runner.TestRequest android.support.test.runner.AndroidJUnitRunner.buildRequest(android.support.test.internal.runner.RunnerArgs, android.os.Bundle) (AndroidJUnitRunner.java:354)
11-23 20:43:54.416  2313  2328 I art     :   at void android.support.test.runner.AndroidJUnitRunner.onStart() (AndroidJUnitRunner.java:260)
11-23 20:43:54.416  2313  2328 I art     :   at void android.app.Instrumentation$InstrumentationThread.run() (Instrumentation.java:1932)
11-23 20:43:54.416  2313  2328 I art     : Caused by: java.lang.ClassNotFoundException: Didn't find class "org.objectweb.asm.tree.MethodNode" on path: DexPathList[[zip file "/system/framework/android.test.runner.jar", zip file "/data/app/br.com.catbag.gifreduxsample.test-1/base.apk", zip file "/data/app/br.com.catbag.gifreduxsample-1/base.apk"],nativeLibraryDirectories=[/data/app/br.com.catbag.gifreduxsample.test-1/lib/x86, /data/app/br.com.catbag.gifreduxsample-1/lib/x86, /system/fake-libs, /data/app/br.com.catbag.gifreduxsample.test-1/base.apk!/lib/x86, /data/app/br.com.catbag.gifreduxsample-1/base.apk!/lib/x86, /system/lib, /vendor/lib]]
11-23 20:43:54.416  2313  2328 I art     :   at java.lang.Class dalvik.system.BaseDexClassLoader.findClass(java.lang.String) (BaseDexClassLoader.java:56)
11-23 20:43:54.416  2313  2328 I art     :   at java.lang.Class java.lang.ClassLoader.loadClass(java.lang.String, boolean) (ClassLoader.java:380)
11-23 20:43:54.416  2313  2328 I art     :   at java.lang.Class java.lang.ClassLoader.loadClass(java.lang.String) (ClassLoader.java:312)
11-23 20:43:54.417  2313  2328 I art     :   at java.lang.Class java.lang.Class.classForName!(java.lang.String, boolean, java.lang.ClassLoader) (Class.java:-2)
11-23 20:43:54.417  2313  2328 I art     :   at java.lang.Class java.lang.Class.forName(java.lang.String, boolean, java.lang.ClassLoader) (Class.java:400)
11-23 20:43:54.417  2313  2328 I art     :   at java.lang.Class android.support.test.internal.runner.TestLoader.doLoadClass(java.lang.String) (TestLoader.java:92)
11-23 20:43:54.417  2313  2328 I art     :   at java.lang.Class android.support.test.internal.runner.TestLoader.loadIfTest(java.lang.String) (TestLoader.java:113)
11-23 20:43:54.417  2313  2328 I art     :   at void android.support.test.internal.runner.TestRequestBuilder.loadClassesFromClassPath(android.support.test.internal.runner.TestLoader, java.util.Set) (TestRequestBuilder.java:801)
11-23 20:43:54.422  2313  2328 I art     :   at android.support.test.internal.runner.TestRequest android.support.test.internal.runner.TestRequestBuilder.build() (TestRequestBuilder.java:747)
11-23 20:43:54.422  2313  2328 I art     :   at android.support.test.internal.runner.TestRequest android.support.test.runner.AndroidJUnitRunner.buildRequest(android.support.test.internal.runner.RunnerArgs, android.os.Bundle) (AndroidJUnitRunner.java:354)
11-23 20:43:54.422  2313  2328 I art     :   at void android.support.test.runner.AndroidJUnitRunner.onStart() (AndroidJUnitRunner.java:260)
11-23 20:43:54.422  2313  2328 I art     :   at void android.app.Instrumentation$InstrumentationThread.run() (Instrumentation.java:1932)
11-23 20:43:54.422  2313  2328 I art     : 
11-23 20:43:54.423  2313  2328 E TestLoader: Could not find class: org.objectweb.asm.commons.TryCatchBlockSorter
11-23 20:43:54.486  2313  2328 D TestExecutor: Adding listener android.support.test.internal.runner.listener.LogRunListener
11-23 20:43:54.487  2313  2328 D TestExecutor: Adding listener android.support.test.internal.runner.listener.InstrumentationResultPrinter
11-23 20:43:54.487  2313  2328 D TestExecutor: Adding listener android.support.test.internal.runner.listener.ActivityFinisherRunListener
11-23 20:43:54.488  2313  2328 D TestExecutor: Adding listener android.support.test.internal.runner.listener.CoverageListener
11-23 20:43:54.499  2313  2328 I TestRunner: run started: 15 tests
11-23 20:43:54.512  2313  2328 I TestRunner: started: whenAppStateSavedSeveralTime(br.com.catbag.gifreduxsample.asyncs.data.DataManagerTest)
11-23 20:43:54.522  2313  2313 I MonitoringInstrumentation: Activities that are still in CREATED to STOPPED: 0
11-23 20:43:54.891  2313  2324 I art     : Background sticky concurrent mark sweep GC freed 145688(6MB) AllocSpace objects, 0(0B) LOS objects, 47% free, 3MB/6MB, paused 12.280ms total 832.383ms
11-23 20:43:54.936  2313  2331 W Java7Support: Unable to load JDK7 types (annotations, java.nio.file.Path): no Java7 support added
11-23 20:43:55.503  2313  2328 I TestRunner: finished: whenAppStateSavedSeveralTime(br.com.catbag.gifreduxsample.asyncs.data.DataManagerTest)
11-23 20:43:55.514  2313  2313 I MonitoringInstrumentation: Activities that are still in CREATED to STOPPED: 0
11-23 20:43:55.516  2313  2328 I TestRunner: started: whenAppStateSavedOnceTime(br.com.catbag.gifreduxsample.asyncs.data.DataManagerTest)
11-23 20:43:55.519  2313  2313 I MonitoringInstrumentation: Activities that are still in CREATED to STOPPED: 0
11-23 20:43:55.890  2313  2328 I TestRunner: finished: whenAppStateSavedOnceTime(br.com.catbag.gifreduxsample.asyncs.data.DataManagerTest)
11-23 20:43:55.903  2313  2313 I MonitoringInstrumentation: Activities that are still in CREATED to STOPPED: 0
11-23 20:43:55.904  2313  2328 I TestRunner: started: whenUnsavedAppStateIsLoaded(br.com.catbag.gifreduxsample.asyncs.data.DataManagerTest)
11-23 20:43:55.906  2313  2313 I MonitoringInstrumentation: Activities that are still in CREATED to STOPPED: 0
11-23 20:43:56.044  2313  2328 I TestRunner: finished: whenUnsavedAppStateIsLoaded(br.com.catbag.gifreduxsample.asyncs.data.DataManagerTest)
11-23 20:43:56.053  2313  2313 I MonitoringInstrumentation: Activities that are still in CREATED to STOPPED: 0
11-23 20:43:56.055  2313  2328 I TestRunner: started: whenSavedAppStateIsLoaded(br.com.catbag.gifreduxsample.asyncs.data.DataManagerTest)
11-23 20:43:56.057  2313  2313 I MonitoringInstrumentation: Activities that are still in CREATED to STOPPED: 0
11-23 20:43:56.088  2313  2336 E DataManager: appstate not loaded
11-23 20:43:56.088  2313  2336 E DataManager: com.snappydb.SnappydbException: Failed to get a String: NotFound: 
11-23 20:43:56.088  2313  2336 E DataManager: 	at com.snappydb.internal.DBImpl.__get(Native Method)
11-23 20:43:56.088  2313  2336 E DataManager: 	at com.snappydb.internal.DBImpl.get(DBImpl.java:348)
11-23 20:43:56.088  2313  2336 E DataManager: 	at br.com.catbag.gifreduxsample.asyncs.data.storage.Database.getAppState(Database.java:29)
11-23 20:43:56.088  2313  2336 E DataManager: 	at br.com.catbag.gifreduxsample.asyncs.data.DataManager.lambda$loadAppState$0(DataManager.java:61)
11-23 20:43:56.088  2313  2336 E DataManager: 	at br.com.catbag.gifreduxsample.asyncs.data.DataManager$$Lambda$1.run(Unknown Source)
11-23 20:43:56.088  2313  2336 E DataManager: 	at java.lang.Thread.run(Thread.java:761)
11-23 20:43:56.372  2313  2328 I TestRunner: finished: whenSavedAppStateIsLoaded(br.com.catbag.gifreduxsample.asyncs.data.DataManagerTest)
11-23 20:43:56.383  2313  2313 I MonitoringInstrumentation: Activities that are still in CREATED to STOPPED: 0
11-23 20:43:56.413  2313  2328 I TestRunner: started: whenScrollDownAndPlayLastItemTest(br.com.catbag.gifreduxsample.ui.giflist.GifListActivityTest)
11-23 20:43:56.415  2313  2313 I MonitoringInstrumentation: Activities that are still in CREATED to STOPPED: 0
11-23 20:43:56.870  2313  2324 I art     : Background partial concurrent mark sweep GC freed 60239(2MB) AllocSpace objects, 2(40KB) LOS objects, 39% free, 3MB/6MB, paused 6.491ms total 138.414ms
11-23 20:43:57.061  2340  2340 W dex2oat : Unexpected CPU variant for X86 using defaults: x86
11-23 20:43:57.062  2340  2340 W dex2oat : Mismatch between dex2oat instruction set features (ISA: X86 Feature string: smp,-ssse3,-sse4.1,-sse4.2,-avx,-avx2,-lock_add,-popcnt) and those of dex2oat executable (ISA: X86 Feature string: smp,ssse3,-sse4.1,-sse4.2,-avx,-avx2,-lock_add,-popcnt) for the command line:
11-23 20:43:57.062  2340  2340 W dex2oat : /system/bin/dex2oat --runtime-arg -classpath --runtime-arg & --instruction-set=x86 --instruction-set-features=smp,ssse3,-sse4.1,-sse4.2,-avx,-avx2,-lock_add,-popcnt --runtime-arg -Xrelocate --boot-image=/system/framework/boot.art --runtime-arg -Xms64m --runtime-arg -Xmx512m --instruction-set-variant=x86 --instruction-set-features=default --dex-file=/data/user/0/br.com.catbag.gifreduxsample/app_dxmaker_cache/Generated_1497766805.jar --oat-fd=38 --oat-location=/data/user/0/br.com.catbag.gifreduxsample/app_dxmaker_cache/Generated_1497766805.dex --compiler-filter=speed
11-23 20:43:57.062  2340  2340 I dex2oat : /system/bin/dex2oat --dex-file=/data/user/0/br.com.catbag.gifreduxsample/app_dxmaker_cache/Generated_1497766805.jar --oat-fd=38 --oat-location=/data/user/0/br.com.catbag.gifreduxsample/app_dxmaker_cache/Generated_1497766805.dex --compiler-filter=speed
11-23 20:43:57.226  2340  2340 I dex2oat : dex2oat took 165.121ms (threads: 1) arena alloc=41KB (42016B) java alloc=28KB (28768B) native alloc=736KB (753768B) free=799KB (819096B)
11-23 20:43:57.277  1237  1680 D VoldConnector: SND -> {29 volume mkdirs /storage/emulated/0/Android/data/br.com.catbag.gifreduxsample/cache/}
11-23 20:43:57.304  1237  1281 D VoldConnector: RCV <- {200 29 Command succeeded}
11-23 20:43:57.329  2313  2329 I DroidFlux:Dispatcher: [STARTED] dispatch of action [FAKE_REDUCE_ACTION]
11-23 20:43:57.359  2313  2329 I DroidFlux:Dispatcher: [COMPLETED] dispatch of action [FAKE_REDUCE_ACTION]
11-23 20:43:57.372  2313  2339 D ActivityTestRule: Launching activity br.com.catbag.gifreduxsample.ui.GifListActivity
11-23 20:43:57.384  2313  2342 D MonitoringInstrumentation: execStartActivity(context, ibinder, ibinder, activity, intent, int, bundle
11-23 20:43:57.397  1237  1722 I ActivityManager: START u0 {flg=0x14000000 cmp=br.com.catbag.gifreduxsample/.ui.GifListActivity} from uid 10060 on display 0
11-23 20:43:57.635  1237  1273 W art     : Long monitor contention with owner Binder:1237_9 (1722) at int com.android.server.am.ActivityStarter.startActivityMayWait(android.app.IApplicationThread, int, java.lang.String, android.content.Intent, java.lang.String, android.service.voice.IVoiceInteractionSession, com.android.internal.app.IVoiceInteractor, android.os.IBinder, java.lang.String, int, int, android.app.ProfilerInfo, android.app.IActivityManager$WaitResult, android.content.res.Configuration, android.os.Bundle, boolean, int, android.app.IActivityContainer, com.android.server.am.TaskRecord)(ActivityStarter.java:725) waiters=0 in int com.android.server.am.PendingIntentRecord.sendInner(int, android.content.Intent, java.lang.String, android.content.IIntentReceiver, java.lang.String, android.os.IBinder, java.lang.String, int, int, int, android.os.Bundle, android.app.IActivityContainer) for 160ms
11-23 20:43:57.642  1237  1251 W art     : Long monitor contention with owner Binder:1237_9 (1722) at int com.android.server.am.ActivityStarter.startActivityMayWait(android.app.IApplicationThread, int, java.lang.String, android.content.Intent, java.lang.String, android.service.voice.IVoiceInteractionSession, com.android.internal.app.IVoiceInteractor, android.os.IBinder, java.lang.String, int, int, android.app.ProfilerInfo, android.app.IActivityManager$WaitResult, android.content.res.Configuration, android.os.Bundle, boolean, int, android.app.IActivityContainer, com.android.server.am.TaskRecord)(ActivityStarter.java:725) waiters=1 in void com.android.server.am.ActivityManagerService$MainHandler.handleMessage(android.os.Message) for 103ms
11-23 20:43:57.845  2313  2313 D LifecycleMonitor: Lifecycle status change: br.com.catbag.gifreduxsample.ui.GifListActivity@f0349f3 in: PRE_ON_CREATE
11-23 20:43:58.048  1237  1258 I Choreographer: Skipped 34 frames!  The application may be doing too much work on its main thread.
11-23 20:43:58.492  1237  1258 I Choreographer: Skipped 43 frames!  The application may be doing too much work on its main thread.
11-23 20:43:58.811  1237  1258 I Choreographer: Skipped 81 frames!  The application may be doing too much work on its main thread.
11-23 20:43:59.014  1237  1258 I Choreographer: Skipped 48 frames!  The application may be doing too much work on its main thread.
11-23 20:43:59.072  1237  1248 W art     : Long monitor contention with owner android.display (1258) at void com.android.server.wm.WindowAnimator$1.doFrame(long)(WindowAnimator.java:138) waiters=0 in int com.android.server.wm.WindowManagerService.relayoutWindow(com.android.server.wm.Session, android.view.IWindow, int, android.view.WindowManager$LayoutParams, int, int, int, int, android.graphics.Rect, android.graphics.Rect, android.graphics.Rect, android.graphics.Rect, android.graphics.Rect, android.graphics.Rect, android.graphics.Rect, android.content.res.Configuration, android.view.Surface) for 201ms
11-23 20:43:59.253  1237  1258 I Choreographer: Skipped 60 frames!  The application may be doing too much work on its main thread.
11-23 20:43:59.258  1237  1248 W art     : Long monitor contention with owner android.display (1258) at void com.android.server.wm.WindowAnimator$1.doFrame(long)(WindowAnimator.java:138) waiters=0 in int com.android.server.wm.WindowManagerService.relayoutWindow(com.android.server.wm.Session, android.view.IWindow, int, android.view.WindowManager$LayoutParams, int, int, int, int, android.graphics.Rect, android.graphics.Rect, android.graphics.Rect, android.graphics.Rect, android.graphics.Rect, android.graphics.Rect, android.graphics.Rect, android.content.res.Configuration, android.view.Surface) for 184ms
11-23 20:43:59.283  2313  2313 D LifecycleMonitor: Lifecycle status change: br.com.catbag.gifreduxsample.ui.GifListActivity@f0349f3 in: CREATED
11-23 20:43:59.287  2313  2329 I DroidFlux:Dispatcher: [STARTED] dispatch of action [APP_STATE_LOAD]
11-23 20:43:59.288  2313  2329 D DroidFlux:Dispatcher: An action of type [APP_STATE_LOAD] was dispatched, but no reducer handled it
11-23 20:43:59.288  2313  2329 I DroidFlux:Dispatcher: [COMPLETED] dispatch of action [APP_STATE_LOAD]
11-23 20:43:59.288  2313  2313 D LifecycleMonitor: Lifecycle status change: br.com.catbag.gifreduxsample.ui.GifListActivity@f0349f3 in: STARTED
11-23 20:43:59.356  2313  2313 D LifecycleMonitor: Lifecycle status change: br.com.catbag.gifreduxsample.ui.GifListActivity@f0349f3 in: RESUMED
11-23 20:43:59.397  1237  1248 I WindowManager: Destroying surface Surface(name=com.android.launcher3/com.android.launcher3.Launcher) called by com.android.server.wm.WindowStateAnimator.destroySurface:2014 com.android.server.wm.WindowStateAnimator.destroySurfaceLocked:881 com.android.server.wm.WindowState.destroyOrSaveSurface:2073 com.android.server.wm.WindowManagerService.tryStartExitingAnimation:3017 com.android.server.wm.WindowManagerService.relayoutWindow:2897 com.android.server.wm.Session.relayout:215 android.view.IWindowSession$Stub.onTransact:286 com.android.server.wm.Session.onTransact:136 
11-23 20:43:59.894  2313  2313 D gralloc_ranchu: Emulator without host-side GPU emulation detected.
11-23 20:44:00.124  1237  1258 I ActivityManager: Displayed br.com.catbag.gifreduxsample/.ui.GifListActivity: +2s462ms
11-23 20:44:00.235  2313  2339 D InputManagerEventInjectionStrategy: Creating injection strategy with input manager.
11-23 20:44:00.552  1237  1258 I WindowManager: Destroying surface Surface(name=Starting br.com.catbag.gifreduxsample) called by com.android.server.wm.WindowStateAnimator.destroySurface:2014 com.android.server.wm.WindowStateAnimator.destroySurfaceLocked:881 com.android.server.wm.WindowState.destroyOrSaveSurface:2073 com.android.server.wm.AppWindowToken.destroySurfaces:363 com.android.server.wm.WindowStateAnimator.finishExit:565 com.android.server.wm.WindowStateAnimator.stepAnimationLocked:491 com.android.server.wm.WindowAnimator.updateWindowsLocked:303 com.android.server.wm.WindowAnimator.animateLocked:704 
11-23 20:44:00.604  1237  1324 E TaskPersister: File error accessing recents directory (directory doesn't exist?).
11-23 20:44:00.635  2313  2318 I art     : Do partial code cache collection, code=26KB, data=30KB
11-23 20:44:00.635  2313  2318 I art     : After code cache collection, code=24KB, data=29KB
11-23 20:44:00.636  2313  2318 I art     : Increasing code cache capacity to 128KB
11-23 20:44:07.796  2313  2324 I art     : Background sticky concurrent mark sweep GC freed 26408(1143KB) AllocSpace objects, 0(0B) LOS objects, 22% free, 4MB/6MB, paused 6.518ms total 130.208ms
11-23 20:44:28.613  2313  2324 I art     : Background partial concurrent mark sweep GC freed 53339(1413KB) AllocSpace objects, 0(0B) LOS objects, 39% free, 4MB/8MB, paused 6.859ms total 127.193ms
11-23 20:44:30.011  2313  2313 D LifecycleMonitor: Lifecycle status change: br.com.catbag.gifreduxsample.ui.GifListActivity@f0349f3 in: PAUSED
11-23 20:44:30.037  2313  2328 I TestRunner: failed: whenScrollDownAndPlayLastItemTest(br.com.catbag.gifreduxsample.ui.giflist.GifListActivityTest)
11-23 20:44:30.037  2313  2328 I TestRunner: ----- begin exception -----
11-23 20:44:30.037  2313  2328 I TestRunner: java.lang.RuntimeException: Waited for the root of the view hierarchy to have window focus and not be requesting layout for over 10 seconds. If you specified a non default root matcher, it may be picking a root that never takes focus. Otherwise, something is seriously wrong. Selected Root:
11-23 20:44:30.037  2313  2328 I TestRunner: Root{application-window-token=android.view.ViewRootImpl$W@af6500d, window-token=android.view.ViewRootImpl$W@af6500d, has-window-focus=false, layout-params-type=1, layout-params-string=WM.LayoutParams{(0,0)(fillxfill) sim=#100 ty=1 fl=#81810100 wanim=0x1030465 needsMenuKey=2}, decor-view-string=DecorView{id=-1, visibility=VISIBLE, width=480, height=800, has-focus=true, has-focusable=true, has-window-focus=false, is-clickable=false, is-enabled=true, is-focused=false, is-focusable=false, is-layout-requested=false, is-selected=false, root-is-layout-requested=false, has-input-connection=false, x=0.0, y=0.0, child-count=1}}
11-23 20:44:30.037  2313  2328 I TestRunner: . All Roots:
11-23 20:44:30.037  2313  2328 I TestRunner: Root{application-window-token=android.view.ViewRootImpl$W@af6500d, window-token=android.view.ViewRootImpl$W@af6500d, has-window-focus=false, layout-params-type=1, layout-params-string=WM.LayoutParams{(0,0)(fillxfill) sim=#100 ty=1 fl=#81810100 wanim=0x1030465 needsMenuKey=2}, decor-view-string=DecorView{id=-1, visibility=VISIBLE, width=480, height=800, has-focus=true, has-focusable=true, has-window-focus=false, is-clickable=false, is-enabled=true, is-focused=false, is-focusable=false, is-layout-requested=false, is-selected=false, root-is-layout-requested=false, has-input-connection=false, x=0.0, y=0.0, child-count=1}}
11-23 20:44:30.037  2313  2328 I TestRunner: 	at android.support.test.espresso.base.RootViewPicker.get(RootViewPicker.java:99)
11-23 20:44:30.037  2313  2328 I TestRunner: 	at android.support.test.espresso.ViewInteractionModule.provideRootView(ViewInteractionModule.java:69)
11-23 20:44:30.037  2313  2328 I TestRunner: 	at android.support.test.espresso.ViewInteractionModule_ProvideRootViewFactory.get(ViewInteractionModule_ProvideRootViewFactory.java:23)
11-23 20:44:30.037  2313  2328 I TestRunner: 	at android.support.test.espresso.ViewInteractionModule_ProvideRootViewFactory.get(ViewInteractionModule_ProvideRootViewFactory.java:9)
11-23 20:44:30.037  2313  2328 I TestRunner: 	at android.support.test.espresso.base.ViewFinderImpl.getView(ViewFinderImpl.java:68)
11-23 20:44:30.037  2313  2328 I TestRunner: 	at android.support.test.espresso.ViewInteraction$1.run(ViewInteraction.java:120)
11-23 20:44:30.037  2313  2328 I TestRunner: 	at java.util.concurrent.Executors$RunnableAdapter.call(Executors.java:428)
11-23 20:44:30.037  2313  2328 I TestRunner: 	at java.util.concurrent.FutureTask.run(FutureTask.java:237)
11-23 20:44:30.037  2313  2328 I TestRunner: 	at android.os.Handler.handleCallback(Handler.java:751)
11-23 20:44:30.037  2313  2328 I TestRunner: 	at android.os.Handler.dispatchMessage(Handler.java:95)
11-23 20:44:30.037  2313  2328 I TestRunner: 	at android.os.Looper.loop(Looper.java:154)
11-23 20:44:30.037  2313  2328 I TestRunner: 	at android.app.ActivityThread.main(ActivityThread.java:6077)
11-23 20:44:30.037  2313  2328 I TestRunner: 	at java.lang.reflect.Method.invoke(Native Method)
11-23 20:44:30.037  2313  2328 I TestRunner: 	at com.android.internal.os.ZygoteInit$MethodAndArgsCaller.run(ZygoteInit.java:865)
11-23 20:44:30.037  2313  2328 I TestRunner: 	at com.android.internal.os.ZygoteInit.main(ZygoteInit.java:755)
11-23 20:44:30.046  2313  2328 I TestRunner: ----- end exception -----
