11-23 14:10:59.495  2278  2278 E Feed    : 	at br.com.catbag.gifreduxsample.ui.components.GifsAdapter.view(GifsAdapter.java:55)
11-23 14:10:59.495  2278  2278 E Feed    : 	at trikita.anvil.RenderableRecyclerViewAdapter$1.view(RenderableRecyclerViewAdapter.java:24)
11-23 14:10:59.495  2278  2278 E Feed    : 	at trikita.anvil.Anvil$Mount.render(Anvil.java:204)
11-23 14:10:59.495  2278  2278 E Feed    : 	at trikita.anvil.Anvil.render(Anvil.java:173)
11-23 14:10:59.495  2278  2278 E Feed    : 	at trikita.anvil.RenderableRecyclerViewAdapter.onBindViewHolder(RenderableRecyclerViewAdapter.java:27)
11-23 14:10:59.495  2278  2278 E Feed    : 	at trikita.anvil.RenderableRecyclerViewAdapter.onBindViewHolder(RenderableRecyclerViewAdapter.java:7)
11-23 14:10:59.495  2278  2278 E Feed    : 	at android.support.v7.widget.RecyclerView$Adapter.onBindViewHolder(RecyclerView.java:5768)
11-23 14:10:59.495  2278  2278 E Feed    : 	at android.support.v7.widget.RecyclerView$Adapter.bindViewHolder(RecyclerView.java:5801)
11-23 14:10:59.495  2278  2278 E Feed    : 	at android.support.v7.widget.RecyclerView$Recycler.getViewForPosition(RecyclerView.java:5037)
11-23 14:10:59.495  2278  2278 E Feed    : 	at android.support.v7.widget.RecyclerView$Recycler.getViewForPosition(RecyclerView.java:4913)
11-23 14:10:59.495  2278  2278 E Feed    : 	at android.support.v7.widget.LinearLayoutManager$LayoutState.next(LinearLayoutManager.java:2029)
11-23 14:10:59.495  2278  2278 E Feed    : 	at android.support.v7.widget.LinearLayoutManager.layoutChunk(LinearLayoutManager.java:1414)
11-23 14:10:59.495  2278  2278 E Feed    : 	at android.support.v7.widget.LinearLayoutManager.fill(LinearLayoutManager.java:1377)
11-23 14:10:59.495  2278  2278 E Feed    : 	at android.support.v7.widget.LinearLayoutManager.onLayoutChildren(LinearLayoutManager.java:578)
11-23 14:10:59.495  2278  2278 E Feed    : 	at android.support.v7.widget.RecyclerView.dispatchLayoutStep2(RecyclerView.java:3260)
11-23 14:10:59.495  2278  2278 E Feed    : 	at android.support.v7.widget.RecyclerView.dispatchLayout(RecyclerView.java:3069)
11-23 14:10:59.495  2278  2278 E Feed    : 	at android.support.v7.widget.RecyclerView.onLayout(RecyclerView.java:3518)
11-23 14:10:59.495  2278  2278 E Feed    : 	at android.view.View.layout(View.java:17520)
11-23 14:10:59.495  2278  2278 E Feed    : 	at android.view.ViewGroup.layout(ViewGroup.java:5612)
11-23 14:10:59.495  2278  2278 E Feed    : 	at android.widget.FrameLayout.layoutChildren(FrameLayout.java:323)
11-23 14:10:59.495  2278  2278 E Feed    : 	at android.widget.FrameLayout.onLayout(FrameLayout.java:261)
11-23 14:10:59.495  2278  2278 E Feed    : 	at android.view.View.layout(View.java:17520)
11-23 14:10:59.495  2278  2278 E Feed    : 	at android.view.ViewGroup.layout(ViewGroup.java:5612)
11-23 14:10:59.495  2278  2278 E Feed    : 	at android.widget.RelativeLayout.onLayout(RelativeLayout.java:1079)
11-23 14:10:59.495  2278  2278 E Feed    : 	at android.view.View.layout(View.java:17520)
11-23 14:10:59.495  2278  2278 E Feed    : 	at android.view.ViewGroup.layout(ViewGroup.java:5612)
11-23 14:10:59.495  2278  2278 E Feed    : 	at android.widget.FrameLayout.layoutChildren(FrameLayout.java:323)
11-23 14:10:59.495  2278  2278 E Feed    : 	at android.widget.FrameLayout.onLayout(FrameLayout.java:261)
11-23 14:10:59.495  2278  2278 E Feed    : 	at android.view.View.layout(View.java:17520)
11-23 14:10:59.495  2278  2278 E Feed    : 	at android.view.ViewGroup.layout(ViewGroup.java:5612)
11-23 14:10:59.495  2278  2278 E Feed    : 	at android.support.v7.widget.ActionBarOverlayLayout.onLayout(ActionBarOverlayLayout.java:435)
11-23 14:10:59.495  2278  2278 E Feed    : 	at android.view.View.layout(View.java:17520)
11-23 14:10:59.495  2278  2278 E Feed    : 	at android.view.ViewGroup.layout(ViewGroup.java:5612)
11-23 14:10:59.495  2278  2278 E Feed    : 	at android.widget.FrameLayout.layoutChildren(FrameLayout.java:323)
11-23 14:10:59.495  2278  2278 E Feed    : 	at android.widget.FrameLayout.onLayout(FrameLayout.java:261)
11-23 14:10:59.495  2278  2278 E Feed    : 	at android.view.View.layout(View.java:17520)
11-23 14:10:59.495  2278  2278 E Feed    : 	at android.view.ViewGroup.layout(ViewGroup.java:5612)
11-23 14:10:59.495  2278  2278 E Feed    : 	at android.widget.LinearLayout.setChildFrame(LinearLayout.java:1741)
11-23 14:10:59.495  2278  2278 E Feed    : 	at android.widget.LinearLayout.layoutVertical(LinearLayout.java:1585)
11-23 14:10:59.495  2278  2278 E Feed    : 	at android.widget.LinearLayout.onLayout(LinearLayout.java:1494)
11-23 14:10:59.495  2278  2278 E Feed    : 	at android.view.View.layout(View.java:17520)
11-23 14:10:59.495  2278  2278 E Feed    : 	at android.view.ViewGroup.layout(ViewGroup.java:5612)
11-23 14:10:59.495  2278  2278 E Feed    : 	at android.widget.FrameLayout.layoutChildren(FrameLayout.java:323)
11-23 14:10:59.495  2278  2278 E Feed    : 	at android.widget.FrameLayout.onLayout(FrameLayout.java:261)
11-23 14:10:59.495  2278  2278 E Feed    : 	at com.android.internal.policy.DecorView.onLayout(DecorView.java:724)
11-23 14:10:59.495  2278  2278 E Feed    : 	at android.view.View.layout(View.java:17520)
11-23 14:10:59.495  2278  2278 E Feed    : 	at android.view.ViewGroup.layout(ViewGroup.java:5612)
11-23 14:10:59.495  2278  2278 E Feed    : 	at android.view.ViewRootImpl.performLayout(ViewRootImpl.java:2342)
11-23 14:10:59.495  2278  2278 E Feed    : 	at android.view.ViewRootImpl.performTraversals(ViewRootImpl.java:2069)
11-23 14:10:59.495  2278  2278 E Feed    : 	at android.view.ViewRootImpl.doTraversal(ViewRootImpl.java:1246)
11-23 14:10:59.495  2278  2278 E Feed    : 	at android.view.ViewRootImpl$TraversalRunnable.run(ViewRootImpl.java:6301)
11-23 14:10:59.495  2278  2278 E Feed    : 	at android.view.Choreographer$CallbackRecord.run(Choreographer.java:871)
11-23 14:10:59.495  2278  2278 E Feed    : 	at android.view.Choreographer.doCallbacks(Choreographer.java:683)
11-23 14:10:59.495  2278  2278 E Feed    : 	at android.view.Choreographer.doFrame(Choreographer.java:619)
11-23 14:10:59.495  2278  2278 E Feed    : 	at android.view.Choreographer$FrameDisplayEventReceiver.run(Choreographer.java:857)
11-23 14:10:59.495  2278  2278 E Feed    : 	at android.os.Handler.handleCallback(Handler.java:751)
11-23 14:10:59.495  2278  2278 E Feed    : 	at android.os.Handler.dispatchMessage(Handler.java:95)
11-23 14:10:59.495  2278  2278 E Feed    : 	at android.os.Looper.loop(Looper.java:154)
11-23 14:10:59.495  2278  2278 E Feed    : 	at android.app.ActivityThread.main(ActivityThread.java:6077)
11-23 14:10:59.495  2278  2278 E Feed    : 	at java.lang.reflect.Method.invoke(Native Method)
11-23 14:10:59.495  2278  2278 E Feed    : 	at com.android.internal.os.ZygoteInit$MethodAndArgsCaller.run(ZygoteInit.java:865)
11-23 14:10:59.495  2278  2278 E Feed    : 	at com.android.internal.os.ZygoteInit.main(ZygoteInit.java:755)
11-23 14:10:59.503  2278  2278 D LifecycleMonitor: Lifecycle status change: br.com.catbag.gifreduxsample.ui.GifListActivity@f47df66 in: STOPPED
11-23 14:10:59.503  2278  2278 D LifecycleMonitor: Lifecycle status change: br.com.catbag.gifreduxsample.ui.GifListActivity@f47df66 in: DESTROYED
11-23 14:10:59.511  1239  1437 I WindowManager: Destroying surface Surface(name=br.com.catbag.gifreduxsample/br.com.catbag.gifreduxsample.ui.GifListActivity) called by com.android.server.wm.WindowStateAnimator.destroySurface:2014 com.android.server.wm.WindowStateAnimator.destroySurfaceLocked:881 com.android.server.wm.WindowState.removeLocked:1449 com.android.server.wm.WindowManagerService.removeWindowInnerLocked:2478 com.android.server.wm.WindowManagerService.removeWindowLocked:2436 com.android.server.wm.WindowManagerService.removeWindowLocked:2305 com.android.server.wm.WindowManagerService.removeWindow:2300 com.android.server.wm.Session.remove:193 
11-23 14:10:59.658  2278  2294 I TestRunner: finished: whenGifIsNotWatchedTest(br.com.catbag.gifreduxsample.ui.giflist.GifListActivityTest)
11-23 14:10:59.674  2278  2278 D LifecycleMonitor: Lifecycle status change: br.com.catbag.gifreduxsample.ui.GifListActivity@303f4ae in: PAUSED
11-23 14:10:59.701  1239  1260 I Choreographer: Skipped 37 frames!  The application may be doing too much work on its main thread.
11-23 14:10:59.741   978   978 D gralloc : Registering a buffer in the process that created it. This may cause memory ordering problems.
11-23 14:10:59.741   978   978 E libEGL  : called unimplemented OpenGL ES API
11-23 14:10:59.741   978   978 E SurfaceFlinger: glCheckFramebufferStatusOES error 157766865
11-23 14:10:59.742   978   978 E SurfaceFlinger: got GL_FRAMEBUFFER_COMPLETE_OES error while taking screenshot
11-23 14:10:59.743  1239  1723 W WindowManager: Screenshot failure taking screenshot for (480x800) to layer 22010
11-23 14:10:59.783  2278  2278 I MonitoringInstrumentation: Activities that are still in CREATED to STOPPED: 1
11-23 14:10:59.785  2278  2294 I TestRunner: started: whenGifIsDownloadingTest(br.com.catbag.gifreduxsample.ui.giflist.GifListActivityTest)
11-23 14:10:59.799  2278  2278 I MonitoringInstrumentation: Activities that are still in CREATED to STOPPED: 1
11-23 14:10:59.815  2278  2295 I DroidFlux:Dispatcher: [STARTED] dispatch of action [FAKE_REDUCE_ACTION]
11-23 14:10:59.815  2278  2295 I DroidFlux:Dispatcher: [COMPLETED] dispatch of action [FAKE_REDUCE_ACTION]
11-23 14:10:59.839  2278  2319 D ActivityTestRule: Launching activity br.com.catbag.gifreduxsample.ui.GifListActivity
11-23 14:10:59.844  1239  1351 I ActivityManager: Activity reported stop, but no longer stopping: ActivityRecord{ecfaef9 u0 com.android.launcher3/.Launcher t3}
11-23 14:10:59.864  1239  1488 D WindowManager: relayoutVisibleWindow: Window{a7e96ba u0 com.android.launcher3/com.android.launcher3.Launcher EXITING} mAnimatingExit=true, mRemoveOnExit=false, mDestroying=true
11-23 14:10:59.897  1239  1260 I Choreographer: Skipped 48 frames!  The application may be doing too much work on its main thread.
11-23 14:10:59.899  2278  2321 D MonitoringInstrumentation: execStartActivity(context, ibinder, ibinder, activity, intent, int, bundle
11-23 14:10:59.900  1239  1723 I ActivityManager: START u0 {flg=0x10000000 cmp=br.com.catbag.gifreduxsample/.ui.GifListActivity} from uid 10060 on display 0
11-23 14:11:00.205  1239  1260 I Choreographer: Skipped 48 frames!  The application may be doing too much work on its main thread.
11-23 14:11:00.222  2278  2278 D LifecycleMonitor: Lifecycle status change: br.com.catbag.gifreduxsample.ui.GifListActivity@c42e44b in: PRE_ON_CREATE
11-23 14:11:00.252  2278  2278 D LifecycleMonitor: Lifecycle status change: br.com.catbag.gifreduxsample.ui.GifListActivity@c42e44b in: CREATED
11-23 14:11:00.253  2278  2295 I DroidFlux:Dispatcher: [STARTED] dispatch of action [APP_STATE_LOAD]
11-23 14:11:00.254  2278  2295 D DroidFlux:Dispatcher: An action of type [APP_STATE_LOAD] was dispatched, but no reducer handled it
11-23 14:11:00.254  2278  2295 I DroidFlux:Dispatcher: [COMPLETED] dispatch of action [APP_STATE_LOAD]
11-23 14:11:00.255  2278  2278 D LifecycleMonitor: Lifecycle status change: br.com.catbag.gifreduxsample.ui.GifListActivity@c42e44b in: STARTED
11-23 14:11:00.322  2278  2278 D LifecycleMonitor: Lifecycle status change: br.com.catbag.gifreduxsample.ui.GifListActivity@c42e44b in: RESUMED
11-23 14:11:00.465  1239  1260 I WindowManager: Destroying surface Surface(name=Starting br.com.catbag.gifreduxsample) called by com.android.server.wm.WindowStateAnimator.destroySurface:2014 com.android.server.wm.WindowStateAnimator.destroySurfaceLocked:881 com.android.server.wm.WindowState.removeLocked:1449 com.android.server.wm.WindowManagerService.removeWindowInnerLocked:2478 com.android.server.wm.AppWindowToken.destroySurfaces:365 com.android.server.wm.WindowStateAnimator.finishExit:565 com.android.server.wm.WindowStateAnimator.stepAnimationLocked:491 com.android.server.wm.WindowAnimator.updateWindowsLocked:303 
11-23 14:11:00.670  1239  1260 I Choreographer: Skipped 44 frames!  The application may be doing too much work on its main thread.
11-23 14:11:00.920  2278  2278 I Choreographer: Skipped 30 frames!  The application may be doing too much work on its main thread.
11-23 14:11:01.019  2278  2294 I TestRunner: finished: whenGifIsDownloadingTest(br.com.catbag.gifreduxsample.ui.giflist.GifListActivityTest)
11-23 14:11:01.053  1239  1260 I Choreographer: Skipped 34 frames!  The application may be doing too much work on its main thread.
11-23 14:11:01.073  2278  2278 D LifecycleMonitor: Lifecycle status change: br.com.catbag.gifreduxsample.ui.GifListActivity@c42e44b in: PAUSED
11-23 14:11:01.128   978   978 D gralloc : Registering a buffer in the process that created it. This may cause memory ordering problems.
11-23 14:11:01.128   978   978 E libEGL  : called unimplemented OpenGL ES API
11-23 14:11:01.128   978   978 E SurfaceFlinger: glCheckFramebufferStatusOES error 157766865
11-23 14:11:01.129   978   978 E SurfaceFlinger: got GL_FRAMEBUFFER_COMPLETE_OES error while taking screenshot
11-23 14:11:01.132  1239  1351 W WindowManager: Screenshot failure taking screenshot for (480x800) to layer 22015
11-23 14:11:01.140  2278  2278 I MonitoringInstrumentation: Activities that are still in CREATED to STOPPED: 2
11-23 14:11:01.145  2278  2294 I TestRunner: started: whenListKeepOrderedAfterPlayTest(br.com.catbag.gifreduxsample.ui.giflist.GifListActivityTest)
11-23 14:11:01.162  2278  2278 I MonitoringInstrumentation: Activities that are still in CREATED to STOPPED: 2
11-23 14:11:01.301  1239  1260 I WindowManager: Destroying surface Surface(name=Starting br.com.catbag.gifreduxsample) called by com.android.server.wm.WindowStateAnimator.destroySurface:2014 com.android.server.wm.WindowStateAnimator.destroySurfaceLocked:881 com.android.server.wm.WindowState.removeLocked:1449 com.android.server.wm.WindowManagerService.removeWindowInnerLocked:2478 com.android.server.wm.AppWindowToken.destroySurfaces:365 com.android.server.wm.WindowStateAnimator.finishExit:565 com.android.server.wm.WindowStateAnimator.stepAnimationLocked:491 com.android.server.wm.WindowAnimator.updateWindowsLocked:303 
11-23 14:11:01.350  2278  2295 I DroidFlux:Dispatcher: [STARTED] dispatch of action [FAKE_REDUCE_ACTION]
11-23 14:11:01.352  2278  2295 I DroidFlux:Dispatcher: [COMPLETED] dispatch of action [FAKE_REDUCE_ACTION]
11-23 14:11:01.468  2278  2322 D ActivityTestRule: Launching activity br.com.catbag.gifreduxsample.ui.GifListActivity
11-23 14:11:01.473  1753  1753 I Choreographer: Skipped 49 frames!  The application may be doing too much work on its main thread.
11-23 14:11:01.558  2278  2324 D MonitoringInstrumentation: execStartActivity(context, ibinder, ibinder, activity, intent, int, bundle
11-23 14:11:01.559  1239  1437 I ActivityManager: START u0 {flg=0x10000000 cmp=br.com.catbag.gifreduxsample/.ui.GifListActivity} from uid 10060 on display 0
11-23 14:11:01.693  1753  1753 I Choreographer: Skipped 31 frames!  The application may be doing too much work on its main thread.
11-23 14:11:01.942  1239  1260 I Choreographer: Skipped 31 frames!  The application may be doing too much work on its main thread.
11-23 14:11:01.960  2278  2278 D LifecycleMonitor: Lifecycle status change: br.com.catbag.gifreduxsample.ui.GifListActivity@32f275d in: PRE_ON_CREATE
11-23 14:11:01.995  1753  1753 I Choreographer: Skipped 75 frames!  The application may be doing too much work on its main thread.
11-23 14:11:02.123  2278  2278 D LifecycleMonitor: Lifecycle status change: br.com.catbag.gifreduxsample.ui.GifListActivity@32f275d in: CREATED
11-23 14:11:02.127  2278  2278 D LifecycleMonitor: Lifecycle status change: br.com.catbag.gifreduxsample.ui.GifListActivity@32f275d in: STARTED
11-23 14:11:02.134  2278  2278 D LifecycleMonitor: Lifecycle status change: br.com.catbag.gifreduxsample.ui.GifListActivity@32f275d in: RESUMED
11-23 14:11:02.161  2278  2278 D LifecycleMonitor: Lifecycle status change: br.com.catbag.gifreduxsample.ui.GifListActivity@c42e44b in: STOPPED
11-23 14:11:02.164  2278  2278 D LifecycleMonitor: Lifecycle status change: br.com.catbag.gifreduxsample.ui.GifListActivity@c42e44b in: DESTROYED
11-23 14:11:02.168  1239  1791 I WindowManager: Destroying surface Surface(name=br.com.catbag.gifreduxsample/br.com.catbag.gifreduxsample.ui.GifListActivity) called by com.android.server.wm.WindowStateAnimator.destroySurface:2014 com.android.server.wm.WindowStateAnimator.destroySurfaceLocked:881 com.android.server.wm.WindowState.removeLocked:1449 com.android.server.wm.WindowManagerService.removeWindowInnerLocked:2478 com.android.server.wm.WindowManagerService.removeWindowLocked:2436 com.android.server.wm.WindowManagerService.removeWindowLocked:2305 com.android.server.wm.WindowManagerService.removeWindow:2300 com.android.server.wm.Session.remove:193 
11-23 14:11:02.191  2278  2278 D LifecycleMonitor: Lifecycle status change: br.com.catbag.gifreduxsample.ui.GifListActivity@303f4ae in: STOPPED
11-23 14:11:02.191  2278  2278 D LifecycleMonitor: Lifecycle status change: br.com.catbag.gifreduxsample.ui.GifListActivity@303f4ae in: DESTROYED
11-23 14:11:02.193  1239  1437 I WindowManager: Destroying surface Surface(name=br.com.catbag.gifreduxsample/br.com.catbag.gifreduxsample.ui.GifListActivity) called by com.android.server.wm.WindowStateAnimator.destroySurface:2014 com.android.server.wm.WindowStateAnimator.destroySurfaceLocked:881 com.android.server.wm.WindowState.removeLocked:1449 com.android.server.wm.WindowManagerService.removeWindowInnerLocked:2478 com.android.server.wm.WindowManagerService.removeWindowLocked:2436 com.android.server.wm.WindowManagerService.removeWindowLocked:2305 com.android.server.wm.WindowManagerService.removeWindow:2300 com.android.server.wm.Session.remove:193 
11-23 14:11:02.220  2278  2295 I DroidFlux:Dispatcher: [STARTED] dispatch of action [APP_STATE_LOAD]
11-23 14:11:02.221  2278  2295 D DroidFlux:Dispatcher: An action of type [APP_STATE_LOAD] was dispatched, but no reducer handled it
11-23 14:11:02.221  2278  2295 I DroidFlux:Dispatcher: [COMPLETED] dispatch of action [APP_STATE_LOAD]
11-23 14:11:02.304  2278  2283 I art     : Do partial code cache collection, code=49KB, data=61KB
11-23 14:11:02.309  2278  2283 I art     : After code cache collection, code=48KB, data=60KB
11-23 14:11:02.309  2278  2283 I art     : Increasing code cache capacity to 256KB
11-23 14:11:02.441  2278  2278 W ResourceType: No package identifier when getting name for resource number 0x0000000c
11-23 14:11:02.441  2278  2278 I ViewInteraction: Performing 'single click' action on view with id: 12 (resource name not found)
11-23 14:11:02.527  1239  1260 I ActivityManager: Displayed br.com.catbag.gifreduxsample/.ui.GifListActivity: +726ms (total +3s933ms)
11-23 14:11:02.631  2278  2295 I DroidFlux:Dispatcher: [STARTED] dispatch of action [GIF_PLAY]
11-23 14:11:02.633  2278  2295 I DroidFlux:Dispatcher: [COMPLETED] dispatch of action [GIF_PLAY]
11-23 14:11:02.658   988  1028 D AudioFlinger: mixer(0xb21839c0) throttle end: throttle time(11)
11-23 14:11:02.688   988  1028 D AudioFlinger: mixer(0xb21839c0) throttle end: throttle time(10)
11-23 14:11:02.787  1239  1472 I WindowManager: Destroying surface Surface(name=com.android.launcher3/com.android.launcher3.Launcher) called by com.android.server.wm.WindowStateAnimator.destroySurface:2014 com.android.server.wm.WindowStateAnimator.destroySurfaceLocked:881 com.android.server.wm.WindowState.destroyOrSaveSurface:2073 com.android.server.wm.AppWindowToken.destroySurfaces:363 com.android.server.wm.AppWindowToken.notifyAppStopped:389 com.android.server.wm.WindowManagerService.notifyAppStopped:4456 com.android.server.am.ActivityStack.activityStoppedLocked:1252 com.android.server.am.ActivityManagerService.activityStopped:6873 
11-23 14:11:02.813  1239  1260 I WindowManager: Destroying surface Surface(name=Starting br.com.catbag.gifreduxsample) called by com.android.server.wm.WindowStateAnimator.destroySurface:2014 com.android.server.wm.WindowStateAnimator.destroySurfaceLocked:881 com.android.server.wm.WindowState.destroyOrSaveSurface:2073 com.android.server.wm.AppWindowToken.destroySurfaces:363 com.android.server.wm.WindowStateAnimator.finishExit:565 com.android.server.wm.WindowStateAnimator.stepAnimationLocked:491 com.android.server.wm.WindowAnimator.updateWindowsLocked:303 com.android.server.wm.WindowAnimator.animateLocked:704 
11-23 14:11:03.034  2278  2289 I art     : Background sticky concurrent mark sweep GC freed 35717(1762KB) AllocSpace objects, 4(80KB) LOS objects, 17% free, 6MB/8MB, paused 31.193ms total 1.062s
11-23 14:11:03.495  2278  2278 W ResourceType: No package identifier when getting name for resource number 0x00000010
11-23 14:11:03.496  2278  2278 I ViewInteraction: Performing 'scroll RecyclerView to position: 2' action on view with id: 16 (resource name not found)
11-23 14:11:03.859  2278  2278 W ResourceType: No package identifier when getting name for resource number 0x00000010
11-23 14:11:03.885  2278  2278 W ResourceType: No package identifier when getting name for resource number 0x00000018
11-23 14:11:03.885  2278  2278 I ViewInteraction: Performing 'single click' action on view with id: 24 (resource name not found)
11-23 14:11:03.948  2278  2295 I DroidFlux:Dispatcher: [STARTED] dispatch of action [GIF_PLAY]
11-23 14:11:03.952  2278  2295 I DroidFlux:Dispatcher: [COMPLETED] dispatch of action [GIF_PLAY]
11-23 14:11:03.988   988  1028 D AudioFlinger: mixer(0xb21839c0) throttle end: throttle time(10)
11-23 14:11:04.018   988  1028 D AudioFlinger: mixer(0xb21839c0) throttle end: throttle time(6)
11-23 14:11:04.109  1239  1325 E TaskPersister: File error accessing recents directory (directory doesn't exist?).
11-23 14:11:04.235  2278  2289 I art     : Background partial concurrent mark sweep GC freed 19600(1063KB) AllocSpace objects, 3(64KB) LOS objects, 37% free, 6MB/10MB, paused 9.087ms total 140.513ms
11-23 14:11:04.833  2278  2278 W ResourceType: No package identifier when getting name for resource number 0x0000001c
11-23 14:11:04.834  2278  2278 I ViewInteraction: Performing 'scroll RecyclerView to position: 3' action on view with id: 28 (resource name not found)
11-23 14:11:05.173  2278  2278 W ResourceType: No package identifier when getting name for resource number 0x0000001c
11-23 14:11:05.253  2278  2278 W ResourceType: No package identifier when getting name for resource number 0x00000024
11-23 14:11:05.253  2278  2278 I ViewInteraction: Performing 'single click' action on view with id: 36 (resource name not found)
11-23 14:11:05.417  2278  2295 I DroidFlux:Dispatcher: [STARTED] dispatch of action [GIF_PLAY]
11-23 14:11:05.419  2278  2295 I DroidFlux:Dispatcher: [COMPLETED] dispatch of action [GIF_PLAY]
11-23 14:11:05.437   988  1028 D AudioFlinger: mixer(0xb21839c0) throttle end: throttle time(10)
11-23 14:11:05.467   988  1028 D AudioFlinger: mixer(0xb21839c0) throttle end: throttle time(5)
11-23 14:11:06.312  2278  2278 W ResourceType: No package identifier when getting name for resource number 0x00000028
11-23 14:11:06.313  2278  2278 I ViewInteraction: Performing 'scroll RecyclerView to position: 4' action on view with id: 40 (resource name not found)
11-23 14:11:06.633  2278  2278 W ResourceType: No package identifier when getting name for resource number 0x00000028
11-23 14:11:06.713  2278  2278 W ResourceType: No package identifier when getting name for resource number 0x00000030
11-23 14:11:06.713  2278  2278 I ViewInteraction: Performing 'single click' action on view with id: 48 (resource name not found)
11-23 14:11:06.801  2278  2295 I DroidFlux:Dispatcher: [STARTED] dispatch of action [GIF_PLAY]
11-23 14:11:06.802  2278  2295 I DroidFlux:Dispatcher: [COMPLETED] dispatch of action [GIF_PLAY]
11-23 14:11:06.820   988  1028 D AudioFlinger: mixer(0xb21839c0) throttle end: throttle time(8)
11-23 14:11:06.848   988  1028 D AudioFlinger: mixer(0xb21839c0) throttle end: throttle time(4)
11-23 14:11:07.564  2278  2278 W ResourceType: No package identifier when getting name for resource number 0x00000034
11-23 14:11:07.564  2278  2278 I ViewInteraction: Performing 'scroll RecyclerView to position: 5' action on view with id: 52 (resource name not found)
11-23 14:11:07.902  2278  2278 W ResourceType: No package identifier when getting name for resource number 0x00000034
11-23 14:11:07.955  2278  2278 W ResourceType: No package identifier when getting name for resource number 0x0000003c
11-23 14:11:07.955  2278  2278 I ViewInteraction: Performing 'single click' action on view with id: 60 (resource name not found)
11-23 14:11:08.052  2278  2295 I DroidFlux:Dispatcher: [STARTED] dispatch of action [GIF_PLAY]
11-23 14:11:08.055  2278  2295 I DroidFlux:Dispatcher: [COMPLETED] dispatch of action [GIF_PLAY]
11-23 14:11:08.088   988  1028 D AudioFlinger: mixer(0xb21839c0) throttle end: throttle time(11)
11-23 14:11:08.117   988  1028 D AudioFlinger: mixer(0xb21839c0) throttle end: throttle time(11)
11-23 14:11:09.110  2278  2278 W ResourceType: No package identifier when getting name for resource number 0x00000040
11-23 14:11:09.110  2278  2278 I ViewInteraction: Performing 'scroll RecyclerView to position: 6' action on view with id: 64 (resource name not found)
11-23 14:11:09.467  2278  2278 W ResourceType: No package identifier when getting name for resource number 0x00000040
11-23 14:11:09.526  2278  2278 W ResourceType: No package identifier when getting name for resource number 0x00000048
11-23 14:11:09.526  2278  2278 I ViewInteraction: Performing 'single click' action on view with id: 72 (resource name not found)
11-23 14:11:09.626  2278  2289 I art     : Background sticky concurrent mark sweep GC freed 37121(2MB) AllocSpace objects, 12(256KB) LOS objects, 26% free, 7MB/10MB, paused 9.922ms total 139.210ms
11-23 14:11:09.741  2278  2295 I DroidFlux:Dispatcher: [STARTED] dispatch of action [GIF_PLAY]
11-23 14:11:09.744  2278  2295 I DroidFlux:Dispatcher: [COMPLETED] dispatch of action [GIF_PLAY]
11-23 14:11:09.744  2278  2283 I art     : Do full code cache collection, code=124KB, data=120KB
11-23 14:11:09.758   988  1028 D AudioFlinger: mixer(0xb21839c0) throttle end: throttle time(19)
11-23 14:11:09.789   988  1028 D AudioFlinger: mixer(0xb21839c0) throttle end: throttle time(8)
11-23 14:11:09.843  2278  2283 I art     : After code cache collection, code=104KB, data=83KB
11-23 14:11:10.693  2278  2278 W ResourceType: No package identifier when getting name for resource number 0x0000004c
11-23 14:11:10.694  2278  2278 I ViewInteraction: Performing 'scroll RecyclerView to position: 7' action on view with id: 76 (resource name not found)
11-23 14:11:11.006  2278  2278 W ResourceType: No package identifier when getting name for resource number 0x0000004c
11-23 14:11:11.059  2278  2278 W ResourceType: No package identifier when getting name for resource number 0x00000054
11-23 14:11:11.059  2278  2278 I ViewInteraction: Performing 'single click' action on view with id: 84 (resource name not found)
11-23 14:11:11.131  2278  2295 I DroidFlux:Dispatcher: [STARTED] dispatch of action [GIF_PLAY]
11-23 14:11:11.133  2278  2295 I DroidFlux:Dispatcher: [COMPLETED] dispatch of action [GIF_PLAY]
11-23 14:11:11.167   988  1028 D AudioFlinger: mixer(0xb21839c0) throttle end: throttle time(9)
11-23 14:11:11.194   988  1028 D AudioFlinger: mixer(0xb21839c0) throttle end: throttle time(9)
11-23 14:11:11.976  2278  2278 W ResourceType: No package identifier when getting name for resource number 0x00000058
11-23 14:11:11.976  2278  2278 I ViewInteraction: Performing 'scroll RecyclerView to position: 8' action on view with id: 88 (resource name not found)
11-23 14:11:12.331  2278  2278 W ResourceType: No package identifier when getting name for resource number 0x00000058
11-23 14:11:12.355  2278  2278 W ResourceType: No package identifier when getting name for resource number 0x00000060
11-23 14:11:12.355  2278  2278 I ViewInteraction: Performing 'single click' action on view with id: 96 (resource name not found)
11-23 14:11:12.449  2278  2295 I DroidFlux:Dispatcher: [STARTED] dispatch of action [GIF_PLAY]
11-23 14:11:12.451  2278  2295 I DroidFlux:Dispatcher: [COMPLETED] dispatch of action [GIF_PLAY]
11-23 14:11:12.467   988  1028 D AudioFlinger: mixer(0xb21839c0) throttle end: throttle time(11)
11-23 14:11:12.498   988  1028 D AudioFlinger: mixer(0xb21839c0) throttle end: throttle time(11)
11-23 14:11:13.134  2278  2278 W ResourceType: No package identifier when getting name for resource number 0x00000064
11-23 14:11:13.134  2278  2278 I ViewInteraction: Performing 'scroll RecyclerView to position: 9' action on view with id: 100 (resource name not found)
11-23 14:11:13.459  2278  2278 W ResourceType: No package identifier when getting name for resource number 0x00000064
11-23 14:11:13.514  2278  2278 W ResourceType: No package identifier when getting name for resource number 0x0000006c
11-23 14:11:13.514  2278  2278 I ViewInteraction: Performing 'single click' action on view with id: 108 (resource name not found)
11-23 14:11:13.595  2278  2295 I DroidFlux:Dispatcher: [STARTED] dispatch of action [GIF_PLAY]
11-23 14:11:13.640  2278  2295 I DroidFlux:Dispatcher: [COMPLETED] dispatch of action [GIF_PLAY]
11-23 14:11:13.650   988  1028 D AudioFlinger: mixer(0xb21839c0) throttle end: throttle time(10)
11-23 14:11:13.665  2278  2289 I art     : Background sticky concurrent mark sweep GC freed 33103(1947KB) AllocSpace objects, 9(192KB) LOS objects, 17% free, 8MB/10MB, paused 5.890ms total 211.641ms
11-23 14:11:13.679   988  1028 D AudioFlinger: mixer(0xb21839c0) throttle end: throttle time(11)
11-23 14:11:14.311  2278  2278 W ResourceType: No package identifier when getting name for resource number 0x00000070
11-23 14:11:14.312  2278  2278 I ViewInteraction: Performing 'scroll RecyclerView to position: 10' action on view with id: 112 (resource name not found)
11-23 14:11:14.663  2278  2278 W ResourceType: No package identifier when getting name for resource number 0x00000070
11-23 14:11:14.675  2278  2278 W ResourceType: No package identifier when getting name for resource number 0x00000078
11-23 14:11:14.675  2278  2278 I ViewInteraction: Performing 'single click' action on view with id: 120 (resource name not found)
11-23 14:11:14.768  2278  2295 I DroidFlux:Dispatcher: [STARTED] dispatch of action [GIF_PLAY]
11-23 14:11:14.769  2278  2295 I DroidFlux:Dispatcher: [COMPLETED] dispatch of action [GIF_PLAY]
11-23 14:11:14.827   988  1028 D AudioFlinger: mixer(0xb21839c0) throttle end: throttle time(14)
11-23 14:11:14.858   988  1028 D AudioFlinger: mixer(0xb21839c0) throttle end: throttle time(11)
11-23 14:11:15.401  2278  2278 W ResourceType: No package identifier when getting name for resource number 0x0000007c
11-23 14:11:15.401  2278  2278 I ViewInteraction: Performing 'scroll RecyclerView to position: 11' action on view with id: 124 (resource name not found)
11-23 14:11:15.695  2278  2278 W ResourceType: No package identifier when getting name for resource number 0x0000007c
11-23 14:11:15.793  2278  2278 W ResourceType: No package identifier when getting name for resource number 0x00000084
11-23 14:11:15.793  2278  2278 I ViewInteraction: Performing 'single click' action on view with id: 132 (resource name not found)
11-23 14:11:15.814  2278  2289 I art     : Background partial concurrent mark sweep GC freed 25079(1462KB) AllocSpace objects, 6(600KB) LOS objects, 31% free, 8MB/12MB, paused 7.355ms total 102.381ms
11-23 14:11:15.870  2278  2295 I DroidFlux:Dispatcher: [STARTED] dispatch of action [GIF_PLAY]
11-23 14:11:15.873  2278  2295 I DroidFlux:Dispatcher: [COMPLETED] dispatch of action [GIF_PLAY]
11-23 14:11:15.947   988  1028 D AudioFlinger: mixer(0xb21839c0) throttle end: throttle time(9)
11-23 14:11:15.978   988  1028 D AudioFlinger: mixer(0xb21839c0) throttle end: throttle time(6)
11-23 14:11:16.529  2278  2278 W ResourceType: No package identifier when getting name for resource number 0x00000088
11-23 14:11:16.529  2278  2278 I ViewInteraction: Performing 'scroll RecyclerView to position: 12' action on view with id: 136 (resource name not found)
11-23 14:11:16.862  2278  2278 W ResourceType: No package identifier when getting name for resource number 0x00000088
11-23 14:11:16.923  2278  2278 W ResourceType: No package identifier when getting name for resource number 0x00000090
11-23 14:11:16.923  2278  2278 I ViewInteraction: Performing 'single click' action on view with id: 144 (resource name not found)
11-23 14:11:17.019  2278  2295 I DroidFlux:Dispatcher: [STARTED] dispatch of action [GIF_PLAY]
11-23 14:11:17.023  2278  2295 I DroidFlux:Dispatcher: [COMPLETED] dispatch of action [GIF_PLAY]
11-23 14:11:17.041   988  1028 D AudioFlinger: mixer(0xb21839c0) throttle end: throttle time(10)
11-23 14:11:17.069   988  1028 D AudioFlinger: mixer(0xb21839c0) throttle end: throttle time(11)
11-23 14:11:17.753  2278  2278 W ResourceType: No package identifier when getting name for resource number 0x00000094
11-23 14:11:17.753  2278  2278 I ViewInteraction: Performing 'scroll RecyclerView to position: 13' action on view with id: 148 (resource name not found)
11-23 14:11:18.070  2278  2278 W ResourceType: No package identifier when getting name for resource number 0x00000094
11-23 14:11:18.117  2278  2278 W ResourceType: No package identifier when getting name for resource number 0x0000009c
11-23 14:11:18.117  2278  2278 I ViewInteraction: Performing 'single click' action on view with id: 156 (resource name not found)
11-23 14:11:18.265  2278  2295 I DroidFlux:Dispatcher: [STARTED] dispatch of action [GIF_PLAY]
11-23 14:11:18.287   988  1028 D AudioFlinger: mixer(0xb21839c0) throttle end: throttle time(13)
11-23 14:11:18.289  2278  2295 I DroidFlux:Dispatcher: [COMPLETED] dispatch of action [GIF_PLAY]
11-23 14:11:18.319   988  1028 D AudioFlinger: mixer(0xb21839c0) throttle end: throttle time(5)
11-23 14:11:18.954  2278  2278 W ResourceType: No package identifier when getting name for resource number 0x000000a0
11-23 14:11:18.955  2278  2278 I ViewInteraction: Performing 'scroll RecyclerView to position: 14' action on view with id: 160 (resource name not found)
11-23 14:11:19.289  2278  2278 W ResourceType: No package identifier when getting name for resource number 0x000000a0
11-23 14:11:19.305  2278  2278 W ResourceType: No package identifier when getting name for resource number 0x000000a8
11-23 14:11:19.306  2278  2278 I ViewInteraction: Performing 'single click' action on view with id: 168 (resource name not found)
11-23 14:11:19.384  2278  2295 I DroidFlux:Dispatcher: [STARTED] dispatch of action [GIF_PLAY]
11-23 14:11:19.386  2278  2295 I DroidFlux:Dispatcher: [COMPLETED] dispatch of action [GIF_PLAY]
11-23 14:11:19.410   988  1028 D AudioFlinger: mixer(0xb21839c0) throttle end: throttle time(11)
11-23 14:11:19.438   988  1028 D AudioFlinger: mixer(0xb21839c0) throttle end: throttle time(10)
11-23 14:11:20.129  2278  2278 W ResourceType: No package identifier when getting name for resource number 0x000000ac
11-23 14:11:20.130  2278  2278 I ViewInteraction: Performing 'scroll RecyclerView to position: 15' action on view with id: 172 (resource name not found)
11-23 14:11:20.444  2278  2278 W ResourceType: No package identifier when getting name for resource number 0x000000ac
11-23 14:11:20.538  2278  2278 W ResourceType: No package identifier when getting name for resource number 0x000000b4
11-23 14:11:20.538  2278  2278 I ViewInteraction: Performing 'single click' action on view with id: 180 (resource name not found)
11-23 14:11:20.594  2278  2289 I art     : Background sticky concurrent mark sweep GC freed 44221(2MB) AllocSpace objects, 12(256KB) LOS objects, 23% free, 9MB/12MB, paused 7.986ms total 127.699ms
11-23 14:11:20.660  2278  2295 I DroidFlux:Dispatcher: [STARTED] dispatch of action [GIF_PLAY]
11-23 14:11:20.662  2278  2295 I DroidFlux:Dispatcher: [COMPLETED] dispatch of action [GIF_PLAY]
11-23 14:11:20.698   988  1028 D AudioFlinger: mixer(0xb21839c0) throttle end: throttle time(7)
11-23 14:11:20.727   988  1028 D AudioFlinger: mixer(0xb21839c0) throttle end: throttle time(7)
11-23 14:11:20.858  2278  2283 I art     : Do partial code cache collection, code=123KB, data=112KB
11-23 14:11:20.885  2278  2283 I art     : After code cache collection, code=123KB, data=113KB
11-23 14:11:20.885  2278  2283 I art     : Increasing code cache capacity to 512KB
11-23 14:11:21.288  2278  2278 W ResourceType: No package identifier when getting name for resource number 0x000000b8
11-23 14:11:21.289  2278  2278 I ViewInteraction: Performing 'scroll RecyclerView to position: 16' action on view with id: 184 (resource name not found)
11-23 14:11:21.619  2278  2278 W ResourceType: No package identifier when getting name for resource number 0x000000b8
11-23 14:11:21.665  2278  2278 W ResourceType: No package identifier when getting name for resource number 0x000000c0
11-23 14:11:21.665  2278  2278 I ViewInteraction: Performing 'single click' action on view with id: 192 (resource name not found)
11-23 14:11:21.743  2278  2295 I DroidFlux:Dispatcher: [STARTED] dispatch of action [GIF_PLAY]
11-23 14:11:21.745  2278  2295 I DroidFlux:Dispatcher: [COMPLETED] dispatch of action [GIF_PLAY]
11-23 14:11:21.768   988  1028 D AudioFlinger: mixer(0xb21839c0) throttle end: throttle time(11)
11-23 14:11:21.801   988  1028 D AudioFlinger: mixer(0xb21839c0) throttle end: throttle time(11)
11-23 14:11:22.571  2278  2278 W ResourceType: No package identifier when getting name for resource number 0x000000c4
11-23 14:11:22.572  2278  2278 I ViewInteraction: Performing 'scroll RecyclerView to position: 17' action on view with id: 196 (resource name not found)
11-23 14:11:22.921  2278  2278 W ResourceType: No package identifier when getting name for resource number 0x000000c4
11-23 14:11:22.955  2278  2278 W ResourceType: No package identifier when getting name for resource number 0x000000cc
11-23 14:11:22.955  2278  2278 I ViewInteraction: Performing 'single click' action on view with id: 204 (resource name not found)
11-23 14:11:23.058  2278  2295 I DroidFlux:Dispatcher: [STARTED] dispatch of action [GIF_PLAY]
11-23 14:11:23.060  2278  2295 I DroidFlux:Dispatcher: [COMPLETED] dispatch of action [GIF_PLAY]
11-23 14:11:23.098   988  1028 D AudioFlinger: mixer(0xb21839c0) throttle end: throttle time(5)
11-23 14:11:23.127   988  1028 D AudioFlinger: mixer(0xb21839c0) throttle end: throttle time(7)
11-23 14:11:23.942  2278  2278 W ResourceType: No package identifier when getting name for resource number 0x000000d0
11-23 14:11:23.942  2278  2278 I ViewInteraction: Performing 'scroll RecyclerView to position: 18' action on view with id: 208 (resource name not found)
11-23 14:11:24.247  2278  2278 W ResourceType: No package identifier when getting name for resource number 0x000000d0
11-23 14:11:24.281  2278  2289 I art     : WaitForGcToComplete blocked for 34.549ms for cause Background
11-23 14:11:24.303  2278  2278 W ResourceType: No package identifier when getting name for resource number 0x000000d8
11-23 14:11:24.303  2278  2278 I ViewInteraction: Performing 'single click' action on view with id: 216 (resource name not found)
11-23 14:11:24.381  2278  2295 I DroidFlux:Dispatcher: [STARTED] dispatch of action [GIF_PLAY]
11-23 14:11:24.383  2278  2295 I DroidFlux:Dispatcher: [COMPLETED] dispatch of action [GIF_PLAY]
11-23 14:11:24.429   988  1028 D AudioFlinger: mixer(0xb21839c0) throttle end: throttle time(10)
11-23 14:11:24.458   988  1028 D AudioFlinger: mixer(0xb21839c0) throttle end: throttle time(6)
11-23 14:11:24.605  2278  2289 I art     : Background sticky concurrent mark sweep GC freed 33877(1982KB) AllocSpace objects, 9(192KB) LOS objects, 15% free, 10MB/12MB, paused 26.365ms total 304.552ms
11-23 14:11:25.115  2278  2278 W ResourceType: No package identifier when getting name for resource number 0x000000e3
11-23 14:11:25.115  2278  2278 I ViewInteraction: Performing 'single click' action on view with id: 227 (resource name not found)
11-23 14:11:25.209  2278  2295 I DroidFlux:Dispatcher: [STARTED] dispatch of action [GIF_PAUSE]
11-23 14:11:25.210  2278  2295 I DroidFlux:Dispatcher: [COMPLETED] dispatch of action [GIF_PAUSE]
11-23 14:11:25.228   988  1028 D AudioFlinger: mixer(0xb21839c0) throttle end: throttle time(11)
11-23 14:11:25.250   988  1028 D AudioFlinger: mixer(0xb21839c0) throttle end: throttle time(11)
11-23 14:11:26.022  2278  2294 I TestRunner: finished: whenListKeepOrderedAfterPlayTest(br.com.catbag.gifreduxsample.ui.giflist.GifListActivityTest)
11-23 14:11:26.065  2278  2278 D LifecycleMonitor: Lifecycle status change: br.com.catbag.gifreduxsample.ui.GifListActivity@32f275d in: PAUSED
11-23 14:11:26.196   978   978 D gralloc : Registering a buffer in the process that created it. This may cause memory ordering problems.
11-23 14:11:26.207   978   978 E libEGL  : called unimplemented OpenGL ES API
11-23 14:11:26.208   978   978 E SurfaceFlinger: glCheckFramebufferStatusOES error 157766865
11-23 14:11:26.208   978   978 E SurfaceFlinger: got GL_FRAMEBUFFER_COMPLETE_OES error while taking screenshot
11-23 14:11:26.210  1239  1351 W WindowManager: Screenshot failure taking screenshot for (480x800) to layer 21005
11-23 14:11:26.220  2278  2278 I MonitoringInstrumentation: Activities that are still in CREATED to STOPPED: 1
11-23 14:11:26.223  2278  2294 I TestRunner: started: whenGifIsWatchedTest(br.com.catbag.gifreduxsample.ui.giflist.GifListActivityTest)
11-23 14:11:26.322  2278  2278 I MonitoringInstrumentation: Activities that are still in CREATED to STOPPED: 1
11-23 14:11:26.352  2278  2295 I DroidFlux:Dispatcher: [STARTED] dispatch of action [FAKE_REDUCE_ACTION]
11-23 14:11:26.354  2278  2295 I DroidFlux:Dispatcher: [COMPLETED] dispatch of action [FAKE_REDUCE_ACTION]
11-23 14:11:26.372  2278  2345 D ActivityTestRule: Launching activity br.com.catbag.gifreduxsample.ui.GifListActivity
11-23 14:11:26.375  2278  2347 D MonitoringInstrumentation: execStartActivity(context, ibinder, ibinder, activity, intent, int, bundle
11-23 14:11:26.376  1239  1488 I ActivityManager: START u0 {flg=0x10000000 cmp=br.com.catbag.gifreduxsample/.ui.GifListActivity} from uid 10060 on display 0
11-23 14:11:26.552  1239  1260 I Choreographer: Skipped 40 frames!  The application may be doing too much work on its main thread.
11-23 14:11:26.649  1753  1753 I Choreographer: Skipped 40 frames!  The application may be doing too much work on its main thread.
11-23 14:11:26.711  2278  2278 D LifecycleMonitor: Lifecycle status change: br.com.catbag.gifreduxsample.ui.GifListActivity@2303ff9 in: PRE_ON_CREATE
11-23 14:11:26.811  2278  2278 D LifecycleMonitor: Lifecycle status change: br.com.catbag.gifreduxsample.ui.GifListActivity@2303ff9 in: CREATED
11-23 14:11:26.818  2278  2295 I DroidFlux:Dispatcher: [STARTED] dispatch of action [APP_STATE_LOAD]
11-23 14:11:26.819  2278  2295 D DroidFlux:Dispatcher: An action of type [APP_STATE_LOAD] was dispatched, but no reducer handled it
11-23 14:11:26.819  2278  2295 I DroidFlux:Dispatcher: [COMPLETED] dispatch of action [APP_STATE_LOAD]
11-23 14:11:26.819  2278  2278 D LifecycleMonitor: Lifecycle status change: br.com.catbag.gifreduxsample.ui.GifListActivity@2303ff9 in: STARTED
11-23 14:11:26.821  2278  2278 D LifecycleMonitor: Lifecycle status change: br.com.catbag.gifreduxsample.ui.GifListActivity@2303ff9 in: RESUMED
11-23 14:11:26.826  2278  2278 I Choreographer: Skipped 51 frames!  The application may be doing too much work on its main thread.
11-23 14:11:26.959  1239  1260 I Choreographer: Skipped 86 frames!  The application may be doing too much work on its main thread.
11-23 14:11:27.079  2278  2278 E Feed    : Gif{uuid=46c2baf3-6735-460b-8314-274f5ac5e989, path=, url=, title=, watched=true, status=DOWNLOADED}
11-23 14:11:27.079  2278  2278 E Feed    : pl.droidsonroids.gif.GifIOException: GifError 101: Failed to open given input
11-23 14:11:27.079  2278  2278 E Feed    : 	at pl.droidsonroids.gif.GifInfoHandle.openFile(Native Method)
11-23 14:11:27.079  2278  2278 E Feed    : 	at pl.droidsonroids.gif.GifInfoHandle.<init>(GifInfoHandle.java:46)
11-23 14:11:27.079  2278  2278 E Feed    : 	at pl.droidsonroids.gif.GifDrawable.<init>(GifDrawable.java:124)
11-23 14:11:27.079  2278  2278 E Feed    : 	at br.com.catbag.gifreduxsample.ui.components.FeedComponent.createDrawable(FeedComponent.java:104)
11-23 14:11:27.079  2278  2278 E Feed    : 	at br.com.catbag.gifreduxsample.ui.components.FeedComponent.lambda$renderGifView$2(FeedComponent.java:90)
11-23 14:11:27.079  2278  2278 E Feed    : 	at br.com.catbag.gifreduxsample.ui.components.FeedComponent$$Lambda$2.view(Unknown Source)
11-23 14:11:27.079  2278  2278 E Feed    : 	at trikita.anvil.BaseDSL.v(BaseDSL.java:670)
11-23 14:11:27.079  2278  2278 E Feed    : 	at br.com.catbag.gifreduxsample.ui.components.FeedComponent.renderGifView(FeedComponent.java:88)
11-23 14:11:27.079  2278  2278 E Feed    : 	at br.com.catbag.gifreduxsample.ui.components.FeedComponent.lambda$null$0(FeedComponent.java:55)
11-23 14:11:27.079  2278  2278 E Feed    : 	at br.com.catbag.gifreduxsample.ui.components.FeedComponent$$Lambda$3.view(Unknown Source)
11-23 14:11:27.079  2278  2278 E Feed    : 	at br.com.catbag.gifreduxsample.ui.components.GifsAdapter.view(GifsAdapter.java:55)
11-23 14:11:27.079  2278  2278 E Feed    : 	at trikita.anvil.RenderableRecyclerViewAdapter$1.view(RenderableRecyclerViewAdapter.java:24)
11-23 14:11:27.079  2278  2278 E Feed    : 	at trikita.anvil.Anvil$Mount.render(Anvil.java:204)
11-23 14:11:27.079  2278  2278 E Feed    : 	at trikita.anvil.Anvil.render(Anvil.java:173)
11-23 14:11:27.079  2278  2278 E Feed    : 	at trikita.anvil.RenderableRecyclerViewAdapter.onBindViewHolder(RenderableRecyclerViewAdapter.java:27)
11-23 14:11:27.079  2278  2278 E Feed    : 	at trikita.anvil.RenderableRecyclerViewAdapter.onBindViewHolder(RenderableRecyclerViewAdapter.java:7)
11-23 14:11:27.079  2278  2278 E Feed    : 	at android.support.v7.widget.RecyclerView$Adapter.onBindViewHolder(RecyclerView.java:5768)
11-23 14:11:27.079  2278  2278 E Feed    : 	at android.support.v7.widget.RecyclerView$Adapter.bindViewHolder(RecyclerView.java:5801)
11-23 14:11:27.079  2278  2278 E Feed    : 	at android.support.v7.widget.RecyclerView$Recycler.getViewForPosition(RecyclerView.java:5037)
11-23 14:11:27.079  2278  2278 E Feed    : 	at android.support.v7.widget.RecyclerView$Recycler.getViewForPosition(RecyclerView.java:4913)
11-23 14:11:27.079  2278  2278 E Feed    : 	at android.support.v7.widget.LinearLayoutManager$LayoutState.next(LinearLayoutManager.java:2029)
11-23 14:11:27.079  2278  2278 E Feed    : 	at android.support.v7.widget.LinearLayoutManager.layoutChunk(LinearLayoutManager.java:1414)
11-23 14:11:27.079  2278  2278 E Feed    : 	at android.support.v7.widget.LinearLayoutManager.fill(LinearLayoutManager.java:1377)
11-23 14:11:27.079  2278  2278 E Feed    : 	at android.support.v7.widget.LinearLayoutManager.onLayoutChildren(LinearLayoutManager.java:578)
11-23 14:11:27.079  2278  2278 E Feed    : 	at android.support.v7.widget.RecyclerView.dispatchLayoutStep2(RecyclerView.java:3260)
11-23 14:11:27.079  2278  2278 E Feed    : 	at android.support.v7.widget.RecyclerView.dispatchLayout(RecyclerView.java:3069)
11-23 14:11:27.079  2278  2278 E Feed    : 	at android.support.v7.widget.RecyclerView.onLayout(RecyclerView.java:3518)
11-23 14:11:27.079  2278  2278 E Feed    : 	at android.view.View.layout(View.java:17520)
11-23 14:11:27.079  2278  2278 E Feed    : 	at android.view.ViewGroup.layout(ViewGroup.java:5612)
11-23 14:11:27.079  2278  2278 E Feed    : 	at android.widget.FrameLayout.layoutChildren(FrameLayout.java:323)
11-23 14:11:27.079  2278  2278 E Feed    : 	at android.widget.FrameLayout.onLayout(FrameLayout.java:261)
11-23 14:11:27.079  2278  2278 E Feed    : 	at android.view.View.layout(View.java:17520)
11-23 14:11:27.079  2278  2278 E Feed    : 	at android.view.ViewGroup.layout(ViewGroup.java:5612)
11-23 14:11:27.079  2278  2278 E Feed    : 	at android.widget.RelativeLayout.onLayout(RelativeLayout.java:1079)
11-23 14:11:27.079  2278  2278 E Feed    : 	at android.view.View.layout(View.java:17520)
11-23 14:11:27.079  2278  2278 E Feed    : 	at android.view.ViewGroup.layout(ViewGroup.java:5612)
11-23 14:11:27.079  2278  2278 E Feed    : 	at android.widget.FrameLayout.layoutChildren(FrameLayout.java:323)
11-23 14:11:27.079  2278  2278 E Feed    : 	at android.widget.FrameLayout.onLayout(FrameLayout.java:261)
11-23 14:11:27.079  2278  2278 E Feed    : 	at android.view.View.layout(View.java:17520)
11-23 14:11:27.079  2278  2278 E Feed    : 	at android.view.ViewGroup.layout(ViewGroup.java:5612)
11-23 14:11:27.079  2278  2278 E Feed    : 	at android.support.v7.widget.ActionBarOverlayLayout.onLayout(ActionBarOverlayLayout.java:435)
11-23 14:11:27.079  2278  2278 E Feed    : 	at android.view.View.layout(View.java:17520)
11-23 14:11:27.079  2278  2278 E Feed    : 	at android.view.ViewGroup.layout(ViewGroup.java:5612)
11-23 14:11:27.079  2278  2278 E Feed    : 	at android.widget.FrameLayout.layoutChildren(FrameLayout.java:323)
11-23 14:11:27.079  2278  2278 E Feed    : 	at android.widget.FrameLayout.onLayout(FrameLayout.java:261)
11-23 14:11:27.079  2278  2278 E Feed    : 	at android.view.View.layout(View.java:17520)
11-23 14:11:27.079  2278  2278 E Feed    : 	at android.view.ViewGroup.layout(ViewGroup.java:5612)
11-23 14:11:27.079  2278  2278 E Feed    : 	at android.widget.LinearLayout.setChildFrame(LinearLayout.java:1741)
11-23 14:11:27.079  2278  2278 E Feed    : 	at android.widget.LinearLayout.layoutVertical(LinearLayout.java:1585)
11-23 14:11:27.079  2278  2278 E Feed    : 	at android.widget.LinearLayout.onLayout(LinearLayout.java:1494)
11-23 14:11:27.079  2278  2278 E Feed    : 	at android.view.View.layout(View.java:17520)
