11-23 18:01:05.252  2306  2367 D ActivityTestRule: Launching activity br.com.catbag.gifreduxsample.ui.GifListActivity
11-23 18:01:05.416  2306  2368 D MonitoringInstrumentation: execStartActivity(context, ibinder, ibinder, activity, intent, int, bundle
11-23 18:01:05.418  1238  1791 I ActivityManager: START u0 {flg=0x10000000 cmp=br.com.catbag.gifreduxsample/.ui.GifListActivity} from uid 10060 on display 0
11-23 18:01:05.607  1238  1259 I Choreographer: Skipped 70 frames!  The application may be doing too much work on its main thread.
11-23 18:01:05.766  1722  1722 I Choreographer: Skipped 101 frames!  The application may be doing too much work on its main thread.
11-23 18:01:06.102  1238  1252 W ActivityManager: Activity pause timeout for ActivityRecord{11e3f7 u0 com.android.launcher3/.Launcher t3}
11-23 18:01:06.341  1238  1259 I Choreographer: Skipped 155 frames!  The application may be doing too much work on its main thread.
11-23 18:01:06.497  2306  2306 D LifecycleMonitor: Lifecycle status change: br.com.catbag.gifreduxsample.ui.GifListActivity@bc8ef51 in: PRE_ON_CREATE
11-23 18:01:06.678  2306  2306 D LifecycleMonitor: Lifecycle status change: br.com.catbag.gifreduxsample.ui.GifListActivity@bc8ef51 in: CREATED
11-23 18:01:06.697  2306  2322 I DroidFlux:Dispatcher: [STARTED] dispatch of action [APP_STATE_LOAD]
11-23 18:01:06.697  2306  2322 D DroidFlux:Dispatcher: An action of type [APP_STATE_LOAD] was dispatched, but no reducer handled it
11-23 18:01:06.718  2306  2322 I DroidFlux:Dispatcher: [COMPLETED] dispatch of action [APP_STATE_LOAD]
11-23 18:01:06.722  2306  2306 D LifecycleMonitor: Lifecycle status change: br.com.catbag.gifreduxsample.ui.GifListActivity@bc8ef51 in: STARTED
11-23 18:01:06.725  2306  2306 D LifecycleMonitor: Lifecycle status change: br.com.catbag.gifreduxsample.ui.GifListActivity@bc8ef51 in: RESUMED
11-23 18:01:06.786  2306  2306 I Choreographer: Skipped 132 frames!  The application may be doing too much work on its main thread.
11-23 18:01:06.993  2306  2306 E Feed    : Gif{uuid=b6d40945-7d14-4e63-9ce8-64804b3ceed1, path=, url=, title=, watched=true, status=DOWNLOADED}
11-23 18:01:06.993  2306  2306 E Feed    : pl.droidsonroids.gif.GifIOException: GifError 101: Failed to open given input
11-23 18:01:06.993  2306  2306 E Feed    : 	at pl.droidsonroids.gif.GifInfoHandle.openFile(Native Method)
11-23 18:01:06.993  2306  2306 E Feed    : 	at pl.droidsonroids.gif.GifInfoHandle.<init>(GifInfoHandle.java:46)
11-23 18:01:06.993  2306  2306 E Feed    : 	at pl.droidsonroids.gif.GifDrawable.<init>(GifDrawable.java:124)
11-23 18:01:06.993  2306  2306 E Feed    : 	at br.com.catbag.gifreduxsample.ui.components.FeedComponent.createDrawable(FeedComponent.java:104)
11-23 18:01:06.993  2306  2306 E Feed    : 	at br.com.catbag.gifreduxsample.ui.components.FeedComponent.lambda$renderGifView$2(FeedComponent.java:90)
11-23 18:01:06.993  2306  2306 E Feed    : 	at br.com.catbag.gifreduxsample.ui.components.FeedComponent$$Lambda$2.view(Unknown Source)
11-23 18:01:06.993  2306  2306 E Feed    : 	at trikita.anvil.BaseDSL.v(BaseDSL.java:670)
11-23 18:01:06.993  2306  2306 E Feed    : 	at br.com.catbag.gifreduxsample.ui.components.FeedComponent.renderGifView(FeedComponent.java:88)
11-23 18:01:06.993  2306  2306 E Feed    : 	at br.com.catbag.gifreduxsample.ui.components.FeedComponent.lambda$null$0(FeedComponent.java:55)
11-23 18:01:06.993  2306  2306 E Feed    : 	at br.com.catbag.gifreduxsample.ui.components.FeedComponent$$Lambda$3.view(Unknown Source)
11-23 18:01:06.993  2306  2306 E Feed    : 	at br.com.catbag.gifreduxsample.ui.components.GifsAdapter.view(GifsAdapter.java:55)
11-23 18:01:06.993  2306  2306 E Feed    : 	at trikita.anvil.RenderableRecyclerViewAdapter$1.view(RenderableRecyclerViewAdapter.java:24)
11-23 18:01:06.993  2306  2306 E Feed    : 	at trikita.anvil.Anvil$Mount.render(Anvil.java:204)
11-23 18:01:06.993  2306  2306 E Feed    : 	at trikita.anvil.Anvil.render(Anvil.java:173)
11-23 18:01:06.993  2306  2306 E Feed    : 	at trikita.anvil.RenderableRecyclerViewAdapter.onBindViewHolder(RenderableRecyclerViewAdapter.java:27)
11-23 18:01:06.993  2306  2306 E Feed    : 	at trikita.anvil.RenderableRecyclerViewAdapter.onBindViewHolder(RenderableRecyclerViewAdapter.java:7)
11-23 18:01:06.993  2306  2306 E Feed    : 	at android.support.v7.widget.RecyclerView$Adapter.onBindViewHolder(RecyclerView.java:5768)
11-23 18:01:06.993  2306  2306 E Feed    : 	at android.support.v7.widget.RecyclerView$Adapter.bindViewHolder(RecyclerView.java:5801)
11-23 18:01:06.993  2306  2306 E Feed    : 	at android.support.v7.widget.RecyclerView$Recycler.getViewForPosition(RecyclerView.java:5037)
11-23 18:01:06.993  2306  2306 E Feed    : 	at android.support.v7.widget.RecyclerView$Recycler.getViewForPosition(RecyclerView.java:4913)
11-23 18:01:06.993  2306  2306 E Feed    : 	at android.support.v7.widget.LinearLayoutManager$LayoutState.next(LinearLayoutManager.java:2029)
11-23 18:01:06.993  2306  2306 E Feed    : 	at android.support.v7.widget.LinearLayoutManager.layoutChunk(LinearLayoutManager.java:1414)
11-23 18:01:06.993  2306  2306 E Feed    : 	at android.support.v7.widget.LinearLayoutManager.fill(LinearLayoutManager.java:1377)
11-23 18:01:06.993  2306  2306 E Feed    : 	at android.support.v7.widget.LinearLayoutManager.onLayoutChildren(LinearLayoutManager.java:578)
11-23 18:01:06.993  2306  2306 E Feed    : 	at android.support.v7.widget.RecyclerView.dispatchLayoutStep2(RecyclerView.java:3260)
11-23 18:01:06.993  2306  2306 E Feed    : 	at android.support.v7.widget.RecyclerView.dispatchLayout(RecyclerView.java:3069)
11-23 18:01:06.993  2306  2306 E Feed    : 	at android.support.v7.widget.RecyclerView.onLayout(RecyclerView.java:3518)
11-23 18:01:06.993  2306  2306 E Feed    : 	at android.view.View.layout(View.java:17520)
11-23 18:01:06.993  2306  2306 E Feed    : 	at android.view.ViewGroup.layout(ViewGroup.java:5612)
11-23 18:01:06.993  2306  2306 E Feed    : 	at android.widget.FrameLayout.layoutChildren(FrameLayout.java:323)
11-23 18:01:06.993  2306  2306 E Feed    : 	at android.widget.FrameLayout.onLayout(FrameLayout.java:261)
11-23 18:01:06.993  2306  2306 E Feed    : 	at android.view.View.layout(View.java:17520)
11-23 18:01:06.993  2306  2306 E Feed    : 	at android.view.ViewGroup.layout(ViewGroup.java:5612)
11-23 18:01:06.993  2306  2306 E Feed    : 	at android.widget.RelativeLayout.onLayout(RelativeLayout.java:1079)
11-23 18:01:06.993  2306  2306 E Feed    : 	at android.view.View.layout(View.java:17520)
11-23 18:01:06.993  2306  2306 E Feed    : 	at android.view.ViewGroup.layout(ViewGroup.java:5612)
11-23 18:01:06.993  2306  2306 E Feed    : 	at android.widget.FrameLayout.layoutChildren(FrameLayout.java:323)
11-23 18:01:06.993  2306  2306 E Feed    : 	at android.widget.FrameLayout.onLayout(FrameLayout.java:261)
11-23 18:01:06.993  2306  2306 E Feed    : 	at android.view.View.layout(View.java:17520)
11-23 18:01:06.993  2306  2306 E Feed    : 	at android.view.ViewGroup.layout(ViewGroup.java:5612)
11-23 18:01:06.993  2306  2306 E Feed    : 	at android.support.v7.widget.ActionBarOverlayLayout.onLayout(ActionBarOverlayLayout.java:435)
11-23 18:01:06.993  2306  2306 E Feed    : 	at android.view.View.layout(View.java:17520)
11-23 18:01:06.993  2306  2306 E Feed    : 	at android.view.ViewGroup.layout(ViewGroup.java:5612)
11-23 18:01:06.993  2306  2306 E Feed    : 	at android.widget.FrameLayout.layoutChildren(FrameLayout.java:323)
11-23 18:01:06.993  2306  2306 E Feed    : 	at android.widget.FrameLayout.onLayout(FrameLayout.java:261)
11-23 18:01:06.993  2306  2306 E Feed    : 	at android.view.View.layout(View.java:17520)
11-23 18:01:06.993  2306  2306 E Feed    : 	at android.view.ViewGroup.layout(ViewGroup.java:5612)
11-23 18:01:06.993  2306  2306 E Feed    : 	at android.widget.LinearLayout.setChildFrame(LinearLayout.java:1741)
11-23 18:01:06.993  2306  2306 E Feed    : 	at android.widget.LinearLayout.layoutVertical(LinearLayout.java:1585)
11-23 18:01:06.993  2306  2306 E Feed    : 	at android.widget.LinearLayout.onLayout(LinearLayout.java:1494)
11-23 18:01:06.993  2306  2306 E Feed    : 	at android.view.View.layout(View.java:17520)
11-23 18:01:06.993  2306  2306 E Feed    : 	at android.view.ViewGroup.layout(ViewGroup.java:5612)
11-23 18:01:06.993  2306  2306 E Feed    : 	at android.widget.FrameLayout.layoutChildren(FrameLayout.java:323)
11-23 18:01:06.994  2306  2306 E Feed    : 	at android.widget.FrameLayout.onLayout(FrameLayout.java:261)
11-23 18:01:06.994  2306  2306 E Feed    : 	at com.android.internal.policy.DecorView.onLayout(DecorView.java:724)
11-23 18:01:06.994  2306  2306 E Feed    : 	at android.view.View.layout(View.java:17520)
11-23 18:01:06.994  2306  2306 E Feed    : 	at android.view.ViewGroup.layout(ViewGroup.java:5612)
11-23 18:01:06.994  2306  2306 E Feed    : 	at android.view.ViewRootImpl.performLayout(ViewRootImpl.java:2342)
11-23 18:01:06.994  2306  2306 E Feed    : 	at android.view.ViewRootImpl.performTraversals(ViewRootImpl.java:2069)
11-23 18:01:06.994  2306  2306 E Feed    : 	at android.view.ViewRootImpl.doTraversal(ViewRootImpl.java:1246)
11-23 18:01:06.994  2306  2306 E Feed    : 	at android.view.ViewRootImpl$TraversalRunnable.run(ViewRootImpl.java:6301)
11-23 18:01:06.994  2306  2306 E Feed    : 	at android.view.Choreographer$CallbackRecord.run(Choreographer.java:871)
11-23 18:01:06.994  2306  2306 E Feed    : 	at android.view.Choreographer.doCallbacks(Choreographer.java:683)
11-23 18:01:06.994  2306  2306 E Feed    : 	at android.view.Choreographer.doFrame(Choreographer.java:619)
11-23 18:01:06.994  2306  2306 E Feed    : 	at android.view.Choreographer$FrameDisplayEventReceiver.run(Choreographer.java:857)
11-23 18:01:06.994  2306  2306 E Feed    : 	at android.os.Handler.handleCallback(Handler.java:751)
11-23 18:01:06.994  2306  2306 E Feed    : 	at android.os.Handler.dispatchMessage(Handler.java:95)
11-23 18:01:06.994  2306  2306 E Feed    : 	at android.os.Looper.loop(Looper.java:154)
11-23 18:01:06.994  2306  2306 E Feed    : 	at android.app.ActivityThread.main(ActivityThread.java:6077)
11-23 18:01:06.994  2306  2306 E Feed    : 	at java.lang.reflect.Method.invoke(Native Method)
11-23 18:01:06.994  2306  2306 E Feed    : 	at com.android.internal.os.ZygoteInit$MethodAndArgsCaller.run(ZygoteInit.java:865)
11-23 18:01:06.994  2306  2306 E Feed    : 	at com.android.internal.os.ZygoteInit.main(ZygoteInit.java:755)
11-23 18:01:07.145  1238  1259 I ActivityManager: Displayed br.com.catbag.gifreduxsample/.ui.GifListActivity: +971ms
11-23 18:01:07.300  2306  2306 D LifecycleMonitor: Lifecycle status change: br.com.catbag.gifreduxsample.ui.GifListActivity@bc8ef51 in: PAUSED
11-23 18:01:07.341   977   977 D gralloc : Registering a buffer in the process that created it. This may cause memory ordering problems.
11-23 18:01:07.342   977   977 E libEGL  : called unimplemented OpenGL ES API
11-23 18:01:07.342   977   977 E SurfaceFlinger: glCheckFramebufferStatusOES error -1462821228
11-23 18:01:07.342   977   977 E SurfaceFlinger: got GL_FRAMEBUFFER_COMPLETE_OES error while taking screenshot
11-23 18:01:07.350  1238  1268 W WindowManager: Screenshot failure taking screenshot for (480x800) to layer 21020
11-23 18:01:07.421  2306  2321 I TestRunner: finished: whenGifIsWatchedTest(br.com.catbag.gifreduxsample.ui.giflist.GifListActivityTest)
11-23 18:01:07.450  2306  2306 I Choreographer: Skipped 38 frames!  The application may be doing too much work on its main thread.
11-23 18:01:07.460  2306  2306 I MonitoringInstrumentation: Activities that are still in CREATED to STOPPED: 2
11-23 18:01:07.464  2306  2321 I TestRunner: started: whenScrollUpAndPlayFirstItemTest(br.com.catbag.gifreduxsample.ui.giflist.GifListActivityTest)
11-23 18:01:07.487  1238  1259 I Choreographer: Skipped 61 frames!  The application may be doing too much work on its main thread.
11-23 18:01:07.516  2306  2306 I MonitoringInstrumentation: Activities that are still in CREATED to STOPPED: 2
11-23 18:01:07.517  2306  2306 D LifecycleMonitor: Lifecycle status change: br.com.catbag.gifreduxsample.ui.GifListActivity@bc8ef51 in: STOPPED
11-23 18:01:07.518  2306  2306 D LifecycleMonitor: Lifecycle status change: br.com.catbag.gifreduxsample.ui.GifListActivity@bc8ef51 in: DESTROYED
11-23 18:01:07.622  2306  2322 I DroidFlux:Dispatcher: [STARTED] dispatch of action [FAKE_REDUCE_ACTION]
11-23 18:01:07.623  2306  2322 I DroidFlux:Dispatcher: [COMPLETED] dispatch of action [FAKE_REDUCE_ACTION]
11-23 18:01:07.630  2306  2369 D ActivityTestRule: Launching activity br.com.catbag.gifreduxsample.ui.GifListActivity
11-23 18:01:07.635  2306  2370 D MonitoringInstrumentation: execStartActivity(context, ibinder, ibinder, activity, intent, int, bundle
11-23 18:01:07.648  1238  1655 I ActivityManager: START u0 {flg=0x10000000 cmp=br.com.catbag.gifreduxsample/.ui.GifListActivity} from uid 10060 on display 0
11-23 18:01:07.674  2306  2306 D LifecycleMonitor: Lifecycle status change: br.com.catbag.gifreduxsample.ui.GifListActivity@bf74d35 in: STOPPED
11-23 18:01:07.674  2306  2306 D LifecycleMonitor: Lifecycle status change: br.com.catbag.gifreduxsample.ui.GifListActivity@bf74d35 in: DESTROYED
11-23 18:01:07.758  1238  1249 I WindowManager: Destroying surface Surface(name=br.com.catbag.gifreduxsample/br.com.catbag.gifreduxsample.ui.GifListActivity) called by com.android.server.wm.WindowStateAnimator.destroySurface:2014 com.android.server.wm.WindowStateAnimator.destroySurfaceLocked:881 com.android.server.wm.WindowState.removeLocked:1449 com.android.server.wm.WindowManagerService.removeWindowInnerLocked:2478 com.android.server.wm.WindowManagerService.removeWindowLocked:2436 com.android.server.wm.WindowManagerService.removeWindowLocked:2305 com.android.server.wm.WindowManagerService.removeWindow:2300 com.android.server.wm.Session.remove:193 
11-23 18:01:07.802  2306  2306 I Choreographer: Skipped 74 frames!  The application may be doing too much work on its main thread.
11-23 18:01:07.823  1238  1791 W art     : Long monitor contention with owner Binder:1238_7 (1655) at int com.android.server.am.ActivityStarter.startActivityMayWait(android.app.IApplicationThread, int, java.lang.String, android.content.Intent, java.lang.String, android.service.voice.IVoiceInteractionSession, com.android.internal.app.IVoiceInteractor, android.os.IBinder, java.lang.String, int, int, android.app.ProfilerInfo, android.app.IActivityManager$WaitResult, android.content.res.Configuration, android.os.Bundle, boolean, int, android.app.IActivityContainer, com.android.server.am.TaskRecord)(ActivityStarter.java:725) waiters=1 in void com.android.server.am.ActivityManagerService.activityDestroyed(android.os.IBinder) for 145ms
11-23 18:01:07.946  2306  2306 D LifecycleMonitor: Lifecycle status change: br.com.catbag.gifreduxsample.ui.GifListActivity@2d43884 in: PRE_ON_CREATE
11-23 18:01:07.964  1238  1259 I Choreographer: Skipped 116 frames!  The application may be doing too much work on its main thread.
11-23 18:01:07.965  1238  1259 I WindowManager: Destroying surface Surface(name=Starting br.com.catbag.gifreduxsample) called by com.android.server.wm.WindowStateAnimator.destroySurface:2014 com.android.server.wm.WindowStateAnimator.destroySurfaceLocked:881 com.android.server.wm.WindowState.removeLocked:1449 com.android.server.wm.WindowManagerService.removeWindowInnerLocked:2478 com.android.server.wm.AppWindowToken.destroySurfaces:365 com.android.server.wm.WindowStateAnimator.finishExit:565 com.android.server.wm.WindowStateAnimator.stepAnimationLocked:491 com.android.server.wm.WindowAnimator.updateWindowsLocked:303 
11-23 18:01:07.985  1238  1259 I WindowManager: Destroying surface Surface(name=br.com.catbag.gifreduxsample/br.com.catbag.gifreduxsample.ui.GifListActivity) called by com.android.server.wm.WindowStateAnimator.destroySurface:2014 com.android.server.wm.WindowStateAnimator.destroySurfaceLocked:881 com.android.server.wm.WindowState.destroyOrSaveSurface:2073 com.android.server.wm.AppWindowToken.destroySurfaces:363 com.android.server.wm.WindowStateAnimator.finishExit:565 com.android.server.wm.WindowStateAnimator.stepAnimationLocked:491 com.android.server.wm.WindowAnimator.updateWindowsLocked:303 com.android.server.wm.WindowAnimator.animateLocked:704 
11-23 18:01:08.060  2306  2306 D LifecycleMonitor: Lifecycle status change: br.com.catbag.gifreduxsample.ui.GifListActivity@2d43884 in: CREATED
11-23 18:01:08.062  2306  2306 D LifecycleMonitor: Lifecycle status change: br.com.catbag.gifreduxsample.ui.GifListActivity@2d43884 in: STARTED
11-23 18:01:08.065  2306  2322 I DroidFlux:Dispatcher: [STARTED] dispatch of action [APP_STATE_LOAD]
11-23 18:01:08.066  2306  2322 D DroidFlux:Dispatcher: An action of type [APP_STATE_LOAD] was dispatched, but no reducer handled it
11-23 18:01:08.066  2306  2322 I DroidFlux:Dispatcher: [COMPLETED] dispatch of action [APP_STATE_LOAD]
11-23 18:01:08.067  2306  2306 D LifecycleMonitor: Lifecycle status change: br.com.catbag.gifreduxsample.ui.GifListActivity@2d43884 in: RESUMED
11-23 18:01:08.243  1238  1259 I Choreographer: Skipped 66 frames!  The application may be doing too much work on its main thread.
11-23 18:01:08.334  1722  1722 I Choreographer: Skipped 39 frames!  The application may be doing too much work on its main thread.
11-23 18:01:08.369  1238  1259 I Choreographer: Skipped 30 frames!  The application may be doing too much work on its main thread.
11-23 18:01:08.524  1238  1259 I Choreographer: Skipped 35 frames!  The application may be doing too much work on its main thread.
11-23 18:01:08.617  1722  1722 I Choreographer: Skipped 57 frames!  The application may be doing too much work on its main thread.
11-23 18:01:09.021  1238  1466 I WindowManager: Destroying surface Surface(name=com.android.launcher3/com.android.launcher3.Launcher) called by com.android.server.wm.WindowStateAnimator.destroySurface:2014 com.android.server.wm.WindowStateAnimator.destroySurfaceLocked:881 com.android.server.wm.WindowState.destroyOrSaveSurface:2073 com.android.server.wm.WindowManagerService.tryStartExitingAnimation:3017 com.android.server.wm.WindowManagerService.relayoutWindow:2897 com.android.server.wm.Session.relayout:215 android.view.IWindowSession$Stub.onTransact:286 com.android.server.wm.Session.onTransact:136 
11-23 18:01:09.109  1238  1259 I Choreographer: Skipped 44 frames!  The application may be doing too much work on its main thread.
11-23 18:01:09.156  2306  2317 W art     : Suspending all threads took: 78.613ms
11-23 18:01:09.177  2306  2306 I Choreographer: Skipped 192 frames!  The application may be doing too much work on its main thread.
11-23 18:01:09.261  1238  1259 I ActivityManager: Displayed br.com.catbag.gifreduxsample/.ui.GifListActivity: +1s427ms
11-23 18:01:09.283  2306  2317 I art     : Background sticky concurrent mark sweep GC freed 8082(483KB) AllocSpace objects, 1(16KB) LOS objects, 5% free, 11MB/12MB, paused 97.624ms total 960.289ms
11-23 18:01:09.331  2306  2306 W ResourceType: No package identifier when getting name for resource number 0x000000e9
11-23 18:01:09.331  2306  2306 I ViewInteraction: Performing 'scroll RecyclerView to position: 4' action on view with id: 233 (resource name not found)
11-23 18:01:09.536  1238  1259 I WindowManager: Destroying surface Surface(name=Starting br.com.catbag.gifreduxsample) called by com.android.server.wm.WindowStateAnimator.destroySurface:2014 com.android.server.wm.WindowStateAnimator.destroySurfaceLocked:881 com.android.server.wm.WindowState.destroyOrSaveSurface:2073 com.android.server.wm.AppWindowToken.destroySurfaces:363 com.android.server.wm.WindowStateAnimator.finishExit:565 com.android.server.wm.WindowStateAnimator.stepAnimationLocked:491 com.android.server.wm.WindowAnimator.updateWindowsLocked:303 com.android.server.wm.WindowAnimator.animateLocked:704 
11-23 18:01:09.772  2306  2306 W ResourceType: No package identifier when getting name for resource number 0x000000e9
11-23 18:01:09.891  2306  2306 W ResourceType: No package identifier when getting name for resource number 0x000000ea
11-23 18:01:09.891  2306  2306 I ViewInteraction: Performing 'actionOnItemAtPosition performing ViewAction: single click on item at position: 0' action on view with id: 234 (resource name not found)
11-23 18:01:10.033  2306  2322 I DroidFlux:Dispatcher: [STARTED] dispatch of action [GIF_PLAY]
11-23 18:01:10.035  2306  2322 I DroidFlux:Dispatcher: [COMPLETED] dispatch of action [GIF_PLAY]
11-23 18:01:10.090   987  1031 D AudioFlinger: mixer(0xb0e83a40) throttle end: throttle time(11)
11-23 18:01:10.110   987  1031 D AudioFlinger: mixer(0xb0e83a40) throttle end: throttle time(11)
11-23 18:01:10.133  2306  2317 W art     : Suspending all threads took: 6.936ms
11-23 18:01:10.229  1238  1324 E TaskPersister: File error accessing recents directory (directory doesn't exist?).
11-23 18:01:10.276  2306  2317 I art     : Background partial concurrent mark sweep GC freed 10595(722KB) AllocSpace objects, 10(2MB) LOS objects, 28% free, 9MB/13MB, paused 23.841ms total 507.305ms
11-23 18:01:10.948  2306  2321 I TestRunner: finished: whenScrollUpAndPlayFirstItemTest(br.com.catbag.gifreduxsample.ui.giflist.GifListActivityTest)
11-23 18:01:11.044  2306  2306 D LifecycleMonitor: Lifecycle status change: br.com.catbag.gifreduxsample.ui.GifListActivity@2d43884 in: PAUSED
11-23 18:01:11.093   977   977 D gralloc : Registering a buffer in the process that created it. This may cause memory ordering problems.
11-23 18:01:11.093   977   977 E libEGL  : called unimplemented OpenGL ES API
11-23 18:01:11.094   977   977 E SurfaceFlinger: glCheckFramebufferStatusOES error -1462821228
11-23 18:01:11.094   977   977 E SurfaceFlinger: got GL_FRAMEBUFFER_COMPLETE_OES error while taking screenshot
11-23 18:01:11.096  1238  1249 W WindowManager: Screenshot failure taking screenshot for (480x800) to layer 21005
11-23 18:01:11.155  2306  2306 I MonitoringInstrumentation: Activities that are still in CREATED to STOPPED: 1
11-23 18:01:11.161  2306  2321 I TestRunner: started: whenGifIsDownloadedTest(br.com.catbag.gifreduxsample.ui.giflist.GifListActivityTest)
11-23 18:01:11.167  2306  2306 I Choreographer: Skipped 33 frames!  The application may be doing too much work on its main thread.
11-23 18:01:11.193  1722  1722 I Choreographer: Skipped 32 frames!  The application may be doing too much work on its main thread.
11-23 18:01:11.368  2306  2306 I MonitoringInstrumentation: Activities that are still in CREATED to STOPPED: 1
11-23 18:01:11.658  2306  2322 I DroidFlux:Dispatcher: [STARTED] dispatch of action [FAKE_REDUCE_ACTION]
11-23 18:01:11.681  1238  1259 I Choreographer: Skipped 33 frames!  The application may be doing too much work on its main thread.
11-23 18:01:11.725  2306  2322 I DroidFlux:Dispatcher: [COMPLETED] dispatch of action [FAKE_REDUCE_ACTION]
11-23 18:01:11.751  2306  2371 D ActivityTestRule: Launching activity br.com.catbag.gifreduxsample.ui.GifListActivity
11-23 18:01:11.817  2306  2372 D MonitoringInstrumentation: execStartActivity(context, ibinder, ibinder, activity, intent, int, bundle
11-23 18:01:11.818  1238  1466 I ActivityManager: START u0 {flg=0x10000000 cmp=br.com.catbag.gifreduxsample/.ui.GifListActivity} from uid 10060 on display 0
11-23 18:01:11.954  1722  1722 I Choreographer: Skipped 80 frames!  The application may be doing too much work on its main thread.
11-23 18:01:12.008  1238  1259 I Choreographer: Skipped 73 frames!  The application may be doing too much work on its main thread.
11-23 18:01:12.276  1722  1722 I Choreographer: Skipped 63 frames!  The application may be doing too much work on its main thread.
11-23 18:01:12.303  2306  2306 D LifecycleMonitor: Lifecycle status change: br.com.catbag.gifreduxsample.ui.GifListActivity@c01595b in: PRE_ON_CREATE
11-23 18:01:12.317  2306  2306 D LifecycleMonitor: Lifecycle status change: br.com.catbag.gifreduxsample.ui.GifListActivity@c01595b in: CREATED
11-23 18:01:12.318  2306  2322 I DroidFlux:Dispatcher: [STARTED] dispatch of action [APP_STATE_LOAD]
11-23 18:01:12.318  2306  2322 D DroidFlux:Dispatcher: An action of type [APP_STATE_LOAD] was dispatched, but no reducer handled it
11-23 18:01:12.319  2306  2306 D LifecycleMonitor: Lifecycle status change: br.com.catbag.gifreduxsample.ui.GifListActivity@c01595b in: STARTED
11-23 18:01:12.321  2306  2306 D LifecycleMonitor: Lifecycle status change: br.com.catbag.gifreduxsample.ui.GifListActivity@c01595b in: RESUMED
11-23 18:01:12.334  2306  2322 I DroidFlux:Dispatcher: [COMPLETED] dispatch of action [APP_STATE_LOAD]
11-23 18:01:12.477  1238  1259 I Choreographer: Skipped 105 frames!  The application may be doing too much work on its main thread.
11-23 18:01:12.642  2306  2306 I Choreographer: Skipped 44 frames!  The application may be doing too much work on its main thread.
11-23 18:01:12.705  1238  1259 I Choreographer: Skipped 60 frames!  The application may be doing too much work on its main thread.
11-23 18:01:12.745  1238  1248 I art     : Background sticky concurrent mark sweep GC freed 30882(2MB) AllocSpace objects, 11(220KB) LOS objects, 27% free, 7MB/10MB, paused 11.260ms total 1.859s
11-23 18:01:12.882  1238  1259 I Choreographer: Skipped 45 frames!  The application may be doing too much work on its main thread.
11-23 18:01:12.944  1238  1466 W InputMethodManagerService: Starting input on non-focused client com.android.internal.view.IInputMethodClient$Stub$Proxy@2827f67 (uid=10012 pid=1722)
11-23 18:01:13.001  1238  1259 I Choreographer: Skipped 31 frames!  The application may be doing too much work on its main thread.
11-23 18:01:13.003  1238  1259 I WindowManager: Destroying surface Surface(name=com.android.launcher3/com.android.launcher3.Launcher) called by com.android.server.wm.WindowStateAnimator.destroySurface:2014 com.android.server.wm.WindowStateAnimator.destroySurfaceLocked:881 com.android.server.wm.WindowState.destroyOrSaveSurface:2073 com.android.server.wm.AppWindowToken.destroySurfaces:363 com.android.server.wm.WindowStateAnimator.finishExit:565 com.android.server.wm.WindowStateAnimator.stepAnimationLocked:491 com.android.server.wm.WindowAnimator.updateWindowsLocked:303 com.android.server.wm.WindowAnimator.animateLocked:704 
11-23 18:01:13.064  1238  1259 I ActivityManager: Displayed br.com.catbag.gifreduxsample/.ui.GifListActivity: +828ms
11-23 18:01:13.082  2306  2306 D LifecycleMonitor: Lifecycle status change: br.com.catbag.gifreduxsample.ui.GifListActivity@2d43884 in: STOPPED
11-23 18:01:13.083  2306  2306 D LifecycleMonitor: Lifecycle status change: br.com.catbag.gifreduxsample.ui.GifListActivity@2d43884 in: DESTROYED
11-23 18:01:13.172  1722  1722 I Choreographer: Skipped 48 frames!  The application may be doing too much work on its main thread.
11-23 18:01:13.181  1238  1268 I WindowManager: Destroying surface Surface(name=br.com.catbag.gifreduxsample/br.com.catbag.gifreduxsample.ui.GifListActivity) called by com.android.server.wm.WindowStateAnimator.destroySurface:2014 com.android.server.wm.WindowStateAnimator.destroySurfaceLocked:881 com.android.server.wm.WindowState.removeLocked:1449 com.android.server.wm.WindowManagerService.removeWindowInnerLocked:2478 com.android.server.wm.WindowManagerService.removeWindowLocked:2436 com.android.server.wm.WindowManagerService.removeWindowLocked:2305 com.android.server.wm.WindowManagerService.removeWindow:2300 com.android.server.wm.Session.remove:193 
11-23 18:01:13.186  1238  1655 W InputMethodManagerService: Starting input on non-focused client com.android.internal.view.IInputMethodClient$Stub$Proxy@2827f67 (uid=10012 pid=1722)
11-23 18:01:13.208  2306  2306 I Choreographer: Skipped 36 frames!  The application may be doing too much work on its main thread.
11-23 18:01:13.293  1238  1259 I WindowManager: Destroying surface Surface(name=Starting br.com.catbag.gifreduxsample) called by com.android.server.wm.WindowStateAnimator.destroySurface:2014 com.android.server.wm.WindowStateAnimator.destroySurfaceLocked:881 com.android.server.wm.WindowState.destroyOrSaveSurface:2073 com.android.server.wm.AppWindowToken.destroySurfaces:363 com.android.server.wm.WindowStateAnimator.finishExit:565 com.android.server.wm.WindowStateAnimator.stepAnimationLocked:491 com.android.server.wm.WindowAnimator.updateWindowsLocked:303 com.android.server.wm.WindowAnimator.animateLocked:704 
11-23 18:01:13.553  2306  2306 D LifecycleMonitor: Lifecycle status change: br.com.catbag.gifreduxsample.ui.GifListActivity@c01595b in: PAUSED
11-23 18:01:13.618  2306  2321 I TestRunner: finished: whenGifIsDownloadedTest(br.com.catbag.gifreduxsample.ui.giflist.GifListActivityTest)
11-23 18:01:13.684   977   977 D gralloc : Registering a buffer in the process that created it. This may cause memory ordering problems.
11-23 18:01:13.684   977   977 E libEGL  : called unimplemented OpenGL ES API
11-23 18:01:13.685   977   977 E SurfaceFlinger: glCheckFramebufferStatusOES error -1462821228
11-23 18:01:13.685   977   977 E SurfaceFlinger: got GL_FRAMEBUFFER_COMPLETE_OES error while taking screenshot
11-23 18:01:13.698  1238  1655 W WindowManager: Screenshot failure taking screenshot for (480x800) to layer 22005
11-23 18:01:13.711  2306  2306 I MonitoringInstrumentation: Activities that are still in CREATED to STOPPED: 1
11-23 18:01:13.714  2306  2321 I TestRunner: started: whenPlayGifTest(br.com.catbag.gifreduxsample.ui.giflist.GifListActivityTest)
11-23 18:01:13.721  2306  2306 I MonitoringInstrumentation: Activities that are still in CREATED to STOPPED: 1
11-23 18:01:13.994  2306  2322 I DroidFlux:Dispatcher: [STARTED] dispatch of action [FAKE_REDUCE_ACTION]
11-23 18:01:14.097  2306  2306 I Choreographer: Skipped 31 frames!  The application may be doing too much work on its main thread.
11-23 18:01:14.121  2306  2322 I DroidFlux:Dispatcher: [COMPLETED] dispatch of action [FAKE_REDUCE_ACTION]
11-23 18:01:14.141  2306  2374 D ActivityTestRule: Launching activity br.com.catbag.gifreduxsample.ui.GifListActivity
11-23 18:01:14.151  2306  2375 D MonitoringInstrumentation: execStartActivity(context, ibinder, ibinder, activity, intent, int, bundle
11-23 18:01:14.153  1238  1655 I ActivityManager: START u0 {flg=0x10000000 cmp=br.com.catbag.gifreduxsample/.ui.GifListActivity} from uid 10060 on display 0
11-23 18:01:14.422  1722  1722 I Choreographer: Skipped 54 frames!  The application may be doing too much work on its main thread.
11-23 18:01:14.501  1238  1259 I Choreographer: Skipped 47 frames!  The application may be doing too much work on its main thread.
11-23 18:01:14.551  2306  2306 D LifecycleMonitor: Lifecycle status change: br.com.catbag.gifreduxsample.ui.GifListActivity@f327a96 in: PRE_ON_CREATE
11-23 18:01:14.646  1722  1722 I Choreographer: Skipped 37 frames!  The application may be doing too much work on its main thread.
11-23 18:01:14.660  2306  2306 D LifecycleMonitor: Lifecycle status change: br.com.catbag.gifreduxsample.ui.GifListActivity@f327a96 in: CREATED
11-23 18:01:14.661  2306  2306 D LifecycleMonitor: Lifecycle status change: br.com.catbag.gifreduxsample.ui.GifListActivity@f327a96 in: STARTED
11-23 18:01:14.665  2306  2322 I DroidFlux:Dispatcher: [STARTED] dispatch of action [APP_STATE_LOAD]
11-23 18:01:14.666  2306  2322 D DroidFlux:Dispatcher: An action of type [APP_STATE_LOAD] was dispatched, but no reducer handled it
11-23 18:01:14.667  2306  2322 I DroidFlux:Dispatcher: [COMPLETED] dispatch of action [APP_STATE_LOAD]
11-23 18:01:14.668  2306  2306 D LifecycleMonitor: Lifecycle status change: br.com.catbag.gifreduxsample.ui.GifListActivity@f327a96 in: RESUMED
11-23 18:01:14.742  1238  1259 I Choreographer: Skipped 30 frames!  The application may be doing too much work on its main thread.
11-23 18:01:15.048  1722  1722 I Choreographer: Skipped 84 frames!  The application may be doing too much work on its main thread.
11-23 18:01:15.141  1238  1791 I WindowManager: Destroying surface Surface(name=com.android.launcher3/com.android.launcher3.Launcher) called by com.android.server.wm.WindowStateAnimator.destroySurface:2014 com.android.server.wm.WindowStateAnimator.destroySurfaceLocked:881 com.android.server.wm.WindowState.destroyOrSaveSurface:2073 com.android.server.wm.WindowManagerService.tryStartExitingAnimation:3017 com.android.server.wm.WindowManagerService.relayoutWindow:2897 com.android.server.wm.Session.relayout:215 android.view.IWindowSession$Stub.onTransact:286 com.android.server.wm.Session.onTransact:136 
11-23 18:01:15.206  2306  2306 I Choreographer: Skipped 39 frames!  The application may be doing too much work on its main thread.
11-23 18:01:15.226  2306  2306 D LifecycleMonitor: Lifecycle status change: br.com.catbag.gifreduxsample.ui.GifListActivity@c01595b in: STOPPED
11-23 18:01:15.257  2306  2306 D LifecycleMonitor: Lifecycle status change: br.com.catbag.gifreduxsample.ui.GifListActivity@c01595b in: DESTROYED
11-23 18:01:15.271  1238  1791 I WindowManager: Destroying surface Surface(name=br.com.catbag.gifreduxsample/br.com.catbag.gifreduxsample.ui.GifListActivity) called by com.android.server.wm.WindowStateAnimator.destroySurface:2014 com.android.server.wm.WindowStateAnimator.destroySurfaceLocked:881 com.android.server.wm.WindowState.removeLocked:1449 com.android.server.wm.WindowManagerService.removeWindowInnerLocked:2478 com.android.server.wm.WindowManagerService.removeWindowLocked:2436 com.android.server.wm.WindowManagerService.removeWindowLocked:2305 com.android.server.wm.WindowManagerService.removeWindow:2300 com.android.server.wm.Session.remove:193 
11-23 18:01:15.305  1238  1259 I ActivityManager: Displayed br.com.catbag.gifreduxsample/.ui.GifListActivity: +972ms
11-23 18:01:15.428  2306  2306 I ViewInteraction: Performing 'single click' action on view with id: br.com.catbag.gifreduxsample:id/gif_image
11-23 18:01:15.531  2306  2322 I DroidFlux:Dispatcher: [STARTED] dispatch of action [GIF_PLAY]
11-23 18:01:15.533  2306  2322 I DroidFlux:Dispatcher: [COMPLETED] dispatch of action [GIF_PLAY]
11-23 18:01:15.571   987  1031 D AudioFlinger: mixer(0xb0e83a40) throttle end: throttle time(10)
11-23 18:01:15.584  1238  1259 I WindowManager: Destroying surface Surface(name=Starting br.com.catbag.gifreduxsample) called by com.android.server.wm.WindowStateAnimator.destroySurface:2014 com.android.server.wm.WindowStateAnimator.destroySurfaceLocked:881 com.android.server.wm.WindowState.destroyOrSaveSurface:2073 com.android.server.wm.AppWindowToken.destroySurfaces:363 com.android.server.wm.WindowStateAnimator.finishExit:565 com.android.server.wm.WindowStateAnimator.stepAnimationLocked:491 com.android.server.wm.WindowAnimator.updateWindowsLocked:303 com.android.server.wm.WindowAnimator.animateLocked:704 
11-23 18:01:15.590   987  1031 D AudioFlinger: mixer(0xb0e83a40) throttle end: throttle time(11)
11-23 18:01:15.842  1722  1748 W art     : Long monitor contention with owner main (1722) at android.os.Message android.os.MessageQueue.next()(MessageQueue.java:325) waiters=0 in boolean android.os.MessageQueue.enqueueMessage(android.os.Message, long) for 667ms
11-23 18:01:15.844  1722  1722 I Choreographer: Skipped 171 frames!  The application may be doing too much work on its main thread.
11-23 18:01:16.468  2306  2306 D LifecycleMonitor: Lifecycle status change: br.com.catbag.gifreduxsample.ui.GifListActivity@f327a96 in: PAUSED
11-23 18:01:16.481  2306  2321 I TestRunner: finished: whenPlayGifTest(br.com.catbag.gifreduxsample.ui.giflist.GifListActivityTest)
11-23 18:01:16.593   977   977 D gralloc : Registering a buffer in the process that created it. This may cause memory ordering problems.
11-23 18:01:16.593   977   977 E libEGL  : called unimplemented OpenGL ES API
11-23 18:01:16.593   977   977 E SurfaceFlinger: glCheckFramebufferStatusOES error -1462821228
11-23 18:01:16.593   977   977 E SurfaceFlinger: got GL_FRAMEBUFFER_COMPLETE_OES error while taking screenshot
11-23 18:01:16.596  1238  1466 W WindowManager: Screenshot failure taking screenshot for (480x800) to layer 21005
11-23 18:01:16.621  1238  1324 E TaskPersister: File error accessing recents directory (directory doesn't exist?).
11-23 18:01:16.628  2306  2306 I MonitoringInstrumentation: Activities that are still in CREATED to STOPPED: 1
11-23 18:01:16.628  2306  2321 I TestRunner: started: whenGifDownloadFailTest(br.com.catbag.gifreduxsample.ui.giflist.GifListActivityTest)
11-23 18:01:16.826  2306  2306 I MonitoringInstrumentation: Activities that are still in CREATED to STOPPED: 1
11-23 18:01:16.886  1238  1259 I Choreographer: Skipped 32 frames!  The application may be doing too much work on its main thread.
11-23 18:01:16.897  2306  2322 I DroidFlux:Dispatcher: [STARTED] dispatch of action [FAKE_REDUCE_ACTION]
11-23 18:01:16.901  2306  2322 I DroidFlux:Dispatcher: [COMPLETED] dispatch of action [FAKE_REDUCE_ACTION]
11-23 18:01:16.974  2306  2376 D ActivityTestRule: Launching activity br.com.catbag.gifreduxsample.ui.GifListActivity
11-23 18:01:16.982  2306  2377 D MonitoringInstrumentation: execStartActivity(context, ibinder, ibinder, activity, intent, int, bundle
11-23 18:01:16.984  1238  1431 I ActivityManager: START u0 {flg=0x10000000 cmp=br.com.catbag.gifreduxsample/.ui.GifListActivity} from uid 10060 on display 0
11-23 18:01:17.084  2306  2306 D LifecycleMonitor: Lifecycle status change: br.com.catbag.gifreduxsample.ui.GifListActivity@f7993ce in: PRE_ON_CREATE
11-23 18:01:17.271  1722  1722 I Choreographer: Skipped 38 frames!  The application may be doing too much work on its main thread.
11-23 18:01:17.366  2306  2306 D LifecycleMonitor: Lifecycle status change: br.com.catbag.gifreduxsample.ui.GifListActivity@f7993ce in: CREATED
11-23 18:01:17.397  2306  2322 I DroidFlux:Dispatcher: [STARTED] dispatch of action [APP_STATE_LOAD]
11-23 18:01:17.397  2306  2322 D DroidFlux:Dispatcher: An action of type [APP_STATE_LOAD] was dispatched, but no reducer handled it
11-23 18:01:17.397  2306  2322 I DroidFlux:Dispatcher: [COMPLETED] dispatch of action [APP_STATE_LOAD]
11-23 18:01:17.398  2306  2306 D LifecycleMonitor: Lifecycle status change: br.com.catbag.gifreduxsample.ui.GifListActivity@f7993ce in: STARTED
11-23 18:01:17.427  2306  2306 D LifecycleMonitor: Lifecycle status change: br.com.catbag.gifreduxsample.ui.GifListActivity@f7993ce in: RESUMED
11-23 18:01:18.008  2306  2321 I TestRunner: finished: whenGifDownloadFailTest(br.com.catbag.gifreduxsample.ui.giflist.GifListActivityTest)
11-23 18:01:18.068  2306  2306 D LifecycleMonitor: Lifecycle status change: br.com.catbag.gifreduxsample.ui.GifListActivity@f7993ce in: PAUSED
11-23 18:01:18.148   977   977 D gralloc : Registering a buffer in the process that created it. This may cause memory ordering problems.
11-23 18:01:18.164   977   977 E libEGL  : called unimplemented OpenGL ES API
11-23 18:01:18.165   977   977 E SurfaceFlinger: glCheckFramebufferStatusOES error -1462821228
11-23 18:01:18.165   977   977 E SurfaceFlinger: got GL_FRAMEBUFFER_COMPLETE_OES error while taking screenshot
11-23 18:01:18.170  1238  1249 W WindowManager: Screenshot failure taking screenshot for (480x800) to layer 22015
11-23 18:01:18.217  1238  1259 I Choreographer: Skipped 47 frames!  The application may be doing too much work on its main thread.
11-23 18:01:18.376  2306  2306 I MonitoringInstrumentation: Activities that are still in CREATED to STOPPED: 2
11-23 18:01:18.377  2306  2306 I Choreographer: Skipped 89 frames!  The application may be doing too much work on its main thread.
11-23 18:01:18.425  2306  2321 I TestRunner: started: whenPauseGifTest(br.com.catbag.gifreduxsample.ui.giflist.GifListActivityTest)
11-23 18:01:18.452  1238  1253 W art     : Long monitor contention with owner Binder:1238_1 (1249) at void com.android.server.am.ActivityManagerService.activityPaused(android.os.IBinder)(ActivityManagerService.java:6849) waiters=1 in void com.android.server.am.ActivityManagerService$UiHandler.handleMessage(android.os.Message) for 204ms
11-23 18:01:18.454  1238  1259 W art     : Long monitor contention with owner Binder:1238_1 (1249) at void com.android.server.am.ActivityManagerService.activityPaused(android.os.IBinder)(ActivityManagerService.java:6849) waiters=2 in void com.android.server.am.ActivityRecord$Token.windowsDrawn() for 102ms
11-23 18:01:18.473  1722  1722 I Choreographer: Skipped 39 frames!  The application may be doing too much work on its main thread.
11-23 18:01:18.484  1238  1259 I Choreographer: Skipped 61 frames!  The application may be doing too much work on its main thread.
11-23 18:01:18.670  1238  1259 I Choreographer: Skipped 37 frames!  The application may be doing too much work on its main thread.
11-23 18:01:18.688  2306  2306 I MonitoringInstrumentation: Activities that are still in CREATED to STOPPED: 2
11-23 18:01:18.818  1722  1722 I Choreographer: Skipped 86 frames!  The application may be doing too much work on its main thread.
11-23 18:01:18.833  1238  1259 I Choreographer: Skipped 37 frames!  The application may be doing too much work on its main thread.
11-23 18:01:18.837  1238  1259 I WindowManager: Destroying surface Surface(name=Starting br.com.catbag.gifreduxsample) called by com.android.server.wm.WindowStateAnimator.destroySurface:2014 com.android.server.wm.WindowStateAnimator.destroySurfaceLocked:881 com.android.server.wm.WindowState.removeLocked:1449 com.android.server.wm.WindowManagerService.removeWindowInnerLocked:2478 com.android.server.wm.AppWindowToken.destroySurfaces:365 com.android.server.wm.WindowStateAnimator.finishExit:565 com.android.server.wm.WindowStateAnimator.stepAnimationLocked:491 com.android.server.wm.WindowAnimator.updateWindowsLocked:303 
11-23 18:01:18.942  2306  2322 I DroidFlux:Dispatcher: [STARTED] dispatch of action [FAKE_REDUCE_ACTION]
11-23 18:01:18.943  2306  2322 I DroidFlux:Dispatcher: [COMPLETED] dispatch of action [FAKE_REDUCE_ACTION]
11-23 18:01:18.950  2306  2378 D ActivityTestRule: Launching activity br.com.catbag.gifreduxsample.ui.GifListActivity
11-23 18:01:18.953  2306  2379 D MonitoringInstrumentation: execStartActivity(context, ibinder, ibinder, activity, intent, int, bundle
11-23 18:01:18.955  1238  1466 I ActivityManager: START u0 {flg=0x10000000 cmp=br.com.catbag.gifreduxsample/.ui.GifListActivity} from uid 10060 on display 0
11-23 18:01:19.050  1238  1259 I Choreographer: Skipped 40 frames!  The application may be doing too much work on its main thread.
11-23 18:01:19.292  2306  2306 D LifecycleMonitor: Lifecycle status change: br.com.catbag.gifreduxsample.ui.GifListActivity@76f1565 in: PRE_ON_CREATE
11-23 18:01:19.312  1722  1722 I Choreographer: Skipped 63 frames!  The application may be doing too much work on its main thread.
11-23 18:01:19.471  2306  2306 D LifecycleMonitor: Lifecycle status change: br.com.catbag.gifreduxsample.ui.GifListActivity@76f1565 in: CREATED
11-23 18:01:19.473  2306  2322 I DroidFlux:Dispatcher: [STARTED] dispatch of action [APP_STATE_LOAD]
11-23 18:01:19.473  2306  2322 D DroidFlux:Dispatcher: An action of type [APP_STATE_LOAD] was dispatched, but no reducer handled it
11-23 18:01:19.473  2306  2322 I DroidFlux:Dispatcher: [COMPLETED] dispatch of action [APP_STATE_LOAD]
11-23 18:01:19.474  2306  2306 D LifecycleMonitor: Lifecycle status change: br.com.catbag.gifreduxsample.ui.GifListActivity@76f1565 in: STARTED
11-23 18:01:19.478  2306  2306 D LifecycleMonitor: Lifecycle status change: br.com.catbag.gifreduxsample.ui.GifListActivity@76f1565 in: RESUMED
11-23 18:01:19.790  2306  2306 I Choreographer: Skipped 68 frames!  The application may be doing too much work on its main thread.
11-23 18:01:20.226  1238  1259 I ActivityManager: Displayed br.com.catbag.gifreduxsample/.ui.GifListActivity: +1s41ms (total +3s202ms)
11-23 18:01:20.266  2306  2306 I ViewInteraction: Performing 'single click' action on view with id: br.com.catbag.gifreduxsample:id/gif_image
11-23 18:01:20.277  2306  2306 D LifecycleMonitor: Lifecycle status change: br.com.catbag.gifreduxsample.ui.GifListActivity@f7993ce in: STOPPED
11-23 18:01:20.277  2306  2306 D LifecycleMonitor: Lifecycle status change: br.com.catbag.gifreduxsample.ui.GifListActivity@f7993ce in: DESTROYED
11-23 18:01:20.287  1238  1431 I WindowManager: Destroying surface Surface(name=br.com.catbag.gifreduxsample/br.com.catbag.gifreduxsample.ui.GifListActivity) called by com.android.server.wm.WindowStateAnimator.destroySurface:2014 com.android.server.wm.WindowStateAnimator.destroySurfaceLocked:881 com.android.server.wm.WindowState.removeLocked:1449 com.android.server.wm.WindowManagerService.removeWindowInnerLocked:2478 com.android.server.wm.WindowManagerService.removeWindowLocked:2436 com.android.server.wm.WindowManagerService.removeWindowLocked:2305 com.android.server.wm.WindowManagerService.removeWindow:2300 com.android.server.wm.Session.remove:193 
11-23 18:01:20.348  1238  1466 I WindowManager: Destroying surface Surface(name=com.android.launcher3/com.android.launcher3.Launcher) called by com.android.server.wm.WindowStateAnimator.destroySurface:2014 com.android.server.wm.WindowStateAnimator.destroySurfaceLocked:881 com.android.server.wm.WindowState.destroyOrSaveSurface:2073 com.android.server.wm.AppWindowToken.destroySurfaces:363 com.android.server.wm.AppWindowToken.notifyAppStopped:389 com.android.server.wm.WindowManagerService.notifyAppStopped:4456 com.android.server.am.ActivityStack.activityStoppedLocked:1252 com.android.server.am.ActivityManagerService.activityStopped:6873 
11-23 18:01:20.388  2306  2306 D LifecycleMonitor: Lifecycle status change: br.com.catbag.gifreduxsample.ui.GifListActivity@f327a96 in: STOPPED
11-23 18:01:20.407  2306  2306 D LifecycleMonitor: Lifecycle status change: br.com.catbag.gifreduxsample.ui.GifListActivity@f327a96 in: DESTROYED
11-23 18:01:20.431  1238  1259 I WindowManager: Destroying surface Surface(name=Starting br.com.catbag.gifreduxsample) called by com.android.server.wm.WindowStateAnimator.destroySurface:2014 com.android.server.wm.WindowStateAnimator.destroySurfaceLocked:881 com.android.server.wm.WindowState.destroyOrSaveSurface:2073 com.android.server.wm.AppWindowToken.destroySurfaces:363 com.android.server.wm.WindowStateAnimator.finishExit:565 com.android.server.wm.WindowStateAnimator.stepAnimationLocked:491 com.android.server.wm.WindowAnimator.updateWindowsLocked:303 com.android.server.wm.WindowAnimator.animateLocked:704 
11-23 18:01:20.488  1238  1648 I WindowManager: Destroying surface Surface(name=br.com.catbag.gifreduxsample/br.com.catbag.gifreduxsample.ui.GifListActivity) called by com.android.server.wm.WindowStateAnimator.destroySurface:2014 com.android.server.wm.WindowStateAnimator.destroySurfaceLocked:881 com.android.server.wm.WindowState.removeLocked:1449 com.android.server.wm.WindowManagerService.removeWindowInnerLocked:2478 com.android.server.wm.WindowManagerService.removeWindowLocked:2436 com.android.server.wm.WindowManagerService.removeWindowLocked:2305 com.android.server.wm.WindowManagerService.removeWindow:2300 com.android.server.wm.Session.remove:193 
11-23 18:01:20.558  2306  2306 I Choreographer: Skipped 44 frames!  The application may be doing too much work on its main thread.
11-23 18:01:20.650  2306  2322 I DroidFlux:Dispatcher: [STARTED] dispatch of action [GIF_PAUSE]
11-23 18:01:20.652  2306  2322 I DroidFlux:Dispatcher: [COMPLETED] dispatch of action [GIF_PAUSE]
11-23 18:01:20.670   987  1031 D AudioFlinger: mixer(0xb0e83a40) throttle end: throttle time(11)
11-23 18:01:20.690   987  1031 D AudioFlinger: mixer(0xb0e83a40) throttle end: throttle time(11)
11-23 18:01:21.288  2306  2306 D LifecycleMonitor: Lifecycle status change: br.com.catbag.gifreduxsample.ui.GifListActivity@76f1565 in: PAUSED
11-23 18:01:21.301  2306  2321 I TestRunner: finished: whenPauseGifTest(br.com.catbag.gifreduxsample.ui.giflist.GifListActivityTest)
11-23 18:01:21.517   977   977 D gralloc : Registering a buffer in the process that created it. This may cause memory ordering problems.
11-23 18:01:21.518   977   977 E libEGL  : called unimplemented OpenGL ES API
11-23 18:01:21.518   977   977 E SurfaceFlinger: glCheckFramebufferStatusOES error -1462821228
11-23 18:01:21.518   977   977 E SurfaceFlinger: got GL_FRAMEBUFFER_COMPLETE_OES error while taking screenshot
11-23 18:01:21.522  1238  1655 W WindowManager: Screenshot failure taking screenshot for (480x800) to layer 21005
11-23 18:01:21.532  1238  1252 W art     : Long monitor contention with owner Binder:1238_7 (1655) at void com.android.server.am.ActivityManagerService.activityPaused(android.os.IBinder)(ActivityManagerService.java:6849) waiters=0 in void com.android.server.am.ActivityStackSupervisor$ActivityStackSupervisorHandler.activityIdleInternal(com.android.server.am.ActivityRecord) for 174ms
11-23 18:01:21.534  2306  2306 I MonitoringInstrumentation: Activities that are still in CREATED to STOPPED: 1
11-23 18:01:21.537  2306  2321 I TestRunner: started: whenLoadMultipleGifsOnAppStateTest(br.com.catbag.gifreduxsample.ui.giflist.GifListActivityTest)
11-23 18:01:21.561  2306  2306 I MonitoringInstrumentation: Activities that are still in CREATED to STOPPED: 1
11-23 18:01:21.888  2306  2322 I DroidFlux:Dispatcher: [STARTED] dispatch of action [FAKE_REDUCE_ACTION]
11-23 18:01:21.926  2306  2322 I DroidFlux:Dispatcher: [COMPLETED] dispatch of action [FAKE_REDUCE_ACTION]
11-23 18:01:21.943  2306  2380 D ActivityTestRule: Launching activity br.com.catbag.gifreduxsample.ui.GifListActivity
11-23 18:01:21.945  2306  2381 D MonitoringInstrumentation: execStartActivity(context, ibinder, ibinder, activity, intent, int, bundle
11-23 18:01:21.946  1238  1791 I ActivityManager: START u0 {flg=0x10000000 cmp=br.com.catbag.gifreduxsample/.ui.GifListActivity} from uid 10060 on display 0
11-23 18:01:22.067  1238  1259 I Choreographer: Skipped 73 frames!  The application may be doing too much work on its main thread.
11-23 18:01:22.135  2306  2306 D LifecycleMonitor: Lifecycle status change: br.com.catbag.gifreduxsample.ui.GifListActivity@8316c43 in: PRE_ON_CREATE
