11-22 14:37:13.807  1730  1730 I Choreographer: Skipped 32 frames!  The application may be doing too much work on its main thread.
11-22 14:37:13.869   978   978 D gralloc : Registering a buffer in the process that created it. This may cause memory ordering problems.
11-22 14:37:13.870   978   978 E libEGL  : called unimplemented OpenGL ES API
11-22 14:37:13.870   978   978 E SurfaceFlinger: glCheckFramebufferStatusOES error -944636200
11-22 14:37:13.870   978   978 E SurfaceFlinger: got GL_FRAMEBUFFER_COMPLETE_OES error while taking screenshot
11-22 14:37:13.872  1237  1249 W WindowManager: Screenshot failure taking screenshot for (480x800) to layer 21010
11-22 14:37:13.907  1237  1441 I ActivityManager: Activity reported stop, but no longer stopping: ActivityRecord{b421e7c u0 com.android.launcher3/.Launcher t3}
11-22 14:37:13.923  2276  2276 I MonitoringInstrumentation: Activities that are still in CREATED to STOPPED: 1
11-22 14:37:13.925  2276  2291 I TestRunner: started: whenScrollUpAndPlayFirstItemTest(br.com.catbag.gifreduxsample.ui.giflist.GifListActivityTest)
11-22 14:37:13.948  1237  1670 D WindowManager: relayoutVisibleWindow: Window{c529af4 u0 com.android.launcher3/com.android.launcher3.Launcher EXITING} mAnimatingExit=true, mRemoveOnExit=false, mDestroying=true
11-22 14:37:14.012  2276  2276 I MonitoringInstrumentation: Activities that are still in CREATED to STOPPED: 1
11-22 14:37:14.118  2276  2292 I DroidFlux:Dispatcher: [STARTED] dispatch of action [FAKE_REDUCE_ACTION]
11-22 14:37:14.118  2276  2292 I DroidFlux:Dispatcher: [COMPLETED] dispatch of action [FAKE_REDUCE_ACTION]
11-22 14:37:14.175  2276  2311 D ActivityTestRule: Launching activity br.com.catbag.gifreduxsample.ui.GifListActivity
11-22 14:37:14.179  2276  2312 D MonitoringInstrumentation: execStartActivity(context, ibinder, ibinder, activity, intent, int, bundle
11-22 14:37:14.180  1237  1669 I ActivityManager: START u0 {flg=0x10000000 cmp=br.com.catbag.gifreduxsample/.ui.GifListActivity} from uid 10060 on display 0
11-22 14:37:14.256  2276  2276 D LifecycleMonitor: Lifecycle status change: br.com.catbag.gifreduxsample.ui.GifListActivity@eb97be4 in: PRE_ON_CREATE
11-22 14:37:14.281  2276  2276 D LifecycleMonitor: Lifecycle status change: br.com.catbag.gifreduxsample.ui.GifListActivity@eb97be4 in: CREATED
11-22 14:37:14.282  2276  2292 I DroidFlux:Dispatcher: [STARTED] dispatch of action [GIF_LIST_FETCHING]
11-22 14:37:14.282  2276  2292 D DroidFlux:Dispatcher: An action of type [GIF_LIST_FETCHING] was dispatched, but no reducer handled it
11-22 14:37:14.282  2276  2292 I DroidFlux:Dispatcher: [COMPLETED] dispatch of action [GIF_LIST_FETCHING]
11-22 14:37:14.283  2276  2276 D LifecycleMonitor: Lifecycle status change: br.com.catbag.gifreduxsample.ui.GifListActivity@eb97be4 in: STARTED
11-22 14:37:14.341  2276  2276 D LifecycleMonitor: Lifecycle status change: br.com.catbag.gifreduxsample.ui.GifListActivity@eb97be4 in: RESUMED
11-22 14:37:14.456  2276  2276 I Choreographer: Skipped 31 frames!  The application may be doing too much work on its main thread.
11-22 14:37:14.708  2276  2276 W ResourceType: No package identifier when getting name for resource number 0x000000e9
11-22 14:37:14.708  2276  2276 I ViewInteraction: Performing 'scroll RecyclerView to position: 4' action on view with id: 233 (resource name not found)
11-22 14:37:14.738  1237  1258 I ActivityManager: Displayed br.com.catbag.gifreduxsample/.ui.GifListActivity: +530ms
11-22 14:37:15.031  1237  1258 I WindowManager: Destroying surface Surface(name=Starting br.com.catbag.gifreduxsample) called by com.android.server.wm.WindowStateAnimator.destroySurface:2014 com.android.server.wm.WindowStateAnimator.destroySurfaceLocked:881 com.android.server.wm.WindowState.destroyOrSaveSurface:2073 com.android.server.wm.AppWindowToken.destroySurfaces:363 com.android.server.wm.WindowStateAnimator.finishExit:565 com.android.server.wm.WindowStateAnimator.stepAnimationLocked:491 com.android.server.wm.WindowAnimator.updateWindowsLocked:303 com.android.server.wm.WindowAnimator.animateLocked:704 
11-22 14:37:15.103  2276  2276 W ResourceType: No package identifier when getting name for resource number 0x000000e9
11-22 14:37:15.170  2276  2276 W ResourceType: No package identifier when getting name for resource number 0x000000ea
11-22 14:37:15.170  2276  2276 I ViewInteraction: Performing 'actionOnItemAtPosition performing ViewAction: single click on item at position: 0' action on view with id: 234 (resource name not found)
11-22 14:37:15.303  2276  2276 D LifecycleMonitor: Lifecycle status change: br.com.catbag.gifreduxsample.ui.GifListActivity@50209d8 in: STOPPED
11-22 14:37:15.303  2276  2276 D LifecycleMonitor: Lifecycle status change: br.com.catbag.gifreduxsample.ui.GifListActivity@50209d8 in: DESTROYED
11-22 14:37:15.328  1237  1248 I WindowManager: Destroying surface Surface(name=com.android.launcher3/com.android.launcher3.Launcher) called by com.android.server.wm.WindowStateAnimator.destroySurface:2014 com.android.server.wm.WindowStateAnimator.destroySurfaceLocked:881 com.android.server.wm.WindowState.destroyOrSaveSurface:2073 com.android.server.wm.AppWindowToken.destroySurfaces:363 com.android.server.wm.AppWindowToken.notifyAppStopped:389 com.android.server.wm.WindowManagerService.notifyAppStopped:4456 com.android.server.am.ActivityStack.activityStoppedLocked:1252 com.android.server.am.ActivityManagerService.activityStopped:6873 
11-22 14:37:15.382  1237  1441 I WindowManager: Destroying surface Surface(name=br.com.catbag.gifreduxsample/br.com.catbag.gifreduxsample.ui.GifListActivity) called by com.android.server.wm.WindowStateAnimator.destroySurface:2014 com.android.server.wm.WindowStateAnimator.destroySurfaceLocked:881 com.android.server.wm.WindowState.removeLocked:1449 com.android.server.wm.WindowManagerService.removeWindowInnerLocked:2478 com.android.server.wm.WindowManagerService.removeWindowLocked:2436 com.android.server.wm.WindowManagerService.removeWindowLocked:2305 com.android.server.wm.WindowManagerService.removeWindow:2300 com.android.server.wm.Session.remove:193 
11-22 14:37:15.410  2276  2276 I Choreographer: Skipped 30 frames!  The application may be doing too much work on its main thread.
11-22 14:37:15.472  2276  2292 I DroidFlux:Dispatcher: [STARTED] dispatch of action [GIF_PLAY]
11-22 14:37:15.472  2276  2292 I DroidFlux:Dispatcher: [COMPLETED] dispatch of action [GIF_PLAY]
11-22 14:37:15.485   986  1030 D AudioFlinger: mixer(0xabd83800) throttle end: throttle time(6)
11-22 14:37:15.504   986  1030 D AudioFlinger: mixer(0xabd83800) throttle end: throttle time(11)
11-22 14:37:16.182  2276  2291 I TestRunner: finished: whenScrollUpAndPlayFirstItemTest(br.com.catbag.gifreduxsample.ui.giflist.GifListActivityTest)
11-22 14:37:16.206  2276  2276 D LifecycleMonitor: Lifecycle status change: br.com.catbag.gifreduxsample.ui.GifListActivity@eb97be4 in: PAUSED
11-22 14:37:16.270   978   978 D gralloc : Registering a buffer in the process that created it. This may cause memory ordering problems.
11-22 14:37:16.270   978   978 E libEGL  : called unimplemented OpenGL ES API
11-22 14:37:16.270   978   978 E SurfaceFlinger: glCheckFramebufferStatusOES error -944636200
11-22 14:37:16.271   978   978 E SurfaceFlinger: got GL_FRAMEBUFFER_COMPLETE_OES error while taking screenshot
11-22 14:37:16.273  1237  1249 W WindowManager: Screenshot failure taking screenshot for (480x800) to layer 21005
11-22 14:37:16.283  2276  2276 I MonitoringInstrumentation: Activities that are still in CREATED to STOPPED: 1
11-22 14:37:16.288  2276  2291 I TestRunner: started: whenGifIsDownloadedTest(br.com.catbag.gifreduxsample.ui.giflist.GifListActivityTest)
11-22 14:37:16.422  2276  2276 I MonitoringInstrumentation: Activities that are still in CREATED to STOPPED: 1
11-22 14:37:16.572  2276  2292 I DroidFlux:Dispatcher: [STARTED] dispatch of action [FAKE_REDUCE_ACTION]
11-22 14:37:16.572  2276  2292 I DroidFlux:Dispatcher: [COMPLETED] dispatch of action [FAKE_REDUCE_ACTION]
11-22 14:37:16.613  2276  2313 D ActivityTestRule: Launching activity br.com.catbag.gifreduxsample.ui.GifListActivity
11-22 14:37:16.647  2276  2314 D MonitoringInstrumentation: execStartActivity(context, ibinder, ibinder, activity, intent, int, bundle
11-22 14:37:16.648  1237  1670 I ActivityManager: START u0 {flg=0x10000000 cmp=br.com.catbag.gifreduxsample/.ui.GifListActivity} from uid 10060 on display 0
11-22 14:37:16.948  1730  1730 I Choreographer: Skipped 54 frames!  The application may be doing too much work on its main thread.
11-22 14:37:17.058  2276  2276 D LifecycleMonitor: Lifecycle status change: br.com.catbag.gifreduxsample.ui.GifListActivity@6b35358 in: PRE_ON_CREATE
11-22 14:37:17.091  1237  1258 I Choreographer: Skipped 41 frames!  The application may be doing too much work on its main thread.
11-22 14:37:17.111  1237  1370 I WindowManager: Destroying surface Surface(name=com.android.launcher3/com.android.launcher3.Launcher) called by com.android.server.wm.WindowStateAnimator.destroySurface:2014 com.android.server.wm.WindowStateAnimator.destroySurfaceLocked:881 com.android.server.wm.WindowState.destroyOrSaveSurface:2073 com.android.server.wm.AppWindowToken.destroySurfaces:363 com.android.server.wm.AppWindowToken.notifyAppStopped:389 com.android.server.wm.WindowManagerService.notifyAppStopped:4456 com.android.server.am.ActivityStack.activityStoppedLocked:1252 com.android.server.am.ActivityManagerService.activityStopped:6873 
11-22 14:37:17.186  2276  2276 D LifecycleMonitor: Lifecycle status change: br.com.catbag.gifreduxsample.ui.GifListActivity@6b35358 in: CREATED
11-22 14:37:17.188  2276  2292 I DroidFlux:Dispatcher: [STARTED] dispatch of action [GIF_LIST_FETCHING]
11-22 14:37:17.188  2276  2292 D DroidFlux:Dispatcher: An action of type [GIF_LIST_FETCHING] was dispatched, but no reducer handled it
11-22 14:37:17.188  2276  2292 I DroidFlux:Dispatcher: [COMPLETED] dispatch of action [GIF_LIST_FETCHING]
11-22 14:37:17.190  2276  2276 D LifecycleMonitor: Lifecycle status change: br.com.catbag.gifreduxsample.ui.GifListActivity@6b35358 in: STARTED
11-22 14:37:17.191  2276  2276 D LifecycleMonitor: Lifecycle status change: br.com.catbag.gifreduxsample.ui.GifListActivity@6b35358 in: RESUMED
11-22 14:37:17.242  2276  2276 D LifecycleMonitor: Lifecycle status change: br.com.catbag.gifreduxsample.ui.GifListActivity@eb97be4 in: STOPPED
11-22 14:37:17.243  2276  2276 D LifecycleMonitor: Lifecycle status change: br.com.catbag.gifreduxsample.ui.GifListActivity@eb97be4 in: DESTROYED
11-22 14:37:17.262  1237  1249 I WindowManager: Destroying surface Surface(name=br.com.catbag.gifreduxsample/br.com.catbag.gifreduxsample.ui.GifListActivity) called by com.android.server.wm.WindowStateAnimator.destroySurface:2014 com.android.server.wm.WindowStateAnimator.destroySurfaceLocked:881 com.android.server.wm.WindowState.removeLocked:1449 com.android.server.wm.WindowManagerService.removeWindowInnerLocked:2478 com.android.server.wm.WindowManagerService.removeWindowLocked:2436 com.android.server.wm.WindowManagerService.removeWindowLocked:2305 com.android.server.wm.WindowManagerService.removeWindow:2300 com.android.server.wm.Session.remove:193 
11-22 14:37:17.351  2276  2276 I Choreographer: Skipped 32 frames!  The application may be doing too much work on its main thread.
11-22 14:37:17.638  1237  1258 I ActivityManager: Displayed br.com.catbag.gifreduxsample/.ui.GifListActivity: +796ms
11-22 14:37:17.707  1237  1247 I art     : Background sticky concurrent mark sweep GC freed 30553(2MB) AllocSpace objects, 11(220KB) LOS objects, 28% free, 7MB/10MB, paused 28.311ms total 432.581ms
11-22 14:37:17.825  2276  2291 I TestRunner: finished: whenGifIsDownloadedTest(br.com.catbag.gifreduxsample.ui.giflist.GifListActivityTest)
11-22 14:37:17.879  2276  2276 D LifecycleMonitor: Lifecycle status change: br.com.catbag.gifreduxsample.ui.GifListActivity@6b35358 in: PAUSED
11-22 14:37:17.920   978   978 D gralloc : Registering a buffer in the process that created it. This may cause memory ordering problems.
11-22 14:37:17.920   978   978 E libEGL  : called unimplemented OpenGL ES API
11-22 14:37:17.920   978   978 E SurfaceFlinger: glCheckFramebufferStatusOES error -944636200
11-22 14:37:17.920   978   978 E SurfaceFlinger: got GL_FRAMEBUFFER_COMPLETE_OES error while taking screenshot
11-22 14:37:17.922  1237  1669 W WindowManager: Screenshot failure taking screenshot for (480x800) to layer 21010
11-22 14:37:17.957  2276  2276 I MonitoringInstrumentation: Activities that are still in CREATED to STOPPED: 1
11-22 14:37:17.959  2276  2291 I TestRunner: started: whenPlayGifTest(br.com.catbag.gifreduxsample.ui.giflist.GifListActivityTest)
11-22 14:37:17.962  2276  2276 I Choreographer: Skipped 31 frames!  The application may be doing too much work on its main thread.
11-22 14:37:17.968  1237  1258 I WindowManager: Destroying surface Surface(name=Starting br.com.catbag.gifreduxsample) called by com.android.server.wm.WindowStateAnimator.destroySurface:2014 com.android.server.wm.WindowStateAnimator.destroySurfaceLocked:881 com.android.server.wm.WindowState.removeLocked:1449 com.android.server.wm.WindowManagerService.removeWindowInnerLocked:2478 com.android.server.wm.AppWindowToken.destroySurfaces:365 com.android.server.wm.WindowStateAnimator.finishExit:565 com.android.server.wm.WindowStateAnimator.stepAnimationLocked:491 com.android.server.wm.WindowAnimator.updateWindowsLocked:303 
11-22 14:37:17.996  2276  2276 I MonitoringInstrumentation: Activities that are still in CREATED to STOPPED: 1
11-22 14:37:18.074  2276  2292 I DroidFlux:Dispatcher: [STARTED] dispatch of action [FAKE_REDUCE_ACTION]
11-22 14:37:18.075  2276  2292 I DroidFlux:Dispatcher: [COMPLETED] dispatch of action [FAKE_REDUCE_ACTION]
11-22 14:37:18.076  2276  2315 D ActivityTestRule: Launching activity br.com.catbag.gifreduxsample.ui.GifListActivity
11-22 14:37:18.077  2276  2316 D MonitoringInstrumentation: execStartActivity(context, ibinder, ibinder, activity, intent, int, bundle
11-22 14:37:18.078  1237  1642 I ActivityManager: START u0 {flg=0x10000000 cmp=br.com.catbag.gifreduxsample/.ui.GifListActivity} from uid 10060 on display 0
11-22 14:37:18.327  2276  2276 D LifecycleMonitor: Lifecycle status change: br.com.catbag.gifreduxsample.ui.GifListActivity@5c88af7 in: PRE_ON_CREATE
11-22 14:37:18.349  2276  2276 D LifecycleMonitor: Lifecycle status change: br.com.catbag.gifreduxsample.ui.GifListActivity@5c88af7 in: CREATED
11-22 14:37:18.350  2276  2276 D LifecycleMonitor: Lifecycle status change: br.com.catbag.gifreduxsample.ui.GifListActivity@5c88af7 in: STARTED
11-22 14:37:18.352  2276  2292 I DroidFlux:Dispatcher: [STARTED] dispatch of action [GIF_LIST_FETCHING]
11-22 14:37:18.352  2276  2292 D DroidFlux:Dispatcher: An action of type [GIF_LIST_FETCHING] was dispatched, but no reducer handled it
11-22 14:37:18.352  2276  2292 I DroidFlux:Dispatcher: [COMPLETED] dispatch of action [GIF_LIST_FETCHING]
11-22 14:37:18.372  2276  2276 D LifecycleMonitor: Lifecycle status change: br.com.catbag.gifreduxsample.ui.GifListActivity@5c88af7 in: RESUMED
11-22 14:37:18.624  1730  1730 I Choreographer: Skipped 43 frames!  The application may be doing too much work on its main thread.
11-22 14:37:18.815  1237  1258 I Choreographer: Skipped 33 frames!  The application may be doing too much work on its main thread.
11-22 14:37:18.819  1237  1638 W art     : Long monitor contention with owner android.display (1258) at void com.android.server.wm.WindowAnimator$1.doFrame(long)(WindowAnimator.java:138) waiters=0 in int com.android.server.wm.WindowManagerService.relayoutWindow(com.android.server.wm.Session, android.view.IWindow, int, android.view.WindowManager$LayoutParams, int, int, int, int, android.graphics.Rect, android.graphics.Rect, android.graphics.Rect, android.graphics.Rect, android.graphics.Rect, android.graphics.Rect, android.graphics.Rect, android.content.res.Configuration, android.view.Surface) for 147ms
11-22 14:37:18.905  2276  2287 W art     : Suspending all threads took: 21.225ms
11-22 14:37:19.043  1237  1258 I Choreographer: Skipped 52 frames!  The application may be doing too much work on its main thread.
11-22 14:37:19.081  2276  2287 I art     : Background partial concurrent mark sweep GC freed 17476(1102KB) AllocSpace objects, 7(1104KB) LOS objects, 27% free, 10MB/14MB, paused 28.118ms total 733.029ms
11-22 14:37:19.301  1237  1638 W art     : Long monitor contention with owner android.display (1258) at void com.android.server.wm.WindowAnimator$1.doFrame(long)(WindowAnimator.java:138) waiters=1 in int com.android.server.wm.WindowManagerService.relayoutWindow(com.android.server.wm.Session, android.view.IWindow, int, android.view.WindowManager$LayoutParams, int, int, int, int, android.graphics.Rect, android.graphics.Rect, android.graphics.Rect, android.graphics.Rect, android.graphics.Rect, android.graphics.Rect, android.graphics.Rect, android.content.res.Configuration, android.view.Surface) for 256ms
11-22 14:37:19.336  1237  1638 I WindowManager: Destroying surface Surface(name=com.android.launcher3/com.android.launcher3.Launcher) called by com.android.server.wm.WindowStateAnimator.destroySurface:2014 com.android.server.wm.WindowStateAnimator.destroySurfaceLocked:881 com.android.server.wm.WindowState.destroyOrSaveSurface:2073 com.android.server.wm.WindowManagerService.tryStartExitingAnimation:3017 com.android.server.wm.WindowManagerService.relayoutWindow:2897 com.android.server.wm.Session.relayout:215 android.view.IWindowSession$Stub.onTransact:286 com.android.server.wm.Session.onTransact:136 
11-22 14:37:19.387  1237  1258 I ActivityManager: Displayed br.com.catbag.gifreduxsample/.ui.GifListActivity: +1s112ms
11-22 14:37:19.449  2276  2276 D LifecycleMonitor: Lifecycle status change: br.com.catbag.gifreduxsample.ui.GifListActivity@6b35358 in: STOPPED
11-22 14:37:19.449  2276  2276 D LifecycleMonitor: Lifecycle status change: br.com.catbag.gifreduxsample.ui.GifListActivity@6b35358 in: DESTROYED
11-22 14:37:19.452  1237  1370 I WindowManager: Destroying surface Surface(name=br.com.catbag.gifreduxsample/br.com.catbag.gifreduxsample.ui.GifListActivity) called by com.android.server.wm.WindowStateAnimator.destroySurface:2014 com.android.server.wm.WindowStateAnimator.destroySurfaceLocked:881 com.android.server.wm.WindowState.removeLocked:1449 com.android.server.wm.WindowManagerService.removeWindowInnerLocked:2478 com.android.server.wm.WindowManagerService.removeWindowLocked:2436 com.android.server.wm.WindowManagerService.removeWindowLocked:2305 com.android.server.wm.WindowManagerService.removeWindow:2300 com.android.server.wm.Session.remove:193 
11-22 14:37:19.517  2276  2276 I ViewInteraction: Performing 'single click' action on view with id: br.com.catbag.gifreduxsample:id/gif_image
11-22 14:37:19.634  2276  2292 I DroidFlux:Dispatcher: [STARTED] dispatch of action [GIF_PLAY]
11-22 14:37:19.635  2276  2292 I DroidFlux:Dispatcher: [COMPLETED] dispatch of action [GIF_PLAY]
11-22 14:37:19.646   986  1030 D AudioFlinger: mixer(0xabd83800) throttle end: throttle time(11)
11-22 14:37:19.674   986  1030 D AudioFlinger: mixer(0xabd83800) throttle end: throttle time(11)
11-22 14:37:19.698  1237  1258 I WindowManager: Destroying surface Surface(name=Starting br.com.catbag.gifreduxsample) called by com.android.server.wm.WindowStateAnimator.destroySurface:2014 com.android.server.wm.WindowStateAnimator.destroySurfaceLocked:881 com.android.server.wm.WindowState.destroyOrSaveSurface:2073 com.android.server.wm.AppWindowToken.destroySurfaces:363 com.android.server.wm.WindowStateAnimator.finishExit:565 com.android.server.wm.WindowStateAnimator.stepAnimationLocked:491 com.android.server.wm.WindowAnimator.updateWindowsLocked:303 com.android.server.wm.WindowAnimator.animateLocked:704 
11-22 14:37:19.876  1730  1730 I Choreographer: Skipped 109 frames!  The application may be doing too much work on its main thread.
11-22 14:37:20.027  1237  1323 E TaskPersister: File error accessing recents directory (directory doesn't exist?).
11-22 14:37:20.383  2276  2291 I TestRunner: finished: whenPlayGifTest(br.com.catbag.gifreduxsample.ui.giflist.GifListActivityTest)
11-22 14:37:20.420  2276  2276 D LifecycleMonitor: Lifecycle status change: br.com.catbag.gifreduxsample.ui.GifListActivity@5c88af7 in: PAUSED
11-22 14:37:20.509   978   978 D gralloc : Registering a buffer in the process that created it. This may cause memory ordering problems.
11-22 14:37:20.510   978   978 E libEGL  : called unimplemented OpenGL ES API
11-22 14:37:20.510   978   978 E SurfaceFlinger: glCheckFramebufferStatusOES error -944636200
11-22 14:37:20.511   978   978 E SurfaceFlinger: got GL_FRAMEBUFFER_COMPLETE_OES error while taking screenshot
11-22 14:37:20.521  1237  1669 W WindowManager: Screenshot failure taking screenshot for (480x800) to layer 21005
11-22 14:37:20.545  2276  2276 I MonitoringInstrumentation: Activities that are still in CREATED to STOPPED: 1
11-22 14:37:20.546  2276  2276 I Choreographer: Skipped 34 frames!  The application may be doing too much work on its main thread.
11-22 14:37:20.548  2276  2291 I TestRunner: started: whenGifDownloadFailTest(br.com.catbag.gifreduxsample.ui.giflist.GifListActivityTest)
11-22 14:37:20.555  2276  2276 I MonitoringInstrumentation: Activities that are still in CREATED to STOPPED: 1
11-22 14:37:20.623  2276  2292 I DroidFlux:Dispatcher: [STARTED] dispatch of action [FAKE_REDUCE_ACTION]
11-22 14:37:20.631  2276  2292 I DroidFlux:Dispatcher: [COMPLETED] dispatch of action [FAKE_REDUCE_ACTION]
11-22 14:37:20.667  2276  2317 D ActivityTestRule: Launching activity br.com.catbag.gifreduxsample.ui.GifListActivity
11-22 14:37:20.734  2276  2318 D MonitoringInstrumentation: execStartActivity(context, ibinder, ibinder, activity, intent, int, bundle
11-22 14:37:20.743  1237  1667 I ActivityManager: START u0 {flg=0x10000000 cmp=br.com.catbag.gifreduxsample/.ui.GifListActivity} from uid 10060 on display 0
11-22 14:37:20.958  1730  1730 I Choreographer: Skipped 35 frames!  The application may be doing too much work on its main thread.
11-22 14:37:21.110  1730  1730 I Choreographer: Skipped 34 frames!  The application may be doing too much work on its main thread.
11-22 14:37:21.247  1237  1258 W art     : Long monitor contention with owner Binder:1237_5 (1574) at int com.android.server.wm.WindowManagerService.relayoutWindow(com.android.server.wm.Session, android.view.IWindow, int, android.view.WindowManager$LayoutParams, int, int, int, int, android.graphics.Rect, android.graphics.Rect, android.graphics.Rect, android.graphics.Rect, android.graphics.Rect, android.graphics.Rect, android.graphics.Rect, android.content.res.Configuration, android.view.Surface)(WindowManagerService.java:2759) waiters=0 in void com.android.server.wm.WindowAnimator$1.doFrame(long) for 107ms
11-22 14:37:21.254  1237  1441 W art     : Long monitor contention with owner Binder:1237_5 (1574) at int com.android.server.wm.WindowManagerService.relayoutWindow(com.android.server.wm.Session, android.view.IWindow, int, android.view.WindowManager$LayoutParams, int, int, int, int, android.graphics.Rect, android.graphics.Rect, android.graphics.Rect, android.graphics.Rect, android.graphics.Rect, android.graphics.Rect, android.graphics.Rect, android.content.res.Configuration, android.view.Surface)(WindowManagerService.java:2759) waiters=1 in void com.android.server.wm.WindowManagerService.statusBarVisibilityChanged(int) for 115ms
11-22 14:37:21.312  2276  2276 D LifecycleMonitor: Lifecycle status change: br.com.catbag.gifreduxsample.ui.GifListActivity@cf503cf in: PRE_ON_CREATE
11-22 14:37:21.360  2276  2276 D LifecycleMonitor: Lifecycle status change: br.com.catbag.gifreduxsample.ui.GifListActivity@cf503cf in: CREATED
11-22 14:37:21.362  2276  2292 I DroidFlux:Dispatcher: [STARTED] dispatch of action [GIF_LIST_FETCHING]
11-22 14:37:21.362  2276  2292 D DroidFlux:Dispatcher: An action of type [GIF_LIST_FETCHING] was dispatched, but no reducer handled it
11-22 14:37:21.362  2276  2292 I DroidFlux:Dispatcher: [COMPLETED] dispatch of action [GIF_LIST_FETCHING]
11-22 14:37:21.363  2276  2276 D LifecycleMonitor: Lifecycle status change: br.com.catbag.gifreduxsample.ui.GifListActivity@cf503cf in: STARTED
11-22 14:37:21.365  2276  2276 D LifecycleMonitor: Lifecycle status change: br.com.catbag.gifreduxsample.ui.GifListActivity@cf503cf in: RESUMED
11-22 14:37:21.369  2276  2276 I Choreographer: Skipped 35 frames!  The application may be doing too much work on its main thread.
11-22 14:37:21.521  2276  2276 D LifecycleMonitor: Lifecycle status change: br.com.catbag.gifreduxsample.ui.GifListActivity@cf503cf in: PAUSED
11-22 14:37:21.577  2276  2291 I TestRunner: finished: whenGifDownloadFailTest(br.com.catbag.gifreduxsample.ui.giflist.GifListActivityTest)
11-22 14:37:21.613   978   978 D gralloc : Registering a buffer in the process that created it. This may cause memory ordering problems.
11-22 14:37:21.616   978   978 E libEGL  : called unimplemented OpenGL ES API
11-22 14:37:21.617   978   978 E SurfaceFlinger: glCheckFramebufferStatusOES error -944636200
11-22 14:37:21.617   978   978 E SurfaceFlinger: got GL_FRAMEBUFFER_COMPLETE_OES error while taking screenshot
11-22 14:37:21.619  1237  1370 W WindowManager: Screenshot failure taking screenshot for (480x800) to layer 22020
11-22 14:37:21.631  1237  1258 W art     : Long monitor contention with owner Binder:1237_A (1669) at boolean com.android.server.am.ActivityManagerService.finishActivity(android.os.IBinder, int, android.content.Intent, int)(ActivityManagerService.java:4775) waiters=2 in void com.android.server.am.ActivityManagerService$LocalService.notifyStartingWindowDrawn() for 107ms
11-22 14:37:21.633  2276  2276 I MonitoringInstrumentation: Activities that are still in CREATED to STOPPED: 2
11-22 14:37:21.636  2276  2291 I TestRunner: started: whenPauseGifTest(br.com.catbag.gifreduxsample.ui.giflist.GifListActivityTest)
11-22 14:37:21.640  2276  2276 I MonitoringInstrumentation: Activities that are still in CREATED to STOPPED: 2
11-22 14:37:21.725  2276  2292 I DroidFlux:Dispatcher: [STARTED] dispatch of action [FAKE_REDUCE_ACTION]
11-22 14:37:21.726  2276  2292 I DroidFlux:Dispatcher: [COMPLETED] dispatch of action [FAKE_REDUCE_ACTION]
11-22 14:37:21.737  1237  1252 W art     : Long monitor contention with owner Binder:1237_3 (1370) at void com.android.server.am.ActivityManagerService.activityPaused(android.os.IBinder)(ActivityManagerService.java:6849) waiters=1 in void com.android.server.am.ActivityManagerService$UiHandler.handleMessage(android.os.Message) for 112ms
11-22 14:37:21.768  1237  1258 I Choreographer: Skipped 75 frames!  The application may be doing too much work on its main thread.
11-22 14:37:21.776  2276  2319 D ActivityTestRule: Launching activity br.com.catbag.gifreduxsample.ui.GifListActivity
11-22 14:37:21.826  2276  2320 D MonitoringInstrumentation: execStartActivity(context, ibinder, ibinder, activity, intent, int, bundle
11-22 14:37:21.828  1237  1248 I ActivityManager: START u0 {flg=0x10000000 cmp=br.com.catbag.gifreduxsample/.ui.GifListActivity} from uid 10060 on display 0
11-22 14:37:21.978  1237  1258 I Choreographer: Skipped 50 frames!  The application may be doing too much work on its main thread.
11-22 14:37:22.017  2276  2276 D LifecycleMonitor: Lifecycle status change: br.com.catbag.gifreduxsample.ui.GifListActivity@b9679a8 in: PRE_ON_CREATE
11-22 14:37:22.059  2276  2276 D LifecycleMonitor: Lifecycle status change: br.com.catbag.gifreduxsample.ui.GifListActivity@b9679a8 in: CREATED
11-22 14:37:22.085  2276  2292 I DroidFlux:Dispatcher: [STARTED] dispatch of action [GIF_LIST_FETCHING]
11-22 14:37:22.085  2276  2292 D DroidFlux:Dispatcher: An action of type [GIF_LIST_FETCHING] was dispatched, but no reducer handled it
11-22 14:37:22.085  2276  2292 I DroidFlux:Dispatcher: [COMPLETED] dispatch of action [GIF_LIST_FETCHING]
11-22 14:37:22.095  2276  2276 D LifecycleMonitor: Lifecycle status change: br.com.catbag.gifreduxsample.ui.GifListActivity@b9679a8 in: STARTED
11-22 14:37:22.097  2276  2276 D LifecycleMonitor: Lifecycle status change: br.com.catbag.gifreduxsample.ui.GifListActivity@b9679a8 in: RESUMED
11-22 14:37:22.168  1237  1258 I Choreographer: Skipped 33 frames!  The application may be doing too much work on its main thread.
11-22 14:37:22.233  1730  1730 I Choreographer: Skipped 70 frames!  The application may be doing too much work on its main thread.
11-22 14:37:22.402  1237  1258 I Choreographer: Skipped 31 frames!  The application may be doing too much work on its main thread.
11-22 14:37:22.489  1237  1258 I WindowManager: Destroying surface Surface(name=Starting br.com.catbag.gifreduxsample) called by com.android.server.wm.WindowStateAnimator.destroySurface:2014 com.android.server.wm.WindowStateAnimator.destroySurfaceLocked:881 com.android.server.wm.WindowState.removeLocked:1449 com.android.server.wm.WindowManagerService.removeWindowInnerLocked:2478 com.android.server.wm.AppWindowToken.destroySurfaces:365 com.android.server.wm.WindowStateAnimator.finishExit:565 com.android.server.wm.AppWindowAnimator.stepAnimationLocked:427 com.android.server.wm.WindowAnimator.updateAppWindowsLocked:176 
11-22 14:37:22.512  1730  1730 I Choreographer: Skipped 39 frames!  The application may be doing too much work on its main thread.
11-22 14:37:22.540  2276  2276 I Choreographer: Skipped 30 frames!  The application may be doing too much work on its main thread.
11-22 14:37:22.681  1237  1258 I ActivityManager: Displayed br.com.catbag.gifreduxsample/.ui.GifListActivity: +736ms (total +1s624ms)
11-22 14:37:22.688  2276  2276 I ViewInteraction: Performing 'single click' action on view with id: br.com.catbag.gifreduxsample:id/gif_image
11-22 14:37:22.885  2276  2292 I DroidFlux:Dispatcher: [STARTED] dispatch of action [GIF_PAUSE]
11-22 14:37:22.886  2276  2292 I DroidFlux:Dispatcher: [COMPLETED] dispatch of action [GIF_PAUSE]
11-22 14:37:22.964   986  1030 D AudioFlinger: mixer(0xabd83800) throttle end: throttle time(10)
11-22 14:37:22.985   986  1030 D AudioFlinger: mixer(0xabd83800) throttle end: throttle time(11)
11-22 14:37:23.002  1237  1258 I WindowManager: Destroying surface Surface(name=Starting br.com.catbag.gifreduxsample) called by com.android.server.wm.WindowStateAnimator.destroySurface:2014 com.android.server.wm.WindowStateAnimator.destroySurfaceLocked:881 com.android.server.wm.WindowState.destroyOrSaveSurface:2073 com.android.server.wm.AppWindowToken.destroySurfaces:363 com.android.server.wm.WindowStateAnimator.finishExit:565 com.android.server.wm.WindowStateAnimator.stepAnimationLocked:491 com.android.server.wm.WindowAnimator.updateWindowsLocked:303 com.android.server.wm.WindowAnimator.animateLocked:704 
11-22 14:37:23.202  1237  1574 I WindowManager: Destroying surface Surface(name=com.android.launcher3/com.android.launcher3.Launcher) called by com.android.server.wm.WindowStateAnimator.destroySurface:2014 com.android.server.wm.WindowStateAnimator.destroySurfaceLocked:881 com.android.server.wm.WindowState.destroyOrSaveSurface:2073 com.android.server.wm.AppWindowToken.destroySurfaces:363 com.android.server.wm.AppWindowToken.notifyAppStopped:389 com.android.server.wm.WindowManagerService.notifyAppStopped:4456 com.android.server.am.ActivityStack.activityStoppedLocked:1252 com.android.server.am.ActivityManagerService.activityStopped:6873 
11-22 14:37:23.230  2276  2276 D LifecycleMonitor: Lifecycle status change: br.com.catbag.gifreduxsample.ui.GifListActivity@cf503cf in: STOPPED
11-22 14:37:23.230  2276  2276 D LifecycleMonitor: Lifecycle status change: br.com.catbag.gifreduxsample.ui.GifListActivity@cf503cf in: DESTROYED
11-22 14:37:23.253  1237  1645 I WindowManager: Destroying surface Surface(name=br.com.catbag.gifreduxsample/br.com.catbag.gifreduxsample.ui.GifListActivity) called by com.android.server.wm.WindowStateAnimator.destroySurface:2014 com.android.server.wm.WindowStateAnimator.destroySurfaceLocked:881 com.android.server.wm.WindowState.removeLocked:1449 com.android.server.wm.WindowManagerService.removeWindowInnerLocked:2478 com.android.server.wm.WindowManagerService.removeWindowLocked:2436 com.android.server.wm.WindowManagerService.removeWindowLocked:2305 com.android.server.wm.WindowManagerService.removeWindow:2300 com.android.server.wm.Session.remove:193 
11-22 14:37:23.277  2276  2276 D LifecycleMonitor: Lifecycle status change: br.com.catbag.gifreduxsample.ui.GifListActivity@5c88af7 in: STOPPED
11-22 14:37:23.277  2276  2276 D LifecycleMonitor: Lifecycle status change: br.com.catbag.gifreduxsample.ui.GifListActivity@5c88af7 in: DESTROYED
11-22 14:37:23.290  1237  1441 I WindowManager: Destroying surface Surface(name=br.com.catbag.gifreduxsample/br.com.catbag.gifreduxsample.ui.GifListActivity) called by com.android.server.wm.WindowStateAnimator.destroySurface:2014 com.android.server.wm.WindowStateAnimator.destroySurfaceLocked:881 com.android.server.wm.WindowState.removeLocked:1449 com.android.server.wm.WindowManagerService.removeWindowInnerLocked:2478 com.android.server.wm.WindowManagerService.removeWindowLocked:2436 com.android.server.wm.WindowManagerService.removeWindowLocked:2305 com.android.server.wm.WindowManagerService.removeWindow:2300 com.android.server.wm.Session.remove:193 
11-22 14:37:23.621  2276  2276 D LifecycleMonitor: Lifecycle status change: br.com.catbag.gifreduxsample.ui.GifListActivity@b9679a8 in: PAUSED
11-22 14:37:23.702  2276  2291 I TestRunner: finished: whenPauseGifTest(br.com.catbag.gifreduxsample.ui.giflist.GifListActivityTest)
11-22 14:37:23.776   978   978 D gralloc : Registering a buffer in the process that created it. This may cause memory ordering problems.
11-22 14:37:23.777   978   978 E libEGL  : called unimplemented OpenGL ES API
11-22 14:37:23.777   978   978 E SurfaceFlinger: glCheckFramebufferStatusOES error -944636200
11-22 14:37:23.777   978   978 E SurfaceFlinger: got GL_FRAMEBUFFER_COMPLETE_OES error while taking screenshot
11-22 14:37:23.780  1237  1638 W WindowManager: Screenshot failure taking screenshot for (480x800) to layer 21005
11-22 14:37:23.825  2276  2276 I MonitoringInstrumentation: Activities that are still in CREATED to STOPPED: 1
11-22 14:37:23.827  2276  2291 I TestRunner: started: whenLoadMultipleGifsOnAppStateTest(br.com.catbag.gifreduxsample.ui.giflist.GifListActivityTest)
11-22 14:37:23.829  2276  2276 I MonitoringInstrumentation: Activities that are still in CREATED to STOPPED: 1
11-22 14:37:23.956  2276  2292 I DroidFlux:Dispatcher: [STARTED] dispatch of action [FAKE_REDUCE_ACTION]
11-22 14:37:23.957  2276  2292 I DroidFlux:Dispatcher: [COMPLETED] dispatch of action [FAKE_REDUCE_ACTION]
11-22 14:37:23.986  2276  2321 D ActivityTestRule: Launching activity br.com.catbag.gifreduxsample.ui.GifListActivity
11-22 14:37:24.002  2276  2322 D MonitoringInstrumentation: execStartActivity(context, ibinder, ibinder, activity, intent, int, bundle
11-22 14:37:24.009  1237  1645 I ActivityManager: START u0 {flg=0x10000000 cmp=br.com.catbag.gifreduxsample/.ui.GifListActivity} from uid 10060 on display 0
11-22 14:37:24.078  1730  1730 W art     : Long monitor contention with owner Binder:1730_3 (2297) at boolean android.os.MessageQueue.enqueueMessage(android.os.Message, long)(MessageQueue.java:541) waiters=0 in android.os.Message android.os.MessageQueue.next() for 415ms
11-22 14:37:24.081  1730  1750 W art     : Long monitor contention with owner Binder:1730_3 (2297) at boolean android.os.MessageQueue.enqueueMessage(android.os.Message, long)(MessageQueue.java:541) waiters=1 in boolean android.os.MessageQueue.enqueueMessage(android.os.Message, long) for 295ms
11-22 14:37:24.193  2276  2276 D LifecycleMonitor: Lifecycle status change: br.com.catbag.gifreduxsample.ui.GifListActivity@160295 in: PRE_ON_CREATE
11-22 14:37:24.211  2276  2276 D LifecycleMonitor: Lifecycle status change: br.com.catbag.gifreduxsample.ui.GifListActivity@160295 in: CREATED
11-22 14:37:24.211  2276  2276 D LifecycleMonitor: Lifecycle status change: br.com.catbag.gifreduxsample.ui.GifListActivity@160295 in: STARTED
11-22 14:37:24.213  2276  2292 I DroidFlux:Dispatcher: [STARTED] dispatch of action [GIF_LIST_FETCHING]
11-22 14:37:24.213  2276  2292 D DroidFlux:Dispatcher: An action of type [GIF_LIST_FETCHING] was dispatched, but no reducer handled it
11-22 14:37:24.213  2276  2292 I DroidFlux:Dispatcher: [COMPLETED] dispatch of action [GIF_LIST_FETCHING]
11-22 14:37:24.237  2276  2276 D LifecycleMonitor: Lifecycle status change: br.com.catbag.gifreduxsample.ui.GifListActivity@160295 in: RESUMED
11-22 14:37:24.496  2276  2281 I art     : Do partial code cache collection, code=121KB, data=122KB
11-22 14:37:24.497  2276  2281 I art     : After code cache collection, code=119KB, data=122KB
11-22 14:37:24.497  2276  2281 I art     : Increasing code cache capacity to 512KB
11-22 14:37:24.748  1237  1258 I Choreographer: Skipped 58 frames!  The application may be doing too much work on its main thread.
11-22 14:37:24.752  1237  1370 W art     : Long monitor contention with owner android.display (1258) at void com.android.server.wm.WindowAnimator$1.doFrame(long)(WindowAnimator.java:138) waiters=1 in int com.android.server.wm.WindowManagerService.relayoutWindow(com.android.server.wm.Session, android.view.IWindow, int, android.view.WindowManager$LayoutParams, int, int, int, int, android.graphics.Rect, android.graphics.Rect, android.graphics.Rect, android.graphics.Rect, android.graphics.Rect, android.graphics.Rect, android.graphics.Rect, android.content.res.Configuration, android.view.Surface) for 247ms
11-22 14:37:24.982  1237  1258 I Choreographer: Skipped 59 frames!  The application may be doing too much work on its main thread.
11-22 14:37:24.985  1237  1645 W art     : Long monitor contention with owner android.display (1258) at void com.android.server.wm.WindowAnimator$1.doFrame(long)(WindowAnimator.java:138) waiters=1 in int com.android.server.wm.WindowManagerService.relayoutWindow(com.android.server.wm.Session, android.view.IWindow, int, android.view.WindowManager$LayoutParams, int, int, int, int, android.graphics.Rect, android.graphics.Rect, android.graphics.Rect, android.graphics.Rect, android.graphics.Rect, android.graphics.Rect, android.graphics.Rect, android.content.res.Configuration, android.view.Surface) for 477ms
11-22 14:37:25.162  1237  1370 I WindowManager: Destroying surface Surface(name=com.android.launcher3/com.android.launcher3.Launcher) called by com.android.server.wm.WindowStateAnimator.destroySurface:2014 com.android.server.wm.WindowStateAnimator.destroySurfaceLocked:881 com.android.server.wm.WindowState.destroyOrSaveSurface:2073 com.android.server.wm.WindowManagerService.tryStartExitingAnimation:3017 com.android.server.wm.WindowManagerService.relayoutWindow:2897 com.android.server.wm.Session.relayout:215 android.view.IWindowSession$Stub.onTransact:286 com.android.server.wm.Session.onTransact:136 
11-22 14:37:25.397  1237  1258 I Choreographer: Skipped 60 frames!  The application may be doing too much work on its main thread.
11-22 14:37:25.470  1237  1258 I ActivityManager: Displayed br.com.catbag.gifreduxsample/.ui.GifListActivity: +1s347ms
11-22 14:37:25.532  2276  2276 D LifecycleMonitor: Lifecycle status change: br.com.catbag.gifreduxsample.ui.GifListActivity@b9679a8 in: STOPPED
11-22 14:37:25.533  2276  2276 D LifecycleMonitor: Lifecycle status change: br.com.catbag.gifreduxsample.ui.GifListActivity@b9679a8 in: DESTROYED
11-22 14:37:25.547  1237  1645 I WindowManager: Destroying surface Surface(name=br.com.catbag.gifreduxsample/br.com.catbag.gifreduxsample.ui.GifListActivity) called by com.android.server.wm.WindowStateAnimator.destroySurface:2014 com.android.server.wm.WindowStateAnimator.destroySurfaceLocked:881 com.android.server.wm.WindowState.removeLocked:1449 com.android.server.wm.WindowManagerService.removeWindowInnerLocked:2478 com.android.server.wm.WindowManagerService.removeWindowLocked:2436 com.android.server.wm.WindowManagerService.removeWindowLocked:2305 com.android.server.wm.WindowManagerService.removeWindow:2300 com.android.server.wm.Session.remove:193 
11-22 14:37:25.672  2276  2276 W ResourceType: No package identifier when getting name for resource number 0x000000f5
11-22 14:37:25.672  2276  2276 I ViewInteraction: Performing 'scroll RecyclerView to position: 2' action on view with id: 245 (resource name not found)
11-22 14:37:25.758  1237  1258 I WindowManager: Destroying surface Surface(name=Starting br.com.catbag.gifreduxsample) called by com.android.server.wm.WindowStateAnimator.destroySurface:2014 com.android.server.wm.WindowStateAnimator.destroySurfaceLocked:881 com.android.server.wm.WindowState.destroyOrSaveSurface:2073 com.android.server.wm.AppWindowToken.destroySurfaces:363 com.android.server.wm.WindowStateAnimator.finishExit:565 com.android.server.wm.WindowStateAnimator.stepAnimationLocked:491 com.android.server.wm.WindowAnimator.updateWindowsLocked:303 com.android.server.wm.WindowAnimator.animateLocked:704 
11-22 14:37:26.014  2276  2276 W ResourceType: No package identifier when getting name for resource number 0x000000f5
11-22 14:37:26.033  2276  2276 W ResourceType: No package identifier when getting name for resource number 0x000000fc
11-22 14:37:26.033  2276  2276 I ViewInteraction: Performing 'scroll RecyclerView to position: 3' action on view with id: 252 (resource name not found)
11-22 14:37:26.362  2276  2276 W ResourceType: No package identifier when getting name for resource number 0x000000fc
11-22 14:37:26.386  2276  2276 W ResourceType: No package identifier when getting name for resource number 0x00000103
11-22 14:37:26.386  2276  2276 I ViewInteraction: Performing 'scroll RecyclerView to position: 4' action on view with id: 259 (resource name not found)
11-22 14:37:26.496  1237  1323 E TaskPersister: File error accessing recents directory (directory doesn't exist?).
11-22 14:37:26.716  2276  2276 W ResourceType: No package identifier when getting name for resource number 0x00000103
11-22 14:37:26.745  2276  2276 W ResourceType: No package identifier when getting name for resource number 0x0000010a
11-22 14:37:26.745  2276  2276 I ViewInteraction: Performing 'scroll RecyclerView to position: 5' action on view with id: 266 (resource name not found)
11-22 14:37:26.852  2276  2287 I art     : Background sticky concurrent mark sweep GC freed 21128(1549KB) AllocSpace objects, 9(192KB) LOS objects, 10% free, 13MB/14MB, paused 17.750ms total 136.571ms
11-22 14:37:27.061  2276  2276 W ResourceType: No package identifier when getting name for resource number 0x0000010a
11-22 14:37:27.081  2276  2276 W ResourceType: No package identifier when getting name for resource number 0x00000111
11-22 14:37:27.082  2276  2276 I ViewInteraction: Performing 'scroll RecyclerView to position: 6' action on view with id: 273 (resource name not found)
11-22 14:37:27.391  2276  2276 W ResourceType: No package identifier when getting name for resource number 0x00000111
11-22 14:37:27.434  2276  2276 W ResourceType: No package identifier when getting name for resource number 0x00000118
11-22 14:37:27.435  2276  2276 I ViewInteraction: Performing 'scroll RecyclerView to position: 7' action on view with id: 280 (resource name not found)
11-22 14:37:27.730  2276  2276 W ResourceType: No package identifier when getting name for resource number 0x00000118
11-22 14:37:27.829  2276  2287 I art     : Background sticky concurrent mark sweep GC freed 9865(969KB) AllocSpace objects, 9(192KB) LOS objects, 7% free, 13MB/14MB, paused 6.617ms total 73.075ms
11-22 14:37:27.845  2276  2276 W ResourceType: No package identifier when getting name for resource number 0x0000011f
11-22 14:37:27.846  2276  2276 I ViewInteraction: Performing 'scroll RecyclerView to position: 8' action on view with id: 287 (resource name not found)
11-22 14:37:28.148  2276  2276 W ResourceType: No package identifier when getting name for resource number 0x0000011f
11-22 14:37:28.188  2276  2276 W ResourceType: No package identifier when getting name for resource number 0x00000126
11-22 14:37:28.188  2276  2276 I ViewInteraction: Performing 'scroll RecyclerView to position: 9' action on view with id: 294 (resource name not found)
11-22 14:37:28.308  2276  2287 I art     : Background sticky concurrent mark sweep GC freed 3949(349KB) AllocSpace objects, 3(64KB) LOS objects, 3% free, 14MB/14MB, paused 10.970ms total 98.058ms
11-22 14:37:28.532  2276  2276 W ResourceType: No package identifier when getting name for resource number 0x00000126
11-22 14:37:28.617  2276  2276 D LifecycleMonitor: Lifecycle status change: br.com.catbag.gifreduxsample.ui.GifListActivity@160295 in: PAUSED
11-22 14:37:28.626  2276  2291 I TestRunner: finished: whenLoadMultipleGifsOnAppStateTest(br.com.catbag.gifreduxsample.ui.giflist.GifListActivityTest)
11-22 14:37:28.701   978   978 D gralloc : Registering a buffer in the process that created it. This may cause memory ordering problems.
11-22 14:37:28.702   978   978 E libEGL  : called unimplemented OpenGL ES API
11-22 14:37:28.702   978   978 E SurfaceFlinger: glCheckFramebufferStatusOES error -944636200
11-22 14:37:28.702   978   978 E SurfaceFlinger: got GL_FRAMEBUFFER_COMPLETE_OES error while taking screenshot
11-22 14:37:28.717  1237  1669 W WindowManager: Screenshot failure taking screenshot for (480x800) to layer 21005
11-22 14:37:28.778  2276  2276 I MonitoringInstrumentation: Activities that are still in CREATED to STOPPED: 1
11-22 14:37:28.782  2276  2291 I TestRunner: run finished: 11 tests, 0 failed, 0 ignored
11-22 14:37:28.835  2276  2276 I Choreographer: Skipped 52 frames!  The application may be doing too much work on its main thread.
11-22 14:37:29.318  2276  2291 I MonitoringInstrumentation: Unstopped activity count: 1
11-22 14:37:29.384  2276  2291 I MonitoringInstrumentation: Unstopped activity count: 1
11-22 14:37:29.425  2276  2276 I MonitoringInstrumentation: Activities that are still in CREATED to STOPPED: 1
11-22 14:37:29.445  2276  2291 I MonitoringInstrumentation: Unstopped activity count: 1
11-22 14:37:29.510  2276  2291 I MonitoringInstrumentation: Unstopped activity count: 1
11-22 14:37:29.550  2276  2287 I art     : Background partial concurrent mark sweep GC freed 9877(807KB) AllocSpace objects, 4(84KB) LOS objects, 22% free, 13MB/17MB, paused 28.512ms total 939.698ms
11-22 14:37:29.575  2276  2291 I MonitoringInstrumentation: Unstopped activity count: 1
11-22 14:37:29.627  1730  1730 W art     : Long monitor contention with owner Binder:1730_3 (2297) at boolean android.os.MessageQueue.enqueueMessage(android.os.Message, long)(MessageQueue.java:541) waiters=0 in android.os.Message android.os.MessageQueue.next() for 973ms
11-22 14:37:29.629  1730  1750 W art     : Long monitor contention with owner Binder:1730_3 (2297) at boolean android.os.MessageQueue.enqueueMessage(android.os.Message, long)(MessageQueue.java:541) waiters=1 in boolean android.os.MessageQueue.enqueueMessage(android.os.Message, long) for 907ms
11-22 14:37:29.636  2276  2291 I MonitoringInstrumentation: Unstopped activity count: 1
11-22 14:37:29.694  2276  2291 I MonitoringInstrumentation: Unstopped activity count: 1
11-22 14:37:29.754  2276  2291 I MonitoringInstrumentation: Unstopped activity count: 1
11-22 14:37:29.814  2276  2291 I MonitoringInstrumentation: Unstopped activity count: 1
11-22 14:37:29.874  2276  2291 I MonitoringInstrumentation: Unstopped activity count: 1
11-22 14:37:29.936  2276  2291 I MonitoringInstrumentation: Unstopped activity count: 1
11-22 14:37:29.976  1730  1730 I Choreographer: Skipped 30 frames!  The application may be doing too much work on its main thread.
11-22 14:37:29.996  2276  2291 I MonitoringInstrumentation: Unstopped activity count: 1
11-22 14:37:30.055  2276  2291 I MonitoringInstrumentation: Unstopped activity count: 1
11-22 14:37:30.115  2276  2291 I MonitoringInstrumentation: Unstopped activity count: 1
11-22 14:37:30.140  2276  2276 I Choreographer: Skipped 72 frames!  The application may be doing too much work on its main thread.
11-22 14:37:30.176  2276  2291 I MonitoringInstrumentation: Unstopped activity count: 1
11-22 14:37:30.235  2276  2291 I MonitoringInstrumentation: Unstopped activity count: 1
11-22 14:37:30.295  2276  2291 I MonitoringInstrumentation: Unstopped activity count: 1
11-22 14:37:30.307  1237  1258 I Choreographer: Skipped 52 frames!  The application may be doing too much work on its main thread.
11-22 14:37:30.355  2276  2291 I MonitoringInstrumentation: Unstopped activity count: 1
11-22 14:37:30.406  2276  2276 D LifecycleMonitor: Lifecycle status change: br.com.catbag.gifreduxsample.ui.GifListActivity@160295 in: STOPPED
11-22 14:37:30.408  2276  2276 D LifecycleMonitor: Lifecycle status change: br.com.catbag.gifreduxsample.ui.GifListActivity@160295 in: DESTROYED
11-22 14:37:30.415  2276  2291 I MonitoringInstrumentation: waitForActivitiesToComplete() took: 1096ms
11-22 14:37:30.442  1237  1642 I ActivityManager: Force stopping br.com.catbag.gifreduxsample appid=10060 user=0: finished inst
11-22 14:37:30.442  1237  1642 I ActivityManager: Killing 2276:br.com.catbag.gifreduxsample/u0a60 (adj 0): stop br.com.catbag.gifreduxsample
11-22 14:37:30.466  2266  2266 D AndroidRuntime: Shutting down VM
