11-25 19:14:10.359  1237  1351 I WindowManager: Destroying surface Surface(name=br.com.catbag.gifreduxsample/br.com.catbag.gifreduxsample.ui.GifListActivity) called by com.android.server.wm.WindowStateAnimator.destroySurface:2014 com.android.server.wm.WindowStateAnimator.destroySurfaceLocked:881 com.android.server.wm.WindowState.removeLocked:1449 com.android.server.wm.WindowManagerService.removeWindowInnerLocked:2478 com.android.server.wm.WindowManagerService.removeWindowLocked:2436 com.android.server.wm.WindowManagerService.removeWindowLocked:2305 com.android.server.wm.WindowManagerService.removeWindow:2300 com.android.server.wm.Session.remove:193 
11-25 19:14:10.365  2239  2239 D LifecycleMonitor: Lifecycle status change: br.com.catbag.gifreduxsample.ui.GifListActivity@c300e82 in: STOPPED
11-25 19:14:10.366  2239  2239 D LifecycleMonitor: Lifecycle status change: br.com.catbag.gifreduxsample.ui.GifListActivity@c300e82 in: DESTROYED
11-25 19:14:10.373  1237  1356 I WindowManager: Destroying surface Surface(name=br.com.catbag.gifreduxsample/br.com.catbag.gifreduxsample.ui.GifListActivity) called by com.android.server.wm.WindowStateAnimator.destroySurface:2014 com.android.server.wm.WindowStateAnimator.destroySurfaceLocked:881 com.android.server.wm.WindowState.removeLocked:1449 com.android.server.wm.WindowManagerService.removeWindowInnerLocked:2478 com.android.server.wm.WindowManagerService.removeWindowLocked:2436 com.android.server.wm.WindowManagerService.removeWindowLocked:2305 com.android.server.wm.WindowManagerService.removeWindow:2300 com.android.server.wm.Session.remove:193 
11-25 19:14:10.378  2239  2239 D LifecycleMonitor: Lifecycle status change: br.com.catbag.gifreduxsample.ui.GifListActivity@349b8ae in: STOPPED
11-25 19:14:10.379  2239  2239 D LifecycleMonitor: Lifecycle status change: br.com.catbag.gifreduxsample.ui.GifListActivity@349b8ae in: DESTROYED
11-25 19:14:10.381  1237  1249 I WindowManager: Destroying surface Surface(name=br.com.catbag.gifreduxsample/br.com.catbag.gifreduxsample.ui.GifListActivity) called by com.android.server.wm.WindowStateAnimator.destroySurface:2014 com.android.server.wm.WindowStateAnimator.destroySurfaceLocked:881 com.android.server.wm.WindowState.removeLocked:1449 com.android.server.wm.WindowManagerService.removeWindowInnerLocked:2478 com.android.server.wm.WindowManagerService.removeWindowLocked:2436 com.android.server.wm.WindowManagerService.removeWindowLocked:2305 com.android.server.wm.WindowManagerService.removeWindow:2300 com.android.server.wm.Session.remove:193 
11-25 19:14:10.395  2239  2239 I Choreographer: Skipped 103 frames!  The application may be doing too much work on its main thread.
11-25 19:14:10.509  1237  1258 I WindowManager: Destroying surface Surface(name=com.android.launcher3/com.android.launcher3.Launcher) called by com.android.server.wm.WindowStateAnimator.destroySurface:2014 com.android.server.wm.WindowStateAnimator.destroySurfaceLocked:881 com.android.server.wm.WindowState.destroyOrSaveSurface:2073 com.android.server.wm.AppWindowToken.destroySurfaces:363 com.android.server.wm.WindowStateAnimator.finishExit:565 com.android.server.wm.AppWindowAnimator.stepAnimationLocked:427 com.android.server.wm.WindowAnimator.updateAppWindowsLocked:176 com.android.server.wm.WindowAnimator.animateLocked:678 
11-25 19:14:10.610  2239  2255 I TestRunner: finished: whenGifDownloadFailTest(br.com.catbag.gifreduxsample.ui.giflist.GifListActivityTest)
11-25 19:14:10.619  2239  2239 D LifecycleMonitor: Lifecycle status change: br.com.catbag.gifreduxsample.ui.GifListActivity@ba186a in: PAUSED
11-25 19:14:10.681   978   978 D gralloc : Registering a buffer in the process that created it. This may cause memory ordering problems.
11-25 19:14:10.681   978   978 E libEGL  : called unimplemented OpenGL ES API
11-25 19:14:10.682   978   978 E SurfaceFlinger: glCheckFramebufferStatusOES error 25970820
11-25 19:14:10.682   978   978 E SurfaceFlinger: got GL_FRAMEBUFFER_COMPLETE_OES error while taking screenshot
11-25 19:14:10.684  1237  1731 W WindowManager: Screenshot failure taking screenshot for (480x800) to layer 22015
11-25 19:14:10.690  2239  2239 I MonitoringInstrumentation: Activities that are still in CREATED to STOPPED: 1
11-25 19:14:10.693  2239  2255 I TestRunner: started: whenDefaultGifsAreLoaded(br.com.catbag.gifreduxsample.ui.giflist.GifListActivityTest)
11-25 19:14:10.695  1237  1258 I Choreographer: Skipped 30 frames!  The application may be doing too much work on its main thread.
11-25 19:14:10.697  2239  2239 I MonitoringInstrumentation: Activities that are still in CREATED to STOPPED: 1
11-25 19:14:10.981  1237  1258 I WindowManager: Destroying surface Surface(name=Starting br.com.catbag.gifreduxsample) called by com.android.server.wm.WindowStateAnimator.destroySurface:2014 com.android.server.wm.WindowStateAnimator.destroySurfaceLocked:881 com.android.server.wm.WindowState.removeLocked:1449 com.android.server.wm.WindowManagerService.removeWindowInnerLocked:2478 com.android.server.wm.AppWindowToken.destroySurfaces:365 com.android.server.wm.WindowStateAnimator.finishExit:565 com.android.server.wm.WindowStateAnimator.stepAnimationLocked:491 com.android.server.wm.WindowAnimator.updateWindowsLocked:303 
11-25 19:14:11.233  2239  2239 D LifecycleMonitor: Lifecycle status change: br.com.catbag.gifreduxsample.ui.GifListActivity@ba186a in: STOPPED
11-25 19:14:11.233  2239  2239 D LifecycleMonitor: Lifecycle status change: br.com.catbag.gifreduxsample.ui.GifListActivity@ba186a in: DESTROYED
11-25 19:14:11.377  1237  1258 I WindowManager: Destroying surface Surface(name=br.com.catbag.gifreduxsample/br.com.catbag.gifreduxsample.ui.GifListActivity) called by com.android.server.wm.WindowStateAnimator.destroySurface:2014 com.android.server.wm.WindowStateAnimator.destroySurfaceLocked:881 com.android.server.wm.WindowState.destroyOrSaveSurface:2073 com.android.server.wm.AppWindowToken.destroySurfaces:363 com.android.server.wm.WindowStateAnimator.finishExit:565 com.android.server.wm.WindowStateAnimator.stepAnimationLocked:491 com.android.server.wm.WindowAnimator.updateWindowsLocked:303 com.android.server.wm.WindowAnimator.animateLocked:704 
11-25 19:14:11.564  2301  2301 W dex2oat : Unexpected CPU variant for X86 using defaults: x86
11-25 19:14:11.564  2301  2301 W dex2oat : Mismatch between dex2oat instruction set features (ISA: X86 Feature string: smp,-ssse3,-sse4.1,-sse4.2,-avx,-avx2,-lock_add,-popcnt) and those of dex2oat executable (ISA: X86 Feature string: smp,ssse3,-sse4.1,-sse4.2,-avx,-avx2,-lock_add,-popcnt) for the command line:
11-25 19:14:11.564  2301  2301 W dex2oat : /system/bin/dex2oat --runtime-arg -classpath --runtime-arg & --instruction-set=x86 --instruction-set-features=smp,ssse3,-sse4.1,-sse4.2,-avx,-avx2,-lock_add,-popcnt --runtime-arg -Xrelocate --boot-image=/system/framework/boot.art --runtime-arg -Xms64m --runtime-arg -Xmx512m --instruction-set-variant=x86 --instruction-set-features=default --dex-file=/data/user/0/br.com.catbag.gifreduxsample/app_dxmaker_cache/Generated_1514457007.jar --oat-fd=59 --oat-location=/data/user/0/br.com.catbag.gifreduxsample/app_dxmaker_cache/Generated_1514457007.dex --compiler-filter=speed
11-25 19:14:11.565  2301  2301 I dex2oat : /system/bin/dex2oat --dex-file=/data/user/0/br.com.catbag.gifreduxsample/app_dxmaker_cache/Generated_1514457007.jar --oat-fd=59 --oat-location=/data/user/0/br.com.catbag.gifreduxsample/app_dxmaker_cache/Generated_1514457007.dex --compiler-filter=speed
11-25 19:14:11.736  2301  2301 I dex2oat : dex2oat took 172.319ms (threads: 1) arena alloc=47KB (48528B) java alloc=28KB (28768B) native alloc=789KB (808488B) free=746KB (764376B)
11-25 19:14:11.762  2239  2300 D ActivityTestRule: Launching activity br.com.catbag.gifreduxsample.ui.GifListActivity
11-25 19:14:11.768  2239  2303 D MonitoringInstrumentation: execStartActivity(context, ibinder, ibinder, activity, intent, int, bundle
11-25 19:14:11.769  1237  1665 I ActivityManager: START u0 {flg=0x10000000 cmp=br.com.catbag.gifreduxsample/.ui.GifListActivity} from uid 10060 on display 0
11-25 19:14:11.874  2239  2239 D LifecycleMonitor: Lifecycle status change: br.com.catbag.gifreduxsample.ui.GifListActivity@29231e9 in: PRE_ON_CREATE
11-25 19:14:11.914  2239  2239 D LifecycleMonitor: Lifecycle status change: br.com.catbag.gifreduxsample.ui.GifListActivity@29231e9 in: CREATED
11-25 19:14:11.915  2239  2256 I DroidFlux:Dispatcher: [STARTED] dispatch of action [APP_STATE_LOAD]
11-25 19:14:11.916  2239  2256 D DroidFlux:Dispatcher: An action of type [APP_STATE_LOAD] was dispatched, but no reducer handled it
11-25 19:14:11.916  2239  2256 I DroidFlux:Dispatcher: [COMPLETED] dispatch of action [APP_STATE_LOAD]
11-25 19:14:11.926  2239  2239 D LifecycleMonitor: Lifecycle status change: br.com.catbag.gifreduxsample.ui.GifListActivity@29231e9 in: STARTED
11-25 19:14:11.979  2239  2239 D LifecycleMonitor: Lifecycle status change: br.com.catbag.gifreduxsample.ui.GifListActivity@29231e9 in: RESUMED
11-25 19:14:12.114  1237  1258 I ActivityManager: Displayed br.com.catbag.gifreduxsample/.ui.GifListActivity: +301ms
11-25 19:14:12.131  2239  2304 E DataManager: appstate not loaded
11-25 19:14:12.131  2239  2304 E DataManager: com.snappydb.SnappydbException: Failed to get a String: NotFound: 
11-25 19:14:12.131  2239  2304 E DataManager: 	at com.snappydb.internal.DBImpl.__get(Native Method)
11-25 19:14:12.131  2239  2304 E DataManager: 	at com.snappydb.internal.DBImpl.get(DBImpl.java:348)
11-25 19:14:12.131  2239  2304 E DataManager: 	at br.com.catbag.gifreduxsample.asyncs.data.storage.Database.getAppState(Database.java:29)
11-25 19:14:12.131  2239  2304 E DataManager: 	at br.com.catbag.gifreduxsample.asyncs.data.DataManager.lambda$loadAppState$0(DataManager.java:61)
11-25 19:14:12.131  2239  2304 E DataManager: 	at br.com.catbag.gifreduxsample.asyncs.data.DataManager$$Lambda$1.run(Unknown Source)
11-25 19:14:12.131  2239  2304 E DataManager: 	at java.lang.Thread.run(Thread.java:761)
11-25 19:14:12.131  2239  2256 I DroidFlux:Dispatcher: [STARTED] dispatch of action [APP_STATE_LOADED]
11-25 19:14:12.132  2239  2256 I DroidFlux:Dispatcher: [COMPLETED] dispatch of action [APP_STATE_LOADED]
11-25 19:14:12.186  2239  2256 I DroidFlux:Dispatcher: [STARTED] dispatch of action [GIF_LIST_FETCHING]
11-25 19:14:12.319  2239  2256 D DroidFlux:Dispatcher: An action of type [GIF_LIST_FETCHING] was dispatched, but no reducer handled it
11-25 19:14:12.319  2239  2256 I DroidFlux:Dispatcher: [COMPLETED] dispatch of action [GIF_LIST_FETCHING]
11-25 19:14:12.320  2239  2256 I DroidFlux:Dispatcher: [STARTED] dispatch of action [GIF_LIST_FETCHING]
11-25 19:14:12.326  2239  2256 D DroidFlux:Dispatcher: An action of type [GIF_LIST_FETCHING] was dispatched, but no reducer handled it
11-25 19:14:12.326  2239  2256 I DroidFlux:Dispatcher: [COMPLETED] dispatch of action [GIF_LIST_FETCHING]
11-25 19:14:12.340  1237  1258 I WindowManager: Destroying surface Surface(name=Starting br.com.catbag.gifreduxsample) called by com.android.server.wm.WindowStateAnimator.destroySurface:2014 com.android.server.wm.WindowStateAnimator.destroySurfaceLocked:881 com.android.server.wm.WindowState.destroyOrSaveSurface:2073 com.android.server.wm.AppWindowToken.destroySurfaces:363 com.android.server.wm.WindowStateAnimator.finishExit:565 com.android.server.wm.WindowStateAnimator.stepAnimationLocked:491 com.android.server.wm.WindowAnimator.updateWindowsLocked:303 com.android.server.wm.WindowAnimator.animateLocked:704 
11-25 19:14:12.381  2239  2239 W ResourceType: No package identifier when getting name for resource number 0x000000fe
11-25 19:14:12.555  2239  2250 I art     : Background sticky concurrent mark sweep GC freed 48000(2MB) AllocSpace objects, 3(64KB) LOS objects, 16% free, 14MB/17MB, paused 13.044ms total 124.080ms
11-25 19:14:12.623  2239  2239 D LifecycleMonitor: Lifecycle status change: br.com.catbag.gifreduxsample.ui.GifListActivity@29231e9 in: PAUSED
11-25 19:14:12.635  2239  2255 I TestRunner: finished: whenDefaultGifsAreLoaded(br.com.catbag.gifreduxsample.ui.giflist.GifListActivityTest)
11-25 19:14:12.679   978   978 D gralloc : Registering a buffer in the process that created it. This may cause memory ordering problems.
11-25 19:14:12.685   978   978 E libEGL  : called unimplemented OpenGL ES API
11-25 19:14:12.685   978   978 E SurfaceFlinger: glCheckFramebufferStatusOES error 25970820
11-25 19:14:12.685   978   978 E SurfaceFlinger: got GL_FRAMEBUFFER_COMPLETE_OES error while taking screenshot
11-25 19:14:12.693  1237  1665 W WindowManager: Screenshot failure taking screenshot for (480x800) to layer 21010
11-25 19:14:12.703  2239  2239 I MonitoringInstrumentation: Activities that are still in CREATED to STOPPED: 1
11-25 19:14:12.704  2239  2255 I TestRunner: started: whenPauseGifTest(br.com.catbag.gifreduxsample.ui.giflist.GifListActivityTest)
11-25 19:14:12.711  2239  2239 I MonitoringInstrumentation: Activities that are still in CREATED to STOPPED: 1
11-25 19:14:12.768  2239  2256 I DroidFlux:Dispatcher: [STARTED] dispatch of action [FAKE_REDUCE_ACTION]
11-25 19:14:12.769  2239  2256 I DroidFlux:Dispatcher: [COMPLETED] dispatch of action [FAKE_REDUCE_ACTION]
11-25 19:14:12.785  2239  2239 D LifecycleMonitor: Lifecycle status change: br.com.catbag.gifreduxsample.ui.GifListActivity@29231e9 in: STOPPED
11-25 19:14:12.785  2239  2239 D LifecycleMonitor: Lifecycle status change: br.com.catbag.gifreduxsample.ui.GifListActivity@29231e9 in: DESTROYED
11-25 19:14:12.788  2239  2311 D ActivityTestRule: Launching activity br.com.catbag.gifreduxsample.ui.GifListActivity
11-25 19:14:12.869  2239  2312 D MonitoringInstrumentation: execStartActivity(context, ibinder, ibinder, activity, intent, int, bundle
11-25 19:14:12.870  1237  1665 I ActivityManager: START u0 {flg=0x10000000 cmp=br.com.catbag.gifreduxsample/.ui.GifListActivity} from uid 10060 on display 0
11-25 19:14:13.006  1748  1748 I Choreographer: Skipped 32 frames!  The application may be doing too much work on its main thread.
11-25 19:14:13.077  2239  2239 I Choreographer: Skipped 76 frames!  The application may be doing too much work on its main thread.
11-25 19:14:13.090  2239  2239 D LifecycleMonitor: Lifecycle status change: br.com.catbag.gifreduxsample.ui.GifListActivity@8faa4fd in: PRE_ON_CREATE
11-25 19:14:13.161  1237  1258 I WindowManager: Destroying surface Surface(name=br.com.catbag.gifreduxsample/br.com.catbag.gifreduxsample.ui.GifListActivity) called by com.android.server.wm.WindowStateAnimator.destroySurface:2014 com.android.server.wm.WindowStateAnimator.destroySurfaceLocked:881 com.android.server.wm.WindowState.removeLocked:1449 com.android.server.wm.WindowManagerService.removeWindowInnerLocked:2478 com.android.server.wm.AppWindowToken.destroySurfaces:365 com.android.server.wm.WindowStateAnimator.finishExit:565 com.android.server.wm.WindowStateAnimator.stepAnimationLocked:491 com.android.server.wm.WindowAnimator.updateWindowsLocked:303 
11-25 19:14:13.188  2239  2239 D LifecycleMonitor: Lifecycle status change: br.com.catbag.gifreduxsample.ui.GifListActivity@8faa4fd in: CREATED
11-25 19:14:13.189  2239  2256 I DroidFlux:Dispatcher: [STARTED] dispatch of action [APP_STATE_LOAD]
11-25 19:14:13.190  2239  2256 D DroidFlux:Dispatcher: An action of type [APP_STATE_LOAD] was dispatched, but no reducer handled it
11-25 19:14:13.190  2239  2256 I DroidFlux:Dispatcher: [COMPLETED] dispatch of action [APP_STATE_LOAD]
11-25 19:14:13.190  2239  2239 D LifecycleMonitor: Lifecycle status change: br.com.catbag.gifreduxsample.ui.GifListActivity@8faa4fd in: STARTED
11-25 19:14:13.191  2239  2239 D LifecycleMonitor: Lifecycle status change: br.com.catbag.gifreduxsample.ui.GifListActivity@8faa4fd in: RESUMED
11-25 19:14:13.379  1237  1258 I ActivityManager: Displayed br.com.catbag.gifreduxsample/.ui.GifListActivity: +350ms
11-25 19:14:13.444  2239  2239 I ViewInteraction: Performing 'single click' action on view with id: br.com.catbag.gifreduxsample:id/gif_image
11-25 19:14:13.499  2239  2256 I DroidFlux:Dispatcher: [STARTED] dispatch of action [GIF_LIST_UPDATED]
11-25 19:14:13.500  2239  2256 I DroidFlux:Dispatcher: [COMPLETED] dispatch of action [GIF_LIST_UPDATED]
11-25 19:14:13.518  2239  2256 I DroidFlux:Dispatcher: [STARTED] dispatch of action [GIF_DOWNLOAD_START]
11-25 19:14:13.532  2239  2256 I DroidFlux:Dispatcher: [COMPLETED] dispatch of action [GIF_DOWNLOAD_START]
11-25 19:14:13.560  2239  2256 I DroidFlux:Dispatcher: [STARTED] dispatch of action [GIF_LIST_UPDATED]
11-25 19:14:13.561  2239  2256 I DroidFlux:Dispatcher: [COMPLETED] dispatch of action [GIF_LIST_UPDATED]
11-25 19:14:13.595  1237  1258 I WindowManager: Destroying surface Surface(name=Starting br.com.catbag.gifreduxsample) called by com.android.server.wm.WindowStateAnimator.destroySurface:2014 com.android.server.wm.WindowStateAnimator.destroySurfaceLocked:881 com.android.server.wm.WindowState.destroyOrSaveSurface:2073 com.android.server.wm.AppWindowToken.destroySurfaces:363 com.android.server.wm.WindowStateAnimator.finishExit:565 com.android.server.wm.WindowStateAnimator.stepAnimationLocked:491 com.android.server.wm.WindowAnimator.updateWindowsLocked:303 com.android.server.wm.WindowAnimator.animateLocked:704 
11-25 19:14:13.908  2239  2256 I DroidFlux:Dispatcher: [STARTED] dispatch of action [GIF_DOWNLOAD_SUCCESS]
11-25 19:14:13.910  2239  2256 I DroidFlux:Dispatcher: [COMPLETED] dispatch of action [GIF_DOWNLOAD_SUCCESS]
11-25 19:14:13.955  1237  1258 I Choreographer: Skipped 43 frames!  The application may be doing too much work on its main thread.
11-25 19:14:14.095  1237  1249 I WindowManager: Destroying surface Surface(name=com.android.launcher3/com.android.launcher3.Launcher) called by com.android.server.wm.WindowStateAnimator.destroySurface:2014 com.android.server.wm.WindowStateAnimator.destroySurfaceLocked:881 com.android.server.wm.WindowState.destroyOrSaveSurface:2073 com.android.server.wm.AppWindowToken.destroySurfaces:363 com.android.server.wm.AppWindowToken.notifyAppStopped:389 com.android.server.wm.WindowManagerService.notifyAppStopped:4456 com.android.server.am.ActivityStack.activityStoppedLocked:1252 com.android.server.am.ActivityManagerService.activityStopped:6873 
11-25 19:14:14.310  2239  2239 W ResourceType: No package identifier when getting name for resource number 0x00000100
11-25 19:14:14.344  2239  2239 D LifecycleMonitor: Lifecycle status change: br.com.catbag.gifreduxsample.ui.GifListActivity@8faa4fd in: PAUSED
11-25 19:14:14.374  2239  2255 I TestRunner: failed: whenPauseGifTest(br.com.catbag.gifreduxsample.ui.giflist.GifListActivityTest)
11-25 19:14:14.374  2239  2255 I TestRunner: ----- begin exception -----
11-25 19:14:14.375  2239  2255 I TestRunner: android.support.test.espresso.AmbiguousViewMatcherException: 'with id: br.com.catbag.gifreduxsample:id/gif_image' matches multiple views in the hierarchy.
11-25 19:14:14.375  2239  2255 I TestRunner: Problem views are marked with '****MATCHES****' below.
11-25 19:14:14.375  2239  2255 I TestRunner: 
11-25 19:14:14.375  2239  2255 I TestRunner: View Hierarchy:
11-25 19:14:14.375  2239  2255 I TestRunner: +>DecorView{id=-1, visibility=VISIBLE, width=480, height=800, has-focus=true, has-focusable=true, has-window-focus=true, is-clickable=false, is-enabled=true, is-focused=false, is-focusable=false, is-layout-requested=false, is-selected=false, root-is-layout-requested=false, has-input-connection=false, x=0.0, y=0.0, child-count=2} 
11-25 19:14:14.375  2239  2255 I TestRunner: |
11-25 19:14:14.375  2239  2255 I TestRunner: +->LinearLayout{id=-1, visibility=VISIBLE, width=480, height=800, has-focus=true, has-focusable=true, has-window-focus=true, is-clickable=false, is-enabled=true, is-focused=false, is-focusable=false, is-layout-requested=false, is-selected=false, root-is-layout-requested=false, has-input-connection=false, x=0.0, y=0.0, child-count=2} 
11-25 19:14:14.375  2239  2255 I TestRunner: |
11-25 19:14:14.375  2239  2255 I TestRunner: +-->ViewStub{id=16909288, res-name=action_mode_bar_stub, visibility=GONE, width=0, height=0, has-focus=false, has-focusable=false, has-window-focus=true, is-clickable=false, is-enabled=true, is-focused=false, is-focusable=false, is-layout-requested=true, is-selected=false, root-is-layout-requested=false, has-input-connection=false, x=0.0, y=0.0} 
11-25 19:14:14.375  2239  2255 I TestRunner: |
11-25 19:14:14.375  2239  2255 I TestRunner: +-->FrameLayout{id=-1, visibility=VISIBLE, width=480, height=764, has-focus=true, has-focusable=true, has-window-focus=true, is-clickable=false, is-enabled=true, is-focused=false, is-focusable=false, is-layout-requested=false, is-selected=false, root-is-layout-requested=false, has-input-connection=false, x=0.0, y=36.0, child-count=1} 
11-25 19:14:14.375  2239  2255 I TestRunner: |
11-25 19:14:14.375  2239  2255 I TestRunner: +--->ActionBarOverlayLayout{id=2131492928, res-name=decor_content_parent, visibility=VISIBLE, width=480, height=764, has-focus=true, has-focusable=true, has-window-focus=true, is-clickable=false, is-enabled=true, is-focused=false, is-focusable=false, is-layout-requested=false, is-selected=false, root-is-layout-requested=false, has-input-connection=false, x=0.0, y=0.0, child-count=2} 
11-25 19:14:14.375  2239  2255 I TestRunner: |
11-25 19:14:14.375  2239  2255 I TestRunner: +---->ContentFrameLayout{id=16908290, res-name=content, visibility=VISIBLE, width=480, height=680, has-focus=true, has-focusable=true, has-window-focus=true, is-clickable=false, is-enabled=true, is-focused=false, is-focusable=false, is-layout-requested=false, is-selected=false, root-is-layout-requested=false, has-input-connection=false, x=0.0, y=84.0, child-count=1} 
11-25 19:14:14.375  2239  2255 I TestRunner: |
11-25 19:14:14.375  2239  2255 I TestRunner: +----->RelativeLayout{id=2131492945, res-name=activity_gif_list, visibility=VISIBLE, width=480, height=680, has-focus=true, has-focusable=true, has-window-focus=true, is-clickable=false, is-enabled=true, is-focused=false, is-focusable=false, is-layout-requested=false, is-selected=false, root-is-layout-requested=false, has-input-connection=false, x=0.0, y=0.0, child-count=2} 
11-25 19:14:14.375  2239  2255 I TestRunner: |
11-25 19:14:14.375  2239  2255 I TestRunner: +------>FeedView{id=2131492946, res-name=feed, visibility=VISIBLE, width=432, height=632, has-focus=true, has-focusable=true, has-window-focus=true, is-clickable=false, is-enabled=true, is-focused=false, is-focusable=false, is-layout-requested=false, is-selected=false, root-is-layout-requested=false, has-input-connection=false, x=24.0, y=24.0, child-count=1} 
11-25 19:14:14.375  2239  2255 I TestRunner: |
11-25 19:14:14.375  2239  2255 I TestRunner: +------->RecyclerView{id=256, visibility=VISIBLE, width=432, height=632, has-focus=true, has-focusable=true, has-window-focus=true, is-clickable=false, is-enabled=true, is-focused=true, is-focusable=true, is-layout-requested=false, is-selected=false, root-is-layout-requested=false, has-input-connection=false, x=0.0, y=0.0, child-count=2} 
11-25 19:14:14.375  2239  2255 I TestRunner: |
11-25 19:14:14.375  2239  2255 I TestRunner: +-------->FrameLayout{id=-1, visibility=VISIBLE, width=432, height=480, has-focus=false, has-focusable=false, has-window-focus=true, is-clickable=false, is-enabled=true, is-focused=false, is-focusable=false, is-layout-requested=false, is-selected=false, root-is-layout-requested=false, has-input-connection=false, x=0.0, y=0.0, child-count=1} 
11-25 19:14:14.375  2239  2255 I TestRunner: |
11-25 19:14:14.375  2239  2255 I TestRunner: +--------->GifView{id=-1, visibility=VISIBLE, width=432, height=480, has-focus=false, has-focusable=false, has-window-focus=true, is-clickable=false, is-enabled=true, is-focused=false, is-focusable=false, is-layout-requested=false, is-selected=false, root-is-layout-reques
11-25 19:14:14.376  2239  2255 I TestRunner: ----- end exception -----
11-25 19:14:14.376  2239  2255 I TestRunner: finished: whenPauseGifTest(br.com.catbag.gifreduxsample.ui.giflist.GifListActivityTest)
11-25 19:14:14.403   978   978 D gralloc : Registering a buffer in the process that created it. This may cause memory ordering problems.
11-25 19:14:14.403   978   978 E libEGL  : called unimplemented OpenGL ES API
11-25 19:14:14.403   978   978 E SurfaceFlinger: glCheckFramebufferStatusOES error 25970820
11-25 19:14:14.404   978   978 E SurfaceFlinger: got GL_FRAMEBUFFER_COMPLETE_OES error while taking screenshot
11-25 19:14:14.405  1237  1547 W WindowManager: Screenshot failure taking screenshot for (480x800) to layer 21005
11-25 19:14:14.464  1237  1251 W art     : Long monitor contention with owner Binder:1237_5 (1547) at void com.android.server.am.ActivityManagerService.activityPaused(android.os.IBinder)(ActivityManagerService.java:6849) waiters=0 in void com.android.server.am.ActivityStackSupervisor$ActivityStackSupervisorHandler.activityIdleInternal(com.android.server.am.ActivityRecord) for 115ms
11-25 19:14:14.502  2239  2239 I Choreographer: Skipped 41 frames!  The application may be doing too much work on its main thread.
11-25 19:14:14.537  2239  2239 I MonitoringInstrumentation: Activities that are still in CREATED to STOPPED: 1
11-25 19:14:14.544  2239  2255 I TestRunner: started: whenLoadMultipleGifsOnAppStateTest(br.com.catbag.gifreduxsample.ui.giflist.GifListActivityTest)
11-25 19:14:14.606  2239  2239 I MonitoringInstrumentation: Activities that are still in CREATED to STOPPED: 1
11-25 19:14:14.722  2239  2250 W art     : Suspending all threads took: 38.901ms
11-25 19:14:14.749  2239  2256 I DroidFlux:Dispatcher: [STARTED] dispatch of action [FAKE_REDUCE_ACTION]
11-25 19:14:14.750  2239  2256 I DroidFlux:Dispatcher: [COMPLETED] dispatch of action [FAKE_REDUCE_ACTION]
11-25 19:14:14.780  2239  2319 D ActivityTestRule: Launching activity br.com.catbag.gifreduxsample.ui.GifListActivity
11-25 19:14:14.796  2239  2320 D MonitoringInstrumentation: execStartActivity(context, ibinder, ibinder, activity, intent, int, bundle
11-25 19:14:14.796  1237  1547 I ActivityManager: START u0 {flg=0x10000000 cmp=br.com.catbag.gifreduxsample/.ui.GifListActivity} from uid 10060 on display 0
11-25 19:14:14.906  2239  2250 I art     : Background sticky concurrent mark sweep GC freed 31242(1613KB) AllocSpace objects, 21(500KB) LOS objects, 11% free, 15MB/17MB, paused 43.418ms total 477.028ms
11-25 19:14:14.972  2239  2239 D LifecycleMonitor: Lifecycle status change: br.com.catbag.gifreduxsample.ui.GifListActivity@132c20d in: PRE_ON_CREATE
11-25 19:14:14.982  2239  2239 D LifecycleMonitor: Lifecycle status change: br.com.catbag.gifreduxsample.ui.GifListActivity@132c20d in: CREATED
11-25 19:14:14.985  2239  2256 I DroidFlux:Dispatcher: [STARTED] dispatch of action [APP_STATE_LOAD]
11-25 19:14:14.985  2239  2256 D DroidFlux:Dispatcher: An action of type [APP_STATE_LOAD] was dispatched, but no reducer handled it
11-25 19:14:14.985  2239  2256 I DroidFlux:Dispatcher: [COMPLETED] dispatch of action [APP_STATE_LOAD]
11-25 19:14:14.985  2239  2239 D LifecycleMonitor: Lifecycle status change: br.com.catbag.gifreduxsample.ui.GifListActivity@132c20d in: STARTED
11-25 19:14:14.987  2239  2239 D LifecycleMonitor: Lifecycle status change: br.com.catbag.gifreduxsample.ui.GifListActivity@132c20d in: RESUMED
11-25 19:14:14.994  2239  2239 D LifecycleMonitor: Lifecycle status change: br.com.catbag.gifreduxsample.ui.GifListActivity@8faa4fd in: STOPPED
11-25 19:14:14.995  2239  2239 D LifecycleMonitor: Lifecycle status change: br.com.catbag.gifreduxsample.ui.GifListActivity@8faa4fd in: DESTROYED
11-25 19:14:15.004  1237  1258 I WindowManager: Destroying surface Surface(name=br.com.catbag.gifreduxsample/br.com.catbag.gifreduxsample.ui.GifListActivity) called by com.android.server.wm.WindowStateAnimator.destroySurface:2014 com.android.server.wm.WindowStateAnimator.destroySurfaceLocked:881 com.android.server.wm.WindowState.removeLocked:1449 com.android.server.wm.WindowManagerService.removeWindowInnerLocked:2478 com.android.server.wm.AppWindowToken.destroySurfaces:365 com.android.server.wm.WindowStateAnimator.finishExit:565 com.android.server.wm.WindowStateAnimator.stepAnimationLocked:491 com.android.server.wm.WindowAnimator.updateWindowsLocked:303 
11-25 19:14:15.328  1237  1258 I ActivityManager: Displayed br.com.catbag.gifreduxsample/.ui.GifListActivity: +418ms
11-25 19:14:15.392  1748  1748 I Choreographer: Skipped 117 frames!  The application may be doing too much work on its main thread.
11-25 19:14:15.417  1748  1748 W IInputConnectionWrapper: reportFullscreenMode on inexistent InputConnection
11-25 19:14:15.550  1237  1258 I WindowManager: Destroying surface Surface(name=com.android.launcher3/com.android.launcher3.Launcher) called by com.android.server.wm.WindowStateAnimator.destroySurface:2014 com.android.server.wm.WindowStateAnimator.destroySurfaceLocked:881 com.android.server.wm.WindowState.destroyOrSaveSurface:2073 com.android.server.wm.AppWindowToken.destroySurfaces:363 com.android.server.wm.WindowStateAnimator.finishExit:565 com.android.server.wm.AppWindowAnimator.stepAnimationLocked:427 com.android.server.wm.WindowAnimator.updateAppWindowsLocked:176 com.android.server.wm.WindowAnimator.animateLocked:678 
11-25 19:14:15.551  1237  1258 I WindowManager: Destroying surface Surface(name=Starting br.com.catbag.gifreduxsample) called by com.android.server.wm.WindowStateAnimator.destroySurface:2014 com.android.server.wm.WindowStateAnimator.destroySurfaceLocked:881 com.android.server.wm.WindowState.destroyOrSaveSurface:2073 com.android.server.wm.AppWindowToken.destroySurfaces:363 com.android.server.wm.WindowStateAnimator.finishExit:565 com.android.server.wm.WindowStateAnimator.stepAnimationLocked:491 com.android.server.wm.WindowAnimator.updateWindowsLocked:303 com.android.server.wm.WindowAnimator.animateLocked:704 
11-25 19:14:15.669  2239  2239 W ResourceType: No package identifier when getting name for resource number 0x00000108
11-25 19:14:15.669  2239  2239 I ViewInteraction: Performing 'scroll RecyclerView to position: 2' action on view with id: 264 (resource name not found)
11-25 19:14:15.693  2239  2239 E IdlingResourceRegistry: Attempted to register resource with same names: AnvilTestLocker. R1: br.com.catbag.gifreduxsample.lockers.AnvilTestLocker@6ce2d70 R2: br.com.catbag.gifreduxsample.lockers.AnvilTestLocker@c41a8e9.
11-25 19:14:15.693  2239  2239 E IdlingResourceRegistry: Duplicate resource registration will be ignored.
11-25 19:14:15.696  2239  2239 W ResourceType: No package identifier when getting name for resource number 0x00000108
11-25 19:14:15.731  2239  2239 E IdlingResourceRegistry: Attempted to unregister resource that is not registered: 'AnvilTestLocker'. Resource list: [br.com.catbag.gifreduxsample.lockers.AnvilTestLocker@c41a8e9]
11-25 19:14:15.752  2239  2239 W ResourceType: No package identifier when getting name for resource number 0x0000010f
11-25 19:14:15.753  2239  2239 I ViewInteraction: Performing 'scroll RecyclerView to position: 3' action on view with id: 271 (resource name not found)
11-25 19:14:15.775  2239  2239 E IdlingResourceRegistry: Attempted to register resource with same names: AnvilTestLocker. R1: br.com.catbag.gifreduxsample.lockers.AnvilTestLocker@956601b R2: br.com.catbag.gifreduxsample.lockers.AnvilTestLocker@c41a8e9.
11-25 19:14:15.775  2239  2239 E IdlingResourceRegistry: Duplicate resource registration will be ignored.
11-25 19:14:15.793  2239  2239 W ResourceType: No package identifier when getting name for resource number 0x0000010f
11-25 19:14:15.815  2239  2239 E IdlingResourceRegistry: Attempted to unregister resource that is not registered: 'AnvilTestLocker'. Resource list: [br.com.catbag.gifreduxsample.lockers.AnvilTestLocker@c41a8e9]
11-25 19:14:15.834  2239  2239 W ResourceType: No package identifier when getting name for resource number 0x00000116
11-25 19:14:15.834  2239  2239 I ViewInteraction: Performing 'scroll RecyclerView to position: 4' action on view with id: 278 (resource name not found)
11-25 19:14:15.857  2239  2239 E IdlingResourceRegistry: Attempted to register resource with same names: AnvilTestLocker. R1: br.com.catbag.gifreduxsample.lockers.AnvilTestLocker@d1d0482 R2: br.com.catbag.gifreduxsample.lockers.AnvilTestLocker@c41a8e9.
11-25 19:14:15.857  2239  2239 E IdlingResourceRegistry: Duplicate resource registration will be ignored.
11-25 19:14:15.884  2239  2239 W ResourceType: No package identifier when getting name for resource number 0x00000116
11-25 19:14:15.891  2239  2239 E IdlingResourceRegistry: Attempted to unregister resource that is not registered: 'AnvilTestLocker'. Resource list: [br.com.catbag.gifreduxsample.lockers.AnvilTestLocker@c41a8e9]
11-25 19:14:15.935  2239  2239 W ResourceType: No package identifier when getting name for resource number 0x0000011d
11-25 19:14:15.935  2239  2239 I ViewInteraction: Performing 'scroll RecyclerView to position: 5' action on view with id: 285 (resource name not found)
11-25 19:14:15.972  2239  2239 E IdlingResourceRegistry: Attempted to register resource with same names: AnvilTestLocker. R1: br.com.catbag.gifreduxsample.lockers.AnvilTestLocker@29b39ef R2: br.com.catbag.gifreduxsample.lockers.AnvilTestLocker@c41a8e9.
11-25 19:14:15.972  2239  2239 E IdlingResourceRegistry: Duplicate resource registration will be ignored.
11-25 19:14:15.975  2239  2239 W ResourceType: No package identifier when getting name for resource number 0x0000011d
11-25 19:14:15.983  2239  2239 E IdlingResourceRegistry: Attempted to unregister resource that is not registered: 'AnvilTestLocker'. Resource list: [br.com.catbag.gifreduxsample.lockers.AnvilTestLocker@c41a8e9]
11-25 19:14:15.990  2239  2239 W ResourceType: No package identifier when getting name for resource number 0x00000124
11-25 19:14:15.991  2239  2239 I ViewInteraction: Performing 'scroll RecyclerView to position: 6' action on view with id: 292 (resource name not found)
11-25 19:14:16.002  2239  2239 E IdlingResourceRegistry: Attempted to register resource with same names: AnvilTestLocker. R1: br.com.catbag.gifreduxsample.lockers.AnvilTestLocker@20b860b R2: br.com.catbag.gifreduxsample.lockers.AnvilTestLocker@c41a8e9.
11-25 19:14:16.002  2239  2239 E IdlingResourceRegistry: Duplicate resource registration will be ignored.
11-25 19:14:16.006  2239  2239 W ResourceType: No package identifier when getting name for resource number 0x00000124
11-25 19:14:16.024  2239  2256 I DroidFlux:Dispatcher: [STARTED] dispatch of action [GIF_LIST_FETCHING]
11-25 19:14:16.025  2239  2256 D DroidFlux:Dispatcher: An action of type [GIF_LIST_FETCHING] was dispatched, but no reducer handled it
11-25 19:14:16.025  2239  2256 I DroidFlux:Dispatcher: [COMPLETED] dispatch of action [GIF_LIST_FETCHING]
11-25 19:14:16.028  2239  2239 E IdlingResourceRegistry: Attempted to unregister resource that is not registered: 'AnvilTestLocker'. Resource list: [br.com.catbag.gifreduxsample.lockers.AnvilTestLocker@c41a8e9]
11-25 19:14:16.034  2239  2239 W ResourceType: No package identifier when getting name for resource number 0x0000012b
11-25 19:14:16.035  2239  2239 I ViewInteraction: Performing 'scroll RecyclerView to position: 7' action on view with id: 299 (resource name not found)
11-25 19:14:16.047  2239  2239 E IdlingResourceRegistry: Attempted to register resource with same names: AnvilTestLocker. R1: br.com.catbag.gifreduxsample.lockers.AnvilTestLocker@eea77e7 R2: br.com.catbag.gifreduxsample.lockers.AnvilTestLocker@c41a8e9.
11-25 19:14:16.047  2239  2239 E IdlingResourceRegistry: Duplicate resource registration will be ignored.
11-25 19:14:16.051  2239  2239 W ResourceType: No package identifier when getting name for resource number 0x0000012b
11-25 19:14:16.055  2239  2239 E IdlingResourceRegistry: Attempted to unregister resource that is not registered: 'AnvilTestLocker'. Resource list: [br.com.catbag.gifreduxsample.lockers.AnvilTestLocker@c41a8e9]
11-25 19:14:16.065  2239  2239 W ResourceType: No package identifier when getting name for resource number 0x00000132
11-25 19:14:16.066  2239  2239 I ViewInteraction: Performing 'scroll RecyclerView to position: 8' action on view with id: 306 (resource name not found)
11-25 19:14:16.090  2239  2250 I art     : Background partial concurrent mark sweep GC freed 29915(2MB) AllocSpace objects, 19(416KB) LOS objects, 19% free, 17MB/21MB, paused 7.019ms total 287.672ms
11-25 19:14:16.100  2239  2239 E IdlingResourceRegistry: Attempted to register resource with same names: AnvilTestLocker. R1: br.com.catbag.gifreduxsample.lockers.AnvilTestLocker@6dcab83 R2: br.com.catbag.gifreduxsample.lockers.AnvilTestLocker@c41a8e9.
11-25 19:14:16.100  2239  2239 E IdlingResourceRegistry: Duplicate resource registration will be ignored.
11-25 19:14:16.103  2239  2239 W ResourceType: No package identifier when getting name for resource number 0x00000132
11-25 19:14:16.107  2239  2239 E IdlingResourceRegistry: Attempted to unregister resource that is not registered: 'AnvilTestLocker'. Resource list: [br.com.catbag.gifreduxsample.lockers.AnvilTestLocker@c41a8e9]
11-25 19:14:16.112  2239  2239 W ResourceType: No package identifier when getting name for resource number 0x00000139
11-25 19:14:16.113  2239  2239 I ViewInteraction: Performing 'scroll RecyclerView to position: 9' action on view with id: 313 (resource name not found)
11-25 19:14:16.151  2239  2239 E IdlingResourceRegistry: Attempted to register resource with same names: AnvilTestLocker. R1: br.com.catbag.gifreduxsample.lockers.AnvilTestLocker@3347cdf R2: br.com.catbag.gifreduxsample.lockers.AnvilTestLocker@c41a8e9.
11-25 19:14:16.151  2239  2239 E IdlingResourceRegistry: Duplicate resource registration will be ignored.
11-25 19:14:16.155  2239  2239 W ResourceType: No package identifier when getting name for resource number 0x00000139
11-25 19:14:16.160  2239  2239 E IdlingResourceRegistry: Attempted to unregister resource that is not registered: 'AnvilTestLocker'. Resource list: [br.com.catbag.gifreduxsample.lockers.AnvilTestLocker@c41a8e9]
11-25 19:14:16.176  2239  2255 I TestRunner: finished: whenLoadMultipleGifsOnAppStateTest(br.com.catbag.gifreduxsample.ui.giflist.GifListActivityTest)
11-25 19:14:16.209  2239  2239 D LifecycleMonitor: Lifecycle status change: br.com.catbag.gifreduxsample.ui.GifListActivity@132c20d in: PAUSED
11-25 19:14:16.257   978   978 D gralloc : Registering a buffer in the process that created it. This may cause memory ordering problems.
11-25 19:14:16.257   978   978 E libEGL  : called unimplemented OpenGL ES API
11-25 19:14:16.258   978   978 E SurfaceFlinger: glCheckFramebufferStatusOES error 25970820
11-25 19:14:16.258   978   978 E SurfaceFlinger: got GL_FRAMEBUFFER_COMPLETE_OES error while taking screenshot
11-25 19:14:16.260  1237  1248 W WindowManager: Screenshot failure taking screenshot for (480x800) to layer 21010
11-25 19:14:16.267  2239  2239 I MonitoringInstrumentation: Activities that are still in CREATED to STOPPED: 1
11-25 19:14:16.269  2239  2255 I TestRunner: run finished: 20 tests, 1 failed, 0 ignored
11-25 19:14:16.446  2239  2255 I MonitoringInstrumentation: Unstopped activity count: 1
11-25 19:14:16.446  2239  2239 I MonitoringInstrumentation: Activities that are still in CREATED to STOPPED: 1
11-25 19:14:16.508  2239  2255 I MonitoringInstrumentation: Unstopped activity count: 1
11-25 19:14:16.535  1237  1321 E TaskPersister: File error accessing recents directory (directory doesn't exist?).
11-25 19:14:16.568  2239  2255 I MonitoringInstrumentation: Unstopped activity count: 1
11-25 19:14:16.628  2239  2255 I MonitoringInstrumentation: Unstopped activity count: 1
11-25 19:14:16.688  2239  2255 I MonitoringInstrumentation: Unstopped activity count: 1
11-25 19:14:16.719  1748  1748 I Choreographer: Skipped 68 frames!  The application may be doing too much work on its main thread.
11-25 19:14:16.747  2239  2255 I MonitoringInstrumentation: Unstopped activity count: 1
11-25 19:14:16.808  2239  2255 I MonitoringInstrumentation: Unstopped activity count: 1
11-25 19:14:16.868  2239  2255 I MonitoringInstrumentation: Unstopped activity count: 1
11-25 19:14:16.929  2239  2255 I MonitoringInstrumentation: Unstopped activity count: 1
11-25 19:14:16.988  2239  2255 I MonitoringInstrumentation: Unstopped activity count: 1
11-25 19:14:17.013  2239  2239 D LifecycleMonitor: Lifecycle status change: br.com.catbag.gifreduxsample.ui.GifListActivity@132c20d in: STOPPED
11-25 19:14:17.014  2239  2239 D LifecycleMonitor: Lifecycle status change: br.com.catbag.gifreduxsample.ui.GifListActivity@132c20d in: DESTROYED
11-25 19:14:17.048  2239  2255 I MonitoringInstrumentation: waitForActivitiesToComplete() took: 603ms
11-25 19:14:17.082  1237  1547 I ActivityManager: Force stopping br.com.catbag.gifreduxsample appid=10060 user=0: finished inst
11-25 19:14:17.083  1237  1547 I ActivityManager: Killing 2239:br.com.catbag.gifreduxsample/u0a60 (adj 0): stop br.com.catbag.gifreduxsample
11-25 19:14:17.105  2229  2229 D AndroidRuntime: Shutting down VM
11-25 19:14:17.175  1237  1258 I WindowManager: Destroying surface Surface(name=br.com.catbag.gifreduxsample/br.com.catbag.gifreduxsample.ui.GifListActivity) called by com.android.server.wm.WindowStateAnimator.destroySurface:2014 com.android.server.wm.WindowStateAnimator.destroySurfaceLocked:881 com.android.server.wm.WindowState.removeLocked:1449 com.android.server.wm.WindowManagerService.removeWindowInnerLocked:2478 com.android.server.wm.AppWindowToken.destroySurfaces:365 com.android.server.wm.WindowStateAnimator.finishExit:565 com.android.server.wm.AppWindowAnimator.stepAnimationLocked:427 com.android.server.wm.WindowAnimator.updateAppWindowsLocked:196 
11-25 19:14:17.217  2229  2229 W art     : Suspending all threads took: 30.074ms
11-25 19:14:17.836  2331  2331 D AndroidRuntime: >>>>>> START com.android.internal.os.RuntimeInit uid 2000 <<<<<<
11-25 19:14:17.843  2331  2331 D AndroidRuntime: CheckJNI is ON
11-25 19:14:17.898  2331  2331 W art     : Unexpected CPU variant for X86 using defaults: x86
11-25 19:14:17.910  2331  2331 D ICU     : No timezone override file found: /data/misc/zoneinfo/current/icu/icu_tzdata.dat
11-25 19:14:17.936  2331  2331 E memtrack: Couldn't load memtrack module (No such file or directory)
11-25 19:14:17.936  2331  2331 E android.os.Debug: failed to load memtrack module: -2
11-25 19:14:17.942  2331  2331 I Radio-JNI: register_android_hardware_Radio DONE
11-25 19:14:17.962  2331  2331 D AndroidRuntime: Calling main entry com.android.commands.pm.Pm
11-25 19:14:17.988  1237  1251 I ActivityManager: Force stopping br.com.catbag.gifreduxsample.test appid=10061 user=-1: deletePackageX
11-25 19:14:18.133  1237  1247 I art     : Background partial concurrent mark sweep GC freed 37562(2MB) AllocSpace objects, 8(160KB) LOS objects, 33% free, 7MB/11MB, paused 4.227ms total 111.941ms
11-25 19:14:18.181  1237  1263 I art     : Starting a blocking GC Explicit
11-25 19:14:18.233  1237  1263 I art     : Explicit concurrent mark sweep GC freed 11868(601KB) AllocSpace objects, 3(60KB) LOS objects, 33% free, 6MB/10MB, paused 4.321ms total 51.024ms
11-25 19:14:18.248  2331  2331 I art     : System.exit called, status: 0
11-25 19:14:18.248  2331  2331 I AndroidRuntime: VM exiting with result code 0.
11-25 19:14:18.266  1237  1263 I ActivityManager: Force stopping br.com.catbag.gifreduxsample.test appid=10061 user=0: pkg removed
11-25 19:14:18.403  1237  1351 W art     : Long monitor contention with owner PackageManager (1263) at int com.android.server.am.ActivityManagerService.broadcastIntent(android.app.IApplicationThread, android.content.Intent, java.lang.String, android.content.IIntentReceiver, int, java.lang.String, android.os.Bundle, java.lang.String[], int, android.os.Bundle, boolean, boolean, int)(ActivityManagerService.java:18249) waiters=2 in boolean com.android.server.am.ActivityManagerService.stopServiceToken(android.content.ComponentName, android.os.IBinder, int) for 120ms
11-25 19:14:18.432  1237  1277 I InputReader: Reconfiguring input devices.  changes=0x00000010
11-25 19:14:18.455  1237  1263 E KernelUidCpuTimeReader: failed to remove uid from uid_cputime module
11-25 19:14:18.455  1237  1263 E KernelUidCpuTimeReader: java.io.FileNotFoundException: /proc/uid_cputime/remove_uid_range (No such file or directory)
11-25 19:14:18.455  1237  1263 E KernelUidCpuTimeReader: 	at java.io.FileOutputStream.open(Native Method)
11-25 19:14:18.455  1237  1263 E KernelUidCpuTimeReader: 	at java.io.FileOutputStream.<init>(FileOutputStream.java:221)
11-25 19:14:18.455  1237  1263 E KernelUidCpuTimeReader: 	at java.io.FileOutputStream.<init>(FileOutputStream.java:108)
11-25 19:14:18.455  1237  1263 E KernelUidCpuTimeReader: 	at java.io.FileWriter.<init>(FileWriter.java:63)
11-25 19:14:18.455  1237  1263 E KernelUidCpuTimeReader: 	at com.android.internal.os.KernelUidCpuTimeReader.removeUid(KernelUidCpuTimeReader.java:158)
11-25 19:14:18.455  1237  1263 E KernelUidCpuTimeReader: 	at com.android.internal.os.BatteryStatsImpl.removeUidStatsLocked(BatteryStatsImpl.java:9805)
11-25 19:14:18.455  1237  1263 E KernelUidCpuTimeReader: 	at com.android.server.am.BatteryStatsService.removeUid(BatteryStatsService.java:291)
11-25 19:14:18.455  1237  1263 E KernelUidCpuTimeReader: 	at com.android.server.am.ActivityManagerService.broadcastIntentLocked(ActivityManagerService.java:17767)
11-25 19:14:18.455  1237  1263 E KernelUidCpuTimeReader: 	at com.android.server.am.ActivityManagerService.broadcastIntent(ActivityManagerService.java:18256)
11-25 19:14:18.455  1237  1263 E KernelUidCpuTimeReader: 	at com.android.server.pm.PackageManagerService$8.run(PackageManagerService.java:11407)
11-25 19:14:18.455  1237  1263 E KernelUidCpuTimeReader: 	at android.os.Handler.handleCallback(Handler.java:751)
11-25 19:14:18.455  1237  1263 E KernelUidCpuTimeReader: 	at android.os.Handler.dispatchMessage(Handler.java:95)
11-25 19:14:18.455  1237  1263 E KernelUidCpuTimeReader: 	at android.os.Looper.loop(Looper.java:154)
11-25 19:14:18.455  1237  1263 E KernelUidCpuTimeReader: 	at android.os.HandlerThread.run(HandlerThread.java:61)
11-25 19:14:18.455  1237  1263 E KernelUidCpuTimeReader: 	at com.android.server.ServiceThread.run(ServiceThread.java:46)
11-25 19:14:18.573  1447  1447 D CarrierSvcBindHelper: No carrier app for: 0
11-25 19:14:18.826  1237  1250 W LocationProviderProxy-network: Odd, no component found for service com.android.location.service.v3.NetworkLocationProvider
11-25 19:14:18.827  1237  1250 W GeocoderProxy: Odd, no component found for service com.android.location.service.GeocodeProvider
11-25 19:14:18.827  1237  1250 W GeofenceProxy: Odd, no component found for service com.android.location.service.GeofenceProvider
11-25 19:14:18.827  1237  1250 W ActivityRecognitionProxy: Odd, no component found for service com.android.location.service.ActivityRecognitionProvider
11-25 19:14:19.246  2345  2345 D AndroidRuntime: >>>>>> START com.android.internal.os.RuntimeInit uid 2000 <<<<<<
11-25 19:14:19.249  2345  2345 D AndroidRuntime: CheckJNI is ON
11-25 19:14:19.290  2345  2345 W art     : Unexpected CPU variant for X86 using defaults: x86
11-25 19:14:19.294  2345  2345 D ICU     : No timezone override file found: /data/misc/zoneinfo/current/icu/icu_tzdata.dat
11-25 19:14:19.324  2345  2345 E memtrack: Couldn't load memtrack module (No such file or directory)
11-25 19:14:19.324  2345  2345 E android.os.Debug: failed to load memtrack module: -2
11-25 19:14:19.325  2345  2345 I Radio-JNI: register_android_hardware_Radio DONE
11-25 19:14:19.365  1748  1748 I Choreographer: Skipped 67 frames!  The application may be doing too much work on its main thread.
11-25 19:14:19.378  2345  2345 D AndroidRuntime: Calling main entry com.android.commands.pm.Pm
11-25 19:14:19.413  1237  1251 I ActivityManager: Force stopping br.com.catbag.gifreduxsample appid=10060 user=-1: deletePackageX
11-25 19:14:19.525  1237  1263 I art     : Starting a blocking GC Explicit
11-25 19:14:19.570  1237  1263 I art     : Explicit concurrent mark sweep GC freed 25436(1348KB) AllocSpace objects, 7(140KB) LOS objects, 33% free, 6MB/10MB, paused 4.514ms total 42.636ms
11-25 19:14:19.594  2345  2345 I art     : System.exit called, status: 0
11-25 19:14:19.595  2345  2345 I AndroidRuntime: VM exiting with result code 0.
11-25 19:14:19.610  2345  2353 W MessageQueue: Handler (android.os.Handler) {f202341} sending message to a Handler on a dead thread
11-25 19:14:19.610  2345  2353 W MessageQueue: java.lang.IllegalStateException: Handler (android.os.Handler) {f202341} sending message to a Handler on a dead thread
11-25 19:14:19.610  2345  2353 W MessageQueue: 	at android.os.MessageQueue.enqueueMessage(MessageQueue.java:543)
11-25 19:14:19.610  2345  2353 W MessageQueue: 	at android.os.Handler.enqueueMessage(Handler.java:643)
11-25 19:14:19.610  2345  2353 W MessageQueue: 	at android.os.Handler.sendMessageAtTime(Handler.java:612)
11-25 19:14:19.610  2345  2353 W MessageQueue: 	at android.os.Handler.sendMessageDelayed(Handler.java:582)
11-25 19:14:19.610  2345  2353 W MessageQueue: 	at android.os.Handler.post(Handler.java:338)
11-25 19:14:19.610  2345  2353 W MessageQueue: 	at android.os.ResultReceiver$MyResultReceiver.send(ResultReceiver.java:57)
11-25 19:14:19.610  2345  2353 W MessageQueue: 	at com.android.internal.os.IResultReceiver$Stub.onTransact(IResultReceiver.java:58)
11-25 19:14:19.610  2345  2353 W MessageQueue: 	at android.os.Binder.execTransact(Binder.java:565)
11-25 19:14:19.840  1237  1263 I ActivityManager: Force stopping br.com.catbag.gifreduxsample appid=10060 user=0: pkg removed
11-25 19:14:19.959  1237  1277 I InputReader: Reconfiguring input devices.  changes=0x00000010
11-25 19:14:19.984  1237  1263 E KernelUidCpuTimeReader: failed to remove uid from uid_cputime module
