--------- beginning of main
11-23 14:08:34.068  2140  2140 D AndroidRuntime: >>>>>> START com.android.internal.os.RuntimeInit uid 2000 <<<<<<
11-23 14:08:34.189  2140  2140 D AndroidRuntime: CheckJNI is ON
11-23 14:08:35.169  2140  2140 W art     : Unexpected CPU variant for X86 using defaults: x86
11-23 14:08:35.491  2140  2140 D ICU     : No timezone override file found: /data/misc/zoneinfo/current/icu/icu_tzdata.dat
11-23 14:08:36.081  2140  2140 E memtrack: Couldn't load memtrack module (No such file or directory)
11-23 14:08:36.081  2140  2140 E android.os.Debug: failed to load memtrack module: -2
11-23 14:08:36.126  2140  2140 I Radio-JNI: register_android_hardware_Radio DONE
11-23 14:08:36.380  2140  2140 D AndroidRuntime: Calling main entry com.android.commands.am.Am
11-23 14:08:36.455  2140  2140 D AndroidRuntime: Shutting down VM
11-23 14:08:37.085  2150  2150 D AndroidRuntime: >>>>>> START com.android.internal.os.RuntimeInit uid 2000 <<<<<<
11-23 14:08:37.089  2150  2150 D AndroidRuntime: CheckJNI is ON
11-23 14:08:37.173  2150  2150 W art     : Unexpected CPU variant for X86 using defaults: x86
11-23 14:08:37.195  2150  2150 D ICU     : No timezone override file found: /data/misc/zoneinfo/current/icu/icu_tzdata.dat
11-23 14:08:37.247  2150  2150 E memtrack: Couldn't load memtrack module (No such file or directory)
11-23 14:08:37.249  2150  2150 E android.os.Debug: failed to load memtrack module: -2
11-23 14:08:37.250  2150  2150 I Radio-JNI: register_android_hardware_Radio DONE
11-23 14:08:37.283  2150  2150 D AndroidRuntime: Calling main entry com.android.commands.pm.Pm
11-23 14:08:37.719  2150  2150 I art     : System.exit called, status: 0
11-23 14:08:37.720  2150  2150 I AndroidRuntime: VM exiting with result code 0.
11-23 14:08:38.785  1239  1723 W art     : Long monitor contention with owner android.io (1259) at void com.android.internal.util.FastXmlSerializer.setOutput(java.io.OutputStream, java.lang.String)(FastXmlSerializer.java:310) waiters=0 in android.content.pm.PackageInstaller$SessionInfo com.android.server.pm.PackageInstallerService.getSessionInfo(int) for 672ms
11-23 14:08:40.165  2161  2161 D AndroidRuntime: >>>>>> START com.android.internal.os.RuntimeInit uid 2000 <<<<<<
11-23 14:08:40.172  2161  2161 D AndroidRuntime: CheckJNI is ON
11-23 14:08:40.324  2161  2161 W art     : Unexpected CPU variant for X86 using defaults: x86
11-23 14:08:40.420  2161  2161 D ICU     : No timezone override file found: /data/misc/zoneinfo/current/icu/icu_tzdata.dat
11-23 14:08:40.530  2161  2161 E memtrack: Couldn't load memtrack module (No such file or directory)
11-23 14:08:40.530  2161  2161 E android.os.Debug: failed to load memtrack module: -2
11-23 14:08:40.531  2161  2161 I Radio-JNI: register_android_hardware_Radio DONE
11-23 14:08:40.617  2161  2161 D AndroidRuntime: Calling main entry com.android.commands.pm.Pm
11-23 14:08:40.833   991   991 I         : free_cache(7064743) avail 512569344
11-23 14:09:02.203  2161  2161 I art     : System.exit called, status: 0
11-23 14:09:02.203  2161  2161 I AndroidRuntime: VM exiting with result code 0.
11-23 14:09:02.647  2174  2174 D AndroidRuntime: >>>>>> START com.android.internal.os.RuntimeInit uid 2000 <<<<<<
11-23 14:09:02.652  2174  2174 D AndroidRuntime: CheckJNI is ON
11-23 14:09:02.726  2174  2174 W art     : Unexpected CPU variant for X86 using defaults: x86
11-23 14:09:02.747  2174  2174 D ICU     : No timezone override file found: /data/misc/zoneinfo/current/icu/icu_tzdata.dat
11-23 14:09:02.790  2174  2174 E memtrack: Couldn't load memtrack module (No such file or directory)
11-23 14:09:02.790  2174  2174 E android.os.Debug: failed to load memtrack module: -2
11-23 14:09:02.792  2174  2174 I Radio-JNI: register_android_hardware_Radio DONE
11-23 14:09:02.826  2174  2174 D AndroidRuntime: Calling main entry com.android.commands.pm.Pm
--------- beginning of system
11-23 14:09:03.776  1239  1265 W ActivityManager: Slow operation: 223ms so far, now at startProcess: returned from zygote!
11-23 14:09:03.777  1239  1265 W ActivityManager: Slow operation: 224ms so far, now at startProcess: done updating battery stats
11-23 14:09:03.779  1239  1265 W ActivityManager: Slow operation: 226ms so far, now at startProcess: building log message
11-23 14:09:03.779  1239  1265 I ActivityManager: Start proc 2184:com.android.defcontainer/u0a5 for service com.android.defcontainer/.DefaultContainerService
11-23 14:09:03.780  1239  1265 W ActivityManager: Slow operation: 227ms so far, now at startProcess: starting to update pids map
11-23 14:09:03.781  1239  1265 W ActivityManager: Slow operation: 228ms so far, now at startProcess: done updating pids map
11-23 14:09:03.782  1239  1265 W ActivityManager: Slow operation: 240ms so far, now at startProcess: done starting proc!
11-23 14:09:03.854  2184  2184 W art     : Unexpected CPU variant for X86 using defaults: x86
11-23 14:09:04.469  1239  1265 I PackageManager.DexOptimizer: Running dexopt (dex2oat) on: /data/app/vmdl1725551959.tmp/base.apk pkg=br.com.catbag.gifreduxsample isa=x86 vmSafeMode=false debuggable=true target-filter=interpret-only oatDir = /data/app/vmdl1725551959.tmp/oat sharedLibraries=null
11-23 14:09:04.552  2199  2199 W dex2oat : Unexpected CPU variant for X86 using defaults: x86
11-23 14:09:04.553  2199  2199 W dex2oat : Mismatch between dex2oat instruction set features (ISA: X86 Feature string: smp,-ssse3,-sse4.1,-sse4.2,-avx,-avx2,-lock_add,-popcnt) and those of dex2oat executable (ISA: X86 Feature string: smp,ssse3,-sse4.1,-sse4.2,-avx,-avx2,-lock_add,-popcnt) for the command line:
11-23 14:09:04.553  2199  2199 W dex2oat : /system/bin/dex2oat --zip-fd=6 --zip-location=base.apk --oat-fd=7 --oat-location=/data/app/vmdl1725551959.tmp/oat/x86/base.odex --instruction-set=x86 --instruction-set-variant=x86 --instruction-set-features=default --runtime-arg -Xms64m --runtime-arg -Xmx512m --compiler-filter=interpret-only --swap-fd=9 --debuggable
11-23 14:09:04.572  2199  2199 I dex2oat : /system/bin/dex2oat --compiler-filter=interpret-only --debuggable
11-23 14:09:09.140  2199  2199 W dex2oat : Before Android 4.1, method android.graphics.PorterDuffColorFilter android.support.graphics.drawable.VectorDrawableCompat.updateTintFilter(android.graphics.PorterDuffColorFilter, android.content.res.ColorStateList, android.graphics.PorterDuff$Mode) would have incorrectly overridden the package-private method in android.graphics.drawable.Drawable
11-23 14:09:09.760  2199  2199 W dex2oat : Before Android 4.1, method int android.support.v7.widget.ListViewCompat.lookForSelectablePosition(int, boolean) would have incorrectly overridden the package-private method in android.widget.ListView
11-23 14:09:28.944  2199  2199 W dex2oat : Verification of void org.immutables.value.internal.$processor$.meta.$StyleMirror.<init>(javax.lang.model.element.AnnotationMirror) took 142.263ms
11-23 14:09:29.071  2199  2199 W dex2oat : Verification of void org.immutables.value.internal.$processor$.meta.$StyleMirror.<init>(javax.lang.model.element.TypeElement) took 104.781ms
11-23 14:09:46.563  2199  2199 W dex2oat : Compilation of int org.immutables.value.internal.$guava$.io.$BaseEncoding.decodeTo(byte[], java.lang.CharSequence) took 106.740ms
11-23 14:09:54.850  2199  2199 W dex2oat : Compilation of void com.fasterxml.jackson.core.JsonGenerator.writeObjectFieldStart(java.lang.String) took 198.460ms
11-23 14:09:59.849  2199  2199 W dex2oat : Compilation of boolean com.google.common.collect.Synchronized$SynchronizedAsMapEntries.containsAll(java.util.Collection) took 183.632ms
11-23 14:10:00.193  2199  2199 W dex2oat : Compilation of com.google.common.collect.SortedMultiset com.google.common.collect.TreeMultiset.descendingMultiset() took 147.742ms
11-23 14:10:04.835  2199  2199 W dex2oat : Compilation of org.immutables.value.internal.$processor$.meta.$ValueTypeComposer org.immutables.value.internal.$processor$.meta.$ImmutableRound.composer() took 149.243ms
11-23 14:10:07.991  2199  2199 I dex2oat : dex2oat took 63.442s (threads: 1) arena alloc=1402KB (1436528B) java alloc=7MB (8050336B) native alloc=13MB (14284432B) free=2MB (2623856B)
11-23 14:10:08.388  1239  1265 W PackageManager: Not granting permission android.permission.SET_DEBUG_APP to package br.com.catbag.gifreduxsample (protectionLevel=50 flags=0x3848be46)
11-23 14:10:08.847  1239  1249 I art     : Background sticky concurrent mark sweep GC freed 34899(2MB) AllocSpace objects, 9(228KB) LOS objects, 31% free, 6MB/10MB, paused 9.289ms total 421.405ms
11-23 14:10:08.971  1239  1265 V BackupManagerService: restoreAtInstall pkg=br.com.catbag.gifreduxsample token=1 restoreSet=0
11-23 14:10:08.987  1239  1265 W BackupManagerService: Requested unavailable transport: android/com.android.internal.backup.LocalTransport
11-23 14:10:08.988  1239  1265 W BackupManagerService: No transport
11-23 14:10:08.988  1239  1265 V BackupManagerService: Finishing install immediately
11-23 14:10:09.036  1239  1250 I ActivityManager: Killing 1467:com.android.settings:CryptKeeper/1000 (adj 906): empty #17
11-23 14:10:09.235  1239  1265 I art     : Starting a blocking GC Explicit
11-23 14:10:09.686  1239  1265 I art     : Explicit concurrent mark sweep GC freed 4379(309KB) AllocSpace objects, 5(100KB) LOS objects, 33% free, 6MB/10MB, paused 5.311ms total 444.459ms
11-23 14:10:09.706   991   991 E         : Couldn't opendir /data/app/vmdl1725551959.tmp: No such file or directory
11-23 14:10:09.929  1239  1279 I InputReader: Reconfiguring input devices.  changes=0x00000010
11-23 14:10:09.942  2174  2174 I art     : System.exit called, status: 0
11-23 14:10:09.943  2174  2174 I AndroidRuntime: VM exiting with result code 0.
11-23 14:10:10.392  1447  1447 D CarrierSvcBindHelper: No carrier app for: 0
11-23 14:10:10.439  1447  1447 D CarrierConfigLoader: mHandler: 9 phoneId: 0
11-23 14:10:10.908  1239  1252 W VoiceInteractionManagerService: no available voice recognition services found for user 0
11-23 14:10:10.910  1239  1252 W LocationProviderProxy-network: Odd, no component found for service com.android.location.service.v3.NetworkLocationProvider
11-23 14:10:10.911  1239  1252 W GeocoderProxy: Odd, no component found for service com.android.location.service.GeocodeProvider
11-23 14:10:10.913  1239  1252 W GeofenceProxy: Odd, no component found for service com.android.location.service.GeofenceProvider
11-23 14:10:10.914  1239  1252 W ActivityRecognitionProxy: Odd, no component found for service com.android.location.service.ActivityRecognitionProvider
11-23 14:10:11.652  2206  2206 D AndroidRuntime: >>>>>> START com.android.internal.os.RuntimeInit uid 2000 <<<<<<
11-23 14:10:11.658  2206  2206 D AndroidRuntime: CheckJNI is ON
11-23 14:10:11.731  2206  2206 W art     : Unexpected CPU variant for X86 using defaults: x86
11-23 14:10:11.741  2206  2206 D ICU     : No timezone override file found: /data/misc/zoneinfo/current/icu/icu_tzdata.dat
11-23 14:10:11.787  2206  2206 E memtrack: Couldn't load memtrack module (No such file or directory)
11-23 14:10:11.789  2206  2206 E android.os.Debug: failed to load memtrack module: -2
11-23 14:10:11.794  2206  2206 I Radio-JNI: register_android_hardware_Radio DONE
11-23 14:10:11.862  2206  2206 D AndroidRuntime: Calling main entry com.android.commands.pm.Pm
11-23 14:10:11.887  2206  2206 I art     : System.exit called, status: 0
11-23 14:10:11.887  2206  2206 I AndroidRuntime: VM exiting with result code 0.
11-23 14:10:13.241  2223  2223 D AndroidRuntime: >>>>>> START com.android.internal.os.RuntimeInit uid 2000 <<<<<<
11-23 14:10:13.244  2223  2223 D AndroidRuntime: CheckJNI is ON
11-23 14:10:13.355  2223  2223 W art     : Unexpected CPU variant for X86 using defaults: x86
11-23 14:10:13.362  2223  2223 D ICU     : No timezone override file found: /data/misc/zoneinfo/current/icu/icu_tzdata.dat
11-23 14:10:13.400  2223  2223 E memtrack: Couldn't load memtrack module (No such file or directory)
11-23 14:10:13.401  2223  2223 E android.os.Debug: failed to load memtrack module: -2
11-23 14:10:13.406  2223  2223 I Radio-JNI: register_android_hardware_Radio DONE
11-23 14:10:13.426  2223  2223 D AndroidRuntime: Calling main entry com.android.commands.pm.Pm
11-23 14:10:13.439   991   991 I         : free_cache(2038250) avail 492630016
11-23 14:10:16.205  2236  2236 W art     : Unexpected CPU variant for X86 using defaults: x86
11-23 14:10:16.208  1239  1776 W ActivityManager: Slow operation: 67ms so far, now at startProcess: returned from zygote!
11-23 14:10:16.208  1239  1776 W ActivityManager: Slow operation: 67ms so far, now at startProcess: done updating battery stats
11-23 14:10:16.209  1239  1776 W ActivityManager: Slow operation: 68ms so far, now at startProcess: building log message
11-23 14:10:16.209  1239  1776 I ActivityManager: Start proc 2236:com.svox.pico/u0a46 for broadcast com.svox.pico/.VoiceDataInstallerReceiver
11-23 14:10:16.210  1239  1776 W ActivityManager: Slow operation: 69ms so far, now at startProcess: starting to update pids map
11-23 14:10:16.210  1239  1776 W ActivityManager: Slow operation: 69ms so far, now at startProcess: done updating pids map
11-23 14:10:16.210  1239  1776 W ActivityManager: Slow operation: 86ms so far, now at startProcess: done starting proc!
11-23 14:10:17.328  2223  2223 I art     : System.exit called, status: 0
11-23 14:10:17.328  2223  2223 I AndroidRuntime: VM exiting with result code 0.
11-23 14:10:17.797  2251  2251 D AndroidRuntime: >>>>>> START com.android.internal.os.RuntimeInit uid 2000 <<<<<<
11-23 14:10:17.801  2251  2251 D AndroidRuntime: CheckJNI is ON
11-23 14:10:17.858  2251  2251 W art     : Unexpected CPU variant for X86 using defaults: x86
11-23 14:10:17.888  2251  2251 D ICU     : No timezone override file found: /data/misc/zoneinfo/current/icu/icu_tzdata.dat
11-23 14:10:17.918  2251  2251 E memtrack: Couldn't load memtrack module (No such file or directory)
11-23 14:10:17.919  2251  2251 E android.os.Debug: failed to load memtrack module: -2
11-23 14:10:17.920  2251  2251 I Radio-JNI: register_android_hardware_Radio DONE
11-23 14:10:17.940  2251  2251 D AndroidRuntime: Calling main entry com.android.commands.pm.Pm
11-23 14:10:18.056  2184  2195 I art     : HomogeneousSpaceCompact marksweep + semispace GC freed 7782(472KB) AllocSpace objects, 0(0B) LOS objects, 39% free, 2MB/3MB, paused 3.774s total 3.774s
11-23 14:10:18.226  1239  1265 I PackageManager.DexOptimizer: Running dexopt (dex2oat) on: /data/app/vmdl22969643.tmp/base.apk pkg=br.com.catbag.gifreduxsample.test isa=x86 vmSafeMode=false debuggable=true target-filter=interpret-only oatDir = /data/app/vmdl22969643.tmp/oat sharedLibraries=/system/framework/android.test.runner.jar
11-23 14:10:18.304  2262  2262 W dex2oat : Unexpected CPU variant for X86 using defaults: x86
11-23 14:10:18.304  2262  2262 W dex2oat : Mismatch between dex2oat instruction set features (ISA: X86 Feature string: smp,-ssse3,-sse4.1,-sse4.2,-avx,-avx2,-lock_add,-popcnt) and those of dex2oat executable (ISA: X86 Feature string: smp,ssse3,-sse4.1,-sse4.2,-avx,-avx2,-lock_add,-popcnt) for the command line:
11-23 14:10:18.304  2262  2262 W dex2oat : /system/bin/dex2oat --zip-fd=6 --zip-location=base.apk --oat-fd=7 --oat-location=/data/app/vmdl22969643.tmp/oat/x86/base.odex --instruction-set=x86 --instruction-set-variant=x86 --instruction-set-features=default --runtime-arg -Xms64m --runtime-arg -Xmx512m --compiler-filter=interpret-only --swap-fd=9 --debuggable --runtime-arg -classpath --runtime-arg /system/framework/android.test.runner.jar
11-23 14:10:18.305  2262  2262 I dex2oat : /system/bin/dex2oat --compiler-filter=interpret-only --debuggable
11-23 14:10:43.214  2262  2262 W dex2oat : Compilation of short com.android.dx.io.instructions.DecodedInstruction.getDUnit() took 158.736ms
11-23 14:10:47.345  2262  2262 I dex2oat : dex2oat took 29.041s (threads: 1) arena alloc=824B (824B) java alloc=3MB (3868560B) native alloc=6MB (6969904B) free=2MB (2467280B)
11-23 14:10:47.673  1239  1265 V BackupManagerService: restoreAtInstall pkg=br.com.catbag.gifreduxsample.test token=2 restoreSet=0
11-23 14:10:47.673  1239  1265 W BackupManagerService: Requested unavailable transport: android/com.android.internal.backup.LocalTransport
11-23 14:10:47.673  1239  1265 W BackupManagerService: No transport
11-23 14:10:47.674  1239  1265 V BackupManagerService: Finishing install immediately
11-23 14:10:47.712  1239  1776 I ActivityManager: Killing 1738:com.android.sdksetup/u0a16 (adj 906): empty #17
11-23 14:10:47.790  1239  1265 I art     : Starting a blocking GC Explicit
11-23 14:10:48.002  1239  1265 I art     : Explicit concurrent mark sweep GC freed 38366(2MB) AllocSpace objects, 13(308KB) LOS objects, 33% free, 6MB/10MB, paused 7.316ms total 204.481ms
11-23 14:10:48.010   991   991 E         : Couldn't opendir /data/app/vmdl22969643.tmp: No such file or directory
11-23 14:10:48.084  1239  1279 I InputReader: Reconfiguring input devices.  changes=0x00000010
11-23 14:10:48.163  1447  1447 D CarrierSvcBindHelper: No carrier app for: 0
11-23 14:10:48.167  1447  1447 D CarrierConfigLoader: mHandler: 9 phoneId: 0
11-23 14:10:48.219  2251  2251 I art     : System.exit called, status: 0
11-23 14:10:48.219  2251  2251 I AndroidRuntime: VM exiting with result code 0.
11-23 14:10:48.534  1239  1252 W VoiceInteractionManagerService: no available voice recognition services found for user 0
11-23 14:10:48.534  1239  1252 W LocationProviderProxy-network: Odd, no component found for service com.android.location.service.v3.NetworkLocationProvider
11-23 14:10:48.535  1239  1252 W GeocoderProxy: Odd, no component found for service com.android.location.service.GeocodeProvider
11-23 14:10:48.547  1239  1252 W GeofenceProxy: Odd, no component found for service com.android.location.service.GeofenceProvider
11-23 14:10:48.547  1239  1252 W ActivityRecognitionProxy: Odd, no component found for service com.android.location.service.ActivityRecognitionProvider
11-23 14:10:49.128  2267  2267 D AndroidRuntime: >>>>>> START com.android.internal.os.RuntimeInit uid 2000 <<<<<<
11-23 14:10:49.133  2267  2267 D AndroidRuntime: CheckJNI is ON
11-23 14:10:49.202  2267  2267 W art     : Unexpected CPU variant for X86 using defaults: x86
11-23 14:10:49.220  2267  2267 D ICU     : No timezone override file found: /data/misc/zoneinfo/current/icu/icu_tzdata.dat
11-23 14:10:49.294  2267  2267 E memtrack: Couldn't load memtrack module (No such file or directory)
11-23 14:10:49.294  2267  2267 E android.os.Debug: failed to load memtrack module: -2
11-23 14:10:49.310  2267  2267 I Radio-JNI: register_android_hardware_Radio DONE
11-23 14:10:49.341  2267  2267 D AndroidRuntime: Calling main entry com.android.commands.am.Am
11-23 14:10:49.365  1239  1768 I ActivityManager: Force stopping br.com.catbag.gifreduxsample appid=10060 user=0: start instr
11-23 14:10:49.400  1239  1768 I ActivityManager: Start proc 2278:br.com.catbag.gifreduxsample/u0a60 for added application br.com.catbag.gifreduxsample
11-23 14:10:49.409  2278  2278 I art     : Not late-enabling -Xcheck:jni (already on)
11-23 14:10:49.410  2278  2278 W art     : Unexpected CPU variant for X86 using defaults: x86
11-23 14:10:49.467  2278  2278 W System  : ClassLoader referenced unknown path: /data/app/br.com.catbag.gifreduxsample.test-1/lib/x86
11-23 14:10:49.482  2278  2278 W System  : ClassLoader referenced unknown path: 
11-23 14:10:49.602  2278  2278 W System.err: java.io.FileNotFoundException: /jacoco.exec (Read-only file system)
11-23 14:10:49.614  2278  2278 W System.err: 	at java.io.FileOutputStream.open(Native Method)
11-23 14:10:49.614  2278  2278 W System.err: 	at java.io.FileOutputStream.<init>(FileOutputStream.java:221)
11-23 14:10:49.615  2278  2278 W System.err: 	at org.jacoco.agent.rt.internal_e6e56f0.output.FileOutput.openFile(FileOutput.java:67)
11-23 14:10:49.615  2278  2278 W System.err: 	at org.jacoco.agent.rt.internal_e6e56f0.output.FileOutput.startup(FileOutput.java:49)
11-23 14:10:49.615  2278  2278 W System.err: 	at org.jacoco.agent.rt.internal_e6e56f0.Agent.startup(Agent.java:122)
11-23 14:10:49.615  2278  2278 W System.err: 	at org.jacoco.agent.rt.internal_e6e56f0.Agent.getInstance(Agent.java:50)
11-23 14:10:49.615  2278  2278 W System.err: 	at org.jacoco.agent.rt.internal_e6e56f0.Offline.<clinit>(Offline.java:31)
11-23 14:10:49.615  2278  2278 W System.err: 	at org.jacoco.agent.rt.internal_e6e56f0.Offline.getProbes(Offline.java:51)
11-23 14:10:49.630  2278  2278 W System.err: 	at br.com.catbag.gifreduxsample.MyApp.$jacocoInit(MyApp.java)
11-23 14:10:49.630  2278  2278 W System.err: 	at br.com.catbag.gifreduxsample.MyApp.<clinit>(MyApp.java)
11-23 14:10:49.630  2278  2278 W System.err: 	at java.lang.Class.newInstance(Native Method)
11-23 14:10:49.630  2278  2278 W System.err: 	at android.app.Instrumentation.newApplication(Instrumentation.java:1007)
11-23 14:10:49.630  2278  2278 W System.err: 	at android.app.Instrumentation.newApplication(Instrumentation.java:992)
11-23 14:10:49.631  2278  2278 W System.err: 	at android.app.LoadedApk.makeApplication(LoadedApk.java:796)
11-23 14:10:49.631  2278  2278 W System.err: 	at android.app.ActivityThread.handleBindApplication(ActivityThread.java:5335)
11-23 14:10:49.631  2278  2278 W System.err: 	at android.app.ActivityThread.-wrap2(ActivityThread.java)
11-23 14:10:49.631  2278  2278 W System.err: 	at android.app.ActivityThread$H.handleMessage(ActivityThread.java:1528)
11-23 14:10:49.631  2278  2278 W System.err: 	at android.os.Handler.dispatchMessage(Handler.java:102)
11-23 14:10:49.631  2278  2278 W System.err: 	at android.os.Looper.loop(Looper.java:154)
11-23 14:10:49.632  2278  2278 W System.err: 	at android.app.ActivityThread.main(ActivityThread.java:6077)
11-23 14:10:49.632  2278  2278 W System.err: 	at java.lang.reflect.Method.invoke(Native Method)
11-23 14:10:49.632  2278  2278 W System.err: 	at com.android.internal.os.ZygoteInit$MethodAndArgsCaller.run(ZygoteInit.java:865)
11-23 14:10:49.632  2278  2278 W System.err: 	at com.android.internal.os.ZygoteInit.main(ZygoteInit.java:755)
11-23 14:10:49.642  2278  2278 I MonitoringInstrumentation: Instrumentation Started!
11-23 14:10:49.649  2278  2278 I MonitoringInstrumentation: Setting context classloader to 'dalvik.system.PathClassLoader[DexPathList[[zip file "/system/framework/android.test.runner.jar", zip file "/data/app/br.com.catbag.gifreduxsample.test-1/base.apk", zip file "/data/app/br.com.catbag.gifreduxsample-1/base.apk"],nativeLibraryDirectories=[/data/app/br.com.catbag.gifreduxsample.test-1/lib/x86, /data/app/br.com.catbag.gifreduxsample-1/lib/x86, /system/fake-libs, /data/app/br.com.catbag.gifreduxsample.test-1/base.apk!/lib/x86, /data/app/br.com.catbag.gifreduxsample-1/base.apk!/lib/x86, /system/lib, /vendor/lib]]]', Original: 'dalvik.system.PathClassLoader[DexPathList[[zip file "/system/framework/android.test.runner.jar", zip file "/data/app/br.com.catbag.gifreduxsample.test-1/base.apk", zip file "/data/app/br.com.catbag.gifreduxsample-1/base.apk"],nativeLibraryDirectories=[/data/app/br.com.catbag.gifreduxsample.test-1/lib/x86, /data/app/br.com.catbag.gifreduxsample-1/lib/x86, /system/fake-libs, /data/app/br.com.catbag.gifreduxsample.test-1/base.apk!/lib/x86, /data/app/br.com.catbag.gifreduxsample-1/base.apk!/lib/x86, /system/lib, /vendor/lib]]]'
11-23 14:10:49.752  2278  2278 D NetworkSecurityConfig: No Network Security Config specified, using platform default
11-23 14:10:49.801  2278  2278 I MonitoringInstrumentation: No JSBridge.
11-23 14:10:49.837  2278  2294 I UsageTrackerFacilitator: Usage tracking enabled
11-23 14:10:49.838  2278  2294 I TestRequestBuilder: Scanning classpath to find tests in apks [/data/app/br.com.catbag.gifreduxsample.test-1/base.apk]
11-23 14:10:50.676  2278  2294 I art     : Rejecting re-init on previously-failed class java.lang.Class<org.objectweb.asm.commons.JSRInlinerAdapter>: java.lang.NoClassDefFoundError: Failed resolution of: Lorg/objectweb/asm/tree/MethodNode;
11-23 14:10:50.676  2278  2294 I art     :   at java.lang.Class java.lang.Class.classForName!(java.lang.String, boolean, java.lang.ClassLoader) (Class.java:-2)
11-23 14:10:50.677  2278  2294 I art     :   at java.lang.Class java.lang.Class.forName(java.lang.String, boolean, java.lang.ClassLoader) (Class.java:400)
11-23 14:10:50.677  2278  2294 I art     :   at java.lang.Class android.support.test.internal.runner.TestLoader.doLoadClass(java.lang.String) (TestLoader.java:92)
11-23 14:10:50.677  2278  2294 I art     :   at java.lang.Class android.support.test.internal.runner.TestLoader.loadIfTest(java.lang.String) (TestLoader.java:113)
11-23 14:10:50.677  2278  2294 I art     :   at void android.support.test.internal.runner.TestRequestBuilder.loadClassesFromClassPath(android.support.test.internal.runner.TestLoader, java.util.Set) (TestRequestBuilder.java:801)
11-23 14:10:50.677  2278  2294 I art     :   at android.support.test.internal.runner.TestRequest android.support.test.internal.runner.TestRequestBuilder.build() (TestRequestBuilder.java:747)
11-23 14:10:50.677  2278  2294 I art     :   at android.support.test.internal.runner.TestRequest android.support.test.runner.AndroidJUnitRunner.buildRequest(android.support.test.internal.runner.RunnerArgs, android.os.Bundle) (AndroidJUnitRunner.java:354)
11-23 14:10:50.678  2278  2294 I art     :   at void android.support.test.runner.AndroidJUnitRunner.onStart() (AndroidJUnitRunner.java:260)
11-23 14:10:50.678  2278  2294 I art     :   at void android.app.Instrumentation$InstrumentationThread.run() (Instrumentation.java:1932)
11-23 14:10:50.678  2278  2294 I art     : Caused by: java.lang.ClassNotFoundException: Didn't find class "org.objectweb.asm.tree.MethodNode" on path: DexPathList[[zip file "/system/framework/android.test.runner.jar", zip file "/data/app/br.com.catbag.gifreduxsample.test-1/base.apk", zip file "/data/app/br.com.catbag.gifreduxsample-1/base.apk"],nativeLibraryDirectories=[/data/app/br.com.catbag.gifreduxsample.test-1/lib/x86, /data/app/br.com.catbag.gifreduxsample-1/lib/x86, /system/fake-libs, /data/app/br.com.catbag.gifreduxsample.test-1/base.apk!/lib/x86, /data/app/br.com.catbag.gifreduxsample-1/base.apk!/lib/x86, /system/lib, /vendor/lib]]
11-23 14:10:50.678  2278  2294 I art     :   at java.lang.Class dalvik.system.BaseDexClassLoader.findClass(java.lang.String) (BaseDexClassLoader.java:56)
11-23 14:10:50.678  2278  2294 I art     :   at java.lang.Class java.lang.ClassLoader.loadClass(java.lang.String, boolean) (ClassLoader.java:380)
11-23 14:10:50.678  2278  2294 I art     :   at java.lang.Class java.lang.ClassLoader.loadClass(java.lang.String) (ClassLoader.java:312)
11-23 14:10:50.678  2278  2294 I art     :   at java.lang.Class java.lang.Class.classForName!(java.lang.String, boolean, java.lang.ClassLoader) (Class.java:-2)
11-23 14:10:50.679  2278  2294 I art     :   at java.lang.Class java.lang.Class.forName(java.lang.String, boolean, java.lang.ClassLoader) (Class.java:400)
11-23 14:10:50.679  2278  2294 I art     :   at java.lang.Class android.support.test.internal.runner.TestLoader.doLoadClass(java.lang.String) (TestLoader.java:92)
11-23 14:10:50.679  2278  2294 I art     :   at java.lang.Class android.support.test.internal.runner.TestLoader.loadIfTest(java.lang.String) (TestLoader.java:113)
11-23 14:10:50.679  2278  2294 I art     :   at void android.support.test.internal.runner.TestRequestBuilder.loadClassesFromClassPath(android.support.test.internal.runner.TestLoader, java.util.Set) (TestRequestBuilder.java:801)
11-23 14:10:50.679  2278  2294 I art     :   at android.support.test.internal.runner.TestRequest android.support.test.internal.runner.TestRequestBuilder.build() (TestRequestBuilder.java:747)
11-23 14:10:50.679  2278  2294 I art     :   at android.support.test.internal.runner.TestRequest android.support.test.runner.AndroidJUnitRunner.buildRequest(android.support.test.internal.runner.RunnerArgs, android.os.Bundle) (AndroidJUnitRunner.java:354)
11-23 14:10:50.679  2278  2294 I art     :   at void android.support.test.runner.AndroidJUnitRunner.onStart() (AndroidJUnitRunner.java:260)
11-23 14:10:50.680  2278  2294 I art     :   at void android.app.Instrumentation$InstrumentationThread.run() (Instrumentation.java:1932)
11-23 14:10:50.680  2278  2294 I art     : 
11-23 14:10:50.681  2278  2294 E TestLoader: Could not find class: org.objectweb.asm.commons.JSRInlinerAdapter
11-23 14:10:50.708  2278  2294 I art     : Rejecting re-init on previously-failed class java.lang.Class<org.objectweb.asm.commons.TryCatchBlockSorter>: java.lang.NoClassDefFoundError: Failed resolution of: Lorg/objectweb/asm/tree/MethodNode;
11-23 14:10:50.708  2278  2294 I art     :   at java.lang.Class java.lang.Class.classForName!(java.lang.String, boolean, java.lang.ClassLoader) (Class.java:-2)
11-23 14:10:50.708  2278  2294 I art     :   at java.lang.Class java.lang.Class.forName(java.lang.String, boolean, java.lang.ClassLoader) (Class.java:400)
11-23 14:10:50.708  2278  2294 I art     :   at java.lang.Class android.support.test.internal.runner.TestLoader.doLoadClass(java.lang.String) (TestLoader.java:92)
11-23 14:10:50.708  2278  2294 I art     :   at java.lang.Class android.support.test.internal.runner.TestLoader.loadIfTest(java.lang.String) (TestLoader.java:113)
11-23 14:10:50.708  2278  2294 I art     :   at void android.support.test.internal.runner.TestRequestBuilder.loadClassesFromClassPath(android.support.test.internal.runner.TestLoader, java.util.Set) (TestRequestBuilder.java:801)
11-23 14:10:50.708  2278  2294 I art     :   at android.support.test.internal.runner.TestRequest android.support.test.internal.runner.TestRequestBuilder.build() (TestRequestBuilder.java:747)
11-23 14:10:50.709  2278  2294 I art     :   at android.support.test.internal.runner.TestRequest android.support.test.runner.AndroidJUnitRunner.buildRequest(android.support.test.internal.runner.RunnerArgs, android.os.Bundle) (AndroidJUnitRunner.java:354)
11-23 14:10:50.709  2278  2294 I art     :   at void android.support.test.runner.AndroidJUnitRunner.onStart() (AndroidJUnitRunner.java:260)
11-23 14:10:50.709  2278  2294 I art     :   at void android.app.Instrumentation$InstrumentationThread.run() (Instrumentation.java:1932)
11-23 14:10:50.709  2278  2294 I art     : Caused by: java.lang.ClassNotFoundException: Didn't find class "org.objectweb.asm.tree.MethodNode" on path: DexPathList[[zip file "/system/framework/android.test.runner.jar", zip file "/data/app/br.com.catbag.gifreduxsample.test-1/base.apk", zip file "/data/app/br.com.catbag.gifreduxsample-1/base.apk"],nativeLibraryDirectories=[/data/app/br.com.catbag.gifreduxsample.test-1/lib/x86, /data/app/br.com.catbag.gifreduxsample-1/lib/x86, /system/fake-libs, /data/app/br.com.catbag.gifreduxsample.test-1/base.apk!/lib/x86, /data/app/br.com.catbag.gifreduxsample-1/base.apk!/lib/x86, /system/lib, /vendor/lib]]
11-23 14:10:50.709  2278  2294 I art     :   at java.lang.Class dalvik.system.BaseDexClassLoader.findClass(java.lang.String) (BaseDexClassLoader.java:56)
11-23 14:10:50.709  2278  2294 I art     :   at java.lang.Class java.lang.ClassLoader.loadClass(java.lang.String, boolean) (ClassLoader.java:380)
11-23 14:10:50.709  2278  2294 I art     :   at java.lang.Class java.lang.ClassLoader.loadClass(java.lang.String) (ClassLoader.java:312)
11-23 14:10:50.710  2278  2294 I art     :   at java.lang.Class java.lang.Class.classForName!(java.lang.String, boolean, java.lang.ClassLoader) (Class.java:-2)
11-23 14:10:50.710  2278  2294 I art     :   at java.lang.Class java.lang.Class.forName(java.lang.String, boolean, java.lang.ClassLoader) (Class.java:400)
11-23 14:10:50.712  2278  2294 I art     :   at java.lang.Class android.support.test.internal.runner.TestLoader.doLoadClass(java.lang.String) (TestLoader.java:92)
11-23 14:10:50.713  2278  2294 I art     :   at java.lang.Class android.support.test.internal.runner.TestLoader.loadIfTest(java.lang.String) (TestLoader.java:113)
11-23 14:10:50.713  2278  2294 I art     :   at void android.support.test.internal.runner.TestRequestBuilder.loadClassesFromClassPath(android.support.test.internal.runner.TestLoader, java.util.Set) (TestRequestBuilder.java:801)
11-23 14:10:50.713  2278  2294 I art     :   at android.support.test.internal.runner.TestRequest android.support.test.internal.runner.TestRequestBuilder.build() (TestRequestBuilder.java:747)
11-23 14:10:50.713  2278  2294 I art     :   at android.support.test.internal.runner.TestRequest android.support.test.runner.AndroidJUnitRunner.buildRequest(android.support.test.internal.runner.RunnerArgs, android.os.Bundle) (AndroidJUnitRunner.java:354)
11-23 14:10:50.713  2278  2294 I art     :   at void android.support.test.runner.AndroidJUnitRunner.onStart() (AndroidJUnitRunner.java:260)
11-23 14:10:50.713  2278  2294 I art     :   at void android.app.Instrumentation$InstrumentationThread.run() (Instrumentation.java:1932)
11-23 14:10:50.713  2278  2294 I art     : 
11-23 14:10:50.714  2278  2294 E TestLoader: Could not find class: org.objectweb.asm.commons.TryCatchBlockSorter
11-23 14:10:50.781  2278  2294 D TestExecutor: Adding listener android.support.test.internal.runner.listener.LogRunListener
11-23 14:10:50.781  2278  2294 D TestExecutor: Adding listener android.support.test.internal.runner.listener.InstrumentationResultPrinter
11-23 14:10:50.781  2278  2294 D TestExecutor: Adding listener android.support.test.internal.runner.listener.ActivityFinisherRunListener
11-23 14:10:50.782  2278  2294 D TestExecutor: Adding listener android.support.test.internal.runner.listener.CoverageListener
11-23 14:10:50.790  2278  2294 I TestRunner: run started: 15 tests
11-23 14:10:50.803  2278  2294 I TestRunner: started: whenAppStateSavedSeveralTime(br.com.catbag.gifreduxsample.asyncs.data.DataManagerTest)
11-23 14:10:50.813  2278  2278 I MonitoringInstrumentation: Activities that are still in CREATED to STOPPED: 0
11-23 14:10:50.919  2278  2289 I art     : Background sticky concurrent mark sweep GC freed 107054(4MB) AllocSpace objects, 0(0B) LOS objects, 25% free, 5MB/6MB, paused 8.350ms total 619.568ms
11-23 14:10:51.153  2278  2297 W Java7Support: Unable to load JDK7 types (annotations, java.nio.file.Path): no Java7 support added
11-23 14:10:51.779  2278  2289 I art     : Background partial concurrent mark sweep GC freed 68651(2MB) AllocSpace objects, 0(0B) LOS objects, 39% free, 3MB/5MB, paused 7.868ms total 108.391ms
11-23 14:10:51.842  2278  2294 I TestRunner: finished: whenAppStateSavedSeveralTime(br.com.catbag.gifreduxsample.asyncs.data.DataManagerTest)
11-23 14:10:51.853  2278  2278 I MonitoringInstrumentation: Activities that are still in CREATED to STOPPED: 0
11-23 14:10:51.854  2278  2294 I TestRunner: started: whenAppStateSavedOnceTime(br.com.catbag.gifreduxsample.asyncs.data.DataManagerTest)
11-23 14:10:51.857  2278  2278 I MonitoringInstrumentation: Activities that are still in CREATED to STOPPED: 0
11-23 14:10:52.224  2278  2294 I TestRunner: finished: whenAppStateSavedOnceTime(br.com.catbag.gifreduxsample.asyncs.data.DataManagerTest)
11-23 14:10:52.228  2278  2278 I MonitoringInstrumentation: Activities that are still in CREATED to STOPPED: 0
11-23 14:10:52.232  2278  2294 I TestRunner: started: whenUnsavedAppStateIsLoaded(br.com.catbag.gifreduxsample.asyncs.data.DataManagerTest)
11-23 14:10:52.235  2278  2278 I MonitoringInstrumentation: Activities that are still in CREATED to STOPPED: 0
11-23 14:10:52.409  2278  2294 I TestRunner: finished: whenUnsavedAppStateIsLoaded(br.com.catbag.gifreduxsample.asyncs.data.DataManagerTest)
11-23 14:10:52.424  2278  2278 I MonitoringInstrumentation: Activities that are still in CREATED to STOPPED: 0
11-23 14:10:52.427  2278  2294 I TestRunner: started: whenSavedAppStateIsLoaded(br.com.catbag.gifreduxsample.asyncs.data.DataManagerTest)
11-23 14:10:52.429  2278  2278 I MonitoringInstrumentation: Activities that are still in CREATED to STOPPED: 0
11-23 14:10:52.463  2278  2302 E DataManager: appstate not loaded
11-23 14:10:52.463  2278  2302 E DataManager: com.snappydb.SnappydbException: Failed to get a String: NotFound: 
11-23 14:10:52.463  2278  2302 E DataManager: 	at com.snappydb.internal.DBImpl.__get(Native Method)
11-23 14:10:52.463  2278  2302 E DataManager: 	at com.snappydb.internal.DBImpl.get(DBImpl.java:348)
11-23 14:10:52.463  2278  2302 E DataManager: 	at br.com.catbag.gifreduxsample.asyncs.data.storage.Database.getAppState(Database.java:29)
11-23 14:10:52.463  2278  2302 E DataManager: 	at br.com.catbag.gifreduxsample.asyncs.data.DataManager.lambda$loadAppState$0(DataManager.java:61)
11-23 14:10:52.463  2278  2302 E DataManager: 	at br.com.catbag.gifreduxsample.asyncs.data.DataManager$$Lambda$1.run(Unknown Source)
11-23 14:10:52.463  2278  2302 E DataManager: 	at java.lang.Thread.run(Thread.java:761)
11-23 14:10:52.828  2278  2294 I TestRunner: finished: whenSavedAppStateIsLoaded(br.com.catbag.gifreduxsample.asyncs.data.DataManagerTest)
11-23 14:10:52.841  2278  2278 I MonitoringInstrumentation: Activities that are still in CREATED to STOPPED: 0
11-23 14:10:52.879  2278  2294 I TestRunner: started: whenScrollDownAndPlayLastItemTest(br.com.catbag.gifreduxsample.ui.giflist.GifListActivityTest)
11-23 14:10:52.883  2278  2278 I MonitoringInstrumentation: Activities that are still in CREATED to STOPPED: 0
11-23 14:10:53.277  2278  2289 I art     : WaitForGcToComplete blocked for 11.973ms for cause Background
11-23 14:10:53.416  2306  2306 W dex2oat : Unexpected CPU variant for X86 using defaults: x86
11-23 14:10:53.416  2306  2306 W dex2oat : Mismatch between dex2oat instruction set features (ISA: X86 Feature string: smp,-ssse3,-sse4.1,-sse4.2,-avx,-avx2,-lock_add,-popcnt) and those of dex2oat executable (ISA: X86 Feature string: smp,ssse3,-sse4.1,-sse4.2,-avx,-avx2,-lock_add,-popcnt) for the command line:
11-23 14:10:53.426  2306  2306 W dex2oat : /system/bin/dex2oat --runtime-arg -classpath --runtime-arg & --instruction-set=x86 --instruction-set-features=smp,ssse3,-sse4.1,-sse4.2,-avx,-avx2,-lock_add,-popcnt --runtime-arg -Xrelocate --boot-image=/system/framework/boot.art --runtime-arg -Xms64m --runtime-arg -Xmx512m --instruction-set-variant=x86 --instruction-set-features=default --dex-file=/data/user/0/br.com.catbag.gifreduxsample/app_dxmaker_cache/Generated_1497766805.jar --oat-fd=38 --oat-location=/data/user/0/br.com.catbag.gifreduxsample/app_dxmaker_cache/Generated_1497766805.dex --compiler-filter=speed
11-23 14:10:53.427  2306  2306 I dex2oat : /system/bin/dex2oat --dex-file=/data/user/0/br.com.catbag.gifreduxsample/app_dxmaker_cache/Generated_1497766805.jar --oat-fd=38 --oat-location=/data/user/0/br.com.catbag.gifreduxsample/app_dxmaker_cache/Generated_1497766805.dex --compiler-filter=speed
11-23 14:10:53.460  2278  2289 I art     : Background sticky concurrent mark sweep GC freed 34680(1494KB) AllocSpace objects, 2(40KB) LOS objects, 30% free, 4MB/5MB, paused 18.360ms total 178.439ms
11-23 14:10:53.637  2306  2306 I dex2oat : dex2oat took 221.591ms (threads: 1) arena alloc=41KB (42016B) java alloc=28KB (28768B) native alloc=736KB (753768B) free=799KB (819096B)
11-23 14:10:53.686  1239  1791 D VoldConnector: SND -> {29 volume mkdirs /storage/emulated/0/Android/data/br.com.catbag.gifreduxsample/cache/}
11-23 14:10:53.713  1239  1281 D VoldConnector: RCV <- {200 29 Command succeeded}
11-23 14:10:53.741  2278  2295 I DroidFlux:Dispatcher: [STARTED] dispatch of action [FAKE_REDUCE_ACTION]
11-23 14:10:53.779  2278  2295 I DroidFlux:Dispatcher: [COMPLETED] dispatch of action [FAKE_REDUCE_ACTION]
11-23 14:10:53.794  2278  2305 D ActivityTestRule: Launching activity br.com.catbag.gifreduxsample.ui.GifListActivity
11-23 14:10:53.813  2278  2309 D MonitoringInstrumentation: execStartActivity(context, ibinder, ibinder, activity, intent, int, bundle
11-23 14:10:53.833  1239  1437 I ActivityManager: START u0 {flg=0x14000000 cmp=br.com.catbag.gifreduxsample/.ui.GifListActivity} from uid 10060 on display 0
11-23 14:10:54.259  2278  2278 D LifecycleMonitor: Lifecycle status change: br.com.catbag.gifreduxsample.ui.GifListActivity@f47df66 in: PRE_ON_CREATE
11-23 14:10:54.723  1753  1753 I Choreographer: Skipped 36 frames!  The application may be doing too much work on its main thread.
11-23 14:10:54.734  1239  1260 I Choreographer: Skipped 39 frames!  The application may be doing too much work on its main thread.
11-23 14:10:55.128  1239  1260 I Choreographer: Skipped 86 frames!  The application may be doing too much work on its main thread.
11-23 14:10:55.343  2278  2278 D LifecycleMonitor: Lifecycle status change: br.com.catbag.gifreduxsample.ui.GifListActivity@f47df66 in: CREATED
11-23 14:10:55.356  2278  2278 D LifecycleMonitor: Lifecycle status change: br.com.catbag.gifreduxsample.ui.GifListActivity@f47df66 in: STARTED
11-23 14:10:55.363  2278  2278 D LifecycleMonitor: Lifecycle status change: br.com.catbag.gifreduxsample.ui.GifListActivity@f47df66 in: RESUMED
11-23 14:10:55.385  2278  2295 I DroidFlux:Dispatcher: [STARTED] dispatch of action [APP_STATE_LOAD]
11-23 14:10:55.591  2278  2295 D DroidFlux:Dispatcher: An action of type [APP_STATE_LOAD] was dispatched, but no reducer handled it
11-23 14:10:55.591  2278  2295 I DroidFlux:Dispatcher: [COMPLETED] dispatch of action [APP_STATE_LOAD]
11-23 14:10:55.905  1753  1753 I Choreographer: Skipped 46 frames!  The application may be doing too much work on its main thread.
11-23 14:10:55.969  1239  1768 I WindowManager: Destroying surface Surface(name=com.android.launcher3/com.android.launcher3.Launcher) called by com.android.server.wm.WindowStateAnimator.destroySurface:2014 com.android.server.wm.WindowStateAnimator.destroySurfaceLocked:881 com.android.server.wm.WindowState.destroyOrSaveSurface:2073 com.android.server.wm.WindowManagerService.tryStartExitingAnimation:3017 com.android.server.wm.WindowManagerService.relayoutWindow:2897 com.android.server.wm.Session.relayout:215 android.view.IWindowSession$Stub.onTransact:286 com.android.server.wm.Session.onTransact:136 
11-23 14:10:56.134  2278  2278 I Choreographer: Skipped 41 frames!  The application may be doing too much work on its main thread.
11-23 14:10:56.176  2278  2278 D gralloc_ranchu: Emulator without host-side GPU emulation detected.
11-23 14:10:56.278  1239  1260 I ActivityManager: Displayed br.com.catbag.gifreduxsample/.ui.GifListActivity: +2s192ms
11-23 14:10:56.291  2278  2289 I art     : Background partial concurrent mark sweep GC freed 13637(835KB) AllocSpace objects, 0(0B) LOS objects, 39% free, 4MB/8MB, paused 9.089ms total 195.272ms
11-23 14:10:56.476  2278  2278 I Choreographer: Skipped 32 frames!  The application may be doing too much work on its main thread.
11-23 14:10:56.493  2278  2305 D InputManagerEventInjectionStrategy: Creating injection strategy with input manager.
11-23 14:10:56.601  1239  1260 I WindowManager: Destroying surface Surface(name=Starting br.com.catbag.gifreduxsample) called by com.android.server.wm.WindowStateAnimator.destroySurface:2014 com.android.server.wm.WindowStateAnimator.destroySurfaceLocked:881 com.android.server.wm.WindowState.destroyOrSaveSurface:2073 com.android.server.wm.AppWindowToken.destroySurfaces:363 com.android.server.wm.WindowStateAnimator.finishExit:565 com.android.server.wm.WindowStateAnimator.stepAnimationLocked:491 com.android.server.wm.WindowAnimator.updateWindowsLocked:303 com.android.server.wm.WindowAnimator.animateLocked:704 
11-23 14:10:56.665  2278  2278 W ResourceType: No package identifier when getting name for resource number 0x00000001
11-23 14:10:56.669  2278  2278 I ViewInteraction: Performing 'scroll RecyclerView to position: 4' action on view with id: 1 (resource name not found)
11-23 14:10:56.951  1239  1325 E TaskPersister: File error accessing recents directory (directory doesn't exist?).
11-23 14:10:57.028  2278  2283 I art     : Do partial code cache collection, code=26KB, data=30KB
11-23 14:10:57.037  2278  2283 I art     : After code cache collection, code=25KB, data=29KB
11-23 14:10:57.037  2278  2283 I art     : Increasing code cache capacity to 128KB
11-23 14:10:57.064  2278  2278 W ResourceType: No package identifier when getting name for resource number 0x00000001
11-23 14:10:57.103  2278  2278 W ResourceType: No package identifier when getting name for resource number 0x00000004
11-23 14:10:57.103  2278  2278 I ViewInteraction: Performing 'single click' action on view with id: 4 (resource name not found)
11-23 14:10:57.238  2278  2295 I DroidFlux:Dispatcher: [STARTED] dispatch of action [GIF_PLAY]
11-23 14:10:57.240  2278  2295 I DroidFlux:Dispatcher: [COMPLETED] dispatch of action [GIF_PLAY]
11-23 14:10:57.527  1239  1313 W AudioTrack: AUDIO_OUTPUT_FLAG_FAST denied by client; transfer 4, track 48000 Hz, output 44100 Hz
11-23 14:10:57.657   988  1028 D AudioFlinger: mixer(0xb21839c0) throttle end: throttle time(8)
11-23 14:10:57.688   988  1028 D AudioFlinger: mixer(0xb21839c0) throttle end: throttle time(10)
11-23 14:10:58.063  1239  1252 I UsageStatsService: User[0] Flushing usage stats to disk
11-23 14:10:58.067  2278  2278 D LifecycleMonitor: Lifecycle status change: br.com.catbag.gifreduxsample.ui.GifListActivity@f47df66 in: PAUSED
11-23 14:10:58.115  2278  2294 I TestRunner: finished: whenScrollDownAndPlayLastItemTest(br.com.catbag.gifreduxsample.ui.giflist.GifListActivityTest)
11-23 14:10:58.194   978   978 D gralloc : Registering a buffer in the process that created it. This may cause memory ordering problems.
11-23 14:10:58.195   978   978 E libEGL  : called unimplemented OpenGL ES API
11-23 14:10:58.207   978   978 E SurfaceFlinger: glCheckFramebufferStatusOES error 157766865
11-23 14:10:58.207   978   978 E SurfaceFlinger: got GL_FRAMEBUFFER_COMPLETE_OES error while taking screenshot
11-23 14:10:58.216  1239  1250 W WindowManager: Screenshot failure taking screenshot for (480x800) to layer 21005
11-23 14:10:58.254  2278  2278 I MonitoringInstrumentation: Activities that are still in CREATED to STOPPED: 1
11-23 14:10:58.260  2278  2294 I TestRunner: started: whenGifIsNotWatchedTest(br.com.catbag.gifreduxsample.ui.giflist.GifListActivityTest)
11-23 14:10:58.299  2278  2278 I MonitoringInstrumentation: Activities that are still in CREATED to STOPPED: 1
11-23 14:10:58.353  2278  2295 I DroidFlux:Dispatcher: [STARTED] dispatch of action [FAKE_REDUCE_ACTION]
11-23 14:10:58.354  2278  2295 I DroidFlux:Dispatcher: [COMPLETED] dispatch of action [FAKE_REDUCE_ACTION]
11-23 14:10:58.367  2278  2314 D ActivityTestRule: Launching activity br.com.catbag.gifreduxsample.ui.GifListActivity
11-23 14:10:58.389  2278  2316 D MonitoringInstrumentation: execStartActivity(context, ibinder, ibinder, activity, intent, int, bundle
11-23 14:10:58.390  1239  1251 I ActivityManager: START u0 {flg=0x10000000 cmp=br.com.catbag.gifreduxsample/.ui.GifListActivity} from uid 10060 on display 0
11-23 14:10:58.495  1239  1260 I Choreographer: Skipped 53 frames!  The application may be doing too much work on its main thread.
11-23 14:10:58.699  1753  1753 I Choreographer: Skipped 41 frames!  The application may be doing too much work on its main thread.
11-23 14:10:58.731  2278  2278 D LifecycleMonitor: Lifecycle status change: br.com.catbag.gifreduxsample.ui.GifListActivity@303f4ae in: PRE_ON_CREATE
11-23 14:10:58.743  1239  1260 I Choreographer: Skipped 38 frames!  The application may be doing too much work on its main thread.
11-23 14:10:58.869  2278  2278 D LifecycleMonitor: Lifecycle status change: br.com.catbag.gifreduxsample.ui.GifListActivity@303f4ae in: CREATED
11-23 14:10:58.870  2278  2295 I DroidFlux:Dispatcher: [STARTED] dispatch of action [APP_STATE_LOAD]
11-23 14:10:58.871  2278  2295 D DroidFlux:Dispatcher: An action of type [APP_STATE_LOAD] was dispatched, but no reducer handled it
11-23 14:10:58.871  2278  2295 I DroidFlux:Dispatcher: [COMPLETED] dispatch of action [APP_STATE_LOAD]
11-23 14:10:58.871  2278  2278 D LifecycleMonitor: Lifecycle status change: br.com.catbag.gifreduxsample.ui.GifListActivity@303f4ae in: STARTED
11-23 14:10:58.873  2278  2278 D LifecycleMonitor: Lifecycle status change: br.com.catbag.gifreduxsample.ui.GifListActivity@303f4ae in: RESUMED
11-23 14:10:58.913  2278  2278 I Choreographer: Skipped 47 frames!  The application may be doing too much work on its main thread.
11-23 14:10:59.495  2278  2278 E Feed    : Gif{uuid=2d56fdf4-db43-4e08-b8f3-955cb38c6cf8, path=, url=, title=, watched=false, status=DOWNLOADED}
11-23 14:10:59.495  2278  2278 E Feed    : pl.droidsonroids.gif.GifIOException: GifError 101: Failed to open given input
11-23 14:10:59.495  2278  2278 E Feed    : 	at pl.droidsonroids.gif.GifInfoHandle.openFile(Native Method)
11-23 14:10:59.495  2278  2278 E Feed    : 	at pl.droidsonroids.gif.GifInfoHandle.<init>(GifInfoHandle.java:46)
11-23 14:10:59.495  2278  2278 E Feed    : 	at pl.droidsonroids.gif.GifDrawable.<init>(GifDrawable.java:124)
11-23 14:10:59.495  2278  2278 E Feed    : 	at br.com.catbag.gifreduxsample.ui.components.FeedComponent.createDrawable(FeedComponent.java:104)
11-23 14:10:59.495  2278  2278 E Feed    : 	at br.com.catbag.gifreduxsample.ui.components.FeedComponent.lambda$renderGifView$2(FeedComponent.java:90)
11-23 14:10:59.495  2278  2278 E Feed    : 	at br.com.catbag.gifreduxsample.ui.components.FeedComponent$$Lambda$2.view(Unknown Source)
11-23 14:10:59.495  2278  2278 E Feed    : 	at trikita.anvil.BaseDSL.v(BaseDSL.java:670)
11-23 14:10:59.495  2278  2278 E Feed    : 	at br.com.catbag.gifreduxsample.ui.components.FeedComponent.renderGifView(FeedComponent.java:88)
11-23 14:10:59.495  2278  2278 E Feed    : 	at br.com.catbag.gifreduxsample.ui.components.FeedComponent.lambda$null$0(FeedComponent.java:55)
11-23 14:10:59.495  2278  2278 E Feed    : 	at br.com.catbag.gifreduxsample.ui.components.FeedComponent$$Lambda$3.view(Unknown Source)
