11-26 14:13:58.131  2257  2273 I DroidFlux:Dispatcher: [STARTED] dispatch of action [GIF_LIST_FETCHING]
11-26 14:13:58.131  2257  2273 D DroidFlux:Dispatcher: An action of type [GIF_LIST_FETCHING] was dispatched, but no reducer handled it
11-26 14:13:58.194  2257  2273 I DroidFlux:Dispatcher: [COMPLETED] dispatch of action [GIF_LIST_FETCHING]
11-26 14:13:58.195  2257  2273 I DroidFlux:Dispatcher: [STARTED] dispatch of action [GIF_LIST_FETCHING]
11-26 14:13:58.195  2257  2273 D DroidFlux:Dispatcher: An action of type [GIF_LIST_FETCHING] was dispatched, but no reducer handled it
11-26 14:13:58.195  2257  2273 I DroidFlux:Dispatcher: [COMPLETED] dispatch of action [GIF_LIST_FETCHING]
11-26 14:13:58.196  2257  2273 I DroidFlux:Dispatcher: [STARTED] dispatch of action [GIF_LIST_FETCHING]
11-26 14:13:58.196  2257  2273 D DroidFlux:Dispatcher: An action of type [GIF_LIST_FETCHING] was dispatched, but no reducer handled it
11-26 14:13:58.196  2257  2273 I DroidFlux:Dispatcher: [COMPLETED] dispatch of action [GIF_LIST_FETCHING]
11-26 14:13:58.197  2257  2273 I DroidFlux:Dispatcher: [STARTED] dispatch of action [GIF_LIST_FETCHING]
11-26 14:13:58.197  2257  2273 D DroidFlux:Dispatcher: An action of type [GIF_LIST_FETCHING] was dispatched, but no reducer handled it
11-26 14:13:58.197  2257  2273 I DroidFlux:Dispatcher: [COMPLETED] dispatch of action [GIF_LIST_FETCHING]
11-26 14:13:58.198  2257  2273 I DroidFlux:Dispatcher: [STARTED] dispatch of action [GIF_LIST_FETCHING]
11-26 14:13:58.198  2257  2273 D DroidFlux:Dispatcher: An action of type [GIF_LIST_FETCHING] was dispatched, but no reducer handled it
11-26 14:13:58.198  2257  2273 I DroidFlux:Dispatcher: [COMPLETED] dispatch of action [GIF_LIST_FETCHING]
11-26 14:13:58.199  2257  2273 I DroidFlux:Dispatcher: [STARTED] dispatch of action [GIF_LIST_FETCHING]
11-26 14:13:58.199  2257  2273 D DroidFlux:Dispatcher: An action of type [GIF_LIST_FETCHING] was dispatched, but no reducer handled it
11-26 14:13:58.199  2257  2273 I DroidFlux:Dispatcher: [COMPLETED] dispatch of action [GIF_LIST_FETCHING]
11-26 14:13:58.206  2257  2257 W ResourceType: No package identifier when getting name for resource number 0x000000ba
11-26 14:13:58.325  2257  2257 W ResourceType: No package identifier when getting name for resource number 0x000000c2
11-26 14:13:58.326  2257  2257 I ViewInteraction: Performing 'single click' action on view with id: 194 (resource name not found)
11-26 14:13:58.386  2257  2273 I DroidFlux:Dispatcher: [STARTED] dispatch of action [GIF_PLAY]
11-26 14:13:58.388  2257  2273 I DroidFlux:Dispatcher: [COMPLETED] dispatch of action [GIF_PLAY]
11-26 14:13:58.405  2257  2268 I art     : Background sticky concurrent mark sweep GC freed 28905(2MB) AllocSpace objects, 16(336KB) LOS objects, 17% free, 11MB/14MB, paused 10.232ms total 162.893ms
11-26 14:13:58.989  2257  2257 W ResourceType: No package identifier when getting name for resource number 0x000000c6
11-26 14:13:58.990  2257  2257 I ViewInteraction: Performing 'scroll RecyclerView to position: 17' action on view with id: 198 (resource name not found)
11-26 14:13:59.009  2257  2273 I DroidFlux:Dispatcher: [STARTED] dispatch of action [GIF_LIST_FETCHING]
11-26 14:13:59.010  2257  2273 D DroidFlux:Dispatcher: An action of type [GIF_LIST_FETCHING] was dispatched, but no reducer handled it
11-26 14:13:59.010  2257  2273 I DroidFlux:Dispatcher: [COMPLETED] dispatch of action [GIF_LIST_FETCHING]
11-26 14:13:59.017  2257  2273 I DroidFlux:Dispatcher: [STARTED] dispatch of action [GIF_LIST_FETCHING]
11-26 14:13:59.018  2257  2273 D DroidFlux:Dispatcher: An action of type [GIF_LIST_FETCHING] was dispatched, but no reducer handled it
11-26 14:13:59.018  2257  2273 I DroidFlux:Dispatcher: [COMPLETED] dispatch of action [GIF_LIST_FETCHING]
11-26 14:13:59.309  2257  2257 W ResourceType: No package identifier when getting name for resource number 0x000000c6
11-26 14:13:59.342  2257  2257 W ResourceType: No package identifier when getting name for resource number 0x000000ce
11-26 14:13:59.343  2257  2257 I ViewInteraction: Performing 'single click' action on view with id: 206 (resource name not found)
11-26 14:13:59.435  2257  2273 I DroidFlux:Dispatcher: [STARTED] dispatch of action [GIF_PLAY]
11-26 14:13:59.447  2257  2273 I DroidFlux:Dispatcher: [COMPLETED] dispatch of action [GIF_PLAY]
11-26 14:13:59.958  2257  2257 W ResourceType: No package identifier when getting name for resource number 0x000000d2
11-26 14:13:59.958  2257  2257 I ViewInteraction: Performing 'scroll RecyclerView to position: 18' action on view with id: 210 (resource name not found)
11-26 14:13:59.996  2257  2273 I DroidFlux:Dispatcher: [STARTED] dispatch of action [GIF_LIST_FETCHING]
11-26 14:13:59.997  2257  2273 D DroidFlux:Dispatcher: An action of type [GIF_LIST_FETCHING] was dispatched, but no reducer handled it
11-26 14:13:59.997  2257  2273 I DroidFlux:Dispatcher: [COMPLETED] dispatch of action [GIF_LIST_FETCHING]
11-26 14:13:59.998  2257  2273 I DroidFlux:Dispatcher: [STARTED] dispatch of action [GIF_LIST_FETCHING]
11-26 14:13:59.998  2257  2273 D DroidFlux:Dispatcher: An action of type [GIF_LIST_FETCHING] was dispatched, but no reducer handled it
11-26 14:13:59.998  2257  2273 I DroidFlux:Dispatcher: [COMPLETED] dispatch of action [GIF_LIST_FETCHING]
11-26 14:14:00.296  2257  2257 W ResourceType: No package identifier when getting name for resource number 0x000000d2
11-26 14:14:00.311  2257  2257 W ResourceType: No package identifier when getting name for resource number 0x000000da
11-26 14:14:00.311  2257  2257 I ViewInteraction: Performing 'single click' action on view with id: 218 (resource name not found)
11-26 14:14:00.364  2257  2273 I DroidFlux:Dispatcher: [STARTED] dispatch of action [GIF_PLAY]
11-26 14:14:00.365  2257  2273 I DroidFlux:Dispatcher: [COMPLETED] dispatch of action [GIF_PLAY]
11-26 14:14:00.958  2257  2257 W ResourceType: No package identifier when getting name for resource number 0x000000de
11-26 14:14:00.958  2257  2257 I ViewInteraction: Performing 'scroll RecyclerView to position: 19' action on view with id: 222 (resource name not found)
11-26 14:14:00.984  2257  2273 I DroidFlux:Dispatcher: [STARTED] dispatch of action [GIF_LIST_FETCHING]
11-26 14:14:00.985  2257  2273 D DroidFlux:Dispatcher: An action of type [GIF_LIST_FETCHING] was dispatched, but no reducer handled it
11-26 14:14:00.985  2257  2273 I DroidFlux:Dispatcher: [COMPLETED] dispatch of action [GIF_LIST_FETCHING]
11-26 14:14:00.985  2257  2273 I DroidFlux:Dispatcher: [STARTED] dispatch of action [GIF_LIST_FETCHING]
11-26 14:14:00.985  2257  2273 D DroidFlux:Dispatcher: An action of type [GIF_LIST_FETCHING] was dispatched, but no reducer handled it
11-26 14:14:00.986  2257  2273 I DroidFlux:Dispatcher: [COMPLETED] dispatch of action [GIF_LIST_FETCHING]
11-26 14:14:01.240  2257  2257 W ResourceType: No package identifier when getting name for resource number 0x000000de
11-26 14:14:01.254  2257  2257 W ResourceType: No package identifier when getting name for resource number 0x000000e6
11-26 14:14:01.254  2257  2257 I ViewInteraction: Performing 'single click' action on view with id: 230 (resource name not found)
11-26 14:14:01.308  2257  2273 I DroidFlux:Dispatcher: [STARTED] dispatch of action [GIF_PLAY]
11-26 14:14:01.310  2257  2273 I DroidFlux:Dispatcher: [COMPLETED] dispatch of action [GIF_PLAY]
11-26 14:14:01.870  2257  2257 W ResourceType: No package identifier when getting name for resource number 0x000000f1
11-26 14:14:01.870  2257  2257 I ViewInteraction: Performing 'single click' action on view with id: 241 (resource name not found)
11-26 14:14:01.969  2257  2273 I DroidFlux:Dispatcher: [STARTED] dispatch of action [GIF_PAUSE]
11-26 14:14:01.971  2257  2273 I DroidFlux:Dispatcher: [COMPLETED] dispatch of action [GIF_PAUSE]
11-26 14:14:02.540  2257  2257 D LifecycleMonitor: Lifecycle status change: br.com.catbag.gifreduxsample.ui.GifListActivity@5f8950c in: PAUSED
11-26 14:14:02.573  2257  2272 I TestRunner: finished: whenListKeepOrderedAfterPlayTest(br.com.catbag.gifreduxsample.ui.giflist.GifListActivityTest)
11-26 14:14:02.599   977   977 D gralloc : Registering a buffer in the process that created it. This may cause memory ordering problems.
11-26 14:14:02.599   977   977 E libEGL  : called unimplemented OpenGL ES API
11-26 14:14:02.599   977   977 E SurfaceFlinger: glCheckFramebufferStatusOES error -560253926
11-26 14:14:02.600   977   977 E SurfaceFlinger: got GL_FRAMEBUFFER_COMPLETE_OES error while taking screenshot
11-26 14:14:02.601  1239  1251 W WindowManager: Screenshot failure taking screenshot for (480x800) to layer 21005
11-26 14:14:02.655  2257  2257 I MonitoringInstrumentation: Activities that are still in CREATED to STOPPED: 1
11-26 14:14:02.656  2257  2272 I TestRunner: started: whenGifIsWatchedTest(br.com.catbag.gifreduxsample.ui.giflist.GifListActivityTest)
11-26 14:14:02.737  2257  2257 I MonitoringInstrumentation: Activities that are still in CREATED to STOPPED: 1
11-26 14:14:02.748  2257  2273 I DroidFlux:Dispatcher: [STARTED] dispatch of action [FAKE_REDUCE_ACTION]
11-26 14:14:02.750  2257  2273 I DroidFlux:Dispatcher: [COMPLETED] dispatch of action [FAKE_REDUCE_ACTION]
11-26 14:14:02.750  2257  2306 D ActivityTestRule: Launching activity br.com.catbag.gifreduxsample.ui.GifListActivity
11-26 14:14:02.805  2257  2307 D MonitoringInstrumentation: execStartActivity(context, ibinder, ibinder, activity, intent, int, bundle
11-26 14:14:02.806  1239  1250 I ActivityManager: START u0 {flg=0x10000000 cmp=br.com.catbag.gifreduxsample/.ui.GifListActivity} from uid 10060 on display 0
11-26 14:14:02.916  2257  2257 D LifecycleMonitor: Lifecycle status change: br.com.catbag.gifreduxsample.ui.GifListActivity@3baf15c in: PRE_ON_CREATE
11-26 14:14:02.950  2257  2257 D LifecycleMonitor: Lifecycle status change: br.com.catbag.gifreduxsample.ui.GifListActivity@3baf15c in: CREATED
11-26 14:14:02.951  2257  2273 I DroidFlux:Dispatcher: [STARTED] dispatch of action [APP_STATE_LOAD]
11-26 14:14:02.952  2257  2257 D LifecycleMonitor: Lifecycle status change: br.com.catbag.gifreduxsample.ui.GifListActivity@3baf15c in: STARTED
11-26 14:14:02.955  2257  2257 D LifecycleMonitor: Lifecycle status change: br.com.catbag.gifreduxsample.ui.GifListActivity@3baf15c in: RESUMED
11-26 14:14:03.001  2257  2257 E Feed    : Gif{uuid=e62d67c6-dc24-46fc-b9d7-290eb94fedff, path=, url=, title=, watched=true, status=DOWNLOADED}
11-26 14:14:03.001  2257  2257 E Feed    : pl.droidsonroids.gif.GifIOException: GifError 101: Failed to open given input
11-26 14:14:03.001  2257  2257 E Feed    : 	at pl.droidsonroids.gif.GifInfoHandle.openFile(Native Method)
11-26 14:14:03.001  2257  2257 E Feed    : 	at pl.droidsonroids.gif.GifInfoHandle.<init>(GifInfoHandle.java:46)
11-26 14:14:03.001  2257  2257 E Feed    : 	at pl.droidsonroids.gif.GifDrawable.<init>(GifDrawable.java:124)
11-26 14:14:03.001  2257  2257 E Feed    : 	at br.com.catbag.gifreduxsample.ui.views.FeedView.createDrawable(FeedView.java:137)
11-26 14:14:03.001  2257  2257 E Feed    : 	at br.com.catbag.gifreduxsample.ui.views.FeedView.lambda$renderGifView$1(FeedView.java:124)
11-26 14:14:03.001  2257  2257 E Feed    : 	at br.com.catbag.gifreduxsample.ui.views.FeedView$$Lambda$4.view(Unknown Source)
11-26 14:14:03.001  2257  2257 E Feed    : 	at trikita.anvil.BaseDSL.v(BaseDSL.java:670)
11-26 14:14:03.001  2257  2257 E Feed    : 	at br.com.catbag.gifreduxsample.ui.views.FeedView.renderGifView(FeedView.java:123)
11-26 14:14:03.001  2257  2257 E Feed    : 	at br.com.catbag.gifreduxsample.ui.views.FeedView.access$lambda$0(FeedView.java)
11-26 14:14:03.001  2257  2257 E Feed    : 	at br.com.catbag.gifreduxsample.ui.views.FeedView$$Lambda$5.view(Unknown Source)
11-26 14:14:03.001  2257  2257 E Feed    : 	at br.com.catbag.gifreduxsample.ui.views.GifsAdapter.view(GifsAdapter.java:69)
11-26 14:14:03.001  2257  2257 E Feed    : 	at trikita.anvil.RenderableRecyclerViewAdapter$1.view(RenderableRecyclerViewAdapter.java:24)
11-26 14:14:03.001  2257  2257 E Feed    : 	at trikita.anvil.Anvil$Mount.render(Anvil.java:204)
11-26 14:14:03.001  2257  2257 E Feed    : 	at trikita.anvil.Anvil.render(Anvil.java:173)
11-26 14:14:03.001  2257  2257 E Feed    : 	at trikita.anvil.RenderableRecyclerViewAdapter.onBindViewHolder(RenderableRecyclerViewAdapter.java:27)
11-26 14:14:03.001  2257  2257 E Feed    : 	at trikita.anvil.RenderableRecyclerViewAdapter.onBindViewHolder(RenderableRecyclerViewAdapter.java:7)
11-26 14:14:03.001  2257  2257 E Feed    : 	at android.support.v7.widget.RecyclerView$Adapter.onBindViewHolder(RecyclerView.java:5768)
11-26 14:14:03.001  2257  2257 E Feed    : 	at android.support.v7.widget.RecyclerView$Adapter.bindViewHolder(RecyclerView.java:5801)
11-26 14:14:03.001  2257  2257 E Feed    : 	at android.support.v7.widget.RecyclerView$Recycler.getViewForPosition(RecyclerView.java:5037)
11-26 14:14:03.001  2257  2257 E Feed    : 	at android.support.v7.widget.RecyclerView$Recycler.getViewForPosition(RecyclerView.java:4913)
11-26 14:14:03.001  2257  2257 E Feed    : 	at android.support.v7.widget.LinearLayoutManager$LayoutState.next(LinearLayoutManager.java:2029)
11-26 14:14:03.001  2257  2257 E Feed    : 	at android.support.v7.widget.LinearLayoutManager.layoutChunk(LinearLayoutManager.java:1414)
11-26 14:14:03.001  2257  2257 E Feed    : 	at android.support.v7.widget.LinearLayoutManager.fill(LinearLayoutManager.java:1377)
11-26 14:14:03.001  2257  2257 E Feed    : 	at android.support.v7.widget.LinearLayoutManager.onLayoutChildren(LinearLayoutManager.java:578)
11-26 14:14:03.001  2257  2257 E Feed    : 	at android.support.v7.widget.RecyclerView.dispatchLayoutStep2(RecyclerView.java:3260)
11-26 14:14:03.001  2257  2257 E Feed    : 	at android.support.v7.widget.RecyclerView.dispatchLayout(RecyclerView.java:3069)
11-26 14:14:03.001  2257  2257 E Feed    : 	at android.support.v7.widget.RecyclerView.onLayout(RecyclerView.java:3518)
11-26 14:14:03.001  2257  2257 E Feed    : 	at android.view.View.layout(View.java:17520)
11-26 14:14:03.001  2257  2257 E Feed    : 	at android.view.ViewGroup.layout(ViewGroup.java:5612)
11-26 14:14:03.001  2257  2257 E Feed    : 	at android.widget.FrameLayout.layoutChildren(FrameLayout.java:323)
11-26 14:14:03.001  2257  2257 E Feed    : 	at android.widget.FrameLayout.onLayout(FrameLayout.java:261)
11-26 14:14:03.001  2257  2257 E Feed    : 	at android.view.View.layout(View.java:17520)
11-26 14:14:03.001  2257  2257 E Feed    : 	at android.view.ViewGroup.layout(ViewGroup.java:5612)
11-26 14:14:03.001  2257  2257 E Feed    : 	at android.widget.RelativeLayout.onLayout(RelativeLayout.java:1079)
11-26 14:14:03.001  2257  2257 E Feed    : 	at android.view.View.layout(View.java:17520)
11-26 14:14:03.001  2257  2257 E Feed    : 	at android.view.ViewGroup.layout(ViewGroup.java:5612)
11-26 14:14:03.001  2257  2257 E Feed    : 	at android.widget.FrameLayout.layoutChildren(FrameLayout.java:323)
11-26 14:14:03.001  2257  2257 E Feed    : 	at android.widget.FrameLayout.onLayout(FrameLayout.java:261)
11-26 14:14:03.001  2257  2257 E Feed    : 	at android.view.View.layout(View.java:17520)
11-26 14:14:03.001  2257  2257 E Feed    : 	at android.view.ViewGroup.layout(ViewGroup.java:5612)
11-26 14:14:03.001  2257  2257 E Feed    : 	at android.support.v7.widget.ActionBarOverlayLayout.onLayout(ActionBarOverlayLayout.java:435)
11-26 14:14:03.001  2257  2257 E Feed    : 	at android.view.View.layout(View.java:17520)
11-26 14:14:03.001  2257  2257 E Feed    : 	at android.view.ViewGroup.layout(ViewGroup.java:5612)
11-26 14:14:03.001  2257  2257 E Feed    : 	at android.widget.FrameLayout.layoutChildren(FrameLayout.java:323)
11-26 14:14:03.001  2257  2257 E Feed    : 	at android.widget.FrameLayout.onLayout(FrameLayout.java:261)
11-26 14:14:03.001  2257  2257 E Feed    : 	at android.view.View.layout(View.java:17520)
11-26 14:14:03.001  2257  2257 E Feed    : 	at android.view.ViewGroup.layout(ViewGroup.java:5612)
11-26 14:14:03.001  2257  2257 E Feed    : 	at android.widget.LinearLayout.setChildFrame(LinearLayout.java:1741)
11-26 14:14:03.001  2257  2257 E Feed    : 	at android.widget.LinearLayout.layoutVertical(LinearLayout.java:1585)
11-26 14:14:03.001  2257  2257 E Feed    : 	at android.widget.LinearLayout.onLayout(LinearLayout.java:1494)
11-26 14:14:03.001  2257  2257 E Feed    : 	at android.view.View.layout(View.java:17520)
11-26 14:14:03.001  2257  2257 E Feed    : 	at android.view.ViewGroup.layout(ViewGroup.java:5612)
11-26 14:14:03.001  2257  2257 E Feed    : 	at android.widget.FrameLayout.layoutChildren(FrameLayout.java:323)
11-26 14:14:03.001  2257  2257 E Feed    : 	at android.widget.FrameLayout.onLayout(FrameLayout.java:261)
11-26 14:14:03.006  2257  2273 D DroidFlux:Dispatcher: An action of type [APP_STATE_LOAD] was dispatched, but no reducer handled it
11-26 14:14:03.006  2257  2273 I DroidFlux:Dispatcher: [COMPLETED] dispatch of action [APP_STATE_LOAD]
11-26 14:14:03.057  2257  2257 E Feed    : 	at com.android.internal.policy.DecorView.onLayout(DecorView.java:724)
11-26 14:14:03.057  2257  2257 E Feed    : 	at android.view.View.layout(View.java:17520)
11-26 14:14:03.057  2257  2257 E Feed    : 	at android.view.ViewGroup.layout(ViewGroup.java:5612)
11-26 14:14:03.057  2257  2257 E Feed    : 	at android.view.ViewRootImpl.performLayout(ViewRootImpl.java:2342)
11-26 14:14:03.057  2257  2257 E Feed    : 	at android.view.ViewRootImpl.performTraversals(ViewRootImpl.java:2069)
11-26 14:14:03.057  2257  2257 E Feed    : 	at android.view.ViewRootImpl.doTraversal(ViewRootImpl.java:1246)
11-26 14:14:03.057  2257  2257 E Feed    : 	at android.view.ViewRootImpl$TraversalRunnable.run(ViewRootImpl.java:6301)
11-26 14:14:03.057  2257  2257 E Feed    : 	at android.view.Choreographer$CallbackRecord.run(Choreographer.java:871)
11-26 14:14:03.057  2257  2257 E Feed    : 	at android.view.Choreographer.doCallbacks(Choreographer.java:683)
11-26 14:14:03.057  2257  2257 E Feed    : 	at android.view.Choreographer.doFrame(Choreographer.java:619)
11-26 14:14:03.057  2257  2257 E Feed    : 	at android.view.Choreographer$FrameDisplayEventReceiver.run(Choreographer.java:857)
11-26 14:14:03.057  2257  2257 E Feed    : 	at android.os.Handler.handleCallback(Handler.java:751)
11-26 14:14:03.057  2257  2257 E Feed    : 	at android.os.Handler.dispatchMessage(Handler.java:95)
11-26 14:14:03.057  2257  2257 E Feed    : 	at android.os.Looper.loop(Looper.java:154)
11-26 14:14:03.057  2257  2257 E Feed    : 	at android.app.ActivityThread.main(ActivityThread.java:6077)
11-26 14:14:03.057  2257  2257 E Feed    : 	at java.lang.reflect.Method.invoke(Native Method)
11-26 14:14:03.057  2257  2257 E Feed    : 	at com.android.internal.os.ZygoteInit$MethodAndArgsCaller.run(ZygoteInit.java:865)
11-26 14:14:03.057  2257  2257 E Feed    : 	at com.android.internal.os.ZygoteInit.main(ZygoteInit.java:755)
11-26 14:14:03.253  1239  1260 I Choreographer: Skipped 51 frames!  The application may be doing too much work on its main thread.
11-26 14:14:03.337  1239  1260 I ActivityManager: Displayed br.com.catbag.gifreduxsample/.ui.GifListActivity: +447ms
11-26 14:14:03.348  2257  2268 W art     : Suspending all threads took: 19.691ms
11-26 14:14:03.363  2257  2257 D LifecycleMonitor: Lifecycle status change: br.com.catbag.gifreduxsample.ui.GifListActivity@5f8950c in: STOPPED
11-26 14:14:03.363  2257  2257 D LifecycleMonitor: Lifecycle status change: br.com.catbag.gifreduxsample.ui.GifListActivity@5f8950c in: DESTROYED
11-26 14:14:03.397  2257  2257 D LifecycleMonitor: Lifecycle status change: br.com.catbag.gifreduxsample.ui.GifListActivity@3baf15c in: PAUSED
11-26 14:14:03.407  2257  2272 I TestRunner: finished: whenGifIsWatchedTest(br.com.catbag.gifreduxsample.ui.giflist.GifListActivityTest)
11-26 14:14:03.451  2257  2268 I art     : Background partial concurrent mark sweep GC freed 26721(1815KB) AllocSpace objects, 20(2MB) LOS objects, 27% free, 10MB/14MB, paused 29.536ms total 707.090ms
11-26 14:14:03.494   977   977 D gralloc : Registering a buffer in the process that created it. This may cause memory ordering problems.
11-26 14:14:03.495   977   977 E SurfaceFlinger: glCheckFramebufferStatusOES error -560253926
11-26 14:14:03.495   977   977 E SurfaceFlinger: got GL_FRAMEBUFFER_COMPLETE_OES error while taking screenshot
11-26 14:14:03.496  1239  1842 W WindowManager: Screenshot failure taking screenshot for (480x800) to layer 22015
11-26 14:14:03.509  2257  2257 I MonitoringInstrumentation: Activities that are still in CREATED to STOPPED: 1
11-26 14:14:03.510  2257  2272 I TestRunner: started: whenScrollUpAndPlayFirstItemTest(br.com.catbag.gifreduxsample.ui.giflist.GifListActivityTest)
11-26 14:14:03.543  1239  1842 I ActivityManager: Activity reported stop, but no longer stopping: ActivityRecord{becacda u0 com.android.launcher3/.Launcher t3}
11-26 14:14:03.546  1239  1260 I Choreographer: Skipped 30 frames!  The application may be doing too much work on its main thread.
11-26 14:14:03.553  2257  2257 I MonitoringInstrumentation: Activities that are still in CREATED to STOPPED: 1
11-26 14:14:03.653  2257  2273 I DroidFlux:Dispatcher: [STARTED] dispatch of action [FAKE_REDUCE_ACTION]
11-26 14:14:03.654  2257  2273 I DroidFlux:Dispatcher: [COMPLETED] dispatch of action [FAKE_REDUCE_ACTION]
11-26 14:14:03.663  1841  1841 I Choreographer: Skipped 30 frames!  The application may be doing too much work on its main thread.
11-26 14:14:03.754  1239  1260 I WindowManager: Destroying surface Surface(name=Starting br.com.catbag.gifreduxsample) called by com.android.server.wm.WindowStateAnimator.destroySurface:2014 com.android.server.wm.WindowStateAnimator.destroySurfaceLocked:881 com.android.server.wm.WindowState.removeLocked:1449 com.android.server.wm.WindowManagerService.removeWindowInnerLocked:2478 com.android.server.wm.AppWindowToken.destroySurfaces:365 com.android.server.wm.WindowStateAnimator.finishExit:565 com.android.server.wm.WindowStateAnimator.stepAnimationLocked:491 com.android.server.wm.WindowAnimator.updateWindowsLocked:303 
11-26 14:14:03.774  1239  1842 D WindowManager: relayoutVisibleWindow: Window{b9d6c8e u0 com.android.launcher3/com.android.launcher3.Launcher EXITING} mAnimatingExit=true, mRemoveOnExit=false, mDestroying=false
11-26 14:14:03.781  2257  2308 D ActivityTestRule: Launching activity br.com.catbag.gifreduxsample.ui.GifListActivity
11-26 14:14:03.805  2257  2257 D LifecycleMonitor: Lifecycle status change: br.com.catbag.gifreduxsample.ui.GifListActivity@3baf15c in: STOPPED
11-26 14:14:03.805  2257  2257 D LifecycleMonitor: Lifecycle status change: br.com.catbag.gifreduxsample.ui.GifListActivity@3baf15c in: DESTROYED
11-26 14:14:03.869  2257  2309 D MonitoringInstrumentation: execStartActivity(context, ibinder, ibinder, activity, intent, int, bundle
11-26 14:14:03.870  1239  1479 I ActivityManager: START u0 {flg=0x10000000 cmp=br.com.catbag.gifreduxsample/.ui.GifListActivity} from uid 10060 on display 0
11-26 14:14:03.977  2257  2257 D LifecycleMonitor: Lifecycle status change: br.com.catbag.gifreduxsample.ui.GifListActivity@30ffcc1 in: PRE_ON_CREATE
11-26 14:14:03.990  1239  1260 I WindowManager: Destroying surface Surface(name=br.com.catbag.gifreduxsample/br.com.catbag.gifreduxsample.ui.GifListActivity) called by com.android.server.wm.WindowStateAnimator.destroySurface:2014 com.android.server.wm.WindowStateAnimator.destroySurfaceLocked:881 com.android.server.wm.WindowState.destroyOrSaveSurface:2073 com.android.server.wm.AppWindowToken.destroySurfaces:363 com.android.server.wm.WindowStateAnimator.finishExit:565 com.android.server.wm.AppWindowAnimator.stepAnimationLocked:427 com.android.server.wm.WindowAnimator.updateAppWindowsLocked:196 com.android.server.wm.WindowAnimator.animateLocked:678 
11-26 14:14:04.004  1239  1260 I WindowManager: Destroying surface Surface(name=br.com.catbag.gifreduxsample/br.com.catbag.gifreduxsample.ui.GifListActivity) called by com.android.server.wm.WindowStateAnimator.destroySurface:2014 com.android.server.wm.WindowStateAnimator.destroySurfaceLocked:881 com.android.server.wm.WindowState.removeLocked:1449 com.android.server.wm.WindowManagerService.removeWindowInnerLocked:2478 com.android.server.wm.AppWindowToken.destroySurfaces:365 com.android.server.wm.WindowStateAnimator.finishExit:565 com.android.server.wm.WindowStateAnimator.stepAnimationLocked:491 com.android.server.wm.WindowAnimator.updateWindowsLocked:303 
11-26 14:14:04.049  2257  2257 D LifecycleMonitor: Lifecycle status change: br.com.catbag.gifreduxsample.ui.GifListActivity@30ffcc1 in: CREATED
11-26 14:14:04.050  2257  2273 I DroidFlux:Dispatcher: [STARTED] dispatch of action [APP_STATE_LOAD]
11-26 14:14:04.050  2257  2273 D DroidFlux:Dispatcher: An action of type [APP_STATE_LOAD] was dispatched, but no reducer handled it
11-26 14:14:04.050  2257  2273 I DroidFlux:Dispatcher: [COMPLETED] dispatch of action [APP_STATE_LOAD]
11-26 14:14:04.050  2257  2257 D LifecycleMonitor: Lifecycle status change: br.com.catbag.gifreduxsample.ui.GifListActivity@30ffcc1 in: STARTED
11-26 14:14:04.093  1841  1841 I Choreographer: Skipped 32 frames!  The application may be doing too much work on its main thread.
11-26 14:14:04.113  2257  2257 D LifecycleMonitor: Lifecycle status change: br.com.catbag.gifreduxsample.ui.GifListActivity@30ffcc1 in: RESUMED
11-26 14:14:04.231  2257  2273 I DroidFlux:Dispatcher: [STARTED] dispatch of action [GIF_LIST_FETCHING]
11-26 14:14:04.231  2257  2273 D DroidFlux:Dispatcher: An action of type [GIF_LIST_FETCHING] was dispatched, but no reducer handled it
11-26 14:14:04.231  2257  2273 I DroidFlux:Dispatcher: [COMPLETED] dispatch of action [GIF_LIST_FETCHING]
11-26 14:14:04.232  1239  1260 I Choreographer: Skipped 47 frames!  The application may be doing too much work on its main thread.
11-26 14:14:04.253  1239  1249 W art     : Suspending all threads took: 11.224ms
11-26 14:14:04.370  1239  1249 I art     : Background sticky concurrent mark sweep GC freed 32792(2MB) AllocSpace objects, 6(120KB) LOS objects, 27% free, 7MB/10MB, paused 15.545ms total 329.798ms
11-26 14:14:04.410  1239  1260 I ActivityManager: Displayed br.com.catbag.gifreduxsample/.ui.GifListActivity: +483ms
11-26 14:14:04.412  2257  2257 W ResourceType: No package identifier when getting name for resource number 0x000000f7
11-26 14:14:04.412  2257  2257 I ViewInteraction: Performing 'scroll RecyclerView to position: 4' action on view with id: 247 (resource name not found)
11-26 14:14:04.500  2257  2262 I art     : Do partial code cache collection, code=122KB, data=117KB
11-26 14:14:04.501  2257  2262 I art     : After code cache collection, code=121KB, data=116KB
11-26 14:14:04.501  2257  2262 I art     : Increasing code cache capacity to 512KB
11-26 14:14:04.690  1239  1260 I WindowManager: Destroying surface Surface(name=Starting br.com.catbag.gifreduxsample) called by com.android.server.wm.WindowStateAnimator.destroySurface:2014 com.android.server.wm.WindowStateAnimator.destroySurfaceLocked:881 com.android.server.wm.WindowState.destroyOrSaveSurface:2073 com.android.server.wm.AppWindowToken.destroySurfaces:363 com.android.server.wm.WindowStateAnimator.finishExit:565 com.android.server.wm.WindowStateAnimator.stepAnimationLocked:491 com.android.server.wm.WindowAnimator.updateWindowsLocked:303 com.android.server.wm.WindowAnimator.animateLocked:704 
11-26 14:14:04.766  2257  2257 W ResourceType: No package identifier when getting name for resource number 0x000000f7
11-26 14:14:04.771  2257  2257 W ResourceType: No package identifier when getting name for resource number 0x000000f8
11-26 14:14:04.771  2257  2257 I ViewInteraction: Performing 'actionOnItemAtPosition performing ViewAction: single click on item at position: 0' action on view with id: 248 (resource name not found)
11-26 14:14:04.879  1239  1468 I WindowManager: Destroying surface Surface(name=com.android.launcher3/com.android.launcher3.Launcher) called by com.android.server.wm.WindowStateAnimator.destroySurface:2014 com.android.server.wm.WindowStateAnimator.destroySurfaceLocked:881 com.android.server.wm.WindowState.destroyOrSaveSurface:2073 com.android.server.wm.AppWindowToken.destroySurfaces:363 com.android.server.wm.AppWindowToken.notifyAppStopped:389 com.android.server.wm.WindowManagerService.notifyAppStopped:4456 com.android.server.am.ActivityStack.activityStoppedLocked:1252 com.android.server.am.ActivityManagerService.activityStopped:6873 
11-26 14:14:04.909  2257  2273 I DroidFlux:Dispatcher: [STARTED] dispatch of action [GIF_PLAY]
11-26 14:14:04.910  2257  2273 I DroidFlux:Dispatcher: [COMPLETED] dispatch of action [GIF_PLAY]
11-26 14:14:05.443  2257  2272 I TestRunner: finished: whenScrollUpAndPlayFirstItemTest(br.com.catbag.gifreduxsample.ui.giflist.GifListActivityTest)
11-26 14:14:05.462  2257  2257 D LifecycleMonitor: Lifecycle status change: br.com.catbag.gifreduxsample.ui.GifListActivity@30ffcc1 in: PAUSED
11-26 14:14:05.487   977   977 D gralloc : Registering a buffer in the process that created it. This may cause memory ordering problems.
11-26 14:14:05.487   977   977 E libEGL  : called unimplemented OpenGL ES API
11-26 14:14:05.488   977   977 E SurfaceFlinger: glCheckFramebufferStatusOES error -560253926
11-26 14:14:05.488   977   977 E SurfaceFlinger: got GL_FRAMEBUFFER_COMPLETE_OES error while taking screenshot
11-26 14:14:05.490  1239  1842 W WindowManager: Screenshot failure taking screenshot for (480x800) to layer 21005
11-26 14:14:05.500  2257  2257 I MonitoringInstrumentation: Activities that are still in CREATED to STOPPED: 1
11-26 14:14:05.503  2257  2272 I TestRunner: started: whenEndlessScrollTriggered(br.com.catbag.gifreduxsample.ui.giflist.GifListActivityTest)
11-26 14:14:05.505  2257  2257 I MonitoringInstrumentation: Activities that are still in CREATED to STOPPED: 1
11-26 14:14:05.524  2257  2273 I DroidFlux:Dispatcher: [STARTED] dispatch of action [FAKE_REDUCE_ACTION]
11-26 14:14:05.524  2257  2273 I DroidFlux:Dispatcher: [COMPLETED] dispatch of action [FAKE_REDUCE_ACTION]
11-26 14:14:05.526  2257  2312 D ActivityTestRule: Launching activity br.com.catbag.gifreduxsample.ui.GifListActivity
11-26 14:14:05.528  2257  2313 D MonitoringInstrumentation: execStartActivity(context, ibinder, ibinder, activity, intent, int, bundle
11-26 14:14:05.528  1239  1843 I ActivityManager: START u0 {flg=0x10000000 cmp=br.com.catbag.gifreduxsample/.ui.GifListActivity} from uid 10060 on display 0
11-26 14:14:05.690  2257  2257 D LifecycleMonitor: Lifecycle status change: br.com.catbag.gifreduxsample.ui.GifListActivity@f1a82dc in: PRE_ON_CREATE
11-26 14:14:05.715  2257  2257 D LifecycleMonitor: Lifecycle status change: br.com.catbag.gifreduxsample.ui.GifListActivity@f1a82dc in: CREATED
11-26 14:14:05.716  2257  2273 I DroidFlux:Dispatcher: [STARTED] dispatch of action [APP_STATE_LOAD]
11-26 14:14:05.716  2257  2273 D DroidFlux:Dispatcher: An action of type [APP_STATE_LOAD] was dispatched, but no reducer handled it
11-26 14:14:05.716  2257  2273 I DroidFlux:Dispatcher: [COMPLETED] dispatch of action [APP_STATE_LOAD]
11-26 14:14:05.716  2257  2257 D LifecycleMonitor: Lifecycle status change: br.com.catbag.gifreduxsample.ui.GifListActivity@f1a82dc in: STARTED
11-26 14:14:05.718  2257  2257 D LifecycleMonitor: Lifecycle status change: br.com.catbag.gifreduxsample.ui.GifListActivity@f1a82dc in: RESUMED
11-26 14:14:05.819  1239  1842 I WindowManager: Destroying surface Surface(name=com.android.launcher3/com.android.launcher3.Launcher) called by com.android.server.wm.WindowStateAnimator.destroySurface:2014 com.android.server.wm.WindowStateAnimator.destroySurfaceLocked:881 com.android.server.wm.WindowState.destroyOrSaveSurface:2073 com.android.server.wm.WindowManagerService.tryStartExitingAnimation:3017 com.android.server.wm.WindowManagerService.relayoutWindow:2897 com.android.server.wm.Session.relayout:215 android.view.IWindowSession$Stub.onTransact:286 com.android.server.wm.Session.onTransact:136 
11-26 14:14:06.030  2257  2257 D LifecycleMonitor: Lifecycle status change: br.com.catbag.gifreduxsample.ui.GifListActivity@30ffcc1 in: STOPPED
11-26 14:14:06.030  2257  2257 D LifecycleMonitor: Lifecycle status change: br.com.catbag.gifreduxsample.ui.GifListActivity@30ffcc1 in: DESTROYED
11-26 14:14:06.034  1239  1351 I WindowManager: Destroying surface Surface(name=br.com.catbag.gifreduxsample/br.com.catbag.gifreduxsample.ui.GifListActivity) called by com.android.server.wm.WindowStateAnimator.destroySurface:2014 com.android.server.wm.WindowStateAnimator.destroySurfaceLocked:881 com.android.server.wm.WindowState.removeLocked:1449 com.android.server.wm.WindowManagerService.removeWindowInnerLocked:2478 com.android.server.wm.WindowManagerService.removeWindowLocked:2436 com.android.server.wm.WindowManagerService.removeWindowLocked:2305 com.android.server.wm.WindowManagerService.removeWindow:2300 com.android.server.wm.Session.remove:193 
11-26 14:14:06.045  2257  2257 I Choreographer: Skipped 43 frames!  The application may be doing too much work on its main thread.
11-26 14:14:06.098  1239  1260 I ActivityManager: Displayed br.com.catbag.gifreduxsample/.ui.GifListActivity: +437ms
11-26 14:14:06.110  2257  2257 W ResourceType: No package identifier when getting name for resource number 0x000000fb
11-26 14:14:06.111  2257  2257 I ViewInteraction: Performing 'scroll RecyclerView to position: 9' action on view with id: 251 (resource name not found)
11-26 14:14:06.126  2257  2273 I DroidFlux:Dispatcher: [STARTED] dispatch of action [GIF_LIST_FETCHING]
11-26 14:14:06.128  2257  2273 D DroidFlux:Dispatcher: An action of type [GIF_LIST_FETCHING] was dispatched, but no reducer handled it
11-26 14:14:06.128  2257  2273 I DroidFlux:Dispatcher: [COMPLETED] dispatch of action [GIF_LIST_FETCHING]
11-26 14:14:06.143  2257  2273 I DroidFlux:Dispatcher: [STARTED] dispatch of action [GIF_LIST_UPDATED]
11-26 14:14:06.144  2257  2273 I DroidFlux:Dispatcher: [COMPLETED] dispatch of action [GIF_LIST_UPDATED]
11-26 14:14:06.332  1239  1260 I WindowManager: Destroying surface Surface(name=Starting br.com.catbag.gifreduxsample) called by com.android.server.wm.WindowStateAnimator.destroySurface:2014 com.android.server.wm.WindowStateAnimator.destroySurfaceLocked:881 com.android.server.wm.WindowState.destroyOrSaveSurface:2073 com.android.server.wm.AppWindowToken.destroySurfaces:363 com.android.server.wm.WindowStateAnimator.finishExit:565 com.android.server.wm.WindowStateAnimator.stepAnimationLocked:491 com.android.server.wm.WindowAnimator.updateWindowsLocked:303 com.android.server.wm.WindowAnimator.animateLocked:704 
11-26 14:14:06.405  2257  2257 W ResourceType: No package identifier when getting name for resource number 0x000000fb
11-26 14:14:06.445  2257  2272 I TestRunner: finished: whenEndlessScrollTriggered(br.com.catbag.gifreduxsample.ui.giflist.GifListActivityTest)
11-26 14:14:06.455  2257  2257 I MonitoringInstrumentation: Activities that are still in CREATED to STOPPED: 1
11-26 14:14:06.458  2257  2272 I TestRunner: started: whenGifIsDownloadedTest(br.com.catbag.gifreduxsample.ui.giflist.GifListActivityTest)
11-26 14:14:06.460  2257  2257 I MonitoringInstrumentation: Activities that are still in CREATED to STOPPED: 1
11-26 14:14:06.483  2257  2273 I DroidFlux:Dispatcher: [STARTED] dispatch of action [FAKE_REDUCE_ACTION]
11-26 14:14:06.483  2257  2273 I DroidFlux:Dispatcher: [COMPLETED] dispatch of action [FAKE_REDUCE_ACTION]
11-26 14:14:06.495  2257  2273 I DroidFlux:Dispatcher: [STARTED] dispatch of action [GIF_LIST_FETCHING]
11-26 14:14:06.496  2257  2273 D DroidFlux:Dispatcher: An action of type [GIF_LIST_FETCHING] was dispatched, but no reducer handled it
11-26 14:14:06.496  2257  2273 I DroidFlux:Dispatcher: [COMPLETED] dispatch of action [GIF_LIST_FETCHING]
11-26 14:14:06.496  2257  2273 I DroidFlux:Dispatcher: [STARTED] dispatch of action [GIF_LIST_FETCHING]
11-26 14:14:06.496  2257  2273 D DroidFlux:Dispatcher: An action of type [GIF_LIST_FETCHING] was dispatched, but no reducer handled it
11-26 14:14:06.497  2257  2273 I DroidFlux:Dispatcher: [COMPLETED] dispatch of action [GIF_LIST_FETCHING]
11-26 14:14:06.501  2257  2315 D ActivityTestRule: Launching activity br.com.catbag.gifreduxsample.ui.GifListActivity
11-26 14:14:06.504  2257  2316 D MonitoringInstrumentation: execStartActivity(context, ibinder, ibinder, activity, intent, int, bundle
11-26 14:14:06.504  1239  1843 I ActivityManager: START u0 {flg=0x10000000 cmp=br.com.catbag.gifreduxsample/.ui.GifListActivity} from uid 10060 on display 0
11-26 14:14:06.511  2257  2257 D LifecycleMonitor: Lifecycle status change: br.com.catbag.gifreduxsample.ui.GifListActivity@f1a82dc in: PAUSED
11-26 14:14:06.564   977   977 D gralloc : Registering a buffer in the process that created it. This may cause memory ordering problems.
11-26 14:14:06.564   977   977 E libEGL  : called unimplemented OpenGL ES API
11-26 14:14:06.565   977   977 E SurfaceFlinger: glCheckFramebufferStatusOES error -560253926
11-26 14:14:06.565   977   977 E SurfaceFlinger: got GL_FRAMEBUFFER_COMPLETE_OES error while taking screenshot
11-26 14:14:06.566  1239  1842 W WindowManager: Screenshot failure taking screenshot for (480x800) to layer 22010
11-26 14:14:06.583  2257  2257 D LifecycleMonitor: Lifecycle status change: br.com.catbag.gifreduxsample.ui.GifListActivity@2bd91f6 in: PRE_ON_CREATE
11-26 14:14:06.590  2257  2257 D LifecycleMonitor: Lifecycle status change: br.com.catbag.gifreduxsample.ui.GifListActivity@2bd91f6 in: CREATED
11-26 14:14:06.590  2257  2257 D LifecycleMonitor: Lifecycle status change: br.com.catbag.gifreduxsample.ui.GifListActivity@2bd91f6 in: STARTED
11-26 14:14:06.591  2257  2273 I DroidFlux:Dispatcher: [STARTED] dispatch of action [APP_STATE_LOAD]
11-26 14:14:06.592  2257  2257 D LifecycleMonitor: Lifecycle status change: br.com.catbag.gifreduxsample.ui.GifListActivity@2bd91f6 in: RESUMED
11-26 14:14:06.694  2257  2273 D DroidFlux:Dispatcher: An action of type [APP_STATE_LOAD] was dispatched, but no reducer handled it
11-26 14:14:06.695  2257  2273 I DroidFlux:Dispatcher: [COMPLETED] dispatch of action [APP_STATE_LOAD]
11-26 14:14:06.798  1239  1260 I ActivityManager: Displayed br.com.catbag.gifreduxsample/.ui.GifListActivity: +252ms
11-26 14:14:06.982  2257  2268 I art     : Background sticky concurrent mark sweep GC freed 16321(1231KB) AllocSpace objects, 6(128KB) LOS objects, 7% free, 13MB/14MB, paused 66.147ms total 490.330ms
11-26 14:14:07.083  2257  2257 D LifecycleMonitor: Lifecycle status change: br.com.catbag.gifreduxsample.ui.GifListActivity@2bd91f6 in: PAUSED
11-26 14:14:07.084  2257  2272 I TestRunner: finished: whenGifIsDownloadedTest(br.com.catbag.gifreduxsample.ui.giflist.GifListActivityTest)
11-26 14:14:07.143  1239  1260 I Choreographer: Skipped 47 frames!  The application may be doing too much work on its main thread.
11-26 14:14:07.327   977   977 D gralloc : Registering a buffer in the process that created it. This may cause memory ordering problems.
11-26 14:14:07.327   977   977 E SurfaceFlinger: glCheckFramebufferStatusOES error -560253926
11-26 14:14:07.328   977   977 E SurfaceFlinger: got GL_FRAMEBUFFER_COMPLETE_OES error while taking screenshot
11-26 14:14:07.329  1239  1479 W WindowManager: Screenshot failure taking screenshot for (480x800) to layer 22020
11-26 14:14:07.423  1239  1260 I WindowManager: Destroying surface Surface(name=Starting br.com.catbag.gifreduxsample) called by com.android.server.wm.WindowStateAnimator.destroySurface:2014 com.android.server.wm.WindowStateAnimator.destroySurfaceLocked:881 com.android.server.wm.WindowState.removeLocked:1449 com.android.server.wm.WindowManagerService.removeWindowInnerLocked:2478 com.android.server.wm.AppWindowToken.destroySurfaces:365 com.android.server.wm.WindowStateAnimator.finishExit:565 com.android.server.wm.WindowStateAnimator.stepAnimationLocked:491 com.android.server.wm.WindowAnimator.updateWindowsLocked:303 
11-26 14:14:07.427  1239  1254 W art     : Long monitor contention with owner Binder:1239_6 (1479) at void com.android.server.am.ActivityManagerService.activityPaused(android.os.IBinder)(ActivityManagerService.java:6849) waiters=1 in void com.android.server.am.ActivityManagerService.dispatchProcessesChanged() for 293ms
11-26 14:14:07.428  1239  1323 W art     : Long monitor contention with owner Binder:1239_6 (1479) at void com.android.server.am.ActivityManagerService$MainHandler.handleMessage(android.os.Message)(ActivityManagerService.java:2304) waiters=0 in void com.android.server.am.TaskPersister$LazyTaskWriterThread.run() for 305ms
11-26 14:14:07.432  2257  2257 I MonitoringInstrumentation: Activities that are still in CREATED to STOPPED: 2
11-26 14:14:07.434  2257  2272 I TestRunner: started: whenPlayGifTest(br.com.catbag.gifreduxsample.ui.giflist.GifListActivityTest)
11-26 14:14:07.435  2257  2257 I MonitoringInstrumentation: Activities that are still in CREATED to STOPPED: 2
11-26 14:14:07.479  2257  2273 I DroidFlux:Dispatcher: [STARTED] dispatch of action [FAKE_REDUCE_ACTION]
11-26 14:14:07.480  2257  2273 I DroidFlux:Dispatcher: [COMPLETED] dispatch of action [FAKE_REDUCE_ACTION]
11-26 14:14:07.492  2257  2317 D ActivityTestRule: Launching activity br.com.catbag.gifreduxsample.ui.GifListActivity
11-26 14:14:07.532  2257  2318 D MonitoringInstrumentation: execStartActivity(context, ibinder, ibinder, activity, intent, int, bundle
11-26 14:14:07.537  1239  1251 I ActivityManager: START u0 {flg=0x10000000 cmp=br.com.catbag.gifreduxsample/.ui.GifListActivity} from uid 10060 on display 0
11-26 14:14:07.627  2257  2257 D LifecycleMonitor: Lifecycle status change: br.com.catbag.gifreduxsample.ui.GifListActivity@80fd530 in: PRE_ON_CREATE
11-26 14:14:07.698  2257  2257 D LifecycleMonitor: Lifecycle status change: br.com.catbag.gifreduxsample.ui.GifListActivity@80fd530 in: CREATED
11-26 14:14:07.699  2257  2273 I DroidFlux:Dispatcher: [STARTED] dispatch of action [APP_STATE_LOAD]
11-26 14:14:07.699  2257  2273 D DroidFlux:Dispatcher: An action of type [APP_STATE_LOAD] was dispatched, but no reducer handled it
11-26 14:14:07.699  2257  2273 I DroidFlux:Dispatcher: [COMPLETED] dispatch of action [APP_STATE_LOAD]
11-26 14:14:07.700  2257  2257 D LifecycleMonitor: Lifecycle status change: br.com.catbag.gifreduxsample.ui.GifListActivity@80fd530 in: STARTED
11-26 14:14:07.721  1239  1260 I Choreographer: Skipped 30 frames!  The application may be doing too much work on its main thread.
11-26 14:14:07.733  2257  2257 D LifecycleMonitor: Lifecycle status change: br.com.catbag.gifreduxsample.ui.GifListActivity@80fd530 in: RESUMED
11-26 14:14:08.040  2257  2257 I ViewInteraction: Performing 'single click' action on view with id: br.com.catbag.gifreduxsample:id/gif_image
11-26 14:14:08.088  1239  1260 I ActivityManager: Displayed br.com.catbag.gifreduxsample/.ui.GifListActivity: +515ms
11-26 14:14:08.101  2257  2273 I DroidFlux:Dispatcher: [STARTED] dispatch of action [GIF_PLAY]
11-26 14:14:08.134   985  1032 D AudioFlinger: mixer(0xb1e03300) throttle end: throttle time(11)
11-26 14:14:08.155   985  1032 D AudioFlinger: mixer(0xb1e03300) throttle end: throttle time(11)
11-26 14:14:08.170  2257  2273 I DroidFlux:Dispatcher: [COMPLETED] dispatch of action [GIF_PLAY]
11-26 14:14:08.314  1239  1260 I WindowManager: Destroying surface Surface(name=Starting br.com.catbag.gifreduxsample) called by com.android.server.wm.WindowStateAnimator.destroySurface:2014 com.android.server.wm.WindowStateAnimator.destroySurfaceLocked:881 com.android.server.wm.WindowState.destroyOrSaveSurface:2073 com.android.server.wm.AppWindowToken.destroySurfaces:363 com.android.server.wm.WindowStateAnimator.finishExit:565 com.android.server.wm.WindowStateAnimator.stepAnimationLocked:491 com.android.server.wm.WindowAnimator.updateWindowsLocked:303 com.android.server.wm.WindowAnimator.animateLocked:704 
11-26 14:14:08.726  2257  2257 D LifecycleMonitor: Lifecycle status change: br.com.catbag.gifreduxsample.ui.GifListActivity@80fd530 in: PAUSED
11-26 14:14:08.754  2257  2272 I TestRunner: finished: whenPlayGifTest(br.com.catbag.gifreduxsample.ui.giflist.GifListActivityTest)
11-26 14:14:08.806   977   977 D gralloc : Registering a buffer in the process that created it. This may cause memory ordering problems.
11-26 14:14:08.806   977   977 E libEGL  : called unimplemented OpenGL ES API
11-26 14:14:08.806   977   977 E SurfaceFlinger: glCheckFramebufferStatusOES error -560253926
11-26 14:14:08.806   977   977 E SurfaceFlinger: got GL_FRAMEBUFFER_COMPLETE_OES error while taking screenshot
11-26 14:14:08.811  1239  1250 W WindowManager: Screenshot failure taking screenshot for (480x800) to layer 22015
11-26 14:14:08.880  2257  2257 I MonitoringInstrumentation: Activities that are still in CREATED to STOPPED: 3
11-26 14:14:08.881  2257  2272 I TestRunner: started: whenGifListIsEmpty(br.com.catbag.gifreduxsample.ui.giflist.GifListActivityTest)
11-26 14:14:08.904  2257  2257 I MonitoringInstrumentation: Activities that are still in CREATED to STOPPED: 3
11-26 14:14:08.971  2257  2273 I DroidFlux:Dispatcher: [STARTED] dispatch of action [FAKE_REDUCE_ACTION]
11-26 14:14:09.018  2257  2273 I DroidFlux:Dispatcher: [COMPLETED] dispatch of action [FAKE_REDUCE_ACTION]
11-26 14:14:09.034  2257  2319 D ActivityTestRule: Launching activity br.com.catbag.gifreduxsample.ui.GifListActivity
11-26 14:14:09.053  2257  2320 D MonitoringInstrumentation: execStartActivity(context, ibinder, ibinder, activity, intent, int, bundle
11-26 14:14:09.057  1239  1251 I ActivityManager: START u0 {flg=0x10000000 cmp=br.com.catbag.gifreduxsample/.ui.GifListActivity} from uid 10060 on display 0
11-26 14:14:09.115  2257  2257 D LifecycleMonitor: Lifecycle status change: br.com.catbag.gifreduxsample.ui.GifListActivity@f416ccb in: PRE_ON_CREATE
11-26 14:14:09.139  2257  2257 D LifecycleMonitor: Lifecycle status change: br.com.catbag.gifreduxsample.ui.GifListActivity@f416ccb in: CREATED
11-26 14:14:09.140  2257  2273 I DroidFlux:Dispatcher: [STARTED] dispatch of action [APP_STATE_LOAD]
11-26 14:14:09.141  2257  2273 D DroidFlux:Dispatcher: An action of type [APP_STATE_LOAD] was dispatched, but no reducer handled it
11-26 14:14:09.141  2257  2273 I DroidFlux:Dispatcher: [COMPLETED] dispatch of action [APP_STATE_LOAD]
11-26 14:14:09.141  2257  2257 D LifecycleMonitor: Lifecycle status change: br.com.catbag.gifreduxsample.ui.GifListActivity@f416ccb in: STARTED
11-26 14:14:09.191  2257  2257 D LifecycleMonitor: Lifecycle status change: br.com.catbag.gifreduxsample.ui.GifListActivity@f416ccb in: RESUMED
11-26 14:14:09.450  2257  2268 I art     : Background partial concurrent mark sweep GC freed 9922(518KB) AllocSpace objects, 0(0B) LOS objects, 22% free, 13MB/17MB, paused 4.395ms total 364.158ms
11-26 14:14:09.532  2257  2257 D LifecycleMonitor: Lifecycle status change: br.com.catbag.gifreduxsample.ui.GifListActivity@f416ccb in: PAUSED
11-26 14:14:09.533  2257  2272 I TestRunner: finished: whenGifListIsEmpty(br.com.catbag.gifreduxsample.ui.giflist.GifListActivityTest)
11-26 14:14:09.567   977   977 D gralloc : Registering a buffer in the process that created it. This may cause memory ordering problems.
11-26 14:14:09.567   977   977 E SurfaceFlinger: glCheckFramebufferStatusOES error -560253926
11-26 14:14:09.568   977   977 E SurfaceFlinger: got GL_FRAMEBUFFER_COMPLETE_OES error while taking screenshot
11-26 14:14:09.569  1239  1468 W WindowManager: Screenshot failure taking screenshot for (480x800) to layer 22030
11-26 14:14:09.594  2257  2257 I MonitoringInstrumentation: Activities that are still in CREATED to STOPPED: 4
11-26 14:14:09.595  2257  2272 I TestRunner: started: whenGifDownloadFailTest(br.com.catbag.gifreduxsample.ui.giflist.GifListActivityTest)
11-26 14:14:09.597  2257  2257 I MonitoringInstrumentation: Activities that are still in CREATED to STOPPED: 4
11-26 14:14:09.618  1239  1351 D WindowManager: relayoutVisibleWindow: Window{b9d6c8e u0 com.android.launcher3/com.android.launcher3.Launcher EXITING} mAnimatingExit=true, mRemoveOnExit=false, mDestroying=false
11-26 14:14:09.679  2257  2273 I DroidFlux:Dispatcher: [STARTED] dispatch of action [FAKE_REDUCE_ACTION]
11-26 14:14:09.679  2257  2273 I DroidFlux:Dispatcher: [COMPLETED] dispatch of action [FAKE_REDUCE_ACTION]
11-26 14:14:09.687  2257  2321 D ActivityTestRule: Launching activity br.com.catbag.gifreduxsample.ui.GifListActivity
11-26 14:14:09.688  2257  2322 D MonitoringInstrumentation: execStartActivity(context, ibinder, ibinder, activity, intent, int, bundle
11-26 14:14:09.689  1239  1842 I ActivityManager: START u0 {flg=0x10000000 cmp=br.com.catbag.gifreduxsample/.ui.GifListActivity} from uid 10060 on display 0
11-26 14:14:09.805  1841  1841 I Choreographer: Skipped 36 frames!  The application may be doing too much work on its main thread.
11-26 14:14:09.906  2257  2257 D LifecycleMonitor: Lifecycle status change: br.com.catbag.gifreduxsample.ui.GifListActivity@36a9369 in: PRE_ON_CREATE
11-26 14:14:09.913  2257  2257 D LifecycleMonitor: Lifecycle status change: br.com.catbag.gifreduxsample.ui.GifListActivity@36a9369 in: CREATED
11-26 14:14:09.927  2257  2273 I DroidFlux:Dispatcher: [STARTED] dispatch of action [APP_STATE_LOAD]
11-26 14:14:09.927  2257  2273 D DroidFlux:Dispatcher: An action of type [APP_STATE_LOAD] was dispatched, but no reducer handled it
11-26 14:14:09.928  2257  2273 I DroidFlux:Dispatcher: [COMPLETED] dispatch of action [APP_STATE_LOAD]
11-26 14:14:09.928  2257  2257 D LifecycleMonitor: Lifecycle status change: br.com.catbag.gifreduxsample.ui.GifListActivity@36a9369 in: STARTED
11-26 14:14:09.953  2257  2257 D LifecycleMonitor: Lifecycle status change: br.com.catbag.gifreduxsample.ui.GifListActivity@36a9369 in: RESUMED
11-26 14:14:10.026  1239  1260 I Choreographer: Skipped 51 frames!  The application may be doing too much work on its main thread.
