11-24 15:17:06.417  2245  2261 D DroidFlux:Dispatcher: An action of type [APP_STATE_LOAD] was dispatched, but no reducer handled it
11-24 15:17:06.417  2245  2261 I DroidFlux:Dispatcher: [COMPLETED] dispatch of action [APP_STATE_LOAD]
11-24 15:17:06.418  2245  2245 D LifecycleMonitor: Lifecycle status change: br.com.catbag.gifreduxsample.ui.GifListActivity@6eb2279 in: STARTED
11-24 15:17:06.420  2245  2245 D LifecycleMonitor: Lifecycle status change: br.com.catbag.gifreduxsample.ui.GifListActivity@6eb2279 in: RESUMED
11-24 15:17:06.488  1238  1259 I WindowManager: Destroying surface Surface(name=Starting br.com.catbag.gifreduxsample) called by com.android.server.wm.WindowStateAnimator.destroySurface:2014 com.android.server.wm.WindowStateAnimator.destroySurfaceLocked:881 com.android.server.wm.WindowState.removeLocked:1449 com.android.server.wm.WindowManagerService.removeWindowInnerLocked:2478 com.android.server.wm.AppWindowToken.destroySurfaces:365 com.android.server.wm.WindowStateAnimator.finishExit:565 com.android.server.wm.WindowStateAnimator.stepAnimationLocked:491 com.android.server.wm.WindowAnimator.updateWindowsLocked:303 
11-24 15:17:06.627  1238  1432 I WindowManager: Destroying surface Surface(name=com.android.launcher3/com.android.launcher3.Launcher) called by com.android.server.wm.WindowStateAnimator.destroySurface:2014 com.android.server.wm.WindowStateAnimator.destroySurfaceLocked:881 com.android.server.wm.WindowState.destroyOrSaveSurface:2073 com.android.server.wm.AppWindowToken.destroySurfaces:363 com.android.server.wm.AppWindowToken.notifyAppStopped:389 com.android.server.wm.WindowManagerService.notifyAppStopped:4456 com.android.server.am.ActivityStack.activityStoppedLocked:1252 com.android.server.am.ActivityManagerService.activityStopped:6873 
11-24 15:17:06.700  2245  2245 D LifecycleMonitor: Lifecycle status change: br.com.catbag.gifreduxsample.ui.GifListActivity@38d3a9d in: STOPPED
11-24 15:17:06.724  1238  1259 I ActivityManager: Displayed br.com.catbag.gifreduxsample/.ui.GifListActivity: +431ms
11-24 15:17:06.743  2245  2245 D LifecycleMonitor: Lifecycle status change: br.com.catbag.gifreduxsample.ui.GifListActivity@38d3a9d in: DESTROYED
11-24 15:17:06.894  1238  1249 I WindowManager: Destroying surface Surface(name=br.com.catbag.gifreduxsample/br.com.catbag.gifreduxsample.ui.GifListActivity) called by com.android.server.wm.WindowStateAnimator.destroySurface:2014 com.android.server.wm.WindowStateAnimator.destroySurfaceLocked:881 com.android.server.wm.WindowState.removeLocked:1449 com.android.server.wm.WindowManagerService.removeWindowInnerLocked:2478 com.android.server.wm.WindowManagerService.removeWindowLocked:2436 com.android.server.wm.WindowManagerService.removeWindowLocked:2305 com.android.server.wm.WindowManagerService.removeWindow:2300 com.android.server.wm.Session.remove:193 
11-24 15:17:06.910  2245  2245 I Choreographer: Skipped 58 frames!  The application may be doing too much work on its main thread.
11-24 15:17:06.927  1238  1259 I WindowManager: Destroying surface Surface(name=Starting br.com.catbag.gifreduxsample) called by com.android.server.wm.WindowStateAnimator.destroySurface:2014 com.android.server.wm.WindowStateAnimator.destroySurfaceLocked:881 com.android.server.wm.WindowState.destroyOrSaveSurface:2073 com.android.server.wm.AppWindowToken.destroySurfaces:363 com.android.server.wm.WindowStateAnimator.finishExit:565 com.android.server.wm.WindowStateAnimator.stepAnimationLocked:491 com.android.server.wm.WindowAnimator.updateWindowsLocked:303 com.android.server.wm.WindowAnimator.animateLocked:704 
11-24 15:17:06.999  2245  2245 W ResourceType: No package identifier when getting name for resource number 0x000000e9
11-24 15:17:07.000  2245  2245 I ViewInteraction: Performing 'scroll RecyclerView to position: 4' action on view with id: 233 (resource name not found)
11-24 15:17:07.211  2245  2256 I art     : Background partial concurrent mark sweep GC freed 9958(542KB) AllocSpace objects, 13(2MB) LOS objects, 28% free, 10MB/14MB, paused 24.010ms total 160.023ms
11-24 15:17:07.426  2245  2245 W ResourceType: No package identifier when getting name for resource number 0x000000e9
11-24 15:17:07.463  2245  2245 W ResourceType: No package identifier when getting name for resource number 0x000000ea
11-24 15:17:07.463  2245  2245 I ViewInteraction: Performing 'actionOnItemAtPosition performing ViewAction: single click on item at position: 0' action on view with id: 234 (resource name not found)
11-24 15:17:07.542  2245  2261 I DroidFlux:Dispatcher: [STARTED] dispatch of action [GIF_PLAY]
11-24 15:17:07.544  2245  2261 I DroidFlux:Dispatcher: [COMPLETED] dispatch of action [GIF_PLAY]
11-24 15:17:07.584   988  1038 D AudioFlinger: mixer(0xadc83980) throttle end: throttle time(11)
11-24 15:17:07.602   988  1038 D AudioFlinger: mixer(0xadc83980) throttle end: throttle time(11)
11-24 15:17:08.137  2245  2245 D LifecycleMonitor: Lifecycle status change: br.com.catbag.gifreduxsample.ui.GifListActivity@6eb2279 in: PAUSED
11-24 15:17:08.162  2245  2260 I TestRunner: finished: whenScrollUpAndPlayFirstItemTest(br.com.catbag.gifreduxsample.ui.giflist.GifListActivityTest)
11-24 15:17:08.379   978   978 D gralloc : Registering a buffer in the process that created it. This may cause memory ordering problems.
11-24 15:17:08.380   978   978 E libEGL  : called unimplemented OpenGL ES API
11-24 15:17:08.380   978   978 E SurfaceFlinger: glCheckFramebufferStatusOES error 1513264017
11-24 15:17:08.390   978   978 E SurfaceFlinger: got GL_FRAMEBUFFER_COMPLETE_OES error while taking screenshot
11-24 15:17:08.398  1238  1756 W WindowManager: Screenshot failure taking screenshot for (480x800) to layer 21005
11-24 15:17:08.413  2245  2245 I Choreographer: Skipped 72 frames!  The application may be doing too much work on its main thread.
11-24 15:17:08.420  2245  2245 I MonitoringInstrumentation: Activities that are still in CREATED to STOPPED: 1
11-24 15:17:08.423  2245  2260 I TestRunner: started: whenGifIsDownloadedTest(br.com.catbag.gifreduxsample.ui.giflist.GifListActivityTest)
11-24 15:17:08.437  2245  2245 I MonitoringInstrumentation: Activities that are still in CREATED to STOPPED: 1
11-24 15:17:08.643  2245  2261 I DroidFlux:Dispatcher: [STARTED] dispatch of action [FAKE_REDUCE_ACTION]
11-24 15:17:08.644  2245  2261 I DroidFlux:Dispatcher: [COMPLETED] dispatch of action [FAKE_REDUCE_ACTION]
11-24 15:17:08.787  2245  2290 D ActivityTestRule: Launching activity br.com.catbag.gifreduxsample.ui.GifListActivity
11-24 15:17:08.855  1700  1700 I Choreographer: Skipped 82 frames!  The application may be doing too much work on its main thread.
11-24 15:17:08.909  2245  2291 D MonitoringInstrumentation: execStartActivity(context, ibinder, ibinder, activity, intent, int, bundle
11-24 15:17:08.915  1238  1756 I ActivityManager: START u0 {flg=0x10000000 cmp=br.com.catbag.gifreduxsample/.ui.GifListActivity} from uid 10060 on display 0
11-24 15:17:08.994  2245  2245 D LifecycleMonitor: Lifecycle status change: br.com.catbag.gifreduxsample.ui.GifListActivity@3551e1d in: PRE_ON_CREATE
11-24 15:17:09.017  1238  1259 I Choreographer: Skipped 54 frames!  The application may be doing too much work on its main thread.
11-24 15:17:09.077  2245  2245 D LifecycleMonitor: Lifecycle status change: br.com.catbag.gifreduxsample.ui.GifListActivity@3551e1d in: CREATED
11-24 15:17:09.084  2245  2261 I DroidFlux:Dispatcher: [STARTED] dispatch of action [APP_STATE_LOAD]
11-24 15:17:09.085  2245  2261 D DroidFlux:Dispatcher: An action of type [APP_STATE_LOAD] was dispatched, but no reducer handled it
11-24 15:17:09.085  2245  2261 I DroidFlux:Dispatcher: [COMPLETED] dispatch of action [APP_STATE_LOAD]
11-24 15:17:09.085  2245  2245 D LifecycleMonitor: Lifecycle status change: br.com.catbag.gifreduxsample.ui.GifListActivity@3551e1d in: STARTED
11-24 15:17:09.088  2245  2245 D LifecycleMonitor: Lifecycle status change: br.com.catbag.gifreduxsample.ui.GifListActivity@3551e1d in: RESUMED
11-24 15:17:09.232  1238  1259 I Choreographer: Skipped 33 frames!  The application may be doing too much work on its main thread.
11-24 15:17:09.453  1238  1259 I ActivityManager: Displayed br.com.catbag.gifreduxsample/.ui.GifListActivity: +489ms
11-24 15:17:09.499  2245  2245 D LifecycleMonitor: Lifecycle status change: br.com.catbag.gifreduxsample.ui.GifListActivity@3551e1d in: PAUSED
11-24 15:17:09.513  2245  2260 I TestRunner: finished: whenGifIsDownloadedTest(br.com.catbag.gifreduxsample.ui.giflist.GifListActivityTest)
11-24 15:17:09.573   978   978 D gralloc : Registering a buffer in the process that created it. This may cause memory ordering problems.
11-24 15:17:09.574   978   978 E libEGL  : called unimplemented OpenGL ES API
11-24 15:17:09.574   978   978 E SurfaceFlinger: glCheckFramebufferStatusOES error 1513264017
11-24 15:17:09.574   978   978 E SurfaceFlinger: got GL_FRAMEBUFFER_COMPLETE_OES error while taking screenshot
11-24 15:17:09.583  1238  1561 W WindowManager: Screenshot failure taking screenshot for (480x800) to layer 22015
11-24 15:17:09.590  1238  1432 D WindowManager: relayoutVisibleWindow: Window{4099cd2 u0 com.android.launcher3/com.android.launcher3.Launcher EXITING} mAnimatingExit=true, mRemoveOnExit=false, mDestroying=false
11-24 15:17:09.594  2245  2245 I MonitoringInstrumentation: Activities that are still in CREATED to STOPPED: 2
11-24 15:17:09.597  2245  2260 I TestRunner: started: whenPlayGifTest(br.com.catbag.gifreduxsample.ui.giflist.GifListActivityTest)
11-24 15:17:09.601  2245  2245 I MonitoringInstrumentation: Activities that are still in CREATED to STOPPED: 2
11-24 15:17:09.634  2245  2261 I DroidFlux:Dispatcher: [STARTED] dispatch of action [FAKE_REDUCE_ACTION]
11-24 15:17:09.634  2245  2261 I DroidFlux:Dispatcher: [COMPLETED] dispatch of action [FAKE_REDUCE_ACTION]
11-24 15:17:09.663  2245  2292 D ActivityTestRule: Launching activity br.com.catbag.gifreduxsample.ui.GifListActivity
11-24 15:17:09.703  2245  2293 D MonitoringInstrumentation: execStartActivity(context, ibinder, ibinder, activity, intent, int, bundle
11-24 15:17:09.706  1238  1397 I ActivityManager: START u0 {flg=0x10000000 cmp=br.com.catbag.gifreduxsample/.ui.GifListActivity} from uid 10060 on display 0
11-24 15:17:09.817  1238  1259 I Choreographer: Skipped 43 frames!  The application may be doing too much work on its main thread.
11-24 15:17:09.855  1238  1259 I WindowManager: Destroying surface Surface(name=Starting br.com.catbag.gifreduxsample) called by com.android.server.wm.WindowStateAnimator.destroySurface:2014 com.android.server.wm.WindowStateAnimator.destroySurfaceLocked:881 com.android.server.wm.WindowState.removeLocked:1449 com.android.server.wm.WindowManagerService.removeWindowInnerLocked:2478 com.android.server.wm.AppWindowToken.destroySurfaces:365 com.android.server.wm.WindowStateAnimator.finishExit:565 com.android.server.wm.WindowStateAnimator.stepAnimationLocked:491 com.android.server.wm.WindowAnimator.updateWindowsLocked:303 
11-24 15:17:09.966  1700  1700 I Choreographer: Skipped 39 frames!  The application may be doing too much work on its main thread.
11-24 15:17:10.056  2245  2245 D LifecycleMonitor: Lifecycle status change: br.com.catbag.gifreduxsample.ui.GifListActivity@d22ecc0 in: PRE_ON_CREATE
11-24 15:17:10.180  2245  2245 D LifecycleMonitor: Lifecycle status change: br.com.catbag.gifreduxsample.ui.GifListActivity@d22ecc0 in: CREATED
11-24 15:17:10.187  2245  2261 I DroidFlux:Dispatcher: [STARTED] dispatch of action [APP_STATE_LOAD]
11-24 15:17:10.187  2245  2261 D DroidFlux:Dispatcher: An action of type [APP_STATE_LOAD] was dispatched, but no reducer handled it
11-24 15:17:10.188  2245  2261 I DroidFlux:Dispatcher: [COMPLETED] dispatch of action [APP_STATE_LOAD]
11-24 15:17:10.188  2245  2245 D LifecycleMonitor: Lifecycle status change: br.com.catbag.gifreduxsample.ui.GifListActivity@d22ecc0 in: STARTED
11-24 15:17:10.190  2245  2245 D LifecycleMonitor: Lifecycle status change: br.com.catbag.gifreduxsample.ui.GifListActivity@d22ecc0 in: RESUMED
11-24 15:17:10.428  1238  1248 I art     : Background sticky concurrent mark sweep GC freed 32031(2MB) AllocSpace objects, 10(200KB) LOS objects, 27% free, 7MB/10MB, paused 30.815ms total 633.958ms
11-24 15:17:10.615  1238  1259 I ActivityManager: Displayed br.com.catbag.gifreduxsample/.ui.GifListActivity: +628ms
11-24 15:17:10.680  2245  2245 I Choreographer: Skipped 30 frames!  The application may be doing too much work on its main thread.
11-24 15:17:10.710  2245  2245 I ViewInteraction: Performing 'single click' action on view with id: br.com.catbag.gifreduxsample:id/gif_image
11-24 15:17:10.839  2245  2245 D LifecycleMonitor: Lifecycle status change: br.com.catbag.gifreduxsample.ui.GifListActivity@3551e1d in: STOPPED
11-24 15:17:10.839  2245  2245 D LifecycleMonitor: Lifecycle status change: br.com.catbag.gifreduxsample.ui.GifListActivity@3551e1d in: DESTROYED
11-24 15:17:10.864  1238  1259 I WindowManager: Destroying surface Surface(name=Starting br.com.catbag.gifreduxsample) called by com.android.server.wm.WindowStateAnimator.destroySurface:2014 com.android.server.wm.WindowStateAnimator.destroySurfaceLocked:881 com.android.server.wm.WindowState.destroyOrSaveSurface:2073 com.android.server.wm.AppWindowToken.destroySurfaces:363 com.android.server.wm.WindowStateAnimator.finishExit:565 com.android.server.wm.WindowStateAnimator.stepAnimationLocked:491 com.android.server.wm.WindowAnimator.updateWindowsLocked:303 com.android.server.wm.WindowAnimator.animateLocked:704 
11-24 15:17:10.926  1238  1753 I WindowManager: Destroying surface Surface(name=com.android.launcher3/com.android.launcher3.Launcher) called by com.android.server.wm.WindowStateAnimator.destroySurface:2014 com.android.server.wm.WindowStateAnimator.destroySurfaceLocked:881 com.android.server.wm.WindowState.destroyOrSaveSurface:2073 com.android.server.wm.AppWindowToken.destroySurfaces:363 com.android.server.wm.AppWindowToken.notifyAppStopped:389 com.android.server.wm.WindowManagerService.notifyAppStopped:4456 com.android.server.am.ActivityStack.activityStoppedLocked:1252 com.android.server.am.ActivityManagerService.activityStopped:6873 
11-24 15:17:10.936  1238  1561 I WindowManager: Destroying surface Surface(name=br.com.catbag.gifreduxsample/br.com.catbag.gifreduxsample.ui.GifListActivity) called by com.android.server.wm.WindowStateAnimator.destroySurface:2014 com.android.server.wm.WindowStateAnimator.destroySurfaceLocked:881 com.android.server.wm.WindowState.removeLocked:1449 com.android.server.wm.WindowManagerService.removeWindowInnerLocked:2478 com.android.server.wm.WindowManagerService.removeWindowLocked:2436 com.android.server.wm.WindowManagerService.removeWindowLocked:2305 com.android.server.wm.WindowManagerService.removeWindow:2300 com.android.server.wm.Session.remove:193 
11-24 15:17:10.950  2245  2245 D LifecycleMonitor: Lifecycle status change: br.com.catbag.gifreduxsample.ui.GifListActivity@6eb2279 in: STOPPED
11-24 15:17:10.950  2245  2245 D LifecycleMonitor: Lifecycle status change: br.com.catbag.gifreduxsample.ui.GifListActivity@6eb2279 in: DESTROYED
11-24 15:17:10.992  1238  1249 I WindowManager: Destroying surface Surface(name=br.com.catbag.gifreduxsample/br.com.catbag.gifreduxsample.ui.GifListActivity) called by com.android.server.wm.WindowStateAnimator.destroySurface:2014 com.android.server.wm.WindowStateAnimator.destroySurfaceLocked:881 com.android.server.wm.WindowState.removeLocked:1449 com.android.server.wm.WindowManagerService.removeWindowInnerLocked:2478 com.android.server.wm.WindowManagerService.removeWindowLocked:2436 com.android.server.wm.WindowManagerService.removeWindowLocked:2305 com.android.server.wm.WindowManagerService.removeWindow:2300 com.android.server.wm.Session.remove:193 
11-24 15:17:11.062  2245  2261 I DroidFlux:Dispatcher: [STARTED] dispatch of action [GIF_PLAY]
11-24 15:17:11.063  2245  2261 I DroidFlux:Dispatcher: [COMPLETED] dispatch of action [GIF_PLAY]
11-24 15:17:11.102   988  1038 D AudioFlinger: mixer(0xadc83980) throttle end: throttle time(11)
11-24 15:17:11.122   988  1038 D AudioFlinger: mixer(0xadc83980) throttle end: throttle time(11)
11-24 15:17:11.667  2245  2260 I TestRunner: finished: whenPlayGifTest(br.com.catbag.gifreduxsample.ui.giflist.GifListActivityTest)
11-24 15:17:11.681  2245  2245 D LifecycleMonitor: Lifecycle status change: br.com.catbag.gifreduxsample.ui.GifListActivity@d22ecc0 in: PAUSED
11-24 15:17:11.790   978   978 D gralloc : Registering a buffer in the process that created it. This may cause memory ordering problems.
11-24 15:17:11.790   978   978 E libEGL  : called unimplemented OpenGL ES API
11-24 15:17:11.791   978   978 E SurfaceFlinger: glCheckFramebufferStatusOES error 1513264017
11-24 15:17:11.805   978   978 E SurfaceFlinger: got GL_FRAMEBUFFER_COMPLETE_OES error while taking screenshot
11-24 15:17:11.807  1238  1250 W WindowManager: Screenshot failure taking screenshot for (480x800) to layer 21005
11-24 15:17:11.883  2245  2245 I MonitoringInstrumentation: Activities that are still in CREATED to STOPPED: 1
11-24 15:17:11.885  2245  2260 I TestRunner: started: whenGifDownloadFailTest(br.com.catbag.gifreduxsample.ui.giflist.GifListActivityTest)
11-24 15:17:11.889  2245  2245 I Choreographer: Skipped 53 frames!  The application may be doing too much work on its main thread.
11-24 15:17:12.000  2245  2245 I MonitoringInstrumentation: Activities that are still in CREATED to STOPPED: 1
11-24 15:17:12.045  2245  2261 I DroidFlux:Dispatcher: [STARTED] dispatch of action [FAKE_REDUCE_ACTION]
11-24 15:17:12.046  2245  2261 I DroidFlux:Dispatcher: [COMPLETED] dispatch of action [FAKE_REDUCE_ACTION]
11-24 15:17:12.193  2245  2294 D ActivityTestRule: Launching activity br.com.catbag.gifreduxsample.ui.GifListActivity
11-24 15:17:12.233  2245  2295 D MonitoringInstrumentation: execStartActivity(context, ibinder, ibinder, activity, intent, int, bundle
11-24 15:17:12.235  1238  1249 I ActivityManager: START u0 {flg=0x10000000 cmp=br.com.catbag.gifreduxsample/.ui.GifListActivity} from uid 10060 on display 0
11-24 15:17:12.456  1238  1259 I Choreographer: Skipped 35 frames!  The application may be doing too much work on its main thread.
11-24 15:17:12.476  2245  2245 D LifecycleMonitor: Lifecycle status change: br.com.catbag.gifreduxsample.ui.GifListActivity@5ebde38 in: PRE_ON_CREATE
11-24 15:17:12.508  2245  2245 D LifecycleMonitor: Lifecycle status change: br.com.catbag.gifreduxsample.ui.GifListActivity@5ebde38 in: CREATED
11-24 15:17:12.509  2245  2261 I DroidFlux:Dispatcher: [STARTED] dispatch of action [APP_STATE_LOAD]
11-24 15:17:12.509  2245  2261 D DroidFlux:Dispatcher: An action of type [APP_STATE_LOAD] was dispatched, but no reducer handled it
11-24 15:17:12.509  2245  2261 I DroidFlux:Dispatcher: [COMPLETED] dispatch of action [APP_STATE_LOAD]
11-24 15:17:12.510  2245  2245 D LifecycleMonitor: Lifecycle status change: br.com.catbag.gifreduxsample.ui.GifListActivity@5ebde38 in: STARTED
11-24 15:17:12.510  2245  2245 D LifecycleMonitor: Lifecycle status change: br.com.catbag.gifreduxsample.ui.GifListActivity@5ebde38 in: RESUMED
11-24 15:17:12.682  2245  2245 D LifecycleMonitor: Lifecycle status change: br.com.catbag.gifreduxsample.ui.GifListActivity@d22ecc0 in: STOPPED
11-24 15:17:12.683  2245  2245 D LifecycleMonitor: Lifecycle status change: br.com.catbag.gifreduxsample.ui.GifListActivity@d22ecc0 in: DESTROYED
11-24 15:17:12.776  2245  2260 I TestRunner: finished: whenGifDownloadFailTest(br.com.catbag.gifreduxsample.ui.giflist.GifListActivityTest)
11-24 15:17:12.794  2245  2245 D LifecycleMonitor: Lifecycle status change: br.com.catbag.gifreduxsample.ui.GifListActivity@5ebde38 in: PAUSED
11-24 15:17:12.858   978   978 D gralloc : Registering a buffer in the process that created it. This may cause memory ordering problems.
11-24 15:17:12.859   978   978 E libEGL  : called unimplemented OpenGL ES API
11-24 15:17:12.859   978   978 E SurfaceFlinger: glCheckFramebufferStatusOES error 1513264017
11-24 15:17:12.860   978   978 E SurfaceFlinger: got GL_FRAMEBUFFER_COMPLETE_OES error while taking screenshot
11-24 15:17:12.866  1238  1756 W WindowManager: Screenshot failure taking screenshot for (480x800) to layer 22020
11-24 15:17:12.875  2245  2245 I MonitoringInstrumentation: Activities that are still in CREATED to STOPPED: 1
11-24 15:17:12.878  2245  2260 I TestRunner: started: whenPauseGifTest(br.com.catbag.gifreduxsample.ui.giflist.GifListActivityTest)
11-24 15:17:12.885  2245  2245 I MonitoringInstrumentation: Activities that are still in CREATED to STOPPED: 1
11-24 15:17:12.888  1238  1397 I ActivityManager: Activity reported stop, but no longer stopping: ActivityRecord{40bf79a u0 com.android.launcher3/.Launcher t3}
11-24 15:17:12.906  1238  1432 D WindowManager: relayoutVisibleWindow: Window{4099cd2 u0 com.android.launcher3/com.android.launcher3.Launcher EXITING} mAnimatingExit=true, mRemoveOnExit=false, mDestroying=true
11-24 15:17:12.947  1238  1259 I Choreographer: Skipped 53 frames!  The application may be doing too much work on its main thread.
11-24 15:17:12.986  2245  2261 I DroidFlux:Dispatcher: [STARTED] dispatch of action [FAKE_REDUCE_ACTION]
11-24 15:17:12.987  2245  2261 I DroidFlux:Dispatcher: [COMPLETED] dispatch of action [FAKE_REDUCE_ACTION]
11-24 15:17:13.043  1238  1397 W art     : Long monitor contention with owner Binder:1238_4 (1432) at int com.android.server.wm.WindowManagerService.relayoutWindow(com.android.server.wm.Session, android.view.IWindow, int, android.view.WindowManager$LayoutParams, int, int, int, int, android.graphics.Rect, android.graphics.Rect, android.graphics.Rect, android.graphics.Rect, android.graphics.Rect, android.graphics.Rect, android.graphics.Rect, android.content.res.Configuration, android.view.Surface)(WindowManagerService.java:2759) waiters=0 in void com.android.server.wm.WindowManagerService.statusBarVisibilityChanged(int) for 118ms
11-24 15:17:13.077  2245  2299 D ActivityTestRule: Launching activity br.com.catbag.gifreduxsample.ui.GifListActivity
11-24 15:17:13.089  2245  2300 D MonitoringInstrumentation: execStartActivity(context, ibinder, ibinder, activity, intent, int, bundle
11-24 15:17:13.090  1238  1756 I ActivityManager: START u0 {flg=0x10000000 cmp=br.com.catbag.gifreduxsample/.ui.GifListActivity} from uid 10060 on display 0
11-24 15:17:13.199  2245  2245 D LifecycleMonitor: Lifecycle status change: br.com.catbag.gifreduxsample.ui.GifListActivity@f0f7062 in: PRE_ON_CREATE
11-24 15:17:13.216  2245  2245 D LifecycleMonitor: Lifecycle status change: br.com.catbag.gifreduxsample.ui.GifListActivity@f0f7062 in: CREATED
11-24 15:17:13.216  2245  2245 D LifecycleMonitor: Lifecycle status change: br.com.catbag.gifreduxsample.ui.GifListActivity@f0f7062 in: STARTED
11-24 15:17:13.217  2245  2261 I DroidFlux:Dispatcher: [STARTED] dispatch of action [APP_STATE_LOAD]
11-24 15:17:13.218  2245  2261 D DroidFlux:Dispatcher: An action of type [APP_STATE_LOAD] was dispatched, but no reducer handled it
11-24 15:17:13.218  2245  2261 I DroidFlux:Dispatcher: [COMPLETED] dispatch of action [APP_STATE_LOAD]
11-24 15:17:13.219  2245  2245 D LifecycleMonitor: Lifecycle status change: br.com.catbag.gifreduxsample.ui.GifListActivity@f0f7062 in: RESUMED
11-24 15:17:13.239  1238  1259 I Choreographer: Skipped 47 frames!  The application may be doing too much work on its main thread.
11-24 15:17:13.243  1238  1259 I WindowManager: Destroying surface Surface(name=br.com.catbag.gifreduxsample/br.com.catbag.gifreduxsample.ui.GifListActivity) called by com.android.server.wm.WindowStateAnimator.destroySurface:2014 com.android.server.wm.WindowStateAnimator.destroySurfaceLocked:881 com.android.server.wm.WindowState.removeLocked:1449 com.android.server.wm.WindowManagerService.removeWindowInnerLocked:2478 com.android.server.wm.AppWindowToken.destroySurfaces:365 com.android.server.wm.WindowStateAnimator.finishExit:565 com.android.server.wm.WindowStateAnimator.stepAnimationLocked:491 com.android.server.wm.WindowAnimator.updateWindowsLocked:303 
11-24 15:17:13.387  1700  1700 I Choreographer: Skipped 39 frames!  The application may be doing too much work on its main thread.
11-24 15:17:13.485  1238  1259 I WindowManager: Destroying surface Surface(name=Starting br.com.catbag.gifreduxsample) called by com.android.server.wm.WindowStateAnimator.destroySurface:2014 com.android.server.wm.WindowStateAnimator.destroySurfaceLocked:881 com.android.server.wm.WindowState.removeLocked:1449 com.android.server.wm.WindowManagerService.removeWindowInnerLocked:2478 com.android.server.wm.AppWindowToken.destroySurfaces:365 com.android.server.wm.WindowStateAnimator.finishExit:565 com.android.server.wm.WindowStateAnimator.stepAnimationLocked:491 com.android.server.wm.WindowAnimator.updateWindowsLocked:303 
11-24 15:17:13.606  1238  1259 I ActivityManager: Displayed br.com.catbag.gifreduxsample/.ui.GifListActivity: +435ms (total +1s199ms)
11-24 15:17:13.756  1700  1700 I Choreographer: Skipped 96 frames!  The application may be doing too much work on its main thread.
11-24 15:17:13.835  1238  1259 I WindowManager: Destroying surface Surface(name=Starting br.com.catbag.gifreduxsample) called by com.android.server.wm.WindowStateAnimator.destroySurface:2014 com.android.server.wm.WindowStateAnimator.destroySurfaceLocked:881 com.android.server.wm.WindowState.destroyOrSaveSurface:2073 com.android.server.wm.AppWindowToken.destroySurfaces:363 com.android.server.wm.WindowStateAnimator.finishExit:565 com.android.server.wm.WindowStateAnimator.stepAnimationLocked:491 com.android.server.wm.WindowAnimator.updateWindowsLocked:303 com.android.server.wm.WindowAnimator.animateLocked:704 
11-24 15:17:13.942  2245  2245 I ViewInteraction: Performing 'single click' action on view with id: br.com.catbag.gifreduxsample:id/gif_image
11-24 15:17:13.959  1238  1397 I WindowManager: Destroying surface Surface(name=com.android.launcher3/com.android.launcher3.Launcher) called by com.android.server.wm.WindowStateAnimator.destroySurface:2014 com.android.server.wm.WindowStateAnimator.destroySurfaceLocked:881 com.android.server.wm.WindowState.destroyOrSaveSurface:2073 com.android.server.wm.WindowManagerService.tryStartExitingAnimation:3017 com.android.server.wm.WindowManagerService.relayoutWindow:2897 com.android.server.wm.Session.relayout:215 android.view.IWindowSession$Stub.onTransact:286 com.android.server.wm.Session.onTransact:136 
11-24 15:17:14.073  2245  2261 I DroidFlux:Dispatcher: [STARTED] dispatch of action [GIF_PAUSE]
11-24 15:17:14.075  2245  2261 I DroidFlux:Dispatcher: [COMPLETED] dispatch of action [GIF_PAUSE]
11-24 15:17:14.120   988  1038 D AudioFlinger: mixer(0xadc83980) throttle end: throttle time(2)
11-24 15:17:14.233  2245  2245 D LifecycleMonitor: Lifecycle status change: br.com.catbag.gifreduxsample.ui.GifListActivity@5ebde38 in: STOPPED
11-24 15:17:14.234  2245  2245 D LifecycleMonitor: Lifecycle status change: br.com.catbag.gifreduxsample.ui.GifListActivity@5ebde38 in: DESTROYED
11-24 15:17:14.246  1238  1249 I WindowManager: Destroying surface Surface(name=br.com.catbag.gifreduxsample/br.com.catbag.gifreduxsample.ui.GifListActivity) called by com.android.server.wm.WindowStateAnimator.destroySurface:2014 com.android.server.wm.WindowStateAnimator.destroySurfaceLocked:881 com.android.server.wm.WindowState.removeLocked:1449 com.android.server.wm.WindowManagerService.removeWindowInnerLocked:2478 com.android.server.wm.WindowManagerService.removeWindowLocked:2436 com.android.server.wm.WindowManagerService.removeWindowLocked:2305 com.android.server.wm.WindowManagerService.removeWindow:2300 com.android.server.wm.Session.remove:193 
11-24 15:17:14.668  2245  2250 I art     : Do partial code cache collection, code=120KB, data=123KB
11-24 15:17:14.668  2245  2250 I art     : After code cache collection, code=113KB, data=118KB
11-24 15:17:14.668  2245  2250 I art     : Increasing code cache capacity to 512KB
11-24 15:17:14.710  2245  2245 D LifecycleMonitor: Lifecycle status change: br.com.catbag.gifreduxsample.ui.GifListActivity@f0f7062 in: PAUSED
11-24 15:17:14.734  2245  2260 I TestRunner: finished: whenPauseGifTest(br.com.catbag.gifreduxsample.ui.giflist.GifListActivityTest)
11-24 15:17:14.771   978   978 D gralloc : Registering a buffer in the process that created it. This may cause memory ordering problems.
11-24 15:17:14.771   978   978 E libEGL  : called unimplemented OpenGL ES API
11-24 15:17:14.773   978   978 E SurfaceFlinger: glCheckFramebufferStatusOES error 1513264017
11-24 15:17:14.773   978   978 E SurfaceFlinger: got GL_FRAMEBUFFER_COMPLETE_OES error while taking screenshot
11-24 15:17:14.775  1238  1397 W WindowManager: Screenshot failure taking screenshot for (480x800) to layer 21010
11-24 15:17:14.810  2245  2245 I MonitoringInstrumentation: Activities that are still in CREATED to STOPPED: 1
11-24 15:17:14.812  2245  2260 I TestRunner: started: whenLoadMultipleGifsOnAppStateTest(br.com.catbag.gifreduxsample.ui.giflist.GifListActivityTest)
11-24 15:17:14.814  2245  2245 I MonitoringInstrumentation: Activities that are still in CREATED to STOPPED: 1
11-24 15:17:14.882  1238  1325 E TaskPersister: File error accessing recents directory (directory doesn't exist?).
11-24 15:17:14.900  2245  2261 I DroidFlux:Dispatcher: [STARTED] dispatch of action [FAKE_REDUCE_ACTION]
11-24 15:17:14.901  2245  2261 I DroidFlux:Dispatcher: [COMPLETED] dispatch of action [FAKE_REDUCE_ACTION]
11-24 15:17:14.929  2245  2301 D ActivityTestRule: Launching activity br.com.catbag.gifreduxsample.ui.GifListActivity
11-24 15:17:14.953  2245  2302 D MonitoringInstrumentation: execStartActivity(context, ibinder, ibinder, activity, intent, int, bundle
11-24 15:17:14.954  1238  1397 I ActivityManager: START u0 {flg=0x10000000 cmp=br.com.catbag.gifreduxsample/.ui.GifListActivity} from uid 10060 on display 0
11-24 15:17:15.109  2245  2245 D LifecycleMonitor: Lifecycle status change: br.com.catbag.gifreduxsample.ui.GifListActivity@26360e6 in: PRE_ON_CREATE
11-24 15:17:15.127  2245  2245 D LifecycleMonitor: Lifecycle status change: br.com.catbag.gifreduxsample.ui.GifListActivity@26360e6 in: CREATED
11-24 15:17:15.127  2245  2245 D LifecycleMonitor: Lifecycle status change: br.com.catbag.gifreduxsample.ui.GifListActivity@26360e6 in: STARTED
11-24 15:17:15.128  2245  2261 I DroidFlux:Dispatcher: [STARTED] dispatch of action [APP_STATE_LOAD]
11-24 15:17:15.129  2245  2261 D DroidFlux:Dispatcher: An action of type [APP_STATE_LOAD] was dispatched, but no reducer handled it
11-24 15:17:15.129  2245  2261 I DroidFlux:Dispatcher: [COMPLETED] dispatch of action [APP_STATE_LOAD]
11-24 15:17:15.130  2245  2245 D LifecycleMonitor: Lifecycle status change: br.com.catbag.gifreduxsample.ui.GifListActivity@26360e6 in: RESUMED
11-24 15:17:15.286  1238  1753 I WindowManager: Destroying surface Surface(name=com.android.launcher3/com.android.launcher3.Launcher) called by com.android.server.wm.WindowStateAnimator.destroySurface:2014 com.android.server.wm.WindowStateAnimator.destroySurfaceLocked:881 com.android.server.wm.WindowState.destroyOrSaveSurface:2073 com.android.server.wm.WindowManagerService.tryStartExitingAnimation:3017 com.android.server.wm.WindowManagerService.relayoutWindow:2897 com.android.server.wm.Session.relayout:215 android.view.IWindowSession$Stub.onTransact:286 com.android.server.wm.Session.onTransact:136 
11-24 15:17:15.354  2245  2245 D LifecycleMonitor: Lifecycle status change: br.com.catbag.gifreduxsample.ui.GifListActivity@f0f7062 in: STOPPED
11-24 15:17:15.355  2245  2245 D LifecycleMonitor: Lifecycle status change: br.com.catbag.gifreduxsample.ui.GifListActivity@f0f7062 in: DESTROYED
11-24 15:17:15.365  1238  1756 I WindowManager: Destroying surface Surface(name=br.com.catbag.gifreduxsample/br.com.catbag.gifreduxsample.ui.GifListActivity) called by com.android.server.wm.WindowStateAnimator.destroySurface:2014 com.android.server.wm.WindowStateAnimator.destroySurfaceLocked:881 com.android.server.wm.WindowState.removeLocked:1449 com.android.server.wm.WindowManagerService.removeWindowInnerLocked:2478 com.android.server.wm.WindowManagerService.removeWindowLocked:2436 com.android.server.wm.WindowManagerService.removeWindowLocked:2305 com.android.server.wm.WindowManagerService.removeWindow:2300 com.android.server.wm.Session.remove:193 
11-24 15:17:15.469  1238  1259 I ActivityManager: Displayed br.com.catbag.gifreduxsample/.ui.GifListActivity: +399ms
11-24 15:17:15.478  2245  2245 W ResourceType: No package identifier when getting name for resource number 0x000000f5
11-24 15:17:15.478  2245  2245 I ViewInteraction: Performing 'scroll RecyclerView to position: 2' action on view with id: 245 (resource name not found)
11-24 15:17:15.649  2245  2256 W art     : Suspending all threads took: 18.348ms
11-24 15:17:15.676  1238  1259 I WindowManager: Destroying surface Surface(name=Starting br.com.catbag.gifreduxsample) called by com.android.server.wm.WindowStateAnimator.destroySurface:2014 com.android.server.wm.WindowStateAnimator.destroySurfaceLocked:881 com.android.server.wm.WindowState.destroyOrSaveSurface:2073 com.android.server.wm.AppWindowToken.destroySurfaces:363 com.android.server.wm.WindowStateAnimator.finishExit:565 com.android.server.wm.WindowStateAnimator.stepAnimationLocked:491 com.android.server.wm.WindowAnimator.updateWindowsLocked:303 com.android.server.wm.WindowAnimator.animateLocked:704 
11-24 15:17:15.689  1700  1700 I Choreographer: Skipped 65 frames!  The application may be doing too much work on its main thread.
11-24 15:17:15.738  2245  2256 I art     : Background sticky concurrent mark sweep GC freed 18854(1168KB) AllocSpace objects, 3(64KB) LOS objects, 11% free, 12MB/14MB, paused 23.912ms total 214.093ms
11-24 15:17:15.778  2245  2245 W ResourceType: No package identifier when getting name for resource number 0x000000f5
11-24 15:17:15.797  2245  2245 W ResourceType: No package identifier when getting name for resource number 0x000000fc
11-24 15:17:15.797  2245  2245 I ViewInteraction: Performing 'scroll RecyclerView to position: 3' action on view with id: 252 (resource name not found)
11-24 15:17:16.106  2245  2245 W ResourceType: No package identifier when getting name for resource number 0x000000fc
11-24 15:17:16.135  2245  2245 W ResourceType: No package identifier when getting name for resource number 0x00000103
11-24 15:17:16.135  2245  2245 I ViewInteraction: Performing 'scroll RecyclerView to position: 4' action on view with id: 259 (resource name not found)
11-24 15:17:16.435  2245  2245 W ResourceType: No package identifier when getting name for resource number 0x00000103
11-24 15:17:16.477  2245  2245 W ResourceType: No package identifier when getting name for resource number 0x0000010a
11-24 15:17:16.477  2245  2245 I ViewInteraction: Performing 'scroll RecyclerView to position: 5' action on view with id: 266 (resource name not found)
11-24 15:17:16.568  2245  2256 I art     : Background partial concurrent mark sweep GC freed 14710(1215KB) AllocSpace objects, 9(192KB) LOS objects, 23% free, 13MB/17MB, paused 7.003ms total 115.638ms
11-24 15:17:16.775  2245  2245 W ResourceType: No package identifier when getting name for resource number 0x0000010a
11-24 15:17:16.810  2245  2245 W ResourceType: No package identifier when getting name for resource number 0x00000111
11-24 15:17:16.810  2245  2245 I ViewInteraction: Performing 'scroll RecyclerView to position: 6' action on view with id: 273 (resource name not found)
11-24 15:17:17.105  2245  2245 W ResourceType: No package identifier when getting name for resource number 0x00000111
11-24 15:17:17.133  2245  2245 W ResourceType: No package identifier when getting name for resource number 0x00000118
11-24 15:17:17.134  2245  2245 I ViewInteraction: Performing 'scroll RecyclerView to position: 7' action on view with id: 280 (resource name not found)
11-24 15:17:17.446  2245  2245 W ResourceType: No package identifier when getting name for resource number 0x00000118
11-24 15:17:17.484  2245  2245 W ResourceType: No package identifier when getting name for resource number 0x0000011f
11-24 15:17:17.484  2245  2245 I ViewInteraction: Performing 'scroll RecyclerView to position: 8' action on view with id: 287 (resource name not found)
11-24 15:17:17.782  2245  2245 W ResourceType: No package identifier when getting name for resource number 0x0000011f
11-24 15:17:17.818  2245  2245 W ResourceType: No package identifier when getting name for resource number 0x00000126
11-24 15:17:17.819  2245  2245 I ViewInteraction: Performing 'scroll RecyclerView to position: 9' action on view with id: 294 (resource name not found)
11-24 15:17:18.136  2245  2245 W ResourceType: No package identifier when getting name for resource number 0x00000126
11-24 15:17:18.188  2245  2245 D LifecycleMonitor: Lifecycle status change: br.com.catbag.gifreduxsample.ui.GifListActivity@26360e6 in: PAUSED
11-24 15:17:18.225  2245  2260 I TestRunner: finished: whenLoadMultipleGifsOnAppStateTest(br.com.catbag.gifreduxsample.ui.giflist.GifListActivityTest)
11-24 15:17:18.248   978   978 D gralloc : Registering a buffer in the process that created it. This may cause memory ordering problems.
11-24 15:17:18.248   978   978 E libEGL  : called unimplemented OpenGL ES API
11-24 15:17:18.249   978   978 E SurfaceFlinger: glCheckFramebufferStatusOES error 1513264017
11-24 15:17:18.249   978   978 E SurfaceFlinger: got GL_FRAMEBUFFER_COMPLETE_OES error while taking screenshot
11-24 15:17:18.251  1238  1397 W WindowManager: Screenshot failure taking screenshot for (480x800) to layer 21005
11-24 15:17:18.280  2245  2245 I MonitoringInstrumentation: Activities that are still in CREATED to STOPPED: 1
11-24 15:17:18.304  2245  2260 I TestRunner: run finished: 15 tests, 0 failed, 0 ignored
11-24 15:17:18.556  1238  1325 E TaskPersister: File error accessing recents directory (directory doesn't exist?).
11-24 15:17:18.609  2245  2260 I MonitoringInstrumentation: Unstopped activity count: 1
11-24 15:17:18.612  2245  2245 I MonitoringInstrumentation: Activities that are still in CREATED to STOPPED: 1
11-24 15:17:18.672  2245  2260 I MonitoringInstrumentation: Unstopped activity count: 1
11-24 15:17:18.733  2245  2260 I MonitoringInstrumentation: Unstopped activity count: 1
11-24 15:17:18.766  2245  2245 D LifecycleMonitor: Lifecycle status change: br.com.catbag.gifreduxsample.ui.GifListActivity@26360e6 in: STOPPED
11-24 15:17:18.767  2245  2245 D LifecycleMonitor: Lifecycle status change: br.com.catbag.gifreduxsample.ui.GifListActivity@26360e6 in: DESTROYED
11-24 15:17:18.794  2245  2260 I MonitoringInstrumentation: waitForActivitiesToComplete() took: 187ms
11-24 15:17:18.800  1238  1756 I ActivityManager: Force stopping br.com.catbag.gifreduxsample appid=10060 user=0: finished inst
11-24 15:17:18.801  1238  1756 I ActivityManager: Killing 2245:br.com.catbag.gifreduxsample/u0a60 (adj 0): stop br.com.catbag.gifreduxsample
11-24 15:17:18.816  2235  2235 D AndroidRuntime: Shutting down VM
11-24 15:17:18.935  1238  1259 I WindowManager: Destroying surface Surface(name=br.com.catbag.gifreduxsample/br.com.catbag.gifreduxsample.ui.GifListActivity) called by com.android.server.wm.WindowStateAnimator.destroySurface:2014 com.android.server.wm.WindowStateAnimator.destroySurfaceLocked:881 com.android.server.wm.WindowState.removeLocked:1449 com.android.server.wm.WindowManagerService.removeWindowInnerLocked:2478 com.android.server.wm.AppWindowToken.destroySurfaces:365 com.android.server.wm.WindowStateAnimator.finishExit:565 com.android.server.wm.AppWindowAnimator.stepAnimationLocked:427 com.android.server.wm.WindowAnimator.updateAppWindowsLocked:196 
11-24 15:17:19.552  2313  2313 D AndroidRuntime: >>>>>> START com.android.internal.os.RuntimeInit uid 2000 <<<<<<
11-24 15:17:19.555  2313  2313 D AndroidRuntime: CheckJNI is ON
11-24 15:17:19.615  2313  2313 W art     : Unexpected CPU variant for X86 using defaults: x86
11-24 15:17:19.628  2313  2313 D ICU     : No timezone override file found: /data/misc/zoneinfo/current/icu/icu_tzdata.dat
11-24 15:17:19.659  2313  2313 E memtrack: Couldn't load memtrack module (No such file or directory)
11-24 15:17:19.659  2313  2313 E android.os.Debug: failed to load memtrack module: -2
11-24 15:17:19.661  2313  2313 I Radio-JNI: register_android_hardware_Radio DONE
11-24 15:17:19.686  2313  2313 D AndroidRuntime: Calling main entry com.android.commands.pm.Pm
11-24 15:17:19.726  1238  1252 I ActivityManager: Force stopping br.com.catbag.gifreduxsample.test appid=10061 user=-1: deletePackageX
11-24 15:17:19.865  1238  1264 I art     : Starting a blocking GC Explicit
11-24 15:17:19.936  1238  1264 I art     : Explicit concurrent mark sweep GC freed 27295(1872KB) AllocSpace objects, 11(220KB) LOS objects, 33% free, 7MB/10MB, paused 5.698ms total 65.096ms
11-24 15:17:19.962  2313  2313 I art     : System.exit called, status: 0
11-24 15:17:19.962  2313  2313 I AndroidRuntime: VM exiting with result code 0.
11-24 15:17:19.997  1238  1264 I ActivityManager: Force stopping br.com.catbag.gifreduxsample.test appid=10061 user=0: pkg removed
11-24 15:17:20.216  1238  1278 I InputReader: Reconfiguring input devices.  changes=0x00000010
11-24 15:17:20.383  1238  1264 E KernelUidCpuTimeReader: failed to remove uid from uid_cputime module
11-24 15:17:20.383  1238  1264 E KernelUidCpuTimeReader: java.io.FileNotFoundException: /proc/uid_cputime/remove_uid_range (No such file or directory)
11-24 15:17:20.383  1238  1264 E KernelUidCpuTimeReader: 	at java.io.FileOutputStream.open(Native Method)
11-24 15:17:20.383  1238  1264 E KernelUidCpuTimeReader: 	at java.io.FileOutputStream.<init>(FileOutputStream.java:221)
11-24 15:17:20.383  1238  1264 E KernelUidCpuTimeReader: 	at java.io.FileOutputStream.<init>(FileOutputStream.java:108)
11-24 15:17:20.383  1238  1264 E KernelUidCpuTimeReader: 	at java.io.FileWriter.<init>(FileWriter.java:63)
11-24 15:17:20.383  1238  1264 E KernelUidCpuTimeReader: 	at com.android.internal.os.KernelUidCpuTimeReader.removeUid(KernelUidCpuTimeReader.java:158)
11-24 15:17:20.383  1238  1264 E KernelUidCpuTimeReader: 	at com.android.internal.os.BatteryStatsImpl.removeUidStatsLocked(BatteryStatsImpl.java:9805)
11-24 15:17:20.383  1238  1264 E KernelUidCpuTimeReader: 	at com.android.server.am.BatteryStatsService.removeUid(BatteryStatsService.java:291)
11-24 15:17:20.383  1238  1264 E KernelUidCpuTimeReader: 	at com.android.server.am.ActivityManagerService.broadcastIntentLocked(ActivityManagerService.java:17767)
11-24 15:17:20.383  1238  1264 E KernelUidCpuTimeReader: 	at com.android.server.am.ActivityManagerService.broadcastIntent(ActivityManagerService.java:18256)
11-24 15:17:20.383  1238  1264 E KernelUidCpuTimeReader: 	at com.android.server.pm.PackageManagerService$8.run(PackageManagerService.java:11407)
11-24 15:17:20.383  1238  1264 E KernelUidCpuTimeReader: 	at android.os.Handler.handleCallback(Handler.java:751)
11-24 15:17:20.383  1238  1264 E KernelUidCpuTimeReader: 	at android.os.Handler.dispatchMessage(Handler.java:95)
11-24 15:17:20.383  1238  1264 E KernelUidCpuTimeReader: 	at android.os.Looper.loop(Looper.java:154)
11-24 15:17:20.383  1238  1264 E KernelUidCpuTimeReader: 	at android.os.HandlerThread.run(HandlerThread.java:61)
11-24 15:17:20.383  1238  1264 E KernelUidCpuTimeReader: 	at com.android.server.ServiceThread.run(ServiceThread.java:46)
11-24 15:17:20.599  1456  1456 D CarrierSvcBindHelper: No carrier app for: 0
11-24 15:17:20.778  1238  1251 W LocationProviderProxy-network: Odd, no component found for service com.android.location.service.v3.NetworkLocationProvider
11-24 15:17:20.779  1238  1251 W GeocoderProxy: Odd, no component found for service com.android.location.service.GeocodeProvider
11-24 15:17:20.779  1238  1251 W GeofenceProxy: Odd, no component found for service com.android.location.service.GeofenceProvider
11-24 15:17:20.779  1238  1251 W ActivityRecognitionProxy: Odd, no component found for service com.android.location.service.ActivityRecognitionProvider
11-24 15:17:21.223  2326  2326 D AndroidRuntime: >>>>>> START com.android.internal.os.RuntimeInit uid 2000 <<<<<<
11-24 15:17:21.225  2326  2326 D AndroidRuntime: CheckJNI is ON
11-24 15:17:21.274  2326  2326 W art     : Unexpected CPU variant for X86 using defaults: x86
11-24 15:17:21.287  2326  2326 D ICU     : No timezone override file found: /data/misc/zoneinfo/current/icu/icu_tzdata.dat
11-24 15:17:21.309  2326  2326 E memtrack: Couldn't load memtrack module (No such file or directory)
11-24 15:17:21.309  2326  2326 E android.os.Debug: failed to load memtrack module: -2
11-24 15:17:21.310  2326  2326 I Radio-JNI: register_android_hardware_Radio DONE
11-24 15:17:21.379  2326  2326 D AndroidRuntime: Calling main entry com.android.commands.pm.Pm
11-24 15:17:21.404  1238  1252 I ActivityManager: Force stopping br.com.catbag.gifreduxsample appid=10060 user=-1: deletePackageX
11-24 15:17:21.545  1238  1264 I art     : Starting a blocking GC Explicit
11-24 15:17:21.598  1238  1264 I art     : Explicit concurrent mark sweep GC freed 30848(1608KB) AllocSpace objects, 7(140KB) LOS objects, 33% free, 6MB/10MB, paused 5.776ms total 49.092ms
11-24 15:17:21.615  2326  2326 I art     : System.exit called, status: 0
11-24 15:17:21.615  2326  2326 I AndroidRuntime: VM exiting with result code 0.
11-24 15:17:21.685  1238  1264 I ActivityManager: Force stopping br.com.catbag.gifreduxsample appid=10060 user=0: pkg removed
11-24 15:17:21.850  1238  1264 E KernelUidCpuTimeReader: failed to remove uid from uid_cputime module
11-24 15:17:21.850  1238  1264 E KernelUidCpuTimeReader: java.io.FileNotFoundException: /proc/uid_cputime/remove_uid_range (No such file or directory)
11-24 15:17:21.850  1238  1264 E KernelUidCpuTimeReader: 	at java.io.FileOutputStream.open(Native Method)
11-24 15:17:21.850  1238  1264 E KernelUidCpuTimeReader: 	at java.io.FileOutputStream.<init>(FileOutputStream.java:221)
11-24 15:17:21.850  1238  1264 E KernelUidCpuTimeReader: 	at java.io.FileOutputStream.<init>(FileOutputStream.java:108)
11-24 15:17:21.850  1238  1264 E KernelUidCpuTimeReader: 	at java.io.FileWriter.<init>(FileWriter.java:63)
11-24 15:17:21.850  1238  1264 E KernelUidCpuTimeReader: 	at com.android.internal.os.KernelUidCpuTimeReader.removeUid(KernelUidCpuTimeReader.java:158)
11-24 15:17:21.850  1238  1264 E KernelUidCpuTimeReader: 	at com.android.internal.os.BatteryStatsImpl.removeUidStatsLocked(BatteryStatsImpl.java:9805)
11-24 15:17:21.850  1238  1264 E KernelUidCpuTimeReader: 	at com.android.server.am.BatteryStatsService.removeUid(BatteryStatsService.java:291)
11-24 15:17:21.850  1238  1264 E KernelUidCpuTimeReader: 	at com.android.server.am.ActivityManagerService.broadcastIntentLocked(ActivityManagerService.java:17767)
11-24 15:17:21.850  1238  1264 E KernelUidCpuTimeReader: 	at com.android.server.am.ActivityManagerService.broadcastIntent(ActivityManagerService.java:18256)
11-24 15:17:21.850  1238  1264 E KernelUidCpuTimeReader: 	at com.android.server.pm.PackageManagerService$8.run(PackageManagerService.java:11407)
11-24 15:17:21.850  1238  1264 E KernelUidCpuTimeReader: 	at android.os.Handler.handleCallback(Handler.java:751)
11-24 15:17:21.850  1238  1264 E KernelUidCpuTimeReader: 	at android.os.Handler.dispatchMessage(Handler.java:95)
11-24 15:17:21.850  1238  1264 E KernelUidCpuTimeReader: 	at android.os.Looper.loop(Looper.java:154)
11-24 15:17:21.850  1238  1264 E KernelUidCpuTimeReader: 	at android.os.HandlerThread.run(HandlerThread.java:61)
11-24 15:17:21.850  1238  1264 E KernelUidCpuTimeReader: 	at com.android.server.ServiceThread.run(ServiceThread.java:46)
11-24 15:17:21.874  1238  1325 E TaskPersister: File error accessing recents directory (directory doesn't exist?).
11-24 15:17:21.913  1238  1278 I InputReader: Reconfiguring input devices.  changes=0x00000010
11-24 15:17:21.955  1456  1456 D CarrierSvcBindHelper: No carrier app for: 0
11-24 15:17:22.042  1700  1711 I art     : Background partial concurrent mark sweep GC freed 4290(279KB) AllocSpace objects, 7(124KB) LOS objects, 39% free, 3MB/6MB, paused 5.584ms total 350.409ms
11-24 15:17:22.281  1238  1251 W LocationProviderProxy-network: Odd, no component found for service com.android.location.service.v3.NetworkLocationProvider
11-24 15:17:22.293  1238  1251 W GeocoderProxy: Odd, no component found for service com.android.location.service.GeocodeProvider
11-24 15:17:22.294  1238  1251 W GeofenceProxy: Odd, no component found for service com.android.location.service.GeofenceProvider
11-24 15:17:22.294  1238  1251 W ActivityRecognitionProxy: Odd, no component found for service com.android.location.service.ActivityRecognitionProvider
11-24 15:17:22.777  1358  1377 I art     : Background partial concurrent mark sweep GC freed 22774(1006KB) AllocSpace objects, 12(5MB) LOS objects, 39% free, 4MB/7MB, paused 13.813ms total 966.240ms
11-24 15:17:22.934  1667  1667 W ContextImpl: Calling a method in the system process without a qualified user: android.app.ContextImpl.startService:1385 android.content.ContextWrapper.startService:613 android.content.ContextWrapper.startService:613 com.android.keychain.KeyChainBroadcastReceiver.onReceive:12 android.app.ActivityThread.handleReceiver:3011 
11-24 15:17:23.053  2343  2343 W art     : Unexpected CPU variant for X86 using defaults: x86
11-24 15:17:23.078  1238  1756 I ActivityManager: Start proc 2343:com.android.documentsui/u0a7 for broadcast com.android.documentsui/.PackageReceiver
11-24 15:17:23.187  1764  2344 D VoicemailCleanupService: Cleaning up data for package: br.com.catbag.gifreduxsample.test
11-24 15:17:23.370  2343  2343 W System  : ClassLoader referenced unknown path: /system/priv-app/DocumentsUI/lib/x86
11-24 15:17:23.531  1326  1448 I LatinIME:LogUtils: Dictionary info: dictionary = main:en ; version = 54 ; date = 1414726273
