11-24 15:28:40.001  2257  2257 W ResourceType: No package identifier when getting name for resource number 0x000000e9
11-24 15:28:40.001  2257  2257 I ViewInteraction: Performing 'scroll RecyclerView to position: 4' action on view with id: 233 (resource name not found)
11-24 15:28:40.080  1237  1258 I ActivityManager: Displayed br.com.catbag.gifreduxsample/.ui.GifListActivity: +576ms (total +1s311ms)
11-24 15:28:40.216  1237  1258 I Choreographer: Skipped 34 frames!  The application may be doing too much work on its main thread.
11-24 15:28:40.304  2257  2268 I art     : Background sticky concurrent mark sweep GC freed 17582(1250KB) AllocSpace objects, 7(144KB) LOS objects, 5% free, 11MB/12MB, paused 6.856ms total 400.589ms
11-24 15:28:40.424  1237  1258 I WindowManager: Destroying surface Surface(name=Starting br.com.catbag.gifreduxsample) called by com.android.server.wm.WindowStateAnimator.destroySurface:2014 com.android.server.wm.WindowStateAnimator.destroySurfaceLocked:881 com.android.server.wm.WindowState.destroyOrSaveSurface:2073 com.android.server.wm.AppWindowToken.destroySurfaces:363 com.android.server.wm.WindowStateAnimator.finishExit:565 com.android.server.wm.WindowStateAnimator.stepAnimationLocked:491 com.android.server.wm.WindowAnimator.updateWindowsLocked:303 com.android.server.wm.WindowAnimator.animateLocked:704 
11-24 15:28:40.474  2257  2257 D LifecycleMonitor: Lifecycle status change: br.com.catbag.gifreduxsample.ui.GifListActivity@8c9105e in: STOPPED
11-24 15:28:40.475  2257  2257 D LifecycleMonitor: Lifecycle status change: br.com.catbag.gifreduxsample.ui.GifListActivity@8c9105e in: DESTROYED
11-24 15:28:40.477  1237  1785 I WindowManager: Destroying surface Surface(name=br.com.catbag.gifreduxsample/br.com.catbag.gifreduxsample.ui.GifListActivity) called by com.android.server.wm.WindowStateAnimator.destroySurface:2014 com.android.server.wm.WindowStateAnimator.destroySurfaceLocked:881 com.android.server.wm.WindowState.removeLocked:1449 com.android.server.wm.WindowManagerService.removeWindowInnerLocked:2478 com.android.server.wm.WindowManagerService.removeWindowLocked:2436 com.android.server.wm.WindowManagerService.removeWindowLocked:2305 com.android.server.wm.WindowManagerService.removeWindow:2300 com.android.server.wm.Session.remove:193 
11-24 15:28:40.482  2257  2257 D LifecycleMonitor: Lifecycle status change: br.com.catbag.gifreduxsample.ui.GifListActivity@7cc353e in: STOPPED
11-24 15:28:40.515  1237  1742 I WindowManager: Destroying surface Surface(name=com.android.launcher3/com.android.launcher3.Launcher) called by com.android.server.wm.WindowStateAnimator.destroySurface:2014 com.android.server.wm.WindowStateAnimator.destroySurfaceLocked:881 com.android.server.wm.WindowState.destroyOrSaveSurface:2073 com.android.server.wm.AppWindowToken.destroySurfaces:363 com.android.server.wm.AppWindowToken.notifyAppStopped:389 com.android.server.wm.WindowManagerService.notifyAppStopped:4456 com.android.server.am.ActivityStack.activityStoppedLocked:1252 com.android.server.am.ActivityManagerService.activityStopped:6873 
11-24 15:28:40.525  2257  2257 D LifecycleMonitor: Lifecycle status change: br.com.catbag.gifreduxsample.ui.GifListActivity@7cc353e in: DESTROYED
11-24 15:28:40.527  1237  1781 I WindowManager: Destroying surface Surface(name=br.com.catbag.gifreduxsample/br.com.catbag.gifreduxsample.ui.GifListActivity) called by com.android.server.wm.WindowStateAnimator.destroySurface:2014 com.android.server.wm.WindowStateAnimator.destroySurfaceLocked:881 com.android.server.wm.WindowState.removeLocked:1449 com.android.server.wm.WindowManagerService.removeWindowInnerLocked:2478 com.android.server.wm.WindowManagerService.removeWindowLocked:2436 com.android.server.wm.WindowManagerService.removeWindowLocked:2305 com.android.server.wm.WindowManagerService.removeWindow:2300 com.android.server.wm.Session.remove:193 
11-24 15:28:40.558  2257  2257 W ResourceType: No package identifier when getting name for resource number 0x000000e9
11-24 15:28:40.607  2257  2257 W ResourceType: No package identifier when getting name for resource number 0x000000ea
11-24 15:28:40.607  2257  2257 I ViewInteraction: Performing 'actionOnItemAtPosition performing ViewAction: single click on item at position: 0' action on view with id: 234 (resource name not found)
11-24 15:28:40.709  2257  2273 I DroidFlux:Dispatcher: [STARTED] dispatch of action [GIF_PLAY]
11-24 15:28:40.710  2257  2273 I DroidFlux:Dispatcher: [COMPLETED] dispatch of action [GIF_PLAY]
11-24 15:28:40.743   987  1026 D AudioFlinger: mixer(0xb2a83f40) throttle end: throttle time(11)
11-24 15:28:40.764   987  1026 D AudioFlinger: mixer(0xb2a83f40) throttle end: throttle time(11)
11-24 15:28:40.797  2257  2268 I art     : Background partial concurrent mark sweep GC freed 10144(699KB) AllocSpace objects, 10(1884KB) LOS objects, 29% free, 9MB/13MB, paused 7.201ms total 193.656ms
11-24 15:28:41.340  2257  2257 D LifecycleMonitor: Lifecycle status change: br.com.catbag.gifreduxsample.ui.GifListActivity@bcbcfca in: PAUSED
11-24 15:28:41.341  2257  2272 I TestRunner: finished: whenScrollUpAndPlayFirstItemTest(br.com.catbag.gifreduxsample.ui.giflist.GifListActivityTest)
11-24 15:28:41.396   977   977 D gralloc : Registering a buffer in the process that created it. This may cause memory ordering problems.
11-24 15:28:41.396   977   977 E libEGL  : called unimplemented OpenGL ES API
11-24 15:28:41.397   977   977 E SurfaceFlinger: glCheckFramebufferStatusOES error 588918478
11-24 15:28:41.397   977   977 E SurfaceFlinger: got GL_FRAMEBUFFER_COMPLETE_OES error while taking screenshot
11-24 15:28:41.399  1237  1515 W WindowManager: Screenshot failure taking screenshot for (480x800) to layer 21005
11-24 15:28:41.410  2257  2257 I MonitoringInstrumentation: Activities that are still in CREATED to STOPPED: 1
11-24 15:28:41.414  2257  2272 I TestRunner: started: whenGifIsDownloadedTest(br.com.catbag.gifreduxsample.ui.giflist.GifListActivityTest)
11-24 15:28:41.487  2257  2257 I MonitoringInstrumentation: Activities that are still in CREATED to STOPPED: 1
11-24 15:28:41.558  2257  2273 I DroidFlux:Dispatcher: [STARTED] dispatch of action [FAKE_REDUCE_ACTION]
11-24 15:28:41.559  2257  2273 I DroidFlux:Dispatcher: [COMPLETED] dispatch of action [FAKE_REDUCE_ACTION]
11-24 15:28:41.591  2257  2304 D ActivityTestRule: Launching activity br.com.catbag.gifreduxsample.ui.GifListActivity
11-24 15:28:41.610  1725  1725 I Choreographer: Skipped 37 frames!  The application may be doing too much work on its main thread.
11-24 15:28:41.635  2257  2305 D MonitoringInstrumentation: execStartActivity(context, ibinder, ibinder, activity, intent, int, bundle
11-24 15:28:41.636  1237  1742 I ActivityManager: START u0 {flg=0x10000000 cmp=br.com.catbag.gifreduxsample/.ui.GifListActivity} from uid 10060 on display 0
11-24 15:28:41.716  2257  2257 D LifecycleMonitor: Lifecycle status change: br.com.catbag.gifreduxsample.ui.GifListActivity@6ba45de in: PRE_ON_CREATE
11-24 15:28:41.729  1237  1258 I Choreographer: Skipped 59 frames!  The application may be doing too much work on its main thread.
11-24 15:28:41.747  2257  2257 D LifecycleMonitor: Lifecycle status change: br.com.catbag.gifreduxsample.ui.GifListActivity@6ba45de in: CREATED
11-24 15:28:41.748  2257  2273 I DroidFlux:Dispatcher: [STARTED] dispatch of action [APP_STATE_LOAD]
11-24 15:28:41.748  2257  2273 D DroidFlux:Dispatcher: An action of type [APP_STATE_LOAD] was dispatched, but no reducer handled it
11-24 15:28:41.749  2257  2273 I DroidFlux:Dispatcher: [COMPLETED] dispatch of action [APP_STATE_LOAD]
11-24 15:28:41.749  2257  2257 D LifecycleMonitor: Lifecycle status change: br.com.catbag.gifreduxsample.ui.GifListActivity@6ba45de in: STARTED
11-24 15:28:41.750  2257  2257 D LifecycleMonitor: Lifecycle status change: br.com.catbag.gifreduxsample.ui.GifListActivity@6ba45de in: RESUMED
11-24 15:28:41.881  2257  2257 I Choreographer: Skipped 35 frames!  The application may be doing too much work on its main thread.
11-24 15:28:42.230  2257  2257 D LifecycleMonitor: Lifecycle status change: br.com.catbag.gifreduxsample.ui.GifListActivity@6ba45de in: PAUSED
11-24 15:28:42.266  2257  2272 I TestRunner: finished: whenGifIsDownloadedTest(br.com.catbag.gifreduxsample.ui.giflist.GifListActivityTest)
11-24 15:28:42.306   977   977 D gralloc : Registering a buffer in the process that created it. This may cause memory ordering problems.
11-24 15:28:42.307   977   977 E SurfaceFlinger: glCheckFramebufferStatusOES error 588918478
11-24 15:28:42.307   977   977 E SurfaceFlinger: got GL_FRAMEBUFFER_COMPLETE_OES error while taking screenshot
11-24 15:28:42.316  1237  1781 W WindowManager: Screenshot failure taking screenshot for (480x800) to layer 22020
11-24 15:28:42.323  2257  2257 I MonitoringInstrumentation: Activities that are still in CREATED to STOPPED: 2
11-24 15:28:42.325  2257  2272 I TestRunner: started: whenPlayGifTest(br.com.catbag.gifreduxsample.ui.giflist.GifListActivityTest)
11-24 15:28:42.328  2257  2257 I MonitoringInstrumentation: Activities that are still in CREATED to STOPPED: 2
11-24 15:28:42.355  1237  1258 I Choreographer: Skipped 33 frames!  The application may be doing too much work on its main thread.
11-24 15:28:42.420  2257  2273 I DroidFlux:Dispatcher: [STARTED] dispatch of action [FAKE_REDUCE_ACTION]
11-24 15:28:42.421  2257  2273 I DroidFlux:Dispatcher: [COMPLETED] dispatch of action [FAKE_REDUCE_ACTION]
11-24 15:28:42.574  1237  1782 D WindowManager: relayoutVisibleWindow: Window{9a0ab63 u0 com.android.launcher3/com.android.launcher3.Launcher EXITING} mAnimatingExit=true, mRemoveOnExit=false, mDestroying=false
11-24 15:28:42.575  2257  2306 D ActivityTestRule: Launching activity br.com.catbag.gifreduxsample.ui.GifListActivity
11-24 15:28:42.616  1725  1725 I Choreographer: Skipped 62 frames!  The application may be doing too much work on its main thread.
11-24 15:28:42.647  1237  1258 I WindowManager: Destroying surface Surface(name=Starting br.com.catbag.gifreduxsample) called by com.android.server.wm.WindowStateAnimator.destroySurface:2014 com.android.server.wm.WindowStateAnimator.destroySurfaceLocked:881 com.android.server.wm.WindowState.removeLocked:1449 com.android.server.wm.WindowManagerService.removeWindowInnerLocked:2478 com.android.server.wm.AppWindowToken.destroySurfaces:365 com.android.server.wm.WindowStateAnimator.finishExit:565 com.android.server.wm.WindowStateAnimator.stepAnimationLocked:491 com.android.server.wm.WindowAnimator.updateWindowsLocked:303 
11-24 15:28:42.664  2257  2307 D MonitoringInstrumentation: execStartActivity(context, ibinder, ibinder, activity, intent, int, bundle
11-24 15:28:42.665  1237  1785 I ActivityManager: START u0 {flg=0x10000000 cmp=br.com.catbag.gifreduxsample/.ui.GifListActivity} from uid 10060 on display 0
11-24 15:28:42.728  2257  2257 D LifecycleMonitor: Lifecycle status change: br.com.catbag.gifreduxsample.ui.GifListActivity@adda2b5 in: PRE_ON_CREATE
11-24 15:28:42.772  2257  2257 D LifecycleMonitor: Lifecycle status change: br.com.catbag.gifreduxsample.ui.GifListActivity@adda2b5 in: CREATED
11-24 15:28:42.774  2257  2257 D LifecycleMonitor: Lifecycle status change: br.com.catbag.gifreduxsample.ui.GifListActivity@adda2b5 in: STARTED
11-24 15:28:42.776  2257  2257 D LifecycleMonitor: Lifecycle status change: br.com.catbag.gifreduxsample.ui.GifListActivity@adda2b5 in: RESUMED
11-24 15:28:42.802  2257  2273 I DroidFlux:Dispatcher: [STARTED] dispatch of action [APP_STATE_LOAD]
11-24 15:28:42.922  2257  2273 D DroidFlux:Dispatcher: An action of type [APP_STATE_LOAD] was dispatched, but no reducer handled it
11-24 15:28:42.922  2257  2273 I DroidFlux:Dispatcher: [COMPLETED] dispatch of action [APP_STATE_LOAD]
11-24 15:28:42.949  1237  1258 I Choreographer: Skipped 41 frames!  The application may be doing too much work on its main thread.
11-24 15:28:42.992  1237  1258 I ActivityManager: Displayed br.com.catbag.gifreduxsample/.ui.GifListActivity: +292ms (total +1s317ms)
11-24 15:28:42.995  2257  2257 I ViewInteraction: Performing 'single click' action on view with id: br.com.catbag.gifreduxsample:id/gif_image
11-24 15:28:43.100  2257  2273 I DroidFlux:Dispatcher: [STARTED] dispatch of action [GIF_PLAY]
11-24 15:28:43.101  2257  2273 I DroidFlux:Dispatcher: [COMPLETED] dispatch of action [GIF_PLAY]
11-24 15:28:43.157  1237  1244 I art     : Background sticky concurrent mark sweep GC freed 31180(2MB) AllocSpace objects, 12(240KB) LOS objects, 27% free, 7MB/10MB, paused 18.469ms total 487.414ms
11-24 15:28:43.306  1237  1258 I WindowManager: Destroying surface Surface(name=Starting br.com.catbag.gifreduxsample) called by com.android.server.wm.WindowStateAnimator.destroySurface:2014 com.android.server.wm.WindowStateAnimator.destroySurfaceLocked:881 com.android.server.wm.WindowState.destroyOrSaveSurface:2073 com.android.server.wm.AppWindowToken.destroySurfaces:363 com.android.server.wm.WindowStateAnimator.finishExit:565 com.android.server.wm.WindowStateAnimator.stepAnimationLocked:491 com.android.server.wm.WindowAnimator.updateWindowsLocked:303 com.android.server.wm.WindowAnimator.animateLocked:704 
11-24 15:28:43.777  2257  2257 D LifecycleMonitor: Lifecycle status change: br.com.catbag.gifreduxsample.ui.GifListActivity@6ba45de in: STOPPED
11-24 15:28:43.777  2257  2257 D LifecycleMonitor: Lifecycle status change: br.com.catbag.gifreduxsample.ui.GifListActivity@6ba45de in: DESTROYED
11-24 15:28:43.780  1237  1683 I WindowManager: Destroying surface Surface(name=br.com.catbag.gifreduxsample/br.com.catbag.gifreduxsample.ui.GifListActivity) called by com.android.server.wm.WindowStateAnimator.destroySurface:2014 com.android.server.wm.WindowStateAnimator.destroySurfaceLocked:881 com.android.server.wm.WindowState.removeLocked:1449 com.android.server.wm.WindowManagerService.removeWindowInnerLocked:2478 com.android.server.wm.WindowManagerService.removeWindowLocked:2436 com.android.server.wm.WindowManagerService.removeWindowLocked:2305 com.android.server.wm.WindowManagerService.removeWindow:2300 com.android.server.wm.Session.remove:193 
11-24 15:28:43.787  1237  1782 I WindowManager: Destroying surface Surface(name=com.android.launcher3/com.android.launcher3.Launcher) called by com.android.server.wm.WindowStateAnimator.destroySurface:2014 com.android.server.wm.WindowStateAnimator.destroySurfaceLocked:881 com.android.server.wm.WindowState.destroyOrSaveSurface:2073 com.android.server.wm.AppWindowToken.destroySurfaces:363 com.android.server.wm.AppWindowToken.notifyAppStopped:389 com.android.server.wm.WindowManagerService.notifyAppStopped:4456 com.android.server.am.ActivityStack.activityStoppedLocked:1252 com.android.server.am.ActivityManagerService.activityStopped:6873 
11-24 15:28:43.798  2257  2257 D LifecycleMonitor: Lifecycle status change: br.com.catbag.gifreduxsample.ui.GifListActivity@bcbcfca in: STOPPED
11-24 15:28:43.798  2257  2257 D LifecycleMonitor: Lifecycle status change: br.com.catbag.gifreduxsample.ui.GifListActivity@bcbcfca in: DESTROYED
11-24 15:28:43.812  1237  1743 I WindowManager: Destroying surface Surface(name=br.com.catbag.gifreduxsample/br.com.catbag.gifreduxsample.ui.GifListActivity) called by com.android.server.wm.WindowStateAnimator.destroySurface:2014 com.android.server.wm.WindowStateAnimator.destroySurfaceLocked:881 com.android.server.wm.WindowState.removeLocked:1449 com.android.server.wm.WindowManagerService.removeWindowInnerLocked:2478 com.android.server.wm.WindowManagerService.removeWindowLocked:2436 com.android.server.wm.WindowManagerService.removeWindowLocked:2305 com.android.server.wm.WindowManagerService.removeWindow:2300 com.android.server.wm.Session.remove:193 
11-24 15:28:43.919  2257  2257 D LifecycleMonitor: Lifecycle status change: br.com.catbag.gifreduxsample.ui.GifListActivity@adda2b5 in: PAUSED
11-24 15:28:43.954  2257  2272 I TestRunner: finished: whenPlayGifTest(br.com.catbag.gifreduxsample.ui.giflist.GifListActivityTest)
11-24 15:28:44.001   977   977 D gralloc : Registering a buffer in the process that created it. This may cause memory ordering problems.
11-24 15:28:44.001   977   977 E libEGL  : called unimplemented OpenGL ES API
11-24 15:28:44.001   977   977 E SurfaceFlinger: glCheckFramebufferStatusOES error 588918478
11-24 15:28:44.002   977   977 E SurfaceFlinger: got GL_FRAMEBUFFER_COMPLETE_OES error while taking screenshot
11-24 15:28:44.004  1237  1249 W WindowManager: Screenshot failure taking screenshot for (480x800) to layer 21005
11-24 15:28:44.015  2257  2257 I MonitoringInstrumentation: Activities that are still in CREATED to STOPPED: 1
11-24 15:28:44.018  2257  2272 I TestRunner: started: whenGifDownloadFailTest(br.com.catbag.gifreduxsample.ui.giflist.GifListActivityTest)
11-24 15:28:44.049  2257  2257 I MonitoringInstrumentation: Activities that are still in CREATED to STOPPED: 1
11-24 15:28:44.081  2257  2273 I DroidFlux:Dispatcher: [STARTED] dispatch of action [FAKE_REDUCE_ACTION]
11-24 15:28:44.082  2257  2273 I DroidFlux:Dispatcher: [COMPLETED] dispatch of action [FAKE_REDUCE_ACTION]
11-24 15:28:44.092  2257  2308 D ActivityTestRule: Launching activity br.com.catbag.gifreduxsample.ui.GifListActivity
11-24 15:28:44.102  2257  2309 D MonitoringInstrumentation: execStartActivity(context, ibinder, ibinder, activity, intent, int, bundle
11-24 15:28:44.122  1237  1784 I ActivityManager: START u0 {flg=0x10000000 cmp=br.com.catbag.gifreduxsample/.ui.GifListActivity} from uid 10060 on display 0
11-24 15:28:44.195  1725  1725 W art     : Long monitor contention with owner Binder:1725_3 (2300) at boolean android.os.MessageQueue.enqueueMessage(android.os.Message, long)(MessageQueue.java:541) waiters=0 in android.os.Message android.os.MessageQueue.next() for 256ms
11-24 15:28:44.197  1725  1738 W art     : Long monitor contention with owner Binder:1725_3 (2300) at boolean android.os.MessageQueue.enqueueMessage(android.os.Message, long)(MessageQueue.java:541) waiters=1 in boolean android.os.MessageQueue.enqueueMessage(android.os.Message, long) for 188ms
11-24 15:28:44.312  2257  2257 D LifecycleMonitor: Lifecycle status change: br.com.catbag.gifreduxsample.ui.GifListActivity@5ac2c4d in: PRE_ON_CREATE
11-24 15:28:44.360  1237  1338 I WindowManager: Destroying surface Surface(name=com.android.launcher3/com.android.launcher3.Launcher) called by com.android.server.wm.WindowStateAnimator.destroySurface:2014 com.android.server.wm.WindowStateAnimator.destroySurfaceLocked:881 com.android.server.wm.WindowState.destroyOrSaveSurface:2073 com.android.server.wm.WindowManagerService.tryStartExitingAnimation:3017 com.android.server.wm.WindowManagerService.relayoutWindow:2897 com.android.server.wm.Session.relayout:215 android.view.IWindowSession$Stub.onTransact:286 com.android.server.wm.Session.onTransact:136 
11-24 15:28:44.398  2257  2257 D LifecycleMonitor: Lifecycle status change: br.com.catbag.gifreduxsample.ui.GifListActivity@5ac2c4d in: CREATED
11-24 15:28:44.399  2257  2273 I DroidFlux:Dispatcher: [STARTED] dispatch of action [APP_STATE_LOAD]
11-24 15:28:44.399  2257  2273 D DroidFlux:Dispatcher: An action of type [APP_STATE_LOAD] was dispatched, but no reducer handled it
11-24 15:28:44.400  2257  2273 I DroidFlux:Dispatcher: [COMPLETED] dispatch of action [APP_STATE_LOAD]
11-24 15:28:44.400  2257  2257 D LifecycleMonitor: Lifecycle status change: br.com.catbag.gifreduxsample.ui.GifListActivity@5ac2c4d in: STARTED
11-24 15:28:44.401  2257  2257 D LifecycleMonitor: Lifecycle status change: br.com.catbag.gifreduxsample.ui.GifListActivity@5ac2c4d in: RESUMED
11-24 15:28:44.655  1237  1258 I Choreographer: Skipped 32 frames!  The application may be doing too much work on its main thread.
11-24 15:28:45.118  2257  2257 D LifecycleMonitor: Lifecycle status change: br.com.catbag.gifreduxsample.ui.GifListActivity@5ac2c4d in: PAUSED
11-24 15:28:45.138  2257  2272 I TestRunner: finished: whenGifDownloadFailTest(br.com.catbag.gifreduxsample.ui.giflist.GifListActivityTest)
11-24 15:28:45.207   977   977 D gralloc : Registering a buffer in the process that created it. This may cause memory ordering problems.
11-24 15:28:45.207   977   977 E libEGL  : called unimplemented OpenGL ES API
11-24 15:28:45.207   977   977 E SurfaceFlinger: glCheckFramebufferStatusOES error 588918478
11-24 15:28:45.208   977   977 E SurfaceFlinger: got GL_FRAMEBUFFER_COMPLETE_OES error while taking screenshot
11-24 15:28:45.209  1237  1683 W WindowManager: Screenshot failure taking screenshot for (480x800) to layer 22020
11-24 15:28:45.257  1237  1258 I Choreographer: Skipped 63 frames!  The application may be doing too much work on its main thread.
11-24 15:28:45.278  2257  2257 I MonitoringInstrumentation: Activities that are still in CREATED to STOPPED: 2
11-24 15:28:45.280  2257  2272 I TestRunner: started: whenPauseGifTest(br.com.catbag.gifreduxsample.ui.giflist.GifListActivityTest)
11-24 15:28:45.291  2257  2257 I MonitoringInstrumentation: Activities that are still in CREATED to STOPPED: 2
11-24 15:28:45.330  1237  1785 W InputMethodManagerService: Starting input on non-focused client com.android.internal.view.IInputMethodClient$Stub$Proxy@485e41e (uid=10060 pid=2257)
11-24 15:28:45.385  1237  1258 I Choreographer: Skipped 33 frames!  The application may be doing too much work on its main thread.
11-24 15:28:45.448  2257  2273 I DroidFlux:Dispatcher: [STARTED] dispatch of action [FAKE_REDUCE_ACTION]
11-24 15:28:45.449  2257  2273 I DroidFlux:Dispatcher: [COMPLETED] dispatch of action [FAKE_REDUCE_ACTION]
11-24 15:28:45.462  2257  2310 D ActivityTestRule: Launching activity br.com.catbag.gifreduxsample.ui.GifListActivity
11-24 15:28:45.518  1725  1725 I Choreographer: Skipped 41 frames!  The application may be doing too much work on its main thread.
11-24 15:28:45.575  2257  2311 D MonitoringInstrumentation: execStartActivity(context, ibinder, ibinder, activity, intent, int, bundle
11-24 15:28:45.576  1237  1338 I ActivityManager: START u0 {flg=0x10000000 cmp=br.com.catbag.gifreduxsample/.ui.GifListActivity} from uid 10060 on display 0
11-24 15:28:45.638  1237  1258 I WindowManager: Destroying surface Surface(name=Starting br.com.catbag.gifreduxsample) called by com.android.server.wm.WindowStateAnimator.destroySurface:2014 com.android.server.wm.WindowStateAnimator.destroySurfaceLocked:881 com.android.server.wm.WindowState.removeLocked:1449 com.android.server.wm.WindowManagerService.removeWindowInnerLocked:2478 com.android.server.wm.AppWindowToken.destroySurfaces:365 com.android.server.wm.WindowStateAnimator.finishExit:565 com.android.server.wm.WindowStateAnimator.stepAnimationLocked:491 com.android.server.wm.WindowAnimator.updateWindowsLocked:303 
11-24 15:28:45.779  2257  2257 D LifecycleMonitor: Lifecycle status change: br.com.catbag.gifreduxsample.ui.GifListActivity@7b40aae in: PRE_ON_CREATE
11-24 15:28:45.797  2257  2257 D LifecycleMonitor: Lifecycle status change: br.com.catbag.gifreduxsample.ui.GifListActivity@7b40aae in: CREATED
11-24 15:28:45.798  2257  2257 D LifecycleMonitor: Lifecycle status change: br.com.catbag.gifreduxsample.ui.GifListActivity@7b40aae in: STARTED
11-24 15:28:45.799  2257  2273 I DroidFlux:Dispatcher: [STARTED] dispatch of action [APP_STATE_LOAD]
11-24 15:28:45.800  2257  2273 D DroidFlux:Dispatcher: An action of type [APP_STATE_LOAD] was dispatched, but no reducer handled it
11-24 15:28:45.800  2257  2273 I DroidFlux:Dispatcher: [COMPLETED] dispatch of action [APP_STATE_LOAD]
11-24 15:28:45.801  2257  2257 D LifecycleMonitor: Lifecycle status change: br.com.catbag.gifreduxsample.ui.GifListActivity@7b40aae in: RESUMED
11-24 15:28:45.934  1237  1258 I Choreographer: Skipped 32 frames!  The application may be doing too much work on its main thread.
11-24 15:28:46.117  1237  1258 I Choreographer: Skipped 31 frames!  The application may be doing too much work on its main thread.
11-24 15:28:46.140  1237  1258 I ActivityManager: Displayed br.com.catbag.gifreduxsample/.ui.GifListActivity: +400ms (total +1s879ms)
11-24 15:28:46.227  2257  2257 I ViewInteraction: Performing 'single click' action on view with id: br.com.catbag.gifreduxsample:id/gif_image
11-24 15:28:46.290  2257  2273 I DroidFlux:Dispatcher: [STARTED] dispatch of action [GIF_PAUSE]
11-24 15:28:46.291  2257  2273 I DroidFlux:Dispatcher: [COMPLETED] dispatch of action [GIF_PAUSE]
11-24 15:28:46.324   987  1026 D AudioFlinger: mixer(0xb2a83f40) throttle end: throttle time(11)
11-24 15:28:46.344   987  1026 D AudioFlinger: mixer(0xb2a83f40) throttle end: throttle time(11)
11-24 15:28:46.382  1237  1258 I WindowManager: Destroying surface Surface(name=Starting br.com.catbag.gifreduxsample) called by com.android.server.wm.WindowStateAnimator.destroySurface:2014 com.android.server.wm.WindowStateAnimator.destroySurfaceLocked:881 com.android.server.wm.WindowState.destroyOrSaveSurface:2073 com.android.server.wm.AppWindowToken.destroySurfaces:363 com.android.server.wm.WindowStateAnimator.finishExit:565 com.android.server.wm.WindowStateAnimator.stepAnimationLocked:491 com.android.server.wm.WindowAnimator.updateWindowsLocked:303 com.android.server.wm.WindowAnimator.animateLocked:704 
11-24 15:28:46.889  2257  2257 D LifecycleMonitor: Lifecycle status change: br.com.catbag.gifreduxsample.ui.GifListActivity@5ac2c4d in: STOPPED
11-24 15:28:46.890  2257  2257 D LifecycleMonitor: Lifecycle status change: br.com.catbag.gifreduxsample.ui.GifListActivity@5ac2c4d in: DESTROYED
11-24 15:28:46.896  1237  1381 I WindowManager: Destroying surface Surface(name=br.com.catbag.gifreduxsample/br.com.catbag.gifreduxsample.ui.GifListActivity) called by com.android.server.wm.WindowStateAnimator.destroySurface:2014 com.android.server.wm.WindowStateAnimator.destroySurfaceLocked:881 com.android.server.wm.WindowState.removeLocked:1449 com.android.server.wm.WindowManagerService.removeWindowInnerLocked:2478 com.android.server.wm.WindowManagerService.removeWindowLocked:2436 com.android.server.wm.WindowManagerService.removeWindowLocked:2305 com.android.server.wm.WindowManagerService.removeWindow:2300 com.android.server.wm.Session.remove:193 
11-24 15:28:46.906  2257  2257 D LifecycleMonitor: Lifecycle status change: br.com.catbag.gifreduxsample.ui.GifListActivity@adda2b5 in: STOPPED
11-24 15:28:46.906  2257  2257 D LifecycleMonitor: Lifecycle status change: br.com.catbag.gifreduxsample.ui.GifListActivity@adda2b5 in: DESTROYED
11-24 15:28:46.921  1237  1782 I WindowManager: Destroying surface Surface(name=br.com.catbag.gifreduxsample/br.com.catbag.gifreduxsample.ui.GifListActivity) called by com.android.server.wm.WindowStateAnimator.destroySurface:2014 com.android.server.wm.WindowStateAnimator.destroySurfaceLocked:881 com.android.server.wm.WindowState.removeLocked:1449 com.android.server.wm.WindowManagerService.removeWindowInnerLocked:2478 com.android.server.wm.WindowManagerService.removeWindowLocked:2436 com.android.server.wm.WindowManagerService.removeWindowLocked:2305 com.android.server.wm.WindowManagerService.removeWindow:2300 com.android.server.wm.Session.remove:193 
11-24 15:28:46.941  1237  1781 I WindowManager: Destroying surface Surface(name=com.android.launcher3/com.android.launcher3.Launcher) called by com.android.server.wm.WindowStateAnimator.destroySurface:2014 com.android.server.wm.WindowStateAnimator.destroySurfaceLocked:881 com.android.server.wm.WindowState.destroyOrSaveSurface:2073 com.android.server.wm.AppWindowToken.destroySurfaces:363 com.android.server.wm.AppWindowToken.notifyAppStopped:389 com.android.server.wm.WindowManagerService.notifyAppStopped:4456 com.android.server.am.ActivityStack.activityStoppedLocked:1252 com.android.server.am.ActivityManagerService.activityStopped:6873 
11-24 15:28:47.015  2257  2257 D LifecycleMonitor: Lifecycle status change: br.com.catbag.gifreduxsample.ui.GifListActivity@7b40aae in: PAUSED
11-24 15:28:47.042   977   977 D gralloc : Registering a buffer in the process that created it. This may cause memory ordering problems.
11-24 15:28:47.042   977   977 E libEGL  : called unimplemented OpenGL ES API
11-24 15:28:47.042   977   977 E SurfaceFlinger: glCheckFramebufferStatusOES error 588918478
11-24 15:28:47.047   977   977 E SurfaceFlinger: got GL_FRAMEBUFFER_COMPLETE_OES error while taking screenshot
11-24 15:28:47.049  1237  1785 W WindowManager: Screenshot failure taking screenshot for (480x800) to layer 21005
11-24 15:28:47.066  2257  2272 I TestRunner: finished: whenPauseGifTest(br.com.catbag.gifreduxsample.ui.giflist.GifListActivityTest)
11-24 15:28:47.118  2257  2257 I MonitoringInstrumentation: Activities that are still in CREATED to STOPPED: 1
11-24 15:28:47.133  2257  2272 I TestRunner: started: whenLoadMultipleGifsOnAppStateTest(br.com.catbag.gifreduxsample.ui.giflist.GifListActivityTest)
11-24 15:28:47.158  2257  2257 I MonitoringInstrumentation: Activities that are still in CREATED to STOPPED: 1
11-24 15:28:47.186  2257  2273 I DroidFlux:Dispatcher: [STARTED] dispatch of action [FAKE_REDUCE_ACTION]
11-24 15:28:47.187  2257  2273 I DroidFlux:Dispatcher: [COMPLETED] dispatch of action [FAKE_REDUCE_ACTION]
11-24 15:28:47.230  2257  2262 I art     : Do partial code cache collection, code=118KB, data=121KB
11-24 15:28:47.251  2257  2262 I art     : After code cache collection, code=112KB, data=116KB
11-24 15:28:47.251  2257  2262 I art     : Increasing code cache capacity to 512KB
11-24 15:28:47.258  1725  1725 W art     : Long monitor contention with owner Binder:1725_3 (2300) at boolean android.os.MessageQueue.enqueueMessage(android.os.Message, long)(MessageQueue.java:541) waiters=0 in android.os.Message android.os.MessageQueue.next() for 330ms
11-24 15:28:47.260  1725  1739 W art     : Long monitor contention with owner Binder:1725_3 (2300) at boolean android.os.MessageQueue.enqueueMessage(android.os.Message, long)(MessageQueue.java:541) waiters=1 in boolean android.os.MessageQueue.enqueueMessage(android.os.Message, long) for 229ms
11-24 15:28:47.321  2257  2312 D ActivityTestRule: Launching activity br.com.catbag.gifreduxsample.ui.GifListActivity
11-24 15:28:47.346  2257  2313 D MonitoringInstrumentation: execStartActivity(context, ibinder, ibinder, activity, intent, int, bundle
11-24 15:28:47.347  1237  1249 I ActivityManager: START u0 {flg=0x10000000 cmp=br.com.catbag.gifreduxsample/.ui.GifListActivity} from uid 10060 on display 0
11-24 15:28:47.555  2257  2257 D LifecycleMonitor: Lifecycle status change: br.com.catbag.gifreduxsample.ui.GifListActivity@d7f8fc3 in: PRE_ON_CREATE
11-24 15:28:47.580  2257  2257 D LifecycleMonitor: Lifecycle status change: br.com.catbag.gifreduxsample.ui.GifListActivity@d7f8fc3 in: CREATED
11-24 15:28:47.588  2257  2273 I DroidFlux:Dispatcher: [STARTED] dispatch of action [APP_STATE_LOAD]
11-24 15:28:47.588  2257  2273 D DroidFlux:Dispatcher: An action of type [APP_STATE_LOAD] was dispatched, but no reducer handled it
11-24 15:28:47.589  2257  2273 I DroidFlux:Dispatcher: [COMPLETED] dispatch of action [APP_STATE_LOAD]
11-24 15:28:47.589  2257  2257 D LifecycleMonitor: Lifecycle status change: br.com.catbag.gifreduxsample.ui.GifListActivity@d7f8fc3 in: STARTED
11-24 15:28:47.598  2257  2257 D LifecycleMonitor: Lifecycle status change: br.com.catbag.gifreduxsample.ui.GifListActivity@d7f8fc3 in: RESUMED
11-24 15:28:47.689  1237  1258 I Choreographer: Skipped 30 frames!  The application may be doing too much work on its main thread.
11-24 15:28:47.769  2257  2257 W ResourceType: No package identifier when getting name for resource number 0x000000f5
11-24 15:28:47.770  2257  2257 I ViewInteraction: Performing 'scroll RecyclerView to position: 2' action on view with id: 245 (resource name not found)
11-24 15:28:47.790  1237  1258 I ActivityManager: Displayed br.com.catbag.gifreduxsample/.ui.GifListActivity: +314ms
11-24 15:28:48.010  1237  1258 I WindowManager: Destroying surface Surface(name=Starting br.com.catbag.gifreduxsample) called by com.android.server.wm.WindowStateAnimator.destroySurface:2014 com.android.server.wm.WindowStateAnimator.destroySurfaceLocked:881 com.android.server.wm.WindowState.destroyOrSaveSurface:2073 com.android.server.wm.AppWindowToken.destroySurfaces:363 com.android.server.wm.WindowStateAnimator.finishExit:565 com.android.server.wm.WindowStateAnimator.stepAnimationLocked:491 com.android.server.wm.WindowAnimator.updateWindowsLocked:303 com.android.server.wm.WindowAnimator.animateLocked:704 
11-24 15:28:48.108  2257  2257 W ResourceType: No package identifier when getting name for resource number 0x000000f5
11-24 15:28:48.157  2257  2257 W ResourceType: No package identifier when getting name for resource number 0x000000fc
11-24 15:28:48.157  2257  2257 I ViewInteraction: Performing 'scroll RecyclerView to position: 3' action on view with id: 252 (resource name not found)
11-24 15:28:48.315  2257  2257 D LifecycleMonitor: Lifecycle status change: br.com.catbag.gifreduxsample.ui.GifListActivity@7b40aae in: STOPPED
11-24 15:28:48.316  2257  2257 D LifecycleMonitor: Lifecycle status change: br.com.catbag.gifreduxsample.ui.GifListActivity@7b40aae in: DESTROYED
11-24 15:28:48.318  1237  1249 I WindowManager: Destroying surface Surface(name=br.com.catbag.gifreduxsample/br.com.catbag.gifreduxsample.ui.GifListActivity) called by com.android.server.wm.WindowStateAnimator.destroySurface:2014 com.android.server.wm.WindowStateAnimator.destroySurfaceLocked:881 com.android.server.wm.WindowState.removeLocked:1449 com.android.server.wm.WindowManagerService.removeWindowInnerLocked:2478 com.android.server.wm.WindowManagerService.removeWindowLocked:2436 com.android.server.wm.WindowManagerService.removeWindowLocked:2305 com.android.server.wm.WindowManagerService.removeWindow:2300 com.android.server.wm.Session.remove:193 
11-24 15:28:48.351  1237  1785 I WindowManager: Destroying surface Surface(name=com.android.launcher3/com.android.launcher3.Launcher) called by com.android.server.wm.WindowStateAnimator.destroySurface:2014 com.android.server.wm.WindowStateAnimator.destroySurfaceLocked:881 com.android.server.wm.WindowState.destroyOrSaveSurface:2073 com.android.server.wm.AppWindowToken.destroySurfaces:363 com.android.server.wm.AppWindowToken.notifyAppStopped:389 com.android.server.wm.WindowManagerService.notifyAppStopped:4456 com.android.server.am.ActivityStack.activityStoppedLocked:1252 com.android.server.am.ActivityManagerService.activityStopped:6873 
11-24 15:28:48.399  2257  2268 I art     : Background sticky concurrent mark sweep GC freed 19899(1176KB) AllocSpace objects, 3(64KB) LOS objects, 10% free, 12MB/13MB, paused 28.193ms total 204.372ms
11-24 15:28:48.457  2257  2257 W ResourceType: No package identifier when getting name for resource number 0x000000fc
11-24 15:28:48.479  2257  2257 W ResourceType: No package identifier when getting name for resource number 0x00000103
11-24 15:28:48.479  2257  2257 I ViewInteraction: Performing 'scroll RecyclerView to position: 4' action on view with id: 259 (resource name not found)
11-24 15:28:48.770  2257  2257 W ResourceType: No package identifier when getting name for resource number 0x00000103
11-24 15:28:48.790  2257  2257 W ResourceType: No package identifier when getting name for resource number 0x0000010a
11-24 15:28:48.790  2257  2257 I ViewInteraction: Performing 'scroll RecyclerView to position: 5' action on view with id: 266 (resource name not found)
11-24 15:28:48.929  2257  2268 I art     : Background partial concurrent mark sweep GC freed 10611(840KB) AllocSpace objects, 6(128KB) LOS objects, 24% free, 12MB/16MB, paused 5.569ms total 105.644ms
11-24 15:28:49.106  2257  2257 W ResourceType: No package identifier when getting name for resource number 0x0000010a
11-24 15:28:49.130  2257  2257 W ResourceType: No package identifier when getting name for resource number 0x00000111
11-24 15:28:49.130  2257  2257 I ViewInteraction: Performing 'scroll RecyclerView to position: 6' action on view with id: 273 (resource name not found)
11-24 15:28:49.404  1237  1322 E TaskPersister: File error accessing recents directory (directory doesn't exist?).
11-24 15:28:49.417  2257  2257 W ResourceType: No package identifier when getting name for resource number 0x00000111
11-24 15:28:49.466  2257  2257 W ResourceType: No package identifier when getting name for resource number 0x00000118
11-24 15:28:49.466  2257  2257 I ViewInteraction: Performing 'scroll RecyclerView to position: 7' action on view with id: 280 (resource name not found)
11-24 15:28:49.781  2257  2257 W ResourceType: No package identifier when getting name for resource number 0x00000118
11-24 15:28:49.812  2257  2257 W ResourceType: No package identifier when getting name for resource number 0x0000011f
11-24 15:28:49.812  2257  2257 I ViewInteraction: Performing 'scroll RecyclerView to position: 8' action on view with id: 287 (resource name not found)
11-24 15:28:50.118  2257  2257 W ResourceType: No package identifier when getting name for resource number 0x0000011f
11-24 15:28:50.135  2257  2257 W ResourceType: No package identifier when getting name for resource number 0x00000126
11-24 15:28:50.136  2257  2257 I ViewInteraction: Performing 'scroll RecyclerView to position: 9' action on view with id: 294 (resource name not found)
11-24 15:28:50.448  2257  2257 W ResourceType: No package identifier when getting name for resource number 0x00000126
11-24 15:28:50.507  2257  2257 D LifecycleMonitor: Lifecycle status change: br.com.catbag.gifreduxsample.ui.GifListActivity@d7f8fc3 in: PAUSED
11-24 15:28:50.558  2257  2272 I TestRunner: finished: whenLoadMultipleGifsOnAppStateTest(br.com.catbag.gifreduxsample.ui.giflist.GifListActivityTest)
11-24 15:28:50.680   977   977 D gralloc : Registering a buffer in the process that created it. This may cause memory ordering problems.
11-24 15:28:50.681   977   977 E libEGL  : called unimplemented OpenGL ES API
11-24 15:28:50.681   977   977 E SurfaceFlinger: glCheckFramebufferStatusOES error 588918478
11-24 15:28:50.681   977   977 E SurfaceFlinger: got GL_FRAMEBUFFER_COMPLETE_OES error while taking screenshot
11-24 15:28:50.698  1237  1381 W WindowManager: Screenshot failure taking screenshot for (480x800) to layer 21005
11-24 15:28:50.706  2257  2257 I Choreographer: Skipped 51 frames!  The application may be doing too much work on its main thread.
11-24 15:28:50.714  2257  2257 I MonitoringInstrumentation: Activities that are still in CREATED to STOPPED: 1
11-24 15:28:50.717  2257  2272 I TestRunner: run finished: 15 tests, 0 failed, 0 ignored
11-24 15:28:50.907  2257  2272 I MonitoringInstrumentation: Unstopped activity count: 1
11-24 15:28:50.922  2257  2257 I MonitoringInstrumentation: Activities that are still in CREATED to STOPPED: 1
11-24 15:28:50.964  2257  2272 I MonitoringInstrumentation: Unstopped activity count: 1
11-24 15:28:51.025  2257  2272 I MonitoringInstrumentation: Unstopped activity count: 1
11-24 15:28:51.085  2257  2272 I MonitoringInstrumentation: Unstopped activity count: 1
11-24 15:28:51.144  2257  2272 I MonitoringInstrumentation: Unstopped activity count: 1
11-24 15:28:51.204  2257  2272 I MonitoringInstrumentation: Unstopped activity count: 1
11-24 15:28:51.263  2257  2272 I MonitoringInstrumentation: Unstopped activity count: 1
11-24 15:28:51.301  2257  2257 D LifecycleMonitor: Lifecycle status change: br.com.catbag.gifreduxsample.ui.GifListActivity@d7f8fc3 in: STOPPED
11-24 15:28:51.302  2257  2257 D LifecycleMonitor: Lifecycle status change: br.com.catbag.gifreduxsample.ui.GifListActivity@d7f8fc3 in: DESTROYED
11-24 15:28:51.323  2257  2272 I MonitoringInstrumentation: waitForActivitiesToComplete() took: 416ms
11-24 15:28:51.329  1237  1781 I ActivityManager: Force stopping br.com.catbag.gifreduxsample appid=10060 user=0: finished inst
11-24 15:28:51.330  1237  1781 I ActivityManager: Killing 2257:br.com.catbag.gifreduxsample/u0a60 (adj 0): stop br.com.catbag.gifreduxsample
11-24 15:28:51.369  2246  2246 D AndroidRuntime: Shutting down VM
11-24 15:28:51.452  1237  1258 I WindowManager: Destroying surface Surface(name=br.com.catbag.gifreduxsample/br.com.catbag.gifreduxsample.ui.GifListActivity) called by com.android.server.wm.WindowStateAnimator.destroySurface:2014 com.android.server.wm.WindowStateAnimator.destroySurfaceLocked:881 com.android.server.wm.WindowState.removeLocked:1449 com.android.server.wm.WindowManagerService.removeWindowInnerLocked:2478 com.android.server.wm.AppWindowToken.destroySurfaces:365 com.android.server.wm.WindowStateAnimator.finishExit:565 com.android.server.wm.WindowStateAnimator.stepAnimationLocked:491 com.android.server.wm.WindowAnimator.updateWindowsLocked:303 
11-24 15:28:51.472  1237  1743 W WindowManager: Failed looking up window
11-24 15:28:51.472  1237  1743 W WindowManager: java.lang.IllegalArgumentException: Requested window android.os.BinderProxy@af21ead does not exist
11-24 15:28:51.472  1237  1743 W WindowManager: 	at com.android.server.wm.WindowManagerService.windowForClientLocked(WindowManagerService.java:9100)
11-24 15:28:51.472  1237  1743 W WindowManager: 	at com.android.server.wm.WindowManagerService.windowForClientLocked(WindowManagerService.java:9091)
11-24 15:28:51.472  1237  1743 W WindowManager: 	at com.android.server.wm.WindowState$DeathRecipient.binderDied(WindowState.java:1777)
11-24 15:28:51.472  1237  1743 W WindowManager: 	at android.os.BinderProxy.sendDeathNotice(Binder.java:688)
11-24 15:28:51.472  1237  1743 I WindowManager: WIN DEATH: null
11-24 15:28:52.081  2324  2324 D AndroidRuntime: >>>>>> START com.android.internal.os.RuntimeInit uid 2000 <<<<<<
11-24 15:28:52.090  2324  2324 D AndroidRuntime: CheckJNI is ON
11-24 15:28:52.148  2324  2324 W art     : Unexpected CPU variant for X86 using defaults: x86
11-24 15:28:52.159  2324  2324 D ICU     : No timezone override file found: /data/misc/zoneinfo/current/icu/icu_tzdata.dat
11-24 15:28:52.193  2324  2324 E memtrack: Couldn't load memtrack module (No such file or directory)
11-24 15:28:52.194  2324  2324 E android.os.Debug: failed to load memtrack module: -2
11-24 15:28:52.195  2324  2324 I Radio-JNI: register_android_hardware_Radio DONE
11-24 15:28:52.223  2324  2324 D AndroidRuntime: Calling main entry com.android.commands.pm.Pm
11-24 15:28:52.257  1237  1251 I ActivityManager: Force stopping br.com.catbag.gifreduxsample.test appid=10061 user=-1: deletePackageX
11-24 15:28:52.401  1237  1264 I art     : Starting a blocking GC Explicit
11-24 15:28:52.472  1237  1264 I art     : Explicit concurrent mark sweep GC freed 27578(1888KB) AllocSpace objects, 12(240KB) LOS objects, 33% free, 7MB/10MB, paused 5.758ms total 65.631ms
11-24 15:28:52.509  1237  1264 I ActivityManager: Force stopping br.com.catbag.gifreduxsample.test appid=10061 user=0: pkg removed
11-24 15:28:52.548  2324  2324 I art     : System.exit called, status: 0
11-24 15:28:52.548  2324  2324 I AndroidRuntime: VM exiting with result code 0.
11-24 15:28:52.719  1237  1251 W art     : Long monitor contention with owner PackageManager (1264) at int com.android.server.am.ActivityManagerService.broadcastIntent(android.app.IApplicationThread, android.content.Intent, java.lang.String, android.content.IIntentReceiver, int, java.lang.String, android.os.Bundle, java.lang.String[], int, android.os.Bundle, boolean, boolean, int)(ActivityManagerService.java:18249) waiters=0 in void com.android.server.am.ActivityStackSupervisor$ActivityStackSupervisorHandler.activityIdleInternal(com.android.server.am.ActivityRecord) for 208ms
11-24 15:28:52.886  1237  1278 I InputReader: Reconfiguring input devices.  changes=0x00000010
11-24 15:28:52.899  1237  1248 W art     : Long monitor contention with owner Binder:1237_A (1781) at boolean com.android.server.am.ActivityManagerService.stopServiceToken(android.content.ComponentName, android.os.IBinder, int)(ActivityManagerService.java:16964) waiters=1 in void com.android.server.am.ActivityManagerService.serviceDoneExecuting(android.os.IBinder, int, int, int) for 177ms
11-24 15:28:52.989  1455  1455 D CarrierSvcBindHelper: No carrier app for: 0
11-24 15:28:53.004  1237  1264 E KernelUidCpuTimeReader: failed to remove uid from uid_cputime module
11-24 15:28:53.004  1237  1264 E KernelUidCpuTimeReader: java.io.FileNotFoundException: /proc/uid_cputime/remove_uid_range (No such file or directory)
11-24 15:28:53.004  1237  1264 E KernelUidCpuTimeReader: 	at java.io.FileOutputStream.open(Native Method)
11-24 15:28:53.004  1237  1264 E KernelUidCpuTimeReader: 	at java.io.FileOutputStream.<init>(FileOutputStream.java:221)
11-24 15:28:53.004  1237  1264 E KernelUidCpuTimeReader: 	at java.io.FileOutputStream.<init>(FileOutputStream.java:108)
11-24 15:28:53.004  1237  1264 E KernelUidCpuTimeReader: 	at java.io.FileWriter.<init>(FileWriter.java:63)
11-24 15:28:53.004  1237  1264 E KernelUidCpuTimeReader: 	at com.android.internal.os.KernelUidCpuTimeReader.removeUid(KernelUidCpuTimeReader.java:158)
11-24 15:28:53.004  1237  1264 E KernelUidCpuTimeReader: 	at com.android.internal.os.BatteryStatsImpl.removeUidStatsLocked(BatteryStatsImpl.java:9805)
11-24 15:28:53.004  1237  1264 E KernelUidCpuTimeReader: 	at com.android.server.am.BatteryStatsService.removeUid(BatteryStatsService.java:291)
11-24 15:28:53.004  1237  1264 E KernelUidCpuTimeReader: 	at com.android.server.am.ActivityManagerService.broadcastIntentLocked(ActivityManagerService.java:17767)
11-24 15:28:53.004  1237  1264 E KernelUidCpuTimeReader: 	at com.android.server.am.ActivityManagerService.broadcastIntent(ActivityManagerService.java:18256)
11-24 15:28:53.004  1237  1264 E KernelUidCpuTimeReader: 	at com.android.server.pm.PackageManagerService$8.run(PackageManagerService.java:11407)
11-24 15:28:53.004  1237  1264 E KernelUidCpuTimeReader: 	at android.os.Handler.handleCallback(Handler.java:751)
11-24 15:28:53.004  1237  1264 E KernelUidCpuTimeReader: 	at android.os.Handler.dispatchMessage(Handler.java:95)
11-24 15:28:53.004  1237  1264 E KernelUidCpuTimeReader: 	at android.os.Looper.loop(Looper.java:154)
11-24 15:28:53.004  1237  1264 E KernelUidCpuTimeReader: 	at android.os.HandlerThread.run(HandlerThread.java:61)
11-24 15:28:53.004  1237  1264 E KernelUidCpuTimeReader: 	at com.android.server.ServiceThread.run(ServiceThread.java:46)
11-24 15:28:53.254  1237  1250 W LocationProviderProxy-network: Odd, no component found for service com.android.location.service.v3.NetworkLocationProvider
11-24 15:28:53.254  1237  1250 W GeocoderProxy: Odd, no component found for service com.android.location.service.GeocodeProvider
11-24 15:28:53.255  1237  1250 W GeofenceProxy: Odd, no component found for service com.android.location.service.GeofenceProvider
11-24 15:28:53.255  1237  1250 W ActivityRecognitionProxy: Odd, no component found for service com.android.location.service.ActivityRecognitionProvider
11-24 15:28:53.354  1671  1700 W art     : Suspending all threads took: 20.784ms
11-24 15:28:53.402  1671  1700 I art     : Background sticky concurrent mark sweep GC freed 2929(322KB) AllocSpace objects, 0(0B) LOS objects, 24% free, 1977KB/2MB, paused 25.826ms total 124.887ms
11-24 15:28:53.790  2338  2338 D AndroidRuntime: >>>>>> START com.android.internal.os.RuntimeInit uid 2000 <<<<<<
11-24 15:28:53.794  2338  2338 D AndroidRuntime: CheckJNI is ON
11-24 15:28:53.849  2338  2338 W art     : Unexpected CPU variant for X86 using defaults: x86
11-24 15:28:53.854  2338  2338 D ICU     : No timezone override file found: /data/misc/zoneinfo/current/icu/icu_tzdata.dat
11-24 15:28:53.880  2338  2338 E memtrack: Couldn't load memtrack module (No such file or directory)
11-24 15:28:53.881  2338  2338 E android.os.Debug: failed to load memtrack module: -2
11-24 15:28:53.882  2338  2338 I Radio-JNI: register_android_hardware_Radio DONE
11-24 15:28:53.927  2338  2338 D AndroidRuntime: Calling main entry com.android.commands.pm.Pm
11-24 15:28:53.941  1237  1251 I ActivityManager: Force stopping br.com.catbag.gifreduxsample appid=10060 user=-1: deletePackageX
11-24 15:28:54.120  1237  1264 I art     : Starting a blocking GC Explicit
11-24 15:28:54.180  1237  1264 I art     : Explicit concurrent mark sweep GC freed 30598(1598KB) AllocSpace objects, 7(140KB) LOS objects, 33% free, 6MB/10MB, paused 5.729ms total 56.478ms
11-24 15:28:54.196  2338  2338 I art     : System.exit called, status: 0
11-24 15:28:54.196  2338  2338 I AndroidRuntime: VM exiting with result code 0.
11-24 15:28:54.328  1237  1264 I ActivityManager: Force stopping br.com.catbag.gifreduxsample appid=10060 user=0: pkg removed
11-24 15:28:54.582  1237  1264 E KernelUidCpuTimeReader: failed to remove uid from uid_cputime module
11-24 15:28:54.582  1237  1264 E KernelUidCpuTimeReader: java.io.FileNotFoundException: /proc/uid_cputime/remove_uid_range (No such file or directory)
11-24 15:28:54.582  1237  1264 E KernelUidCpuTimeReader: 	at java.io.FileOutputStream.open(Native Method)
11-24 15:28:54.582  1237  1264 E KernelUidCpuTimeReader: 	at java.io.FileOutputStream.<init>(FileOutputStream.java:221)
11-24 15:28:54.582  1237  1264 E KernelUidCpuTimeReader: 	at java.io.FileOutputStream.<init>(FileOutputStream.java:108)
11-24 15:28:54.582  1237  1264 E KernelUidCpuTimeReader: 	at java.io.FileWriter.<init>(FileWriter.java:63)
11-24 15:28:54.582  1237  1264 E KernelUidCpuTimeReader: 	at com.android.internal.os.KernelUidCpuTimeReader.removeUid(KernelUidCpuTimeReader.java:158)
11-24 15:28:54.582  1237  1264 E KernelUidCpuTimeReader: 	at com.android.internal.os.BatteryStatsImpl.removeUidStatsLocked(BatteryStatsImpl.java:9805)
11-24 15:28:54.582  1237  1264 E KernelUidCpuTimeReader: 	at com.android.server.am.BatteryStatsService.removeUid(BatteryStatsService.java:291)
11-24 15:28:54.582  1237  1264 E KernelUidCpuTimeReader: 	at com.android.server.am.ActivityManagerService.broadcastIntentLocked(ActivityManagerService.java:17767)
11-24 15:28:54.582  1237  1264 E KernelUidCpuTimeReader: 	at com.android.server.am.ActivityManagerService.broadcastIntent(ActivityManagerService.java:18256)
