11-23 20:47:37.281  2313  2373 D ActivityTestRule: Launching activity br.com.catbag.gifreduxsample.ui.GifListActivity
11-23 20:47:37.361  2313  2374 D MonitoringInstrumentation: execStartActivity(context, ibinder, ibinder, activity, intent, int, bundle
11-23 20:47:37.380  1237  1637 I ActivityManager: START u0 {flg=0x10000000 cmp=br.com.catbag.gifreduxsample/.ui.GifListActivity} from uid 10060 on display 0
11-23 20:47:37.506  2313  2313 D LifecycleMonitor: Lifecycle status change: br.com.catbag.gifreduxsample.ui.GifListActivity@62e999c in: PRE_ON_CREATE
11-23 20:47:37.532  2313  2313 D LifecycleMonitor: Lifecycle status change: br.com.catbag.gifreduxsample.ui.GifListActivity@62e999c in: CREATED
11-23 20:47:37.534  2313  2329 I DroidFlux:Dispatcher: [STARTED] dispatch of action [APP_STATE_LOAD]
11-23 20:47:37.534  2313  2329 D DroidFlux:Dispatcher: An action of type [APP_STATE_LOAD] was dispatched, but no reducer handled it
11-23 20:47:37.534  2313  2329 I DroidFlux:Dispatcher: [COMPLETED] dispatch of action [APP_STATE_LOAD]
11-23 20:47:37.535  2313  2313 D LifecycleMonitor: Lifecycle status change: br.com.catbag.gifreduxsample.ui.GifListActivity@62e999c in: STARTED
11-23 20:47:37.536  2313  2313 D LifecycleMonitor: Lifecycle status change: br.com.catbag.gifreduxsample.ui.GifListActivity@62e999c in: RESUMED
11-23 20:47:37.546  1237  1258 I Choreographer: Skipped 80 frames!  The application may be doing too much work on its main thread.
11-23 20:47:37.721  1237  2137 I WindowManager: Destroying surface Surface(name=com.android.launcher3/com.android.launcher3.Launcher) called by com.android.server.wm.WindowStateAnimator.destroySurface:2014 com.android.server.wm.WindowStateAnimator.destroySurfaceLocked:881 com.android.server.wm.WindowState.destroyOrSaveSurface:2073 com.android.server.wm.WindowManagerService.tryStartExitingAnimation:3017 com.android.server.wm.WindowManagerService.relayoutWindow:2897 com.android.server.wm.Session.relayout:215 android.view.IWindowSession$Stub.onTransact:286 com.android.server.wm.Session.onTransact:136 
11-23 20:47:37.826  2313  2313 D LifecycleMonitor: Lifecycle status change: br.com.catbag.gifreduxsample.ui.GifListActivity@6c8fd36 in: STOPPED
11-23 20:47:37.827  2313  2313 D LifecycleMonitor: Lifecycle status change: br.com.catbag.gifreduxsample.ui.GifListActivity@6c8fd36 in: DESTROYED
11-23 20:47:38.048  1237  1637 W art     : Long monitor contention with owner android.display (1258) at void com.android.server.wm.WindowAnimator$1.doFrame(long)(WindowAnimator.java:138) waiters=0 in void com.android.server.wm.WindowManagerService.removeWindow(com.android.server.wm.Session, android.view.IWindow) for 122ms
11-23 20:47:38.204  1237  1258 I Choreographer: Skipped 38 frames!  The application may be doing too much work on its main thread.
11-23 20:47:38.335  2313  2324 I art     : Background sticky concurrent mark sweep GC freed 77122(2MB) AllocSpace objects, 0(0B) LOS objects, 25% free, 8MB/11MB, paused 22.113ms total 660.051ms
11-23 20:47:38.345  1237  1258 I Choreographer: Skipped 32 frames!  The application may be doing too much work on its main thread.
11-23 20:47:38.495  1237  1637 I WindowManager: Destroying surface Surface(name=br.com.catbag.gifreduxsample/br.com.catbag.gifreduxsample.ui.GifListActivity) called by com.android.server.wm.WindowStateAnimator.destroySurface:2014 com.android.server.wm.WindowStateAnimator.destroySurfaceLocked:881 com.android.server.wm.WindowState.removeLocked:1449 com.android.server.wm.WindowManagerService.removeWindowInnerLocked:2478 com.android.server.wm.WindowManagerService.removeWindowLocked:2436 com.android.server.wm.WindowManagerService.removeWindowLocked:2305 com.android.server.wm.WindowManagerService.removeWindow:2300 com.android.server.wm.Session.remove:193 
11-23 20:47:38.512  2313  2313 I Choreographer: Skipped 190 frames!  The application may be doing too much work on its main thread.
11-23 20:47:38.587  1237  1258 I ActivityManager: Displayed br.com.catbag.gifreduxsample/.ui.GifListActivity: +1s122ms
11-23 20:47:38.834  1237  1258 I WindowManager: Destroying surface Surface(name=Starting br.com.catbag.gifreduxsample) called by com.android.server.wm.WindowStateAnimator.destroySurface:2014 com.android.server.wm.WindowStateAnimator.destroySurfaceLocked:881 com.android.server.wm.WindowState.destroyOrSaveSurface:2073 com.android.server.wm.AppWindowToken.destroySurfaces:363 com.android.server.wm.WindowStateAnimator.finishExit:565 com.android.server.wm.WindowStateAnimator.stepAnimationLocked:491 com.android.server.wm.WindowAnimator.updateWindowsLocked:303 com.android.server.wm.WindowAnimator.animateLocked:704 
11-23 20:47:40.964  1237  1324 E TaskPersister: File error accessing recents directory (directory doesn't exist?).
11-23 20:48:07.628  2313  2313 D LifecycleMonitor: Lifecycle status change: br.com.catbag.gifreduxsample.ui.GifListActivity@62e999c in: PAUSED
11-23 20:48:07.653  2313  2328 I TestRunner: failed: whenPlayGifTest(br.com.catbag.gifreduxsample.ui.giflist.GifListActivityTest)
11-23 20:48:07.653  2313  2328 I TestRunner: ----- begin exception -----
11-23 20:48:07.654  2313  2328 I TestRunner: java.lang.RuntimeException: Waited for the root of the view hierarchy to have window focus and not be requesting layout for over 10 seconds. If you specified a non default root matcher, it may be picking a root that never takes focus. Otherwise, something is seriously wrong. Selected Root:
11-23 20:48:07.654  2313  2328 I TestRunner: Root{application-window-token=android.view.ViewRootImpl$W@6c45493, window-token=android.view.ViewRootImpl$W@6c45493, has-window-focus=false, layout-params-type=1, layout-params-string=WM.LayoutParams{(0,0)(fillxfill) sim=#100 ty=1 fl=#81810100 wanim=0x1030465 needsMenuKey=2}, decor-view-string=DecorView{id=-1, visibility=VISIBLE, width=480, height=800, has-focus=true, has-focusable=true, has-window-focus=false, is-clickable=false, is-enabled=true, is-focused=false, is-focusable=false, is-layout-requested=false, is-selected=false, root-is-layout-requested=false, has-input-connection=false, x=0.0, y=0.0, child-count=1}}
11-23 20:48:07.654  2313  2328 I TestRunner: . All Roots:
11-23 20:48:07.654  2313  2328 I TestRunner: Root{application-window-token=android.view.ViewRootImpl$W@6c45493, window-token=android.view.ViewRootImpl$W@6c45493, has-window-focus=false, layout-params-type=1, layout-params-string=WM.LayoutParams{(0,0)(fillxfill) sim=#100 ty=1 fl=#81810100 wanim=0x1030465 needsMenuKey=2}, decor-view-string=DecorView{id=-1, visibility=VISIBLE, width=480, height=800, has-focus=true, has-focusable=true, has-window-focus=false, is-clickable=false, is-enabled=true, is-focused=false, is-focusable=false, is-layout-requested=false, is-selected=false, root-is-layout-requested=false, has-input-connection=false, x=0.0, y=0.0, child-count=1}}
11-23 20:48:07.654  2313  2328 I TestRunner: 	at android.support.test.espresso.base.RootViewPicker.get(RootViewPicker.java:99)
11-23 20:48:07.654  2313  2328 I TestRunner: 	at android.support.test.espresso.ViewInteractionModule.provideRootView(ViewInteractionModule.java:69)
11-23 20:48:07.654  2313  2328 I TestRunner: 	at android.support.test.espresso.ViewInteractionModule_ProvideRootViewFactory.get(ViewInteractionModule_ProvideRootViewFactory.java:23)
11-23 20:48:07.654  2313  2328 I TestRunner: 	at android.support.test.espresso.ViewInteractionModule_ProvideRootViewFactory.get(ViewInteractionModule_ProvideRootViewFactory.java:9)
11-23 20:48:07.654  2313  2328 I TestRunner: 	at android.support.test.espresso.base.ViewFinderImpl.getView(ViewFinderImpl.java:68)
11-23 20:48:07.654  2313  2328 I TestRunner: 	at android.support.test.espresso.ViewInteraction$1.run(ViewInteraction.java:120)
11-23 20:48:07.654  2313  2328 I TestRunner: 	at java.util.concurrent.Executors$RunnableAdapter.call(Executors.java:428)
11-23 20:48:07.654  2313  2328 I TestRunner: 	at java.util.concurrent.FutureTask.run(FutureTask.java:237)
11-23 20:48:07.654  2313  2328 I TestRunner: 	at android.os.Handler.handleCallback(Handler.java:751)
11-23 20:48:07.654  2313  2328 I TestRunner: 	at android.os.Handler.dispatchMessage(Handler.java:95)
11-23 20:48:07.654  2313  2328 I TestRunner: 	at android.os.Looper.loop(Looper.java:154)
11-23 20:48:07.654  2313  2328 I TestRunner: 	at android.app.ActivityThread.main(ActivityThread.java:6077)
11-23 20:48:07.654  2313  2328 I TestRunner: 	at java.lang.reflect.Method.invoke(Native Method)
11-23 20:48:07.654  2313  2328 I TestRunner: 	at com.android.internal.os.ZygoteInit$MethodAndArgsCaller.run(ZygoteInit.java:865)
11-23 20:48:07.654  2313  2328 I TestRunner: 	at com.android.internal.os.ZygoteInit.main(ZygoteInit.java:755)
11-23 20:48:07.654  2313  2328 I TestRunner: ----- end exception -----
11-23 20:48:07.655  2313  2328 I TestRunner: finished: whenPlayGifTest(br.com.catbag.gifreduxsample.ui.giflist.GifListActivityTest)
11-23 20:48:07.821   977   977 D gralloc : Registering a buffer in the process that created it. This may cause memory ordering problems.
11-23 20:48:07.821   977   977 E libEGL  : called unimplemented OpenGL ES API
11-23 20:48:07.822   977   977 E SurfaceFlinger: glCheckFramebufferStatusOES error 869012299
11-23 20:48:07.822   977   977 E SurfaceFlinger: got GL_FRAMEBUFFER_COMPLETE_OES error while taking screenshot
11-23 20:48:07.824  1237  2133 W WindowManager: Screenshot failure taking screenshot for (480x800) to layer 21000
11-23 20:48:07.834  2313  2313 I MonitoringInstrumentation: Activities that are still in CREATED to STOPPED: 1
11-23 20:48:07.835  1237  1256 W art     : Long monitor contention with owner Binder:1237_C (2133) at void com.android.server.am.ActivityManagerService.activityPaused(android.os.IBinder)(ActivityManagerService.java:6849) waiters=1 in int com.android.server.am.ActivityManagerService.broadcastIntent(android.app.IApplicationThread, android.content.Intent, java.lang.String, android.content.IIntentReceiver, int, java.lang.String, android.os.Bundle, java.lang.String[], int, android.os.Bundle, boolean, boolean, int) for 176ms
11-23 20:48:07.837  2313  2328 I TestRunner: started: whenGifDownloadFailTest(br.com.catbag.gifreduxsample.ui.giflist.GifListActivityTest)
11-23 20:48:07.855  1237  1258 I Choreographer: Skipped 34 frames!  The application may be doing too much work on its main thread.
11-23 20:48:07.858  2313  2313 I MonitoringInstrumentation: Activities that are still in CREATED to STOPPED: 1
11-23 20:48:07.898  2313  2329 I DroidFlux:Dispatcher: [STARTED] dispatch of action [FAKE_REDUCE_ACTION]
11-23 20:48:07.900  2313  2329 I DroidFlux:Dispatcher: [COMPLETED] dispatch of action [FAKE_REDUCE_ACTION]
11-23 20:48:08.021  1732  1732 W art     : Long monitor contention with owner Binder:1732_3 (2366) at boolean android.os.MessageQueue.enqueueMessage(android.os.Message, long)(MessageQueue.java:541) waiters=0 in android.os.Message android.os.MessageQueue.next() for 263ms
11-23 20:48:08.130  2313  2377 D ActivityTestRule: Launching activity br.com.catbag.gifreduxsample.ui.GifListActivity
11-23 20:48:08.136  2313  2378 D MonitoringInstrumentation: execStartActivity(context, ibinder, ibinder, activity, intent, int, bundle
11-23 20:48:08.140  1237  1722 I ActivityManager: START u0 {flg=0x10000000 cmp=br.com.catbag.gifreduxsample/.ui.GifListActivity} from uid 10060 on display 0
11-23 20:48:08.311  2313  2313 D LifecycleMonitor: Lifecycle status change: br.com.catbag.gifreduxsample.ui.GifListActivity@da08f3d in: PRE_ON_CREATE
11-23 20:48:08.349  1237  1258 I Choreographer: Skipped 32 frames!  The application may be doing too much work on its main thread.
11-23 20:48:08.365  2313  2313 D LifecycleMonitor: Lifecycle status change: br.com.catbag.gifreduxsample.ui.GifListActivity@da08f3d in: CREATED
11-23 20:48:08.388  2313  2329 I DroidFlux:Dispatcher: [STARTED] dispatch of action [APP_STATE_LOAD]
11-23 20:48:08.389  2313  2329 D DroidFlux:Dispatcher: An action of type [APP_STATE_LOAD] was dispatched, but no reducer handled it
11-23 20:48:08.389  2313  2329 I DroidFlux:Dispatcher: [COMPLETED] dispatch of action [APP_STATE_LOAD]
11-23 20:48:08.435  2313  2313 D LifecycleMonitor: Lifecycle status change: br.com.catbag.gifreduxsample.ui.GifListActivity@da08f3d in: STARTED
11-23 20:48:08.457  2313  2313 D LifecycleMonitor: Lifecycle status change: br.com.catbag.gifreduxsample.ui.GifListActivity@da08f3d in: RESUMED
11-23 20:48:08.481  1237  1268 I WindowManager: Destroying surface Surface(name=com.android.launcher3/com.android.launcher3.Launcher) called by com.android.server.wm.WindowStateAnimator.destroySurface:2014 com.android.server.wm.WindowStateAnimator.destroySurfaceLocked:881 com.android.server.wm.WindowState.destroyOrSaveSurface:2073 com.android.server.wm.WindowManagerService.tryStartExitingAnimation:3017 com.android.server.wm.WindowManagerService.relayoutWindow:2897 com.android.server.wm.Session.relayout:215 android.view.IWindowSession$Stub.onTransact:286 com.android.server.wm.Session.onTransact:136 
11-23 20:48:08.592  2313  2313 D LifecycleMonitor: Lifecycle status change: br.com.catbag.gifreduxsample.ui.GifListActivity@62e999c in: STOPPED
11-23 20:48:08.634  2313  2313 D LifecycleMonitor: Lifecycle status change: br.com.catbag.gifreduxsample.ui.GifListActivity@62e999c in: DESTROYED
11-23 20:48:08.660  1237  1258 I ActivityManager: Displayed br.com.catbag.gifreduxsample/.ui.GifListActivity: +403ms
11-23 20:48:08.924  1237  1258 I Choreographer: Skipped 38 frames!  The application may be doing too much work on its main thread.
11-23 20:48:08.953  2313  2313 I Choreographer: Skipped 40 frames!  The application may be doing too much work on its main thread.
11-23 20:48:09.059  1237  1258 I Choreographer: Skipped 31 frames!  The application may be doing too much work on its main thread.
11-23 20:48:09.205  1237  1258 I Choreographer: Skipped 34 frames!  The application may be doing too much work on its main thread.
11-23 20:48:09.210  1237  1258 I WindowManager: Destroying surface Surface(name=br.com.catbag.gifreduxsample/br.com.catbag.gifreduxsample.ui.GifListActivity) called by com.android.server.wm.WindowStateAnimator.destroySurface:2014 com.android.server.wm.WindowStateAnimator.destroySurfaceLocked:881 com.android.server.wm.WindowState.removeLocked:1449 com.android.server.wm.WindowManagerService.removeWindowInnerLocked:2478 com.android.server.wm.AppWindowToken.destroySurfaces:365 com.android.server.wm.WindowStateAnimator.finishExit:565 com.android.server.wm.AppWindowAnimator.stepAnimationLocked:427 com.android.server.wm.WindowAnimator.updateAppWindowsLocked:196 
11-23 20:48:09.217  1237  1258 I WindowManager: Destroying surface Surface(name=Starting br.com.catbag.gifreduxsample) called by com.android.server.wm.WindowStateAnimator.destroySurface:2014 com.android.server.wm.WindowStateAnimator.destroySurfaceLocked:881 com.android.server.wm.WindowState.destroyOrSaveSurface:2073 com.android.server.wm.AppWindowToken.destroySurfaces:363 com.android.server.wm.WindowStateAnimator.finishExit:565 com.android.server.wm.WindowStateAnimator.stepAnimationLocked:491 com.android.server.wm.WindowAnimator.updateWindowsLocked:303 com.android.server.wm.WindowAnimator.animateLocked:704 
11-23 20:48:09.361  1237  1258 I Choreographer: Skipped 34 frames!  The application may be doing too much work on its main thread.
11-23 20:48:11.764  1237  1324 E TaskPersister: File error accessing recents directory (directory doesn't exist?).
11-23 20:48:15.481  2313  2324 I art     : Background partial concurrent mark sweep GC freed 95072(2MB) AllocSpace objects, 0(0B) LOS objects, 31% free, 8MB/12MB, paused 5.842ms total 98.368ms
11-23 20:48:37.431  2313  2313 D LifecycleMonitor: Lifecycle status change: br.com.catbag.gifreduxsample.ui.GifListActivity@da08f3d in: PAUSED
11-23 20:48:37.484   977   977 D gralloc : Registering a buffer in the process that created it. This may cause memory ordering problems.
11-23 20:48:37.484   977   977 E libEGL  : called unimplemented OpenGL ES API
11-23 20:48:37.485   977   977 E SurfaceFlinger: glCheckFramebufferStatusOES error 869012299
11-23 20:48:37.485   977   977 E SurfaceFlinger: got GL_FRAMEBUFFER_COMPLETE_OES error while taking screenshot
11-23 20:48:37.487  1237  1754 W WindowManager: Screenshot failure taking screenshot for (480x800) to layer 21000
11-23 20:48:37.583  2313  2328 I TestRunner: failed: whenGifDownloadFailTest(br.com.catbag.gifreduxsample.ui.giflist.GifListActivityTest)
11-23 20:48:37.583  2313  2328 I TestRunner: ----- begin exception -----
11-23 20:48:37.585  2313  2328 I TestRunner: java.lang.RuntimeException: Waited for the root of the view hierarchy to have window focus and not be requesting layout for over 10 seconds. If you specified a non default root matcher, it may be picking a root that never takes focus. Otherwise, something is seriously wrong. Selected Root:
11-23 20:48:37.585  2313  2328 I TestRunner: Root{application-window-token=android.view.ViewRootImpl$W@3322848, window-token=android.view.ViewRootImpl$W@3322848, has-window-focus=false, layout-params-type=1, layout-params-string=WM.LayoutParams{(0,0)(fillxfill) sim=#100 ty=1 fl=#81810100 wanim=0x1030465 needsMenuKey=2}, decor-view-string=DecorView{id=-1, visibility=VISIBLE, width=480, height=800, has-focus=true, has-focusable=true, has-window-focus=false, is-clickable=false, is-enabled=true, is-focused=false, is-focusable=false, is-layout-requested=false, is-selected=false, root-is-layout-requested=false, has-input-connection=false, x=0.0, y=0.0, child-count=1}}
11-23 20:48:37.585  2313  2328 I TestRunner: . All Roots:
11-23 20:48:37.585  2313  2328 I TestRunner: Root{application-window-token=android.view.ViewRootImpl$W@3322848, window-token=android.view.ViewRootImpl$W@3322848, has-window-focus=false, layout-params-type=1, layout-params-string=WM.LayoutParams{(0,0)(fillxfill) sim=#100 ty=1 fl=#81810100 wanim=0x1030465 needsMenuKey=2}, decor-view-string=DecorView{id=-1, visibility=VISIBLE, width=480, height=800, has-focus=true, has-focusable=true, has-window-focus=false, is-clickable=false, is-enabled=true, is-focused=false, is-focusable=false, is-layout-requested=false, is-selected=false, root-is-layout-requested=false, has-input-connection=false, x=0.0, y=0.0, child-count=1}}
11-23 20:48:37.585  2313  2328 I TestRunner: 	at android.support.test.espresso.base.RootViewPicker.get(RootViewPicker.java:99)
11-23 20:48:37.585  2313  2328 I TestRunner: 	at android.support.test.espresso.ViewInteractionModule.provideRootView(ViewInteractionModule.java:69)
11-23 20:48:37.585  2313  2328 I TestRunner: 	at android.support.test.espresso.ViewInteractionModule_ProvideRootViewFactory.get(ViewInteractionModule_ProvideRootViewFactory.java:23)
11-23 20:48:37.585  2313  2328 I TestRunner: 	at android.support.test.espresso.ViewInteractionModule_ProvideRootViewFactory.get(ViewInteractionModule_ProvideRootViewFactory.java:9)
11-23 20:48:37.585  2313  2328 I TestRunner: 	at android.support.test.espresso.base.ViewFinderImpl.getView(ViewFinderImpl.java:68)
11-23 20:48:37.585  2313  2328 I TestRunner: 	at android.support.test.espresso.ViewInteraction$2.run(ViewInteraction.java:166)
11-23 20:48:37.585  2313  2328 I TestRunner: 	at java.util.concurrent.Executors$RunnableAdapter.call(Executors.java:428)
11-23 20:48:37.585  2313  2328 I TestRunner: 	at java.util.concurrent.FutureTask.run(FutureTask.java:237)
11-23 20:48:37.585  2313  2328 I TestRunner: 	at android.os.Handler.handleCallback(Handler.java:751)
11-23 20:48:37.585  2313  2328 I TestRunner: 	at android.os.Handler.dispatchMessage(Handler.java:95)
11-23 20:48:37.585  2313  2328 I TestRunner: 	at android.os.Looper.loop(Looper.java:154)
11-23 20:48:37.585  2313  2328 I TestRunner: 	at android.app.ActivityThread.main(ActivityThread.java:6077)
11-23 20:48:37.585  2313  2328 I TestRunner: 	at java.lang.reflect.Method.invoke(Native Method)
11-23 20:48:37.585  2313  2328 I TestRunner: 	at com.android.internal.os.ZygoteInit$MethodAndArgsCaller.run(ZygoteInit.java:865)
11-23 20:48:37.585  2313  2328 I TestRunner: 	at com.android.internal.os.ZygoteInit.main(ZygoteInit.java:755)
11-23 20:48:37.585  2313  2328 I TestRunner: ----- end exception -----
11-23 20:48:37.586  2313  2328 I TestRunner: finished: whenGifDownloadFailTest(br.com.catbag.gifreduxsample.ui.giflist.GifListActivityTest)
11-23 20:48:37.607  2313  2313 I MonitoringInstrumentation: Activities that are still in CREATED to STOPPED: 1
11-23 20:48:37.610  2313  2328 I TestRunner: started: whenPauseGifTest(br.com.catbag.gifreduxsample.ui.giflist.GifListActivityTest)
11-23 20:48:37.639  2313  2313 I MonitoringInstrumentation: Activities that are still in CREATED to STOPPED: 1
11-23 20:48:37.815  2313  2329 I DroidFlux:Dispatcher: [STARTED] dispatch of action [FAKE_REDUCE_ACTION]
11-23 20:48:37.817  2313  2329 I DroidFlux:Dispatcher: [COMPLETED] dispatch of action [FAKE_REDUCE_ACTION]
11-23 20:48:37.826  2313  2381 D ActivityTestRule: Launching activity br.com.catbag.gifreduxsample.ui.GifListActivity
11-23 20:48:37.919  2313  2382 D MonitoringInstrumentation: execStartActivity(context, ibinder, ibinder, activity, intent, int, bundle
11-23 20:48:37.920  1237  1753 I ActivityManager: START u0 {flg=0x10000000 cmp=br.com.catbag.gifreduxsample/.ui.GifListActivity} from uid 10060 on display 0
11-23 20:48:37.969  2313  2313 D LifecycleMonitor: Lifecycle status change: br.com.catbag.gifreduxsample.ui.GifListActivity@c771cdb in: PRE_ON_CREATE
11-23 20:48:37.994  1237  1258 I Choreographer: Skipped 40 frames!  The application may be doing too much work on its main thread.
11-23 20:48:38.099  2313  2313 D LifecycleMonitor: Lifecycle status change: br.com.catbag.gifreduxsample.ui.GifListActivity@c771cdb in: CREATED
11-23 20:48:38.100  2313  2329 I DroidFlux:Dispatcher: [STARTED] dispatch of action [APP_STATE_LOAD]
11-23 20:48:38.101  2313  2329 D DroidFlux:Dispatcher: An action of type [APP_STATE_LOAD] was dispatched, but no reducer handled it
11-23 20:48:38.101  2313  2329 I DroidFlux:Dispatcher: [COMPLETED] dispatch of action [APP_STATE_LOAD]
11-23 20:48:38.101  2313  2313 D LifecycleMonitor: Lifecycle status change: br.com.catbag.gifreduxsample.ui.GifListActivity@c771cdb in: STARTED
11-23 20:48:38.105  2313  2313 D LifecycleMonitor: Lifecycle status change: br.com.catbag.gifreduxsample.ui.GifListActivity@c771cdb in: RESUMED
11-23 20:48:38.275  1237  1258 I Choreographer: Skipped 36 frames!  The application may be doing too much work on its main thread.
11-23 20:48:38.446  1237  1249 W art     : Long monitor contention with owner android.display (1258) at void com.android.server.wm.WindowAnimator$1.doFrame(long)(WindowAnimator.java:138) waiters=0 in int com.android.server.wm.WindowManagerService.relayoutWindow(com.android.server.wm.Session, android.view.IWindow, int, android.view.WindowManager$LayoutParams, int, int, int, int, android.graphics.Rect, android.graphics.Rect, android.graphics.Rect, android.graphics.Rect, android.graphics.Rect, android.graphics.Rect, android.graphics.Rect, android.content.res.Configuration, android.view.Surface) for 167ms
11-23 20:48:38.447  1237  1258 I Choreographer: Skipped 44 frames!  The application may be doing too much work on its main thread.
11-23 20:48:38.775  1237  1258 I Choreographer: Skipped 33 frames!  The application may be doing too much work on its main thread.
11-23 20:48:38.914  1237  1258 I Choreographer: Skipped 32 frames!  The application may be doing too much work on its main thread.
11-23 20:48:38.967  1237  1258 I ActivityManager: Displayed br.com.catbag.gifreduxsample/.ui.GifListActivity: +1s14ms
11-23 20:48:39.017  2313  2313 D LifecycleMonitor: Lifecycle status change: br.com.catbag.gifreduxsample.ui.GifListActivity@da08f3d in: STOPPED
11-23 20:48:39.017  2313  2313 D LifecycleMonitor: Lifecycle status change: br.com.catbag.gifreduxsample.ui.GifListActivity@da08f3d in: DESTROYED
11-23 20:48:39.020  1237  2134 I WindowManager: Destroying surface Surface(name=br.com.catbag.gifreduxsample/br.com.catbag.gifreduxsample.ui.GifListActivity) called by com.android.server.wm.WindowStateAnimator.destroySurface:2014 com.android.server.wm.WindowStateAnimator.destroySurfaceLocked:881 com.android.server.wm.WindowState.removeLocked:1449 com.android.server.wm.WindowManagerService.removeWindowInnerLocked:2478 com.android.server.wm.WindowManagerService.removeWindowLocked:2436 com.android.server.wm.WindowManagerService.removeWindowLocked:2305 com.android.server.wm.WindowManagerService.removeWindow:2300 com.android.server.wm.Session.remove:193 
11-23 20:48:39.071  1237  1754 I WindowManager: Destroying surface Surface(name=com.android.launcher3/com.android.launcher3.Launcher) called by com.android.server.wm.WindowStateAnimator.destroySurface:2014 com.android.server.wm.WindowStateAnimator.destroySurfaceLocked:881 com.android.server.wm.WindowState.destroyOrSaveSurface:2073 com.android.server.wm.AppWindowToken.destroySurfaces:363 com.android.server.wm.AppWindowToken.notifyAppStopped:389 com.android.server.wm.WindowManagerService.notifyAppStopped:4456 com.android.server.am.ActivityStack.activityStoppedLocked:1252 com.android.server.am.ActivityManagerService.activityStopped:6873 
11-23 20:48:39.096  1237  1258 I Choreographer: Skipped 31 frames!  The application may be doing too much work on its main thread.
11-23 20:48:39.319  1237  1258 I WindowManager: Destroying surface Surface(name=Starting br.com.catbag.gifreduxsample) called by com.android.server.wm.WindowStateAnimator.destroySurface:2014 com.android.server.wm.WindowStateAnimator.destroySurfaceLocked:881 com.android.server.wm.WindowState.destroyOrSaveSurface:2073 com.android.server.wm.AppWindowToken.destroySurfaces:363 com.android.server.wm.WindowStateAnimator.finishExit:565 com.android.server.wm.WindowStateAnimator.stepAnimationLocked:491 com.android.server.wm.WindowAnimator.updateWindowsLocked:303 com.android.server.wm.WindowAnimator.animateLocked:704 
11-23 20:48:41.503  1237  1324 E TaskPersister: File error accessing recents directory (directory doesn't exist?).
11-23 20:49:06.678  2313  2324 I art     : Background sticky concurrent mark sweep GC freed 110982(3MB) AllocSpace objects, 0(0B) LOS objects, 26% free, 9MB/12MB, paused 10.586ms total 227.128ms
11-23 20:49:21.050  2313  2328 I TestRunner: failed: whenPauseGifTest(br.com.catbag.gifreduxsample.ui.giflist.GifListActivityTest)
11-23 20:49:21.050  2313  2328 I TestRunner: ----- begin exception -----
11-23 20:49:21.051  2313  2328 I TestRunner: java.lang.RuntimeException: Waited for the root of the view hierarchy to have window focus and not be requesting layout for over 10 seconds. If you specified a non default root matcher, it may be picking a root that never takes focus. Otherwise, something is seriously wrong. Selected Root:
11-23 20:49:21.051  2313  2328 I TestRunner: Root{application-window-token=android.view.ViewRootImpl$W@bc64d9f, window-token=android.view.ViewRootImpl$W@bc64d9f, has-window-focus=false, layout-params-type=1, layout-params-string=WM.LayoutParams{(0,0)(fillxfill) sim=#100 ty=1 fl=#81810100 wanim=0x1030465 needsMenuKey=2}, decor-view-string=DecorView{id=-1, visibility=VISIBLE, width=480, height=800, has-focus=true, has-focusable=true, has-window-focus=false, is-clickable=false, is-enabled=true, is-focused=false, is-focusable=false, is-layout-requested=false, is-selected=false, root-is-layout-requested=false, has-input-connection=false, x=0.0, y=0.0, child-count=1}}
11-23 20:49:21.051  2313  2328 I TestRunner: . All Roots:
11-23 20:49:21.051  2313  2328 I TestRunner: Root{application-window-token=android.view.ViewRootImpl$W@bc64d9f, window-token=android.view.ViewRootImpl$W@bc64d9f, has-window-focus=false, layout-params-type=1, layout-params-string=WM.LayoutParams{(0,0)(fillxfill) sim=#100 ty=1 fl=#81810100 wanim=0x1030465 needsMenuKey=2}, decor-view-string=DecorView{id=-1, visibility=VISIBLE, width=480, height=800, has-focus=true, has-focusable=true, has-window-focus=false, is-clickable=false, is-enabled=true, is-focused=false, is-focusable=false, is-layout-requested=false, is-selected=false, root-is-layout-requested=false, has-input-connection=false, x=0.0, y=0.0, child-count=1}}
11-23 20:49:21.051  2313  2328 I TestRunner: 	at android.support.test.espresso.base.RootViewPicker.get(RootViewPicker.java:99)
11-23 20:49:21.051  2313  2328 I TestRunner: 	at android.support.test.espresso.ViewInteractionModule.provideRootView(ViewInteractionModule.java:69)
11-23 20:49:21.051  2313  2328 I TestRunner: 	at android.support.test.espresso.ViewInteractionModule_ProvideRootViewFactory.get(ViewInteractionModule_ProvideRootViewFactory.java:23)
11-23 20:49:21.051  2313  2328 I TestRunner: 	at android.support.test.espresso.ViewInteractionModule_ProvideRootViewFactory.get(ViewInteractionModule_ProvideRootViewFactory.java:9)
11-23 20:49:21.051  2313  2328 I TestRunner: 	at android.support.test.espresso.base.ViewFinderImpl.getView(ViewFinderImpl.java:68)
11-23 20:49:21.051  2313  2328 I TestRunner: 	at android.support.test.espresso.ViewInteraction$1.run(ViewInteraction.java:120)
11-23 20:49:21.051  2313  2328 I TestRunner: 	at java.util.concurrent.Executors$RunnableAdapter.call(Executors.java:428)
11-23 20:49:21.051  2313  2328 I TestRunner: 	at java.util.concurrent.FutureTask.run(FutureTask.java:237)
11-23 20:49:21.051  2313  2328 I TestRunner: 	at android.os.Handler.handleCallback(Handler.java:751)
11-23 20:49:21.051  2313  2328 I TestRunner: 	at android.os.Handler.dispatchMessage(Handler.java:95)
11-23 20:49:21.051  2313  2328 I TestRunner: 	at android.os.Looper.loop(Looper.java:154)
11-23 20:49:21.051  2313  2328 I TestRunner: 	at android.app.ActivityThread.main(ActivityThread.java:6077)
11-23 20:49:21.051  2313  2328 I TestRunner: 	at java.lang.reflect.Method.invoke(Native Method)
11-23 20:49:21.051  2313  2328 I TestRunner: 	at com.android.internal.os.ZygoteInit$MethodAndArgsCaller.run(ZygoteInit.java:865)
11-23 20:49:21.051  2313  2328 I TestRunner: 	at com.android.internal.os.ZygoteInit.main(ZygoteInit.java:755)
11-23 20:49:21.051  2313  2328 I TestRunner: ----- end exception -----
11-23 20:49:21.052  2313  2328 I TestRunner: finished: whenPauseGifTest(br.com.catbag.gifreduxsample.ui.giflist.GifListActivityTest)
11-23 20:49:21.097  2313  2313 D LifecycleMonitor: Lifecycle status change: br.com.catbag.gifreduxsample.ui.GifListActivity@c771cdb in: PAUSED
11-23 20:49:21.160   977   977 D gralloc : Registering a buffer in the process that created it. This may cause memory ordering problems.
11-23 20:49:21.161   977   977 E libEGL  : called unimplemented OpenGL ES API
11-23 20:49:21.161   977   977 E SurfaceFlinger: glCheckFramebufferStatusOES error 869012299
11-23 20:49:21.161   977   977 E SurfaceFlinger: got GL_FRAMEBUFFER_COMPLETE_OES error while taking screenshot
11-23 20:49:21.166  1237  2133 W WindowManager: Screenshot failure taking screenshot for (480x800) to layer 21000
11-23 20:49:21.195  2313  2313 I MonitoringInstrumentation: Activities that are still in CREATED to STOPPED: 1
11-23 20:49:21.198  2313  2328 I TestRunner: started: whenLoadMultipleGifsOnAppStateTest(br.com.catbag.gifreduxsample.ui.giflist.GifListActivityTest)
11-23 20:49:21.247  2313  2313 I MonitoringInstrumentation: Activities that are still in CREATED to STOPPED: 1
11-23 20:49:21.491  2313  2329 I DroidFlux:Dispatcher: [STARTED] dispatch of action [FAKE_REDUCE_ACTION]
11-23 20:49:21.492  2313  2329 I DroidFlux:Dispatcher: [COMPLETED] dispatch of action [FAKE_REDUCE_ACTION]
11-23 20:49:21.562  1732  1732 I Choreographer: Skipped 45 frames!  The application may be doing too much work on its main thread.
11-23 20:49:21.595  2313  2388 D ActivityTestRule: Launching activity br.com.catbag.gifreduxsample.ui.GifListActivity
11-23 20:49:21.651  2313  2389 D MonitoringInstrumentation: execStartActivity(context, ibinder, ibinder, activity, intent, int, bundle
11-23 20:49:21.652  1237  2134 I ActivityManager: START u0 {flg=0x10000000 cmp=br.com.catbag.gifreduxsample/.ui.GifListActivity} from uid 10060 on display 0
11-23 20:49:21.810  2313  2313 D LifecycleMonitor: Lifecycle status change: br.com.catbag.gifreduxsample.ui.GifListActivity@9eb1cfa in: PRE_ON_CREATE
11-23 20:49:22.045  2313  2313 D LifecycleMonitor: Lifecycle status change: br.com.catbag.gifreduxsample.ui.GifListActivity@9eb1cfa in: CREATED
11-23 20:49:22.055  2313  2313 D LifecycleMonitor: Lifecycle status change: br.com.catbag.gifreduxsample.ui.GifListActivity@9eb1cfa in: STARTED
11-23 20:49:22.062  2313  2313 D LifecycleMonitor: Lifecycle status change: br.com.catbag.gifreduxsample.ui.GifListActivity@9eb1cfa in: RESUMED
11-23 20:49:22.118  2313  2329 I DroidFlux:Dispatcher: [STARTED] dispatch of action [APP_STATE_LOAD]
11-23 20:49:22.118  2313  2329 D DroidFlux:Dispatcher: An action of type [APP_STATE_LOAD] was dispatched, but no reducer handled it
11-23 20:49:22.119  2313  2329 I DroidFlux:Dispatcher: [COMPLETED] dispatch of action [APP_STATE_LOAD]
11-23 20:49:22.173  1237  1258 I Choreographer: Skipped 41 frames!  The application may be doing too much work on its main thread.
11-23 20:49:22.538  1237  1258 I Choreographer: Skipped 45 frames!  The application may be doing too much work on its main thread.
11-23 20:49:22.691  1237  1258 I Choreographer: Skipped 37 frames!  The application may be doing too much work on its main thread.
11-23 20:49:22.694  2313  2313 I Choreographer: Skipped 164 frames!  The application may be doing too much work on its main thread.
11-23 20:49:22.926  1237  1258 I ActivityManager: Displayed br.com.catbag.gifreduxsample/.ui.GifListActivity: +1s172ms
11-23 20:49:22.979  2313  2313 D LifecycleMonitor: Lifecycle status change: br.com.catbag.gifreduxsample.ui.GifListActivity@c771cdb in: STOPPED
11-23 20:49:22.980  2313  2313 D LifecycleMonitor: Lifecycle status change: br.com.catbag.gifreduxsample.ui.GifListActivity@c771cdb in: DESTROYED
11-23 20:49:22.988  1237  1753 I WindowManager: Destroying surface Surface(name=br.com.catbag.gifreduxsample/br.com.catbag.gifreduxsample.ui.GifListActivity) called by com.android.server.wm.WindowStateAnimator.destroySurface:2014 com.android.server.wm.WindowStateAnimator.destroySurfaceLocked:881 com.android.server.wm.WindowState.removeLocked:1449 com.android.server.wm.WindowManagerService.removeWindowInnerLocked:2478 com.android.server.wm.WindowManagerService.removeWindowLocked:2436 com.android.server.wm.WindowManagerService.removeWindowLocked:2305 com.android.server.wm.WindowManagerService.removeWindow:2300 com.android.server.wm.Session.remove:193 
11-23 20:49:23.172  1237  1258 I WindowManager: Destroying surface Surface(name=Starting br.com.catbag.gifreduxsample) called by com.android.server.wm.WindowStateAnimator.destroySurface:2014 com.android.server.wm.WindowStateAnimator.destroySurfaceLocked:881 com.android.server.wm.WindowState.destroyOrSaveSurface:2073 com.android.server.wm.AppWindowToken.destroySurfaces:363 com.android.server.wm.WindowStateAnimator.finishExit:565 com.android.server.wm.WindowStateAnimator.stepAnimationLocked:491 com.android.server.wm.WindowAnimator.updateWindowsLocked:303 com.android.server.wm.WindowAnimator.animateLocked:704 
11-23 20:49:23.312  1237  1249 I WindowManager: Destroying surface Surface(name=com.android.launcher3/com.android.launcher3.Launcher) called by com.android.server.wm.WindowStateAnimator.destroySurface:2014 com.android.server.wm.WindowStateAnimator.destroySurfaceLocked:881 com.android.server.wm.WindowState.destroyOrSaveSurface:2073 com.android.server.wm.AppWindowToken.destroySurfaces:363 com.android.server.wm.AppWindowToken.notifyAppStopped:389 com.android.server.wm.WindowManagerService.notifyAppStopped:4456 com.android.server.am.ActivityStack.activityStoppedLocked:1252 com.android.server.am.ActivityManagerService.activityStopped:6873 
11-23 20:49:25.235  1237  1324 E TaskPersister: File error accessing recents directory (directory doesn't exist?).
11-23 20:49:35.869  2313  2324 I art     : Background sticky concurrent mark sweep GC freed 63218(1923KB) AllocSpace objects, 0(0B) LOS objects, 16% free, 10MB/12MB, paused 5.565ms total 130.131ms
11-23 20:49:52.097  2313  2313 D LifecycleMonitor: Lifecycle status change: br.com.catbag.gifreduxsample.ui.GifListActivity@9eb1cfa in: PAUSED
11-23 20:49:52.143  2313  2328 I TestRunner: failed: whenLoadMultipleGifsOnAppStateTest(br.com.catbag.gifreduxsample.ui.giflist.GifListActivityTest)
11-23 20:49:52.143  2313  2328 I TestRunner: ----- begin exception -----
11-23 20:49:52.145  2313  2328 I TestRunner: java.lang.RuntimeException: Waited for the root of the view hierarchy to have window focus and not be requesting layout for over 10 seconds. If you specified a non default root matcher, it may be picking a root that never takes focus. Otherwise, something is seriously wrong. Selected Root:
11-23 20:49:52.145  2313  2328 I TestRunner: Root{application-window-token=android.view.ViewRootImpl$W@978805, window-token=android.view.ViewRootImpl$W@978805, has-window-focus=false, layout-params-type=1, layout-params-string=WM.LayoutParams{(0,0)(fillxfill) sim=#100 ty=1 fl=#81810100 wanim=0x1030465 needsMenuKey=2}, decor-view-string=DecorView{id=-1, visibility=VISIBLE, width=480, height=800, has-focus=true, has-focusable=true, has-window-focus=false, is-clickable=false, is-enabled=true, is-focused=false, is-focusable=false, is-layout-requested=false, is-selected=false, root-is-layout-requested=false, has-input-connection=false, x=0.0, y=0.0, child-count=1}}
11-23 20:49:52.145  2313  2328 I TestRunner: . All Roots:
11-23 20:49:52.145  2313  2328 I TestRunner: Root{application-window-token=android.view.ViewRootImpl$W@978805, window-token=android.view.ViewRootImpl$W@978805, has-window-focus=false, layout-params-type=1, layout-params-string=WM.LayoutParams{(0,0)(fillxfill) sim=#100 ty=1 fl=#81810100 wanim=0x1030465 needsMenuKey=2}, decor-view-string=DecorView{id=-1, visibility=VISIBLE, width=480, height=800, has-focus=true, has-focusable=true, has-window-focus=false, is-clickable=false, is-enabled=true, is-focused=false, is-focusable=false, is-layout-requested=false, is-selected=false, root-is-layout-requested=false, has-input-connection=false, x=0.0, y=0.0, child-count=1}}
11-23 20:49:52.145  2313  2328 I TestRunner: 	at android.support.test.espresso.base.RootViewPicker.get(RootViewPicker.java:99)
11-23 20:49:52.145  2313  2328 I TestRunner: 	at android.support.test.espresso.ViewInteractionModule.provideRootView(ViewInteractionModule.java:69)
11-23 20:49:52.145  2313  2328 I TestRunner: 	at android.support.test.espresso.ViewInteractionModule_ProvideRootViewFactory.get(ViewInteractionModule_ProvideRootViewFactory.java:23)
11-23 20:49:52.145  2313  2328 I TestRunner: 	at android.support.test.espresso.ViewInteractionModule_ProvideRootViewFactory.get(ViewInteractionModule_ProvideRootViewFactory.java:9)
11-23 20:49:52.145  2313  2328 I TestRunner: 	at android.support.test.espresso.base.ViewFinderImpl.getView(ViewFinderImpl.java:68)
11-23 20:49:52.145  2313  2328 I TestRunner: 	at android.support.test.espresso.ViewInteraction$2.run(ViewInteraction.java:166)
11-23 20:49:52.145  2313  2328 I TestRunner: 	at java.util.concurrent.Executors$RunnableAdapter.call(Executors.java:428)
11-23 20:49:52.145  2313  2328 I TestRunner: 	at java.util.concurrent.FutureTask.run(FutureTask.java:237)
11-23 20:49:52.145  2313  2328 I TestRunner: 	at android.os.Handler.handleCallback(Handler.java:751)
11-23 20:49:52.145  2313  2328 I TestRunner: 	at android.os.Handler.dispatchMessage(Handler.java:95)
11-23 20:49:52.145  2313  2328 I TestRunner: 	at android.os.Looper.loop(Looper.java:154)
11-23 20:49:52.145  2313  2328 I TestRunner: 	at android.app.ActivityThread.main(ActivityThread.java:6077)
11-23 20:49:52.145  2313  2328 I TestRunner: 	at java.lang.reflect.Method.invoke(Native Method)
11-23 20:49:52.145  2313  2328 I TestRunner: 	at com.android.internal.os.ZygoteInit$MethodAndArgsCaller.run(ZygoteInit.java:865)
11-23 20:49:52.145  2313  2328 I TestRunner: 	at com.android.internal.os.ZygoteInit.main(ZygoteInit.java:755)
11-23 20:49:52.146  2313  2328 I TestRunner: ----- end exception -----
11-23 20:49:52.148  2313  2328 I TestRunner: finished: whenLoadMultipleGifsOnAppStateTest(br.com.catbag.gifreduxsample.ui.giflist.GifListActivityTest)
11-23 20:49:52.258   977   977 D gralloc : Registering a buffer in the process that created it. This may cause memory ordering problems.
11-23 20:49:52.258   977   977 E libEGL  : called unimplemented OpenGL ES API
11-23 20:49:52.259   977   977 E SurfaceFlinger: glCheckFramebufferStatusOES error 869012299
11-23 20:49:52.259   977   977 E SurfaceFlinger: got GL_FRAMEBUFFER_COMPLETE_OES error while taking screenshot
11-23 20:49:52.261  1237  1436 W WindowManager: Screenshot failure taking screenshot for (480x800) to layer 21000
11-23 20:49:52.345  2313  2313 I MonitoringInstrumentation: Activities that are still in CREATED to STOPPED: 1
11-23 20:49:52.347  2313  2328 I TestRunner: run finished: 15 tests, 11 failed, 0 ignored
11-23 20:49:52.923  2313  2328 I MonitoringInstrumentation: Unstopped activity count: 1
11-23 20:49:52.931  2313  2313 I MonitoringInstrumentation: Activities that are still in CREATED to STOPPED: 1
11-23 20:49:52.984  2313  2328 I MonitoringInstrumentation: Unstopped activity count: 1
11-23 20:49:53.003  2313  2324 I art     : Background sticky concurrent mark sweep GC freed 45981(1990KB) AllocSpace objects, 6(308KB) LOS objects, 15% free, 10MB/12MB, paused 31.840ms total 527.814ms
11-23 20:49:53.044  2313  2328 I MonitoringInstrumentation: Unstopped activity count: 1
11-23 20:49:53.091  1237  1247 I art     : Background sticky concurrent mark sweep GC freed 21589(1801KB) AllocSpace objects, 12(240KB) LOS objects, 26% free, 7MB/10MB, paused 21.054ms total 174.893ms
11-23 20:49:53.104  2313  2328 I MonitoringInstrumentation: Unstopped activity count: 1
11-23 20:49:53.164  2313  2328 I MonitoringInstrumentation: Unstopped activity count: 1
11-23 20:49:53.224  2313  2328 I MonitoringInstrumentation: Unstopped activity count: 1
11-23 20:49:53.285  2313  2328 I MonitoringInstrumentation: Unstopped activity count: 1
11-23 20:49:53.345  2313  2328 I MonitoringInstrumentation: Unstopped activity count: 1
11-23 20:49:53.404  2313  2328 I MonitoringInstrumentation: Unstopped activity count: 1
11-23 20:49:53.421  1237  1258 I Choreographer: Skipped 35 frames!  The application may be doing too much work on its main thread.
11-23 20:49:53.465  2313  2328 I MonitoringInstrumentation: Unstopped activity count: 1
11-23 20:49:53.525  2313  2328 I MonitoringInstrumentation: Unstopped activity count: 1
11-23 20:49:53.563  1237  1258 I Choreographer: Skipped 32 frames!  The application may be doing too much work on its main thread.
11-23 20:49:53.585  2313  2328 I MonitoringInstrumentation: Unstopped activity count: 1
11-23 20:49:53.645  2313  2328 I MonitoringInstrumentation: Unstopped activity count: 1
11-23 20:49:53.705  2313  2328 I MonitoringInstrumentation: Unstopped activity count: 1
11-23 20:49:53.713  1237  1258 I Choreographer: Skipped 33 frames!  The application may be doing too much work on its main thread.
11-23 20:49:53.765  2313  2328 I MonitoringInstrumentation: Unstopped activity count: 1
11-23 20:49:53.825  2313  2328 I MonitoringInstrumentation: Unstopped activity count: 1
11-23 20:49:53.876  1237  1258 I Choreographer: Skipped 39 frames!  The application may be doing too much work on its main thread.
11-23 20:49:53.885  2313  2328 I MonitoringInstrumentation: Unstopped activity count: 1
11-23 20:49:53.945  2313  2328 I MonitoringInstrumentation: Unstopped activity count: 1
11-23 20:49:54.005  2313  2328 I MonitoringInstrumentation: Unstopped activity count: 1
11-23 20:49:54.062  2313  2313 D LifecycleMonitor: Lifecycle status change: br.com.catbag.gifreduxsample.ui.GifListActivity@9eb1cfa in: STOPPED
11-23 20:49:54.064  2313  2328 I MonitoringInstrumentation: Unstopped activity count: 1
11-23 20:49:54.088  2313  2313 D LifecycleMonitor: Lifecycle status change: br.com.catbag.gifreduxsample.ui.GifListActivity@9eb1cfa in: DESTROYED
11-23 20:49:54.123  1237  1248 I WindowManager: Destroying surface Surface(name=br.com.catbag.gifreduxsample/br.com.catbag.gifreduxsample.ui.GifListActivity) called by com.android.server.wm.WindowStateAnimator.destroySurface:2014 com.android.server.wm.WindowStateAnimator.destroySurfaceLocked:881 com.android.server.wm.WindowState.removeLocked:1449 com.android.server.wm.WindowManagerService.removeWindowInnerLocked:2478 com.android.server.wm.WindowManagerService.removeWindowLocked:2436 com.android.server.wm.WindowManagerService.removeWindowLocked:2305 com.android.server.wm.WindowManagerService.removeWindow:2300 com.android.server.wm.Session.remove:193 
11-23 20:49:54.125  2313  2328 I MonitoringInstrumentation: waitForActivitiesToComplete() took: 1205ms
11-23 20:49:54.152  1237  1753 I ActivityManager: Force stopping br.com.catbag.gifreduxsample appid=10060 user=0: finished inst
11-23 20:49:54.157  2302  2302 D AndroidRuntime: Shutting down VM
11-23 20:49:54.204  1237  1753 I ActivityManager: Killing 2313:br.com.catbag.gifreduxsample/u0a60 (adj 0): stop br.com.catbag.gifreduxsample
11-23 20:49:56.031  2404  2404 D AndroidRuntime: >>>>>> START com.android.internal.os.RuntimeInit uid 2000 <<<<<<
11-23 20:49:56.043  2404  2404 D AndroidRuntime: CheckJNI is ON
11-23 20:49:56.176  2404  2404 W art     : Unexpected CPU variant for X86 using defaults: x86
11-23 20:49:56.194  2404  2404 D ICU     : No timezone override file found: /data/misc/zoneinfo/current/icu/icu_tzdata.dat
11-23 20:49:56.246  2404  2404 E memtrack: Couldn't load memtrack module (No such file or directory)
11-23 20:49:56.246  2404  2404 E android.os.Debug: failed to load memtrack module: -2
11-23 20:49:56.249  2404  2404 I Radio-JNI: register_android_hardware_Radio DONE
11-23 20:49:56.285  2404  2404 D AndroidRuntime: Calling main entry com.android.commands.pm.Pm
11-23 20:49:56.341  1237  1251 I ActivityManager: Force stopping br.com.catbag.gifreduxsample.test appid=10061 user=-1: deletePackageX
11-23 20:49:56.603  1237  1263 I art     : Starting a blocking GC Explicit
11-23 20:49:56.685  1237  1263 I art     : Explicit concurrent mark sweep GC freed 23238(1219KB) AllocSpace objects, 4(80KB) LOS objects, 33% free, 6MB/10MB, paused 6.090ms total 79.851ms
11-23 20:49:56.704  2404  2404 I art     : System.exit called, status: 0
11-23 20:49:56.705  2404  2404 I AndroidRuntime: VM exiting with result code 0.
11-23 20:49:56.777  1237  1263 I ActivityManager: Force stopping br.com.catbag.gifreduxsample.test appid=10061 user=0: pkg removed
11-23 20:49:57.018  1237  1279 I InputReader: Reconfiguring input devices.  changes=0x00000010
11-23 20:49:57.194  1237  1263 W art     : Long monitor contention with owner ActivityManager (1251) at void com.android.server.am.BroadcastQueue.processNextBroadcast(boolean)(BroadcastQueue.java:754) waiters=0 in int com.android.server.am.ActivityManagerService.broadcastIntent(android.app.IApplicationThread, android.content.Intent, java.lang.String, android.content.IIntentReceiver, int, java.lang.String, android.os.Bundle, java.lang.String[], int, android.os.Bundle, boolean, boolean, int) for 251ms
11-23 20:49:57.202  1237  1263 E KernelUidCpuTimeReader: failed to remove uid from uid_cputime module
11-23 20:49:57.202  1237  1263 E KernelUidCpuTimeReader: java.io.FileNotFoundException: /proc/uid_cputime/remove_uid_range (No such file or directory)
11-23 20:49:57.202  1237  1263 E KernelUidCpuTimeReader: 	at java.io.FileOutputStream.open(Native Method)
11-23 20:49:57.202  1237  1263 E KernelUidCpuTimeReader: 	at java.io.FileOutputStream.<init>(FileOutputStream.java:221)
11-23 20:49:57.202  1237  1263 E KernelUidCpuTimeReader: 	at java.io.FileOutputStream.<init>(FileOutputStream.java:108)
11-23 20:49:57.202  1237  1263 E KernelUidCpuTimeReader: 	at java.io.FileWriter.<init>(FileWriter.java:63)
11-23 20:49:57.202  1237  1263 E KernelUidCpuTimeReader: 	at com.android.internal.os.KernelUidCpuTimeReader.removeUid(KernelUidCpuTimeReader.java:158)
11-23 20:49:57.202  1237  1263 E KernelUidCpuTimeReader: 	at com.android.internal.os.BatteryStatsImpl.removeUidStatsLocked(BatteryStatsImpl.java:9805)
11-23 20:49:57.202  1237  1263 E KernelUidCpuTimeReader: 	at com.android.server.am.BatteryStatsService.removeUid(BatteryStatsService.java:291)
11-23 20:49:57.202  1237  1263 E KernelUidCpuTimeReader: 	at com.android.server.am.ActivityManagerService.broadcastIntentLocked(ActivityManagerService.java:17767)
11-23 20:49:57.202  1237  1263 E KernelUidCpuTimeReader: 	at com.android.server.am.ActivityManagerService.broadcastIntent(ActivityManagerService.java:18256)
11-23 20:49:57.202  1237  1263 E KernelUidCpuTimeReader: 	at com.android.server.pm.PackageManagerService$8.run(PackageManagerService.java:11407)
11-23 20:49:57.202  1237  1263 E KernelUidCpuTimeReader: 	at android.os.Handler.handleCallback(Handler.java:751)
11-23 20:49:57.202  1237  1263 E KernelUidCpuTimeReader: 	at android.os.Handler.dispatchMessage(Handler.java:95)
11-23 20:49:57.202  1237  1263 E KernelUidCpuTimeReader: 	at android.os.Looper.loop(Looper.java:154)
11-23 20:49:57.202  1237  1263 E KernelUidCpuTimeReader: 	at android.os.HandlerThread.run(HandlerThread.java:61)
11-23 20:49:57.202  1237  1263 E KernelUidCpuTimeReader: 	at com.android.server.ServiceThread.run(ServiceThread.java:46)
11-23 20:49:57.437  1237  1324 E TaskPersister: File error accessing recents directory (directory doesn't exist?).
11-23 20:49:57.671  1237  1252 W art     : Long monitor contention with owner NetworkStats (1299) at boolean java.io.UnixFileSystem.createFileExclusively0(java.lang.String)(UnixFileSystem.java:-2) waiters=0 in void com.android.server.net.NetworkStatsService.setUidForeground(int, boolean) for 233ms
11-23 20:49:57.687  1449  1449 D CarrierSvcBindHelper: No carrier app for: 0
