11-24 18:48:04.702  2256  2273 I DroidFlux:Dispatcher: [COMPLETED] dispatch of action [FAKE_REDUCE_ACTION]
11-24 18:48:04.703  2256  2302 D ActivityTestRule: Launching activity br.com.catbag.gifreduxsample.ui.GifListActivity
11-24 18:48:04.704  2256  2303 D MonitoringInstrumentation: execStartActivity(context, ibinder, ibinder, activity, intent, int, bundle
11-24 18:48:04.705  1239  1783 I ActivityManager: START u0 {flg=0x10000000 cmp=br.com.catbag.gifreduxsample/.ui.GifListActivity} from uid 10060 on display 0
11-24 18:48:04.755  1239  1260 I WindowManager: Destroying surface Surface(name=Starting br.com.catbag.gifreduxsample) called by com.android.server.wm.WindowStateAnimator.destroySurface:2014 com.android.server.wm.WindowStateAnimator.destroySurfaceLocked:881 com.android.server.wm.WindowState.removeLocked:1449 com.android.server.wm.WindowManagerService.removeWindowInnerLocked:2478 com.android.server.wm.AppWindowToken.destroySurfaces:365 com.android.server.wm.WindowStateAnimator.finishExit:565 com.android.server.wm.WindowStateAnimator.stepAnimationLocked:491 com.android.server.wm.WindowAnimator.updateWindowsLocked:303 
11-24 18:48:04.799  2256  2256 D LifecycleMonitor: Lifecycle status change: br.com.catbag.gifreduxsample.ui.GifListActivity@4116eae in: PRE_ON_CREATE
11-24 18:48:04.812  2256  2256 D LifecycleMonitor: Lifecycle status change: br.com.catbag.gifreduxsample.ui.GifListActivity@4116eae in: CREATED
11-24 18:48:04.813  2256  2256 D LifecycleMonitor: Lifecycle status change: br.com.catbag.gifreduxsample.ui.GifListActivity@4116eae in: STARTED
11-24 18:48:04.814  2256  2273 I DroidFlux:Dispatcher: [STARTED] dispatch of action [APP_STATE_LOAD]
11-24 18:48:04.814  2256  2273 D DroidFlux:Dispatcher: An action of type [APP_STATE_LOAD] was dispatched, but no reducer handled it
11-24 18:48:04.815  2256  2273 I DroidFlux:Dispatcher: [COMPLETED] dispatch of action [APP_STATE_LOAD]
11-24 18:48:04.815  2256  2256 D LifecycleMonitor: Lifecycle status change: br.com.catbag.gifreduxsample.ui.GifListActivity@4116eae in: RESUMED
11-24 18:48:05.022  1239  1352 I WindowManager: Destroying surface Surface(name=com.android.launcher3/com.android.launcher3.Launcher) called by com.android.server.wm.WindowStateAnimator.destroySurface:2014 com.android.server.wm.WindowStateAnimator.destroySurfaceLocked:881 com.android.server.wm.WindowState.destroyOrSaveSurface:2073 com.android.server.wm.AppWindowToken.destroySurfaces:363 com.android.server.wm.AppWindowToken.notifyAppStopped:389 com.android.server.wm.WindowManagerService.notifyAppStopped:4456 com.android.server.am.ActivityStack.activityStoppedLocked:1252 com.android.server.am.ActivityManagerService.activityStopped:6873 
11-24 18:48:05.061  2256  2256 D LifecycleMonitor: Lifecycle status change: br.com.catbag.gifreduxsample.ui.GifListActivity@389a702 in: STOPPED
11-24 18:48:05.061  2256  2256 D LifecycleMonitor: Lifecycle status change: br.com.catbag.gifreduxsample.ui.GifListActivity@389a702 in: DESTROYED
11-24 18:48:05.093  2256  2256 W ResourceType: No package identifier when getting name for resource number 0x000000e9
11-24 18:48:05.093  2256  2256 I ViewInteraction: Performing 'scroll RecyclerView to position: 4' action on view with id: 233 (resource name not found)
11-24 18:48:05.149  1239  1260 I ActivityManager: Displayed br.com.catbag.gifreduxsample/.ui.GifListActivity: +385ms
11-24 18:48:05.322  1239  1260 I WindowManager: Destroying surface Surface(name=br.com.catbag.gifreduxsample/br.com.catbag.gifreduxsample.ui.GifListActivity) called by com.android.server.wm.WindowStateAnimator.destroySurface:2014 com.android.server.wm.WindowStateAnimator.destroySurfaceLocked:881 com.android.server.wm.WindowState.destroyOrSaveSurface:2073 com.android.server.wm.AppWindowToken.destroySurfaces:363 com.android.server.wm.WindowStateAnimator.finishExit:565 com.android.server.wm.WindowStateAnimator.stepAnimationLocked:491 com.android.server.wm.WindowAnimator.updateWindowsLocked:303 com.android.server.wm.WindowAnimator.animateLocked:704 
11-24 18:48:05.369  1239  1260 I WindowManager: Destroying surface Surface(name=Starting br.com.catbag.gifreduxsample) called by com.android.server.wm.WindowStateAnimator.destroySurface:2014 com.android.server.wm.WindowStateAnimator.destroySurfaceLocked:881 com.android.server.wm.WindowState.destroyOrSaveSurface:2073 com.android.server.wm.AppWindowToken.destroySurfaces:363 com.android.server.wm.WindowStateAnimator.finishExit:565 com.android.server.wm.WindowStateAnimator.stepAnimationLocked:491 com.android.server.wm.WindowAnimator.updateWindowsLocked:303 com.android.server.wm.WindowAnimator.animateLocked:704 
11-24 18:48:05.430  2256  2256 W ResourceType: No package identifier when getting name for resource number 0x000000e9
11-24 18:48:05.442  2256  2256 W ResourceType: No package identifier when getting name for resource number 0x000000ea
11-24 18:48:05.442  2256  2256 I ViewInteraction: Performing 'actionOnItemAtPosition performing ViewAction: single click on item at position: 0' action on view with id: 234 (resource name not found)
11-24 18:48:05.561  2256  2273 I DroidFlux:Dispatcher: [STARTED] dispatch of action [GIF_PLAY]
11-24 18:48:05.562  2256  2273 I DroidFlux:Dispatcher: [COMPLETED] dispatch of action [GIF_PLAY]
11-24 18:48:05.694  2256  2267 I art     : Background partial concurrent mark sweep GC freed 13080(890KB) AllocSpace objects, 13(2MB) LOS objects, 29% free, 9MB/13MB, paused 10.626ms total 251.179ms
11-24 18:48:06.219  2256  2272 I TestRunner: finished: whenScrollUpAndPlayFirstItemTest(br.com.catbag.gifreduxsample.ui.giflist.GifListActivityTest)
11-24 18:48:06.235  2256  2256 D LifecycleMonitor: Lifecycle status change: br.com.catbag.gifreduxsample.ui.GifListActivity@4116eae in: PAUSED
11-24 18:48:06.334   979   979 D gralloc : Registering a buffer in the process that created it. This may cause memory ordering problems.
11-24 18:48:06.335   979   979 E libEGL  : called unimplemented OpenGL ES API
11-24 18:48:06.335   979   979 E SurfaceFlinger: glCheckFramebufferStatusOES error 1025979246
11-24 18:48:06.335   979   979 E SurfaceFlinger: got GL_FRAMEBUFFER_COMPLETE_OES error while taking screenshot
11-24 18:48:06.337  1239  1251 W WindowManager: Screenshot failure taking screenshot for (480x800) to layer 21005
11-24 18:48:06.345  2256  2256 I MonitoringInstrumentation: Activities that are still in CREATED to STOPPED: 1
11-24 18:48:06.348  2256  2272 I TestRunner: started: whenGifIsDownloadedTest(br.com.catbag.gifreduxsample.ui.giflist.GifListActivityTest)
11-24 18:48:06.420  2256  2256 I MonitoringInstrumentation: Activities that are still in CREATED to STOPPED: 1
11-24 18:48:06.574  2256  2273 I DroidFlux:Dispatcher: [STARTED] dispatch of action [FAKE_REDUCE_ACTION]
11-24 18:48:06.575  2256  2273 I DroidFlux:Dispatcher: [COMPLETED] dispatch of action [FAKE_REDUCE_ACTION]
11-24 18:48:06.609  2256  2304 D ActivityTestRule: Launching activity br.com.catbag.gifreduxsample.ui.GifListActivity
11-24 18:48:06.621  2256  2305 D MonitoringInstrumentation: execStartActivity(context, ibinder, ibinder, activity, intent, int, bundle
11-24 18:48:06.622  1239  1250 I ActivityManager: START u0 {flg=0x10000000 cmp=br.com.catbag.gifreduxsample/.ui.GifListActivity} from uid 10060 on display 0
11-24 18:48:06.690  2256  2256 D LifecycleMonitor: Lifecycle status change: br.com.catbag.gifreduxsample.ui.GifListActivity@9f16482 in: PRE_ON_CREATE
11-24 18:48:06.710  2256  2256 D LifecycleMonitor: Lifecycle status change: br.com.catbag.gifreduxsample.ui.GifListActivity@9f16482 in: CREATED
11-24 18:48:06.710  2256  2256 D LifecycleMonitor: Lifecycle status change: br.com.catbag.gifreduxsample.ui.GifListActivity@9f16482 in: STARTED
11-24 18:48:06.711  2256  2273 I DroidFlux:Dispatcher: [STARTED] dispatch of action [APP_STATE_LOAD]
11-24 18:48:06.712  2256  2273 D DroidFlux:Dispatcher: An action of type [APP_STATE_LOAD] was dispatched, but no reducer handled it
11-24 18:48:06.712  2256  2273 I DroidFlux:Dispatcher: [COMPLETED] dispatch of action [APP_STATE_LOAD]
11-24 18:48:06.714  2256  2256 D LifecycleMonitor: Lifecycle status change: br.com.catbag.gifreduxsample.ui.GifListActivity@9f16482 in: RESUMED
11-24 18:48:06.828  1239  1783 W InputMethodManagerService: Starting input on non-focused client com.android.internal.view.IInputMethodClient$Stub$Proxy@6273203 (uid=10012 pid=1832)
11-24 18:48:06.979  1239  1260 I ActivityManager: Displayed br.com.catbag.gifreduxsample/.ui.GifListActivity: +330ms
11-24 18:48:07.057  2256  2256 D LifecycleMonitor: Lifecycle status change: br.com.catbag.gifreduxsample.ui.GifListActivity@9f16482 in: PAUSED
11-24 18:48:07.070  2256  2272 I TestRunner: finished: whenGifIsDownloadedTest(br.com.catbag.gifreduxsample.ui.giflist.GifListActivityTest)
11-24 18:48:07.141   979   979 D gralloc : Registering a buffer in the process that created it. This may cause memory ordering problems.
11-24 18:48:07.143   979   979 E SurfaceFlinger: glCheckFramebufferStatusOES error 1025979246
11-24 18:48:07.143   979   979 E SurfaceFlinger: got GL_FRAMEBUFFER_COMPLETE_OES error while taking screenshot
11-24 18:48:07.145  1239  1352 W WindowManager: Screenshot failure taking screenshot for (480x800) to layer 22015
11-24 18:48:07.162  1239  1250 W InputMethodManagerService: Starting input on non-focused client com.android.internal.view.IInputMethodClient$Stub$Proxy@6273203 (uid=10012 pid=1832)
11-24 18:48:07.165  1832  1832 I Choreographer: Skipped 32 frames!  The application may be doing too much work on its main thread.
11-24 18:48:07.188  2256  2256 I MonitoringInstrumentation: Activities that are still in CREATED to STOPPED: 2
11-24 18:48:07.190  2256  2272 I TestRunner: started: whenPlayGifTest(br.com.catbag.gifreduxsample.ui.giflist.GifListActivityTest)
11-24 18:48:07.192  2256  2256 I MonitoringInstrumentation: Activities that are still in CREATED to STOPPED: 2
11-24 18:48:07.249  2256  2273 I DroidFlux:Dispatcher: [STARTED] dispatch of action [FAKE_REDUCE_ACTION]
11-24 18:48:07.249  2256  2273 I DroidFlux:Dispatcher: [COMPLETED] dispatch of action [FAKE_REDUCE_ACTION]
11-24 18:48:07.265  1239  1260 I WindowManager: Destroying surface Surface(name=Starting br.com.catbag.gifreduxsample) called by com.android.server.wm.WindowStateAnimator.destroySurface:2014 com.android.server.wm.WindowStateAnimator.destroySurfaceLocked:881 com.android.server.wm.WindowState.removeLocked:1449 com.android.server.wm.WindowManagerService.removeWindowInnerLocked:2478 com.android.server.wm.AppWindowToken.destroySurfaces:365 com.android.server.wm.WindowStateAnimator.finishExit:565 com.android.server.wm.WindowStateAnimator.stepAnimationLocked:491 com.android.server.wm.WindowAnimator.updateWindowsLocked:303 
11-24 18:48:07.307  1239  1434 D WindowManager: relayoutVisibleWindow: Window{49fb530 u0 com.android.launcher3/com.android.launcher3.Launcher EXITING} mAnimatingExit=true, mRemoveOnExit=false, mDestroying=false
11-24 18:48:07.344  2256  2306 D ActivityTestRule: Launching activity br.com.catbag.gifreduxsample.ui.GifListActivity
11-24 18:48:07.348  2256  2307 D MonitoringInstrumentation: execStartActivity(context, ibinder, ibinder, activity, intent, int, bundle
11-24 18:48:07.349  1239  1251 I ActivityManager: START u0 {flg=0x10000000 cmp=br.com.catbag.gifreduxsample/.ui.GifListActivity} from uid 10060 on display 0
11-24 18:48:07.402  1832  1832 I Choreographer: Skipped 50 frames!  The application may be doing too much work on its main thread.
11-24 18:48:07.512  2256  2256 W IInputConnectionWrapper: reportFullscreenMode on inexistent InputConnection
11-24 18:48:07.689  1832  1832 I Choreographer: Skipped 73 frames!  The application may be doing too much work on its main thread.
11-24 18:48:07.699  2256  2256 D LifecycleMonitor: Lifecycle status change: br.com.catbag.gifreduxsample.ui.GifListActivity@3d6c6a9 in: PRE_ON_CREATE
11-24 18:48:07.781  2256  2256 D LifecycleMonitor: Lifecycle status change: br.com.catbag.gifreduxsample.ui.GifListActivity@3d6c6a9 in: CREATED
11-24 18:48:07.782  2256  2273 I DroidFlux:Dispatcher: [STARTED] dispatch of action [APP_STATE_LOAD]
11-24 18:48:07.782  2256  2273 D DroidFlux:Dispatcher: An action of type [APP_STATE_LOAD] was dispatched, but no reducer handled it
11-24 18:48:07.782  2256  2273 I DroidFlux:Dispatcher: [COMPLETED] dispatch of action [APP_STATE_LOAD]
11-24 18:48:07.783  2256  2256 D LifecycleMonitor: Lifecycle status change: br.com.catbag.gifreduxsample.ui.GifListActivity@3d6c6a9 in: STARTED
11-24 18:48:07.784  2256  2256 D LifecycleMonitor: Lifecycle status change: br.com.catbag.gifreduxsample.ui.GifListActivity@3d6c6a9 in: RESUMED
11-24 18:48:08.055  2256  2256 I ViewInteraction: Performing 'single click' action on view with id: br.com.catbag.gifreduxsample:id/gif_image
11-24 18:48:08.077  1239  1260 I ActivityManager: Displayed br.com.catbag.gifreduxsample/.ui.GifListActivity: +444ms
11-24 18:48:08.117  2256  2273 I DroidFlux:Dispatcher: [STARTED] dispatch of action [GIF_PLAY]
11-24 18:48:08.118  2256  2273 I DroidFlux:Dispatcher: [COMPLETED] dispatch of action [GIF_PLAY]
11-24 18:48:08.339  1239  1260 I WindowManager: Destroying surface Surface(name=Starting br.com.catbag.gifreduxsample) called by com.android.server.wm.WindowStateAnimator.destroySurface:2014 com.android.server.wm.WindowStateAnimator.destroySurfaceLocked:881 com.android.server.wm.WindowState.destroyOrSaveSurface:2073 com.android.server.wm.AppWindowToken.destroySurfaces:363 com.android.server.wm.WindowStateAnimator.finishExit:565 com.android.server.wm.WindowStateAnimator.stepAnimationLocked:491 com.android.server.wm.WindowAnimator.updateWindowsLocked:303 com.android.server.wm.WindowAnimator.animateLocked:704 
11-24 18:48:08.447  2256  2256 D LifecycleMonitor: Lifecycle status change: br.com.catbag.gifreduxsample.ui.GifListActivity@9f16482 in: STOPPED
11-24 18:48:08.447  2256  2256 D LifecycleMonitor: Lifecycle status change: br.com.catbag.gifreduxsample.ui.GifListActivity@9f16482 in: DESTROYED
11-24 18:48:08.454  1239  1251 I WindowManager: Destroying surface Surface(name=br.com.catbag.gifreduxsample/br.com.catbag.gifreduxsample.ui.GifListActivity) called by com.android.server.wm.WindowStateAnimator.destroySurface:2014 com.android.server.wm.WindowStateAnimator.destroySurfaceLocked:881 com.android.server.wm.WindowState.removeLocked:1449 com.android.server.wm.WindowManagerService.removeWindowInnerLocked:2478 com.android.server.wm.WindowManagerService.removeWindowLocked:2436 com.android.server.wm.WindowManagerService.removeWindowLocked:2305 com.android.server.wm.WindowManagerService.removeWindow:2300 com.android.server.wm.Session.remove:193 
11-24 18:48:08.492  2256  2256 D LifecycleMonitor: Lifecycle status change: br.com.catbag.gifreduxsample.ui.GifListActivity@4116eae in: STOPPED
11-24 18:48:08.493  2256  2256 D LifecycleMonitor: Lifecycle status change: br.com.catbag.gifreduxsample.ui.GifListActivity@4116eae in: DESTROYED
11-24 18:48:08.495  1239  1352 I WindowManager: Destroying surface Surface(name=br.com.catbag.gifreduxsample/br.com.catbag.gifreduxsample.ui.GifListActivity) called by com.android.server.wm.WindowStateAnimator.destroySurface:2014 com.android.server.wm.WindowStateAnimator.destroySurfaceLocked:881 com.android.server.wm.WindowState.removeLocked:1449 com.android.server.wm.WindowManagerService.removeWindowInnerLocked:2478 com.android.server.wm.WindowManagerService.removeWindowLocked:2436 com.android.server.wm.WindowManagerService.removeWindowLocked:2305 com.android.server.wm.WindowManagerService.removeWindow:2300 com.android.server.wm.Session.remove:193 
11-24 18:48:08.657  1239  1249 I art     : Background sticky concurrent mark sweep GC freed 33044(2MB) AllocSpace objects, 7(140KB) LOS objects, 28% free, 7MB/10MB, paused 15.142ms total 167.857ms
11-24 18:48:08.664  1239  1434 I WindowManager: Destroying surface Surface(name=com.android.launcher3/com.android.launcher3.Launcher) called by com.android.server.wm.WindowStateAnimator.destroySurface:2014 com.android.server.wm.WindowStateAnimator.destroySurfaceLocked:881 com.android.server.wm.WindowState.destroyOrSaveSurface:2073 com.android.server.wm.AppWindowToken.destroySurfaces:363 com.android.server.wm.AppWindowToken.notifyAppStopped:389 com.android.server.wm.WindowManagerService.notifyAppStopped:4456 com.android.server.am.ActivityStack.activityStoppedLocked:1252 com.android.server.am.ActivityManagerService.activityStopped:6873 
11-24 18:48:08.933  2256  2256 D LifecycleMonitor: Lifecycle status change: br.com.catbag.gifreduxsample.ui.GifListActivity@3d6c6a9 in: PAUSED
11-24 18:48:08.957  2256  2272 I TestRunner: finished: whenPlayGifTest(br.com.catbag.gifreduxsample.ui.giflist.GifListActivityTest)
11-24 18:48:08.972   979   979 D gralloc : Registering a buffer in the process that created it. This may cause memory ordering problems.
11-24 18:48:08.972   979   979 E libEGL  : called unimplemented OpenGL ES API
11-24 18:48:08.974   979   979 E SurfaceFlinger: glCheckFramebufferStatusOES error 1025979246
11-24 18:48:08.974   979   979 E SurfaceFlinger: got GL_FRAMEBUFFER_COMPLETE_OES error while taking screenshot
11-24 18:48:08.980  1239  1352 W WindowManager: Screenshot failure taking screenshot for (480x800) to layer 21005
11-24 18:48:09.030  2256  2256 I MonitoringInstrumentation: Activities that are still in CREATED to STOPPED: 1
11-24 18:48:09.031  2256  2272 I TestRunner: started: whenGifDownloadFailTest(br.com.catbag.gifreduxsample.ui.giflist.GifListActivityTest)
11-24 18:48:09.102  2256  2256 I MonitoringInstrumentation: Activities that are still in CREATED to STOPPED: 1
11-24 18:48:09.132  2256  2273 I DroidFlux:Dispatcher: [STARTED] dispatch of action [FAKE_REDUCE_ACTION]
11-24 18:48:09.132  2256  2273 I DroidFlux:Dispatcher: [COMPLETED] dispatch of action [FAKE_REDUCE_ACTION]
11-24 18:48:09.133  2256  2308 D ActivityTestRule: Launching activity br.com.catbag.gifreduxsample.ui.GifListActivity
11-24 18:48:09.143  2256  2309 D MonitoringInstrumentation: execStartActivity(context, ibinder, ibinder, activity, intent, int, bundle
11-24 18:48:09.144  1239  1251 I ActivityManager: START u0 {flg=0x10000000 cmp=br.com.catbag.gifreduxsample/.ui.GifListActivity} from uid 10060 on display 0
11-24 18:48:09.375  1832  1832 W art     : Long monitor contention with owner Binder:1832_3 (2297) at boolean android.os.MessageQueue.enqueueMessage(android.os.Message, long)(MessageQueue.java:541) waiters=0 in android.os.Message android.os.MessageQueue.next() for 427ms
11-24 18:48:09.571  1832  1832 I Choreographer: Skipped 31 frames!  The application may be doing too much work on its main thread.
11-24 18:48:09.602  2256  2256 D LifecycleMonitor: Lifecycle status change: br.com.catbag.gifreduxsample.ui.GifListActivity@7cfa4c1 in: PRE_ON_CREATE
11-24 18:48:09.705  2256  2256 D LifecycleMonitor: Lifecycle status change: br.com.catbag.gifreduxsample.ui.GifListActivity@7cfa4c1 in: CREATED
11-24 18:48:09.706  2256  2256 D LifecycleMonitor: Lifecycle status change: br.com.catbag.gifreduxsample.ui.GifListActivity@7cfa4c1 in: STARTED
11-24 18:48:09.708  2256  2256 D LifecycleMonitor: Lifecycle status change: br.com.catbag.gifreduxsample.ui.GifListActivity@7cfa4c1 in: RESUMED
11-24 18:48:09.746  2256  2273 I DroidFlux:Dispatcher: [STARTED] dispatch of action [APP_STATE_LOAD]
11-24 18:48:09.747  2256  2273 D DroidFlux:Dispatcher: An action of type [APP_STATE_LOAD] was dispatched, but no reducer handled it
11-24 18:48:09.747  2256  2273 I DroidFlux:Dispatcher: [COMPLETED] dispatch of action [APP_STATE_LOAD]
11-24 18:48:09.790  1239  1260 I Choreographer: Skipped 44 frames!  The application may be doing too much work on its main thread.
11-24 18:48:09.792  1239  1352 W art     : Long monitor contention with owner android.display (1260) at void com.android.server.wm.WindowAnimator$1.doFrame(long)(WindowAnimator.java:138) waiters=0 in void com.android.server.wm.WindowManagerService.finishDrawingWindow(com.android.server.wm.Session, android.view.IWindow) for 170ms
11-24 18:48:09.934  1832  1832 I Choreographer: Skipped 84 frames!  The application may be doing too much work on its main thread.
11-24 18:48:09.941  2256  2256 I Choreographer: Skipped 60 frames!  The application may be doing too much work on its main thread.
11-24 18:48:09.957  1239  1260 I Choreographer: Skipped 33 frames!  The application may be doing too much work on its main thread.
11-24 18:48:10.123  1239  1260 W art     : Long monitor contention with owner Binder:1239_4 (1434) at int com.android.server.wm.WindowManagerService.relayoutWindow(com.android.server.wm.Session, android.view.IWindow, int, android.view.WindowManager$LayoutParams, int, int, int, int, android.graphics.Rect, android.graphics.Rect, android.graphics.Rect, android.graphics.Rect, android.graphics.Rect, android.graphics.Rect, android.graphics.Rect, android.content.res.Configuration, android.view.Surface)(WindowManagerService.java:2759) waiters=0 in void com.android.server.wm.WindowAnimator$1.doFrame(long) for 166ms
11-24 18:48:10.130  1239  1352 I WindowManager: Destroying surface Surface(name=com.android.launcher3/com.android.launcher3.Launcher) called by com.android.server.wm.WindowStateAnimator.destroySurface:2014 com.android.server.wm.WindowStateAnimator.destroySurfaceLocked:881 com.android.server.wm.WindowState.destroyOrSaveSurface:2073 com.android.server.wm.WindowManagerService.tryStartExitingAnimation:3017 com.android.server.wm.WindowManagerService.relayoutWindow:2897 com.android.server.wm.Session.relayout:215 android.view.IWindowSession$Stub.onTransact:286 com.android.server.wm.Session.onTransact:136 
11-24 18:48:10.348  2256  2256 I Choreographer: Skipped 45 frames!  The application may be doing too much work on its main thread.
11-24 18:48:10.420  2256  2272 I TestRunner: finished: whenGifDownloadFailTest(br.com.catbag.gifreduxsample.ui.giflist.GifListActivityTest)
11-24 18:48:10.438  2256  2256 D LifecycleMonitor: Lifecycle status change: br.com.catbag.gifreduxsample.ui.GifListActivity@7cfa4c1 in: PAUSED
11-24 18:48:10.469  1239  1352 I WindowManager: Failed to capture screenshot of Token{892bcac ActivityRecord{1d9fa5f u0 br.com.catbag.gifreduxsample/.ui.GifListActivity t12 f}} appWin=Window{bd4562d u0 Starting br.com.catbag.gifreduxsample} drawState=4
11-24 18:48:10.565  1239  1260 W art     : Long monitor contention with owner Binder:1239_3 (1352) at void com.android.server.am.ActivityManagerService.activityPaused(android.os.IBinder)(ActivityManagerService.java:6849) waiters=0 in void com.android.server.am.ActivityManagerService$LocalService.notifyStartingWindowDrawn() for 103ms
11-24 18:48:10.573  2256  2256 I MonitoringInstrumentation: Activities that are still in CREATED to STOPPED: 2
11-24 18:48:10.575  2256  2272 I TestRunner: started: whenPauseGifTest(br.com.catbag.gifreduxsample.ui.giflist.GifListActivityTest)
11-24 18:48:10.581  1239  1260 I Choreographer: Skipped 49 frames!  The application may be doing too much work on its main thread.
11-24 18:48:10.703  2256  2256 I MonitoringInstrumentation: Activities that are still in CREATED to STOPPED: 2
11-24 18:48:10.704  2256  2256 D LifecycleMonitor: Lifecycle status change: br.com.catbag.gifreduxsample.ui.GifListActivity@7cfa4c1 in: STOPPED
11-24 18:48:10.704  2256  2256 D LifecycleMonitor: Lifecycle status change: br.com.catbag.gifreduxsample.ui.GifListActivity@7cfa4c1 in: DESTROYED
11-24 18:48:10.727  2256  2273 I DroidFlux:Dispatcher: [STARTED] dispatch of action [FAKE_REDUCE_ACTION]
11-24 18:48:10.728  2256  2273 I DroidFlux:Dispatcher: [COMPLETED] dispatch of action [FAKE_REDUCE_ACTION]
11-24 18:48:10.728  2256  2310 D ActivityTestRule: Launching activity br.com.catbag.gifreduxsample.ui.GifListActivity
11-24 18:48:10.731  2256  2311 D MonitoringInstrumentation: execStartActivity(context, ibinder, ibinder, activity, intent, int, bundle
11-24 18:48:10.732  1239  1250 I ActivityManager: START u0 {flg=0x10000000 cmp=br.com.catbag.gifreduxsample/.ui.GifListActivity} from uid 10060 on display 0
11-24 18:48:10.750  2256  2256 D LifecycleMonitor: Lifecycle status change: br.com.catbag.gifreduxsample.ui.GifListActivity@3d6c6a9 in: STOPPED
11-24 18:48:10.750  2256  2256 D LifecycleMonitor: Lifecycle status change: br.com.catbag.gifreduxsample.ui.GifListActivity@3d6c6a9 in: DESTROYED
11-24 18:48:10.752  1239  1434 I WindowManager: Destroying surface Surface(name=br.com.catbag.gifreduxsample/br.com.catbag.gifreduxsample.ui.GifListActivity) called by com.android.server.wm.WindowStateAnimator.destroySurface:2014 com.android.server.wm.WindowStateAnimator.destroySurfaceLocked:881 com.android.server.wm.WindowState.removeLocked:1449 com.android.server.wm.WindowManagerService.removeWindowInnerLocked:2478 com.android.server.wm.WindowManagerService.removeWindowLocked:2436 com.android.server.wm.WindowManagerService.removeWindowLocked:2305 com.android.server.wm.WindowManagerService.removeWindow:2300 com.android.server.wm.Session.remove:193 
11-24 18:48:10.833  1832  1832 I Choreographer: Skipped 38 frames!  The application may be doing too much work on its main thread.
11-24 18:48:10.854  1239  1783 W art     : Long monitor contention with owner Binder:1239_1 (1250) at int com.android.server.am.ActivityStarter.startActivityMayWait(android.app.IApplicationThread, int, java.lang.String, android.content.Intent, java.lang.String, android.service.voice.IVoiceInteractionSession, com.android.internal.app.IVoiceInteractor, android.os.IBinder, java.lang.String, int, int, android.app.ProfilerInfo, android.app.IActivityManager$WaitResult, android.content.res.Configuration, android.os.Bundle, boolean, int, android.app.IActivityContainer, com.android.server.am.TaskRecord)(ActivityStarter.java:725) waiters=1 in void com.android.server.am.ActivityManagerService.activityDestroyed(android.os.IBinder) for 105ms
11-24 18:48:10.901  1239  1260 I Choreographer: Skipped 60 frames!  The application may be doing too much work on its main thread.
11-24 18:48:11.004  2256  2256 D LifecycleMonitor: Lifecycle status change: br.com.catbag.gifreduxsample.ui.GifListActivity@20898b4 in: PRE_ON_CREATE
11-24 18:48:11.079  1239  1260 I Choreographer: Skipped 32 frames!  The application may be doing too much work on its main thread.
11-24 18:48:11.195  2256  2256 D LifecycleMonitor: Lifecycle status change: br.com.catbag.gifreduxsample.ui.GifListActivity@20898b4 in: CREATED
11-24 18:48:11.214  2256  2273 I DroidFlux:Dispatcher: [STARTED] dispatch of action [APP_STATE_LOAD]
11-24 18:48:11.215  2256  2273 D DroidFlux:Dispatcher: An action of type [APP_STATE_LOAD] was dispatched, but no reducer handled it
11-24 18:48:11.215  2256  2273 I DroidFlux:Dispatcher: [COMPLETED] dispatch of action [APP_STATE_LOAD]
11-24 18:48:11.233  2256  2256 D LifecycleMonitor: Lifecycle status change: br.com.catbag.gifreduxsample.ui.GifListActivity@20898b4 in: STARTED
11-24 18:48:11.235  2256  2256 D LifecycleMonitor: Lifecycle status change: br.com.catbag.gifreduxsample.ui.GifListActivity@20898b4 in: RESUMED
11-24 18:48:11.515  1239  1260 I WindowManager: Destroying surface Surface(name=Starting br.com.catbag.gifreduxsample) called by com.android.server.wm.WindowStateAnimator.destroySurface:2014 com.android.server.wm.WindowStateAnimator.destroySurfaceLocked:881 com.android.server.wm.WindowState.removeLocked:1449 com.android.server.wm.WindowManagerService.removeWindowInnerLocked:2478 com.android.server.wm.AppWindowToken.destroySurfaces:365 com.android.server.wm.WindowStateAnimator.finishExit:565 com.android.server.wm.AppWindowAnimator.stepAnimationLocked:427 com.android.server.wm.WindowAnimator.updateAppWindowsLocked:196 
11-24 18:48:11.520  1239  1260 I WindowManager: Destroying surface Surface(name=br.com.catbag.gifreduxsample/br.com.catbag.gifreduxsample.ui.GifListActivity) called by com.android.server.wm.WindowStateAnimator.destroySurface:2014 com.android.server.wm.WindowStateAnimator.destroySurfaceLocked:881 com.android.server.wm.WindowState.destroyOrSaveSurface:2073 com.android.server.wm.AppWindowToken.destroySurfaces:363 com.android.server.wm.WindowStateAnimator.finishExit:565 com.android.server.wm.WindowStateAnimator.stepAnimationLocked:491 com.android.server.wm.WindowAnimator.updateWindowsLocked:303 com.android.server.wm.WindowAnimator.animateLocked:704 
11-24 18:48:11.605  2256  2256 I ViewInteraction: Performing 'single click' action on view with id: br.com.catbag.gifreduxsample:id/gif_image
11-24 18:48:11.675  1239  1260 I ActivityManager: Displayed br.com.catbag.gifreduxsample/.ui.GifListActivity: +808ms (total +2s218ms)
11-24 18:48:11.826   989  1041 D AudioFlinger: mixer(0xb2303800) throttle end: throttle time(11)
11-24 18:48:11.830  2256  2273 I DroidFlux:Dispatcher: [STARTED] dispatch of action [GIF_PAUSE]
11-24 18:48:11.831  2256  2273 I DroidFlux:Dispatcher: [COMPLETED] dispatch of action [GIF_PAUSE]
11-24 18:48:11.846   989  1041 D AudioFlinger: mixer(0xb2303800) throttle end: throttle time(11)
11-24 18:48:11.930  1239  1260 I WindowManager: Destroying surface Surface(name=Starting br.com.catbag.gifreduxsample) called by com.android.server.wm.WindowStateAnimator.destroySurface:2014 com.android.server.wm.WindowStateAnimator.destroySurfaceLocked:881 com.android.server.wm.WindowState.destroyOrSaveSurface:2073 com.android.server.wm.AppWindowToken.destroySurfaces:363 com.android.server.wm.WindowStateAnimator.finishExit:565 com.android.server.wm.WindowStateAnimator.stepAnimationLocked:491 com.android.server.wm.WindowAnimator.updateWindowsLocked:303 com.android.server.wm.WindowAnimator.animateLocked:704 
11-24 18:48:12.027  1239  1434 I WindowManager: Destroying surface Surface(name=com.android.launcher3/com.android.launcher3.Launcher) called by com.android.server.wm.WindowStateAnimator.destroySurface:2014 com.android.server.wm.WindowStateAnimator.destroySurfaceLocked:881 com.android.server.wm.WindowState.destroyOrSaveSurface:2073 com.android.server.wm.AppWindowToken.destroySurfaces:363 com.android.server.wm.AppWindowToken.notifyAppStopped:389 com.android.server.wm.WindowManagerService.notifyAppStopped:4456 com.android.server.am.ActivityStack.activityStoppedLocked:1252 com.android.server.am.ActivityManagerService.activityStopped:6873 
11-24 18:48:12.438  2256  2272 I TestRunner: finished: whenPauseGifTest(br.com.catbag.gifreduxsample.ui.giflist.GifListActivityTest)
11-24 18:48:12.463  2256  2256 D LifecycleMonitor: Lifecycle status change: br.com.catbag.gifreduxsample.ui.GifListActivity@20898b4 in: PAUSED
11-24 18:48:12.520   979   979 D gralloc : Registering a buffer in the process that created it. This may cause memory ordering problems.
11-24 18:48:12.520   979   979 E libEGL  : called unimplemented OpenGL ES API
11-24 18:48:12.521   979   979 E SurfaceFlinger: glCheckFramebufferStatusOES error 1025979246
11-24 18:48:12.521   979   979 E SurfaceFlinger: got GL_FRAMEBUFFER_COMPLETE_OES error while taking screenshot
11-24 18:48:12.530  1239  1783 W WindowManager: Screenshot failure taking screenshot for (480x800) to layer 21005
11-24 18:48:12.540  2256  2256 I MonitoringInstrumentation: Activities that are still in CREATED to STOPPED: 1
11-24 18:48:12.544  2256  2272 I TestRunner: started: whenLoadMultipleGifsOnAppStateTest(br.com.catbag.gifreduxsample.ui.giflist.GifListActivityTest)
11-24 18:48:12.550  2256  2256 I MonitoringInstrumentation: Activities that are still in CREATED to STOPPED: 1
11-24 18:48:12.553  1239  1325 E TaskPersister: File error accessing recents directory (directory doesn't exist?).
11-24 18:48:12.588  2256  2273 I DroidFlux:Dispatcher: [STARTED] dispatch of action [FAKE_REDUCE_ACTION]
11-24 18:48:12.589  2256  2273 I DroidFlux:Dispatcher: [COMPLETED] dispatch of action [FAKE_REDUCE_ACTION]
11-24 18:48:12.607  2256  2312 D ActivityTestRule: Launching activity br.com.catbag.gifreduxsample.ui.GifListActivity
11-24 18:48:12.610  2256  2313 D MonitoringInstrumentation: execStartActivity(context, ibinder, ibinder, activity, intent, int, bundle
11-24 18:48:12.611  1239  1250 I ActivityManager: START u0 {flg=0x10000000 cmp=br.com.catbag.gifreduxsample/.ui.GifListActivity} from uid 10060 on display 0
11-24 18:48:12.773  2256  2256 D LifecycleMonitor: Lifecycle status change: br.com.catbag.gifreduxsample.ui.GifListActivity@d68deac in: PRE_ON_CREATE
11-24 18:48:12.793  1239  1434 W InputMethodManagerService: Focus gain on non-focused client com.android.internal.view.IInputMethodClient$Stub$Proxy@6273203 (uid=10012 pid=1832)
11-24 18:48:12.793  1832  1832 I Choreographer: Skipped 33 frames!  The application may be doing too much work on its main thread.
11-24 18:48:12.813  2256  2256 D LifecycleMonitor: Lifecycle status change: br.com.catbag.gifreduxsample.ui.GifListActivity@d68deac in: CREATED
11-24 18:48:12.814  2256  2273 I DroidFlux:Dispatcher: [STARTED] dispatch of action [APP_STATE_LOAD]
11-24 18:48:12.815  2256  2273 D DroidFlux:Dispatcher: An action of type [APP_STATE_LOAD] was dispatched, but no reducer handled it
11-24 18:48:12.815  2256  2273 I DroidFlux:Dispatcher: [COMPLETED] dispatch of action [APP_STATE_LOAD]
11-24 18:48:12.815  2256  2256 D LifecycleMonitor: Lifecycle status change: br.com.catbag.gifreduxsample.ui.GifListActivity@d68deac in: STARTED
11-24 18:48:12.824  1239  1434 I WindowManager: Destroying surface Surface(name=com.android.launcher3/com.android.launcher3.Launcher) called by com.android.server.wm.WindowStateAnimator.destroySurface:2014 com.android.server.wm.WindowStateAnimator.destroySurfaceLocked:881 com.android.server.wm.WindowState.destroyOrSaveSurface:2073 com.android.server.wm.WindowManagerService.tryStartExitingAnimation:3017 com.android.server.wm.WindowManagerService.relayoutWindow:2897 com.android.server.wm.Session.relayout:215 android.view.IWindowSession$Stub.onTransact:286 com.android.server.wm.Session.onTransact:136 
11-24 18:48:12.887  2256  2256 D LifecycleMonitor: Lifecycle status change: br.com.catbag.gifreduxsample.ui.GifListActivity@d68deac in: RESUMED
11-24 18:48:13.504  1239  1783 W art     : Long monitor contention with owner android.display (1260) at void com.android.server.wm.WindowAnimator$1.doFrame(long)(WindowAnimator.java:138) waiters=0 in int com.android.server.wm.WindowManagerService.addWindow(com.android.server.wm.Session, android.view.IWindow, int, android.view.WindowManager$LayoutParams, int, int, android.graphics.Rect, android.graphics.Rect, android.graphics.Rect, android.view.InputChannel) for 110ms
11-24 18:48:13.520  2256  2256 I Choreographer: Skipped 164 frames!  The application may be doing too much work on its main thread.
11-24 18:48:13.648  1239  1260 I ActivityManager: Displayed br.com.catbag.gifreduxsample/.ui.GifListActivity: +928ms
11-24 18:48:13.674  2256  2256 W ResourceType: No package identifier when getting name for resource number 0x000000f5
11-24 18:48:13.674  2256  2256 I ViewInteraction: Performing 'scroll RecyclerView to position: 2' action on view with id: 245 (resource name not found)
11-24 18:48:13.861  2256  2256 D LifecycleMonitor: Lifecycle status change: br.com.catbag.gifreduxsample.ui.GifListActivity@20898b4 in: STOPPED
11-24 18:48:13.861  2256  2256 D LifecycleMonitor: Lifecycle status change: br.com.catbag.gifreduxsample.ui.GifListActivity@20898b4 in: DESTROYED
11-24 18:48:13.864  1239  1783 I WindowManager: Destroying surface Surface(name=br.com.catbag.gifreduxsample/br.com.catbag.gifreduxsample.ui.GifListActivity) called by com.android.server.wm.WindowStateAnimator.destroySurface:2014 com.android.server.wm.WindowStateAnimator.destroySurfaceLocked:881 com.android.server.wm.WindowState.removeLocked:1449 com.android.server.wm.WindowManagerService.removeWindowInnerLocked:2478 com.android.server.wm.WindowManagerService.removeWindowLocked:2436 com.android.server.wm.WindowManagerService.removeWindowLocked:2305 com.android.server.wm.WindowManagerService.removeWindow:2300 com.android.server.wm.Session.remove:193 
11-24 18:48:13.887  1239  1260 I WindowManager: Destroying surface Surface(name=Starting br.com.catbag.gifreduxsample) called by com.android.server.wm.WindowStateAnimator.destroySurface:2014 com.android.server.wm.WindowStateAnimator.destroySurfaceLocked:881 com.android.server.wm.WindowState.destroyOrSaveSurface:2073 com.android.server.wm.AppWindowToken.destroySurfaces:363 com.android.server.wm.WindowStateAnimator.finishExit:565 com.android.server.wm.WindowStateAnimator.stepAnimationLocked:491 com.android.server.wm.WindowAnimator.updateWindowsLocked:303 com.android.server.wm.WindowAnimator.animateLocked:704 
11-24 18:48:14.004  2256  2256 W ResourceType: No package identifier when getting name for resource number 0x000000f5
11-24 18:48:14.035  2256  2256 W ResourceType: No package identifier when getting name for resource number 0x000000fc
11-24 18:48:14.045  2256  2256 I ViewInteraction: Performing 'scroll RecyclerView to position: 3' action on view with id: 252 (resource name not found)
11-24 18:48:14.071  2256  2261 I art     : Do partial code cache collection, code=124KB, data=123KB
11-24 18:48:14.072  2256  2261 I art     : After code cache collection, code=123KB, data=123KB
11-24 18:48:14.072  2256  2261 I art     : Increasing code cache capacity to 512KB
11-24 18:48:14.367  2256  2256 W ResourceType: No package identifier when getting name for resource number 0x000000fc
11-24 18:48:14.393  2256  2256 W ResourceType: No package identifier when getting name for resource number 0x00000103
11-24 18:48:14.393  2256  2256 I ViewInteraction: Performing 'scroll RecyclerView to position: 4' action on view with id: 259 (resource name not found)
11-24 18:48:14.491  2256  2267 I art     : Background sticky concurrent mark sweep GC freed 21938(1465KB) AllocSpace objects, 4(80KB) LOS objects, 9% free, 12MB/13MB, paused 6.951ms total 122.725ms
11-24 18:48:14.691  2256  2256 W ResourceType: No package identifier when getting name for resource number 0x00000103
11-24 18:48:14.715  2256  2256 W ResourceType: No package identifier when getting name for resource number 0x0000010a
11-24 18:48:14.715  2256  2256 I ViewInteraction: Performing 'scroll RecyclerView to position: 5' action on view with id: 266 (resource name not found)
11-24 18:48:15.010  2256  2256 W ResourceType: No package identifier when getting name for resource number 0x0000010a
11-24 18:48:15.024  2256  2256 W ResourceType: No package identifier when getting name for resource number 0x00000111
11-24 18:48:15.025  2256  2256 I ViewInteraction: Performing 'scroll RecyclerView to position: 6' action on view with id: 273 (resource name not found)
11-24 18:48:15.112  2256  2267 I art     : Background sticky concurrent mark sweep GC freed 6909(659KB) AllocSpace objects, 6(128KB) LOS objects, 6% free, 12MB/13MB, paused 10.255ms total 65.653ms
11-24 18:48:15.311  2256  2256 W ResourceType: No package identifier when getting name for resource number 0x00000111
11-24 18:48:15.324  2256  2256 W ResourceType: No package identifier when getting name for resource number 0x00000118
11-24 18:48:15.325  2256  2256 I ViewInteraction: Performing 'scroll RecyclerView to position: 7' action on view with id: 280 (resource name not found)
11-24 18:48:15.617  2256  2256 W ResourceType: No package identifier when getting name for resource number 0x00000118
11-24 18:48:15.647  2256  2256 W ResourceType: No package identifier when getting name for resource number 0x0000011f
11-24 18:48:15.647  2256  2256 I ViewInteraction: Performing 'scroll RecyclerView to position: 8' action on view with id: 287 (resource name not found)
11-24 18:48:15.745  2256  2267 I art     : Background sticky concurrent mark sweep GC freed 6794(651KB) AllocSpace objects, 4(80KB) LOS objects, 1% free, 13MB/13MB, paused 6.248ms total 128.235ms
11-24 18:48:15.941  2256  2256 W ResourceType: No package identifier when getting name for resource number 0x0000011f
11-24 18:48:15.962  2256  2256 W ResourceType: No package identifier when getting name for resource number 0x00000126
11-24 18:48:15.962  2256  2256 I ViewInteraction: Performing 'scroll RecyclerView to position: 9' action on view with id: 294 (resource name not found)
11-24 18:48:16.053  2256  2267 I art     : Background partial concurrent mark sweep GC freed 8272(554KB) AllocSpace objects, 7(160KB) LOS objects, 22% free, 13MB/17MB, paused 9.580ms total 108.022ms
11-24 18:48:16.230  1239  1325 E TaskPersister: File error accessing recents directory (directory doesn't exist?).
11-24 18:48:16.242  2256  2256 W ResourceType: No package identifier when getting name for resource number 0x00000126
11-24 18:48:16.312  2256  2272 I TestRunner: finished: whenLoadMultipleGifsOnAppStateTest(br.com.catbag.gifreduxsample.ui.giflist.GifListActivityTest)
11-24 18:48:16.329  2256  2256 D LifecycleMonitor: Lifecycle status change: br.com.catbag.gifreduxsample.ui.GifListActivity@d68deac in: PAUSED
11-24 18:48:16.373   979   979 D gralloc : Registering a buffer in the process that created it. This may cause memory ordering problems.
11-24 18:48:16.373   979   979 E libEGL  : called unimplemented OpenGL ES API
11-24 18:48:16.374   979   979 E SurfaceFlinger: glCheckFramebufferStatusOES error 1025979246
11-24 18:48:16.374   979   979 E SurfaceFlinger: got GL_FRAMEBUFFER_COMPLETE_OES error while taking screenshot
11-24 18:48:16.375  1239  1533 W WindowManager: Screenshot failure taking screenshot for (480x800) to layer 21005
11-24 18:48:16.439  2256  2256 I MonitoringInstrumentation: Activities that are still in CREATED to STOPPED: 1
11-24 18:48:16.441  2256  2272 I TestRunner: run finished: 15 tests, 0 failed, 0 ignored
11-24 18:48:16.712  2256  2272 I MonitoringInstrumentation: Unstopped activity count: 1
11-24 18:48:16.719  2256  2256 I MonitoringInstrumentation: Activities that are still in CREATED to STOPPED: 1
11-24 18:48:16.770  1832  1832 I Choreographer: Skipped 58 frames!  The application may be doing too much work on its main thread.
11-24 18:48:16.796  2256  2272 I MonitoringInstrumentation: Unstopped activity count: 1
11-24 18:48:16.856  2256  2272 I MonitoringInstrumentation: Unstopped activity count: 1
11-24 18:48:16.916  2256  2272 I MonitoringInstrumentation: Unstopped activity count: 1
11-24 18:48:16.977  2256  2272 I MonitoringInstrumentation: Unstopped activity count: 1
11-24 18:48:17.037  2256  2272 I MonitoringInstrumentation: Unstopped activity count: 1
11-24 18:48:17.097  2256  2272 I MonitoringInstrumentation: Unstopped activity count: 1
11-24 18:48:17.139  2256  2256 D LifecycleMonitor: Lifecycle status change: br.com.catbag.gifreduxsample.ui.GifListActivity@d68deac in: STOPPED
11-24 18:48:17.140  2256  2256 D LifecycleMonitor: Lifecycle status change: br.com.catbag.gifreduxsample.ui.GifListActivity@d68deac in: DESTROYED
11-24 18:48:17.157  2256  2272 I MonitoringInstrumentation: waitForActivitiesToComplete() took: 445ms
11-24 18:48:17.171  1239  1251 I ActivityManager: Force stopping br.com.catbag.gifreduxsample appid=10060 user=0: finished inst
11-24 18:48:17.172  1239  1251 I ActivityManager: Killing 2256:br.com.catbag.gifreduxsample/u0a60 (adj 0): stop br.com.catbag.gifreduxsample
11-24 18:48:17.189  2245  2245 D AndroidRuntime: Shutting down VM
11-24 18:48:17.272  1239  1260 I WindowManager: Destroying surface Surface(name=br.com.catbag.gifreduxsample/br.com.catbag.gifreduxsample.ui.GifListActivity) called by com.android.server.wm.WindowStateAnimator.destroySurface:2014 com.android.server.wm.WindowStateAnimator.destroySurfaceLocked:881 com.android.server.wm.WindowState.removeLocked:1449 com.android.server.wm.WindowManagerService.removeWindowInnerLocked:2478 com.android.server.wm.AppWindowToken.destroySurfaces:365 com.android.server.wm.WindowStateAnimator.finishExit:565 com.android.server.wm.WindowStateAnimator.stepAnimationLocked:491 com.android.server.wm.WindowAnimator.updateWindowsLocked:303 
11-24 18:48:19.122  2324  2324 D AndroidRuntime: >>>>>> START com.android.internal.os.RuntimeInit uid 2000 <<<<<<
11-24 18:48:19.125  2324  2324 D AndroidRuntime: CheckJNI is ON
11-24 18:48:19.176  2324  2324 W art     : Unexpected CPU variant for X86 using defaults: x86
11-24 18:48:19.192  2324  2324 D ICU     : No timezone override file found: /data/misc/zoneinfo/current/icu/icu_tzdata.dat
11-24 18:48:19.219  2324  2324 E memtrack: Couldn't load memtrack module (No such file or directory)
11-24 18:48:19.219  2324  2324 E android.os.Debug: failed to load memtrack module: -2
11-24 18:48:19.220  2324  2324 I Radio-JNI: register_android_hardware_Radio DONE
11-24 18:48:19.241  2324  2324 D AndroidRuntime: Calling main entry com.android.commands.pm.Pm
11-24 18:48:19.284  1239  1253 I ActivityManager: Force stopping br.com.catbag.gifreduxsample.test appid=10061 user=-1: deletePackageX
11-24 18:48:19.458  1239  1265 I art     : Starting a blocking GC Explicit
11-24 18:48:19.536  1239  1265 I art     : Explicit concurrent mark sweep GC freed 27832(1830KB) AllocSpace objects, 11(220KB) LOS objects, 33% free, 7MB/10MB, paused 6.418ms total 72.009ms
11-24 18:48:19.557  2324  2324 I art     : System.exit called, status: 0
11-24 18:48:19.557  2324  2324 I AndroidRuntime: VM exiting with result code 0.
11-24 18:48:19.779  1239  1265 I ActivityManager: Force stopping br.com.catbag.gifreduxsample.test appid=10061 user=0: pkg removed
11-24 18:48:19.990  1239  1279 I InputReader: Reconfiguring input devices.  changes=0x00000010
11-24 18:48:20.031  1239  1265 E KernelUidCpuTimeReader: failed to remove uid from uid_cputime module
11-24 18:48:20.031  1239  1265 E KernelUidCpuTimeReader: java.io.FileNotFoundException: /proc/uid_cputime/remove_uid_range (No such file or directory)
11-24 18:48:20.031  1239  1265 E KernelUidCpuTimeReader: 	at java.io.FileOutputStream.open(Native Method)
11-24 18:48:20.031  1239  1265 E KernelUidCpuTimeReader: 	at java.io.FileOutputStream.<init>(FileOutputStream.java:221)
11-24 18:48:20.031  1239  1265 E KernelUidCpuTimeReader: 	at java.io.FileOutputStream.<init>(FileOutputStream.java:108)
11-24 18:48:20.031  1239  1265 E KernelUidCpuTimeReader: 	at java.io.FileWriter.<init>(FileWriter.java:63)
11-24 18:48:20.031  1239  1265 E KernelUidCpuTimeReader: 	at com.android.internal.os.KernelUidCpuTimeReader.removeUid(KernelUidCpuTimeReader.java:158)
11-24 18:48:20.031  1239  1265 E KernelUidCpuTimeReader: 	at com.android.internal.os.BatteryStatsImpl.removeUidStatsLocked(BatteryStatsImpl.java:9805)
11-24 18:48:20.031  1239  1265 E KernelUidCpuTimeReader: 	at com.android.server.am.BatteryStatsService.removeUid(BatteryStatsService.java:291)
11-24 18:48:20.031  1239  1265 E KernelUidCpuTimeReader: 	at com.android.server.am.ActivityManagerService.broadcastIntentLocked(ActivityManagerService.java:17767)
11-24 18:48:20.031  1239  1265 E KernelUidCpuTimeReader: 	at com.android.server.am.ActivityManagerService.broadcastIntent(ActivityManagerService.java:18256)
11-24 18:48:20.031  1239  1265 E KernelUidCpuTimeReader: 	at com.android.server.pm.PackageManagerService$8.run(PackageManagerService.java:11407)
11-24 18:48:20.031  1239  1265 E KernelUidCpuTimeReader: 	at android.os.Handler.handleCallback(Handler.java:751)
11-24 18:48:20.031  1239  1265 E KernelUidCpuTimeReader: 	at android.os.Handler.dispatchMessage(Handler.java:95)
11-24 18:48:20.031  1239  1265 E KernelUidCpuTimeReader: 	at android.os.Looper.loop(Looper.java:154)
11-24 18:48:20.031  1239  1265 E KernelUidCpuTimeReader: 	at android.os.HandlerThread.run(HandlerThread.java:61)
11-24 18:48:20.031  1239  1265 E KernelUidCpuTimeReader: 	at com.android.server.ServiceThread.run(ServiceThread.java:46)
11-24 18:48:20.255  1239  1325 E TaskPersister: File error accessing recents directory (directory doesn't exist?).
11-24 18:48:20.334  1460  1460 D CarrierSvcBindHelper: No carrier app for: 0
11-24 18:48:20.471  1239  1252 W LocationProviderProxy-network: Odd, no component found for service com.android.location.service.v3.NetworkLocationProvider
11-24 18:48:20.472  1239  1252 W GeocoderProxy: Odd, no component found for service com.android.location.service.GeocodeProvider
11-24 18:48:20.472  1239  1252 W GeofenceProxy: Odd, no component found for service com.android.location.service.GeofenceProvider
11-24 18:48:20.472  1239  1252 W ActivityRecognitionProxy: Odd, no component found for service com.android.location.service.ActivityRecognitionProvider
11-24 18:48:20.721  2336  2336 D AndroidRuntime: >>>>>> START com.android.internal.os.RuntimeInit uid 2000 <<<<<<
11-24 18:48:20.723  2336  2336 D AndroidRuntime: CheckJNI is ON
11-24 18:48:20.739  1776  1790 I art     : Background sticky concurrent mark sweep GC freed 2929(322KB) AllocSpace objects, 0(0B) LOS objects, 24% free, 1976KB/2MB, paused 25.954ms total 281.819ms
11-24 18:48:20.822  2336  2336 W art     : Unexpected CPU variant for X86 using defaults: x86
11-24 18:48:20.828  2336  2336 D ICU     : No timezone override file found: /data/misc/zoneinfo/current/icu/icu_tzdata.dat
11-24 18:48:20.854  2336  2336 E memtrack: Couldn't load memtrack module (No such file or directory)
11-24 18:48:20.854  2336  2336 E android.os.Debug: failed to load memtrack module: -2
11-24 18:48:20.856  2336  2336 I Radio-JNI: register_android_hardware_Radio DONE
11-24 18:48:20.872  2336  2336 D AndroidRuntime: Calling main entry com.android.commands.pm.Pm
11-24 18:48:20.881  1239  1253 I ActivityManager: Force stopping br.com.catbag.gifreduxsample appid=10060 user=-1: deletePackageX
11-24 18:48:20.994  1239  1265 I art     : Starting a blocking GC Explicit
11-24 18:48:21.049  1239  1265 I art     : Explicit concurrent mark sweep GC freed 29549(1554KB) AllocSpace objects, 8(160KB) LOS objects, 33% free, 6MB/10MB, paused 6.132ms total 51.583ms
11-24 18:48:21.135  1239  1265 I ActivityManager: Force stopping br.com.catbag.gifreduxsample appid=10060 user=0: pkg removed
11-24 18:48:21.147  2336  2336 I art     : System.exit called, status: 0
11-24 18:48:21.147  2336  2336 I AndroidRuntime: VM exiting with result code 0.
