--------- beginning of main
11-24 18:31:48.406  2110  2110 D AndroidRuntime: >>>>>> START com.android.internal.os.RuntimeInit uid 2000 <<<<<<
11-24 18:31:48.470  2110  2110 D AndroidRuntime: CheckJNI is ON
11-24 18:31:48.783  2110  2110 W art     : Unexpected CPU variant for X86 using defaults: x86
11-24 18:31:48.914  2110  2110 D ICU     : No timezone override file found: /data/misc/zoneinfo/current/icu/icu_tzdata.dat
11-24 18:31:49.208  2110  2110 E memtrack: Couldn't load memtrack module (No such file or directory)
11-24 18:31:49.209  2110  2110 E android.os.Debug: failed to load memtrack module: -2
11-24 18:31:49.238  2110  2110 I Radio-JNI: register_android_hardware_Radio DONE
11-24 18:31:49.403  2110  2110 D AndroidRuntime: Calling main entry com.android.commands.am.Am
11-24 18:31:49.455  2110  2110 D AndroidRuntime: Shutting down VM
11-24 18:31:49.851  2120  2120 D AndroidRuntime: >>>>>> START com.android.internal.os.RuntimeInit uid 2000 <<<<<<
11-24 18:31:49.852  2120  2120 D AndroidRuntime: CheckJNI is ON
11-24 18:31:49.912  2120  2120 W art     : Unexpected CPU variant for X86 using defaults: x86
11-24 18:31:49.917  2120  2120 D ICU     : No timezone override file found: /data/misc/zoneinfo/current/icu/icu_tzdata.dat
11-24 18:31:49.946  2120  2120 E memtrack: Couldn't load memtrack module (No such file or directory)
11-24 18:31:49.947  2120  2120 E android.os.Debug: failed to load memtrack module: -2
11-24 18:31:49.948  2120  2120 I Radio-JNI: register_android_hardware_Radio DONE
11-24 18:31:49.971  2120  2120 D AndroidRuntime: Calling main entry com.android.commands.pm.Pm
11-24 18:31:50.085  2120  2120 I art     : System.exit called, status: 0
11-24 18:31:50.085  2120  2120 I AndroidRuntime: VM exiting with result code 0.
11-24 18:31:50.796  2131  2131 D AndroidRuntime: >>>>>> START com.android.internal.os.RuntimeInit uid 2000 <<<<<<
11-24 18:31:50.798  2131  2131 D AndroidRuntime: CheckJNI is ON
11-24 18:31:50.852  2131  2131 W art     : Unexpected CPU variant for X86 using defaults: x86
11-24 18:31:50.861  2131  2131 D ICU     : No timezone override file found: /data/misc/zoneinfo/current/icu/icu_tzdata.dat
11-24 18:31:50.889  2131  2131 E memtrack: Couldn't load memtrack module (No such file or directory)
11-24 18:31:50.890  2131  2131 E android.os.Debug: failed to load memtrack module: -2
11-24 18:31:50.897  2131  2131 I Radio-JNI: register_android_hardware_Radio DONE
11-24 18:31:50.917  2131  2131 D AndroidRuntime: Calling main entry com.android.commands.pm.Pm
11-24 18:31:50.975   995   995 I         : free_cache(7064453) avail 512569344
11-24 18:31:54.186  1237  1243 I art     : Background sticky concurrent mark sweep GC freed 33545(2MB) AllocSpace objects, 13(280KB) LOS objects, 29% free, 7MB/9MB, paused 5.729ms total 877.763ms
11-24 18:32:03.048  2131  2131 I art     : System.exit called, status: 0
11-24 18:32:03.048  2131  2131 I AndroidRuntime: VM exiting with result code 0.
11-24 18:32:03.407  2144  2144 D AndroidRuntime: >>>>>> START com.android.internal.os.RuntimeInit uid 2000 <<<<<<
11-24 18:32:03.410  2144  2144 D AndroidRuntime: CheckJNI is ON
11-24 18:32:03.470  2144  2144 W art     : Unexpected CPU variant for X86 using defaults: x86
11-24 18:32:03.481  2144  2144 D ICU     : No timezone override file found: /data/misc/zoneinfo/current/icu/icu_tzdata.dat
11-24 18:32:03.516  2144  2144 E memtrack: Couldn't load memtrack module (No such file or directory)
11-24 18:32:03.516  2144  2144 E android.os.Debug: failed to load memtrack module: -2
11-24 18:32:03.517  2144  2144 I Radio-JNI: register_android_hardware_Radio DONE
11-24 18:32:03.547  2144  2144 D AndroidRuntime: Calling main entry com.android.commands.pm.Pm
--------- beginning of system
11-24 18:32:03.955  1237  1263 W ActivityManager: Slow operation: 86ms so far, now at startProcess: returned from zygote!
11-24 18:32:03.956  1237  1263 W ActivityManager: Slow operation: 87ms so far, now at startProcess: done updating battery stats
11-24 18:32:03.957  1237  1263 W ActivityManager: Slow operation: 88ms so far, now at startProcess: building log message
11-24 18:32:03.958  1237  1263 I ActivityManager: Start proc 2154:com.android.defcontainer/u0a5 for service com.android.defcontainer/.DefaultContainerService
11-24 18:32:03.958  1237  1263 W ActivityManager: Slow operation: 89ms so far, now at startProcess: starting to update pids map
11-24 18:32:03.959  1237  1263 W ActivityManager: Slow operation: 90ms so far, now at startProcess: done updating pids map
11-24 18:32:03.959  1237  1263 W ActivityManager: Slow operation: 98ms so far, now at startProcess: done starting proc!
11-24 18:32:03.985  2154  2154 W art     : Unexpected CPU variant for X86 using defaults: x86
11-24 18:32:04.275  1237  1263 I PackageManager.DexOptimizer: Running dexopt (dex2oat) on: /data/app/vmdl1992316434.tmp/base.apk pkg=br.com.catbag.gifreduxsample isa=x86 vmSafeMode=false debuggable=true target-filter=interpret-only oatDir = /data/app/vmdl1992316434.tmp/oat sharedLibraries=null
11-24 18:32:04.317  2169  2169 W dex2oat : Unexpected CPU variant for X86 using defaults: x86
11-24 18:32:04.318  2169  2169 W dex2oat : Mismatch between dex2oat instruction set features (ISA: X86 Feature string: smp,-ssse3,-sse4.1,-sse4.2,-avx,-avx2,-lock_add,-popcnt) and those of dex2oat executable (ISA: X86 Feature string: smp,ssse3,-sse4.1,-sse4.2,-avx,-avx2,-lock_add,-popcnt) for the command line:
11-24 18:32:04.318  2169  2169 W dex2oat : /system/bin/dex2oat --zip-fd=6 --zip-location=base.apk --oat-fd=7 --oat-location=/data/app/vmdl1992316434.tmp/oat/x86/base.odex --instruction-set=x86 --instruction-set-variant=x86 --instruction-set-features=default --runtime-arg -Xms64m --runtime-arg -Xmx512m --compiler-filter=interpret-only --swap-fd=9 --debuggable
11-24 18:32:04.320  2169  2169 I dex2oat : /system/bin/dex2oat --compiler-filter=interpret-only --debuggable
11-24 18:32:07.277  2169  2169 W dex2oat : Before Android 4.1, method android.graphics.PorterDuffColorFilter android.support.graphics.drawable.VectorDrawableCompat.updateTintFilter(android.graphics.PorterDuffColorFilter, android.content.res.ColorStateList, android.graphics.PorterDuff$Mode) would have incorrectly overridden the package-private method in android.graphics.drawable.Drawable
11-24 18:32:07.378  2169  2169 W dex2oat : Before Android 4.1, method int android.support.v7.widget.ListViewCompat.lookForSelectablePosition(int, boolean) would have incorrectly overridden the package-private method in android.widget.ListView
11-24 18:32:10.905  2169  2169 W dex2oat : Verification of void android.support.v4.widget.ViewDragHelper.cancel() took 191.253ms
11-24 18:32:24.152  2169  2169 W dex2oat : Verification of void org.immutables.value.internal.$processor$.meta.$StyleMirror.<init>(javax.lang.model.element.AnnotationMirror) took 103.565ms
11-24 18:32:48.920  2169  2169 W dex2oat : Compilation of boolean com.fasterxml.jackson.core.json.UTF8StreamJsonParser._isNextTokenNameMaybe(int, com.fasterxml.jackson.core.SerializableString) took 197.503ms
11-24 18:32:53.884  2169  2169 W dex2oat : Compilation of void com.google.common.hash.HashCode$BytesHashCode.<init>(byte[]) took 144.400ms
11-24 18:32:58.918  2169  2169 W dex2oat : Compilation of void org.immutables.value.internal.$processor$.$Generator_Immutables$30$2.<init>(org.immutables.value.internal.$processor$.$Generator_Immutables$30, int) took 162.672ms
11-24 18:33:01.603  2169  2169 I dex2oat : dex2oat took 57.288s (threads: 1) arena alloc=1402KB (1436528B) java alloc=7MB (8050336B) native alloc=13MB (14283064B) free=3MB (3149512B)
11-24 18:33:01.809  1237  1263 W PackageManager: Not granting permission android.permission.SET_DEBUG_APP to package br.com.catbag.gifreduxsample (protectionLevel=50 flags=0x3848be46)
11-24 18:33:01.930  1237  1263 V BackupManagerService: restoreAtInstall pkg=br.com.catbag.gifreduxsample token=1 restoreSet=0
11-24 18:33:01.932  1237  1263 W BackupManagerService: Requested unavailable transport: android/com.android.internal.backup.LocalTransport
11-24 18:33:01.932  1237  1263 W BackupManagerService: No transport
11-24 18:33:01.933  1237  1263 V BackupManagerService: Finishing install immediately
11-24 18:33:01.977  1237  1263 I art     : Starting a blocking GC Explicit
11-24 18:33:02.279  1237  1263 I art     : Explicit concurrent mark sweep GC freed 26897(1638KB) AllocSpace objects, 11(292KB) LOS objects, 33% free, 6MB/10MB, paused 11.885ms total 273.469ms
11-24 18:33:02.288   995   995 E         : Couldn't opendir /data/app/vmdl1992316434.tmp: No such file or directory
11-24 18:33:02.406  2144  2144 I art     : System.exit called, status: 0
11-24 18:33:02.406  2144  2144 I AndroidRuntime: VM exiting with result code 0.
11-24 18:33:02.448  1237  1277 I InputReader: Reconfiguring input devices.  changes=0x00000010
11-24 18:33:02.576  1448  1448 D CarrierSvcBindHelper: No carrier app for: 0
11-24 18:33:02.582  1448  1448 D CarrierConfigLoader: mHandler: 9 phoneId: 0
11-24 18:33:02.927  1237  1250 W VoiceInteractionManagerService: no available voice recognition services found for user 0
11-24 18:33:02.928  1237  1250 W LocationProviderProxy-network: Odd, no component found for service com.android.location.service.v3.NetworkLocationProvider
11-24 18:33:02.929  1237  1250 W GeocoderProxy: Odd, no component found for service com.android.location.service.GeocodeProvider
11-24 18:33:02.929  1237  1250 W GeofenceProxy: Odd, no component found for service com.android.location.service.GeofenceProvider
11-24 18:33:02.929  1237  1250 W ActivityRecognitionProxy: Odd, no component found for service com.android.location.service.ActivityRecognitionProvider
11-24 18:33:03.383  2177  2177 D AndroidRuntime: >>>>>> START com.android.internal.os.RuntimeInit uid 2000 <<<<<<
11-24 18:33:03.386  2177  2177 D AndroidRuntime: CheckJNI is ON
11-24 18:33:03.546  2177  2177 W art     : Unexpected CPU variant for X86 using defaults: x86
11-24 18:33:03.552  2177  2177 D ICU     : No timezone override file found: /data/misc/zoneinfo/current/icu/icu_tzdata.dat
11-24 18:33:03.593  2177  2177 E memtrack: Couldn't load memtrack module (No such file or directory)
11-24 18:33:03.593  2177  2177 E android.os.Debug: failed to load memtrack module: -2
11-24 18:33:03.594  2177  2177 I Radio-JNI: register_android_hardware_Radio DONE
11-24 18:33:03.614  2177  2177 D AndroidRuntime: Calling main entry com.android.commands.pm.Pm
11-24 18:33:03.637  2177  2177 I art     : System.exit called, status: 0
11-24 18:33:03.637  2177  2177 I AndroidRuntime: VM exiting with result code 0.
11-24 18:33:04.344  2195  2195 D AndroidRuntime: >>>>>> START com.android.internal.os.RuntimeInit uid 2000 <<<<<<
11-24 18:33:04.346  2195  2195 D AndroidRuntime: CheckJNI is ON
11-24 18:33:04.402  2195  2195 W art     : Unexpected CPU variant for X86 using defaults: x86
11-24 18:33:04.407  2195  2195 D ICU     : No timezone override file found: /data/misc/zoneinfo/current/icu/icu_tzdata.dat
11-24 18:33:04.430  2195  2195 E memtrack: Couldn't load memtrack module (No such file or directory)
11-24 18:33:04.430  2195  2195 E android.os.Debug: failed to load memtrack module: -2
11-24 18:33:04.431  2195  2195 I Radio-JNI: register_android_hardware_Radio DONE
11-24 18:33:04.449  2195  2195 D AndroidRuntime: Calling main entry com.android.commands.pm.Pm
11-24 18:33:04.472   995   995 I         : free_cache(2038431) avail 492630016
11-24 18:33:04.890  2065  2065 W art     : Long monitor contention with owner IntentService[GalleryPackagesMonitorAsync] (2185) at void android.os.HandlerThread.run()(HandlerThread.java:55) waiters=1 in void java.lang.Object.wait!() for 720ms
11-24 18:33:05.290  1237  1248 I ActivityManager: Start proc 2207:com.svox.pico/u0a46 for broadcast com.svox.pico/.VoiceDataInstallerReceiver
11-24 18:33:05.301  2207  2207 W art     : Unexpected CPU variant for X86 using defaults: x86
11-24 18:33:05.472  1237  1250 I GnssLocationProvider: WakeLock acquired by handleInjectNtpTime()
11-24 18:33:05.478  1237  2221 I GnssLocationProvider: WakeLock acquired by sendMessage(10, 0, null)
11-24 18:33:05.479  1237  1250 I GnssLocationProvider: WakeLock released by handleMessage(10, 0, null)
11-24 18:33:05.481  1237  2221 I GnssLocationProvider: WakeLock released by handleInjectNtpTime()
11-24 18:33:06.568  1237  1248 I ActivityManager: Killing 1463:com.android.settings:CryptKeeper/1000 (adj 906): empty #17
11-24 18:33:07.810  2195  2195 I art     : System.exit called, status: 0
11-24 18:33:07.810  2195  2195 I AndroidRuntime: VM exiting with result code 0.
11-24 18:33:08.201  2223  2223 D AndroidRuntime: >>>>>> START com.android.internal.os.RuntimeInit uid 2000 <<<<<<
11-24 18:33:08.203  2223  2223 D AndroidRuntime: CheckJNI is ON
11-24 18:33:08.257  2223  2223 W art     : Unexpected CPU variant for X86 using defaults: x86
11-24 18:33:08.272  2223  2223 D ICU     : No timezone override file found: /data/misc/zoneinfo/current/icu/icu_tzdata.dat
11-24 18:33:08.299  2223  2223 E memtrack: Couldn't load memtrack module (No such file or directory)
11-24 18:33:08.299  2223  2223 E android.os.Debug: failed to load memtrack module: -2
11-24 18:33:08.300  2223  2223 I Radio-JNI: register_android_hardware_Radio DONE
11-24 18:33:08.318  2223  2223 D AndroidRuntime: Calling main entry com.android.commands.pm.Pm
11-24 18:33:08.410  2154  2165 I art     : HomogeneousSpaceCompact marksweep + semispace GC freed 9837(546KB) AllocSpace objects, 0(0B) LOS objects, 39% free, 2MB/3MB, paused 1.329s total 1.329s
11-24 18:33:08.428  1237  1263 I PackageManager.DexOptimizer: Running dexopt (dex2oat) on: /data/app/vmdl693663214.tmp/base.apk pkg=br.com.catbag.gifreduxsample.test isa=x86 vmSafeMode=false debuggable=true target-filter=interpret-only oatDir = /data/app/vmdl693663214.tmp/oat sharedLibraries=/system/framework/android.test.runner.jar
11-24 18:33:08.458  2234  2234 W dex2oat : Unexpected CPU variant for X86 using defaults: x86
11-24 18:33:08.458  2234  2234 W dex2oat : Mismatch between dex2oat instruction set features (ISA: X86 Feature string: smp,-ssse3,-sse4.1,-sse4.2,-avx,-avx2,-lock_add,-popcnt) and those of dex2oat executable (ISA: X86 Feature string: smp,ssse3,-sse4.1,-sse4.2,-avx,-avx2,-lock_add,-popcnt) for the command line:
11-24 18:33:08.458  2234  2234 W dex2oat : /system/bin/dex2oat --zip-fd=6 --zip-location=base.apk --oat-fd=7 --oat-location=/data/app/vmdl693663214.tmp/oat/x86/base.odex --instruction-set=x86 --instruction-set-variant=x86 --instruction-set-features=default --runtime-arg -Xms64m --runtime-arg -Xmx512m --compiler-filter=interpret-only --swap-fd=9 --debuggable --runtime-arg -classpath --runtime-arg /system/framework/android.test.runner.jar
11-24 18:33:08.459  2234  2234 I dex2oat : /system/bin/dex2oat --compiler-filter=interpret-only --debuggable
11-24 18:33:32.748  2234  2234 W dex2oat : Compilation of com.android.dx.util.ByteArray com.android.dx.util.ByteArray.slice(int, int) took 142.236ms
11-24 18:33:36.114  2234  2234 I dex2oat : dex2oat took 27.656s (threads: 1) arena alloc=824B (824B) java alloc=3MB (3868560B) native alloc=6MB (6969808B) free=2MB (2467376B)
11-24 18:33:36.345  1237  1263 V BackupManagerService: restoreAtInstall pkg=br.com.catbag.gifreduxsample.test token=2 restoreSet=0
11-24 18:33:36.345  1237  1263 W BackupManagerService: Requested unavailable transport: android/com.android.internal.backup.LocalTransport
11-24 18:33:36.346  1237  1263 W BackupManagerService: No transport
11-24 18:33:36.346  1237  1263 V BackupManagerService: Finishing install immediately
11-24 18:33:36.368  1237  1263 I art     : Starting a blocking GC Explicit
11-24 18:33:36.487  1237  1263 I art     : Explicit concurrent mark sweep GC freed 38062(2MB) AllocSpace objects, 12(288KB) LOS objects, 33% free, 6MB/10MB, paused 5.693ms total 113.356ms
11-24 18:33:36.493   995   995 E         : Couldn't opendir /data/app/vmdl693663214.tmp: No such file or directory
11-24 18:33:36.607  2223  2223 I art     : System.exit called, status: 0
11-24 18:33:36.607  2223  2223 I AndroidRuntime: VM exiting with result code 0.
11-24 18:33:36.638  1448  1448 D CarrierSvcBindHelper: No carrier app for: 0
11-24 18:33:36.649  1448  1448 D CarrierConfigLoader: mHandler: 9 phoneId: 0
11-24 18:33:36.657  1237  1277 I InputReader: Reconfiguring input devices.  changes=0x00000010
11-24 18:33:36.761  1237  1250 W VoiceInteractionManagerService: no available voice recognition services found for user 0
11-24 18:33:36.762  1237  1250 W LocationProviderProxy-network: Odd, no component found for service com.android.location.service.v3.NetworkLocationProvider
11-24 18:33:36.762  1237  1250 W GeocoderProxy: Odd, no component found for service com.android.location.service.GeocodeProvider
11-24 18:33:36.763  1237  1250 W GeofenceProxy: Odd, no component found for service com.android.location.service.GeofenceProvider
11-24 18:33:36.763  1237  1250 W ActivityRecognitionProxy: Odd, no component found for service com.android.location.service.ActivityRecognitionProvider
11-24 18:33:37.183  2240  2240 D AndroidRuntime: >>>>>> START com.android.internal.os.RuntimeInit uid 2000 <<<<<<
11-24 18:33:37.193  2240  2240 D AndroidRuntime: CheckJNI is ON
11-24 18:33:37.258  2240  2240 W art     : Unexpected CPU variant for X86 using defaults: x86
11-24 18:33:37.272  2240  2240 D ICU     : No timezone override file found: /data/misc/zoneinfo/current/icu/icu_tzdata.dat
11-24 18:33:37.306  2240  2240 E memtrack: Couldn't load memtrack module (No such file or directory)
11-24 18:33:37.306  2240  2240 E android.os.Debug: failed to load memtrack module: -2
11-24 18:33:37.308  2240  2240 I Radio-JNI: register_android_hardware_Radio DONE
11-24 18:33:37.340  2240  2240 D AndroidRuntime: Calling main entry com.android.commands.am.Am
11-24 18:33:37.359  1237  1477 I ActivityManager: Force stopping br.com.catbag.gifreduxsample appid=10060 user=0: start instr
11-24 18:33:37.384  1237  1477 I ActivityManager: Start proc 2250:br.com.catbag.gifreduxsample/u0a60 for added application br.com.catbag.gifreduxsample
11-24 18:33:37.389  2250  2250 I art     : Not late-enabling -Xcheck:jni (already on)
11-24 18:33:37.391  2250  2250 W art     : Unexpected CPU variant for X86 using defaults: x86
11-24 18:33:37.422  2250  2250 W System  : ClassLoader referenced unknown path: /data/app/br.com.catbag.gifreduxsample.test-1/lib/x86
11-24 18:33:37.429  2250  2250 W System  : ClassLoader referenced unknown path: 
11-24 18:33:37.477  2250  2250 W System.err: java.io.FileNotFoundException: /jacoco.exec (Read-only file system)
11-24 18:33:37.479  2250  2250 W System.err: 	at java.io.FileOutputStream.open(Native Method)
11-24 18:33:37.479  2250  2250 W System.err: 	at java.io.FileOutputStream.<init>(FileOutputStream.java:221)
11-24 18:33:37.479  2250  2250 W System.err: 	at org.jacoco.agent.rt.internal_e6e56f0.output.FileOutput.openFile(FileOutput.java:67)
11-24 18:33:37.479  2250  2250 W System.err: 	at org.jacoco.agent.rt.internal_e6e56f0.output.FileOutput.startup(FileOutput.java:49)
11-24 18:33:37.479  2250  2250 W System.err: 	at org.jacoco.agent.rt.internal_e6e56f0.Agent.startup(Agent.java:122)
11-24 18:33:37.480  2250  2250 W System.err: 	at org.jacoco.agent.rt.internal_e6e56f0.Agent.getInstance(Agent.java:50)
11-24 18:33:37.480  2250  2250 W System.err: 	at org.jacoco.agent.rt.internal_e6e56f0.Offline.<clinit>(Offline.java:31)
11-24 18:33:37.480  2250  2250 W System.err: 	at org.jacoco.agent.rt.internal_e6e56f0.Offline.getProbes(Offline.java:51)
11-24 18:33:37.480  2250  2250 W System.err: 	at br.com.catbag.gifreduxsample.MyApp.$jacocoInit(MyApp.java)
11-24 18:33:37.480  2250  2250 W System.err: 	at br.com.catbag.gifreduxsample.MyApp.<clinit>(MyApp.java)
11-24 18:33:37.480  2250  2250 W System.err: 	at java.lang.Class.newInstance(Native Method)
11-24 18:33:37.481  2250  2250 W System.err: 	at android.app.Instrumentation.newApplication(Instrumentation.java:1007)
11-24 18:33:37.481  2250  2250 W System.err: 	at android.app.Instrumentation.newApplication(Instrumentation.java:992)
11-24 18:33:37.481  2250  2250 W System.err: 	at android.app.LoadedApk.makeApplication(LoadedApk.java:796)
11-24 18:33:37.481  2250  2250 W System.err: 	at android.app.ActivityThread.handleBindApplication(ActivityThread.java:5335)
11-24 18:33:37.481  2250  2250 W System.err: 	at android.app.ActivityThread.-wrap2(ActivityThread.java)
11-24 18:33:37.481  2250  2250 W System.err: 	at android.app.ActivityThread$H.handleMessage(ActivityThread.java:1528)
11-24 18:33:37.482  2250  2250 W System.err: 	at android.os.Handler.dispatchMessage(Handler.java:102)
11-24 18:33:37.482  2250  2250 W System.err: 	at android.os.Looper.loop(Looper.java:154)
11-24 18:33:37.482  2250  2250 W System.err: 	at android.app.ActivityThread.main(ActivityThread.java:6077)
11-24 18:33:37.482  2250  2250 W System.err: 	at java.lang.reflect.Method.invoke(Native Method)
11-24 18:33:37.482  2250  2250 W System.err: 	at com.android.internal.os.ZygoteInit$MethodAndArgsCaller.run(ZygoteInit.java:865)
11-24 18:33:37.482  2250  2250 W System.err: 	at com.android.internal.os.ZygoteInit.main(ZygoteInit.java:755)
11-24 18:33:37.488  2250  2250 I MonitoringInstrumentation: Instrumentation Started!
11-24 18:33:37.493  2250  2250 I MonitoringInstrumentation: Setting context classloader to 'dalvik.system.PathClassLoader[DexPathList[[zip file "/system/framework/android.test.runner.jar", zip file "/data/app/br.com.catbag.gifreduxsample.test-1/base.apk", zip file "/data/app/br.com.catbag.gifreduxsample-1/base.apk"],nativeLibraryDirectories=[/data/app/br.com.catbag.gifreduxsample.test-1/lib/x86, /data/app/br.com.catbag.gifreduxsample-1/lib/x86, /system/fake-libs, /data/app/br.com.catbag.gifreduxsample.test-1/base.apk!/lib/x86, /data/app/br.com.catbag.gifreduxsample-1/base.apk!/lib/x86, /system/lib, /vendor/lib]]]', Original: 'dalvik.system.PathClassLoader[DexPathList[[zip file "/system/framework/android.test.runner.jar", zip file "/data/app/br.com.catbag.gifreduxsample.test-1/base.apk", zip file "/data/app/br.com.catbag.gifreduxsample-1/base.apk"],nativeLibraryDirectories=[/data/app/br.com.catbag.gifreduxsample.test-1/lib/x86, /data/app/br.com.catbag.gifreduxsample-1/lib/x86, /system/fake-libs, /data/app/br.com.catbag.gifreduxsample.test-1/base.apk!/lib/x86, /data/app/br.com.catbag.gifreduxsample-1/base.apk!/lib/x86, /system/lib, /vendor/lib]]]'
11-24 18:33:37.558  2250  2250 D NetworkSecurityConfig: No Network Security Config specified, using platform default
11-24 18:33:37.609  2250  2250 I MonitoringInstrumentation: No JSBridge.
11-24 18:33:37.627  2250  2265 I UsageTrackerFacilitator: Usage tracking enabled
11-24 18:33:37.629  2250  2265 I TestRequestBuilder: Scanning classpath to find tests in apks [/data/app/br.com.catbag.gifreduxsample.test-1/base.apk]
11-24 18:33:38.264  2250  2265 I art     : Rejecting re-init on previously-failed class java.lang.Class<org.objectweb.asm.commons.JSRInlinerAdapter>: java.lang.NoClassDefFoundError: Failed resolution of: Lorg/objectweb/asm/tree/MethodNode;
11-24 18:33:38.264  2250  2265 I art     :   at java.lang.Class java.lang.Class.classForName!(java.lang.String, boolean, java.lang.ClassLoader) (Class.java:-2)
11-24 18:33:38.277  2250  2265 I art     :   at java.lang.Class java.lang.Class.forName(java.lang.String, boolean, java.lang.ClassLoader) (Class.java:400)
11-24 18:33:38.277  2250  2265 I art     :   at java.lang.Class android.support.test.internal.runner.TestLoader.doLoadClass(java.lang.String) (TestLoader.java:92)
11-24 18:33:38.277  2250  2265 I art     :   at java.lang.Class android.support.test.internal.runner.TestLoader.loadIfTest(java.lang.String) (TestLoader.java:113)
11-24 18:33:38.278  2250  2265 I art     :   at void android.support.test.internal.runner.TestRequestBuilder.loadClassesFromClassPath(android.support.test.internal.runner.TestLoader, java.util.Set) (TestRequestBuilder.java:801)
11-24 18:33:38.278  2250  2265 I art     :   at android.support.test.internal.runner.TestRequest android.support.test.internal.runner.TestRequestBuilder.build() (TestRequestBuilder.java:747)
11-24 18:33:38.278  2250  2265 I art     :   at android.support.test.internal.runner.TestRequest android.support.test.runner.AndroidJUnitRunner.buildRequest(android.support.test.internal.runner.RunnerArgs, android.os.Bundle) (AndroidJUnitRunner.java:354)
11-24 18:33:38.278  2250  2265 I art     :   at void android.support.test.runner.AndroidJUnitRunner.onStart() (AndroidJUnitRunner.java:260)
11-24 18:33:38.278  2250  2265 I art     :   at void android.app.Instrumentation$InstrumentationThread.run() (Instrumentation.java:1932)
11-24 18:33:38.278  2250  2265 I art     : Caused by: java.lang.ClassNotFoundException: Didn't find class "org.objectweb.asm.tree.MethodNode" on path: DexPathList[[zip file "/system/framework/android.test.runner.jar", zip file "/data/app/br.com.catbag.gifreduxsample.test-1/base.apk", zip file "/data/app/br.com.catbag.gifreduxsample-1/base.apk"],nativeLibraryDirectories=[/data/app/br.com.catbag.gifreduxsample.test-1/lib/x86, /data/app/br.com.catbag.gifreduxsample-1/lib/x86, /system/fake-libs, /data/app/br.com.catbag.gifreduxsample.test-1/base.apk!/lib/x86, /data/app/br.com.catbag.gifreduxsample-1/base.apk!/lib/x86, /system/lib, /vendor/lib]]
11-24 18:33:38.278  2250  2265 I art     :   at java.lang.Class dalvik.system.BaseDexClassLoader.findClass(java.lang.String) (BaseDexClassLoader.java:56)
11-24 18:33:38.279  2250  2265 I art     :   at java.lang.Class java.lang.ClassLoader.loadClass(java.lang.String, boolean) (ClassLoader.java:380)
11-24 18:33:38.279  2250  2265 I art     :   at java.lang.Class java.lang.ClassLoader.loadClass(java.lang.String) (ClassLoader.java:312)
11-24 18:33:38.279  2250  2265 I art     :   at java.lang.Class java.lang.Class.classForName!(java.lang.String, boolean, java.lang.ClassLoader) (Class.java:-2)
11-24 18:33:38.279  2250  2265 I art     :   at java.lang.Class java.lang.Class.forName(java.lang.String, boolean, java.lang.ClassLoader) (Class.java:400)
11-24 18:33:38.279  2250  2265 I art     :   at java.lang.Class android.support.test.internal.runner.TestLoader.doLoadClass(java.lang.String) (TestLoader.java:92)
11-24 18:33:38.279  2250  2265 I art     :   at java.lang.Class android.support.test.internal.runner.TestLoader.loadIfTest(java.lang.String) (TestLoader.java:113)
11-24 18:33:38.280  2250  2265 I art     :   at void android.support.test.internal.runner.TestRequestBuilder.loadClassesFromClassPath(android.support.test.internal.runner.TestLoader, java.util.Set) (TestRequestBuilder.java:801)
11-24 18:33:38.280  2250  2265 I art     :   at android.support.test.internal.runner.TestRequest android.support.test.internal.runner.TestRequestBuilder.build() (TestRequestBuilder.java:747)
11-24 18:33:38.280  2250  2265 I art     :   at android.support.test.internal.runner.TestRequest android.support.test.runner.AndroidJUnitRunner.buildRequest(android.support.test.internal.runner.RunnerArgs, android.os.Bundle) (AndroidJUnitRunner.java:354)
11-24 18:33:38.280  2250  2265 I art     :   at void android.support.test.runner.AndroidJUnitRunner.onStart() (AndroidJUnitRunner.java:260)
11-24 18:33:38.280  2250  2265 I art     :   at void android.app.Instrumentation$InstrumentationThread.run() (Instrumentation.java:1932)
11-24 18:33:38.280  2250  2265 I art     : 
11-24 18:33:38.281  2250  2265 E TestLoader: Could not find class: org.objectweb.asm.commons.JSRInlinerAdapter
11-24 18:33:38.288  2250  2265 I art     : Rejecting re-init on previously-failed class java.lang.Class<org.objectweb.asm.commons.TryCatchBlockSorter>: java.lang.NoClassDefFoundError: Failed resolution of: Lorg/objectweb/asm/tree/MethodNode;
11-24 18:33:38.288  2250  2265 I art     :   at java.lang.Class java.lang.Class.classForName!(java.lang.String, boolean, java.lang.ClassLoader) (Class.java:-2)
11-24 18:33:38.288  2250  2265 I art     :   at java.lang.Class java.lang.Class.forName(java.lang.String, boolean, java.lang.ClassLoader) (Class.java:400)
11-24 18:33:38.288  2250  2265 I art     :   at java.lang.Class android.support.test.internal.runner.TestLoader.doLoadClass(java.lang.String) (TestLoader.java:92)
11-24 18:33:38.288  2250  2265 I art     :   at java.lang.Class android.support.test.internal.runner.TestLoader.loadIfTest(java.lang.String) (TestLoader.java:113)
11-24 18:33:38.289  2250  2265 I art     :   at void android.support.test.internal.runner.TestRequestBuilder.loadClassesFromClassPath(android.support.test.internal.runner.TestLoader, java.util.Set) (TestRequestBuilder.java:801)
11-24 18:33:38.289  2250  2265 I art     :   at android.support.test.internal.runner.TestRequest android.support.test.internal.runner.TestRequestBuilder.build() (TestRequestBuilder.java:747)
11-24 18:33:38.289  2250  2265 I art     :   at android.support.test.internal.runner.TestRequest android.support.test.runner.AndroidJUnitRunner.buildRequest(android.support.test.internal.runner.RunnerArgs, android.os.Bundle) (AndroidJUnitRunner.java:354)
11-24 18:33:38.289  2250  2265 I art     :   at void android.support.test.runner.AndroidJUnitRunner.onStart() (AndroidJUnitRunner.java:260)
11-24 18:33:38.289  2250  2265 I art     :   at void android.app.Instrumentation$InstrumentationThread.run() (Instrumentation.java:1932)
11-24 18:33:38.289  2250  2265 I art     : Caused by: java.lang.ClassNotFoundException: Didn't find class "org.objectweb.asm.tree.MethodNode" on path: DexPathList[[zip file "/system/framework/android.test.runner.jar", zip file "/data/app/br.com.catbag.gifreduxsample.test-1/base.apk", zip file "/data/app/br.com.catbag.gifreduxsample-1/base.apk"],nativeLibraryDirectories=[/data/app/br.com.catbag.gifreduxsample.test-1/lib/x86, /data/app/br.com.catbag.gifreduxsample-1/lib/x86, /system/fake-libs, /data/app/br.com.catbag.gifreduxsample.test-1/base.apk!/lib/x86, /data/app/br.com.catbag.gifreduxsample-1/base.apk!/lib/x86, /system/lib, /vendor/lib]]
11-24 18:33:38.290  2250  2265 I art     :   at java.lang.Class dalvik.system.BaseDexClassLoader.findClass(java.lang.String) (BaseDexClassLoader.java:56)
11-24 18:33:38.290  2250  2265 I art     :   at java.lang.Class java.lang.ClassLoader.loadClass(java.lang.String, boolean) (ClassLoader.java:380)
11-24 18:33:38.290  2250  2265 I art     :   at java.lang.Class java.lang.ClassLoader.loadClass(java.lang.String) (ClassLoader.java:312)
11-24 18:33:38.290  2250  2265 I art     :   at java.lang.Class java.lang.Class.classForName!(java.lang.String, boolean, java.lang.ClassLoader) (Class.java:-2)
11-24 18:33:38.290  2250  2265 I art     :   at java.lang.Class java.lang.Class.forName(java.lang.String, boolean, java.lang.ClassLoader) (Class.java:400)
11-24 18:33:38.290  2250  2265 I art     :   at java.lang.Class android.support.test.internal.runner.TestLoader.doLoadClass(java.lang.String) (TestLoader.java:92)
11-24 18:33:38.290  2250  2265 I art     :   at java.lang.Class android.support.test.internal.runner.TestLoader.loadIfTest(java.lang.String) (TestLoader.java:113)
11-24 18:33:38.291  2250  2265 I art     :   at void android.support.test.internal.runner.TestRequestBuilder.loadClassesFromClassPath(android.support.test.internal.runner.TestLoader, java.util.Set) (TestRequestBuilder.java:801)
11-24 18:33:38.291  2250  2265 I art     :   at android.support.test.internal.runner.TestRequest android.support.test.internal.runner.TestRequestBuilder.build() (TestRequestBuilder.java:747)
11-24 18:33:38.291  2250  2265 I art     :   at android.support.test.internal.runner.TestRequest android.support.test.runner.AndroidJUnitRunner.buildRequest(android.support.test.internal.runner.RunnerArgs, android.os.Bundle) (AndroidJUnitRunner.java:354)
11-24 18:33:38.291  2250  2265 I art     :   at void android.support.test.runner.AndroidJUnitRunner.onStart() (AndroidJUnitRunner.java:260)
11-24 18:33:38.291  2250  2265 I art     :   at void android.app.Instrumentation$InstrumentationThread.run() (Instrumentation.java:1932)
11-24 18:33:38.291  2250  2265 I art     : 
11-24 18:33:38.292  2250  2265 E TestLoader: Could not find class: org.objectweb.asm.commons.TryCatchBlockSorter
11-24 18:33:38.361  2250  2265 D TestExecutor: Adding listener android.support.test.internal.runner.listener.LogRunListener
11-24 18:33:38.362  2250  2265 D TestExecutor: Adding listener android.support.test.internal.runner.listener.InstrumentationResultPrinter
11-24 18:33:38.362  2250  2265 D TestExecutor: Adding listener android.support.test.internal.runner.listener.ActivityFinisherRunListener
11-24 18:33:38.362  2250  2265 D TestExecutor: Adding listener android.support.test.internal.runner.listener.CoverageListener
11-24 18:33:38.368  2250  2265 I TestRunner: run started: 15 tests
11-24 18:33:38.392  2250  2265 I TestRunner: started: whenAppStateSavedSeveralTime(br.com.catbag.gifreduxsample.asyncs.data.DataManagerTest)
11-24 18:33:38.400  2250  2250 I MonitoringInstrumentation: Activities that are still in CREATED to STOPPED: 0
11-24 18:33:38.441  2250  2261 I art     : Background sticky concurrent mark sweep GC freed 109876(4MB) AllocSpace objects, 0(0B) LOS objects, 27% free, 4MB/6MB, paused 8.366ms total 407.134ms
11-24 18:33:38.573  2207  2218 W art     : Suspending all threads took: 27.257s
11-24 18:33:38.618  2250  2268 W Java7Support: Unable to load JDK7 types (annotations, java.nio.file.Path): no Java7 support added
11-24 18:33:38.992  2250  2261 I art     : Background partial concurrent mark sweep GC freed 68294(2MB) AllocSpace objects, 0(0B) LOS objects, 39% free, 3MB/5MB, paused 6.128ms total 97.569ms
11-24 18:33:39.016  2250  2265 I TestRunner: finished: whenAppStateSavedSeveralTime(br.com.catbag.gifreduxsample.asyncs.data.DataManagerTest)
11-24 18:33:39.018  2250  2250 I MonitoringInstrumentation: Activities that are still in CREATED to STOPPED: 0
11-24 18:33:39.019  2250  2265 I TestRunner: started: whenAppStateSavedOnceTime(br.com.catbag.gifreduxsample.asyncs.data.DataManagerTest)
11-24 18:33:39.021  2250  2250 I MonitoringInstrumentation: Activities that are still in CREATED to STOPPED: 0
11-24 18:33:39.273  2250  2265 I TestRunner: finished: whenAppStateSavedOnceTime(br.com.catbag.gifreduxsample.asyncs.data.DataManagerTest)
11-24 18:33:39.276  2250  2250 I MonitoringInstrumentation: Activities that are still in CREATED to STOPPED: 0
11-24 18:33:39.277  2250  2265 I TestRunner: started: whenUnsavedAppStateIsLoaded(br.com.catbag.gifreduxsample.asyncs.data.DataManagerTest)
11-24 18:33:39.279  2250  2250 I MonitoringInstrumentation: Activities that are still in CREATED to STOPPED: 0
11-24 18:33:39.389  2250  2265 I TestRunner: finished: whenUnsavedAppStateIsLoaded(br.com.catbag.gifreduxsample.asyncs.data.DataManagerTest)
11-24 18:33:39.398  2250  2250 I MonitoringInstrumentation: Activities that are still in CREATED to STOPPED: 0
11-24 18:33:39.399  2250  2265 I TestRunner: started: whenSavedAppStateIsLoaded(br.com.catbag.gifreduxsample.asyncs.data.DataManagerTest)
11-24 18:33:39.400  2250  2250 I MonitoringInstrumentation: Activities that are still in CREATED to STOPPED: 0
11-24 18:33:39.416  2250  2273 E DataManager: appstate not loaded
11-24 18:33:39.416  2250  2273 E DataManager: com.snappydb.SnappydbException: Failed to get a String: NotFound: 
11-24 18:33:39.416  2250  2273 E DataManager: 	at com.snappydb.internal.DBImpl.__get(Native Method)
11-24 18:33:39.416  2250  2273 E DataManager: 	at com.snappydb.internal.DBImpl.get(DBImpl.java:348)
11-24 18:33:39.416  2250  2273 E DataManager: 	at br.com.catbag.gifreduxsample.asyncs.data.storage.Database.getAppState(Database.java:29)
11-24 18:33:39.416  2250  2273 E DataManager: 	at br.com.catbag.gifreduxsample.asyncs.data.DataManager.lambda$loadAppState$0(DataManager.java:61)
11-24 18:33:39.416  2250  2273 E DataManager: 	at br.com.catbag.gifreduxsample.asyncs.data.DataManager$$Lambda$1.run(Unknown Source)
11-24 18:33:39.416  2250  2273 E DataManager: 	at java.lang.Thread.run(Thread.java:761)
11-24 18:33:39.643  2250  2265 I TestRunner: finished: whenSavedAppStateIsLoaded(br.com.catbag.gifreduxsample.asyncs.data.DataManagerTest)
11-24 18:33:39.652  2250  2250 I MonitoringInstrumentation: Activities that are still in CREATED to STOPPED: 0
11-24 18:33:39.678  2250  2265 I TestRunner: started: whenScrollDownAndPlayLastItemTest(br.com.catbag.gifreduxsample.ui.giflist.GifListActivityTest)
11-24 18:33:39.679  2250  2250 I MonitoringInstrumentation: Activities that are still in CREATED to STOPPED: 0
11-24 18:33:40.007  2277  2277 W dex2oat : Unexpected CPU variant for X86 using defaults: x86
11-24 18:33:40.008  2277  2277 W dex2oat : Mismatch between dex2oat instruction set features (ISA: X86 Feature string: smp,-ssse3,-sse4.1,-sse4.2,-avx,-avx2,-lock_add,-popcnt) and those of dex2oat executable (ISA: X86 Feature string: smp,ssse3,-sse4.1,-sse4.2,-avx,-avx2,-lock_add,-popcnt) for the command line:
11-24 18:33:40.008  2277  2277 W dex2oat : /system/bin/dex2oat --runtime-arg -classpath --runtime-arg & --instruction-set=x86 --instruction-set-features=smp,ssse3,-sse4.1,-sse4.2,-avx,-avx2,-lock_add,-popcnt --runtime-arg -Xrelocate --boot-image=/system/framework/boot.art --runtime-arg -Xms64m --runtime-arg -Xmx512m --instruction-set-variant=x86 --instruction-set-features=default --dex-file=/data/user/0/br.com.catbag.gifreduxsample/app_dxmaker_cache/Generated_1497766805.jar --oat-fd=38 --oat-location=/data/user/0/br.com.catbag.gifreduxsample/app_dxmaker_cache/Generated_1497766805.dex --compiler-filter=speed
11-24 18:33:40.008  2277  2277 I dex2oat : /system/bin/dex2oat --dex-file=/data/user/0/br.com.catbag.gifreduxsample/app_dxmaker_cache/Generated_1497766805.jar --oat-fd=38 --oat-location=/data/user/0/br.com.catbag.gifreduxsample/app_dxmaker_cache/Generated_1497766805.dex --compiler-filter=speed
11-24 18:33:40.126  2250  2261 W art     : Suspending all threads took: 11.213ms
11-24 18:33:40.212  2250  2261 I art     : Background sticky concurrent mark sweep GC freed 35367(1515KB) AllocSpace objects, 2(40KB) LOS objects, 31% free, 4MB/5MB, paused 19.872ms total 286.122ms
11-24 18:33:40.311  2277  2277 I dex2oat : dex2oat took 304.691ms (threads: 1) arena alloc=41KB (42016B) java alloc=28KB (28768B) native alloc=736KB (753768B) free=799KB (819096B)
11-24 18:33:40.362  1237  1248 D VoldConnector: SND -> {29 volume mkdirs /storage/emulated/0/Android/data/br.com.catbag.gifreduxsample/cache/}
11-24 18:33:40.379  1237  1279 D VoldConnector: RCV <- {200 29 Command succeeded}
11-24 18:33:40.391  2250  2266 I DroidFlux:Dispatcher: [STARTED] dispatch of action [FAKE_REDUCE_ACTION]
11-24 18:33:40.423  2250  2266 I DroidFlux:Dispatcher: [COMPLETED] dispatch of action [FAKE_REDUCE_ACTION]
11-24 18:33:40.429  2250  2276 D ActivityTestRule: Launching activity br.com.catbag.gifreduxsample.ui.GifListActivity
11-24 18:33:40.438  2250  2279 D MonitoringInstrumentation: execStartActivity(context, ibinder, ibinder, activity, intent, int, bundle
11-24 18:33:40.448  1237  1477 I ActivityManager: START u0 {flg=0x14000000 cmp=br.com.catbag.gifreduxsample/.ui.GifListActivity} from uid 10060 on display 0
11-24 18:33:40.659  2250  2250 D LifecycleMonitor: Lifecycle status change: br.com.catbag.gifreduxsample.ui.GifListActivity@bf80924 in: PRE_ON_CREATE
11-24 18:33:41.091  1714  1714 I Choreographer: Skipped 54 frames!  The application may be doing too much work on its main thread.
11-24 18:33:41.282  2250  2250 D LifecycleMonitor: Lifecycle status change: br.com.catbag.gifreduxsample.ui.GifListActivity@bf80924 in: CREATED
11-24 18:33:41.284  2250  2266 I DroidFlux:Dispatcher: [STARTED] dispatch of action [APP_STATE_LOAD]
11-24 18:33:41.284  2250  2266 D DroidFlux:Dispatcher: An action of type [APP_STATE_LOAD] was dispatched, but no reducer handled it
11-24 18:33:41.289  2250  2250 D LifecycleMonitor: Lifecycle status change: br.com.catbag.gifreduxsample.ui.GifListActivity@bf80924 in: STARTED
11-24 18:33:41.312  2250  2250 D LifecycleMonitor: Lifecycle status change: br.com.catbag.gifreduxsample.ui.GifListActivity@bf80924 in: RESUMED
11-24 18:33:41.315  2250  2266 I DroidFlux:Dispatcher: [COMPLETED] dispatch of action [APP_STATE_LOAD]
11-24 18:33:41.816  2250  2250 D gralloc_ranchu: Emulator without host-side GPU emulation detected.
11-24 18:33:41.883  1237  1258 I ActivityManager: Displayed br.com.catbag.gifreduxsample/.ui.GifListActivity: +1s299ms
11-24 18:33:42.116  2250  2276 D InputManagerEventInjectionStrategy: Creating injection strategy with input manager.
11-24 18:33:42.161  1237  1258 I WindowManager: Destroying surface Surface(name=Starting br.com.catbag.gifreduxsample) called by com.android.server.wm.WindowStateAnimator.destroySurface:2014 com.android.server.wm.WindowStateAnimator.destroySurfaceLocked:881 com.android.server.wm.WindowState.destroyOrSaveSurface:2073 com.android.server.wm.AppWindowToken.destroySurfaces:363 com.android.server.wm.WindowStateAnimator.finishExit:565 com.android.server.wm.WindowStateAnimator.stepAnimationLocked:491 com.android.server.wm.WindowAnimator.updateWindowsLocked:303 com.android.server.wm.WindowAnimator.animateLocked:704 
11-24 18:33:42.195  2250  2250 W ResourceType: No package identifier when getting name for resource number 0x00000001
11-24 18:33:42.196  2250  2250 I ViewInteraction: Performing 'scroll RecyclerView to position: 4' action on view with id: 1 (resource name not found)
11-24 18:33:42.307  2250  2261 I art     : Background partial concurrent mark sweep GC freed 7059(615KB) AllocSpace objects, 0(0B) LOS objects, 40% free, 5MB/9MB, paused 5.397ms total 87.019ms
11-24 18:33:42.344  1714  1714 I Choreographer: Skipped 103 frames!  The application may be doing too much work on its main thread.
11-24 18:33:42.359  1237  1249 I WindowManager: Destroying surface Surface(name=com.android.launcher3/com.android.launcher3.Launcher) called by com.android.server.wm.WindowStateAnimator.destroySurface:2014 com.android.server.wm.WindowStateAnimator.destroySurfaceLocked:881 com.android.server.wm.WindowState.destroyOrSaveSurface:2073 com.android.server.wm.AppWindowToken.destroySurfaces:363 com.android.server.wm.AppWindowToken.notifyAppStopped:389 com.android.server.wm.WindowManagerService.notifyAppStopped:4456 com.android.server.am.ActivityStack.activityStoppedLocked:1252 com.android.server.am.ActivityManagerService.activityStopped:6873 
11-24 18:33:42.550  2250  2250 W ResourceType: No package identifier when getting name for resource number 0x00000001
11-24 18:33:42.562  2250  2255 I art     : Do partial code cache collection, code=26KB, data=30KB
11-24 18:33:42.572  2250  2255 I art     : After code cache collection, code=24KB, data=30KB
11-24 18:33:42.572  2250  2255 I art     : Increasing code cache capacity to 128KB
11-24 18:33:42.631  2250  2250 W ResourceType: No package identifier when getting name for resource number 0x00000004
11-24 18:33:42.631  2250  2250 I ViewInteraction: Performing 'single click' action on view with id: 4 (resource name not found)
11-24 18:33:42.712  2250  2266 I DroidFlux:Dispatcher: [STARTED] dispatch of action [GIF_PLAY]
11-24 18:33:42.714  2250  2266 I DroidFlux:Dispatcher: [COMPLETED] dispatch of action [GIF_PLAY]
11-24 18:33:42.760  1237  1321 D LightsService: Excessive delay setting light: 55ms
11-24 18:33:42.862  1237  1312 W AudioTrack: AUDIO_OUTPUT_FLAG_FAST denied by client; transfer 4, track 48000 Hz, output 44100 Hz
11-24 18:33:42.936   988  1027 D AudioFlinger: mixer(0xb3983e00) throttle end: throttle time(7)
11-24 18:33:42.956   988  1027 D AudioFlinger: mixer(0xb3983e00) throttle end: throttle time(10)
11-24 18:33:43.505  1237  1324 E TaskPersister: File error accessing recents directory (directory doesn't exist?).
11-24 18:33:43.565  2250  2250 D LifecycleMonitor: Lifecycle status change: br.com.catbag.gifreduxsample.ui.GifListActivity@bf80924 in: PAUSED
11-24 18:33:43.590  2250  2265 I TestRunner: finished: whenScrollDownAndPlayLastItemTest(br.com.catbag.gifreduxsample.ui.giflist.GifListActivityTest)
11-24 18:33:43.634   977   977 D gralloc : Registering a buffer in the process that created it. This may cause memory ordering problems.
11-24 18:33:43.634   977   977 E libEGL  : called unimplemented OpenGL ES API
11-24 18:33:43.637   977   977 E SurfaceFlinger: glCheckFramebufferStatusOES error 546614527
11-24 18:33:43.638   977   977 E SurfaceFlinger: got GL_FRAMEBUFFER_COMPLETE_OES error while taking screenshot
11-24 18:33:43.639  1237  1249 W WindowManager: Screenshot failure taking screenshot for (480x800) to layer 21005
11-24 18:33:43.673  2250  2250 I MonitoringInstrumentation: Activities that are still in CREATED to STOPPED: 1
11-24 18:33:43.674  2250  2265 I TestRunner: started: whenGifIsNotWatchedTest(br.com.catbag.gifreduxsample.ui.giflist.GifListActivityTest)
11-24 18:33:43.700  2250  2250 I MonitoringInstrumentation: Activities that are still in CREATED to STOPPED: 1
11-24 18:33:43.725  2250  2266 I DroidFlux:Dispatcher: [STARTED] dispatch of action [FAKE_REDUCE_ACTION]
11-24 18:33:43.729  2250  2266 I DroidFlux:Dispatcher: [COMPLETED] dispatch of action [FAKE_REDUCE_ACTION]
11-24 18:33:43.755  2250  2284 D ActivityTestRule: Launching activity br.com.catbag.gifreduxsample.ui.GifListActivity
11-24 18:33:43.780  2250  2285 D MonitoringInstrumentation: execStartActivity(context, ibinder, ibinder, activity, intent, int, bundle
11-24 18:33:43.781  1237  1477 I ActivityManager: START u0 {flg=0x10000000 cmp=br.com.catbag.gifreduxsample/.ui.GifListActivity} from uid 10060 on display 0
11-24 18:33:44.068  1714  1714 I Choreographer: Skipped 53 frames!  The application may be doing too much work on its main thread.
11-24 18:33:44.124  2250  2250 D LifecycleMonitor: Lifecycle status change: br.com.catbag.gifreduxsample.ui.GifListActivity@408e1ac in: PRE_ON_CREATE
11-24 18:33:44.183  1237  1258 I WindowManager: Destroying surface Surface(name=com.android.launcher3/com.android.launcher3.Launcher) called by com.android.server.wm.WindowStateAnimator.destroySurface:2014 com.android.server.wm.WindowStateAnimator.destroySurfaceLocked:881 com.android.server.wm.WindowState.destroyOrSaveSurface:2073 com.android.server.wm.AppWindowToken.destroySurfaces:363 com.android.server.wm.WindowStateAnimator.finishExit:565 com.android.server.wm.WindowStateAnimator.stepAnimationLocked:491 com.android.server.wm.WindowAnimator.updateWindowsLocked:303 com.android.server.wm.WindowAnimator.animateLocked:704 
11-24 18:33:44.226  2250  2250 D LifecycleMonitor: Lifecycle status change: br.com.catbag.gifreduxsample.ui.GifListActivity@408e1ac in: CREATED
11-24 18:33:44.234  2250  2266 I DroidFlux:Dispatcher: [STARTED] dispatch of action [APP_STATE_LOAD]
11-24 18:33:44.238  2250  2250 D LifecycleMonitor: Lifecycle status change: br.com.catbag.gifreduxsample.ui.GifListActivity@408e1ac in: STARTED
11-24 18:33:44.259  2250  2266 D DroidFlux:Dispatcher: An action of type [APP_STATE_LOAD] was dispatched, but no reducer handled it
11-24 18:33:44.259  2250  2266 I DroidFlux:Dispatcher: [COMPLETED] dispatch of action [APP_STATE_LOAD]
11-24 18:33:44.266  2250  2250 D LifecycleMonitor: Lifecycle status change: br.com.catbag.gifreduxsample.ui.GifListActivity@408e1ac in: RESUMED
11-24 18:33:44.284  2250  2250 I Choreographer: Skipped 45 frames!  The application may be doing too much work on its main thread.
11-24 18:33:44.453  2250  2250 E Feed    : Gif{uuid=b9bb5950-4eac-49b4-8213-b5d389631bd7, path=, url=, title=, watched=false, status=DOWNLOADED}
11-24 18:33:44.453  2250  2250 E Feed    : pl.droidsonroids.gif.GifIOException: GifError 101: Failed to open given input
11-24 18:33:44.453  2250  2250 E Feed    : 	at pl.droidsonroids.gif.GifInfoHandle.openFile(Native Method)
11-24 18:33:44.453  2250  2250 E Feed    : 	at pl.droidsonroids.gif.GifInfoHandle.<init>(GifInfoHandle.java:46)
11-24 18:33:44.453  2250  2250 E Feed    : 	at pl.droidsonroids.gif.GifDrawable.<init>(GifDrawable.java:124)
11-24 18:33:44.453  2250  2250 E Feed    : 	at br.com.catbag.gifreduxsample.ui.components.FeedView.createDrawable(FeedView.java:102)
11-24 18:33:44.453  2250  2250 E Feed    : 	at br.com.catbag.gifreduxsample.ui.components.FeedView.lambda$renderGifView$1(FeedView.java:89)
11-24 18:33:44.453  2250  2250 E Feed    : 	at br.com.catbag.gifreduxsample.ui.components.FeedView$$Lambda$2.view(Unknown Source)
11-24 18:33:44.453  2250  2250 E Feed    : 	at trikita.anvil.BaseDSL.v(BaseDSL.java:670)
11-24 18:33:44.453  2250  2250 E Feed    : 	at br.com.catbag.gifreduxsample.ui.components.FeedView.renderGifView(FeedView.java:88)
11-24 18:33:44.453  2250  2250 E Feed    : 	at br.com.catbag.gifreduxsample.ui.components.FeedView.access$lambda$0(FeedView.java)
11-24 18:33:44.453  2250  2250 E Feed    : 	at br.com.catbag.gifreduxsample.ui.components.FeedView$$Lambda$3.view(Unknown Source)
11-24 18:33:44.453  2250  2250 E Feed    : 	at br.com.catbag.gifreduxsample.ui.components.GifsAdapter.view(GifsAdapter.java:55)
11-24 18:33:44.453  2250  2250 E Feed    : 	at trikita.anvil.RenderableRecyclerViewAdapter$1.view(RenderableRecyclerViewAdapter.java:24)
11-24 18:33:44.453  2250  2250 E Feed    : 	at trikita.anvil.Anvil$Mount.render(Anvil.java:204)
11-24 18:33:44.453  2250  2250 E Feed    : 	at trikita.anvil.Anvil.render(Anvil.java:173)
11-24 18:33:44.453  2250  2250 E Feed    : 	at trikita.anvil.RenderableRecyclerViewAdapter.onBindViewHolder(RenderableRecyclerViewAdapter.java:27)
11-24 18:33:44.453  2250  2250 E Feed    : 	at trikita.anvil.RenderableRecyclerViewAdapter.onBindViewHolder(RenderableRecyclerViewAdapter.java:7)
11-24 18:33:44.453  2250  2250 E Feed    : 	at android.support.v7.widget.RecyclerView$Adapter.onBindViewHolder(RecyclerView.java:5768)
11-24 18:33:44.453  2250  2250 E Feed    : 	at android.support.v7.widget.RecyclerView$Adapter.bindViewHolder(RecyclerView.java:5801)
11-24 18:33:44.453  2250  2250 E Feed    : 	at android.support.v7.widget.RecyclerView$Recycler.getViewForPosition(RecyclerView.java:5037)
