--------- beginning of main
11-24 18:45:49.551  2119  2119 D AndroidRuntime: >>>>>> START com.android.internal.os.RuntimeInit uid 2000 <<<<<<
11-24 18:45:49.629  2119  2119 D AndroidRuntime: CheckJNI is ON
11-24 18:45:49.956  2119  2119 W art     : Unexpected CPU variant for X86 using defaults: x86
11-24 18:45:50.078  2119  2119 D ICU     : No timezone override file found: /data/misc/zoneinfo/current/icu/icu_tzdata.dat
11-24 18:45:50.362  2119  2119 E memtrack: Couldn't load memtrack module (No such file or directory)
11-24 18:45:50.363  2119  2119 E android.os.Debug: failed to load memtrack module: -2
11-24 18:45:50.391  2119  2119 I Radio-JNI: register_android_hardware_Radio DONE
11-24 18:45:50.535  2119  2119 D AndroidRuntime: Calling main entry com.android.commands.am.Am
11-24 18:45:50.574  2119  2119 D AndroidRuntime: Shutting down VM
11-24 18:45:50.958  2129  2129 D AndroidRuntime: >>>>>> START com.android.internal.os.RuntimeInit uid 2000 <<<<<<
11-24 18:45:50.960  2129  2129 D AndroidRuntime: CheckJNI is ON
11-24 18:45:51.014  2129  2129 W art     : Unexpected CPU variant for X86 using defaults: x86
11-24 18:45:51.027  2129  2129 D ICU     : No timezone override file found: /data/misc/zoneinfo/current/icu/icu_tzdata.dat
11-24 18:45:51.063  2129  2129 E memtrack: Couldn't load memtrack module (No such file or directory)
11-24 18:45:51.063  2129  2129 E android.os.Debug: failed to load memtrack module: -2
11-24 18:45:51.069  2129  2129 I Radio-JNI: register_android_hardware_Radio DONE
11-24 18:45:51.092  2129  2129 D AndroidRuntime: Calling main entry com.android.commands.pm.Pm
11-24 18:45:51.184  2129  2129 I art     : System.exit called, status: 0
11-24 18:45:51.184  2129  2129 I AndroidRuntime: VM exiting with result code 0.
11-24 18:45:51.921  2140  2140 D AndroidRuntime: >>>>>> START com.android.internal.os.RuntimeInit uid 2000 <<<<<<
11-24 18:45:51.923  2140  2140 D AndroidRuntime: CheckJNI is ON
11-24 18:45:51.982  2140  2140 W art     : Unexpected CPU variant for X86 using defaults: x86
11-24 18:45:51.999  2140  2140 D ICU     : No timezone override file found: /data/misc/zoneinfo/current/icu/icu_tzdata.dat
11-24 18:45:52.035  2140  2140 E memtrack: Couldn't load memtrack module (No such file or directory)
11-24 18:45:52.035  2140  2140 E android.os.Debug: failed to load memtrack module: -2
11-24 18:45:52.036  2140  2140 I Radio-JNI: register_android_hardware_Radio DONE
11-24 18:45:52.061  2140  2140 D AndroidRuntime: Calling main entry com.android.commands.pm.Pm
11-24 18:45:52.125   992   992 I         : free_cache(7064452) avail 512577536
11-24 18:46:02.882  2140  2140 I art     : System.exit called, status: 0
11-24 18:46:02.882  2140  2140 I AndroidRuntime: VM exiting with result code 0.
11-24 18:46:03.224  2152  2152 D AndroidRuntime: >>>>>> START com.android.internal.os.RuntimeInit uid 2000 <<<<<<
11-24 18:46:03.227  2152  2152 D AndroidRuntime: CheckJNI is ON
11-24 18:46:03.290  2152  2152 W art     : Unexpected CPU variant for X86 using defaults: x86
11-24 18:46:03.302  2152  2152 D ICU     : No timezone override file found: /data/misc/zoneinfo/current/icu/icu_tzdata.dat
11-24 18:46:03.341  2152  2152 E memtrack: Couldn't load memtrack module (No such file or directory)
11-24 18:46:03.341  2152  2152 E android.os.Debug: failed to load memtrack module: -2
11-24 18:46:03.342  2152  2152 I Radio-JNI: register_android_hardware_Radio DONE
11-24 18:46:03.371  2152  2152 D AndroidRuntime: Calling main entry com.android.commands.pm.Pm
--------- beginning of system
11-24 18:46:03.905  1239  1265 W ActivityManager: Slow operation: 99ms so far, now at startProcess: returned from zygote!
11-24 18:46:03.906  1239  1265 W ActivityManager: Slow operation: 100ms so far, now at startProcess: done updating battery stats
11-24 18:46:03.907  1239  1265 W ActivityManager: Slow operation: 102ms so far, now at startProcess: building log message
11-24 18:46:03.907  1239  1265 I ActivityManager: Start proc 2162:com.android.defcontainer/u0a5 for service com.android.defcontainer/.DefaultContainerService
11-24 18:46:03.908  1239  1265 W ActivityManager: Slow operation: 102ms so far, now at startProcess: starting to update pids map
11-24 18:46:03.909  1239  1265 W ActivityManager: Slow operation: 103ms so far, now at startProcess: done updating pids map
11-24 18:46:03.909  1239  1265 W ActivityManager: Slow operation: 112ms so far, now at startProcess: done starting proc!
11-24 18:46:03.910  1239  1254 W art     : Long monitor contention with owner PackageManager (1265) at int com.android.server.am.ActivityManagerService.bindService(android.app.IApplicationThread, android.os.IBinder, android.content.Intent, java.lang.String, android.app.IServiceConnection, int, java.lang.String, int)(ActivityManagerService.java:17045) waiters=0 in void com.android.server.am.ActivityManagerService.dispatchUidsChanged() for 107ms
11-24 18:46:03.949  2162  2162 W art     : Unexpected CPU variant for X86 using defaults: x86
11-24 18:46:04.287  1239  1265 I PackageManager.DexOptimizer: Running dexopt (dex2oat) on: /data/app/vmdl754105280.tmp/base.apk pkg=br.com.catbag.gifreduxsample isa=x86 vmSafeMode=false debuggable=true target-filter=interpret-only oatDir = /data/app/vmdl754105280.tmp/oat sharedLibraries=null
11-24 18:46:04.340  2177  2177 W dex2oat : Unexpected CPU variant for X86 using defaults: x86
11-24 18:46:04.341  2177  2177 W dex2oat : Mismatch between dex2oat instruction set features (ISA: X86 Feature string: smp,-ssse3,-sse4.1,-sse4.2,-avx,-avx2,-lock_add,-popcnt) and those of dex2oat executable (ISA: X86 Feature string: smp,ssse3,-sse4.1,-sse4.2,-avx,-avx2,-lock_add,-popcnt) for the command line:
11-24 18:46:04.341  2177  2177 W dex2oat : /system/bin/dex2oat --zip-fd=6 --zip-location=base.apk --oat-fd=7 --oat-location=/data/app/vmdl754105280.tmp/oat/x86/base.odex --instruction-set=x86 --instruction-set-variant=x86 --instruction-set-features=default --runtime-arg -Xms64m --runtime-arg -Xmx512m --compiler-filter=interpret-only --swap-fd=9 --debuggable
11-24 18:46:04.343  2177  2177 I dex2oat : /system/bin/dex2oat --compiler-filter=interpret-only --debuggable
11-24 18:46:07.555  2177  2177 W dex2oat : Before Android 4.1, method android.graphics.PorterDuffColorFilter android.support.graphics.drawable.VectorDrawableCompat.updateTintFilter(android.graphics.PorterDuffColorFilter, android.content.res.ColorStateList, android.graphics.PorterDuff$Mode) would have incorrectly overridden the package-private method in android.graphics.drawable.Drawable
11-24 18:46:07.660  2177  2177 W dex2oat : Before Android 4.1, method int android.support.v7.widget.ListViewCompat.lookForSelectablePosition(int, boolean) would have incorrectly overridden the package-private method in android.widget.ListView
11-24 18:46:24.223  2177  2177 W dex2oat : Verification of void org.immutables.value.internal.$processor$.meta.$StyleMirror.<init>(javax.lang.model.element.AnnotationMirror) took 110.121ms
11-24 18:46:48.167  2177  2177 W dex2oat : Compilation of java.lang.String com.fasterxml.jackson.core.json.UTF8StreamJsonParser.parseMediumName(int) took 182.598ms
11-24 18:46:53.165  2177  2177 W dex2oat : Compilation of java.lang.Appendable com.google.common.io.AppendableWriter.append(java.lang.CharSequence) took 175.771ms
11-24 18:46:58.152  2177  2177 W dex2oat : Compilation of void pl.droidsonroids.gif.GifDrawable.getPixels(int[]) took 146.792ms
11-24 18:47:00.894  2177  2177 I dex2oat : dex2oat took 56.559s (threads: 1) arena alloc=1402KB (1436528B) java alloc=7MB (8050336B) native alloc=13MB (14282688B) free=3MB (3149888B)
11-24 18:47:01.173  1239  1265 W PackageManager: Not granting permission android.permission.SET_DEBUG_APP to package br.com.catbag.gifreduxsample (protectionLevel=50 flags=0x3848be46)
11-24 18:47:01.317  1239  1249 I art     : Background sticky concurrent mark sweep GC freed 31165(1923KB) AllocSpace objects, 9(228KB) LOS objects, 26% free, 7MB/10MB, paused 6.585ms total 201.053ms
11-24 18:47:01.476  1239  1265 V BackupManagerService: restoreAtInstall pkg=br.com.catbag.gifreduxsample token=1 restoreSet=0
11-24 18:47:01.477  1239  1265 W BackupManagerService: Requested unavailable transport: android/com.android.internal.backup.LocalTransport
11-24 18:47:01.478  1239  1265 W BackupManagerService: No transport
11-24 18:47:01.478  1239  1265 V BackupManagerService: Finishing install immediately
11-24 18:47:01.511  1239  1533 I ActivityManager: Killing 1477:com.android.settings:CryptKeeper/1000 (adj 906): empty #17
11-24 18:47:01.531  1239  1265 I art     : Starting a blocking GC Explicit
11-24 18:47:01.855  1239  1265 I art     : Explicit concurrent mark sweep GC freed 15675(875KB) AllocSpace objects, 10(360KB) LOS objects, 33% free, 6MB/10MB, paused 7.280ms total 319.174ms
11-24 18:47:01.864   992   992 E         : Couldn't opendir /data/app/vmdl754105280.tmp: No such file or directory
11-24 18:47:01.947  2152  2152 I art     : System.exit called, status: 0
11-24 18:47:01.947  2152  2152 I AndroidRuntime: VM exiting with result code 0.
11-24 18:47:02.076  1239  1279 I InputReader: Reconfiguring input devices.  changes=0x00000010
11-24 18:47:02.188  1460  1460 D CarrierSvcBindHelper: No carrier app for: 0
11-24 18:47:02.194  1460  1460 D CarrierConfigLoader: mHandler: 9 phoneId: 0
11-24 18:47:02.627  1239  1252 W VoiceInteractionManagerService: no available voice recognition services found for user 0
11-24 18:47:02.628  1239  1252 W LocationProviderProxy-network: Odd, no component found for service com.android.location.service.v3.NetworkLocationProvider
11-24 18:47:02.629  1239  1252 W GeocoderProxy: Odd, no component found for service com.android.location.service.GeocodeProvider
11-24 18:47:02.630  1239  1252 W GeofenceProxy: Odd, no component found for service com.android.location.service.GeofenceProvider
11-24 18:47:02.630  1239  1252 W ActivityRecognitionProxy: Odd, no component found for service com.android.location.service.ActivityRecognitionProvider
11-24 18:47:03.160  2184  2184 D AndroidRuntime: >>>>>> START com.android.internal.os.RuntimeInit uid 2000 <<<<<<
11-24 18:47:03.163  2184  2184 D AndroidRuntime: CheckJNI is ON
11-24 18:47:03.219  2184  2184 W art     : Unexpected CPU variant for X86 using defaults: x86
11-24 18:47:03.225  2184  2184 D ICU     : No timezone override file found: /data/misc/zoneinfo/current/icu/icu_tzdata.dat
11-24 18:47:03.260  2184  2184 E memtrack: Couldn't load memtrack module (No such file or directory)
11-24 18:47:03.260  2184  2184 E android.os.Debug: failed to load memtrack module: -2
11-24 18:47:03.265  2184  2184 I Radio-JNI: register_android_hardware_Radio DONE
11-24 18:47:03.292  2184  2184 D AndroidRuntime: Calling main entry com.android.commands.pm.Pm
11-24 18:47:03.318  2184  2184 I art     : System.exit called, status: 0
11-24 18:47:03.318  2184  2184 I AndroidRuntime: VM exiting with result code 0.
11-24 18:47:04.048  2201  2201 D AndroidRuntime: >>>>>> START com.android.internal.os.RuntimeInit uid 2000 <<<<<<
11-24 18:47:04.050  2201  2201 D AndroidRuntime: CheckJNI is ON
11-24 18:47:04.086  2201  2201 W art     : Unexpected CPU variant for X86 using defaults: x86
11-24 18:47:04.110  2201  2201 D ICU     : No timezone override file found: /data/misc/zoneinfo/current/icu/icu_tzdata.dat
11-24 18:47:04.131  2201  2201 E memtrack: Couldn't load memtrack module (No such file or directory)
11-24 18:47:04.131  2201  2201 E android.os.Debug: failed to load memtrack module: -2
11-24 18:47:04.133  2201  2201 I Radio-JNI: register_android_hardware_Radio DONE
11-24 18:47:04.148  2201  2201 D AndroidRuntime: Calling main entry com.android.commands.pm.Pm
11-24 18:47:04.157   992   992 I         : free_cache(2038440) avail 492634112
11-24 18:47:05.319  1239  1250 I ActivityManager: Start proc 2214:com.svox.pico/u0a46 for broadcast com.svox.pico/.VoiceDataInstallerReceiver
11-24 18:47:05.341  2214  2214 W art     : Unexpected CPU variant for X86 using defaults: x86
11-24 18:47:05.983  2051  2051 W art     : Long monitor contention with owner IntentService[GalleryPackagesMonitorAsync] (2203) at long android.os.SystemClock.uptimeMillis()(SystemClock.java:-2) waiters=0 in void android.os.MessageQueue.quit(boolean) for 143ms
11-24 18:47:07.212  2201  2201 I art     : System.exit called, status: 0
11-24 18:47:07.212  2201  2201 I AndroidRuntime: VM exiting with result code 0.
11-24 18:47:07.546  2229  2229 D AndroidRuntime: >>>>>> START com.android.internal.os.RuntimeInit uid 2000 <<<<<<
11-24 18:47:07.548  2229  2229 D AndroidRuntime: CheckJNI is ON
11-24 18:47:07.586  2229  2229 W art     : Unexpected CPU variant for X86 using defaults: x86
11-24 18:47:07.634  2229  2229 D ICU     : No timezone override file found: /data/misc/zoneinfo/current/icu/icu_tzdata.dat
11-24 18:47:07.658  2229  2229 E memtrack: Couldn't load memtrack module (No such file or directory)
11-24 18:47:07.658  2229  2229 E android.os.Debug: failed to load memtrack module: -2
11-24 18:47:07.659  2229  2229 I Radio-JNI: register_android_hardware_Radio DONE
11-24 18:47:07.676  2229  2229 D AndroidRuntime: Calling main entry com.android.commands.pm.Pm
11-24 18:47:07.750  2162  2173 I art     : HomogeneousSpaceCompact marksweep + semispace GC freed 11830(612KB) AllocSpace objects, 0(0B) LOS objects, 39% free, 2MB/3MB, paused 1.146s total 1.146s
11-24 18:47:07.789  1239  1265 I PackageManager.DexOptimizer: Running dexopt (dex2oat) on: /data/app/vmdl1318287611.tmp/base.apk pkg=br.com.catbag.gifreduxsample.test isa=x86 vmSafeMode=false debuggable=true target-filter=interpret-only oatDir = /data/app/vmdl1318287611.tmp/oat sharedLibraries=/system/framework/android.test.runner.jar
11-24 18:47:07.861  2240  2240 W dex2oat : Unexpected CPU variant for X86 using defaults: x86
11-24 18:47:07.861  2240  2240 W dex2oat : Mismatch between dex2oat instruction set features (ISA: X86 Feature string: smp,-ssse3,-sse4.1,-sse4.2,-avx,-avx2,-lock_add,-popcnt) and those of dex2oat executable (ISA: X86 Feature string: smp,ssse3,-sse4.1,-sse4.2,-avx,-avx2,-lock_add,-popcnt) for the command line:
11-24 18:47:07.861  2240  2240 W dex2oat : /system/bin/dex2oat --zip-fd=6 --zip-location=base.apk --oat-fd=7 --oat-location=/data/app/vmdl1318287611.tmp/oat/x86/base.odex --instruction-set=x86 --instruction-set-variant=x86 --instruction-set-features=default --runtime-arg -Xms64m --runtime-arg -Xmx512m --compiler-filter=interpret-only --swap-fd=9 --debuggable --runtime-arg -classpath --runtime-arg /system/framework/android.test.runner.jar
11-24 18:47:07.862  2240  2240 I dex2oat : /system/bin/dex2oat --compiler-filter=interpret-only --debuggable
11-24 18:47:31.373  2240  2240 W dex2oat : Compilation of void com.google.android.apps.common.testing.accessibility.framework.SpeakableTextPresentInfoCheck.<clinit>() took 158.047ms
11-24 18:47:34.632  2240  2240 I dex2oat : dex2oat took 26.770s (threads: 1) arena alloc=824B (824B) java alloc=3MB (3868560B) native alloc=6MB (6969808B) free=2MB (2467376B)
11-24 18:47:34.967  1239  1265 V BackupManagerService: restoreAtInstall pkg=br.com.catbag.gifreduxsample.test token=2 restoreSet=0
11-24 18:47:34.968  1239  1265 W BackupManagerService: Requested unavailable transport: android/com.android.internal.backup.LocalTransport
11-24 18:47:34.968  1239  1265 W BackupManagerService: No transport
11-24 18:47:34.968  1239  1265 V BackupManagerService: Finishing install immediately
11-24 18:47:35.010  1239  1352 I ActivityManager: Killing 1818:com.android.sdksetup/u0a16 (adj 906): empty #17
11-24 18:47:35.040  1239  1265 I art     : Starting a blocking GC Explicit
11-24 18:47:35.253  1239  1265 I art     : Explicit concurrent mark sweep GC freed 38173(2MB) AllocSpace objects, 13(308KB) LOS objects, 33% free, 6MB/10MB, paused 7.312ms total 209.145ms
11-24 18:47:35.259   992   992 E         : Couldn't opendir /data/app/vmdl1318287611.tmp: No such file or directory
11-24 18:47:35.266  2229  2229 I art     : System.exit called, status: 0
11-24 18:47:35.266  2229  2229 I AndroidRuntime: VM exiting with result code 0.
11-24 18:47:35.437  1239  1279 I InputReader: Reconfiguring input devices.  changes=0x00000010
11-24 18:47:35.459  1239  1252 W VoiceInteractionManagerService: no available voice recognition services found for user 0
11-24 18:47:35.459  1239  1252 W LocationProviderProxy-network: Odd, no component found for service com.android.location.service.v3.NetworkLocationProvider
11-24 18:47:35.460  1239  1252 W GeocoderProxy: Odd, no component found for service com.android.location.service.GeocodeProvider
11-24 18:47:35.460  1239  1252 W GeofenceProxy: Odd, no component found for service com.android.location.service.GeofenceProvider
11-24 18:47:35.461  1239  1252 W ActivityRecognitionProxy: Odd, no component found for service com.android.location.service.ActivityRecognitionProvider
11-24 18:47:35.515  1460  1460 D CarrierSvcBindHelper: No carrier app for: 0
11-24 18:47:35.542  1460  1460 D CarrierConfigLoader: mHandler: 9 phoneId: 0
11-24 18:47:36.119  1460  1474 I art     : Background partial concurrent mark sweep GC freed 27999(1844KB) AllocSpace objects, 2(40KB) LOS objects, 39% free, 2MB/4MB, paused 15.984ms total 551.875ms
11-24 18:47:36.196  2245  2245 D AndroidRuntime: >>>>>> START com.android.internal.os.RuntimeInit uid 2000 <<<<<<
11-24 18:47:36.200  2245  2245 D AndroidRuntime: CheckJNI is ON
11-24 18:47:36.291  2245  2245 W art     : Unexpected CPU variant for X86 using defaults: x86
11-24 18:47:36.312  2245  2245 D ICU     : No timezone override file found: /data/misc/zoneinfo/current/icu/icu_tzdata.dat
11-24 18:47:36.361  2245  2245 E memtrack: Couldn't load memtrack module (No such file or directory)
11-24 18:47:36.361  2245  2245 E android.os.Debug: failed to load memtrack module: -2
11-24 18:47:36.380  2245  2245 I Radio-JNI: register_android_hardware_Radio DONE
11-24 18:47:36.437  2245  2245 D AndroidRuntime: Calling main entry com.android.commands.am.Am
11-24 18:47:36.456  1239  1783 I ActivityManager: Force stopping br.com.catbag.gifreduxsample appid=10060 user=0: start instr
11-24 18:47:36.474  1239  1783 I ActivityManager: Start proc 2256:br.com.catbag.gifreduxsample/u0a60 for added application br.com.catbag.gifreduxsample
11-24 18:47:36.480  2256  2256 I art     : Not late-enabling -Xcheck:jni (already on)
11-24 18:47:36.481  2256  2256 W art     : Unexpected CPU variant for X86 using defaults: x86
11-24 18:47:36.519  2256  2256 W System  : ClassLoader referenced unknown path: /data/app/br.com.catbag.gifreduxsample.test-1/lib/x86
11-24 18:47:36.531  2256  2256 W System  : ClassLoader referenced unknown path: 
11-24 18:47:36.591  2256  2256 W System.err: java.io.FileNotFoundException: /jacoco.exec (Read-only file system)
11-24 18:47:36.593  2256  2256 W System.err: 	at java.io.FileOutputStream.open(Native Method)
11-24 18:47:36.593  2256  2256 W System.err: 	at java.io.FileOutputStream.<init>(FileOutputStream.java:221)
11-24 18:47:36.593  2256  2256 W System.err: 	at org.jacoco.agent.rt.internal_e6e56f0.output.FileOutput.openFile(FileOutput.java:67)
11-24 18:47:36.593  2256  2256 W System.err: 	at org.jacoco.agent.rt.internal_e6e56f0.output.FileOutput.startup(FileOutput.java:49)
11-24 18:47:36.594  2256  2256 W System.err: 	at org.jacoco.agent.rt.internal_e6e56f0.Agent.startup(Agent.java:122)
11-24 18:47:36.594  2256  2256 W System.err: 	at org.jacoco.agent.rt.internal_e6e56f0.Agent.getInstance(Agent.java:50)
11-24 18:47:36.594  2256  2256 W System.err: 	at org.jacoco.agent.rt.internal_e6e56f0.Offline.<clinit>(Offline.java:31)
11-24 18:47:36.594  2256  2256 W System.err: 	at org.jacoco.agent.rt.internal_e6e56f0.Offline.getProbes(Offline.java:51)
11-24 18:47:36.594  2256  2256 W System.err: 	at br.com.catbag.gifreduxsample.MyApp.$jacocoInit(MyApp.java)
11-24 18:47:36.595  2256  2256 W System.err: 	at br.com.catbag.gifreduxsample.MyApp.<clinit>(MyApp.java)
11-24 18:47:36.595  2256  2256 W System.err: 	at java.lang.Class.newInstance(Native Method)
11-24 18:47:36.613  2256  2256 W System.err: 	at android.app.Instrumentation.newApplication(Instrumentation.java:1007)
11-24 18:47:36.613  2256  2256 W System.err: 	at android.app.Instrumentation.newApplication(Instrumentation.java:992)
11-24 18:47:36.613  2256  2256 W System.err: 	at android.app.LoadedApk.makeApplication(LoadedApk.java:796)
11-24 18:47:36.614  2256  2256 W System.err: 	at android.app.ActivityThread.handleBindApplication(ActivityThread.java:5335)
11-24 18:47:36.614  2256  2256 W System.err: 	at android.app.ActivityThread.-wrap2(ActivityThread.java)
11-24 18:47:36.614  2256  2256 W System.err: 	at android.app.ActivityThread$H.handleMessage(ActivityThread.java:1528)
11-24 18:47:36.614  2256  2256 W System.err: 	at android.os.Handler.dispatchMessage(Handler.java:102)
11-24 18:47:36.614  2256  2256 W System.err: 	at android.os.Looper.loop(Looper.java:154)
11-24 18:47:36.615  2256  2256 W System.err: 	at android.app.ActivityThread.main(ActivityThread.java:6077)
11-24 18:47:36.615  2256  2256 W System.err: 	at java.lang.reflect.Method.invoke(Native Method)
11-24 18:47:36.628  2256  2256 W System.err: 	at com.android.internal.os.ZygoteInit$MethodAndArgsCaller.run(ZygoteInit.java:865)
11-24 18:47:36.628  2256  2256 W System.err: 	at com.android.internal.os.ZygoteInit.main(ZygoteInit.java:755)
11-24 18:47:36.638  2256  2256 I MonitoringInstrumentation: Instrumentation Started!
11-24 18:47:36.644  2256  2256 I MonitoringInstrumentation: Setting context classloader to 'dalvik.system.PathClassLoader[DexPathList[[zip file "/system/framework/android.test.runner.jar", zip file "/data/app/br.com.catbag.gifreduxsample.test-1/base.apk", zip file "/data/app/br.com.catbag.gifreduxsample-1/base.apk"],nativeLibraryDirectories=[/data/app/br.com.catbag.gifreduxsample.test-1/lib/x86, /data/app/br.com.catbag.gifreduxsample-1/lib/x86, /system/fake-libs, /data/app/br.com.catbag.gifreduxsample.test-1/base.apk!/lib/x86, /data/app/br.com.catbag.gifreduxsample-1/base.apk!/lib/x86, /system/lib, /vendor/lib]]]', Original: 'dalvik.system.PathClassLoader[DexPathList[[zip file "/system/framework/android.test.runner.jar", zip file "/data/app/br.com.catbag.gifreduxsample.test-1/base.apk", zip file "/data/app/br.com.catbag.gifreduxsample-1/base.apk"],nativeLibraryDirectories=[/data/app/br.com.catbag.gifreduxsample.test-1/lib/x86, /data/app/br.com.catbag.gifreduxsample-1/lib/x86, /system/fake-libs, /data/app/br.com.catbag.gifreduxsample.test-1/base.apk!/lib/x86, /data/app/br.com.catbag.gifreduxsample-1/base.apk!/lib/x86, /system/lib, /vendor/lib]]]'
11-24 18:47:36.735  2256  2256 D NetworkSecurityConfig: No Network Security Config specified, using platform default
11-24 18:47:36.774  2256  2256 I MonitoringInstrumentation: No JSBridge.
11-24 18:47:36.797  2256  2272 I UsageTrackerFacilitator: Usage tracking enabled
11-24 18:47:36.798  2256  2272 I TestRequestBuilder: Scanning classpath to find tests in apks [/data/app/br.com.catbag.gifreduxsample.test-1/base.apk]
11-24 18:47:37.302  2256  2272 I art     : Rejecting re-init on previously-failed class java.lang.Class<org.objectweb.asm.commons.JSRInlinerAdapter>: java.lang.NoClassDefFoundError: Failed resolution of: Lorg/objectweb/asm/tree/MethodNode;
11-24 18:47:37.302  2256  2272 I art     :   at java.lang.Class java.lang.Class.classForName!(java.lang.String, boolean, java.lang.ClassLoader) (Class.java:-2)
11-24 18:47:37.302  2256  2272 I art     :   at java.lang.Class java.lang.Class.forName(java.lang.String, boolean, java.lang.ClassLoader) (Class.java:400)
11-24 18:47:37.302  2256  2272 I art     :   at java.lang.Class android.support.test.internal.runner.TestLoader.doLoadClass(java.lang.String) (TestLoader.java:92)
11-24 18:47:37.303  2256  2272 I art     :   at java.lang.Class android.support.test.internal.runner.TestLoader.loadIfTest(java.lang.String) (TestLoader.java:113)
11-24 18:47:37.303  2256  2272 I art     :   at void android.support.test.internal.runner.TestRequestBuilder.loadClassesFromClassPath(android.support.test.internal.runner.TestLoader, java.util.Set) (TestRequestBuilder.java:801)
11-24 18:47:37.303  2256  2272 I art     :   at android.support.test.internal.runner.TestRequest android.support.test.internal.runner.TestRequestBuilder.build() (TestRequestBuilder.java:747)
11-24 18:47:37.303  2256  2272 I art     :   at android.support.test.internal.runner.TestRequest android.support.test.runner.AndroidJUnitRunner.buildRequest(android.support.test.internal.runner.RunnerArgs, android.os.Bundle) (AndroidJUnitRunner.java:354)
11-24 18:47:37.303  2256  2272 I art     :   at void android.support.test.runner.AndroidJUnitRunner.onStart() (AndroidJUnitRunner.java:260)
11-24 18:47:37.303  2256  2272 I art     :   at void android.app.Instrumentation$InstrumentationThread.run() (Instrumentation.java:1932)
11-24 18:47:37.303  2256  2272 I art     : Caused by: java.lang.ClassNotFoundException: Didn't find class "org.objectweb.asm.tree.MethodNode" on path: DexPathList[[zip file "/system/framework/android.test.runner.jar", zip file "/data/app/br.com.catbag.gifreduxsample.test-1/base.apk", zip file "/data/app/br.com.catbag.gifreduxsample-1/base.apk"],nativeLibraryDirectories=[/data/app/br.com.catbag.gifreduxsample.test-1/lib/x86, /data/app/br.com.catbag.gifreduxsample-1/lib/x86, /system/fake-libs, /data/app/br.com.catbag.gifreduxsample.test-1/base.apk!/lib/x86, /data/app/br.com.catbag.gifreduxsample-1/base.apk!/lib/x86, /system/lib, /vendor/lib]]
11-24 18:47:37.304  2256  2272 I art     :   at java.lang.Class dalvik.system.BaseDexClassLoader.findClass(java.lang.String) (BaseDexClassLoader.java:56)
11-24 18:47:37.304  2256  2272 I art     :   at java.lang.Class java.lang.ClassLoader.loadClass(java.lang.String, boolean) (ClassLoader.java:380)
11-24 18:47:37.304  2256  2272 I art     :   at java.lang.Class java.lang.ClassLoader.loadClass(java.lang.String) (ClassLoader.java:312)
11-24 18:47:37.304  2256  2272 I art     :   at java.lang.Class java.lang.Class.classForName!(java.lang.String, boolean, java.lang.ClassLoader) (Class.java:-2)
11-24 18:47:37.304  2256  2272 I art     :   at java.lang.Class java.lang.Class.forName(java.lang.String, boolean, java.lang.ClassLoader) (Class.java:400)
11-24 18:47:37.304  2256  2272 I art     :   at java.lang.Class android.support.test.internal.runner.TestLoader.doLoadClass(java.lang.String) (TestLoader.java:92)
11-24 18:47:37.304  2256  2272 I art     :   at java.lang.Class android.support.test.internal.runner.TestLoader.loadIfTest(java.lang.String) (TestLoader.java:113)
11-24 18:47:37.305  2256  2272 I art     :   at void android.support.test.internal.runner.TestRequestBuilder.loadClassesFromClassPath(android.support.test.internal.runner.TestLoader, java.util.Set) (TestRequestBuilder.java:801)
11-24 18:47:37.305  2256  2272 I art     :   at android.support.test.internal.runner.TestRequest android.support.test.internal.runner.TestRequestBuilder.build() (TestRequestBuilder.java:747)
11-24 18:47:37.305  2256  2272 I art     :   at android.support.test.internal.runner.TestRequest android.support.test.runner.AndroidJUnitRunner.buildRequest(android.support.test.internal.runner.RunnerArgs, android.os.Bundle) (AndroidJUnitRunner.java:354)
11-24 18:47:37.305  2256  2272 I art     :   at void android.support.test.runner.AndroidJUnitRunner.onStart() (AndroidJUnitRunner.java:260)
11-24 18:47:37.321  2256  2272 I art     :   at void android.app.Instrumentation$InstrumentationThread.run() (Instrumentation.java:1932)
11-24 18:47:37.321  2256  2272 I art     : 
11-24 18:47:37.321  2256  2272 E TestLoader: Could not find class: org.objectweb.asm.commons.JSRInlinerAdapter
11-24 18:47:37.327  2256  2272 I art     : Rejecting re-init on previously-failed class java.lang.Class<org.objectweb.asm.commons.TryCatchBlockSorter>: java.lang.NoClassDefFoundError: Failed resolution of: Lorg/objectweb/asm/tree/MethodNode;
11-24 18:47:37.327  2256  2272 I art     :   at java.lang.Class java.lang.Class.classForName!(java.lang.String, boolean, java.lang.ClassLoader) (Class.java:-2)
11-24 18:47:37.327  2256  2272 I art     :   at java.lang.Class java.lang.Class.forName(java.lang.String, boolean, java.lang.ClassLoader) (Class.java:400)
11-24 18:47:37.327  2256  2272 I art     :   at java.lang.Class android.support.test.internal.runner.TestLoader.doLoadClass(java.lang.String) (TestLoader.java:92)
11-24 18:47:37.328  2256  2272 I art     :   at java.lang.Class android.support.test.internal.runner.TestLoader.loadIfTest(java.lang.String) (TestLoader.java:113)
11-24 18:47:37.328  2256  2272 I art     :   at void android.support.test.internal.runner.TestRequestBuilder.loadClassesFromClassPath(android.support.test.internal.runner.TestLoader, java.util.Set) (TestRequestBuilder.java:801)
11-24 18:47:37.328  2256  2272 I art     :   at android.support.test.internal.runner.TestRequest android.support.test.internal.runner.TestRequestBuilder.build() (TestRequestBuilder.java:747)
11-24 18:47:37.328  2256  2272 I art     :   at android.support.test.internal.runner.TestRequest android.support.test.runner.AndroidJUnitRunner.buildRequest(android.support.test.internal.runner.RunnerArgs, android.os.Bundle) (AndroidJUnitRunner.java:354)
11-24 18:47:37.328  2256  2272 I art     :   at void android.support.test.runner.AndroidJUnitRunner.onStart() (AndroidJUnitRunner.java:260)
11-24 18:47:37.328  2256  2272 I art     :   at void android.app.Instrumentation$InstrumentationThread.run() (Instrumentation.java:1932)
11-24 18:47:37.328  2256  2272 I art     : Caused by: java.lang.ClassNotFoundException: Didn't find class "org.objectweb.asm.tree.MethodNode" on path: DexPathList[[zip file "/system/framework/android.test.runner.jar", zip file "/data/app/br.com.catbag.gifreduxsample.test-1/base.apk", zip file "/data/app/br.com.catbag.gifreduxsample-1/base.apk"],nativeLibraryDirectories=[/data/app/br.com.catbag.gifreduxsample.test-1/lib/x86, /data/app/br.com.catbag.gifreduxsample-1/lib/x86, /system/fake-libs, /data/app/br.com.catbag.gifreduxsample.test-1/base.apk!/lib/x86, /data/app/br.com.catbag.gifreduxsample-1/base.apk!/lib/x86, /system/lib, /vendor/lib]]
11-24 18:47:37.328  2256  2272 I art     :   at java.lang.Class dalvik.system.BaseDexClassLoader.findClass(java.lang.String) (BaseDexClassLoader.java:56)
11-24 18:47:37.329  2256  2272 I art     :   at java.lang.Class java.lang.ClassLoader.loadClass(java.lang.String, boolean) (ClassLoader.java:380)
11-24 18:47:37.329  2256  2272 I art     :   at java.lang.Class java.lang.ClassLoader.loadClass(java.lang.String) (ClassLoader.java:312)
11-24 18:47:37.329  2256  2272 I art     :   at java.lang.Class java.lang.Class.classForName!(java.lang.String, boolean, java.lang.ClassLoader) (Class.java:-2)
11-24 18:47:37.329  2256  2272 I art     :   at java.lang.Class java.lang.Class.forName(java.lang.String, boolean, java.lang.ClassLoader) (Class.java:400)
11-24 18:47:37.329  2256  2272 I art     :   at java.lang.Class android.support.test.internal.runner.TestLoader.doLoadClass(java.lang.String) (TestLoader.java:92)
11-24 18:47:37.329  2256  2272 I art     :   at java.lang.Class android.support.test.internal.runner.TestLoader.loadIfTest(java.lang.String) (TestLoader.java:113)
11-24 18:47:37.329  2256  2272 I art     :   at void android.support.test.internal.runner.TestRequestBuilder.loadClassesFromClassPath(android.support.test.internal.runner.TestLoader, java.util.Set) (TestRequestBuilder.java:801)
11-24 18:47:37.330  2256  2272 I art     :   at android.support.test.internal.runner.TestRequest android.support.test.internal.runner.TestRequestBuilder.build() (TestRequestBuilder.java:747)
11-24 18:47:37.330  2256  2272 I art     :   at android.support.test.internal.runner.TestRequest android.support.test.runner.AndroidJUnitRunner.buildRequest(android.support.test.internal.runner.RunnerArgs, android.os.Bundle) (AndroidJUnitRunner.java:354)
11-24 18:47:37.330  2256  2272 I art     :   at void android.support.test.runner.AndroidJUnitRunner.onStart() (AndroidJUnitRunner.java:260)
11-24 18:47:37.330  2256  2272 I art     :   at void android.app.Instrumentation$InstrumentationThread.run() (Instrumentation.java:1932)
11-24 18:47:37.330  2256  2272 I art     : 
11-24 18:47:37.330  2256  2272 E TestLoader: Could not find class: org.objectweb.asm.commons.TryCatchBlockSorter
11-24 18:47:37.396  2256  2272 D TestExecutor: Adding listener android.support.test.internal.runner.listener.LogRunListener
11-24 18:47:37.396  2256  2272 D TestExecutor: Adding listener android.support.test.internal.runner.listener.InstrumentationResultPrinter
11-24 18:47:37.397  2256  2272 D TestExecutor: Adding listener android.support.test.internal.runner.listener.ActivityFinisherRunListener
11-24 18:47:37.397  2256  2272 D TestExecutor: Adding listener android.support.test.internal.runner.listener.CoverageListener
11-24 18:47:37.402  2256  2272 I TestRunner: run started: 15 tests
11-24 18:47:37.414  2256  2272 I TestRunner: started: whenAppStateSavedSeveralTime(br.com.catbag.gifreduxsample.asyncs.data.DataManagerTest)
11-24 18:47:37.445  2256  2256 I MonitoringInstrumentation: Activities that are still in CREATED to STOPPED: 0
11-24 18:47:37.475  2256  2267 I art     : Background sticky concurrent mark sweep GC freed 114203(4MB) AllocSpace objects, 0(0B) LOS objects, 27% free, 4MB/6MB, paused 6.662ms total 409.151ms
11-24 18:47:37.623  2256  2275 W Java7Support: Unable to load JDK7 types (annotations, java.nio.file.Path): no Java7 support added
11-24 18:47:37.964  2256  2272 I TestRunner: finished: whenAppStateSavedSeveralTime(br.com.catbag.gifreduxsample.asyncs.data.DataManagerTest)
11-24 18:47:37.966  2256  2256 I MonitoringInstrumentation: Activities that are still in CREATED to STOPPED: 0
11-24 18:47:37.967  2256  2272 I TestRunner: started: whenAppStateSavedOnceTime(br.com.catbag.gifreduxsample.asyncs.data.DataManagerTest)
11-24 18:47:37.969  2256  2256 I MonitoringInstrumentation: Activities that are still in CREATED to STOPPED: 0
11-24 18:47:38.093  2256  2267 I art     : Background partial concurrent mark sweep GC freed 66578(2MB) AllocSpace objects, 0(0B) LOS objects, 40% free, 3MB/6MB, paused 16.058ms total 174.157ms
11-24 18:47:38.250  2256  2272 I TestRunner: finished: whenAppStateSavedOnceTime(br.com.catbag.gifreduxsample.asyncs.data.DataManagerTest)
11-24 18:47:38.260  2256  2256 I MonitoringInstrumentation: Activities that are still in CREATED to STOPPED: 0
11-24 18:47:38.261  2256  2272 I TestRunner: started: whenUnsavedAppStateIsLoaded(br.com.catbag.gifreduxsample.asyncs.data.DataManagerTest)
11-24 18:47:38.263  2256  2256 I MonitoringInstrumentation: Activities that are still in CREATED to STOPPED: 0
11-24 18:47:38.344  2256  2280 E DataManager: appstate not loaded
11-24 18:47:38.344  2256  2280 E DataManager: com.snappydb.SnappydbException: Failed to get a String: NotFound: 
11-24 18:47:38.344  2256  2280 E DataManager: 	at com.snappydb.internal.DBImpl.__get(Native Method)
11-24 18:47:38.344  2256  2280 E DataManager: 	at com.snappydb.internal.DBImpl.get(DBImpl.java:348)
11-24 18:47:38.344  2256  2280 E DataManager: 	at br.com.catbag.gifreduxsample.asyncs.data.storage.Database.getAppState(Database.java:29)
11-24 18:47:38.344  2256  2280 E DataManager: 	at br.com.catbag.gifreduxsample.asyncs.data.DataManager.lambda$loadAppState$0(DataManager.java:61)
11-24 18:47:38.344  2256  2280 E DataManager: 	at br.com.catbag.gifreduxsample.asyncs.data.DataManager$$Lambda$1.run(Unknown Source)
11-24 18:47:38.344  2256  2280 E DataManager: 	at java.lang.Thread.run(Thread.java:761)
11-24 18:47:38.362  2256  2272 I TestRunner: finished: whenUnsavedAppStateIsLoaded(br.com.catbag.gifreduxsample.asyncs.data.DataManagerTest)
11-24 18:47:38.363  2256  2256 I MonitoringInstrumentation: Activities that are still in CREATED to STOPPED: 0
11-24 18:47:38.364  2256  2272 I TestRunner: started: whenSavedAppStateIsLoaded(br.com.catbag.gifreduxsample.asyncs.data.DataManagerTest)
11-24 18:47:38.366  2256  2256 I MonitoringInstrumentation: Activities that are still in CREATED to STOPPED: 0
11-24 18:47:38.574  2256  2272 I TestRunner: finished: whenSavedAppStateIsLoaded(br.com.catbag.gifreduxsample.asyncs.data.DataManagerTest)
11-24 18:47:38.589  2256  2256 I MonitoringInstrumentation: Activities that are still in CREATED to STOPPED: 0
11-24 18:47:38.620  2256  2272 I TestRunner: started: whenScrollDownAndPlayLastItemTest(br.com.catbag.gifreduxsample.ui.giflist.GifListActivityTest)
11-24 18:47:38.622  2256  2256 I MonitoringInstrumentation: Activities that are still in CREATED to STOPPED: 0
11-24 18:47:38.929  2284  2284 W dex2oat : Unexpected CPU variant for X86 using defaults: x86
11-24 18:47:38.930  2284  2284 W dex2oat : Mismatch between dex2oat instruction set features (ISA: X86 Feature string: smp,-ssse3,-sse4.1,-sse4.2,-avx,-avx2,-lock_add,-popcnt) and those of dex2oat executable (ISA: X86 Feature string: smp,ssse3,-sse4.1,-sse4.2,-avx,-avx2,-lock_add,-popcnt) for the command line:
11-24 18:47:38.930  2284  2284 W dex2oat : /system/bin/dex2oat --runtime-arg -classpath --runtime-arg & --instruction-set=x86 --instruction-set-features=smp,ssse3,-sse4.1,-sse4.2,-avx,-avx2,-lock_add,-popcnt --runtime-arg -Xrelocate --boot-image=/system/framework/boot.art --runtime-arg -Xms64m --runtime-arg -Xmx512m --instruction-set-variant=x86 --instruction-set-features=default --dex-file=/data/user/0/br.com.catbag.gifreduxsample/app_dxmaker_cache/Generated_1497766805.jar --oat-fd=38 --oat-location=/data/user/0/br.com.catbag.gifreduxsample/app_dxmaker_cache/Generated_1497766805.dex --compiler-filter=speed
11-24 18:47:38.930  2284  2284 I dex2oat : /system/bin/dex2oat --dex-file=/data/user/0/br.com.catbag.gifreduxsample/app_dxmaker_cache/Generated_1497766805.jar --oat-fd=38 --oat-location=/data/user/0/br.com.catbag.gifreduxsample/app_dxmaker_cache/Generated_1497766805.dex --compiler-filter=speed
11-24 18:47:39.059  2284  2284 I dex2oat : dex2oat took 129.965ms (threads: 1) arena alloc=41KB (42016B) java alloc=28KB (28768B) native alloc=736KB (753768B) free=799KB (819096B)
11-24 18:47:39.097  1239  1251 D VoldConnector: SND -> {29 volume mkdirs /storage/emulated/0/Android/data/br.com.catbag.gifreduxsample/cache/}
11-24 18:47:39.111  1239  1281 D VoldConnector: RCV <- {200 29 Command succeeded}
11-24 18:47:39.128  2256  2273 I DroidFlux:Dispatcher: [STARTED] dispatch of action [FAKE_REDUCE_ACTION]
11-24 18:47:39.150  2256  2273 I DroidFlux:Dispatcher: [COMPLETED] dispatch of action [FAKE_REDUCE_ACTION]
11-24 18:47:39.158  2256  2283 D ActivityTestRule: Launching activity br.com.catbag.gifreduxsample.ui.GifListActivity
11-24 18:47:39.167  2256  2286 D MonitoringInstrumentation: execStartActivity(context, ibinder, ibinder, activity, intent, int, bundle
11-24 18:47:39.177  1239  1250 I ActivityManager: START u0 {flg=0x14000000 cmp=br.com.catbag.gifreduxsample/.ui.GifListActivity} from uid 10060 on display 0
11-24 18:47:39.418  2256  2256 D LifecycleMonitor: Lifecycle status change: br.com.catbag.gifreduxsample.ui.GifListActivity@a406611 in: PRE_ON_CREATE
11-24 18:47:39.809  1832  1832 I Choreographer: Skipped 44 frames!  The application may be doing too much work on its main thread.
11-24 18:47:40.284  2256  2267 I art     : Background sticky concurrent mark sweep GC freed 37591(1689KB) AllocSpace objects, 2(40KB) LOS objects, 31% free, 4MB/6MB, paused 8.812ms total 524.168ms
11-24 18:47:40.324  2256  2256 D LifecycleMonitor: Lifecycle status change: br.com.catbag.gifreduxsample.ui.GifListActivity@a406611 in: CREATED
11-24 18:47:40.340  2256  2273 I DroidFlux:Dispatcher: [STARTED] dispatch of action [APP_STATE_LOAD]
11-24 18:47:40.341  2256  2273 D DroidFlux:Dispatcher: An action of type [APP_STATE_LOAD] was dispatched, but no reducer handled it
11-24 18:47:40.341  2256  2273 I DroidFlux:Dispatcher: [COMPLETED] dispatch of action [APP_STATE_LOAD]
11-24 18:47:40.341  2256  2256 D LifecycleMonitor: Lifecycle status change: br.com.catbag.gifreduxsample.ui.GifListActivity@a406611 in: STARTED
11-24 18:47:40.352  2256  2256 D LifecycleMonitor: Lifecycle status change: br.com.catbag.gifreduxsample.ui.GifListActivity@a406611 in: RESUMED
11-24 18:47:40.613  2256  2256 D gralloc_ranchu: Emulator without host-side GPU emulation detected.
11-24 18:47:40.683  1239  1260 I ActivityManager: Displayed br.com.catbag.gifreduxsample/.ui.GifListActivity: +1s374ms
11-24 18:47:40.874  1239  1260 I WindowManager: Destroying surface Surface(name=Starting br.com.catbag.gifreduxsample) called by com.android.server.wm.WindowStateAnimator.destroySurface:2014 com.android.server.wm.WindowStateAnimator.destroySurfaceLocked:881 com.android.server.wm.WindowState.destroyOrSaveSurface:2073 com.android.server.wm.AppWindowToken.destroySurfaces:363 com.android.server.wm.WindowStateAnimator.finishExit:565 com.android.server.wm.WindowStateAnimator.stepAnimationLocked:491 com.android.server.wm.WindowAnimator.updateWindowsLocked:303 com.android.server.wm.WindowAnimator.animateLocked:704 
11-24 18:47:40.919  2256  2283 D InputManagerEventInjectionStrategy: Creating injection strategy with input manager.
11-24 18:47:41.003  2256  2256 W ResourceType: No package identifier when getting name for resource number 0x00000001
11-24 18:47:41.004  2256  2256 I ViewInteraction: Performing 'scroll RecyclerView to position: 4' action on view with id: 1 (resource name not found)
11-24 18:47:41.094  1239  1783 I WindowManager: Destroying surface Surface(name=com.android.launcher3/com.android.launcher3.Launcher) called by com.android.server.wm.WindowStateAnimator.destroySurface:2014 com.android.server.wm.WindowStateAnimator.destroySurfaceLocked:881 com.android.server.wm.WindowState.destroyOrSaveSurface:2073 com.android.server.wm.AppWindowToken.destroySurfaces:363 com.android.server.wm.AppWindowToken.notifyAppStopped:389 com.android.server.wm.WindowManagerService.notifyAppStopped:4456 com.android.server.am.ActivityStack.activityStoppedLocked:1252 com.android.server.am.ActivityManagerService.activityStopped:6873 
11-24 18:47:41.310  2256  2256 W ResourceType: No package identifier when getting name for resource number 0x00000001
11-24 18:47:41.318  2256  2261 I art     : Do partial code cache collection, code=23KB, data=30KB
11-24 18:47:41.326  2256  2261 I art     : After code cache collection, code=23KB, data=30KB
11-24 18:47:41.326  2256  2261 I art     : Increasing code cache capacity to 128KB
11-24 18:47:41.379  2256  2256 W ResourceType: No package identifier when getting name for resource number 0x00000004
11-24 18:47:41.379  2256  2256 I ViewInteraction: Performing 'single click' action on view with id: 4 (resource name not found)
11-24 18:47:41.511  2256  2273 I DroidFlux:Dispatcher: [STARTED] dispatch of action [GIF_PLAY]
11-24 18:47:41.512  2256  2273 I DroidFlux:Dispatcher: [COMPLETED] dispatch of action [GIF_PLAY]
11-24 18:47:41.684  1239  1313 W AudioTrack: AUDIO_OUTPUT_FLAG_FAST denied by client; transfer 4, track 48000 Hz, output 44100 Hz
11-24 18:47:41.877   989  1041 D AudioFlinger: mixer(0xb2303800) throttle end: throttle time(11)
11-24 18:47:41.896   989  1041 D AudioFlinger: mixer(0xb2303800) throttle end: throttle time(10)
11-24 18:47:41.904  1239  1322 D LightsService: Excessive delay setting light: 88ms
11-24 18:47:41.941  2256  2267 I art     : Background partial concurrent mark sweep GC freed 7918(783KB) AllocSpace objects, 3(64KB) LOS objects, 39% free, 5MB/9MB, paused 26.814ms total 598.112ms
11-24 18:47:42.246  2256  2272 I TestRunner: finished: whenScrollDownAndPlayLastItemTest(br.com.catbag.gifreduxsample.ui.giflist.GifListActivityTest)
11-24 18:47:42.264  1239  1325 E TaskPersister: File error accessing recents directory (directory doesn't exist?).
11-24 18:47:42.270  2256  2256 D LifecycleMonitor: Lifecycle status change: br.com.catbag.gifreduxsample.ui.GifListActivity@a406611 in: PAUSED
11-24 18:47:42.325   979   979 D gralloc : Registering a buffer in the process that created it. This may cause memory ordering problems.
11-24 18:47:42.327   979   979 E libEGL  : called unimplemented OpenGL ES API
11-24 18:47:42.327   979   979 E SurfaceFlinger: glCheckFramebufferStatusOES error 1025979246
11-24 18:47:42.328   979   979 E SurfaceFlinger: got GL_FRAMEBUFFER_COMPLETE_OES error while taking screenshot
11-24 18:47:42.330  1239  1434 W WindowManager: Screenshot failure taking screenshot for (480x800) to layer 21005
11-24 18:47:42.339  2256  2256 I MonitoringInstrumentation: Activities that are still in CREATED to STOPPED: 1
11-24 18:47:42.342  2256  2272 I TestRunner: started: whenGifIsNotWatchedTest(br.com.catbag.gifreduxsample.ui.giflist.GifListActivityTest)
11-24 18:47:42.384  2256  2256 I MonitoringInstrumentation: Activities that are still in CREATED to STOPPED: 1
11-24 18:47:42.399  2256  2273 I DroidFlux:Dispatcher: [STARTED] dispatch of action [FAKE_REDUCE_ACTION]
11-24 18:47:42.400  2256  2273 I DroidFlux:Dispatcher: [COMPLETED] dispatch of action [FAKE_REDUCE_ACTION]
11-24 18:47:42.436  2256  2291 D ActivityTestRule: Launching activity br.com.catbag.gifreduxsample.ui.GifListActivity
11-24 18:47:42.457  2256  2293 D MonitoringInstrumentation: execStartActivity(context, ibinder, ibinder, activity, intent, int, bundle
11-24 18:47:42.457  1239  1352 I ActivityManager: START u0 {flg=0x10000000 cmp=br.com.catbag.gifreduxsample/.ui.GifListActivity} from uid 10060 on display 0
11-24 18:47:42.780  2256  2256 D LifecycleMonitor: Lifecycle status change: br.com.catbag.gifreduxsample.ui.GifListActivity@e176179 in: PRE_ON_CREATE
11-24 18:47:42.804  1832  1832 I Choreographer: Skipped 63 frames!  The application may be doing too much work on its main thread.
11-24 18:47:42.844  2256  2256 D LifecycleMonitor: Lifecycle status change: br.com.catbag.gifreduxsample.ui.GifListActivity@e176179 in: CREATED
11-24 18:47:42.852  2256  2273 I DroidFlux:Dispatcher: [STARTED] dispatch of action [APP_STATE_LOAD]
11-24 18:47:42.853  2256  2273 D DroidFlux:Dispatcher: An action of type [APP_STATE_LOAD] was dispatched, but no reducer handled it
11-24 18:47:42.853  2256  2273 I DroidFlux:Dispatcher: [COMPLETED] dispatch of action [APP_STATE_LOAD]
11-24 18:47:42.853  2256  2256 D LifecycleMonitor: Lifecycle status change: br.com.catbag.gifreduxsample.ui.GifListActivity@e176179 in: STARTED
11-24 18:47:42.855  2256  2256 D LifecycleMonitor: Lifecycle status change: br.com.catbag.gifreduxsample.ui.GifListActivity@e176179 in: RESUMED
11-24 18:47:43.092  2256  2256 E Feed    : Gif{uuid=40b7a33a-b112-45d5-a84a-3b0d6df1d376, path=, url=, title=, watched=false, status=DOWNLOADED}
11-24 18:47:43.092  2256  2256 E Feed    : pl.droidsonroids.gif.GifIOException: GifError 101: Failed to open given input
11-24 18:47:43.092  2256  2256 E Feed    : 	at pl.droidsonroids.gif.GifInfoHandle.openFile(Native Method)
11-24 18:47:43.092  2256  2256 E Feed    : 	at pl.droidsonroids.gif.GifInfoHandle.<init>(GifInfoHandle.java:46)
11-24 18:47:43.092  2256  2256 E Feed    : 	at pl.droidsonroids.gif.GifDrawable.<init>(GifDrawable.java:124)
11-24 18:47:43.092  2256  2256 E Feed    : 	at br.com.catbag.gifreduxsample.ui.components.FeedView.createDrawable(FeedView.java:102)
11-24 18:47:43.092  2256  2256 E Feed    : 	at br.com.catbag.gifreduxsample.ui.components.FeedView.lambda$renderGifView$1(FeedView.java:89)
11-24 18:47:43.092  2256  2256 E Feed    : 	at br.com.catbag.gifreduxsample.ui.components.FeedView$$Lambda$2.view(Unknown Source)
11-24 18:47:43.092  2256  2256 E Feed    : 	at trikita.anvil.BaseDSL.v(BaseDSL.java:670)
11-24 18:47:43.092  2256  2256 E Feed    : 	at br.com.catbag.gifreduxsample.ui.components.FeedView.renderGifView(FeedView.java:88)
11-24 18:47:43.092  2256  2256 E Feed    : 	at br.com.catbag.gifreduxsample.ui.components.FeedView.access$lambda$0(FeedView.java)
11-24 18:47:43.092  2256  2256 E Feed    : 	at br.com.catbag.gifreduxsample.ui.components.FeedView$$Lambda$3.view(Unknown Source)
11-24 18:47:43.092  2256  2256 E Feed    : 	at br.com.catbag.gifreduxsample.ui.components.GifsAdapter.view(GifsAdapter.java:55)
11-24 18:47:43.092  2256  2256 E Feed    : 	at trikita.anvil.RenderableRecyclerViewAdapter$1.view(RenderableRecyclerViewAdapter.java:24)
11-24 18:47:43.092  2256  2256 E Feed    : 	at trikita.anvil.Anvil$Mount.render(Anvil.java:204)
11-24 18:47:43.092  2256  2256 E Feed    : 	at trikita.anvil.Anvil.render(Anvil.java:173)
11-24 18:47:43.092  2256  2256 E Feed    : 	at trikita.anvil.RenderableRecyclerViewAdapter.onBindViewHolder(RenderableRecyclerViewAdapter.java:27)
11-24 18:47:43.092  2256  2256 E Feed    : 	at trikita.anvil.RenderableRecyclerViewAdapter.onBindViewHolder(RenderableRecyclerViewAdapter.java:7)
11-24 18:47:43.092  2256  2256 E Feed    : 	at android.support.v7.widget.RecyclerView$Adapter.onBindViewHolder(RecyclerView.java:5768)
11-24 18:47:43.092  2256  2256 E Feed    : 	at android.support.v7.widget.RecyclerView$Adapter.bindViewHolder(RecyclerView.java:5801)
11-24 18:47:43.092  2256  2256 E Feed    : 	at android.support.v7.widget.RecyclerView$Recycler.getViewForPosition(RecyclerView.java:5037)
11-24 18:47:43.092  2256  2256 E Feed    : 	at android.support.v7.widget.RecyclerView$Recycler.getViewForPosition(RecyclerView.java:4913)
11-24 18:47:43.092  2256  2256 E Feed    : 	at android.support.v7.widget.LinearLayoutManager$LayoutState.next(LinearLayoutManager.java:2029)
11-24 18:47:43.092  2256  2256 E Feed    : 	at android.support.v7.widget.LinearLayoutManager.layoutChunk(LinearLayoutManager.java:1414)
11-24 18:47:43.092  2256  2256 E Feed    : 	at android.support.v7.widget.LinearLayoutManager.fill(LinearLayoutManager.java:1377)
11-24 18:47:43.092  2256  2256 E Feed    : 	at android.support.v7.widget.LinearLayoutManager.onLayoutChildren(LinearLayoutManager.java:578)
11-24 18:47:43.092  2256  2256 E Feed    : 	at android.support.v7.widget.RecyclerView.dispatchLayoutStep2(RecyclerView.java:3260)
