11-25 22:48:24.133  1237  1249 I WindowManager: Destroying surface Surface(name=br.com.catbag.gifreduxsample/br.com.catbag.gifreduxsample.ui.GifListActivity) called by com.android.server.wm.WindowStateAnimator.destroySurface:2014 com.android.server.wm.WindowStateAnimator.destroySurfaceLocked:881 com.android.server.wm.WindowState.removeLocked:1449 com.android.server.wm.WindowManagerService.removeWindowInnerLocked:2478 com.android.server.wm.WindowManagerService.removeWindowLocked:2436 com.android.server.wm.WindowManagerService.removeWindowLocked:2305 com.android.server.wm.WindowManagerService.removeWindow:2300 com.android.server.wm.Session.remove:193 
11-25 22:48:24.168  1696  1696 I Choreographer: Skipped 45 frames!  The application may be doing too much work on its main thread.
11-25 22:48:24.198  1237  1323 E TaskPersister: File error accessing recents directory (directory doesn't exist?).
11-25 22:48:24.336  2243  2243 D LifecycleMonitor: Lifecycle status change: br.com.catbag.gifreduxsample.ui.GifListActivity@7e89e3f in: PRE_ON_CREATE
11-25 22:48:24.381  2243  2243 D LifecycleMonitor: Lifecycle status change: br.com.catbag.gifreduxsample.ui.GifListActivity@7e89e3f in: CREATED
11-25 22:48:24.388  2243  2259 I DroidFlux:Dispatcher: [STARTED] dispatch of action [APP_STATE_LOAD]
11-25 22:48:24.394  2243  2243 D LifecycleMonitor: Lifecycle status change: br.com.catbag.gifreduxsample.ui.GifListActivity@7e89e3f in: STARTED
11-25 22:48:24.400  2243  2259 D DroidFlux:Dispatcher: An action of type [APP_STATE_LOAD] was dispatched, but no reducer handled it
11-25 22:48:24.400  2243  2259 I DroidFlux:Dispatcher: [COMPLETED] dispatch of action [APP_STATE_LOAD]
11-25 22:48:24.405  2243  2243 D LifecycleMonitor: Lifecycle status change: br.com.catbag.gifreduxsample.ui.GifListActivity@7e89e3f in: RESUMED
11-25 22:48:24.507  2243  2243 D LifecycleMonitor: Lifecycle status change: br.com.catbag.gifreduxsample.ui.GifListActivity@7e89e3f in: PAUSED
11-25 22:48:24.508  2243  2258 I TestRunner: finished: whenGifListIsEmpty(br.com.catbag.gifreduxsample.ui.giflist.GifListActivityTest)
11-25 22:48:24.570   978   978 D gralloc : Registering a buffer in the process that created it. This may cause memory ordering problems.
11-25 22:48:24.570   978   978 E SurfaceFlinger: glCheckFramebufferStatusOES error 2054343128
11-25 22:48:24.570   978   978 E SurfaceFlinger: got GL_FRAMEBUFFER_COMPLETE_OES error while taking screenshot
11-25 22:48:24.577  1237  1558 W WindowManager: Screenshot failure taking screenshot for (480x800) to layer 22020
11-25 22:48:24.609  2243  2243 I MonitoringInstrumentation: Activities that are still in CREATED to STOPPED: 1
11-25 22:48:24.610  2243  2258 I TestRunner: started: whenGifDownloadFailTest(br.com.catbag.gifreduxsample.ui.giflist.GifListActivityTest)
11-25 22:48:24.622  2243  2243 I MonitoringInstrumentation: Activities that are still in CREATED to STOPPED: 1
11-25 22:48:24.632  2243  2259 I DroidFlux:Dispatcher: [STARTED] dispatch of action [FAKE_REDUCE_ACTION]
11-25 22:48:24.633  2243  2259 I DroidFlux:Dispatcher: [COMPLETED] dispatch of action [FAKE_REDUCE_ACTION]
11-25 22:48:24.633  2243  2306 D ActivityTestRule: Launching activity br.com.catbag.gifreduxsample.ui.GifListActivity
11-25 22:48:24.634  2243  2307 D MonitoringInstrumentation: execStartActivity(context, ibinder, ibinder, activity, intent, int, bundle
11-25 22:48:24.653  1237  1685 I ActivityManager: START u0 {flg=0x10000000 cmp=br.com.catbag.gifreduxsample/.ui.GifListActivity} from uid 10060 on display 0
11-25 22:48:24.685  1237  1248 D WindowManager: relayoutVisibleWindow: Window{59c1831 u0 com.android.launcher3/com.android.launcher3.Launcher EXITING} mAnimatingExit=true, mRemoveOnExit=false, mDestroying=false
11-25 22:48:24.775  1237  1258 I WindowManager: Destroying surface Surface(name=br.com.catbag.gifreduxsample/br.com.catbag.gifreduxsample.ui.GifListActivity) called by com.android.server.wm.WindowStateAnimator.destroySurface:2014 com.android.server.wm.WindowStateAnimator.destroySurfaceLocked:881 com.android.server.wm.WindowState.removeLocked:1449 com.android.server.wm.WindowManagerService.removeWindowInnerLocked:2478 com.android.server.wm.AppWindowToken.destroySurfaces:365 com.android.server.wm.WindowStateAnimator.finishExit:565 com.android.server.wm.WindowStateAnimator.stepAnimationLocked:491 com.android.server.wm.WindowAnimator.updateWindowsLocked:303 
11-25 22:48:24.873  2243  2243 D LifecycleMonitor: Lifecycle status change: br.com.catbag.gifreduxsample.ui.GifListActivity@3dcefbe in: PRE_ON_CREATE
11-25 22:48:24.886  2243  2243 D LifecycleMonitor: Lifecycle status change: br.com.catbag.gifreduxsample.ui.GifListActivity@3dcefbe in: CREATED
11-25 22:48:24.887  2243  2259 I DroidFlux:Dispatcher: [STARTED] dispatch of action [APP_STATE_LOAD]
11-25 22:48:24.887  2243  2259 D DroidFlux:Dispatcher: An action of type [APP_STATE_LOAD] was dispatched, but no reducer handled it
11-25 22:48:24.888  2243  2259 I DroidFlux:Dispatcher: [COMPLETED] dispatch of action [APP_STATE_LOAD]
11-25 22:48:24.888  2243  2243 D LifecycleMonitor: Lifecycle status change: br.com.catbag.gifreduxsample.ui.GifListActivity@3dcefbe in: STARTED
11-25 22:48:24.933  2243  2243 D LifecycleMonitor: Lifecycle status change: br.com.catbag.gifreduxsample.ui.GifListActivity@3dcefbe in: RESUMED
11-25 22:48:25.032  1237  1258 I Choreographer: Skipped 32 frames!  The application may be doing too much work on its main thread.
11-25 22:48:25.047  2243  2243 D LifecycleMonitor: Lifecycle status change: br.com.catbag.gifreduxsample.ui.GifListActivity@7e89e3f in: STOPPED
11-25 22:48:25.047  2243  2243 D LifecycleMonitor: Lifecycle status change: br.com.catbag.gifreduxsample.ui.GifListActivity@7e89e3f in: DESTROYED
11-25 22:48:25.058  1237  1258 I WindowManager: Destroying surface Surface(name=Starting br.com.catbag.gifreduxsample) called by com.android.server.wm.WindowStateAnimator.destroySurface:2014 com.android.server.wm.WindowStateAnimator.destroySurfaceLocked:881 com.android.server.wm.WindowState.removeLocked:1449 com.android.server.wm.WindowManagerService.removeWindowInnerLocked:2478 com.android.server.wm.AppWindowToken.destroySurfaces:365 com.android.server.wm.WindowStateAnimator.finishExit:565 com.android.server.wm.WindowStateAnimator.stepAnimationLocked:491 com.android.server.wm.WindowAnimator.updateWindowsLocked:303 
11-25 22:48:25.115  2243  2243 D LifecycleMonitor: Lifecycle status change: br.com.catbag.gifreduxsample.ui.GifListActivity@3dcefbe in: PAUSED
11-25 22:48:25.128  2243  2258 I TestRunner: finished: whenGifDownloadFailTest(br.com.catbag.gifreduxsample.ui.giflist.GifListActivityTest)
11-25 22:48:25.150   978   978 D gralloc : Registering a buffer in the process that created it. This may cause memory ordering problems.
11-25 22:48:25.150   978   978 E libEGL  : called unimplemented OpenGL ES API
11-25 22:48:25.151   978   978 E SurfaceFlinger: glCheckFramebufferStatusOES error 2054343128
11-25 22:48:25.151   978   978 E SurfaceFlinger: got GL_FRAMEBUFFER_COMPLETE_OES error while taking screenshot
11-25 22:48:25.153  1237  1249 W WindowManager: Screenshot failure taking screenshot for (480x800) to layer 22020
11-25 22:48:25.163  1237  1248 I ActivityManager: Activity reported stop, but no longer stopping: ActivityRecord{c68807d u0 com.android.launcher3/.Launcher t3}
11-25 22:48:25.172  1237  1314 D WindowManager: relayoutVisibleWindow: Window{59c1831 u0 com.android.launcher3/com.android.launcher3.Launcher EXITING} mAnimatingExit=true, mRemoveOnExit=false, mDestroying=true
11-25 22:48:25.173  2243  2243 I MonitoringInstrumentation: Activities that are still in CREATED to STOPPED: 1
11-25 22:48:25.174  2243  2258 I TestRunner: started: whenDefaultGifsAreLoaded(br.com.catbag.gifreduxsample.ui.giflist.GifListActivityTest)
11-25 22:48:25.182  2243  2243 I MonitoringInstrumentation: Activities that are still in CREATED to STOPPED: 1
11-25 22:48:25.284  1237  1379 W InputMethodManagerService: Starting input on non-focused client com.android.internal.view.IInputMethodClient$Stub$Proxy@195dc8b (uid=10060 pid=2243)
11-25 22:48:25.345  2243  2308 E TEST    : Database was already closed
11-25 22:48:25.345  2243  2308 E TEST    : com.snappydb.SnappydbException: Database was already closed
11-25 22:48:25.345  2243  2308 E TEST    : 	at com.snappydb.internal.DBImpl.__close(Native Method)
11-25 22:48:25.345  2243  2308 E TEST    : 	at com.snappydb.internal.DBImpl.close(DBImpl.java:62)
11-25 22:48:25.345  2243  2308 E TEST    : 	at br.com.catbag.gifreduxsample.ui.giflist.GifListActivityTest.whenDefaultGifsAreLoaded(GifListActivityTest.java:365)
11-25 22:48:25.345  2243  2308 E TEST    : 	at java.lang.reflect.Method.invoke(Native Method)
11-25 22:48:25.345  2243  2308 E TEST    : 	at org.junit.runners.model.FrameworkMethod$1.runReflectiveCall(FrameworkMethod.java:50)
11-25 22:48:25.345  2243  2308 E TEST    : 	at org.junit.internal.runners.model.ReflectiveCallable.run(ReflectiveCallable.java:12)
11-25 22:48:25.345  2243  2308 E TEST    : 	at org.junit.runners.model.FrameworkMethod.invokeExplosively(FrameworkMethod.java:47)
11-25 22:48:25.345  2243  2308 E TEST    : 	at org.junit.internal.runners.statements.InvokeMethod.evaluate(InvokeMethod.java:17)
11-25 22:48:25.345  2243  2308 E TEST    : 	at org.junit.internal.runners.statements.RunBefores.evaluate(RunBefores.java:26)
11-25 22:48:25.345  2243  2308 E TEST    : 	at org.junit.internal.runners.statements.RunAfters.evaluate(RunAfters.java:27)
11-25 22:48:25.345  2243  2308 E TEST    : 	at android.support.test.internal.statement.UiThreadStatement.evaluate(UiThreadStatement.java:55)
11-25 22:48:25.345  2243  2308 E TEST    : 	at android.support.test.rule.ActivityTestRule$ActivityStatement.evaluate(ActivityTestRule.java:270)
11-25 22:48:25.345  2243  2308 E TEST    : 	at org.junit.internal.runners.statements.FailOnTimeout$CallableStatement.call(FailOnTimeout.java:298)
11-25 22:48:25.345  2243  2308 E TEST    : 	at org.junit.internal.runners.statements.FailOnTimeout$CallableStatement.call(FailOnTimeout.java:292)
11-25 22:48:25.345  2243  2308 E TEST    : 	at java.util.concurrent.FutureTask.run(FutureTask.java:237)
11-25 22:48:25.345  2243  2308 E TEST    : 	at java.lang.Thread.run(Thread.java:761)
11-25 22:48:25.345  2243  2259 I DroidFlux:Dispatcher: [STARTED] dispatch of action [FAKE_REDUCE_ACTION]
11-25 22:48:25.346  2243  2259 I DroidFlux:Dispatcher: [COMPLETED] dispatch of action [FAKE_REDUCE_ACTION]
11-25 22:48:25.365  2243  2243 D LifecycleMonitor: Lifecycle status change: br.com.catbag.gifreduxsample.ui.GifListActivity@3dcefbe in: STOPPED
11-25 22:48:25.365  2243  2243 D LifecycleMonitor: Lifecycle status change: br.com.catbag.gifreduxsample.ui.GifListActivity@3dcefbe in: DESTROYED
11-25 22:48:25.476  1237  1258 I WindowManager: Destroying surface Surface(name=br.com.catbag.gifreduxsample/br.com.catbag.gifreduxsample.ui.GifListActivity) called by com.android.server.wm.WindowStateAnimator.destroySurface:2014 com.android.server.wm.WindowStateAnimator.destroySurfaceLocked:881 com.android.server.wm.WindowState.destroyOrSaveSurface:2073 com.android.server.wm.AppWindowToken.destroySurfaces:363 com.android.server.wm.WindowStateAnimator.finishExit:565 com.android.server.wm.WindowStateAnimator.stepAnimationLocked:491 com.android.server.wm.WindowAnimator.updateWindowsLocked:303 com.android.server.wm.WindowAnimator.animateLocked:704 
11-25 22:48:25.529  1237  1258 I WindowManager: Destroying surface Surface(name=Starting br.com.catbag.gifreduxsample) called by com.android.server.wm.WindowStateAnimator.destroySurface:2014 com.android.server.wm.WindowStateAnimator.destroySurfaceLocked:881 com.android.server.wm.WindowState.removeLocked:1449 com.android.server.wm.WindowManagerService.removeWindowInnerLocked:2478 com.android.server.wm.AppWindowToken.destroySurfaces:365 com.android.server.wm.WindowStateAnimator.finishExit:565 com.android.server.wm.AppWindowAnimator.stepAnimationLocked:427 com.android.server.wm.WindowAnimator.updateAppWindowsLocked:196 
11-25 22:48:25.541  1237  1258 I WindowManager: Destroying surface Surface(name=br.com.catbag.gifreduxsample/br.com.catbag.gifreduxsample.ui.GifListActivity) called by com.android.server.wm.WindowStateAnimator.destroySurface:2014 com.android.server.wm.WindowStateAnimator.destroySurfaceLocked:881 com.android.server.wm.WindowState.destroyOrSaveSurface:2073 com.android.server.wm.AppWindowToken.destroySurfaces:363 com.android.server.wm.WindowStateAnimator.finishExit:565 com.android.server.wm.WindowStateAnimator.stepAnimationLocked:491 com.android.server.wm.WindowAnimator.updateWindowsLocked:303 com.android.server.wm.WindowAnimator.animateLocked:704 
11-25 22:48:25.868  2309  2309 W dex2oat : Unexpected CPU variant for X86 using defaults: x86
11-25 22:48:25.868  2309  2309 W dex2oat : Mismatch between dex2oat instruction set features (ISA: X86 Feature string: smp,-ssse3,-sse4.1,-sse4.2,-avx,-avx2,-lock_add,-popcnt) and those of dex2oat executable (ISA: X86 Feature string: smp,ssse3,-sse4.1,-sse4.2,-avx,-avx2,-lock_add,-popcnt) for the command line:
11-25 22:48:25.868  2309  2309 W dex2oat : /system/bin/dex2oat --runtime-arg -classpath --runtime-arg & --instruction-set=x86 --instruction-set-features=smp,ssse3,-sse4.1,-sse4.2,-avx,-avx2,-lock_add,-popcnt --runtime-arg -Xrelocate --boot-image=/system/framework/boot.art --runtime-arg -Xms64m --runtime-arg -Xmx512m --instruction-set-variant=x86 --instruction-set-features=default --dex-file=/data/user/0/br.com.catbag.gifreduxsample/app_dxmaker_cache/Generated_1514457007.jar --oat-fd=65 --oat-location=/data/user/0/br.com.catbag.gifreduxsample/app_dxmaker_cache/Generated_1514457007.dex --compiler-filter=speed
11-25 22:48:25.868  2309  2309 I dex2oat : /system/bin/dex2oat --dex-file=/data/user/0/br.com.catbag.gifreduxsample/app_dxmaker_cache/Generated_1514457007.jar --oat-fd=65 --oat-location=/data/user/0/br.com.catbag.gifreduxsample/app_dxmaker_cache/Generated_1514457007.dex --compiler-filter=speed
11-25 22:48:26.023  2309  2309 I dex2oat : dex2oat took 155.076ms (threads: 1) arena alloc=47KB (48528B) java alloc=28KB (28768B) native alloc=789KB (808488B) free=746KB (764376B)
11-25 22:48:26.049  2243  2308 D ActivityTestRule: Launching activity br.com.catbag.gifreduxsample.ui.GifListActivity
11-25 22:48:26.060  2243  2311 D MonitoringInstrumentation: execStartActivity(context, ibinder, ibinder, activity, intent, int, bundle
11-25 22:48:26.065  1237  1249 I ActivityManager: START u0 {flg=0x10000000 cmp=br.com.catbag.gifreduxsample/.ui.GifListActivity} from uid 10060 on display 0
11-25 22:48:26.182  2243  2243 D LifecycleMonitor: Lifecycle status change: br.com.catbag.gifreduxsample.ui.GifListActivity@fea4ffc in: PRE_ON_CREATE
11-25 22:48:26.253  2243  2243 D LifecycleMonitor: Lifecycle status change: br.com.catbag.gifreduxsample.ui.GifListActivity@fea4ffc in: CREATED
11-25 22:48:26.271  2243  2259 I DroidFlux:Dispatcher: [STARTED] dispatch of action [APP_STATE_LOAD]
11-25 22:48:26.272  2243  2259 D DroidFlux:Dispatcher: An action of type [APP_STATE_LOAD] was dispatched, but no reducer handled it
11-25 22:48:26.272  2243  2259 I DroidFlux:Dispatcher: [COMPLETED] dispatch of action [APP_STATE_LOAD]
11-25 22:48:26.272  2243  2243 D LifecycleMonitor: Lifecycle status change: br.com.catbag.gifreduxsample.ui.GifListActivity@fea4ffc in: STARTED
11-25 22:48:26.274  2243  2243 D LifecycleMonitor: Lifecycle status change: br.com.catbag.gifreduxsample.ui.GifListActivity@fea4ffc in: RESUMED
11-25 22:48:26.480  1237  1258 I ActivityManager: Displayed br.com.catbag.gifreduxsample/.ui.GifListActivity: +334ms
11-25 22:48:26.573  2243  2312 E DataManager: appstate not loaded
11-25 22:48:26.573  2243  2312 E DataManager: com.snappydb.SnappydbException: Failed to get a String: NotFound: 
11-25 22:48:26.573  2243  2312 E DataManager: 	at com.snappydb.internal.DBImpl.__get(Native Method)
11-25 22:48:26.573  2243  2312 E DataManager: 	at com.snappydb.internal.DBImpl.get(DBImpl.java:348)
11-25 22:48:26.573  2243  2312 E DataManager: 	at br.com.catbag.gifreduxsample.asyncs.data.storage.Database.getAppState(Database.java:29)
11-25 22:48:26.573  2243  2312 E DataManager: 	at br.com.catbag.gifreduxsample.asyncs.data.DataManager.lambda$loadAppState$0(DataManager.java:61)
11-25 22:48:26.573  2243  2312 E DataManager: 	at br.com.catbag.gifreduxsample.asyncs.data.DataManager$$Lambda$1.run(Unknown Source)
11-25 22:48:26.573  2243  2312 E DataManager: 	at java.lang.Thread.run(Thread.java:761)
11-25 22:48:26.573  2243  2259 I DroidFlux:Dispatcher: [STARTED] dispatch of action [APP_STATE_LOADED]
11-25 22:48:26.574  2243  2259 I DroidFlux:Dispatcher: [COMPLETED] dispatch of action [APP_STATE_LOADED]
11-25 22:48:26.595  2243  2259 I DroidFlux:Dispatcher: [STARTED] dispatch of action [GIF_LIST_FETCHING]
11-25 22:48:26.595  2243  2259 D DroidFlux:Dispatcher: An action of type [GIF_LIST_FETCHING] was dispatched, but no reducer handled it
11-25 22:48:26.596  2243  2259 I DroidFlux:Dispatcher: [COMPLETED] dispatch of action [GIF_LIST_FETCHING]
11-25 22:48:26.596  2243  2259 I DroidFlux:Dispatcher: [STARTED] dispatch of action [GIF_LIST_FETCHING]
11-25 22:48:26.596  2243  2259 D DroidFlux:Dispatcher: An action of type [GIF_LIST_FETCHING] was dispatched, but no reducer handled it
11-25 22:48:26.596  2243  2259 I DroidFlux:Dispatcher: [COMPLETED] dispatch of action [GIF_LIST_FETCHING]
11-25 22:48:26.734  2243  2243 W ResourceType: No package identifier when getting name for resource number 0x000000fe
11-25 22:48:26.738  1237  1258 I WindowManager: Destroying surface Surface(name=Starting br.com.catbag.gifreduxsample) called by com.android.server.wm.WindowStateAnimator.destroySurface:2014 com.android.server.wm.WindowStateAnimator.destroySurfaceLocked:881 com.android.server.wm.WindowState.destroyOrSaveSurface:2073 com.android.server.wm.AppWindowToken.destroySurfaces:363 com.android.server.wm.WindowStateAnimator.finishExit:565 com.android.server.wm.WindowStateAnimator.stepAnimationLocked:491 com.android.server.wm.WindowAnimator.updateWindowsLocked:303 com.android.server.wm.WindowAnimator.animateLocked:704 
11-25 22:48:26.868  2243  2243 D LifecycleMonitor: Lifecycle status change: br.com.catbag.gifreduxsample.ui.GifListActivity@fea4ffc in: PAUSED
11-25 22:48:26.870  2243  2258 I TestRunner: finished: whenDefaultGifsAreLoaded(br.com.catbag.gifreduxsample.ui.giflist.GifListActivityTest)
11-25 22:48:26.894   978   978 D gralloc : Registering a buffer in the process that created it. This may cause memory ordering problems.
11-25 22:48:26.895   978   978 E libEGL  : called unimplemented OpenGL ES API
11-25 22:48:26.895   978   978 E SurfaceFlinger: glCheckFramebufferStatusOES error 2054343128
11-25 22:48:26.895   978   978 E SurfaceFlinger: got GL_FRAMEBUFFER_COMPLETE_OES error while taking screenshot
11-25 22:48:26.896  1237  1379 W WindowManager: Screenshot failure taking screenshot for (480x800) to layer 22010
11-25 22:48:26.902  2243  2243 I MonitoringInstrumentation: Activities that are still in CREATED to STOPPED: 1
11-25 22:48:26.903  2243  2258 I TestRunner: started: whenPauseGifTest(br.com.catbag.gifreduxsample.ui.giflist.GifListActivityTest)
11-25 22:48:26.904  2243  2243 I MonitoringInstrumentation: Activities that are still in CREATED to STOPPED: 1
11-25 22:48:26.986  2243  2259 I DroidFlux:Dispatcher: [STARTED] dispatch of action [FAKE_REDUCE_ACTION]
11-25 22:48:26.987  2243  2259 I DroidFlux:Dispatcher: [COMPLETED] dispatch of action [FAKE_REDUCE_ACTION]
11-25 22:48:27.052  2243  2314 D ActivityTestRule: Launching activity br.com.catbag.gifreduxsample.ui.GifListActivity
11-25 22:48:27.076  2243  2315 D MonitoringInstrumentation: execStartActivity(context, ibinder, ibinder, activity, intent, int, bundle
11-25 22:48:27.086  1237  1558 I ActivityManager: START u0 {flg=0x10000000 cmp=br.com.catbag.gifreduxsample/.ui.GifListActivity} from uid 10060 on display 0
11-25 22:48:27.193  2243  2243 D LifecycleMonitor: Lifecycle status change: br.com.catbag.gifreduxsample.ui.GifListActivity@e3b9390 in: PRE_ON_CREATE
11-25 22:48:27.212  2243  2243 D LifecycleMonitor: Lifecycle status change: br.com.catbag.gifreduxsample.ui.GifListActivity@e3b9390 in: CREATED
11-25 22:48:27.213  2243  2243 D LifecycleMonitor: Lifecycle status change: br.com.catbag.gifreduxsample.ui.GifListActivity@e3b9390 in: STARTED
11-25 22:48:27.214  2243  2259 I DroidFlux:Dispatcher: [STARTED] dispatch of action [APP_STATE_LOAD]
11-25 22:48:27.214  2243  2259 D DroidFlux:Dispatcher: An action of type [APP_STATE_LOAD] was dispatched, but no reducer handled it
11-25 22:48:27.214  2243  2259 I DroidFlux:Dispatcher: [COMPLETED] dispatch of action [APP_STATE_LOAD]
11-25 22:48:27.215  2243  2243 D LifecycleMonitor: Lifecycle status change: br.com.catbag.gifreduxsample.ui.GifListActivity@e3b9390 in: RESUMED
11-25 22:48:27.254  1237  1258 I Choreographer: Skipped 48 frames!  The application may be doing too much work on its main thread.
11-25 22:48:27.325  1237  1685 W InputMethodManagerService: Starting input on non-focused client com.android.internal.view.IInputMethodClient$Stub$Proxy@187064 (uid=10012 pid=1696)
11-25 22:48:27.406  2243  2243 I ViewInteraction: Performing 'single click' action on view with id: br.com.catbag.gifreduxsample:id/gif_image
11-25 22:48:27.507  2243  2259 I DroidFlux:Dispatcher: [STARTED] dispatch of action [GIF_PAUSE]
11-25 22:48:27.508  2243  2259 I DroidFlux:Dispatcher: [COMPLETED] dispatch of action [GIF_PAUSE]
11-25 22:48:27.516  1237  1258 I ActivityManager: Displayed br.com.catbag.gifreduxsample/.ui.GifListActivity: +346ms
11-25 22:48:27.519   985  1022 D AudioFlinger: mixer(0xa7a83040) throttle end: throttle time(11)
11-25 22:48:27.539   985  1022 D AudioFlinger: mixer(0xa7a83040) throttle end: throttle time(11)
11-25 22:48:27.707  2243  2254 I art     : Background sticky concurrent mark sweep GC freed 48769(2MB) AllocSpace objects, 3(64KB) LOS objects, 14% free, 14MB/17MB, paused 26.420ms total 528.389ms
11-25 22:48:27.813  1237  1258 I WindowManager: Destroying surface Surface(name=Starting br.com.catbag.gifreduxsample) called by com.android.server.wm.WindowStateAnimator.destroySurface:2014 com.android.server.wm.WindowStateAnimator.destroySurfaceLocked:881 com.android.server.wm.WindowState.destroyOrSaveSurface:2073 com.android.server.wm.AppWindowToken.destroySurfaces:363 com.android.server.wm.WindowStateAnimator.finishExit:565 com.android.server.wm.WindowStateAnimator.stepAnimationLocked:491 com.android.server.wm.WindowAnimator.updateWindowsLocked:303 com.android.server.wm.WindowAnimator.animateLocked:704 
11-25 22:48:28.068  2243  2243 D LifecycleMonitor: Lifecycle status change: br.com.catbag.gifreduxsample.ui.GifListActivity@e3b9390 in: PAUSED
11-25 22:48:28.088  2243  2258 I TestRunner: finished: whenPauseGifTest(br.com.catbag.gifreduxsample.ui.giflist.GifListActivityTest)
11-25 22:48:28.176   978   978 D gralloc : Registering a buffer in the process that created it. This may cause memory ordering problems.
11-25 22:48:28.176   978   978 E libEGL  : called unimplemented OpenGL ES API
11-25 22:48:28.177   978   978 E SurfaceFlinger: glCheckFramebufferStatusOES error 2054343128
11-25 22:48:28.177   978   978 E SurfaceFlinger: got GL_FRAMEBUFFER_COMPLETE_OES error while taking screenshot
11-25 22:48:28.185  1237  1558 W WindowManager: Screenshot failure taking screenshot for (480x800) to layer 22010
11-25 22:48:28.225  2243  2243 I MonitoringInstrumentation: Activities that are still in CREATED to STOPPED: 2
11-25 22:48:28.226  2243  2258 I TestRunner: started: whenLoadMultipleGifsOnAppStateTest(br.com.catbag.gifreduxsample.ui.giflist.GifListActivityTest)
11-25 22:48:28.248  2243  2243 I MonitoringInstrumentation: Activities that are still in CREATED to STOPPED: 2
11-25 22:48:28.272  2243  2259 I DroidFlux:Dispatcher: [STARTED] dispatch of action [FAKE_REDUCE_ACTION]
11-25 22:48:28.272  2243  2259 I DroidFlux:Dispatcher: [COMPLETED] dispatch of action [FAKE_REDUCE_ACTION]
11-25 22:48:28.278  2243  2316 D ActivityTestRule: Launching activity br.com.catbag.gifreduxsample.ui.GifListActivity
11-25 22:48:28.279  2243  2317 D MonitoringInstrumentation: execStartActivity(context, ibinder, ibinder, activity, intent, int, bundle
11-25 22:48:28.280  1237  1685 I ActivityManager: START u0 {flg=0x10000000 cmp=br.com.catbag.gifreduxsample/.ui.GifListActivity} from uid 10060 on display 0
11-25 22:48:28.366  2243  2243 D LifecycleMonitor: Lifecycle status change: br.com.catbag.gifreduxsample.ui.GifListActivity@e813708 in: PRE_ON_CREATE
11-25 22:48:28.404  2243  2243 D LifecycleMonitor: Lifecycle status change: br.com.catbag.gifreduxsample.ui.GifListActivity@e813708 in: CREATED
11-25 22:48:28.405  2243  2259 I DroidFlux:Dispatcher: [STARTED] dispatch of action [APP_STATE_LOAD]
11-25 22:48:28.405  2243  2259 D DroidFlux:Dispatcher: An action of type [APP_STATE_LOAD] was dispatched, but no reducer handled it
11-25 22:48:28.406  2243  2259 I DroidFlux:Dispatcher: [COMPLETED] dispatch of action [APP_STATE_LOAD]
11-25 22:48:28.406  2243  2243 D LifecycleMonitor: Lifecycle status change: br.com.catbag.gifreduxsample.ui.GifListActivity@e813708 in: STARTED
11-25 22:48:28.407  2243  2243 D LifecycleMonitor: Lifecycle status change: br.com.catbag.gifreduxsample.ui.GifListActivity@e813708 in: RESUMED
11-25 22:48:28.587  2243  2243 W ResourceType: No package identifier when getting name for resource number 0x00000108
11-25 22:48:28.588  2243  2243 I ViewInteraction: Performing 'scroll RecyclerView to position: 2' action on view with id: 264 (resource name not found)
11-25 22:48:28.618  1237  1258 I ActivityManager: Displayed br.com.catbag.gifreduxsample/.ui.GifListActivity: +293ms
11-25 22:48:28.874  1237  1258 I WindowManager: Destroying surface Surface(name=Starting br.com.catbag.gifreduxsample) called by com.android.server.wm.WindowStateAnimator.destroySurface:2014 com.android.server.wm.WindowStateAnimator.destroySurfaceLocked:881 com.android.server.wm.WindowState.destroyOrSaveSurface:2073 com.android.server.wm.AppWindowToken.destroySurfaces:363 com.android.server.wm.WindowStateAnimator.finishExit:565 com.android.server.wm.WindowStateAnimator.stepAnimationLocked:491 com.android.server.wm.WindowAnimator.updateWindowsLocked:303 com.android.server.wm.WindowAnimator.animateLocked:704 
11-25 22:48:28.952  2243  2243 W ResourceType: No package identifier when getting name for resource number 0x00000108
11-25 22:48:28.967  2243  2243 W ResourceType: No package identifier when getting name for resource number 0x0000010f
11-25 22:48:28.968  2243  2243 I ViewInteraction: Performing 'scroll RecyclerView to position: 3' action on view with id: 271 (resource name not found)
11-25 22:48:29.194  1237  1558 I WindowManager: Destroying surface Surface(name=com.android.launcher3/com.android.launcher3.Launcher) called by com.android.server.wm.WindowStateAnimator.destroySurface:2014 com.android.server.wm.WindowStateAnimator.destroySurfaceLocked:881 com.android.server.wm.WindowState.destroyOrSaveSurface:2073 com.android.server.wm.AppWindowToken.destroySurfaces:363 com.android.server.wm.AppWindowToken.notifyAppStopped:389 com.android.server.wm.WindowManagerService.notifyAppStopped:4456 com.android.server.am.ActivityStack.activityStoppedLocked:1252 com.android.server.am.ActivityManagerService.activityStopped:6873 
11-25 22:48:29.210  2243  2243 D LifecycleMonitor: Lifecycle status change: br.com.catbag.gifreduxsample.ui.GifListActivity@e3b9390 in: STOPPED
11-25 22:48:29.210  2243  2243 D LifecycleMonitor: Lifecycle status change: br.com.catbag.gifreduxsample.ui.GifListActivity@e3b9390 in: DESTROYED
11-25 22:48:29.214  1237  1314 I WindowManager: Destroying surface Surface(name=br.com.catbag.gifreduxsample/br.com.catbag.gifreduxsample.ui.GifListActivity) called by com.android.server.wm.WindowStateAnimator.destroySurface:2014 com.android.server.wm.WindowStateAnimator.destroySurfaceLocked:881 com.android.server.wm.WindowState.removeLocked:1449 com.android.server.wm.WindowManagerService.removeWindowInnerLocked:2478 com.android.server.wm.WindowManagerService.removeWindowLocked:2436 com.android.server.wm.WindowManagerService.removeWindowLocked:2305 com.android.server.wm.WindowManagerService.removeWindow:2300 com.android.server.wm.Session.remove:193 
11-25 22:48:29.224  2243  2243 D LifecycleMonitor: Lifecycle status change: br.com.catbag.gifreduxsample.ui.GifListActivity@fea4ffc in: STOPPED
11-25 22:48:29.225  2243  2243 D LifecycleMonitor: Lifecycle status change: br.com.catbag.gifreduxsample.ui.GifListActivity@fea4ffc in: DESTROYED
11-25 22:48:29.251  1237  1248 I WindowManager: Destroying surface Surface(name=br.com.catbag.gifreduxsample/br.com.catbag.gifreduxsample.ui.GifListActivity) called by com.android.server.wm.WindowStateAnimator.destroySurface:2014 com.android.server.wm.WindowStateAnimator.destroySurfaceLocked:881 com.android.server.wm.WindowState.removeLocked:1449 com.android.server.wm.WindowManagerService.removeWindowInnerLocked:2478 com.android.server.wm.WindowManagerService.removeWindowLocked:2436 com.android.server.wm.WindowManagerService.removeWindowLocked:2305 com.android.server.wm.WindowManagerService.removeWindow:2300 com.android.server.wm.Session.remove:193 
11-25 22:48:29.281  2243  2243 W ResourceType: No package identifier when getting name for resource number 0x0000010f
11-25 22:48:29.295  2243  2243 W ResourceType: No package identifier when getting name for resource number 0x00000116
11-25 22:48:29.295  2243  2243 I ViewInteraction: Performing 'scroll RecyclerView to position: 4' action on view with id: 278 (resource name not found)
11-25 22:48:29.574  2243  2243 W ResourceType: No package identifier when getting name for resource number 0x00000116
11-25 22:48:29.597  2243  2243 W ResourceType: No package identifier when getting name for resource number 0x0000011d
11-25 22:48:29.597  2243  2243 I ViewInteraction: Performing 'scroll RecyclerView to position: 5' action on view with id: 285 (resource name not found)
11-25 22:48:29.893  2243  2243 W ResourceType: No package identifier when getting name for resource number 0x0000011d
11-25 22:48:29.908  2243  2243 W ResourceType: No package identifier when getting name for resource number 0x00000124
11-25 22:48:29.908  2243  2243 I ViewInteraction: Performing 'scroll RecyclerView to position: 6' action on view with id: 292 (resource name not found)
11-25 22:48:29.926  2243  2259 I DroidFlux:Dispatcher: [STARTED] dispatch of action [GIF_LIST_FETCHING]
11-25 22:48:29.927  2243  2259 D DroidFlux:Dispatcher: An action of type [GIF_LIST_FETCHING] was dispatched, but no reducer handled it
11-25 22:48:29.927  2243  2259 I DroidFlux:Dispatcher: [COMPLETED] dispatch of action [GIF_LIST_FETCHING]
11-25 22:48:30.192  2243  2243 W ResourceType: No package identifier when getting name for resource number 0x00000124
11-25 22:48:30.208  2243  2243 W ResourceType: No package identifier when getting name for resource number 0x0000012b
11-25 22:48:30.208  2243  2243 I ViewInteraction: Performing 'scroll RecyclerView to position: 7' action on view with id: 299 (resource name not found)
11-25 22:48:30.502  2243  2243 W ResourceType: No package identifier when getting name for resource number 0x0000012b
11-25 22:48:30.514  2243  2243 W ResourceType: No package identifier when getting name for resource number 0x00000132
11-25 22:48:30.515  2243  2243 I ViewInteraction: Performing 'scroll RecyclerView to position: 8' action on view with id: 306 (resource name not found)
11-25 22:48:30.541  1237  1323 E TaskPersister: File error accessing recents directory (directory doesn't exist?).
11-25 22:48:30.806  2243  2243 W ResourceType: No package identifier when getting name for resource number 0x00000132
11-25 22:48:30.818  2243  2243 W ResourceType: No package identifier when getting name for resource number 0x00000139
11-25 22:48:30.818  2243  2243 I ViewInteraction: Performing 'scroll RecyclerView to position: 9' action on view with id: 313 (resource name not found)
11-25 22:48:31.124  2243  2243 W ResourceType: No package identifier when getting name for resource number 0x00000139
11-25 22:48:31.170  2243  2243 D LifecycleMonitor: Lifecycle status change: br.com.catbag.gifreduxsample.ui.GifListActivity@e813708 in: PAUSED
11-25 22:48:31.191  2243  2258 I TestRunner: finished: whenLoadMultipleGifsOnAppStateTest(br.com.catbag.gifreduxsample.ui.giflist.GifListActivityTest)
11-25 22:48:31.242   978   978 D gralloc : Registering a buffer in the process that created it. This may cause memory ordering problems.
11-25 22:48:31.242   978   978 E libEGL  : called unimplemented OpenGL ES API
11-25 22:48:31.242   978   978 E SurfaceFlinger: glCheckFramebufferStatusOES error 2054343128
11-25 22:48:31.242   978   978 E SurfaceFlinger: got GL_FRAMEBUFFER_COMPLETE_OES error while taking screenshot
11-25 22:48:31.244  1237  1685 W WindowManager: Screenshot failure taking screenshot for (480x800) to layer 21005
11-25 22:48:31.274  2243  2243 I MonitoringInstrumentation: Activities that are still in CREATED to STOPPED: 1
11-25 22:48:31.275  2243  2258 I TestRunner: run finished: 20 tests, 0 failed, 0 ignored
11-25 22:48:31.444  2243  2254 I art     : Background sticky concurrent mark sweep GC freed 21846(2MB) AllocSpace objects, 19(404KB) LOS objects, 13% free, 17MB/19MB, paused 9.970ms total 142.231ms
11-25 22:48:31.702  2243  2258 I MonitoringInstrumentation: Unstopped activity count: 1
11-25 22:48:31.702  2243  2243 I MonitoringInstrumentation: Activities that are still in CREATED to STOPPED: 1
11-25 22:48:31.760  2243  2258 I MonitoringInstrumentation: Unstopped activity count: 1
11-25 22:48:31.820  2243  2258 I MonitoringInstrumentation: Unstopped activity count: 1
11-25 22:48:31.842  2243  2243 D LifecycleMonitor: Lifecycle status change: br.com.catbag.gifreduxsample.ui.GifListActivity@e813708 in: STOPPED
11-25 22:48:31.842  2243  2243 D LifecycleMonitor: Lifecycle status change: br.com.catbag.gifreduxsample.ui.GifListActivity@e813708 in: DESTROYED
11-25 22:48:31.881  2243  2258 I MonitoringInstrumentation: waitForActivitiesToComplete() took: 180ms
11-25 22:48:31.887  1237  1314 I ActivityManager: Force stopping br.com.catbag.gifreduxsample appid=10060 user=0: finished inst
11-25 22:48:31.887  1237  1314 I ActivityManager: Killing 2243:br.com.catbag.gifreduxsample/u0a60 (adj 0): stop br.com.catbag.gifreduxsample
11-25 22:48:31.910  2232  2232 D AndroidRuntime: Shutting down VM
11-25 22:48:32.004  1237  1557 I WindowManager: WIN DEATH: Window{72994d3 u0 br.com.catbag.gifreduxsample/br.com.catbag.gifreduxsample.ui.GifListActivity EXITING}
11-25 22:48:32.041  1237  1258 I WindowManager: Destroying surface Surface(name=br.com.catbag.gifreduxsample/br.com.catbag.gifreduxsample.ui.GifListActivity) called by com.android.server.wm.WindowStateAnimator.destroySurface:2014 com.android.server.wm.WindowStateAnimator.destroySurfaceLocked:881 com.android.server.wm.WindowState.removeLocked:1449 com.android.server.wm.WindowManagerService.removeWindowInnerLocked:2478 com.android.server.wm.AppWindowToken.destroySurfaces:365 com.android.server.wm.WindowStateAnimator.finishExit:565 com.android.server.wm.WindowStateAnimator.stepAnimationLocked:491 com.android.server.wm.WindowAnimator.updateWindowsLocked:303 
11-25 22:48:32.627  2328  2328 D AndroidRuntime: >>>>>> START com.android.internal.os.RuntimeInit uid 2000 <<<<<<
11-25 22:48:32.634  2328  2328 D AndroidRuntime: CheckJNI is ON
11-25 22:48:32.685  2328  2328 W art     : Unexpected CPU variant for X86 using defaults: x86
11-25 22:48:32.695  2328  2328 D ICU     : No timezone override file found: /data/misc/zoneinfo/current/icu/icu_tzdata.dat
11-25 22:48:32.725  2328  2328 E memtrack: Couldn't load memtrack module (No such file or directory)
11-25 22:48:32.725  2328  2328 E android.os.Debug: failed to load memtrack module: -2
11-25 22:48:32.726  2328  2328 I Radio-JNI: register_android_hardware_Radio DONE
11-25 22:48:32.748  2328  2328 D AndroidRuntime: Calling main entry com.android.commands.pm.Pm
11-25 22:48:32.786  1237  1251 I ActivityManager: Force stopping br.com.catbag.gifreduxsample.test appid=10061 user=-1: deletePackageX
11-25 22:48:33.016  1237  1263 I art     : Starting a blocking GC Explicit
11-25 22:48:33.066  1237  1263 I art     : Explicit concurrent mark sweep GC freed 19610(1022KB) AllocSpace objects, 3(60KB) LOS objects, 33% free, 6MB/10MB, paused 5.036ms total 47.846ms
11-25 22:48:33.094  1237  1263 I ActivityManager: Force stopping br.com.catbag.gifreduxsample.test appid=10061 user=0: pkg removed
11-25 22:48:33.099  2328  2328 I art     : System.exit called, status: 0
11-25 22:48:33.100  2328  2328 I AndroidRuntime: VM exiting with result code 0.
11-25 22:48:33.316  1237  1263 E KernelUidCpuTimeReader: failed to remove uid from uid_cputime module
11-25 22:48:33.316  1237  1263 E KernelUidCpuTimeReader: java.io.FileNotFoundException: /proc/uid_cputime/remove_uid_range (No such file or directory)
11-25 22:48:33.316  1237  1263 E KernelUidCpuTimeReader: 	at java.io.FileOutputStream.open(Native Method)
11-25 22:48:33.316  1237  1263 E KernelUidCpuTimeReader: 	at java.io.FileOutputStream.<init>(FileOutputStream.java:221)
11-25 22:48:33.316  1237  1263 E KernelUidCpuTimeReader: 	at java.io.FileOutputStream.<init>(FileOutputStream.java:108)
11-25 22:48:33.316  1237  1263 E KernelUidCpuTimeReader: 	at java.io.FileWriter.<init>(FileWriter.java:63)
11-25 22:48:33.316  1237  1263 E KernelUidCpuTimeReader: 	at com.android.internal.os.KernelUidCpuTimeReader.removeUid(KernelUidCpuTimeReader.java:158)
11-25 22:48:33.316  1237  1263 E KernelUidCpuTimeReader: 	at com.android.internal.os.BatteryStatsImpl.removeUidStatsLocked(BatteryStatsImpl.java:9805)
11-25 22:48:33.316  1237  1263 E KernelUidCpuTimeReader: 	at com.android.server.am.BatteryStatsService.removeUid(BatteryStatsService.java:291)
11-25 22:48:33.316  1237  1263 E KernelUidCpuTimeReader: 	at com.android.server.am.ActivityManagerService.broadcastIntentLocked(ActivityManagerService.java:17767)
11-25 22:48:33.316  1237  1263 E KernelUidCpuTimeReader: 	at com.android.server.am.ActivityManagerService.broadcastIntent(ActivityManagerService.java:18256)
11-25 22:48:33.316  1237  1263 E KernelUidCpuTimeReader: 	at com.android.server.pm.PackageManagerService$8.run(PackageManagerService.java:11407)
11-25 22:48:33.316  1237  1263 E KernelUidCpuTimeReader: 	at android.os.Handler.handleCallback(Handler.java:751)
11-25 22:48:33.316  1237  1263 E KernelUidCpuTimeReader: 	at android.os.Handler.dispatchMessage(Handler.java:95)
11-25 22:48:33.316  1237  1263 E KernelUidCpuTimeReader: 	at android.os.Looper.loop(Looper.java:154)
11-25 22:48:33.316  1237  1263 E KernelUidCpuTimeReader: 	at android.os.HandlerThread.run(HandlerThread.java:61)
11-25 22:48:33.316  1237  1263 E KernelUidCpuTimeReader: 	at com.android.server.ServiceThread.run(ServiceThread.java:46)
11-25 22:48:33.362  1237  1251 W art     : Long monitor contention with owner PackageManager (1263) at int com.android.server.am.ActivityManagerService.broadcastIntent(android.app.IApplicationThread, android.content.Intent, java.lang.String, android.content.IIntentReceiver, int, java.lang.String, android.os.Bundle, java.lang.String[], int, android.os.Bundle, boolean, boolean, int)(ActivityManagerService.java:18249) waiters=0 in void com.android.server.am.ActivityStackSupervisor$ActivityStackSupervisorHandler.activityIdleInternal(com.android.server.am.ActivityRecord) for 264ms
11-25 22:48:33.487  1237  1277 I InputReader: Reconfiguring input devices.  changes=0x00000010
11-25 22:48:33.586  1449  1449 D CarrierSvcBindHelper: No carrier app for: 0
11-25 22:48:33.872  1237  1250 W LocationProviderProxy-network: Odd, no component found for service com.android.location.service.v3.NetworkLocationProvider
11-25 22:48:33.873  1237  1250 W GeocoderProxy: Odd, no component found for service com.android.location.service.GeocodeProvider
11-25 22:48:33.873  1237  1250 W GeofenceProxy: Odd, no component found for service com.android.location.service.GeofenceProvider
11-25 22:48:33.874  1237  1250 W ActivityRecognitionProxy: Odd, no component found for service com.android.location.service.ActivityRecognitionProvider
11-25 22:48:34.191  2341  2341 D AndroidRuntime: >>>>>> START com.android.internal.os.RuntimeInit uid 2000 <<<<<<
11-25 22:48:34.194  2341  2341 D AndroidRuntime: CheckJNI is ON
11-25 22:48:34.253  2341  2341 W art     : Unexpected CPU variant for X86 using defaults: x86
11-25 22:48:34.259  2341  2341 D ICU     : No timezone override file found: /data/misc/zoneinfo/current/icu/icu_tzdata.dat
11-25 22:48:34.284  2341  2341 E memtrack: Couldn't load memtrack module (No such file or directory)
11-25 22:48:34.284  2341  2341 E android.os.Debug: failed to load memtrack module: -2
11-25 22:48:34.287  2341  2341 I Radio-JNI: register_android_hardware_Radio DONE
11-25 22:48:34.324  1696  1696 I Choreographer: Skipped 82 frames!  The application may be doing too much work on its main thread.
11-25 22:48:34.326  2341  2341 D AndroidRuntime: Calling main entry com.android.commands.pm.Pm
11-25 22:48:34.482  1237  1251 I ActivityManager: Force stopping br.com.catbag.gifreduxsample appid=10060 user=-1: deletePackageX
11-25 22:48:34.487  1237  1263 I art     : Starting a blocking GC Explicit
11-25 22:48:34.534  1237  1263 I art     : Explicit concurrent mark sweep GC freed 25325(1344KB) AllocSpace objects, 7(140KB) LOS objects, 33% free, 6MB/10MB, paused 4.077ms total 44.917ms
11-25 22:48:34.548  2341  2341 I art     : System.exit called, status: 0
11-25 22:48:34.548  2341  2341 I AndroidRuntime: VM exiting with result code 0.
11-25 22:48:34.609  1237  1263 I ActivityManager: Force stopping br.com.catbag.gifreduxsample appid=10060 user=0: pkg removed
11-25 22:48:34.742  1237  1277 I InputReader: Reconfiguring input devices.  changes=0x00000010
11-25 22:48:34.755  1237  1263 E KernelUidCpuTimeReader: failed to remove uid from uid_cputime module
11-25 22:48:34.755  1237  1263 E KernelUidCpuTimeReader: java.io.FileNotFoundException: /proc/uid_cputime/remove_uid_range (No such file or directory)
11-25 22:48:34.755  1237  1263 E KernelUidCpuTimeReader: 	at java.io.FileOutputStream.open(Native Method)
11-25 22:48:34.755  1237  1263 E KernelUidCpuTimeReader: 	at java.io.FileOutputStream.<init>(FileOutputStream.java:221)
11-25 22:48:34.755  1237  1263 E KernelUidCpuTimeReader: 	at java.io.FileOutputStream.<init>(FileOutputStream.java:108)
11-25 22:48:34.755  1237  1263 E KernelUidCpuTimeReader: 	at java.io.FileWriter.<init>(FileWriter.java:63)
11-25 22:48:34.755  1237  1263 E KernelUidCpuTimeReader: 	at com.android.internal.os.KernelUidCpuTimeReader.removeUid(KernelUidCpuTimeReader.java:158)
11-25 22:48:34.755  1237  1263 E KernelUidCpuTimeReader: 	at com.android.internal.os.BatteryStatsImpl.removeUidStatsLocked(BatteryStatsImpl.java:9805)
11-25 22:48:34.755  1237  1263 E KernelUidCpuTimeReader: 	at com.android.server.am.BatteryStatsService.removeUid(BatteryStatsService.java:291)
11-25 22:48:34.755  1237  1263 E KernelUidCpuTimeReader: 	at com.android.server.am.ActivityManagerService.broadcastIntentLocked(ActivityManagerService.java:17767)
11-25 22:48:34.755  1237  1263 E KernelUidCpuTimeReader: 	at com.android.server.am.ActivityManagerService.broadcastIntent(ActivityManagerService.java:18256)
11-25 22:48:34.755  1237  1263 E KernelUidCpuTimeReader: 	at com.android.server.pm.PackageManagerService$8.run(PackageManagerService.java:11407)
11-25 22:48:34.755  1237  1263 E KernelUidCpuTimeReader: 	at android.os.Handler.handleCallback(Handler.java:751)
11-25 22:48:34.755  1237  1263 E KernelUidCpuTimeReader: 	at android.os.Handler.dispatchMessage(Handler.java:95)
11-25 22:48:34.755  1237  1263 E KernelUidCpuTimeReader: 	at android.os.Looper.loop(Looper.java:154)
11-25 22:48:34.755  1237  1263 E KernelUidCpuTimeReader: 	at android.os.HandlerThread.run(HandlerThread.java:61)
11-25 22:48:34.755  1237  1263 E KernelUidCpuTimeReader: 	at com.android.server.ServiceThread.run(ServiceThread.java:46)
11-25 22:48:34.815  1237  1323 E TaskPersister: File error accessing recents directory (directory doesn't exist?).
11-25 22:48:34.830  1449  1449 D CarrierSvcBindHelper: No carrier app for: 0
11-25 22:48:35.016  1696  1707 I art     : Background partial concurrent mark sweep GC freed 2356(144KB) AllocSpace objects, 7(124KB) LOS objects, 40% free, 3MB/6MB, paused 46.354ms total 402.872ms
11-25 22:48:35.206  1237  1250 W LocationProviderProxy-network: Odd, no component found for service com.android.location.service.v3.NetworkLocationProvider
11-25 22:48:35.207  1237  1250 W GeocoderProxy: Odd, no component found for service com.android.location.service.GeocodeProvider
11-25 22:48:35.207  1237  1250 W GeofenceProxy: Odd, no component found for service com.android.location.service.GeofenceProvider
11-25 22:48:35.207  1237  1250 W ActivityRecognitionProxy: Odd, no component found for service com.android.location.service.ActivityRecognitionProvider
11-25 22:48:35.297  1714  1726 W art     : Long monitor contention with owner main (1714) at long android.os.SystemClock.uptimeMillis()(SystemClock.java:-2) waiters=0 in boolean android.os.MessageQueue.enqueueMessage(android.os.Message, long) for 566ms
11-25 22:48:35.740  1357  1365 I art     : Background partial concurrent mark sweep GC freed 21185(992KB) AllocSpace objects, 17(5MB) LOS objects, 39% free, 4MB/7MB, paused 5.241ms total 1.052s
11-25 22:48:35.860  1714  1714 W ContextImpl: Calling a method in the system process without a qualified user: android.app.ContextImpl.startService:1385 android.content.ContextWrapper.startService:613 android.content.ContextWrapper.startService:613 com.android.keychain.KeyChainBroadcastReceiver.onReceive:12 android.app.ActivityThread.handleReceiver:3011 
11-25 22:48:36.134  1237  1685 W ActivityManager: Slow operation: 90ms so far, now at startProcess: returned from zygote!
11-25 22:48:36.134  1237  1685 W ActivityManager: Slow operation: 90ms so far, now at startProcess: done updating battery stats
11-25 22:48:36.135  1237  1685 W ActivityManager: Slow operation: 91ms so far, now at startProcess: building log message
11-25 22:48:36.135  1237  1685 I ActivityManager: Start proc 2356:com.android.documentsui/u0a7 for broadcast com.android.documentsui/.PackageReceiver
11-25 22:48:36.135  1237  1685 W ActivityManager: Slow operation: 91ms so far, now at startProcess: starting to update pids map
11-25 22:48:36.136  1237  1685 W ActivityManager: Slow operation: 92ms so far, now at startProcess: done updating pids map
11-25 22:48:36.136  1237  1685 W ActivityManager: Slow operation: 94ms so far, now at startProcess: done starting proc!
11-25 22:48:36.142  2356  2356 W art     : Unexpected CPU variant for X86 using defaults: x86
11-25 22:48:36.407  2356  2356 W System  : ClassLoader referenced unknown path: /system/priv-app/DocumentsUI/lib/x86
11-25 22:48:36.419  1728  2372 D VoicemailCleanupService: Cleaning up data for package: br.com.catbag.gifreduxsample.test
11-25 22:48:36.440  1324  1486 I LatinIME:LogUtils: Dictionary info: dictionary = main:en ; version = 54 ; date = 1414726273
11-25 22:48:36.766  1324  1486 I LatinIME:LogUtils: Dictionary info: dictionary = main:en ; version = 54 ; date = 1414726273
11-25 22:48:36.860  1728  1739 W art     : Suspending all threads took: 14.433ms
11-25 22:48:37.335  1237  1314 I ActivityManager: Start proc 2375:com.android.externalstorage/u0a11 for content provider com.android.externalstorage/.ExternalStorageProvider
11-25 22:48:37.339  2375  2375 W art     : Unexpected CPU variant for X86 using defaults: x86
11-25 22:48:37.460  2375  2375 W System  : ClassLoader referenced unknown path: /system/priv-app/ExternalStorageProvider/lib/x86
11-25 22:48:37.571  2375  2375 D ExternalStorage: After updating volumes, found 2 active roots
11-25 22:48:37.580  1237  1249 I ActivityManager: Killing 1954:com.android.quicksearchbox/u0a50 (adj 906): empty #17
11-25 22:48:37.717  2390  2390 W art     : Unexpected CPU variant for X86 using defaults: x86
11-25 22:48:37.726  1237  1249 I ActivityManager: Start proc 2390:com.android.mtp/u0a8 for content provider com.android.mtp/.MtpDocumentsProvider
11-25 22:48:37.727  1237  1249 W ActivityManager: Slow operation: 57ms so far, now at startProcess: done starting proc!
11-25 22:48:37.727  1237  1249 W ActivityManager: Slow operation: 80ms so far, now at getContentProviderImpl: after start process
11-25 22:48:37.727  1237  1249 W ActivityManager: Slow operation: 80ms so far, now at getContentProviderImpl: updating data structures
11-25 22:48:37.727  1237  1249 W ActivityManager: Slow operation: 81ms so far, now at getContentProviderImpl: done!
11-25 22:48:38.294  1714  1714 W ContextImpl: Calling a method in the system process without a qualified user: android.app.ContextImpl.startService:1385 android.content.ContextWrapper.startService:613 android.content.ContextWrapper.startService:613 com.android.keychain.KeyChainBroadcastReceiver.onReceive:12 android.app.ActivityThread.handleReceiver:3011 
11-25 22:48:38.474  1728  2407 D VoicemailCleanupService: Cleaning up data for package: br.com.catbag.gifreduxsample
11-25 22:48:38.710  1237  1558 D VoldConnector: SND -> {30 appfuse mount 10008 2390 MtpDocumentsProvider}
11-25 22:48:38.737  1237  1314 I ActivityManager: Killing 1528:com.android.settings/1000 (adj 906): empty #17
11-25 22:48:38.837  1237  1279 D VoldConnector: RCV <- {200 30 AppFuse command succeeded}
11-25 22:48:39.008  1237  1685 I ActivityManager: Killing 2016:com.android.dialer/u0a6 (adj 906): empty #17
