11-25 23:31:11.577  1238  1249 I WindowManager: Destroying surface Surface(name=br.com.catbag.gifreduxsample/br.com.catbag.gifreduxsample.ui.GifListActivity) called by com.android.server.wm.WindowStateAnimator.destroySurface:2014 com.android.server.wm.WindowStateAnimator.destroySurfaceLocked:881 com.android.server.wm.WindowState.removeLocked:1449 com.android.server.wm.WindowManagerService.removeWindowInnerLocked:2478 com.android.server.wm.WindowManagerService.removeWindowLocked:2436 com.android.server.wm.WindowManagerService.removeWindowLocked:2305 com.android.server.wm.WindowManagerService.removeWindow:2300 com.android.server.wm.Session.remove:193 
11-25 23:31:11.605  2243  2243 I Choreographer: Skipped 32 frames!  The application may be doing too much work on its main thread.
11-25 23:31:11.641  1238  1259 I Choreographer: Skipped 36 frames!  The application may be doing too much work on its main thread.
11-25 23:31:11.645  2243  2243 D LifecycleMonitor: Lifecycle status change: br.com.catbag.gifreduxsample.ui.GifListActivity@ddd73f6 in: PRE_ON_CREATE
11-25 23:31:11.681  2243  2243 D LifecycleMonitor: Lifecycle status change: br.com.catbag.gifreduxsample.ui.GifListActivity@ddd73f6 in: CREATED
11-25 23:31:11.682  2243  2259 I DroidFlux:Dispatcher: [STARTED] dispatch of action [APP_STATE_LOAD]
11-25 23:31:11.683  2243  2259 D DroidFlux:Dispatcher: An action of type [APP_STATE_LOAD] was dispatched, but no reducer handled it
11-25 23:31:11.683  2243  2259 I DroidFlux:Dispatcher: [COMPLETED] dispatch of action [APP_STATE_LOAD]
11-25 23:31:11.683  2243  2243 D LifecycleMonitor: Lifecycle status change: br.com.catbag.gifreduxsample.ui.GifListActivity@ddd73f6 in: STARTED
11-25 23:31:11.685  2243  2243 D LifecycleMonitor: Lifecycle status change: br.com.catbag.gifreduxsample.ui.GifListActivity@ddd73f6 in: RESUMED
11-25 23:31:11.890  2243  2243 I ViewInteraction: Performing 'single click' action on view with id: br.com.catbag.gifreduxsample:id/gif_image
11-25 23:31:11.904  1238  1259 I ActivityManager: Displayed br.com.catbag.gifreduxsample/.ui.GifListActivity: +307ms (total +1s399ms)
11-25 23:31:11.967  2243  2259 I DroidFlux:Dispatcher: [STARTED] dispatch of action [GIF_PLAY]
11-25 23:31:11.969  2243  2259 I DroidFlux:Dispatcher: [COMPLETED] dispatch of action [GIF_PLAY]
11-25 23:31:11.988   991  1028 D AudioFlinger: mixer(0xa7103080) throttle end: throttle time(11)
11-25 23:31:12.018   991  1028 D AudioFlinger: mixer(0xa7103080) throttle end: throttle time(11)
11-25 23:31:12.110  1238  1259 I WindowManager: Destroying surface Surface(name=Starting br.com.catbag.gifreduxsample) called by com.android.server.wm.WindowStateAnimator.destroySurface:2014 com.android.server.wm.WindowStateAnimator.destroySurfaceLocked:881 com.android.server.wm.WindowState.destroyOrSaveSurface:2073 com.android.server.wm.AppWindowToken.destroySurfaces:363 com.android.server.wm.WindowStateAnimator.finishExit:565 com.android.server.wm.WindowStateAnimator.stepAnimationLocked:491 com.android.server.wm.WindowAnimator.updateWindowsLocked:303 com.android.server.wm.WindowAnimator.animateLocked:704 
11-25 23:31:12.561  1238  1249 I WindowManager: Destroying surface Surface(name=com.android.launcher3/com.android.launcher3.Launcher) called by com.android.server.wm.WindowStateAnimator.destroySurface:2014 com.android.server.wm.WindowStateAnimator.destroySurfaceLocked:881 com.android.server.wm.WindowState.destroyOrSaveSurface:2073 com.android.server.wm.AppWindowToken.destroySurfaces:363 com.android.server.wm.AppWindowToken.notifyAppStopped:389 com.android.server.wm.WindowManagerService.notifyAppStopped:4456 com.android.server.am.ActivityStack.activityStoppedLocked:1252 com.android.server.am.ActivityManagerService.activityStopped:6873 
11-25 23:31:12.626  2243  2258 I TestRunner: finished: whenPlayGifTest(br.com.catbag.gifreduxsample.ui.giflist.GifListActivityTest)
11-25 23:31:12.661  2243  2243 D LifecycleMonitor: Lifecycle status change: br.com.catbag.gifreduxsample.ui.GifListActivity@ddd73f6 in: PAUSED
11-25 23:31:12.713   979   979 D gralloc : Registering a buffer in the process that created it. This may cause memory ordering problems.
11-25 23:31:12.713   979   979 E libEGL  : called unimplemented OpenGL ES API
11-25 23:31:12.713   979   979 E SurfaceFlinger: glCheckFramebufferStatusOES error 1319502399
11-25 23:31:12.713   979   979 E SurfaceFlinger: got GL_FRAMEBUFFER_COMPLETE_OES error while taking screenshot
11-25 23:31:12.720  1238  1268 W WindowManager: Screenshot failure taking screenshot for (480x800) to layer 21005
11-25 23:31:12.726  2243  2243 I MonitoringInstrumentation: Activities that are still in CREATED to STOPPED: 1
11-25 23:31:12.729  2243  2258 I TestRunner: started: whenGifListIsEmpty(br.com.catbag.gifreduxsample.ui.giflist.GifListActivityTest)
11-25 23:31:12.764  2243  2243 I MonitoringInstrumentation: Activities that are still in CREATED to STOPPED: 1
11-25 23:31:12.780  2243  2259 I DroidFlux:Dispatcher: [STARTED] dispatch of action [FAKE_REDUCE_ACTION]
11-25 23:31:12.781  2243  2259 I DroidFlux:Dispatcher: [COMPLETED] dispatch of action [FAKE_REDUCE_ACTION]
11-25 23:31:12.782  2243  2304 D ActivityTestRule: Launching activity br.com.catbag.gifreduxsample.ui.GifListActivity
11-25 23:31:12.783  2243  2305 D MonitoringInstrumentation: execStartActivity(context, ibinder, ibinder, activity, intent, int, bundle
11-25 23:31:12.783  1238  1631 I ActivityManager: START u0 {flg=0x10000000 cmp=br.com.catbag.gifreduxsample/.ui.GifListActivity} from uid 10060 on display 0
11-25 23:31:12.849  2243  2243 D LifecycleMonitor: Lifecycle status change: br.com.catbag.gifreduxsample.ui.GifListActivity@9d69ccf in: PRE_ON_CREATE
11-25 23:31:12.882  2243  2243 D LifecycleMonitor: Lifecycle status change: br.com.catbag.gifreduxsample.ui.GifListActivity@9d69ccf in: CREATED
11-25 23:31:12.902  2243  2259 I DroidFlux:Dispatcher: [STARTED] dispatch of action [APP_STATE_LOAD]
11-25 23:31:12.902  2243  2259 D DroidFlux:Dispatcher: An action of type [APP_STATE_LOAD] was dispatched, but no reducer handled it
11-25 23:31:12.903  2243  2259 I DroidFlux:Dispatcher: [COMPLETED] dispatch of action [APP_STATE_LOAD]
11-25 23:31:12.909  2243  2243 D LifecycleMonitor: Lifecycle status change: br.com.catbag.gifreduxsample.ui.GifListActivity@9d69ccf in: STARTED
11-25 23:31:12.911  2243  2243 D LifecycleMonitor: Lifecycle status change: br.com.catbag.gifreduxsample.ui.GifListActivity@9d69ccf in: RESUMED
11-25 23:31:13.104  1238  1783 I WindowManager: Destroying surface Surface(name=com.android.launcher3/com.android.launcher3.Launcher) called by com.android.server.wm.WindowStateAnimator.destroySurface:2014 com.android.server.wm.WindowStateAnimator.destroySurfaceLocked:881 com.android.server.wm.WindowState.destroyOrSaveSurface:2073 com.android.server.wm.AppWindowToken.destroySurfaces:363 com.android.server.wm.AppWindowToken.notifyAppStopped:389 com.android.server.wm.WindowManagerService.notifyAppStopped:4456 com.android.server.am.ActivityStack.activityStoppedLocked:1252 com.android.server.am.ActivityManagerService.activityStopped:6873 
11-25 23:31:13.164  2243  2243 D LifecycleMonitor: Lifecycle status change: br.com.catbag.gifreduxsample.ui.GifListActivity@ddd73f6 in: STOPPED
11-25 23:31:13.165  2243  2243 D LifecycleMonitor: Lifecycle status change: br.com.catbag.gifreduxsample.ui.GifListActivity@ddd73f6 in: DESTROYED
11-25 23:31:13.171  1238  1485 I WindowManager: Destroying surface Surface(name=br.com.catbag.gifreduxsample/br.com.catbag.gifreduxsample.ui.GifListActivity) called by com.android.server.wm.WindowStateAnimator.destroySurface:2014 com.android.server.wm.WindowStateAnimator.destroySurfaceLocked:881 com.android.server.wm.WindowState.removeLocked:1449 com.android.server.wm.WindowManagerService.removeWindowInnerLocked:2478 com.android.server.wm.WindowManagerService.removeWindowLocked:2436 com.android.server.wm.WindowManagerService.removeWindowLocked:2305 com.android.server.wm.WindowManagerService.removeWindow:2300 com.android.server.wm.Session.remove:193 
11-25 23:31:13.179  1238  1259 I ActivityManager: Displayed br.com.catbag.gifreduxsample/.ui.GifListActivity: +350ms
11-25 23:31:13.215  2243  2243 D LifecycleMonitor: Lifecycle status change: br.com.catbag.gifreduxsample.ui.GifListActivity@9d69ccf in: PAUSED
11-25 23:31:13.242  2243  2258 I TestRunner: finished: whenGifListIsEmpty(br.com.catbag.gifreduxsample.ui.giflist.GifListActivityTest)
11-25 23:31:13.307   979   979 D gralloc : Registering a buffer in the process that created it. This may cause memory ordering problems.
11-25 23:31:13.307   979   979 E SurfaceFlinger: glCheckFramebufferStatusOES error 1319502399
11-25 23:31:13.308   979   979 E SurfaceFlinger: got GL_FRAMEBUFFER_COMPLETE_OES error while taking screenshot
11-25 23:31:13.310  1238  1268 W WindowManager: Screenshot failure taking screenshot for (480x800) to layer 22010
11-25 23:31:13.329  2243  2243 I MonitoringInstrumentation: Activities that are still in CREATED to STOPPED: 1
11-25 23:31:13.329  2243  2258 I TestRunner: started: whenGifDownloadFailTest(br.com.catbag.gifreduxsample.ui.giflist.GifListActivityTest)
11-25 23:31:13.335  2243  2243 I MonitoringInstrumentation: Activities that are still in CREATED to STOPPED: 1
11-25 23:31:13.366  2243  2259 I DroidFlux:Dispatcher: [STARTED] dispatch of action [FAKE_REDUCE_ACTION]
11-25 23:31:13.366  2243  2259 I DroidFlux:Dispatcher: [COMPLETED] dispatch of action [FAKE_REDUCE_ACTION]
11-25 23:31:13.422  2243  2306 D ActivityTestRule: Launching activity br.com.catbag.gifreduxsample.ui.GifListActivity
11-25 23:31:13.423  1238  1259 I WindowManager: Destroying surface Surface(name=Starting br.com.catbag.gifreduxsample) called by com.android.server.wm.WindowStateAnimator.destroySurface:2014 com.android.server.wm.WindowStateAnimator.destroySurfaceLocked:881 com.android.server.wm.WindowState.removeLocked:1449 com.android.server.wm.WindowManagerService.removeWindowInnerLocked:2478 com.android.server.wm.AppWindowToken.destroySurfaces:365 com.android.server.wm.WindowStateAnimator.finishExit:565 com.android.server.wm.WindowStateAnimator.stepAnimationLocked:491 com.android.server.wm.WindowAnimator.updateWindowsLocked:303 
11-25 23:31:13.450  2243  2307 D MonitoringInstrumentation: execStartActivity(context, ibinder, ibinder, activity, intent, int, bundle
11-25 23:31:13.450  1238  1783 I ActivityManager: START u0 {flg=0x10000000 cmp=br.com.catbag.gifreduxsample/.ui.GifListActivity} from uid 10060 on display 0
11-25 23:31:13.522  2243  2243 D LifecycleMonitor: Lifecycle status change: br.com.catbag.gifreduxsample.ui.GifListActivity@cd0d842 in: PRE_ON_CREATE
11-25 23:31:13.570  2243  2243 D LifecycleMonitor: Lifecycle status change: br.com.catbag.gifreduxsample.ui.GifListActivity@cd0d842 in: CREATED
11-25 23:31:13.575  2243  2259 I DroidFlux:Dispatcher: [STARTED] dispatch of action [APP_STATE_LOAD]
11-25 23:31:13.575  2243  2259 D DroidFlux:Dispatcher: An action of type [APP_STATE_LOAD] was dispatched, but no reducer handled it
11-25 23:31:13.575  2243  2259 I DroidFlux:Dispatcher: [COMPLETED] dispatch of action [APP_STATE_LOAD]
11-25 23:31:13.585  2243  2243 D LifecycleMonitor: Lifecycle status change: br.com.catbag.gifreduxsample.ui.GifListActivity@cd0d842 in: STARTED
11-25 23:31:13.590  2243  2243 D LifecycleMonitor: Lifecycle status change: br.com.catbag.gifreduxsample.ui.GifListActivity@cd0d842 in: RESUMED
11-25 23:31:13.686  1238  1259 I Choreographer: Skipped 34 frames!  The application may be doing too much work on its main thread.
11-25 23:31:13.789  1238  1259 I ActivityManager: Displayed br.com.catbag.gifreduxsample/.ui.GifListActivity: +269ms
11-25 23:31:13.838  2243  2258 I TestRunner: finished: whenGifDownloadFailTest(br.com.catbag.gifreduxsample.ui.giflist.GifListActivityTest)
11-25 23:31:13.858  2243  2243 D LifecycleMonitor: Lifecycle status change: br.com.catbag.gifreduxsample.ui.GifListActivity@cd0d842 in: PAUSED
11-25 23:31:13.905   979   979 D gralloc : Registering a buffer in the process that created it. This may cause memory ordering problems.
11-25 23:31:13.905   979   979 E libEGL  : called unimplemented OpenGL ES API
11-25 23:31:13.906   979   979 E SurfaceFlinger: glCheckFramebufferStatusOES error 1319502399
11-25 23:31:13.906   979   979 E SurfaceFlinger: got GL_FRAMEBUFFER_COMPLETE_OES error while taking screenshot
11-25 23:31:13.913  1238  1485 W WindowManager: Screenshot failure taking screenshot for (480x800) to layer 22015
11-25 23:31:13.920  2243  2243 I MonitoringInstrumentation: Activities that are still in CREATED to STOPPED: 2
11-25 23:31:13.922  2243  2258 I TestRunner: started: whenDefaultGifsAreLoaded(br.com.catbag.gifreduxsample.ui.giflist.GifListActivityTest)
11-25 23:31:13.925  2243  2243 I MonitoringInstrumentation: Activities that are still in CREATED to STOPPED: 2
11-25 23:31:13.994  1238  1259 I Choreographer: Skipped 34 frames!  The application may be doing too much work on its main thread.
11-25 23:31:14.013  1238  1259 I WindowManager: Destroying surface Surface(name=Starting br.com.catbag.gifreduxsample) called by com.android.server.wm.WindowStateAnimator.destroySurface:2014 com.android.server.wm.WindowStateAnimator.destroySurfaceLocked:881 com.android.server.wm.WindowState.removeLocked:1449 com.android.server.wm.WindowManagerService.removeWindowInnerLocked:2478 com.android.server.wm.AppWindowToken.destroySurfaces:365 com.android.server.wm.WindowStateAnimator.finishExit:565 com.android.server.wm.WindowStateAnimator.stepAnimationLocked:491 com.android.server.wm.WindowAnimator.updateWindowsLocked:303 
11-25 23:31:14.229  2243  2259 I DroidFlux:Dispatcher: [STARTED] dispatch of action [FAKE_REDUCE_ACTION]
11-25 23:31:14.230  2243  2259 I DroidFlux:Dispatcher: [COMPLETED] dispatch of action [FAKE_REDUCE_ACTION]
11-25 23:31:14.279  2243  2243 D LifecycleMonitor: Lifecycle status change: br.com.catbag.gifreduxsample.ui.GifListActivity@cd0d842 in: STOPPED
11-25 23:31:14.279  2243  2243 D LifecycleMonitor: Lifecycle status change: br.com.catbag.gifreduxsample.ui.GifListActivity@cd0d842 in: DESTROYED
11-25 23:31:14.337  2243  2243 D LifecycleMonitor: Lifecycle status change: br.com.catbag.gifreduxsample.ui.GifListActivity@9d69ccf in: STOPPED
11-25 23:31:14.337  2243  2243 D LifecycleMonitor: Lifecycle status change: br.com.catbag.gifreduxsample.ui.GifListActivity@9d69ccf in: DESTROYED
11-25 23:31:14.345  1238  1249 I WindowManager: Destroying surface Surface(name=br.com.catbag.gifreduxsample/br.com.catbag.gifreduxsample.ui.GifListActivity) called by com.android.server.wm.WindowStateAnimator.destroySurface:2014 com.android.server.wm.WindowStateAnimator.destroySurfaceLocked:881 com.android.server.wm.WindowState.removeLocked:1449 com.android.server.wm.WindowManagerService.removeWindowInnerLocked:2478 com.android.server.wm.WindowManagerService.removeWindowLocked:2436 com.android.server.wm.WindowManagerService.removeWindowLocked:2305 com.android.server.wm.WindowManagerService.removeWindow:2300 com.android.server.wm.Session.remove:193 
11-25 23:31:14.410  1238  1259 I WindowManager: Destroying surface Surface(name=br.com.catbag.gifreduxsample/br.com.catbag.gifreduxsample.ui.GifListActivity) called by com.android.server.wm.WindowStateAnimator.destroySurface:2014 com.android.server.wm.WindowStateAnimator.destroySurfaceLocked:881 com.android.server.wm.WindowState.destroyOrSaveSurface:2073 com.android.server.wm.AppWindowToken.destroySurfaces:363 com.android.server.wm.WindowStateAnimator.finishExit:565 com.android.server.wm.AppWindowAnimator.stepAnimationLocked:427 com.android.server.wm.WindowAnimator.updateAppWindowsLocked:196 com.android.server.wm.WindowAnimator.animateLocked:678 
11-25 23:31:14.676  2311  2311 W dex2oat : Unexpected CPU variant for X86 using defaults: x86
11-25 23:31:14.688  2311  2311 W dex2oat : Mismatch between dex2oat instruction set features (ISA: X86 Feature string: smp,-ssse3,-sse4.1,-sse4.2,-avx,-avx2,-lock_add,-popcnt) and those of dex2oat executable (ISA: X86 Feature string: smp,ssse3,-sse4.1,-sse4.2,-avx,-avx2,-lock_add,-popcnt) for the command line:
11-25 23:31:14.688  2311  2311 W dex2oat : /system/bin/dex2oat --runtime-arg -classpath --runtime-arg & --instruction-set=x86 --instruction-set-features=smp,ssse3,-sse4.1,-sse4.2,-avx,-avx2,-lock_add,-popcnt --runtime-arg -Xrelocate --boot-image=/system/framework/boot.art --runtime-arg -Xms64m --runtime-arg -Xmx512m --instruction-set-variant=x86 --instruction-set-features=default --dex-file=/data/user/0/br.com.catbag.gifreduxsample/app_dxmaker_cache/Generated_1514457007.jar --oat-fd=65 --oat-location=/data/user/0/br.com.catbag.gifreduxsample/app_dxmaker_cache/Generated_1514457007.dex --compiler-filter=speed
11-25 23:31:14.688  2311  2311 I dex2oat : /system/bin/dex2oat --dex-file=/data/user/0/br.com.catbag.gifreduxsample/app_dxmaker_cache/Generated_1514457007.jar --oat-fd=65 --oat-location=/data/user/0/br.com.catbag.gifreduxsample/app_dxmaker_cache/Generated_1514457007.dex --compiler-filter=speed
11-25 23:31:14.850  2311  2311 I dex2oat : dex2oat took 173.173ms (threads: 1) arena alloc=47KB (48528B) java alloc=28KB (28768B) native alloc=789KB (808488B) free=746KB (764376B)
11-25 23:31:14.879  2243  2310 D ActivityTestRule: Launching activity br.com.catbag.gifreduxsample.ui.GifListActivity
11-25 23:31:14.884  2243  2313 D MonitoringInstrumentation: execStartActivity(context, ibinder, ibinder, activity, intent, int, bundle
11-25 23:31:14.889  1238  1679 I ActivityManager: START u0 {flg=0x10000000 cmp=br.com.catbag.gifreduxsample/.ui.GifListActivity} from uid 10060 on display 0
11-25 23:31:15.010  2243  2243 D LifecycleMonitor: Lifecycle status change: br.com.catbag.gifreduxsample.ui.GifListActivity@631f5dd in: PRE_ON_CREATE
11-25 23:31:15.069  2243  2243 D LifecycleMonitor: Lifecycle status change: br.com.catbag.gifreduxsample.ui.GifListActivity@631f5dd in: CREATED
11-25 23:31:15.074  2243  2259 I DroidFlux:Dispatcher: [STARTED] dispatch of action [APP_STATE_LOAD]
11-25 23:31:15.074  2243  2259 D DroidFlux:Dispatcher: An action of type [APP_STATE_LOAD] was dispatched, but no reducer handled it
11-25 23:31:15.074  2243  2259 I DroidFlux:Dispatcher: [COMPLETED] dispatch of action [APP_STATE_LOAD]
11-25 23:31:15.075  2243  2243 D LifecycleMonitor: Lifecycle status change: br.com.catbag.gifreduxsample.ui.GifListActivity@631f5dd in: STARTED
11-25 23:31:15.077  2243  2243 D LifecycleMonitor: Lifecycle status change: br.com.catbag.gifreduxsample.ui.GifListActivity@631f5dd in: RESUMED
11-25 23:31:15.178  2243  2259 I DroidFlux:Dispatcher: [STARTED] dispatch of action [APP_STATE_LOADED]
11-25 23:31:15.179  2243  2259 I DroidFlux:Dispatcher: [COMPLETED] dispatch of action [APP_STATE_LOADED]
11-25 23:31:15.180  2243  2314 E DataManager: appstate not loaded
11-25 23:31:15.180  2243  2314 E DataManager: com.snappydb.SnappydbException: Failed to get a String: NotFound: 
11-25 23:31:15.180  2243  2314 E DataManager: 	at com.snappydb.internal.DBImpl.__get(Native Method)
11-25 23:31:15.180  2243  2314 E DataManager: 	at com.snappydb.internal.DBImpl.get(DBImpl.java:348)
11-25 23:31:15.180  2243  2314 E DataManager: 	at br.com.catbag.gifreduxsample.asyncs.data.storage.Database.getAppState(Database.java:29)
11-25 23:31:15.180  2243  2314 E DataManager: 	at br.com.catbag.gifreduxsample.asyncs.data.DataManager.lambda$loadAppState$0(DataManager.java:61)
11-25 23:31:15.180  2243  2314 E DataManager: 	at br.com.catbag.gifreduxsample.asyncs.data.DataManager$$Lambda$1.run(Unknown Source)
11-25 23:31:15.180  2243  2314 E DataManager: 	at java.lang.Thread.run(Thread.java:761)
11-25 23:31:15.311  2243  2254 I art     : Background sticky concurrent mark sweep GC freed 43746(2MB) AllocSpace objects, 3(64KB) LOS objects, 16% free, 13MB/16MB, paused 8.368ms total 107.564ms
11-25 23:31:15.419  2243  2243 I Choreographer: Skipped 75 frames!  The application may be doing too much work on its main thread.
11-25 23:31:15.505  2243  2259 I DroidFlux:Dispatcher: [STARTED] dispatch of action [GIF_LIST_FETCHING]
11-25 23:31:15.506  2243  2259 D DroidFlux:Dispatcher: An action of type [GIF_LIST_FETCHING] was dispatched, but no reducer handled it
11-25 23:31:15.506  2243  2259 I DroidFlux:Dispatcher: [COMPLETED] dispatch of action [GIF_LIST_FETCHING]
11-25 23:31:15.583  2243  2243 W ResourceType: No package identifier when getting name for resource number 0x000000fe
11-25 23:31:15.623  2243  2243 D LifecycleMonitor: Lifecycle status change: br.com.catbag.gifreduxsample.ui.GifListActivity@631f5dd in: PAUSED
11-25 23:31:15.638  2243  2258 I TestRunner: finished: whenDefaultGifsAreLoaded(br.com.catbag.gifreduxsample.ui.giflist.GifListActivityTest)
11-25 23:31:15.649   979   979 D gralloc : Registering a buffer in the process that created it. This may cause memory ordering problems.
11-25 23:31:15.649   979   979 E libEGL  : called unimplemented OpenGL ES API
11-25 23:31:15.650   979   979 E SurfaceFlinger: glCheckFramebufferStatusOES error 1319502399
11-25 23:31:15.650   979   979 E SurfaceFlinger: got GL_FRAMEBUFFER_COMPLETE_OES error while taking screenshot
11-25 23:31:15.658  1238  1679 W WindowManager: Screenshot failure taking screenshot for (480x800) to layer 22015
11-25 23:31:15.665  2243  2243 I MonitoringInstrumentation: Activities that are still in CREATED to STOPPED: 1
11-25 23:31:15.666  2243  2258 I TestRunner: started: whenPauseGifTest(br.com.catbag.gifreduxsample.ui.giflist.GifListActivityTest)
11-25 23:31:15.668  2243  2243 I MonitoringInstrumentation: Activities that are still in CREATED to STOPPED: 1
11-25 23:31:15.688  2243  2259 I DroidFlux:Dispatcher: [STARTED] dispatch of action [FAKE_REDUCE_ACTION]
11-25 23:31:15.689  2243  2259 I DroidFlux:Dispatcher: [COMPLETED] dispatch of action [FAKE_REDUCE_ACTION]
11-25 23:31:15.705  1238  1259 I Choreographer: Skipped 34 frames!  The application may be doing too much work on its main thread.
11-25 23:31:15.742  2243  2259 I DroidFlux:Dispatcher: [STARTED] dispatch of action [GIF_LIST_FETCHING]
11-25 23:31:15.743  2243  2259 D DroidFlux:Dispatcher: An action of type [GIF_LIST_FETCHING] was dispatched, but no reducer handled it
11-25 23:31:15.743  2243  2259 I DroidFlux:Dispatcher: [COMPLETED] dispatch of action [GIF_LIST_FETCHING]
11-25 23:31:15.745  2243  2259 I DroidFlux:Dispatcher: [STARTED] dispatch of action [GIF_LIST_FETCHING]
11-25 23:31:15.745  2243  2259 D DroidFlux:Dispatcher: An action of type [GIF_LIST_FETCHING] was dispatched, but no reducer handled it
11-25 23:31:15.745  2243  2259 I DroidFlux:Dispatcher: [COMPLETED] dispatch of action [GIF_LIST_FETCHING]
11-25 23:31:15.752  2243  2316 D ActivityTestRule: Launching activity br.com.catbag.gifreduxsample.ui.GifListActivity
11-25 23:31:15.783  2243  2317 D MonitoringInstrumentation: execStartActivity(context, ibinder, ibinder, activity, intent, int, bundle
11-25 23:31:15.784  1238  1679 I ActivityManager: START u0 {flg=0x10000000 cmp=br.com.catbag.gifreduxsample/.ui.GifListActivity} from uid 10060 on display 0
11-25 23:31:15.964  2243  2243 D LifecycleMonitor: Lifecycle status change: br.com.catbag.gifreduxsample.ui.GifListActivity@bbfae47 in: PRE_ON_CREATE
11-25 23:31:15.980  1748  1748 I Choreographer: Skipped 31 frames!  The application may be doing too much work on its main thread.
11-25 23:31:16.029  1238  1259 I Choreographer: Skipped 35 frames!  The application may be doing too much work on its main thread.
11-25 23:31:16.038  2243  2243 D LifecycleMonitor: Lifecycle status change: br.com.catbag.gifreduxsample.ui.GifListActivity@bbfae47 in: CREATED
11-25 23:31:16.039  2243  2259 I DroidFlux:Dispatcher: [STARTED] dispatch of action [APP_STATE_LOAD]
11-25 23:31:16.039  2243  2259 D DroidFlux:Dispatcher: An action of type [APP_STATE_LOAD] was dispatched, but no reducer handled it
11-25 23:31:16.039  2243  2259 I DroidFlux:Dispatcher: [COMPLETED] dispatch of action [APP_STATE_LOAD]
11-25 23:31:16.039  2243  2243 D LifecycleMonitor: Lifecycle status change: br.com.catbag.gifreduxsample.ui.GifListActivity@bbfae47 in: STARTED
11-25 23:31:16.041  2243  2243 D LifecycleMonitor: Lifecycle status change: br.com.catbag.gifreduxsample.ui.GifListActivity@bbfae47 in: RESUMED
11-25 23:31:16.208  1238  1259 I WindowManager: Destroying surface Surface(name=Starting br.com.catbag.gifreduxsample) called by com.android.server.wm.WindowStateAnimator.destroySurface:2014 com.android.server.wm.WindowStateAnimator.destroySurfaceLocked:881 com.android.server.wm.WindowState.removeLocked:1449 com.android.server.wm.WindowManagerService.removeWindowInnerLocked:2478 com.android.server.wm.AppWindowToken.destroySurfaces:365 com.android.server.wm.WindowStateAnimator.finishExit:565 com.android.server.wm.AppWindowAnimator.stepAnimationLocked:427 com.android.server.wm.WindowAnimator.updateAppWindowsLocked:176 
11-25 23:31:16.246  1238  1259 I ActivityManager: Displayed br.com.catbag.gifreduxsample/.ui.GifListActivity: +304ms (total +1s276ms)
11-25 23:31:16.305  2243  2243 I ViewInteraction: Performing 'single click' action on view with id: br.com.catbag.gifreduxsample:id/gif_image
11-25 23:31:16.401  2243  2259 I DroidFlux:Dispatcher: [STARTED] dispatch of action [GIF_PAUSE]
11-25 23:31:16.402  2243  2259 I DroidFlux:Dispatcher: [COMPLETED] dispatch of action [GIF_PAUSE]
11-25 23:31:16.429   991  1028 D AudioFlinger: mixer(0xa7103080) throttle end: throttle time(11)
11-25 23:31:16.456  1238  1259 I WindowManager: Destroying surface Surface(name=Starting br.com.catbag.gifreduxsample) called by com.android.server.wm.WindowStateAnimator.destroySurface:2014 com.android.server.wm.WindowStateAnimator.destroySurfaceLocked:881 com.android.server.wm.WindowState.destroyOrSaveSurface:2073 com.android.server.wm.AppWindowToken.destroySurfaces:363 com.android.server.wm.WindowStateAnimator.finishExit:565 com.android.server.wm.WindowStateAnimator.stepAnimationLocked:491 com.android.server.wm.WindowAnimator.updateWindowsLocked:303 com.android.server.wm.WindowAnimator.animateLocked:704 
11-25 23:31:16.459   991  1028 D AudioFlinger: mixer(0xa7103080) throttle end: throttle time(11)
11-25 23:31:16.903  2243  2243 D LifecycleMonitor: Lifecycle status change: br.com.catbag.gifreduxsample.ui.GifListActivity@631f5dd in: STOPPED
11-25 23:31:16.903  2243  2243 D LifecycleMonitor: Lifecycle status change: br.com.catbag.gifreduxsample.ui.GifListActivity@631f5dd in: DESTROYED
11-25 23:31:16.921  1238  1783 I WindowManager: Destroying surface Surface(name=com.android.launcher3/com.android.launcher3.Launcher) called by com.android.server.wm.WindowStateAnimator.destroySurface:2014 com.android.server.wm.WindowStateAnimator.destroySurfaceLocked:881 com.android.server.wm.WindowState.destroyOrSaveSurface:2073 com.android.server.wm.AppWindowToken.destroySurfaces:363 com.android.server.wm.AppWindowToken.notifyAppStopped:389 com.android.server.wm.WindowManagerService.notifyAppStopped:4456 com.android.server.am.ActivityStack.activityStoppedLocked:1252 com.android.server.am.ActivityManagerService.activityStopped:6873 
11-25 23:31:16.926  1238  1268 I WindowManager: Destroying surface Surface(name=br.com.catbag.gifreduxsample/br.com.catbag.gifreduxsample.ui.GifListActivity) called by com.android.server.wm.WindowStateAnimator.destroySurface:2014 com.android.server.wm.WindowStateAnimator.destroySurfaceLocked:881 com.android.server.wm.WindowState.removeLocked:1449 com.android.server.wm.WindowManagerService.removeWindowInnerLocked:2478 com.android.server.wm.WindowManagerService.removeWindowLocked:2436 com.android.server.wm.WindowManagerService.removeWindowLocked:2305 com.android.server.wm.WindowManagerService.removeWindow:2300 com.android.server.wm.Session.remove:193 
11-25 23:31:16.999  2243  2243 D LifecycleMonitor: Lifecycle status change: br.com.catbag.gifreduxsample.ui.GifListActivity@bbfae47 in: PAUSED
11-25 23:31:17.000  2243  2258 I TestRunner: finished: whenPauseGifTest(br.com.catbag.gifreduxsample.ui.giflist.GifListActivityTest)
11-25 23:31:17.033   979   979 D gralloc : Registering a buffer in the process that created it. This may cause memory ordering problems.
11-25 23:31:17.033   979   979 E libEGL  : called unimplemented OpenGL ES API
11-25 23:31:17.033   979   979 E SurfaceFlinger: glCheckFramebufferStatusOES error 1319502399
11-25 23:31:17.033   979   979 E SurfaceFlinger: got GL_FRAMEBUFFER_COMPLETE_OES error while taking screenshot
11-25 23:31:17.035  1238  1485 W WindowManager: Screenshot failure taking screenshot for (480x800) to layer 21010
11-25 23:31:17.045  2243  2243 I MonitoringInstrumentation: Activities that are still in CREATED to STOPPED: 1
11-25 23:31:17.047  2243  2258 I TestRunner: started: whenLoadMultipleGifsOnAppStateTest(br.com.catbag.gifreduxsample.ui.giflist.GifListActivityTest)
11-25 23:31:17.059  2243  2243 I MonitoringInstrumentation: Activities that are still in CREATED to STOPPED: 1
11-25 23:31:17.129  2243  2259 I DroidFlux:Dispatcher: [STARTED] dispatch of action [FAKE_REDUCE_ACTION]
11-25 23:31:17.130  2243  2259 I DroidFlux:Dispatcher: [COMPLETED] dispatch of action [FAKE_REDUCE_ACTION]
11-25 23:31:17.194  2243  2318 D ActivityTestRule: Launching activity br.com.catbag.gifreduxsample.ui.GifListActivity
11-25 23:31:17.199  2243  2319 D MonitoringInstrumentation: execStartActivity(context, ibinder, ibinder, activity, intent, int, bundle
11-25 23:31:17.199  1238  1250 I ActivityManager: START u0 {flg=0x10000000 cmp=br.com.catbag.gifreduxsample/.ui.GifListActivity} from uid 10060 on display 0
11-25 23:31:17.222  1238  1783 W InputMethodManagerService: Starting input on non-focused client com.android.internal.view.IInputMethodClient$Stub$Proxy@42de48e (uid=10060 pid=2243)
11-25 23:31:17.366  2243  2243 D LifecycleMonitor: Lifecycle status change: br.com.catbag.gifreduxsample.ui.GifListActivity@4079504 in: PRE_ON_CREATE
11-25 23:31:17.434  2243  2243 D LifecycleMonitor: Lifecycle status change: br.com.catbag.gifreduxsample.ui.GifListActivity@4079504 in: CREATED
11-25 23:31:17.456  2243  2259 I DroidFlux:Dispatcher: [STARTED] dispatch of action [APP_STATE_LOAD]
11-25 23:31:17.457  2243  2259 D DroidFlux:Dispatcher: An action of type [APP_STATE_LOAD] was dispatched, but no reducer handled it
11-25 23:31:17.457  2243  2259 I DroidFlux:Dispatcher: [COMPLETED] dispatch of action [APP_STATE_LOAD]
11-25 23:31:17.458  2243  2243 D LifecycleMonitor: Lifecycle status change: br.com.catbag.gifreduxsample.ui.GifListActivity@4079504 in: STARTED
11-25 23:31:17.460  2243  2243 D LifecycleMonitor: Lifecycle status change: br.com.catbag.gifreduxsample.ui.GifListActivity@4079504 in: RESUMED
11-25 23:31:17.651  2243  2243 W ResourceType: No package identifier when getting name for resource number 0x00000108
11-25 23:31:17.651  2243  2243 I ViewInteraction: Performing 'scroll RecyclerView to position: 2' action on view with id: 264 (resource name not found)
11-25 23:31:17.716  1238  1259 I ActivityManager: Displayed br.com.catbag.gifreduxsample/.ui.GifListActivity: +387ms
11-25 23:31:17.750  2243  2254 I art     : Background sticky concurrent mark sweep GC freed 9928(723KB) AllocSpace objects, 3(64KB) LOS objects, 3% free, 16MB/16MB, paused 34.278ms total 155.003ms
11-25 23:31:17.970  1238  1259 I WindowManager: Destroying surface Surface(name=Starting br.com.catbag.gifreduxsample) called by com.android.server.wm.WindowStateAnimator.destroySurface:2014 com.android.server.wm.WindowStateAnimator.destroySurfaceLocked:881 com.android.server.wm.WindowState.destroyOrSaveSurface:2073 com.android.server.wm.AppWindowToken.destroySurfaces:363 com.android.server.wm.WindowStateAnimator.finishExit:565 com.android.server.wm.WindowStateAnimator.stepAnimationLocked:491 com.android.server.wm.WindowAnimator.updateWindowsLocked:303 com.android.server.wm.WindowAnimator.animateLocked:704 
11-25 23:31:18.032  2243  2243 W ResourceType: No package identifier when getting name for resource number 0x00000108
11-25 23:31:18.050  2243  2243 W ResourceType: No package identifier when getting name for resource number 0x0000010f
11-25 23:31:18.051  2243  2243 I ViewInteraction: Performing 'scroll RecyclerView to position: 3' action on view with id: 271 (resource name not found)
11-25 23:31:18.174  2243  2254 I art     : Background partial concurrent mark sweep GC freed 10140(638KB) AllocSpace objects, 3(64KB) LOS objects, 19% free, 16MB/20MB, paused 32.477ms total 99.174ms
11-25 23:31:18.177  2243  2243 D LifecycleMonitor: Lifecycle status change: br.com.catbag.gifreduxsample.ui.GifListActivity@bbfae47 in: STOPPED
11-25 23:31:18.177  2243  2243 D LifecycleMonitor: Lifecycle status change: br.com.catbag.gifreduxsample.ui.GifListActivity@bbfae47 in: DESTROYED
11-25 23:31:18.185  1238  1249 I WindowManager: Destroying surface Surface(name=com.android.launcher3/com.android.launcher3.Launcher) called by com.android.server.wm.WindowStateAnimator.destroySurface:2014 com.android.server.wm.WindowStateAnimator.destroySurfaceLocked:881 com.android.server.wm.WindowState.destroyOrSaveSurface:2073 com.android.server.wm.AppWindowToken.destroySurfaces:363 com.android.server.wm.AppWindowToken.notifyAppStopped:389 com.android.server.wm.WindowManagerService.notifyAppStopped:4456 com.android.server.am.ActivityStack.activityStoppedLocked:1252 com.android.server.am.ActivityManagerService.activityStopped:6873 
11-25 23:31:18.195  1238  1631 I WindowManager: Destroying surface Surface(name=br.com.catbag.gifreduxsample/br.com.catbag.gifreduxsample.ui.GifListActivity) called by com.android.server.wm.WindowStateAnimator.destroySurface:2014 com.android.server.wm.WindowStateAnimator.destroySurfaceLocked:881 com.android.server.wm.WindowState.removeLocked:1449 com.android.server.wm.WindowManagerService.removeWindowInnerLocked:2478 com.android.server.wm.WindowManagerService.removeWindowLocked:2436 com.android.server.wm.WindowManagerService.removeWindowLocked:2305 com.android.server.wm.WindowManagerService.removeWindow:2300 com.android.server.wm.Session.remove:193 
11-25 23:31:18.351  2243  2243 W ResourceType: No package identifier when getting name for resource number 0x0000010f
11-25 23:31:18.362  2243  2243 W ResourceType: No package identifier when getting name for resource number 0x00000116
11-25 23:31:18.362  2243  2243 I ViewInteraction: Performing 'scroll RecyclerView to position: 4' action on view with id: 278 (resource name not found)
11-25 23:31:18.681  2243  2243 W ResourceType: No package identifier when getting name for resource number 0x00000116
11-25 23:31:18.692  2243  2243 W ResourceType: No package identifier when getting name for resource number 0x0000011d
11-25 23:31:18.693  2243  2243 I ViewInteraction: Performing 'scroll RecyclerView to position: 5' action on view with id: 285 (resource name not found)
11-25 23:31:18.938  1238  1324 E TaskPersister: File error accessing recents directory (directory doesn't exist?).
11-25 23:31:19.000  2243  2243 W ResourceType: No package identifier when getting name for resource number 0x0000011d
11-25 23:31:19.011  2243  2243 W ResourceType: No package identifier when getting name for resource number 0x00000124
11-25 23:31:19.012  2243  2243 I ViewInteraction: Performing 'scroll RecyclerView to position: 6' action on view with id: 292 (resource name not found)
11-25 23:31:19.040  2243  2259 I DroidFlux:Dispatcher: [STARTED] dispatch of action [GIF_LIST_FETCHING]
11-25 23:31:19.041  2243  2259 D DroidFlux:Dispatcher: An action of type [GIF_LIST_FETCHING] was dispatched, but no reducer handled it
11-25 23:31:19.041  2243  2259 I DroidFlux:Dispatcher: [COMPLETED] dispatch of action [GIF_LIST_FETCHING]
11-25 23:31:19.302  2243  2243 W ResourceType: No package identifier when getting name for resource number 0x00000124
11-25 23:31:19.314  2243  2243 W ResourceType: No package identifier when getting name for resource number 0x0000012b
11-25 23:31:19.314  2243  2243 I ViewInteraction: Performing 'scroll RecyclerView to position: 7' action on view with id: 299 (resource name not found)
11-25 23:31:19.602  2243  2243 W ResourceType: No package identifier when getting name for resource number 0x0000012b
11-25 23:31:19.614  2243  2243 W ResourceType: No package identifier when getting name for resource number 0x00000132
11-25 23:31:19.614  2243  2243 I ViewInteraction: Performing 'scroll RecyclerView to position: 8' action on view with id: 306 (resource name not found)
11-25 23:31:19.920  2243  2243 W ResourceType: No package identifier when getting name for resource number 0x00000132
11-25 23:31:19.939  2243  2243 W ResourceType: No package identifier when getting name for resource number 0x00000139
11-25 23:31:19.939  2243  2243 I ViewInteraction: Performing 'scroll RecyclerView to position: 9' action on view with id: 313 (resource name not found)
11-25 23:31:20.026  2243  2254 I art     : Background sticky concurrent mark sweep GC freed 20895(1997KB) AllocSpace objects, 18(384KB) LOS objects, 11% free, 17MB/20MB, paused 6.419ms total 50.450ms
11-25 23:31:20.242  2243  2243 W ResourceType: No package identifier when getting name for resource number 0x00000139
11-25 23:31:20.278  2243  2243 D LifecycleMonitor: Lifecycle status change: br.com.catbag.gifreduxsample.ui.GifListActivity@4079504 in: PAUSED
11-25 23:31:20.297  2243  2258 I TestRunner: finished: whenLoadMultipleGifsOnAppStateTest(br.com.catbag.gifreduxsample.ui.giflist.GifListActivityTest)
11-25 23:31:20.300   979   979 D gralloc : Registering a buffer in the process that created it. This may cause memory ordering problems.
11-25 23:31:20.300   979   979 E libEGL  : called unimplemented OpenGL ES API
11-25 23:31:20.301   979   979 E SurfaceFlinger: glCheckFramebufferStatusOES error 1319502399
11-25 23:31:20.301   979   979 E SurfaceFlinger: got GL_FRAMEBUFFER_COMPLETE_OES error while taking screenshot
11-25 23:31:20.302  1238  1783 W WindowManager: Screenshot failure taking screenshot for (480x800) to layer 21010
11-25 23:31:20.311  2243  2243 I MonitoringInstrumentation: Activities that are still in CREATED to STOPPED: 1
11-25 23:31:20.312  2243  2258 I TestRunner: run finished: 20 tests, 0 failed, 0 ignored
11-25 23:31:20.596  2243  2258 I MonitoringInstrumentation: Unstopped activity count: 1
11-25 23:31:20.596  2243  2243 I MonitoringInstrumentation: Activities that are still in CREATED to STOPPED: 1
11-25 23:31:20.658  2243  2258 I MonitoringInstrumentation: Unstopped activity count: 1
11-25 23:31:20.728  2243  2258 I MonitoringInstrumentation: Unstopped activity count: 1
11-25 23:31:20.759  2243  2243 D LifecycleMonitor: Lifecycle status change: br.com.catbag.gifreduxsample.ui.GifListActivity@4079504 in: STOPPED
11-25 23:31:20.759  2243  2243 D LifecycleMonitor: Lifecycle status change: br.com.catbag.gifreduxsample.ui.GifListActivity@4079504 in: DESTROYED
11-25 23:31:20.798  2243  2258 I MonitoringInstrumentation: waitForActivitiesToComplete() took: 206ms
11-25 23:31:20.804  1238  1250 I ActivityManager: Force stopping br.com.catbag.gifreduxsample appid=10060 user=0: finished inst
11-25 23:31:20.804  1238  1250 I ActivityManager: Killing 2243:br.com.catbag.gifreduxsample/u0a60 (adj 0): stop br.com.catbag.gifreduxsample
11-25 23:31:20.816  1238  1679 I WindowManager: WIN DEATH: Window{5228d3e u0 br.com.catbag.gifreduxsample/br.com.catbag.gifreduxsample.ui.GifListActivity EXITING}
11-25 23:31:20.879  2233  2233 D AndroidRuntime: Shutting down VM
11-25 23:31:20.890  1238  1259 I WindowManager: Destroying surface Surface(name=br.com.catbag.gifreduxsample/br.com.catbag.gifreduxsample.ui.GifListActivity) called by com.android.server.wm.WindowStateAnimator.destroySurface:2014 com.android.server.wm.WindowStateAnimator.destroySurfaceLocked:881 com.android.server.wm.WindowState.removeLocked:1449 com.android.server.wm.WindowManagerService.removeWindowInnerLocked:2478 com.android.server.wm.AppWindowToken.destroySurfaces:365 com.android.server.wm.WindowStateAnimator.finishExit:565 com.android.server.wm.WindowStateAnimator.stepAnimationLocked:491 com.android.server.wm.WindowAnimator.updateWindowsLocked:303 
11-25 23:31:20.969  1238  2322 I ActivityManager: Failure reporting to instrumentation watcher: comp=ComponentInfo{br.com.catbag.gifreduxsample.test/android.support.test.runner.AndroidJUnitRunner} results=Bundle[mParcelledData.dataSize=9016]
11-25 23:31:21.096  1238  1248 I art     : Background partial concurrent mark sweep GC freed 30486(2MB) AllocSpace objects, 12(240KB) LOS objects, 33% free, 7MB/10MB, paused 7.220ms total 121.375ms
11-25 23:31:21.561  2330  2330 D AndroidRuntime: >>>>>> START com.android.internal.os.RuntimeInit uid 2000 <<<<<<
11-25 23:31:21.564  2330  2330 D AndroidRuntime: CheckJNI is ON
11-25 23:31:21.614  2330  2330 W art     : Unexpected CPU variant for X86 using defaults: x86
11-25 23:31:21.623  2330  2330 D ICU     : No timezone override file found: /data/misc/zoneinfo/current/icu/icu_tzdata.dat
11-25 23:31:21.651  2330  2330 E memtrack: Couldn't load memtrack module (No such file or directory)
11-25 23:31:21.651  2330  2330 E android.os.Debug: failed to load memtrack module: -2
11-25 23:31:21.652  2330  2330 I Radio-JNI: register_android_hardware_Radio DONE
11-25 23:31:21.672  2330  2330 D AndroidRuntime: Calling main entry com.android.commands.pm.Pm
11-25 23:31:21.734  1238  1252 I ActivityManager: Force stopping br.com.catbag.gifreduxsample.test appid=10061 user=-1: deletePackageX
11-25 23:31:21.877  1238  1264 I art     : Starting a blocking GC Explicit
11-25 23:31:21.950  1238  1264 I art     : Explicit concurrent mark sweep GC freed 18387(969KB) AllocSpace objects, 3(60KB) LOS objects, 33% free, 6MB/10MB, paused 5.657ms total 70.104ms
11-25 23:31:21.969  2330  2330 I art     : System.exit called, status: 0
11-25 23:31:21.969  2330  2330 I AndroidRuntime: VM exiting with result code 0.
11-25 23:31:21.991  1238  1264 I ActivityManager: Force stopping br.com.catbag.gifreduxsample.test appid=10061 user=0: pkg removed
11-25 23:31:22.132  1238  1252 W art     : Long monitor contention with owner PackageManager (1264) at int com.android.server.am.ActivityManagerService.broadcastIntent(android.app.IApplicationThread, android.content.Intent, java.lang.String, android.content.IIntentReceiver, int, java.lang.String, android.os.Bundle, java.lang.String[], int, android.os.Bundle, boolean, boolean, int)(ActivityManagerService.java:18249) waiters=0 in void com.android.server.am.ActivityStackSupervisor$ActivityStackSupervisorHandler.activityIdleInternal(com.android.server.am.ActivityRecord) for 139ms
11-25 23:31:22.201  1238  1279 I InputReader: Reconfiguring input devices.  changes=0x00000010
11-25 23:31:22.296  1238  1238 W art     : Long monitor contention with owner ActivityManager (1252) at void com.android.server.am.BroadcastQueue.processNextBroadcast(boolean)(BroadcastQueue.java:754) waiters=0 in boolean com.android.server.am.ActivityManagerService.isUserRunning(int, int) for 149ms
11-25 23:31:22.296  1238  1264 W art     : Long monitor contention with owner ActivityManager (1252) at void com.android.server.am.BroadcastQueue.processNextBroadcast(boolean)(BroadcastQueue.java:754) waiters=1 in int com.android.server.am.ActivityManagerService.broadcastIntent(android.app.IApplicationThread, android.content.Intent, java.lang.String, android.content.IIntentReceiver, int, java.lang.String, android.os.Bundle, java.lang.String[], int, android.os.Bundle, boolean, boolean, int) for 137ms
11-25 23:31:22.333  1459  1459 D CarrierSvcBindHelper: No carrier app for: 0
11-25 23:31:22.346  1238  1264 E KernelUidCpuTimeReader: failed to remove uid from uid_cputime module
11-25 23:31:22.346  1238  1264 E KernelUidCpuTimeReader: java.io.FileNotFoundException: /proc/uid_cputime/remove_uid_range (No such file or directory)
11-25 23:31:22.346  1238  1264 E KernelUidCpuTimeReader: 	at java.io.FileOutputStream.open(Native Method)
11-25 23:31:22.346  1238  1264 E KernelUidCpuTimeReader: 	at java.io.FileOutputStream.<init>(FileOutputStream.java:221)
11-25 23:31:22.346  1238  1264 E KernelUidCpuTimeReader: 	at java.io.FileOutputStream.<init>(FileOutputStream.java:108)
11-25 23:31:22.346  1238  1264 E KernelUidCpuTimeReader: 	at java.io.FileWriter.<init>(FileWriter.java:63)
11-25 23:31:22.346  1238  1264 E KernelUidCpuTimeReader: 	at com.android.internal.os.KernelUidCpuTimeReader.removeUid(KernelUidCpuTimeReader.java:158)
11-25 23:31:22.346  1238  1264 E KernelUidCpuTimeReader: 	at com.android.internal.os.BatteryStatsImpl.removeUidStatsLocked(BatteryStatsImpl.java:9805)
11-25 23:31:22.346  1238  1264 E KernelUidCpuTimeReader: 	at com.android.server.am.BatteryStatsService.removeUid(BatteryStatsService.java:291)
11-25 23:31:22.346  1238  1264 E KernelUidCpuTimeReader: 	at com.android.server.am.ActivityManagerService.broadcastIntentLocked(ActivityManagerService.java:17767)
11-25 23:31:22.346  1238  1264 E KernelUidCpuTimeReader: 	at com.android.server.am.ActivityManagerService.broadcastIntent(ActivityManagerService.java:18256)
11-25 23:31:22.346  1238  1264 E KernelUidCpuTimeReader: 	at com.android.server.pm.PackageManagerService$8.run(PackageManagerService.java:11407)
11-25 23:31:22.346  1238  1264 E KernelUidCpuTimeReader: 	at android.os.Handler.handleCallback(Handler.java:751)
11-25 23:31:22.346  1238  1264 E KernelUidCpuTimeReader: 	at android.os.Handler.dispatchMessage(Handler.java:95)
11-25 23:31:22.346  1238  1264 E KernelUidCpuTimeReader: 	at android.os.Looper.loop(Looper.java:154)
11-25 23:31:22.346  1238  1264 E KernelUidCpuTimeReader: 	at android.os.HandlerThread.run(HandlerThread.java:61)
11-25 23:31:22.346  1238  1264 E KernelUidCpuTimeReader: 	at com.android.server.ServiceThread.run(ServiceThread.java:46)
11-25 23:31:22.740  1238  1251 W LocationProviderProxy-network: Odd, no component found for service com.android.location.service.v3.NetworkLocationProvider
11-25 23:31:22.740  1238  1251 W GeocoderProxy: Odd, no component found for service com.android.location.service.GeocodeProvider
11-25 23:31:22.741  1238  1251 W GeofenceProxy: Odd, no component found for service com.android.location.service.GeofenceProvider
11-25 23:31:22.741  1238  1251 W ActivityRecognitionProxy: Odd, no component found for service com.android.location.service.ActivityRecognitionProvider
11-25 23:31:23.145  2344  2344 D AndroidRuntime: >>>>>> START com.android.internal.os.RuntimeInit uid 2000 <<<<<<
11-25 23:31:23.148  2344  2344 D AndroidRuntime: CheckJNI is ON
11-25 23:31:23.189  2344  2344 W art     : Unexpected CPU variant for X86 using defaults: x86
11-25 23:31:23.202  2344  2344 D ICU     : No timezone override file found: /data/misc/zoneinfo/current/icu/icu_tzdata.dat
11-25 23:31:23.223  2344  2344 E memtrack: Couldn't load memtrack module (No such file or directory)
11-25 23:31:23.223  2344  2344 E android.os.Debug: failed to load memtrack module: -2
11-25 23:31:23.224  2344  2344 I Radio-JNI: register_android_hardware_Radio DONE
11-25 23:31:23.239  2344  2344 D AndroidRuntime: Calling main entry com.android.commands.pm.Pm
11-25 23:31:23.246  1238  1252 I ActivityManager: Force stopping br.com.catbag.gifreduxsample appid=10060 user=-1: deletePackageX
11-25 23:31:23.365  1238  1264 I art     : Starting a blocking GC Explicit
11-25 23:31:23.418  1238  1264 I art     : Explicit concurrent mark sweep GC freed 25372(1345KB) AllocSpace objects, 7(140KB) LOS objects, 33% free, 6MB/10MB, paused 4.110ms total 51.787ms
11-25 23:31:23.444  2344  2344 I art     : System.exit called, status: 0
11-25 23:31:23.445  2344  2344 I AndroidRuntime: VM exiting with result code 0.
11-25 23:31:23.669  1238  1264 I ActivityManager: Force stopping br.com.catbag.gifreduxsample appid=10060 user=0: pkg removed
11-25 23:31:24.006  1238  1264 E KernelUidCpuTimeReader: failed to remove uid from uid_cputime module
11-25 23:31:24.006  1238  1264 E KernelUidCpuTimeReader: java.io.FileNotFoundException: /proc/uid_cputime/remove_uid_range (No such file or directory)
11-25 23:31:24.006  1238  1264 E KernelUidCpuTimeReader: 	at java.io.FileOutputStream.open(Native Method)
11-25 23:31:24.006  1238  1264 E KernelUidCpuTimeReader: 	at java.io.FileOutputStream.<init>(FileOutputStream.java:221)
11-25 23:31:24.006  1238  1264 E KernelUidCpuTimeReader: 	at java.io.FileOutputStream.<init>(FileOutputStream.java:108)
11-25 23:31:24.006  1238  1264 E KernelUidCpuTimeReader: 	at java.io.FileWriter.<init>(FileWriter.java:63)
11-25 23:31:24.006  1238  1264 E KernelUidCpuTimeReader: 	at com.android.internal.os.KernelUidCpuTimeReader.removeUid(KernelUidCpuTimeReader.java:158)
11-25 23:31:24.006  1238  1264 E KernelUidCpuTimeReader: 	at com.android.internal.os.BatteryStatsImpl.removeUidStatsLocked(BatteryStatsImpl.java:9805)
11-25 23:31:24.006  1238  1264 E KernelUidCpuTimeReader: 	at com.android.server.am.BatteryStatsService.removeUid(BatteryStatsService.java:291)
11-25 23:31:24.006  1238  1264 E KernelUidCpuTimeReader: 	at com.android.server.am.ActivityManagerService.broadcastIntentLocked(ActivityManagerService.java:17767)
11-25 23:31:24.006  1238  1264 E KernelUidCpuTimeReader: 	at com.android.server.am.ActivityManagerService.broadcastIntent(ActivityManagerService.java:18256)
11-25 23:31:24.006  1238  1264 E KernelUidCpuTimeReader: 	at com.android.server.pm.PackageManagerService$8.run(PackageManagerService.java:11407)
11-25 23:31:24.006  1238  1264 E KernelUidCpuTimeReader: 	at android.os.Handler.handleCallback(Handler.java:751)
11-25 23:31:24.006  1238  1264 E KernelUidCpuTimeReader: 	at android.os.Handler.dispatchMessage(Handler.java:95)
11-25 23:31:24.006  1238  1264 E KernelUidCpuTimeReader: 	at android.os.Looper.loop(Looper.java:154)
11-25 23:31:24.006  1238  1264 E KernelUidCpuTimeReader: 	at android.os.HandlerThread.run(HandlerThread.java:61)
11-25 23:31:24.006  1238  1264 E KernelUidCpuTimeReader: 	at com.android.server.ServiceThread.run(ServiceThread.java:46)
11-25 23:31:24.032  1238  1324 E TaskPersister: File error accessing recents directory (directory doesn't exist?).
