11-24 13:39:12.647  2245  2245 E Feed    : 	at android.support.v7.widget.LinearLayoutManager.onLayoutChildren(LinearLayoutManager.java:578)
11-24 13:39:12.647  2245  2245 E Feed    : 	at android.support.v7.widget.RecyclerView.dispatchLayoutStep2(RecyclerView.java:3260)
11-24 13:39:12.647  2245  2245 E Feed    : 	at android.support.v7.widget.RecyclerView.dispatchLayout(RecyclerView.java:3069)
11-24 13:39:12.647  2245  2245 E Feed    : 	at android.support.v7.widget.RecyclerView.onLayout(RecyclerView.java:3518)
11-24 13:39:12.647  2245  2245 E Feed    : 	at android.view.View.layout(View.java:17520)
11-24 13:39:12.647  2245  2245 E Feed    : 	at android.view.ViewGroup.layout(ViewGroup.java:5612)
11-24 13:39:12.647  2245  2245 E Feed    : 	at android.widget.FrameLayout.layoutChildren(FrameLayout.java:323)
11-24 13:39:12.647  2245  2245 E Feed    : 	at android.widget.FrameLayout.onLayout(FrameLayout.java:261)
11-24 13:39:12.647  2245  2245 E Feed    : 	at android.view.View.layout(View.java:17520)
11-24 13:39:12.647  2245  2245 E Feed    : 	at android.view.ViewGroup.layout(ViewGroup.java:5612)
11-24 13:39:12.647  2245  2245 E Feed    : 	at android.widget.RelativeLayout.onLayout(RelativeLayout.java:1079)
11-24 13:39:12.647  2245  2245 E Feed    : 	at android.view.View.layout(View.java:17520)
11-24 13:39:12.647  2245  2245 E Feed    : 	at android.view.ViewGroup.layout(ViewGroup.java:5612)
11-24 13:39:12.647  2245  2245 E Feed    : 	at android.widget.FrameLayout.layoutChildren(FrameLayout.java:323)
11-24 13:39:12.647  2245  2245 E Feed    : 	at android.widget.FrameLayout.onLayout(FrameLayout.java:261)
11-24 13:39:12.647  2245  2245 E Feed    : 	at android.view.View.layout(View.java:17520)
11-24 13:39:12.647  2245  2245 E Feed    : 	at android.view.ViewGroup.layout(ViewGroup.java:5612)
11-24 13:39:12.647  2245  2245 E Feed    : 	at android.support.v7.widget.ActionBarOverlayLayout.onLayout(ActionBarOverlayLayout.java:435)
11-24 13:39:12.647  2245  2245 E Feed    : 	at android.view.View.layout(View.java:17520)
11-24 13:39:12.647  2245  2245 E Feed    : 	at android.view.ViewGroup.layout(ViewGroup.java:5612)
11-24 13:39:12.647  2245  2245 E Feed    : 	at android.widget.FrameLayout.layoutChildren(FrameLayout.java:323)
11-24 13:39:12.647  2245  2245 E Feed    : 	at android.widget.FrameLayout.onLayout(FrameLayout.java:261)
11-24 13:39:12.647  2245  2245 E Feed    : 	at android.view.View.layout(View.java:17520)
11-24 13:39:12.647  2245  2245 E Feed    : 	at android.view.ViewGroup.layout(ViewGroup.java:5612)
11-24 13:39:12.647  2245  2245 E Feed    : 	at android.widget.LinearLayout.setChildFrame(LinearLayout.java:1741)
11-24 13:39:12.647  2245  2245 E Feed    : 	at android.widget.LinearLayout.layoutVertical(LinearLayout.java:1585)
11-24 13:39:12.647  2245  2245 E Feed    : 	at android.widget.LinearLayout.onLayout(LinearLayout.java:1494)
11-24 13:39:12.647  2245  2245 E Feed    : 	at android.view.View.layout(View.java:17520)
11-24 13:39:12.647  2245  2245 E Feed    : 	at android.view.ViewGroup.layout(ViewGroup.java:5612)
11-24 13:39:12.647  2245  2245 E Feed    : 	at android.widget.FrameLayout.layoutChildren(FrameLayout.java:323)
11-24 13:39:12.647  2245  2245 E Feed    : 	at android.widget.FrameLayout.onLayout(FrameLayout.java:261)
11-24 13:39:12.647  2245  2245 E Feed    : 	at com.android.internal.policy.DecorView.onLayout(DecorView.java:724)
11-24 13:39:12.647  2245  2245 E Feed    : 	at android.view.View.layout(View.java:17520)
11-24 13:39:12.647  2245  2245 E Feed    : 	at android.view.ViewGroup.layout(ViewGroup.java:5612)
11-24 13:39:12.647  2245  2245 E Feed    : 	at android.view.ViewRootImpl.performLayout(ViewRootImpl.java:2342)
11-24 13:39:12.647  2245  2245 E Feed    : 	at android.view.ViewRootImpl.performTraversals(ViewRootImpl.java:2069)
11-24 13:39:12.647  2245  2245 E Feed    : 	at android.view.ViewRootImpl.doTraversal(ViewRootImpl.java:1246)
11-24 13:39:12.647  2245  2245 E Feed    : 	at android.view.ViewRootImpl$TraversalRunnable.run(ViewRootImpl.java:6301)
11-24 13:39:12.647  2245  2245 E Feed    : 	at android.view.Choreographer$CallbackRecord.run(Choreographer.java:871)
11-24 13:39:12.647  2245  2245 E Feed    : 	at android.view.Choreographer.doCallbacks(Choreographer.java:683)
11-24 13:39:12.647  2245  2245 E Feed    : 	at android.view.Choreographer.doFrame(Choreographer.java:619)
11-24 13:39:12.647  2245  2245 E Feed    : 	at android.view.Choreographer$FrameDisplayEventReceiver.run(Choreographer.java:857)
11-24 13:39:12.647  2245  2245 E Feed    : 	at android.os.Handler.handleCallback(Handler.java:751)
11-24 13:39:12.647  2245  2245 E Feed    : 	at android.os.Handler.dispatchMessage(Handler.java:95)
11-24 13:39:12.647  2245  2245 E Feed    : 	at android.os.Looper.loop(Looper.java:154)
11-24 13:39:12.647  2245  2245 E Feed    : 	at android.app.ActivityThread.main(ActivityThread.java:6077)
11-24 13:39:12.647  2245  2245 E Feed    : 	at java.lang.reflect.Method.invoke(Native Method)
11-24 13:39:12.647  2245  2245 E Feed    : 	at com.android.internal.os.ZygoteInit$MethodAndArgsCaller.run(ZygoteInit.java:865)
11-24 13:39:12.647  2245  2245 E Feed    : 	at com.android.internal.os.ZygoteInit.main(ZygoteInit.java:755)
11-24 13:39:12.719  2245  2245 D LifecycleMonitor: Lifecycle status change: br.com.catbag.gifreduxsample.ui.GifListActivity@73fa4b8 in: PAUSED
11-24 13:39:12.720  2245  2260 I TestRunner: finished: whenGifIsNotWatchedTest(br.com.catbag.gifreduxsample.ui.giflist.GifListActivityTest)
11-24 13:39:12.832   977   977 D gralloc : Registering a buffer in the process that created it. This may cause memory ordering problems.
11-24 13:39:12.833   977   977 E SurfaceFlinger: glCheckFramebufferStatusOES error 103200334
11-24 13:39:12.833   977   977 E SurfaceFlinger: got GL_FRAMEBUFFER_COMPLETE_OES error while taking screenshot
11-24 13:39:12.834  1237  1535 W WindowManager: Screenshot failure taking screenshot for (480x800) to layer 22020
11-24 13:39:12.854  2245  2245 I MonitoringInstrumentation: Activities that are still in CREATED to STOPPED: 2
11-24 13:39:12.856  2245  2260 I TestRunner: started: whenGifIsDownloadingTest(br.com.catbag.gifreduxsample.ui.giflist.GifListActivityTest)
11-24 13:39:12.867  1237  1258 I Choreographer: Skipped 50 frames!  The application may be doing too much work on its main thread.
11-24 13:39:12.877  2245  2245 I MonitoringInstrumentation: Activities that are still in CREATED to STOPPED: 2
11-24 13:39:13.054  2245  2245 I Choreographer: Skipped 32 frames!  The application may be doing too much work on its main thread.
11-24 13:39:13.084  1237  1535 W InputMethodManagerService: Starting input on non-focused client com.android.internal.view.IInputMethodClient$Stub$Proxy@38e2354 (uid=10060 pid=2245)
11-24 13:39:13.120  2245  2261 I DroidFlux:Dispatcher: [STARTED] dispatch of action [FAKE_REDUCE_ACTION]
11-24 13:39:13.122  2245  2261 I DroidFlux:Dispatcher: [COMPLETED] dispatch of action [FAKE_REDUCE_ACTION]
11-24 13:39:13.143  2245  2286 D ActivityTestRule: Launching activity br.com.catbag.gifreduxsample.ui.GifListActivity
11-24 13:39:13.160  2245  2287 D MonitoringInstrumentation: execStartActivity(context, ibinder, ibinder, activity, intent, int, bundle
11-24 13:39:13.160  1237  1535 I ActivityManager: START u0 {flg=0x10000000 cmp=br.com.catbag.gifreduxsample/.ui.GifListActivity} from uid 10060 on display 0
11-24 13:39:13.215  1237  1258 I Choreographer: Skipped 34 frames!  The application may be doing too much work on its main thread.
11-24 13:39:13.251  2245  2245 D LifecycleMonitor: Lifecycle status change: br.com.catbag.gifreduxsample.ui.GifListActivity@5f57fad in: PRE_ON_CREATE
11-24 13:39:13.269  2245  2245 D LifecycleMonitor: Lifecycle status change: br.com.catbag.gifreduxsample.ui.GifListActivity@5f57fad in: CREATED
11-24 13:39:13.273  2245  2261 I DroidFlux:Dispatcher: [STARTED] dispatch of action [APP_STATE_LOAD]
11-24 13:39:13.274  2245  2261 D DroidFlux:Dispatcher: An action of type [APP_STATE_LOAD] was dispatched, but no reducer handled it
11-24 13:39:13.274  2245  2261 I DroidFlux:Dispatcher: [COMPLETED] dispatch of action [APP_STATE_LOAD]
11-24 13:39:13.274  2245  2245 D LifecycleMonitor: Lifecycle status change: br.com.catbag.gifreduxsample.ui.GifListActivity@5f57fad in: STARTED
11-24 13:39:13.296  2245  2245 D LifecycleMonitor: Lifecycle status change: br.com.catbag.gifreduxsample.ui.GifListActivity@5f57fad in: RESUMED
11-24 13:39:13.299  1237  1258 I WindowManager: Destroying surface Surface(name=Starting br.com.catbag.gifreduxsample) called by com.android.server.wm.WindowStateAnimator.destroySurface:2014 com.android.server.wm.WindowStateAnimator.destroySurfaceLocked:881 com.android.server.wm.WindowState.removeLocked:1449 com.android.server.wm.WindowManagerService.removeWindowInnerLocked:2478 com.android.server.wm.AppWindowToken.destroySurfaces:365 com.android.server.wm.WindowStateAnimator.finishExit:565 com.android.server.wm.WindowStateAnimator.stepAnimationLocked:491 com.android.server.wm.WindowAnimator.updateWindowsLocked:303 
11-24 13:39:13.561  2245  2260 I TestRunner: finished: whenGifIsDownloadingTest(br.com.catbag.gifreduxsample.ui.giflist.GifListActivityTest)
11-24 13:39:13.576  2245  2245 D LifecycleMonitor: Lifecycle status change: br.com.catbag.gifreduxsample.ui.GifListActivity@5f57fad in: PAUSED
11-24 13:39:13.632   977   977 D gralloc : Registering a buffer in the process that created it. This may cause memory ordering problems.
11-24 13:39:13.633   977   977 E libEGL  : called unimplemented OpenGL ES API
11-24 13:39:13.633   977   977 E SurfaceFlinger: glCheckFramebufferStatusOES error 103200334
11-24 13:39:13.633   977   977 E SurfaceFlinger: got GL_FRAMEBUFFER_COMPLETE_OES error while taking screenshot
11-24 13:39:13.636  1237  1430 W WindowManager: Screenshot failure taking screenshot for (480x800) to layer 22020
11-24 13:39:13.646  1237  1649 D WindowManager: relayoutVisibleWindow: Window{9a835c4 u0 com.android.launcher3/com.android.launcher3.Launcher EXITING} mAnimatingExit=true, mRemoveOnExit=false, mDestroying=false
11-24 13:39:13.648  2245  2245 I MonitoringInstrumentation: Activities that are still in CREATED to STOPPED: 3
11-24 13:39:13.652  2245  2260 I TestRunner: started: whenListKeepOrderedAfterPlayTest(br.com.catbag.gifreduxsample.ui.giflist.GifListActivityTest)
11-24 13:39:13.759  1237  1258 I Choreographer: Skipped 40 frames!  The application may be doing too much work on its main thread.
11-24 13:39:13.790  2245  2245 I Choreographer: Skipped 30 frames!  The application may be doing too much work on its main thread.
11-24 13:39:13.806  2245  2245 I MonitoringInstrumentation: Activities that are still in CREATED to STOPPED: 3
11-24 13:39:13.831  2245  2261 I DroidFlux:Dispatcher: [STARTED] dispatch of action [FAKE_REDUCE_ACTION]
11-24 13:39:13.832  2245  2261 I DroidFlux:Dispatcher: [COMPLETED] dispatch of action [FAKE_REDUCE_ACTION]
11-24 13:39:13.852  2245  2288 D ActivityTestRule: Launching activity br.com.catbag.gifreduxsample.ui.GifListActivity
11-24 13:39:13.862  2245  2289 D MonitoringInstrumentation: execStartActivity(context, ibinder, ibinder, activity, intent, int, bundle
11-24 13:39:13.863  1237  1431 I ActivityManager: START u0 {flg=0x10000000 cmp=br.com.catbag.gifreduxsample/.ui.GifListActivity} from uid 10060 on display 0
11-24 13:39:13.920  1237  1258 I Choreographer: Skipped 42 frames!  The application may be doing too much work on its main thread.
11-24 13:39:14.074  1700  1700 I Choreographer: Skipped 34 frames!  The application may be doing too much work on its main thread.
11-24 13:39:14.084  2245  2245 D LifecycleMonitor: Lifecycle status change: br.com.catbag.gifreduxsample.ui.GifListActivity@c2928af in: PRE_ON_CREATE
11-24 13:39:14.158  2245  2245 D LifecycleMonitor: Lifecycle status change: br.com.catbag.gifreduxsample.ui.GifListActivity@c2928af in: CREATED
11-24 13:39:14.159  2245  2261 I DroidFlux:Dispatcher: [STARTED] dispatch of action [APP_STATE_LOAD]
11-24 13:39:14.159  2245  2261 D DroidFlux:Dispatcher: An action of type [APP_STATE_LOAD] was dispatched, but no reducer handled it
11-24 13:39:14.160  2245  2261 I DroidFlux:Dispatcher: [COMPLETED] dispatch of action [APP_STATE_LOAD]
11-24 13:39:14.160  2245  2245 D LifecycleMonitor: Lifecycle status change: br.com.catbag.gifreduxsample.ui.GifListActivity@c2928af in: STARTED
11-24 13:39:14.161  2245  2245 D LifecycleMonitor: Lifecycle status change: br.com.catbag.gifreduxsample.ui.GifListActivity@c2928af in: RESUMED
11-24 13:39:14.285  1237  1258 I WindowManager: Destroying surface Surface(name=Starting br.com.catbag.gifreduxsample) called by com.android.server.wm.WindowStateAnimator.destroySurface:2014 com.android.server.wm.WindowStateAnimator.destroySurfaceLocked:881 com.android.server.wm.WindowState.removeLocked:1449 com.android.server.wm.WindowManagerService.removeWindowInnerLocked:2478 com.android.server.wm.AppWindowToken.destroySurfaces:365 com.android.server.wm.WindowStateAnimator.finishExit:565 com.android.server.wm.AppWindowAnimator.stepAnimationLocked:427 com.android.server.wm.WindowAnimator.updateAppWindowsLocked:176 
11-24 13:39:14.344  2245  2250 I art     : Do partial code cache collection, code=54KB, data=61KB
11-24 13:39:14.379  1237  1258 I ActivityManager: Displayed br.com.catbag.gifreduxsample/.ui.GifListActivity: +379ms (total +2s102ms)
11-24 13:39:14.399  2245  2245 W ResourceType: No package identifier when getting name for resource number 0x0000000c
11-24 13:39:14.399  2245  2245 I ViewInteraction: Performing 'single click' action on view with id: 12 (resource name not found)
11-24 13:39:14.425  2245  2250 I art     : After code cache collection, code=53KB, data=60KB
11-24 13:39:14.425  2245  2250 I art     : Increasing code cache capacity to 256KB
11-24 13:39:14.434  1700  1700 W IInputConnectionWrapper: reportFullscreenMode on inexistent InputConnection
11-24 13:39:14.579  2245  2261 I DroidFlux:Dispatcher: [STARTED] dispatch of action [GIF_PLAY]
11-24 13:39:14.581  2245  2261 I DroidFlux:Dispatcher: [COMPLETED] dispatch of action [GIF_PLAY]
11-24 13:39:14.645   984  1038 D AudioFlinger: mixer(0xb0f83e80) throttle end: throttle time(11)
11-24 13:39:14.665   984  1038 D AudioFlinger: mixer(0xb0f83e80) throttle end: throttle time(11)
11-24 13:39:14.684  1237  1258 I WindowManager: Destroying surface Surface(name=Starting br.com.catbag.gifreduxsample) called by com.android.server.wm.WindowStateAnimator.destroySurface:2014 com.android.server.wm.WindowStateAnimator.destroySurfaceLocked:881 com.android.server.wm.WindowState.destroyOrSaveSurface:2073 com.android.server.wm.AppWindowToken.destroySurfaces:363 com.android.server.wm.WindowStateAnimator.finishExit:565 com.android.server.wm.WindowStateAnimator.stepAnimationLocked:491 com.android.server.wm.WindowAnimator.updateWindowsLocked:303 com.android.server.wm.WindowAnimator.animateLocked:704 
11-24 13:39:14.854  1237  1649 I WindowManager: Destroying surface Surface(name=com.android.launcher3/com.android.launcher3.Launcher) called by com.android.server.wm.WindowStateAnimator.destroySurface:2014 com.android.server.wm.WindowStateAnimator.destroySurfaceLocked:881 com.android.server.wm.WindowState.destroyOrSaveSurface:2073 com.android.server.wm.AppWindowToken.destroySurfaces:363 com.android.server.wm.AppWindowToken.notifyAppStopped:389 com.android.server.wm.WindowManagerService.notifyAppStopped:4456 com.android.server.am.ActivityStack.activityStoppedLocked:1252 com.android.server.am.ActivityManagerService.activityStopped:6873 
11-24 13:39:14.877  2245  2245 D LifecycleMonitor: Lifecycle status change: br.com.catbag.gifreduxsample.ui.GifListActivity@5f57fad in: STOPPED
11-24 13:39:14.878  2245  2245 D LifecycleMonitor: Lifecycle status change: br.com.catbag.gifreduxsample.ui.GifListActivity@5f57fad in: DESTROYED
11-24 13:39:14.883  1237  1431 I WindowManager: Destroying surface Surface(name=br.com.catbag.gifreduxsample/br.com.catbag.gifreduxsample.ui.GifListActivity) called by com.android.server.wm.WindowStateAnimator.destroySurface:2014 com.android.server.wm.WindowStateAnimator.destroySurfaceLocked:881 com.android.server.wm.WindowState.removeLocked:1449 com.android.server.wm.WindowManagerService.removeWindowInnerLocked:2478 com.android.server.wm.WindowManagerService.removeWindowLocked:2436 com.android.server.wm.WindowManagerService.removeWindowLocked:2305 com.android.server.wm.WindowManagerService.removeWindow:2300 com.android.server.wm.Session.remove:193 
11-24 13:39:14.899  2245  2245 D LifecycleMonitor: Lifecycle status change: br.com.catbag.gifreduxsample.ui.GifListActivity@73fa4b8 in: STOPPED
11-24 13:39:14.899  2245  2245 D LifecycleMonitor: Lifecycle status change: br.com.catbag.gifreduxsample.ui.GifListActivity@73fa4b8 in: DESTROYED
11-24 13:39:14.903  1237  1353 I WindowManager: Destroying surface Surface(name=br.com.catbag.gifreduxsample/br.com.catbag.gifreduxsample.ui.GifListActivity) called by com.android.server.wm.WindowStateAnimator.destroySurface:2014 com.android.server.wm.WindowStateAnimator.destroySurfaceLocked:881 com.android.server.wm.WindowState.removeLocked:1449 com.android.server.wm.WindowManagerService.removeWindowInnerLocked:2478 com.android.server.wm.WindowManagerService.removeWindowLocked:2436 com.android.server.wm.WindowManagerService.removeWindowLocked:2305 com.android.server.wm.WindowManagerService.removeWindow:2300 com.android.server.wm.Session.remove:193 
11-24 13:39:14.924  2245  2245 D LifecycleMonitor: Lifecycle status change: br.com.catbag.gifreduxsample.ui.GifListActivity@1effb0 in: STOPPED
11-24 13:39:14.924  2245  2245 D LifecycleMonitor: Lifecycle status change: br.com.catbag.gifreduxsample.ui.GifListActivity@1effb0 in: DESTROYED
11-24 13:39:14.932  1237  1430 I WindowManager: Destroying surface Surface(name=br.com.catbag.gifreduxsample/br.com.catbag.gifreduxsample.ui.GifListActivity) called by com.android.server.wm.WindowStateAnimator.destroySurface:2014 com.android.server.wm.WindowStateAnimator.destroySurfaceLocked:881 com.android.server.wm.WindowState.removeLocked:1449 com.android.server.wm.WindowManagerService.removeWindowInnerLocked:2478 com.android.server.wm.WindowManagerService.removeWindowLocked:2436 com.android.server.wm.WindowManagerService.removeWindowLocked:2305 com.android.server.wm.WindowManagerService.removeWindow:2300 com.android.server.wm.Session.remove:193 
11-24 13:39:15.334  2245  2245 W ResourceType: No package identifier when getting name for resource number 0x00000010
11-24 13:39:15.334  2245  2245 I ViewInteraction: Performing 'scroll RecyclerView to position: 2' action on view with id: 16 (resource name not found)
11-24 13:39:15.661  2245  2245 W ResourceType: No package identifier when getting name for resource number 0x00000010
11-24 13:39:15.679  2245  2245 W ResourceType: No package identifier when getting name for resource number 0x00000018
11-24 13:39:15.679  2245  2245 I ViewInteraction: Performing 'single click' action on view with id: 24 (resource name not found)
11-24 13:39:15.763  2245  2261 I DroidFlux:Dispatcher: [STARTED] dispatch of action [GIF_PLAY]
11-24 13:39:15.780  2245  2261 I DroidFlux:Dispatcher: [COMPLETED] dispatch of action [GIF_PLAY]
11-24 13:39:15.786   984  1038 D AudioFlinger: mixer(0xb0f83e80) throttle end: throttle time(10)
11-24 13:39:15.816   984  1038 D AudioFlinger: mixer(0xb0f83e80) throttle end: throttle time(11)
11-24 13:39:16.296  2245  2245 W ResourceType: No package identifier when getting name for resource number 0x0000001c
11-24 13:39:16.297  2245  2245 I ViewInteraction: Performing 'scroll RecyclerView to position: 3' action on view with id: 28 (resource name not found)
11-24 13:39:16.619  2245  2245 W ResourceType: No package identifier when getting name for resource number 0x0000001c
11-24 13:39:16.661  2245  2245 W ResourceType: No package identifier when getting name for resource number 0x00000024
11-24 13:39:16.661  2245  2245 I ViewInteraction: Performing 'single click' action on view with id: 36 (resource name not found)
11-24 13:39:16.735  2245  2261 I DroidFlux:Dispatcher: [STARTED] dispatch of action [GIF_PLAY]
11-24 13:39:16.736  2245  2261 I DroidFlux:Dispatcher: [COMPLETED] dispatch of action [GIF_PLAY]
11-24 13:39:16.772  2245  2256 I art     : Background sticky concurrent mark sweep GC freed 21828(1683KB) AllocSpace objects, 10(208KB) LOS objects, 23% free, 6MB/9MB, paused 14.307ms total 139.988ms
11-24 13:39:16.786   984  1038 D AudioFlinger: mixer(0xb0f83e80) throttle end: throttle time(11)
11-24 13:39:16.817   984  1038 D AudioFlinger: mixer(0xb0f83e80) throttle end: throttle time(1)
11-24 13:39:17.264  1237  1321 E TaskPersister: File error accessing recents directory (directory doesn't exist?).
11-24 13:39:17.312  2245  2245 W ResourceType: No package identifier when getting name for resource number 0x00000028
11-24 13:39:17.312  2245  2245 I ViewInteraction: Performing 'scroll RecyclerView to position: 4' action on view with id: 40 (resource name not found)
11-24 13:39:17.657  2245  2245 W ResourceType: No package identifier when getting name for resource number 0x00000028
11-24 13:39:17.671  2245  2245 W ResourceType: No package identifier when getting name for resource number 0x00000030
11-24 13:39:17.672  2245  2245 I ViewInteraction: Performing 'single click' action on view with id: 48 (resource name not found)
11-24 13:39:17.754  2245  2261 I DroidFlux:Dispatcher: [STARTED] dispatch of action [GIF_PLAY]
11-24 13:39:17.766   984  1038 D AudioFlinger: mixer(0xb0f83e80) throttle end: throttle time(10)
11-24 13:39:17.773  2245  2261 I DroidFlux:Dispatcher: [COMPLETED] dispatch of action [GIF_PLAY]
11-24 13:39:17.796   984  1038 D AudioFlinger: mixer(0xb0f83e80) throttle end: throttle time(11)
11-24 13:39:18.401  2245  2245 W ResourceType: No package identifier when getting name for resource number 0x00000034
11-24 13:39:18.401  2245  2245 I ViewInteraction: Performing 'scroll RecyclerView to position: 5' action on view with id: 52 (resource name not found)
11-24 13:39:18.701  2245  2245 W ResourceType: No package identifier when getting name for resource number 0x00000034
11-24 13:39:18.718  2245  2245 W ResourceType: No package identifier when getting name for resource number 0x0000003c
11-24 13:39:18.719  2245  2245 I ViewInteraction: Performing 'single click' action on view with id: 60 (resource name not found)
11-24 13:39:18.800  2245  2261 I DroidFlux:Dispatcher: [STARTED] dispatch of action [GIF_PLAY]
11-24 13:39:18.802  2245  2261 I DroidFlux:Dispatcher: [COMPLETED] dispatch of action [GIF_PLAY]
11-24 13:39:18.847   984  1038 D AudioFlinger: mixer(0xb0f83e80) throttle end: throttle time(12)
11-24 13:39:18.876   984  1038 D AudioFlinger: mixer(0xb0f83e80) throttle end: throttle time(11)
11-24 13:39:19.477  2245  2245 W ResourceType: No package identifier when getting name for resource number 0x00000040
11-24 13:39:19.477  2245  2245 I ViewInteraction: Performing 'scroll RecyclerView to position: 6' action on view with id: 64 (resource name not found)
11-24 13:39:19.817  2245  2245 W ResourceType: No package identifier when getting name for resource number 0x00000040
11-24 13:39:19.861  2245  2245 W ResourceType: No package identifier when getting name for resource number 0x00000048
11-24 13:39:19.862  2245  2245 I ViewInteraction: Performing 'single click' action on view with id: 72 (resource name not found)
11-24 13:39:19.940  2245  2261 I DroidFlux:Dispatcher: [STARTED] dispatch of action [GIF_PLAY]
11-24 13:39:19.942  2245  2261 I DroidFlux:Dispatcher: [COMPLETED] dispatch of action [GIF_PLAY]
11-24 13:39:19.960  2245  2256 I art     : Background partial concurrent mark sweep GC freed 15961(1352KB) AllocSpace objects, 7(144KB) LOS objects, 33% free, 7MB/11MB, paused 4.751ms total 117.862ms
11-24 13:39:19.976   984  1038 D AudioFlinger: mixer(0xb0f83e80) throttle end: throttle time(10)
11-24 13:39:20.006   984  1038 D AudioFlinger: mixer(0xb0f83e80) throttle end: throttle time(6)
11-24 13:39:20.596  2245  2245 W ResourceType: No package identifier when getting name for resource number 0x0000004c
11-24 13:39:20.596  2245  2245 I ViewInteraction: Performing 'scroll RecyclerView to position: 7' action on view with id: 76 (resource name not found)
11-24 13:39:20.909  2245  2245 W ResourceType: No package identifier when getting name for resource number 0x0000004c
11-24 13:39:20.924  2245  2245 W ResourceType: No package identifier when getting name for resource number 0x00000054
11-24 13:39:20.924  2245  2245 I ViewInteraction: Performing 'single click' action on view with id: 84 (resource name not found)
11-24 13:39:20.986  2245  2261 I DroidFlux:Dispatcher: [STARTED] dispatch of action [GIF_PLAY]
11-24 13:39:20.988  2245  2261 I DroidFlux:Dispatcher: [COMPLETED] dispatch of action [GIF_PLAY]
11-24 13:39:21.008   984  1038 D AudioFlinger: mixer(0xb0f83e80) throttle end: throttle time(10)
11-24 13:39:21.036   984  1038 D AudioFlinger: mixer(0xb0f83e80) throttle end: throttle time(11)
11-24 13:39:21.611  2245  2245 W ResourceType: No package identifier when getting name for resource number 0x00000058
11-24 13:39:21.611  2245  2245 I ViewInteraction: Performing 'scroll RecyclerView to position: 8' action on view with id: 88 (resource name not found)
11-24 13:39:21.920  2245  2245 W ResourceType: No package identifier when getting name for resource number 0x00000058
11-24 13:39:21.942  2245  2245 W ResourceType: No package identifier when getting name for resource number 0x00000060
11-24 13:39:21.942  2245  2245 I ViewInteraction: Performing 'single click' action on view with id: 96 (resource name not found)
11-24 13:39:22.002  2245  2261 I DroidFlux:Dispatcher: [STARTED] dispatch of action [GIF_PLAY]
11-24 13:39:22.003  2245  2261 I DroidFlux:Dispatcher: [COMPLETED] dispatch of action [GIF_PLAY]
11-24 13:39:22.046   984  1038 D AudioFlinger: mixer(0xb0f83e80) throttle end: throttle time(10)
11-24 13:39:22.076   984  1038 D AudioFlinger: mixer(0xb0f83e80) throttle end: throttle time(11)
11-24 13:39:22.628  2245  2245 W ResourceType: No package identifier when getting name for resource number 0x00000064
11-24 13:39:22.628  2245  2245 I ViewInteraction: Performing 'scroll RecyclerView to position: 9' action on view with id: 100 (resource name not found)
11-24 13:39:22.939  2245  2245 W ResourceType: No package identifier when getting name for resource number 0x00000064
11-24 13:39:22.953  2245  2245 W ResourceType: No package identifier when getting name for resource number 0x0000006c
11-24 13:39:22.954  2245  2245 I ViewInteraction: Performing 'single click' action on view with id: 108 (resource name not found)
11-24 13:39:23.018  2245  2261 I DroidFlux:Dispatcher: [STARTED] dispatch of action [GIF_PLAY]
11-24 13:39:23.019  2245  2261 I DroidFlux:Dispatcher: [COMPLETED] dispatch of action [GIF_PLAY]
11-24 13:39:23.066   984  1038 D AudioFlinger: mixer(0xb0f83e80) throttle end: throttle time(11)
11-24 13:39:23.096   984  1038 D AudioFlinger: mixer(0xb0f83e80) throttle end: throttle time(11)
11-24 13:39:23.618  2245  2245 W ResourceType: No package identifier when getting name for resource number 0x00000070
11-24 13:39:23.619  2245  2245 I ViewInteraction: Performing 'scroll RecyclerView to position: 10' action on view with id: 112 (resource name not found)
11-24 13:39:23.919  2245  2245 W ResourceType: No package identifier when getting name for resource number 0x00000070
11-24 13:39:23.947  2245  2245 W ResourceType: No package identifier when getting name for resource number 0x00000078
11-24 13:39:23.947  2245  2245 I ViewInteraction: Performing 'single click' action on view with id: 120 (resource name not found)
11-24 13:39:24.026  2245  2261 I DroidFlux:Dispatcher: [STARTED] dispatch of action [GIF_PLAY]
11-24 13:39:24.027  2245  2261 I DroidFlux:Dispatcher: [COMPLETED] dispatch of action [GIF_PLAY]
11-24 13:39:24.066   984  1038 D AudioFlinger: mixer(0xb0f83e80) throttle end: throttle time(15)
11-24 13:39:24.096   984  1038 D AudioFlinger: mixer(0xb0f83e80) throttle end: throttle time(11)
11-24 13:39:24.616  2245  2245 W ResourceType: No package identifier when getting name for resource number 0x0000007c
11-24 13:39:24.616  2245  2245 I ViewInteraction: Performing 'scroll RecyclerView to position: 11' action on view with id: 124 (resource name not found)
11-24 13:39:24.941  2245  2245 W ResourceType: No package identifier when getting name for resource number 0x0000007c
11-24 13:39:24.954  2245  2245 W ResourceType: No package identifier when getting name for resource number 0x00000084
11-24 13:39:24.954  2245  2245 I ViewInteraction: Performing 'single click' action on view with id: 132 (resource name not found)
11-24 13:39:25.019  2245  2261 I DroidFlux:Dispatcher: [STARTED] dispatch of action [GIF_PLAY]
11-24 13:39:25.020  2245  2261 I DroidFlux:Dispatcher: [COMPLETED] dispatch of action [GIF_PLAY]
11-24 13:39:25.036   984  1038 D AudioFlinger: mixer(0xb0f83e80) throttle end: throttle time(18)
11-24 13:39:25.066   984  1038 D AudioFlinger: mixer(0xb0f83e80) throttle end: throttle time(11)
11-24 13:39:25.674  2245  2245 W ResourceType: No package identifier when getting name for resource number 0x00000088
11-24 13:39:25.674  2245  2245 I ViewInteraction: Performing 'scroll RecyclerView to position: 12' action on view with id: 136 (resource name not found)
11-24 13:39:25.773  2245  2256 I art     : Background sticky concurrent mark sweep GC freed 24242(1953KB) AllocSpace objects, 15(320KB) LOS objects, 19% free, 9MB/11MB, paused 5.685ms total 74.631ms
11-24 13:39:25.780  2245  2250 I art     : Do full code cache collection, code=123KB, data=122KB
11-24 13:39:25.780  2245  2250 I art     : After code cache collection, code=91KB, data=76KB
11-24 13:39:26.032  2245  2245 W ResourceType: No package identifier when getting name for resource number 0x00000088
11-24 13:39:26.053  2245  2245 W ResourceType: No package identifier when getting name for resource number 0x00000090
11-24 13:39:26.053  2245  2245 I ViewInteraction: Performing 'single click' action on view with id: 144 (resource name not found)
11-24 13:39:26.122  2245  2261 I DroidFlux:Dispatcher: [STARTED] dispatch of action [GIF_PLAY]
11-24 13:39:26.124  2245  2261 I DroidFlux:Dispatcher: [COMPLETED] dispatch of action [GIF_PLAY]
11-24 13:39:26.166   984  1038 D AudioFlinger: mixer(0xb0f83e80) throttle end: throttle time(12)
11-24 13:39:26.196   984  1038 D AudioFlinger: mixer(0xb0f83e80) throttle end: throttle time(11)
11-24 13:39:26.713  2245  2245 W ResourceType: No package identifier when getting name for resource number 0x00000094
11-24 13:39:26.714  2245  2245 I ViewInteraction: Performing 'scroll RecyclerView to position: 13' action on view with id: 148 (resource name not found)
11-24 13:39:27.037  2245  2245 W ResourceType: No package identifier when getting name for resource number 0x00000094
11-24 13:39:27.054  2245  2245 W ResourceType: No package identifier when getting name for resource number 0x0000009c
11-24 13:39:27.054  2245  2245 I ViewInteraction: Performing 'single click' action on view with id: 156 (resource name not found)
11-24 13:39:27.113  2245  2261 I DroidFlux:Dispatcher: [STARTED] dispatch of action [GIF_PLAY]
11-24 13:39:27.113  2245  2261 I DroidFlux:Dispatcher: [COMPLETED] dispatch of action [GIF_PLAY]
11-24 13:39:27.136   984  1038 D AudioFlinger: mixer(0xb0f83e80) throttle end: throttle time(13)
11-24 13:39:27.167   984  1038 D AudioFlinger: mixer(0xb0f83e80) throttle end: throttle time(11)
11-24 13:39:27.761  2245  2245 W ResourceType: No package identifier when getting name for resource number 0x000000a0
11-24 13:39:27.762  2245  2245 I ViewInteraction: Performing 'scroll RecyclerView to position: 14' action on view with id: 160 (resource name not found)
11-24 13:39:28.079  2245  2245 W ResourceType: No package identifier when getting name for resource number 0x000000a0
11-24 13:39:28.094  2245  2245 W ResourceType: No package identifier when getting name for resource number 0x000000a8
11-24 13:39:28.103  2245  2245 I ViewInteraction: Performing 'single click' action on view with id: 168 (resource name not found)
11-24 13:39:28.184  2245  2261 I DroidFlux:Dispatcher: [STARTED] dispatch of action [GIF_PLAY]
11-24 13:39:28.203  2245  2261 I DroidFlux:Dispatcher: [COMPLETED] dispatch of action [GIF_PLAY]
11-24 13:39:28.214   984  1038 D AudioFlinger: mixer(0xb0f83e80) throttle end: throttle time(22)
11-24 13:39:28.255   984  1038 D AudioFlinger: mixer(0xb0f83e80) throttle end: throttle time(6)
11-24 13:39:28.740  2245  2245 W ResourceType: No package identifier when getting name for resource number 0x000000ac
11-24 13:39:28.740  2245  2245 I ViewInteraction: Performing 'scroll RecyclerView to position: 15' action on view with id: 172 (resource name not found)
11-24 13:39:29.056  2245  2245 W ResourceType: No package identifier when getting name for resource number 0x000000ac
11-24 13:39:29.087  2245  2245 W ResourceType: No package identifier when getting name for resource number 0x000000b4
11-24 13:39:29.087  2245  2245 I ViewInteraction: Performing 'single click' action on view with id: 180 (resource name not found)
11-24 13:39:29.166  2245  2261 I DroidFlux:Dispatcher: [STARTED] dispatch of action [GIF_PLAY]
11-24 13:39:29.168  2245  2261 I DroidFlux:Dispatcher: [COMPLETED] dispatch of action [GIF_PLAY]
11-24 13:39:29.194  2245  2256 I art     : Background sticky concurrent mark sweep GC freed 16630(1446KB) AllocSpace objects, 12(256KB) LOS objects, 12% free, 10MB/11MB, paused 12.449ms total 142.456ms
11-24 13:39:29.216   984  1038 D AudioFlinger: mixer(0xb0f83e80) throttle end: throttle time(11)
11-24 13:39:29.246   984  1038 D AudioFlinger: mixer(0xb0f83e80) throttle end: throttle time(4)
11-24 13:39:29.787  2245  2245 W ResourceType: No package identifier when getting name for resource number 0x000000b8
11-24 13:39:29.787  2245  2245 I ViewInteraction: Performing 'scroll RecyclerView to position: 16' action on view with id: 184 (resource name not found)
11-24 13:39:30.114  2245  2245 W ResourceType: No package identifier when getting name for resource number 0x000000b8
11-24 13:39:30.127  2245  2245 W ResourceType: No package identifier when getting name for resource number 0x000000c0
11-24 13:39:30.127  2245  2245 I ViewInteraction: Performing 'single click' action on view with id: 192 (resource name not found)
11-24 13:39:30.193  2245  2261 I DroidFlux:Dispatcher: [STARTED] dispatch of action [GIF_PLAY]
11-24 13:39:30.205  2245  2261 I DroidFlux:Dispatcher: [COMPLETED] dispatch of action [GIF_PLAY]
11-24 13:39:30.217   984  1038 D AudioFlinger: mixer(0xb0f83e80) throttle end: throttle time(11)
11-24 13:39:30.246   984  1038 D AudioFlinger: mixer(0xb0f83e80) throttle end: throttle time(11)
11-24 13:39:30.798  2245  2245 W ResourceType: No package identifier when getting name for resource number 0x000000c4
11-24 13:39:30.798  2245  2245 I ViewInteraction: Performing 'scroll RecyclerView to position: 17' action on view with id: 196 (resource name not found)
11-24 13:39:31.113  2245  2245 W ResourceType: No package identifier when getting name for resource number 0x000000c4
11-24 13:39:31.166  2245  2245 W ResourceType: No package identifier when getting name for resource number 0x000000cc
11-24 13:39:31.166  2245  2245 I ViewInteraction: Performing 'single click' action on view with id: 204 (resource name not found)
11-24 13:39:31.207  2245  2256 I art     : Background partial concurrent mark sweep GC freed 14425(1051KB) AllocSpace objects, 14(2MB) LOS objects, 31% free, 8MB/12MB, paused 6.879ms total 79.220ms
11-24 13:39:31.236  2245  2261 I DroidFlux:Dispatcher: [STARTED] dispatch of action [GIF_PLAY]
11-24 13:39:31.237  2245  2261 I DroidFlux:Dispatcher: [COMPLETED] dispatch of action [GIF_PLAY]
11-24 13:39:31.275   984  1038 D AudioFlinger: mixer(0xb0f83e80) throttle end: throttle time(21)
11-24 13:39:31.295   984  1038 D AudioFlinger: mixer(0xb0f83e80) throttle end: throttle time(11)
11-24 13:39:31.784  2245  2245 W ResourceType: No package identifier when getting name for resource number 0x000000d0
11-24 13:39:31.797  2245  2245 I ViewInteraction: Performing 'scroll RecyclerView to position: 18' action on view with id: 208 (resource name not found)
11-24 13:39:32.147  2245  2245 W ResourceType: No package identifier when getting name for resource number 0x000000d0
11-24 13:39:32.166  2245  2245 W ResourceType: No package identifier when getting name for resource number 0x000000d8
11-24 13:39:32.166  2245  2245 I ViewInteraction: Performing 'single click' action on view with id: 216 (resource name not found)
11-24 13:39:32.228  2245  2261 I DroidFlux:Dispatcher: [STARTED] dispatch of action [GIF_PLAY]
11-24 13:39:32.230  2245  2261 I DroidFlux:Dispatcher: [COMPLETED] dispatch of action [GIF_PLAY]
11-24 13:39:32.245   984  1038 D AudioFlinger: mixer(0xb0f83e80) throttle end: throttle time(9)
11-24 13:39:32.272   984  1038 D AudioFlinger: mixer(0xb0f83e80) throttle end: throttle time(10)
11-24 13:39:32.882  2245  2245 W ResourceType: No package identifier when getting name for resource number 0x000000e3
11-24 13:39:32.882  2245  2245 I ViewInteraction: Performing 'single click' action on view with id: 227 (resource name not found)
11-24 13:39:32.959  2245  2261 I DroidFlux:Dispatcher: [STARTED] dispatch of action [GIF_PAUSE]
11-24 13:39:32.960  2245  2261 I DroidFlux:Dispatcher: [COMPLETED] dispatch of action [GIF_PAUSE]
11-24 13:39:32.976   984  1038 D AudioFlinger: mixer(0xb0f83e80) throttle end: throttle time(9)
11-24 13:39:33.006   984  1038 D AudioFlinger: mixer(0xb0f83e80) throttle end: throttle time(11)
11-24 13:39:33.613  2245  2245 D LifecycleMonitor: Lifecycle status change: br.com.catbag.gifreduxsample.ui.GifListActivity@c2928af in: PAUSED
11-24 13:39:33.647  2245  2260 I TestRunner: finished: whenListKeepOrderedAfterPlayTest(br.com.catbag.gifreduxsample.ui.giflist.GifListActivityTest)
11-24 13:39:33.711   977   977 D gralloc : Registering a buffer in the process that created it. This may cause memory ordering problems.
11-24 13:39:33.712   977   977 E libEGL  : called unimplemented OpenGL ES API
11-24 13:39:33.712   977   977 E SurfaceFlinger: glCheckFramebufferStatusOES error 103200334
11-24 13:39:33.712   977   977 E SurfaceFlinger: got GL_FRAMEBUFFER_COMPLETE_OES error while taking screenshot
11-24 13:39:33.721  1237  1430 W WindowManager: Screenshot failure taking screenshot for (480x800) to layer 21005
11-24 13:39:33.731  2245  2245 I MonitoringInstrumentation: Activities that are still in CREATED to STOPPED: 1
11-24 13:39:33.733  2245  2260 I TestRunner: started: whenGifIsWatchedTest(br.com.catbag.gifreduxsample.ui.giflist.GifListActivityTest)
11-24 13:39:33.807  2245  2245 I MonitoringInstrumentation: Activities that are still in CREATED to STOPPED: 1
11-24 13:39:33.859  2245  2261 I DroidFlux:Dispatcher: [STARTED] dispatch of action [FAKE_REDUCE_ACTION]
11-24 13:39:33.860  2245  2261 I DroidFlux:Dispatcher: [COMPLETED] dispatch of action [FAKE_REDUCE_ACTION]
11-24 13:39:33.904  2245  2290 D ActivityTestRule: Launching activity br.com.catbag.gifreduxsample.ui.GifListActivity
11-24 13:39:33.938  2245  2291 D MonitoringInstrumentation: execStartActivity(context, ibinder, ibinder, activity, intent, int, bundle
11-24 13:39:33.940  1237  1249 I ActivityManager: START u0 {flg=0x10000000 cmp=br.com.catbag.gifreduxsample/.ui.GifListActivity} from uid 10060 on display 0
11-24 13:39:33.969  1700  1700 I Choreographer: Skipped 38 frames!  The application may be doing too much work on its main thread.
11-24 13:39:34.088  2245  2245 D LifecycleMonitor: Lifecycle status change: br.com.catbag.gifreduxsample.ui.GifListActivity@8d4d1e5 in: PRE_ON_CREATE
11-24 13:39:34.098  2245  2245 D LifecycleMonitor: Lifecycle status change: br.com.catbag.gifreduxsample.ui.GifListActivity@8d4d1e5 in: CREATED
11-24 13:39:34.099  2245  2261 I DroidFlux:Dispatcher: [STARTED] dispatch of action [APP_STATE_LOAD]
11-24 13:39:34.099  2245  2261 D DroidFlux:Dispatcher: An action of type [APP_STATE_LOAD] was dispatched, but no reducer handled it
11-24 13:39:34.100  2245  2261 I DroidFlux:Dispatcher: [COMPLETED] dispatch of action [APP_STATE_LOAD]
11-24 13:39:34.100  2245  2245 D LifecycleMonitor: Lifecycle status change: br.com.catbag.gifreduxsample.ui.GifListActivity@8d4d1e5 in: STARTED
11-24 13:39:34.102  2245  2245 D LifecycleMonitor: Lifecycle status change: br.com.catbag.gifreduxsample.ui.GifListActivity@8d4d1e5 in: RESUMED
11-24 13:39:34.124  1237  1258 I Choreographer: Skipped 30 frames!  The application may be doing too much work on its main thread.
11-24 13:39:34.257  2245  2245 I Choreographer: Skipped 39 frames!  The application may be doing too much work on its main thread.
11-24 13:39:34.296  2245  2245 E Feed    : Gif{uuid=99256c44-db03-431d-9393-870e746875bc, path=, url=, title=, watched=true, status=DOWNLOADED}
11-24 13:39:34.296  2245  2245 E Feed    : pl.droidsonroids.gif.GifIOException: GifError 101: Failed to open given input
11-24 13:39:34.296  2245  2245 E Feed    : 	at pl.droidsonroids.gif.GifInfoHandle.openFile(Native Method)
11-24 13:39:34.296  2245  2245 E Feed    : 	at pl.droidsonroids.gif.GifInfoHandle.<init>(GifInfoHandle.java:46)
11-24 13:39:34.296  2245  2245 E Feed    : 	at pl.droidsonroids.gif.GifDrawable.<init>(GifDrawable.java:124)
11-24 13:39:34.296  2245  2245 E Feed    : 	at br.com.catbag.gifreduxsample.ui.components.FeedComponent.createDrawable(FeedComponent.java:104)
11-24 13:39:34.296  2245  2245 E Feed    : 	at br.com.catbag.gifreduxsample.ui.components.FeedComponent.lambda$renderGifView$2(FeedComponent.java:90)
11-24 13:39:34.296  2245  2245 E Feed    : 	at br.com.catbag.gifreduxsample.ui.components.FeedComponent$$Lambda$2.view(Unknown Source)
11-24 13:39:34.296  2245  2245 E Feed    : 	at trikita.anvil.BaseDSL.v(BaseDSL.java:670)
11-24 13:39:34.296  2245  2245 E Feed    : 	at br.com.catbag.gifreduxsample.ui.components.FeedComponent.renderGifView(FeedComponent.java:88)
11-24 13:39:34.296  2245  2245 E Feed    : 	at br.com.catbag.gifreduxsample.ui.components.FeedComponent.lambda$null$0(FeedComponent.java:55)
11-24 13:39:34.296  2245  2245 E Feed    : 	at br.com.catbag.gifreduxsample.ui.components.FeedComponent$$Lambda$3.view(Unknown Source)
11-24 13:39:34.296  2245  2245 E Feed    : 	at br.com.catbag.gifreduxsample.ui.components.GifsAdapter.view(GifsAdapter.java:55)
11-24 13:39:34.296  2245  2245 E Feed    : 	at trikita.anvil.RenderableRecyclerViewAdapter$1.view(RenderableRecyclerViewAdapter.java:24)
11-24 13:39:34.296  2245  2245 E Feed    : 	at trikita.anvil.Anvil$Mount.render(Anvil.java:204)
11-24 13:39:34.296  2245  2245 E Feed    : 	at trikita.anvil.Anvil.render(Anvil.java:173)
11-24 13:39:34.296  2245  2245 E Feed    : 	at trikita.anvil.RenderableRecyclerViewAdapter.onBindViewHolder(RenderableRecyclerViewAdapter.java:27)
11-24 13:39:34.296  2245  2245 E Feed    : 	at trikita.anvil.RenderableRecyclerViewAdapter.onBindViewHolder(RenderableRecyclerViewAdapter.java:7)
11-24 13:39:34.296  2245  2245 E Feed    : 	at android.support.v7.widget.RecyclerView$Adapter.onBindViewHolder(RecyclerView.java:5768)
11-24 13:39:34.296  2245  2245 E Feed    : 	at android.support.v7.widget.RecyclerView$Adapter.bindViewHolder(RecyclerView.java:5801)
11-24 13:39:34.296  2245  2245 E Feed    : 	at android.support.v7.widget.RecyclerView$Recycler.getViewForPosition(RecyclerView.java:5037)
11-24 13:39:34.296  2245  2245 E Feed    : 	at android.support.v7.widget.RecyclerView$Recycler.getViewForPosition(RecyclerView.java:4913)
11-24 13:39:34.296  2245  2245 E Feed    : 	at android.support.v7.widget.LinearLayoutManager$LayoutState.next(LinearLayoutManager.java:2029)
11-24 13:39:34.296  2245  2245 E Feed    : 	at android.support.v7.widget.LinearLayoutManager.layoutChunk(LinearLayoutManager.java:1414)
11-24 13:39:34.296  2245  2245 E Feed    : 	at android.support.v7.widget.LinearLayoutManager.fill(LinearLayoutManager.java:1377)
11-24 13:39:34.296  2245  2245 E Feed    : 	at android.support.v7.widget.LinearLayoutManager.onLayoutChildren(LinearLayoutManager.java:578)
11-24 13:39:34.296  2245  2245 E Feed    : 	at android.support.v7.widget.RecyclerView.dispatchLayoutStep2(RecyclerView.java:3260)
11-24 13:39:34.296  2245  2245 E Feed    : 	at android.support.v7.widget.RecyclerView.dispatchLayout(RecyclerView.java:3069)
11-24 13:39:34.296  2245  2245 E Feed    : 	at android.support.v7.widget.RecyclerView.onLayout(RecyclerView.java:3518)
11-24 13:39:34.296  2245  2245 E Feed    : 	at android.view.View.layout(View.java:17520)
11-24 13:39:34.296  2245  2245 E Feed    : 	at android.view.ViewGroup.layout(ViewGroup.java:5612)
11-24 13:39:34.296  2245  2245 E Feed    : 	at android.widget.FrameLayout.layoutChildren(FrameLayout.java:323)
11-24 13:39:34.296  2245  2245 E Feed    : 	at android.widget.FrameLayout.onLayout(FrameLayout.java:261)
11-24 13:39:34.296  2245  2245 E Feed    : 	at android.view.View.layout(View.java:17520)
11-24 13:39:34.296  2245  2245 E Feed    : 	at android.view.ViewGroup.layout(ViewGroup.java:5612)
11-24 13:39:34.296  2245  2245 E Feed    : 	at android.widget.RelativeLayout.onLayout(RelativeLayout.java:1079)
11-24 13:39:34.296  2245  2245 E Feed    : 	at android.view.View.layout(View.java:17520)
11-24 13:39:34.296  2245  2245 E Feed    : 	at android.view.ViewGroup.layout(ViewGroup.java:5612)
11-24 13:39:34.296  2245  2245 E Feed    : 	at android.widget.FrameLayout.layoutChildren(FrameLayout.java:323)
11-24 13:39:34.296  2245  2245 E Feed    : 	at android.widget.FrameLayout.onLayout(FrameLayout.java:261)
11-24 13:39:34.296  2245  2245 E Feed    : 	at android.view.View.layout(View.java:17520)
11-24 13:39:34.296  2245  2245 E Feed    : 	at android.view.ViewGroup.layout(ViewGroup.java:5612)
11-24 13:39:34.296  2245  2245 E Feed    : 	at android.support.v7.widget.ActionBarOverlayLayout.onLayout(ActionBarOverlayLayout.java:435)
11-24 13:39:34.296  2245  2245 E Feed    : 	at android.view.View.layout(View.java:17520)
11-24 13:39:34.296  2245  2245 E Feed    : 	at android.view.ViewGroup.layout(ViewGroup.java:5612)
11-24 13:39:34.296  2245  2245 E Feed    : 	at android.widget.FrameLayout.layoutChildren(FrameLayout.java:323)
11-24 13:39:34.296  2245  2245 E Feed    : 	at android.widget.FrameLayout.onLayout(FrameLayout.java:261)
11-24 13:39:34.296  2245  2245 E Feed    : 	at android.view.View.layout(View.java:17520)
11-24 13:39:34.296  2245  2245 E Feed    : 	at android.view.ViewGroup.layout(ViewGroup.java:5612)
11-24 13:39:34.296  2245  2245 E Feed    : 	at android.widget.LinearLayout.setChildFrame(LinearLayout.java:1741)
11-24 13:39:34.296  2245  2245 E Feed    : 	at android.widget.LinearLayout.layoutVertical(LinearLayout.java:1585)
11-24 13:39:34.296  2245  2245 E Feed    : 	at android.widget.LinearLayout.onLayout(LinearLayout.java:1494)
11-24 13:39:34.296  2245  2245 E Feed    : 	at android.view.View.layout(View.java:17520)
11-24 13:39:34.296  2245  2245 E Feed    : 	at android.view.ViewGroup.layout(ViewGroup.java:5612)
11-24 13:39:34.296  2245  2245 E Feed    : 	at android.widget.FrameLayout.layoutChildren(FrameLayout.java:323)
11-24 13:39:34.296  2245  2245 E Feed    : 	at android.widget.FrameLayout.onLayout(FrameLayout.java:261)
11-24 13:39:34.296  2245  2245 E Feed    : 	at com.android.internal.policy.DecorView.onLayout(DecorView.java:724)
11-24 13:39:34.296  2245  2245 E Feed    : 	at android.view.View.layout(View.java:17520)
11-24 13:39:34.296  2245  2245 E Feed    : 	at android.view.ViewGroup.layout(ViewGroup.java:5612)
11-24 13:39:34.296  2245  2245 E Feed    : 	at android.view.ViewRootImpl.performLayout(ViewRootImpl.java:2342)
11-24 13:39:34.296  2245  2245 E Feed    : 	at android.view.ViewRootImpl.performTraversals(ViewRootImpl.java:2069)
11-24 13:39:34.296  2245  2245 E Feed    : 	at android.view.ViewRootImpl.doTraversal(ViewRootImpl.java:1246)
11-24 13:39:34.296  2245  2245 E Feed    : 	at android.view.ViewRootImpl$TraversalRunnable.run(ViewRootImpl.java:6301)
11-24 13:39:34.296  2245  2245 E Feed    : 	at android.view.Choreographer$CallbackRecord.run(Choreographer.java:871)
11-24 13:39:34.296  2245  2245 E Feed    : 	at android.view.Choreographer.doCallbacks(Choreographer.java:683)
11-24 13:39:34.296  2245  2245 E Feed    : 	at android.view.Choreographer.doFrame(Choreographer.java:619)
11-24 13:39:34.296  2245  2245 E Feed    : 	at android.view.Choreographer$FrameDisplayEventReceiver.run(Choreographer.java:857)
11-24 13:39:34.296  2245  2245 E Feed    : 	at android.os.Handler.handleCallback(Handler.java:751)
11-24 13:39:34.296  2245  2245 E Feed    : 	at android.os.Handler.dispatchMessage(Handler.java:95)
11-24 13:39:34.296  2245  2245 E Feed    : 	at android.os.Looper.loop(Looper.java:154)
11-24 13:39:34.296  2245  2245 E Feed    : 	at android.app.ActivityThread.main(ActivityThread.java:6077)
11-24 13:39:34.296  2245  2245 E Feed    : 	at java.lang.reflect.Method.invoke(Native Method)
11-24 13:39:34.296  2245  2245 E Feed    : 	at com.android.internal.os.ZygoteInit$MethodAndArgsCaller.run(ZygoteInit.java:865)
11-24 13:39:34.296  2245  2245 E Feed    : 	at com.android.internal.os.ZygoteInit.main(ZygoteInit.java:755)
11-24 13:39:34.368  1237  1258 I ActivityManager: Displayed br.com.catbag.gifreduxsample/.ui.GifListActivity: +335ms
11-24 13:39:34.488  2245  2260 I TestRunner: finished: whenGifIsWatchedTest(br.com.catbag.gifreduxsample.ui.giflist.GifListActivityTest)
11-24 13:39:34.564  2245  2245 D LifecycleMonitor: Lifecycle status change: br.com.catbag.gifreduxsample.ui.GifListActivity@8d4d1e5 in: PAUSED
