--------- beginning of main
11-24 15:26:22.695  2118  2118 D AndroidRuntime: >>>>>> START com.android.internal.os.RuntimeInit uid 2000 <<<<<<
11-24 15:26:22.738  2118  2118 D AndroidRuntime: CheckJNI is ON
11-24 15:26:23.015  2118  2118 W art     : Unexpected CPU variant for X86 using defaults: x86
11-24 15:26:23.132  2118  2118 D ICU     : No timezone override file found: /data/misc/zoneinfo/current/icu/icu_tzdata.dat
11-24 15:26:23.367  2118  2118 E memtrack: Couldn't load memtrack module (No such file or directory)
11-24 15:26:23.367  2118  2118 E android.os.Debug: failed to load memtrack module: -2
11-24 15:26:23.387  2118  2118 I Radio-JNI: register_android_hardware_Radio DONE
11-24 15:26:23.513  2118  2118 D AndroidRuntime: Calling main entry com.android.commands.am.Am
11-24 15:26:23.555  2118  2118 D AndroidRuntime: Shutting down VM
11-24 15:26:23.929  2128  2128 D AndroidRuntime: >>>>>> START com.android.internal.os.RuntimeInit uid 2000 <<<<<<
11-24 15:26:23.938  2128  2128 D AndroidRuntime: CheckJNI is ON
11-24 15:26:23.982  2128  2128 W art     : Unexpected CPU variant for X86 using defaults: x86
11-24 15:26:24.004  2128  2128 D ICU     : No timezone override file found: /data/misc/zoneinfo/current/icu/icu_tzdata.dat
11-24 15:26:24.039  2128  2128 E memtrack: Couldn't load memtrack module (No such file or directory)
11-24 15:26:24.039  2128  2128 E android.os.Debug: failed to load memtrack module: -2
11-24 15:26:24.049  2128  2128 I Radio-JNI: register_android_hardware_Radio DONE
11-24 15:26:24.068  2128  2128 D AndroidRuntime: Calling main entry com.android.commands.pm.Pm
11-24 15:26:24.182  2128  2128 I art     : System.exit called, status: 0
11-24 15:26:24.183  2128  2128 I AndroidRuntime: VM exiting with result code 0.
11-24 15:26:24.901  2139  2139 D AndroidRuntime: >>>>>> START com.android.internal.os.RuntimeInit uid 2000 <<<<<<
11-24 15:26:24.903  2139  2139 D AndroidRuntime: CheckJNI is ON
11-24 15:26:24.958  2139  2139 W art     : Unexpected CPU variant for X86 using defaults: x86
11-24 15:26:24.966  2139  2139 D ICU     : No timezone override file found: /data/misc/zoneinfo/current/icu/icu_tzdata.dat
11-24 15:26:24.999  2139  2139 E memtrack: Couldn't load memtrack module (No such file or directory)
11-24 15:26:24.999  2139  2139 E android.os.Debug: failed to load memtrack module: -2
11-24 15:26:25.000  2139  2139 I Radio-JNI: register_android_hardware_Radio DONE
11-24 15:26:25.023  2139  2139 D AndroidRuntime: Calling main entry com.android.commands.pm.Pm
11-24 15:26:25.072   990   990 I         : free_cache(7064515) avail 512557056
11-24 15:26:27.527  1237  1298 D SntpClient: round trip: 34ms, clock offset: 3046ms
11-24 15:26:35.758  2139  2139 I art     : System.exit called, status: 0
11-24 15:26:35.759  2139  2139 I AndroidRuntime: VM exiting with result code 0.
11-24 15:26:36.112  2152  2152 D AndroidRuntime: >>>>>> START com.android.internal.os.RuntimeInit uid 2000 <<<<<<
11-24 15:26:36.115  2152  2152 D AndroidRuntime: CheckJNI is ON
11-24 15:26:36.161  2152  2152 W art     : Unexpected CPU variant for X86 using defaults: x86
11-24 15:26:36.183  2152  2152 D ICU     : No timezone override file found: /data/misc/zoneinfo/current/icu/icu_tzdata.dat
11-24 15:26:36.214  2152  2152 E memtrack: Couldn't load memtrack module (No such file or directory)
11-24 15:26:36.214  2152  2152 E android.os.Debug: failed to load memtrack module: -2
11-24 15:26:36.215  2152  2152 I Radio-JNI: register_android_hardware_Radio DONE
11-24 15:26:36.237  2152  2152 D AndroidRuntime: Calling main entry com.android.commands.pm.Pm
11-24 15:26:36.642  1237  1683 W art     : Long monitor contention with owner PackageInstaller (1265) at android.content.pm.PackageParser$ApkLite android.content.pm.PackageParser.parseApkLite(java.io.File, int)(PackageParser.java:1304) waiters=0 in android.content.pm.PackageInstaller$SessionInfo com.android.server.pm.PackageInstallerSession.generateInfo() for 349ms
11-24 15:26:36.775  2162  2162 W art     : Unexpected CPU variant for X86 using defaults: x86
--------- beginning of system
11-24 15:26:36.789  1237  1264 W ActivityManager: Slow operation: 120ms so far, now at startProcess: returned from zygote!
11-24 15:26:36.790  1237  1264 W ActivityManager: Slow operation: 121ms so far, now at startProcess: done updating battery stats
11-24 15:26:36.793  1237  1264 W ActivityManager: Slow operation: 124ms so far, now at startProcess: building log message
11-24 15:26:36.793  1237  1264 I ActivityManager: Start proc 2162:com.android.defcontainer/u0a5 for service com.android.defcontainer/.DefaultContainerService
11-24 15:26:36.794  1237  1264 W ActivityManager: Slow operation: 125ms so far, now at startProcess: starting to update pids map
11-24 15:26:36.794  1237  1264 W ActivityManager: Slow operation: 126ms so far, now at startProcess: done updating pids map
11-24 15:26:36.795  1237  1264 W ActivityManager: Slow operation: 135ms so far, now at startProcess: done starting proc!
11-24 15:26:36.798  1237  1252 W art     : Long monitor contention with owner PackageManager (1264) at int com.android.server.am.ActivityManagerService.bindService(android.app.IApplicationThread, android.os.IBinder, android.content.Intent, java.lang.String, android.app.IServiceConnection, int, java.lang.String, int)(ActivityManagerService.java:17045) waiters=0 in void com.android.server.am.ActivityManagerService.dispatchUidsChanged() for 127ms
11-24 15:26:37.153  1237  1264 I PackageManager.DexOptimizer: Running dexopt (dex2oat) on: /data/app/vmdl187120791.tmp/base.apk pkg=br.com.catbag.gifreduxsample isa=x86 vmSafeMode=false debuggable=true target-filter=interpret-only oatDir = /data/app/vmdl187120791.tmp/oat sharedLibraries=null
11-24 15:26:37.215  2177  2177 W dex2oat : Unexpected CPU variant for X86 using defaults: x86
11-24 15:26:37.216  2177  2177 W dex2oat : Mismatch between dex2oat instruction set features (ISA: X86 Feature string: smp,-ssse3,-sse4.1,-sse4.2,-avx,-avx2,-lock_add,-popcnt) and those of dex2oat executable (ISA: X86 Feature string: smp,ssse3,-sse4.1,-sse4.2,-avx,-avx2,-lock_add,-popcnt) for the command line:
11-24 15:26:37.216  2177  2177 W dex2oat : /system/bin/dex2oat --zip-fd=6 --zip-location=base.apk --oat-fd=7 --oat-location=/data/app/vmdl187120791.tmp/oat/x86/base.odex --instruction-set=x86 --instruction-set-variant=x86 --instruction-set-features=default --runtime-arg -Xms64m --runtime-arg -Xmx512m --compiler-filter=interpret-only --swap-fd=9 --debuggable
11-24 15:26:37.218  2177  2177 I dex2oat : /system/bin/dex2oat --compiler-filter=interpret-only --debuggable
11-24 15:26:40.498  2177  2177 W dex2oat : Before Android 4.1, method android.graphics.PorterDuffColorFilter android.support.graphics.drawable.VectorDrawableCompat.updateTintFilter(android.graphics.PorterDuffColorFilter, android.content.res.ColorStateList, android.graphics.PorterDuff$Mode) would have incorrectly overridden the package-private method in android.graphics.drawable.Drawable
11-24 15:26:40.596  2177  2177 W dex2oat : Before Android 4.1, method int android.support.v7.widget.ListViewCompat.lookForSelectablePosition(int, boolean) would have incorrectly overridden the package-private method in android.widget.ListView
11-24 15:26:57.090  2177  2177 W dex2oat : Verification of void org.immutables.value.internal.$processor$.meta.$StyleMirror.<init>(javax.lang.model.element.AnnotationMirror) took 107.539ms
11-24 15:27:22.185  2177  2177 W dex2oat : Compilation of void com.fasterxml.jackson.core.filter.FilteringGeneratorDelegate.writeNumber(java.math.BigInteger) took 166.210ms
11-24 15:27:27.175  2177  2177 W dex2oat : Compilation of com.google.common.hash.Hasher com.google.common.hash.AbstractCompositeHashFunction$1.putBytes(byte[], int, int) took 141.092ms
11-24 15:27:31.676  1237  1250 I GnssLocationProvider: WakeLock acquired by handleInjectNtpTime()
11-24 15:27:31.695  1237  2183 I GnssLocationProvider: WakeLock acquired by sendMessage(10, 0, null)
11-24 15:27:31.697  1237  1250 I GnssLocationProvider: WakeLock released by handleMessage(10, 0, null)
11-24 15:27:31.700  1237  2183 I GnssLocationProvider: WakeLock released by handleInjectNtpTime()
11-24 15:27:32.205  2177  2177 W dex2oat : Compilation of void org.jacoco.agent.rt.internal_e6e56f0.asm.commons.AnalyzerAdapter.set(int, java.lang.Object) took 151.837ms
11-24 15:27:34.883  2177  2177 I dex2oat : dex2oat took 57.671s (threads: 1) arena alloc=1402KB (1436528B) java alloc=7MB (8050336B) native alloc=13MB (14282816B) free=3MB (3149760B)
11-24 15:27:35.172  1237  1264 W PackageManager: Not granting permission android.permission.SET_DEBUG_APP to package br.com.catbag.gifreduxsample (protectionLevel=50 flags=0x3848be46)
11-24 15:27:35.324  1237  1264 V BackupManagerService: restoreAtInstall pkg=br.com.catbag.gifreduxsample token=1 restoreSet=0
11-24 15:27:35.326  1237  1264 W BackupManagerService: Requested unavailable transport: android/com.android.internal.backup.LocalTransport
11-24 15:27:35.326  1237  1264 W BackupManagerService: No transport
11-24 15:27:35.327  1237  1264 V BackupManagerService: Finishing install immediately
11-24 15:27:35.377  1237  1264 I art     : Starting a blocking GC Explicit
11-24 15:27:35.753  1237  1264 I art     : Explicit concurrent mark sweep GC freed 32243(2MB) AllocSpace objects, 14(448KB) LOS objects, 33% free, 6MB/10MB, paused 5.947ms total 347.779ms
11-24 15:27:35.762   990   990 E         : Couldn't opendir /data/app/vmdl187120791.tmp: No such file or directory
11-24 15:27:35.903  2152  2152 I art     : System.exit called, status: 0
11-24 15:27:35.904  2152  2152 I AndroidRuntime: VM exiting with result code 0.
11-24 15:27:35.930  1237  1278 I InputReader: Reconfiguring input devices.  changes=0x00000010
11-24 15:27:36.080  1455  1455 D CarrierSvcBindHelper: No carrier app for: 0
11-24 15:27:36.116  1455  1455 D CarrierConfigLoader: mHandler: 9 phoneId: 0
11-24 15:27:36.428  1237  1250 W VoiceInteractionManagerService: no available voice recognition services found for user 0
11-24 15:27:36.429  1237  1250 W LocationProviderProxy-network: Odd, no component found for service com.android.location.service.v3.NetworkLocationProvider
11-24 15:27:36.430  1237  1250 W GeocoderProxy: Odd, no component found for service com.android.location.service.GeocodeProvider
11-24 15:27:36.430  1237  1250 W GeofenceProxy: Odd, no component found for service com.android.location.service.GeofenceProvider
11-24 15:27:36.431  1237  1250 W ActivityRecognitionProxy: Odd, no component found for service com.android.location.service.ActivityRecognitionProvider
11-24 15:27:36.835  2185  2185 D AndroidRuntime: >>>>>> START com.android.internal.os.RuntimeInit uid 2000 <<<<<<
11-24 15:27:36.838  2185  2185 D AndroidRuntime: CheckJNI is ON
11-24 15:27:36.918  2185  2185 W art     : Unexpected CPU variant for X86 using defaults: x86
11-24 15:27:36.925  2185  2185 D ICU     : No timezone override file found: /data/misc/zoneinfo/current/icu/icu_tzdata.dat
11-24 15:27:36.953  2185  2185 E memtrack: Couldn't load memtrack module (No such file or directory)
11-24 15:27:36.953  2185  2185 E android.os.Debug: failed to load memtrack module: -2
11-24 15:27:36.954  2185  2185 I Radio-JNI: register_android_hardware_Radio DONE
11-24 15:27:36.971  2185  2185 D AndroidRuntime: Calling main entry com.android.commands.pm.Pm
11-24 15:27:37.003  2185  2185 I art     : System.exit called, status: 0
11-24 15:27:37.003  2185  2185 I AndroidRuntime: VM exiting with result code 0.
11-24 15:27:37.537  2202  2202 D AndroidRuntime: >>>>>> START com.android.internal.os.RuntimeInit uid 2000 <<<<<<
11-24 15:27:37.539  2202  2202 D AndroidRuntime: CheckJNI is ON
11-24 15:27:37.585  2202  2202 W art     : Unexpected CPU variant for X86 using defaults: x86
11-24 15:27:37.589  2202  2202 D ICU     : No timezone override file found: /data/misc/zoneinfo/current/icu/icu_tzdata.dat
11-24 15:27:37.643  2202  2202 E memtrack: Couldn't load memtrack module (No such file or directory)
11-24 15:27:37.643  2202  2202 E android.os.Debug: failed to load memtrack module: -2
11-24 15:27:37.644  2202  2202 I Radio-JNI: register_android_hardware_Radio DONE
11-24 15:27:37.661  2202  2202 D AndroidRuntime: Calling main entry com.android.commands.pm.Pm
11-24 15:27:37.685   990   990 I         : free_cache(2038439) avail 492617728
11-24 15:27:38.665  2215  2215 W art     : Unexpected CPU variant for X86 using defaults: x86
11-24 15:27:38.669  1237  1781 W ActivityManager: Slow operation: 53ms so far, now at startProcess: returned from zygote!
11-24 15:27:38.669  1237  1781 W ActivityManager: Slow operation: 53ms so far, now at startProcess: done updating battery stats
11-24 15:27:38.670  1237  1781 W ActivityManager: Slow operation: 54ms so far, now at startProcess: building log message
11-24 15:27:38.670  1237  1781 I ActivityManager: Start proc 2215:com.svox.pico/u0a46 for broadcast com.svox.pico/.VoiceDataInstallerReceiver
11-24 15:27:38.670  1237  1781 W ActivityManager: Slow operation: 54ms so far, now at startProcess: starting to update pids map
11-24 15:27:38.671  1237  1781 W ActivityManager: Slow operation: 55ms so far, now at startProcess: done updating pids map
11-24 15:27:38.680  1237  1781 W ActivityManager: Slow operation: 56ms so far, now at startProcess: done starting proc!
11-24 15:27:40.984  2202  2202 I art     : System.exit called, status: 0
11-24 15:27:40.984  2202  2202 I AndroidRuntime: VM exiting with result code 0.
11-24 15:27:41.346  2230  2230 D AndroidRuntime: >>>>>> START com.android.internal.os.RuntimeInit uid 2000 <<<<<<
11-24 15:27:41.348  2230  2230 D AndroidRuntime: CheckJNI is ON
11-24 15:27:41.395  2230  2230 W art     : Unexpected CPU variant for X86 using defaults: x86
11-24 15:27:41.402  2230  2230 D ICU     : No timezone override file found: /data/misc/zoneinfo/current/icu/icu_tzdata.dat
11-24 15:27:41.425  2230  2230 E memtrack: Couldn't load memtrack module (No such file or directory)
11-24 15:27:41.426  2230  2230 E android.os.Debug: failed to load memtrack module: -2
11-24 15:27:41.427  2230  2230 I Radio-JNI: register_android_hardware_Radio DONE
11-24 15:27:41.443  2230  2230 D AndroidRuntime: Calling main entry com.android.commands.pm.Pm
11-24 15:27:41.575  2162  2173 I art     : HomogeneousSpaceCompact marksweep + semispace GC freed 16481(783KB) AllocSpace objects, 0(0B) LOS objects, 39% free, 2MB/3MB, paused 1.008s total 1.008s
11-24 15:27:41.619  1237  1264 I PackageManager.DexOptimizer: Running dexopt (dex2oat) on: /data/app/vmdl1774150599.tmp/base.apk pkg=br.com.catbag.gifreduxsample.test isa=x86 vmSafeMode=false debuggable=true target-filter=interpret-only oatDir = /data/app/vmdl1774150599.tmp/oat sharedLibraries=/system/framework/android.test.runner.jar
11-24 15:27:41.650  2241  2241 W dex2oat : Unexpected CPU variant for X86 using defaults: x86
11-24 15:27:41.651  2241  2241 W dex2oat : Mismatch between dex2oat instruction set features (ISA: X86 Feature string: smp,-ssse3,-sse4.1,-sse4.2,-avx,-avx2,-lock_add,-popcnt) and those of dex2oat executable (ISA: X86 Feature string: smp,ssse3,-sse4.1,-sse4.2,-avx,-avx2,-lock_add,-popcnt) for the command line:
11-24 15:27:41.651  2241  2241 W dex2oat : /system/bin/dex2oat --zip-fd=6 --zip-location=base.apk --oat-fd=7 --oat-location=/data/app/vmdl1774150599.tmp/oat/x86/base.odex --instruction-set=x86 --instruction-set-variant=x86 --instruction-set-features=default --runtime-arg -Xms64m --runtime-arg -Xmx512m --compiler-filter=interpret-only --swap-fd=9 --debuggable --runtime-arg -classpath --runtime-arg /system/framework/android.test.runner.jar
11-24 15:27:41.669  2241  2241 I dex2oat : /system/bin/dex2oat --compiler-filter=interpret-only --debuggable
11-24 15:28:05.617  2241  2241 W dex2oat : Compilation of int com.android.dx.util.ByteArrayAnnotatedOutput.writeSleb128(int) took 158.059ms
11-24 15:28:09.079  2241  2241 I dex2oat : dex2oat took 27.428s (threads: 1) arena alloc=824B (824B) java alloc=3MB (3868560B) native alloc=6MB (6969808B) free=2MB (2467376B)
11-24 15:28:09.341  1237  1264 V BackupManagerService: restoreAtInstall pkg=br.com.catbag.gifreduxsample.test token=2 restoreSet=0
11-24 15:28:09.350  1237  1264 W BackupManagerService: Requested unavailable transport: android/com.android.internal.backup.LocalTransport
11-24 15:28:09.350  1237  1264 W BackupManagerService: No transport
11-24 15:28:09.350  1237  1264 V BackupManagerService: Finishing install immediately
11-24 15:28:09.384  1237  1515 I ActivityManager: Killing 1470:com.android.settings:CryptKeeper/1000 (adj 906): empty #17
11-24 15:28:09.424  1237  1264 I art     : Starting a blocking GC Explicit
11-24 15:28:09.571  1237  1264 I art     : Explicit concurrent mark sweep GC freed 38580(2MB) AllocSpace objects, 12(288KB) LOS objects, 33% free, 6MB/10MB, paused 5.720ms total 142.126ms
11-24 15:28:09.589   990   990 E         : Couldn't opendir /data/app/vmdl1774150599.tmp: No such file or directory
11-24 15:28:09.607  2230  2230 I art     : System.exit called, status: 0
11-24 15:28:09.607  2230  2230 I AndroidRuntime: VM exiting with result code 0.
11-24 15:28:09.719  1237  1278 I InputReader: Reconfiguring input devices.  changes=0x00000010
11-24 15:28:09.811  1455  1455 D CarrierSvcBindHelper: No carrier app for: 0
11-24 15:28:09.854  1455  1455 D CarrierConfigLoader: mHandler: 9 phoneId: 0
11-24 15:28:09.906  1237  1250 W VoiceInteractionManagerService: no available voice recognition services found for user 0
11-24 15:28:09.906  1237  1250 W LocationProviderProxy-network: Odd, no component found for service com.android.location.service.v3.NetworkLocationProvider
11-24 15:28:09.907  1237  1250 W GeocoderProxy: Odd, no component found for service com.android.location.service.GeocodeProvider
11-24 15:28:09.907  1237  1250 W GeofenceProxy: Odd, no component found for service com.android.location.service.GeofenceProvider
11-24 15:28:09.908  1237  1250 W ActivityRecognitionProxy: Odd, no component found for service com.android.location.service.ActivityRecognitionProvider
11-24 15:28:10.277  2246  2246 D AndroidRuntime: >>>>>> START com.android.internal.os.RuntimeInit uid 2000 <<<<<<
11-24 15:28:10.279  2246  2246 D AndroidRuntime: CheckJNI is ON
11-24 15:28:10.331  2246  2246 W art     : Unexpected CPU variant for X86 using defaults: x86
11-24 15:28:10.338  2246  2246 D ICU     : No timezone override file found: /data/misc/zoneinfo/current/icu/icu_tzdata.dat
11-24 15:28:10.447  2246  2246 E memtrack: Couldn't load memtrack module (No such file or directory)
11-24 15:28:10.447  2246  2246 E android.os.Debug: failed to load memtrack module: -2
11-24 15:28:10.448  2246  2246 I Radio-JNI: register_android_hardware_Radio DONE
11-24 15:28:10.495  2246  2246 D AndroidRuntime: Calling main entry com.android.commands.am.Am
11-24 15:28:10.527  1237  1248 I ActivityManager: Force stopping br.com.catbag.gifreduxsample appid=10060 user=0: start instr
11-24 15:28:10.558  1237  1248 I ActivityManager: Start proc 2257:br.com.catbag.gifreduxsample/u0a60 for added application br.com.catbag.gifreduxsample
11-24 15:28:10.576  2257  2257 I art     : Not late-enabling -Xcheck:jni (already on)
11-24 15:28:10.578  2257  2257 W art     : Unexpected CPU variant for X86 using defaults: x86
11-24 15:28:10.623  2257  2257 W System  : ClassLoader referenced unknown path: /data/app/br.com.catbag.gifreduxsample.test-1/lib/x86
11-24 15:28:10.640  2257  2257 W System  : ClassLoader referenced unknown path: 
11-24 15:28:10.726  2257  2257 W System.err: java.io.FileNotFoundException: /jacoco.exec (Read-only file system)
11-24 15:28:10.728  2257  2257 W System.err: 	at java.io.FileOutputStream.open(Native Method)
11-24 15:28:10.729  2257  2257 W System.err: 	at java.io.FileOutputStream.<init>(FileOutputStream.java:221)
11-24 15:28:10.729  2257  2257 W System.err: 	at org.jacoco.agent.rt.internal_e6e56f0.output.FileOutput.openFile(FileOutput.java:67)
11-24 15:28:10.729  2257  2257 W System.err: 	at org.jacoco.agent.rt.internal_e6e56f0.output.FileOutput.startup(FileOutput.java:49)
11-24 15:28:10.729  2257  2257 W System.err: 	at org.jacoco.agent.rt.internal_e6e56f0.Agent.startup(Agent.java:122)
11-24 15:28:10.730  2257  2257 W System.err: 	at org.jacoco.agent.rt.internal_e6e56f0.Agent.getInstance(Agent.java:50)
11-24 15:28:10.730  2257  2257 W System.err: 	at org.jacoco.agent.rt.internal_e6e56f0.Offline.<clinit>(Offline.java:31)
11-24 15:28:10.730  2257  2257 W System.err: 	at org.jacoco.agent.rt.internal_e6e56f0.Offline.getProbes(Offline.java:51)
11-24 15:28:10.731  2257  2257 W System.err: 	at br.com.catbag.gifreduxsample.MyApp.$jacocoInit(MyApp.java)
11-24 15:28:10.731  2257  2257 W System.err: 	at br.com.catbag.gifreduxsample.MyApp.<clinit>(MyApp.java)
11-24 15:28:10.731  2257  2257 W System.err: 	at java.lang.Class.newInstance(Native Method)
11-24 15:28:10.732  2257  2257 W System.err: 	at android.app.Instrumentation.newApplication(Instrumentation.java:1007)
11-24 15:28:10.732  2257  2257 W System.err: 	at android.app.Instrumentation.newApplication(Instrumentation.java:992)
11-24 15:28:10.756  2257  2257 W System.err: 	at android.app.LoadedApk.makeApplication(LoadedApk.java:796)
11-24 15:28:10.756  2257  2257 W System.err: 	at android.app.ActivityThread.handleBindApplication(ActivityThread.java:5335)
11-24 15:28:10.756  2257  2257 W System.err: 	at android.app.ActivityThread.-wrap2(ActivityThread.java)
11-24 15:28:10.757  2257  2257 W System.err: 	at android.app.ActivityThread$H.handleMessage(ActivityThread.java:1528)
11-24 15:28:10.757  2257  2257 W System.err: 	at android.os.Handler.dispatchMessage(Handler.java:102)
11-24 15:28:10.757  2257  2257 W System.err: 	at android.os.Looper.loop(Looper.java:154)
11-24 15:28:10.757  2257  2257 W System.err: 	at android.app.ActivityThread.main(ActivityThread.java:6077)
11-24 15:28:10.757  2257  2257 W System.err: 	at java.lang.reflect.Method.invoke(Native Method)
11-24 15:28:10.758  2257  2257 W System.err: 	at com.android.internal.os.ZygoteInit$MethodAndArgsCaller.run(ZygoteInit.java:865)
11-24 15:28:10.758  2257  2257 W System.err: 	at com.android.internal.os.ZygoteInit.main(ZygoteInit.java:755)
11-24 15:28:10.784  2257  2257 I MonitoringInstrumentation: Instrumentation Started!
11-24 15:28:10.790  2257  2257 I MonitoringInstrumentation: Setting context classloader to 'dalvik.system.PathClassLoader[DexPathList[[zip file "/system/framework/android.test.runner.jar", zip file "/data/app/br.com.catbag.gifreduxsample.test-1/base.apk", zip file "/data/app/br.com.catbag.gifreduxsample-1/base.apk"],nativeLibraryDirectories=[/data/app/br.com.catbag.gifreduxsample.test-1/lib/x86, /data/app/br.com.catbag.gifreduxsample-1/lib/x86, /system/fake-libs, /data/app/br.com.catbag.gifreduxsample.test-1/base.apk!/lib/x86, /data/app/br.com.catbag.gifreduxsample-1/base.apk!/lib/x86, /system/lib, /vendor/lib]]]', Original: 'dalvik.system.PathClassLoader[DexPathList[[zip file "/system/framework/android.test.runner.jar", zip file "/data/app/br.com.catbag.gifreduxsample.test-1/base.apk", zip file "/data/app/br.com.catbag.gifreduxsample-1/base.apk"],nativeLibraryDirectories=[/data/app/br.com.catbag.gifreduxsample.test-1/lib/x86, /data/app/br.com.catbag.gifreduxsample-1/lib/x86, /system/fake-libs, /data/app/br.com.catbag.gifreduxsample.test-1/base.apk!/lib/x86, /data/app/br.com.catbag.gifreduxsample-1/base.apk!/lib/x86, /system/lib, /vendor/lib]]]'
11-24 15:28:10.880  2257  2257 D NetworkSecurityConfig: No Network Security Config specified, using platform default
11-24 15:28:10.924  2257  2257 I MonitoringInstrumentation: No JSBridge.
11-24 15:28:10.957  2257  2272 I UsageTrackerFacilitator: Usage tracking enabled
11-24 15:28:10.959  2257  2272 I TestRequestBuilder: Scanning classpath to find tests in apks [/data/app/br.com.catbag.gifreduxsample.test-1/base.apk]
11-24 15:28:11.476  2257  2272 I art     : Rejecting re-init on previously-failed class java.lang.Class<org.objectweb.asm.commons.JSRInlinerAdapter>: java.lang.NoClassDefFoundError: Failed resolution of: Lorg/objectweb/asm/tree/MethodNode;
11-24 15:28:11.477  2257  2272 I art     :   at java.lang.Class java.lang.Class.classForName!(java.lang.String, boolean, java.lang.ClassLoader) (Class.java:-2)
11-24 15:28:11.477  2257  2272 I art     :   at java.lang.Class java.lang.Class.forName(java.lang.String, boolean, java.lang.ClassLoader) (Class.java:400)
11-24 15:28:11.477  2257  2272 I art     :   at java.lang.Class android.support.test.internal.runner.TestLoader.doLoadClass(java.lang.String) (TestLoader.java:92)
11-24 15:28:11.477  2257  2272 I art     :   at java.lang.Class android.support.test.internal.runner.TestLoader.loadIfTest(java.lang.String) (TestLoader.java:113)
11-24 15:28:11.477  2257  2272 I art     :   at void android.support.test.internal.runner.TestRequestBuilder.loadClassesFromClassPath(android.support.test.internal.runner.TestLoader, java.util.Set) (TestRequestBuilder.java:801)
11-24 15:28:11.477  2257  2272 I art     :   at android.support.test.internal.runner.TestRequest android.support.test.internal.runner.TestRequestBuilder.build() (TestRequestBuilder.java:747)
11-24 15:28:11.477  2257  2272 I art     :   at android.support.test.internal.runner.TestRequest android.support.test.runner.AndroidJUnitRunner.buildRequest(android.support.test.internal.runner.RunnerArgs, android.os.Bundle) (AndroidJUnitRunner.java:354)
11-24 15:28:11.478  2257  2272 I art     :   at void android.support.test.runner.AndroidJUnitRunner.onStart() (AndroidJUnitRunner.java:260)
11-24 15:28:11.478  2257  2272 I art     :   at void android.app.Instrumentation$InstrumentationThread.run() (Instrumentation.java:1932)
11-24 15:28:11.478  2257  2272 I art     : Caused by: java.lang.ClassNotFoundException: Didn't find class "org.objectweb.asm.tree.MethodNode" on path: DexPathList[[zip file "/system/framework/android.test.runner.jar", zip file "/data/app/br.com.catbag.gifreduxsample.test-1/base.apk", zip file "/data/app/br.com.catbag.gifreduxsample-1/base.apk"],nativeLibraryDirectories=[/data/app/br.com.catbag.gifreduxsample.test-1/lib/x86, /data/app/br.com.catbag.gifreduxsample-1/lib/x86, /system/fake-libs, /data/app/br.com.catbag.gifreduxsample.test-1/base.apk!/lib/x86, /data/app/br.com.catbag.gifreduxsample-1/base.apk!/lib/x86, /system/lib, /vendor/lib]]
11-24 15:28:11.478  2257  2272 I art     :   at java.lang.Class dalvik.system.BaseDexClassLoader.findClass(java.lang.String) (BaseDexClassLoader.java:56)
11-24 15:28:11.478  2257  2272 I art     :   at java.lang.Class java.lang.ClassLoader.loadClass(java.lang.String, boolean) (ClassLoader.java:380)
11-24 15:28:11.478  2257  2272 I art     :   at java.lang.Class java.lang.ClassLoader.loadClass(java.lang.String) (ClassLoader.java:312)
11-24 15:28:11.478  2257  2272 I art     :   at java.lang.Class java.lang.Class.classForName!(java.lang.String, boolean, java.lang.ClassLoader) (Class.java:-2)
11-24 15:28:11.479  2257  2272 I art     :   at java.lang.Class java.lang.Class.forName(java.lang.String, boolean, java.lang.ClassLoader) (Class.java:400)
11-24 15:28:11.479  2257  2272 I art     :   at java.lang.Class android.support.test.internal.runner.TestLoader.doLoadClass(java.lang.String) (TestLoader.java:92)
11-24 15:28:11.479  2257  2272 I art     :   at java.lang.Class android.support.test.internal.runner.TestLoader.loadIfTest(java.lang.String) (TestLoader.java:113)
11-24 15:28:11.479  2257  2272 I art     :   at void android.support.test.internal.runner.TestRequestBuilder.loadClassesFromClassPath(android.support.test.internal.runner.TestLoader, java.util.Set) (TestRequestBuilder.java:801)
11-24 15:28:11.479  2257  2272 I art     :   at android.support.test.internal.runner.TestRequest android.support.test.internal.runner.TestRequestBuilder.build() (TestRequestBuilder.java:747)
11-24 15:28:11.479  2257  2272 I art     :   at android.support.test.internal.runner.TestRequest android.support.test.runner.AndroidJUnitRunner.buildRequest(android.support.test.internal.runner.RunnerArgs, android.os.Bundle) (AndroidJUnitRunner.java:354)
11-24 15:28:11.479  2257  2272 I art     :   at void android.support.test.runner.AndroidJUnitRunner.onStart() (AndroidJUnitRunner.java:260)
11-24 15:28:11.480  2257  2272 I art     :   at void android.app.Instrumentation$InstrumentationThread.run() (Instrumentation.java:1932)
11-24 15:28:11.480  2257  2272 I art     : 
11-24 15:28:11.480  2257  2272 E TestLoader: Could not find class: org.objectweb.asm.commons.JSRInlinerAdapter
11-24 15:28:11.506  2257  2272 I art     : Rejecting re-init on previously-failed class java.lang.Class<org.objectweb.asm.commons.TryCatchBlockSorter>: java.lang.NoClassDefFoundError: Failed resolution of: Lorg/objectweb/asm/tree/MethodNode;
11-24 15:28:11.506  2257  2272 I art     :   at java.lang.Class java.lang.Class.classForName!(java.lang.String, boolean, java.lang.ClassLoader) (Class.java:-2)
11-24 15:28:11.506  2257  2272 I art     :   at java.lang.Class java.lang.Class.forName(java.lang.String, boolean, java.lang.ClassLoader) (Class.java:400)
11-24 15:28:11.506  2257  2272 I art     :   at java.lang.Class android.support.test.internal.runner.TestLoader.doLoadClass(java.lang.String) (TestLoader.java:92)
11-24 15:28:11.507  2257  2272 I art     :   at java.lang.Class android.support.test.internal.runner.TestLoader.loadIfTest(java.lang.String) (TestLoader.java:113)
11-24 15:28:11.507  2257  2272 I art     :   at void android.support.test.internal.runner.TestRequestBuilder.loadClassesFromClassPath(android.support.test.internal.runner.TestLoader, java.util.Set) (TestRequestBuilder.java:801)
11-24 15:28:11.507  2257  2272 I art     :   at android.support.test.internal.runner.TestRequest android.support.test.internal.runner.TestRequestBuilder.build() (TestRequestBuilder.java:747)
11-24 15:28:11.507  2257  2272 I art     :   at android.support.test.internal.runner.TestRequest android.support.test.runner.AndroidJUnitRunner.buildRequest(android.support.test.internal.runner.RunnerArgs, android.os.Bundle) (AndroidJUnitRunner.java:354)
11-24 15:28:11.507  2257  2272 I art     :   at void android.support.test.runner.AndroidJUnitRunner.onStart() (AndroidJUnitRunner.java:260)
11-24 15:28:11.507  2257  2272 I art     :   at void android.app.Instrumentation$InstrumentationThread.run() (Instrumentation.java:1932)
11-24 15:28:11.507  2257  2272 I art     : Caused by: java.lang.ClassNotFoundException: Didn't find class "org.objectweb.asm.tree.MethodNode" on path: DexPathList[[zip file "/system/framework/android.test.runner.jar", zip file "/data/app/br.com.catbag.gifreduxsample.test-1/base.apk", zip file "/data/app/br.com.catbag.gifreduxsample-1/base.apk"],nativeLibraryDirectories=[/data/app/br.com.catbag.gifreduxsample.test-1/lib/x86, /data/app/br.com.catbag.gifreduxsample-1/lib/x86, /system/fake-libs, /data/app/br.com.catbag.gifreduxsample.test-1/base.apk!/lib/x86, /data/app/br.com.catbag.gifreduxsample-1/base.apk!/lib/x86, /system/lib, /vendor/lib]]
11-24 15:28:11.507  2257  2272 I art     :   at java.lang.Class dalvik.system.BaseDexClassLoader.findClass(java.lang.String) (BaseDexClassLoader.java:56)
11-24 15:28:11.508  2257  2272 I art     :   at java.lang.Class java.lang.ClassLoader.loadClass(java.lang.String, boolean) (ClassLoader.java:380)
11-24 15:28:11.508  2257  2272 I art     :   at java.lang.Class java.lang.ClassLoader.loadClass(java.lang.String) (ClassLoader.java:312)
11-24 15:28:11.508  2257  2272 I art     :   at java.lang.Class java.lang.Class.classForName!(java.lang.String, boolean, java.lang.ClassLoader) (Class.java:-2)
11-24 15:28:11.508  2257  2272 I art     :   at java.lang.Class java.lang.Class.forName(java.lang.String, boolean, java.lang.ClassLoader) (Class.java:400)
11-24 15:28:11.508  2257  2272 I art     :   at java.lang.Class android.support.test.internal.runner.TestLoader.doLoadClass(java.lang.String) (TestLoader.java:92)
11-24 15:28:11.508  2257  2272 I art     :   at java.lang.Class android.support.test.internal.runner.TestLoader.loadIfTest(java.lang.String) (TestLoader.java:113)
11-24 15:28:11.508  2257  2272 I art     :   at void android.support.test.internal.runner.TestRequestBuilder.loadClassesFromClassPath(android.support.test.internal.runner.TestLoader, java.util.Set) (TestRequestBuilder.java:801)
11-24 15:28:11.509  2257  2272 I art     :   at android.support.test.internal.runner.TestRequest android.support.test.internal.runner.TestRequestBuilder.build() (TestRequestBuilder.java:747)
11-24 15:28:11.509  2257  2272 I art     :   at android.support.test.internal.runner.TestRequest android.support.test.runner.AndroidJUnitRunner.buildRequest(android.support.test.internal.runner.RunnerArgs, android.os.Bundle) (AndroidJUnitRunner.java:354)
11-24 15:28:11.509  2257  2272 I art     :   at void android.support.test.runner.AndroidJUnitRunner.onStart() (AndroidJUnitRunner.java:260)
11-24 15:28:11.509  2257  2272 I art     :   at void android.app.Instrumentation$InstrumentationThread.run() (Instrumentation.java:1932)
11-24 15:28:11.509  2257  2272 I art     : 
11-24 15:28:11.509  2257  2272 E TestLoader: Could not find class: org.objectweb.asm.commons.TryCatchBlockSorter
11-24 15:28:11.570  2257  2272 D TestExecutor: Adding listener android.support.test.internal.runner.listener.LogRunListener
11-24 15:28:11.570  2257  2272 D TestExecutor: Adding listener android.support.test.internal.runner.listener.InstrumentationResultPrinter
11-24 15:28:11.571  2257  2272 D TestExecutor: Adding listener android.support.test.internal.runner.listener.ActivityFinisherRunListener
11-24 15:28:11.571  2257  2272 D TestExecutor: Adding listener android.support.test.internal.runner.listener.CoverageListener
11-24 15:28:11.582  2257  2272 I TestRunner: run started: 15 tests
11-24 15:28:11.625  2257  2272 I TestRunner: started: whenAppStateSavedSeveralTime(br.com.catbag.gifreduxsample.asyncs.data.DataManagerTest)
11-24 15:28:11.633  2257  2257 I MonitoringInstrumentation: Activities that are still in CREATED to STOPPED: 0
11-24 15:28:11.663  2257  2268 W art     : Suspending all threads took: 9.871ms
11-24 15:28:11.866  2257  2275 W Java7Support: Unable to load JDK7 types (annotations, java.nio.file.Path): no Java7 support added
11-24 15:28:11.955  2257  2268 I art     : Background sticky concurrent mark sweep GC freed 155877(6MB) AllocSpace objects, 0(0B) LOS objects, 42% free, 3MB/6MB, paused 17.785ms total 725.192ms
11-24 15:28:12.286  2257  2272 I TestRunner: finished: whenAppStateSavedSeveralTime(br.com.catbag.gifreduxsample.asyncs.data.DataManagerTest)
11-24 15:28:12.294  2257  2257 I MonitoringInstrumentation: Activities that are still in CREATED to STOPPED: 0
11-24 15:28:12.295  2257  2272 I TestRunner: started: whenAppStateSavedOnceTime(br.com.catbag.gifreduxsample.asyncs.data.DataManagerTest)
11-24 15:28:12.297  2257  2257 I MonitoringInstrumentation: Activities that are still in CREATED to STOPPED: 0
11-24 15:28:12.546  2257  2272 I TestRunner: finished: whenAppStateSavedOnceTime(br.com.catbag.gifreduxsample.asyncs.data.DataManagerTest)
11-24 15:28:12.554  2257  2257 I MonitoringInstrumentation: Activities that are still in CREATED to STOPPED: 0
11-24 15:28:12.556  2257  2272 I TestRunner: started: whenUnsavedAppStateIsLoaded(br.com.catbag.gifreduxsample.asyncs.data.DataManagerTest)
11-24 15:28:12.557  2257  2257 I MonitoringInstrumentation: Activities that are still in CREATED to STOPPED: 0
11-24 15:28:12.650  2257  2280 E DataManager: appstate not loaded
11-24 15:28:12.650  2257  2280 E DataManager: com.snappydb.SnappydbException: Failed to get a String: NotFound: 
11-24 15:28:12.650  2257  2280 E DataManager: 	at com.snappydb.internal.DBImpl.__get(Native Method)
11-24 15:28:12.650  2257  2280 E DataManager: 	at com.snappydb.internal.DBImpl.get(DBImpl.java:348)
11-24 15:28:12.650  2257  2280 E DataManager: 	at br.com.catbag.gifreduxsample.asyncs.data.storage.Database.getAppState(Database.java:29)
11-24 15:28:12.650  2257  2280 E DataManager: 	at br.com.catbag.gifreduxsample.asyncs.data.DataManager.lambda$loadAppState$0(DataManager.java:61)
11-24 15:28:12.650  2257  2280 E DataManager: 	at br.com.catbag.gifreduxsample.asyncs.data.DataManager$$Lambda$1.run(Unknown Source)
11-24 15:28:12.650  2257  2280 E DataManager: 	at java.lang.Thread.run(Thread.java:761)
11-24 15:28:12.651  2257  2272 I TestRunner: finished: whenUnsavedAppStateIsLoaded(br.com.catbag.gifreduxsample.asyncs.data.DataManagerTest)
11-24 15:28:12.653  2257  2257 I MonitoringInstrumentation: Activities that are still in CREATED to STOPPED: 0
11-24 15:28:12.654  2257  2272 I TestRunner: started: whenSavedAppStateIsLoaded(br.com.catbag.gifreduxsample.asyncs.data.DataManagerTest)
11-24 15:28:12.655  2257  2257 I MonitoringInstrumentation: Activities that are still in CREATED to STOPPED: 0
11-24 15:28:12.900  2257  2272 I TestRunner: finished: whenSavedAppStateIsLoaded(br.com.catbag.gifreduxsample.asyncs.data.DataManagerTest)
11-24 15:28:12.910  2257  2257 I MonitoringInstrumentation: Activities that are still in CREATED to STOPPED: 0
11-24 15:28:12.938  2257  2272 I TestRunner: started: whenScrollDownAndPlayLastItemTest(br.com.catbag.gifreduxsample.ui.giflist.GifListActivityTest)
11-24 15:28:12.940  2257  2257 I MonitoringInstrumentation: Activities that are still in CREATED to STOPPED: 0
11-24 15:28:13.125  2257  2268 I art     : Background partial concurrent mark sweep GC freed 63306(2MB) AllocSpace objects, 2(40KB) LOS objects, 40% free, 3MB/6MB, paused 6.923ms total 83.109ms
11-24 15:28:13.251  2284  2284 W dex2oat : Unexpected CPU variant for X86 using defaults: x86
11-24 15:28:13.252  2284  2284 W dex2oat : Mismatch between dex2oat instruction set features (ISA: X86 Feature string: smp,-ssse3,-sse4.1,-sse4.2,-avx,-avx2,-lock_add,-popcnt) and those of dex2oat executable (ISA: X86 Feature string: smp,ssse3,-sse4.1,-sse4.2,-avx,-avx2,-lock_add,-popcnt) for the command line:
11-24 15:28:13.252  2284  2284 W dex2oat : /system/bin/dex2oat --runtime-arg -classpath --runtime-arg & --instruction-set=x86 --instruction-set-features=smp,ssse3,-sse4.1,-sse4.2,-avx,-avx2,-lock_add,-popcnt --runtime-arg -Xrelocate --boot-image=/system/framework/boot.art --runtime-arg -Xms64m --runtime-arg -Xmx512m --instruction-set-variant=x86 --instruction-set-features=default --dex-file=/data/user/0/br.com.catbag.gifreduxsample/app_dxmaker_cache/Generated_1497766805.jar --oat-fd=38 --oat-location=/data/user/0/br.com.catbag.gifreduxsample/app_dxmaker_cache/Generated_1497766805.dex --compiler-filter=speed
11-24 15:28:13.252  2284  2284 I dex2oat : /system/bin/dex2oat --dex-file=/data/user/0/br.com.catbag.gifreduxsample/app_dxmaker_cache/Generated_1497766805.jar --oat-fd=38 --oat-location=/data/user/0/br.com.catbag.gifreduxsample/app_dxmaker_cache/Generated_1497766805.dex --compiler-filter=speed
11-24 15:28:13.385  2284  2284 I dex2oat : dex2oat took 133.516ms (threads: 1) arena alloc=41KB (42016B) java alloc=28KB (28768B) native alloc=736KB (753768B) free=799KB (819096B)
11-24 15:28:13.430  1237  1381 D VoldConnector: SND -> {29 volume mkdirs /storage/emulated/0/Android/data/br.com.catbag.gifreduxsample/cache/}
11-24 15:28:13.448  1237  1280 D VoldConnector: RCV <- {200 29 Command succeeded}
11-24 15:28:13.461  2257  2273 I DroidFlux:Dispatcher: [STARTED] dispatch of action [FAKE_REDUCE_ACTION]
11-24 15:28:13.494  2257  2273 I DroidFlux:Dispatcher: [COMPLETED] dispatch of action [FAKE_REDUCE_ACTION]
11-24 15:28:13.516  2257  2283 D ActivityTestRule: Launching activity br.com.catbag.gifreduxsample.ui.GifListActivity
11-24 15:28:13.525  2257  2286 D MonitoringInstrumentation: execStartActivity(context, ibinder, ibinder, activity, intent, int, bundle
11-24 15:28:13.535  1237  1248 I ActivityManager: START u0 {flg=0x14000000 cmp=br.com.catbag.gifreduxsample/.ui.GifListActivity} from uid 10060 on display 0
11-24 15:28:13.865  2257  2257 D LifecycleMonitor: Lifecycle status change: br.com.catbag.gifreduxsample.ui.GifListActivity@2cfae3f in: PRE_ON_CREATE
11-24 15:28:13.945  1237  1258 I Choreographer: Skipped 35 frames!  The application may be doing too much work on its main thread.
11-24 15:28:14.436  1725  1725 I Choreographer: Skipped 37 frames!  The application may be doing too much work on its main thread.
11-24 15:28:14.589  2257  2257 D LifecycleMonitor: Lifecycle status change: br.com.catbag.gifreduxsample.ui.GifListActivity@2cfae3f in: CREATED
11-24 15:28:14.592  2257  2273 I DroidFlux:Dispatcher: [STARTED] dispatch of action [APP_STATE_LOAD]
11-24 15:28:14.603  2257  2257 D LifecycleMonitor: Lifecycle status change: br.com.catbag.gifreduxsample.ui.GifListActivity@2cfae3f in: STARTED
11-24 15:28:14.608  2257  2257 D LifecycleMonitor: Lifecycle status change: br.com.catbag.gifreduxsample.ui.GifListActivity@2cfae3f in: RESUMED
11-24 15:28:14.627  2257  2273 D DroidFlux:Dispatcher: An action of type [APP_STATE_LOAD] was dispatched, but no reducer handled it
11-24 15:28:14.627  2257  2273 I DroidFlux:Dispatcher: [COMPLETED] dispatch of action [APP_STATE_LOAD]
11-24 15:28:15.012  2257  2257 D gralloc_ranchu: Emulator without host-side GPU emulation detected.
11-24 15:28:15.060  1237  1258 I ActivityManager: Displayed br.com.catbag.gifreduxsample/.ui.GifListActivity: +1s365ms
11-24 15:28:15.119  2257  2283 D InputManagerEventInjectionStrategy: Creating injection strategy with input manager.
11-24 15:28:15.183  2257  2257 W ResourceType: No package identifier when getting name for resource number 0x00000001
11-24 15:28:15.184  2257  2257 I ViewInteraction: Performing 'scroll RecyclerView to position: 4' action on view with id: 1 (resource name not found)
11-24 15:28:15.341  1237  1258 I WindowManager: Destroying surface Surface(name=Starting br.com.catbag.gifreduxsample) called by com.android.server.wm.WindowStateAnimator.destroySurface:2014 com.android.server.wm.WindowStateAnimator.destroySurfaceLocked:881 com.android.server.wm.WindowState.destroyOrSaveSurface:2073 com.android.server.wm.AppWindowToken.destroySurfaces:363 com.android.server.wm.WindowStateAnimator.finishExit:565 com.android.server.wm.WindowStateAnimator.stepAnimationLocked:491 com.android.server.wm.WindowAnimator.updateWindowsLocked:303 com.android.server.wm.WindowAnimator.animateLocked:704 
11-24 15:28:15.429  2257  2268 I art     : Background sticky concurrent mark sweep GC freed 8233(690KB) AllocSpace objects, 0(0B) LOS objects, 10% free, 5MB/6MB, paused 7.727ms total 197.381ms
11-24 15:28:15.509  1237  1785 I WindowManager: Destroying surface Surface(name=com.android.launcher3/com.android.launcher3.Launcher) called by com.android.server.wm.WindowStateAnimator.destroySurface:2014 com.android.server.wm.WindowStateAnimator.destroySurfaceLocked:881 com.android.server.wm.WindowState.destroyOrSaveSurface:2073 com.android.server.wm.AppWindowToken.destroySurfaces:363 com.android.server.wm.AppWindowToken.notifyAppStopped:389 com.android.server.wm.WindowManagerService.notifyAppStopped:4456 com.android.server.am.ActivityStack.activityStoppedLocked:1252 com.android.server.am.ActivityManagerService.activityStopped:6873 
11-24 15:28:15.616  2257  2262 I art     : Do partial code cache collection, code=26KB, data=30KB
11-24 15:28:15.625  2257  2262 I art     : After code cache collection, code=25KB, data=29KB
11-24 15:28:15.625  2257  2262 I art     : Increasing code cache capacity to 128KB
11-24 15:28:15.633  2257  2257 W ResourceType: No package identifier when getting name for resource number 0x00000001
11-24 15:28:15.671  2257  2257 W ResourceType: No package identifier when getting name for resource number 0x00000004
11-24 15:28:15.671  2257  2257 I ViewInteraction: Performing 'single click' action on view with id: 4 (resource name not found)
11-24 15:28:15.773  2257  2273 I DroidFlux:Dispatcher: [STARTED] dispatch of action [GIF_PLAY]
11-24 15:28:15.775  2257  2273 I DroidFlux:Dispatcher: [COMPLETED] dispatch of action [GIF_PLAY]
11-24 15:28:15.899  1237  1312 W AudioTrack: AUDIO_OUTPUT_FLAG_FAST denied by client; transfer 4, track 48000 Hz, output 44100 Hz
11-24 15:28:16.043   987  1026 D AudioFlinger: mixer(0xb2a83f40) throttle end: throttle time(5)
11-24 15:28:16.063   987  1026 D AudioFlinger: mixer(0xb2a83f40) throttle end: throttle time(11)
11-24 15:28:16.406  2257  2272 I TestRunner: finished: whenScrollDownAndPlayLastItemTest(br.com.catbag.gifreduxsample.ui.giflist.GifListActivityTest)
11-24 15:28:16.427  2257  2257 D LifecycleMonitor: Lifecycle status change: br.com.catbag.gifreduxsample.ui.GifListActivity@2cfae3f in: PAUSED
11-24 15:28:16.487   977   977 D gralloc : Registering a buffer in the process that created it. This may cause memory ordering problems.
11-24 15:28:16.488   977   977 E libEGL  : called unimplemented OpenGL ES API
11-24 15:28:16.489   977   977 E SurfaceFlinger: glCheckFramebufferStatusOES error 588918478
11-24 15:28:16.490   977   977 E SurfaceFlinger: got GL_FRAMEBUFFER_COMPLETE_OES error while taking screenshot
11-24 15:28:16.499  1237  1381 W WindowManager: Screenshot failure taking screenshot for (480x800) to layer 21005
11-24 15:28:16.528  2257  2257 I MonitoringInstrumentation: Activities that are still in CREATED to STOPPED: 1
11-24 15:28:16.529  2257  2272 I TestRunner: started: whenGifIsNotWatchedTest(br.com.catbag.gifreduxsample.ui.giflist.GifListActivityTest)
11-24 15:28:16.542  2257  2257 I MonitoringInstrumentation: Activities that are still in CREATED to STOPPED: 1
11-24 15:28:16.557  2257  2273 I DroidFlux:Dispatcher: [STARTED] dispatch of action [FAKE_REDUCE_ACTION]
11-24 15:28:16.557  2257  2273 I DroidFlux:Dispatcher: [COMPLETED] dispatch of action [FAKE_REDUCE_ACTION]
11-24 15:28:16.561  2257  2292 D ActivityTestRule: Launching activity br.com.catbag.gifreduxsample.ui.GifListActivity
11-24 15:28:16.607  2257  2293 D MonitoringInstrumentation: execStartActivity(context, ibinder, ibinder, activity, intent, int, bundle
11-24 15:28:16.608  1237  1683 I ActivityManager: START u0 {flg=0x10000000 cmp=br.com.catbag.gifreduxsample/.ui.GifListActivity} from uid 10060 on display 0
11-24 15:28:16.791  2257  2257 D LifecycleMonitor: Lifecycle status change: br.com.catbag.gifreduxsample.ui.GifListActivity@c08b6e7 in: PRE_ON_CREATE
11-24 15:28:16.815  1237  1258 I Choreographer: Skipped 42 frames!  The application may be doing too much work on its main thread.
11-24 15:28:16.827  2257  2257 D LifecycleMonitor: Lifecycle status change: br.com.catbag.gifreduxsample.ui.GifListActivity@c08b6e7 in: CREATED
11-24 15:28:16.828  2257  2273 I DroidFlux:Dispatcher: [STARTED] dispatch of action [APP_STATE_LOAD]
11-24 15:28:16.829  2257  2273 D DroidFlux:Dispatcher: An action of type [APP_STATE_LOAD] was dispatched, but no reducer handled it
11-24 15:28:16.829  2257  2273 I DroidFlux:Dispatcher: [COMPLETED] dispatch of action [APP_STATE_LOAD]
11-24 15:28:16.829  2257  2257 D LifecycleMonitor: Lifecycle status change: br.com.catbag.gifreduxsample.ui.GifListActivity@c08b6e7 in: STARTED
11-24 15:28:16.831  2257  2257 D LifecycleMonitor: Lifecycle status change: br.com.catbag.gifreduxsample.ui.GifListActivity@c08b6e7 in: RESUMED
11-24 15:28:17.015  1237  1258 I Choreographer: Skipped 37 frames!  The application may be doing too much work on its main thread.
11-24 15:28:17.140  2257  2268 W art     : Suspending all threads took: 8.964ms
11-24 15:28:17.184  2257  2268 I art     : Background partial concurrent mark sweep GC freed 8033(553KB) AllocSpace objects, 3(64KB) LOS objects, 39% free, 5MB/9MB, paused 26.059ms total 630.620ms
11-24 15:28:17.191  2257  2257 E Feed    : Gif{uuid=ddd2a0d1-c89a-43fd-96c5-8c8443308bea, path=, url=, title=, watched=false, status=DOWNLOADED}
11-24 15:28:17.191  2257  2257 E Feed    : pl.droidsonroids.gif.GifIOException: GifError 101: Failed to open given input
11-24 15:28:17.191  2257  2257 E Feed    : 	at pl.droidsonroids.gif.GifInfoHandle.openFile(Native Method)
11-24 15:28:17.191  2257  2257 E Feed    : 	at pl.droidsonroids.gif.GifInfoHandle.<init>(GifInfoHandle.java:46)
11-24 15:28:17.191  2257  2257 E Feed    : 	at pl.droidsonroids.gif.GifDrawable.<init>(GifDrawable.java:124)
11-24 15:28:17.191  2257  2257 E Feed    : 	at br.com.catbag.gifreduxsample.ui.components.FeedView.createDrawable(FeedView.java:102)
11-24 15:28:17.191  2257  2257 E Feed    : 	at br.com.catbag.gifreduxsample.ui.components.FeedView.lambda$renderGifView$1(FeedView.java:89)
11-24 15:28:17.191  2257  2257 E Feed    : 	at br.com.catbag.gifreduxsample.ui.components.FeedView$$Lambda$2.view(Unknown Source)
11-24 15:28:17.191  2257  2257 E Feed    : 	at trikita.anvil.BaseDSL.v(BaseDSL.java:670)
11-24 15:28:17.191  2257  2257 E Feed    : 	at br.com.catbag.gifreduxsample.ui.components.FeedView.renderGifView(FeedView.java:88)
11-24 15:28:17.191  2257  2257 E Feed    : 	at br.com.catbag.gifreduxsample.ui.components.FeedView.access$lambda$0(FeedView.java)
11-24 15:28:17.191  2257  2257 E Feed    : 	at br.com.catbag.gifreduxsample.ui.components.FeedView$$Lambda$3.view(Unknown Source)
11-24 15:28:17.191  2257  2257 E Feed    : 	at br.com.catbag.gifreduxsample.ui.components.GifsAdapter.view(GifsAdapter.java:55)
11-24 15:28:17.191  2257  2257 E Feed    : 	at trikita.anvil.RenderableRecyclerViewAdapter$1.view(RenderableRecyclerViewAdapter.java:24)
11-24 15:28:17.191  2257  2257 E Feed    : 	at trikita.anvil.Anvil$Mount.render(Anvil.java:204)
11-24 15:28:17.191  2257  2257 E Feed    : 	at trikita.anvil.Anvil.render(Anvil.java:173)
11-24 15:28:17.191  2257  2257 E Feed    : 	at trikita.anvil.RenderableRecyclerViewAdapter.onBindViewHolder(RenderableRecyclerViewAdapter.java:27)
11-24 15:28:17.191  2257  2257 E Feed    : 	at trikita.anvil.RenderableRecyclerViewAdapter.onBindViewHolder(RenderableRecyclerViewAdapter.java:7)
11-24 15:28:17.191  2257  2257 E Feed    : 	at android.support.v7.widget.RecyclerView$Adapter.onBindViewHolder(RecyclerView.java:5768)
