11-24 14:57:26.717  2256  2256 I MonitoringInstrumentation: Activities that are still in CREATED to STOPPED: 1
11-24 14:57:26.720  2256  2272 I TestRunner: started: whenScrollUpAndPlayFirstItemTest(br.com.catbag.gifreduxsample.ui.giflist.GifListActivityTest)
11-24 14:57:26.747  1237  1725 I ActivityManager: Activity reported stop, but no longer stopping: ActivityRecord{b22c56 u0 com.android.launcher3/.Launcher t3}
11-24 14:57:26.784  2256  2256 I MonitoringInstrumentation: Activities that are still in CREATED to STOPPED: 1
11-24 14:57:26.787  1237  1715 D WindowManager: relayoutVisibleWindow: Window{833e076 u0 com.android.launcher3/com.android.launcher3.Launcher EXITING} mAnimatingExit=true, mRemoveOnExit=false, mDestroying=false
11-24 14:57:26.803  2256  2273 I DroidFlux:Dispatcher: [STARTED] dispatch of action [FAKE_REDUCE_ACTION]
11-24 14:57:26.803  2256  2273 I DroidFlux:Dispatcher: [COMPLETED] dispatch of action [FAKE_REDUCE_ACTION]
11-24 14:57:26.857  2256  2303 D ActivityTestRule: Launching activity br.com.catbag.gifreduxsample.ui.GifListActivity
11-24 14:57:26.859  2256  2304 D MonitoringInstrumentation: execStartActivity(context, ibinder, ibinder, activity, intent, int, bundle
11-24 14:57:26.860  1237  1454 I ActivityManager: START u0 {flg=0x10000000 cmp=br.com.catbag.gifreduxsample/.ui.GifListActivity} from uid 10060 on display 0
11-24 14:57:26.884  1237  1258 I Choreographer: Skipped 35 frames!  The application may be doing too much work on its main thread.
11-24 14:57:26.918  1237  1258 I WindowManager: Destroying surface Surface(name=Starting br.com.catbag.gifreduxsample) called by com.android.server.wm.WindowStateAnimator.destroySurface:2014 com.android.server.wm.WindowStateAnimator.destroySurfaceLocked:881 com.android.server.wm.WindowState.removeLocked:1449 com.android.server.wm.WindowManagerService.removeWindowInnerLocked:2478 com.android.server.wm.AppWindowToken.destroySurfaces:365 com.android.server.wm.WindowStateAnimator.finishExit:565 com.android.server.wm.WindowStateAnimator.stepAnimationLocked:491 com.android.server.wm.WindowAnimator.updateWindowsLocked:303 
11-24 14:57:26.966  2256  2256 D LifecycleMonitor: Lifecycle status change: br.com.catbag.gifreduxsample.ui.GifListActivity@2d6e4e2 in: PRE_ON_CREATE
11-24 14:57:26.979  2256  2256 D LifecycleMonitor: Lifecycle status change: br.com.catbag.gifreduxsample.ui.GifListActivity@2d6e4e2 in: CREATED
11-24 14:57:26.980  2256  2273 I DroidFlux:Dispatcher: [STARTED] dispatch of action [APP_STATE_LOAD]
11-24 14:57:26.980  2256  2273 D DroidFlux:Dispatcher: An action of type [APP_STATE_LOAD] was dispatched, but no reducer handled it
11-24 14:57:26.980  2256  2273 I DroidFlux:Dispatcher: [COMPLETED] dispatch of action [APP_STATE_LOAD]
11-24 14:57:26.981  2256  2256 D LifecycleMonitor: Lifecycle status change: br.com.catbag.gifreduxsample.ui.GifListActivity@2d6e4e2 in: STARTED
11-24 14:57:27.034  2256  2256 D LifecycleMonitor: Lifecycle status change: br.com.catbag.gifreduxsample.ui.GifListActivity@2d6e4e2 in: RESUMED
11-24 14:57:27.039  2256  2256 D LifecycleMonitor: Lifecycle status change: br.com.catbag.gifreduxsample.ui.GifListActivity@468d7f6 in: STOPPED
11-24 14:57:27.039  2256  2256 D LifecycleMonitor: Lifecycle status change: br.com.catbag.gifreduxsample.ui.GifListActivity@468d7f6 in: DESTROYED
11-24 14:57:27.125  1237  1258 I Choreographer: Skipped 45 frames!  The application may be doing too much work on its main thread.
11-24 14:57:27.126  1237  1258 I WindowManager: Destroying surface Surface(name=br.com.catbag.gifreduxsample/br.com.catbag.gifreduxsample.ui.GifListActivity) called by com.android.server.wm.WindowStateAnimator.destroySurface:2014 com.android.server.wm.WindowStateAnimator.destroySurfaceLocked:881 com.android.server.wm.WindowState.destroyOrSaveSurface:2073 com.android.server.wm.AppWindowToken.destroySurfaces:363 com.android.server.wm.WindowStateAnimator.finishExit:565 com.android.server.wm.AppWindowAnimator.stepAnimationLocked:427 com.android.server.wm.WindowAnimator.updateAppWindowsLocked:196 com.android.server.wm.WindowAnimator.animateLocked:678 
11-24 14:57:27.287  2256  2256 W ResourceType: No package identifier when getting name for resource number 0x000000e9
11-24 14:57:27.288  2256  2256 I ViewInteraction: Performing 'scroll RecyclerView to position: 4' action on view with id: 233 (resource name not found)
11-24 14:57:27.357  1237  1258 I ActivityManager: Displayed br.com.catbag.gifreduxsample/.ui.GifListActivity: +413ms
11-24 14:57:27.596  1237  1258 I WindowManager: Destroying surface Surface(name=Starting br.com.catbag.gifreduxsample) called by com.android.server.wm.WindowStateAnimator.destroySurface:2014 com.android.server.wm.WindowStateAnimator.destroySurfaceLocked:881 com.android.server.wm.WindowState.destroyOrSaveSurface:2073 com.android.server.wm.AppWindowToken.destroySurfaces:363 com.android.server.wm.WindowStateAnimator.finishExit:565 com.android.server.wm.WindowStateAnimator.stepAnimationLocked:491 com.android.server.wm.WindowAnimator.updateWindowsLocked:303 com.android.server.wm.WindowAnimator.animateLocked:704 
11-24 14:57:27.658  2256  2256 W ResourceType: No package identifier when getting name for resource number 0x000000e9
11-24 14:57:27.668  2256  2256 W ResourceType: No package identifier when getting name for resource number 0x000000ea
11-24 14:57:27.668  2256  2256 I ViewInteraction: Performing 'actionOnItemAtPosition performing ViewAction: single click on item at position: 0' action on view with id: 234 (resource name not found)
11-24 14:57:27.672  2256  2267 I art     : WaitForGcToComplete blocked for 10.761ms for cause Background
11-24 14:57:27.763  1237  1258 I WindowManager: Destroying surface Surface(name=com.android.launcher3/com.android.launcher3.Launcher) called by com.android.server.wm.WindowStateAnimator.destroySurface:2014 com.android.server.wm.WindowStateAnimator.destroySurfaceLocked:881 com.android.server.wm.WindowState.destroyOrSaveSurface:2073 com.android.server.wm.AppWindowToken.destroySurfaces:363 com.android.server.wm.WindowStateAnimator.finishExit:565 com.android.server.wm.AppWindowAnimator.stepAnimationLocked:427 com.android.server.wm.WindowAnimator.updateAppWindowsLocked:176 com.android.server.wm.WindowAnimator.animateLocked:678 
11-24 14:57:27.793  2256  2273 I DroidFlux:Dispatcher: [STARTED] dispatch of action [GIF_PLAY]
11-24 14:57:27.794  2256  2273 I DroidFlux:Dispatcher: [COMPLETED] dispatch of action [GIF_PLAY]
11-24 14:57:27.929  2256  2267 I art     : Background partial concurrent mark sweep GC freed 12477(839KB) AllocSpace objects, 11(2MB) LOS objects, 29% free, 9MB/13MB, paused 22.138ms total 247.735ms
11-24 14:57:28.615  2256  2256 D LifecycleMonitor: Lifecycle status change: br.com.catbag.gifreduxsample.ui.GifListActivity@2d6e4e2 in: PAUSED
11-24 14:57:28.656  2256  2272 I TestRunner: finished: whenScrollUpAndPlayFirstItemTest(br.com.catbag.gifreduxsample.ui.giflist.GifListActivityTest)
11-24 14:57:28.730   978   978 D gralloc : Registering a buffer in the process that created it. This may cause memory ordering problems.
11-24 14:57:28.731   978   978 E libEGL  : called unimplemented OpenGL ES API
11-24 14:57:28.732   978   978 E SurfaceFlinger: glCheckFramebufferStatusOES error 1249757531
11-24 14:57:28.732   978   978 E SurfaceFlinger: got GL_FRAMEBUFFER_COMPLETE_OES error while taking screenshot
11-24 14:57:28.734  1237  1249 W WindowManager: Screenshot failure taking screenshot for (480x800) to layer 21005
11-24 14:57:28.745  2256  2256 I MonitoringInstrumentation: Activities that are still in CREATED to STOPPED: 1
11-24 14:57:28.749  2256  2272 I TestRunner: started: whenGifIsDownloadedTest(br.com.catbag.gifreduxsample.ui.giflist.GifListActivityTest)
11-24 14:57:28.877  2256  2256 I MonitoringInstrumentation: Activities that are still in CREATED to STOPPED: 1
11-24 14:57:28.971  2256  2273 I DroidFlux:Dispatcher: [STARTED] dispatch of action [FAKE_REDUCE_ACTION]
11-24 14:57:28.971  2256  2273 I DroidFlux:Dispatcher: [COMPLETED] dispatch of action [FAKE_REDUCE_ACTION]
11-24 14:57:29.016  2256  2305 D ActivityTestRule: Launching activity br.com.catbag.gifreduxsample.ui.GifListActivity
11-24 14:57:29.068  2256  2306 D MonitoringInstrumentation: execStartActivity(context, ibinder, ibinder, activity, intent, int, bundle
11-24 14:57:29.077  1237  1716 I ActivityManager: START u0 {flg=0x10000000 cmp=br.com.catbag.gifreduxsample/.ui.GifListActivity} from uid 10060 on display 0
11-24 14:57:29.079  1763  1763 I Choreographer: Skipped 57 frames!  The application may be doing too much work on its main thread.
11-24 14:57:29.171  2256  2256 D LifecycleMonitor: Lifecycle status change: br.com.catbag.gifreduxsample.ui.GifListActivity@d2cbd76 in: PRE_ON_CREATE
11-24 14:57:29.196  2256  2256 D LifecycleMonitor: Lifecycle status change: br.com.catbag.gifreduxsample.ui.GifListActivity@d2cbd76 in: CREATED
11-24 14:57:29.217  2256  2256 D LifecycleMonitor: Lifecycle status change: br.com.catbag.gifreduxsample.ui.GifListActivity@d2cbd76 in: STARTED
11-24 14:57:29.227  2256  2273 I DroidFlux:Dispatcher: [STARTED] dispatch of action [APP_STATE_LOAD]
11-24 14:57:29.228  2256  2273 D DroidFlux:Dispatcher: An action of type [APP_STATE_LOAD] was dispatched, but no reducer handled it
11-24 14:57:29.228  2256  2273 I DroidFlux:Dispatcher: [COMPLETED] dispatch of action [APP_STATE_LOAD]
11-24 14:57:29.243  2256  2256 D LifecycleMonitor: Lifecycle status change: br.com.catbag.gifreduxsample.ui.GifListActivity@d2cbd76 in: RESUMED
11-24 14:57:29.525  1237  1258 I ActivityManager: Displayed br.com.catbag.gifreduxsample/.ui.GifListActivity: +387ms
11-24 14:57:29.623  2256  2272 I TestRunner: finished: whenGifIsDownloadedTest(br.com.catbag.gifreduxsample.ui.giflist.GifListActivityTest)
11-24 14:57:29.638  2256  2256 D LifecycleMonitor: Lifecycle status change: br.com.catbag.gifreduxsample.ui.GifListActivity@d2cbd76 in: PAUSED
11-24 14:57:29.683   978   978 D gralloc : Registering a buffer in the process that created it. This may cause memory ordering problems.
11-24 14:57:29.683   978   978 E SurfaceFlinger: glCheckFramebufferStatusOES error 1249757531
11-24 14:57:29.683   978   978 E SurfaceFlinger: got GL_FRAMEBUFFER_COMPLETE_OES error while taking screenshot
11-24 14:57:29.693  1237  1716 W WindowManager: Screenshot failure taking screenshot for (480x800) to layer 22015
11-24 14:57:29.705  1237  1249 D WindowManager: relayoutVisibleWindow: Window{833e076 u0 com.android.launcher3/com.android.launcher3.Launcher EXITING} mAnimatingExit=true, mRemoveOnExit=false, mDestroying=false
11-24 14:57:29.733  2256  2256 I MonitoringInstrumentation: Activities that are still in CREATED to STOPPED: 2
11-24 14:57:29.735  2256  2272 I TestRunner: started: whenPlayGifTest(br.com.catbag.gifreduxsample.ui.giflist.GifListActivityTest)
11-24 14:57:29.739  2256  2256 I MonitoringInstrumentation: Activities that are still in CREATED to STOPPED: 2
11-24 14:57:29.786  2256  2273 I DroidFlux:Dispatcher: [STARTED] dispatch of action [FAKE_REDUCE_ACTION]
11-24 14:57:29.786  2256  2273 I DroidFlux:Dispatcher: [COMPLETED] dispatch of action [FAKE_REDUCE_ACTION]
11-24 14:57:29.789  2256  2307 D ActivityTestRule: Launching activity br.com.catbag.gifreduxsample.ui.GifListActivity
11-24 14:57:29.790  2256  2308 D MonitoringInstrumentation: execStartActivity(context, ibinder, ibinder, activity, intent, int, bundle
11-24 14:57:29.792  1237  1314 I ActivityManager: START u0 {flg=0x10000000 cmp=br.com.catbag.gifreduxsample/.ui.GifListActivity} from uid 10060 on display 0
11-24 14:57:29.815  1237  1258 W art     : Long monitor contention with owner Binder:1237_9 (1716) at android.graphics.Bitmap com.android.server.wm.WindowManagerService.screenshotApplicationsInner(android.os.IBinder, int, int, int, boolean, float, android.graphics.Bitmap$Config)(WindowManagerService.java:6252) waiters=1 in void com.android.server.wm.WindowManagerService$H.handleMessage(android.os.Message) for 137ms
11-24 14:57:29.889  2256  2256 D LifecycleMonitor: Lifecycle status change: br.com.catbag.gifreduxsample.ui.GifListActivity@9206d2d in: PRE_ON_CREATE
11-24 14:57:29.898  2256  2256 D LifecycleMonitor: Lifecycle status change: br.com.catbag.gifreduxsample.ui.GifListActivity@9206d2d in: CREATED
11-24 14:57:29.899  2256  2273 I DroidFlux:Dispatcher: [STARTED] dispatch of action [APP_STATE_LOAD]
11-24 14:57:29.900  2256  2273 D DroidFlux:Dispatcher: An action of type [APP_STATE_LOAD] was dispatched, but no reducer handled it
11-24 14:57:29.900  2256  2273 I DroidFlux:Dispatcher: [COMPLETED] dispatch of action [APP_STATE_LOAD]
11-24 14:57:29.900  2256  2256 D LifecycleMonitor: Lifecycle status change: br.com.catbag.gifreduxsample.ui.GifListActivity@9206d2d in: STARTED
11-24 14:57:29.900  2256  2256 D LifecycleMonitor: Lifecycle status change: br.com.catbag.gifreduxsample.ui.GifListActivity@9206d2d in: RESUMED
11-24 14:57:29.917  1237  1258 I Choreographer: Skipped 69 frames!  The application may be doing too much work on its main thread.
11-24 14:57:29.994  1237  1258 I WindowManager: Destroying surface Surface(name=Starting br.com.catbag.gifreduxsample) called by com.android.server.wm.WindowStateAnimator.destroySurface:2014 com.android.server.wm.WindowStateAnimator.destroySurfaceLocked:881 com.android.server.wm.WindowState.removeLocked:1449 com.android.server.wm.WindowManagerService.removeWindowInnerLocked:2478 com.android.server.wm.AppWindowToken.destroySurfaces:365 com.android.server.wm.WindowStateAnimator.finishExit:565 com.android.server.wm.WindowStateAnimator.stepAnimationLocked:491 com.android.server.wm.WindowAnimator.updateWindowsLocked:303 
11-24 14:57:30.108  2256  2256 I ViewInteraction: Performing 'single click' action on view with id: br.com.catbag.gifreduxsample:id/gif_image
11-24 14:57:30.169  2256  2273 I DroidFlux:Dispatcher: [STARTED] dispatch of action [GIF_PLAY]
11-24 14:57:30.170  2256  2273 I DroidFlux:Dispatcher: [COMPLETED] dispatch of action [GIF_PLAY]
11-24 14:57:30.187  1237  1258 I ActivityManager: Displayed br.com.catbag.gifreduxsample/.ui.GifListActivity: +327ms
11-24 14:57:30.247   986  1026 D AudioFlinger: mixer(0xac1838c0) throttle end: throttle time(8)
11-24 14:57:30.427  1237  1258 I WindowManager: Destroying surface Surface(name=Starting br.com.catbag.gifreduxsample) called by com.android.server.wm.WindowStateAnimator.destroySurface:2014 com.android.server.wm.WindowStateAnimator.destroySurfaceLocked:881 com.android.server.wm.WindowState.destroyOrSaveSurface:2073 com.android.server.wm.AppWindowToken.destroySurfaces:363 com.android.server.wm.WindowStateAnimator.finishExit:565 com.android.server.wm.WindowStateAnimator.stepAnimationLocked:491 com.android.server.wm.WindowAnimator.updateWindowsLocked:303 com.android.server.wm.WindowAnimator.animateLocked:704 
11-24 14:57:30.951  2256  2256 D LifecycleMonitor: Lifecycle status change: br.com.catbag.gifreduxsample.ui.GifListActivity@9206d2d in: PAUSED
11-24 14:57:30.986  2256  2272 I TestRunner: finished: whenPlayGifTest(br.com.catbag.gifreduxsample.ui.giflist.GifListActivityTest)
11-24 14:57:31.000  1237  1703 I WindowManager: Destroying surface Surface(name=com.android.launcher3/com.android.launcher3.Launcher) called by com.android.server.wm.WindowStateAnimator.destroySurface:2014 com.android.server.wm.WindowStateAnimator.destroySurfaceLocked:881 com.android.server.wm.WindowState.destroyOrSaveSurface:2073 com.android.server.wm.AppWindowToken.destroySurfaces:363 com.android.server.wm.AppWindowToken.notifyAppStopped:389 com.android.server.wm.WindowManagerService.notifyAppStopped:4456 com.android.server.am.ActivityStack.activityStoppedLocked:1252 com.android.server.am.ActivityManagerService.activityStopped:6873 
11-24 14:57:31.041   978   978 D gralloc : Registering a buffer in the process that created it. This may cause memory ordering problems.
11-24 14:57:31.042   978   978 E libEGL  : called unimplemented OpenGL ES API
11-24 14:57:31.043   978   978 E SurfaceFlinger: glCheckFramebufferStatusOES error 1249757531
11-24 14:57:31.043   978   978 E SurfaceFlinger: got GL_FRAMEBUFFER_COMPLETE_OES error while taking screenshot
11-24 14:57:31.045  1237  1471 W WindowManager: Screenshot failure taking screenshot for (480x800) to layer 21015
11-24 14:57:31.056  2256  2256 D LifecycleMonitor: Lifecycle status change: br.com.catbag.gifreduxsample.ui.GifListActivity@d2cbd76 in: STOPPED
11-24 14:57:31.057  2256  2256 D LifecycleMonitor: Lifecycle status change: br.com.catbag.gifreduxsample.ui.GifListActivity@d2cbd76 in: DESTROYED
11-24 14:57:31.060  1237  1703 I WindowManager: Destroying surface Surface(name=br.com.catbag.gifreduxsample/br.com.catbag.gifreduxsample.ui.GifListActivity) called by com.android.server.wm.WindowStateAnimator.destroySurface:2014 com.android.server.wm.WindowStateAnimator.destroySurfaceLocked:881 com.android.server.wm.WindowState.removeLocked:1449 com.android.server.wm.WindowManagerService.removeWindowInnerLocked:2478 com.android.server.wm.WindowManagerService.removeWindowLocked:2436 com.android.server.wm.WindowManagerService.removeWindowLocked:2305 com.android.server.wm.WindowManagerService.removeWindow:2300 com.android.server.wm.Session.remove:193 
11-24 14:57:31.065  2256  2256 D LifecycleMonitor: Lifecycle status change: br.com.catbag.gifreduxsample.ui.GifListActivity@2d6e4e2 in: STOPPED
11-24 14:57:31.066  2256  2256 D LifecycleMonitor: Lifecycle status change: br.com.catbag.gifreduxsample.ui.GifListActivity@2d6e4e2 in: DESTROYED
11-24 14:57:31.068  1237  1716 I WindowManager: Destroying surface Surface(name=br.com.catbag.gifreduxsample/br.com.catbag.gifreduxsample.ui.GifListActivity) called by com.android.server.wm.WindowStateAnimator.destroySurface:2014 com.android.server.wm.WindowStateAnimator.destroySurfaceLocked:881 com.android.server.wm.WindowState.removeLocked:1449 com.android.server.wm.WindowManagerService.removeWindowInnerLocked:2478 com.android.server.wm.WindowManagerService.removeWindowLocked:2436 com.android.server.wm.WindowManagerService.removeWindowLocked:2305 com.android.server.wm.WindowManagerService.removeWindow:2300 com.android.server.wm.Session.remove:193 
11-24 14:57:31.113  2256  2256 I MonitoringInstrumentation: Activities that are still in CREATED to STOPPED: 1
11-24 14:57:31.114  2256  2272 I TestRunner: started: whenGifDownloadFailTest(br.com.catbag.gifreduxsample.ui.giflist.GifListActivityTest)
11-24 14:57:31.329  2256  2256 I MonitoringInstrumentation: Activities that are still in CREATED to STOPPED: 1
11-24 14:57:31.354  2256  2273 I DroidFlux:Dispatcher: [STARTED] dispatch of action [FAKE_REDUCE_ACTION]
11-24 14:57:31.355  2256  2273 I DroidFlux:Dispatcher: [COMPLETED] dispatch of action [FAKE_REDUCE_ACTION]
11-24 14:57:31.382  1237  1244 I art     : Background sticky concurrent mark sweep GC freed 33074(2MB) AllocSpace objects, 7(140KB) LOS objects, 27% free, 7MB/10MB, paused 7.020ms total 472.326ms
11-24 14:57:31.657  2256  2309 D ActivityTestRule: Launching activity br.com.catbag.gifreduxsample.ui.GifListActivity
11-24 14:57:31.687  2256  2256 D LifecycleMonitor: Lifecycle status change: br.com.catbag.gifreduxsample.ui.GifListActivity@9206d2d in: STOPPED
11-24 14:57:31.687  2256  2256 D LifecycleMonitor: Lifecycle status change: br.com.catbag.gifreduxsample.ui.GifListActivity@9206d2d in: DESTROYED
11-24 14:57:31.696  2256  2310 D MonitoringInstrumentation: execStartActivity(context, ibinder, ibinder, activity, intent, int, bundle
11-24 14:57:31.697  1237  1454 I ActivityManager: START u0 {flg=0x10000000 cmp=br.com.catbag.gifreduxsample/.ui.GifListActivity} from uid 10060 on display 0
11-24 14:57:31.864  1237  1258 I Choreographer: Skipped 49 frames!  The application may be doing too much work on its main thread.
11-24 14:57:31.866  1237  1258 I WindowManager: Destroying surface Surface(name=br.com.catbag.gifreduxsample/br.com.catbag.gifreduxsample.ui.GifListActivity) called by com.android.server.wm.WindowStateAnimator.destroySurface:2014 com.android.server.wm.WindowStateAnimator.destroySurfaceLocked:881 com.android.server.wm.WindowState.removeLocked:1449 com.android.server.wm.WindowManagerService.removeWindowInnerLocked:2478 com.android.server.wm.AppWindowToken.destroySurfaces:365 com.android.server.wm.WindowStateAnimator.finishExit:565 com.android.server.wm.AppWindowAnimator.stepAnimationLocked:427 com.android.server.wm.WindowAnimator.updateAppWindowsLocked:196 
11-24 14:57:31.927  2256  2256 D LifecycleMonitor: Lifecycle status change: br.com.catbag.gifreduxsample.ui.GifListActivity@407bf1a in: PRE_ON_CREATE
11-24 14:57:32.034  2256  2256 D LifecycleMonitor: Lifecycle status change: br.com.catbag.gifreduxsample.ui.GifListActivity@407bf1a in: CREATED
11-24 14:57:32.040  2256  2273 I DroidFlux:Dispatcher: [STARTED] dispatch of action [APP_STATE_LOAD]
11-24 14:57:32.041  2256  2273 D DroidFlux:Dispatcher: An action of type [APP_STATE_LOAD] was dispatched, but no reducer handled it
11-24 14:57:32.041  2256  2273 I DroidFlux:Dispatcher: [COMPLETED] dispatch of action [APP_STATE_LOAD]
11-24 14:57:32.051  2256  2256 D LifecycleMonitor: Lifecycle status change: br.com.catbag.gifreduxsample.ui.GifListActivity@407bf1a in: STARTED
11-24 14:57:32.055  2256  2256 D LifecycleMonitor: Lifecycle status change: br.com.catbag.gifreduxsample.ui.GifListActivity@407bf1a in: RESUMED
11-24 14:57:32.247  1237  1258 I ActivityManager: Displayed br.com.catbag.gifreduxsample/.ui.GifListActivity: +441ms
11-24 14:57:32.448  2256  2272 I TestRunner: finished: whenGifDownloadFailTest(br.com.catbag.gifreduxsample.ui.giflist.GifListActivityTest)
11-24 14:57:32.463  2256  2256 D LifecycleMonitor: Lifecycle status change: br.com.catbag.gifreduxsample.ui.GifListActivity@407bf1a in: PAUSED
11-24 14:57:32.529   978   978 D gralloc : Registering a buffer in the process that created it. This may cause memory ordering problems.
11-24 14:57:32.529   978   978 E libEGL  : called unimplemented OpenGL ES API
11-24 14:57:32.529   978   978 E SurfaceFlinger: glCheckFramebufferStatusOES error 1249757531
11-24 14:57:32.529   978   978 E SurfaceFlinger: got GL_FRAMEBUFFER_COMPLETE_OES error while taking screenshot
11-24 14:57:32.531  1237  1725 W WindowManager: Screenshot failure taking screenshot for (480x800) to layer 22010
11-24 14:57:32.596  2256  2256 I MonitoringInstrumentation: Activities that are still in CREATED to STOPPED: 1
11-24 14:57:32.597  2256  2256 I Choreographer: Skipped 30 frames!  The application may be doing too much work on its main thread.
11-24 14:57:32.599  2256  2272 I TestRunner: started: whenPauseGifTest(br.com.catbag.gifreduxsample.ui.giflist.GifListActivityTest)
11-24 14:57:32.605  2256  2256 I MonitoringInstrumentation: Activities that are still in CREATED to STOPPED: 1
11-24 14:57:32.633  1237  1258 I Choreographer: Skipped 46 frames!  The application may be doing too much work on its main thread.
11-24 14:57:32.637  1237  1258 I WindowManager: Destroying surface Surface(name=Starting br.com.catbag.gifreduxsample) called by com.android.server.wm.WindowStateAnimator.destroySurface:2014 com.android.server.wm.WindowStateAnimator.destroySurfaceLocked:881 com.android.server.wm.WindowState.removeLocked:1449 com.android.server.wm.WindowManagerService.removeWindowInnerLocked:2478 com.android.server.wm.AppWindowToken.destroySurfaces:365 com.android.server.wm.WindowStateAnimator.finishExit:565 com.android.server.wm.WindowStateAnimator.stepAnimationLocked:491 com.android.server.wm.WindowAnimator.updateWindowsLocked:303 
11-24 14:57:32.746  2256  2273 I DroidFlux:Dispatcher: [STARTED] dispatch of action [FAKE_REDUCE_ACTION]
11-24 14:57:32.747  2256  2273 I DroidFlux:Dispatcher: [COMPLETED] dispatch of action [FAKE_REDUCE_ACTION]
11-24 14:57:32.798  2256  2311 D ActivityTestRule: Launching activity br.com.catbag.gifreduxsample.ui.GifListActivity
11-24 14:57:32.865  2256  2312 D MonitoringInstrumentation: execStartActivity(context, ibinder, ibinder, activity, intent, int, bundle
11-24 14:57:32.866  1237  1314 I ActivityManager: START u0 {flg=0x10000000 cmp=br.com.catbag.gifreduxsample/.ui.GifListActivity} from uid 10060 on display 0
11-24 14:57:33.014  2256  2256 D LifecycleMonitor: Lifecycle status change: br.com.catbag.gifreduxsample.ui.GifListActivity@8589021 in: PRE_ON_CREATE
11-24 14:57:33.026  1237  1258 I Choreographer: Skipped 31 frames!  The application may be doing too much work on its main thread.
11-24 14:57:33.051  2256  2256 D LifecycleMonitor: Lifecycle status change: br.com.catbag.gifreduxsample.ui.GifListActivity@8589021 in: CREATED
11-24 14:57:33.053  2256  2273 I DroidFlux:Dispatcher: [STARTED] dispatch of action [APP_STATE_LOAD]
11-24 14:57:33.053  2256  2273 D DroidFlux:Dispatcher: An action of type [APP_STATE_LOAD] was dispatched, but no reducer handled it
11-24 14:57:33.054  2256  2273 I DroidFlux:Dispatcher: [COMPLETED] dispatch of action [APP_STATE_LOAD]
11-24 14:57:33.061  2256  2256 D LifecycleMonitor: Lifecycle status change: br.com.catbag.gifreduxsample.ui.GifListActivity@8589021 in: STARTED
11-24 14:57:33.084  2256  2256 D LifecycleMonitor: Lifecycle status change: br.com.catbag.gifreduxsample.ui.GifListActivity@8589021 in: RESUMED
11-24 14:57:33.105  2256  2256 D LifecycleMonitor: Lifecycle status change: br.com.catbag.gifreduxsample.ui.GifListActivity@407bf1a in: STOPPED
11-24 14:57:33.105  2256  2256 D LifecycleMonitor: Lifecycle status change: br.com.catbag.gifreduxsample.ui.GifListActivity@407bf1a in: DESTROYED
11-24 14:57:33.161  1237  1258 I WindowManager: Destroying surface Surface(name=br.com.catbag.gifreduxsample/br.com.catbag.gifreduxsample.ui.GifListActivity) called by com.android.server.wm.WindowStateAnimator.destroySurface:2014 com.android.server.wm.WindowStateAnimator.destroySurfaceLocked:881 com.android.server.wm.WindowState.destroyOrSaveSurface:2073 com.android.server.wm.AppWindowToken.destroySurfaces:363 com.android.server.wm.WindowStateAnimator.finishExit:565 com.android.server.wm.WindowStateAnimator.stepAnimationLocked:491 com.android.server.wm.WindowAnimator.updateWindowsLocked:303 com.android.server.wm.WindowAnimator.animateLocked:704 
11-24 14:57:33.292  1237  1703 W InputMethodManagerService: Starting input on non-focused client com.android.internal.view.IInputMethodClient$Stub$Proxy@2ef1c8a (uid=10012 pid=1763)
11-24 14:57:33.387  1237  1258 I ActivityManager: Displayed br.com.catbag.gifreduxsample/.ui.GifListActivity: +391ms
11-24 14:57:33.441  2256  2256 I ViewInteraction: Performing 'single click' action on view with id: br.com.catbag.gifreduxsample:id/gif_image
11-24 14:57:33.591  2256  2273 I DroidFlux:Dispatcher: [STARTED] dispatch of action [GIF_PAUSE]
11-24 14:57:33.595  1237  1258 I WindowManager: Destroying surface Surface(name=Starting br.com.catbag.gifreduxsample) called by com.android.server.wm.WindowStateAnimator.destroySurface:2014 com.android.server.wm.WindowStateAnimator.destroySurfaceLocked:881 com.android.server.wm.WindowState.destroyOrSaveSurface:2073 com.android.server.wm.AppWindowToken.destroySurfaces:363 com.android.server.wm.WindowStateAnimator.finishExit:565 com.android.server.wm.WindowStateAnimator.stepAnimationLocked:491 com.android.server.wm.WindowAnimator.updateWindowsLocked:303 com.android.server.wm.WindowAnimator.animateLocked:704 
11-24 14:57:33.602   986  1026 D AudioFlinger: mixer(0xac1838c0) throttle end: throttle time(11)
11-24 14:57:33.622   986  1026 D AudioFlinger: mixer(0xac1838c0) throttle end: throttle time(11)
11-24 14:57:33.626  2256  2273 I DroidFlux:Dispatcher: [COMPLETED] dispatch of action [GIF_PAUSE]
11-24 14:57:34.155  1237  1454 I WindowManager: Destroying surface Surface(name=com.android.launcher3/com.android.launcher3.Launcher) called by com.android.server.wm.WindowStateAnimator.destroySurface:2014 com.android.server.wm.WindowStateAnimator.destroySurfaceLocked:881 com.android.server.wm.WindowState.destroyOrSaveSurface:2073 com.android.server.wm.AppWindowToken.destroySurfaces:363 com.android.server.wm.AppWindowToken.notifyAppStopped:389 com.android.server.wm.WindowManagerService.notifyAppStopped:4456 com.android.server.am.ActivityStack.activityStoppedLocked:1252 com.android.server.am.ActivityManagerService.activityStopped:6873 
11-24 14:57:34.228  2256  2272 I TestRunner: finished: whenPauseGifTest(br.com.catbag.gifreduxsample.ui.giflist.GifListActivityTest)
11-24 14:57:34.239  2256  2256 D LifecycleMonitor: Lifecycle status change: br.com.catbag.gifreduxsample.ui.GifListActivity@8589021 in: PAUSED
11-24 14:57:34.287   978   978 D gralloc : Registering a buffer in the process that created it. This may cause memory ordering problems.
11-24 14:57:34.288   978   978 E libEGL  : called unimplemented OpenGL ES API
11-24 14:57:34.288   978   978 E SurfaceFlinger: glCheckFramebufferStatusOES error 1249757531
11-24 14:57:34.288   978   978 E SurfaceFlinger: got GL_FRAMEBUFFER_COMPLETE_OES error while taking screenshot
11-24 14:57:34.290  1237  1725 W WindowManager: Screenshot failure taking screenshot for (480x800) to layer 21005
11-24 14:57:34.338  2256  2256 I MonitoringInstrumentation: Activities that are still in CREATED to STOPPED: 1
11-24 14:57:34.339  2256  2272 I TestRunner: started: whenLoadMultipleGifsOnAppStateTest(br.com.catbag.gifreduxsample.ui.giflist.GifListActivityTest)
11-24 14:57:34.348  2256  2256 I MonitoringInstrumentation: Activities that are still in CREATED to STOPPED: 1
11-24 14:57:34.396  2256  2273 I DroidFlux:Dispatcher: [STARTED] dispatch of action [FAKE_REDUCE_ACTION]
11-24 14:57:34.397  2256  2273 I DroidFlux:Dispatcher: [COMPLETED] dispatch of action [FAKE_REDUCE_ACTION]
11-24 14:57:34.399  2256  2313 D ActivityTestRule: Launching activity br.com.catbag.gifreduxsample.ui.GifListActivity
11-24 14:57:34.400  2256  2314 D MonitoringInstrumentation: execStartActivity(context, ibinder, ibinder, activity, intent, int, bundle
11-24 14:57:34.401  1237  1725 I ActivityManager: START u0 {flg=0x10000000 cmp=br.com.catbag.gifreduxsample/.ui.GifListActivity} from uid 10060 on display 0
11-24 14:57:34.485  1237  1258 I Choreographer: Skipped 32 frames!  The application may be doing too much work on its main thread.
11-24 14:57:34.494  2256  2256 D LifecycleMonitor: Lifecycle status change: br.com.catbag.gifreduxsample.ui.GifListActivity@ca6d37e in: PRE_ON_CREATE
11-24 14:57:34.521  2256  2256 D LifecycleMonitor: Lifecycle status change: br.com.catbag.gifreduxsample.ui.GifListActivity@ca6d37e in: CREATED
11-24 14:57:34.574  2256  2273 I DroidFlux:Dispatcher: [STARTED] dispatch of action [APP_STATE_LOAD]
11-24 14:57:34.574  2256  2273 D DroidFlux:Dispatcher: An action of type [APP_STATE_LOAD] was dispatched, but no reducer handled it
11-24 14:57:34.575  2256  2273 I DroidFlux:Dispatcher: [COMPLETED] dispatch of action [APP_STATE_LOAD]
11-24 14:57:34.575  2256  2256 D LifecycleMonitor: Lifecycle status change: br.com.catbag.gifreduxsample.ui.GifListActivity@ca6d37e in: STARTED
11-24 14:57:34.576  2256  2256 D LifecycleMonitor: Lifecycle status change: br.com.catbag.gifreduxsample.ui.GifListActivity@ca6d37e in: RESUMED
11-24 14:57:34.699  2256  2256 D LifecycleMonitor: Lifecycle status change: br.com.catbag.gifreduxsample.ui.GifListActivity@8589021 in: STOPPED
11-24 14:57:34.700  2256  2256 D LifecycleMonitor: Lifecycle status change: br.com.catbag.gifreduxsample.ui.GifListActivity@8589021 in: DESTROYED
11-24 14:57:34.721  1237  1258 I ActivityManager: Displayed br.com.catbag.gifreduxsample/.ui.GifListActivity: +283ms
11-24 14:57:34.740  2256  2256 W ResourceType: No package identifier when getting name for resource number 0x000000f5
11-24 14:57:34.740  2256  2256 I ViewInteraction: Performing 'scroll RecyclerView to position: 2' action on view with id: 245 (resource name not found)
11-24 14:57:34.800  2256  2261 I art     : Do partial code cache collection, code=120KB, data=122KB
11-24 14:57:34.801  2256  2261 I art     : After code cache collection, code=119KB, data=121KB
11-24 14:57:34.801  2256  2261 I art     : Increasing code cache capacity to 512KB
11-24 14:57:34.847  1237  1653 I WindowManager: Destroying surface Surface(name=com.android.launcher3/com.android.launcher3.Launcher) called by com.android.server.wm.WindowStateAnimator.destroySurface:2014 com.android.server.wm.WindowStateAnimator.destroySurfaceLocked:881 com.android.server.wm.WindowState.destroyOrSaveSurface:2073 com.android.server.wm.AppWindowToken.destroySurfaces:363 com.android.server.wm.AppWindowToken.notifyAppStopped:389 com.android.server.wm.WindowManagerService.notifyAppStopped:4456 com.android.server.am.ActivityStack.activityStoppedLocked:1252 com.android.server.am.ActivityManagerService.activityStopped:6873 
11-24 14:57:34.965  1237  1258 I WindowManager: Destroying surface Surface(name=Starting br.com.catbag.gifreduxsample) called by com.android.server.wm.WindowStateAnimator.destroySurface:2014 com.android.server.wm.WindowStateAnimator.destroySurfaceLocked:881 com.android.server.wm.WindowState.destroyOrSaveSurface:2073 com.android.server.wm.AppWindowToken.destroySurfaces:363 com.android.server.wm.WindowStateAnimator.finishExit:565 com.android.server.wm.WindowStateAnimator.stepAnimationLocked:491 com.android.server.wm.WindowAnimator.updateWindowsLocked:303 com.android.server.wm.WindowAnimator.animateLocked:704 
11-24 14:57:35.018  2256  2256 W ResourceType: No package identifier when getting name for resource number 0x000000f5
11-24 14:57:35.030  2256  2256 W ResourceType: No package identifier when getting name for resource number 0x000000fc
11-24 14:57:35.030  2256  2256 I ViewInteraction: Performing 'scroll RecyclerView to position: 3' action on view with id: 252 (resource name not found)
11-24 14:57:35.053  1237  1258 I WindowManager: Destroying surface Surface(name=br.com.catbag.gifreduxsample/br.com.catbag.gifreduxsample.ui.GifListActivity) called by com.android.server.wm.WindowStateAnimator.destroySurface:2014 com.android.server.wm.WindowStateAnimator.destroySurfaceLocked:881 com.android.server.wm.WindowState.removeLocked:1449 com.android.server.wm.WindowManagerService.removeWindowInnerLocked:2478 com.android.server.wm.AppWindowToken.destroySurfaces:365 com.android.server.wm.WindowStateAnimator.finishExit:565 com.android.server.wm.AppWindowAnimator.stepAnimationLocked:427 com.android.server.wm.WindowAnimator.updateAppWindowsLocked:196 
11-24 14:57:35.375  2256  2256 W ResourceType: No package identifier when getting name for resource number 0x000000fc
11-24 14:57:35.407  2256  2256 W ResourceType: No package identifier when getting name for resource number 0x00000103
11-24 14:57:35.407  2256  2256 I ViewInteraction: Performing 'scroll RecyclerView to position: 4' action on view with id: 259 (resource name not found)
11-24 14:57:35.510  2256  2267 I art     : Background sticky concurrent mark sweep GC freed 22485(1489KB) AllocSpace objects, 6(128KB) LOS objects, 10% free, 12MB/13MB, paused 5.119ms total 127.806ms
11-24 14:57:35.735  2256  2256 W ResourceType: No package identifier when getting name for resource number 0x00000103
11-24 14:57:35.749  2256  2256 W ResourceType: No package identifier when getting name for resource number 0x0000010a
11-24 14:57:35.749  2256  2256 I ViewInteraction: Performing 'scroll RecyclerView to position: 5' action on view with id: 266 (resource name not found)
11-24 14:57:35.888  1237  1323 E TaskPersister: File error accessing recents directory (directory doesn't exist?).
11-24 14:57:36.030  2256  2256 W ResourceType: No package identifier when getting name for resource number 0x0000010a
11-24 14:57:36.040  2256  2256 W ResourceType: No package identifier when getting name for resource number 0x00000111
11-24 14:57:36.040  2256  2256 I ViewInteraction: Performing 'scroll RecyclerView to position: 6' action on view with id: 273 (resource name not found)
11-24 14:57:36.129  2256  2267 I art     : Background sticky concurrent mark sweep GC freed 6886(652KB) AllocSpace objects, 6(128KB) LOS objects, 6% free, 12MB/13MB, paused 6.449ms total 64.386ms
11-24 14:57:36.356  2256  2256 W ResourceType: No package identifier when getting name for resource number 0x00000111
11-24 14:57:36.377  2256  2256 W ResourceType: No package identifier when getting name for resource number 0x00000118
11-24 14:57:36.377  2256  2256 I ViewInteraction: Performing 'scroll RecyclerView to position: 7' action on view with id: 280 (resource name not found)
11-24 14:57:36.697  2256  2256 W ResourceType: No package identifier when getting name for resource number 0x00000118
11-24 14:57:36.721  2256  2256 W ResourceType: No package identifier when getting name for resource number 0x0000011f
11-24 14:57:36.721  2256  2256 I ViewInteraction: Performing 'scroll RecyclerView to position: 8' action on view with id: 287 (resource name not found)
11-24 14:57:36.791  2256  2267 I art     : Background sticky concurrent mark sweep GC freed 6884(654KB) AllocSpace objects, 6(128KB) LOS objects, 2% free, 13MB/13MB, paused 5.693ms total 89.268ms
11-24 14:57:37.036  2256  2256 W ResourceType: No package identifier when getting name for resource number 0x0000011f
11-24 14:57:37.056  2256  2256 W ResourceType: No package identifier when getting name for resource number 0x00000126
11-24 14:57:37.056  2256  2256 I ViewInteraction: Performing 'scroll RecyclerView to position: 9' action on view with id: 294 (resource name not found)
11-24 14:57:37.138  2256  2267 I art     : Background partial concurrent mark sweep GC freed 7969(551KB) AllocSpace objects, 3(64KB) LOS objects, 22% free, 13MB/17MB, paused 5.274ms total 95.375ms
11-24 14:57:37.350  2256  2256 W ResourceType: No package identifier when getting name for resource number 0x00000126
11-24 14:57:37.391  2256  2272 I TestRunner: finished: whenLoadMultipleGifsOnAppStateTest(br.com.catbag.gifreduxsample.ui.giflist.GifListActivityTest)
11-24 14:57:37.416  2256  2256 D LifecycleMonitor: Lifecycle status change: br.com.catbag.gifreduxsample.ui.GifListActivity@ca6d37e in: PAUSED
11-24 14:57:37.452   978   978 D gralloc : Registering a buffer in the process that created it. This may cause memory ordering problems.
11-24 14:57:37.452   978   978 E libEGL  : called unimplemented OpenGL ES API
11-24 14:57:37.453   978   978 E SurfaceFlinger: glCheckFramebufferStatusOES error 1249757531
11-24 14:57:37.453   978   978 E SurfaceFlinger: got GL_FRAMEBUFFER_COMPLETE_OES error while taking screenshot
11-24 14:57:37.465  1237  1314 W WindowManager: Screenshot failure taking screenshot for (480x800) to layer 21005
11-24 14:57:37.485  2256  2256 I MonitoringInstrumentation: Activities that are still in CREATED to STOPPED: 1
11-24 14:57:37.490  2256  2272 I TestRunner: run finished: 15 tests, 0 failed, 0 ignored
11-24 14:57:37.555  1237  1258 I Choreographer: Skipped 31 frames!  The application may be doing too much work on its main thread.
11-24 14:57:37.715  1237  1471 W art     : Long monitor contention with owner Binder:1237_4 (1454) at int com.android.server.wm.WindowManagerService.relayoutWindow(com.android.server.wm.Session, android.view.IWindow, int, android.view.WindowManager$LayoutParams, int, int, int, int, android.graphics.Rect, android.graphics.Rect, android.graphics.Rect, android.graphics.Rect, android.graphics.Rect, android.graphics.Rect, android.graphics.Rect, android.content.res.Configuration, android.view.Surface)(WindowManagerService.java:2759) waiters=1 in void com.android.server.wm.WindowManagerService.statusBarVisibilityChanged(int) for 114ms
11-24 14:57:37.746  2256  2272 I MonitoringInstrumentation: Unstopped activity count: 1
11-24 14:57:37.747  1763  1763 I Choreographer: Skipped 38 frames!  The application may be doing too much work on its main thread.
11-24 14:57:37.809  2256  2256 I MonitoringInstrumentation: Activities that are still in CREATED to STOPPED: 1
11-24 14:57:37.815  2256  2272 I MonitoringInstrumentation: Unstopped activity count: 1
11-24 14:57:37.887  2256  2272 I MonitoringInstrumentation: Unstopped activity count: 1
11-24 14:57:37.953  2256  2272 I MonitoringInstrumentation: Unstopped activity count: 1
11-24 14:57:38.013  2256  2272 I MonitoringInstrumentation: Unstopped activity count: 1
11-24 14:57:38.073  2256  2272 I MonitoringInstrumentation: Unstopped activity count: 1
11-24 14:57:38.096  2256  2256 D LifecycleMonitor: Lifecycle status change: br.com.catbag.gifreduxsample.ui.GifListActivity@ca6d37e in: STOPPED
11-24 14:57:38.096  2256  2256 D LifecycleMonitor: Lifecycle status change: br.com.catbag.gifreduxsample.ui.GifListActivity@ca6d37e in: DESTROYED
11-24 14:57:38.133  2256  2272 I MonitoringInstrumentation: waitForActivitiesToComplete() took: 387ms
11-24 14:57:38.140  1237  1249 I ActivityManager: Force stopping br.com.catbag.gifreduxsample appid=10060 user=0: finished inst
11-24 14:57:38.141  1237  1249 I ActivityManager: Killing 2256:br.com.catbag.gifreduxsample/u0a60 (adj 0): stop br.com.catbag.gifreduxsample
11-24 14:57:38.166  2245  2245 D AndroidRuntime: Shutting down VM
11-24 14:57:38.225  1237  1258 I WindowManager: Destroying surface Surface(name=br.com.catbag.gifreduxsample/br.com.catbag.gifreduxsample.ui.GifListActivity) called by com.android.server.wm.WindowStateAnimator.destroySurface:2014 com.android.server.wm.WindowStateAnimator.destroySurfaceLocked:881 com.android.server.wm.WindowState.removeLocked:1449 com.android.server.wm.WindowManagerService.removeWindowInnerLocked:2478 com.android.server.wm.AppWindowToken.destroySurfaces:365 com.android.server.wm.WindowStateAnimator.finishExit:565 com.android.server.wm.WindowStateAnimator.stepAnimationLocked:491 com.android.server.wm.WindowAnimator.updateWindowsLocked:303 
11-24 14:57:38.847  2325  2325 D AndroidRuntime: >>>>>> START com.android.internal.os.RuntimeInit uid 2000 <<<<<<
11-24 14:57:38.850  2325  2325 D AndroidRuntime: CheckJNI is ON
11-24 14:57:38.909  2325  2325 W art     : Unexpected CPU variant for X86 using defaults: x86
11-24 14:57:38.921  2325  2325 D ICU     : No timezone override file found: /data/misc/zoneinfo/current/icu/icu_tzdata.dat
11-24 14:57:38.953  2325  2325 E memtrack: Couldn't load memtrack module (No such file or directory)
11-24 14:57:38.953  2325  2325 E android.os.Debug: failed to load memtrack module: -2
11-24 14:57:38.955  2325  2325 I Radio-JNI: register_android_hardware_Radio DONE
11-24 14:57:38.981  2325  2325 D AndroidRuntime: Calling main entry com.android.commands.pm.Pm
11-24 14:57:39.019  1237  1251 I ActivityManager: Force stopping br.com.catbag.gifreduxsample.test appid=10061 user=-1: deletePackageX
11-24 14:57:39.185  1237  1263 I art     : Starting a blocking GC Explicit
11-24 14:57:39.260  1237  1263 I art     : Explicit concurrent mark sweep GC freed 27717(1792KB) AllocSpace objects, 10(200KB) LOS objects, 33% free, 7MB/10MB, paused 5.822ms total 69.583ms
11-24 14:57:39.299  1237  1263 I ActivityManager: Force stopping br.com.catbag.gifreduxsample.test appid=10061 user=0: pkg removed
11-24 14:57:39.304  2325  2325 I art     : System.exit called, status: 0
11-24 14:57:39.304  2325  2325 I AndroidRuntime: VM exiting with result code 0.
11-24 14:57:39.620  1237  1278 I InputReader: Reconfiguring input devices.  changes=0x00000010
11-24 14:57:39.663  1237  1263 W art     : Long monitor contention with owner ActivityManager (1251) at void com.android.server.am.BroadcastQueue.processNextBroadcast(boolean)(BroadcastQueue.java:754) waiters=0 in int com.android.server.am.ActivityManagerService.broadcastIntent(android.app.IApplicationThread, android.content.Intent, java.lang.String, android.content.IIntentReceiver, int, java.lang.String, android.os.Bundle, java.lang.String[], int, android.os.Bundle, boolean, boolean, int) for 178ms
11-24 14:57:39.668  1237  1263 E KernelUidCpuTimeReader: failed to remove uid from uid_cputime module
11-24 14:57:39.668  1237  1263 E KernelUidCpuTimeReader: java.io.FileNotFoundException: /proc/uid_cputime/remove_uid_range (No such file or directory)
11-24 14:57:39.668  1237  1263 E KernelUidCpuTimeReader: 	at java.io.FileOutputStream.open(Native Method)
11-24 14:57:39.668  1237  1263 E KernelUidCpuTimeReader: 	at java.io.FileOutputStream.<init>(FileOutputStream.java:221)
11-24 14:57:39.668  1237  1263 E KernelUidCpuTimeReader: 	at java.io.FileOutputStream.<init>(FileOutputStream.java:108)
11-24 14:57:39.668  1237  1263 E KernelUidCpuTimeReader: 	at java.io.FileWriter.<init>(FileWriter.java:63)
11-24 14:57:39.668  1237  1263 E KernelUidCpuTimeReader: 	at com.android.internal.os.KernelUidCpuTimeReader.removeUid(KernelUidCpuTimeReader.java:158)
11-24 14:57:39.668  1237  1263 E KernelUidCpuTimeReader: 	at com.android.internal.os.BatteryStatsImpl.removeUidStatsLocked(BatteryStatsImpl.java:9805)
11-24 14:57:39.668  1237  1263 E KernelUidCpuTimeReader: 	at com.android.server.am.BatteryStatsService.removeUid(BatteryStatsService.java:291)
11-24 14:57:39.668  1237  1263 E KernelUidCpuTimeReader: 	at com.android.server.am.ActivityManagerService.broadcastIntentLocked(ActivityManagerService.java:17767)
11-24 14:57:39.668  1237  1263 E KernelUidCpuTimeReader: 	at com.android.server.am.ActivityManagerService.broadcastIntent(ActivityManagerService.java:18256)
11-24 14:57:39.668  1237  1263 E KernelUidCpuTimeReader: 	at com.android.server.pm.PackageManagerService$8.run(PackageManagerService.java:11407)
11-24 14:57:39.668  1237  1263 E KernelUidCpuTimeReader: 	at android.os.Handler.handleCallback(Handler.java:751)
11-24 14:57:39.668  1237  1263 E KernelUidCpuTimeReader: 	at android.os.Handler.dispatchMessage(Handler.java:95)
11-24 14:57:39.668  1237  1263 E KernelUidCpuTimeReader: 	at android.os.Looper.loop(Looper.java:154)
11-24 14:57:39.668  1237  1263 E KernelUidCpuTimeReader: 	at android.os.HandlerThread.run(HandlerThread.java:61)
11-24 14:57:39.668  1237  1263 E KernelUidCpuTimeReader: 	at com.android.server.ServiceThread.run(ServiceThread.java:46)
11-24 14:57:39.730  1437  1437 D CarrierSvcBindHelper: No carrier app for: 0
11-24 14:57:40.016  1237  1250 W LocationProviderProxy-network: Odd, no component found for service com.android.location.service.v3.NetworkLocationProvider
11-24 14:57:40.021  1237  1250 W GeocoderProxy: Odd, no component found for service com.android.location.service.GeocodeProvider
11-24 14:57:40.021  1237  1250 W GeofenceProxy: Odd, no component found for service com.android.location.service.GeofenceProvider
11-24 14:57:40.021  1237  1250 W ActivityRecognitionProxy: Odd, no component found for service com.android.location.service.ActivityRecognitionProvider
11-24 14:57:40.479  2339  2339 D AndroidRuntime: >>>>>> START com.android.internal.os.RuntimeInit uid 2000 <<<<<<
11-24 14:57:40.484  2339  2339 D AndroidRuntime: CheckJNI is ON
11-24 14:57:40.542  2339  2339 W art     : Unexpected CPU variant for X86 using defaults: x86
11-24 14:57:40.549  2339  2339 D ICU     : No timezone override file found: /data/misc/zoneinfo/current/icu/icu_tzdata.dat
11-24 14:57:40.573  2339  2339 E memtrack: Couldn't load memtrack module (No such file or directory)
11-24 14:57:40.573  2339  2339 E android.os.Debug: failed to load memtrack module: -2
11-24 14:57:40.574  2339  2339 I Radio-JNI: register_android_hardware_Radio DONE
11-24 14:57:40.595  2339  2339 D AndroidRuntime: Calling main entry com.android.commands.pm.Pm
11-24 14:57:40.607  1237  1251 I ActivityManager: Force stopping br.com.catbag.gifreduxsample appid=10060 user=-1: deletePackageX
11-24 14:57:40.816  1237  1263 I art     : Starting a blocking GC Explicit
11-24 14:57:40.949  1237  1263 I art     : Explicit concurrent mark sweep GC freed 29587(1534KB) AllocSpace objects, 7(140KB) LOS objects, 33% free, 6MB/10MB, paused 5.333ms total 128.692ms
11-24 14:57:40.964  2339  2339 I art     : System.exit called, status: 0
11-24 14:57:40.964  2339  2339 I AndroidRuntime: VM exiting with result code 0.
11-24 14:57:41.047  1237  1263 I ActivityManager: Force stopping br.com.catbag.gifreduxsample appid=10060 user=0: pkg removed
11-24 14:57:41.137  1237  1278 I InputReader: Reconfiguring input devices.  changes=0x00000010
11-24 14:57:41.180  1237  1323 E TaskPersister: File error accessing recents directory (directory doesn't exist?).
11-24 14:57:41.239  1237  1263 E KernelUidCpuTimeReader: failed to remove uid from uid_cputime module
11-24 14:57:41.239  1237  1263 E KernelUidCpuTimeReader: java.io.FileNotFoundException: /proc/uid_cputime/remove_uid_range (No such file or directory)
11-24 14:57:41.239  1237  1263 E KernelUidCpuTimeReader: 	at java.io.FileOutputStream.open(Native Method)
11-24 14:57:41.239  1237  1263 E KernelUidCpuTimeReader: 	at java.io.FileOutputStream.<init>(FileOutputStream.java:221)
11-24 14:57:41.239  1237  1263 E KernelUidCpuTimeReader: 	at java.io.FileOutputStream.<init>(FileOutputStream.java:108)
11-24 14:57:41.239  1237  1263 E KernelUidCpuTimeReader: 	at java.io.FileWriter.<init>(FileWriter.java:63)
11-24 14:57:41.239  1237  1263 E KernelUidCpuTimeReader: 	at com.android.internal.os.KernelUidCpuTimeReader.removeUid(KernelUidCpuTimeReader.java:158)
11-24 14:57:41.239  1237  1263 E KernelUidCpuTimeReader: 	at com.android.internal.os.BatteryStatsImpl.removeUidStatsLocked(BatteryStatsImpl.java:9805)
11-24 14:57:41.239  1237  1263 E KernelUidCpuTimeReader: 	at com.android.server.am.BatteryStatsService.removeUid(BatteryStatsService.java:291)
11-24 14:57:41.239  1237  1263 E KernelUidCpuTimeReader: 	at com.android.server.am.ActivityManagerService.broadcastIntentLocked(ActivityManagerService.java:17767)
11-24 14:57:41.239  1237  1263 E KernelUidCpuTimeReader: 	at com.android.server.am.ActivityManagerService.broadcastIntent(ActivityManagerService.java:18256)
11-24 14:57:41.239  1237  1263 E KernelUidCpuTimeReader: 	at com.android.server.pm.PackageManagerService$8.run(PackageManagerService.java:11407)
11-24 14:57:41.239  1237  1263 E KernelUidCpuTimeReader: 	at android.os.Handler.handleCallback(Handler.java:751)
