11-24 18:34:07.358  1237  1258 I WindowManager: Destroying surface Surface(name=br.com.catbag.gifreduxsample/br.com.catbag.gifreduxsample.ui.GifListActivity) called by com.android.server.wm.WindowStateAnimator.destroySurface:2014 com.android.server.wm.WindowStateAnimator.destroySurfaceLocked:881 com.android.server.wm.WindowState.removeLocked:1449 com.android.server.wm.WindowManagerService.removeWindowInnerLocked:2478 com.android.server.wm.AppWindowToken.destroySurfaces:365 com.android.server.wm.WindowStateAnimator.finishExit:565 com.android.server.wm.WindowStateAnimator.stepAnimationLocked:491 com.android.server.wm.WindowAnimator.updateWindowsLocked:303 
11-24 18:34:07.370  1237  1258 I WindowManager: Destroying surface Surface(name=Starting br.com.catbag.gifreduxsample) called by com.android.server.wm.WindowStateAnimator.destroySurface:2014 com.android.server.wm.WindowStateAnimator.destroySurfaceLocked:881 com.android.server.wm.WindowState.removeLocked:1449 com.android.server.wm.WindowManagerService.removeWindowInnerLocked:2478 com.android.server.wm.AppWindowToken.destroySurfaces:365 com.android.server.wm.WindowStateAnimator.finishExit:565 com.android.server.wm.WindowStateAnimator.stepAnimationLocked:491 com.android.server.wm.WindowAnimator.updateWindowsLocked:303 
11-24 18:34:07.392  2250  2250 I MonitoringInstrumentation: Activities that are still in CREATED to STOPPED: 1
11-24 18:34:07.525  2250  2266 I DroidFlux:Dispatcher: [STARTED] dispatch of action [FAKE_REDUCE_ACTION]
11-24 18:34:07.547  2250  2266 I DroidFlux:Dispatcher: [COMPLETED] dispatch of action [FAKE_REDUCE_ACTION]
11-24 18:34:07.572  2250  2292 D ActivityTestRule: Launching activity br.com.catbag.gifreduxsample.ui.GifListActivity
11-24 18:34:07.606  2250  2293 D MonitoringInstrumentation: execStartActivity(context, ibinder, ibinder, activity, intent, int, bundle
11-24 18:34:07.607  1237  1478 I ActivityManager: START u0 {flg=0x10000000 cmp=br.com.catbag.gifreduxsample/.ui.GifListActivity} from uid 10060 on display 0
11-24 18:34:07.711  2250  2250 D LifecycleMonitor: Lifecycle status change: br.com.catbag.gifreduxsample.ui.GifListActivity@51e2b1c in: PRE_ON_CREATE
11-24 18:34:07.726  1237  1258 I Choreographer: Skipped 59 frames!  The application may be doing too much work on its main thread.
11-24 18:34:07.738  2250  2250 D LifecycleMonitor: Lifecycle status change: br.com.catbag.gifreduxsample.ui.GifListActivity@51e2b1c in: CREATED
11-24 18:34:07.739  2250  2266 I DroidFlux:Dispatcher: [STARTED] dispatch of action [APP_STATE_LOAD]
11-24 18:34:07.739  2250  2266 D DroidFlux:Dispatcher: An action of type [APP_STATE_LOAD] was dispatched, but no reducer handled it
11-24 18:34:07.739  2250  2266 I DroidFlux:Dispatcher: [COMPLETED] dispatch of action [APP_STATE_LOAD]
11-24 18:34:07.740  2250  2250 D LifecycleMonitor: Lifecycle status change: br.com.catbag.gifreduxsample.ui.GifListActivity@51e2b1c in: STARTED
11-24 18:34:07.742  2250  2250 D LifecycleMonitor: Lifecycle status change: br.com.catbag.gifreduxsample.ui.GifListActivity@51e2b1c in: RESUMED
11-24 18:34:08.115  1237  1620 W InputMethodManagerService: Starting input on non-focused client com.android.internal.view.IInputMethodClient$Stub$Proxy@642afa (uid=10012 pid=1714)
11-24 18:34:08.121  2250  2250 W ResourceType: No package identifier when getting name for resource number 0x000000e9
11-24 18:34:08.121  2250  2250 I ViewInteraction: Performing 'scroll RecyclerView to position: 4' action on view with id: 233 (resource name not found)
11-24 18:34:08.193  1237  1258 I ActivityManager: Displayed br.com.catbag.gifreduxsample/.ui.GifListActivity: +504ms
11-24 18:34:08.475  1237  1258 I WindowManager: Destroying surface Surface(name=Starting br.com.catbag.gifreduxsample) called by com.android.server.wm.WindowStateAnimator.destroySurface:2014 com.android.server.wm.WindowStateAnimator.destroySurfaceLocked:881 com.android.server.wm.WindowState.destroyOrSaveSurface:2073 com.android.server.wm.AppWindowToken.destroySurfaces:363 com.android.server.wm.WindowStateAnimator.finishExit:565 com.android.server.wm.WindowStateAnimator.stepAnimationLocked:491 com.android.server.wm.WindowAnimator.updateWindowsLocked:303 com.android.server.wm.WindowAnimator.animateLocked:704 
11-24 18:34:08.623  2250  2250 W ResourceType: No package identifier when getting name for resource number 0x000000e9
11-24 18:34:08.658  2250  2250 W ResourceType: No package identifier when getting name for resource number 0x000000ea
11-24 18:34:08.658  2250  2250 I ViewInteraction: Performing 'actionOnItemAtPosition performing ViewAction: single click on item at position: 0' action on view with id: 234 (resource name not found)
11-24 18:34:08.734  2250  2250 D LifecycleMonitor: Lifecycle status change: br.com.catbag.gifreduxsample.ui.GifListActivity@c97990 in: STOPPED
11-24 18:34:08.735  2250  2250 D LifecycleMonitor: Lifecycle status change: br.com.catbag.gifreduxsample.ui.GifListActivity@c97990 in: DESTROYED
11-24 18:34:08.751  1237  1358 I WindowManager: Destroying surface Surface(name=br.com.catbag.gifreduxsample/br.com.catbag.gifreduxsample.ui.GifListActivity) called by com.android.server.wm.WindowStateAnimator.destroySurface:2014 com.android.server.wm.WindowStateAnimator.destroySurfaceLocked:881 com.android.server.wm.WindowState.removeLocked:1449 com.android.server.wm.WindowManagerService.removeWindowInnerLocked:2478 com.android.server.wm.WindowManagerService.removeWindowLocked:2436 com.android.server.wm.WindowManagerService.removeWindowLocked:2305 com.android.server.wm.WindowManagerService.removeWindow:2300 com.android.server.wm.Session.remove:193 
11-24 18:34:08.837  2250  2266 I DroidFlux:Dispatcher: [STARTED] dispatch of action [GIF_PLAY]
11-24 18:34:08.838  2250  2266 I DroidFlux:Dispatcher: [COMPLETED] dispatch of action [GIF_PLAY]
11-24 18:34:08.871  1237  1358 I WindowManager: Destroying surface Surface(name=com.android.launcher3/com.android.launcher3.Launcher) called by com.android.server.wm.WindowStateAnimator.destroySurface:2014 com.android.server.wm.WindowStateAnimator.destroySurfaceLocked:881 com.android.server.wm.WindowState.destroyOrSaveSurface:2073 com.android.server.wm.AppWindowToken.destroySurfaces:363 com.android.server.wm.AppWindowToken.notifyAppStopped:389 com.android.server.wm.WindowManagerService.notifyAppStopped:4456 com.android.server.am.ActivityStack.activityStoppedLocked:1252 com.android.server.am.ActivityManagerService.activityStopped:6873 
11-24 18:34:08.876   988  1027 D AudioFlinger: mixer(0xb3983e00) throttle end: throttle time(11)
11-24 18:34:08.897   988  1027 D AudioFlinger: mixer(0xb3983e00) throttle end: throttle time(11)
11-24 18:34:09.517  2250  2265 I TestRunner: finished: whenScrollUpAndPlayFirstItemTest(br.com.catbag.gifreduxsample.ui.giflist.GifListActivityTest)
11-24 18:34:09.578  2250  2250 D LifecycleMonitor: Lifecycle status change: br.com.catbag.gifreduxsample.ui.GifListActivity@51e2b1c in: PAUSED
11-24 18:34:09.636   977   977 D gralloc : Registering a buffer in the process that created it. This may cause memory ordering problems.
11-24 18:34:09.636   977   977 E libEGL  : called unimplemented OpenGL ES API
11-24 18:34:09.637   977   977 E SurfaceFlinger: glCheckFramebufferStatusOES error 546614527
11-24 18:34:09.638   977   977 E SurfaceFlinger: got GL_FRAMEBUFFER_COMPLETE_OES error while taking screenshot
11-24 18:34:09.647  1237  1358 W WindowManager: Screenshot failure taking screenshot for (480x800) to layer 21005
11-24 18:34:09.657  2250  2250 I MonitoringInstrumentation: Activities that are still in CREATED to STOPPED: 1
11-24 18:34:09.660  2250  2265 I TestRunner: started: whenGifIsDownloadedTest(br.com.catbag.gifreduxsample.ui.giflist.GifListActivityTest)
11-24 18:34:09.667  2250  2250 I MonitoringInstrumentation: Activities that are still in CREATED to STOPPED: 1
11-24 18:34:09.706  2250  2266 I DroidFlux:Dispatcher: [STARTED] dispatch of action [FAKE_REDUCE_ACTION]
11-24 18:34:09.707  2250  2266 I DroidFlux:Dispatcher: [COMPLETED] dispatch of action [FAKE_REDUCE_ACTION]
11-24 18:34:09.709  1237  1252 W art     : Long monitor contention with owner Binder:1237_3 (1358) at void com.android.server.am.ActivityManagerService.activityPaused(android.os.IBinder)(ActivityManagerService.java:6849) waiters=1 in void com.android.server.am.ActivityManagerService.dispatchProcessesChanged() for 110ms
11-24 18:34:09.817  2250  2294 D ActivityTestRule: Launching activity br.com.catbag.gifreduxsample.ui.GifListActivity
11-24 18:34:09.820  2250  2295 D MonitoringInstrumentation: execStartActivity(context, ibinder, ibinder, activity, intent, int, bundle
11-24 18:34:09.821  1237  1358 I ActivityManager: START u0 {flg=0x10000000 cmp=br.com.catbag.gifreduxsample/.ui.GifListActivity} from uid 10060 on display 0
11-24 18:34:09.959  2250  2250 D LifecycleMonitor: Lifecycle status change: br.com.catbag.gifreduxsample.ui.GifListActivity@f57b310 in: PRE_ON_CREATE
11-24 18:34:09.980  2250  2250 D LifecycleMonitor: Lifecycle status change: br.com.catbag.gifreduxsample.ui.GifListActivity@f57b310 in: CREATED
11-24 18:34:09.998  2250  2266 I DroidFlux:Dispatcher: [STARTED] dispatch of action [APP_STATE_LOAD]
11-24 18:34:09.998  2250  2266 D DroidFlux:Dispatcher: An action of type [APP_STATE_LOAD] was dispatched, but no reducer handled it
11-24 18:34:09.998  2250  2266 I DroidFlux:Dispatcher: [COMPLETED] dispatch of action [APP_STATE_LOAD]
11-24 18:34:09.999  2250  2250 D LifecycleMonitor: Lifecycle status change: br.com.catbag.gifreduxsample.ui.GifListActivity@f57b310 in: STARTED
11-24 18:34:10.002  2250  2250 D LifecycleMonitor: Lifecycle status change: br.com.catbag.gifreduxsample.ui.GifListActivity@f57b310 in: RESUMED
11-24 18:34:10.173  1237  1248 I WindowManager: Destroying surface Surface(name=com.android.launcher3/com.android.launcher3.Launcher) called by com.android.server.wm.WindowStateAnimator.destroySurface:2014 com.android.server.wm.WindowStateAnimator.destroySurfaceLocked:881 com.android.server.wm.WindowState.destroyOrSaveSurface:2073 com.android.server.wm.AppWindowToken.destroySurfaces:363 com.android.server.wm.AppWindowToken.notifyAppStopped:389 com.android.server.wm.WindowManagerService.notifyAppStopped:4456 com.android.server.am.ActivityStack.activityStoppedLocked:1252 com.android.server.am.ActivityManagerService.activityStopped:6873 
11-24 18:34:10.235  2250  2250 D LifecycleMonitor: Lifecycle status change: br.com.catbag.gifreduxsample.ui.GifListActivity@51e2b1c in: STOPPED
11-24 18:34:10.269  1237  1258 I ActivityManager: Displayed br.com.catbag.gifreduxsample/.ui.GifListActivity: +401ms
11-24 18:34:10.281  2250  2250 D LifecycleMonitor: Lifecycle status change: br.com.catbag.gifreduxsample.ui.GifListActivity@51e2b1c in: DESTROYED
11-24 18:34:10.287  1237  1358 I WindowManager: Destroying surface Surface(name=br.com.catbag.gifreduxsample/br.com.catbag.gifreduxsample.ui.GifListActivity) called by com.android.server.wm.WindowStateAnimator.destroySurface:2014 com.android.server.wm.WindowStateAnimator.destroySurfaceLocked:881 com.android.server.wm.WindowState.removeLocked:1449 com.android.server.wm.WindowManagerService.removeWindowInnerLocked:2478 com.android.server.wm.WindowManagerService.removeWindowLocked:2436 com.android.server.wm.WindowManagerService.removeWindowLocked:2305 com.android.server.wm.WindowManagerService.removeWindow:2300 com.android.server.wm.Session.remove:193 
11-24 18:34:10.379  2250  2250 D LifecycleMonitor: Lifecycle status change: br.com.catbag.gifreduxsample.ui.GifListActivity@f57b310 in: PAUSED
11-24 18:34:10.439  2250  2265 I TestRunner: finished: whenGifIsDownloadedTest(br.com.catbag.gifreduxsample.ui.giflist.GifListActivityTest)
11-24 18:34:10.559   977   977 D gralloc : Registering a buffer in the process that created it. This may cause memory ordering problems.
11-24 18:34:10.560   977   977 E SurfaceFlinger: glCheckFramebufferStatusOES error 546614527
11-24 18:34:10.560   977   977 E SurfaceFlinger: got GL_FRAMEBUFFER_COMPLETE_OES error while taking screenshot
11-24 18:34:10.570  1237  1358 W WindowManager: Screenshot failure taking screenshot for (480x800) to layer 22010
11-24 18:34:10.599  1237  1251 W art     : Long monitor contention with owner Binder:1237_3 (1358) at void com.android.server.am.ActivityManagerService.activityPaused(android.os.IBinder)(ActivityManagerService.java:6849) waiters=0 in void com.android.server.am.ActivityStackSupervisor$ActivityStackSupervisorHandler.activityIdleInternal(com.android.server.am.ActivityRecord) for 174ms
11-24 18:34:10.604  2250  2250 I MonitoringInstrumentation: Activities that are still in CREATED to STOPPED: 1
11-24 18:34:10.605  2250  2265 I TestRunner: started: whenPlayGifTest(br.com.catbag.gifreduxsample.ui.giflist.GifListActivityTest)
11-24 18:34:10.631  2250  2250 I MonitoringInstrumentation: Activities that are still in CREATED to STOPPED: 1
11-24 18:34:10.660  1237  1258 I WindowManager: Destroying surface Surface(name=Starting br.com.catbag.gifreduxsample) called by com.android.server.wm.WindowStateAnimator.destroySurface:2014 com.android.server.wm.WindowStateAnimator.destroySurfaceLocked:881 com.android.server.wm.WindowState.removeLocked:1449 com.android.server.wm.WindowManagerService.removeWindowInnerLocked:2478 com.android.server.wm.AppWindowToken.destroySurfaces:365 com.android.server.wm.WindowStateAnimator.finishExit:565 com.android.server.wm.WindowStateAnimator.stepAnimationLocked:491 com.android.server.wm.WindowAnimator.updateWindowsLocked:303 
11-24 18:34:10.745  2250  2265 W art     : Long monitor contention with owner Time-limited test (2296) at void java.lang.Thread.unpark$()(Thread.java:2069) waiters=1 in void java.lang.Object.wait!(long, int) for 101ms
11-24 18:34:10.830  2250  2266 I DroidFlux:Dispatcher: [STARTED] dispatch of action [FAKE_REDUCE_ACTION]
11-24 18:34:10.831  2250  2266 I DroidFlux:Dispatcher: [COMPLETED] dispatch of action [FAKE_REDUCE_ACTION]
11-24 18:34:10.842  2250  2296 D ActivityTestRule: Launching activity br.com.catbag.gifreduxsample.ui.GifListActivity
11-24 18:34:10.846  2250  2297 D MonitoringInstrumentation: execStartActivity(context, ibinder, ibinder, activity, intent, int, bundle
11-24 18:34:10.847  1237  1248 I ActivityManager: START u0 {flg=0x10000000 cmp=br.com.catbag.gifreduxsample/.ui.GifListActivity} from uid 10060 on display 0
11-24 18:34:10.924  1714  1714 I Choreographer: Skipped 30 frames!  The application may be doing too much work on its main thread.
11-24 18:34:11.011  2250  2250 D LifecycleMonitor: Lifecycle status change: br.com.catbag.gifreduxsample.ui.GifListActivity@cdfc40f in: PRE_ON_CREATE
11-24 18:34:11.029  2250  2250 D LifecycleMonitor: Lifecycle status change: br.com.catbag.gifreduxsample.ui.GifListActivity@cdfc40f in: CREATED
11-24 18:34:11.030  2250  2250 D LifecycleMonitor: Lifecycle status change: br.com.catbag.gifreduxsample.ui.GifListActivity@cdfc40f in: STARTED
11-24 18:34:11.031  2250  2266 I DroidFlux:Dispatcher: [STARTED] dispatch of action [APP_STATE_LOAD]
11-24 18:34:11.031  2250  2266 D DroidFlux:Dispatcher: An action of type [APP_STATE_LOAD] was dispatched, but no reducer handled it
11-24 18:34:11.032  2250  2266 I DroidFlux:Dispatcher: [COMPLETED] dispatch of action [APP_STATE_LOAD]
11-24 18:34:11.032  2250  2250 D LifecycleMonitor: Lifecycle status change: br.com.catbag.gifreduxsample.ui.GifListActivity@cdfc40f in: RESUMED
11-24 18:34:11.155  1237  1243 I art     : Background sticky concurrent mark sweep GC freed 32248(2MB) AllocSpace objects, 9(180KB) LOS objects, 27% free, 7MB/10MB, paused 19.458ms total 455.696ms
11-24 18:34:11.329  1237  1258 I Choreographer: Skipped 35 frames!  The application may be doing too much work on its main thread.
11-24 18:34:11.359  2250  2261 W art     : Suspending all threads took: 7.125ms
11-24 18:34:11.454  2250  2261 I art     : Background sticky concurrent mark sweep GC freed 21507(1496KB) AllocSpace objects, 7(144KB) LOS objects, 13% free, 10MB/12MB, paused 12.368ms total 425.224ms
11-24 18:34:11.472  2250  2250 D LifecycleMonitor: Lifecycle status change: br.com.catbag.gifreduxsample.ui.GifListActivity@f57b310 in: STOPPED
11-24 18:34:11.472  2250  2250 D LifecycleMonitor: Lifecycle status change: br.com.catbag.gifreduxsample.ui.GifListActivity@f57b310 in: DESTROYED
11-24 18:34:11.480  1237  1248 I WindowManager: Destroying surface Surface(name=br.com.catbag.gifreduxsample/br.com.catbag.gifreduxsample.ui.GifListActivity) called by com.android.server.wm.WindowStateAnimator.destroySurface:2014 com.android.server.wm.WindowStateAnimator.destroySurfaceLocked:881 com.android.server.wm.WindowState.removeLocked:1449 com.android.server.wm.WindowManagerService.removeWindowInnerLocked:2478 com.android.server.wm.WindowManagerService.removeWindowLocked:2436 com.android.server.wm.WindowManagerService.removeWindowLocked:2305 com.android.server.wm.WindowManagerService.removeWindow:2300 com.android.server.wm.Session.remove:193 
11-24 18:34:11.493  2250  2250 I ViewInteraction: Performing 'single click' action on view with id: br.com.catbag.gifreduxsample:id/gif_image
11-24 18:34:11.529  1237  1258 I ActivityManager: Displayed br.com.catbag.gifreduxsample/.ui.GifListActivity: +538ms
11-24 18:34:11.575  2250  2266 I DroidFlux:Dispatcher: [STARTED] dispatch of action [GIF_PLAY]
11-24 18:34:11.600  2250  2266 I DroidFlux:Dispatcher: [COMPLETED] dispatch of action [GIF_PLAY]
11-24 18:34:11.753  1237  1258 I WindowManager: Destroying surface Surface(name=Starting br.com.catbag.gifreduxsample) called by com.android.server.wm.WindowStateAnimator.destroySurface:2014 com.android.server.wm.WindowStateAnimator.destroySurfaceLocked:881 com.android.server.wm.WindowState.destroyOrSaveSurface:2073 com.android.server.wm.AppWindowToken.destroySurfaces:363 com.android.server.wm.WindowStateAnimator.finishExit:565 com.android.server.wm.WindowStateAnimator.stepAnimationLocked:491 com.android.server.wm.WindowAnimator.updateWindowsLocked:303 com.android.server.wm.WindowAnimator.animateLocked:704 
11-24 18:34:11.831  1714  1714 I Choreographer: Skipped 112 frames!  The application may be doing too much work on its main thread.
11-24 18:34:11.904  1237  1477 I WindowManager: Destroying surface Surface(name=com.android.launcher3/com.android.launcher3.Launcher) called by com.android.server.wm.WindowStateAnimator.destroySurface:2014 com.android.server.wm.WindowStateAnimator.destroySurfaceLocked:881 com.android.server.wm.WindowState.destroyOrSaveSurface:2073 com.android.server.wm.AppWindowToken.destroySurfaces:363 com.android.server.wm.AppWindowToken.notifyAppStopped:389 com.android.server.wm.WindowManagerService.notifyAppStopped:4456 com.android.server.am.ActivityStack.activityStoppedLocked:1252 com.android.server.am.ActivityManagerService.activityStopped:6873 
11-24 18:34:12.164  2250  2265 I TestRunner: finished: whenPlayGifTest(br.com.catbag.gifreduxsample.ui.giflist.GifListActivityTest)
11-24 18:34:12.182  2250  2250 D LifecycleMonitor: Lifecycle status change: br.com.catbag.gifreduxsample.ui.GifListActivity@cdfc40f in: PAUSED
11-24 18:34:12.351   977   977 D gralloc : Registering a buffer in the process that created it. This may cause memory ordering problems.
11-24 18:34:12.351   977   977 E libEGL  : called unimplemented OpenGL ES API
11-24 18:34:12.361   977   977 E SurfaceFlinger: glCheckFramebufferStatusOES error 546614527
11-24 18:34:12.361   977   977 E SurfaceFlinger: got GL_FRAMEBUFFER_COMPLETE_OES error while taking screenshot
11-24 18:34:12.370  1237  1477 W WindowManager: Screenshot failure taking screenshot for (480x800) to layer 21005
11-24 18:34:12.381  1237  1252 W art     : Long monitor contention with owner Binder:1237_5 (1477) at void com.android.server.am.ActivityManagerService.activityPaused(android.os.IBinder)(ActivityManagerService.java:6849) waiters=0 in void com.android.server.am.ActivityManagerService.dispatchProcessesChanged() for 191ms
11-24 18:34:12.383  2250  2250 I MonitoringInstrumentation: Activities that are still in CREATED to STOPPED: 1
11-24 18:34:12.384  1237  1324 W art     : Long monitor contention with owner Binder:1237_5 (1477) at void com.android.server.am.ActivityManagerService.activityPaused(android.os.IBinder)(ActivityManagerService.java:6849) waiters=1 in void com.android.server.am.TaskPersister$LazyTaskWriterThread.run() for 187ms
11-24 18:34:12.387  2250  2265 I TestRunner: started: whenGifDownloadFailTest(br.com.catbag.gifreduxsample.ui.giflist.GifListActivityTest)
11-24 18:34:12.487  2250  2250 I MonitoringInstrumentation: Activities that are still in CREATED to STOPPED: 1
11-24 18:34:12.494  2250  2266 I DroidFlux:Dispatcher: [STARTED] dispatch of action [FAKE_REDUCE_ACTION]
11-24 18:34:12.494  2250  2266 I DroidFlux:Dispatcher: [COMPLETED] dispatch of action [FAKE_REDUCE_ACTION]
11-24 18:34:12.530  2250  2299 D ActivityTestRule: Launching activity br.com.catbag.gifreduxsample.ui.GifListActivity
11-24 18:34:12.549  2250  2300 D MonitoringInstrumentation: execStartActivity(context, ibinder, ibinder, activity, intent, int, bundle
11-24 18:34:12.550  1237  1620 I ActivityManager: START u0 {flg=0x10000000 cmp=br.com.catbag.gifreduxsample/.ui.GifListActivity} from uid 10060 on display 0
11-24 18:34:12.612  2250  2250 D LifecycleMonitor: Lifecycle status change: br.com.catbag.gifreduxsample.ui.GifListActivity@e2b33e7 in: PRE_ON_CREATE
11-24 18:34:12.623  2250  2250 D LifecycleMonitor: Lifecycle status change: br.com.catbag.gifreduxsample.ui.GifListActivity@e2b33e7 in: CREATED
11-24 18:34:12.624  2250  2266 I DroidFlux:Dispatcher: [STARTED] dispatch of action [APP_STATE_LOAD]
11-24 18:34:12.625  2250  2266 D DroidFlux:Dispatcher: An action of type [APP_STATE_LOAD] was dispatched, but no reducer handled it
11-24 18:34:12.625  2250  2266 I DroidFlux:Dispatcher: [COMPLETED] dispatch of action [APP_STATE_LOAD]
11-24 18:34:12.625  2250  2250 D LifecycleMonitor: Lifecycle status change: br.com.catbag.gifreduxsample.ui.GifListActivity@e2b33e7 in: STARTED
11-24 18:34:12.651  2250  2250 D LifecycleMonitor: Lifecycle status change: br.com.catbag.gifreduxsample.ui.GifListActivity@e2b33e7 in: RESUMED
11-24 18:34:12.661  1237  1258 I Choreographer: Skipped 48 frames!  The application may be doing too much work on its main thread.
11-24 18:34:12.871  1237  1478 W InputMethodManagerService: Starting input on non-focused client com.android.internal.view.IInputMethodClient$Stub$Proxy@642afa (uid=10012 pid=1714)
11-24 18:34:12.878  2250  2265 I TestRunner: finished: whenGifDownloadFailTest(br.com.catbag.gifreduxsample.ui.giflist.GifListActivityTest)
11-24 18:34:12.889  2250  2250 D LifecycleMonitor: Lifecycle status change: br.com.catbag.gifreduxsample.ui.GifListActivity@e2b33e7 in: PAUSED
11-24 18:34:12.929   977   977 D gralloc : Registering a buffer in the process that created it. This may cause memory ordering problems.
11-24 18:34:12.930   977   977 E SurfaceFlinger: glCheckFramebufferStatusOES error 546614527
11-24 18:34:12.930   977   977 E SurfaceFlinger: got GL_FRAMEBUFFER_COMPLETE_OES error while taking screenshot
11-24 18:34:12.931  1237  1358 W WindowManager: Screenshot failure taking screenshot for (480x800) to layer 22020
11-24 18:34:12.938  2250  2250 I MonitoringInstrumentation: Activities that are still in CREATED to STOPPED: 2
11-24 18:34:12.941  2250  2265 I TestRunner: started: whenPauseGifTest(br.com.catbag.gifreduxsample.ui.giflist.GifListActivityTest)
11-24 18:34:12.950  1237  1258 I Choreographer: Skipped 30 frames!  The application may be doing too much work on its main thread.
11-24 18:34:12.972  2250  2250 I MonitoringInstrumentation: Activities that are still in CREATED to STOPPED: 2
11-24 18:34:13.019  1237  1620 D WindowManager: relayoutVisibleWindow: Window{d4204c2 u0 com.android.launcher3/com.android.launcher3.Launcher EXITING} mAnimatingExit=true, mRemoveOnExit=false, mDestroying=false
11-24 18:34:13.077  2250  2266 I DroidFlux:Dispatcher: [STARTED] dispatch of action [FAKE_REDUCE_ACTION]
11-24 18:34:13.077  2250  2266 I DroidFlux:Dispatcher: [COMPLETED] dispatch of action [FAKE_REDUCE_ACTION]
11-24 18:34:13.144  2250  2301 D ActivityTestRule: Launching activity br.com.catbag.gifreduxsample.ui.GifListActivity
11-24 18:34:13.177  2250  2302 D MonitoringInstrumentation: execStartActivity(context, ibinder, ibinder, activity, intent, int, bundle
11-24 18:34:13.177  1237  1358 I ActivityManager: START u0 {flg=0x10000000 cmp=br.com.catbag.gifreduxsample/.ui.GifListActivity} from uid 10060 on display 0
11-24 18:34:13.254  2250  2250 D LifecycleMonitor: Lifecycle status change: br.com.catbag.gifreduxsample.ui.GifListActivity@abafd92 in: PRE_ON_CREATE
11-24 18:34:13.321  1237  1258 I WindowManager: Destroying surface Surface(name=Starting br.com.catbag.gifreduxsample) called by com.android.server.wm.WindowStateAnimator.destroySurface:2014 com.android.server.wm.WindowStateAnimator.destroySurfaceLocked:881 com.android.server.wm.WindowState.removeLocked:1449 com.android.server.wm.WindowManagerService.removeWindowInnerLocked:2478 com.android.server.wm.AppWindowToken.destroySurfaces:365 com.android.server.wm.WindowStateAnimator.finishExit:565 com.android.server.wm.WindowStateAnimator.stepAnimationLocked:491 com.android.server.wm.WindowAnimator.updateWindowsLocked:303 
11-24 18:34:13.368  2250  2250 D LifecycleMonitor: Lifecycle status change: br.com.catbag.gifreduxsample.ui.GifListActivity@abafd92 in: CREATED
11-24 18:34:13.369  2250  2266 I DroidFlux:Dispatcher: [STARTED] dispatch of action [APP_STATE_LOAD]
11-24 18:34:13.370  2250  2266 D DroidFlux:Dispatcher: An action of type [APP_STATE_LOAD] was dispatched, but no reducer handled it
11-24 18:34:13.370  2250  2266 I DroidFlux:Dispatcher: [COMPLETED] dispatch of action [APP_STATE_LOAD]
11-24 18:34:13.378  2250  2250 D LifecycleMonitor: Lifecycle status change: br.com.catbag.gifreduxsample.ui.GifListActivity@abafd92 in: STARTED
11-24 18:34:13.380  2250  2250 D LifecycleMonitor: Lifecycle status change: br.com.catbag.gifreduxsample.ui.GifListActivity@abafd92 in: RESUMED
11-24 18:34:13.527  2250  2250 I ViewInteraction: Performing 'single click' action on view with id: br.com.catbag.gifreduxsample:id/gif_image
11-24 18:34:13.635  1237  1258 I ActivityManager: Displayed br.com.catbag.gifreduxsample/.ui.GifListActivity: +396ms (total +1s52ms)
11-24 18:34:13.780  2250  2266 I DroidFlux:Dispatcher: [STARTED] dispatch of action [GIF_PAUSE]
11-24 18:34:13.781  2250  2266 I DroidFlux:Dispatcher: [COMPLETED] dispatch of action [GIF_PAUSE]
11-24 18:34:13.912  1237  1258 I WindowManager: Destroying surface Surface(name=Starting br.com.catbag.gifreduxsample) called by com.android.server.wm.WindowStateAnimator.destroySurface:2014 com.android.server.wm.WindowStateAnimator.destroySurfaceLocked:881 com.android.server.wm.WindowState.destroyOrSaveSurface:2073 com.android.server.wm.AppWindowToken.destroySurfaces:363 com.android.server.wm.WindowStateAnimator.finishExit:565 com.android.server.wm.WindowStateAnimator.stepAnimationLocked:491 com.android.server.wm.WindowAnimator.updateWindowsLocked:303 com.android.server.wm.WindowAnimator.animateLocked:704 
11-24 18:34:14.208  2250  2250 D LifecycleMonitor: Lifecycle status change: br.com.catbag.gifreduxsample.ui.GifListActivity@e2b33e7 in: STOPPED
11-24 18:34:14.208  2250  2250 D LifecycleMonitor: Lifecycle status change: br.com.catbag.gifreduxsample.ui.GifListActivity@e2b33e7 in: DESTROYED
11-24 18:34:14.212  1237  1444 I WindowManager: Destroying surface Surface(name=br.com.catbag.gifreduxsample/br.com.catbag.gifreduxsample.ui.GifListActivity) called by com.android.server.wm.WindowStateAnimator.destroySurface:2014 com.android.server.wm.WindowStateAnimator.destroySurfaceLocked:881 com.android.server.wm.WindowState.removeLocked:1449 com.android.server.wm.WindowManagerService.removeWindowInnerLocked:2478 com.android.server.wm.WindowManagerService.removeWindowLocked:2436 com.android.server.wm.WindowManagerService.removeWindowLocked:2305 com.android.server.wm.WindowManagerService.removeWindow:2300 com.android.server.wm.Session.remove:193 
11-24 18:34:14.218  2250  2250 D LifecycleMonitor: Lifecycle status change: br.com.catbag.gifreduxsample.ui.GifListActivity@cdfc40f in: STOPPED
11-24 18:34:14.219  2250  2250 D LifecycleMonitor: Lifecycle status change: br.com.catbag.gifreduxsample.ui.GifListActivity@cdfc40f in: DESTROYED
11-24 18:34:14.222  1237  1477 I WindowManager: Destroying surface Surface(name=br.com.catbag.gifreduxsample/br.com.catbag.gifreduxsample.ui.GifListActivity) called by com.android.server.wm.WindowStateAnimator.destroySurface:2014 com.android.server.wm.WindowStateAnimator.destroySurfaceLocked:881 com.android.server.wm.WindowState.removeLocked:1449 com.android.server.wm.WindowManagerService.removeWindowInnerLocked:2478 com.android.server.wm.WindowManagerService.removeWindowLocked:2436 com.android.server.wm.WindowManagerService.removeWindowLocked:2305 com.android.server.wm.WindowManagerService.removeWindow:2300 com.android.server.wm.Session.remove:193 
11-24 18:34:14.320  1237  1249 I WindowManager: Destroying surface Surface(name=com.android.launcher3/com.android.launcher3.Launcher) called by com.android.server.wm.WindowStateAnimator.destroySurface:2014 com.android.server.wm.WindowStateAnimator.destroySurfaceLocked:881 com.android.server.wm.WindowState.destroyOrSaveSurface:2073 com.android.server.wm.AppWindowToken.destroySurfaces:363 com.android.server.wm.AppWindowToken.notifyAppStopped:389 com.android.server.wm.WindowManagerService.notifyAppStopped:4456 com.android.server.am.ActivityStack.activityStoppedLocked:1252 com.android.server.am.ActivityManagerService.activityStopped:6873 
11-24 18:34:14.378  2250  2250 D LifecycleMonitor: Lifecycle status change: br.com.catbag.gifreduxsample.ui.GifListActivity@abafd92 in: PAUSED
11-24 18:34:14.398  2250  2265 I TestRunner: finished: whenPauseGifTest(br.com.catbag.gifreduxsample.ui.giflist.GifListActivityTest)
11-24 18:34:14.467   977   977 D gralloc : Registering a buffer in the process that created it. This may cause memory ordering problems.
11-24 18:34:14.468   977   977 E libEGL  : called unimplemented OpenGL ES API
11-24 18:34:14.468   977   977 E SurfaceFlinger: glCheckFramebufferStatusOES error 546614527
11-24 18:34:14.472   977   977 E SurfaceFlinger: got GL_FRAMEBUFFER_COMPLETE_OES error while taking screenshot
11-24 18:34:14.484  1237  1477 W WindowManager: Screenshot failure taking screenshot for (480x800) to layer 21005
11-24 18:34:14.532  2250  2250 I MonitoringInstrumentation: Activities that are still in CREATED to STOPPED: 1
11-24 18:34:14.555  2250  2265 I TestRunner: started: whenLoadMultipleGifsOnAppStateTest(br.com.catbag.gifreduxsample.ui.giflist.GifListActivityTest)
11-24 18:34:14.582  2250  2250 I MonitoringInstrumentation: Activities that are still in CREATED to STOPPED: 1
11-24 18:34:14.598  2250  2266 I DroidFlux:Dispatcher: [STARTED] dispatch of action [FAKE_REDUCE_ACTION]
11-24 18:34:14.599  2250  2266 I DroidFlux:Dispatcher: [COMPLETED] dispatch of action [FAKE_REDUCE_ACTION]
11-24 18:34:14.605  2250  2303 D ActivityTestRule: Launching activity br.com.catbag.gifreduxsample.ui.GifListActivity
11-24 18:34:14.607  2250  2304 D MonitoringInstrumentation: execStartActivity(context, ibinder, ibinder, activity, intent, int, bundle
11-24 18:34:14.608  1237  1249 I ActivityManager: START u0 {flg=0x10000000 cmp=br.com.catbag.gifreduxsample/.ui.GifListActivity} from uid 10060 on display 0
11-24 18:34:14.721  2250  2250 D LifecycleMonitor: Lifecycle status change: br.com.catbag.gifreduxsample.ui.GifListActivity@31fe0d8 in: PRE_ON_CREATE
11-24 18:34:14.734  1237  1258 I Choreographer: Skipped 36 frames!  The application may be doing too much work on its main thread.
11-24 18:34:14.748  2250  2250 D LifecycleMonitor: Lifecycle status change: br.com.catbag.gifreduxsample.ui.GifListActivity@31fe0d8 in: CREATED
11-24 18:34:14.749  2250  2266 I DroidFlux:Dispatcher: [STARTED] dispatch of action [APP_STATE_LOAD]
11-24 18:34:14.750  2250  2266 D DroidFlux:Dispatcher: An action of type [APP_STATE_LOAD] was dispatched, but no reducer handled it
11-24 18:34:14.750  2250  2266 I DroidFlux:Dispatcher: [COMPLETED] dispatch of action [APP_STATE_LOAD]
11-24 18:34:14.751  2250  2250 D LifecycleMonitor: Lifecycle status change: br.com.catbag.gifreduxsample.ui.GifListActivity@31fe0d8 in: STARTED
11-24 18:34:14.754  2250  2250 D LifecycleMonitor: Lifecycle status change: br.com.catbag.gifreduxsample.ui.GifListActivity@31fe0d8 in: RESUMED
11-24 18:34:15.005  1237  1258 I ActivityManager: Displayed br.com.catbag.gifreduxsample/.ui.GifListActivity: +312ms
11-24 18:34:15.009  2250  2250 D LifecycleMonitor: Lifecycle status change: br.com.catbag.gifreduxsample.ui.GifListActivity@abafd92 in: STOPPED
11-24 18:34:15.010  2250  2250 D LifecycleMonitor: Lifecycle status change: br.com.catbag.gifreduxsample.ui.GifListActivity@abafd92 in: DESTROYED
11-24 18:34:15.062  2250  2250 W ResourceType: No package identifier when getting name for resource number 0x000000f5
11-24 18:34:15.062  2250  2250 I ViewInteraction: Performing 'scroll RecyclerView to position: 2' action on view with id: 245 (resource name not found)
11-24 18:34:15.178  2250  2261 I art     : Background partial concurrent mark sweep GC freed 14970(765KB) AllocSpace objects, 3(308KB) LOS objects, 25% free, 11MB/15MB, paused 6.928ms total 277.369ms
11-24 18:34:15.180  1714  1714 I Choreographer: Skipped 62 frames!  The application may be doing too much work on its main thread.
11-24 18:34:15.234  1237  1258 I WindowManager: Destroying surface Surface(name=Starting br.com.catbag.gifreduxsample) called by com.android.server.wm.WindowStateAnimator.destroySurface:2014 com.android.server.wm.WindowStateAnimator.destroySurfaceLocked:881 com.android.server.wm.WindowState.destroyOrSaveSurface:2073 com.android.server.wm.AppWindowToken.destroySurfaces:363 com.android.server.wm.WindowStateAnimator.finishExit:565 com.android.server.wm.WindowStateAnimator.stepAnimationLocked:491 com.android.server.wm.WindowAnimator.updateWindowsLocked:303 com.android.server.wm.WindowAnimator.animateLocked:704 
11-24 18:34:15.341  1237  1258 I WindowManager: Destroying surface Surface(name=br.com.catbag.gifreduxsample/br.com.catbag.gifreduxsample.ui.GifListActivity) called by com.android.server.wm.WindowStateAnimator.destroySurface:2014 com.android.server.wm.WindowStateAnimator.destroySurfaceLocked:881 com.android.server.wm.WindowState.removeLocked:1449 com.android.server.wm.WindowManagerService.removeWindowInnerLocked:2478 com.android.server.wm.AppWindowToken.destroySurfaces:365 com.android.server.wm.WindowStateAnimator.finishExit:565 com.android.server.wm.AppWindowAnimator.stepAnimationLocked:427 com.android.server.wm.WindowAnimator.updateAppWindowsLocked:196 
11-24 18:34:15.391  1325  1343 W art     : Long monitor contention with owner main (1325) at long android.os.SystemClock.uptimeMillis()(SystemClock.java:-2) waiters=0 in boolean android.os.MessageQueue.enqueueMessage(android.os.Message, long) for 448ms
11-24 18:34:15.423  2250  2250 W ResourceType: No package identifier when getting name for resource number 0x000000f5
11-24 18:34:15.453  2250  2250 W ResourceType: No package identifier when getting name for resource number 0x000000fc
11-24 18:34:15.454  2250  2250 I ViewInteraction: Performing 'scroll RecyclerView to position: 3' action on view with id: 252 (resource name not found)
11-24 18:34:15.533  2250  2255 I art     : Do partial code cache collection, code=123KB, data=122KB
11-24 18:34:15.533  2250  2255 I art     : After code cache collection, code=122KB, data=121KB
11-24 18:34:15.542  2250  2255 I art     : Increasing code cache capacity to 512KB
11-24 18:34:15.593  1714  1714 I Choreographer: Skipped 105 frames!  The application may be doing too much work on its main thread.
11-24 18:34:15.595  1714  1714 W IInputConnectionWrapper: reportFullscreenMode on inexistent InputConnection
11-24 18:34:15.626  1237  1477 I WindowManager: Destroying surface Surface(name=com.android.launcher3/com.android.launcher3.Launcher) called by com.android.server.wm.WindowStateAnimator.destroySurface:2014 com.android.server.wm.WindowStateAnimator.destroySurfaceLocked:881 com.android.server.wm.WindowState.destroyOrSaveSurface:2073 com.android.server.wm.AppWindowToken.destroySurfaces:363 com.android.server.wm.AppWindowToken.notifyAppStopped:389 com.android.server.wm.WindowManagerService.notifyAppStopped:4456 com.android.server.am.ActivityStack.activityStoppedLocked:1252 com.android.server.am.ActivityManagerService.activityStopped:6873 
11-24 18:34:15.790  2250  2250 W ResourceType: No package identifier when getting name for resource number 0x000000fc
11-24 18:34:15.811  2250  2250 W ResourceType: No package identifier when getting name for resource number 0x00000103
11-24 18:34:15.812  2250  2250 I ViewInteraction: Performing 'scroll RecyclerView to position: 4' action on view with id: 259 (resource name not found)
11-24 18:34:16.125  2250  2250 W ResourceType: No package identifier when getting name for resource number 0x00000103
11-24 18:34:16.150  2250  2250 W ResourceType: No package identifier when getting name for resource number 0x0000010a
11-24 18:34:16.151  2250  2250 I ViewInteraction: Performing 'scroll RecyclerView to position: 5' action on view with id: 266 (resource name not found)
11-24 18:34:16.444  2250  2250 W ResourceType: No package identifier when getting name for resource number 0x0000010a
11-24 18:34:16.463  2250  2250 W ResourceType: No package identifier when getting name for resource number 0x00000111
11-24 18:34:16.464  2250  2250 I ViewInteraction: Performing 'scroll RecyclerView to position: 6' action on view with id: 273 (resource name not found)
11-24 18:34:16.770  2250  2250 W ResourceType: No package identifier when getting name for resource number 0x00000111
11-24 18:34:16.791  2250  2250 W ResourceType: No package identifier when getting name for resource number 0x00000118
11-24 18:34:16.791  2250  2250 I ViewInteraction: Performing 'scroll RecyclerView to position: 7' action on view with id: 280 (resource name not found)
11-24 18:34:17.092  2250  2250 W ResourceType: No package identifier when getting name for resource number 0x00000118
11-24 18:34:17.119  2250  2250 W ResourceType: No package identifier when getting name for resource number 0x0000011f
11-24 18:34:17.120  2250  2250 I ViewInteraction: Performing 'scroll RecyclerView to position: 8' action on view with id: 287 (resource name not found)
11-24 18:34:17.147  1237  1324 E TaskPersister: File error accessing recents directory (directory doesn't exist?).
11-24 18:34:17.216  2250  2261 I art     : Background sticky concurrent mark sweep GC freed 20919(1993KB) AllocSpace objects, 18(384KB) LOS objects, 15% free, 13MB/15MB, paused 6.386ms total 77.341ms
11-24 18:34:17.422  2250  2250 W ResourceType: No package identifier when getting name for resource number 0x0000011f
11-24 18:34:17.453  2250  2250 W ResourceType: No package identifier when getting name for resource number 0x00000126
11-24 18:34:17.453  2250  2250 I ViewInteraction: Performing 'scroll RecyclerView to position: 9' action on view with id: 294 (resource name not found)
11-24 18:34:17.742  2250  2250 W ResourceType: No package identifier when getting name for resource number 0x00000126
11-24 18:34:17.795  2250  2250 D LifecycleMonitor: Lifecycle status change: br.com.catbag.gifreduxsample.ui.GifListActivity@31fe0d8 in: PAUSED
11-24 18:34:17.847  2250  2265 I TestRunner: finished: whenLoadMultipleGifsOnAppStateTest(br.com.catbag.gifreduxsample.ui.giflist.GifListActivityTest)
11-24 18:34:17.951   977   977 D gralloc : Registering a buffer in the process that created it. This may cause memory ordering problems.
11-24 18:34:17.951   977   977 E libEGL  : called unimplemented OpenGL ES API
11-24 18:34:17.952   977   977 E SurfaceFlinger: glCheckFramebufferStatusOES error 546614527
11-24 18:34:17.952   977   977 E SurfaceFlinger: got GL_FRAMEBUFFER_COMPLETE_OES error while taking screenshot
11-24 18:34:17.963  1237  1358 W WindowManager: Screenshot failure taking screenshot for (480x800) to layer 21005
11-24 18:34:17.973  1237  1251 W art     : Long monitor contention with owner Binder:1237_3 (1358) at void com.android.server.am.ActivityManagerService.activityPaused(android.os.IBinder)(ActivityManagerService.java:6849) waiters=0 in void com.android.server.am.ActivityStackSupervisor$ActivityStackSupervisorHandler.activityIdleInternal(com.android.server.am.ActivityRecord) for 156ms
11-24 18:34:17.977  2250  2250 I MonitoringInstrumentation: Activities that are still in CREATED to STOPPED: 1
11-24 18:34:17.979  2250  2265 I TestRunner: run finished: 15 tests, 0 failed, 0 ignored
11-24 18:34:18.325  1714  1714 I Choreographer: Skipped 62 frames!  The application may be doing too much work on its main thread.
11-24 18:34:18.368  2250  2250 I MonitoringInstrumentation: Activities that are still in CREATED to STOPPED: 1
11-24 18:34:18.369  2250  2265 I MonitoringInstrumentation: Unstopped activity count: 1
11-24 18:34:18.428  2250  2265 I MonitoringInstrumentation: Unstopped activity count: 1
11-24 18:34:18.486  2250  2265 I MonitoringInstrumentation: Unstopped activity count: 1
11-24 18:34:18.546  2250  2265 I MonitoringInstrumentation: Unstopped activity count: 1
11-24 18:34:18.606  2250  2265 I MonitoringInstrumentation: Unstopped activity count: 1
11-24 18:34:18.632  2250  2250 D LifecycleMonitor: Lifecycle status change: br.com.catbag.gifreduxsample.ui.GifListActivity@31fe0d8 in: STOPPED
11-24 18:34:18.632  2250  2250 D LifecycleMonitor: Lifecycle status change: br.com.catbag.gifreduxsample.ui.GifListActivity@31fe0d8 in: DESTROYED
11-24 18:34:18.666  2250  2265 I MonitoringInstrumentation: waitForActivitiesToComplete() took: 298ms
11-24 18:34:18.671  1237  1248 I ActivityManager: Force stopping br.com.catbag.gifreduxsample appid=10060 user=0: finished inst
11-24 18:34:18.672  1237  1248 I ActivityManager: Killing 2250:br.com.catbag.gifreduxsample/u0a60 (adj 0): stop br.com.catbag.gifreduxsample
11-24 18:34:18.708  2240  2240 D AndroidRuntime: Shutting down VM
11-24 18:34:18.780  1237  1258 I WindowManager: Destroying surface Surface(name=br.com.catbag.gifreduxsample/br.com.catbag.gifreduxsample.ui.GifListActivity) called by com.android.server.wm.WindowStateAnimator.destroySurface:2014 com.android.server.wm.WindowStateAnimator.destroySurfaceLocked:881 com.android.server.wm.WindowState.removeLocked:1449 com.android.server.wm.WindowManagerService.removeWindowInnerLocked:2478 com.android.server.wm.AppWindowToken.destroySurfaces:365 com.android.server.wm.WindowStateAnimator.finishExit:565 com.android.server.wm.AppWindowAnimator.stepAnimationLocked:427 com.android.server.wm.WindowAnimator.updateAppWindowsLocked:196 
11-24 18:34:19.584  2315  2315 D AndroidRuntime: >>>>>> START com.android.internal.os.RuntimeInit uid 2000 <<<<<<
11-24 18:34:19.597  2315  2315 D AndroidRuntime: CheckJNI is ON
11-24 18:34:19.679  2315  2315 W art     : Unexpected CPU variant for X86 using defaults: x86
11-24 18:34:19.691  2315  2315 D ICU     : No timezone override file found: /data/misc/zoneinfo/current/icu/icu_tzdata.dat
11-24 18:34:19.724  2315  2315 E memtrack: Couldn't load memtrack module (No such file or directory)
11-24 18:34:19.724  2315  2315 E android.os.Debug: failed to load memtrack module: -2
11-24 18:34:19.731  2315  2315 I Radio-JNI: register_android_hardware_Radio DONE
11-24 18:34:19.753  2315  2315 D AndroidRuntime: Calling main entry com.android.commands.pm.Pm
11-24 18:34:19.790  1237  1251 I ActivityManager: Force stopping br.com.catbag.gifreduxsample.test appid=10061 user=-1: deletePackageX
11-24 18:34:19.947  1237  1263 I art     : Starting a blocking GC Explicit
11-24 18:34:20.029  1237  1263 I art     : Explicit concurrent mark sweep GC freed 27673(1818KB) AllocSpace objects, 9(180KB) LOS objects, 33% free, 7MB/10MB, paused 5.744ms total 75.495ms
11-24 18:34:20.068  1237  1263 I ActivityManager: Force stopping br.com.catbag.gifreduxsample.test appid=10061 user=0: pkg removed
11-24 18:34:20.127  2315  2315 I art     : System.exit called, status: 0
11-24 18:34:20.127  2315  2315 I AndroidRuntime: VM exiting with result code 0.
11-24 18:34:20.250  1237  1251 W art     : Long monitor contention with owner PackageManager (1263) at int com.android.server.am.ActivityManagerService.broadcastIntent(android.app.IApplicationThread, android.content.Intent, java.lang.String, android.content.IIntentReceiver, int, java.lang.String, android.os.Bundle, java.lang.String[], int, android.os.Bundle, boolean, boolean, int)(ActivityManagerService.java:18249) waiters=0 in void com.android.server.am.ActivityStackSupervisor$ActivityStackSupervisorHandler.activityIdleInternal(com.android.server.am.ActivityRecord) for 180ms
11-24 18:34:20.441  1237  1263 E KernelUidCpuTimeReader: failed to remove uid from uid_cputime module
11-24 18:34:20.441  1237  1263 E KernelUidCpuTimeReader: java.io.FileNotFoundException: /proc/uid_cputime/remove_uid_range (No such file or directory)
11-24 18:34:20.441  1237  1263 E KernelUidCpuTimeReader: 	at java.io.FileOutputStream.open(Native Method)
11-24 18:34:20.441  1237  1263 E KernelUidCpuTimeReader: 	at java.io.FileOutputStream.<init>(FileOutputStream.java:221)
11-24 18:34:20.441  1237  1263 E KernelUidCpuTimeReader: 	at java.io.FileOutputStream.<init>(FileOutputStream.java:108)
11-24 18:34:20.441  1237  1263 E KernelUidCpuTimeReader: 	at java.io.FileWriter.<init>(FileWriter.java:63)
11-24 18:34:20.441  1237  1263 E KernelUidCpuTimeReader: 	at com.android.internal.os.KernelUidCpuTimeReader.removeUid(KernelUidCpuTimeReader.java:158)
11-24 18:34:20.441  1237  1263 E KernelUidCpuTimeReader: 	at com.android.internal.os.BatteryStatsImpl.removeUidStatsLocked(BatteryStatsImpl.java:9805)
11-24 18:34:20.441  1237  1263 E KernelUidCpuTimeReader: 	at com.android.server.am.BatteryStatsService.removeUid(BatteryStatsService.java:291)
11-24 18:34:20.441  1237  1263 E KernelUidCpuTimeReader: 	at com.android.server.am.ActivityManagerService.broadcastIntentLocked(ActivityManagerService.java:17767)
11-24 18:34:20.441  1237  1263 E KernelUidCpuTimeReader: 	at com.android.server.am.ActivityManagerService.broadcastIntent(ActivityManagerService.java:18256)
11-24 18:34:20.441  1237  1263 E KernelUidCpuTimeReader: 	at com.android.server.pm.PackageManagerService$8.run(PackageManagerService.java:11407)
11-24 18:34:20.441  1237  1263 E KernelUidCpuTimeReader: 	at android.os.Handler.handleCallback(Handler.java:751)
11-24 18:34:20.441  1237  1263 E KernelUidCpuTimeReader: 	at android.os.Handler.dispatchMessage(Handler.java:95)
11-24 18:34:20.441  1237  1263 E KernelUidCpuTimeReader: 	at android.os.Looper.loop(Looper.java:154)
11-24 18:34:20.441  1237  1263 E KernelUidCpuTimeReader: 	at android.os.HandlerThread.run(HandlerThread.java:61)
11-24 18:34:20.441  1237  1263 E KernelUidCpuTimeReader: 	at com.android.server.ServiceThread.run(ServiceThread.java:46)
11-24 18:34:20.451  1237  1277 I InputReader: Reconfiguring input devices.  changes=0x00000010
11-24 18:34:20.520  1448  1448 D CarrierSvcBindHelper: No carrier app for: 0
11-24 18:34:20.609  1237  1252 W art     : Long monitor contention with owner NetworkPolicy (1299) at void com.android.server.net.NetworkPolicyManagerService$MyPackageMonitor.onPackageRemoved(java.lang.String, int)(NetworkPolicyManagerService.java:3487) waiters=0 in void com.android.server.net.NetworkPolicyManagerService$1.onUidStateChanged(int, int) for 176ms
11-24 18:34:20.795  1237  1250 W LocationProviderProxy-network: Odd, no component found for service com.android.location.service.v3.NetworkLocationProvider
11-24 18:34:20.807  1237  1250 W GeocoderProxy: Odd, no component found for service com.android.location.service.GeocodeProvider
11-24 18:34:20.807  1237  1250 W GeofenceProxy: Odd, no component found for service com.android.location.service.GeofenceProvider
11-24 18:34:20.808  1237  1250 W ActivityRecognitionProxy: Odd, no component found for service com.android.location.service.ActivityRecognitionProvider
11-24 18:34:20.984  1650  1678 I art     : Background sticky concurrent mark sweep GC freed 2929(322KB) AllocSpace objects, 0(0B) LOS objects, 24% free, 1976KB/2MB, paused 6.286ms total 198.361ms
11-24 18:34:21.272  2329  2329 D AndroidRuntime: >>>>>> START com.android.internal.os.RuntimeInit uid 2000 <<<<<<
11-24 18:34:21.275  2329  2329 D AndroidRuntime: CheckJNI is ON
11-24 18:34:21.363  2329  2329 W art     : Unexpected CPU variant for X86 using defaults: x86
11-24 18:34:21.372  2329  2329 D ICU     : No timezone override file found: /data/misc/zoneinfo/current/icu/icu_tzdata.dat
11-24 18:34:21.412  2329  2329 E memtrack: Couldn't load memtrack module (No such file or directory)
11-24 18:34:21.412  2329  2329 E android.os.Debug: failed to load memtrack module: -2
11-24 18:34:21.414  2329  2329 I Radio-JNI: register_android_hardware_Radio DONE
11-24 18:34:21.448  2329  2329 D AndroidRuntime: Calling main entry com.android.commands.pm.Pm
11-24 18:34:21.463  1237  1251 I ActivityManager: Force stopping br.com.catbag.gifreduxsample appid=10060 user=-1: deletePackageX
11-24 18:34:21.669  1237  1263 I art     : Starting a blocking GC Explicit
11-24 18:34:21.706  1237  1324 E TaskPersister: File error accessing recents directory (directory doesn't exist?).
11-24 18:34:21.767  1237  1263 I art     : Explicit concurrent mark sweep GC freed 30343(1599KB) AllocSpace objects, 8(160KB) LOS objects, 33% free, 6MB/10MB, paused 5.301ms total 95.899ms
11-24 18:34:21.780  2329  2329 I art     : System.exit called, status: 0
11-24 18:34:21.780  2329  2329 I AndroidRuntime: VM exiting with result code 0.
