11-24 13:56:08.236  2250  2250 E Feed    : 	at android.support.v7.widget.LinearLayoutManager.fill(LinearLayoutManager.java:1377)
11-24 13:56:08.236  2250  2250 E Feed    : 	at android.support.v7.widget.LinearLayoutManager.onLayoutChildren(LinearLayoutManager.java:578)
11-24 13:56:08.236  2250  2250 E Feed    : 	at android.support.v7.widget.RecyclerView.dispatchLayoutStep2(RecyclerView.java:3260)
11-24 13:56:08.236  2250  2250 E Feed    : 	at android.support.v7.widget.RecyclerView.dispatchLayout(RecyclerView.java:3069)
11-24 13:56:08.236  2250  2250 E Feed    : 	at android.support.v7.widget.RecyclerView.onLayout(RecyclerView.java:3518)
11-24 13:56:08.236  2250  2250 E Feed    : 	at android.view.View.layout(View.java:17520)
11-24 13:56:08.236  2250  2250 E Feed    : 	at android.view.ViewGroup.layout(ViewGroup.java:5612)
11-24 13:56:08.236  2250  2250 E Feed    : 	at android.widget.FrameLayout.layoutChildren(FrameLayout.java:323)
11-24 13:56:08.236  2250  2250 E Feed    : 	at android.widget.FrameLayout.onLayout(FrameLayout.java:261)
11-24 13:56:08.236  2250  2250 E Feed    : 	at android.view.View.layout(View.java:17520)
11-24 13:56:08.236  2250  2250 E Feed    : 	at android.view.ViewGroup.layout(ViewGroup.java:5612)
11-24 13:56:08.236  2250  2250 E Feed    : 	at android.widget.RelativeLayout.onLayout(RelativeLayout.java:1079)
11-24 13:56:08.236  2250  2250 E Feed    : 	at android.view.View.layout(View.java:17520)
11-24 13:56:08.236  2250  2250 E Feed    : 	at android.view.ViewGroup.layout(ViewGroup.java:5612)
11-24 13:56:08.236  2250  2250 E Feed    : 	at android.widget.FrameLayout.layoutChildren(FrameLayout.java:323)
11-24 13:56:08.236  2250  2250 E Feed    : 	at android.widget.FrameLayout.onLayout(FrameLayout.java:261)
11-24 13:56:08.236  2250  2250 E Feed    : 	at android.view.View.layout(View.java:17520)
11-24 13:56:08.236  2250  2250 E Feed    : 	at android.view.ViewGroup.layout(ViewGroup.java:5612)
11-24 13:56:08.236  2250  2250 E Feed    : 	at android.support.v7.widget.ActionBarOverlayLayout.onLayout(ActionBarOverlayLayout.java:435)
11-24 13:56:08.236  2250  2250 E Feed    : 	at android.view.View.layout(View.java:17520)
11-24 13:56:08.236  2250  2250 E Feed    : 	at android.view.ViewGroup.layout(ViewGroup.java:5612)
11-24 13:56:08.236  2250  2250 E Feed    : 	at android.widget.FrameLayout.layoutChildren(FrameLayout.java:323)
11-24 13:56:08.236  2250  2250 E Feed    : 	at android.widget.FrameLayout.onLayout(FrameLayout.java:261)
11-24 13:56:08.236  2250  2250 E Feed    : 	at android.view.View.layout(View.java:17520)
11-24 13:56:08.236  2250  2250 E Feed    : 	at android.view.ViewGroup.layout(ViewGroup.java:5612)
11-24 13:56:08.236  2250  2250 E Feed    : 	at android.widget.LinearLayout.setChildFrame(LinearLayout.java:1741)
11-24 13:56:08.236  2250  2250 E Feed    : 	at android.widget.LinearLayout.layoutVertical(LinearLayout.java:1585)
11-24 13:56:08.236  2250  2250 E Feed    : 	at android.widget.LinearLayout.onLayout(LinearLayout.java:1494)
11-24 13:56:08.236  2250  2250 E Feed    : 	at android.view.View.layout(View.java:17520)
11-24 13:56:08.236  2250  2250 E Feed    : 	at android.view.ViewGroup.layout(ViewGroup.java:5612)
11-24 13:56:08.236  2250  2250 E Feed    : 	at android.widget.FrameLayout.layoutChildren(FrameLayout.java:323)
11-24 13:56:08.237  2250  2250 E Feed    : 	at android.widget.FrameLayout.onLayout(FrameLayout.java:261)
11-24 13:56:08.237  2250  2250 E Feed    : 	at com.android.internal.policy.DecorView.onLayout(DecorView.java:724)
11-24 13:56:08.237  2250  2250 E Feed    : 	at android.view.View.layout(View.java:17520)
11-24 13:56:08.237  2250  2250 E Feed    : 	at android.view.ViewGroup.layout(ViewGroup.java:5612)
11-24 13:56:08.237  2250  2250 E Feed    : 	at android.view.ViewRootImpl.performLayout(ViewRootImpl.java:2342)
11-24 13:56:08.237  2250  2250 E Feed    : 	at android.view.ViewRootImpl.performTraversals(ViewRootImpl.java:2069)
11-24 13:56:08.237  2250  2250 E Feed    : 	at android.view.ViewRootImpl.doTraversal(ViewRootImpl.java:1246)
11-24 13:56:08.237  2250  2250 E Feed    : 	at android.view.ViewRootImpl$TraversalRunnable.run(ViewRootImpl.java:6301)
11-24 13:56:08.237  2250  2250 E Feed    : 	at android.view.Choreographer$CallbackRecord.run(Choreographer.java:871)
11-24 13:56:08.237  2250  2250 E Feed    : 	at android.view.Choreographer.doCallbacks(Choreographer.java:683)
11-24 13:56:08.237  2250  2250 E Feed    : 	at android.view.Choreographer.doFrame(Choreographer.java:619)
11-24 13:56:08.237  2250  2250 E Feed    : 	at android.view.Choreographer$FrameDisplayEventReceiver.run(Choreographer.java:857)
11-24 13:56:08.237  2250  2250 E Feed    : 	at android.os.Handler.handleCallback(Handler.java:751)
11-24 13:56:08.237  2250  2250 E Feed    : 	at android.os.Handler.dispatchMessage(Handler.java:95)
11-24 13:56:08.237  2250  2250 E Feed    : 	at android.os.Looper.loop(Looper.java:154)
11-24 13:56:08.237  2250  2250 E Feed    : 	at android.app.ActivityThread.main(ActivityThread.java:6077)
11-24 13:56:08.237  2250  2250 E Feed    : 	at java.lang.reflect.Method.invoke(Native Method)
11-24 13:56:08.237  2250  2250 E Feed    : 	at com.android.internal.os.ZygoteInit$MethodAndArgsCaller.run(ZygoteInit.java:865)
11-24 13:56:08.237  2250  2250 E Feed    : 	at com.android.internal.os.ZygoteInit.main(ZygoteInit.java:755)
11-24 13:56:08.337  1237  1258 I ActivityManager: Displayed br.com.catbag.gifreduxsample/.ui.GifListActivity: +476ms
11-24 13:56:08.423  2250  2250 D LifecycleMonitor: Lifecycle status change: br.com.catbag.gifreduxsample.ui.GifListActivity@d7fb8ac in: PAUSED
11-24 13:56:08.452  2250  2265 I TestRunner: finished: whenGifIsNotWatchedTest(br.com.catbag.gifreduxsample.ui.giflist.GifListActivityTest)
11-24 13:56:08.488  1831  1831 W IInputConnectionWrapper: reportFullscreenMode on inexistent InputConnection
11-24 13:56:08.525   978   978 D gralloc : Registering a buffer in the process that created it. This may cause memory ordering problems.
11-24 13:56:08.526   978   978 E libEGL  : called unimplemented OpenGL ES API
11-24 13:56:08.526   978   978 E SurfaceFlinger: glCheckFramebufferStatusOES error -1439337609
11-24 13:56:08.527   978   978 E SurfaceFlinger: got GL_FRAMEBUFFER_COMPLETE_OES error while taking screenshot
11-24 13:56:08.530  1237  1248 W WindowManager: Screenshot failure taking screenshot for (480x800) to layer 22015
11-24 13:56:08.577  1237  1258 I Choreographer: Skipped 35 frames!  The application may be doing too much work on its main thread.
11-24 13:56:08.612  1237  1258 I WindowManager: Destroying surface Surface(name=Starting br.com.catbag.gifreduxsample) called by com.android.server.wm.WindowStateAnimator.destroySurface:2014 com.android.server.wm.WindowStateAnimator.destroySurfaceLocked:881 com.android.server.wm.WindowState.removeLocked:1449 com.android.server.wm.WindowManagerService.removeWindowInnerLocked:2478 com.android.server.wm.AppWindowToken.destroySurfaces:365 com.android.server.wm.WindowStateAnimator.finishExit:565 com.android.server.wm.WindowStateAnimator.stepAnimationLocked:491 com.android.server.wm.WindowAnimator.updateWindowsLocked:303 
11-24 13:56:08.729  1237  1252 W art     : Long monitor contention with owner Binder:1237_1 (1248) at void com.android.server.am.ActivityManagerService.activityPaused(android.os.IBinder)(ActivityManagerService.java:6849) waiters=0 in void com.android.server.am.ActivityManagerService$UiHandler.handleMessage(android.os.Message) for 155ms
11-24 13:56:08.745  2250  2250 I MonitoringInstrumentation: Activities that are still in CREATED to STOPPED: 2
11-24 13:56:08.747  2250  2265 I TestRunner: started: whenGifIsDownloadingTest(br.com.catbag.gifreduxsample.ui.giflist.GifListActivityTest)
11-24 13:56:08.796  2250  2250 I MonitoringInstrumentation: Activities that are still in CREATED to STOPPED: 2
11-24 13:56:08.830  2250  2266 I DroidFlux:Dispatcher: [STARTED] dispatch of action [FAKE_REDUCE_ACTION]
11-24 13:56:08.831  2250  2266 I DroidFlux:Dispatcher: [COMPLETED] dispatch of action [FAKE_REDUCE_ACTION]
11-24 13:56:08.839  2250  2288 D ActivityTestRule: Launching activity br.com.catbag.gifreduxsample.ui.GifListActivity
11-24 13:56:08.841  2250  2289 D MonitoringInstrumentation: execStartActivity(context, ibinder, ibinder, activity, intent, int, bundle
11-24 13:56:08.842  1237  1775 I ActivityManager: START u0 {flg=0x10000000 cmp=br.com.catbag.gifreduxsample/.ui.GifListActivity} from uid 10060 on display 0
11-24 13:56:08.873  1831  1831 I Choreographer: Skipped 64 frames!  The application may be doing too much work on its main thread.
11-24 13:56:09.030  2250  2250 D LifecycleMonitor: Lifecycle status change: br.com.catbag.gifreduxsample.ui.GifListActivity@1f3e15b in: PRE_ON_CREATE
11-24 13:56:09.040  2250  2250 D LifecycleMonitor: Lifecycle status change: br.com.catbag.gifreduxsample.ui.GifListActivity@1f3e15b in: CREATED
11-24 13:56:09.058  1237  1258 I Choreographer: Skipped 76 frames!  The application may be doing too much work on its main thread.
11-24 13:56:09.063  2250  2266 I DroidFlux:Dispatcher: [STARTED] dispatch of action [APP_STATE_LOAD]
11-24 13:56:09.065  2250  2266 D DroidFlux:Dispatcher: An action of type [APP_STATE_LOAD] was dispatched, but no reducer handled it
11-24 13:56:09.065  2250  2266 I DroidFlux:Dispatcher: [COMPLETED] dispatch of action [APP_STATE_LOAD]
11-24 13:56:09.066  2250  2250 D LifecycleMonitor: Lifecycle status change: br.com.catbag.gifreduxsample.ui.GifListActivity@1f3e15b in: STARTED
11-24 13:56:09.069  2250  2250 D LifecycleMonitor: Lifecycle status change: br.com.catbag.gifreduxsample.ui.GifListActivity@1f3e15b in: RESUMED
11-24 13:56:09.300  1237  1258 I Choreographer: Skipped 43 frames!  The application may be doing too much work on its main thread.
11-24 13:56:09.421  1237  1258 I ActivityManager: Displayed br.com.catbag.gifreduxsample/.ui.GifListActivity: +414ms
11-24 13:56:09.636  2250  2250 D LifecycleMonitor: Lifecycle status change: br.com.catbag.gifreduxsample.ui.GifListActivity@1f3e15b in: PAUSED
11-24 13:56:09.666  2250  2265 I TestRunner: finished: whenGifIsDownloadingTest(br.com.catbag.gifreduxsample.ui.giflist.GifListActivityTest)
11-24 13:56:09.671   978   978 D gralloc : Registering a buffer in the process that created it. This may cause memory ordering problems.
11-24 13:56:09.671   978   978 E libEGL  : called unimplemented OpenGL ES API
11-24 13:56:09.672   978   978 E SurfaceFlinger: glCheckFramebufferStatusOES error -1439337609
11-24 13:56:09.672   978   978 E SurfaceFlinger: got GL_FRAMEBUFFER_COMPLETE_OES error while taking screenshot
11-24 13:56:09.675  1237  1775 W WindowManager: Screenshot failure taking screenshot for (480x800) to layer 22025
11-24 13:56:09.676  1237  1732 D WindowManager: relayoutVisibleWindow: Window{4131e3b u0 com.android.launcher3/com.android.launcher3.Launcher EXITING} mAnimatingExit=true, mRemoveOnExit=false, mDestroying=false
11-24 13:56:09.712  2250  2250 I MonitoringInstrumentation: Activities that are still in CREATED to STOPPED: 3
11-24 13:56:09.715  2250  2265 I TestRunner: started: whenListKeepOrderedAfterPlayTest(br.com.catbag.gifreduxsample.ui.giflist.GifListActivityTest)
11-24 13:56:09.719  1237  1258 I Choreographer: Skipped 31 frames!  The application may be doing too much work on its main thread.
11-24 13:56:09.778  1237  1258 I WindowManager: Destroying surface Surface(name=Starting br.com.catbag.gifreduxsample) called by com.android.server.wm.WindowStateAnimator.destroySurface:2014 com.android.server.wm.WindowStateAnimator.destroySurfaceLocked:881 com.android.server.wm.WindowState.removeLocked:1449 com.android.server.wm.WindowManagerService.removeWindowInnerLocked:2478 com.android.server.wm.AppWindowToken.destroySurfaces:365 com.android.server.wm.WindowStateAnimator.finishExit:565 com.android.server.wm.WindowStateAnimator.stepAnimationLocked:491 com.android.server.wm.WindowAnimator.updateWindowsLocked:303 
11-24 13:56:09.795  2250  2250 I MonitoringInstrumentation: Activities that are still in CREATED to STOPPED: 3
11-24 13:56:09.908  2250  2266 I DroidFlux:Dispatcher: [STARTED] dispatch of action [FAKE_REDUCE_ACTION]
11-24 13:56:09.909  2250  2266 I DroidFlux:Dispatcher: [COMPLETED] dispatch of action [FAKE_REDUCE_ACTION]
11-24 13:56:09.998  2250  2290 D ActivityTestRule: Launching activity br.com.catbag.gifreduxsample.ui.GifListActivity
11-24 13:56:10.012  1831  1831 I Choreographer: Skipped 38 frames!  The application may be doing too much work on its main thread.
11-24 13:56:10.033  2250  2291 D MonitoringInstrumentation: execStartActivity(context, ibinder, ibinder, activity, intent, int, bundle
11-24 13:56:10.033  1237  1775 I ActivityManager: START u0 {flg=0x10000000 cmp=br.com.catbag.gifreduxsample/.ui.GifListActivity} from uid 10060 on display 0
11-24 13:56:10.187  2250  2250 D LifecycleMonitor: Lifecycle status change: br.com.catbag.gifreduxsample.ui.GifListActivity@fc0a296 in: PRE_ON_CREATE
11-24 13:56:10.198  2250  2250 D LifecycleMonitor: Lifecycle status change: br.com.catbag.gifreduxsample.ui.GifListActivity@fc0a296 in: CREATED
11-24 13:56:10.198  2250  2250 D LifecycleMonitor: Lifecycle status change: br.com.catbag.gifreduxsample.ui.GifListActivity@fc0a296 in: STARTED
11-24 13:56:10.199  2250  2266 I DroidFlux:Dispatcher: [STARTED] dispatch of action [APP_STATE_LOAD]
11-24 13:56:10.200  2250  2266 D DroidFlux:Dispatcher: An action of type [APP_STATE_LOAD] was dispatched, but no reducer handled it
11-24 13:56:10.200  2250  2266 I DroidFlux:Dispatcher: [COMPLETED] dispatch of action [APP_STATE_LOAD]
11-24 13:56:10.201  2250  2250 D LifecycleMonitor: Lifecycle status change: br.com.catbag.gifreduxsample.ui.GifListActivity@fc0a296 in: RESUMED
11-24 13:56:10.209  2250  2250 D LifecycleMonitor: Lifecycle status change: br.com.catbag.gifreduxsample.ui.GifListActivity@1f3e15b in: STOPPED
11-24 13:56:10.209  2250  2250 D LifecycleMonitor: Lifecycle status change: br.com.catbag.gifreduxsample.ui.GifListActivity@1f3e15b in: DESTROYED
11-24 13:56:10.230  2250  2250 D LifecycleMonitor: Lifecycle status change: br.com.catbag.gifreduxsample.ui.GifListActivity@d7fb8ac in: STOPPED
11-24 13:56:10.230  2250  2250 D LifecycleMonitor: Lifecycle status change: br.com.catbag.gifreduxsample.ui.GifListActivity@d7fb8ac in: DESTROYED
11-24 13:56:10.233  1237  1248 I WindowManager: Destroying surface Surface(name=br.com.catbag.gifreduxsample/br.com.catbag.gifreduxsample.ui.GifListActivity) called by com.android.server.wm.WindowStateAnimator.destroySurface:2014 com.android.server.wm.WindowStateAnimator.destroySurfaceLocked:881 com.android.server.wm.WindowState.removeLocked:1449 com.android.server.wm.WindowManagerService.removeWindowInnerLocked:2478 com.android.server.wm.WindowManagerService.removeWindowLocked:2436 com.android.server.wm.WindowManagerService.removeWindowLocked:2305 com.android.server.wm.WindowManagerService.removeWindow:2300 com.android.server.wm.Session.remove:193 
11-24 13:56:10.257  2250  2250 D LifecycleMonitor: Lifecycle status change: br.com.catbag.gifreduxsample.ui.GifListActivity@e1c4024 in: STOPPED
11-24 13:56:10.258  2250  2250 D LifecycleMonitor: Lifecycle status change: br.com.catbag.gifreduxsample.ui.GifListActivity@e1c4024 in: DESTROYED
11-24 13:56:10.260  1237  1343 I WindowManager: Destroying surface Surface(name=br.com.catbag.gifreduxsample/br.com.catbag.gifreduxsample.ui.GifListActivity) called by com.android.server.wm.WindowStateAnimator.destroySurface:2014 com.android.server.wm.WindowStateAnimator.destroySurfaceLocked:881 com.android.server.wm.WindowState.removeLocked:1449 com.android.server.wm.WindowManagerService.removeWindowInnerLocked:2478 com.android.server.wm.WindowManagerService.removeWindowLocked:2436 com.android.server.wm.WindowManagerService.removeWindowLocked:2305 com.android.server.wm.WindowManagerService.removeWindow:2300 com.android.server.wm.Session.remove:193 
11-24 13:56:10.267  1237  1258 I Choreographer: Skipped 46 frames!  The application may be doing too much work on its main thread.
11-24 13:56:10.269  1237  1258 I WindowManager: Destroying surface Surface(name=br.com.catbag.gifreduxsample/br.com.catbag.gifreduxsample.ui.GifListActivity) called by com.android.server.wm.WindowStateAnimator.destroySurface:2014 com.android.server.wm.WindowStateAnimator.destroySurfaceLocked:881 com.android.server.wm.WindowState.destroyOrSaveSurface:2073 com.android.server.wm.AppWindowToken.destroySurfaces:363 com.android.server.wm.WindowStateAnimator.finishExit:565 com.android.server.wm.AppWindowAnimator.stepAnimationLocked:427 com.android.server.wm.WindowAnimator.updateAppWindowsLocked:196 com.android.server.wm.WindowAnimator.animateLocked:678 
11-24 13:56:10.445  1831  1831 W IInputConnectionWrapper: reportFullscreenMode on inexistent InputConnection
11-24 13:56:10.497  2250  2250 W ResourceType: No package identifier when getting name for resource number 0x0000000c
11-24 13:56:10.497  2250  2250 I ViewInteraction: Performing 'single click' action on view with id: 12 (resource name not found)
11-24 13:56:10.529  1237  1258 I ActivityManager: Displayed br.com.catbag.gifreduxsample/.ui.GifListActivity: +381ms
11-24 13:56:10.689  2250  2266 I DroidFlux:Dispatcher: [STARTED] dispatch of action [GIF_PLAY]
11-24 13:56:10.691  2250  2266 I DroidFlux:Dispatcher: [COMPLETED] dispatch of action [GIF_PLAY]
11-24 13:56:10.715   988  1030 D AudioFlinger: mixer(0xb2b03940) throttle end: throttle time(11)
11-24 13:56:10.734   988  1030 D AudioFlinger: mixer(0xb2b03940) throttle end: throttle time(11)
11-24 13:56:10.746  1237  1258 I WindowManager: Destroying surface Surface(name=Starting br.com.catbag.gifreduxsample) called by com.android.server.wm.WindowStateAnimator.destroySurface:2014 com.android.server.wm.WindowStateAnimator.destroySurfaceLocked:881 com.android.server.wm.WindowState.destroyOrSaveSurface:2073 com.android.server.wm.AppWindowToken.destroySurfaces:363 com.android.server.wm.WindowStateAnimator.finishExit:565 com.android.server.wm.WindowStateAnimator.stepAnimationLocked:491 com.android.server.wm.WindowAnimator.updateWindowsLocked:303 com.android.server.wm.WindowAnimator.animateLocked:704 
11-24 13:56:10.830  2250  2255 I art     : Do partial code cache collection, code=54KB, data=62KB
11-24 13:56:10.843  2250  2255 I art     : After code cache collection, code=52KB, data=60KB
11-24 13:56:10.843  2250  2255 I art     : Increasing code cache capacity to 256KB
11-24 13:56:11.239  1237  1248 I WindowManager: Destroying surface Surface(name=com.android.launcher3/com.android.launcher3.Launcher) called by com.android.server.wm.WindowStateAnimator.destroySurface:2014 com.android.server.wm.WindowStateAnimator.destroySurfaceLocked:881 com.android.server.wm.WindowState.destroyOrSaveSurface:2073 com.android.server.wm.AppWindowToken.destroySurfaces:363 com.android.server.wm.AppWindowToken.notifyAppStopped:389 com.android.server.wm.WindowManagerService.notifyAppStopped:4456 com.android.server.am.ActivityStack.activityStoppedLocked:1252 com.android.server.am.ActivityManagerService.activityStopped:6873 
11-24 13:56:11.307  2250  2250 W ResourceType: No package identifier when getting name for resource number 0x00000010
11-24 13:56:11.307  2250  2250 I ViewInteraction: Performing 'scroll RecyclerView to position: 2' action on view with id: 16 (resource name not found)
11-24 13:56:11.599  2250  2250 W ResourceType: No package identifier when getting name for resource number 0x00000010
11-24 13:56:11.618  2250  2250 W ResourceType: No package identifier when getting name for resource number 0x00000018
11-24 13:56:11.618  2250  2250 I ViewInteraction: Performing 'single click' action on view with id: 24 (resource name not found)
11-24 13:56:11.686  2250  2266 I DroidFlux:Dispatcher: [STARTED] dispatch of action [GIF_PLAY]
11-24 13:56:11.701  2250  2266 I DroidFlux:Dispatcher: [COMPLETED] dispatch of action [GIF_PLAY]
11-24 13:56:12.326  2250  2250 W ResourceType: No package identifier when getting name for resource number 0x0000001c
11-24 13:56:12.326  2250  2250 I ViewInteraction: Performing 'scroll RecyclerView to position: 3' action on view with id: 28 (resource name not found)
11-24 13:56:12.640  2250  2250 W ResourceType: No package identifier when getting name for resource number 0x0000001c
11-24 13:56:12.681  2250  2250 W ResourceType: No package identifier when getting name for resource number 0x00000024
11-24 13:56:12.682  2250  2250 I ViewInteraction: Performing 'single click' action on view with id: 36 (resource name not found)
11-24 13:56:12.760  1237  1322 E TaskPersister: File error accessing recents directory (directory doesn't exist?).
11-24 13:56:12.789  2250  2261 I art     : Background sticky concurrent mark sweep GC freed 21679(1671KB) AllocSpace objects, 10(208KB) LOS objects, 24% free, 6MB/9MB, paused 32.772ms total 135.971ms
11-24 13:56:12.823  2250  2266 I DroidFlux:Dispatcher: [STARTED] dispatch of action [GIF_PLAY]
11-24 13:56:12.832  2250  2266 I DroidFlux:Dispatcher: [COMPLETED] dispatch of action [GIF_PLAY]
11-24 13:56:13.372  2250  2250 W ResourceType: No package identifier when getting name for resource number 0x00000028
11-24 13:56:13.372  2250  2250 I ViewInteraction: Performing 'scroll RecyclerView to position: 4' action on view with id: 40 (resource name not found)
11-24 13:56:13.673  2250  2250 W ResourceType: No package identifier when getting name for resource number 0x00000028
11-24 13:56:13.698  2250  2250 W ResourceType: No package identifier when getting name for resource number 0x00000030
11-24 13:56:13.698  2250  2250 I ViewInteraction: Performing 'single click' action on view with id: 48 (resource name not found)
11-24 13:56:13.755  2250  2266 I DroidFlux:Dispatcher: [STARTED] dispatch of action [GIF_PLAY]
11-24 13:56:13.757  2250  2266 I DroidFlux:Dispatcher: [COMPLETED] dispatch of action [GIF_PLAY]
11-24 13:56:14.406  2250  2250 W ResourceType: No package identifier when getting name for resource number 0x00000034
11-24 13:56:14.406  2250  2250 I ViewInteraction: Performing 'scroll RecyclerView to position: 5' action on view with id: 52 (resource name not found)
11-24 13:56:14.736  2250  2250 W ResourceType: No package identifier when getting name for resource number 0x00000034
11-24 13:56:14.757  2250  2250 W ResourceType: No package identifier when getting name for resource number 0x0000003c
11-24 13:56:14.757  2250  2250 I ViewInteraction: Performing 'single click' action on view with id: 60 (resource name not found)
11-24 13:56:14.823  2250  2266 I DroidFlux:Dispatcher: [STARTED] dispatch of action [GIF_PLAY]
11-24 13:56:14.859  2250  2266 I DroidFlux:Dispatcher: [COMPLETED] dispatch of action [GIF_PLAY]
11-24 13:56:15.391  2250  2250 W ResourceType: No package identifier when getting name for resource number 0x00000040
11-24 13:56:15.391  2250  2250 I ViewInteraction: Performing 'scroll RecyclerView to position: 6' action on view with id: 64 (resource name not found)
11-24 13:56:15.725  2250  2250 W ResourceType: No package identifier when getting name for resource number 0x00000040
11-24 13:56:15.772  2250  2250 W ResourceType: No package identifier when getting name for resource number 0x00000048
11-24 13:56:15.772  2250  2250 I ViewInteraction: Performing 'single click' action on view with id: 72 (resource name not found)
11-24 13:56:15.837  2250  2261 I art     : Background partial concurrent mark sweep GC freed 15875(1356KB) AllocSpace objects, 7(144KB) LOS objects, 33% free, 7MB/11MB, paused 5.155ms total 124.948ms
11-24 13:56:15.848  2250  2266 I DroidFlux:Dispatcher: [STARTED] dispatch of action [GIF_PLAY]
11-24 13:56:15.850  2250  2266 I DroidFlux:Dispatcher: [COMPLETED] dispatch of action [GIF_PLAY]
11-24 13:56:16.448  2250  2250 W ResourceType: No package identifier when getting name for resource number 0x0000004c
11-24 13:56:16.448  2250  2250 I ViewInteraction: Performing 'scroll RecyclerView to position: 7' action on view with id: 76 (resource name not found)
11-24 13:56:16.752  2250  2250 W ResourceType: No package identifier when getting name for resource number 0x0000004c
11-24 13:56:16.780  2250  2250 W ResourceType: No package identifier when getting name for resource number 0x00000054
11-24 13:56:16.780  2250  2250 I ViewInteraction: Performing 'single click' action on view with id: 84 (resource name not found)
11-24 13:56:16.867  2250  2266 I DroidFlux:Dispatcher: [STARTED] dispatch of action [GIF_PLAY]
11-24 13:56:16.868  2250  2266 I DroidFlux:Dispatcher: [COMPLETED] dispatch of action [GIF_PLAY]
11-24 13:56:17.411  2250  2250 W ResourceType: No package identifier when getting name for resource number 0x00000058
11-24 13:56:17.411  2250  2250 I ViewInteraction: Performing 'scroll RecyclerView to position: 8' action on view with id: 88 (resource name not found)
11-24 13:56:17.729  2250  2250 W ResourceType: No package identifier when getting name for resource number 0x00000058
11-24 13:56:17.743  2250  2250 W ResourceType: No package identifier when getting name for resource number 0x00000060
11-24 13:56:17.757  2250  2250 I ViewInteraction: Performing 'single click' action on view with id: 96 (resource name not found)
11-24 13:56:17.818  2250  2266 I DroidFlux:Dispatcher: [STARTED] dispatch of action [GIF_PLAY]
11-24 13:56:17.820  2250  2266 I DroidFlux:Dispatcher: [COMPLETED] dispatch of action [GIF_PLAY]
11-24 13:56:18.383  2250  2250 W ResourceType: No package identifier when getting name for resource number 0x00000064
11-24 13:56:18.383  2250  2250 I ViewInteraction: Performing 'scroll RecyclerView to position: 9' action on view with id: 100 (resource name not found)
11-24 13:56:18.712  2250  2250 W ResourceType: No package identifier when getting name for resource number 0x00000064
11-24 13:56:18.756  2250  2250 W ResourceType: No package identifier when getting name for resource number 0x0000006c
11-24 13:56:18.756  2250  2250 I ViewInteraction: Performing 'single click' action on view with id: 108 (resource name not found)
11-24 13:56:18.850  2250  2266 I DroidFlux:Dispatcher: [STARTED] dispatch of action [GIF_PLAY]
11-24 13:56:18.869  2250  2266 I DroidFlux:Dispatcher: [COMPLETED] dispatch of action [GIF_PLAY]
11-24 13:56:19.416  2250  2250 W ResourceType: No package identifier when getting name for resource number 0x00000070
11-24 13:56:19.417  2250  2250 I ViewInteraction: Performing 'scroll RecyclerView to position: 10' action on view with id: 112 (resource name not found)
11-24 13:56:19.740  2250  2250 W ResourceType: No package identifier when getting name for resource number 0x00000070
11-24 13:56:19.781  2250  2250 W ResourceType: No package identifier when getting name for resource number 0x00000078
11-24 13:56:19.781  2250  2250 I ViewInteraction: Performing 'single click' action on view with id: 120 (resource name not found)
11-24 13:56:19.840  2250  2266 I DroidFlux:Dispatcher: [STARTED] dispatch of action [GIF_PLAY]
11-24 13:56:19.841  2250  2266 I DroidFlux:Dispatcher: [COMPLETED] dispatch of action [GIF_PLAY]
11-24 13:56:20.410  2250  2250 W ResourceType: No package identifier when getting name for resource number 0x0000007c
11-24 13:56:20.410  2250  2250 I ViewInteraction: Performing 'scroll RecyclerView to position: 11' action on view with id: 124 (resource name not found)
11-24 13:56:20.719  2250  2250 W ResourceType: No package identifier when getting name for resource number 0x0000007c
11-24 13:56:20.751  2250  2250 W ResourceType: No package identifier when getting name for resource number 0x00000084
11-24 13:56:20.752  2250  2250 I ViewInteraction: Performing 'single click' action on view with id: 132 (resource name not found)
11-24 13:56:20.829  2250  2266 I DroidFlux:Dispatcher: [STARTED] dispatch of action [GIF_PLAY]
11-24 13:56:20.830  2250  2266 I DroidFlux:Dispatcher: [COMPLETED] dispatch of action [GIF_PLAY]
11-24 13:56:21.441  2250  2250 W ResourceType: No package identifier when getting name for resource number 0x00000088
11-24 13:56:21.441  2250  2250 I ViewInteraction: Performing 'scroll RecyclerView to position: 12' action on view with id: 136 (resource name not found)
11-24 13:56:21.555  2250  2261 I art     : Background sticky concurrent mark sweep GC freed 24306(1958KB) AllocSpace objects, 15(320KB) LOS objects, 19% free, 9MB/11MB, paused 7.113ms total 92.139ms
11-24 13:56:21.760  2250  2250 W ResourceType: No package identifier when getting name for resource number 0x00000088
11-24 13:56:21.770  2250  2250 W ResourceType: No package identifier when getting name for resource number 0x00000090
11-24 13:56:21.771  2250  2250 I ViewInteraction: Performing 'single click' action on view with id: 144 (resource name not found)
11-24 13:56:21.827  2250  2266 I DroidFlux:Dispatcher: [STARTED] dispatch of action [GIF_PLAY]
11-24 13:56:21.828  2250  2266 I DroidFlux:Dispatcher: [COMPLETED] dispatch of action [GIF_PLAY]
11-24 13:56:21.878  2250  2255 I art     : Do full code cache collection, code=122KB, data=124KB
11-24 13:56:21.879  2250  2255 I art     : After code cache collection, code=88KB, data=75KB
11-24 13:56:22.422  2250  2250 W ResourceType: No package identifier when getting name for resource number 0x00000094
11-24 13:56:22.423  2250  2250 I ViewInteraction: Performing 'scroll RecyclerView to position: 13' action on view with id: 148 (resource name not found)
11-24 13:56:22.718  2250  2250 W ResourceType: No package identifier when getting name for resource number 0x00000094
11-24 13:56:22.729  2250  2250 W ResourceType: No package identifier when getting name for resource number 0x0000009c
11-24 13:56:22.729  2250  2250 I ViewInteraction: Performing 'single click' action on view with id: 156 (resource name not found)
11-24 13:56:22.811  2250  2266 I DroidFlux:Dispatcher: [STARTED] dispatch of action [GIF_PLAY]
11-24 13:56:22.813  2250  2266 I DroidFlux:Dispatcher: [COMPLETED] dispatch of action [GIF_PLAY]
11-24 13:56:23.405  2250  2250 W ResourceType: No package identifier when getting name for resource number 0x000000a0
11-24 13:56:23.405  2250  2250 I ViewInteraction: Performing 'scroll RecyclerView to position: 14' action on view with id: 160 (resource name not found)
11-24 13:56:23.720  2250  2250 W ResourceType: No package identifier when getting name for resource number 0x000000a0
11-24 13:56:23.732  2250  2250 W ResourceType: No package identifier when getting name for resource number 0x000000a8
11-24 13:56:23.732  2250  2250 I ViewInteraction: Performing 'single click' action on view with id: 168 (resource name not found)
11-24 13:56:23.801  2250  2266 I DroidFlux:Dispatcher: [STARTED] dispatch of action [GIF_PLAY]
11-24 13:56:23.810  2250  2266 I DroidFlux:Dispatcher: [COMPLETED] dispatch of action [GIF_PLAY]
11-24 13:56:24.370  2250  2250 W ResourceType: No package identifier when getting name for resource number 0x000000ac
11-24 13:56:24.371  2250  2250 I ViewInteraction: Performing 'scroll RecyclerView to position: 15' action on view with id: 172 (resource name not found)
11-24 13:56:24.700  2250  2250 W ResourceType: No package identifier when getting name for resource number 0x000000ac
11-24 13:56:24.740  2250  2250 W ResourceType: No package identifier when getting name for resource number 0x000000b4
11-24 13:56:24.740  2250  2250 I ViewInteraction: Performing 'single click' action on view with id: 180 (resource name not found)
11-24 13:56:24.753  2250  2261 I art     : Background sticky concurrent mark sweep GC freed 16308(1425KB) AllocSpace objects, 10(208KB) LOS objects, 11% free, 10MB/11MB, paused 6.672ms total 71.259ms
11-24 13:56:24.807  2250  2266 I DroidFlux:Dispatcher: [STARTED] dispatch of action [GIF_PLAY]
11-24 13:56:24.808  2250  2266 I DroidFlux:Dispatcher: [COMPLETED] dispatch of action [GIF_PLAY]
11-24 13:56:25.396  2250  2250 W ResourceType: No package identifier when getting name for resource number 0x000000b8
11-24 13:56:25.397  2250  2250 I ViewInteraction: Performing 'scroll RecyclerView to position: 16' action on view with id: 184 (resource name not found)
11-24 13:56:25.713  2250  2250 W ResourceType: No package identifier when getting name for resource number 0x000000b8
11-24 13:56:25.727  2250  2250 W ResourceType: No package identifier when getting name for resource number 0x000000c0
11-24 13:56:25.728  2250  2250 I ViewInteraction: Performing 'single click' action on view with id: 192 (resource name not found)
11-24 13:56:25.818  2250  2266 I DroidFlux:Dispatcher: [STARTED] dispatch of action [GIF_PLAY]
11-24 13:56:25.820  2250  2266 I DroidFlux:Dispatcher: [COMPLETED] dispatch of action [GIF_PLAY]
11-24 13:56:26.441  2250  2250 W ResourceType: No package identifier when getting name for resource number 0x000000c4
11-24 13:56:26.442  2250  2250 I ViewInteraction: Performing 'scroll RecyclerView to position: 17' action on view with id: 196 (resource name not found)
11-24 13:56:26.750  2250  2250 W ResourceType: No package identifier when getting name for resource number 0x000000c4
11-24 13:56:26.790  2250  2250 W ResourceType: No package identifier when getting name for resource number 0x000000cc
11-24 13:56:26.790  2250  2250 I ViewInteraction: Performing 'single click' action on view with id: 204 (resource name not found)
11-24 13:56:26.857  2250  2261 I art     : Background sticky concurrent mark sweep GC freed 9231(753KB) AllocSpace objects, 4(80KB) LOS objects, 6% free, 11MB/11MB, paused 9.145ms total 96.956ms
11-24 13:56:26.872  2250  2266 I DroidFlux:Dispatcher: [STARTED] dispatch of action [GIF_PLAY]
11-24 13:56:26.873  2250  2266 I DroidFlux:Dispatcher: [COMPLETED] dispatch of action [GIF_PLAY]
11-24 13:56:27.480  2250  2250 W ResourceType: No package identifier when getting name for resource number 0x000000d0
11-24 13:56:27.480  2250  2250 I ViewInteraction: Performing 'scroll RecyclerView to position: 18' action on view with id: 208 (resource name not found)
11-24 13:56:27.778  2250  2250 W ResourceType: No package identifier when getting name for resource number 0x000000d0
11-24 13:56:27.799  2250  2250 W ResourceType: No package identifier when getting name for resource number 0x000000d8
11-24 13:56:27.800  2250  2250 I ViewInteraction: Performing 'single click' action on view with id: 216 (resource name not found)
11-24 13:56:27.857  2250  2266 I DroidFlux:Dispatcher: [STARTED] dispatch of action [GIF_PLAY]
11-24 13:56:27.859  2250  2266 I DroidFlux:Dispatcher: [COMPLETED] dispatch of action [GIF_PLAY]
11-24 13:56:27.895   988  1030 D AudioFlinger: mixer(0xb2b03940) throttle end: throttle time(3)
11-24 13:56:27.971  2250  2261 I art     : Background partial concurrent mark sweep GC freed 11556(760KB) AllocSpace objects, 18(2MB) LOS objects, 31% free, 8MB/12MB, paused 5.785ms total 157.483ms
11-24 13:56:28.518  2250  2250 W ResourceType: No package identifier when getting name for resource number 0x000000e3
11-24 13:56:28.519  2250  2250 I ViewInteraction: Performing 'single click' action on view with id: 227 (resource name not found)
11-24 13:56:28.593  2250  2266 I DroidFlux:Dispatcher: [STARTED] dispatch of action [GIF_PAUSE]
11-24 13:56:28.593  2250  2266 I DroidFlux:Dispatcher: [COMPLETED] dispatch of action [GIF_PAUSE]
11-24 13:56:29.243  2250  2250 D LifecycleMonitor: Lifecycle status change: br.com.catbag.gifreduxsample.ui.GifListActivity@fc0a296 in: PAUSED
11-24 13:56:29.257  2250  2265 I TestRunner: finished: whenListKeepOrderedAfterPlayTest(br.com.catbag.gifreduxsample.ui.giflist.GifListActivityTest)
11-24 13:56:29.341   978   978 D gralloc : Registering a buffer in the process that created it. This may cause memory ordering problems.
11-24 13:56:29.341   978   978 E libEGL  : called unimplemented OpenGL ES API
11-24 13:56:29.342   978   978 E SurfaceFlinger: glCheckFramebufferStatusOES error -1439337609
11-24 13:56:29.342   978   978 E SurfaceFlinger: got GL_FRAMEBUFFER_COMPLETE_OES error while taking screenshot
11-24 13:56:29.345  1237  1775 W WindowManager: Screenshot failure taking screenshot for (480x800) to layer 21005
11-24 13:56:29.432  2250  2250 I MonitoringInstrumentation: Activities that are still in CREATED to STOPPED: 1
11-24 13:56:29.433  2250  2265 I TestRunner: started: whenGifIsWatchedTest(br.com.catbag.gifreduxsample.ui.giflist.GifListActivityTest)
11-24 13:56:29.513  2250  2250 I MonitoringInstrumentation: Activities that are still in CREATED to STOPPED: 1
11-24 13:56:29.532  2250  2266 I DroidFlux:Dispatcher: [STARTED] dispatch of action [FAKE_REDUCE_ACTION]
11-24 13:56:29.533  2250  2266 I DroidFlux:Dispatcher: [COMPLETED] dispatch of action [FAKE_REDUCE_ACTION]
11-24 13:56:29.562  2250  2292 D ActivityTestRule: Launching activity br.com.catbag.gifreduxsample.ui.GifListActivity
11-24 13:56:29.589  2250  2293 D MonitoringInstrumentation: execStartActivity(context, ibinder, ibinder, activity, intent, int, bundle
11-24 13:56:29.590  1237  1775 I ActivityManager: START u0 {flg=0x10000000 cmp=br.com.catbag.gifreduxsample/.ui.GifListActivity} from uid 10060 on display 0
11-24 13:56:29.633  2250  2250 D LifecycleMonitor: Lifecycle status change: br.com.catbag.gifreduxsample.ui.GifListActivity@8b8deb7 in: PRE_ON_CREATE
11-24 13:56:29.652  1237  1258 I Choreographer: Skipped 49 frames!  The application may be doing too much work on its main thread.
11-24 13:56:29.668  2250  2250 D LifecycleMonitor: Lifecycle status change: br.com.catbag.gifreduxsample.ui.GifListActivity@8b8deb7 in: CREATED
11-24 13:56:29.669  2250  2250 D LifecycleMonitor: Lifecycle status change: br.com.catbag.gifreduxsample.ui.GifListActivity@8b8deb7 in: STARTED
11-24 13:56:29.670  2250  2266 I DroidFlux:Dispatcher: [STARTED] dispatch of action [APP_STATE_LOAD]
11-24 13:56:29.670  2250  2266 D DroidFlux:Dispatcher: An action of type [APP_STATE_LOAD] was dispatched, but no reducer handled it
11-24 13:56:29.671  2250  2266 I DroidFlux:Dispatcher: [COMPLETED] dispatch of action [APP_STATE_LOAD]
11-24 13:56:29.671  2250  2250 D LifecycleMonitor: Lifecycle status change: br.com.catbag.gifreduxsample.ui.GifListActivity@8b8deb7 in: RESUMED
11-24 13:56:29.709  2250  2250 E Feed    : Gif{uuid=982be854-9848-4afa-9079-4fed9b62727b, path=, url=, title=, watched=true, status=DOWNLOADED}
11-24 13:56:29.709  2250  2250 E Feed    : pl.droidsonroids.gif.GifIOException: GifError 101: Failed to open given input
11-24 13:56:29.709  2250  2250 E Feed    : 	at pl.droidsonroids.gif.GifInfoHandle.openFile(Native Method)
11-24 13:56:29.709  2250  2250 E Feed    : 	at pl.droidsonroids.gif.GifInfoHandle.<init>(GifInfoHandle.java:46)
11-24 13:56:29.709  2250  2250 E Feed    : 	at pl.droidsonroids.gif.GifDrawable.<init>(GifDrawable.java:124)
11-24 13:56:29.709  2250  2250 E Feed    : 	at br.com.catbag.gifreduxsample.ui.components.FeedView.createDrawable(FeedView.java:102)
11-24 13:56:29.709  2250  2250 E Feed    : 	at br.com.catbag.gifreduxsample.ui.components.FeedView.lambda$renderGifView$1(FeedView.java:89)
11-24 13:56:29.709  2250  2250 E Feed    : 	at br.com.catbag.gifreduxsample.ui.components.FeedView$$Lambda$2.view(Unknown Source)
11-24 13:56:29.709  2250  2250 E Feed    : 	at trikita.anvil.BaseDSL.v(BaseDSL.java:670)
11-24 13:56:29.709  2250  2250 E Feed    : 	at br.com.catbag.gifreduxsample.ui.components.FeedView.renderGifView(FeedView.java:88)
11-24 13:56:29.709  2250  2250 E Feed    : 	at br.com.catbag.gifreduxsample.ui.components.FeedView.access$lambda$0(FeedView.java)
11-24 13:56:29.709  2250  2250 E Feed    : 	at br.com.catbag.gifreduxsample.ui.components.FeedView$$Lambda$3.view(Unknown Source)
11-24 13:56:29.709  2250  2250 E Feed    : 	at br.com.catbag.gifreduxsample.ui.components.GifsAdapter.view(GifsAdapter.java:55)
11-24 13:56:29.709  2250  2250 E Feed    : 	at trikita.anvil.RenderableRecyclerViewAdapter$1.view(RenderableRecyclerViewAdapter.java:24)
11-24 13:56:29.709  2250  2250 E Feed    : 	at trikita.anvil.Anvil$Mount.render(Anvil.java:204)
11-24 13:56:29.709  2250  2250 E Feed    : 	at trikita.anvil.Anvil.render(Anvil.java:173)
11-24 13:56:29.709  2250  2250 E Feed    : 	at trikita.anvil.RenderableRecyclerViewAdapter.onBindViewHolder(RenderableRecyclerViewAdapter.java:27)
11-24 13:56:29.709  2250  2250 E Feed    : 	at trikita.anvil.RenderableRecyclerViewAdapter.onBindViewHolder(RenderableRecyclerViewAdapter.java:7)
11-24 13:56:29.709  2250  2250 E Feed    : 	at android.support.v7.widget.RecyclerView$Adapter.onBindViewHolder(RecyclerView.java:5768)
11-24 13:56:29.709  2250  2250 E Feed    : 	at android.support.v7.widget.RecyclerView$Adapter.bindViewHolder(RecyclerView.java:5801)
11-24 13:56:29.709  2250  2250 E Feed    : 	at android.support.v7.widget.RecyclerView$Recycler.getViewForPosition(RecyclerView.java:5037)
11-24 13:56:29.709  2250  2250 E Feed    : 	at android.support.v7.widget.RecyclerView$Recycler.getViewForPosition(RecyclerView.java:4913)
11-24 13:56:29.709  2250  2250 E Feed    : 	at android.support.v7.widget.LinearLayoutManager$LayoutState.next(LinearLayoutManager.java:2029)
11-24 13:56:29.709  2250  2250 E Feed    : 	at android.support.v7.widget.LinearLayoutManager.layoutChunk(LinearLayoutManager.java:1414)
11-24 13:56:29.709  2250  2250 E Feed    : 	at android.support.v7.widget.LinearLayoutManager.fill(LinearLayoutManager.java:1377)
11-24 13:56:29.709  2250  2250 E Feed    : 	at android.support.v7.widget.LinearLayoutManager.onLayoutChildren(LinearLayoutManager.java:578)
11-24 13:56:29.709  2250  2250 E Feed    : 	at android.support.v7.widget.RecyclerView.dispatchLayoutStep2(RecyclerView.java:3260)
11-24 13:56:29.709  2250  2250 E Feed    : 	at android.support.v7.widget.RecyclerView.dispatchLayout(RecyclerView.java:3069)
11-24 13:56:29.709  2250  2250 E Feed    : 	at android.support.v7.widget.RecyclerView.onLayout(RecyclerView.java:3518)
11-24 13:56:29.709  2250  2250 E Feed    : 	at android.view.View.layout(View.java:17520)
11-24 13:56:29.709  2250  2250 E Feed    : 	at android.view.ViewGroup.layout(ViewGroup.java:5612)
11-24 13:56:29.709  2250  2250 E Feed    : 	at android.widget.FrameLayout.layoutChildren(FrameLayout.java:323)
11-24 13:56:29.709  2250  2250 E Feed    : 	at android.widget.FrameLayout.onLayout(FrameLayout.java:261)
11-24 13:56:29.709  2250  2250 E Feed    : 	at android.view.View.layout(View.java:17520)
11-24 13:56:29.709  2250  2250 E Feed    : 	at android.view.ViewGroup.layout(ViewGroup.java:5612)
11-24 13:56:29.709  2250  2250 E Feed    : 	at android.widget.RelativeLayout.onLayout(RelativeLayout.java:1079)
11-24 13:56:29.709  2250  2250 E Feed    : 	at android.view.View.layout(View.java:17520)
11-24 13:56:29.709  2250  2250 E Feed    : 	at android.view.ViewGroup.layout(ViewGroup.java:5612)
11-24 13:56:29.709  2250  2250 E Feed    : 	at android.widget.FrameLayout.layoutChildren(FrameLayout.java:323)
11-24 13:56:29.709  2250  2250 E Feed    : 	at android.widget.FrameLayout.onLayout(FrameLayout.java:261)
11-24 13:56:29.709  2250  2250 E Feed    : 	at android.view.View.layout(View.java:17520)
11-24 13:56:29.709  2250  2250 E Feed    : 	at android.view.ViewGroup.layout(ViewGroup.java:5612)
11-24 13:56:29.709  2250  2250 E Feed    : 	at android.support.v7.widget.ActionBarOverlayLayout.onLayout(ActionBarOverlayLayout.java:435)
11-24 13:56:29.709  2250  2250 E Feed    : 	at android.view.View.layout(View.java:17520)
11-24 13:56:29.709  2250  2250 E Feed    : 	at android.view.ViewGroup.layout(ViewGroup.java:5612)
11-24 13:56:29.709  2250  2250 E Feed    : 	at android.widget.FrameLayout.layoutChildren(FrameLayout.java:323)
11-24 13:56:29.709  2250  2250 E Feed    : 	at android.widget.FrameLayout.onLayout(FrameLayout.java:261)
11-24 13:56:29.709  2250  2250 E Feed    : 	at android.view.View.layout(View.java:17520)
11-24 13:56:29.709  2250  2250 E Feed    : 	at android.view.ViewGroup.layout(ViewGroup.java:5612)
11-24 13:56:29.709  2250  2250 E Feed    : 	at android.widget.LinearLayout.setChildFrame(LinearLayout.java:1741)
11-24 13:56:29.709  2250  2250 E Feed    : 	at android.widget.LinearLayout.layoutVertical(LinearLayout.java:1585)
11-24 13:56:29.709  2250  2250 E Feed    : 	at android.widget.LinearLayout.onLayout(LinearLayout.java:1494)
11-24 13:56:29.709  2250  2250 E Feed    : 	at android.view.View.layout(View.java:17520)
11-24 13:56:29.709  2250  2250 E Feed    : 	at android.view.ViewGroup.layout(ViewGroup.java:5612)
11-24 13:56:29.709  2250  2250 E Feed    : 	at android.widget.FrameLayout.layoutChildren(FrameLayout.java:323)
11-24 13:56:29.709  2250  2250 E Feed    : 	at android.widget.FrameLayout.onLayout(FrameLayout.java:261)
11-24 13:56:29.709  2250  2250 E Feed    : 	at com.android.internal.policy.DecorView.onLayout(DecorView.java:724)
11-24 13:56:29.709  2250  2250 E Feed    : 	at android.view.View.layout(View.java:17520)
11-24 13:56:29.709  2250  2250 E Feed    : 	at android.view.ViewGroup.layout(ViewGroup.java:5612)
11-24 13:56:29.709  2250  2250 E Feed    : 	at android.view.ViewRootImpl.performLayout(ViewRootImpl.java:2342)
11-24 13:56:29.709  2250  2250 E Feed    : 	at android.view.ViewRootImpl.performTraversals(ViewRootImpl.java:2069)
11-24 13:56:29.709  2250  2250 E Feed    : 	at android.view.ViewRootImpl.doTraversal(ViewRootImpl.java:1246)
11-24 13:56:29.709  2250  2250 E Feed    : 	at android.view.ViewRootImpl$TraversalRunnable.run(ViewRootImpl.java:6301)
11-24 13:56:29.709  2250  2250 E Feed    : 	at android.view.Choreographer$CallbackRecord.run(Choreographer.java:871)
11-24 13:56:29.709  2250  2250 E Feed    : 	at android.view.Choreographer.doCallbacks(Choreographer.java:683)
11-24 13:56:29.709  2250  2250 E Feed    : 	at android.view.Choreographer.doFrame(Choreographer.java:619)
11-24 13:56:29.709  2250  2250 E Feed    : 	at android.view.Choreographer$FrameDisplayEventReceiver.run(Choreographer.java:857)
11-24 13:56:29.709  2250  2250 E Feed    : 	at android.os.Handler.handleCallback(Handler.java:751)
11-24 13:56:29.709  2250  2250 E Feed    : 	at android.os.Handler.dispatchMessage(Handler.java:95)
11-24 13:56:29.709  2250  2250 E Feed    : 	at android.os.Looper.loop(Looper.java:154)
11-24 13:56:29.709  2250  2250 E Feed    : 	at android.app.ActivityThread.main(ActivityThread.java:6077)
11-24 13:56:29.709  2250  2250 E Feed    : 	at java.lang.reflect.Method.invoke(Native Method)
11-24 13:56:29.709  2250  2250 E Feed    : 	at com.android.internal.os.ZygoteInit$MethodAndArgsCaller.run(ZygoteInit.java:865)
11-24 13:56:29.709  2250  2250 E Feed    : 	at com.android.internal.os.ZygoteInit.main(ZygoteInit.java:755)
11-24 13:56:29.911  1237  1732 W InputMethodManagerService: Starting input on non-focused client com.android.internal.view.IInputMethodClient$Stub$Proxy@f792bcb (uid=10012 pid=1831)
11-24 13:56:30.063  1237  1258 I ActivityManager: Displayed br.com.catbag.gifreduxsample/.ui.GifListActivity: +445ms
11-24 13:56:30.121  2250  2265 I TestRunner: finished: whenGifIsWatchedTest(br.com.catbag.gifreduxsample.ui.giflist.GifListActivityTest)
11-24 13:56:30.172  2250  2250 D LifecycleMonitor: Lifecycle status change: br.com.catbag.gifreduxsample.ui.GifListActivity@8b8deb7 in: PAUSED
11-24 13:56:30.206  1237  1249 D WindowManager: relayoutVisibleWindow: Window{4131e3b u0 com.android.launcher3/com.android.launcher3.Launcher EXITING} mAnimatingExit=true, mRemoveOnExit=false, mDestroying=false
11-24 13:56:30.259   978   978 D gralloc : Registering a buffer in the process that created it. This may cause memory ordering problems.
11-24 13:56:30.259   978   978 E SurfaceFlinger: glCheckFramebufferStatusOES error -1439337609
11-24 13:56:30.259   978   978 E SurfaceFlinger: got GL_FRAMEBUFFER_COMPLETE_OES error while taking screenshot
11-24 13:56:30.268  1237  1248 W WindowManager: Screenshot failure taking screenshot for (480x800) to layer 22015
11-24 13:56:30.286  2250  2250 I MonitoringInstrumentation: Activities that are still in CREATED to STOPPED: 2
11-24 13:56:30.290  2250  2265 I TestRunner: started: whenScrollUpAndPlayFirstItemTest(br.com.catbag.gifreduxsample.ui.giflist.GifListActivityTest)
11-24 13:56:30.408  1237  1258 I WindowManager: Destroying surface Surface(name=Starting br.com.catbag.gifreduxsample) called by com.android.server.wm.WindowStateAnimator.destroySurface:2014 com.android.server.wm.WindowStateAnimator.destroySurfaceLocked:881 com.android.server.wm.WindowState.removeLocked:1449 com.android.server.wm.WindowManagerService.removeWindowInnerLocked:2478 com.android.server.wm.AppWindowToken.destroySurfaces:365 com.android.server.wm.WindowStateAnimator.finishExit:565 com.android.server.wm.WindowStateAnimator.stepAnimationLocked:491 com.android.server.wm.WindowAnimator.updateWindowsLocked:303 
11-24 13:56:30.553  2250  2250 I MonitoringInstrumentation: Activities that are still in CREATED to STOPPED: 2
11-24 13:56:30.607  2250  2266 I DroidFlux:Dispatcher: [STARTED] dispatch of action [FAKE_REDUCE_ACTION]
11-24 13:56:30.609  2250  2266 I DroidFlux:Dispatcher: [COMPLETED] dispatch of action [FAKE_REDUCE_ACTION]
11-24 13:56:30.687  2250  2294 D ActivityTestRule: Launching activity br.com.catbag.gifreduxsample.ui.GifListActivity
11-24 13:56:30.703  2250  2295 D MonitoringInstrumentation: execStartActivity(context, ibinder, ibinder, activity, intent, int, bundle
11-24 13:56:30.719  1237  1343 I ActivityManager: START u0 {flg=0x10000000 cmp=br.com.catbag.gifreduxsample/.ui.GifListActivity} from uid 10060 on display 0
11-24 13:56:30.745  1831  1831 I Choreographer: Skipped 73 frames!  The application may be doing too much work on its main thread.
11-24 13:56:30.862  2250  2250 D LifecycleMonitor: Lifecycle status change: br.com.catbag.gifreduxsample.ui.GifListActivity@925333 in: PRE_ON_CREATE
11-24 13:56:30.893  2250  2250 D LifecycleMonitor: Lifecycle status change: br.com.catbag.gifreduxsample.ui.GifListActivity@925333 in: CREATED
11-24 13:56:30.896  2250  2250 D LifecycleMonitor: Lifecycle status change: br.com.catbag.gifreduxsample.ui.GifListActivity@925333 in: STARTED
11-24 13:56:30.897  2250  2250 D LifecycleMonitor: Lifecycle status change: br.com.catbag.gifreduxsample.ui.GifListActivity@925333 in: RESUMED
