11-24 13:39:34.591  1237  1258 I WindowManager: Destroying surface Surface(name=Starting br.com.catbag.gifreduxsample) called by com.android.server.wm.WindowStateAnimator.destroySurface:2014 com.android.server.wm.WindowStateAnimator.destroySurfaceLocked:881 com.android.server.wm.WindowState.removeLocked:1449 com.android.server.wm.WindowManagerService.removeWindowInnerLocked:2478 com.android.server.wm.AppWindowToken.destroySurfaces:365 com.android.server.wm.WindowStateAnimator.finishExit:565 com.android.server.wm.WindowStateAnimator.stepAnimationLocked:491 com.android.server.wm.WindowAnimator.updateWindowsLocked:303 
11-24 13:39:34.640  1237  1649 D WindowManager: relayoutVisibleWindow: Window{9a835c4 u0 com.android.launcher3/com.android.launcher3.Launcher EXITING} mAnimatingExit=true, mRemoveOnExit=false, mDestroying=false
11-24 13:39:34.724   977   977 D gralloc : Registering a buffer in the process that created it. This may cause memory ordering problems.
11-24 13:39:34.724   977   977 E libEGL  : called unimplemented OpenGL ES API
11-24 13:39:34.727   977   977 E SurfaceFlinger: glCheckFramebufferStatusOES error 103200334
11-24 13:39:34.728   977   977 E SurfaceFlinger: got GL_FRAMEBUFFER_COMPLETE_OES error while taking screenshot
11-24 13:39:34.729  1237  1431 W WindowManager: Screenshot failure taking screenshot for (480x800) to layer 22010
11-24 13:39:34.758  2245  2245 I Choreographer: Skipped 71 frames!  The application may be doing too much work on its main thread.
11-24 13:39:34.764  2245  2245 I MonitoringInstrumentation: Activities that are still in CREATED to STOPPED: 2
11-24 13:39:34.766  2245  2260 I TestRunner: started: whenScrollUpAndPlayFirstItemTest(br.com.catbag.gifreduxsample.ui.giflist.GifListActivityTest)
11-24 13:39:34.802  2245  2245 I MonitoringInstrumentation: Activities that are still in CREATED to STOPPED: 2
11-24 13:39:34.806  1237  1258 I Choreographer: Skipped 39 frames!  The application may be doing too much work on its main thread.
11-24 13:39:34.833  2245  2261 I DroidFlux:Dispatcher: [STARTED] dispatch of action [FAKE_REDUCE_ACTION]
11-24 13:39:34.834  2245  2261 I DroidFlux:Dispatcher: [COMPLETED] dispatch of action [FAKE_REDUCE_ACTION]
11-24 13:39:34.872  2245  2292 D ActivityTestRule: Launching activity br.com.catbag.gifreduxsample.ui.GifListActivity
11-24 13:39:34.906  2245  2293 D MonitoringInstrumentation: execStartActivity(context, ibinder, ibinder, activity, intent, int, bundle
11-24 13:39:34.907  1237  1535 I ActivityManager: START u0 {flg=0x10000000 cmp=br.com.catbag.gifreduxsample/.ui.GifListActivity} from uid 10060 on display 0
11-24 13:39:35.019  2245  2245 D LifecycleMonitor: Lifecycle status change: br.com.catbag.gifreduxsample.ui.GifListActivity@8866a41 in: PRE_ON_CREATE
11-24 13:39:35.043  1237  1258 I Choreographer: Skipped 35 frames!  The application may be doing too much work on its main thread.
11-24 13:39:35.097  2245  2245 D LifecycleMonitor: Lifecycle status change: br.com.catbag.gifreduxsample.ui.GifListActivity@8866a41 in: CREATED
11-24 13:39:35.108  2245  2261 I DroidFlux:Dispatcher: [STARTED] dispatch of action [APP_STATE_LOAD]
11-24 13:39:35.108  2245  2261 D DroidFlux:Dispatcher: An action of type [APP_STATE_LOAD] was dispatched, but no reducer handled it
11-24 13:39:35.108  2245  2261 I DroidFlux:Dispatcher: [COMPLETED] dispatch of action [APP_STATE_LOAD]
11-24 13:39:35.109  2245  2245 D LifecycleMonitor: Lifecycle status change: br.com.catbag.gifreduxsample.ui.GifListActivity@8866a41 in: STARTED
11-24 13:39:35.110  2245  2245 D LifecycleMonitor: Lifecycle status change: br.com.catbag.gifreduxsample.ui.GifListActivity@8866a41 in: RESUMED
11-24 13:39:35.114  2245  2245 W IInputConnectionWrapper: reportFullscreenMode on inexistent InputConnection
11-24 13:39:35.504  2245  2245 W ResourceType: No package identifier when getting name for resource number 0x000000e9
11-24 13:39:35.512  2245  2245 I ViewInteraction: Performing 'scroll RecyclerView to position: 4' action on view with id: 233 (resource name not found)
11-24 13:39:35.551  1237  1258 I ActivityManager: Displayed br.com.catbag.gifreduxsample/.ui.GifListActivity: +574ms
11-24 13:39:35.789  1237  1258 I WindowManager: Destroying surface Surface(name=Starting br.com.catbag.gifreduxsample) called by com.android.server.wm.WindowStateAnimator.destroySurface:2014 com.android.server.wm.WindowStateAnimator.destroySurfaceLocked:881 com.android.server.wm.WindowState.destroyOrSaveSurface:2073 com.android.server.wm.AppWindowToken.destroySurfaces:363 com.android.server.wm.WindowStateAnimator.finishExit:565 com.android.server.wm.WindowStateAnimator.stepAnimationLocked:491 com.android.server.wm.WindowAnimator.updateWindowsLocked:303 com.android.server.wm.WindowAnimator.animateLocked:704 
11-24 13:39:36.036  2245  2245 D LifecycleMonitor: Lifecycle status change: br.com.catbag.gifreduxsample.ui.GifListActivity@8d4d1e5 in: STOPPED
11-24 13:39:36.036  2245  2245 D LifecycleMonitor: Lifecycle status change: br.com.catbag.gifreduxsample.ui.GifListActivity@8d4d1e5 in: DESTROYED
11-24 13:39:36.039  1237  1353 I WindowManager: Destroying surface Surface(name=br.com.catbag.gifreduxsample/br.com.catbag.gifreduxsample.ui.GifListActivity) called by com.android.server.wm.WindowStateAnimator.destroySurface:2014 com.android.server.wm.WindowStateAnimator.destroySurfaceLocked:881 com.android.server.wm.WindowState.removeLocked:1449 com.android.server.wm.WindowManagerService.removeWindowInnerLocked:2478 com.android.server.wm.WindowManagerService.removeWindowLocked:2436 com.android.server.wm.WindowManagerService.removeWindowLocked:2305 com.android.server.wm.WindowManagerService.removeWindow:2300 com.android.server.wm.Session.remove:193 
11-24 13:39:36.052  2245  2245 D LifecycleMonitor: Lifecycle status change: br.com.catbag.gifreduxsample.ui.GifListActivity@c2928af in: STOPPED
11-24 13:39:36.052  2245  2245 D LifecycleMonitor: Lifecycle status change: br.com.catbag.gifreduxsample.ui.GifListActivity@c2928af in: DESTROYED
11-24 13:39:36.054  1237  1248 I WindowManager: Destroying surface Surface(name=br.com.catbag.gifreduxsample/br.com.catbag.gifreduxsample.ui.GifListActivity) called by com.android.server.wm.WindowStateAnimator.destroySurface:2014 com.android.server.wm.WindowStateAnimator.destroySurfaceLocked:881 com.android.server.wm.WindowState.removeLocked:1449 com.android.server.wm.WindowManagerService.removeWindowInnerLocked:2478 com.android.server.wm.WindowManagerService.removeWindowLocked:2436 com.android.server.wm.WindowManagerService.removeWindowLocked:2305 com.android.server.wm.WindowManagerService.removeWindow:2300 com.android.server.wm.Session.remove:193 
11-24 13:39:36.111  2245  2245 W ResourceType: No package identifier when getting name for resource number 0x000000e9
11-24 13:39:36.124  2245  2245 W ResourceType: No package identifier when getting name for resource number 0x000000ea
11-24 13:39:36.124  2245  2245 I ViewInteraction: Performing 'actionOnItemAtPosition performing ViewAction: single click on item at position: 0' action on view with id: 234 (resource name not found)
11-24 13:39:36.214  2245  2261 I DroidFlux:Dispatcher: [STARTED] dispatch of action [GIF_PLAY]
11-24 13:39:36.247  1700  1700 I Choreographer: Skipped 55 frames!  The application may be doing too much work on its main thread.
11-24 13:39:36.250  1237  1248 I WindowManager: Destroying surface Surface(name=com.android.launcher3/com.android.launcher3.Launcher) called by com.android.server.wm.WindowStateAnimator.destroySurface:2014 com.android.server.wm.WindowStateAnimator.destroySurfaceLocked:881 com.android.server.wm.WindowState.destroyOrSaveSurface:2073 com.android.server.wm.AppWindowToken.destroySurfaces:363 com.android.server.wm.AppWindowToken.notifyAppStopped:389 com.android.server.wm.WindowManagerService.notifyAppStopped:4456 com.android.server.am.ActivityStack.activityStoppedLocked:1252 com.android.server.am.ActivityManagerService.activityStopped:6873 
11-24 13:39:36.256   984  1038 D AudioFlinger: mixer(0xb0f83e80) throttle end: throttle time(11)
11-24 13:39:36.277  2245  2261 I DroidFlux:Dispatcher: [COMPLETED] dispatch of action [GIF_PLAY]
11-24 13:39:36.790  2245  2245 D LifecycleMonitor: Lifecycle status change: br.com.catbag.gifreduxsample.ui.GifListActivity@8866a41 in: PAUSED
11-24 13:39:36.812   977   977 D gralloc : Registering a buffer in the process that created it. This may cause memory ordering problems.
11-24 13:39:36.812   977   977 E libEGL  : called unimplemented OpenGL ES API
11-24 13:39:36.813   977   977 E SurfaceFlinger: glCheckFramebufferStatusOES error 103200334
11-24 13:39:36.813   977   977 E SurfaceFlinger: got GL_FRAMEBUFFER_COMPLETE_OES error while taking screenshot
11-24 13:39:36.814  1237  1248 W WindowManager: Screenshot failure taking screenshot for (480x800) to layer 21005
11-24 13:39:36.843  2245  2260 I TestRunner: finished: whenScrollUpAndPlayFirstItemTest(br.com.catbag.gifreduxsample.ui.giflist.GifListActivityTest)
11-24 13:39:36.853  2245  2245 I MonitoringInstrumentation: Activities that are still in CREATED to STOPPED: 1
11-24 13:39:36.856  2245  2260 I TestRunner: started: whenGifIsDownloadedTest(br.com.catbag.gifreduxsample.ui.giflist.GifListActivityTest)
11-24 13:39:36.858  2245  2245 I MonitoringInstrumentation: Activities that are still in CREATED to STOPPED: 1
11-24 13:39:37.126  2245  2261 I DroidFlux:Dispatcher: [STARTED] dispatch of action [FAKE_REDUCE_ACTION]
11-24 13:39:37.134  2245  2261 I DroidFlux:Dispatcher: [COMPLETED] dispatch of action [FAKE_REDUCE_ACTION]
11-24 13:39:37.155  2245  2294 D ActivityTestRule: Launching activity br.com.catbag.gifreduxsample.ui.GifListActivity
11-24 13:39:37.160  2245  2295 D MonitoringInstrumentation: execStartActivity(context, ibinder, ibinder, activity, intent, int, bundle
11-24 13:39:37.160  1237  1353 I ActivityManager: START u0 {flg=0x10000000 cmp=br.com.catbag.gifreduxsample/.ui.GifListActivity} from uid 10060 on display 0
11-24 13:39:37.202  2245  2245 D LifecycleMonitor: Lifecycle status change: br.com.catbag.gifreduxsample.ui.GifListActivity@67dc565 in: PRE_ON_CREATE
11-24 13:39:37.240  2245  2245 D LifecycleMonitor: Lifecycle status change: br.com.catbag.gifreduxsample.ui.GifListActivity@67dc565 in: CREATED
11-24 13:39:37.241  2245  2261 I DroidFlux:Dispatcher: [STARTED] dispatch of action [APP_STATE_LOAD]
11-24 13:39:37.242  2245  2261 D DroidFlux:Dispatcher: An action of type [APP_STATE_LOAD] was dispatched, but no reducer handled it
11-24 13:39:37.242  2245  2261 I DroidFlux:Dispatcher: [COMPLETED] dispatch of action [APP_STATE_LOAD]
11-24 13:39:37.242  2245  2245 D LifecycleMonitor: Lifecycle status change: br.com.catbag.gifreduxsample.ui.GifListActivity@67dc565 in: STARTED
11-24 13:39:37.265  2245  2245 D LifecycleMonitor: Lifecycle status change: br.com.catbag.gifreduxsample.ui.GifListActivity@67dc565 in: RESUMED
11-24 13:39:37.470  1237  1258 I ActivityManager: Displayed br.com.catbag.gifreduxsample/.ui.GifListActivity: +282ms
11-24 13:39:37.702  1237  1258 I WindowManager: Destroying surface Surface(name=Starting br.com.catbag.gifreduxsample) called by com.android.server.wm.WindowStateAnimator.destroySurface:2014 com.android.server.wm.WindowStateAnimator.destroySurfaceLocked:881 com.android.server.wm.WindowState.destroyOrSaveSurface:2073 com.android.server.wm.AppWindowToken.destroySurfaces:363 com.android.server.wm.WindowStateAnimator.finishExit:565 com.android.server.wm.WindowStateAnimator.stepAnimationLocked:491 com.android.server.wm.WindowAnimator.updateWindowsLocked:303 com.android.server.wm.WindowAnimator.animateLocked:704 
11-24 13:39:37.834  2245  2245 D LifecycleMonitor: Lifecycle status change: br.com.catbag.gifreduxsample.ui.GifListActivity@67dc565 in: PAUSED
11-24 13:39:37.842  1237  1251 W art     : Long monitor contention with owner Binder:1237_2 (1249) at boolean com.android.server.am.ActivityManagerService.finishActivity(android.os.IBinder, int, android.content.Intent, int)(ActivityManagerService.java:4775) waiters=0 in void com.android.server.am.ActivityManagerService$MainHandler.handleMessage(android.os.Message) for 213ms
11-24 13:39:37.846  2245  2260 I TestRunner: finished: whenGifIsDownloadedTest(br.com.catbag.gifreduxsample.ui.giflist.GifListActivityTest)
11-24 13:39:38.001   977   977 D gralloc : Registering a buffer in the process that created it. This may cause memory ordering problems.
11-24 13:39:38.001   977   977 E libEGL  : called unimplemented OpenGL ES API
11-24 13:39:38.002   977   977 E SurfaceFlinger: glCheckFramebufferStatusOES error 103200334
11-24 13:39:38.002   977   977 E SurfaceFlinger: got GL_FRAMEBUFFER_COMPLETE_OES error while taking screenshot
11-24 13:39:38.004  1237  1535 W WindowManager: Screenshot failure taking screenshot for (480x800) to layer 22010
11-24 13:39:38.139  1237  1258 I Choreographer: Skipped 79 frames!  The application may be doing too much work on its main thread.
11-24 13:39:38.179  2245  2245 I Choreographer: Skipped 89 frames!  The application may be doing too much work on its main thread.
11-24 13:39:38.187  2245  2245 I MonitoringInstrumentation: Activities that are still in CREATED to STOPPED: 2
11-24 13:39:38.190  2245  2260 I TestRunner: started: whenPlayGifTest(br.com.catbag.gifreduxsample.ui.giflist.GifListActivityTest)
11-24 13:39:38.302  1237  1258 I Choreographer: Skipped 40 frames!  The application may be doing too much work on its main thread.
11-24 13:39:38.308  2245  2245 I MonitoringInstrumentation: Activities that are still in CREATED to STOPPED: 2
11-24 13:39:38.382  2245  2261 I DroidFlux:Dispatcher: [STARTED] dispatch of action [FAKE_REDUCE_ACTION]
11-24 13:39:38.383  2245  2261 I DroidFlux:Dispatcher: [COMPLETED] dispatch of action [FAKE_REDUCE_ACTION]
11-24 13:39:38.396  2245  2296 D ActivityTestRule: Launching activity br.com.catbag.gifreduxsample.ui.GifListActivity
11-24 13:39:38.400  2245  2297 D MonitoringInstrumentation: execStartActivity(context, ibinder, ibinder, activity, intent, int, bundle
11-24 13:39:38.401  1237  1649 I ActivityManager: START u0 {flg=0x10000000 cmp=br.com.catbag.gifreduxsample/.ui.GifListActivity} from uid 10060 on display 0
11-24 13:39:38.562  2245  2245 D LifecycleMonitor: Lifecycle status change: br.com.catbag.gifreduxsample.ui.GifListActivity@81b26a8 in: PRE_ON_CREATE
11-24 13:39:38.602  2245  2245 D LifecycleMonitor: Lifecycle status change: br.com.catbag.gifreduxsample.ui.GifListActivity@81b26a8 in: CREATED
11-24 13:39:38.603  2245  2261 I DroidFlux:Dispatcher: [STARTED] dispatch of action [APP_STATE_LOAD]
11-24 13:39:38.604  2245  2261 D DroidFlux:Dispatcher: An action of type [APP_STATE_LOAD] was dispatched, but no reducer handled it
11-24 13:39:38.604  2245  2261 I DroidFlux:Dispatcher: [COMPLETED] dispatch of action [APP_STATE_LOAD]
11-24 13:39:38.604  2245  2245 D LifecycleMonitor: Lifecycle status change: br.com.catbag.gifreduxsample.ui.GifListActivity@81b26a8 in: STARTED
11-24 13:39:38.657  2245  2245 D LifecycleMonitor: Lifecycle status change: br.com.catbag.gifreduxsample.ui.GifListActivity@81b26a8 in: RESUMED
11-24 13:39:38.798  1237  1258 I Choreographer: Skipped 78 frames!  The application may be doing too much work on its main thread.
11-24 13:39:39.084  2245  2245 I ViewInteraction: Performing 'single click' action on view with id: br.com.catbag.gifreduxsample:id/gif_image
11-24 13:39:39.235  1237  1258 I Choreographer: Skipped 78 frames!  The application may be doing too much work on its main thread.
11-24 13:39:39.253  1237  1258 I ActivityManager: Displayed br.com.catbag.gifreduxsample/.ui.GifListActivity: +750ms
11-24 13:39:39.287  2245  2256 I art     : Background sticky concurrent mark sweep GC freed 22309(1539KB) AllocSpace objects, 7(144KB) LOS objects, 13% free, 10MB/12MB, paused 50.105ms total 708.725ms
11-24 13:39:39.315  2245  2261 I DroidFlux:Dispatcher: [STARTED] dispatch of action [GIF_PLAY]
11-24 13:39:39.316  2245  2261 I DroidFlux:Dispatcher: [COMPLETED] dispatch of action [GIF_PLAY]
11-24 13:39:39.341   984  1038 D AudioFlinger: mixer(0xb0f83e80) throttle end: throttle time(10)
11-24 13:39:39.365   984  1038 D AudioFlinger: mixer(0xb0f83e80) throttle end: throttle time(11)
11-24 13:39:39.390   984  1038 D AudioFlinger: mixer(0xb0f83e80) throttle end: throttle time(11)
11-24 13:39:39.538  1237  1258 I WindowManager: Destroying surface Surface(name=Starting br.com.catbag.gifreduxsample) called by com.android.server.wm.WindowStateAnimator.destroySurface:2014 com.android.server.wm.WindowStateAnimator.destroySurfaceLocked:881 com.android.server.wm.WindowState.destroyOrSaveSurface:2073 com.android.server.wm.AppWindowToken.destroySurfaces:363 com.android.server.wm.WindowStateAnimator.finishExit:565 com.android.server.wm.WindowStateAnimator.stepAnimationLocked:491 com.android.server.wm.WindowAnimator.updateWindowsLocked:303 com.android.server.wm.WindowAnimator.animateLocked:704 
11-24 13:39:39.821  1237  1321 E TaskPersister: File error accessing recents directory (directory doesn't exist?).
11-24 13:39:39.877  1237  1247 I art     : Background sticky concurrent mark sweep GC freed 32243(2MB) AllocSpace objects, 9(180KB) LOS objects, 27% free, 7MB/10MB, paused 17.482ms total 230.297ms
11-24 13:39:39.951  2245  2245 D LifecycleMonitor: Lifecycle status change: br.com.catbag.gifreduxsample.ui.GifListActivity@81b26a8 in: PAUSED
11-24 13:39:39.982  2245  2260 I TestRunner: finished: whenPlayGifTest(br.com.catbag.gifreduxsample.ui.giflist.GifListActivityTest)
11-24 13:39:40.020   977   977 D gralloc : Registering a buffer in the process that created it. This may cause memory ordering problems.
11-24 13:39:40.021   977   977 E libEGL  : called unimplemented OpenGL ES API
11-24 13:39:40.021   977   977 E SurfaceFlinger: glCheckFramebufferStatusOES error 103200334
11-24 13:39:40.022   977   977 E SurfaceFlinger: got GL_FRAMEBUFFER_COMPLETE_OES error while taking screenshot
11-24 13:39:40.024  1237  1649 W WindowManager: Screenshot failure taking screenshot for (480x800) to layer 22015
11-24 13:39:40.178  2245  2245 I MonitoringInstrumentation: Activities that are still in CREATED to STOPPED: 3
11-24 13:39:40.181  2245  2260 I TestRunner: started: whenGifDownloadFailTest(br.com.catbag.gifreduxsample.ui.giflist.GifListActivityTest)
11-24 13:39:40.319  2245  2245 I MonitoringInstrumentation: Activities that are still in CREATED to STOPPED: 3
11-24 13:39:40.402  2245  2261 I DroidFlux:Dispatcher: [STARTED] dispatch of action [FAKE_REDUCE_ACTION]
11-24 13:39:40.404  2245  2261 I DroidFlux:Dispatcher: [COMPLETED] dispatch of action [FAKE_REDUCE_ACTION]
11-24 13:39:40.408  2245  2298 D ActivityTestRule: Launching activity br.com.catbag.gifreduxsample.ui.GifListActivity
11-24 13:39:40.410  2245  2299 D MonitoringInstrumentation: execStartActivity(context, ibinder, ibinder, activity, intent, int, bundle
11-24 13:39:40.411  1237  1248 I ActivityManager: START u0 {flg=0x10000000 cmp=br.com.catbag.gifreduxsample/.ui.GifListActivity} from uid 10060 on display 0
11-24 13:39:40.561  2245  2245 D LifecycleMonitor: Lifecycle status change: br.com.catbag.gifreduxsample.ui.GifListActivity@9be7823 in: PRE_ON_CREATE
11-24 13:39:40.614  2245  2245 D LifecycleMonitor: Lifecycle status change: br.com.catbag.gifreduxsample.ui.GifListActivity@9be7823 in: CREATED
11-24 13:39:40.620  2245  2261 I DroidFlux:Dispatcher: [STARTED] dispatch of action [APP_STATE_LOAD]
11-24 13:39:40.620  2245  2261 D DroidFlux:Dispatcher: An action of type [APP_STATE_LOAD] was dispatched, but no reducer handled it
11-24 13:39:40.621  2245  2261 I DroidFlux:Dispatcher: [COMPLETED] dispatch of action [APP_STATE_LOAD]
11-24 13:39:40.621  2245  2245 D LifecycleMonitor: Lifecycle status change: br.com.catbag.gifreduxsample.ui.GifListActivity@9be7823 in: STARTED
11-24 13:39:40.623  2245  2245 D LifecycleMonitor: Lifecycle status change: br.com.catbag.gifreduxsample.ui.GifListActivity@9be7823 in: RESUMED
11-24 13:39:40.789  2245  2245 W IInputConnectionWrapper: reportFullscreenMode on inexistent InputConnection
11-24 13:39:40.889  2245  2260 I TestRunner: finished: whenGifDownloadFailTest(br.com.catbag.gifreduxsample.ui.giflist.GifListActivityTest)
11-24 13:39:40.904  2245  2245 D LifecycleMonitor: Lifecycle status change: br.com.catbag.gifreduxsample.ui.GifListActivity@9be7823 in: PAUSED
11-24 13:39:40.929   977   977 D gralloc : Registering a buffer in the process that created it. This may cause memory ordering problems.
11-24 13:39:40.930   977   977 E SurfaceFlinger: glCheckFramebufferStatusOES error 103200334
11-24 13:39:40.930   977   977 E SurfaceFlinger: got GL_FRAMEBUFFER_COMPLETE_OES error while taking screenshot
11-24 13:39:40.932  1237  1649 W WindowManager: Screenshot failure taking screenshot for (480x800) to layer 22030
11-24 13:39:40.936  1237  1431 D WindowManager: relayoutVisibleWindow: Window{9a835c4 u0 com.android.launcher3/com.android.launcher3.Launcher EXITING} mAnimatingExit=true, mRemoveOnExit=false, mDestroying=false
11-24 13:39:40.986  2245  2245 I MonitoringInstrumentation: Activities that are still in CREATED to STOPPED: 4
11-24 13:39:40.989  2245  2260 I TestRunner: started: whenPauseGifTest(br.com.catbag.gifreduxsample.ui.giflist.GifListActivityTest)
11-24 13:39:41.030  2245  2245 I MonitoringInstrumentation: Activities that are still in CREATED to STOPPED: 4
11-24 13:39:41.063  2245  2261 I DroidFlux:Dispatcher: [STARTED] dispatch of action [FAKE_REDUCE_ACTION]
11-24 13:39:41.064  2245  2261 I DroidFlux:Dispatcher: [COMPLETED] dispatch of action [FAKE_REDUCE_ACTION]
11-24 13:39:41.072  1237  1258 I Choreographer: Skipped 61 frames!  The application may be doing too much work on its main thread.
11-24 13:39:41.114  2245  2300 D ActivityTestRule: Launching activity br.com.catbag.gifreduxsample.ui.GifListActivity
11-24 13:39:41.140  2245  2301 D MonitoringInstrumentation: execStartActivity(context, ibinder, ibinder, activity, intent, int, bundle
11-24 13:39:41.194  1237  1535 I ActivityManager: START u0 {flg=0x10000000 cmp=br.com.catbag.gifreduxsample/.ui.GifListActivity} from uid 10060 on display 0
11-24 13:39:41.355  2245  2245 D LifecycleMonitor: Lifecycle status change: br.com.catbag.gifreduxsample.ui.GifListActivity@ee723ac in: PRE_ON_CREATE
11-24 13:39:41.387  2245  2245 D LifecycleMonitor: Lifecycle status change: br.com.catbag.gifreduxsample.ui.GifListActivity@ee723ac in: CREATED
11-24 13:39:41.393  2245  2261 I DroidFlux:Dispatcher: [STARTED] dispatch of action [APP_STATE_LOAD]
11-24 13:39:41.394  2245  2261 D DroidFlux:Dispatcher: An action of type [APP_STATE_LOAD] was dispatched, but no reducer handled it
11-24 13:39:41.394  2245  2261 I DroidFlux:Dispatcher: [COMPLETED] dispatch of action [APP_STATE_LOAD]
11-24 13:39:41.401  2245  2245 D LifecycleMonitor: Lifecycle status change: br.com.catbag.gifreduxsample.ui.GifListActivity@ee723ac in: STARTED
11-24 13:39:41.403  2245  2245 D LifecycleMonitor: Lifecycle status change: br.com.catbag.gifreduxsample.ui.GifListActivity@ee723ac in: RESUMED
11-24 13:39:41.479  1237  1258 I WindowManager: Destroying surface Surface(name=Starting br.com.catbag.gifreduxsample) called by com.android.server.wm.WindowStateAnimator.destroySurface:2014 com.android.server.wm.WindowStateAnimator.destroySurfaceLocked:881 com.android.server.wm.WindowState.removeLocked:1449 com.android.server.wm.WindowManagerService.removeWindowInnerLocked:2478 com.android.server.wm.AppWindowToken.destroySurfaces:365 com.android.server.wm.WindowStateAnimator.finishExit:565 com.android.server.wm.WindowStateAnimator.stepAnimationLocked:491 com.android.server.wm.WindowAnimator.updateWindowsLocked:303 
11-24 13:39:41.742  1237  1258 I ActivityManager: Displayed br.com.catbag.gifreduxsample/.ui.GifListActivity: +421ms (total +1s288ms)
11-24 13:39:41.931  2245  2245 I ViewInteraction: Performing 'single click' action on view with id: br.com.catbag.gifreduxsample:id/gif_image
11-24 13:39:41.979  1237  1258 I WindowManager: Destroying surface Surface(name=Starting br.com.catbag.gifreduxsample) called by com.android.server.wm.WindowStateAnimator.destroySurface:2014 com.android.server.wm.WindowStateAnimator.destroySurfaceLocked:881 com.android.server.wm.WindowState.destroyOrSaveSurface:2073 com.android.server.wm.AppWindowToken.destroySurfaces:363 com.android.server.wm.WindowStateAnimator.finishExit:565 com.android.server.wm.WindowStateAnimator.stepAnimationLocked:491 com.android.server.wm.WindowAnimator.updateWindowsLocked:303 com.android.server.wm.WindowAnimator.animateLocked:704 
11-24 13:39:42.164  2245  2261 I DroidFlux:Dispatcher: [STARTED] dispatch of action [GIF_PAUSE]
11-24 13:39:42.189  2245  2261 I DroidFlux:Dispatcher: [COMPLETED] dispatch of action [GIF_PAUSE]
11-24 13:39:42.228   984  1038 D AudioFlinger: mixer(0xb0f83e80) throttle end: throttle time(9)
11-24 13:39:42.255   984  1038 D AudioFlinger: mixer(0xb0f83e80) throttle end: throttle time(11)
11-24 13:39:42.346  2245  2245 D LifecycleMonitor: Lifecycle status change: br.com.catbag.gifreduxsample.ui.GifListActivity@9be7823 in: STOPPED
11-24 13:39:42.347  2245  2245 D LifecycleMonitor: Lifecycle status change: br.com.catbag.gifreduxsample.ui.GifListActivity@9be7823 in: DESTROYED
11-24 13:39:42.361  1237  1249 I WindowManager: Destroying surface Surface(name=br.com.catbag.gifreduxsample/br.com.catbag.gifreduxsample.ui.GifListActivity) called by com.android.server.wm.WindowStateAnimator.destroySurface:2014 com.android.server.wm.WindowStateAnimator.destroySurfaceLocked:881 com.android.server.wm.WindowState.removeLocked:1449 com.android.server.wm.WindowManagerService.removeWindowInnerLocked:2478 com.android.server.wm.WindowManagerService.removeWindowLocked:2436 com.android.server.wm.WindowManagerService.removeWindowLocked:2305 com.android.server.wm.WindowManagerService.removeWindow:2300 com.android.server.wm.Session.remove:193 
11-24 13:39:42.380  1237  1535 I WindowManager: Destroying surface Surface(name=com.android.launcher3/com.android.launcher3.Launcher) called by com.android.server.wm.WindowStateAnimator.destroySurface:2014 com.android.server.wm.WindowStateAnimator.destroySurfaceLocked:881 com.android.server.wm.WindowState.destroyOrSaveSurface:2073 com.android.server.wm.AppWindowToken.destroySurfaces:363 com.android.server.wm.AppWindowToken.notifyAppStopped:389 com.android.server.wm.WindowManagerService.notifyAppStopped:4456 com.android.server.am.ActivityStack.activityStoppedLocked:1252 com.android.server.am.ActivityManagerService.activityStopped:6873 
11-24 13:39:42.420  2245  2245 D LifecycleMonitor: Lifecycle status change: br.com.catbag.gifreduxsample.ui.GifListActivity@81b26a8 in: STOPPED
11-24 13:39:42.420  2245  2245 D LifecycleMonitor: Lifecycle status change: br.com.catbag.gifreduxsample.ui.GifListActivity@81b26a8 in: DESTROYED
11-24 13:39:42.428  1237  1430 I WindowManager: Destroying surface Surface(name=br.com.catbag.gifreduxsample/br.com.catbag.gifreduxsample.ui.GifListActivity) called by com.android.server.wm.WindowStateAnimator.destroySurface:2014 com.android.server.wm.WindowStateAnimator.destroySurfaceLocked:881 com.android.server.wm.WindowState.removeLocked:1449 com.android.server.wm.WindowManagerService.removeWindowInnerLocked:2478 com.android.server.wm.WindowManagerService.removeWindowLocked:2436 com.android.server.wm.WindowManagerService.removeWindowLocked:2305 com.android.server.wm.WindowManagerService.removeWindow:2300 com.android.server.wm.Session.remove:193 
11-24 13:39:42.443  2245  2245 D LifecycleMonitor: Lifecycle status change: br.com.catbag.gifreduxsample.ui.GifListActivity@67dc565 in: STOPPED
11-24 13:39:42.443  2245  2245 D LifecycleMonitor: Lifecycle status change: br.com.catbag.gifreduxsample.ui.GifListActivity@67dc565 in: DESTROYED
11-24 13:39:42.447  1237  1431 I WindowManager: Destroying surface Surface(name=br.com.catbag.gifreduxsample/br.com.catbag.gifreduxsample.ui.GifListActivity) called by com.android.server.wm.WindowStateAnimator.destroySurface:2014 com.android.server.wm.WindowStateAnimator.destroySurfaceLocked:881 com.android.server.wm.WindowState.removeLocked:1449 com.android.server.wm.WindowManagerService.removeWindowInnerLocked:2478 com.android.server.wm.WindowManagerService.removeWindowLocked:2436 com.android.server.wm.WindowManagerService.removeWindowLocked:2305 com.android.server.wm.WindowManagerService.removeWindow:2300 com.android.server.wm.Session.remove:193 
11-24 13:39:42.454  2245  2245 D LifecycleMonitor: Lifecycle status change: br.com.catbag.gifreduxsample.ui.GifListActivity@8866a41 in: STOPPED
11-24 13:39:42.454  2245  2245 D LifecycleMonitor: Lifecycle status change: br.com.catbag.gifreduxsample.ui.GifListActivity@8866a41 in: DESTROYED
11-24 13:39:42.483  1237  1249 I WindowManager: Destroying surface Surface(name=br.com.catbag.gifreduxsample/br.com.catbag.gifreduxsample.ui.GifListActivity) called by com.android.server.wm.WindowStateAnimator.destroySurface:2014 com.android.server.wm.WindowStateAnimator.destroySurfaceLocked:881 com.android.server.wm.WindowState.removeLocked:1449 com.android.server.wm.WindowManagerService.removeWindowInnerLocked:2478 com.android.server.wm.WindowManagerService.removeWindowLocked:2436 com.android.server.wm.WindowManagerService.removeWindowLocked:2305 com.android.server.wm.WindowManagerService.removeWindow:2300 com.android.server.wm.Session.remove:193 
11-24 13:39:42.881  2245  2245 D LifecycleMonitor: Lifecycle status change: br.com.catbag.gifreduxsample.ui.GifListActivity@ee723ac in: PAUSED
11-24 13:39:42.906  2245  2260 I TestRunner: finished: whenPauseGifTest(br.com.catbag.gifreduxsample.ui.giflist.GifListActivityTest)
11-24 13:39:42.968   977   977 D gralloc : Registering a buffer in the process that created it. This may cause memory ordering problems.
11-24 13:39:42.968   977   977 E libEGL  : called unimplemented OpenGL ES API
11-24 13:39:42.969   977   977 E SurfaceFlinger: glCheckFramebufferStatusOES error 103200334
11-24 13:39:42.969   977   977 E SurfaceFlinger: got GL_FRAMEBUFFER_COMPLETE_OES error while taking screenshot
11-24 13:39:42.978  1237  1353 W WindowManager: Screenshot failure taking screenshot for (480x800) to layer 21005
11-24 13:39:42.992  2245  2245 I MonitoringInstrumentation: Activities that are still in CREATED to STOPPED: 1
11-24 13:39:42.994  2245  2260 I TestRunner: started: whenLoadMultipleGifsOnAppStateTest(br.com.catbag.gifreduxsample.ui.giflist.GifListActivityTest)
11-24 13:39:43.000  2245  2245 I MonitoringInstrumentation: Activities that are still in CREATED to STOPPED: 1
11-24 13:39:43.108  2245  2261 I DroidFlux:Dispatcher: [STARTED] dispatch of action [FAKE_REDUCE_ACTION]
11-24 13:39:43.109  2245  2261 I DroidFlux:Dispatcher: [COMPLETED] dispatch of action [FAKE_REDUCE_ACTION]
11-24 13:39:43.112  2245  2302 D ActivityTestRule: Launching activity br.com.catbag.gifreduxsample.ui.GifListActivity
11-24 13:39:43.129  2245  2303 D MonitoringInstrumentation: execStartActivity(context, ibinder, ibinder, activity, intent, int, bundle
11-24 13:39:43.133  1237  1649 I ActivityManager: START u0 {flg=0x10000000 cmp=br.com.catbag.gifreduxsample/.ui.GifListActivity} from uid 10060 on display 0
11-24 13:39:43.202  1700  1700 I Choreographer: Skipped 33 frames!  The application may be doing too much work on its main thread.
11-24 13:39:43.349  2245  2245 D LifecycleMonitor: Lifecycle status change: br.com.catbag.gifreduxsample.ui.GifListActivity@a9d440e in: PRE_ON_CREATE
11-24 13:39:43.421  2245  2245 D LifecycleMonitor: Lifecycle status change: br.com.catbag.gifreduxsample.ui.GifListActivity@a9d440e in: CREATED
11-24 13:39:43.421  2245  2245 D LifecycleMonitor: Lifecycle status change: br.com.catbag.gifreduxsample.ui.GifListActivity@a9d440e in: STARTED
11-24 13:39:43.423  2245  2261 I DroidFlux:Dispatcher: [STARTED] dispatch of action [APP_STATE_LOAD]
11-24 13:39:43.423  2245  2261 D DroidFlux:Dispatcher: An action of type [APP_STATE_LOAD] was dispatched, but no reducer handled it
11-24 13:39:43.423  2245  2261 I DroidFlux:Dispatcher: [COMPLETED] dispatch of action [APP_STATE_LOAD]
11-24 13:39:43.424  2245  2245 D LifecycleMonitor: Lifecycle status change: br.com.catbag.gifreduxsample.ui.GifListActivity@a9d440e in: RESUMED
11-24 13:39:43.617  2245  2250 I art     : Do partial code cache collection, code=120KB, data=122KB
11-24 13:39:43.617  2245  2250 I art     : After code cache collection, code=119KB, data=121KB
11-24 13:39:43.617  2245  2250 I art     : Increasing code cache capacity to 512KB
11-24 13:39:43.644  2245  2256 I art     : Background partial concurrent mark sweep GC freed 14033(719KB) AllocSpace objects, 3(308KB) LOS objects, 26% free, 11MB/15MB, paused 6.645ms total 256.669ms
11-24 13:39:43.828  1237  1258 I ActivityManager: Displayed br.com.catbag.gifreduxsample/.ui.GifListActivity: +562ms
11-24 13:39:43.907  2245  2245 W ResourceType: No package identifier when getting name for resource number 0x000000f5
11-24 13:39:43.907  2245  2245 I ViewInteraction: Performing 'scroll RecyclerView to position: 2' action on view with id: 245 (resource name not found)
11-24 13:39:44.038  1237  1258 I WindowManager: Destroying surface Surface(name=Starting br.com.catbag.gifreduxsample) called by com.android.server.wm.WindowStateAnimator.destroySurface:2014 com.android.server.wm.WindowStateAnimator.destroySurfaceLocked:881 com.android.server.wm.WindowState.destroyOrSaveSurface:2073 com.android.server.wm.AppWindowToken.destroySurfaces:363 com.android.server.wm.WindowStateAnimator.finishExit:565 com.android.server.wm.WindowStateAnimator.stepAnimationLocked:491 com.android.server.wm.WindowAnimator.updateWindowsLocked:303 com.android.server.wm.WindowAnimator.animateLocked:704 
11-24 13:39:44.114  2245  2245 D LifecycleMonitor: Lifecycle status change: br.com.catbag.gifreduxsample.ui.GifListActivity@ee723ac in: STOPPED
11-24 13:39:44.131  1237  1430 I WindowManager: Destroying surface Surface(name=com.android.launcher3/com.android.launcher3.Launcher) called by com.android.server.wm.WindowStateAnimator.destroySurface:2014 com.android.server.wm.WindowStateAnimator.destroySurfaceLocked:881 com.android.server.wm.WindowState.destroyOrSaveSurface:2073 com.android.server.wm.AppWindowToken.destroySurfaces:363 com.android.server.wm.AppWindowToken.notifyAppStopped:389 com.android.server.wm.WindowManagerService.notifyAppStopped:4456 com.android.server.am.ActivityStack.activityStoppedLocked:1252 com.android.server.am.ActivityManagerService.activityStopped:6873 
11-24 13:39:44.153  2245  2245 D LifecycleMonitor: Lifecycle status change: br.com.catbag.gifreduxsample.ui.GifListActivity@ee723ac in: DESTROYED
11-24 13:39:44.162  1237  1649 I WindowManager: Destroying surface Surface(name=br.com.catbag.gifreduxsample/br.com.catbag.gifreduxsample.ui.GifListActivity) called by com.android.server.wm.WindowStateAnimator.destroySurface:2014 com.android.server.wm.WindowStateAnimator.destroySurfaceLocked:881 com.android.server.wm.WindowState.removeLocked:1449 com.android.server.wm.WindowManagerService.removeWindowInnerLocked:2478 com.android.server.wm.WindowManagerService.removeWindowLocked:2436 com.android.server.wm.WindowManagerService.removeWindowLocked:2305 com.android.server.wm.WindowManagerService.removeWindow:2300 com.android.server.wm.Session.remove:193 
11-24 13:39:44.240  2245  2245 W ResourceType: No package identifier when getting name for resource number 0x000000f5
11-24 13:39:44.258  2245  2245 W ResourceType: No package identifier when getting name for resource number 0x000000fc
11-24 13:39:44.258  2245  2245 I ViewInteraction: Performing 'scroll RecyclerView to position: 3' action on view with id: 252 (resource name not found)
11-24 13:39:44.568  2245  2245 W ResourceType: No package identifier when getting name for resource number 0x000000fc
11-24 13:39:44.594  2245  2245 W ResourceType: No package identifier when getting name for resource number 0x00000103
11-24 13:39:44.594  2245  2245 I ViewInteraction: Performing 'scroll RecyclerView to position: 4' action on view with id: 259 (resource name not found)
11-24 13:39:44.911  2245  2245 W ResourceType: No package identifier when getting name for resource number 0x00000103
11-24 13:39:44.931  2245  2245 W ResourceType: No package identifier when getting name for resource number 0x0000010a
11-24 13:39:44.932  2245  2245 I ViewInteraction: Performing 'scroll RecyclerView to position: 5' action on view with id: 266 (resource name not found)
11-24 13:39:45.219  2245  2245 W ResourceType: No package identifier when getting name for resource number 0x0000010a
11-24 13:39:45.233  2245  2245 W ResourceType: No package identifier when getting name for resource number 0x00000111
11-24 13:39:45.233  2245  2245 I ViewInteraction: Performing 'scroll RecyclerView to position: 6' action on view with id: 273 (resource name not found)
11-24 13:39:45.533  2245  2245 W ResourceType: No package identifier when getting name for resource number 0x00000111
11-24 13:39:45.554  2245  2245 W ResourceType: No package identifier when getting name for resource number 0x00000118
11-24 13:39:45.554  2245  2245 I ViewInteraction: Performing 'scroll RecyclerView to position: 7' action on view with id: 280 (resource name not found)
11-24 13:39:45.653  2245  2256 I art     : Background sticky concurrent mark sweep GC freed 18447(1711KB) AllocSpace objects, 15(320KB) LOS objects, 12% free, 13MB/15MB, paused 9.365ms total 64.937ms
11-24 13:39:45.856  2245  2245 W ResourceType: No package identifier when getting name for resource number 0x00000118
11-24 13:39:45.880  2245  2245 W ResourceType: No package identifier when getting name for resource number 0x0000011f
11-24 13:39:45.881  2245  2245 I ViewInteraction: Performing 'scroll RecyclerView to position: 8' action on view with id: 287 (resource name not found)
11-24 13:39:46.198  2245  2245 W ResourceType: No package identifier when getting name for resource number 0x0000011f
11-24 13:39:46.230  2245  2245 W ResourceType: No package identifier when getting name for resource number 0x00000126
11-24 13:39:46.230  2245  2245 I ViewInteraction: Performing 'scroll RecyclerView to position: 9' action on view with id: 294 (resource name not found)
11-24 13:39:46.539  2245  2245 W ResourceType: No package identifier when getting name for resource number 0x00000126
11-24 13:39:46.603  2245  2260 I TestRunner: finished: whenLoadMultipleGifsOnAppStateTest(br.com.catbag.gifreduxsample.ui.giflist.GifListActivityTest)
11-24 13:39:46.646  2245  2245 D LifecycleMonitor: Lifecycle status change: br.com.catbag.gifreduxsample.ui.GifListActivity@a9d440e in: PAUSED
11-24 13:39:46.710   977   977 D gralloc : Registering a buffer in the process that created it. This may cause memory ordering problems.
11-24 13:39:46.710   977   977 E libEGL  : called unimplemented OpenGL ES API
11-24 13:39:46.710   977   977 E SurfaceFlinger: glCheckFramebufferStatusOES error 103200334
11-24 13:39:46.711   977   977 E SurfaceFlinger: got GL_FRAMEBUFFER_COMPLETE_OES error while taking screenshot
11-24 13:39:46.712  1237  1431 W WindowManager: Screenshot failure taking screenshot for (480x800) to layer 21005
11-24 13:39:46.723  2245  2245 I MonitoringInstrumentation: Activities that are still in CREATED to STOPPED: 1
11-24 13:39:46.727  2245  2260 I TestRunner: run finished: 15 tests, 0 failed, 0 ignored
11-24 13:39:46.962  2245  2256 I art     : Background sticky concurrent mark sweep GC freed 11391(1185KB) AllocSpace objects, 10(212KB) LOS objects, 8% free, 13MB/15MB, paused 48.522ms total 222.757ms
11-24 13:39:47.066  1237  1321 E TaskPersister: File error accessing recents directory (directory doesn't exist?).
11-24 13:39:47.130  2245  2260 I MonitoringInstrumentation: Unstopped activity count: 1
11-24 13:39:47.135  2245  2245 I MonitoringInstrumentation: Activities that are still in CREATED to STOPPED: 1
11-24 13:39:47.195  2245  2260 I MonitoringInstrumentation: Unstopped activity count: 1
11-24 13:39:47.213  2245  2245 D LifecycleMonitor: Lifecycle status change: br.com.catbag.gifreduxsample.ui.GifListActivity@a9d440e in: STOPPED
11-24 13:39:47.214  2245  2245 D LifecycleMonitor: Lifecycle status change: br.com.catbag.gifreduxsample.ui.GifListActivity@a9d440e in: DESTROYED
11-24 13:39:47.256  2245  2260 I MonitoringInstrumentation: waitForActivitiesToComplete() took: 127ms
11-24 13:39:47.262  1237  1353 I ActivityManager: Force stopping br.com.catbag.gifreduxsample appid=10060 user=0: finished inst
11-24 13:39:47.263  1237  1353 I ActivityManager: Killing 2245:br.com.catbag.gifreduxsample/u0a60 (adj 0): stop br.com.catbag.gifreduxsample
11-24 13:39:47.284  1237  1649 I WindowManager: WIN DEATH: Window{f0a01e2 u0 br.com.catbag.gifreduxsample/br.com.catbag.gifreduxsample.ui.GifListActivity EXITING}
11-24 13:39:47.298  2234  2234 D AndroidRuntime: Shutting down VM
11-24 13:39:47.396  1237  1258 I WindowManager: Destroying surface Surface(name=br.com.catbag.gifreduxsample/br.com.catbag.gifreduxsample.ui.GifListActivity) called by com.android.server.wm.WindowStateAnimator.destroySurface:2014 com.android.server.wm.WindowStateAnimator.destroySurfaceLocked:881 com.android.server.wm.WindowState.removeLocked:1449 com.android.server.wm.WindowManagerService.removeWindowInnerLocked:2478 com.android.server.wm.AppWindowToken.destroySurfaces:365 com.android.server.wm.WindowStateAnimator.finishExit:565 com.android.server.wm.WindowStateAnimator.stepAnimationLocked:491 com.android.server.wm.WindowAnimator.updateWindowsLocked:303 
11-24 13:39:47.986  2314  2314 D AndroidRuntime: >>>>>> START com.android.internal.os.RuntimeInit uid 2000 <<<<<<
11-24 13:39:47.989  2314  2314 D AndroidRuntime: CheckJNI is ON
11-24 13:39:48.051  2314  2314 W art     : Unexpected CPU variant for X86 using defaults: x86
11-24 13:39:48.062  2314  2314 D ICU     : No timezone override file found: /data/misc/zoneinfo/current/icu/icu_tzdata.dat
11-24 13:39:48.098  2314  2314 E memtrack: Couldn't load memtrack module (No such file or directory)
11-24 13:39:48.098  2314  2314 E android.os.Debug: failed to load memtrack module: -2
11-24 13:39:48.099  2314  2314 I Radio-JNI: register_android_hardware_Radio DONE
11-24 13:39:48.130  2314  2314 D AndroidRuntime: Calling main entry com.android.commands.pm.Pm
11-24 13:39:48.168  1237  1251 I ActivityManager: Force stopping br.com.catbag.gifreduxsample.test appid=10061 user=-1: deletePackageX
11-24 13:39:48.350  1237  1263 I art     : Starting a blocking GC Explicit
11-24 13:39:48.423  1237  1263 I art     : Explicit concurrent mark sweep GC freed 27203(1705KB) AllocSpace objects, 5(100KB) LOS objects, 33% free, 7MB/10MB, paused 5.600ms total 68.230ms
11-24 13:39:48.458  1237  1263 I ActivityManager: Force stopping br.com.catbag.gifreduxsample.test appid=10061 user=0: pkg removed
11-24 13:39:48.641  2314  2314 I art     : System.exit called, status: 0
11-24 13:39:48.641  2314  2314 I AndroidRuntime: VM exiting with result code 0.
11-24 13:39:48.791  1237  1237 W art     : Long monitor contention with owner ActivityManager (1251) at void com.android.server.am.BroadcastQueue.processNextBroadcast(boolean)(BroadcastQueue.java:754) waiters=0 in boolean com.android.server.am.ActivityManagerService.isUserRunning(int, int) for 166ms
11-24 13:39:48.798  1237  1277 I InputReader: Reconfiguring input devices.  changes=0x00000010
11-24 13:39:48.803  1237  1263 E KernelUidCpuTimeReader: failed to remove uid from uid_cputime module
11-24 13:39:48.803  1237  1263 E KernelUidCpuTimeReader: java.io.FileNotFoundException: /proc/uid_cputime/remove_uid_range (No such file or directory)
11-24 13:39:48.803  1237  1263 E KernelUidCpuTimeReader: 	at java.io.FileOutputStream.open(Native Method)
11-24 13:39:48.803  1237  1263 E KernelUidCpuTimeReader: 	at java.io.FileOutputStream.<init>(FileOutputStream.java:221)
11-24 13:39:48.803  1237  1263 E KernelUidCpuTimeReader: 	at java.io.FileOutputStream.<init>(FileOutputStream.java:108)
11-24 13:39:48.803  1237  1263 E KernelUidCpuTimeReader: 	at java.io.FileWriter.<init>(FileWriter.java:63)
11-24 13:39:48.803  1237  1263 E KernelUidCpuTimeReader: 	at com.android.internal.os.KernelUidCpuTimeReader.removeUid(KernelUidCpuTimeReader.java:158)
11-24 13:39:48.803  1237  1263 E KernelUidCpuTimeReader: 	at com.android.internal.os.BatteryStatsImpl.removeUidStatsLocked(BatteryStatsImpl.java:9805)
11-24 13:39:48.803  1237  1263 E KernelUidCpuTimeReader: 	at com.android.server.am.BatteryStatsService.removeUid(BatteryStatsService.java:291)
11-24 13:39:48.803  1237  1263 E KernelUidCpuTimeReader: 	at com.android.server.am.ActivityManagerService.broadcastIntentLocked(ActivityManagerService.java:17767)
11-24 13:39:48.803  1237  1263 E KernelUidCpuTimeReader: 	at com.android.server.am.ActivityManagerService.broadcastIntent(ActivityManagerService.java:18256)
11-24 13:39:48.803  1237  1263 E KernelUidCpuTimeReader: 	at com.android.server.pm.PackageManagerService$8.run(PackageManagerService.java:11407)
11-24 13:39:48.803  1237  1263 E KernelUidCpuTimeReader: 	at android.os.Handler.handleCallback(Handler.java:751)
11-24 13:39:48.803  1237  1263 E KernelUidCpuTimeReader: 	at android.os.Handler.dispatchMessage(Handler.java:95)
11-24 13:39:48.803  1237  1263 E KernelUidCpuTimeReader: 	at android.os.Looper.loop(Looper.java:154)
11-24 13:39:48.803  1237  1263 E KernelUidCpuTimeReader: 	at android.os.HandlerThread.run(HandlerThread.java:61)
11-24 13:39:48.803  1237  1263 E KernelUidCpuTimeReader: 	at com.android.server.ServiceThread.run(ServiceThread.java:46)
11-24 13:39:48.968  1447  1447 D CarrierSvcBindHelper: No carrier app for: 0
11-24 13:39:49.265  1237  1250 W LocationProviderProxy-network: Odd, no component found for service com.android.location.service.v3.NetworkLocationProvider
11-24 13:39:49.269  1237  1250 W GeocoderProxy: Odd, no component found for service com.android.location.service.GeocodeProvider
11-24 13:39:49.269  1237  1250 W GeofenceProxy: Odd, no component found for service com.android.location.service.GeofenceProvider
11-24 13:39:49.269  1237  1250 W ActivityRecognitionProxy: Odd, no component found for service com.android.location.service.ActivityRecognitionProvider
11-24 13:39:49.679  2328  2328 D AndroidRuntime: >>>>>> START com.android.internal.os.RuntimeInit uid 2000 <<<<<<
11-24 13:39:49.682  2328  2328 D AndroidRuntime: CheckJNI is ON
11-24 13:39:49.731  2328  2328 W art     : Unexpected CPU variant for X86 using defaults: x86
11-24 13:39:49.736  2328  2328 D ICU     : No timezone override file found: /data/misc/zoneinfo/current/icu/icu_tzdata.dat
11-24 13:39:49.759  2328  2328 E memtrack: Couldn't load memtrack module (No such file or directory)
11-24 13:39:49.759  2328  2328 E android.os.Debug: failed to load memtrack module: -2
11-24 13:39:49.761  2328  2328 I Radio-JNI: register_android_hardware_Radio DONE
11-24 13:39:49.779  2328  2328 D AndroidRuntime: Calling main entry com.android.commands.pm.Pm
11-24 13:39:49.796  1237  1251 I ActivityManager: Force stopping br.com.catbag.gifreduxsample appid=10060 user=-1: deletePackageX
11-24 13:39:49.936  1237  1263 I art     : Starting a blocking GC Explicit
11-24 13:39:49.993  1237  1263 I art     : Explicit concurrent mark sweep GC freed 29933(1549KB) AllocSpace objects, 7(140KB) LOS objects, 33% free, 6MB/10MB, paused 7.350ms total 53.744ms
11-24 13:39:50.014  2328  2328 I art     : System.exit called, status: 0
11-24 13:39:50.014  2328  2328 I AndroidRuntime: VM exiting with result code 0.
11-24 13:39:50.281  1237  1321 E TaskPersister: File error accessing recents directory (directory doesn't exist?).
11-24 13:39:50.398  1237  1263 I ActivityManager: Force stopping br.com.catbag.gifreduxsample appid=10060 user=0: pkg removed
11-24 13:39:50.500  1237  1277 I InputReader: Reconfiguring input devices.  changes=0x00000010
11-24 13:39:50.561  1237  1263 E KernelUidCpuTimeReader: failed to remove uid from uid_cputime module
11-24 13:39:50.561  1237  1263 E KernelUidCpuTimeReader: java.io.FileNotFoundException: /proc/uid_cputime/remove_uid_range (No such file or directory)
11-24 13:39:50.561  1237  1263 E KernelUidCpuTimeReader: 	at java.io.FileOutputStream.open(Native Method)
11-24 13:39:50.561  1237  1263 E KernelUidCpuTimeReader: 	at java.io.FileOutputStream.<init>(FileOutputStream.java:221)
11-24 13:39:50.561  1237  1263 E KernelUidCpuTimeReader: 	at java.io.FileOutputStream.<init>(FileOutputStream.java:108)
11-24 13:39:50.561  1237  1263 E KernelUidCpuTimeReader: 	at java.io.FileWriter.<init>(FileWriter.java:63)
11-24 13:39:50.561  1237  1263 E KernelUidCpuTimeReader: 	at com.android.internal.os.KernelUidCpuTimeReader.removeUid(KernelUidCpuTimeReader.java:158)
11-24 13:39:50.561  1237  1263 E KernelUidCpuTimeReader: 	at com.android.internal.os.BatteryStatsImpl.removeUidStatsLocked(BatteryStatsImpl.java:9805)
11-24 13:39:50.561  1237  1263 E KernelUidCpuTimeReader: 	at com.android.server.am.BatteryStatsService.removeUid(BatteryStatsService.java:291)
11-24 13:39:50.561  1237  1263 E KernelUidCpuTimeReader: 	at com.android.server.am.ActivityManagerService.broadcastIntentLocked(ActivityManagerService.java:17767)
11-24 13:39:50.561  1237  1263 E KernelUidCpuTimeReader: 	at com.android.server.am.ActivityManagerService.broadcastIntent(ActivityManagerService.java:18256)
11-24 13:39:50.561  1237  1263 E KernelUidCpuTimeReader: 	at com.android.server.pm.PackageManagerService$8.run(PackageManagerService.java:11407)
11-24 13:39:50.561  1237  1263 E KernelUidCpuTimeReader: 	at android.os.Handler.handleCallback(Handler.java:751)
11-24 13:39:50.561  1237  1263 E KernelUidCpuTimeReader: 	at android.os.Handler.dispatchMessage(Handler.java:95)
11-24 13:39:50.561  1237  1263 E KernelUidCpuTimeReader: 	at android.os.Looper.loop(Looper.java:154)
11-24 13:39:50.561  1237  1263 E KernelUidCpuTimeReader: 	at android.os.HandlerThread.run(HandlerThread.java:61)
11-24 13:39:50.561  1237  1263 E KernelUidCpuTimeReader: 	at com.android.server.ServiceThread.run(ServiceThread.java:46)
